[2020-01-13T13:37:47.403+0000][1][gc] Using Concurrent Mark Sweep
[2020-01-13T13:37:47.403+0000][1][gc,heap,coops] Heap address: 0x00000000f0000000, size: 256 MB, Compressed Oops mode: 32-bit
[2020-01-13T13:37:47.485+0000][1][safepoint    ] Entering safepoint region: EnableBiasedLocking
[2020-01-13T13:37:47.485+0000][1][safepoint    ] Leaving safepoint region
[2020-01-13T13:37:47.485+0000][1][safepoint    ] Total time for which application threads were stopped: 0.0021650 seconds, Stopping threads took: 0.0020700 seconds
[2020-01-13T13:37:47.495+0000][1][safepoint    ] Application time: 0.0093906 seconds
[2020-01-13T13:37:47.495+0000][1][safepoint    ] Entering safepoint region: RevokeBias
[2020-01-13T13:37:47.495+0000][1][safepoint    ] Leaving safepoint region
[2020-01-13T13:37:47.495+0000][1][safepoint    ] Total time for which application threads were stopped: 0.0001217 seconds, Stopping threads took: 0.0000448 seconds
[2020-01-13T13:37:47.522+0000][1][safepoint    ] Application time: 0.0271211 seconds
[2020-01-13T13:37:47.522+0000][1][safepoint    ] Entering safepoint region: Deoptimize
[2020-01-13T13:37:47.523+0000][1][safepoint    ] Leaving safepoint region
[2020-01-13T13:37:47.523+0000][1][safepoint    ] Total time for which application threads were stopped: 0.0000830 seconds, Stopping threads took: 0.0000214 seconds
[2020-01-13T13:37:47.755+0000][1][safepoint    ] Application time: 0.2321031 seconds
[2020-01-13T13:37:47.756+0000][1][safepoint    ] Entering safepoint region: Deoptimize
[2020-01-13T13:37:47.756+0000][1][safepoint    ] Leaving safepoint region
[2020-01-13T13:37:47.756+0000][1][safepoint    ] Total time for which application threads were stopped: 0.0010913 seconds, Stopping threads took: 0.0009701 seconds
[2020-01-13T13:37:48.756+0000][1][safepoint    ] Application time: 1.0000932 seconds
[2020-01-13T13:37:48.756+0000][1][safepoint    ] Entering safepoint region: Cleanup
[2020-01-13T13:37:48.756+0000][1][safepoint    ] Leaving safepoint region
[2020-01-13T13:37:48.756+0000][1][safepoint    ] Total time for which application threads were stopped: 0.0001839 seconds, Stopping threads took: 0.0000277 seconds
[2020-01-13T13:37:48.805+0000][1][safepoint    ] Application time: 0.0486737 seconds
[2020-01-13T13:37:48.805+0000][1][safepoint    ] Entering safepoint region: Deoptimize
[2020-01-13T13:37:48.805+0000][1][safepoint    ] Leaving safepoint region
[2020-01-13T13:37:48.805+0000][1][safepoint    ] Total time for which application threads were stopped: 0.0002953 seconds, Stopping threads took: 0.0000232 seconds
[2020-01-13T13:37:49.061+0000][1][safepoint    ] Application time: 0.2560154 seconds
[2020-01-13T13:37:49.064+0000][1][safepoint    ] Entering safepoint region: RevokeBias
[2020-01-13T13:37:49.065+0000][1][safepoint    ] Leaving safepoint region
[2020-01-13T13:37:49.065+0000][1][safepoint    ] Total time for which application threads were stopped: 0.0033745 seconds, Stopping threads took: 0.0031845 seconds
[2020-01-13T13:37:49.219+0000][1][gc,heap,exit ] Heap
[2020-01-13T13:37:49.219+0000][1][gc,heap,exit ]  par new generation   total 76672K, used 41798K [0x00000000f0000000, 0x00000000f5330000, 0x00000000f5330000)
[2020-01-13T13:37:49.219+0000][1][gc,heap,exit ]   eden space 68160K,  61% used [0x00000000f0000000, 0x00000000f28d1b38, 0x00000000f4290000)
[2020-01-13T13:37:49.219+0000][1][gc,heap,exit ]   from space 8512K,   0% used [0x00000000f4290000, 0x00000000f4290000, 0x00000000f4ae0000)
[2020-01-13T13:37:49.219+0000][1][gc,heap,exit ]   to   space 8512K,   0% used [0x00000000f4ae0000, 0x00000000f4ae0000, 0x00000000f5330000)
[2020-01-13T13:37:49.219+0000][1][gc,heap,exit ]  concurrent mark-sweep generation total 176960K, used 0K [0x00000000f5330000, 0x0000000100000000, 0x0000000100000000)
[2020-01-13T13:37:49.219+0000][1][gc,heap,exit ]  Metaspace       used 8960K, capacity 10550K, committed 10752K, reserved 1058816K
[2020-01-13T13:37:49.219+0000][1][gc,heap,exit ]   class space    used 1191K, capacity 1454K, committed 1536K, reserved 1048576K
[2020-01-13T13:37:49.220+0000][1][safepoint    ] Application time: 0.1551780 seconds
[2020-01-13T13:37:49.220+0000][1][safepoint    ] Entering safepoint region: Halt
