[2020-01-13T14:12:34.320+0000][1][gc] Using Concurrent Mark Sweep
[2020-01-13T14:12:34.320+0000][1][gc,heap,coops] Heap address: 0x00000000f0000000, size: 256 MB, Compressed Oops mode: 32-bit
[2020-01-13T14:12:34.398+0000][1][safepoint    ] Entering safepoint region: EnableBiasedLocking
[2020-01-13T14:12:34.398+0000][1][safepoint    ] Leaving safepoint region
[2020-01-13T14:12:34.398+0000][1][safepoint    ] Total time for which application threads were stopped: 0.0021886 seconds, Stopping threads took: 0.0020933 seconds
[2020-01-13T14:12:34.407+0000][1][safepoint    ] Application time: 0.0089657 seconds
[2020-01-13T14:12:34.407+0000][1][safepoint    ] Entering safepoint region: RevokeBias
[2020-01-13T14:12:34.407+0000][1][safepoint    ] Leaving safepoint region
[2020-01-13T14:12:34.407+0000][1][safepoint    ] Total time for which application threads were stopped: 0.0001758 seconds, Stopping threads took: 0.0001084 seconds
[2020-01-13T14:12:34.434+0000][1][safepoint    ] Application time: 0.0265496 seconds
[2020-01-13T14:12:34.434+0000][1][safepoint    ] Entering safepoint region: Deoptimize
[2020-01-13T14:12:34.434+0000][1][safepoint    ] Leaving safepoint region
[2020-01-13T14:12:34.434+0000][1][safepoint    ] Total time for which application threads were stopped: 0.0000763 seconds, Stopping threads took: 0.0000217 seconds
[2020-01-13T14:12:34.596+0000][1][safepoint    ] Application time: 0.1619026 seconds
[2020-01-13T14:12:34.596+0000][1][safepoint    ] Entering safepoint region: RevokeBias
[2020-01-13T14:12:34.596+0000][1][safepoint    ] Leaving safepoint region
[2020-01-13T14:12:34.596+0000][1][safepoint    ] Total time for which application threads were stopped: 0.0001324 seconds, Stopping threads took: 0.0000443 seconds
[2020-01-13T14:12:34.607+0000][1][safepoint    ] Application time: 0.0105522 seconds
[2020-01-13T14:12:34.607+0000][1][safepoint    ] Entering safepoint region: RevokeBias
[2020-01-13T14:12:34.607+0000][1][safepoint    ] Leaving safepoint region
[2020-01-13T14:12:34.607+0000][1][safepoint    ] Total time for which application threads were stopped: 0.0000730 seconds, Stopping threads took: 0.0000196 seconds
[2020-01-13T14:12:34.714+0000][1][safepoint    ] Application time: 0.1067043 seconds
[2020-01-13T14:12:34.714+0000][1][safepoint    ] Entering safepoint region: Deoptimize
[2020-01-13T14:12:34.714+0000][1][safepoint    ] Leaving safepoint region
[2020-01-13T14:12:34.714+0000][1][safepoint    ] Total time for which application threads were stopped: 0.0001406 seconds, Stopping threads took: 0.0000447 seconds
[2020-01-13T14:12:35.462+0000][1][safepoint    ] Application time: 0.7478696 seconds
[2020-01-13T14:12:35.462+0000][1][safepoint    ] Entering safepoint region: Deoptimize
[2020-01-13T14:12:35.462+0000][1][safepoint    ] Leaving safepoint region
[2020-01-13T14:12:35.462+0000][1][safepoint    ] Total time for which application threads were stopped: 0.0005560 seconds, Stopping threads took: 0.0000313 seconds
[2020-01-13T14:12:35.550+0000][1][safepoint    ] Application time: 0.0877039 seconds
[2020-01-13T14:12:35.550+0000][1][safepoint    ] Entering safepoint region: Deoptimize
[2020-01-13T14:12:35.550+0000][1][safepoint    ] Leaving safepoint region
[2020-01-13T14:12:35.550+0000][1][safepoint    ] Total time for which application threads were stopped: 0.0001879 seconds, Stopping threads took: 0.0000213 seconds
[2020-01-13T14:12:35.607+0000][1][safepoint    ] Application time: 0.0563949 seconds
[2020-01-13T14:12:35.607+0000][1][safepoint    ] Entering safepoint region: Deoptimize
[2020-01-13T14:12:35.607+0000][1][safepoint    ] Leaving safepoint region
[2020-01-13T14:12:35.607+0000][1][safepoint    ] Total time for which application threads were stopped: 0.0002627 seconds, Stopping threads took: 0.0000366 seconds
[2020-01-13T14:12:35.645+0000][1][safepoint    ] Application time: 0.0377125 seconds
[2020-01-13T14:12:35.645+0000][1][safepoint    ] Entering safepoint region: Deoptimize
[2020-01-13T14:12:35.646+0000][1][safepoint    ] Leaving safepoint region
[2020-01-13T14:12:35.646+0000][1][safepoint    ] Total time for which application threads were stopped: 0.0009062 seconds, Stopping threads took: 0.0006911 seconds
[2020-01-13T14:12:36.628+0000][1][safepoint    ] Application time: 0.9822658 seconds
[2020-01-13T14:12:36.631+0000][1][safepoint    ] Entering safepoint region: Deoptimize
[2020-01-13T14:12:36.632+0000][1][safepoint    ] Leaving safepoint region
[2020-01-13T14:12:36.632+0000][1][safepoint    ] Total time for which application threads were stopped: 0.0038938 seconds, Stopping threads took: 0.0035048 seconds
[2020-01-13T14:12:37.443+0000][1][safepoint    ] Application time: 0.8112355 seconds
[2020-01-13T14:12:37.443+0000][1][safepoint    ] Entering safepoint region: Deoptimize
[2020-01-13T14:12:37.444+0000][1][safepoint    ] Leaving safepoint region
[2020-01-13T14:12:37.444+0000][1][safepoint    ] Total time for which application threads were stopped: 0.0004849 seconds, Stopping threads took: 0.0000274 seconds
[2020-01-13T14:12:37.716+0000][1][safepoint    ] Application time: 0.2724263 seconds
[2020-01-13T14:12:37.716+0000][1][safepoint    ] Entering safepoint region: Deoptimize
[2020-01-13T14:12:37.717+0000][1][safepoint    ] Leaving safepoint region
[2020-01-13T14:12:37.717+0000][1][safepoint    ] Total time for which application threads were stopped: 0.0004916 seconds, Stopping threads took: 0.0000200 seconds
[2020-01-13T14:12:37.717+0000][1][safepoint    ] Application time: 0.0002788 seconds
[2020-01-13T14:12:37.717+0000][1][safepoint    ] Entering safepoint region: Deoptimize
[2020-01-13T14:12:37.717+0000][1][safepoint    ] Leaving safepoint region
[2020-01-13T14:12:37.717+0000][1][safepoint    ] Total time for which application threads were stopped: 0.0002681 seconds, Stopping threads took: 0.0000238 seconds
[2020-01-13T14:12:37.792+0000][1][safepoint    ] Application time: 0.0751409 seconds
[2020-01-13T14:12:37.792+0000][1][safepoint    ] Entering safepoint region: Deoptimize
[2020-01-13T14:12:37.793+0000][1][safepoint    ] Leaving safepoint region
[2020-01-13T14:12:37.793+0000][1][safepoint    ] Total time for which application threads were stopped: 0.0003598 seconds, Stopping threads took: 0.0000230 seconds
[2020-01-13T14:12:37.812+0000][1][safepoint    ] Application time: 0.0196306 seconds
[2020-01-13T14:12:37.812+0000][1][safepoint    ] Entering safepoint region: Deoptimize
[2020-01-13T14:12:37.813+0000][1][safepoint    ] Leaving safepoint region
[2020-01-13T14:12:37.813+0000][1][safepoint    ] Total time for which application threads were stopped: 0.0004335 seconds, Stopping threads took: 0.0000218 seconds
[2020-01-13T14:12:37.853+0000][1][safepoint    ] Application time: 0.0397469 seconds
[2020-01-13T14:12:37.853+0000][1][safepoint    ] Entering safepoint region: RevokeBias
[2020-01-13T14:12:37.853+0000][1][safepoint    ] Leaving safepoint region
[2020-01-13T14:12:37.853+0000][1][safepoint    ] Total time for which application threads were stopped: 0.0001477 seconds, Stopping threads took: 0.0000257 seconds
[2020-01-13T14:12:37.853+0000][1][safepoint    ] Application time: 0.0001409 seconds
[2020-01-13T14:12:37.853+0000][1][safepoint    ] Entering safepoint region: RevokeBias
[2020-01-13T14:12:37.853+0000][1][safepoint    ] Leaving safepoint region
[2020-01-13T14:12:37.853+0000][1][safepoint    ] Total time for which application threads were stopped: 0.0000620 seconds, Stopping threads took: 0.0000156 seconds
[2020-01-13T14:12:37.853+0000][1][safepoint    ] Application time: 0.0000296 seconds
[2020-01-13T14:12:37.853+0000][1][safepoint    ] Entering safepoint region: RevokeBias
[2020-01-13T14:12:37.853+0000][1][safepoint    ] Leaving safepoint region
[2020-01-13T14:12:37.853+0000][1][safepoint    ] Total time for which application threads were stopped: 0.0000464 seconds, Stopping threads took: 0.0000123 seconds
[2020-01-13T14:12:37.853+0000][1][safepoint    ] Application time: 0.0000462 seconds
[2020-01-13T14:12:37.853+0000][1][safepoint    ] Entering safepoint region: RevokeBias
[2020-01-13T14:12:37.853+0000][1][safepoint    ] Leaving safepoint region
[2020-01-13T14:12:37.853+0000][1][safepoint    ] Total time for which application threads were stopped: 0.0000384 seconds, Stopping threads took: 0.0000121 seconds
[2020-01-13T14:12:37.853+0000][1][safepoint    ] Application time: 0.0001798 seconds
[2020-01-13T14:12:37.853+0000][1][safepoint    ] Entering safepoint region: RevokeBias
[2020-01-13T14:12:37.853+0000][1][safepoint    ] Leaving safepoint region
[2020-01-13T14:12:37.853+0000][1][safepoint    ] Total time for which application threads were stopped: 0.0000792 seconds, Stopping threads took: 0.0000191 seconds
[2020-01-13T14:12:37.866+0000][1][safepoint    ] Application time: 0.0127290 seconds
[2020-01-13T14:12:37.866+0000][1][safepoint    ] Entering safepoint region: Deoptimize
[2020-01-13T14:12:37.867+0000][1][safepoint    ] Leaving safepoint region
[2020-01-13T14:12:37.867+0000][1][safepoint    ] Total time for which application threads were stopped: 0.0003727 seconds, Stopping threads took: 0.0000231 seconds
[2020-01-13T14:12:38.184+0000][1][safepoint    ] Application time: 0.3176429 seconds
[2020-01-13T14:12:38.186+0000][1][safepoint    ] Entering safepoint region: GenCollectForAllocation
[2020-01-13T14:12:38.186+0000][1][gc,start     ] GC(0) Pause Young (Allocation Failure)
[2020-01-13T14:12:38.186+0000][1][gc,task      ] GC(0) Using 1 workers of 1 for evacuation
[2020-01-13T14:12:38.206+0000][1][gc,age       ] GC(0) Desired survivor size 4358144 bytes, new threshold 1 (max threshold 6)
[2020-01-13T14:12:38.206+0000][1][gc,age       ] GC(0) Age table with threshold 1 (max threshold 6)
[2020-01-13T14:12:38.206+0000][1][gc,age       ] GC(0) - age   1:    6333456 bytes,    6333456 total
[2020-01-13T14:12:38.206+0000][1][gc,heap      ] GC(0) ParNew: 68160K->6212K(76672K)
[2020-01-13T14:12:38.206+0000][1][gc,heap      ] GC(0) CMS: 0K->0K(176960K)
[2020-01-13T14:12:38.206+0000][1][gc,metaspace ] GC(0) Metaspace: 12230K->12230K(1060864K)
[2020-01-13T14:12:38.206+0000][1][gc           ] GC(0) Pause Young (Allocation Failure) 66M->6M(247M) 19.296ms
[2020-01-13T14:12:38.206+0000][1][gc,cpu       ] GC(0) User=0.02s Sys=0.00s Real=0.02s
[2020-01-13T14:12:38.206+0000][1][safepoint    ] Leaving safepoint region
[2020-01-13T14:12:38.206+0000][1][safepoint    ] Total time for which application threads were stopped: 0.0214328 seconds, Stopping threads took: 0.0019726 seconds
[2020-01-13T14:12:38.216+0000][1][safepoint    ] Application time: 0.0097311 seconds
[2020-01-13T14:12:38.216+0000][1][safepoint    ] Entering safepoint region: RevokeBias
[2020-01-13T14:12:38.216+0000][1][safepoint    ] Leaving safepoint region
[2020-01-13T14:12:38.216+0000][1][safepoint    ] Total time for which application threads were stopped: 0.0004029 seconds, Stopping threads took: 0.0001594 seconds
[2020-01-13T14:12:38.218+0000][1][safepoint    ] Application time: 0.0023441 seconds
[2020-01-13T14:12:38.218+0000][1][safepoint    ] Entering safepoint region: RevokeBias
[2020-01-13T14:12:38.218+0000][1][safepoint    ] Leaving safepoint region
[2020-01-13T14:12:38.218+0000][1][safepoint    ] Total time for which application threads were stopped: 0.0001219 seconds, Stopping threads took: 0.0000652 seconds
[2020-01-13T14:12:38.219+0000][1][safepoint    ] Application time: 0.0000423 seconds
[2020-01-13T14:12:38.219+0000][1][safepoint    ] Entering safepoint region: RevokeBias
[2020-01-13T14:12:38.219+0000][1][safepoint    ] Leaving safepoint region
[2020-01-13T14:12:38.219+0000][1][safepoint    ] Total time for which application threads were stopped: 0.0000282 seconds, Stopping threads took: 0.0000051 seconds
[2020-01-13T14:12:38.219+0000][1][safepoint    ] Application time: 0.0000151 seconds
[2020-01-13T14:12:38.219+0000][1][safepoint    ] Entering safepoint region: RevokeBias
[2020-01-13T14:12:38.219+0000][1][safepoint    ] Leaving safepoint region
[2020-01-13T14:12:38.219+0000][1][safepoint    ] Total time for which application threads were stopped: 0.0000238 seconds, Stopping threads took: 0.0000048 seconds
[2020-01-13T14:12:38.219+0000][1][safepoint    ] Application time: 0.0000175 seconds
[2020-01-13T14:12:38.219+0000][1][safepoint    ] Entering safepoint region: RevokeBias
[2020-01-13T14:12:38.219+0000][1][safepoint    ] Leaving safepoint region
[2020-01-13T14:12:38.219+0000][1][safepoint    ] Total time for which application threads were stopped: 0.0000424 seconds, Stopping threads took: 0.0000183 seconds
[2020-01-13T14:12:38.219+0000][1][safepoint    ] Application time: 0.0000205 seconds
[2020-01-13T14:12:38.219+0000][1][safepoint    ] Entering safepoint region: RevokeBias
[2020-01-13T14:12:38.219+0000][1][safepoint    ] Leaving safepoint region
[2020-01-13T14:12:38.219+0000][1][safepoint    ] Total time for which application threads were stopped: 0.0000257 seconds, Stopping threads took: 0.0000049 seconds
[2020-01-13T14:12:38.219+0000][1][safepoint    ] Application time: 0.0000639 seconds
[2020-01-13T14:12:38.219+0000][1][safepoint    ] Entering safepoint region: RevokeBias
[2020-01-13T14:12:38.219+0000][1][safepoint    ] Leaving safepoint region
[2020-01-13T14:12:38.219+0000][1][safepoint    ] Total time for which application threads were stopped: 0.0000295 seconds, Stopping threads took: 0.0000052 seconds
[2020-01-13T14:12:38.219+0000][1][safepoint    ] Application time: 0.0000164 seconds
[2020-01-13T14:12:38.219+0000][1][safepoint    ] Entering safepoint region: RevokeBias
[2020-01-13T14:12:38.219+0000][1][safepoint    ] Leaving safepoint region
[2020-01-13T14:12:38.219+0000][1][safepoint    ] Total time for which application threads were stopped: 0.0000236 seconds, Stopping threads took: 0.0000047 seconds
[2020-01-13T14:12:38.219+0000][1][safepoint    ] Application time: 0.0000189 seconds
[2020-01-13T14:12:38.219+0000][1][safepoint    ] Entering safepoint region: RevokeBias
[2020-01-13T14:12:38.219+0000][1][safepoint    ] Leaving safepoint region
[2020-01-13T14:12:38.219+0000][1][safepoint    ] Total time for which application threads were stopped: 0.0000234 seconds, Stopping threads took: 0.0000046 seconds
[2020-01-13T14:12:38.219+0000][1][safepoint    ] Application time: 0.0000138 seconds
[2020-01-13T14:12:38.219+0000][1][safepoint    ] Entering safepoint region: RevokeBias
[2020-01-13T14:12:38.219+0000][1][safepoint    ] Leaving safepoint region
[2020-01-13T14:12:38.219+0000][1][safepoint    ] Total time for which application threads were stopped: 0.0000230 seconds, Stopping threads took: 0.0000047 seconds
[2020-01-13T14:12:38.219+0000][1][safepoint    ] Application time: 0.0000192 seconds
[2020-01-13T14:12:38.219+0000][1][safepoint    ] Entering safepoint region: RevokeBias
[2020-01-13T14:12:38.219+0000][1][safepoint    ] Leaving safepoint region
[2020-01-13T14:12:38.219+0000][1][safepoint    ] Total time for which application threads were stopped: 0.0000326 seconds, Stopping threads took: 0.0000077 seconds
[2020-01-13T14:12:38.219+0000][1][safepoint    ] Application time: 0.0000152 seconds
[2020-01-13T14:12:38.219+0000][1][safepoint    ] Entering safepoint region: RevokeBias
[2020-01-13T14:12:38.219+0000][1][safepoint    ] Leaving safepoint region
[2020-01-13T14:12:38.219+0000][1][safepoint    ] Total time for which application threads were stopped: 0.0000234 seconds, Stopping threads took: 0.0000047 seconds
[2020-01-13T14:12:38.219+0000][1][safepoint    ] Application time: 0.0000173 seconds
[2020-01-13T14:12:38.219+0000][1][safepoint    ] Entering safepoint region: RevokeBias
[2020-01-13T14:12:38.219+0000][1][safepoint    ] Leaving safepoint region
[2020-01-13T14:12:38.219+0000][1][safepoint    ] Total time for which application threads were stopped: 0.0000235 seconds, Stopping threads took: 0.0000047 seconds
[2020-01-13T14:12:38.219+0000][1][safepoint    ] Application time: 0.0000138 seconds
[2020-01-13T14:12:38.219+0000][1][safepoint    ] Entering safepoint region: RevokeBias
[2020-01-13T14:12:38.219+0000][1][safepoint    ] Leaving safepoint region
[2020-01-13T14:12:38.219+0000][1][safepoint    ] Total time for which application threads were stopped: 0.0000229 seconds, Stopping threads took: 0.0000046 seconds
[2020-01-13T14:12:38.221+0000][1][safepoint    ] Application time: 0.0021848 seconds
[2020-01-13T14:12:38.221+0000][1][safepoint    ] Entering safepoint region: RevokeBias
[2020-01-13T14:12:38.222+0000][1][safepoint    ] Leaving safepoint region
[2020-01-13T14:12:38.222+0000][1][safepoint    ] Total time for which application threads were stopped: 0.0001002 seconds, Stopping threads took: 0.0000445 seconds
[2020-01-13T14:12:38.222+0000][1][safepoint    ] Application time: 0.0000292 seconds
[2020-01-13T14:12:38.222+0000][1][safepoint    ] Entering safepoint region: RevokeBias
[2020-01-13T14:12:38.222+0000][1][safepoint    ] Leaving safepoint region
[2020-01-13T14:12:38.222+0000][1][safepoint    ] Total time for which application threads were stopped: 0.0000288 seconds, Stopping threads took: 0.0000050 seconds
[2020-01-13T14:12:38.223+0000][1][safepoint    ] Application time: 0.0017714 seconds
[2020-01-13T14:12:38.223+0000][1][safepoint    ] Entering safepoint region: RevokeBias
[2020-01-13T14:12:38.224+0000][1][safepoint    ] Leaving safepoint region
[2020-01-13T14:12:38.224+0000][1][safepoint    ] Total time for which application threads were stopped: 0.0001313 seconds, Stopping threads took: 0.0000748 seconds
[2020-01-13T14:12:38.224+0000][1][safepoint    ] Application time: 0.0000306 seconds
[2020-01-13T14:12:38.224+0000][1][safepoint    ] Entering safepoint region: RevokeBias
[2020-01-13T14:12:38.224+0000][1][safepoint    ] Leaving safepoint region
[2020-01-13T14:12:38.224+0000][1][safepoint    ] Total time for which application threads were stopped: 0.0000252 seconds, Stopping threads took: 0.0000050 seconds
[2020-01-13T14:12:38.224+0000][1][safepoint    ] Application time: 0.0000260 seconds
[2020-01-13T14:12:38.224+0000][1][safepoint    ] Entering safepoint region: RevokeBias
[2020-01-13T14:12:38.224+0000][1][safepoint    ] Leaving safepoint region
[2020-01-13T14:12:38.224+0000][1][safepoint    ] Total time for which application threads were stopped: 0.0000216 seconds, Stopping threads took: 0.0000049 seconds
[2020-01-13T14:12:38.226+0000][1][safepoint    ] Application time: 0.0024899 seconds
[2020-01-13T14:12:38.226+0000][1][safepoint    ] Entering safepoint region: RevokeBias
[2020-01-13T14:12:38.226+0000][1][safepoint    ] Leaving safepoint region
[2020-01-13T14:12:38.226+0000][1][safepoint    ] Total time for which application threads were stopped: 0.0001341 seconds, Stopping threads took: 0.0000089 seconds
[2020-01-13T14:12:38.226+0000][1][safepoint    ] Application time: 0.0000458 seconds
[2020-01-13T14:12:38.226+0000][1][safepoint    ] Entering safepoint region: RevokeBias
[2020-01-13T14:12:38.226+0000][1][safepoint    ] Leaving safepoint region
[2020-01-13T14:12:38.226+0000][1][safepoint    ] Total time for which application threads were stopped: 0.0000266 seconds, Stopping threads took: 0.0000051 seconds
[2020-01-13T14:12:38.226+0000][1][safepoint    ] Application time: 0.0000153 seconds
[2020-01-13T14:12:38.226+0000][1][safepoint    ] Entering safepoint region: RevokeBias
[2020-01-13T14:12:38.226+0000][1][safepoint    ] Leaving safepoint region
[2020-01-13T14:12:38.226+0000][1][safepoint    ] Total time for which application threads were stopped: 0.0000210 seconds, Stopping threads took: 0.0000048 seconds
[2020-01-13T14:12:38.226+0000][1][safepoint    ] Application time: 0.0000170 seconds
[2020-01-13T14:12:38.226+0000][1][safepoint    ] Entering safepoint region: RevokeBias
[2020-01-13T14:12:38.227+0000][1][safepoint    ] Leaving safepoint region
[2020-01-13T14:12:38.227+0000][1][safepoint    ] Total time for which application threads were stopped: 0.0000210 seconds, Stopping threads took: 0.0000047 seconds
[2020-01-13T14:12:38.227+0000][1][safepoint    ] Application time: 0.0000145 seconds
[2020-01-13T14:12:38.227+0000][1][safepoint    ] Entering safepoint region: RevokeBias
[2020-01-13T14:12:38.227+0000][1][safepoint    ] Leaving safepoint region
[2020-01-13T14:12:38.227+0000][1][safepoint    ] Total time for which application threads were stopped: 0.0000207 seconds, Stopping threads took: 0.0000046 seconds
[2020-01-13T14:12:38.227+0000][1][safepoint    ] Application time: 0.0003108 seconds
[2020-01-13T14:12:38.227+0000][1][safepoint    ] Entering safepoint region: RevokeBias
[2020-01-13T14:12:38.227+0000][1][safepoint    ] Leaving safepoint region
[2020-01-13T14:12:38.227+0000][1][safepoint    ] Total time for which application threads were stopped: 0.0000481 seconds, Stopping threads took: 0.0000201 seconds
[2020-01-13T14:12:38.227+0000][1][safepoint    ] Application time: 0.0000191 seconds
[2020-01-13T14:12:38.227+0000][1][safepoint    ] Entering safepoint region: RevokeBias
[2020-01-13T14:12:38.227+0000][1][safepoint    ] Leaving safepoint region
[2020-01-13T14:12:38.227+0000][1][safepoint    ] Total time for which application threads were stopped: 0.0000216 seconds, Stopping threads took: 0.0000047 seconds
[2020-01-13T14:12:38.227+0000][1][safepoint    ] Application time: 0.0000263 seconds
[2020-01-13T14:12:38.227+0000][1][safepoint    ] Entering safepoint region: RevokeBias
[2020-01-13T14:12:38.227+0000][1][safepoint    ] Leaving safepoint region
[2020-01-13T14:12:38.227+0000][1][safepoint    ] Total time for which application threads were stopped: 0.0000210 seconds, Stopping threads took: 0.0000045 seconds
[2020-01-13T14:12:38.227+0000][1][safepoint    ] Application time: 0.0000140 seconds
[2020-01-13T14:12:38.227+0000][1][safepoint    ] Entering safepoint region: RevokeBias
[2020-01-13T14:12:38.227+0000][1][safepoint    ] Leaving safepoint region
[2020-01-13T14:12:38.227+0000][1][safepoint    ] Total time for which application threads were stopped: 0.0000205 seconds, Stopping threads took: 0.0000045 seconds
[2020-01-13T14:12:38.752+0000][1][safepoint    ] Application time: 0.5245107 seconds
[2020-01-13T14:12:38.752+0000][1][safepoint    ] Entering safepoint region: Deoptimize
[2020-01-13T14:12:38.752+0000][1][safepoint    ] Leaving safepoint region
[2020-01-13T14:12:38.752+0000][1][safepoint    ] Total time for which application threads were stopped: 0.0005559 seconds, Stopping threads took: 0.0000238 seconds
[2020-01-13T14:12:39.184+0000][1][safepoint    ] Application time: 0.4316447 seconds
[2020-01-13T14:12:39.184+0000][1][safepoint    ] Entering safepoint region: RevokeBias
[2020-01-13T14:12:39.184+0000][1][safepoint    ] Leaving safepoint region
[2020-01-13T14:12:39.184+0000][1][safepoint    ] Total time for which application threads were stopped: 0.0002192 seconds, Stopping threads took: 0.0000339 seconds
[2020-01-13T14:12:39.520+0000][1][safepoint    ] Application time: 0.3360540 seconds
[2020-01-13T14:12:39.520+0000][1][safepoint    ] Entering safepoint region: GenCollectForAllocation
[2020-01-13T14:12:39.520+0000][1][gc,start     ] GC(1) Pause Young (Allocation Failure)
[2020-01-13T14:12:39.520+0000][1][gc,task      ] GC(1) Using 1 workers of 1 for evacuation
[2020-01-13T14:12:39.572+0000][1][gc,age       ] GC(1) Desired survivor size 4358144 bytes, new threshold 6 (max threshold 6)
[2020-01-13T14:12:39.572+0000][1][gc,age       ] GC(1) Age table with threshold 6 (max threshold 6)
[2020-01-13T14:12:39.572+0000][1][gc,age       ] GC(1) - age   1:    2797488 bytes,    2797488 total
[2020-01-13T14:12:39.572+0000][1][gc,heap      ] GC(1) ParNew: 74372K->4108K(76672K)
[2020-01-13T14:12:39.572+0000][1][gc,heap      ] GC(1) CMS: 0K->6655K(176960K)
[2020-01-13T14:12:39.572+0000][1][gc,metaspace ] GC(1) Metaspace: 14792K->14792K(1062912K)
[2020-01-13T14:12:39.572+0000][1][gc           ] GC(1) Pause Young (Allocation Failure) 72M->10M(247M) 51.715ms
[2020-01-13T14:12:39.572+0000][1][gc,cpu       ] GC(1) User=0.05s Sys=0.00s Real=0.05s
[2020-01-13T14:12:39.572+0000][1][safepoint    ] Leaving safepoint region
[2020-01-13T14:12:39.572+0000][1][safepoint    ] Total time for which application threads were stopped: 0.0519658 seconds, Stopping threads took: 0.0000549 seconds
[2020-01-13T14:12:39.586+0000][1][safepoint    ] Application time: 0.0141042 seconds
[2020-01-13T14:12:39.587+0000][1][safepoint    ] Entering safepoint region: BulkRevokeBias
[2020-01-13T14:12:39.587+0000][1][safepoint    ] Leaving safepoint region
[2020-01-13T14:12:39.587+0000][1][safepoint    ] Total time for which application threads were stopped: 0.0005039 seconds, Stopping threads took: 0.0001371 seconds
[2020-01-13T14:12:39.587+0000][1][safepoint    ] Application time: 0.0001361 seconds
[2020-01-13T14:12:39.587+0000][1][safepoint    ] Entering safepoint region: RevokeBias
[2020-01-13T14:12:39.587+0000][1][safepoint    ] Leaving safepoint region
[2020-01-13T14:12:39.587+0000][1][safepoint    ] Total time for which application threads were stopped: 0.0000779 seconds, Stopping threads took: 0.0000107 seconds
[2020-01-13T14:12:39.587+0000][1][safepoint    ] Application time: 0.0000598 seconds
[2020-01-13T14:12:39.587+0000][1][safepoint    ] Entering safepoint region: RevokeBias
[2020-01-13T14:12:39.587+0000][1][safepoint    ] Leaving safepoint region
[2020-01-13T14:12:39.587+0000][1][safepoint    ] Total time for which application threads were stopped: 0.0000737 seconds, Stopping threads took: 0.0000072 seconds
[2020-01-13T14:12:39.587+0000][1][safepoint    ] Application time: 0.0000309 seconds
[2020-01-13T14:12:39.587+0000][1][safepoint    ] Entering safepoint region: RevokeBias
[2020-01-13T14:12:39.587+0000][1][safepoint    ] Leaving safepoint region
[2020-01-13T14:12:39.587+0000][1][safepoint    ] Total time for which application threads were stopped: 0.0000710 seconds, Stopping threads took: 0.0000080 seconds
[2020-01-13T14:12:39.588+0000][1][safepoint    ] Application time: 0.0000659 seconds
[2020-01-13T14:12:39.588+0000][1][safepoint    ] Entering safepoint region: RevokeBias
[2020-01-13T14:12:39.588+0000][1][safepoint    ] Leaving safepoint region
[2020-01-13T14:12:39.588+0000][1][safepoint    ] Total time for which application threads were stopped: 0.0000431 seconds, Stopping threads took: 0.0000049 seconds
[2020-01-13T14:12:39.588+0000][1][safepoint    ] Application time: 0.0000148 seconds
[2020-01-13T14:12:39.588+0000][1][safepoint    ] Entering safepoint region: RevokeBias
[2020-01-13T14:12:39.588+0000][1][safepoint    ] Leaving safepoint region
[2020-01-13T14:12:39.588+0000][1][safepoint    ] Total time for which application threads were stopped: 0.0000409 seconds, Stopping threads took: 0.0000046 seconds
[2020-01-13T14:12:39.588+0000][1][safepoint    ] Application time: 0.0000161 seconds
[2020-01-13T14:12:39.588+0000][1][safepoint    ] Entering safepoint region: RevokeBias
[2020-01-13T14:12:39.588+0000][1][safepoint    ] Leaving safepoint region
[2020-01-13T14:12:39.588+0000][1][safepoint    ] Total time for which application threads were stopped: 0.0000402 seconds, Stopping threads took: 0.0000046 seconds
[2020-01-13T14:12:39.589+0000][1][safepoint    ] Application time: 0.0016546 seconds
[2020-01-13T14:12:39.590+0000][1][safepoint    ] Entering safepoint region: RevokeBias
[2020-01-13T14:12:39.591+0000][1][safepoint    ] Leaving safepoint region
[2020-01-13T14:12:39.591+0000][1][safepoint    ] Total time for which application threads were stopped: 0.0011272 seconds, Stopping threads took: 0.0009783 seconds
[2020-01-13T14:12:39.591+0000][1][safepoint    ] Application time: 0.0000429 seconds
[2020-01-13T14:12:39.591+0000][1][safepoint    ] Entering safepoint region: BulkRevokeBias
[2020-01-13T14:12:39.591+0000][1][safepoint    ] Leaving safepoint region
[2020-01-13T14:12:39.591+0000][1][safepoint    ] Total time for which application threads were stopped: 0.0001082 seconds, Stopping threads took: 0.0000049 seconds
[2020-01-13T14:12:39.591+0000][1][safepoint    ] Application time: 0.0000145 seconds
[2020-01-13T14:12:39.591+0000][1][safepoint    ] Entering safepoint region: RevokeBias
[2020-01-13T14:12:39.591+0000][1][safepoint    ] Leaving safepoint region
[2020-01-13T14:12:39.591+0000][1][safepoint    ] Total time for which application threads were stopped: 0.0000328 seconds, Stopping threads took: 0.0000041 seconds
[2020-01-13T14:12:39.591+0000][1][safepoint    ] Application time: 0.0000160 seconds
[2020-01-13T14:12:39.591+0000][1][safepoint    ] Entering safepoint region: BulkRevokeBias
[2020-01-13T14:12:39.591+0000][1][safepoint    ] Leaving safepoint region
[2020-01-13T14:12:39.591+0000][1][safepoint    ] Total time for which application threads were stopped: 0.0000600 seconds, Stopping threads took: 0.0000042 seconds
[2020-01-13T14:12:39.638+0000][1][safepoint    ] Application time: 0.0472909 seconds
[2020-01-13T14:12:39.641+0000][1][safepoint    ] Entering safepoint region: RevokeBias
[2020-01-13T14:12:39.641+0000][1][safepoint    ] Leaving safepoint region
[2020-01-13T14:12:39.642+0000][1][safepoint    ] Total time for which application threads were stopped: 0.0033450 seconds, Stopping threads took: 0.0032347 seconds
[2020-01-13T14:12:39.644+0000][1][safepoint    ] Application time: 0.0024755 seconds
[2020-01-13T14:12:39.644+0000][1][safepoint    ] Entering safepoint region: RevokeBias
[2020-01-13T14:12:39.644+0000][1][safepoint    ] Leaving safepoint region
[2020-01-13T14:12:39.644+0000][1][safepoint    ] Total time for which application threads were stopped: 0.0000992 seconds, Stopping threads took: 0.0000222 seconds
[2020-01-13T14:12:39.727+0000][1][safepoint    ] Application time: 0.0827326 seconds
[2020-01-13T14:12:39.727+0000][1][safepoint    ] Entering safepoint region: RevokeBias
[2020-01-13T14:12:39.727+0000][1][safepoint    ] Leaving safepoint region
[2020-01-13T14:12:39.727+0000][1][safepoint    ] Total time for which application threads were stopped: 0.0001107 seconds, Stopping threads took: 0.0000220 seconds
[2020-01-13T14:12:39.738+0000][1][safepoint    ] Application time: 0.0113301 seconds
[2020-01-13T14:12:39.738+0000][1][safepoint    ] Entering safepoint region: RevokeBias
[2020-01-13T14:12:39.738+0000][1][safepoint    ] Leaving safepoint region
[2020-01-13T14:12:39.738+0000][1][safepoint    ] Total time for which application threads were stopped: 0.0000982 seconds, Stopping threads took: 0.0000228 seconds
[2020-01-13T14:12:39.823+0000][1][safepoint    ] Application time: 0.0848433 seconds
[2020-01-13T14:12:39.827+0000][1][safepoint    ] Entering safepoint region: RevokeBias
[2020-01-13T14:12:39.828+0000][1][safepoint    ] Leaving safepoint region
[2020-01-13T14:12:39.828+0000][1][safepoint    ] Total time for which application threads were stopped: 0.0041373 seconds, Stopping threads took: 0.0040088 seconds
[2020-01-13T14:12:39.832+0000][1][safepoint    ] Application time: 0.0045473 seconds
[2020-01-13T14:12:39.832+0000][1][safepoint    ] Entering safepoint region: RevokeBias
[2020-01-13T14:12:39.832+0000][1][safepoint    ] Leaving safepoint region
[2020-01-13T14:12:39.832+0000][1][safepoint    ] Total time for which application threads were stopped: 0.0001151 seconds, Stopping threads took: 0.0000219 seconds
[2020-01-13T14:12:39.961+0000][1][safepoint    ] Application time: 0.1285192 seconds
[2020-01-13T14:12:39.961+0000][1][safepoint    ] Entering safepoint region: GenCollectForAllocation
[2020-01-13T14:12:39.961+0000][1][gc,start     ] GC(2) Pause Young (Allocation Failure)
[2020-01-13T14:12:39.961+0000][1][gc,task      ] GC(2) Using 1 workers of 1 for evacuation
[2020-01-13T14:12:39.984+0000][1][gc,age       ] GC(2) Desired survivor size 4358144 bytes, new threshold 6 (max threshold 6)
[2020-01-13T14:12:39.984+0000][1][gc,age       ] GC(2) Age table with threshold 6 (max threshold 6)
[2020-01-13T14:12:39.984+0000][1][gc,age       ] GC(2) - age   1:    2816264 bytes,    2816264 total
[2020-01-13T14:12:39.984+0000][1][gc,age       ] GC(2) - age   2:    1168416 bytes,    3984680 total
[2020-01-13T14:12:39.984+0000][1][gc,heap      ] GC(2) ParNew: 72268K->6152K(76672K)
[2020-01-13T14:12:39.984+0000][1][gc,heap      ] GC(2) CMS: 6655K->6655K(176960K)
[2020-01-13T14:12:39.984+0000][1][gc,metaspace ] GC(2) Metaspace: 14921K->14921K(1062912K)
[2020-01-13T14:12:39.984+0000][1][gc           ] GC(2) Pause Young (Allocation Failure) 77M->12M(247M) 23.066ms
[2020-01-13T14:12:39.984+0000][1][gc,cpu       ] GC(2) User=0.02s Sys=0.00s Real=0.02s
[2020-01-13T14:12:39.984+0000][1][safepoint    ] Leaving safepoint region
[2020-01-13T14:12:39.984+0000][1][safepoint    ] Total time for which application threads were stopped: 0.0232069 seconds, Stopping threads took: 0.0000233 seconds
[2020-01-13T14:12:39.991+0000][1][safepoint    ] Application time: 0.0073272 seconds
[2020-01-13T14:12:39.991+0000][1][safepoint    ] Entering safepoint region: RevokeBias
[2020-01-13T14:12:39.992+0000][1][safepoint    ] Leaving safepoint region
[2020-01-13T14:12:39.992+0000][1][safepoint    ] Total time for which application threads were stopped: 0.0001362 seconds, Stopping threads took: 0.0000690 seconds
[2020-01-13T14:12:39.992+0000][1][safepoint    ] Application time: 0.0000291 seconds
[2020-01-13T14:12:39.992+0000][1][safepoint    ] Entering safepoint region: RevokeBias
[2020-01-13T14:12:39.992+0000][1][safepoint    ] Leaving safepoint region
[2020-01-13T14:12:39.992+0000][1][safepoint    ] Total time for which application threads were stopped: 0.0000355 seconds, Stopping threads took: 0.0000050 seconds
[2020-01-13T14:12:39.992+0000][1][safepoint    ] Application time: 0.0000264 seconds
[2020-01-13T14:12:39.992+0000][1][safepoint    ] Entering safepoint region: RevokeBias
[2020-01-13T14:12:39.992+0000][1][safepoint    ] Leaving safepoint region
[2020-01-13T14:12:39.992+0000][1][safepoint    ] Total time for which application threads were stopped: 0.0000318 seconds, Stopping threads took: 0.0000047 seconds
[2020-01-13T14:12:39.992+0000][1][safepoint    ] Application time: 0.0000142 seconds
[2020-01-13T14:12:39.992+0000][1][safepoint    ] Entering safepoint region: RevokeBias
[2020-01-13T14:12:39.992+0000][1][safepoint    ] Leaving safepoint region
[2020-01-13T14:12:39.992+0000][1][safepoint    ] Total time for which application threads were stopped: 0.0000313 seconds, Stopping threads took: 0.0000047 seconds
[2020-01-13T14:12:39.993+0000][1][safepoint    ] Application time: 0.0012064 seconds
[2020-01-13T14:12:39.993+0000][1][safepoint    ] Entering safepoint region: RevokeBias
[2020-01-13T14:12:39.993+0000][1][safepoint    ] Leaving safepoint region
[2020-01-13T14:12:39.993+0000][1][safepoint    ] Total time for which application threads were stopped: 0.0000569 seconds, Stopping threads took: 0.0000230 seconds
[2020-01-13T14:12:39.993+0000][1][safepoint    ] Application time: 0.0003352 seconds
[2020-01-13T14:12:39.993+0000][1][safepoint    ] Entering safepoint region: RevokeBias
[2020-01-13T14:12:39.993+0000][1][safepoint    ] Leaving safepoint region
[2020-01-13T14:12:39.993+0000][1][safepoint    ] Total time for which application threads were stopped: 0.0000927 seconds, Stopping threads took: 0.0000379 seconds
[2020-01-13T14:12:39.994+0000][1][safepoint    ] Application time: 0.0005624 seconds
[2020-01-13T14:12:39.994+0000][1][safepoint    ] Entering safepoint region: RevokeBias
[2020-01-13T14:12:39.994+0000][1][safepoint    ] Leaving safepoint region
[2020-01-13T14:12:39.994+0000][1][safepoint    ] Total time for which application threads were stopped: 0.0000507 seconds, Stopping threads took: 0.0000065 seconds
[2020-01-13T14:12:40.017+0000][1][safepoint    ] Application time: 0.0231806 seconds
[2020-01-13T14:12:40.017+0000][1][safepoint    ] Entering safepoint region: RevokeBias
[2020-01-13T14:12:40.017+0000][1][safepoint    ] Leaving safepoint region
[2020-01-13T14:12:40.017+0000][1][safepoint    ] Total time for which application threads were stopped: 0.0000961 seconds, Stopping threads took: 0.0000225 seconds
[2020-01-13T14:12:40.023+0000][1][safepoint    ] Application time: 0.0057238 seconds
[2020-01-13T14:12:40.027+0000][1][safepoint    ] Entering safepoint region: RevokeBias
[2020-01-13T14:12:40.027+0000][1][safepoint    ] Leaving safepoint region
[2020-01-13T14:12:40.027+0000][1][safepoint    ] Total time for which application threads were stopped: 0.0042749 seconds, Stopping threads took: 0.0041808 seconds
[2020-01-13T14:12:40.358+0000][1][safepoint    ] Application time: 0.3301333 seconds
[2020-01-13T14:12:40.358+0000][1][safepoint    ] Entering safepoint region: Deoptimize
[2020-01-13T14:12:40.358+0000][1][safepoint    ] Leaving safepoint region
[2020-01-13T14:12:40.358+0000][1][safepoint    ] Total time for which application threads were stopped: 0.0005654 seconds, Stopping threads took: 0.0000244 seconds
[2020-01-13T14:12:40.359+0000][1][safepoint    ] Application time: 0.0004381 seconds
[2020-01-13T14:12:40.359+0000][1][safepoint    ] Entering safepoint region: Deoptimize
[2020-01-13T14:12:40.359+0000][1][safepoint    ] Leaving safepoint region
[2020-01-13T14:12:40.359+0000][1][safepoint    ] Total time for which application threads were stopped: 0.0003005 seconds, Stopping threads took: 0.0000270 seconds
[2020-01-13T14:12:40.920+0000][1][safepoint    ] Application time: 0.5607918 seconds
[2020-01-13T14:12:40.920+0000][1][safepoint    ] Entering safepoint region: GenCollectForAllocation
[2020-01-13T14:12:40.920+0000][1][gc,start     ] GC(3) Pause Young (Allocation Failure)
[2020-01-13T14:12:40.920+0000][1][gc,task      ] GC(3) Using 1 workers of 1 for evacuation
[2020-01-13T14:12:40.940+0000][1][gc,age       ] GC(3) Desired survivor size 4358144 bytes, new threshold 3 (max threshold 6)
[2020-01-13T14:12:40.940+0000][1][gc,age       ] GC(3) Age table with threshold 3 (max threshold 6)
[2020-01-13T14:12:40.940+0000][1][gc,age       ] GC(3) - age   1:    3553424 bytes,    3553424 total
[2020-01-13T14:12:40.940+0000][1][gc,age       ] GC(3) - age   2:     294256 bytes,    3847680 total
[2020-01-13T14:12:40.940+0000][1][gc,age       ] GC(3) - age   3:    1165392 bytes,    5013072 total
[2020-01-13T14:12:40.940+0000][1][gc,heap      ] GC(3) ParNew: 74312K->7381K(76672K)
[2020-01-13T14:12:40.940+0000][1][gc,heap      ] GC(3) CMS: 6655K->6655K(176960K)
[2020-01-13T14:12:40.940+0000][1][gc,metaspace ] GC(3) Metaspace: 18407K->18407K(1067008K)
[2020-01-13T14:12:40.941+0000][1][gc           ] GC(3) Pause Young (Allocation Failure) 79M->13M(247M) 20.508ms
[2020-01-13T14:12:40.941+0000][1][gc,cpu       ] GC(3) User=0.03s Sys=0.00s Real=0.02s
[2020-01-13T14:12:40.941+0000][1][safepoint    ] Leaving safepoint region
[2020-01-13T14:12:40.941+0000][1][safepoint    ] Total time for which application threads were stopped: 0.0207205 seconds, Stopping threads took: 0.0000228 seconds
[2020-01-13T14:12:40.949+0000][1][safepoint    ] Application time: 0.0087840 seconds
[2020-01-13T14:12:40.949+0000][1][safepoint    ] Entering safepoint region: BulkRevokeBias
[2020-01-13T14:12:40.950+0000][1][safepoint    ] Leaving safepoint region
[2020-01-13T14:12:40.950+0000][1][safepoint    ] Total time for which application threads were stopped: 0.0002273 seconds, Stopping threads took: 0.0000635 seconds
[2020-01-13T14:12:40.950+0000][1][safepoint    ] Application time: 0.0007367 seconds
[2020-01-13T14:12:40.950+0000][1][safepoint    ] Entering safepoint region: RevokeBias
[2020-01-13T14:12:40.950+0000][1][safepoint    ] Leaving safepoint region
[2020-01-13T14:12:40.950+0000][1][safepoint    ] Total time for which application threads were stopped: 0.0000653 seconds, Stopping threads took: 0.0000086 seconds
[2020-01-13T14:12:40.950+0000][1][safepoint    ] Application time: 0.0000386 seconds
[2020-01-13T14:12:40.950+0000][1][safepoint    ] Entering safepoint region: RevokeBias
[2020-01-13T14:12:40.951+0000][1][safepoint    ] Leaving safepoint region
[2020-01-13T14:12:40.951+0000][1][safepoint    ] Total time for which application threads were stopped: 0.0000359 seconds, Stopping threads took: 0.0000048 seconds
[2020-01-13T14:12:40.951+0000][1][safepoint    ] Application time: 0.0000147 seconds
[2020-01-13T14:12:40.951+0000][1][safepoint    ] Entering safepoint region: RevokeBias
[2020-01-13T14:12:40.951+0000][1][safepoint    ] Leaving safepoint region
[2020-01-13T14:12:40.951+0000][1][safepoint    ] Total time for which application threads were stopped: 0.0000323 seconds, Stopping threads took: 0.0000048 seconds
[2020-01-13T14:12:40.951+0000][1][safepoint    ] Application time: 0.0000168 seconds
[2020-01-13T14:12:40.951+0000][1][safepoint    ] Entering safepoint region: RevokeBias
[2020-01-13T14:12:40.951+0000][1][safepoint    ] Leaving safepoint region
[2020-01-13T14:12:40.951+0000][1][safepoint    ] Total time for which application threads were stopped: 0.0000623 seconds, Stopping threads took: 0.0000062 seconds
[2020-01-13T14:12:40.953+0000][1][safepoint    ] Application time: 0.0026701 seconds
[2020-01-13T14:12:40.957+0000][1][safepoint    ] Entering safepoint region: RevokeBias
[2020-01-13T14:12:40.957+0000][1][safepoint    ] Leaving safepoint region
[2020-01-13T14:12:40.957+0000][1][safepoint    ] Total time for which application threads were stopped: 0.0041080 seconds, Stopping threads took: 0.0040177 seconds
[2020-01-13T14:12:40.958+0000][1][safepoint    ] Application time: 0.0000653 seconds
[2020-01-13T14:12:40.958+0000][1][safepoint    ] Entering safepoint region: RevokeBias
[2020-01-13T14:12:40.958+0000][1][safepoint    ] Leaving safepoint region
[2020-01-13T14:12:40.958+0000][1][safepoint    ] Total time for which application threads were stopped: 0.0000264 seconds, Stopping threads took: 0.0000051 seconds
[2020-01-13T14:12:40.958+0000][1][safepoint    ] Application time: 0.0000161 seconds
[2020-01-13T14:12:40.958+0000][1][safepoint    ] Entering safepoint region: RevokeBias
[2020-01-13T14:12:40.958+0000][1][safepoint    ] Leaving safepoint region
[2020-01-13T14:12:40.958+0000][1][safepoint    ] Total time for which application threads were stopped: 0.0000191 seconds, Stopping threads took: 0.0000040 seconds
[2020-01-13T14:12:40.959+0000][1][safepoint    ] Application time: 0.0013028 seconds
[2020-01-13T14:12:40.959+0000][1][safepoint    ] Entering safepoint region: RevokeBias
[2020-01-13T14:12:40.959+0000][1][safepoint    ] Leaving safepoint region
[2020-01-13T14:12:40.959+0000][1][safepoint    ] Total time for which application threads were stopped: 0.0000594 seconds, Stopping threads took: 0.0000092 seconds
[2020-01-13T14:12:40.959+0000][1][safepoint    ] Application time: 0.0000294 seconds
[2020-01-13T14:12:40.959+0000][1][safepoint    ] Entering safepoint region: RevokeBias
[2020-01-13T14:12:40.959+0000][1][safepoint    ] Leaving safepoint region
[2020-01-13T14:12:40.959+0000][1][safepoint    ] Total time for which application threads were stopped: 0.0000221 seconds, Stopping threads took: 0.0000043 seconds
[2020-01-13T14:12:40.959+0000][1][safepoint    ] Application time: 0.0000442 seconds
[2020-01-13T14:12:40.959+0000][1][safepoint    ] Entering safepoint region: RevokeBias
[2020-01-13T14:12:40.959+0000][1][safepoint    ] Leaving safepoint region
[2020-01-13T14:12:40.959+0000][1][safepoint    ] Total time for which application threads were stopped: 0.0000196 seconds, Stopping threads took: 0.0000040 seconds
[2020-01-13T14:12:40.959+0000][1][safepoint    ] Application time: 0.0000174 seconds
[2020-01-13T14:12:40.959+0000][1][safepoint    ] Entering safepoint region: RevokeBias
[2020-01-13T14:12:40.959+0000][1][safepoint    ] Leaving safepoint region
[2020-01-13T14:12:40.959+0000][1][safepoint    ] Total time for which application threads were stopped: 0.0000198 seconds, Stopping threads took: 0.0000041 seconds
[2020-01-13T14:12:40.959+0000][1][safepoint    ] Application time: 0.0000683 seconds
[2020-01-13T14:12:40.959+0000][1][safepoint    ] Entering safepoint region: RevokeBias
[2020-01-13T14:12:40.959+0000][1][safepoint    ] Leaving safepoint region
[2020-01-13T14:12:40.959+0000][1][safepoint    ] Total time for which application threads were stopped: 0.0000455 seconds, Stopping threads took: 0.0000044 seconds
[2020-01-13T14:12:40.959+0000][1][safepoint    ] Application time: 0.0000186 seconds
[2020-01-13T14:12:40.959+0000][1][safepoint    ] Entering safepoint region: RevokeBias
[2020-01-13T14:12:40.959+0000][1][safepoint    ] Leaving safepoint region
[2020-01-13T14:12:40.959+0000][1][safepoint    ] Total time for which application threads were stopped: 0.0000193 seconds, Stopping threads took: 0.0000039 seconds
[2020-01-13T14:12:40.959+0000][1][safepoint    ] Application time: 0.0000150 seconds
[2020-01-13T14:12:40.959+0000][1][safepoint    ] Entering safepoint region: RevokeBias
[2020-01-13T14:12:40.959+0000][1][safepoint    ] Leaving safepoint region
[2020-01-13T14:12:40.959+0000][1][safepoint    ] Total time for which application threads were stopped: 0.0000186 seconds, Stopping threads took: 0.0000041 seconds
[2020-01-13T14:12:40.959+0000][1][safepoint    ] Application time: 0.0000179 seconds
[2020-01-13T14:12:40.959+0000][1][safepoint    ] Entering safepoint region: RevokeBias
[2020-01-13T14:12:40.959+0000][1][safepoint    ] Leaving safepoint region
[2020-01-13T14:12:40.959+0000][1][safepoint    ] Total time for which application threads were stopped: 0.0000274 seconds, Stopping threads took: 0.0000116 seconds
[2020-01-13T14:12:40.960+0000][1][safepoint    ] Application time: 0.0000165 seconds
[2020-01-13T14:12:40.960+0000][1][safepoint    ] Entering safepoint region: RevokeBias
[2020-01-13T14:12:40.960+0000][1][safepoint    ] Leaving safepoint region
[2020-01-13T14:12:40.960+0000][1][safepoint    ] Total time for which application threads were stopped: 0.0000184 seconds, Stopping threads took: 0.0000039 seconds
[2020-01-13T14:12:40.960+0000][1][safepoint    ] Application time: 0.0000179 seconds
[2020-01-13T14:12:40.960+0000][1][safepoint    ] Entering safepoint region: RevokeBias
[2020-01-13T14:12:40.960+0000][1][safepoint    ] Leaving safepoint region
[2020-01-13T14:12:40.960+0000][1][safepoint    ] Total time for which application threads were stopped: 0.0000188 seconds, Stopping threads took: 0.0000039 seconds
[2020-01-13T14:12:40.960+0000][1][safepoint    ] Application time: 0.0001722 seconds
[2020-01-13T14:12:40.960+0000][1][safepoint    ] Entering safepoint region: RevokeBias
[2020-01-13T14:12:40.960+0000][1][safepoint    ] Leaving safepoint region
[2020-01-13T14:12:40.960+0000][1][safepoint    ] Total time for which application threads were stopped: 0.0000538 seconds, Stopping threads took: 0.0000088 seconds
[2020-01-13T14:12:40.960+0000][1][safepoint    ] Application time: 0.0000367 seconds
[2020-01-13T14:12:40.960+0000][1][safepoint    ] Entering safepoint region: RevokeBias
[2020-01-13T14:12:40.960+0000][1][safepoint    ] Leaving safepoint region
[2020-01-13T14:12:40.960+0000][1][safepoint    ] Total time for which application threads were stopped: 0.0000291 seconds, Stopping threads took: 0.0000054 seconds
[2020-01-13T14:12:40.960+0000][1][safepoint    ] Application time: 0.0000195 seconds
[2020-01-13T14:12:40.960+0000][1][safepoint    ] Entering safepoint region: RevokeBias
[2020-01-13T14:12:40.960+0000][1][safepoint    ] Leaving safepoint region
[2020-01-13T14:12:40.960+0000][1][safepoint    ] Total time for which application threads were stopped: 0.0000253 seconds, Stopping threads took: 0.0000052 seconds
[2020-01-13T14:12:41.209+0000][1][safepoint    ] Application time: 0.2491791 seconds
[2020-01-13T14:12:41.209+0000][1][safepoint    ] Entering safepoint region: GenCollectForAllocation
[2020-01-13T14:12:41.209+0000][1][gc,start     ] GC(4) Pause Young (Allocation Failure)
[2020-01-13T14:12:41.209+0000][1][gc,task      ] GC(4) Using 1 workers of 1 for evacuation
[2020-01-13T14:12:41.233+0000][1][gc,age       ] GC(4) Desired survivor size 4358144 bytes, new threshold 2 (max threshold 6)
[2020-01-13T14:12:41.233+0000][1][gc,age       ] GC(4) Age table with threshold 2 (max threshold 6)
[2020-01-13T14:12:41.233+0000][1][gc,age       ] GC(4) - age   1:    1315248 bytes,    1315248 total
[2020-01-13T14:12:41.233+0000][1][gc,age       ] GC(4) - age   2:    3331008 bytes,    4646256 total
[2020-01-13T14:12:41.233+0000][1][gc,age       ] GC(4) - age   3:     293728 bytes,    4939984 total
[2020-01-13T14:12:41.233+0000][1][gc,heap      ] GC(4) ParNew: 75541K->8512K(76672K)
[2020-01-13T14:12:41.233+0000][1][gc,heap      ] GC(4) CMS: 6655K->7810K(176960K)
[2020-01-13T14:12:41.233+0000][1][gc,metaspace ] GC(4) Metaspace: 18611K->18611K(1067008K)
[2020-01-13T14:12:41.233+0000][1][gc           ] GC(4) Pause Young (Allocation Failure) 80M->15M(247M) 23.859ms
[2020-01-13T14:12:41.233+0000][1][gc,cpu       ] GC(4) User=0.03s Sys=0.00s Real=0.02s
[2020-01-13T14:12:41.233+0000][1][safepoint    ] Leaving safepoint region
[2020-01-13T14:12:41.233+0000][1][safepoint    ] Total time for which application threads were stopped: 0.0240777 seconds, Stopping threads took: 0.0000384 seconds
[2020-01-13T14:12:41.243+0000][1][safepoint    ] Application time: 0.0100446 seconds
[2020-01-13T14:12:41.245+0000][1][safepoint    ] Entering safepoint region: RevokeBias
[2020-01-13T14:12:41.245+0000][1][safepoint    ] Leaving safepoint region
[2020-01-13T14:12:41.245+0000][1][safepoint    ] Total time for which application threads were stopped: 0.0018388 seconds, Stopping threads took: 0.0017295 seconds
[2020-01-13T14:12:41.245+0000][1][safepoint    ] Application time: 0.0000299 seconds
[2020-01-13T14:12:41.245+0000][1][safepoint    ] Entering safepoint region: RevokeBias
[2020-01-13T14:12:41.245+0000][1][safepoint    ] Leaving safepoint region
[2020-01-13T14:12:41.245+0000][1][safepoint    ] Total time for which application threads were stopped: 0.0000391 seconds, Stopping threads took: 0.0000044 seconds
[2020-01-13T14:12:41.245+0000][1][safepoint    ] Application time: 0.0000225 seconds
[2020-01-13T14:12:41.245+0000][1][safepoint    ] Entering safepoint region: RevokeBias
[2020-01-13T14:12:41.245+0000][1][safepoint    ] Leaving safepoint region
[2020-01-13T14:12:41.245+0000][1][safepoint    ] Total time for which application threads were stopped: 0.0000335 seconds, Stopping threads took: 0.0000042 seconds
[2020-01-13T14:12:41.245+0000][1][safepoint    ] Application time: 0.0000122 seconds
[2020-01-13T14:12:41.245+0000][1][safepoint    ] Entering safepoint region: RevokeBias
[2020-01-13T14:12:41.245+0000][1][safepoint    ] Leaving safepoint region
[2020-01-13T14:12:41.245+0000][1][safepoint    ] Total time for which application threads were stopped: 0.0000319 seconds, Stopping threads took: 0.0000039 seconds
[2020-01-13T14:12:41.290+0000][1][safepoint    ] Application time: 0.0444910 seconds
[2020-01-13T14:12:41.290+0000][1][safepoint    ] Entering safepoint region: Deoptimize
[2020-01-13T14:12:41.291+0000][1][safepoint    ] Leaving safepoint region
[2020-01-13T14:12:41.291+0000][1][safepoint    ] Total time for which application threads were stopped: 0.0005712 seconds, Stopping threads took: 0.0000235 seconds
[2020-01-13T14:12:41.384+0000][1][safepoint    ] Application time: 0.0932879 seconds
[2020-01-13T14:12:41.384+0000][1][safepoint    ] Entering safepoint region: Deoptimize
[2020-01-13T14:12:41.385+0000][1][safepoint    ] Leaving safepoint region
[2020-01-13T14:12:41.385+0000][1][safepoint    ] Total time for which application threads were stopped: 0.0006848 seconds, Stopping threads took: 0.0000265 seconds
[2020-01-13T14:12:41.400+0000][1][safepoint    ] Application time: 0.0157576 seconds
[2020-01-13T14:12:41.400+0000][1][safepoint    ] Entering safepoint region: RevokeBias
[2020-01-13T14:12:41.400+0000][1][safepoint    ] Leaving safepoint region
[2020-01-13T14:12:41.400+0000][1][safepoint    ] Total time for which application threads were stopped: 0.0001027 seconds, Stopping threads took: 0.0000307 seconds
[2020-01-13T14:12:41.404+0000][1][safepoint    ] Application time: 0.0034886 seconds
[2020-01-13T14:12:41.404+0000][1][safepoint    ] Entering safepoint region: RevokeBias
[2020-01-13T14:12:41.404+0000][1][safepoint    ] Leaving safepoint region
[2020-01-13T14:12:41.404+0000][1][safepoint    ] Total time for which application threads were stopped: 0.0000924 seconds, Stopping threads took: 0.0000265 seconds
[2020-01-13T14:12:41.668+0000][1][safepoint    ] Application time: 0.2637857 seconds
[2020-01-13T14:12:41.671+0000][1][safepoint    ] Entering safepoint region: GenCollectForAllocation
[2020-01-13T14:12:41.671+0000][1][gc,start     ] GC(5) Pause Young (Allocation Failure)
[2020-01-13T14:12:41.671+0000][1][gc,task      ] GC(5) Using 1 workers of 1 for evacuation
[2020-01-13T14:12:41.686+0000][1][gc,age       ] GC(5) Desired survivor size 4358144 bytes, new threshold 6 (max threshold 6)
[2020-01-13T14:12:41.686+0000][1][gc,age       ] GC(5) Age table with threshold 6 (max threshold 6)
[2020-01-13T14:12:41.686+0000][1][gc,age       ] GC(5) - age   1:    2176792 bytes,    2176792 total
[2020-01-13T14:12:41.686+0000][1][gc,age       ] GC(5) - age   2:     442592 bytes,    2619384 total
[2020-01-13T14:12:41.686+0000][1][gc,heap      ] GC(5) ParNew: 76672K->2956K(76672K)
[2020-01-13T14:12:41.686+0000][1][gc,heap      ] GC(5) CMS: 7810K->11381K(176960K)
[2020-01-13T14:12:41.686+0000][1][gc,metaspace ] GC(5) Metaspace: 18885K->18885K(1067008K)
[2020-01-13T14:12:41.686+0000][1][gc           ] GC(5) Pause Young (Allocation Failure) 82M->14M(247M) 15.289ms
[2020-01-13T14:12:41.686+0000][1][gc,cpu       ] GC(5) User=0.02s Sys=0.00s Real=0.01s
[2020-01-13T14:12:41.686+0000][1][safepoint    ] Leaving safepoint region
[2020-01-13T14:12:41.686+0000][1][safepoint    ] Total time for which application threads were stopped: 0.0185248 seconds, Stopping threads took: 0.0030806 seconds
[2020-01-13T14:12:41.694+0000][1][safepoint    ] Application time: 0.0078678 seconds
[2020-01-13T14:12:41.695+0000][1][safepoint    ] Entering safepoint region: RevokeBias
[2020-01-13T14:12:41.695+0000][1][safepoint    ] Leaving safepoint region
[2020-01-13T14:12:41.695+0000][1][safepoint    ] Total time for which application threads were stopped: 0.0010994 seconds, Stopping threads took: 0.0009841 seconds
[2020-01-13T14:12:41.696+0000][1][safepoint    ] Application time: 0.0000317 seconds
[2020-01-13T14:12:41.696+0000][1][safepoint    ] Entering safepoint region: RevokeBias
[2020-01-13T14:12:41.696+0000][1][safepoint    ] Leaving safepoint region
[2020-01-13T14:12:41.696+0000][1][safepoint    ] Total time for which application threads were stopped: 0.0000479 seconds, Stopping threads took: 0.0000048 seconds
[2020-01-13T14:12:41.698+0000][1][safepoint    ] Application time: 0.0027911 seconds
[2020-01-13T14:12:41.699+0000][1][safepoint    ] Entering safepoint region: RevokeBias
[2020-01-13T14:12:41.699+0000][1][safepoint    ] Leaving safepoint region
[2020-01-13T14:12:41.699+0000][1][safepoint    ] Total time for which application threads were stopped: 0.0004233 seconds, Stopping threads took: 0.0003604 seconds
[2020-01-13T14:12:41.699+0000][1][safepoint    ] Application time: 0.0000354 seconds
[2020-01-13T14:12:41.699+0000][1][safepoint    ] Entering safepoint region: RevokeBias
[2020-01-13T14:12:41.699+0000][1][safepoint    ] Leaving safepoint region
[2020-01-13T14:12:41.699+0000][1][safepoint    ] Total time for which application threads were stopped: 0.0000278 seconds, Stopping threads took: 0.0000053 seconds
[2020-01-13T14:12:41.699+0000][1][safepoint    ] Application time: 0.0000287 seconds
[2020-01-13T14:12:41.699+0000][1][safepoint    ] Entering safepoint region: RevokeBias
[2020-01-13T14:12:41.699+0000][1][safepoint    ] Leaving safepoint region
[2020-01-13T14:12:41.699+0000][1][safepoint    ] Total time for which application threads were stopped: 0.0000200 seconds, Stopping threads took: 0.0000049 seconds
[2020-01-13T14:12:41.699+0000][1][safepoint    ] Application time: 0.0000208 seconds
[2020-01-13T14:12:41.699+0000][1][safepoint    ] Entering safepoint region: RevokeBias
[2020-01-13T14:12:41.699+0000][1][safepoint    ] Leaving safepoint region
[2020-01-13T14:12:41.699+0000][1][safepoint    ] Total time for which application threads were stopped: 0.0000307 seconds, Stopping threads took: 0.0000074 seconds
[2020-01-13T14:12:41.958+0000][1][safepoint    ] Application time: 0.2585883 seconds
[2020-01-13T14:12:41.958+0000][1][safepoint    ] Entering safepoint region: RevokeBias
[2020-01-13T14:12:41.958+0000][1][safepoint    ] Leaving safepoint region
[2020-01-13T14:12:41.958+0000][1][safepoint    ] Total time for which application threads were stopped: 0.0000868 seconds, Stopping threads took: 0.0000137 seconds
[2020-01-13T14:12:41.994+0000][1][safepoint    ] Application time: 0.0359852 seconds
[2020-01-13T14:12:41.994+0000][1][safepoint    ] Entering safepoint region: GenCollectForAllocation
[2020-01-13T14:12:41.994+0000][1][gc,start     ] GC(6) Pause Young (Allocation Failure)
[2020-01-13T14:12:41.994+0000][1][gc,task      ] GC(6) Using 1 workers of 1 for evacuation
[2020-01-13T14:12:42.005+0000][1][gc,age       ] GC(6) Desired survivor size 4358144 bytes, new threshold 6 (max threshold 6)
[2020-01-13T14:12:42.005+0000][1][gc,age       ] GC(6) Age table with threshold 6 (max threshold 6)
[2020-01-13T14:12:42.005+0000][1][gc,age       ] GC(6) - age   1:    1287368 bytes,    1287368 total
[2020-01-13T14:12:42.005+0000][1][gc,age       ] GC(6) - age   2:    2163544 bytes,    3450912 total
[2020-01-13T14:12:42.005+0000][1][gc,age       ] GC(6) - age   3:     442592 bytes,    3893504 total
[2020-01-13T14:12:42.005+0000][1][gc,heap      ] GC(6) ParNew: 71116K->5315K(76672K)
[2020-01-13T14:12:42.005+0000][1][gc,heap      ] GC(6) CMS: 11381K->11381K(176960K)
[2020-01-13T14:12:42.005+0000][1][gc,metaspace ] GC(6) Metaspace: 19207K->19207K(1067008K)
[2020-01-13T14:12:42.005+0000][1][gc           ] GC(6) Pause Young (Allocation Failure) 80M->16M(247M) 11.475ms
[2020-01-13T14:12:42.005+0000][1][gc,cpu       ] GC(6) User=0.01s Sys=0.00s Real=0.01s
[2020-01-13T14:12:42.005+0000][1][safepoint    ] Leaving safepoint region
[2020-01-13T14:12:42.005+0000][1][safepoint    ] Total time for which application threads were stopped: 0.0116667 seconds, Stopping threads took: 0.0000307 seconds
[2020-01-13T14:12:42.010+0000][1][safepoint    ] Application time: 0.0048572 seconds
[2020-01-13T14:12:42.014+0000][1][safepoint    ] Entering safepoint region: BulkRevokeBias
[2020-01-13T14:12:42.015+0000][1][safepoint    ] Leaving safepoint region
[2020-01-13T14:12:42.015+0000][1][safepoint    ] Total time for which application threads were stopped: 0.0041921 seconds, Stopping threads took: 0.0040479 seconds
[2020-01-13T14:12:42.015+0000][1][safepoint    ] Application time: 0.0000426 seconds
[2020-01-13T14:12:42.015+0000][1][safepoint    ] Entering safepoint region: BulkRevokeBias
[2020-01-13T14:12:42.015+0000][1][safepoint    ] Leaving safepoint region
[2020-01-13T14:12:42.015+0000][1][safepoint    ] Total time for which application threads were stopped: 0.0000764 seconds, Stopping threads took: 0.0000062 seconds
[2020-01-13T14:12:42.295+0000][1][safepoint    ] Application time: 0.2799671 seconds
[2020-01-13T14:12:42.295+0000][1][safepoint    ] Entering safepoint region: GenCollectForAllocation
[2020-01-13T14:12:42.295+0000][1][gc,start     ] GC(7) Pause Young (Allocation Failure)
[2020-01-13T14:12:42.295+0000][1][gc,task      ] GC(7) Using 1 workers of 1 for evacuation
[2020-01-13T14:12:42.306+0000][1][gc,age       ] GC(7) Desired survivor size 4358144 bytes, new threshold 6 (max threshold 6)
[2020-01-13T14:12:42.306+0000][1][gc,age       ] GC(7) Age table with threshold 6 (max threshold 6)
[2020-01-13T14:12:42.306+0000][1][gc,age       ] GC(7) - age   1:    1167880 bytes,    1167880 total
[2020-01-13T14:12:42.306+0000][1][gc,age       ] GC(7) - age   2:     356960 bytes,    1524840 total
[2020-01-13T14:12:42.306+0000][1][gc,age       ] GC(7) - age   3:    2163520 bytes,    3688360 total
[2020-01-13T14:12:42.306+0000][1][gc,age       ] GC(7) - age   4:     442592 bytes,    4130952 total
[2020-01-13T14:12:42.306+0000][1][gc,heap      ] GC(7) ParNew: 73475K->7032K(76672K)
[2020-01-13T14:12:42.306+0000][1][gc,heap      ] GC(7) CMS: 11381K->11381K(176960K)
[2020-01-13T14:12:42.306+0000][1][gc,metaspace ] GC(7) Metaspace: 19499K->19499K(1067008K)
[2020-01-13T14:12:42.306+0000][1][gc           ] GC(7) Pause Young (Allocation Failure) 82M->17M(247M) 11.451ms
[2020-01-13T14:12:42.306+0000][1][gc,cpu       ] GC(7) User=0.01s Sys=0.00s Real=0.01s
[2020-01-13T14:12:42.306+0000][1][safepoint    ] Leaving safepoint region
[2020-01-13T14:12:42.306+0000][1][safepoint    ] Total time for which application threads were stopped: 0.0116269 seconds, Stopping threads took: 0.0000274 seconds
[2020-01-13T14:12:42.496+0000][1][safepoint    ] Application time: 0.1900394 seconds
[2020-01-13T14:12:42.496+0000][1][safepoint    ] Entering safepoint region: CollectForMetadataAllocation
[2020-01-13T14:12:42.497+0000][1][safepoint    ] Leaving safepoint region
[2020-01-13T14:12:42.497+0000][1][safepoint    ] Total time for which application threads were stopped: 0.0002883 seconds, Stopping threads took: 0.0000220 seconds
[2020-01-13T14:12:42.747+0000][1][safepoint    ] Application time: 0.2502750 seconds
[2020-01-13T14:12:42.747+0000][1][safepoint    ] Entering safepoint region: GenCollectForAllocation
[2020-01-13T14:12:42.747+0000][1][gc,start     ] GC(8) Pause Young (Allocation Failure)
[2020-01-13T14:12:42.747+0000][1][gc,task      ] GC(8) Using 1 workers of 1 for evacuation
[2020-01-13T14:12:42.760+0000][1][gc,age       ] GC(8) Desired survivor size 4358144 bytes, new threshold 4 (max threshold 6)
[2020-01-13T14:12:42.760+0000][1][gc,age       ] GC(8) Age table with threshold 4 (max threshold 6)
[2020-01-13T14:12:42.760+0000][1][gc,age       ] GC(8) - age   1:    2240632 bytes,    2240632 total
[2020-01-13T14:12:42.760+0000][1][gc,age       ] GC(8) - age   2:    1150768 bytes,    3391400 total
[2020-01-13T14:12:42.760+0000][1][gc,age       ] GC(8) - age   3:     356816 bytes,    3748216 total
[2020-01-13T14:12:42.760+0000][1][gc,age       ] GC(8) - age   4:    2161328 bytes,    5909544 total
[2020-01-13T14:12:42.760+0000][1][gc,age       ] GC(8) - age   5:     442592 bytes,    6352136 total
[2020-01-13T14:12:42.760+0000][1][gc,heap      ] GC(8) ParNew: 75192K->7175K(76672K)
[2020-01-13T14:12:42.760+0000][1][gc,heap      ] GC(8) CMS: 11381K->11381K(176960K)
[2020-01-13T14:12:42.760+0000][1][gc,metaspace ] GC(8) Metaspace: 20302K->20302K(1069056K)
[2020-01-13T14:12:42.760+0000][1][gc           ] GC(8) Pause Young (Allocation Failure) 84M->18M(247M) 13.160ms
[2020-01-13T14:12:42.760+0000][1][gc,cpu       ] GC(8) User=0.01s Sys=0.00s Real=0.02s
[2020-01-13T14:12:42.760+0000][1][safepoint    ] Leaving safepoint region
[2020-01-13T14:12:42.760+0000][1][safepoint    ] Total time for which application threads were stopped: 0.0133863 seconds, Stopping threads took: 0.0000687 seconds
[2020-01-13T14:12:42.768+0000][1][safepoint    ] Application time: 0.0072314 seconds
[2020-01-13T14:12:42.768+0000][1][safepoint    ] Entering safepoint region: CMS_Initial_Mark
[2020-01-13T14:12:42.768+0000][1][gc,start     ] GC(9) Pause Initial Mark
[2020-01-13T14:12:42.772+0000][1][gc           ] GC(9) Pause Initial Mark 20M->20M(247M) 3.857ms
[2020-01-13T14:12:42.772+0000][1][gc,cpu       ] GC(9) User=0.01s Sys=0.00s Real=0.01s
[2020-01-13T14:12:42.772+0000][1][safepoint    ] Leaving safepoint region
[2020-01-13T14:12:42.772+0000][1][safepoint    ] Total time for which application threads were stopped: 0.0040567 seconds, Stopping threads took: 0.0000513 seconds
[2020-01-13T14:12:42.779+0000][1][gc           ] GC(9) Concurrent Mark
[2020-01-13T14:12:42.813+0000][1][gc           ] GC(9) Concurrent Mark 33.389ms
[2020-01-13T14:12:42.813+0000][1][gc,cpu       ] GC(9) User=0.04s Sys=0.00s Real=0.03s
[2020-01-13T14:12:42.813+0000][1][gc           ] GC(9) Concurrent Preclean
[2020-01-13T14:12:42.813+0000][1][gc           ] GC(9) Concurrent Preclean 0.504ms
[2020-01-13T14:12:42.813+0000][1][gc,cpu       ] GC(9) User=0.00s Sys=0.00s Real=0.00s
[2020-01-13T14:12:42.813+0000][1][gc           ] GC(9) Concurrent Abortable Preclean
[2020-01-13T14:12:42.934+0000][1][safepoint    ] Application time: 0.1617536 seconds
[2020-01-13T14:12:42.934+0000][1][safepoint    ] Entering safepoint region: CollectForMetadataAllocation
[2020-01-13T14:12:42.934+0000][1][safepoint    ] Leaving safepoint region
[2020-01-13T14:12:42.934+0000][1][safepoint    ] Total time for which application threads were stopped: 0.0002765 seconds, Stopping threads took: 0.0000350 seconds
[2020-01-13T14:12:43.105+0000][1][safepoint    ] Application time: 0.1706360 seconds
[2020-01-13T14:12:43.105+0000][1][safepoint    ] Entering safepoint region: GenCollectForAllocation
[2020-01-13T14:12:43.105+0000][1][gc,start     ] GC(10) Pause Young (Allocation Failure)
[2020-01-13T14:12:43.105+0000][1][gc,task      ] GC(10) Using 1 workers of 1 for evacuation
[2020-01-13T14:12:43.123+0000][1][gc,age       ] GC(10) Desired survivor size 4358144 bytes, new threshold 6 (max threshold 6)
[2020-01-13T14:12:43.123+0000][1][gc,age       ] GC(10) Age table with threshold 6 (max threshold 6)
[2020-01-13T14:12:43.123+0000][1][gc,age       ] GC(10) - age   1:     892192 bytes,     892192 total
[2020-01-13T14:12:43.123+0000][1][gc,age       ] GC(10) - age   2:     611416 bytes,    1503608 total
[2020-01-13T14:12:43.123+0000][1][gc,age       ] GC(10) - age   3:    1150648 bytes,    2654256 total
[2020-01-13T14:12:43.123+0000][1][gc,age       ] GC(10) - age   4:     356816 bytes,    3011072 total
[2020-01-13T14:12:43.123+0000][1][gc,heap      ] GC(10) ParNew: 75335K->5250K(76672K)
[2020-01-13T14:12:43.124+0000][1][gc,heap      ] GC(10) CMS: 11381K->13941K(176960K)
[2020-01-13T14:12:43.124+0000][1][gc,metaspace ] GC(10) Metaspace: 20414K->20414K(1069056K)
[2020-01-13T14:12:43.124+0000][1][gc           ] GC(10) Pause Young (Allocation Failure) 84M->18M(247M) 18.830ms
[2020-01-13T14:12:43.124+0000][1][gc,cpu       ] GC(10) User=0.02s Sys=0.00s Real=0.02s
[2020-01-13T14:12:43.124+0000][1][safepoint    ] Leaving safepoint region
[2020-01-13T14:12:43.124+0000][1][safepoint    ] Total time for which application threads were stopped: 0.0189862 seconds, Stopping threads took: 0.0000274 seconds
[2020-01-13T14:12:43.308+0000][1][gc           ] GC(9) Concurrent Abortable Preclean 494.987ms
[2020-01-13T14:12:43.308+0000][1][gc,cpu       ] GC(9) User=0.48s Sys=0.01s Real=0.49s
[2020-01-13T14:12:43.308+0000][1][safepoint    ] Application time: 0.1848827 seconds
[2020-01-13T14:12:43.308+0000][1][safepoint    ] Entering safepoint region: CMS_Final_Remark
[2020-01-13T14:12:43.309+0000][1][gc,start     ] GC(9) Pause Remark
[2020-01-13T14:12:43.333+0000][1][gc           ] GC(9) Pause Remark 54M->54M(247M) 23.943ms
[2020-01-13T14:12:43.333+0000][1][gc,cpu       ] GC(9) User=0.02s Sys=0.00s Real=0.03s
[2020-01-13T14:12:43.333+0000][1][safepoint    ] Leaving safepoint region
[2020-01-13T14:12:43.333+0000][1][safepoint    ] Total time for which application threads were stopped: 0.0241285 seconds, Stopping threads took: 0.0000147 seconds
[2020-01-13T14:12:43.344+0000][1][gc           ] GC(9) Concurrent Sweep
[2020-01-13T14:12:43.350+0000][1][gc           ] GC(9) Concurrent Sweep 5.366ms
[2020-01-13T14:12:43.350+0000][1][gc,cpu       ] GC(9) User=0.01s Sys=0.00s Real=0.01s
[2020-01-13T14:12:43.350+0000][1][gc           ] GC(9) Concurrent Reset
[2020-01-13T14:12:43.350+0000][1][gc           ] GC(9) Concurrent Reset 0.406ms
[2020-01-13T14:12:43.350+0000][1][gc,cpu       ] GC(9) User=0.00s Sys=0.00s Real=0.00s
[2020-01-13T14:12:43.350+0000][1][gc,heap      ] GC(9) Old: 11381K->13915K(176960K)
[2020-01-13T14:12:43.445+0000][1][safepoint    ] Application time: 0.1128135 seconds
[2020-01-13T14:12:43.449+0000][1][safepoint    ] Entering safepoint region: GenCollectForAllocation
[2020-01-13T14:12:43.450+0000][1][gc,start     ] GC(11) Pause Young (Allocation Failure)
[2020-01-13T14:12:43.450+0000][1][gc,task      ] GC(11) Using 1 workers of 1 for evacuation
[2020-01-13T14:12:43.455+0000][1][gc,age       ] GC(11) Desired survivor size 4358144 bytes, new threshold 6 (max threshold 6)
[2020-01-13T14:12:43.455+0000][1][gc,age       ] GC(11) Age table with threshold 6 (max threshold 6)
[2020-01-13T14:12:43.455+0000][1][gc,age       ] GC(11) - age   1:     339168 bytes,     339168 total
[2020-01-13T14:12:43.455+0000][1][gc,age       ] GC(11) - age   2:     135312 bytes,     474480 total
[2020-01-13T14:12:43.455+0000][1][gc,age       ] GC(11) - age   3:     611368 bytes,    1085848 total
[2020-01-13T14:12:43.455+0000][1][gc,age       ] GC(11) - age   4:    1150544 bytes,    2236392 total
[2020-01-13T14:12:43.455+0000][1][gc,age       ] GC(11) - age   5:     356672 bytes,    2593064 total
[2020-01-13T14:12:43.455+0000][1][gc,heap      ] GC(11) ParNew: 73410K->4830K(76672K)
[2020-01-13T14:12:43.455+0000][1][gc,heap      ] GC(11) CMS: 13915K->13915K(176960K)
[2020-01-13T14:12:43.455+0000][1][gc,metaspace ] GC(11) Metaspace: 20492K->20492K(1069056K)
[2020-01-13T14:12:43.455+0000][1][gc           ] GC(11) Pause Young (Allocation Failure) 85M->18M(247M) 5.092ms
[2020-01-13T14:12:43.455+0000][1][gc,cpu       ] GC(11) User=0.01s Sys=0.00s Real=0.00s
[2020-01-13T14:12:43.455+0000][1][safepoint    ] Leaving safepoint region
[2020-01-13T14:12:43.455+0000][1][safepoint    ] Total time for which application threads were stopped: 0.0097281 seconds, Stopping threads took: 0.0039339 seconds
[2020-01-13T14:12:43.641+0000][1][safepoint    ] Application time: 0.1857984 seconds
[2020-01-13T14:12:43.644+0000][1][safepoint    ] Entering safepoint region: Deoptimize
[2020-01-13T14:12:43.645+0000][1][safepoint    ] Leaving safepoint region
[2020-01-13T14:12:43.645+0000][1][safepoint    ] Total time for which application threads were stopped: 0.0039086 seconds, Stopping threads took: 0.0033685 seconds
[2020-01-13T14:12:44.615+0000][1][safepoint    ] Application time: 0.9703959 seconds
[2020-01-13T14:12:44.615+0000][1][safepoint    ] Entering safepoint region: GenCollectForAllocation
[2020-01-13T14:12:44.616+0000][1][gc,start     ] GC(12) Pause Young (Allocation Failure)
[2020-01-13T14:12:44.616+0000][1][gc,task      ] GC(12) Using 1 workers of 1 for evacuation
[2020-01-13T14:12:44.632+0000][1][gc,age       ] GC(12) Desired survivor size 4358144 bytes, new threshold 6 (max threshold 6)
[2020-01-13T14:12:44.632+0000][1][gc,age       ] GC(12) Age table with threshold 6 (max threshold 6)
[2020-01-13T14:12:44.632+0000][1][gc,age       ] GC(12) - age   1:    1246064 bytes,    1246064 total
[2020-01-13T14:12:44.632+0000][1][gc,age       ] GC(12) - age   2:     321008 bytes,    1567072 total
[2020-01-13T14:12:44.632+0000][1][gc,age       ] GC(12) - age   3:     135200 bytes,    1702272 total
[2020-01-13T14:12:44.632+0000][1][gc,age       ] GC(12) - age   4:     611368 bytes,    2313640 total
[2020-01-13T14:12:44.632+0000][1][gc,age       ] GC(12) - age   5:    1148288 bytes,    3461928 total
[2020-01-13T14:12:44.632+0000][1][gc,age       ] GC(12) - age   6:     356408 bytes,    3818336 total
[2020-01-13T14:12:44.632+0000][1][gc,heap      ] GC(12) ParNew: 72990K->4660K(76672K)
[2020-01-13T14:12:44.632+0000][1][gc,heap      ] GC(12) CMS: 13915K->13915K(176960K)
[2020-01-13T14:12:44.632+0000][1][gc,metaspace ] GC(12) Metaspace: 23914K->23914K(1071104K)
[2020-01-13T14:12:44.632+0000][1][gc           ] GC(12) Pause Young (Allocation Failure) 84M->18M(247M) 16.172ms
[2020-01-13T14:12:44.632+0000][1][gc,cpu       ] GC(12) User=0.01s Sys=0.00s Real=0.02s
[2020-01-13T14:12:44.632+0000][1][safepoint    ] Leaving safepoint region
[2020-01-13T14:12:44.632+0000][1][safepoint    ] Total time for which application threads were stopped: 0.0166037 seconds, Stopping threads took: 0.0000315 seconds
[2020-01-13T14:12:44.851+0000][1][safepoint    ] Application time: 0.2188347 seconds
[2020-01-13T14:12:44.851+0000][1][safepoint    ] Entering safepoint region: Deoptimize
[2020-01-13T14:12:44.851+0000][1][safepoint    ] Leaving safepoint region
[2020-01-13T14:12:44.851+0000][1][safepoint    ] Total time for which application threads were stopped: 0.0005856 seconds, Stopping threads took: 0.0000251 seconds
[2020-01-13T14:12:44.890+0000][1][safepoint    ] Application time: 0.0382541 seconds
[2020-01-13T14:12:44.890+0000][1][safepoint    ] Entering safepoint region: Deoptimize
[2020-01-13T14:12:44.890+0000][1][safepoint    ] Leaving safepoint region
[2020-01-13T14:12:44.890+0000][1][safepoint    ] Total time for which application threads were stopped: 0.0005857 seconds, Stopping threads took: 0.0000227 seconds
[2020-01-13T14:12:44.904+0000][1][safepoint    ] Application time: 0.0136248 seconds
[2020-01-13T14:12:44.904+0000][1][safepoint    ] Entering safepoint region: RevokeBias
[2020-01-13T14:12:44.904+0000][1][safepoint    ] Leaving safepoint region
[2020-01-13T14:12:44.904+0000][1][safepoint    ] Total time for which application threads were stopped: 0.0000941 seconds, Stopping threads took: 0.0000391 seconds
[2020-01-13T14:12:45.904+0000][1][safepoint    ] Application time: 1.0000938 seconds
[2020-01-13T14:12:45.908+0000][1][safepoint    ] Entering safepoint region: Cleanup
[2020-01-13T14:12:45.909+0000][1][safepoint    ] Leaving safepoint region
[2020-01-13T14:12:45.909+0000][1][safepoint    ] Total time for which application threads were stopped: 0.0042367 seconds, Stopping threads took: 0.0038449 seconds
[2020-01-13T14:12:46.455+0000][1][safepoint    ] Application time: 0.5464960 seconds
[2020-01-13T14:12:46.455+0000][1][safepoint    ] Entering safepoint region: GenCollectForAllocation
[2020-01-13T14:12:46.455+0000][1][gc,start     ] GC(13) Pause Young (Allocation Failure)
[2020-01-13T14:12:46.455+0000][1][gc,task      ] GC(13) Using 1 workers of 1 for evacuation
[2020-01-13T14:12:46.535+0000][1][gc,age       ] GC(13) Desired survivor size 4358144 bytes, new threshold 1 (max threshold 6)
[2020-01-13T14:12:46.535+0000][1][gc,age       ] GC(13) Age table with threshold 1 (max threshold 6)
[2020-01-13T14:12:46.535+0000][1][gc,age       ] GC(13) - age   1:    5941408 bytes,    5941408 total
[2020-01-13T14:12:46.535+0000][1][gc,age       ] GC(13) - age   2:     638576 bytes,    6579984 total
[2020-01-13T14:12:46.535+0000][1][gc,age       ] GC(13) - age   3:     311280 bytes,    6891264 total
[2020-01-13T14:12:46.535+0000][1][gc,age       ] GC(13) - age   4:     127152 bytes,    7018416 total
[2020-01-13T14:12:46.535+0000][1][gc,age       ] GC(13) - age   5:     555536 bytes,    7573952 total
[2020-01-13T14:12:46.535+0000][1][gc,age       ] GC(13) - age   6:    1142248 bytes,    8716200 total
[2020-01-13T14:12:46.535+0000][1][gc,heap      ] GC(13) ParNew: 72820K->8512K(76672K)
[2020-01-13T14:12:46.535+0000][1][gc,heap      ] GC(13) CMS: 13915K->23047K(176960K)
[2020-01-13T14:12:46.535+0000][1][gc,metaspace ] GC(13) Metaspace: 26906K->26906K(1075200K)
[2020-01-13T14:12:46.535+0000][1][gc           ] GC(13) Pause Young (Allocation Failure) 84M->30M(247M) 80.049ms
[2020-01-13T14:12:46.535+0000][1][gc,cpu       ] GC(13) User=0.08s Sys=0.00s Real=0.08s
[2020-01-13T14:12:46.535+0000][1][safepoint    ] Leaving safepoint region
[2020-01-13T14:12:46.535+0000][1][safepoint    ] Total time for which application threads were stopped: 0.0802319 seconds, Stopping threads took: 0.0000283 seconds
[2020-01-13T14:12:47.182+0000][1][safepoint    ] Application time: 0.6463834 seconds
[2020-01-13T14:12:47.182+0000][1][safepoint    ] Entering safepoint region: RevokeBias
[2020-01-13T14:12:47.182+0000][1][safepoint    ] Leaving safepoint region
[2020-01-13T14:12:47.182+0000][1][safepoint    ] Total time for which application threads were stopped: 0.0001660 seconds, Stopping threads took: 0.0000390 seconds
[2020-01-13T14:12:47.632+0000][1][safepoint    ] Application time: 0.4496549 seconds
[2020-01-13T14:12:47.632+0000][1][safepoint    ] Entering safepoint region: GenCollectForAllocation
[2020-01-13T14:12:47.632+0000][1][gc,start     ] GC(14) Pause Young (Allocation Failure)
[2020-01-13T14:12:47.632+0000][1][gc,task      ] GC(14) Using 1 workers of 1 for evacuation
[2020-01-13T14:12:47.727+0000][1][gc,age       ] GC(14) Desired survivor size 4358144 bytes, new threshold 1 (max threshold 6)
[2020-01-13T14:12:47.727+0000][1][gc,age       ] GC(14) Age table with threshold 1 (max threshold 6)
[2020-01-13T14:12:47.727+0000][1][gc,age       ] GC(14) - age   1:    8716184 bytes,    8716184 total
[2020-01-13T14:12:47.727+0000][1][gc,heap      ] GC(14) ParNew: 76672K->8512K(76672K)
[2020-01-13T14:12:47.727+0000][1][gc,heap      ] GC(14) CMS: 23047K->35763K(176960K)
[2020-01-13T14:12:47.727+0000][1][gc,metaspace ] GC(14) Metaspace: 27052K->27052K(1075200K)
[2020-01-13T14:12:47.727+0000][1][gc           ] GC(14) Pause Young (Allocation Failure) 97M->43M(247M) 95.290ms
[2020-01-13T14:12:47.727+0000][1][gc,cpu       ] GC(14) User=0.09s Sys=0.00s Real=0.09s
[2020-01-13T14:12:47.727+0000][1][safepoint    ] Leaving safepoint region
[2020-01-13T14:12:47.727+0000][1][safepoint    ] Total time for which application threads were stopped: 0.0954902 seconds, Stopping threads took: 0.0000284 seconds
[2020-01-13T14:12:48.738+0000][1][safepoint    ] Application time: 1.0112348 seconds
[2020-01-13T14:12:48.740+0000][1][safepoint    ] Entering safepoint region: Cleanup
[2020-01-13T14:12:48.741+0000][1][safepoint    ] Leaving safepoint region
[2020-01-13T14:12:48.741+0000][1][safepoint    ] Total time for which application threads were stopped: 0.0020936 seconds, Stopping threads took: 0.0019910 seconds
[2020-01-13T14:12:49.086+0000][1][safepoint    ] Application time: 0.3453027 seconds
[2020-01-13T14:12:49.089+0000][1][safepoint    ] Entering safepoint region: GenCollectForAllocation
[2020-01-13T14:12:49.089+0000][1][gc,start     ] GC(15) Pause Young (Allocation Failure)
[2020-01-13T14:12:49.089+0000][1][gc,task      ] GC(15) Using 1 workers of 1 for evacuation
[2020-01-13T14:12:49.213+0000][1][gc,age       ] GC(15) Desired survivor size 4358144 bytes, new threshold 1 (max threshold 6)
[2020-01-13T14:12:49.213+0000][1][gc,age       ] GC(15) Age table with threshold 1 (max threshold 6)
[2020-01-13T14:12:49.213+0000][1][gc,age       ] GC(15) - age   1:    8715592 bytes,    8715592 total
[2020-01-13T14:12:49.213+0000][1][gc,heap      ] GC(15) ParNew: 76672K->8512K(76672K)
[2020-01-13T14:12:49.213+0000][1][gc,heap      ] GC(15) CMS: 35763K->45752K(176960K)
[2020-01-13T14:12:49.213+0000][1][gc,metaspace ] GC(15) Metaspace: 29983K->29983K(1077248K)
[2020-01-13T14:12:49.213+0000][1][gc           ] GC(15) Pause Young (Allocation Failure) 109M->52M(247M) 123.237ms
[2020-01-13T14:12:49.213+0000][1][gc,cpu       ] GC(15) User=0.12s Sys=0.00s Real=0.12s
[2020-01-13T14:12:49.213+0000][1][safepoint    ] Leaving safepoint region
[2020-01-13T14:12:49.213+0000][1][safepoint    ] Total time for which application threads were stopped: 0.1268237 seconds, Stopping threads took: 0.0034540 seconds
[2020-01-13T14:12:49.991+0000][1][safepoint    ] Application time: 0.7782101 seconds
[2020-01-13T14:12:49.991+0000][1][safepoint    ] Entering safepoint region: GenCollectForAllocation
[2020-01-13T14:12:49.991+0000][1][gc,start     ] GC(16) Pause Young (Allocation Failure)
[2020-01-13T14:12:49.991+0000][1][gc,task      ] GC(16) Using 1 workers of 1 for evacuation
[2020-01-13T14:12:50.042+0000][1][gc,age       ] GC(16) Desired survivor size 4358144 bytes, new threshold 6 (max threshold 6)
[2020-01-13T14:12:50.042+0000][1][gc,age       ] GC(16) Age table with threshold 6 (max threshold 6)
[2020-01-13T14:12:50.042+0000][1][gc,age       ] GC(16) - age   1:    1079128 bytes,    1079128 total
[2020-01-13T14:12:50.042+0000][1][gc,heap      ] GC(16) ParNew: 76672K->8428K(76672K)
[2020-01-13T14:12:50.042+0000][1][gc,heap      ] GC(16) CMS: 45752K->54325K(176960K)
[2020-01-13T14:12:50.042+0000][1][gc,metaspace ] GC(16) Metaspace: 32821K->32821K(1079296K)
[2020-01-13T14:12:50.042+0000][1][gc           ] GC(16) Pause Young (Allocation Failure) 119M->61M(247M) 50.834ms
[2020-01-13T14:12:50.042+0000][1][gc,cpu       ] GC(16) User=0.05s Sys=0.00s Real=0.05s
[2020-01-13T14:12:50.042+0000][1][safepoint    ] Leaving safepoint region
[2020-01-13T14:12:50.042+0000][1][safepoint    ] Total time for which application threads were stopped: 0.0511358 seconds, Stopping threads took: 0.0000385 seconds
[2020-01-13T14:12:50.578+0000][1][safepoint    ] Application time: 0.5356599 seconds
[2020-01-13T14:12:50.581+0000][1][safepoint    ] Entering safepoint region: CollectForMetadataAllocation
[2020-01-13T14:12:50.582+0000][1][safepoint    ] Leaving safepoint region
[2020-01-13T14:12:50.582+0000][1][safepoint    ] Total time for which application threads were stopped: 0.0039046 seconds, Stopping threads took: 0.0035285 seconds
[2020-01-13T14:12:50.669+0000][1][safepoint    ] Application time: 0.0867457 seconds
[2020-01-13T14:12:50.669+0000][1][safepoint    ] Entering safepoint region: CollectForMetadataAllocation
[2020-01-13T14:12:50.669+0000][1][safepoint    ] Leaving safepoint region
[2020-01-13T14:12:50.669+0000][1][safepoint    ] Total time for which application threads were stopped: 0.0002013 seconds, Stopping threads took: 0.0000226 seconds
[2020-01-13T14:12:50.739+0000][1][safepoint    ] Application time: 0.0700492 seconds
[2020-01-13T14:12:50.739+0000][1][safepoint    ] Entering safepoint region: CollectForMetadataAllocation
[2020-01-13T14:12:50.739+0000][1][safepoint    ] Leaving safepoint region
[2020-01-13T14:12:50.739+0000][1][safepoint    ] Total time for which application threads were stopped: 0.0003031 seconds, Stopping threads took: 0.0000259 seconds
[2020-01-13T14:12:50.772+0000][1][safepoint    ] Application time: 0.0332218 seconds
[2020-01-13T14:12:50.772+0000][1][safepoint    ] Entering safepoint region: CollectForMetadataAllocation
[2020-01-13T14:12:50.773+0000][1][safepoint    ] Leaving safepoint region
[2020-01-13T14:12:50.773+0000][1][safepoint    ] Total time for which application threads were stopped: 0.0002682 seconds, Stopping threads took: 0.0000247 seconds
[2020-01-13T14:12:50.805+0000][1][safepoint    ] Application time: 0.0323647 seconds
[2020-01-13T14:12:50.808+0000][1][safepoint    ] Entering safepoint region: CollectForMetadataAllocation
[2020-01-13T14:12:50.809+0000][1][safepoint    ] Leaving safepoint region
[2020-01-13T14:12:50.809+0000][1][safepoint    ] Total time for which application threads were stopped: 0.0034769 seconds, Stopping threads took: 0.0032363 seconds
[2020-01-13T14:12:50.862+0000][1][safepoint    ] Application time: 0.0536511 seconds
[2020-01-13T14:12:50.862+0000][1][safepoint    ] Entering safepoint region: CollectForMetadataAllocation
[2020-01-13T14:12:50.863+0000][1][safepoint    ] Leaving safepoint region
[2020-01-13T14:12:50.863+0000][1][safepoint    ] Total time for which application threads were stopped: 0.0002692 seconds, Stopping threads took: 0.0000268 seconds
[2020-01-13T14:12:50.902+0000][1][safepoint    ] Application time: 0.0397219 seconds
[2020-01-13T14:12:50.906+0000][1][safepoint    ] Entering safepoint region: CollectForMetadataAllocation
[2020-01-13T14:12:50.907+0000][1][safepoint    ] Leaving safepoint region
[2020-01-13T14:12:50.907+0000][1][safepoint    ] Total time for which application threads were stopped: 0.0043022 seconds, Stopping threads took: 0.0040211 seconds
[2020-01-13T14:12:50.962+0000][1][safepoint    ] Application time: 0.0556825 seconds
[2020-01-13T14:12:50.962+0000][1][safepoint    ] Entering safepoint region: CollectForMetadataAllocation
[2020-01-13T14:12:50.963+0000][1][safepoint    ] Leaving safepoint region
[2020-01-13T14:12:50.963+0000][1][safepoint    ] Total time for which application threads were stopped: 0.0002989 seconds, Stopping threads took: 0.0000260 seconds
[2020-01-13T14:12:51.016+0000][1][safepoint    ] Application time: 0.0534997 seconds
[2020-01-13T14:12:51.019+0000][1][safepoint    ] Entering safepoint region: CollectForMetadataAllocation
[2020-01-13T14:12:51.019+0000][1][safepoint    ] Leaving safepoint region
[2020-01-13T14:12:51.019+0000][1][safepoint    ] Total time for which application threads were stopped: 0.0025927 seconds, Stopping threads took: 0.0024105 seconds
[2020-01-13T14:12:51.096+0000][1][safepoint    ] Application time: 0.0772414 seconds
[2020-01-13T14:12:51.096+0000][1][safepoint    ] Entering safepoint region: CollectForMetadataAllocation
[2020-01-13T14:12:51.097+0000][1][safepoint    ] Leaving safepoint region
[2020-01-13T14:12:51.097+0000][1][safepoint    ] Total time for which application threads were stopped: 0.0004067 seconds, Stopping threads took: 0.0000778 seconds
[2020-01-13T14:12:51.131+0000][1][safepoint    ] Application time: 0.0346340 seconds
[2020-01-13T14:12:51.131+0000][1][safepoint    ] Entering safepoint region: RevokeBias
[2020-01-13T14:12:51.131+0000][1][safepoint    ] Leaving safepoint region
[2020-01-13T14:12:51.131+0000][1][safepoint    ] Total time for which application threads were stopped: 0.0001810 seconds, Stopping threads took: 0.0000248 seconds
[2020-01-13T14:12:51.150+0000][1][safepoint    ] Application time: 0.0186192 seconds
[2020-01-13T14:12:51.150+0000][1][safepoint    ] Entering safepoint region: CollectForMetadataAllocation
[2020-01-13T14:12:51.150+0000][1][safepoint    ] Leaving safepoint region
[2020-01-13T14:12:51.150+0000][1][safepoint    ] Total time for which application threads were stopped: 0.0002787 seconds, Stopping threads took: 0.0000211 seconds
[2020-01-13T14:12:51.218+0000][1][safepoint    ] Application time: 0.0675077 seconds
[2020-01-13T14:12:51.221+0000][1][safepoint    ] Entering safepoint region: CollectForMetadataAllocation
[2020-01-13T14:12:51.222+0000][1][safepoint    ] Leaving safepoint region
[2020-01-13T14:12:51.222+0000][1][safepoint    ] Total time for which application threads were stopped: 0.0036763 seconds, Stopping threads took: 0.0034518 seconds
[2020-01-13T14:12:51.297+0000][1][safepoint    ] Application time: 0.0758314 seconds
[2020-01-13T14:12:51.302+0000][1][safepoint    ] Entering safepoint region: CollectForMetadataAllocation
[2020-01-13T14:12:51.303+0000][1][safepoint    ] Leaving safepoint region
[2020-01-13T14:12:51.303+0000][1][safepoint    ] Total time for which application threads were stopped: 0.0051735 seconds, Stopping threads took: 0.0048808 seconds
[2020-01-13T14:12:51.364+0000][1][safepoint    ] Application time: 0.0614691 seconds
[2020-01-13T14:12:51.364+0000][1][safepoint    ] Entering safepoint region: CollectForMetadataAllocation
[2020-01-13T14:12:51.365+0000][1][safepoint    ] Leaving safepoint region
[2020-01-13T14:12:51.365+0000][1][safepoint    ] Total time for which application threads were stopped: 0.0002800 seconds, Stopping threads took: 0.0000260 seconds
[2020-01-13T14:12:51.426+0000][1][safepoint    ] Application time: 0.0614883 seconds
[2020-01-13T14:12:51.427+0000][1][safepoint    ] Entering safepoint region: CollectForMetadataAllocation
[2020-01-13T14:12:51.427+0000][1][safepoint    ] Leaving safepoint region
[2020-01-13T14:12:51.427+0000][1][safepoint    ] Total time for which application threads were stopped: 0.0007610 seconds, Stopping threads took: 0.0005272 seconds
[2020-01-13T14:12:51.470+0000][1][safepoint    ] Application time: 0.0435287 seconds
[2020-01-13T14:12:51.470+0000][1][safepoint    ] Entering safepoint region: CollectForMetadataAllocation
[2020-01-13T14:12:51.471+0000][1][safepoint    ] Leaving safepoint region
[2020-01-13T14:12:51.471+0000][1][safepoint    ] Total time for which application threads were stopped: 0.0002593 seconds, Stopping threads took: 0.0000254 seconds
[2020-01-13T14:12:51.526+0000][1][safepoint    ] Application time: 0.0551319 seconds
[2020-01-13T14:12:51.526+0000][1][safepoint    ] Entering safepoint region: CollectForMetadataAllocation
[2020-01-13T14:12:51.526+0000][1][safepoint    ] Leaving safepoint region
[2020-01-13T14:12:51.526+0000][1][safepoint    ] Total time for which application threads were stopped: 0.0002823 seconds, Stopping threads took: 0.0000249 seconds
[2020-01-13T14:12:51.571+0000][1][safepoint    ] Application time: 0.0453050 seconds
[2020-01-13T14:12:51.575+0000][1][safepoint    ] Entering safepoint region: CollectForMetadataAllocation
[2020-01-13T14:12:51.576+0000][1][safepoint    ] Leaving safepoint region
[2020-01-13T14:12:51.576+0000][1][safepoint    ] Total time for which application threads were stopped: 0.0041932 seconds, Stopping threads took: 0.0039334 seconds
[2020-01-13T14:12:51.632+0000][1][safepoint    ] Application time: 0.0561472 seconds
[2020-01-13T14:12:51.632+0000][1][safepoint    ] Entering safepoint region: CollectForMetadataAllocation
[2020-01-13T14:12:51.632+0000][1][safepoint    ] Leaving safepoint region
[2020-01-13T14:12:51.632+0000][1][safepoint    ] Total time for which application threads were stopped: 0.0002774 seconds, Stopping threads took: 0.0000367 seconds
[2020-01-13T14:12:51.676+0000][1][safepoint    ] Application time: 0.0435902 seconds
[2020-01-13T14:12:51.678+0000][1][safepoint    ] Entering safepoint region: CollectForMetadataAllocation
[2020-01-13T14:12:51.679+0000][1][safepoint    ] Leaving safepoint region
[2020-01-13T14:12:51.679+0000][1][safepoint    ] Total time for which application threads were stopped: 0.0028037 seconds, Stopping threads took: 0.0026254 seconds
[2020-01-13T14:12:51.764+0000][1][safepoint    ] Application time: 0.0854802 seconds
[2020-01-13T14:12:51.767+0000][1][safepoint    ] Entering safepoint region: CollectForMetadataAllocation
[2020-01-13T14:12:51.768+0000][1][safepoint    ] Leaving safepoint region
[2020-01-13T14:12:51.768+0000][1][safepoint    ] Total time for which application threads were stopped: 0.0034641 seconds, Stopping threads took: 0.0032689 seconds
[2020-01-13T14:12:51.795+0000][1][safepoint    ] Application time: 0.0278139 seconds
[2020-01-13T14:12:51.795+0000][1][safepoint    ] Entering safepoint region: CollectForMetadataAllocation
[2020-01-13T14:12:51.796+0000][1][safepoint    ] Leaving safepoint region
[2020-01-13T14:12:51.796+0000][1][safepoint    ] Total time for which application threads were stopped: 0.0002133 seconds, Stopping threads took: 0.0000240 seconds
[2020-01-13T14:12:51.843+0000][1][safepoint    ] Application time: 0.0477249 seconds
[2020-01-13T14:12:51.843+0000][1][safepoint    ] Entering safepoint region: CollectForMetadataAllocation
[2020-01-13T14:12:51.844+0000][1][safepoint    ] Leaving safepoint region
[2020-01-13T14:12:51.844+0000][1][safepoint    ] Total time for which application threads were stopped: 0.0002678 seconds, Stopping threads took: 0.0000216 seconds
[2020-01-13T14:12:51.879+0000][1][safepoint    ] Application time: 0.0351411 seconds
[2020-01-13T14:12:51.879+0000][1][safepoint    ] Entering safepoint region: GenCollectForAllocation
[2020-01-13T14:12:51.879+0000][1][gc,start     ] GC(17) Pause Young (Allocation Failure)
[2020-01-13T14:12:51.879+0000][1][gc,task      ] GC(17) Using 1 workers of 1 for evacuation
[2020-01-13T14:12:51.913+0000][1][gc,age       ] GC(17) Desired survivor size 4358144 bytes, new threshold 6 (max threshold 6)
[2020-01-13T14:12:51.913+0000][1][gc,age       ] GC(17) Age table with threshold 6 (max threshold 6)
[2020-01-13T14:12:51.913+0000][1][gc,age       ] GC(17) - age   1:    2960368 bytes,    2960368 total
[2020-01-13T14:12:51.913+0000][1][gc,age       ] GC(17) - age   2:    1027344 bytes,    3987712 total
[2020-01-13T14:12:51.913+0000][1][gc,heap      ] GC(17) ParNew: 76588K->4609K(76672K)
[2020-01-13T14:12:51.913+0000][1][gc,heap      ] GC(17) CMS: 54325K->54325K(176960K)
[2020-01-13T14:12:51.913+0000][1][gc,metaspace ] GC(17) Metaspace: 40396K->40396K(1087488K)
[2020-01-13T14:12:51.913+0000][1][gc           ] GC(17) Pause Young (Allocation Failure) 127M->57M(247M) 34.052ms
[2020-01-13T14:12:51.913+0000][1][gc,cpu       ] GC(17) User=0.03s Sys=0.00s Real=0.04s
[2020-01-13T14:12:51.913+0000][1][safepoint    ] Leaving safepoint region
[2020-01-13T14:12:51.913+0000][1][safepoint    ] Total time for which application threads were stopped: 0.0341992 seconds, Stopping threads took: 0.0000251 seconds
[2020-01-13T14:12:51.921+0000][1][safepoint    ] Application time: 0.0081906 seconds
[2020-01-13T14:12:51.921+0000][1][safepoint    ] Entering safepoint region: CMS_Initial_Mark
[2020-01-13T14:12:51.921+0000][1][gc,start     ] GC(18) Pause Initial Mark
[2020-01-13T14:12:51.931+0000][1][gc           ] GC(18) Pause Initial Mark 58M->58M(247M) 9.753ms
[2020-01-13T14:12:51.931+0000][1][gc,cpu       ] GC(18) User=0.01s Sys=0.00s Real=0.01s
[2020-01-13T14:12:51.931+0000][1][safepoint    ] Leaving safepoint region
[2020-01-13T14:12:51.931+0000][1][safepoint    ] Total time for which application threads were stopped: 0.0099432 seconds, Stopping threads took: 0.0000274 seconds
[2020-01-13T14:12:51.935+0000][1][gc           ] GC(18) Concurrent Mark
[2020-01-13T14:12:52.034+0000][1][safepoint    ] Application time: 0.1030161 seconds
[2020-01-13T14:12:52.034+0000][1][safepoint    ] Entering safepoint region: CollectForMetadataAllocation
[2020-01-13T14:12:52.035+0000][1][safepoint    ] Leaving safepoint region
[2020-01-13T14:12:52.035+0000][1][safepoint    ] Total time for which application threads were stopped: 0.0002697 seconds, Stopping threads took: 0.0000196 seconds
[2020-01-13T14:12:52.125+0000][1][safepoint    ] Application time: 0.0906685 seconds
[2020-01-13T14:12:52.125+0000][1][safepoint    ] Entering safepoint region: CollectForMetadataAllocation
[2020-01-13T14:12:52.126+0000][1][safepoint    ] Leaving safepoint region
[2020-01-13T14:12:52.126+0000][1][safepoint    ] Total time for which application threads were stopped: 0.0002053 seconds, Stopping threads took: 0.0000204 seconds
[2020-01-13T14:12:52.135+0000][1][gc           ] GC(18) Concurrent Mark 199.946ms
[2020-01-13T14:12:52.135+0000][1][gc,cpu       ] GC(18) User=0.20s Sys=0.00s Real=0.20s
[2020-01-13T14:12:52.135+0000][1][gc           ] GC(18) Concurrent Preclean
[2020-01-13T14:12:52.143+0000][1][gc           ] GC(18) Concurrent Preclean 7.300ms
[2020-01-13T14:12:52.143+0000][1][gc,cpu       ] GC(18) User=0.00s Sys=0.00s Real=0.01s
[2020-01-13T14:12:52.143+0000][1][gc           ] GC(18) Concurrent Abortable Preclean
[2020-01-13T14:12:52.257+0000][1][safepoint    ] Application time: 0.1316871 seconds
[2020-01-13T14:12:52.257+0000][1][safepoint    ] Entering safepoint region: CollectForMetadataAllocation
[2020-01-13T14:12:52.258+0000][1][safepoint    ] Leaving safepoint region
[2020-01-13T14:12:52.258+0000][1][safepoint    ] Total time for which application threads were stopped: 0.0002930 seconds, Stopping threads took: 0.0000314 seconds
[2020-01-13T14:12:52.355+0000][1][safepoint    ] Application time: 0.0970362 seconds
[2020-01-13T14:12:52.355+0000][1][safepoint    ] Entering safepoint region: CollectForMetadataAllocation
[2020-01-13T14:12:52.355+0000][1][safepoint    ] Leaving safepoint region
[2020-01-13T14:12:52.355+0000][1][safepoint    ] Total time for which application threads were stopped: 0.0003128 seconds, Stopping threads took: 0.0000252 seconds
[2020-01-13T14:12:52.389+0000][1][safepoint    ] Application time: 0.0342696 seconds
[2020-01-13T14:12:52.389+0000][1][safepoint    ] Entering safepoint region: RevokeBias
[2020-01-13T14:12:52.390+0000][1][safepoint    ] Leaving safepoint region
[2020-01-13T14:12:52.390+0000][1][safepoint    ] Total time for which application threads were stopped: 0.0001374 seconds, Stopping threads took: 0.0000443 seconds
[2020-01-13T14:12:52.391+0000][1][safepoint    ] Application time: 0.0015999 seconds
[2020-01-13T14:12:52.391+0000][1][safepoint    ] Entering safepoint region: RevokeBias
[2020-01-13T14:12:52.391+0000][1][safepoint    ] Leaving safepoint region
[2020-01-13T14:12:52.391+0000][1][safepoint    ] Total time for which application threads were stopped: 0.0000810 seconds, Stopping threads took: 0.0000100 seconds
[2020-01-13T14:12:52.391+0000][1][safepoint    ] Application time: 0.0000366 seconds
[2020-01-13T14:12:52.391+0000][1][safepoint    ] Entering safepoint region: RevokeBias
[2020-01-13T14:12:52.391+0000][1][safepoint    ] Leaving safepoint region
[2020-01-13T14:12:52.391+0000][1][safepoint    ] Total time for which application threads were stopped: 0.0000479 seconds, Stopping threads took: 0.0000259 seconds
[2020-01-13T14:12:52.391+0000][1][safepoint    ] Application time: 0.0000162 seconds
[2020-01-13T14:12:52.391+0000][1][safepoint    ] Entering safepoint region: RevokeBias
[2020-01-13T14:12:52.391+0000][1][safepoint    ] Leaving safepoint region
[2020-01-13T14:12:52.391+0000][1][safepoint    ] Total time for which application threads were stopped: 0.0000217 seconds, Stopping threads took: 0.0000046 seconds
[2020-01-13T14:12:52.482+0000][1][safepoint    ] Application time: 0.0909508 seconds
[2020-01-13T14:12:52.482+0000][1][safepoint    ] Entering safepoint region: CollectForMetadataAllocation
[2020-01-13T14:12:52.483+0000][1][safepoint    ] Leaving safepoint region
[2020-01-13T14:12:52.483+0000][1][safepoint    ] Total time for which application threads were stopped: 0.0002930 seconds, Stopping threads took: 0.0000189 seconds
[2020-01-13T14:12:53.483+0000][1][safepoint    ] Application time: 1.0000938 seconds
[2020-01-13T14:12:53.490+0000][1][safepoint    ] Entering safepoint region: Cleanup
[2020-01-13T14:12:53.491+0000][1][safepoint    ] Leaving safepoint region
[2020-01-13T14:12:53.491+0000][1][safepoint    ] Total time for which application threads were stopped: 0.0076437 seconds, Stopping threads took: 0.0075706 seconds
[2020-01-13T14:12:54.169+0000][1][safepoint    ] Application time: 0.6779841 seconds
[2020-01-13T14:12:54.169+0000][1][safepoint    ] Entering safepoint region: CollectForMetadataAllocation
[2020-01-13T14:12:54.170+0000][1][safepoint    ] Leaving safepoint region
[2020-01-13T14:12:54.170+0000][1][safepoint    ] Total time for which application threads were stopped: 0.0003436 seconds, Stopping threads took: 0.0000963 seconds
[2020-01-13T14:12:54.662+0000][1][safepoint    ] Application time: 0.4928224 seconds
[2020-01-13T14:12:54.663+0000][1][safepoint    ] Entering safepoint region: CollectForMetadataAllocation
[2020-01-13T14:12:54.663+0000][1][safepoint    ] Leaving safepoint region
[2020-01-13T14:12:54.663+0000][1][safepoint    ] Total time for which application threads were stopped: 0.0003194 seconds, Stopping threads took: 0.0000255 seconds
[2020-01-13T14:12:54.771+0000][1][safepoint    ] Application time: 0.1079082 seconds
[2020-01-13T14:12:54.771+0000][1][safepoint    ] Entering safepoint region: CollectForMetadataAllocation
[2020-01-13T14:12:54.771+0000][1][safepoint    ] Leaving safepoint region
[2020-01-13T14:12:54.771+0000][1][safepoint    ] Total time for which application threads were stopped: 0.0002374 seconds, Stopping threads took: 0.0000371 seconds
[2020-01-13T14:12:55.139+0000][1][gc           ] GC(18) Concurrent Abortable Preclean 2996.040ms
[2020-01-13T14:12:55.139+0000][1][gc,cpu       ] GC(18) User=2.95s Sys=0.03s Real=2.99s
[2020-01-13T14:12:55.139+0000][1][safepoint    ] Application time: 0.3678379 seconds
[2020-01-13T14:12:55.143+0000][1][safepoint    ] Entering safepoint region: CMS_Final_Remark
[2020-01-13T14:12:55.144+0000][1][gc,start     ] GC(18) Pause Remark
[2020-01-13T14:12:55.208+0000][1][gc           ] GC(18) Pause Remark 98M->98M(247M) 64.210ms
[2020-01-13T14:12:55.208+0000][1][gc,cpu       ] GC(18) User=0.06s Sys=0.00s Real=0.06s
[2020-01-13T14:12:55.208+0000][1][safepoint    ] Leaving safepoint region
[2020-01-13T14:12:55.208+0000][1][safepoint    ] Total time for which application threads were stopped: 0.0689423 seconds, Stopping threads took: 0.0044974 seconds
[2020-01-13T14:12:55.216+0000][1][gc           ] GC(18) Concurrent Sweep
[2020-01-13T14:12:55.294+0000][1][gc           ] GC(18) Concurrent Sweep 77.973ms
[2020-01-13T14:12:55.294+0000][1][gc,cpu       ] GC(18) User=0.07s Sys=0.00s Real=0.08s
[2020-01-13T14:12:55.294+0000][1][gc           ] GC(18) Concurrent Reset
[2020-01-13T14:12:55.295+0000][1][gc           ] GC(18) Concurrent Reset 0.410ms
[2020-01-13T14:12:55.295+0000][1][gc,cpu       ] GC(18) User=0.00s Sys=0.00s Real=0.00s
[2020-01-13T14:12:55.295+0000][1][gc,heap      ] GC(18) Old: 54325K->54111K(176960K)
[2020-01-13T14:12:55.788+0000][1][safepoint    ] Application time: 0.5798746 seconds
[2020-01-13T14:12:55.791+0000][1][safepoint    ] Entering safepoint region: RevokeBias
[2020-01-13T14:12:55.793+0000][1][safepoint    ] Leaving safepoint region
[2020-01-13T14:12:55.793+0000][1][safepoint    ] Total time for which application threads were stopped: 0.0048081 seconds, Stopping threads took: 0.0036138 seconds
[2020-01-13T14:12:55.802+0000][1][safepoint    ] Application time: 0.0091442 seconds
[2020-01-13T14:12:55.802+0000][1][safepoint    ] Entering safepoint region: RevokeBias
[2020-01-13T14:12:55.802+0000][1][safepoint    ] Leaving safepoint region
[2020-01-13T14:12:55.802+0000][1][safepoint    ] Total time for which application threads were stopped: 0.0001275 seconds, Stopping threads took: 0.0000371 seconds
[2020-01-13T14:12:55.901+0000][1][safepoint    ] Application time: 0.0991290 seconds
[2020-01-13T14:12:55.904+0000][1][safepoint    ] Entering safepoint region: GenCollectForAllocation
[2020-01-13T14:12:55.904+0000][1][gc,start     ] GC(19) Pause Young (Allocation Failure)
[2020-01-13T14:12:55.905+0000][1][gc,task      ] GC(19) Using 1 workers of 1 for evacuation
[2020-01-13T14:12:55.944+0000][1][gc,age       ] GC(19) Desired survivor size 4358144 bytes, new threshold 2 (max threshold 6)
[2020-01-13T14:12:55.944+0000][1][gc,age       ] GC(19) Age table with threshold 2 (max threshold 6)
[2020-01-13T14:12:55.944+0000][1][gc,age       ] GC(19) - age   1:    3367640 bytes,    3367640 total
[2020-01-13T14:12:55.944+0000][1][gc,age       ] GC(19) - age   2:    2886264 bytes,    6253904 total
[2020-01-13T14:12:55.944+0000][1][gc,age       ] GC(19) - age   3:    1025536 bytes,    7279440 total
[2020-01-13T14:12:55.944+0000][1][gc,heap      ] GC(19) ParNew: 72769K->8512K(76672K)
[2020-01-13T14:12:55.944+0000][1][gc,heap      ] GC(19) CMS: 54111K->54111K(176960K)
[2020-01-13T14:12:55.944+0000][1][gc,metaspace ] GC(19) Metaspace: 45109K->45109K(1091584K)
[2020-01-13T14:12:55.944+0000][1][gc           ] GC(19) Pause Young (Allocation Failure) 123M->61M(247M) 39.840ms
[2020-01-13T14:12:55.944+0000][1][gc,cpu       ] GC(19) User=0.04s Sys=0.00s Real=0.04s
[2020-01-13T14:12:55.944+0000][1][safepoint    ] Leaving safepoint region
[2020-01-13T14:12:55.944+0000][1][safepoint    ] Total time for which application threads were stopped: 0.0432950 seconds, Stopping threads took: 0.0032838 seconds
[2020-01-13T14:12:56.293+0000][1][safepoint    ] Application time: 0.3481993 seconds
[2020-01-13T14:12:56.293+0000][1][safepoint    ] Entering safepoint region: RevokeBias
[2020-01-13T14:12:56.293+0000][1][safepoint    ] Leaving safepoint region
[2020-01-13T14:12:56.293+0000][1][safepoint    ] Total time for which application threads were stopped: 0.0007299 seconds, Stopping threads took: 0.0000478 seconds
[2020-01-13T14:12:56.299+0000][1][safepoint    ] Application time: 0.0060839 seconds
[2020-01-13T14:12:56.301+0000][1][safepoint    ] Entering safepoint region: RevokeBias
[2020-01-13T14:12:56.302+0000][1][safepoint    ] Leaving safepoint region
[2020-01-13T14:12:56.302+0000][1][safepoint    ] Total time for which application threads were stopped: 0.0020510 seconds, Stopping threads took: 0.0019711 seconds
[2020-01-13T14:12:56.302+0000][1][safepoint    ] Application time: 0.0002274 seconds
[2020-01-13T14:12:56.302+0000][1][safepoint    ] Entering safepoint region: RevokeBias
[2020-01-13T14:12:56.302+0000][1][safepoint    ] Leaving safepoint region
[2020-01-13T14:12:56.302+0000][1][safepoint    ] Total time for which application threads were stopped: 0.0000493 seconds, Stopping threads took: 0.0000059 seconds
[2020-01-13T14:12:56.302+0000][1][safepoint    ] Application time: 0.0000244 seconds
[2020-01-13T14:12:56.302+0000][1][safepoint    ] Entering safepoint region: RevokeBias
[2020-01-13T14:12:56.302+0000][1][safepoint    ] Leaving safepoint region
[2020-01-13T14:12:56.302+0000][1][safepoint    ] Total time for which application threads were stopped: 0.0000254 seconds, Stopping threads took: 0.0000048 seconds
[2020-01-13T14:12:56.422+0000][1][safepoint    ] Application time: 0.1203249 seconds
[2020-01-13T14:12:56.422+0000][1][safepoint    ] Entering safepoint region: RevokeBias
[2020-01-13T14:12:56.422+0000][1][safepoint    ] Leaving safepoint region
[2020-01-13T14:12:56.422+0000][1][safepoint    ] Total time for which application threads were stopped: 0.0001927 seconds, Stopping threads took: 0.0000371 seconds
[2020-01-13T14:12:56.423+0000][1][safepoint    ] Application time: 0.0000916 seconds
[2020-01-13T14:12:56.423+0000][1][safepoint    ] Entering safepoint region: RevokeBias
[2020-01-13T14:12:56.423+0000][1][safepoint    ] Leaving safepoint region
[2020-01-13T14:12:56.423+0000][1][safepoint    ] Total time for which application threads were stopped: 0.0000763 seconds, Stopping threads took: 0.0000181 seconds
[2020-01-13T14:12:56.423+0000][1][safepoint    ] Application time: 0.0000302 seconds
[2020-01-13T14:12:56.423+0000][1][safepoint    ] Entering safepoint region: RevokeBias
[2020-01-13T14:12:56.423+0000][1][safepoint    ] Leaving safepoint region
[2020-01-13T14:12:56.423+0000][1][safepoint    ] Total time for which application threads were stopped: 0.0000501 seconds, Stopping threads took: 0.0000128 seconds
[2020-01-13T14:12:56.423+0000][1][safepoint    ] Application time: 0.0001792 seconds
[2020-01-13T14:12:56.423+0000][1][safepoint    ] Entering safepoint region: RevokeBias
[2020-01-13T14:12:56.423+0000][1][safepoint    ] Leaving safepoint region
[2020-01-13T14:12:56.423+0000][1][safepoint    ] Total time for which application threads were stopped: 0.0001034 seconds, Stopping threads took: 0.0000216 seconds
[2020-01-13T14:12:56.424+0000][1][safepoint    ] Application time: 0.0008477 seconds
[2020-01-13T14:12:56.424+0000][1][safepoint    ] Entering safepoint region: RevokeBias
[2020-01-13T14:12:56.424+0000][1][safepoint    ] Leaving safepoint region
[2020-01-13T14:12:56.424+0000][1][safepoint    ] Total time for which application threads were stopped: 0.0000997 seconds, Stopping threads took: 0.0000292 seconds
[2020-01-13T14:12:56.424+0000][1][safepoint    ] Application time: 0.0001124 seconds
[2020-01-13T14:12:56.424+0000][1][safepoint    ] Entering safepoint region: RevokeBias
[2020-01-13T14:12:56.424+0000][1][safepoint    ] Leaving safepoint region
[2020-01-13T14:12:56.424+0000][1][safepoint    ] Total time for which application threads were stopped: 0.0000604 seconds, Stopping threads took: 0.0000213 seconds
[2020-01-13T14:12:56.424+0000][1][safepoint    ] Application time: 0.0001931 seconds
[2020-01-13T14:12:56.424+0000][1][safepoint    ] Entering safepoint region: RevokeBias
[2020-01-13T14:12:56.425+0000][1][safepoint    ] Leaving safepoint region
[2020-01-13T14:12:56.425+0000][1][safepoint    ] Total time for which application threads were stopped: 0.0000918 seconds, Stopping threads took: 0.0000247 seconds
[2020-01-13T14:12:56.425+0000][1][safepoint    ] Application time: 0.0007188 seconds
[2020-01-13T14:12:56.425+0000][1][safepoint    ] Entering safepoint region: RevokeBias
[2020-01-13T14:12:56.425+0000][1][safepoint    ] Leaving safepoint region
[2020-01-13T14:12:56.425+0000][1][safepoint    ] Total time for which application threads were stopped: 0.0000890 seconds, Stopping threads took: 0.0000202 seconds
[2020-01-13T14:12:56.425+0000][1][safepoint    ] Application time: 0.0000276 seconds
[2020-01-13T14:12:56.425+0000][1][safepoint    ] Entering safepoint region: RevokeBias
[2020-01-13T14:12:56.425+0000][1][safepoint    ] Leaving safepoint region
[2020-01-13T14:12:56.425+0000][1][safepoint    ] Total time for which application threads were stopped: 0.0000618 seconds, Stopping threads took: 0.0000183 seconds
[2020-01-13T14:12:56.426+0000][1][safepoint    ] Application time: 0.0000301 seconds
[2020-01-13T14:12:56.426+0000][1][safepoint    ] Entering safepoint region: RevokeBias
[2020-01-13T14:12:56.426+0000][1][safepoint    ] Leaving safepoint region
[2020-01-13T14:12:56.426+0000][1][safepoint    ] Total time for which application threads were stopped: 0.0000680 seconds, Stopping threads took: 0.0000193 seconds
[2020-01-13T14:12:56.426+0000][1][safepoint    ] Application time: 0.0000339 seconds
[2020-01-13T14:12:56.426+0000][1][safepoint    ] Entering safepoint region: RevokeBias
[2020-01-13T14:12:56.426+0000][1][safepoint    ] Leaving safepoint region
[2020-01-13T14:12:56.426+0000][1][safepoint    ] Total time for which application threads were stopped: 0.0000646 seconds, Stopping threads took: 0.0000183 seconds
[2020-01-13T14:12:56.426+0000][1][safepoint    ] Application time: 0.0000301 seconds
[2020-01-13T14:12:56.426+0000][1][safepoint    ] Entering safepoint region: RevokeBias
[2020-01-13T14:12:56.426+0000][1][safepoint    ] Leaving safepoint region
[2020-01-13T14:12:56.426+0000][1][safepoint    ] Total time for which application threads were stopped: 0.0000675 seconds, Stopping threads took: 0.0000168 seconds
[2020-01-13T14:12:56.426+0000][1][safepoint    ] Application time: 0.0000296 seconds
[2020-01-13T14:12:56.426+0000][1][safepoint    ] Entering safepoint region: RevokeBias
[2020-01-13T14:12:56.426+0000][1][safepoint    ] Leaving safepoint region
[2020-01-13T14:12:56.426+0000][1][safepoint    ] Total time for which application threads were stopped: 0.0000556 seconds, Stopping threads took: 0.0000173 seconds
[2020-01-13T14:12:56.426+0000][1][safepoint    ] Application time: 0.0000277 seconds
[2020-01-13T14:12:56.426+0000][1][safepoint    ] Entering safepoint region: RevokeBias
[2020-01-13T14:12:56.426+0000][1][safepoint    ] Leaving safepoint region
[2020-01-13T14:12:56.426+0000][1][safepoint    ] Total time for which application threads were stopped: 0.0000507 seconds, Stopping threads took: 0.0000169 seconds
[2020-01-13T14:12:56.426+0000][1][safepoint    ] Application time: 0.0000266 seconds
[2020-01-13T14:12:56.426+0000][1][safepoint    ] Entering safepoint region: RevokeBias
[2020-01-13T14:12:56.426+0000][1][safepoint    ] Leaving safepoint region
[2020-01-13T14:12:56.426+0000][1][safepoint    ] Total time for which application threads were stopped: 0.0000519 seconds, Stopping threads took: 0.0000169 seconds
[2020-01-13T14:12:56.426+0000][1][safepoint    ] Application time: 0.0000268 seconds
[2020-01-13T14:12:56.426+0000][1][safepoint    ] Entering safepoint region: RevokeBias
[2020-01-13T14:12:56.426+0000][1][safepoint    ] Leaving safepoint region
[2020-01-13T14:12:56.426+0000][1][safepoint    ] Total time for which application threads were stopped: 0.0000574 seconds, Stopping threads took: 0.0000191 seconds
[2020-01-13T14:12:56.426+0000][1][safepoint    ] Application time: 0.0000285 seconds
[2020-01-13T14:12:56.426+0000][1][safepoint    ] Entering safepoint region: RevokeBias
[2020-01-13T14:12:56.426+0000][1][safepoint    ] Leaving safepoint region
[2020-01-13T14:12:56.426+0000][1][safepoint    ] Total time for which application threads were stopped: 0.0000860 seconds, Stopping threads took: 0.0000289 seconds
[2020-01-13T14:12:56.426+0000][1][safepoint    ] Application time: 0.0000367 seconds
[2020-01-13T14:12:56.426+0000][1][safepoint    ] Entering safepoint region: RevokeBias
[2020-01-13T14:12:56.426+0000][1][safepoint    ] Leaving safepoint region
[2020-01-13T14:12:56.426+0000][1][safepoint    ] Total time for which application threads were stopped: 0.0000541 seconds, Stopping threads took: 0.0000169 seconds
[2020-01-13T14:12:56.426+0000][1][safepoint    ] Application time: 0.0000282 seconds
[2020-01-13T14:12:56.427+0000][1][safepoint    ] Entering safepoint region: RevokeBias
[2020-01-13T14:12:56.427+0000][1][safepoint    ] Leaving safepoint region
[2020-01-13T14:12:56.427+0000][1][safepoint    ] Total time for which application threads were stopped: 0.0000494 seconds, Stopping threads took: 0.0000156 seconds
[2020-01-13T14:12:56.427+0000][1][safepoint    ] Application time: 0.0000276 seconds
[2020-01-13T14:12:56.427+0000][1][safepoint    ] Entering safepoint region: RevokeBias
[2020-01-13T14:12:56.427+0000][1][safepoint    ] Leaving safepoint region
[2020-01-13T14:12:56.427+0000][1][safepoint    ] Total time for which application threads were stopped: 0.0000470 seconds, Stopping threads took: 0.0000147 seconds
[2020-01-13T14:12:56.427+0000][1][safepoint    ] Application time: 0.0000309 seconds
[2020-01-13T14:12:56.427+0000][1][safepoint    ] Entering safepoint region: RevokeBias
[2020-01-13T14:12:56.427+0000][1][safepoint    ] Leaving safepoint region
[2020-01-13T14:12:56.427+0000][1][safepoint    ] Total time for which application threads were stopped: 0.0000455 seconds, Stopping threads took: 0.0000149 seconds
[2020-01-13T14:12:56.427+0000][1][safepoint    ] Application time: 0.0000264 seconds
[2020-01-13T14:12:56.427+0000][1][safepoint    ] Entering safepoint region: RevokeBias
[2020-01-13T14:12:56.427+0000][1][safepoint    ] Leaving safepoint region
[2020-01-13T14:12:56.427+0000][1][safepoint    ] Total time for which application threads were stopped: 0.0000619 seconds, Stopping threads took: 0.0000287 seconds
[2020-01-13T14:12:56.427+0000][1][safepoint    ] Application time: 0.0000307 seconds
[2020-01-13T14:12:56.427+0000][1][safepoint    ] Entering safepoint region: RevokeBias
[2020-01-13T14:12:56.427+0000][1][safepoint    ] Leaving safepoint region
[2020-01-13T14:12:56.427+0000][1][safepoint    ] Total time for which application threads were stopped: 0.0000460 seconds, Stopping threads took: 0.0000148 seconds
[2020-01-13T14:12:56.427+0000][1][safepoint    ] Application time: 0.0000268 seconds
[2020-01-13T14:12:56.427+0000][1][safepoint    ] Entering safepoint region: RevokeBias
[2020-01-13T14:12:56.427+0000][1][safepoint    ] Leaving safepoint region
[2020-01-13T14:12:56.427+0000][1][safepoint    ] Total time for which application threads were stopped: 0.0000484 seconds, Stopping threads took: 0.0000157 seconds
[2020-01-13T14:12:56.427+0000][1][safepoint    ] Application time: 0.0000320 seconds
[2020-01-13T14:12:56.427+0000][1][safepoint    ] Entering safepoint region: RevokeBias
[2020-01-13T14:12:56.427+0000][1][safepoint    ] Leaving safepoint region
[2020-01-13T14:12:56.427+0000][1][safepoint    ] Total time for which application threads were stopped: 0.0000492 seconds, Stopping threads took: 0.0000156 seconds
[2020-01-13T14:12:56.427+0000][1][safepoint    ] Application time: 0.0000290 seconds
[2020-01-13T14:12:56.427+0000][1][safepoint    ] Entering safepoint region: BulkRevokeBias
[2020-01-13T14:12:56.427+0000][1][safepoint    ] Leaving safepoint region
[2020-01-13T14:12:56.427+0000][1][safepoint    ] Total time for which application threads were stopped: 0.0001428 seconds, Stopping threads took: 0.0000171 seconds
[2020-01-13T14:12:56.428+0000][1][safepoint    ] Application time: 0.0002545 seconds
[2020-01-13T14:12:56.430+0000][1][safepoint    ] Entering safepoint region: RevokeBias
[2020-01-13T14:12:56.431+0000][1][safepoint    ] Leaving safepoint region
[2020-01-13T14:12:56.431+0000][1][safepoint    ] Total time for which application threads were stopped: 0.0029437 seconds, Stopping threads took: 0.0028263 seconds
[2020-01-13T14:12:56.431+0000][1][safepoint    ] Application time: 0.0001578 seconds
[2020-01-13T14:12:56.431+0000][1][safepoint    ] Entering safepoint region: RevokeBias
[2020-01-13T14:12:56.431+0000][1][safepoint    ] Leaving safepoint region
[2020-01-13T14:12:56.431+0000][1][safepoint    ] Total time for which application threads were stopped: 0.0000964 seconds, Stopping threads took: 0.0000199 seconds
[2020-01-13T14:12:56.431+0000][1][safepoint    ] Application time: 0.0001998 seconds
[2020-01-13T14:12:56.431+0000][1][safepoint    ] Entering safepoint region: RevokeBias
[2020-01-13T14:12:56.431+0000][1][safepoint    ] Leaving safepoint region
[2020-01-13T14:12:56.431+0000][1][safepoint    ] Total time for which application threads were stopped: 0.0000730 seconds, Stopping threads took: 0.0000181 seconds
[2020-01-13T14:12:56.431+0000][1][safepoint    ] Application time: 0.0000654 seconds
[2020-01-13T14:12:56.431+0000][1][safepoint    ] Entering safepoint region: RevokeBias
[2020-01-13T14:12:56.431+0000][1][safepoint    ] Leaving safepoint region
[2020-01-13T14:12:56.431+0000][1][safepoint    ] Total time for which application threads were stopped: 0.0000705 seconds, Stopping threads took: 0.0000286 seconds
[2020-01-13T14:12:56.431+0000][1][safepoint    ] Application time: 0.0001234 seconds
[2020-01-13T14:12:56.431+0000][1][safepoint    ] Entering safepoint region: RevokeBias
[2020-01-13T14:12:56.431+0000][1][safepoint    ] Leaving safepoint region
[2020-01-13T14:12:56.431+0000][1][safepoint    ] Total time for which application threads were stopped: 0.0000494 seconds, Stopping threads took: 0.0000088 seconds
[2020-01-13T14:12:56.432+0000][1][safepoint    ] Application time: 0.0000893 seconds
[2020-01-13T14:12:56.432+0000][1][safepoint    ] Entering safepoint region: RevokeBias
[2020-01-13T14:12:56.432+0000][1][safepoint    ] Leaving safepoint region
[2020-01-13T14:12:56.432+0000][1][safepoint    ] Total time for which application threads were stopped: 0.0000924 seconds, Stopping threads took: 0.0000242 seconds
[2020-01-13T14:12:56.432+0000][1][safepoint    ] Application time: 0.0000312 seconds
[2020-01-13T14:12:56.432+0000][1][safepoint    ] Entering safepoint region: RevokeBias
[2020-01-13T14:12:56.432+0000][1][safepoint    ] Leaving safepoint region
[2020-01-13T14:12:56.432+0000][1][safepoint    ] Total time for which application threads were stopped: 0.0000485 seconds, Stopping threads took: 0.0000083 seconds
[2020-01-13T14:12:56.432+0000][1][safepoint    ] Application time: 0.0000263 seconds
[2020-01-13T14:12:56.432+0000][1][safepoint    ] Entering safepoint region: RevokeBias
[2020-01-13T14:12:56.432+0000][1][safepoint    ] Leaving safepoint region
[2020-01-13T14:12:56.432+0000][1][safepoint    ] Total time for which application threads were stopped: 0.0000458 seconds, Stopping threads took: 0.0000086 seconds
[2020-01-13T14:12:56.432+0000][1][safepoint    ] Application time: 0.0000280 seconds
[2020-01-13T14:12:56.432+0000][1][safepoint    ] Entering safepoint region: RevokeBias
[2020-01-13T14:12:56.432+0000][1][safepoint    ] Leaving safepoint region
[2020-01-13T14:12:56.432+0000][1][safepoint    ] Total time for which application threads were stopped: 0.0000441 seconds, Stopping threads took: 0.0000084 seconds
[2020-01-13T14:12:56.432+0000][1][safepoint    ] Application time: 0.0000255 seconds
[2020-01-13T14:12:56.432+0000][1][safepoint    ] Entering safepoint region: RevokeBias
[2020-01-13T14:12:56.432+0000][1][safepoint    ] Leaving safepoint region
[2020-01-13T14:12:56.432+0000][1][safepoint    ] Total time for which application threads were stopped: 0.0000432 seconds, Stopping threads took: 0.0000084 seconds
[2020-01-13T14:12:56.432+0000][1][safepoint    ] Application time: 0.0000272 seconds
[2020-01-13T14:12:56.432+0000][1][safepoint    ] Entering safepoint region: RevokeBias
[2020-01-13T14:12:56.432+0000][1][safepoint    ] Leaving safepoint region
[2020-01-13T14:12:56.432+0000][1][safepoint    ] Total time for which application threads were stopped: 0.0000403 seconds, Stopping threads took: 0.0000068 seconds
[2020-01-13T14:12:56.432+0000][1][safepoint    ] Application time: 0.0000280 seconds
[2020-01-13T14:12:56.432+0000][1][safepoint    ] Entering safepoint region: RevokeBias
[2020-01-13T14:12:56.432+0000][1][safepoint    ] Leaving safepoint region
[2020-01-13T14:12:56.432+0000][1][safepoint    ] Total time for which application threads were stopped: 0.0000404 seconds, Stopping threads took: 0.0000071 seconds
[2020-01-13T14:12:56.432+0000][1][safepoint    ] Application time: 0.0000275 seconds
[2020-01-13T14:12:56.432+0000][1][safepoint    ] Entering safepoint region: RevokeBias
[2020-01-13T14:12:56.432+0000][1][safepoint    ] Leaving safepoint region
[2020-01-13T14:12:56.432+0000][1][safepoint    ] Total time for which application threads were stopped: 0.0000457 seconds, Stopping threads took: 0.0000089 seconds
[2020-01-13T14:12:56.432+0000][1][safepoint    ] Application time: 0.0000267 seconds
[2020-01-13T14:12:56.432+0000][1][safepoint    ] Entering safepoint region: RevokeBias
[2020-01-13T14:12:56.432+0000][1][safepoint    ] Leaving safepoint region
[2020-01-13T14:12:56.432+0000][1][safepoint    ] Total time for which application threads were stopped: 0.0000418 seconds, Stopping threads took: 0.0000090 seconds
[2020-01-13T14:12:56.432+0000][1][safepoint    ] Application time: 0.0000252 seconds
[2020-01-13T14:12:56.432+0000][1][safepoint    ] Entering safepoint region: RevokeBias
[2020-01-13T14:12:56.432+0000][1][safepoint    ] Leaving safepoint region
[2020-01-13T14:12:56.432+0000][1][safepoint    ] Total time for which application threads were stopped: 0.0000374 seconds, Stopping threads took: 0.0000067 seconds
[2020-01-13T14:12:56.432+0000][1][safepoint    ] Application time: 0.0000252 seconds
[2020-01-13T14:12:56.432+0000][1][safepoint    ] Entering safepoint region: RevokeBias
[2020-01-13T14:12:56.433+0000][1][safepoint    ] Leaving safepoint region
[2020-01-13T14:12:56.433+0000][1][safepoint    ] Total time for which application threads were stopped: 0.0000448 seconds, Stopping threads took: 0.0000086 seconds
[2020-01-13T14:12:56.433+0000][1][safepoint    ] Application time: 0.0000303 seconds
[2020-01-13T14:12:56.433+0000][1][safepoint    ] Entering safepoint region: RevokeBias
[2020-01-13T14:12:56.433+0000][1][safepoint    ] Leaving safepoint region
[2020-01-13T14:12:56.433+0000][1][safepoint    ] Total time for which application threads were stopped: 0.0000363 seconds, Stopping threads took: 0.0000067 seconds
[2020-01-13T14:12:56.433+0000][1][safepoint    ] Application time: 0.0000244 seconds
[2020-01-13T14:12:56.433+0000][1][safepoint    ] Entering safepoint region: RevokeBias
[2020-01-13T14:12:56.433+0000][1][safepoint    ] Leaving safepoint region
[2020-01-13T14:12:56.433+0000][1][safepoint    ] Total time for which application threads were stopped: 0.0000396 seconds, Stopping threads took: 0.0000072 seconds
[2020-01-13T14:12:56.433+0000][1][safepoint    ] Application time: 0.0000261 seconds
[2020-01-13T14:12:56.433+0000][1][safepoint    ] Entering safepoint region: RevokeBias
[2020-01-13T14:12:56.433+0000][1][safepoint    ] Leaving safepoint region
[2020-01-13T14:12:56.433+0000][1][safepoint    ] Total time for which application threads were stopped: 0.0000550 seconds, Stopping threads took: 0.0000068 seconds
[2020-01-13T14:12:56.433+0000][1][safepoint    ] Application time: 0.0000278 seconds
[2020-01-13T14:12:56.433+0000][1][safepoint    ] Entering safepoint region: RevokeBias
[2020-01-13T14:12:56.433+0000][1][safepoint    ] Leaving safepoint region
[2020-01-13T14:12:56.433+0000][1][safepoint    ] Total time for which application threads were stopped: 0.0000531 seconds, Stopping threads took: 0.0000089 seconds
[2020-01-13T14:12:56.433+0000][1][safepoint    ] Application time: 0.0000302 seconds
[2020-01-13T14:12:56.433+0000][1][safepoint    ] Entering safepoint region: RevokeBias
[2020-01-13T14:12:56.433+0000][1][safepoint    ] Leaving safepoint region
[2020-01-13T14:12:56.433+0000][1][safepoint    ] Total time for which application threads were stopped: 0.0000399 seconds, Stopping threads took: 0.0000069 seconds
[2020-01-13T14:12:56.433+0000][1][safepoint    ] Application time: 0.0000268 seconds
[2020-01-13T14:12:56.433+0000][1][safepoint    ] Entering safepoint region: RevokeBias
[2020-01-13T14:12:56.433+0000][1][safepoint    ] Leaving safepoint region
[2020-01-13T14:12:56.433+0000][1][safepoint    ] Total time for which application threads were stopped: 0.0000427 seconds, Stopping threads took: 0.0000073 seconds
[2020-01-13T14:12:56.433+0000][1][safepoint    ] Application time: 0.0000440 seconds
[2020-01-13T14:12:56.433+0000][1][safepoint    ] Entering safepoint region: RevokeBias
[2020-01-13T14:12:56.433+0000][1][safepoint    ] Leaving safepoint region
[2020-01-13T14:12:56.433+0000][1][safepoint    ] Total time for which application threads were stopped: 0.0000740 seconds, Stopping threads took: 0.0000085 seconds
[2020-01-13T14:12:56.433+0000][1][safepoint    ] Application time: 0.0001956 seconds
[2020-01-13T14:12:56.433+0000][1][safepoint    ] Entering safepoint region: RevokeBias
[2020-01-13T14:12:56.434+0000][1][safepoint    ] Leaving safepoint region
[2020-01-13T14:12:56.434+0000][1][safepoint    ] Total time for which application threads were stopped: 0.0000945 seconds, Stopping threads took: 0.0000101 seconds
[2020-01-13T14:12:56.434+0000][1][safepoint    ] Application time: 0.0000523 seconds
[2020-01-13T14:12:56.434+0000][1][safepoint    ] Entering safepoint region: RevokeBias
[2020-01-13T14:12:56.434+0000][1][safepoint    ] Leaving safepoint region
[2020-01-13T14:12:56.434+0000][1][safepoint    ] Total time for which application threads were stopped: 0.0000947 seconds, Stopping threads took: 0.0000085 seconds
[2020-01-13T14:12:56.434+0000][1][safepoint    ] Application time: 0.0004753 seconds
[2020-01-13T14:12:56.434+0000][1][safepoint    ] Entering safepoint region: BulkRevokeBias
[2020-01-13T14:12:56.434+0000][1][safepoint    ] Leaving safepoint region
[2020-01-13T14:12:56.434+0000][1][safepoint    ] Total time for which application threads were stopped: 0.0001951 seconds, Stopping threads took: 0.0000120 seconds
[2020-01-13T14:12:56.436+0000][1][safepoint    ] Application time: 0.0014283 seconds
[2020-01-13T14:12:56.436+0000][1][safepoint    ] Entering safepoint region: RevokeBias
[2020-01-13T14:12:56.436+0000][1][safepoint    ] Leaving safepoint region
[2020-01-13T14:12:56.436+0000][1][safepoint    ] Total time for which application threads were stopped: 0.0001102 seconds, Stopping threads took: 0.0000125 seconds
[2020-01-13T14:12:56.436+0000][1][safepoint    ] Application time: 0.0000779 seconds
[2020-01-13T14:12:56.436+0000][1][safepoint    ] Entering safepoint region: RevokeBias
[2020-01-13T14:12:56.436+0000][1][safepoint    ] Leaving safepoint region
[2020-01-13T14:12:56.436+0000][1][safepoint    ] Total time for which application threads were stopped: 0.0000638 seconds, Stopping threads took: 0.0000093 seconds
[2020-01-13T14:12:56.436+0000][1][safepoint    ] Application time: 0.0002407 seconds
[2020-01-13T14:12:56.436+0000][1][safepoint    ] Entering safepoint region: RevokeBias
[2020-01-13T14:12:56.436+0000][1][safepoint    ] Leaving safepoint region
[2020-01-13T14:12:56.437+0000][1][safepoint    ] Total time for which application threads were stopped: 0.0001165 seconds, Stopping threads took: 0.0000166 seconds
[2020-01-13T14:12:56.437+0000][1][safepoint    ] Application time: 0.0000617 seconds
[2020-01-13T14:12:56.437+0000][1][safepoint    ] Entering safepoint region: RevokeBias
[2020-01-13T14:12:56.437+0000][1][safepoint    ] Leaving safepoint region
[2020-01-13T14:12:56.437+0000][1][safepoint    ] Total time for which application threads were stopped: 0.0000646 seconds, Stopping threads took: 0.0000097 seconds
[2020-01-13T14:12:56.437+0000][1][safepoint    ] Application time: 0.0000323 seconds
[2020-01-13T14:12:56.437+0000][1][safepoint    ] Entering safepoint region: RevokeBias
[2020-01-13T14:12:56.437+0000][1][safepoint    ] Leaving safepoint region
[2020-01-13T14:12:56.437+0000][1][safepoint    ] Total time for which application threads were stopped: 0.0000581 seconds, Stopping threads took: 0.0000092 seconds
[2020-01-13T14:12:56.439+0000][1][safepoint    ] Application time: 0.0023564 seconds
[2020-01-13T14:12:56.439+0000][1][safepoint    ] Entering safepoint region: RevokeBias
[2020-01-13T14:12:56.439+0000][1][safepoint    ] Leaving safepoint region
[2020-01-13T14:12:56.439+0000][1][safepoint    ] Total time for which application threads were stopped: 0.0000900 seconds, Stopping threads took: 0.0000308 seconds
[2020-01-13T14:12:56.440+0000][1][safepoint    ] Application time: 0.0004402 seconds
[2020-01-13T14:12:56.440+0000][1][safepoint    ] Entering safepoint region: RevokeBias
[2020-01-13T14:12:56.440+0000][1][safepoint    ] Leaving safepoint region
[2020-01-13T14:12:56.440+0000][1][safepoint    ] Total time for which application threads were stopped: 0.0000678 seconds, Stopping threads took: 0.0000100 seconds
[2020-01-13T14:12:56.440+0000][1][safepoint    ] Application time: 0.0000303 seconds
[2020-01-13T14:12:56.440+0000][1][safepoint    ] Entering safepoint region: RevokeBias
[2020-01-13T14:12:56.440+0000][1][safepoint    ] Leaving safepoint region
[2020-01-13T14:12:56.440+0000][1][safepoint    ] Total time for which application threads were stopped: 0.0000422 seconds, Stopping threads took: 0.0000086 seconds
[2020-01-13T14:12:56.440+0000][1][safepoint    ] Application time: 0.0000264 seconds
[2020-01-13T14:12:56.440+0000][1][safepoint    ] Entering safepoint region: RevokeBias
[2020-01-13T14:12:56.440+0000][1][safepoint    ] Leaving safepoint region
[2020-01-13T14:12:56.440+0000][1][safepoint    ] Total time for which application threads were stopped: 0.0000397 seconds, Stopping threads took: 0.0000082 seconds
[2020-01-13T14:12:56.440+0000][1][safepoint    ] Application time: 0.0000277 seconds
[2020-01-13T14:12:56.440+0000][1][safepoint    ] Entering safepoint region: RevokeBias
[2020-01-13T14:12:56.440+0000][1][safepoint    ] Leaving safepoint region
[2020-01-13T14:12:56.440+0000][1][safepoint    ] Total time for which application threads were stopped: 0.0000397 seconds, Stopping threads took: 0.0000081 seconds
[2020-01-13T14:12:56.440+0000][1][safepoint    ] Application time: 0.0000258 seconds
[2020-01-13T14:12:56.440+0000][1][safepoint    ] Entering safepoint region: RevokeBias
[2020-01-13T14:12:56.440+0000][1][safepoint    ] Leaving safepoint region
[2020-01-13T14:12:56.440+0000][1][safepoint    ] Total time for which application threads were stopped: 0.0000397 seconds, Stopping threads took: 0.0000081 seconds
[2020-01-13T14:12:56.440+0000][1][safepoint    ] Application time: 0.0000262 seconds
[2020-01-13T14:12:56.440+0000][1][safepoint    ] Entering safepoint region: RevokeBias
[2020-01-13T14:12:56.440+0000][1][safepoint    ] Leaving safepoint region
[2020-01-13T14:12:56.440+0000][1][safepoint    ] Total time for which application threads were stopped: 0.0000399 seconds, Stopping threads took: 0.0000081 seconds
[2020-01-13T14:12:56.440+0000][1][safepoint    ] Application time: 0.0001197 seconds
[2020-01-13T14:12:56.441+0000][1][safepoint    ] Entering safepoint region: RevokeBias
[2020-01-13T14:12:56.441+0000][1][safepoint    ] Leaving safepoint region
[2020-01-13T14:12:56.441+0000][1][safepoint    ] Total time for which application threads were stopped: 0.0010795 seconds, Stopping threads took: 0.0010099 seconds
[2020-01-13T14:12:56.444+0000][1][safepoint    ] Application time: 0.0029239 seconds
[2020-01-13T14:12:56.448+0000][1][safepoint    ] Entering safepoint region: BulkRevokeBias
[2020-01-13T14:12:56.448+0000][1][safepoint    ] Leaving safepoint region
[2020-01-13T14:12:56.448+0000][1][safepoint    ] Total time for which application threads were stopped: 0.0036484 seconds, Stopping threads took: 0.0034274 seconds
[2020-01-13T14:12:56.448+0000][1][safepoint    ] Application time: 0.0002151 seconds
[2020-01-13T14:12:56.448+0000][1][safepoint    ] Entering safepoint region: RevokeBias
[2020-01-13T14:12:56.448+0000][1][safepoint    ] Leaving safepoint region
[2020-01-13T14:12:56.448+0000][1][safepoint    ] Total time for which application threads were stopped: 0.0000988 seconds, Stopping threads took: 0.0000160 seconds
[2020-01-13T14:12:56.449+0000][1][safepoint    ] Application time: 0.0001940 seconds
[2020-01-13T14:12:56.449+0000][1][safepoint    ] Entering safepoint region: RevokeBias
[2020-01-13T14:12:56.449+0000][1][safepoint    ] Leaving safepoint region
[2020-01-13T14:12:56.449+0000][1][safepoint    ] Total time for which application threads were stopped: 0.0000789 seconds, Stopping threads took: 0.0000103 seconds
[2020-01-13T14:12:56.449+0000][1][safepoint    ] Application time: 0.0002486 seconds
[2020-01-13T14:12:56.449+0000][1][safepoint    ] Entering safepoint region: RevokeBias
[2020-01-13T14:12:56.449+0000][1][safepoint    ] Leaving safepoint region
[2020-01-13T14:12:56.449+0000][1][safepoint    ] Total time for which application threads were stopped: 0.0000713 seconds, Stopping threads took: 0.0000104 seconds
[2020-01-13T14:12:56.450+0000][1][safepoint    ] Application time: 0.0004830 seconds
[2020-01-13T14:12:56.450+0000][1][safepoint    ] Entering safepoint region: RevokeBias
[2020-01-13T14:12:56.450+0000][1][safepoint    ] Leaving safepoint region
[2020-01-13T14:12:56.450+0000][1][safepoint    ] Total time for which application threads were stopped: 0.0000709 seconds, Stopping threads took: 0.0000105 seconds
[2020-01-13T14:12:56.450+0000][1][safepoint    ] Application time: 0.0005848 seconds
[2020-01-13T14:12:56.450+0000][1][safepoint    ] Entering safepoint region: RevokeBias
[2020-01-13T14:12:56.450+0000][1][safepoint    ] Leaving safepoint region
[2020-01-13T14:12:56.450+0000][1][safepoint    ] Total time for which application threads were stopped: 0.0000873 seconds, Stopping threads took: 0.0000110 seconds
[2020-01-13T14:12:56.451+0000][1][safepoint    ] Application time: 0.0001487 seconds
[2020-01-13T14:12:56.451+0000][1][safepoint    ] Entering safepoint region: RevokeBias
[2020-01-13T14:12:56.451+0000][1][safepoint    ] Leaving safepoint region
[2020-01-13T14:12:56.451+0000][1][safepoint    ] Total time for which application threads were stopped: 0.0000650 seconds, Stopping threads took: 0.0000105 seconds
[2020-01-13T14:12:56.451+0000][1][safepoint    ] Application time: 0.0002704 seconds
[2020-01-13T14:12:56.451+0000][1][safepoint    ] Entering safepoint region: RevokeBias
[2020-01-13T14:12:56.451+0000][1][safepoint    ] Leaving safepoint region
[2020-01-13T14:12:56.451+0000][1][safepoint    ] Total time for which application threads were stopped: 0.0000666 seconds, Stopping threads took: 0.0000101 seconds
[2020-01-13T14:12:56.453+0000][1][safepoint    ] Application time: 0.0023068 seconds
[2020-01-13T14:12:56.457+0000][1][safepoint    ] Entering safepoint region: RevokeBias
[2020-01-13T14:12:56.458+0000][1][safepoint    ] Leaving safepoint region
[2020-01-13T14:12:56.458+0000][1][safepoint    ] Total time for which application threads were stopped: 0.0042857 seconds, Stopping threads took: 0.0041159 seconds
[2020-01-13T14:12:56.459+0000][1][safepoint    ] Application time: 0.0012550 seconds
[2020-01-13T14:12:56.459+0000][1][safepoint    ] Entering safepoint region: RevokeBias
[2020-01-13T14:12:56.459+0000][1][safepoint    ] Leaving safepoint region
[2020-01-13T14:12:56.459+0000][1][safepoint    ] Total time for which application threads were stopped: 0.0001584 seconds, Stopping threads took: 0.0000311 seconds
[2020-01-13T14:12:56.464+0000][1][safepoint    ] Application time: 0.0052246 seconds
[2020-01-13T14:12:56.464+0000][1][safepoint    ] Entering safepoint region: RevokeBias
[2020-01-13T14:12:56.465+0000][1][safepoint    ] Leaving safepoint region
[2020-01-13T14:12:56.465+0000][1][safepoint    ] Total time for which application threads were stopped: 0.0001939 seconds, Stopping threads took: 0.0000957 seconds
[2020-01-13T14:12:56.465+0000][1][safepoint    ] Application time: 0.0000415 seconds
[2020-01-13T14:12:56.465+0000][1][safepoint    ] Entering safepoint region: RevokeBias
[2020-01-13T14:12:56.465+0000][1][safepoint    ] Leaving safepoint region
[2020-01-13T14:12:56.465+0000][1][safepoint    ] Total time for which application threads were stopped: 0.0000452 seconds, Stopping threads took: 0.0000129 seconds
[2020-01-13T14:12:56.465+0000][1][safepoint    ] Application time: 0.0001947 seconds
[2020-01-13T14:12:56.465+0000][1][safepoint    ] Entering safepoint region: RevokeBias
[2020-01-13T14:12:56.465+0000][1][safepoint    ] Leaving safepoint region
[2020-01-13T14:12:56.465+0000][1][safepoint    ] Total time for which application threads were stopped: 0.0000566 seconds, Stopping threads took: 0.0000173 seconds
[2020-01-13T14:12:56.465+0000][1][safepoint    ] Application time: 0.0002614 seconds
[2020-01-13T14:12:56.465+0000][1][safepoint    ] Entering safepoint region: RevokeBias
[2020-01-13T14:12:56.465+0000][1][safepoint    ] Leaving safepoint region
[2020-01-13T14:12:56.465+0000][1][safepoint    ] Total time for which application threads were stopped: 0.0000430 seconds, Stopping threads took: 0.0000071 seconds
[2020-01-13T14:12:56.469+0000][1][safepoint    ] Application time: 0.0035942 seconds
[2020-01-13T14:12:56.472+0000][1][safepoint    ] Entering safepoint region: RevokeBias
[2020-01-13T14:12:56.472+0000][1][safepoint    ] Leaving safepoint region
[2020-01-13T14:12:56.472+0000][1][safepoint    ] Total time for which application threads were stopped: 0.0036074 seconds, Stopping threads took: 0.0035325 seconds
[2020-01-13T14:12:56.480+0000][1][safepoint    ] Application time: 0.0076463 seconds
[2020-01-13T14:12:56.480+0000][1][safepoint    ] Entering safepoint region: RevokeBias
[2020-01-13T14:12:56.480+0000][1][safepoint    ] Leaving safepoint region
[2020-01-13T14:12:56.480+0000][1][safepoint    ] Total time for which application threads were stopped: 0.0000808 seconds, Stopping threads took: 0.0000251 seconds
[2020-01-13T14:12:56.618+0000][1][safepoint    ] Application time: 0.1376671 seconds
[2020-01-13T14:12:56.621+0000][1][safepoint    ] Entering safepoint region: RevokeBias
[2020-01-13T14:12:56.621+0000][1][safepoint    ] Leaving safepoint region
[2020-01-13T14:12:56.621+0000][1][safepoint    ] Total time for which application threads were stopped: 0.0035007 seconds, Stopping threads took: 0.0034132 seconds
[2020-01-13T14:12:57.186+0000][1][safepoint    ] Application time: 0.5641935 seconds
[2020-01-13T14:12:57.186+0000][1][safepoint    ] Entering safepoint region: RevokeBias
[2020-01-13T14:12:57.186+0000][1][safepoint    ] Leaving safepoint region
[2020-01-13T14:12:57.186+0000][1][safepoint    ] Total time for which application threads were stopped: 0.0001028 seconds, Stopping threads took: 0.0000273 seconds
[2020-01-13T14:12:57.269+0000][1][safepoint    ] Application time: 0.0828100 seconds
[2020-01-13T14:12:57.273+0000][1][safepoint    ] Entering safepoint region: RevokeBias
[2020-01-13T14:12:57.273+0000][1][safepoint    ] Leaving safepoint region
[2020-01-13T14:12:57.273+0000][1][safepoint    ] Total time for which application threads were stopped: 0.0040712 seconds, Stopping threads took: 0.0039835 seconds
[2020-01-13T14:12:57.311+0000][1][safepoint    ] Application time: 0.0384149 seconds
[2020-01-13T14:12:57.315+0000][1][safepoint    ] Entering safepoint region: RevokeBias
[2020-01-13T14:12:57.315+0000][1][safepoint    ] Leaving safepoint region
[2020-01-13T14:12:57.315+0000][1][safepoint    ] Total time for which application threads were stopped: 0.0042534 seconds, Stopping threads took: 0.0041692 seconds
[2020-01-13T14:12:57.317+0000][1][safepoint    ] Application time: 0.0014007 seconds
[2020-01-13T14:12:57.317+0000][1][safepoint    ] Entering safepoint region: RevokeBias
[2020-01-13T14:12:57.317+0000][1][safepoint    ] Leaving safepoint region
[2020-01-13T14:12:57.317+0000][1][safepoint    ] Total time for which application threads were stopped: 0.0000695 seconds, Stopping threads took: 0.0000223 seconds
[2020-01-13T14:12:57.327+0000][1][safepoint    ] Application time: 0.0103746 seconds
[2020-01-13T14:12:57.327+0000][1][safepoint    ] Entering safepoint region: RevokeBias
[2020-01-13T14:12:57.327+0000][1][safepoint    ] Leaving safepoint region
[2020-01-13T14:12:57.328+0000][1][safepoint    ] Total time for which application threads were stopped: 0.0000840 seconds, Stopping threads took: 0.0000258 seconds
[2020-01-13T14:12:57.330+0000][1][safepoint    ] Application time: 0.0023985 seconds
[2020-01-13T14:12:57.333+0000][1][safepoint    ] Entering safepoint region: RevokeBias
[2020-01-13T14:12:57.333+0000][1][safepoint    ] Leaving safepoint region
[2020-01-13T14:12:57.333+0000][1][safepoint    ] Total time for which application threads were stopped: 0.0034916 seconds, Stopping threads took: 0.0034196 seconds
[2020-01-13T14:12:57.344+0000][1][safepoint    ] Application time: 0.0104014 seconds
[2020-01-13T14:12:57.344+0000][1][safepoint    ] Entering safepoint region: RevokeBias
[2020-01-13T14:12:57.344+0000][1][safepoint    ] Leaving safepoint region
[2020-01-13T14:12:57.344+0000][1][safepoint    ] Total time for which application threads were stopped: 0.0000862 seconds, Stopping threads took: 0.0000272 seconds
[2020-01-13T14:12:57.344+0000][1][safepoint    ] Application time: 0.0002013 seconds
[2020-01-13T14:12:57.344+0000][1][safepoint    ] Entering safepoint region: GenCollectForAllocation
[2020-01-13T14:12:57.344+0000][1][gc,start     ] GC(20) Pause Young (Allocation Failure)
[2020-01-13T14:12:57.344+0000][1][gc,task      ] GC(20) Using 1 workers of 1 for evacuation
[2020-01-13T14:12:57.402+0000][1][gc,age       ] GC(20) Desired survivor size 4358144 bytes, new threshold 2 (max threshold 6)
[2020-01-13T14:12:57.402+0000][1][gc,age       ] GC(20) Age table with threshold 2 (max threshold 6)
[2020-01-13T14:12:57.402+0000][1][gc,age       ] GC(20) - age   1:    1313048 bytes,    1313048 total
[2020-01-13T14:12:57.402+0000][1][gc,age       ] GC(20) - age   2:    3307776 bytes,    4620824 total
[2020-01-13T14:12:57.402+0000][1][gc,heap      ] GC(20) ParNew: 76672K->6205K(76672K)
[2020-01-13T14:12:57.402+0000][1][gc,heap      ] GC(20) CMS: 54111K->58014K(176960K)
[2020-01-13T14:12:57.402+0000][1][gc,metaspace ] GC(20) Metaspace: 50597K->50597K(1095680K)
[2020-01-13T14:12:57.402+0000][1][gc           ] GC(20) Pause Young (Allocation Failure) 127M->62M(247M) 58.003ms
[2020-01-13T14:12:57.402+0000][1][gc,cpu       ] GC(20) User=0.06s Sys=0.00s Real=0.06s
[2020-01-13T14:12:57.402+0000][1][safepoint    ] Leaving safepoint region
[2020-01-13T14:12:57.402+0000][1][safepoint    ] Total time for which application threads were stopped: 0.0581385 seconds, Stopping threads took: 0.0000144 seconds
[2020-01-13T14:12:57.411+0000][1][safepoint    ] Application time: 0.0087679 seconds
[2020-01-13T14:12:57.411+0000][1][safepoint    ] Entering safepoint region: RevokeBias
[2020-01-13T14:12:57.411+0000][1][safepoint    ] Leaving safepoint region
[2020-01-13T14:12:57.411+0000][1][safepoint    ] Total time for which application threads were stopped: 0.0001405 seconds, Stopping threads took: 0.0000154 seconds
[2020-01-13T14:12:57.411+0000][1][safepoint    ] Application time: 0.0000608 seconds
[2020-01-13T14:12:57.411+0000][1][safepoint    ] Entering safepoint region: RevokeBias
[2020-01-13T14:12:57.411+0000][1][safepoint    ] Leaving safepoint region
[2020-01-13T14:12:57.411+0000][1][safepoint    ] Total time for which application threads were stopped: 0.0000671 seconds, Stopping threads took: 0.0000090 seconds
[2020-01-13T14:12:57.416+0000][1][safepoint    ] Application time: 0.0048578 seconds
[2020-01-13T14:12:57.416+0000][1][safepoint    ] Entering safepoint region: RevokeBias
[2020-01-13T14:12:57.417+0000][1][safepoint    ] Leaving safepoint region
[2020-01-13T14:12:57.417+0000][1][safepoint    ] Total time for which application threads were stopped: 0.0002218 seconds, Stopping threads took: 0.0000698 seconds
[2020-01-13T14:12:57.417+0000][1][safepoint    ] Application time: 0.0000494 seconds
[2020-01-13T14:12:57.417+0000][1][safepoint    ] Entering safepoint region: RevokeBias
[2020-01-13T14:12:57.417+0000][1][safepoint    ] Leaving safepoint region
[2020-01-13T14:12:57.417+0000][1][safepoint    ] Total time for which application threads were stopped: 0.0001016 seconds, Stopping threads took: 0.0000166 seconds
[2020-01-13T14:12:57.417+0000][1][safepoint    ] Application time: 0.0000280 seconds
[2020-01-13T14:12:57.417+0000][1][safepoint    ] Entering safepoint region: RevokeBias
[2020-01-13T14:12:57.417+0000][1][safepoint    ] Leaving safepoint region
[2020-01-13T14:12:57.417+0000][1][safepoint    ] Total time for which application threads were stopped: 0.0000525 seconds, Stopping threads took: 0.0000090 seconds
[2020-01-13T14:12:57.417+0000][1][safepoint    ] Application time: 0.0000199 seconds
[2020-01-13T14:12:57.417+0000][1][safepoint    ] Entering safepoint region: RevokeBias
[2020-01-13T14:12:57.417+0000][1][safepoint    ] Leaving safepoint region
[2020-01-13T14:12:57.417+0000][1][safepoint    ] Total time for which application threads were stopped: 0.0000484 seconds, Stopping threads took: 0.0000083 seconds
[2020-01-13T14:12:57.417+0000][1][safepoint    ] Application time: 0.0000227 seconds
[2020-01-13T14:12:57.417+0000][1][safepoint    ] Entering safepoint region: RevokeBias
[2020-01-13T14:12:57.417+0000][1][safepoint    ] Leaving safepoint region
[2020-01-13T14:12:57.417+0000][1][safepoint    ] Total time for which application threads were stopped: 0.0000472 seconds, Stopping threads took: 0.0000081 seconds
[2020-01-13T14:12:57.417+0000][1][safepoint    ] Application time: 0.0000203 seconds
[2020-01-13T14:12:57.417+0000][1][safepoint    ] Entering safepoint region: RevokeBias
[2020-01-13T14:12:57.417+0000][1][safepoint    ] Leaving safepoint region
[2020-01-13T14:12:57.417+0000][1][safepoint    ] Total time for which application threads were stopped: 0.0000335 seconds, Stopping threads took: 0.0000081 seconds
[2020-01-13T14:12:57.417+0000][1][safepoint    ] Application time: 0.0000190 seconds
[2020-01-13T14:12:57.417+0000][1][safepoint    ] Entering safepoint region: RevokeBias
[2020-01-13T14:12:57.417+0000][1][safepoint    ] Leaving safepoint region
[2020-01-13T14:12:57.417+0000][1][safepoint    ] Total time for which application threads were stopped: 0.0000471 seconds, Stopping threads took: 0.0000078 seconds
[2020-01-13T14:12:57.417+0000][1][safepoint    ] Application time: 0.0000195 seconds
[2020-01-13T14:12:57.417+0000][1][safepoint    ] Entering safepoint region: RevokeBias
[2020-01-13T14:12:57.417+0000][1][safepoint    ] Leaving safepoint region
[2020-01-13T14:12:57.417+0000][1][safepoint    ] Total time for which application threads were stopped: 0.0000465 seconds, Stopping threads took: 0.0000081 seconds
[2020-01-13T14:12:57.417+0000][1][safepoint    ] Application time: 0.0000321 seconds
[2020-01-13T14:12:57.417+0000][1][safepoint    ] Entering safepoint region: RevokeBias
[2020-01-13T14:12:57.417+0000][1][safepoint    ] Leaving safepoint region
[2020-01-13T14:12:57.417+0000][1][safepoint    ] Total time for which application threads were stopped: 0.0000471 seconds, Stopping threads took: 0.0000079 seconds
[2020-01-13T14:12:57.417+0000][1][safepoint    ] Application time: 0.0000223 seconds
[2020-01-13T14:12:57.417+0000][1][safepoint    ] Entering safepoint region: BulkRevokeBias
[2020-01-13T14:12:57.418+0000][1][safepoint    ] Leaving safepoint region
[2020-01-13T14:12:57.418+0000][1][safepoint    ] Total time for which application threads were stopped: 0.0001357 seconds, Stopping threads took: 0.0000077 seconds
[2020-01-13T14:12:58.277+0000][1][safepoint    ] Application time: 0.8591058 seconds
[2020-01-13T14:12:58.277+0000][1][safepoint    ] Entering safepoint region: RevokeBias
[2020-01-13T14:12:58.278+0000][1][safepoint    ] Leaving safepoint region
[2020-01-13T14:12:58.278+0000][1][safepoint    ] Total time for which application threads were stopped: 0.0008558 seconds, Stopping threads took: 0.0000517 seconds
[2020-01-13T14:12:58.278+0000][1][safepoint    ] Application time: 0.0007704 seconds
[2020-01-13T14:12:58.283+0000][1][safepoint    ] Entering safepoint region: RevokeBias
[2020-01-13T14:12:58.283+0000][1][safepoint    ] Leaving safepoint region
[2020-01-13T14:12:58.283+0000][1][safepoint    ] Total time for which application threads were stopped: 0.0050795 seconds, Stopping threads took: 0.0049935 seconds
[2020-01-13T14:12:58.284+0000][1][safepoint    ] Application time: 0.0001010 seconds
[2020-01-13T14:12:58.284+0000][1][safepoint    ] Entering safepoint region: RevokeBias
[2020-01-13T14:12:58.284+0000][1][safepoint    ] Leaving safepoint region
[2020-01-13T14:12:58.284+0000][1][safepoint    ] Total time for which application threads were stopped: 0.0000274 seconds, Stopping threads took: 0.0000069 seconds
[2020-01-13T14:12:58.816+0000][1][safepoint    ] Application time: 0.5328429 seconds
[2020-01-13T14:12:58.817+0000][1][safepoint    ] Entering safepoint region: Deoptimize
[2020-01-13T14:12:58.818+0000][1][safepoint    ] Leaving safepoint region
[2020-01-13T14:12:58.818+0000][1][safepoint    ] Total time for which application threads were stopped: 0.0013934 seconds, Stopping threads took: 0.0000213 seconds
[2020-01-13T14:12:59.287+0000][1][safepoint    ] Application time: 0.4687190 seconds
[2020-01-13T14:12:59.289+0000][1][safepoint    ] Entering safepoint region: RevokeBias
[2020-01-13T14:12:59.291+0000][1][safepoint    ] Leaving safepoint region
[2020-01-13T14:12:59.291+0000][1][safepoint    ] Total time for which application threads were stopped: 0.0041208 seconds, Stopping threads took: 0.0024670 seconds
[2020-01-13T14:12:59.532+0000][1][safepoint    ] Application time: 0.2409719 seconds
[2020-01-13T14:12:59.532+0000][1][safepoint    ] Entering safepoint region: Deoptimize
[2020-01-13T14:12:59.533+0000][1][safepoint    ] Leaving safepoint region
[2020-01-13T14:12:59.533+0000][1][safepoint    ] Total time for which application threads were stopped: 0.0009221 seconds, Stopping threads took: 0.0000301 seconds
[2020-01-13T14:12:59.843+0000][1][safepoint    ] Application time: 0.3107315 seconds
[2020-01-13T14:12:59.844+0000][1][safepoint    ] Entering safepoint region: GenCollectForAllocation
[2020-01-13T14:12:59.844+0000][1][gc,start     ] GC(21) Pause Young (Allocation Failure)
[2020-01-13T14:12:59.844+0000][1][gc,task      ] GC(21) Using 1 workers of 1 for evacuation
[2020-01-13T14:12:59.918+0000][1][gc,age       ] GC(21) Desired survivor size 4358144 bytes, new threshold 2 (max threshold 6)
[2020-01-13T14:12:59.918+0000][1][gc,age       ] GC(21) Age table with threshold 2 (max threshold 6)
[2020-01-13T14:12:59.918+0000][1][gc,age       ] GC(21) - age   1:    3392144 bytes,    3392144 total
[2020-01-13T14:12:59.918+0000][1][gc,age       ] GC(21) - age   2:    1263584 bytes,    4655728 total
[2020-01-13T14:12:59.918+0000][1][gc,heap      ] GC(21) ParNew: 74365K->4935K(76672K)
[2020-01-13T14:12:59.918+0000][1][gc,heap      ] GC(21) CMS: 58014K->61336K(176960K)
[2020-01-13T14:12:59.918+0000][1][gc,metaspace ] GC(21) Metaspace: 58893K->58893K(1103872K)
[2020-01-13T14:12:59.918+0000][1][gc           ] GC(21) Pause Young (Allocation Failure) 129M->64M(247M) 74.564ms
[2020-01-13T14:12:59.918+0000][1][gc,cpu       ] GC(21) User=0.07s Sys=0.00s Real=0.07s
[2020-01-13T14:12:59.918+0000][1][safepoint    ] Leaving safepoint region
[2020-01-13T14:12:59.918+0000][1][safepoint    ] Total time for which application threads were stopped: 0.0747525 seconds, Stopping threads took: 0.0000268 seconds
[2020-01-13T14:13:00.304+0000][1][safepoint    ] Application time: 0.3854948 seconds
[2020-01-13T14:13:00.304+0000][1][safepoint    ] Entering safepoint region: RevokeBias
[2020-01-13T14:13:00.304+0000][1][safepoint    ] Leaving safepoint region
[2020-01-13T14:13:00.304+0000][1][safepoint    ] Total time for which application threads were stopped: 0.0003646 seconds, Stopping threads took: 0.0002116 seconds
[2020-01-13T14:13:00.740+0000][1][safepoint    ] Application time: 0.4354721 seconds
[2020-01-13T14:13:00.740+0000][1][safepoint    ] Entering safepoint region: BulkRevokeBias
[2020-01-13T14:13:00.740+0000][1][safepoint    ] Leaving safepoint region
[2020-01-13T14:13:00.740+0000][1][safepoint    ] Total time for which application threads were stopped: 0.0002353 seconds, Stopping threads took: 0.0000323 seconds
[2020-01-13T14:13:00.985+0000][1][safepoint    ] Application time: 0.2452701 seconds
[2020-01-13T14:13:00.985+0000][1][safepoint    ] Entering safepoint region: Deoptimize
[2020-01-13T14:13:00.986+0000][1][safepoint    ] Leaving safepoint region
[2020-01-13T14:13:00.986+0000][1][safepoint    ] Total time for which application threads were stopped: 0.0010648 seconds, Stopping threads took: 0.0000567 seconds
[2020-01-13T14:13:01.012+0000][1][safepoint    ] Application time: 0.0255028 seconds
[2020-01-13T14:13:01.012+0000][1][safepoint    ] Entering safepoint region: RevokeBias
[2020-01-13T14:13:01.012+0000][1][safepoint    ] Leaving safepoint region
[2020-01-13T14:13:01.012+0000][1][safepoint    ] Total time for which application threads were stopped: 0.0001020 seconds, Stopping threads took: 0.0000246 seconds
[2020-01-13T14:13:01.013+0000][1][safepoint    ] Application time: 0.0005488 seconds
[2020-01-13T14:13:01.013+0000][1][safepoint    ] Entering safepoint region: RevokeBias
[2020-01-13T14:13:01.013+0000][1][safepoint    ] Leaving safepoint region
[2020-01-13T14:13:01.013+0000][1][safepoint    ] Total time for which application threads were stopped: 0.0000799 seconds, Stopping threads took: 0.0000199 seconds
[2020-01-13T14:13:01.017+0000][1][safepoint    ] Application time: 0.0042202 seconds
[2020-01-13T14:13:01.017+0000][1][safepoint    ] Entering safepoint region: RevokeBias
[2020-01-13T14:13:01.017+0000][1][safepoint    ] Leaving safepoint region
[2020-01-13T14:13:01.017+0000][1][safepoint    ] Total time for which application threads were stopped: 0.0000890 seconds, Stopping threads took: 0.0000290 seconds
[2020-01-13T14:13:01.018+0000][1][safepoint    ] Application time: 0.0006018 seconds
[2020-01-13T14:13:01.018+0000][1][safepoint    ] Entering safepoint region: RevokeBias
[2020-01-13T14:13:01.018+0000][1][safepoint    ] Leaving safepoint region
[2020-01-13T14:13:01.018+0000][1][safepoint    ] Total time for which application threads were stopped: 0.0000729 seconds, Stopping threads took: 0.0000201 seconds
[2020-01-13T14:13:01.018+0000][1][safepoint    ] Application time: 0.0000366 seconds
[2020-01-13T14:13:01.018+0000][1][safepoint    ] Entering safepoint region: RevokeBias
[2020-01-13T14:13:01.018+0000][1][safepoint    ] Leaving safepoint region
[2020-01-13T14:13:01.018+0000][1][safepoint    ] Total time for which application threads were stopped: 0.0000416 seconds, Stopping threads took: 0.0000128 seconds
[2020-01-13T14:13:01.018+0000][1][safepoint    ] Application time: 0.0002042 seconds
[2020-01-13T14:13:01.018+0000][1][safepoint    ] Entering safepoint region: RevokeBias
[2020-01-13T14:13:01.018+0000][1][safepoint    ] Leaving safepoint region
[2020-01-13T14:13:01.018+0000][1][safepoint    ] Total time for which application threads were stopped: 0.0000481 seconds, Stopping threads took: 0.0000150 seconds
[2020-01-13T14:13:01.018+0000][1][safepoint    ] Application time: 0.0002282 seconds
[2020-01-13T14:13:01.020+0000][1][safepoint    ] Entering safepoint region: RevokeBias
[2020-01-13T14:13:01.020+0000][1][safepoint    ] Leaving safepoint region
[2020-01-13T14:13:01.020+0000][1][safepoint    ] Total time for which application threads were stopped: 0.0020989 seconds, Stopping threads took: 0.0020294 seconds
[2020-01-13T14:13:01.021+0000][1][safepoint    ] Application time: 0.0003787 seconds
[2020-01-13T14:13:01.021+0000][1][safepoint    ] Entering safepoint region: RevokeBias
[2020-01-13T14:13:01.021+0000][1][safepoint    ] Leaving safepoint region
[2020-01-13T14:13:01.021+0000][1][safepoint    ] Total time for which application threads were stopped: 0.0000695 seconds, Stopping threads took: 0.0000177 seconds
[2020-01-13T14:13:01.021+0000][1][safepoint    ] Application time: 0.0000467 seconds
[2020-01-13T14:13:01.021+0000][1][safepoint    ] Entering safepoint region: RevokeBias
[2020-01-13T14:13:01.021+0000][1][safepoint    ] Leaving safepoint region
[2020-01-13T14:13:01.021+0000][1][safepoint    ] Total time for which application threads were stopped: 0.0000620 seconds, Stopping threads took: 0.0000163 seconds
[2020-01-13T14:13:01.022+0000][1][safepoint    ] Application time: 0.0008459 seconds
[2020-01-13T14:13:01.022+0000][1][safepoint    ] Entering safepoint region: RevokeBias
[2020-01-13T14:13:01.022+0000][1][safepoint    ] Leaving safepoint region
[2020-01-13T14:13:01.022+0000][1][safepoint    ] Total time for which application threads were stopped: 0.0000529 seconds, Stopping threads took: 0.0000187 seconds
[2020-01-13T14:13:01.023+0000][1][safepoint    ] Application time: 0.0011313 seconds
[2020-01-13T14:13:01.026+0000][1][safepoint    ] Entering safepoint region: RevokeBias
[2020-01-13T14:13:01.026+0000][1][safepoint    ] Leaving safepoint region
[2020-01-13T14:13:01.026+0000][1][safepoint    ] Total time for which application threads were stopped: 0.0032685 seconds, Stopping threads took: 0.0032084 seconds
[2020-01-13T14:13:01.027+0000][1][safepoint    ] Application time: 0.0001090 seconds
[2020-01-13T14:13:01.027+0000][1][safepoint    ] Entering safepoint region: RevokeBias
[2020-01-13T14:13:01.027+0000][1][safepoint    ] Leaving safepoint region
[2020-01-13T14:13:01.027+0000][1][safepoint    ] Total time for which application threads were stopped: 0.0000407 seconds, Stopping threads took: 0.0000134 seconds
[2020-01-13T14:13:01.030+0000][1][safepoint    ] Application time: 0.0037737 seconds
[2020-01-13T14:13:01.030+0000][1][safepoint    ] Entering safepoint region: Deoptimize
[2020-01-13T14:13:01.031+0000][1][safepoint    ] Leaving safepoint region
[2020-01-13T14:13:01.031+0000][1][safepoint    ] Total time for which application threads were stopped: 0.0007485 seconds, Stopping threads took: 0.0000257 seconds
[2020-01-13T14:13:01.115+0000][1][safepoint    ] Application time: 0.0837601 seconds
[2020-01-13T14:13:01.118+0000][1][safepoint    ] Entering safepoint region: RevokeBias
[2020-01-13T14:13:01.119+0000][1][safepoint    ] Leaving safepoint region
[2020-01-13T14:13:01.119+0000][1][safepoint    ] Total time for which application threads were stopped: 0.0036278 seconds, Stopping threads took: 0.0034870 seconds
[2020-01-13T14:13:01.124+0000][1][safepoint    ] Application time: 0.0050717 seconds
[2020-01-13T14:13:01.124+0000][1][safepoint    ] Entering safepoint region: RevokeBias
[2020-01-13T14:13:01.124+0000][1][safepoint    ] Leaving safepoint region
[2020-01-13T14:13:01.124+0000][1][safepoint    ] Total time for which application threads were stopped: 0.0001263 seconds, Stopping threads took: 0.0000443 seconds
[2020-01-13T14:13:01.125+0000][1][safepoint    ] Application time: 0.0010992 seconds
[2020-01-13T14:13:01.125+0000][1][safepoint    ] Entering safepoint region: RevokeBias
[2020-01-13T14:13:01.125+0000][1][safepoint    ] Leaving safepoint region
[2020-01-13T14:13:01.125+0000][1][safepoint    ] Total time for which application threads were stopped: 0.0000766 seconds, Stopping threads took: 0.0000100 seconds
[2020-01-13T14:13:01.127+0000][1][safepoint    ] Application time: 0.0017612 seconds
[2020-01-13T14:13:01.127+0000][1][safepoint    ] Entering safepoint region: RevokeBias
[2020-01-13T14:13:01.127+0000][1][safepoint    ] Leaving safepoint region
[2020-01-13T14:13:01.127+0000][1][safepoint    ] Total time for which application threads were stopped: 0.0000822 seconds, Stopping threads took: 0.0000316 seconds
[2020-01-13T14:13:01.131+0000][1][safepoint    ] Application time: 0.0041639 seconds
[2020-01-13T14:13:01.131+0000][1][safepoint    ] Entering safepoint region: RevokeBias
[2020-01-13T14:13:01.131+0000][1][safepoint    ] Leaving safepoint region
[2020-01-13T14:13:01.131+0000][1][safepoint    ] Total time for which application threads were stopped: 0.0001073 seconds, Stopping threads took: 0.0000337 seconds
[2020-01-13T14:13:01.132+0000][1][safepoint    ] Application time: 0.0002932 seconds
[2020-01-13T14:13:01.132+0000][1][safepoint    ] Entering safepoint region: RevokeBias
[2020-01-13T14:13:01.132+0000][1][safepoint    ] Leaving safepoint region
[2020-01-13T14:13:01.132+0000][1][safepoint    ] Total time for which application threads were stopped: 0.0001370 seconds, Stopping threads took: 0.0000774 seconds
[2020-01-13T14:13:01.132+0000][1][safepoint    ] Application time: 0.0001056 seconds
[2020-01-13T14:13:01.132+0000][1][safepoint    ] Entering safepoint region: RevokeBias
[2020-01-13T14:13:01.132+0000][1][safepoint    ] Leaving safepoint region
[2020-01-13T14:13:01.132+0000][1][safepoint    ] Total time for which application threads were stopped: 0.0000398 seconds, Stopping threads took: 0.0000131 seconds
[2020-01-13T14:13:01.132+0000][1][safepoint    ] Application time: 0.0003546 seconds
[2020-01-13T14:13:01.132+0000][1][safepoint    ] Entering safepoint region: RevokeBias
[2020-01-13T14:13:01.132+0000][1][safepoint    ] Leaving safepoint region
[2020-01-13T14:13:01.132+0000][1][safepoint    ] Total time for which application threads were stopped: 0.0000526 seconds, Stopping threads took: 0.0000197 seconds
[2020-01-13T14:13:01.132+0000][1][safepoint    ] Application time: 0.0001201 seconds
[2020-01-13T14:13:01.132+0000][1][safepoint    ] Entering safepoint region: RevokeBias
[2020-01-13T14:13:01.132+0000][1][safepoint    ] Leaving safepoint region
[2020-01-13T14:13:01.132+0000][1][safepoint    ] Total time for which application threads were stopped: 0.0000385 seconds, Stopping threads took: 0.0000133 seconds
[2020-01-13T14:13:01.138+0000][1][safepoint    ] Application time: 0.0058433 seconds
[2020-01-13T14:13:01.141+0000][1][safepoint    ] Entering safepoint region: RevokeBias
[2020-01-13T14:13:01.142+0000][1][safepoint    ] Leaving safepoint region
[2020-01-13T14:13:01.142+0000][1][safepoint    ] Total time for which application threads were stopped: 0.0032788 seconds, Stopping threads took: 0.0031758 seconds
[2020-01-13T14:13:01.160+0000][1][safepoint    ] Application time: 0.0186925 seconds
[2020-01-13T14:13:01.162+0000][1][safepoint    ] Entering safepoint region: RevokeBias
[2020-01-13T14:13:01.163+0000][1][safepoint    ] Leaving safepoint region
[2020-01-13T14:13:01.163+0000][1][safepoint    ] Total time for which application threads were stopped: 0.0021456 seconds, Stopping threads took: 0.0020570 seconds
[2020-01-13T14:13:01.165+0000][1][safepoint    ] Application time: 0.0027461 seconds
[2020-01-13T14:13:01.166+0000][1][safepoint    ] Entering safepoint region: RevokeBias
[2020-01-13T14:13:01.166+0000][1][safepoint    ] Leaving safepoint region
[2020-01-13T14:13:01.166+0000][1][safepoint    ] Total time for which application threads were stopped: 0.0005763 seconds, Stopping threads took: 0.0004653 seconds
[2020-01-13T14:13:01.166+0000][1][safepoint    ] Application time: 0.0001285 seconds
[2020-01-13T14:13:01.166+0000][1][safepoint    ] Entering safepoint region: RevokeBias
[2020-01-13T14:13:01.166+0000][1][safepoint    ] Leaving safepoint region
[2020-01-13T14:13:01.166+0000][1][safepoint    ] Total time for which application threads were stopped: 0.0000527 seconds, Stopping threads took: 0.0000067 seconds
[2020-01-13T14:13:01.166+0000][1][safepoint    ] Application time: 0.0000558 seconds
[2020-01-13T14:13:01.166+0000][1][safepoint    ] Entering safepoint region: RevokeBias
[2020-01-13T14:13:01.166+0000][1][safepoint    ] Leaving safepoint region
[2020-01-13T14:13:01.166+0000][1][safepoint    ] Total time for which application threads were stopped: 0.0000426 seconds, Stopping threads took: 0.0000056 seconds
[2020-01-13T14:13:01.167+0000][1][safepoint    ] Application time: 0.0005513 seconds
[2020-01-13T14:13:01.167+0000][1][safepoint    ] Entering safepoint region: RevokeBias
[2020-01-13T14:13:01.167+0000][1][safepoint    ] Leaving safepoint region
[2020-01-13T14:13:01.167+0000][1][safepoint    ] Total time for which application threads were stopped: 0.0000665 seconds, Stopping threads took: 0.0000099 seconds
[2020-01-13T14:13:01.167+0000][1][safepoint    ] Application time: 0.0005734 seconds
[2020-01-13T14:13:01.168+0000][1][safepoint    ] Entering safepoint region: RevokeBias
[2020-01-13T14:13:01.168+0000][1][safepoint    ] Leaving safepoint region
[2020-01-13T14:13:01.168+0000][1][safepoint    ] Total time for which application threads were stopped: 0.0001270 seconds, Stopping threads took: 0.0000719 seconds
[2020-01-13T14:13:01.168+0000][1][safepoint    ] Application time: 0.0000326 seconds
[2020-01-13T14:13:01.168+0000][1][safepoint    ] Entering safepoint region: RevokeBias
[2020-01-13T14:13:01.168+0000][1][safepoint    ] Leaving safepoint region
[2020-01-13T14:13:01.168+0000][1][safepoint    ] Total time for which application threads were stopped: 0.0000494 seconds, Stopping threads took: 0.0000054 seconds
[2020-01-13T14:13:01.170+0000][1][safepoint    ] Application time: 0.0026794 seconds
[2020-01-13T14:13:01.170+0000][1][safepoint    ] Entering safepoint region: RevokeBias
[2020-01-13T14:13:01.171+0000][1][safepoint    ] Leaving safepoint region
[2020-01-13T14:13:01.171+0000][1][safepoint    ] Total time for which application threads were stopped: 0.0001210 seconds, Stopping threads took: 0.0000380 seconds
[2020-01-13T14:13:01.171+0000][1][safepoint    ] Application time: 0.0001386 seconds
[2020-01-13T14:13:01.171+0000][1][safepoint    ] Entering safepoint region: RevokeBias
[2020-01-13T14:13:01.171+0000][1][safepoint    ] Leaving safepoint region
[2020-01-13T14:13:01.171+0000][1][safepoint    ] Total time for which application threads were stopped: 0.0000855 seconds, Stopping threads took: 0.0000110 seconds
[2020-01-13T14:13:01.176+0000][1][safepoint    ] Application time: 0.0054335 seconds
[2020-01-13T14:13:01.178+0000][1][safepoint    ] Entering safepoint region: RevokeBias
[2020-01-13T14:13:01.178+0000][1][safepoint    ] Leaving safepoint region
[2020-01-13T14:13:01.179+0000][1][safepoint    ] Total time for which application threads were stopped: 0.0022265 seconds, Stopping threads took: 0.0021350 seconds
[2020-01-13T14:13:01.182+0000][1][safepoint    ] Application time: 0.0038931 seconds
[2020-01-13T14:13:01.182+0000][1][safepoint    ] Entering safepoint region: RevokeBias
[2020-01-13T14:13:01.183+0000][1][safepoint    ] Leaving safepoint region
[2020-01-13T14:13:01.183+0000][1][safepoint    ] Total time for which application threads were stopped: 0.0001302 seconds, Stopping threads took: 0.0000292 seconds
[2020-01-13T14:13:01.189+0000][1][safepoint    ] Application time: 0.0065039 seconds
[2020-01-13T14:13:01.189+0000][1][safepoint    ] Entering safepoint region: RevokeBias
[2020-01-13T14:13:01.189+0000][1][safepoint    ] Leaving safepoint region
[2020-01-13T14:13:01.189+0000][1][safepoint    ] Total time for which application threads were stopped: 0.0001386 seconds, Stopping threads took: 0.0000355 seconds
[2020-01-13T14:13:01.189+0000][1][safepoint    ] Application time: 0.0001858 seconds
[2020-01-13T14:13:01.190+0000][1][safepoint    ] Entering safepoint region: RevokeBias
[2020-01-13T14:13:01.190+0000][1][safepoint    ] Leaving safepoint region
[2020-01-13T14:13:01.190+0000][1][safepoint    ] Total time for which application threads were stopped: 0.0000830 seconds, Stopping threads took: 0.0000246 seconds
[2020-01-13T14:13:01.190+0000][1][safepoint    ] Application time: 0.0003378 seconds
[2020-01-13T14:13:01.190+0000][1][safepoint    ] Entering safepoint region: RevokeBias
[2020-01-13T14:13:01.190+0000][1][safepoint    ] Leaving safepoint region
[2020-01-13T14:13:01.190+0000][1][safepoint    ] Total time for which application threads were stopped: 0.0001702 seconds, Stopping threads took: 0.0001203 seconds
[2020-01-13T14:13:01.193+0000][1][safepoint    ] Application time: 0.0032453 seconds
[2020-01-13T14:13:01.193+0000][1][safepoint    ] Entering safepoint region: RevokeBias
[2020-01-13T14:13:01.193+0000][1][safepoint    ] Leaving safepoint region
[2020-01-13T14:13:01.193+0000][1][safepoint    ] Total time for which application threads were stopped: 0.0000844 seconds, Stopping threads took: 0.0000214 seconds
[2020-01-13T14:13:01.202+0000][1][safepoint    ] Application time: 0.0082269 seconds
[2020-01-13T14:13:01.202+0000][1][safepoint    ] Entering safepoint region: RevokeBias
[2020-01-13T14:13:01.202+0000][1][safepoint    ] Leaving safepoint region
[2020-01-13T14:13:01.202+0000][1][safepoint    ] Total time for which application threads were stopped: 0.0000969 seconds, Stopping threads took: 0.0000281 seconds
[2020-01-13T14:13:01.203+0000][1][safepoint    ] Application time: 0.0013583 seconds
[2020-01-13T14:13:01.203+0000][1][safepoint    ] Entering safepoint region: RevokeBias
[2020-01-13T14:13:01.203+0000][1][safepoint    ] Leaving safepoint region
[2020-01-13T14:13:01.203+0000][1][safepoint    ] Total time for which application threads were stopped: 0.0001203 seconds, Stopping threads took: 0.0000509 seconds
[2020-01-13T14:13:01.205+0000][1][safepoint    ] Application time: 0.0016445 seconds
[2020-01-13T14:13:01.206+0000][1][safepoint    ] Entering safepoint region: RevokeBias
[2020-01-13T14:13:01.206+0000][1][safepoint    ] Leaving safepoint region
[2020-01-13T14:13:01.206+0000][1][safepoint    ] Total time for which application threads were stopped: 0.0013642 seconds, Stopping threads took: 0.0012866 seconds
[2020-01-13T14:13:01.260+0000][1][safepoint    ] Application time: 0.0538826 seconds
[2020-01-13T14:13:01.263+0000][1][safepoint    ] Entering safepoint region: RevokeBias
[2020-01-13T14:13:01.263+0000][1][safepoint    ] Leaving safepoint region
[2020-01-13T14:13:01.263+0000][1][safepoint    ] Total time for which application threads were stopped: 0.0029569 seconds, Stopping threads took: 0.0028445 seconds
[2020-01-13T14:13:01.280+0000][1][safepoint    ] Application time: 0.0167824 seconds
[2020-01-13T14:13:01.281+0000][1][safepoint    ] Entering safepoint region: RevokeBias
[2020-01-13T14:13:01.281+0000][1][safepoint    ] Leaving safepoint region
[2020-01-13T14:13:01.281+0000][1][safepoint    ] Total time for which application threads were stopped: 0.0006216 seconds, Stopping threads took: 0.0005307 seconds
[2020-01-13T14:13:01.281+0000][1][safepoint    ] Application time: 0.0005700 seconds
[2020-01-13T14:13:01.281+0000][1][safepoint    ] Entering safepoint region: RevokeBias
[2020-01-13T14:13:01.281+0000][1][safepoint    ] Leaving safepoint region
[2020-01-13T14:13:01.282+0000][1][safepoint    ] Total time for which application threads were stopped: 0.0000952 seconds, Stopping threads took: 0.0000228 seconds
[2020-01-13T14:13:01.314+0000][1][safepoint    ] Application time: 0.0326699 seconds
[2020-01-13T14:13:01.316+0000][1][safepoint    ] Entering safepoint region: RevokeBias
[2020-01-13T14:13:01.316+0000][1][safepoint    ] Leaving safepoint region
[2020-01-13T14:13:01.316+0000][1][safepoint    ] Total time for which application threads were stopped: 0.0016878 seconds, Stopping threads took: 0.0016109 seconds
[2020-01-13T14:13:01.386+0000][1][safepoint    ] Application time: 0.0698430 seconds
[2020-01-13T14:13:01.386+0000][1][safepoint    ] Entering safepoint region: RevokeBias
[2020-01-13T14:13:01.386+0000][1][safepoint    ] Leaving safepoint region
[2020-01-13T14:13:01.386+0000][1][safepoint    ] Total time for which application threads were stopped: 0.0001154 seconds, Stopping threads took: 0.0000391 seconds
[2020-01-13T14:13:01.387+0000][1][safepoint    ] Application time: 0.0007461 seconds
[2020-01-13T14:13:01.387+0000][1][safepoint    ] Entering safepoint region: RevokeBias
[2020-01-13T14:13:01.387+0000][1][safepoint    ] Leaving safepoint region
[2020-01-13T14:13:01.387+0000][1][safepoint    ] Total time for which application threads were stopped: 0.0000730 seconds, Stopping threads took: 0.0000116 seconds
[2020-01-13T14:13:01.387+0000][1][safepoint    ] Application time: 0.0000471 seconds
[2020-01-13T14:13:01.387+0000][1][safepoint    ] Entering safepoint region: RevokeBias
[2020-01-13T14:13:01.387+0000][1][safepoint    ] Leaving safepoint region
[2020-01-13T14:13:01.387+0000][1][safepoint    ] Total time for which application threads were stopped: 0.0000343 seconds, Stopping threads took: 0.0000062 seconds
[2020-01-13T14:13:01.387+0000][1][safepoint    ] Application time: 0.0000250 seconds
[2020-01-13T14:13:01.387+0000][1][safepoint    ] Entering safepoint region: RevokeBias
[2020-01-13T14:13:01.387+0000][1][safepoint    ] Leaving safepoint region
[2020-01-13T14:13:01.387+0000][1][safepoint    ] Total time for which application threads were stopped: 0.0000302 seconds, Stopping threads took: 0.0000054 seconds
[2020-01-13T14:13:01.387+0000][1][safepoint    ] Application time: 0.0002885 seconds
[2020-01-13T14:13:01.387+0000][1][safepoint    ] Entering safepoint region: RevokeBias
[2020-01-13T14:13:01.387+0000][1][safepoint    ] Leaving safepoint region
[2020-01-13T14:13:01.387+0000][1][safepoint    ] Total time for which application threads were stopped: 0.0000396 seconds, Stopping threads took: 0.0000076 seconds
[2020-01-13T14:13:01.434+0000][1][safepoint    ] Application time: 0.0468297 seconds
[2020-01-13T14:13:01.434+0000][1][safepoint    ] Entering safepoint region: RevokeBias
[2020-01-13T14:13:01.434+0000][1][safepoint    ] Leaving safepoint region
[2020-01-13T14:13:01.434+0000][1][safepoint    ] Total time for which application threads were stopped: 0.0001142 seconds, Stopping threads took: 0.0000397 seconds
[2020-01-13T14:13:01.440+0000][1][safepoint    ] Application time: 0.0058259 seconds
[2020-01-13T14:13:01.440+0000][1][safepoint    ] Entering safepoint region: RevokeBias
[2020-01-13T14:13:01.440+0000][1][safepoint    ] Leaving safepoint region
[2020-01-13T14:13:01.440+0000][1][safepoint    ] Total time for which application threads were stopped: 0.0001460 seconds, Stopping threads took: 0.0000500 seconds
[2020-01-13T14:13:01.494+0000][1][safepoint    ] Application time: 0.0537144 seconds
[2020-01-13T14:13:01.495+0000][1][safepoint    ] Entering safepoint region: RevokeBias
[2020-01-13T14:13:01.495+0000][1][safepoint    ] Leaving safepoint region
[2020-01-13T14:13:01.495+0000][1][safepoint    ] Total time for which application threads were stopped: 0.0006690 seconds, Stopping threads took: 0.0005837 seconds
[2020-01-13T14:13:01.496+0000][1][safepoint    ] Application time: 0.0014892 seconds
[2020-01-13T14:13:01.497+0000][1][safepoint    ] Entering safepoint region: RevokeBias
[2020-01-13T14:13:01.497+0000][1][safepoint    ] Leaving safepoint region
[2020-01-13T14:13:01.497+0000][1][safepoint    ] Total time for which application threads were stopped: 0.0011508 seconds, Stopping threads took: 0.0010922 seconds
[2020-01-13T14:13:01.497+0000][1][safepoint    ] Application time: 0.0000684 seconds
[2020-01-13T14:13:01.498+0000][1][safepoint    ] Entering safepoint region: RevokeBias
[2020-01-13T14:13:01.498+0000][1][safepoint    ] Leaving safepoint region
[2020-01-13T14:13:01.498+0000][1][safepoint    ] Total time for which application threads were stopped: 0.0000564 seconds, Stopping threads took: 0.0000171 seconds
[2020-01-13T14:13:01.498+0000][1][safepoint    ] Application time: 0.0002965 seconds
[2020-01-13T14:13:01.498+0000][1][safepoint    ] Entering safepoint region: RevokeBias
[2020-01-13T14:13:01.498+0000][1][safepoint    ] Leaving safepoint region
[2020-01-13T14:13:01.498+0000][1][safepoint    ] Total time for which application threads were stopped: 0.0000393 seconds, Stopping threads took: 0.0000064 seconds
[2020-01-13T14:13:01.498+0000][1][safepoint    ] Application time: 0.0000301 seconds
[2020-01-13T14:13:01.498+0000][1][safepoint    ] Entering safepoint region: RevokeBias
[2020-01-13T14:13:01.498+0000][1][safepoint    ] Leaving safepoint region
[2020-01-13T14:13:01.498+0000][1][safepoint    ] Total time for which application threads were stopped: 0.0000252 seconds, Stopping threads took: 0.0000048 seconds
[2020-01-13T14:13:01.498+0000][1][safepoint    ] Application time: 0.0000355 seconds
[2020-01-13T14:13:01.498+0000][1][safepoint    ] Entering safepoint region: RevokeBias
[2020-01-13T14:13:01.498+0000][1][safepoint    ] Leaving safepoint region
[2020-01-13T14:13:01.498+0000][1][safepoint    ] Total time for which application threads were stopped: 0.0000211 seconds, Stopping threads took: 0.0000047 seconds
[2020-01-13T14:13:01.498+0000][1][safepoint    ] Application time: 0.0000720 seconds
[2020-01-13T14:13:01.498+0000][1][safepoint    ] Entering safepoint region: RevokeBias
[2020-01-13T14:13:01.498+0000][1][safepoint    ] Leaving safepoint region
[2020-01-13T14:13:01.498+0000][1][safepoint    ] Total time for which application threads were stopped: 0.0000227 seconds, Stopping threads took: 0.0000049 seconds
[2020-01-13T14:13:01.498+0000][1][safepoint    ] Application time: 0.0000420 seconds
[2020-01-13T14:13:01.498+0000][1][safepoint    ] Entering safepoint region: RevokeBias
[2020-01-13T14:13:01.498+0000][1][safepoint    ] Leaving safepoint region
[2020-01-13T14:13:01.498+0000][1][safepoint    ] Total time for which application threads were stopped: 0.0000250 seconds, Stopping threads took: 0.0000053 seconds
[2020-01-13T14:13:01.498+0000][1][safepoint    ] Application time: 0.0001667 seconds
[2020-01-13T14:13:01.498+0000][1][safepoint    ] Entering safepoint region: RevokeBias
[2020-01-13T14:13:01.498+0000][1][safepoint    ] Leaving safepoint region
[2020-01-13T14:13:01.498+0000][1][safepoint    ] Total time for which application threads were stopped: 0.0000323 seconds, Stopping threads took: 0.0000063 seconds
[2020-01-13T14:13:01.499+0000][1][safepoint    ] Application time: 0.0000690 seconds
[2020-01-13T14:13:01.499+0000][1][safepoint    ] Entering safepoint region: RevokeBias
[2020-01-13T14:13:01.499+0000][1][safepoint    ] Leaving safepoint region
[2020-01-13T14:13:01.499+0000][1][safepoint    ] Total time for which application threads were stopped: 0.0000234 seconds, Stopping threads took: 0.0000049 seconds
[2020-01-13T14:13:01.499+0000][1][safepoint    ] Application time: 0.0000270 seconds
[2020-01-13T14:13:01.499+0000][1][safepoint    ] Entering safepoint region: RevokeBias
[2020-01-13T14:13:01.499+0000][1][safepoint    ] Leaving safepoint region
[2020-01-13T14:13:01.499+0000][1][safepoint    ] Total time for which application threads were stopped: 0.0000333 seconds, Stopping threads took: 0.0000046 seconds
[2020-01-13T14:13:01.499+0000][1][safepoint    ] Application time: 0.0003373 seconds
[2020-01-13T14:13:01.499+0000][1][safepoint    ] Entering safepoint region: RevokeBias
[2020-01-13T14:13:01.499+0000][1][safepoint    ] Leaving safepoint region
[2020-01-13T14:13:01.499+0000][1][safepoint    ] Total time for which application threads were stopped: 0.0000338 seconds, Stopping threads took: 0.0000072 seconds
[2020-01-13T14:13:01.499+0000][1][safepoint    ] Application time: 0.0000676 seconds
[2020-01-13T14:13:01.499+0000][1][safepoint    ] Entering safepoint region: RevokeBias
[2020-01-13T14:13:01.499+0000][1][safepoint    ] Leaving safepoint region
[2020-01-13T14:13:01.499+0000][1][safepoint    ] Total time for which application threads were stopped: 0.0000233 seconds, Stopping threads took: 0.0000048 seconds
[2020-01-13T14:13:01.499+0000][1][safepoint    ] Application time: 0.0000273 seconds
[2020-01-13T14:13:01.499+0000][1][safepoint    ] Entering safepoint region: RevokeBias
[2020-01-13T14:13:01.499+0000][1][safepoint    ] Leaving safepoint region
[2020-01-13T14:13:01.499+0000][1][safepoint    ] Total time for which application threads were stopped: 0.0000217 seconds, Stopping threads took: 0.0000046 seconds
[2020-01-13T14:13:01.499+0000][1][safepoint    ] Application time: 0.0001476 seconds
[2020-01-13T14:13:01.499+0000][1][safepoint    ] Entering safepoint region: RevokeBias
[2020-01-13T14:13:01.499+0000][1][safepoint    ] Leaving safepoint region
[2020-01-13T14:13:01.499+0000][1][safepoint    ] Total time for which application threads were stopped: 0.0000285 seconds, Stopping threads took: 0.0000058 seconds
[2020-01-13T14:13:01.500+0000][1][safepoint    ] Application time: 0.0002014 seconds
[2020-01-13T14:13:01.500+0000][1][safepoint    ] Entering safepoint region: RevokeBias
[2020-01-13T14:13:01.500+0000][1][safepoint    ] Leaving safepoint region
[2020-01-13T14:13:01.500+0000][1][safepoint    ] Total time for which application threads were stopped: 0.0000351 seconds, Stopping threads took: 0.0000062 seconds
[2020-01-13T14:13:01.500+0000][1][safepoint    ] Application time: 0.0001705 seconds
[2020-01-13T14:13:01.500+0000][1][safepoint    ] Entering safepoint region: RevokeBias
[2020-01-13T14:13:01.500+0000][1][safepoint    ] Leaving safepoint region
[2020-01-13T14:13:01.500+0000][1][safepoint    ] Total time for which application threads were stopped: 0.0000353 seconds, Stopping threads took: 0.0000074 seconds
[2020-01-13T14:13:01.500+0000][1][safepoint    ] Application time: 0.0001347 seconds
[2020-01-13T14:13:01.500+0000][1][safepoint    ] Entering safepoint region: RevokeBias
[2020-01-13T14:13:01.500+0000][1][safepoint    ] Leaving safepoint region
[2020-01-13T14:13:01.500+0000][1][safepoint    ] Total time for which application threads were stopped: 0.0000311 seconds, Stopping threads took: 0.0000060 seconds
[2020-01-13T14:13:01.500+0000][1][safepoint    ] Application time: 0.0001039 seconds
[2020-01-13T14:13:01.500+0000][1][safepoint    ] Entering safepoint region: RevokeBias
[2020-01-13T14:13:01.500+0000][1][safepoint    ] Leaving safepoint region
[2020-01-13T14:13:01.500+0000][1][safepoint    ] Total time for which application threads were stopped: 0.0000302 seconds, Stopping threads took: 0.0000059 seconds
[2020-01-13T14:13:01.500+0000][1][safepoint    ] Application time: 0.0000878 seconds
[2020-01-13T14:13:01.500+0000][1][safepoint    ] Entering safepoint region: RevokeBias
[2020-01-13T14:13:01.500+0000][1][safepoint    ] Leaving safepoint region
[2020-01-13T14:13:01.500+0000][1][safepoint    ] Total time for which application threads were stopped: 0.0000299 seconds, Stopping threads took: 0.0000060 seconds
[2020-01-13T14:13:01.500+0000][1][safepoint    ] Application time: 0.0000712 seconds
[2020-01-13T14:13:01.500+0000][1][safepoint    ] Entering safepoint region: RevokeBias
[2020-01-13T14:13:01.500+0000][1][safepoint    ] Leaving safepoint region
[2020-01-13T14:13:01.500+0000][1][safepoint    ] Total time for which application threads were stopped: 0.0000302 seconds, Stopping threads took: 0.0000064 seconds
[2020-01-13T14:13:01.501+0000][1][safepoint    ] Application time: 0.0000845 seconds
[2020-01-13T14:13:01.501+0000][1][safepoint    ] Entering safepoint region: RevokeBias
[2020-01-13T14:13:01.501+0000][1][safepoint    ] Leaving safepoint region
[2020-01-13T14:13:01.501+0000][1][safepoint    ] Total time for which application threads were stopped: 0.0000292 seconds, Stopping threads took: 0.0000060 seconds
[2020-01-13T14:13:01.501+0000][1][safepoint    ] Application time: 0.0000674 seconds
[2020-01-13T14:13:01.501+0000][1][safepoint    ] Entering safepoint region: RevokeBias
[2020-01-13T14:13:01.501+0000][1][safepoint    ] Leaving safepoint region
[2020-01-13T14:13:01.501+0000][1][safepoint    ] Total time for which application threads were stopped: 0.0000430 seconds, Stopping threads took: 0.0000069 seconds
[2020-01-13T14:13:01.502+0000][1][safepoint    ] Application time: 0.0013026 seconds
[2020-01-13T14:13:01.502+0000][1][safepoint    ] Entering safepoint region: RevokeBias
[2020-01-13T14:13:01.502+0000][1][safepoint    ] Leaving safepoint region
[2020-01-13T14:13:01.502+0000][1][safepoint    ] Total time for which application threads were stopped: 0.0000753 seconds, Stopping threads took: 0.0000300 seconds
[2020-01-13T14:13:01.503+0000][1][safepoint    ] Application time: 0.0005509 seconds
[2020-01-13T14:13:01.503+0000][1][safepoint    ] Entering safepoint region: RevokeBias
[2020-01-13T14:13:01.503+0000][1][safepoint    ] Leaving safepoint region
[2020-01-13T14:13:01.503+0000][1][safepoint    ] Total time for which application threads were stopped: 0.0000523 seconds, Stopping threads took: 0.0000173 seconds
[2020-01-13T14:13:01.503+0000][1][safepoint    ] Application time: 0.0002083 seconds
[2020-01-13T14:13:01.503+0000][1][safepoint    ] Entering safepoint region: RevokeBias
[2020-01-13T14:13:01.503+0000][1][safepoint    ] Leaving safepoint region
[2020-01-13T14:13:01.503+0000][1][safepoint    ] Total time for which application threads were stopped: 0.0000557 seconds, Stopping threads took: 0.0000216 seconds
[2020-01-13T14:13:01.503+0000][1][safepoint    ] Application time: 0.0003076 seconds
[2020-01-13T14:13:01.506+0000][1][safepoint    ] Entering safepoint region: BulkRevokeBias
[2020-01-13T14:13:01.507+0000][1][safepoint    ] Leaving safepoint region
[2020-01-13T14:13:01.507+0000][1][safepoint    ] Total time for which application threads were stopped: 0.0033011 seconds, Stopping threads took: 0.0030919 seconds
[2020-01-13T14:13:01.507+0000][1][safepoint    ] Application time: 0.0000715 seconds
[2020-01-13T14:13:01.507+0000][1][safepoint    ] Entering safepoint region: RevokeBias
[2020-01-13T14:13:01.507+0000][1][safepoint    ] Leaving safepoint region
[2020-01-13T14:13:01.507+0000][1][safepoint    ] Total time for which application threads were stopped: 0.0000504 seconds, Stopping threads took: 0.0000180 seconds
[2020-01-13T14:13:01.507+0000][1][safepoint    ] Application time: 0.0002274 seconds
[2020-01-13T14:13:01.507+0000][1][safepoint    ] Entering safepoint region: RevokeBias
[2020-01-13T14:13:01.507+0000][1][safepoint    ] Leaving safepoint region
[2020-01-13T14:13:01.507+0000][1][safepoint    ] Total time for which application threads were stopped: 0.0000773 seconds, Stopping threads took: 0.0000331 seconds
[2020-01-13T14:13:01.508+0000][1][safepoint    ] Application time: 0.0010093 seconds
[2020-01-13T14:13:01.508+0000][1][safepoint    ] Entering safepoint region: RevokeBias
[2020-01-13T14:13:01.508+0000][1][safepoint    ] Leaving safepoint region
[2020-01-13T14:13:01.508+0000][1][safepoint    ] Total time for which application threads were stopped: 0.0000587 seconds, Stopping threads took: 0.0000088 seconds
[2020-01-13T14:13:01.508+0000][1][safepoint    ] Application time: 0.0000613 seconds
[2020-01-13T14:13:01.508+0000][1][safepoint    ] Entering safepoint region: RevokeBias
[2020-01-13T14:13:01.508+0000][1][safepoint    ] Leaving safepoint region
[2020-01-13T14:13:01.508+0000][1][safepoint    ] Total time for which application threads were stopped: 0.0000264 seconds, Stopping threads took: 0.0000059 seconds
[2020-01-13T14:13:01.509+0000][1][safepoint    ] Application time: 0.0002041 seconds
[2020-01-13T14:13:01.509+0000][1][safepoint    ] Entering safepoint region: RevokeBias
[2020-01-13T14:13:01.509+0000][1][safepoint    ] Leaving safepoint region
[2020-01-13T14:13:01.509+0000][1][safepoint    ] Total time for which application threads were stopped: 0.0000444 seconds, Stopping threads took: 0.0000165 seconds
[2020-01-13T14:13:01.509+0000][1][safepoint    ] Application time: 0.0006718 seconds
[2020-01-13T14:13:01.509+0000][1][safepoint    ] Entering safepoint region: RevokeBias
[2020-01-13T14:13:01.509+0000][1][safepoint    ] Leaving safepoint region
[2020-01-13T14:13:01.509+0000][1][safepoint    ] Total time for which application threads were stopped: 0.0000448 seconds, Stopping threads took: 0.0000089 seconds
[2020-01-13T14:13:01.510+0000][1][safepoint    ] Application time: 0.0002764 seconds
[2020-01-13T14:13:01.510+0000][1][safepoint    ] Entering safepoint region: RevokeBias
[2020-01-13T14:13:01.510+0000][1][safepoint    ] Leaving safepoint region
[2020-01-13T14:13:01.510+0000][1][safepoint    ] Total time for which application threads were stopped: 0.0000513 seconds, Stopping threads took: 0.0000071 seconds
[2020-01-13T14:13:01.510+0000][1][safepoint    ] Application time: 0.0000883 seconds
[2020-01-13T14:13:01.510+0000][1][safepoint    ] Entering safepoint region: RevokeBias
[2020-01-13T14:13:01.510+0000][1][safepoint    ] Leaving safepoint region
[2020-01-13T14:13:01.510+0000][1][safepoint    ] Total time for which application threads were stopped: 0.0000322 seconds, Stopping threads took: 0.0000064 seconds
[2020-01-13T14:13:01.510+0000][1][safepoint    ] Application time: 0.0001200 seconds
[2020-01-13T14:13:01.510+0000][1][safepoint    ] Entering safepoint region: RevokeBias
[2020-01-13T14:13:01.510+0000][1][safepoint    ] Leaving safepoint region
[2020-01-13T14:13:01.510+0000][1][safepoint    ] Total time for which application threads were stopped: 0.0000291 seconds, Stopping threads took: 0.0000063 seconds
[2020-01-13T14:13:01.511+0000][1][safepoint    ] Application time: 0.0009944 seconds
[2020-01-13T14:13:01.511+0000][1][safepoint    ] Entering safepoint region: RevokeBias
[2020-01-13T14:13:01.511+0000][1][safepoint    ] Leaving safepoint region
[2020-01-13T14:13:01.511+0000][1][safepoint    ] Total time for which application threads were stopped: 0.0000404 seconds, Stopping threads took: 0.0000088 seconds
[2020-01-13T14:13:01.511+0000][1][safepoint    ] Application time: 0.0003853 seconds
[2020-01-13T14:13:01.511+0000][1][safepoint    ] Entering safepoint region: RevokeBias
[2020-01-13T14:13:01.511+0000][1][safepoint    ] Leaving safepoint region
[2020-01-13T14:13:01.511+0000][1][safepoint    ] Total time for which application threads were stopped: 0.0000384 seconds, Stopping threads took: 0.0000088 seconds
[2020-01-13T14:13:01.512+0000][1][safepoint    ] Application time: 0.0004430 seconds
[2020-01-13T14:13:01.512+0000][1][safepoint    ] Entering safepoint region: RevokeBias
[2020-01-13T14:13:01.512+0000][1][safepoint    ] Leaving safepoint region
[2020-01-13T14:13:01.512+0000][1][safepoint    ] Total time for which application threads were stopped: 0.0000392 seconds, Stopping threads took: 0.0000089 seconds
[2020-01-13T14:13:01.512+0000][1][safepoint    ] Application time: 0.0001348 seconds
[2020-01-13T14:13:01.512+0000][1][safepoint    ] Entering safepoint region: RevokeBias
[2020-01-13T14:13:01.512+0000][1][safepoint    ] Leaving safepoint region
[2020-01-13T14:13:01.512+0000][1][safepoint    ] Total time for which application threads were stopped: 0.0000299 seconds, Stopping threads took: 0.0000063 seconds
[2020-01-13T14:13:01.512+0000][1][safepoint    ] Application time: 0.0002888 seconds
[2020-01-13T14:13:01.512+0000][1][safepoint    ] Entering safepoint region: RevokeBias
[2020-01-13T14:13:01.513+0000][1][safepoint    ] Leaving safepoint region
[2020-01-13T14:13:01.513+0000][1][safepoint    ] Total time for which application threads were stopped: 0.0000457 seconds, Stopping threads took: 0.0000168 seconds
[2020-01-13T14:13:01.513+0000][1][safepoint    ] Application time: 0.0000592 seconds
[2020-01-13T14:13:01.513+0000][1][safepoint    ] Entering safepoint region: RevokeBias
[2020-01-13T14:13:01.513+0000][1][safepoint    ] Leaving safepoint region
[2020-01-13T14:13:01.513+0000][1][safepoint    ] Total time for which application threads were stopped: 0.0000343 seconds, Stopping threads took: 0.0000132 seconds
[2020-01-13T14:13:01.513+0000][1][safepoint    ] Application time: 0.0004515 seconds
[2020-01-13T14:13:01.513+0000][1][safepoint    ] Entering safepoint region: RevokeBias
[2020-01-13T14:13:01.513+0000][1][safepoint    ] Leaving safepoint region
[2020-01-13T14:13:01.513+0000][1][safepoint    ] Total time for which application threads were stopped: 0.0000464 seconds, Stopping threads took: 0.0000166 seconds
[2020-01-13T14:13:01.513+0000][1][safepoint    ] Application time: 0.0002484 seconds
[2020-01-13T14:13:01.513+0000][1][safepoint    ] Entering safepoint region: RevokeBias
[2020-01-13T14:13:01.513+0000][1][safepoint    ] Leaving safepoint region
[2020-01-13T14:13:01.513+0000][1][safepoint    ] Total time for which application threads were stopped: 0.0000446 seconds, Stopping threads took: 0.0000161 seconds
[2020-01-13T14:13:01.514+0000][1][safepoint    ] Application time: 0.0001448 seconds
[2020-01-13T14:13:01.514+0000][1][safepoint    ] Entering safepoint region: RevokeBias
[2020-01-13T14:13:01.514+0000][1][safepoint    ] Leaving safepoint region
[2020-01-13T14:13:01.514+0000][1][safepoint    ] Total time for which application threads were stopped: 0.0007612 seconds, Stopping threads took: 0.0007328 seconds
[2020-01-13T14:13:01.515+0000][1][safepoint    ] Application time: 0.0001707 seconds
[2020-01-13T14:13:01.515+0000][1][safepoint    ] Entering safepoint region: RevokeBias
[2020-01-13T14:13:01.515+0000][1][safepoint    ] Leaving safepoint region
[2020-01-13T14:13:01.515+0000][1][safepoint    ] Total time for which application threads were stopped: 0.0000425 seconds, Stopping threads took: 0.0000152 seconds
[2020-01-13T14:13:01.515+0000][1][safepoint    ] Application time: 0.0001506 seconds
[2020-01-13T14:13:01.515+0000][1][safepoint    ] Entering safepoint region: RevokeBias
[2020-01-13T14:13:01.515+0000][1][safepoint    ] Leaving safepoint region
[2020-01-13T14:13:01.515+0000][1][safepoint    ] Total time for which application threads were stopped: 0.0000422 seconds, Stopping threads took: 0.0000152 seconds
[2020-01-13T14:13:01.515+0000][1][safepoint    ] Application time: 0.0001259 seconds
[2020-01-13T14:13:01.515+0000][1][safepoint    ] Entering safepoint region: RevokeBias
[2020-01-13T14:13:01.515+0000][1][safepoint    ] Leaving safepoint region
[2020-01-13T14:13:01.515+0000][1][safepoint    ] Total time for which application threads were stopped: 0.0000403 seconds, Stopping threads took: 0.0000146 seconds
[2020-01-13T14:13:01.556+0000][1][safepoint    ] Application time: 0.0412293 seconds
[2020-01-13T14:13:01.556+0000][1][safepoint    ] Entering safepoint region: RevokeBias
[2020-01-13T14:13:01.556+0000][1][safepoint    ] Leaving safepoint region
[2020-01-13T14:13:01.556+0000][1][safepoint    ] Total time for which application threads were stopped: 0.0001516 seconds, Stopping threads took: 0.0000428 seconds
[2020-01-13T14:13:01.598+0000][1][safepoint    ] Application time: 0.0417451 seconds
[2020-01-13T14:13:01.598+0000][1][safepoint    ] Entering safepoint region: RevokeBias
[2020-01-13T14:13:01.598+0000][1][safepoint    ] Leaving safepoint region
[2020-01-13T14:13:01.598+0000][1][safepoint    ] Total time for which application threads were stopped: 0.0001081 seconds, Stopping threads took: 0.0000165 seconds
[2020-01-13T14:13:01.601+0000][1][safepoint    ] Application time: 0.0031259 seconds
[2020-01-13T14:13:01.602+0000][1][safepoint    ] Entering safepoint region: RevokeBias
[2020-01-13T14:13:01.602+0000][1][safepoint    ] Leaving safepoint region
[2020-01-13T14:13:01.602+0000][1][safepoint    ] Total time for which application threads were stopped: 0.0001470 seconds, Stopping threads took: 0.0000439 seconds
[2020-01-13T14:13:01.652+0000][1][safepoint    ] Application time: 0.0500207 seconds
[2020-01-13T14:13:01.652+0000][1][safepoint    ] Entering safepoint region: RevokeBias
[2020-01-13T14:13:01.652+0000][1][safepoint    ] Leaving safepoint region
[2020-01-13T14:13:01.652+0000][1][safepoint    ] Total time for which application threads were stopped: 0.0001201 seconds, Stopping threads took: 0.0000279 seconds
[2020-01-13T14:13:01.704+0000][1][safepoint    ] Application time: 0.0516862 seconds
[2020-01-13T14:13:01.704+0000][1][safepoint    ] Entering safepoint region: RevokeBias
[2020-01-13T14:13:01.704+0000][1][safepoint    ] Leaving safepoint region
[2020-01-13T14:13:01.704+0000][1][safepoint    ] Total time for which application threads were stopped: 0.0001050 seconds, Stopping threads took: 0.0000206 seconds
[2020-01-13T14:13:01.704+0000][1][safepoint    ] Application time: 0.0000644 seconds
[2020-01-13T14:13:01.704+0000][1][safepoint    ] Entering safepoint region: RevokeBias
[2020-01-13T14:13:01.704+0000][1][safepoint    ] Leaving safepoint region
[2020-01-13T14:13:01.704+0000][1][safepoint    ] Total time for which application threads were stopped: 0.0000539 seconds, Stopping threads took: 0.0000101 seconds
[2020-01-13T14:13:01.704+0000][1][safepoint    ] Application time: 0.0000423 seconds
[2020-01-13T14:13:01.704+0000][1][safepoint    ] Entering safepoint region: RevokeBias
[2020-01-13T14:13:01.704+0000][1][safepoint    ] Leaving safepoint region
[2020-01-13T14:13:01.704+0000][1][safepoint    ] Total time for which application threads were stopped: 0.0000543 seconds, Stopping threads took: 0.0000095 seconds
[2020-01-13T14:13:01.704+0000][1][safepoint    ] Application time: 0.0000486 seconds
[2020-01-13T14:13:01.704+0000][1][safepoint    ] Entering safepoint region: RevokeBias
[2020-01-13T14:13:01.704+0000][1][safepoint    ] Leaving safepoint region
[2020-01-13T14:13:01.704+0000][1][safepoint    ] Total time for which application threads were stopped: 0.0000437 seconds, Stopping threads took: 0.0000105 seconds
[2020-01-13T14:13:01.704+0000][1][safepoint    ] Application time: 0.0000330 seconds
[2020-01-13T14:13:01.704+0000][1][safepoint    ] Entering safepoint region: RevokeBias
[2020-01-13T14:13:01.704+0000][1][safepoint    ] Leaving safepoint region
[2020-01-13T14:13:01.704+0000][1][safepoint    ] Total time for which application threads were stopped: 0.0000368 seconds, Stopping threads took: 0.0000078 seconds
[2020-01-13T14:13:01.704+0000][1][safepoint    ] Application time: 0.0000538 seconds
[2020-01-13T14:13:01.704+0000][1][safepoint    ] Entering safepoint region: RevokeBias
[2020-01-13T14:13:01.704+0000][1][safepoint    ] Leaving safepoint region
[2020-01-13T14:13:01.704+0000][1][safepoint    ] Total time for which application threads were stopped: 0.0000380 seconds, Stopping threads took: 0.0000091 seconds
[2020-01-13T14:13:01.704+0000][1][safepoint    ] Application time: 0.0000254 seconds
[2020-01-13T14:13:01.704+0000][1][safepoint    ] Entering safepoint region: RevokeBias
[2020-01-13T14:13:01.704+0000][1][safepoint    ] Leaving safepoint region
[2020-01-13T14:13:01.704+0000][1][safepoint    ] Total time for which application threads were stopped: 0.0000308 seconds, Stopping threads took: 0.0000055 seconds
[2020-01-13T14:13:01.705+0000][1][safepoint    ] Application time: 0.0000348 seconds
[2020-01-13T14:13:01.705+0000][1][safepoint    ] Entering safepoint region: RevokeBias
[2020-01-13T14:13:01.705+0000][1][safepoint    ] Leaving safepoint region
[2020-01-13T14:13:01.705+0000][1][safepoint    ] Total time for which application threads were stopped: 0.0000527 seconds, Stopping threads took: 0.0000141 seconds
[2020-01-13T14:13:01.707+0000][1][safepoint    ] Application time: 0.0021216 seconds
[2020-01-13T14:13:01.707+0000][1][safepoint    ] Entering safepoint region: RevokeBias
[2020-01-13T14:13:01.707+0000][1][safepoint    ] Leaving safepoint region
[2020-01-13T14:13:01.707+0000][1][safepoint    ] Total time for which application threads were stopped: 0.0000878 seconds, Stopping threads took: 0.0000283 seconds
[2020-01-13T14:13:01.801+0000][1][safepoint    ] Application time: 0.0943310 seconds
[2020-01-13T14:13:01.801+0000][1][safepoint    ] Entering safepoint region: RevokeBias
[2020-01-13T14:13:01.801+0000][1][safepoint    ] Leaving safepoint region
[2020-01-13T14:13:01.801+0000][1][safepoint    ] Total time for which application threads were stopped: 0.0001098 seconds, Stopping threads took: 0.0000261 seconds
[2020-01-13T14:13:01.802+0000][1][safepoint    ] Application time: 0.0005492 seconds
[2020-01-13T14:13:01.802+0000][1][safepoint    ] Entering safepoint region: BulkRevokeBias
[2020-01-13T14:13:01.802+0000][1][safepoint    ] Leaving safepoint region
[2020-01-13T14:13:01.802+0000][1][safepoint    ] Total time for which application threads were stopped: 0.0002175 seconds, Stopping threads took: 0.0000236 seconds
[2020-01-13T14:13:01.803+0000][1][safepoint    ] Application time: 0.0004526 seconds
[2020-01-13T14:13:01.803+0000][1][safepoint    ] Entering safepoint region: RevokeBias
[2020-01-13T14:13:01.803+0000][1][safepoint    ] Leaving safepoint region
[2020-01-13T14:13:01.803+0000][1][safepoint    ] Total time for which application threads were stopped: 0.0000831 seconds, Stopping threads took: 0.0000170 seconds
[2020-01-13T14:13:01.805+0000][1][safepoint    ] Application time: 0.0026249 seconds
[2020-01-13T14:13:01.805+0000][1][safepoint    ] Entering safepoint region: RevokeBias
[2020-01-13T14:13:01.805+0000][1][safepoint    ] Leaving safepoint region
[2020-01-13T14:13:01.805+0000][1][safepoint    ] Total time for which application threads were stopped: 0.0000785 seconds, Stopping threads took: 0.0000230 seconds
[2020-01-13T14:13:01.806+0000][1][safepoint    ] Application time: 0.0004206 seconds
[2020-01-13T14:13:01.806+0000][1][safepoint    ] Entering safepoint region: RevokeBias
[2020-01-13T14:13:01.806+0000][1][safepoint    ] Leaving safepoint region
[2020-01-13T14:13:01.806+0000][1][safepoint    ] Total time for which application threads were stopped: 0.0000826 seconds, Stopping threads took: 0.0000233 seconds
[2020-01-13T14:13:01.808+0000][1][safepoint    ] Application time: 0.0024282 seconds
[2020-01-13T14:13:01.808+0000][1][safepoint    ] Entering safepoint region: RevokeBias
[2020-01-13T14:13:01.808+0000][1][safepoint    ] Leaving safepoint region
[2020-01-13T14:13:01.808+0000][1][safepoint    ] Total time for which application threads were stopped: 0.0000647 seconds, Stopping threads took: 0.0000193 seconds
[2020-01-13T14:13:01.809+0000][1][safepoint    ] Application time: 0.0005327 seconds
[2020-01-13T14:13:01.809+0000][1][safepoint    ] Entering safepoint region: RevokeBias
[2020-01-13T14:13:01.809+0000][1][safepoint    ] Leaving safepoint region
[2020-01-13T14:13:01.809+0000][1][safepoint    ] Total time for which application threads were stopped: 0.0000563 seconds, Stopping threads took: 0.0000172 seconds
[2020-01-13T14:13:01.810+0000][1][safepoint    ] Application time: 0.0013827 seconds
[2020-01-13T14:13:01.811+0000][1][safepoint    ] Entering safepoint region: RevokeBias
[2020-01-13T14:13:01.811+0000][1][safepoint    ] Leaving safepoint region
[2020-01-13T14:13:01.811+0000][1][safepoint    ] Total time for which application threads were stopped: 0.0000532 seconds, Stopping threads took: 0.0000169 seconds
[2020-01-13T14:13:01.811+0000][1][safepoint    ] Application time: 0.0006273 seconds
[2020-01-13T14:13:01.811+0000][1][safepoint    ] Entering safepoint region: RevokeBias
[2020-01-13T14:13:01.811+0000][1][safepoint    ] Leaving safepoint region
[2020-01-13T14:13:01.811+0000][1][safepoint    ] Total time for which application threads were stopped: 0.0000454 seconds, Stopping threads took: 0.0000176 seconds
[2020-01-13T14:13:01.815+0000][1][safepoint    ] Application time: 0.0033873 seconds
[2020-01-13T14:13:01.815+0000][1][safepoint    ] Entering safepoint region: RevokeBias
[2020-01-13T14:13:01.815+0000][1][safepoint    ] Leaving safepoint region
[2020-01-13T14:13:01.815+0000][1][safepoint    ] Total time for which application threads were stopped: 0.0000990 seconds, Stopping threads took: 0.0000315 seconds
[2020-01-13T14:13:01.815+0000][1][safepoint    ] Application time: 0.0005116 seconds
[2020-01-13T14:13:01.815+0000][1][safepoint    ] Entering safepoint region: RevokeBias
[2020-01-13T14:13:01.815+0000][1][safepoint    ] Leaving safepoint region
[2020-01-13T14:13:01.815+0000][1][safepoint    ] Total time for which application threads were stopped: 0.0000552 seconds, Stopping threads took: 0.0000199 seconds
[2020-01-13T14:13:01.819+0000][1][safepoint    ] Application time: 0.0038727 seconds
[2020-01-13T14:13:01.819+0000][1][safepoint    ] Entering safepoint region: BulkRevokeBias
[2020-01-13T14:13:01.820+0000][1][safepoint    ] Leaving safepoint region
[2020-01-13T14:13:01.820+0000][1][safepoint    ] Total time for which application threads were stopped: 0.0002268 seconds, Stopping threads took: 0.0000407 seconds
[2020-01-13T14:13:01.820+0000][1][safepoint    ] Application time: 0.0004290 seconds
[2020-01-13T14:13:01.820+0000][1][safepoint    ] Entering safepoint region: RevokeBias
[2020-01-13T14:13:01.820+0000][1][safepoint    ] Leaving safepoint region
[2020-01-13T14:13:01.820+0000][1][safepoint    ] Total time for which application threads were stopped: 0.0000499 seconds, Stopping threads took: 0.0000172 seconds
[2020-01-13T14:13:01.990+0000][1][safepoint    ] Application time: 0.1701955 seconds
[2020-01-13T14:13:01.990+0000][1][safepoint    ] Entering safepoint region: RevokeBias
[2020-01-13T14:13:01.990+0000][1][safepoint    ] Leaving safepoint region
[2020-01-13T14:13:01.990+0000][1][safepoint    ] Total time for which application threads were stopped: 0.0001640 seconds, Stopping threads took: 0.0000307 seconds
[2020-01-13T14:13:01.990+0000][1][safepoint    ] Application time: 0.0000405 seconds
[2020-01-13T14:13:01.991+0000][1][safepoint    ] Entering safepoint region: RevokeBias
[2020-01-13T14:13:01.991+0000][1][safepoint    ] Leaving safepoint region
[2020-01-13T14:13:01.991+0000][1][safepoint    ] Total time for which application threads were stopped: 0.0000552 seconds, Stopping threads took: 0.0000132 seconds
[2020-01-13T14:13:02.011+0000][1][safepoint    ] Application time: 0.0207438 seconds
[2020-01-13T14:13:02.011+0000][1][safepoint    ] Entering safepoint region: RevokeBias
[2020-01-13T14:13:02.011+0000][1][safepoint    ] Leaving safepoint region
[2020-01-13T14:13:02.011+0000][1][safepoint    ] Total time for which application threads were stopped: 0.0001298 seconds, Stopping threads took: 0.0000281 seconds
[2020-01-13T14:13:02.012+0000][1][safepoint    ] Application time: 0.0000471 seconds
[2020-01-13T14:13:02.012+0000][1][safepoint    ] Entering safepoint region: RevokeBias
[2020-01-13T14:13:02.012+0000][1][safepoint    ] Leaving safepoint region
[2020-01-13T14:13:02.012+0000][1][safepoint    ] Total time for which application threads were stopped: 0.0000440 seconds, Stopping threads took: 0.0000143 seconds
[2020-01-13T14:13:02.029+0000][1][safepoint    ] Application time: 0.0171415 seconds
[2020-01-13T14:13:02.029+0000][1][safepoint    ] Entering safepoint region: RevokeBias
[2020-01-13T14:13:02.029+0000][1][safepoint    ] Leaving safepoint region
[2020-01-13T14:13:02.029+0000][1][safepoint    ] Total time for which application threads were stopped: 0.0001129 seconds, Stopping threads took: 0.0000331 seconds
[2020-01-13T14:13:02.029+0000][1][safepoint    ] Application time: 0.0000349 seconds
[2020-01-13T14:13:02.029+0000][1][safepoint    ] Entering safepoint region: RevokeBias
[2020-01-13T14:13:02.029+0000][1][safepoint    ] Leaving safepoint region
[2020-01-13T14:13:02.029+0000][1][safepoint    ] Total time for which application threads were stopped: 0.0000342 seconds, Stopping threads took: 0.0000129 seconds
[2020-01-13T14:13:02.029+0000][1][safepoint    ] Application time: 0.0002553 seconds
[2020-01-13T14:13:02.029+0000][1][safepoint    ] Entering safepoint region: RevokeBias
[2020-01-13T14:13:02.029+0000][1][safepoint    ] Leaving safepoint region
[2020-01-13T14:13:02.029+0000][1][safepoint    ] Total time for which application threads were stopped: 0.0000717 seconds, Stopping threads took: 0.0000206 seconds
[2020-01-13T14:13:02.030+0000][1][safepoint    ] Application time: 0.0002170 seconds
[2020-01-13T14:13:02.030+0000][1][safepoint    ] Entering safepoint region: RevokeBias
[2020-01-13T14:13:02.030+0000][1][safepoint    ] Leaving safepoint region
[2020-01-13T14:13:02.030+0000][1][safepoint    ] Total time for which application threads were stopped: 0.0000430 seconds, Stopping threads took: 0.0000142 seconds
[2020-01-13T14:13:02.030+0000][1][safepoint    ] Application time: 0.0000361 seconds
[2020-01-13T14:13:02.030+0000][1][safepoint    ] Entering safepoint region: RevokeBias
[2020-01-13T14:13:02.030+0000][1][safepoint    ] Leaving safepoint region
[2020-01-13T14:13:02.030+0000][1][safepoint    ] Total time for which application threads were stopped: 0.0000334 seconds, Stopping threads took: 0.0000129 seconds
[2020-01-13T14:13:02.030+0000][1][safepoint    ] Application time: 0.0000224 seconds
[2020-01-13T14:13:02.030+0000][1][safepoint    ] Entering safepoint region: RevokeBias
[2020-01-13T14:13:02.030+0000][1][safepoint    ] Leaving safepoint region
[2020-01-13T14:13:02.030+0000][1][safepoint    ] Total time for which application threads were stopped: 0.0000320 seconds, Stopping threads took: 0.0000125 seconds
[2020-01-13T14:13:02.030+0000][1][safepoint    ] Application time: 0.0000202 seconds
[2020-01-13T14:13:02.030+0000][1][safepoint    ] Entering safepoint region: RevokeBias
[2020-01-13T14:13:02.030+0000][1][safepoint    ] Leaving safepoint region
[2020-01-13T14:13:02.030+0000][1][safepoint    ] Total time for which application threads were stopped: 0.0000317 seconds, Stopping threads took: 0.0000126 seconds
[2020-01-13T14:13:02.030+0000][1][safepoint    ] Application time: 0.0000191 seconds
[2020-01-13T14:13:02.030+0000][1][safepoint    ] Entering safepoint region: RevokeBias
[2020-01-13T14:13:02.030+0000][1][safepoint    ] Leaving safepoint region
[2020-01-13T14:13:02.030+0000][1][safepoint    ] Total time for which application threads were stopped: 0.0000433 seconds, Stopping threads took: 0.0000124 seconds
[2020-01-13T14:13:02.109+0000][1][safepoint    ] Application time: 0.0791276 seconds
[2020-01-13T14:13:02.109+0000][1][safepoint    ] Entering safepoint region: RevokeBias
[2020-01-13T14:13:02.109+0000][1][safepoint    ] Leaving safepoint region
[2020-01-13T14:13:02.109+0000][1][safepoint    ] Total time for which application threads were stopped: 0.0001915 seconds, Stopping threads took: 0.0000923 seconds
[2020-01-13T14:13:02.111+0000][1][safepoint    ] Application time: 0.0016910 seconds
[2020-01-13T14:13:02.111+0000][1][safepoint    ] Entering safepoint region: RevokeBias
[2020-01-13T14:13:02.111+0000][1][safepoint    ] Leaving safepoint region
[2020-01-13T14:13:02.111+0000][1][safepoint    ] Total time for which application threads were stopped: 0.0001402 seconds, Stopping threads took: 0.0000364 seconds
[2020-01-13T14:13:02.159+0000][1][safepoint    ] Application time: 0.0481968 seconds
[2020-01-13T14:13:02.159+0000][1][safepoint    ] Entering safepoint region: RevokeBias
[2020-01-13T14:13:02.160+0000][1][safepoint    ] Leaving safepoint region
[2020-01-13T14:13:02.160+0000][1][safepoint    ] Total time for which application threads were stopped: 0.0001242 seconds, Stopping threads took: 0.0000287 seconds
[2020-01-13T14:13:02.186+0000][1][safepoint    ] Application time: 0.0265886 seconds
[2020-01-13T14:13:02.186+0000][1][safepoint    ] Entering safepoint region: RevokeBias
[2020-01-13T14:13:02.186+0000][1][safepoint    ] Leaving safepoint region
[2020-01-13T14:13:02.186+0000][1][safepoint    ] Total time for which application threads were stopped: 0.0002211 seconds, Stopping threads took: 0.0000492 seconds
[2020-01-13T14:13:02.191+0000][1][safepoint    ] Application time: 0.0050246 seconds
[2020-01-13T14:13:02.194+0000][1][safepoint    ] Entering safepoint region: RevokeBias
[2020-01-13T14:13:02.194+0000][1][safepoint    ] Leaving safepoint region
[2020-01-13T14:13:02.194+0000][1][safepoint    ] Total time for which application threads were stopped: 0.0024685 seconds, Stopping threads took: 0.0023457 seconds
[2020-01-13T14:13:02.274+0000][1][safepoint    ] Application time: 0.0795409 seconds
[2020-01-13T14:13:02.274+0000][1][safepoint    ] Entering safepoint region: RevokeBias
[2020-01-13T14:13:02.274+0000][1][safepoint    ] Leaving safepoint region
[2020-01-13T14:13:02.274+0000][1][safepoint    ] Total time for which application threads were stopped: 0.0001419 seconds, Stopping threads took: 0.0000443 seconds
[2020-01-13T14:13:02.327+0000][1][safepoint    ] Application time: 0.0536522 seconds
[2020-01-13T14:13:02.328+0000][1][safepoint    ] Entering safepoint region: RevokeBias
[2020-01-13T14:13:02.328+0000][1][safepoint    ] Leaving safepoint region
[2020-01-13T14:13:02.328+0000][1][safepoint    ] Total time for which application threads were stopped: 0.0010008 seconds, Stopping threads took: 0.0009206 seconds
[2020-01-13T14:13:02.351+0000][1][safepoint    ] Application time: 0.0228314 seconds
[2020-01-13T14:13:02.355+0000][1][safepoint    ] Entering safepoint region: RevokeBias
[2020-01-13T14:13:02.355+0000][1][safepoint    ] Leaving safepoint region
[2020-01-13T14:13:02.356+0000][1][safepoint    ] Total time for which application threads were stopped: 0.0041509 seconds, Stopping threads took: 0.0040392 seconds
[2020-01-13T14:13:02.356+0000][1][safepoint    ] Application time: 0.0004192 seconds
[2020-01-13T14:13:02.356+0000][1][safepoint    ] Entering safepoint region: RevokeBias
[2020-01-13T14:13:02.356+0000][1][safepoint    ] Leaving safepoint region
[2020-01-13T14:13:02.356+0000][1][safepoint    ] Total time for which application threads were stopped: 0.0000727 seconds, Stopping threads took: 0.0000197 seconds
[2020-01-13T14:13:02.356+0000][1][safepoint    ] Application time: 0.0000376 seconds
[2020-01-13T14:13:02.356+0000][1][safepoint    ] Entering safepoint region: RevokeBias
[2020-01-13T14:13:02.356+0000][1][safepoint    ] Leaving safepoint region
[2020-01-13T14:13:02.356+0000][1][safepoint    ] Total time for which application threads were stopped: 0.0000556 seconds, Stopping threads took: 0.0000133 seconds
[2020-01-13T14:13:02.356+0000][1][safepoint    ] Application time: 0.0002477 seconds
[2020-01-13T14:13:02.356+0000][1][safepoint    ] Entering safepoint region: RevokeBias
[2020-01-13T14:13:02.356+0000][1][safepoint    ] Leaving safepoint region
[2020-01-13T14:13:02.356+0000][1][safepoint    ] Total time for which application threads were stopped: 0.0000474 seconds, Stopping threads took: 0.0000158 seconds
[2020-01-13T14:13:02.360+0000][1][safepoint    ] Application time: 0.0035429 seconds
[2020-01-13T14:13:02.360+0000][1][safepoint    ] Entering safepoint region: RevokeBias
[2020-01-13T14:13:02.360+0000][1][safepoint    ] Leaving safepoint region
[2020-01-13T14:13:02.360+0000][1][safepoint    ] Total time for which application threads were stopped: 0.0001156 seconds, Stopping threads took: 0.0000160 seconds
[2020-01-13T14:13:02.361+0000][1][safepoint    ] Application time: 0.0005185 seconds
[2020-01-13T14:13:02.361+0000][1][safepoint    ] Entering safepoint region: RevokeBias
[2020-01-13T14:13:02.361+0000][1][safepoint    ] Leaving safepoint region
[2020-01-13T14:13:02.361+0000][1][safepoint    ] Total time for which application threads were stopped: 0.0001030 seconds, Stopping threads took: 0.0000279 seconds
[2020-01-13T14:13:02.375+0000][1][safepoint    ] Application time: 0.0140441 seconds
[2020-01-13T14:13:02.375+0000][1][safepoint    ] Entering safepoint region: RevokeBias
[2020-01-13T14:13:02.375+0000][1][safepoint    ] Leaving safepoint region
[2020-01-13T14:13:02.375+0000][1][safepoint    ] Total time for which application threads were stopped: 0.0001144 seconds, Stopping threads took: 0.0000273 seconds
[2020-01-13T14:13:02.375+0000][1][safepoint    ] Application time: 0.0000388 seconds
[2020-01-13T14:13:02.375+0000][1][safepoint    ] Entering safepoint region: RevokeBias
[2020-01-13T14:13:02.375+0000][1][safepoint    ] Leaving safepoint region
[2020-01-13T14:13:02.375+0000][1][safepoint    ] Total time for which application threads were stopped: 0.0000450 seconds, Stopping threads took: 0.0000131 seconds
[2020-01-13T14:13:02.541+0000][1][safepoint    ] Application time: 0.1657174 seconds
[2020-01-13T14:13:02.544+0000][1][safepoint    ] Entering safepoint region: Deoptimize
[2020-01-13T14:13:02.545+0000][1][safepoint    ] Leaving safepoint region
[2020-01-13T14:13:02.545+0000][1][safepoint    ] Total time for which application threads were stopped: 0.0043355 seconds, Stopping threads took: 0.0035084 seconds
[2020-01-13T14:13:02.703+0000][1][safepoint    ] Application time: 0.1574714 seconds
[2020-01-13T14:13:02.703+0000][1][safepoint    ] Entering safepoint region: RevokeBias
[2020-01-13T14:13:02.703+0000][1][safepoint    ] Leaving safepoint region
[2020-01-13T14:13:02.703+0000][1][safepoint    ] Total time for which application threads were stopped: 0.0001730 seconds, Stopping threads took: 0.0000295 seconds
[2020-01-13T14:13:02.703+0000][1][safepoint    ] Application time: 0.0000441 seconds
[2020-01-13T14:13:02.703+0000][1][safepoint    ] Entering safepoint region: RevokeBias
[2020-01-13T14:13:02.703+0000][1][safepoint    ] Leaving safepoint region
[2020-01-13T14:13:02.703+0000][1][safepoint    ] Total time for which application threads were stopped: 0.0000578 seconds, Stopping threads took: 0.0000169 seconds
[2020-01-13T14:13:02.727+0000][1][safepoint    ] Application time: 0.0239041 seconds
[2020-01-13T14:13:02.727+0000][1][safepoint    ] Entering safepoint region: RevokeBias
[2020-01-13T14:13:02.727+0000][1][safepoint    ] Leaving safepoint region
[2020-01-13T14:13:02.727+0000][1][safepoint    ] Total time for which application threads were stopped: 0.0001133 seconds, Stopping threads took: 0.0000266 seconds
[2020-01-13T14:13:02.727+0000][1][safepoint    ] Application time: 0.0000623 seconds
[2020-01-13T14:13:02.727+0000][1][safepoint    ] Entering safepoint region: BulkRevokeBias
[2020-01-13T14:13:02.727+0000][1][safepoint    ] Leaving safepoint region
[2020-01-13T14:13:02.727+0000][1][safepoint    ] Total time for which application threads were stopped: 0.0002340 seconds, Stopping threads took: 0.0000138 seconds
[2020-01-13T14:13:02.727+0000][1][safepoint    ] Application time: 0.0000377 seconds
[2020-01-13T14:13:02.727+0000][1][safepoint    ] Entering safepoint region: BulkRevokeBias
[2020-01-13T14:13:02.728+0000][1][safepoint    ] Leaving safepoint region
[2020-01-13T14:13:02.728+0000][1][safepoint    ] Total time for which application threads were stopped: 0.0001380 seconds, Stopping threads took: 0.0000139 seconds
[2020-01-13T14:13:02.728+0000][1][safepoint    ] Application time: 0.0002828 seconds
[2020-01-13T14:13:02.728+0000][1][safepoint    ] Entering safepoint region: RevokeBias
[2020-01-13T14:13:02.728+0000][1][safepoint    ] Leaving safepoint region
[2020-01-13T14:13:02.728+0000][1][safepoint    ] Total time for which application threads were stopped: 0.0000800 seconds, Stopping threads took: 0.0000252 seconds
[2020-01-13T14:13:02.732+0000][1][safepoint    ] Application time: 0.0038366 seconds
[2020-01-13T14:13:02.735+0000][1][safepoint    ] Entering safepoint region: RevokeBias
[2020-01-13T14:13:02.735+0000][1][safepoint    ] Leaving safepoint region
[2020-01-13T14:13:02.735+0000][1][safepoint    ] Total time for which application threads were stopped: 0.0036319 seconds, Stopping threads took: 0.0035426 seconds
[2020-01-13T14:13:02.736+0000][1][safepoint    ] Application time: 0.0000673 seconds
[2020-01-13T14:13:02.736+0000][1][safepoint    ] Entering safepoint region: RevokeBias
[2020-01-13T14:13:02.736+0000][1][safepoint    ] Leaving safepoint region
[2020-01-13T14:13:02.736+0000][1][safepoint    ] Total time for which application threads were stopped: 0.0000332 seconds, Stopping threads took: 0.0000124 seconds
[2020-01-13T14:13:02.841+0000][1][safepoint    ] Application time: 0.1056588 seconds
[2020-01-13T14:13:02.842+0000][1][safepoint    ] Entering safepoint region: RevokeBias
[2020-01-13T14:13:02.842+0000][1][safepoint    ] Leaving safepoint region
[2020-01-13T14:13:02.842+0000][1][safepoint    ] Total time for which application threads were stopped: 0.0011527 seconds, Stopping threads took: 0.0010335 seconds
[2020-01-13T14:13:02.843+0000][1][safepoint    ] Application time: 0.0001072 seconds
[2020-01-13T14:13:02.843+0000][1][safepoint    ] Entering safepoint region: RevokeBias
[2020-01-13T14:13:02.843+0000][1][safepoint    ] Leaving safepoint region
[2020-01-13T14:13:02.843+0000][1][safepoint    ] Total time for which application threads were stopped: 0.0000530 seconds, Stopping threads took: 0.0000253 seconds
[2020-01-13T14:13:02.844+0000][1][safepoint    ] Application time: 0.0014439 seconds
[2020-01-13T14:13:02.844+0000][1][safepoint    ] Entering safepoint region: RevokeBias
[2020-01-13T14:13:02.844+0000][1][safepoint    ] Leaving safepoint region
[2020-01-13T14:13:02.844+0000][1][safepoint    ] Total time for which application threads were stopped: 0.0000774 seconds, Stopping threads took: 0.0000224 seconds
[2020-01-13T14:13:02.937+0000][1][safepoint    ] Application time: 0.0929374 seconds
[2020-01-13T14:13:02.940+0000][1][safepoint    ] Entering safepoint region: GenCollectForAllocation
[2020-01-13T14:13:02.941+0000][1][gc,start     ] GC(22) Pause Young (Allocation Failure)
[2020-01-13T14:13:02.941+0000][1][gc,task      ] GC(22) Using 1 workers of 1 for evacuation
[2020-01-13T14:13:03.005+0000][1][gc,age       ] GC(22) Desired survivor size 4358144 bytes, new threshold 2 (max threshold 6)
[2020-01-13T14:13:03.005+0000][1][gc,age       ] GC(22) Age table with threshold 2 (max threshold 6)
[2020-01-13T14:13:03.005+0000][1][gc,age       ] GC(22) - age   1:    2846120 bytes,    2846120 total
[2020-01-13T14:13:03.005+0000][1][gc,age       ] GC(22) - age   2:    2996792 bytes,    5842912 total
[2020-01-13T14:13:03.005+0000][1][gc,heap      ] GC(22) ParNew: 73095K->8512K(76672K)
[2020-01-13T14:13:03.005+0000][1][gc,heap      ] GC(22) CMS: 61336K->62571K(176960K)
[2020-01-13T14:13:03.005+0000][1][gc,metaspace ] GC(22) Metaspace: 66506K->66506K(1110016K)
[2020-01-13T14:13:03.005+0000][1][gc           ] GC(22) Pause Young (Allocation Failure) 131M->69M(247M) 64.258ms
[2020-01-13T14:13:03.005+0000][1][gc,cpu       ] GC(22) User=0.06s Sys=0.00s Real=0.06s
[2020-01-13T14:13:03.005+0000][1][safepoint    ] Leaving safepoint region
[2020-01-13T14:13:03.005+0000][1][safepoint    ] Total time for which application threads were stopped: 0.0676818 seconds, Stopping threads took: 0.0032234 seconds
[2020-01-13T14:13:03.180+0000][1][safepoint    ] Application time: 0.1746881 seconds
[2020-01-13T14:13:03.180+0000][1][safepoint    ] Entering safepoint region: RevokeBias
[2020-01-13T14:13:03.180+0000][1][safepoint    ] Leaving safepoint region
[2020-01-13T14:13:03.180+0000][1][safepoint    ] Total time for which application threads were stopped: 0.0001287 seconds, Stopping threads took: 0.0000272 seconds
[2020-01-13T14:13:03.181+0000][1][safepoint    ] Application time: 0.0011357 seconds
[2020-01-13T14:13:03.181+0000][1][safepoint    ] Entering safepoint region: RevokeBias
[2020-01-13T14:13:03.181+0000][1][safepoint    ] Leaving safepoint region
[2020-01-13T14:13:03.181+0000][1][safepoint    ] Total time for which application threads were stopped: 0.0001155 seconds, Stopping threads took: 0.0000248 seconds
[2020-01-13T14:13:03.217+0000][1][safepoint    ] Application time: 0.0363127 seconds
[2020-01-13T14:13:03.217+0000][1][safepoint    ] Entering safepoint region: RevokeBias
[2020-01-13T14:13:03.218+0000][1][safepoint    ] Leaving safepoint region
[2020-01-13T14:13:03.218+0000][1][safepoint    ] Total time for which application threads were stopped: 0.0001085 seconds, Stopping threads took: 0.0000290 seconds
[2020-01-13T14:13:03.218+0000][1][safepoint    ] Application time: 0.0005892 seconds
[2020-01-13T14:13:03.218+0000][1][safepoint    ] Entering safepoint region: RevokeBias
[2020-01-13T14:13:03.218+0000][1][safepoint    ] Leaving safepoint region
[2020-01-13T14:13:03.218+0000][1][safepoint    ] Total time for which application threads were stopped: 0.0000759 seconds, Stopping threads took: 0.0000219 seconds
[2020-01-13T14:13:03.228+0000][1][safepoint    ] Application time: 0.0101919 seconds
[2020-01-13T14:13:03.229+0000][1][safepoint    ] Entering safepoint region: RevokeBias
[2020-01-13T14:13:03.229+0000][1][safepoint    ] Leaving safepoint region
[2020-01-13T14:13:03.229+0000][1][safepoint    ] Total time for which application threads were stopped: 0.0001459 seconds, Stopping threads took: 0.0000338 seconds
[2020-01-13T14:13:03.229+0000][1][safepoint    ] Application time: 0.0000434 seconds
[2020-01-13T14:13:03.229+0000][1][safepoint    ] Entering safepoint region: RevokeBias
[2020-01-13T14:13:03.229+0000][1][safepoint    ] Leaving safepoint region
[2020-01-13T14:13:03.229+0000][1][safepoint    ] Total time for which application threads were stopped: 0.0000652 seconds, Stopping threads took: 0.0000203 seconds
[2020-01-13T14:13:03.229+0000][1][safepoint    ] Application time: 0.0000355 seconds
[2020-01-13T14:13:03.229+0000][1][safepoint    ] Entering safepoint region: RevokeBias
[2020-01-13T14:13:03.229+0000][1][safepoint    ] Leaving safepoint region
[2020-01-13T14:13:03.229+0000][1][safepoint    ] Total time for which application threads were stopped: 0.0000552 seconds, Stopping threads took: 0.0000181 seconds
[2020-01-13T14:13:03.231+0000][1][safepoint    ] Application time: 0.0018746 seconds
[2020-01-13T14:13:03.231+0000][1][safepoint    ] Entering safepoint region: RevokeBias
[2020-01-13T14:13:03.231+0000][1][safepoint    ] Leaving safepoint region
[2020-01-13T14:13:03.231+0000][1][safepoint    ] Total time for which application threads were stopped: 0.0000907 seconds, Stopping threads took: 0.0000244 seconds
[2020-01-13T14:13:03.232+0000][1][safepoint    ] Application time: 0.0007180 seconds
[2020-01-13T14:13:03.232+0000][1][safepoint    ] Entering safepoint region: RevokeBias
[2020-01-13T14:13:03.232+0000][1][safepoint    ] Leaving safepoint region
[2020-01-13T14:13:03.232+0000][1][safepoint    ] Total time for which application threads were stopped: 0.0000556 seconds, Stopping threads took: 0.0000109 seconds
[2020-01-13T14:13:03.243+0000][1][safepoint    ] Application time: 0.0108392 seconds
[2020-01-13T14:13:03.243+0000][1][safepoint    ] Entering safepoint region: RevokeBias
[2020-01-13T14:13:03.243+0000][1][safepoint    ] Leaving safepoint region
[2020-01-13T14:13:03.243+0000][1][safepoint    ] Total time for which application threads were stopped: 0.0002039 seconds, Stopping threads took: 0.0000875 seconds
[2020-01-13T14:13:03.245+0000][1][safepoint    ] Application time: 0.0018639 seconds
[2020-01-13T14:13:03.245+0000][1][safepoint    ] Entering safepoint region: RevokeBias
[2020-01-13T14:13:03.245+0000][1][safepoint    ] Leaving safepoint region
[2020-01-13T14:13:03.245+0000][1][safepoint    ] Total time for which application threads were stopped: 0.0007681 seconds, Stopping threads took: 0.0006714 seconds
[2020-01-13T14:13:03.279+0000][1][safepoint    ] Application time: 0.0335710 seconds
[2020-01-13T14:13:03.279+0000][1][safepoint    ] Entering safepoint region: RevokeBias
[2020-01-13T14:13:03.279+0000][1][safepoint    ] Leaving safepoint region
[2020-01-13T14:13:03.279+0000][1][safepoint    ] Total time for which application threads were stopped: 0.0003515 seconds, Stopping threads took: 0.0002556 seconds
[2020-01-13T14:13:03.281+0000][1][safepoint    ] Application time: 0.0019115 seconds
[2020-01-13T14:13:03.284+0000][1][safepoint    ] Entering safepoint region: RevokeBias
[2020-01-13T14:13:03.285+0000][1][safepoint    ] Leaving safepoint region
[2020-01-13T14:13:03.285+0000][1][safepoint    ] Total time for which application threads were stopped: 0.0031300 seconds, Stopping threads took: 0.0030520 seconds
[2020-01-13T14:13:03.292+0000][1][safepoint    ] Application time: 0.0072589 seconds
[2020-01-13T14:13:03.292+0000][1][safepoint    ] Entering safepoint region: RevokeBias
[2020-01-13T14:13:03.292+0000][1][safepoint    ] Leaving safepoint region
[2020-01-13T14:13:03.292+0000][1][safepoint    ] Total time for which application threads were stopped: 0.0001171 seconds, Stopping threads took: 0.0000328 seconds
[2020-01-13T14:13:03.294+0000][1][safepoint    ] Application time: 0.0021369 seconds
[2020-01-13T14:13:03.294+0000][1][safepoint    ] Entering safepoint region: RevokeBias
[2020-01-13T14:13:03.294+0000][1][safepoint    ] Leaving safepoint region
[2020-01-13T14:13:03.294+0000][1][safepoint    ] Total time for which application threads were stopped: 0.0001295 seconds, Stopping threads took: 0.0000514 seconds
[2020-01-13T14:13:03.302+0000][1][safepoint    ] Application time: 0.0075362 seconds
[2020-01-13T14:13:03.302+0000][1][safepoint    ] Entering safepoint region: RevokeBias
[2020-01-13T14:13:03.302+0000][1][safepoint    ] Leaving safepoint region
[2020-01-13T14:13:03.302+0000][1][safepoint    ] Total time for which application threads were stopped: 0.0001195 seconds, Stopping threads took: 0.0000426 seconds
[2020-01-13T14:13:03.303+0000][1][safepoint    ] Application time: 0.0006838 seconds
[2020-01-13T14:13:03.303+0000][1][safepoint    ] Entering safepoint region: RevokeBias
[2020-01-13T14:13:03.303+0000][1][safepoint    ] Leaving safepoint region
[2020-01-13T14:13:03.303+0000][1][safepoint    ] Total time for which application threads were stopped: 0.0000913 seconds, Stopping threads took: 0.0000309 seconds
[2020-01-13T14:13:03.359+0000][1][safepoint    ] Application time: 0.0563978 seconds
[2020-01-13T14:13:03.359+0000][1][safepoint    ] Entering safepoint region: RevokeBias
[2020-01-13T14:13:03.359+0000][1][safepoint    ] Leaving safepoint region
[2020-01-13T14:13:03.359+0000][1][safepoint    ] Total time for which application threads were stopped: 0.0001604 seconds, Stopping threads took: 0.0000388 seconds
[2020-01-13T14:13:03.364+0000][1][safepoint    ] Application time: 0.0043181 seconds
[2020-01-13T14:13:03.364+0000][1][safepoint    ] Entering safepoint region: RevokeBias
[2020-01-13T14:13:03.364+0000][1][safepoint    ] Leaving safepoint region
[2020-01-13T14:13:03.364+0000][1][safepoint    ] Total time for which application threads were stopped: 0.0001353 seconds, Stopping threads took: 0.0000375 seconds
[2020-01-13T14:13:04.276+0000][1][safepoint    ] Application time: 0.9123328 seconds
[2020-01-13T14:13:04.276+0000][1][safepoint    ] Entering safepoint region: RevokeBias
[2020-01-13T14:13:04.276+0000][1][safepoint    ] Leaving safepoint region
[2020-01-13T14:13:04.276+0000][1][safepoint    ] Total time for which application threads were stopped: 0.0001396 seconds, Stopping threads took: 0.0000446 seconds
[2020-01-13T14:13:05.277+0000][1][safepoint    ] Application time: 1.0001465 seconds
[2020-01-13T14:13:05.277+0000][1][safepoint    ] Entering safepoint region: Cleanup
[2020-01-13T14:13:05.277+0000][1][safepoint    ] Leaving safepoint region
[2020-01-13T14:13:05.277+0000][1][safepoint    ] Total time for which application threads were stopped: 0.0001190 seconds, Stopping threads took: 0.0000514 seconds
[2020-01-13T14:13:05.321+0000][1][safepoint    ] Application time: 0.0446931 seconds
[2020-01-13T14:13:05.322+0000][1][safepoint    ] Entering safepoint region: RevokeBias
[2020-01-13T14:13:05.322+0000][1][safepoint    ] Leaving safepoint region
[2020-01-13T14:13:05.322+0000][1][safepoint    ] Total time for which application threads were stopped: 0.0001677 seconds, Stopping threads took: 0.0000437 seconds
[2020-01-13T14:13:06.322+0000][1][safepoint    ] Application time: 1.0001434 seconds
[2020-01-13T14:13:06.322+0000][1][safepoint    ] Entering safepoint region: Cleanup
[2020-01-13T14:13:06.322+0000][1][safepoint    ] Leaving safepoint region
[2020-01-13T14:13:06.322+0000][1][safepoint    ] Total time for which application threads were stopped: 0.0001139 seconds, Stopping threads took: 0.0000284 seconds
[2020-01-13T14:13:06.366+0000][1][safepoint    ] Application time: 0.0435467 seconds
[2020-01-13T14:13:06.366+0000][1][safepoint    ] Entering safepoint region: RevokeBias
[2020-01-13T14:13:06.366+0000][1][safepoint    ] Leaving safepoint region
[2020-01-13T14:13:06.366+0000][1][safepoint    ] Total time for which application threads were stopped: 0.0001088 seconds, Stopping threads took: 0.0000332 seconds
[2020-01-13T14:13:07.366+0000][1][safepoint    ] Application time: 1.0001664 seconds
[2020-01-13T14:13:07.366+0000][1][safepoint    ] Entering safepoint region: Cleanup
[2020-01-13T14:13:07.366+0000][1][safepoint    ] Leaving safepoint region
[2020-01-13T14:13:07.366+0000][1][safepoint    ] Total time for which application threads were stopped: 0.0001298 seconds, Stopping threads took: 0.0000396 seconds
[2020-01-13T14:13:07.410+0000][1][safepoint    ] Application time: 0.0441210 seconds
[2020-01-13T14:13:07.410+0000][1][safepoint    ] Entering safepoint region: RevokeBias
[2020-01-13T14:13:07.410+0000][1][safepoint    ] Leaving safepoint region
[2020-01-13T14:13:07.410+0000][1][safepoint    ] Total time for which application threads were stopped: 0.0001296 seconds, Stopping threads took: 0.0000390 seconds
[2020-01-13T14:13:08.201+0000][1][safepoint    ] Application time: 0.7908430 seconds
[2020-01-13T14:13:08.203+0000][1][safepoint    ] Entering safepoint region: BulkRevokeBias
[2020-01-13T14:13:08.203+0000][1][safepoint    ] Leaving safepoint region
[2020-01-13T14:13:08.203+0000][1][safepoint    ] Total time for which application threads were stopped: 0.0004863 seconds, Stopping threads took: 0.0001668 seconds
[2020-01-13T14:13:08.228+0000][1][safepoint    ] Application time: 0.0254233 seconds
[2020-01-13T14:13:08.229+0000][1][safepoint    ] Entering safepoint region: RevokeBias
[2020-01-13T14:13:08.229+0000][1][safepoint    ] Leaving safepoint region
[2020-01-13T14:13:08.229+0000][1][safepoint    ] Total time for which application threads were stopped: 0.0001811 seconds, Stopping threads took: 0.0000899 seconds
[2020-01-13T14:13:09.229+0000][1][safepoint    ] Application time: 1.0007631 seconds
[2020-01-13T14:13:09.230+0000][1][safepoint    ] Entering safepoint region: Cleanup
[2020-01-13T14:13:09.230+0000][1][safepoint    ] Leaving safepoint region
[2020-01-13T14:13:09.230+0000][1][safepoint    ] Total time for which application threads were stopped: 0.0001137 seconds, Stopping threads took: 0.0000279 seconds
[2020-01-13T14:13:10.230+0000][1][safepoint    ] Application time: 1.0001450 seconds
[2020-01-13T14:13:10.230+0000][1][safepoint    ] Entering safepoint region: Cleanup
[2020-01-13T14:13:10.230+0000][1][safepoint    ] Leaving safepoint region
[2020-01-13T14:13:10.230+0000][1][safepoint    ] Total time for which application threads were stopped: 0.0001385 seconds, Stopping threads took: 0.0000426 seconds
[2020-01-13T14:13:11.230+0000][1][safepoint    ] Application time: 1.0001407 seconds
[2020-01-13T14:13:11.230+0000][1][safepoint    ] Entering safepoint region: Cleanup
[2020-01-13T14:13:11.230+0000][1][safepoint    ] Leaving safepoint region
[2020-01-13T14:13:11.230+0000][1][safepoint    ] Total time for which application threads were stopped: 0.0001817 seconds, Stopping threads took: 0.0000325 seconds
[2020-01-13T14:13:12.231+0000][1][safepoint    ] Application time: 1.0001659 seconds
[2020-01-13T14:13:12.231+0000][1][safepoint    ] Entering safepoint region: Cleanup
[2020-01-13T14:13:12.231+0000][1][safepoint    ] Leaving safepoint region
[2020-01-13T14:13:12.231+0000][1][safepoint    ] Total time for which application threads were stopped: 0.0001043 seconds, Stopping threads took: 0.0000315 seconds
[2020-01-13T14:13:13.231+0000][1][safepoint    ] Application time: 1.0001478 seconds
[2020-01-13T14:13:13.232+0000][1][safepoint    ] Entering safepoint region: Cleanup
[2020-01-13T14:13:13.232+0000][1][safepoint    ] Leaving safepoint region
[2020-01-13T14:13:13.232+0000][1][safepoint    ] Total time for which application threads were stopped: 0.0001566 seconds, Stopping threads took: 0.0000530 seconds
[2020-01-13T14:13:14.232+0000][1][safepoint    ] Application time: 1.0001465 seconds
[2020-01-13T14:13:14.232+0000][1][safepoint    ] Entering safepoint region: Cleanup
[2020-01-13T14:13:14.232+0000][1][safepoint    ] Leaving safepoint region
[2020-01-13T14:13:14.232+0000][1][safepoint    ] Total time for which application threads were stopped: 0.0001719 seconds, Stopping threads took: 0.0000373 seconds
[2020-01-13T14:13:15.233+0000][1][safepoint    ] Application time: 1.0001826 seconds
[2020-01-13T14:13:15.233+0000][1][safepoint    ] Entering safepoint region: Cleanup
[2020-01-13T14:13:15.233+0000][1][safepoint    ] Leaving safepoint region
[2020-01-13T14:13:15.233+0000][1][safepoint    ] Total time for which application threads were stopped: 0.0001516 seconds, Stopping threads took: 0.0000383 seconds
[2020-01-13T14:13:16.233+0000][1][safepoint    ] Application time: 1.0001685 seconds
[2020-01-13T14:13:16.233+0000][1][safepoint    ] Entering safepoint region: Cleanup
[2020-01-13T14:13:16.233+0000][1][safepoint    ] Leaving safepoint region
[2020-01-13T14:13:16.233+0000][1][safepoint    ] Total time for which application threads were stopped: 0.0001212 seconds, Stopping threads took: 0.0000296 seconds
[2020-01-13T14:13:17.233+0000][1][safepoint    ] Application time: 1.0001528 seconds
[2020-01-13T14:13:17.233+0000][1][safepoint    ] Entering safepoint region: Cleanup
[2020-01-13T14:13:17.234+0000][1][safepoint    ] Leaving safepoint region
[2020-01-13T14:13:17.234+0000][1][safepoint    ] Total time for which application threads were stopped: 0.0001199 seconds, Stopping threads took: 0.0000370 seconds
[2020-01-13T14:13:18.234+0000][1][safepoint    ] Application time: 1.0001430 seconds
[2020-01-13T14:13:18.235+0000][1][safepoint    ] Entering safepoint region: Cleanup
[2020-01-13T14:13:18.235+0000][1][safepoint    ] Leaving safepoint region
[2020-01-13T14:13:18.235+0000][1][safepoint    ] Total time for which application threads were stopped: 0.0001517 seconds, Stopping threads took: 0.0000769 seconds
[2020-01-13T14:13:20.235+0000][1][safepoint    ] Application time: 2.0002811 seconds
[2020-01-13T14:13:20.236+0000][1][safepoint    ] Entering safepoint region: Cleanup
[2020-01-13T14:13:20.236+0000][1][safepoint    ] Leaving safepoint region
[2020-01-13T14:13:20.236+0000][1][safepoint    ] Total time for which application threads were stopped: 0.0001296 seconds, Stopping threads took: 0.0000285 seconds
[2020-01-13T14:13:21.236+0000][1][safepoint    ] Application time: 1.0001890 seconds
[2020-01-13T14:13:21.236+0000][1][safepoint    ] Entering safepoint region: Cleanup
[2020-01-13T14:13:21.236+0000][1][safepoint    ] Leaving safepoint region
[2020-01-13T14:13:21.236+0000][1][safepoint    ] Total time for which application threads were stopped: 0.0001107 seconds, Stopping threads took: 0.0000319 seconds
[2020-01-13T14:13:22.236+0000][1][safepoint    ] Application time: 1.0002108 seconds
[2020-01-13T14:13:22.236+0000][1][safepoint    ] Entering safepoint region: Cleanup
[2020-01-13T14:13:22.237+0000][1][safepoint    ] Leaving safepoint region
[2020-01-13T14:13:22.237+0000][1][safepoint    ] Total time for which application threads were stopped: 0.0002093 seconds, Stopping threads took: 0.0001258 seconds
[2020-01-13T14:13:23.237+0000][1][safepoint    ] Application time: 1.0001675 seconds
[2020-01-13T14:13:23.237+0000][1][safepoint    ] Entering safepoint region: Cleanup
[2020-01-13T14:13:23.237+0000][1][safepoint    ] Leaving safepoint region
[2020-01-13T14:13:23.237+0000][1][safepoint    ] Total time for which application threads were stopped: 0.0001415 seconds, Stopping threads took: 0.0000367 seconds
[2020-01-13T14:13:24.237+0000][1][safepoint    ] Application time: 1.0002078 seconds
[2020-01-13T14:13:24.237+0000][1][safepoint    ] Entering safepoint region: Cleanup
[2020-01-13T14:13:24.237+0000][1][safepoint    ] Leaving safepoint region
[2020-01-13T14:13:24.237+0000][1][safepoint    ] Total time for which application threads were stopped: 0.0001342 seconds, Stopping threads took: 0.0000269 seconds
[2020-01-13T14:13:25.238+0000][1][safepoint    ] Application time: 1.0001555 seconds
[2020-01-13T14:13:25.238+0000][1][safepoint    ] Entering safepoint region: Cleanup
[2020-01-13T14:13:25.238+0000][1][safepoint    ] Leaving safepoint region
[2020-01-13T14:13:25.238+0000][1][safepoint    ] Total time for which application threads were stopped: 0.0001135 seconds, Stopping threads took: 0.0000292 seconds
[2020-01-13T14:13:26.238+0000][1][safepoint    ] Application time: 1.0001033 seconds
[2020-01-13T14:13:26.238+0000][1][safepoint    ] Entering safepoint region: Cleanup
[2020-01-13T14:13:26.238+0000][1][safepoint    ] Leaving safepoint region
[2020-01-13T14:13:26.238+0000][1][safepoint    ] Total time for which application threads were stopped: 0.0001145 seconds, Stopping threads took: 0.0000252 seconds
[2020-01-13T14:13:27.238+0000][1][safepoint    ] Application time: 1.0002580 seconds
[2020-01-13T14:13:27.239+0000][1][safepoint    ] Entering safepoint region: Cleanup
[2020-01-13T14:13:27.239+0000][1][safepoint    ] Leaving safepoint region
[2020-01-13T14:13:27.239+0000][1][safepoint    ] Total time for which application threads were stopped: 0.0006742 seconds, Stopping threads took: 0.0005873 seconds
[2020-01-13T14:13:28.239+0000][1][safepoint    ] Application time: 1.0001460 seconds
[2020-01-13T14:13:28.239+0000][1][safepoint    ] Entering safepoint region: Cleanup
[2020-01-13T14:13:28.239+0000][1][safepoint    ] Leaving safepoint region
[2020-01-13T14:13:28.239+0000][1][safepoint    ] Total time for which application threads were stopped: 0.0001416 seconds, Stopping threads took: 0.0000318 seconds
[2020-01-13T14:13:29.240+0000][1][safepoint    ] Application time: 1.0001607 seconds
[2020-01-13T14:13:29.240+0000][1][safepoint    ] Entering safepoint region: Cleanup
[2020-01-13T14:13:29.240+0000][1][safepoint    ] Leaving safepoint region
[2020-01-13T14:13:29.240+0000][1][safepoint    ] Total time for which application threads were stopped: 0.0001446 seconds, Stopping threads took: 0.0000383 seconds
[2020-01-13T14:13:30.240+0000][1][safepoint    ] Application time: 1.0001745 seconds
[2020-01-13T14:13:30.241+0000][1][safepoint    ] Entering safepoint region: Cleanup
[2020-01-13T14:13:30.241+0000][1][safepoint    ] Leaving safepoint region
[2020-01-13T14:13:30.241+0000][1][safepoint    ] Total time for which application threads were stopped: 0.0001912 seconds, Stopping threads took: 0.0000782 seconds
[2020-01-13T14:13:31.242+0000][1][safepoint    ] Application time: 1.0001195 seconds
[2020-01-13T14:13:31.242+0000][1][safepoint    ] Entering safepoint region: Cleanup
[2020-01-13T14:13:31.242+0000][1][safepoint    ] Leaving safepoint region
[2020-01-13T14:13:31.242+0000][1][safepoint    ] Total time for which application threads were stopped: 0.0001592 seconds, Stopping threads took: 0.0000375 seconds
[2020-01-13T14:13:32.242+0000][1][safepoint    ] Application time: 1.0001653 seconds
[2020-01-13T14:13:32.242+0000][1][safepoint    ] Entering safepoint region: Cleanup
[2020-01-13T14:13:32.242+0000][1][safepoint    ] Leaving safepoint region
[2020-01-13T14:13:32.242+0000][1][safepoint    ] Total time for which application threads were stopped: 0.0001441 seconds, Stopping threads took: 0.0000335 seconds
[2020-01-13T14:13:33.242+0000][1][safepoint    ] Application time: 1.0001341 seconds
[2020-01-13T14:13:33.243+0000][1][safepoint    ] Entering safepoint region: Cleanup
[2020-01-13T14:13:33.243+0000][1][safepoint    ] Leaving safepoint region
[2020-01-13T14:13:33.243+0000][1][safepoint    ] Total time for which application threads were stopped: 0.0001559 seconds, Stopping threads took: 0.0000396 seconds
[2020-01-13T14:13:34.243+0000][1][safepoint    ] Application time: 1.0002077 seconds
[2020-01-13T14:13:34.243+0000][1][safepoint    ] Entering safepoint region: Cleanup
[2020-01-13T14:13:34.243+0000][1][safepoint    ] Leaving safepoint region
[2020-01-13T14:13:34.243+0000][1][safepoint    ] Total time for which application threads were stopped: 0.0000989 seconds, Stopping threads took: 0.0000290 seconds
[2020-01-13T14:13:35.243+0000][1][safepoint    ] Application time: 1.0001081 seconds
[2020-01-13T14:13:35.244+0000][1][safepoint    ] Entering safepoint region: Cleanup
[2020-01-13T14:13:35.244+0000][1][safepoint    ] Leaving safepoint region
[2020-01-13T14:13:35.244+0000][1][safepoint    ] Total time for which application threads were stopped: 0.0002138 seconds, Stopping threads took: 0.0000839 seconds
[2020-01-13T14:13:36.245+0000][1][safepoint    ] Application time: 1.0001104 seconds
[2020-01-13T14:13:36.245+0000][1][safepoint    ] Entering safepoint region: Cleanup
[2020-01-13T14:13:36.245+0000][1][safepoint    ] Leaving safepoint region
[2020-01-13T14:13:36.245+0000][1][safepoint    ] Total time for which application threads were stopped: 0.0001090 seconds, Stopping threads took: 0.0000277 seconds
[2020-01-13T14:13:37.245+0000][1][safepoint    ] Application time: 1.0001459 seconds
[2020-01-13T14:13:37.245+0000][1][safepoint    ] Entering safepoint region: Cleanup
[2020-01-13T14:13:37.245+0000][1][safepoint    ] Leaving safepoint region
[2020-01-13T14:13:37.245+0000][1][safepoint    ] Total time for which application threads were stopped: 0.0001346 seconds, Stopping threads took: 0.0000285 seconds
[2020-01-13T14:13:37.854+0000][1][safepoint    ] Application time: 0.6092838 seconds
[2020-01-13T14:13:37.854+0000][1][safepoint    ] Entering safepoint region: RevokeBias
[2020-01-13T14:13:37.855+0000][1][safepoint    ] Leaving safepoint region
[2020-01-13T14:13:37.855+0000][1][safepoint    ] Total time for which application threads were stopped: 0.0000969 seconds, Stopping threads took: 0.0000192 seconds
[2020-01-13T14:13:38.855+0000][1][safepoint    ] Application time: 1.0000922 seconds
[2020-01-13T14:13:38.855+0000][1][safepoint    ] Entering safepoint region: Cleanup
[2020-01-13T14:13:38.855+0000][1][safepoint    ] Leaving safepoint region
[2020-01-13T14:13:38.855+0000][1][safepoint    ] Total time for which application threads were stopped: 0.0001660 seconds, Stopping threads took: 0.0000516 seconds
[2020-01-13T14:13:39.855+0000][1][safepoint    ] Application time: 1.0001529 seconds
[2020-01-13T14:13:39.855+0000][1][safepoint    ] Entering safepoint region: Cleanup
[2020-01-13T14:13:39.855+0000][1][safepoint    ] Leaving safepoint region
[2020-01-13T14:13:39.855+0000][1][safepoint    ] Total time for which application threads were stopped: 0.0001688 seconds, Stopping threads took: 0.0000472 seconds
[2020-01-13T14:13:40.855+0000][1][safepoint    ] Application time: 1.0000519 seconds
[2020-01-13T14:13:40.855+0000][1][safepoint    ] Entering safepoint region: Cleanup
[2020-01-13T14:13:40.856+0000][1][safepoint    ] Leaving safepoint region
[2020-01-13T14:13:40.856+0000][1][safepoint    ] Total time for which application threads were stopped: 0.0001144 seconds, Stopping threads took: 0.0000434 seconds
[2020-01-13T14:13:41.856+0000][1][safepoint    ] Application time: 1.0001476 seconds
[2020-01-13T14:13:41.856+0000][1][safepoint    ] Entering safepoint region: Cleanup
[2020-01-13T14:13:41.856+0000][1][safepoint    ] Leaving safepoint region
[2020-01-13T14:13:41.856+0000][1][safepoint    ] Total time for which application threads were stopped: 0.0000956 seconds, Stopping threads took: 0.0000192 seconds
[2020-01-13T14:13:42.856+0000][1][safepoint    ] Application time: 1.0001049 seconds
[2020-01-13T14:13:42.856+0000][1][safepoint    ] Entering safepoint region: Cleanup
[2020-01-13T14:13:42.856+0000][1][safepoint    ] Leaving safepoint region
[2020-01-13T14:13:42.856+0000][1][safepoint    ] Total time for which application threads were stopped: 0.0001287 seconds, Stopping threads took: 0.0000328 seconds
[2020-01-13T14:13:43.856+0000][1][safepoint    ] Application time: 1.0001439 seconds
[2020-01-13T14:13:43.856+0000][1][safepoint    ] Entering safepoint region: Cleanup
[2020-01-13T14:13:43.856+0000][1][safepoint    ] Leaving safepoint region
[2020-01-13T14:13:43.856+0000][1][safepoint    ] Total time for which application threads were stopped: 0.0001155 seconds, Stopping threads took: 0.0000289 seconds
[2020-01-13T14:13:44.857+0000][1][safepoint    ] Application time: 1.0001747 seconds
[2020-01-13T14:13:44.857+0000][1][safepoint    ] Entering safepoint region: Cleanup
[2020-01-13T14:13:44.857+0000][1][safepoint    ] Leaving safepoint region
[2020-01-13T14:13:44.857+0000][1][safepoint    ] Total time for which application threads were stopped: 0.0001149 seconds, Stopping threads took: 0.0000296 seconds
[2020-01-13T14:13:45.857+0000][1][safepoint    ] Application time: 1.0001473 seconds
[2020-01-13T14:13:45.858+0000][1][safepoint    ] Entering safepoint region: Cleanup
[2020-01-13T14:13:45.858+0000][1][safepoint    ] Leaving safepoint region
[2020-01-13T14:13:45.858+0000][1][safepoint    ] Total time for which application threads were stopped: 0.0001453 seconds, Stopping threads took: 0.0000466 seconds
[2020-01-13T14:13:46.858+0000][1][safepoint    ] Application time: 1.0001221 seconds
[2020-01-13T14:13:46.858+0000][1][safepoint    ] Entering safepoint region: Cleanup
[2020-01-13T14:13:46.858+0000][1][safepoint    ] Leaving safepoint region
[2020-01-13T14:13:46.858+0000][1][safepoint    ] Total time for which application threads were stopped: 0.0001442 seconds, Stopping threads took: 0.0000334 seconds
[2020-01-13T14:13:47.859+0000][1][safepoint    ] Application time: 1.0002002 seconds
[2020-01-13T14:13:47.859+0000][1][safepoint    ] Entering safepoint region: Cleanup
[2020-01-13T14:13:47.859+0000][1][safepoint    ] Leaving safepoint region
[2020-01-13T14:13:47.859+0000][1][safepoint    ] Total time for which application threads were stopped: 0.0001186 seconds, Stopping threads took: 0.0000390 seconds
[2020-01-13T14:13:48.859+0000][1][safepoint    ] Application time: 1.0001668 seconds
[2020-01-13T14:13:48.859+0000][1][safepoint    ] Entering safepoint region: Cleanup
[2020-01-13T14:13:48.859+0000][1][safepoint    ] Leaving safepoint region
[2020-01-13T14:13:48.859+0000][1][safepoint    ] Total time for which application threads were stopped: 0.0001709 seconds, Stopping threads took: 0.0000569 seconds
[2020-01-13T14:13:49.859+0000][1][safepoint    ] Application time: 1.0001704 seconds
[2020-01-13T14:13:49.859+0000][1][safepoint    ] Entering safepoint region: Cleanup
[2020-01-13T14:13:49.860+0000][1][safepoint    ] Leaving safepoint region
[2020-01-13T14:13:49.860+0000][1][safepoint    ] Total time for which application threads were stopped: 0.0001072 seconds, Stopping threads took: 0.0000279 seconds
[2020-01-13T14:13:50.860+0000][1][safepoint    ] Application time: 1.0001598 seconds
[2020-01-13T14:13:50.860+0000][1][safepoint    ] Entering safepoint region: Cleanup
[2020-01-13T14:13:50.860+0000][1][safepoint    ] Leaving safepoint region
[2020-01-13T14:13:50.860+0000][1][safepoint    ] Total time for which application threads were stopped: 0.0001187 seconds, Stopping threads took: 0.0000380 seconds
[2020-01-13T14:13:51.860+0000][1][safepoint    ] Application time: 1.0001869 seconds
[2020-01-13T14:13:51.860+0000][1][safepoint    ] Entering safepoint region: Cleanup
[2020-01-13T14:13:51.860+0000][1][safepoint    ] Leaving safepoint region
[2020-01-13T14:13:51.860+0000][1][safepoint    ] Total time for which application threads were stopped: 0.0001530 seconds, Stopping threads took: 0.0000365 seconds
[2020-01-13T14:13:52.861+0000][1][safepoint    ] Application time: 1.0001480 seconds
[2020-01-13T14:13:52.861+0000][1][safepoint    ] Entering safepoint region: Cleanup
[2020-01-13T14:13:52.861+0000][1][safepoint    ] Leaving safepoint region
[2020-01-13T14:13:52.861+0000][1][safepoint    ] Total time for which application threads were stopped: 0.0001095 seconds, Stopping threads took: 0.0000278 seconds
[2020-01-13T14:13:53.215+0000][1][safepoint    ] Application time: 0.3537963 seconds
[2020-01-13T14:13:53.215+0000][1][safepoint    ] Entering safepoint region: RevokeBias
[2020-01-13T14:13:53.215+0000][1][safepoint    ] Leaving safepoint region
[2020-01-13T14:13:53.215+0000][1][safepoint    ] Total time for which application threads were stopped: 0.0002018 seconds, Stopping threads took: 0.0000780 seconds
[2020-01-13T14:13:53.217+0000][1][safepoint    ] Application time: 0.0022830 seconds
[2020-01-13T14:13:53.217+0000][1][safepoint    ] Entering safepoint region: RevokeBias
[2020-01-13T14:13:53.217+0000][1][safepoint    ] Leaving safepoint region
[2020-01-13T14:13:53.217+0000][1][safepoint    ] Total time for which application threads were stopped: 0.0001078 seconds, Stopping threads took: 0.0000241 seconds
[2020-01-13T14:13:54.217+0000][1][safepoint    ] Application time: 1.0001682 seconds
[2020-01-13T14:13:54.219+0000][1][safepoint    ] Entering safepoint region: Cleanup
[2020-01-13T14:13:54.219+0000][1][safepoint    ] Leaving safepoint region
[2020-01-13T14:13:54.219+0000][1][safepoint    ] Total time for which application threads were stopped: 0.0001702 seconds, Stopping threads took: 0.0000688 seconds
[2020-01-13T14:13:55.219+0000][1][safepoint    ] Application time: 1.0001967 seconds
[2020-01-13T14:13:55.219+0000][1][safepoint    ] Entering safepoint region: Cleanup
[2020-01-13T14:13:55.219+0000][1][safepoint    ] Leaving safepoint region
[2020-01-13T14:13:55.219+0000][1][safepoint    ] Total time for which application threads were stopped: 0.0001149 seconds, Stopping threads took: 0.0000282 seconds
[2020-01-13T14:13:56.219+0000][1][safepoint    ] Application time: 1.0001588 seconds
[2020-01-13T14:13:56.219+0000][1][safepoint    ] Entering safepoint region: Cleanup
[2020-01-13T14:13:56.220+0000][1][safepoint    ] Leaving safepoint region
[2020-01-13T14:13:56.220+0000][1][safepoint    ] Total time for which application threads were stopped: 0.0001380 seconds, Stopping threads took: 0.0000351 seconds
[2020-01-13T14:13:57.220+0000][1][safepoint    ] Application time: 1.0001622 seconds
[2020-01-13T14:13:57.220+0000][1][safepoint    ] Entering safepoint region: Cleanup
[2020-01-13T14:13:57.220+0000][1][safepoint    ] Leaving safepoint region
[2020-01-13T14:13:57.220+0000][1][safepoint    ] Total time for which application threads were stopped: 0.0001386 seconds, Stopping threads took: 0.0000495 seconds
[2020-01-13T14:13:58.220+0000][1][safepoint    ] Application time: 1.0002033 seconds
[2020-01-13T14:13:58.220+0000][1][safepoint    ] Entering safepoint region: Cleanup
[2020-01-13T14:13:58.220+0000][1][safepoint    ] Leaving safepoint region
[2020-01-13T14:13:58.220+0000][1][safepoint    ] Total time for which application threads were stopped: 0.0001895 seconds, Stopping threads took: 0.0000767 seconds
[2020-01-13T14:13:59.221+0000][1][safepoint    ] Application time: 1.0001065 seconds
[2020-01-13T14:13:59.221+0000][1][safepoint    ] Entering safepoint region: Cleanup
[2020-01-13T14:13:59.221+0000][1][safepoint    ] Leaving safepoint region
[2020-01-13T14:13:59.221+0000][1][safepoint    ] Total time for which application threads were stopped: 0.0001110 seconds, Stopping threads took: 0.0000301 seconds
[2020-01-13T14:14:00.221+0000][1][safepoint    ] Application time: 1.0001550 seconds
[2020-01-13T14:14:00.221+0000][1][safepoint    ] Entering safepoint region: Cleanup
[2020-01-13T14:14:00.221+0000][1][safepoint    ] Leaving safepoint region
[2020-01-13T14:14:00.221+0000][1][safepoint    ] Total time for which application threads were stopped: 0.0001480 seconds, Stopping threads took: 0.0000621 seconds
[2020-01-13T14:14:01.221+0000][1][safepoint    ] Application time: 1.0001668 seconds
[2020-01-13T14:14:01.221+0000][1][safepoint    ] Entering safepoint region: Cleanup
[2020-01-13T14:14:01.221+0000][1][safepoint    ] Leaving safepoint region
[2020-01-13T14:14:01.221+0000][1][safepoint    ] Total time for which application threads were stopped: 0.0001260 seconds, Stopping threads took: 0.0000425 seconds
[2020-01-13T14:14:02.222+0000][1][safepoint    ] Application time: 1.0001633 seconds
[2020-01-13T14:14:02.222+0000][1][safepoint    ] Entering safepoint region: Cleanup
[2020-01-13T14:14:02.222+0000][1][safepoint    ] Leaving safepoint region
[2020-01-13T14:14:02.222+0000][1][safepoint    ] Total time for which application threads were stopped: 0.0001348 seconds, Stopping threads took: 0.0000360 seconds
[2020-01-13T14:14:03.222+0000][1][safepoint    ] Application time: 1.0001629 seconds
[2020-01-13T14:14:03.222+0000][1][safepoint    ] Entering safepoint region: Cleanup
[2020-01-13T14:14:03.222+0000][1][safepoint    ] Leaving safepoint region
[2020-01-13T14:14:03.222+0000][1][safepoint    ] Total time for which application threads were stopped: 0.0001237 seconds, Stopping threads took: 0.0000337 seconds
[2020-01-13T14:14:04.222+0000][1][safepoint    ] Application time: 1.0001453 seconds
[2020-01-13T14:14:04.223+0000][1][safepoint    ] Entering safepoint region: Cleanup
[2020-01-13T14:14:04.223+0000][1][safepoint    ] Leaving safepoint region
[2020-01-13T14:14:04.223+0000][1][safepoint    ] Total time for which application threads were stopped: 0.0001353 seconds, Stopping threads took: 0.0000424 seconds
[2020-01-13T14:14:05.223+0000][1][safepoint    ] Application time: 1.0001792 seconds
[2020-01-13T14:14:05.223+0000][1][safepoint    ] Entering safepoint region: Cleanup
[2020-01-13T14:14:05.223+0000][1][safepoint    ] Leaving safepoint region
[2020-01-13T14:14:05.223+0000][1][safepoint    ] Total time for which application threads were stopped: 0.0001771 seconds, Stopping threads took: 0.0000460 seconds
[2020-01-13T14:14:06.223+0000][1][safepoint    ] Application time: 1.0001606 seconds
[2020-01-13T14:14:06.223+0000][1][safepoint    ] Entering safepoint region: Cleanup
[2020-01-13T14:14:06.223+0000][1][safepoint    ] Leaving safepoint region
[2020-01-13T14:14:06.223+0000][1][safepoint    ] Total time for which application threads were stopped: 0.0001489 seconds, Stopping threads took: 0.0000299 seconds
[2020-01-13T14:14:07.224+0000][1][safepoint    ] Application time: 1.0001735 seconds
[2020-01-13T14:14:07.224+0000][1][safepoint    ] Entering safepoint region: Cleanup
[2020-01-13T14:14:07.224+0000][1][safepoint    ] Leaving safepoint region
[2020-01-13T14:14:07.224+0000][1][safepoint    ] Total time for which application threads were stopped: 0.0001513 seconds, Stopping threads took: 0.0000477 seconds
[2020-01-13T14:14:08.224+0000][1][safepoint    ] Application time: 1.0000957 seconds
[2020-01-13T14:14:08.224+0000][1][safepoint    ] Entering safepoint region: Cleanup
[2020-01-13T14:14:08.224+0000][1][safepoint    ] Leaving safepoint region
[2020-01-13T14:14:08.224+0000][1][safepoint    ] Total time for which application threads were stopped: 0.0001014 seconds, Stopping threads took: 0.0000273 seconds
[2020-01-13T14:14:09.224+0000][1][safepoint    ] Application time: 1.0001485 seconds
[2020-01-13T14:14:09.224+0000][1][safepoint    ] Entering safepoint region: Cleanup
[2020-01-13T14:14:09.225+0000][1][safepoint    ] Leaving safepoint region
[2020-01-13T14:14:09.225+0000][1][safepoint    ] Total time for which application threads were stopped: 0.0001418 seconds, Stopping threads took: 0.0000279 seconds
[2020-01-13T14:14:10.225+0000][1][safepoint    ] Application time: 1.0001591 seconds
[2020-01-13T14:14:10.226+0000][1][safepoint    ] Entering safepoint region: Cleanup
[2020-01-13T14:14:10.226+0000][1][safepoint    ] Leaving safepoint region
[2020-01-13T14:14:10.226+0000][1][safepoint    ] Total time for which application threads were stopped: 0.0001427 seconds, Stopping threads took: 0.0000487 seconds
[2020-01-13T14:14:11.226+0000][1][safepoint    ] Application time: 1.0001539 seconds
[2020-01-13T14:14:11.226+0000][1][safepoint    ] Entering safepoint region: Cleanup
[2020-01-13T14:14:11.226+0000][1][safepoint    ] Leaving safepoint region
[2020-01-13T14:14:11.226+0000][1][safepoint    ] Total time for which application threads were stopped: 0.0001638 seconds, Stopping threads took: 0.0000488 seconds
[2020-01-13T14:14:12.227+0000][1][safepoint    ] Application time: 1.0001472 seconds
[2020-01-13T14:14:12.227+0000][1][safepoint    ] Entering safepoint region: Cleanup
[2020-01-13T14:14:12.227+0000][1][safepoint    ] Leaving safepoint region
[2020-01-13T14:14:12.227+0000][1][safepoint    ] Total time for which application threads were stopped: 0.0001126 seconds, Stopping threads took: 0.0000271 seconds
[2020-01-13T14:14:13.227+0000][1][safepoint    ] Application time: 1.0001236 seconds
[2020-01-13T14:14:13.227+0000][1][safepoint    ] Entering safepoint region: Cleanup
[2020-01-13T14:14:13.227+0000][1][safepoint    ] Leaving safepoint region
[2020-01-13T14:14:13.227+0000][1][safepoint    ] Total time for which application threads were stopped: 0.0001125 seconds, Stopping threads took: 0.0000272 seconds
[2020-01-13T14:14:14.227+0000][1][safepoint    ] Application time: 1.0000822 seconds
[2020-01-13T14:14:14.227+0000][1][safepoint    ] Entering safepoint region: Cleanup
[2020-01-13T14:14:14.227+0000][1][safepoint    ] Leaving safepoint region
[2020-01-13T14:14:14.227+0000][1][safepoint    ] Total time for which application threads were stopped: 0.0001037 seconds, Stopping threads took: 0.0000270 seconds
[2020-01-13T14:14:15.227+0000][1][safepoint    ] Application time: 1.0001637 seconds
[2020-01-13T14:14:15.228+0000][1][safepoint    ] Entering safepoint region: Cleanup
[2020-01-13T14:14:15.229+0000][1][safepoint    ] Leaving safepoint region
[2020-01-13T14:14:15.229+0000][1][safepoint    ] Total time for which application threads were stopped: 0.0001591 seconds, Stopping threads took: 0.0000703 seconds
[2020-01-13T14:14:16.229+0000][1][safepoint    ] Application time: 1.0001583 seconds
[2020-01-13T14:14:16.229+0000][1][safepoint    ] Entering safepoint region: Cleanup
[2020-01-13T14:14:16.229+0000][1][safepoint    ] Leaving safepoint region
[2020-01-13T14:14:16.229+0000][1][safepoint    ] Total time for which application threads were stopped: 0.0001286 seconds, Stopping threads took: 0.0000318 seconds
[2020-01-13T14:14:17.229+0000][1][safepoint    ] Application time: 1.0001489 seconds
[2020-01-13T14:14:17.229+0000][1][safepoint    ] Entering safepoint region: Cleanup
[2020-01-13T14:14:17.229+0000][1][safepoint    ] Leaving safepoint region
[2020-01-13T14:14:17.229+0000][1][safepoint    ] Total time for which application threads were stopped: 0.0001014 seconds, Stopping threads took: 0.0000290 seconds
[2020-01-13T14:14:18.229+0000][1][safepoint    ] Application time: 1.0001517 seconds
[2020-01-13T14:14:18.230+0000][1][safepoint    ] Entering safepoint region: Cleanup
[2020-01-13T14:14:18.230+0000][1][safepoint    ] Leaving safepoint region
[2020-01-13T14:14:18.230+0000][1][safepoint    ] Total time for which application threads were stopped: 0.0001016 seconds, Stopping threads took: 0.0000286 seconds
[2020-01-13T14:14:19.230+0000][1][safepoint    ] Application time: 1.0001593 seconds
[2020-01-13T14:14:19.230+0000][1][safepoint    ] Entering safepoint region: Cleanup
[2020-01-13T14:14:19.230+0000][1][safepoint    ] Leaving safepoint region
[2020-01-13T14:14:19.230+0000][1][safepoint    ] Total time for which application threads were stopped: 0.0001604 seconds, Stopping threads took: 0.0000590 seconds
[2020-01-13T14:14:20.230+0000][1][safepoint    ] Application time: 1.0001578 seconds
[2020-01-13T14:14:20.230+0000][1][safepoint    ] Entering safepoint region: Cleanup
[2020-01-13T14:14:20.230+0000][1][safepoint    ] Leaving safepoint region
[2020-01-13T14:14:20.230+0000][1][safepoint    ] Total time for which application threads were stopped: 0.0001423 seconds, Stopping threads took: 0.0000455 seconds
[2020-01-13T14:14:21.231+0000][1][safepoint    ] Application time: 1.0001421 seconds
[2020-01-13T14:14:21.231+0000][1][safepoint    ] Entering safepoint region: Cleanup
[2020-01-13T14:14:21.231+0000][1][safepoint    ] Leaving safepoint region
[2020-01-13T14:14:21.231+0000][1][safepoint    ] Total time for which application threads were stopped: 0.0001093 seconds, Stopping threads took: 0.0000342 seconds
[2020-01-13T14:14:22.231+0000][1][safepoint    ] Application time: 1.0001463 seconds
[2020-01-13T14:14:22.231+0000][1][safepoint    ] Entering safepoint region: Cleanup
[2020-01-13T14:14:22.231+0000][1][safepoint    ] Leaving safepoint region
[2020-01-13T14:14:22.231+0000][1][safepoint    ] Total time for which application threads were stopped: 0.0001565 seconds, Stopping threads took: 0.0000500 seconds
[2020-01-13T14:14:23.231+0000][1][safepoint    ] Application time: 1.0000933 seconds
[2020-01-13T14:14:23.231+0000][1][safepoint    ] Entering safepoint region: Cleanup
[2020-01-13T14:14:23.232+0000][1][safepoint    ] Leaving safepoint region
[2020-01-13T14:14:23.232+0000][1][safepoint    ] Total time for which application threads were stopped: 0.0001945 seconds, Stopping threads took: 0.0000853 seconds
[2020-01-13T14:14:24.232+0000][1][safepoint    ] Application time: 1.0001552 seconds
[2020-01-13T14:14:24.233+0000][1][safepoint    ] Entering safepoint region: Cleanup
[2020-01-13T14:14:24.233+0000][1][safepoint    ] Leaving safepoint region
[2020-01-13T14:14:24.233+0000][1][safepoint    ] Total time for which application threads were stopped: 0.0001729 seconds, Stopping threads took: 0.0000716 seconds
[2020-01-13T14:14:25.233+0000][1][safepoint    ] Application time: 1.0001634 seconds
[2020-01-13T14:14:25.233+0000][1][safepoint    ] Entering safepoint region: Cleanup
[2020-01-13T14:14:25.233+0000][1][safepoint    ] Leaving safepoint region
[2020-01-13T14:14:25.233+0000][1][safepoint    ] Total time for which application threads were stopped: 0.0001951 seconds, Stopping threads took: 0.0000574 seconds
[2020-01-13T14:14:26.234+0000][1][safepoint    ] Application time: 1.0001751 seconds
[2020-01-13T14:14:26.234+0000][1][safepoint    ] Entering safepoint region: Cleanup
[2020-01-13T14:14:26.234+0000][1][safepoint    ] Leaving safepoint region
[2020-01-13T14:14:26.234+0000][1][safepoint    ] Total time for which application threads were stopped: 0.0001327 seconds, Stopping threads took: 0.0000349 seconds
[2020-01-13T14:14:27.234+0000][1][safepoint    ] Application time: 1.0001665 seconds
[2020-01-13T14:14:27.234+0000][1][safepoint    ] Entering safepoint region: Cleanup
[2020-01-13T14:14:27.234+0000][1][safepoint    ] Leaving safepoint region
[2020-01-13T14:14:27.234+0000][1][safepoint    ] Total time for which application threads were stopped: 0.0001382 seconds, Stopping threads took: 0.0000364 seconds
[2020-01-13T14:14:28.234+0000][1][safepoint    ] Application time: 1.0001912 seconds
[2020-01-13T14:14:28.234+0000][1][safepoint    ] Entering safepoint region: Cleanup
[2020-01-13T14:14:28.235+0000][1][safepoint    ] Leaving safepoint region
[2020-01-13T14:14:28.235+0000][1][safepoint    ] Total time for which application threads were stopped: 0.0001326 seconds, Stopping threads took: 0.0000433 seconds
[2020-01-13T14:14:29.235+0000][1][safepoint    ] Application time: 1.0001496 seconds
[2020-01-13T14:14:29.236+0000][1][safepoint    ] Entering safepoint region: Cleanup
[2020-01-13T14:14:29.236+0000][1][safepoint    ] Leaving safepoint region
[2020-01-13T14:14:29.236+0000][1][safepoint    ] Total time for which application threads were stopped: 0.0001897 seconds, Stopping threads took: 0.0000857 seconds
[2020-01-13T14:14:30.236+0000][1][safepoint    ] Application time: 1.0001016 seconds
[2020-01-13T14:14:30.236+0000][1][safepoint    ] Entering safepoint region: Cleanup
[2020-01-13T14:14:30.236+0000][1][safepoint    ] Leaving safepoint region
[2020-01-13T14:14:30.236+0000][1][safepoint    ] Total time for which application threads were stopped: 0.0001116 seconds, Stopping threads took: 0.0000271 seconds
[2020-01-13T14:14:30.798+0000][1][safepoint    ] Application time: 0.5620690 seconds
[2020-01-13T14:14:30.798+0000][1][safepoint    ] Entering safepoint region: GenCollectForAllocation
[2020-01-13T14:14:30.799+0000][1][gc,start     ] GC(23) Pause Young (Allocation Failure)
[2020-01-13T14:14:30.799+0000][1][gc,task      ] GC(23) Using 1 workers of 1 for evacuation
[2020-01-13T14:14:30.830+0000][1][gc,age       ] GC(23) Desired survivor size 4358144 bytes, new threshold 6 (max threshold 6)
[2020-01-13T14:14:30.830+0000][1][gc,age       ] GC(23) Age table with threshold 6 (max threshold 6)
[2020-01-13T14:14:30.830+0000][1][gc,age       ] GC(23) - age   1:     215328 bytes,     215328 total
[2020-01-13T14:14:30.830+0000][1][gc,age       ] GC(23) - age   2:    2712496 bytes,    2927824 total
[2020-01-13T14:14:30.830+0000][1][gc,heap      ] GC(23) ParNew: 76672K->5440K(76672K)
[2020-01-13T14:14:30.830+0000][1][gc,heap      ] GC(23) CMS: 62571K->65605K(176960K)
[2020-01-13T14:14:30.830+0000][1][gc,metaspace ] GC(23) Metaspace: 67036K->67036K(1110016K)
[2020-01-13T14:14:30.830+0000][1][gc           ] GC(23) Pause Young (Allocation Failure) 135M->69M(247M) 31.510ms
[2020-01-13T14:14:30.830+0000][1][gc,cpu       ] GC(23) User=0.03s Sys=0.00s Real=0.04s
[2020-01-13T14:14:30.830+0000][1][safepoint    ] Leaving safepoint region
[2020-01-13T14:14:30.830+0000][1][safepoint    ] Total time for which application threads were stopped: 0.0317592 seconds, Stopping threads took: 0.0000474 seconds
[2020-01-13T14:14:31.838+0000][1][safepoint    ] Application time: 1.0074701 seconds
[2020-01-13T14:14:31.838+0000][1][safepoint    ] Entering safepoint region: Cleanup
[2020-01-13T14:14:31.838+0000][1][safepoint    ] Leaving safepoint region
[2020-01-13T14:14:31.838+0000][1][safepoint    ] Total time for which application threads were stopped: 0.0001561 seconds, Stopping threads took: 0.0000343 seconds
[2020-01-13T14:14:32.838+0000][1][safepoint    ] Application time: 1.0001025 seconds
[2020-01-13T14:14:32.838+0000][1][safepoint    ] Entering safepoint region: Cleanup
[2020-01-13T14:14:32.838+0000][1][safepoint    ] Leaving safepoint region
[2020-01-13T14:14:32.838+0000][1][safepoint    ] Total time for which application threads were stopped: 0.0002334 seconds, Stopping threads took: 0.0000295 seconds
[2020-01-13T14:14:33.838+0000][1][safepoint    ] Application time: 1.0001201 seconds
[2020-01-13T14:14:33.839+0000][1][safepoint    ] Entering safepoint region: Cleanup
[2020-01-13T14:14:33.839+0000][1][safepoint    ] Leaving safepoint region
[2020-01-13T14:14:33.839+0000][1][safepoint    ] Total time for which application threads were stopped: 0.0001024 seconds, Stopping threads took: 0.0000241 seconds
[2020-01-13T14:14:34.839+0000][1][safepoint    ] Application time: 1.0001097 seconds
[2020-01-13T14:14:34.840+0000][1][safepoint    ] Entering safepoint region: Cleanup
[2020-01-13T14:14:34.840+0000][1][safepoint    ] Leaving safepoint region
[2020-01-13T14:14:34.840+0000][1][safepoint    ] Total time for which application threads were stopped: 0.0015116 seconds, Stopping threads took: 0.0013499 seconds
[2020-01-13T14:14:35.840+0000][1][safepoint    ] Application time: 1.0001241 seconds
[2020-01-13T14:14:35.841+0000][1][safepoint    ] Entering safepoint region: Cleanup
[2020-01-13T14:14:35.841+0000][1][safepoint    ] Leaving safepoint region
[2020-01-13T14:14:35.841+0000][1][safepoint    ] Total time for which application threads were stopped: 0.0001241 seconds, Stopping threads took: 0.0000291 seconds
[2020-01-13T14:14:36.841+0000][1][safepoint    ] Application time: 1.0001802 seconds
[2020-01-13T14:14:36.841+0000][1][safepoint    ] Entering safepoint region: Cleanup
[2020-01-13T14:14:36.841+0000][1][safepoint    ] Leaving safepoint region
[2020-01-13T14:14:36.841+0000][1][safepoint    ] Total time for which application threads were stopped: 0.0001301 seconds, Stopping threads took: 0.0000285 seconds
[2020-01-13T14:14:37.841+0000][1][safepoint    ] Application time: 1.0003180 seconds
[2020-01-13T14:14:37.841+0000][1][safepoint    ] Entering safepoint region: Cleanup
[2020-01-13T14:14:37.842+0000][1][safepoint    ] Leaving safepoint region
[2020-01-13T14:14:37.842+0000][1][safepoint    ] Total time for which application threads were stopped: 0.0001164 seconds, Stopping threads took: 0.0000287 seconds
[2020-01-13T14:14:38.842+0000][1][safepoint    ] Application time: 1.0001321 seconds
[2020-01-13T14:14:38.842+0000][1][safepoint    ] Entering safepoint region: Cleanup
[2020-01-13T14:14:38.842+0000][1][safepoint    ] Leaving safepoint region
[2020-01-13T14:14:38.842+0000][1][safepoint    ] Total time for which application threads were stopped: 0.0002225 seconds, Stopping threads took: 0.0000360 seconds
[2020-01-13T14:14:39.842+0000][1][safepoint    ] Application time: 1.0002138 seconds
[2020-01-13T14:14:39.842+0000][1][safepoint    ] Entering safepoint region: Cleanup
[2020-01-13T14:14:39.842+0000][1][safepoint    ] Leaving safepoint region
[2020-01-13T14:14:39.843+0000][1][safepoint    ] Total time for which application threads were stopped: 0.0001465 seconds, Stopping threads took: 0.0000355 seconds
[2020-01-13T14:14:40.843+0000][1][safepoint    ] Application time: 1.0000916 seconds
[2020-01-13T14:14:40.843+0000][1][safepoint    ] Entering safepoint region: Cleanup
[2020-01-13T14:14:40.843+0000][1][safepoint    ] Leaving safepoint region
[2020-01-13T14:14:40.843+0000][1][safepoint    ] Total time for which application threads were stopped: 0.0001276 seconds, Stopping threads took: 0.0000308 seconds
[2020-01-13T14:14:41.843+0000][1][safepoint    ] Application time: 1.0001455 seconds
[2020-01-13T14:14:41.843+0000][1][safepoint    ] Entering safepoint region: Cleanup
[2020-01-13T14:14:41.843+0000][1][safepoint    ] Leaving safepoint region
[2020-01-13T14:14:41.843+0000][1][safepoint    ] Total time for which application threads were stopped: 0.0001754 seconds, Stopping threads took: 0.0000340 seconds
[2020-01-13T14:14:42.844+0000][1][safepoint    ] Application time: 1.0002817 seconds
[2020-01-13T14:14:42.844+0000][1][safepoint    ] Entering safepoint region: Cleanup
[2020-01-13T14:14:42.844+0000][1][safepoint    ] Leaving safepoint region
[2020-01-13T14:14:42.844+0000][1][safepoint    ] Total time for which application threads were stopped: 0.0001527 seconds, Stopping threads took: 0.0000365 seconds
[2020-01-13T14:14:43.844+0000][1][safepoint    ] Application time: 1.0001396 seconds
[2020-01-13T14:14:43.844+0000][1][safepoint    ] Entering safepoint region: Cleanup
[2020-01-13T14:14:43.844+0000][1][safepoint    ] Leaving safepoint region
[2020-01-13T14:14:43.844+0000][1][safepoint    ] Total time for which application threads were stopped: 0.0001423 seconds, Stopping threads took: 0.0000306 seconds
[2020-01-13T14:14:44.844+0000][1][safepoint    ] Application time: 1.0001505 seconds
[2020-01-13T14:14:44.845+0000][1][safepoint    ] Entering safepoint region: Cleanup
[2020-01-13T14:14:44.845+0000][1][safepoint    ] Leaving safepoint region
[2020-01-13T14:14:44.845+0000][1][safepoint    ] Total time for which application threads were stopped: 0.0001635 seconds, Stopping threads took: 0.0000578 seconds
[2020-01-13T14:14:45.846+0000][1][safepoint    ] Application time: 1.0000859 seconds
[2020-01-13T14:14:45.846+0000][1][safepoint    ] Entering safepoint region: Cleanup
[2020-01-13T14:14:45.846+0000][1][safepoint    ] Leaving safepoint region
[2020-01-13T14:14:45.846+0000][1][safepoint    ] Total time for which application threads were stopped: 0.0001284 seconds, Stopping threads took: 0.0000312 seconds
[2020-01-13T14:14:46.846+0000][1][safepoint    ] Application time: 1.0001380 seconds
[2020-01-13T14:14:46.846+0000][1][safepoint    ] Entering safepoint region: Cleanup
[2020-01-13T14:14:46.846+0000][1][safepoint    ] Leaving safepoint region
[2020-01-13T14:14:46.846+0000][1][safepoint    ] Total time for which application threads were stopped: 0.0001587 seconds, Stopping threads took: 0.0000633 seconds
[2020-01-13T14:14:47.846+0000][1][safepoint    ] Application time: 1.0001439 seconds
[2020-01-13T14:14:47.846+0000][1][safepoint    ] Entering safepoint region: Cleanup
[2020-01-13T14:14:47.846+0000][1][safepoint    ] Leaving safepoint region
[2020-01-13T14:14:47.846+0000][1][safepoint    ] Total time for which application threads were stopped: 0.0001420 seconds, Stopping threads took: 0.0000275 seconds
[2020-01-13T14:14:48.847+0000][1][safepoint    ] Application time: 1.0008455 seconds
[2020-01-13T14:14:48.847+0000][1][safepoint    ] Entering safepoint region: Cleanup
[2020-01-13T14:14:48.848+0000][1][safepoint    ] Leaving safepoint region
[2020-01-13T14:14:48.848+0000][1][safepoint    ] Total time for which application threads were stopped: 0.0001341 seconds, Stopping threads took: 0.0000274 seconds
[2020-01-13T14:14:49.848+0000][1][safepoint    ] Application time: 1.0001286 seconds
[2020-01-13T14:14:49.848+0000][1][safepoint    ] Entering safepoint region: Cleanup
[2020-01-13T14:14:49.848+0000][1][safepoint    ] Leaving safepoint region
[2020-01-13T14:14:49.848+0000][1][safepoint    ] Total time for which application threads were stopped: 0.0001904 seconds, Stopping threads took: 0.0000548 seconds
[2020-01-13T14:14:50.848+0000][1][safepoint    ] Application time: 1.0001132 seconds
[2020-01-13T14:14:50.848+0000][1][safepoint    ] Entering safepoint region: Cleanup
[2020-01-13T14:14:50.848+0000][1][safepoint    ] Leaving safepoint region
[2020-01-13T14:14:50.848+0000][1][safepoint    ] Total time for which application threads were stopped: 0.0001155 seconds, Stopping threads took: 0.0000236 seconds
[2020-01-13T14:14:51.849+0000][1][safepoint    ] Application time: 1.0001665 seconds
[2020-01-13T14:14:51.849+0000][1][safepoint    ] Entering safepoint region: Cleanup
[2020-01-13T14:14:51.849+0000][1][safepoint    ] Leaving safepoint region
[2020-01-13T14:14:51.849+0000][1][safepoint    ] Total time for which application threads were stopped: 0.0001220 seconds, Stopping threads took: 0.0000311 seconds
[2020-01-13T14:14:52.849+0000][1][safepoint    ] Application time: 1.0001879 seconds
[2020-01-13T14:14:52.849+0000][1][safepoint    ] Entering safepoint region: Cleanup
[2020-01-13T14:14:52.849+0000][1][safepoint    ] Leaving safepoint region
[2020-01-13T14:14:52.849+0000][1][safepoint    ] Total time for which application threads were stopped: 0.0001311 seconds, Stopping threads took: 0.0000340 seconds
[2020-01-13T14:14:53.849+0000][1][safepoint    ] Application time: 1.0001007 seconds
[2020-01-13T14:14:53.850+0000][1][safepoint    ] Entering safepoint region: Cleanup
[2020-01-13T14:14:53.850+0000][1][safepoint    ] Leaving safepoint region
[2020-01-13T14:14:53.850+0000][1][safepoint    ] Total time for which application threads were stopped: 0.0001706 seconds, Stopping threads took: 0.0000490 seconds
[2020-01-13T14:14:54.851+0000][1][safepoint    ] Application time: 1.0001647 seconds
[2020-01-13T14:14:54.851+0000][1][safepoint    ] Entering safepoint region: Cleanup
[2020-01-13T14:14:54.851+0000][1][safepoint    ] Leaving safepoint region
[2020-01-13T14:14:54.851+0000][1][safepoint    ] Total time for which application threads were stopped: 0.0001453 seconds, Stopping threads took: 0.0000306 seconds
[2020-01-13T14:14:55.851+0000][1][safepoint    ] Application time: 1.0000940 seconds
[2020-01-13T14:14:55.851+0000][1][safepoint    ] Entering safepoint region: Cleanup
[2020-01-13T14:14:55.851+0000][1][safepoint    ] Leaving safepoint region
[2020-01-13T14:14:55.851+0000][1][safepoint    ] Total time for which application threads were stopped: 0.0000992 seconds, Stopping threads took: 0.0000256 seconds
[2020-01-13T14:14:56.851+0000][1][safepoint    ] Application time: 1.0001656 seconds
[2020-01-13T14:14:56.851+0000][1][safepoint    ] Entering safepoint region: Cleanup
[2020-01-13T14:14:56.851+0000][1][safepoint    ] Leaving safepoint region
[2020-01-13T14:14:56.851+0000][1][safepoint    ] Total time for which application threads were stopped: 0.0001330 seconds, Stopping threads took: 0.0000344 seconds
[2020-01-13T14:14:57.852+0000][1][safepoint    ] Application time: 1.0001533 seconds
[2020-01-13T14:14:57.852+0000][1][safepoint    ] Entering safepoint region: Cleanup
[2020-01-13T14:14:57.852+0000][1][safepoint    ] Leaving safepoint region
[2020-01-13T14:14:57.852+0000][1][safepoint    ] Total time for which application threads were stopped: 0.0001571 seconds, Stopping threads took: 0.0000438 seconds
[2020-01-13T14:14:58.852+0000][1][safepoint    ] Application time: 1.0001561 seconds
[2020-01-13T14:14:58.853+0000][1][safepoint    ] Entering safepoint region: Cleanup
[2020-01-13T14:14:58.853+0000][1][safepoint    ] Leaving safepoint region
[2020-01-13T14:14:58.853+0000][1][safepoint    ] Total time for which application threads were stopped: 0.0001636 seconds, Stopping threads took: 0.0000553 seconds
[2020-01-13T14:14:59.853+0000][1][safepoint    ] Application time: 1.0001755 seconds
[2020-01-13T14:14:59.853+0000][1][safepoint    ] Entering safepoint region: Cleanup
[2020-01-13T14:14:59.854+0000][1][safepoint    ] Leaving safepoint region
[2020-01-13T14:14:59.854+0000][1][safepoint    ] Total time for which application threads were stopped: 0.0001066 seconds, Stopping threads took: 0.0000280 seconds
[2020-01-13T14:15:00.854+0000][1][safepoint    ] Application time: 1.0001095 seconds
[2020-01-13T14:15:00.854+0000][1][safepoint    ] Entering safepoint region: Cleanup
[2020-01-13T14:15:00.854+0000][1][safepoint    ] Leaving safepoint region
[2020-01-13T14:15:00.854+0000][1][safepoint    ] Total time for which application threads were stopped: 0.0001247 seconds, Stopping threads took: 0.0000286 seconds
[2020-01-13T14:15:01.854+0000][1][safepoint    ] Application time: 1.0001307 seconds
[2020-01-13T14:15:01.854+0000][1][safepoint    ] Entering safepoint region: Cleanup
[2020-01-13T14:15:01.854+0000][1][safepoint    ] Leaving safepoint region
[2020-01-13T14:15:01.854+0000][1][safepoint    ] Total time for which application threads were stopped: 0.0001471 seconds, Stopping threads took: 0.0000387 seconds
[2020-01-13T14:15:02.854+0000][1][safepoint    ] Application time: 1.0002038 seconds
[2020-01-13T14:15:02.855+0000][1][safepoint    ] Entering safepoint region: Cleanup
[2020-01-13T14:15:02.855+0000][1][safepoint    ] Leaving safepoint region
[2020-01-13T14:15:02.855+0000][1][safepoint    ] Total time for which application threads were stopped: 0.0001505 seconds, Stopping threads took: 0.0000322 seconds
[2020-01-13T14:15:03.855+0000][1][safepoint    ] Application time: 1.0001573 seconds
[2020-01-13T14:15:03.856+0000][1][safepoint    ] Entering safepoint region: Cleanup
[2020-01-13T14:15:03.856+0000][1][safepoint    ] Leaving safepoint region
[2020-01-13T14:15:03.856+0000][1][safepoint    ] Total time for which application threads were stopped: 0.0001424 seconds, Stopping threads took: 0.0000462 seconds
[2020-01-13T14:15:04.856+0000][1][safepoint    ] Application time: 1.0001570 seconds
[2020-01-13T14:15:04.856+0000][1][safepoint    ] Entering safepoint region: Cleanup
[2020-01-13T14:15:04.856+0000][1][safepoint    ] Leaving safepoint region
[2020-01-13T14:15:04.856+0000][1][safepoint    ] Total time for which application threads were stopped: 0.0001332 seconds, Stopping threads took: 0.0000347 seconds
[2020-01-13T14:15:05.856+0000][1][safepoint    ] Application time: 1.0001030 seconds
[2020-01-13T14:15:05.856+0000][1][safepoint    ] Entering safepoint region: Cleanup
[2020-01-13T14:15:05.856+0000][1][safepoint    ] Leaving safepoint region
[2020-01-13T14:15:05.856+0000][1][safepoint    ] Total time for which application threads were stopped: 0.0000979 seconds, Stopping threads took: 0.0000224 seconds
[2020-01-13T14:15:06.857+0000][1][safepoint    ] Application time: 1.0001845 seconds
[2020-01-13T14:15:06.857+0000][1][safepoint    ] Entering safepoint region: Cleanup
[2020-01-13T14:15:06.857+0000][1][safepoint    ] Leaving safepoint region
[2020-01-13T14:15:06.857+0000][1][safepoint    ] Total time for which application threads were stopped: 0.0001494 seconds, Stopping threads took: 0.0000372 seconds
[2020-01-13T14:15:07.857+0000][1][safepoint    ] Application time: 1.0001915 seconds
[2020-01-13T14:15:07.857+0000][1][safepoint    ] Entering safepoint region: Cleanup
[2020-01-13T14:15:07.857+0000][1][safepoint    ] Leaving safepoint region
[2020-01-13T14:15:07.857+0000][1][safepoint    ] Total time for which application threads were stopped: 0.0001571 seconds, Stopping threads took: 0.0000364 seconds
[2020-01-13T14:15:08.858+0000][1][safepoint    ] Application time: 1.0001975 seconds
[2020-01-13T14:15:08.859+0000][1][safepoint    ] Entering safepoint region: Cleanup
[2020-01-13T14:15:08.859+0000][1][safepoint    ] Leaving safepoint region
[2020-01-13T14:15:08.859+0000][1][safepoint    ] Total time for which application threads were stopped: 0.0001463 seconds, Stopping threads took: 0.0000523 seconds
[2020-01-13T14:15:09.859+0000][1][safepoint    ] Application time: 1.0001834 seconds
[2020-01-13T14:15:09.859+0000][1][safepoint    ] Entering safepoint region: Cleanup
[2020-01-13T14:15:09.859+0000][1][safepoint    ] Leaving safepoint region
[2020-01-13T14:15:09.859+0000][1][safepoint    ] Total time for which application threads were stopped: 0.0001549 seconds, Stopping threads took: 0.0000328 seconds
[2020-01-13T14:15:10.859+0000][1][safepoint    ] Application time: 1.0001165 seconds
[2020-01-13T14:15:10.859+0000][1][safepoint    ] Entering safepoint region: Cleanup
[2020-01-13T14:15:10.859+0000][1][safepoint    ] Leaving safepoint region
[2020-01-13T14:15:10.859+0000][1][safepoint    ] Total time for which application threads were stopped: 0.0001780 seconds, Stopping threads took: 0.0000317 seconds
[2020-01-13T14:15:11.860+0000][1][safepoint    ] Application time: 1.0001606 seconds
[2020-01-13T14:15:11.860+0000][1][safepoint    ] Entering safepoint region: Cleanup
[2020-01-13T14:15:11.860+0000][1][safepoint    ] Leaving safepoint region
[2020-01-13T14:15:11.860+0000][1][safepoint    ] Total time for which application threads were stopped: 0.0001403 seconds, Stopping threads took: 0.0000373 seconds
[2020-01-13T14:15:12.860+0000][1][safepoint    ] Application time: 1.0001578 seconds
[2020-01-13T14:15:12.860+0000][1][safepoint    ] Entering safepoint region: Cleanup
[2020-01-13T14:15:12.860+0000][1][safepoint    ] Leaving safepoint region
[2020-01-13T14:15:12.860+0000][1][safepoint    ] Total time for which application threads were stopped: 0.0001526 seconds, Stopping threads took: 0.0000356 seconds
[2020-01-13T14:15:13.860+0000][1][safepoint    ] Application time: 1.0001655 seconds
[2020-01-13T14:15:13.861+0000][1][safepoint    ] Entering safepoint region: Cleanup
[2020-01-13T14:15:13.862+0000][1][safepoint    ] Leaving safepoint region
[2020-01-13T14:15:13.862+0000][1][safepoint    ] Total time for which application threads were stopped: 0.0002355 seconds, Stopping threads took: 0.0001436 seconds
[2020-01-13T14:15:14.862+0000][1][safepoint    ] Application time: 1.0001619 seconds
[2020-01-13T14:15:14.862+0000][1][safepoint    ] Entering safepoint region: Cleanup
[2020-01-13T14:15:14.862+0000][1][safepoint    ] Leaving safepoint region
[2020-01-13T14:15:14.862+0000][1][safepoint    ] Total time for which application threads were stopped: 0.0001426 seconds, Stopping threads took: 0.0000359 seconds
[2020-01-13T14:15:15.862+0000][1][safepoint    ] Application time: 1.0001259 seconds
[2020-01-13T14:15:15.862+0000][1][safepoint    ] Entering safepoint region: Cleanup
[2020-01-13T14:15:15.862+0000][1][safepoint    ] Leaving safepoint region
[2020-01-13T14:15:15.862+0000][1][safepoint    ] Total time for which application threads were stopped: 0.0002052 seconds, Stopping threads took: 0.0000348 seconds
[2020-01-13T14:15:16.863+0000][1][safepoint    ] Application time: 1.0001611 seconds
[2020-01-13T14:15:16.863+0000][1][safepoint    ] Entering safepoint region: Cleanup
[2020-01-13T14:15:16.863+0000][1][safepoint    ] Leaving safepoint region
[2020-01-13T14:15:16.863+0000][1][safepoint    ] Total time for which application threads were stopped: 0.0001119 seconds, Stopping threads took: 0.0000305 seconds
[2020-01-13T14:15:17.863+0000][1][safepoint    ] Application time: 1.0001202 seconds
[2020-01-13T14:15:17.863+0000][1][safepoint    ] Entering safepoint region: Cleanup
[2020-01-13T14:15:17.863+0000][1][safepoint    ] Leaving safepoint region
[2020-01-13T14:15:17.863+0000][1][safepoint    ] Total time for which application threads were stopped: 0.0001083 seconds, Stopping threads took: 0.0000278 seconds
[2020-01-13T14:15:18.863+0000][1][safepoint    ] Application time: 1.0002109 seconds
[2020-01-13T14:15:18.863+0000][1][safepoint    ] Entering safepoint region: Cleanup
[2020-01-13T14:15:18.863+0000][1][safepoint    ] Leaving safepoint region
[2020-01-13T14:15:18.863+0000][1][safepoint    ] Total time for which application threads were stopped: 0.0001684 seconds, Stopping threads took: 0.0000564 seconds
[2020-01-13T14:15:19.864+0000][1][safepoint    ] Application time: 1.0001620 seconds
[2020-01-13T14:15:19.864+0000][1][safepoint    ] Entering safepoint region: Cleanup
[2020-01-13T14:15:19.864+0000][1][safepoint    ] Leaving safepoint region
[2020-01-13T14:15:19.864+0000][1][safepoint    ] Total time for which application threads were stopped: 0.0001328 seconds, Stopping threads took: 0.0000372 seconds
[2020-01-13T14:15:20.864+0000][1][safepoint    ] Application time: 1.0000993 seconds
[2020-01-13T14:15:20.864+0000][1][safepoint    ] Entering safepoint region: Cleanup
[2020-01-13T14:15:20.864+0000][1][safepoint    ] Leaving safepoint region
[2020-01-13T14:15:20.864+0000][1][safepoint    ] Total time for which application threads were stopped: 0.0001568 seconds, Stopping threads took: 0.0000299 seconds
[2020-01-13T14:15:21.864+0000][1][safepoint    ] Application time: 1.0001767 seconds
[2020-01-13T14:15:21.864+0000][1][safepoint    ] Entering safepoint region: Cleanup
[2020-01-13T14:15:21.865+0000][1][safepoint    ] Leaving safepoint region
[2020-01-13T14:15:21.865+0000][1][safepoint    ] Total time for which application threads were stopped: 0.0001491 seconds, Stopping threads took: 0.0000376 seconds
[2020-01-13T14:15:22.865+0000][1][safepoint    ] Application time: 1.0001738 seconds
[2020-01-13T14:15:22.865+0000][1][safepoint    ] Entering safepoint region: Cleanup
[2020-01-13T14:15:22.865+0000][1][safepoint    ] Leaving safepoint region
[2020-01-13T14:15:22.865+0000][1][safepoint    ] Total time for which application threads were stopped: 0.0001481 seconds, Stopping threads took: 0.0000375 seconds
[2020-01-13T14:15:23.865+0000][1][safepoint    ] Application time: 1.0001595 seconds
[2020-01-13T14:15:23.866+0000][1][safepoint    ] Entering safepoint region: Cleanup
[2020-01-13T14:15:23.866+0000][1][safepoint    ] Leaving safepoint region
[2020-01-13T14:15:23.866+0000][1][safepoint    ] Total time for which application threads were stopped: 0.0001538 seconds, Stopping threads took: 0.0000447 seconds
[2020-01-13T14:15:24.866+0000][1][safepoint    ] Application time: 1.0001779 seconds
[2020-01-13T14:15:24.867+0000][1][safepoint    ] Entering safepoint region: Cleanup
[2020-01-13T14:15:24.867+0000][1][safepoint    ] Leaving safepoint region
[2020-01-13T14:15:24.867+0000][1][safepoint    ] Total time for which application threads were stopped: 0.0001667 seconds, Stopping threads took: 0.0000330 seconds
[2020-01-13T14:15:25.867+0000][1][safepoint    ] Application time: 1.0001012 seconds
[2020-01-13T14:15:25.867+0000][1][safepoint    ] Entering safepoint region: Cleanup
[2020-01-13T14:15:25.867+0000][1][safepoint    ] Leaving safepoint region
[2020-01-13T14:15:25.867+0000][1][safepoint    ] Total time for which application threads were stopped: 0.0001108 seconds, Stopping threads took: 0.0000263 seconds
[2020-01-13T14:15:26.867+0000][1][safepoint    ] Application time: 1.0002409 seconds
[2020-01-13T14:15:26.867+0000][1][safepoint    ] Entering safepoint region: Cleanup
[2020-01-13T14:15:26.867+0000][1][safepoint    ] Leaving safepoint region
[2020-01-13T14:15:26.867+0000][1][safepoint    ] Total time for which application threads were stopped: 0.0001355 seconds, Stopping threads took: 0.0000556 seconds
[2020-01-13T14:15:27.868+0000][1][safepoint    ] Application time: 1.0001891 seconds
[2020-01-13T14:15:27.868+0000][1][safepoint    ] Entering safepoint region: Cleanup
[2020-01-13T14:15:27.868+0000][1][safepoint    ] Leaving safepoint region
[2020-01-13T14:15:27.868+0000][1][safepoint    ] Total time for which application threads were stopped: 0.0001435 seconds, Stopping threads took: 0.0000363 seconds
[2020-01-13T14:15:28.868+0000][1][safepoint    ] Application time: 1.0001622 seconds
[2020-01-13T14:15:28.869+0000][1][safepoint    ] Entering safepoint region: Cleanup
[2020-01-13T14:15:28.869+0000][1][safepoint    ] Leaving safepoint region
[2020-01-13T14:15:28.869+0000][1][safepoint    ] Total time for which application threads were stopped: 0.0002172 seconds, Stopping threads took: 0.0000660 seconds
[2020-01-13T14:15:29.870+0000][1][safepoint    ] Application time: 1.0001504 seconds
[2020-01-13T14:15:29.870+0000][1][safepoint    ] Entering safepoint region: Cleanup
[2020-01-13T14:15:29.870+0000][1][safepoint    ] Leaving safepoint region
[2020-01-13T14:15:29.870+0000][1][safepoint    ] Total time for which application threads were stopped: 0.0001230 seconds, Stopping threads took: 0.0000347 seconds
[2020-01-13T14:15:30.870+0000][1][safepoint    ] Application time: 1.0000946 seconds
[2020-01-13T14:15:30.870+0000][1][safepoint    ] Entering safepoint region: Cleanup
[2020-01-13T14:15:30.870+0000][1][safepoint    ] Leaving safepoint region
[2020-01-13T14:15:30.870+0000][1][safepoint    ] Total time for which application threads were stopped: 0.0001157 seconds, Stopping threads took: 0.0000313 seconds
[2020-01-13T14:15:31.870+0000][1][safepoint    ] Application time: 1.0001592 seconds
[2020-01-13T14:15:31.870+0000][1][safepoint    ] Entering safepoint region: Cleanup
[2020-01-13T14:15:31.870+0000][1][safepoint    ] Leaving safepoint region
[2020-01-13T14:15:31.870+0000][1][safepoint    ] Total time for which application threads were stopped: 0.0001340 seconds, Stopping threads took: 0.0000369 seconds
[2020-01-13T14:15:32.871+0000][1][safepoint    ] Application time: 1.0001479 seconds
[2020-01-13T14:15:32.871+0000][1][safepoint    ] Entering safepoint region: Cleanup
[2020-01-13T14:15:32.871+0000][1][safepoint    ] Leaving safepoint region
[2020-01-13T14:15:32.871+0000][1][safepoint    ] Total time for which application threads were stopped: 0.0002212 seconds, Stopping threads took: 0.0000291 seconds
[2020-01-13T14:15:33.871+0000][1][safepoint    ] Application time: 1.0001043 seconds
[2020-01-13T14:15:33.872+0000][1][safepoint    ] Entering safepoint region: Cleanup
[2020-01-13T14:15:33.872+0000][1][safepoint    ] Leaving safepoint region
[2020-01-13T14:15:33.872+0000][1][safepoint    ] Total time for which application threads were stopped: 0.0002495 seconds, Stopping threads took: 0.0000896 seconds
[2020-01-13T14:15:34.873+0000][1][safepoint    ] Application time: 1.0001744 seconds
[2020-01-13T14:15:34.873+0000][1][safepoint    ] Entering safepoint region: Cleanup
[2020-01-13T14:15:34.873+0000][1][safepoint    ] Leaving safepoint region
[2020-01-13T14:15:34.873+0000][1][safepoint    ] Total time for which application threads were stopped: 0.0002457 seconds, Stopping threads took: 0.0000352 seconds
[2020-01-13T14:15:35.873+0000][1][safepoint    ] Application time: 1.0001173 seconds
[2020-01-13T14:15:35.873+0000][1][safepoint    ] Entering safepoint region: Cleanup
[2020-01-13T14:15:35.873+0000][1][safepoint    ] Leaving safepoint region
[2020-01-13T14:15:35.873+0000][1][safepoint    ] Total time for which application threads were stopped: 0.0001142 seconds, Stopping threads took: 0.0000285 seconds
[2020-01-13T14:15:36.873+0000][1][safepoint    ] Application time: 1.0001631 seconds
[2020-01-13T14:15:36.873+0000][1][safepoint    ] Entering safepoint region: Cleanup
[2020-01-13T14:15:36.874+0000][1][safepoint    ] Leaving safepoint region
[2020-01-13T14:15:36.874+0000][1][safepoint    ] Total time for which application threads were stopped: 0.0001100 seconds, Stopping threads took: 0.0000281 seconds
[2020-01-13T14:15:37.874+0000][1][safepoint    ] Application time: 1.0002973 seconds
[2020-01-13T14:15:37.874+0000][1][safepoint    ] Entering safepoint region: Cleanup
[2020-01-13T14:15:37.874+0000][1][safepoint    ] Leaving safepoint region
[2020-01-13T14:15:37.874+0000][1][safepoint    ] Total time for which application threads were stopped: 0.0001123 seconds, Stopping threads took: 0.0000291 seconds
[2020-01-13T14:15:38.874+0000][1][safepoint    ] Application time: 1.0001486 seconds
[2020-01-13T14:15:38.875+0000][1][safepoint    ] Entering safepoint region: Cleanup
[2020-01-13T14:15:38.875+0000][1][safepoint    ] Leaving safepoint region
[2020-01-13T14:15:38.875+0000][1][safepoint    ] Total time for which application threads were stopped: 0.0001455 seconds, Stopping threads took: 0.0000451 seconds
[2020-01-13T14:15:39.875+0000][1][safepoint    ] Application time: 1.0001634 seconds
[2020-01-13T14:15:39.876+0000][1][safepoint    ] Entering safepoint region: Cleanup
[2020-01-13T14:15:39.876+0000][1][safepoint    ] Leaving safepoint region
[2020-01-13T14:15:39.876+0000][1][safepoint    ] Total time for which application threads were stopped: 0.0002274 seconds, Stopping threads took: 0.0000432 seconds
[2020-01-13T14:15:40.876+0000][1][safepoint    ] Application time: 1.0001113 seconds
[2020-01-13T14:15:40.876+0000][1][safepoint    ] Entering safepoint region: Cleanup
[2020-01-13T14:15:40.876+0000][1][safepoint    ] Leaving safepoint region
[2020-01-13T14:15:40.876+0000][1][safepoint    ] Total time for which application threads were stopped: 0.0001626 seconds, Stopping threads took: 0.0000553 seconds
[2020-01-13T14:15:41.876+0000][1][safepoint    ] Application time: 1.0001563 seconds
[2020-01-13T14:15:41.876+0000][1][safepoint    ] Entering safepoint region: Cleanup
[2020-01-13T14:15:41.877+0000][1][safepoint    ] Leaving safepoint region
[2020-01-13T14:15:41.877+0000][1][safepoint    ] Total time for which application threads were stopped: 0.0001708 seconds, Stopping threads took: 0.0000298 seconds
[2020-01-13T14:15:42.877+0000][1][safepoint    ] Application time: 1.0001804 seconds
[2020-01-13T14:15:42.877+0000][1][safepoint    ] Entering safepoint region: Cleanup
[2020-01-13T14:15:42.877+0000][1][safepoint    ] Leaving safepoint region
[2020-01-13T14:15:42.877+0000][1][safepoint    ] Total time for which application threads were stopped: 0.0001318 seconds, Stopping threads took: 0.0000305 seconds
[2020-01-13T14:15:43.877+0000][1][safepoint    ] Application time: 1.0001629 seconds
[2020-01-13T14:15:43.878+0000][1][safepoint    ] Entering safepoint region: Cleanup
[2020-01-13T14:15:43.878+0000][1][safepoint    ] Leaving safepoint region
[2020-01-13T14:15:43.878+0000][1][safepoint    ] Total time for which application threads were stopped: 0.0001389 seconds, Stopping threads took: 0.0000434 seconds
[2020-01-13T14:15:44.878+0000][1][safepoint    ] Application time: 1.0001497 seconds
[2020-01-13T14:15:44.878+0000][1][safepoint    ] Entering safepoint region: Cleanup
[2020-01-13T14:15:44.878+0000][1][safepoint    ] Leaving safepoint region
[2020-01-13T14:15:44.878+0000][1][safepoint    ] Total time for which application threads were stopped: 0.0001488 seconds, Stopping threads took: 0.0000467 seconds
[2020-01-13T14:15:45.879+0000][1][safepoint    ] Application time: 1.0001067 seconds
[2020-01-13T14:15:45.879+0000][1][safepoint    ] Entering safepoint region: Cleanup
[2020-01-13T14:15:45.879+0000][1][safepoint    ] Leaving safepoint region
[2020-01-13T14:15:45.879+0000][1][safepoint    ] Total time for which application threads were stopped: 0.0001200 seconds, Stopping threads took: 0.0000291 seconds
[2020-01-13T14:15:46.879+0000][1][safepoint    ] Application time: 1.0001445 seconds
[2020-01-13T14:15:46.879+0000][1][safepoint    ] Entering safepoint region: Cleanup
[2020-01-13T14:15:46.879+0000][1][safepoint    ] Leaving safepoint region
[2020-01-13T14:15:46.879+0000][1][safepoint    ] Total time for which application threads were stopped: 0.0001305 seconds, Stopping threads took: 0.0000405 seconds
[2020-01-13T14:15:47.879+0000][1][safepoint    ] Application time: 1.0001328 seconds
[2020-01-13T14:15:47.879+0000][1][safepoint    ] Entering safepoint region: Cleanup
[2020-01-13T14:15:47.880+0000][1][safepoint    ] Leaving safepoint region
[2020-01-13T14:15:47.880+0000][1][safepoint    ] Total time for which application threads were stopped: 0.0001712 seconds, Stopping threads took: 0.0000292 seconds
[2020-01-13T14:15:48.880+0000][1][safepoint    ] Application time: 1.0001529 seconds
[2020-01-13T14:15:48.880+0000][1][safepoint    ] Entering safepoint region: Cleanup
[2020-01-13T14:15:48.880+0000][1][safepoint    ] Leaving safepoint region
[2020-01-13T14:15:48.880+0000][1][safepoint    ] Total time for which application threads were stopped: 0.0001293 seconds, Stopping threads took: 0.0000295 seconds
[2020-01-13T14:15:49.880+0000][1][safepoint    ] Application time: 1.0001524 seconds
[2020-01-13T14:15:49.880+0000][1][safepoint    ] Entering safepoint region: Cleanup
[2020-01-13T14:15:49.880+0000][1][safepoint    ] Leaving safepoint region
[2020-01-13T14:15:49.880+0000][1][safepoint    ] Total time for which application threads were stopped: 0.0001349 seconds, Stopping threads took: 0.0000329 seconds
[2020-01-13T14:15:50.880+0000][1][safepoint    ] Application time: 1.0001026 seconds
[2020-01-13T14:15:50.880+0000][1][safepoint    ] Entering safepoint region: Cleanup
[2020-01-13T14:15:50.881+0000][1][safepoint    ] Leaving safepoint region
[2020-01-13T14:15:50.881+0000][1][safepoint    ] Total time for which application threads were stopped: 0.0001201 seconds, Stopping threads took: 0.0000324 seconds
[2020-01-13T14:15:51.881+0000][1][safepoint    ] Application time: 1.0001088 seconds
[2020-01-13T14:15:51.881+0000][1][safepoint    ] Entering safepoint region: Cleanup
[2020-01-13T14:15:51.881+0000][1][safepoint    ] Leaving safepoint region
[2020-01-13T14:15:51.881+0000][1][safepoint    ] Total time for which application threads were stopped: 0.0001103 seconds, Stopping threads took: 0.0000294 seconds
[2020-01-13T14:15:52.881+0000][1][safepoint    ] Application time: 1.0001096 seconds
[2020-01-13T14:15:52.881+0000][1][safepoint    ] Entering safepoint region: Cleanup
[2020-01-13T14:15:52.881+0000][1][safepoint    ] Leaving safepoint region
[2020-01-13T14:15:52.881+0000][1][safepoint    ] Total time for which application threads were stopped: 0.0001539 seconds, Stopping threads took: 0.0000359 seconds
[2020-01-13T14:15:53.881+0000][1][safepoint    ] Application time: 1.0001895 seconds
[2020-01-13T14:15:53.883+0000][1][safepoint    ] Entering safepoint region: Cleanup
[2020-01-13T14:15:53.883+0000][1][safepoint    ] Leaving safepoint region
[2020-01-13T14:15:53.883+0000][1][safepoint    ] Total time for which application threads were stopped: 0.0001820 seconds, Stopping threads took: 0.0000787 seconds
[2020-01-13T14:15:54.883+0000][1][safepoint    ] Application time: 1.0001318 seconds
[2020-01-13T14:15:54.883+0000][1][safepoint    ] Entering safepoint region: Cleanup
[2020-01-13T14:15:54.883+0000][1][safepoint    ] Leaving safepoint region
[2020-01-13T14:15:54.883+0000][1][safepoint    ] Total time for which application threads were stopped: 0.0001183 seconds, Stopping threads took: 0.0000279 seconds
[2020-01-13T14:15:55.883+0000][1][safepoint    ] Application time: 1.0000939 seconds
[2020-01-13T14:15:55.883+0000][1][safepoint    ] Entering safepoint region: Cleanup
[2020-01-13T14:15:55.883+0000][1][safepoint    ] Leaving safepoint region
[2020-01-13T14:15:55.883+0000][1][safepoint    ] Total time for which application threads were stopped: 0.0001135 seconds, Stopping threads took: 0.0000245 seconds
[2020-01-13T14:15:56.883+0000][1][safepoint    ] Application time: 1.0001472 seconds
[2020-01-13T14:15:56.884+0000][1][safepoint    ] Entering safepoint region: Cleanup
[2020-01-13T14:15:56.884+0000][1][safepoint    ] Leaving safepoint region
[2020-01-13T14:15:56.884+0000][1][safepoint    ] Total time for which application threads were stopped: 0.0001429 seconds, Stopping threads took: 0.0000572 seconds
[2020-01-13T14:15:57.884+0000][1][safepoint    ] Application time: 1.0001504 seconds
[2020-01-13T14:15:57.884+0000][1][safepoint    ] Entering safepoint region: Cleanup
[2020-01-13T14:15:57.884+0000][1][safepoint    ] Leaving safepoint region
[2020-01-13T14:15:57.884+0000][1][safepoint    ] Total time for which application threads were stopped: 0.0001377 seconds, Stopping threads took: 0.0000355 seconds
[2020-01-13T14:15:58.884+0000][1][safepoint    ] Application time: 1.0001569 seconds
[2020-01-13T14:15:58.885+0000][1][safepoint    ] Entering safepoint region: Cleanup
[2020-01-13T14:15:58.885+0000][1][safepoint    ] Leaving safepoint region
[2020-01-13T14:15:58.885+0000][1][safepoint    ] Total time for which application threads were stopped: 0.0001772 seconds, Stopping threads took: 0.0000974 seconds
[2020-01-13T14:15:59.885+0000][1][safepoint    ] Application time: 1.0001439 seconds
[2020-01-13T14:15:59.886+0000][1][safepoint    ] Entering safepoint region: Cleanup
[2020-01-13T14:15:59.886+0000][1][safepoint    ] Leaving safepoint region
[2020-01-13T14:15:59.886+0000][1][safepoint    ] Total time for which application threads were stopped: 0.0001100 seconds, Stopping threads took: 0.0000292 seconds
[2020-01-13T14:16:00.886+0000][1][safepoint    ] Application time: 1.0000962 seconds
[2020-01-13T14:16:00.886+0000][1][safepoint    ] Entering safepoint region: Cleanup
[2020-01-13T14:16:00.886+0000][1][safepoint    ] Leaving safepoint region
[2020-01-13T14:16:00.886+0000][1][safepoint    ] Total time for which application threads were stopped: 0.0001049 seconds, Stopping threads took: 0.0000262 seconds
[2020-01-13T14:16:01.886+0000][1][safepoint    ] Application time: 1.0001363 seconds
[2020-01-13T14:16:01.886+0000][1][safepoint    ] Entering safepoint region: Cleanup
[2020-01-13T14:16:01.886+0000][1][safepoint    ] Leaving safepoint region
[2020-01-13T14:16:01.886+0000][1][safepoint    ] Total time for which application threads were stopped: 0.0001080 seconds, Stopping threads took: 0.0000281 seconds
[2020-01-13T14:16:02.886+0000][1][safepoint    ] Application time: 1.0001450 seconds
[2020-01-13T14:16:02.886+0000][1][safepoint    ] Entering safepoint region: Cleanup
[2020-01-13T14:16:02.887+0000][1][safepoint    ] Leaving safepoint region
[2020-01-13T14:16:02.887+0000][1][safepoint    ] Total time for which application threads were stopped: 0.0001319 seconds, Stopping threads took: 0.0000403 seconds
[2020-01-13T14:16:03.887+0000][1][safepoint    ] Application time: 1.0001105 seconds
[2020-01-13T14:16:03.888+0000][1][safepoint    ] Entering safepoint region: Cleanup
[2020-01-13T14:16:03.888+0000][1][safepoint    ] Leaving safepoint region
[2020-01-13T14:16:03.888+0000][1][safepoint    ] Total time for which application threads were stopped: 0.0001704 seconds, Stopping threads took: 0.0000446 seconds
[2020-01-13T14:16:04.888+0000][1][safepoint    ] Application time: 1.0001462 seconds
[2020-01-13T14:16:04.888+0000][1][safepoint    ] Entering safepoint region: Cleanup
[2020-01-13T14:16:04.888+0000][1][safepoint    ] Leaving safepoint region
[2020-01-13T14:16:04.888+0000][1][safepoint    ] Total time for which application threads were stopped: 0.0001298 seconds, Stopping threads took: 0.0000277 seconds
[2020-01-13T14:16:05.888+0000][1][safepoint    ] Application time: 1.0000977 seconds
[2020-01-13T14:16:05.889+0000][1][safepoint    ] Entering safepoint region: Cleanup
[2020-01-13T14:16:05.889+0000][1][safepoint    ] Leaving safepoint region
[2020-01-13T14:16:05.889+0000][1][safepoint    ] Total time for which application threads were stopped: 0.0001081 seconds, Stopping threads took: 0.0000248 seconds
[2020-01-13T14:16:06.889+0000][1][safepoint    ] Application time: 1.0001224 seconds
[2020-01-13T14:16:06.889+0000][1][safepoint    ] Entering safepoint region: Cleanup
[2020-01-13T14:16:06.889+0000][1][safepoint    ] Leaving safepoint region
[2020-01-13T14:16:06.889+0000][1][safepoint    ] Total time for which application threads were stopped: 0.0001470 seconds, Stopping threads took: 0.0000431 seconds
[2020-01-13T14:16:07.889+0000][1][safepoint    ] Application time: 1.0001421 seconds
[2020-01-13T14:16:07.889+0000][1][safepoint    ] Entering safepoint region: Cleanup
[2020-01-13T14:16:07.889+0000][1][safepoint    ] Leaving safepoint region
[2020-01-13T14:16:07.889+0000][1][safepoint    ] Total time for which application threads were stopped: 0.0001237 seconds, Stopping threads took: 0.0000293 seconds
[2020-01-13T14:16:08.889+0000][1][safepoint    ] Application time: 1.0001174 seconds
[2020-01-13T14:16:08.890+0000][1][safepoint    ] Entering safepoint region: Cleanup
[2020-01-13T14:16:08.890+0000][1][safepoint    ] Leaving safepoint region
[2020-01-13T14:16:08.890+0000][1][safepoint    ] Total time for which application threads were stopped: 0.0001460 seconds, Stopping threads took: 0.0000558 seconds
[2020-01-13T14:16:09.891+0000][1][safepoint    ] Application time: 1.0001415 seconds
[2020-01-13T14:16:09.891+0000][1][safepoint    ] Entering safepoint region: Cleanup
[2020-01-13T14:16:09.891+0000][1][safepoint    ] Leaving safepoint region
[2020-01-13T14:16:09.891+0000][1][safepoint    ] Total time for which application threads were stopped: 0.0001320 seconds, Stopping threads took: 0.0000342 seconds
[2020-01-13T14:16:10.891+0000][1][safepoint    ] Application time: 1.0001606 seconds
[2020-01-13T14:16:10.891+0000][1][safepoint    ] Entering safepoint region: Cleanup
[2020-01-13T14:16:10.891+0000][1][safepoint    ] Leaving safepoint region
[2020-01-13T14:16:10.891+0000][1][safepoint    ] Total time for which application threads were stopped: 0.0001648 seconds, Stopping threads took: 0.0000511 seconds
[2020-01-13T14:16:11.891+0000][1][safepoint    ] Application time: 1.0001819 seconds
[2020-01-13T14:16:11.891+0000][1][safepoint    ] Entering safepoint region: Cleanup
[2020-01-13T14:16:11.892+0000][1][safepoint    ] Leaving safepoint region
[2020-01-13T14:16:11.892+0000][1][safepoint    ] Total time for which application threads were stopped: 0.0001158 seconds, Stopping threads took: 0.0000319 seconds
[2020-01-13T14:16:12.892+0000][1][safepoint    ] Application time: 1.0001397 seconds
[2020-01-13T14:16:12.892+0000][1][safepoint    ] Entering safepoint region: Cleanup
[2020-01-13T14:16:12.892+0000][1][safepoint    ] Leaving safepoint region
[2020-01-13T14:16:12.892+0000][1][safepoint    ] Total time for which application threads were stopped: 0.0001876 seconds, Stopping threads took: 0.0000892 seconds
[2020-01-13T14:16:13.892+0000][1][safepoint    ] Application time: 1.0001571 seconds
[2020-01-13T14:16:13.893+0000][1][safepoint    ] Entering safepoint region: Cleanup
[2020-01-13T14:16:13.893+0000][1][safepoint    ] Leaving safepoint region
[2020-01-13T14:16:13.893+0000][1][safepoint    ] Total time for which application threads were stopped: 0.0001561 seconds, Stopping threads took: 0.0000571 seconds
[2020-01-13T14:16:14.893+0000][1][safepoint    ] Application time: 1.0001393 seconds
[2020-01-13T14:16:14.894+0000][1][safepoint    ] Entering safepoint region: Cleanup
[2020-01-13T14:16:14.894+0000][1][safepoint    ] Leaving safepoint region
[2020-01-13T14:16:14.894+0000][1][safepoint    ] Total time for which application threads were stopped: 0.0001449 seconds, Stopping threads took: 0.0000291 seconds
[2020-01-13T14:16:15.893+0000][1][safepoint    ] Application time: 0.9994330 seconds
[2020-01-13T14:16:15.893+0000][1][safepoint    ] Entering safepoint region: GenCollectForAllocation
[2020-01-13T14:16:15.893+0000][1][gc,start     ] GC(24) Pause Young (Allocation Failure)
[2020-01-13T14:16:15.893+0000][1][gc,task      ] GC(24) Using 1 workers of 1 for evacuation
[2020-01-13T14:16:15.907+0000][1][gc,age       ] GC(24) Desired survivor size 4358144 bytes, new threshold 6 (max threshold 6)
[2020-01-13T14:16:15.907+0000][1][gc,age       ] GC(24) Age table with threshold 6 (max threshold 6)
[2020-01-13T14:16:15.907+0000][1][gc,age       ] GC(24) - age   1:      16032 bytes,      16032 total
[2020-01-13T14:16:15.907+0000][1][gc,age       ] GC(24) - age   2:     207832 bytes,     223864 total
[2020-01-13T14:16:15.907+0000][1][gc,age       ] GC(24) - age   3:    2712272 bytes,    2936136 total
[2020-01-13T14:16:15.907+0000][1][gc,heap      ] GC(24) ParNew: 73600K->4864K(76672K)
[2020-01-13T14:16:15.907+0000][1][gc,heap      ] GC(24) CMS: 65605K->65605K(176960K)
[2020-01-13T14:16:15.907+0000][1][gc,metaspace ] GC(24) Metaspace: 67271K->67271K(1110016K)
[2020-01-13T14:16:15.907+0000][1][gc           ] GC(24) Pause Young (Allocation Failure) 135M->68M(247M) 13.374ms
[2020-01-13T14:16:15.907+0000][1][gc,cpu       ] GC(24) User=0.01s Sys=0.01s Real=0.01s
[2020-01-13T14:16:15.907+0000][1][safepoint    ] Leaving safepoint region
[2020-01-13T14:16:15.907+0000][1][safepoint    ] Total time for which application threads were stopped: 0.0136018 seconds, Stopping threads took: 0.0000326 seconds
[2020-01-13T14:16:16.910+0000][1][safepoint    ] Application time: 1.0030271 seconds
[2020-01-13T14:16:16.910+0000][1][safepoint    ] Entering safepoint region: Cleanup
[2020-01-13T14:16:16.910+0000][1][safepoint    ] Leaving safepoint region
[2020-01-13T14:16:16.910+0000][1][safepoint    ] Total time for which application threads were stopped: 0.0001452 seconds, Stopping threads took: 0.0000394 seconds
[2020-01-13T14:16:17.910+0000][1][safepoint    ] Application time: 1.0001732 seconds
[2020-01-13T14:16:17.910+0000][1][safepoint    ] Entering safepoint region: Cleanup
[2020-01-13T14:16:17.910+0000][1][safepoint    ] Leaving safepoint region
[2020-01-13T14:16:17.910+0000][1][safepoint    ] Total time for which application threads were stopped: 0.0001667 seconds, Stopping threads took: 0.0000449 seconds
[2020-01-13T14:16:18.911+0000][1][safepoint    ] Application time: 1.0001654 seconds
[2020-01-13T14:16:18.911+0000][1][safepoint    ] Entering safepoint region: Cleanup
[2020-01-13T14:16:18.911+0000][1][safepoint    ] Leaving safepoint region
[2020-01-13T14:16:18.911+0000][1][safepoint    ] Total time for which application threads were stopped: 0.0001375 seconds, Stopping threads took: 0.0000431 seconds
[2020-01-13T14:16:19.911+0000][1][safepoint    ] Application time: 1.0001522 seconds
[2020-01-13T14:16:19.911+0000][1][safepoint    ] Entering safepoint region: Cleanup
[2020-01-13T14:16:19.911+0000][1][safepoint    ] Leaving safepoint region
[2020-01-13T14:16:19.911+0000][1][safepoint    ] Total time for which application threads were stopped: 0.0001134 seconds, Stopping threads took: 0.0000336 seconds
[2020-01-13T14:16:20.911+0000][1][safepoint    ] Application time: 1.0000862 seconds
[2020-01-13T14:16:20.911+0000][1][safepoint    ] Entering safepoint region: Cleanup
[2020-01-13T14:16:20.911+0000][1][safepoint    ] Leaving safepoint region
[2020-01-13T14:16:20.911+0000][1][safepoint    ] Total time for which application threads were stopped: 0.0001330 seconds, Stopping threads took: 0.0000477 seconds
[2020-01-13T14:16:21.912+0000][1][safepoint    ] Application time: 1.0001433 seconds
[2020-01-13T14:16:21.912+0000][1][safepoint    ] Entering safepoint region: Cleanup
[2020-01-13T14:16:21.912+0000][1][safepoint    ] Leaving safepoint region
[2020-01-13T14:16:21.912+0000][1][safepoint    ] Total time for which application threads were stopped: 0.0001159 seconds, Stopping threads took: 0.0000362 seconds
[2020-01-13T14:16:22.912+0000][1][safepoint    ] Application time: 1.0001536 seconds
[2020-01-13T14:16:22.912+0000][1][safepoint    ] Entering safepoint region: Cleanup
[2020-01-13T14:16:22.912+0000][1][safepoint    ] Leaving safepoint region
[2020-01-13T14:16:22.912+0000][1][safepoint    ] Total time for which application threads were stopped: 0.0001303 seconds, Stopping threads took: 0.0000320 seconds
[2020-01-13T14:16:23.912+0000][1][safepoint    ] Application time: 1.0001723 seconds
[2020-01-13T14:16:23.913+0000][1][safepoint    ] Entering safepoint region: Cleanup
[2020-01-13T14:16:23.913+0000][1][safepoint    ] Leaving safepoint region
[2020-01-13T14:16:23.913+0000][1][safepoint    ] Total time for which application threads were stopped: 0.0001546 seconds, Stopping threads took: 0.0000409 seconds
[2020-01-13T14:16:24.914+0000][1][safepoint    ] Application time: 1.0002161 seconds
[2020-01-13T14:16:24.914+0000][1][safepoint    ] Entering safepoint region: Cleanup
[2020-01-13T14:16:24.914+0000][1][safepoint    ] Leaving safepoint region
[2020-01-13T14:16:24.914+0000][1][safepoint    ] Total time for which application threads were stopped: 0.0001483 seconds, Stopping threads took: 0.0000317 seconds
[2020-01-13T14:16:25.914+0000][1][safepoint    ] Application time: 1.0000983 seconds
[2020-01-13T14:16:25.914+0000][1][safepoint    ] Entering safepoint region: Cleanup
[2020-01-13T14:16:25.914+0000][1][safepoint    ] Leaving safepoint region
[2020-01-13T14:16:25.914+0000][1][safepoint    ] Total time for which application threads were stopped: 0.0001510 seconds, Stopping threads took: 0.0000742 seconds
[2020-01-13T14:16:26.914+0000][1][safepoint    ] Application time: 1.0001590 seconds
[2020-01-13T14:16:26.914+0000][1][safepoint    ] Entering safepoint region: Cleanup
[2020-01-13T14:16:26.915+0000][1][safepoint    ] Leaving safepoint region
[2020-01-13T14:16:26.915+0000][1][safepoint    ] Total time for which application threads were stopped: 0.0001678 seconds, Stopping threads took: 0.0000648 seconds
[2020-01-13T14:16:27.915+0000][1][safepoint    ] Application time: 1.0001525 seconds
[2020-01-13T14:16:27.915+0000][1][safepoint    ] Entering safepoint region: Cleanup
[2020-01-13T14:16:27.915+0000][1][safepoint    ] Leaving safepoint region
[2020-01-13T14:16:27.915+0000][1][safepoint    ] Total time for which application threads were stopped: 0.0001174 seconds, Stopping threads took: 0.0000297 seconds
[2020-01-13T14:16:28.915+0000][1][safepoint    ] Application time: 1.0001531 seconds
[2020-01-13T14:16:28.916+0000][1][safepoint    ] Entering safepoint region: Cleanup
[2020-01-13T14:16:28.916+0000][1][safepoint    ] Leaving safepoint region
[2020-01-13T14:16:28.916+0000][1][safepoint    ] Total time for which application threads were stopped: 0.0002024 seconds, Stopping threads took: 0.0000713 seconds
[2020-01-13T14:16:29.917+0000][1][safepoint    ] Application time: 1.0001601 seconds
[2020-01-13T14:16:29.917+0000][1][safepoint    ] Entering safepoint region: Cleanup
[2020-01-13T14:16:29.917+0000][1][safepoint    ] Leaving safepoint region
[2020-01-13T14:16:29.917+0000][1][safepoint    ] Total time for which application threads were stopped: 0.0001691 seconds, Stopping threads took: 0.0000421 seconds
[2020-01-13T14:16:30.917+0000][1][safepoint    ] Application time: 1.0000946 seconds
[2020-01-13T14:16:30.917+0000][1][safepoint    ] Entering safepoint region: Cleanup
[2020-01-13T14:16:30.917+0000][1][safepoint    ] Leaving safepoint region
[2020-01-13T14:16:30.917+0000][1][safepoint    ] Total time for which application threads were stopped: 0.0004898 seconds, Stopping threads took: 0.0002627 seconds
[2020-01-13T14:16:31.918+0000][1][safepoint    ] Application time: 1.0001443 seconds
[2020-01-13T14:16:31.918+0000][1][safepoint    ] Entering safepoint region: Cleanup
[2020-01-13T14:16:31.918+0000][1][safepoint    ] Leaving safepoint region
[2020-01-13T14:16:31.918+0000][1][safepoint    ] Total time for which application threads were stopped: 0.0001616 seconds, Stopping threads took: 0.0000374 seconds
[2020-01-13T14:16:32.918+0000][1][safepoint    ] Application time: 1.0001652 seconds
[2020-01-13T14:16:32.918+0000][1][safepoint    ] Entering safepoint region: Cleanup
[2020-01-13T14:16:32.918+0000][1][safepoint    ] Leaving safepoint region
[2020-01-13T14:16:32.918+0000][1][safepoint    ] Total time for which application threads were stopped: 0.0001196 seconds, Stopping threads took: 0.0000299 seconds
[2020-01-13T14:16:33.919+0000][1][safepoint    ] Application time: 1.0001596 seconds
[2020-01-13T14:16:33.920+0000][1][safepoint    ] Entering safepoint region: Cleanup
[2020-01-13T14:16:33.920+0000][1][safepoint    ] Leaving safepoint region
[2020-01-13T14:16:33.920+0000][1][safepoint    ] Total time for which application threads were stopped: 0.0002152 seconds, Stopping threads took: 0.0000839 seconds
[2020-01-13T14:16:34.921+0000][1][safepoint    ] Application time: 1.0001370 seconds
[2020-01-13T14:16:34.921+0000][1][safepoint    ] Entering safepoint region: Cleanup
[2020-01-13T14:16:34.921+0000][1][safepoint    ] Leaving safepoint region
[2020-01-13T14:16:34.921+0000][1][safepoint    ] Total time for which application threads were stopped: 0.0001600 seconds, Stopping threads took: 0.0000340 seconds
[2020-01-13T14:16:35.921+0000][1][safepoint    ] Application time: 1.0000926 seconds
[2020-01-13T14:16:35.923+0000][1][safepoint    ] Entering safepoint region: Cleanup
[2020-01-13T14:16:35.923+0000][1][safepoint    ] Leaving safepoint region
[2020-01-13T14:16:35.923+0000][1][safepoint    ] Total time for which application threads were stopped: 0.0021897 seconds, Stopping threads took: 0.0020617 seconds
[2020-01-13T14:16:36.923+0000][1][safepoint    ] Application time: 1.0001929 seconds
[2020-01-13T14:16:36.923+0000][1][safepoint    ] Entering safepoint region: Cleanup
[2020-01-13T14:16:36.924+0000][1][safepoint    ] Leaving safepoint region
[2020-01-13T14:16:36.924+0000][1][safepoint    ] Total time for which application threads were stopped: 0.0001175 seconds, Stopping threads took: 0.0000366 seconds
[2020-01-13T14:16:37.924+0000][1][safepoint    ] Application time: 1.0001432 seconds
[2020-01-13T14:16:37.924+0000][1][safepoint    ] Entering safepoint region: Cleanup
[2020-01-13T14:16:37.924+0000][1][safepoint    ] Leaving safepoint region
[2020-01-13T14:16:37.924+0000][1][safepoint    ] Total time for which application threads were stopped: 0.0001674 seconds, Stopping threads took: 0.0000417 seconds
[2020-01-13T14:16:38.924+0000][1][safepoint    ] Application time: 1.0001424 seconds
[2020-01-13T14:16:38.925+0000][1][safepoint    ] Entering safepoint region: Cleanup
[2020-01-13T14:16:38.925+0000][1][safepoint    ] Leaving safepoint region
[2020-01-13T14:16:38.925+0000][1][safepoint    ] Total time for which application threads were stopped: 0.0001287 seconds, Stopping threads took: 0.0000355 seconds
[2020-01-13T14:16:39.925+0000][1][safepoint    ] Application time: 1.0001404 seconds
[2020-01-13T14:16:39.925+0000][1][safepoint    ] Entering safepoint region: Cleanup
[2020-01-13T14:16:39.925+0000][1][safepoint    ] Leaving safepoint region
[2020-01-13T14:16:39.925+0000][1][safepoint    ] Total time for which application threads were stopped: 0.0001878 seconds, Stopping threads took: 0.0000605 seconds
[2020-01-13T14:16:40.926+0000][1][safepoint    ] Application time: 1.0001589 seconds
[2020-01-13T14:16:40.926+0000][1][safepoint    ] Entering safepoint region: Cleanup
[2020-01-13T14:16:40.926+0000][1][safepoint    ] Leaving safepoint region
[2020-01-13T14:16:40.926+0000][1][safepoint    ] Total time for which application threads were stopped: 0.0001333 seconds, Stopping threads took: 0.0000366 seconds
[2020-01-13T14:16:41.926+0000][1][safepoint    ] Application time: 1.0001624 seconds
[2020-01-13T14:16:41.926+0000][1][safepoint    ] Entering safepoint region: Cleanup
[2020-01-13T14:16:41.926+0000][1][safepoint    ] Leaving safepoint region
[2020-01-13T14:16:41.926+0000][1][safepoint    ] Total time for which application threads were stopped: 0.0001086 seconds, Stopping threads took: 0.0000288 seconds
[2020-01-13T14:16:42.926+0000][1][safepoint    ] Application time: 1.0001554 seconds
[2020-01-13T14:16:42.926+0000][1][safepoint    ] Entering safepoint region: Cleanup
[2020-01-13T14:16:42.927+0000][1][safepoint    ] Leaving safepoint region
[2020-01-13T14:16:42.927+0000][1][safepoint    ] Total time for which application threads were stopped: 0.0001232 seconds, Stopping threads took: 0.0000320 seconds
[2020-01-13T14:16:43.927+0000][1][safepoint    ] Application time: 1.0001492 seconds
[2020-01-13T14:16:43.928+0000][1][safepoint    ] Entering safepoint region: Cleanup
[2020-01-13T14:16:43.928+0000][1][safepoint    ] Leaving safepoint region
[2020-01-13T14:16:43.928+0000][1][safepoint    ] Total time for which application threads were stopped: 0.0001484 seconds, Stopping threads took: 0.0000465 seconds
[2020-01-13T14:16:44.928+0000][1][safepoint    ] Application time: 1.0001607 seconds
[2020-01-13T14:16:44.928+0000][1][safepoint    ] Entering safepoint region: Cleanup
[2020-01-13T14:16:44.929+0000][1][safepoint    ] Leaving safepoint region
[2020-01-13T14:16:44.929+0000][1][safepoint    ] Total time for which application threads were stopped: 0.0001372 seconds, Stopping threads took: 0.0000362 seconds
[2020-01-13T14:16:45.929+0000][1][safepoint    ] Application time: 1.0000908 seconds
[2020-01-13T14:16:45.931+0000][1][safepoint    ] Entering safepoint region: Cleanup
[2020-01-13T14:16:45.931+0000][1][safepoint    ] Leaving safepoint region
[2020-01-13T14:16:45.931+0000][1][safepoint    ] Total time for which application threads were stopped: 0.0020475 seconds, Stopping threads took: 0.0019576 seconds
[2020-01-13T14:16:46.931+0000][1][safepoint    ] Application time: 1.0002181 seconds
[2020-01-13T14:16:46.931+0000][1][safepoint    ] Entering safepoint region: Cleanup
[2020-01-13T14:16:46.931+0000][1][safepoint    ] Leaving safepoint region
[2020-01-13T14:16:46.931+0000][1][safepoint    ] Total time for which application threads were stopped: 0.0001652 seconds, Stopping threads took: 0.0000386 seconds
[2020-01-13T14:16:47.931+0000][1][safepoint    ] Application time: 1.0001340 seconds
[2020-01-13T14:16:47.932+0000][1][safepoint    ] Entering safepoint region: Cleanup
[2020-01-13T14:16:47.932+0000][1][safepoint    ] Leaving safepoint region
[2020-01-13T14:16:47.932+0000][1][safepoint    ] Total time for which application threads were stopped: 0.0001443 seconds, Stopping threads took: 0.0000340 seconds
[2020-01-13T14:16:48.932+0000][1][safepoint    ] Application time: 1.0001495 seconds
[2020-01-13T14:16:48.932+0000][1][safepoint    ] Entering safepoint region: Cleanup
[2020-01-13T14:16:48.932+0000][1][safepoint    ] Leaving safepoint region
[2020-01-13T14:16:48.932+0000][1][safepoint    ] Total time for which application threads were stopped: 0.0001102 seconds, Stopping threads took: 0.0000294 seconds
[2020-01-13T14:16:49.932+0000][1][safepoint    ] Application time: 1.0001373 seconds
[2020-01-13T14:16:49.932+0000][1][safepoint    ] Entering safepoint region: Cleanup
[2020-01-13T14:16:49.932+0000][1][safepoint    ] Leaving safepoint region
[2020-01-13T14:16:49.932+0000][1][safepoint    ] Total time for which application threads were stopped: 0.0001441 seconds, Stopping threads took: 0.0000452 seconds
[2020-01-13T14:16:50.933+0000][1][safepoint    ] Application time: 1.0001663 seconds
[2020-01-13T14:16:50.933+0000][1][safepoint    ] Entering safepoint region: Cleanup
[2020-01-13T14:16:50.933+0000][1][safepoint    ] Leaving safepoint region
[2020-01-13T14:16:50.933+0000][1][safepoint    ] Total time for which application threads were stopped: 0.0002121 seconds, Stopping threads took: 0.0000424 seconds
[2020-01-13T14:16:51.933+0000][1][safepoint    ] Application time: 1.0001700 seconds
[2020-01-13T14:16:51.933+0000][1][safepoint    ] Entering safepoint region: Cleanup
[2020-01-13T14:16:51.933+0000][1][safepoint    ] Leaving safepoint region
[2020-01-13T14:16:51.933+0000][1][safepoint    ] Total time for which application threads were stopped: 0.0001383 seconds, Stopping threads took: 0.0000357 seconds
[2020-01-13T14:16:52.933+0000][1][safepoint    ] Application time: 1.0001525 seconds
[2020-01-13T14:16:52.934+0000][1][safepoint    ] Entering safepoint region: Cleanup
[2020-01-13T14:16:52.934+0000][1][safepoint    ] Leaving safepoint region
[2020-01-13T14:16:52.934+0000][1][safepoint    ] Total time for which application threads were stopped: 0.0001237 seconds, Stopping threads took: 0.0000295 seconds
[2020-01-13T14:16:57.934+0000][1][safepoint    ] Application time: 5.0007559 seconds
[2020-01-13T14:16:57.934+0000][1][safepoint    ] Entering safepoint region: Cleanup
[2020-01-13T14:16:57.935+0000][1][safepoint    ] Leaving safepoint region
[2020-01-13T14:16:57.935+0000][1][safepoint    ] Total time for which application threads were stopped: 0.0001321 seconds, Stopping threads took: 0.0000345 seconds
[2020-01-13T14:16:58.935+0000][1][safepoint    ] Application time: 1.0001573 seconds
[2020-01-13T14:16:58.935+0000][1][safepoint    ] Entering safepoint region: Cleanup
[2020-01-13T14:16:58.935+0000][1][safepoint    ] Leaving safepoint region
[2020-01-13T14:16:58.935+0000][1][safepoint    ] Total time for which application threads were stopped: 0.0001481 seconds, Stopping threads took: 0.0000397 seconds
[2020-01-13T14:16:59.935+0000][1][safepoint    ] Application time: 1.0001498 seconds
[2020-01-13T14:16:59.935+0000][1][safepoint    ] Entering safepoint region: Cleanup
[2020-01-13T14:16:59.935+0000][1][safepoint    ] Leaving safepoint region
[2020-01-13T14:16:59.935+0000][1][safepoint    ] Total time for which application threads were stopped: 0.0001470 seconds, Stopping threads took: 0.0000365 seconds
[2020-01-13T14:17:00.936+0000][1][safepoint    ] Application time: 1.0001377 seconds
[2020-01-13T14:17:00.936+0000][1][safepoint    ] Entering safepoint region: Cleanup
[2020-01-13T14:17:00.936+0000][1][safepoint    ] Leaving safepoint region
[2020-01-13T14:17:00.936+0000][1][safepoint    ] Total time for which application threads were stopped: 0.0001433 seconds, Stopping threads took: 0.0000354 seconds
[2020-01-13T14:17:01.936+0000][1][safepoint    ] Application time: 1.0001737 seconds
[2020-01-13T14:17:01.936+0000][1][safepoint    ] Entering safepoint region: Cleanup
[2020-01-13T14:17:01.936+0000][1][safepoint    ] Leaving safepoint region
[2020-01-13T14:17:01.936+0000][1][safepoint    ] Total time for which application threads were stopped: 0.0001651 seconds, Stopping threads took: 0.0000444 seconds
[2020-01-13T14:17:02.936+0000][1][safepoint    ] Application time: 1.0001443 seconds
[2020-01-13T14:17:02.936+0000][1][safepoint    ] Entering safepoint region: Cleanup
[2020-01-13T14:17:02.937+0000][1][safepoint    ] Leaving safepoint region
[2020-01-13T14:17:02.937+0000][1][safepoint    ] Total time for which application threads were stopped: 0.0001892 seconds, Stopping threads took: 0.0000295 seconds
[2020-01-13T14:17:03.937+0000][1][safepoint    ] Application time: 1.0001336 seconds
[2020-01-13T14:17:03.937+0000][1][safepoint    ] Entering safepoint region: Cleanup
[2020-01-13T14:17:03.937+0000][1][safepoint    ] Leaving safepoint region
[2020-01-13T14:17:03.937+0000][1][safepoint    ] Total time for which application threads were stopped: 0.0001466 seconds, Stopping threads took: 0.0000304 seconds
[2020-01-13T14:17:04.937+0000][1][safepoint    ] Application time: 1.0001223 seconds
[2020-01-13T14:17:04.938+0000][1][safepoint    ] Entering safepoint region: Cleanup
[2020-01-13T14:17:04.938+0000][1][safepoint    ] Leaving safepoint region
[2020-01-13T14:17:04.938+0000][1][safepoint    ] Total time for which application threads were stopped: 0.0001858 seconds, Stopping threads took: 0.0000774 seconds
[2020-01-13T14:17:05.939+0000][1][safepoint    ] Application time: 1.0001625 seconds
[2020-01-13T14:17:05.939+0000][1][safepoint    ] Entering safepoint region: Cleanup
[2020-01-13T14:17:05.939+0000][1][safepoint    ] Leaving safepoint region
[2020-01-13T14:17:05.939+0000][1][safepoint    ] Total time for which application threads were stopped: 0.0001161 seconds, Stopping threads took: 0.0000290 seconds
[2020-01-13T14:17:06.939+0000][1][safepoint    ] Application time: 1.0001474 seconds
[2020-01-13T14:17:06.939+0000][1][safepoint    ] Entering safepoint region: Cleanup
[2020-01-13T14:17:06.939+0000][1][safepoint    ] Leaving safepoint region
[2020-01-13T14:17:06.939+0000][1][safepoint    ] Total time for which application threads were stopped: 0.0001333 seconds, Stopping threads took: 0.0000402 seconds
[2020-01-13T14:17:07.939+0000][1][safepoint    ] Application time: 1.0001406 seconds
[2020-01-13T14:17:07.939+0000][1][safepoint    ] Entering safepoint region: Cleanup
[2020-01-13T14:17:07.939+0000][1][safepoint    ] Leaving safepoint region
[2020-01-13T14:17:07.939+0000][1][safepoint    ] Total time for which application threads were stopped: 0.0001714 seconds, Stopping threads took: 0.0000532 seconds
[2020-01-13T14:17:08.940+0000][1][safepoint    ] Application time: 1.0001655 seconds
[2020-01-13T14:17:08.940+0000][1][safepoint    ] Entering safepoint region: Cleanup
[2020-01-13T14:17:08.940+0000][1][safepoint    ] Leaving safepoint region
[2020-01-13T14:17:08.940+0000][1][safepoint    ] Total time for which application threads were stopped: 0.0001668 seconds, Stopping threads took: 0.0000415 seconds
[2020-01-13T14:17:09.940+0000][1][safepoint    ] Application time: 1.0001409 seconds
[2020-01-13T14:17:09.941+0000][1][safepoint    ] Entering safepoint region: Cleanup
[2020-01-13T14:17:09.941+0000][1][safepoint    ] Leaving safepoint region
[2020-01-13T14:17:09.941+0000][1][safepoint    ] Total time for which application threads were stopped: 0.0001502 seconds, Stopping threads took: 0.0000487 seconds
[2020-01-13T14:17:10.941+0000][1][safepoint    ] Application time: 1.0002631 seconds
[2020-01-13T14:17:10.942+0000][1][safepoint    ] Entering safepoint region: Cleanup
[2020-01-13T14:17:10.942+0000][1][safepoint    ] Leaving safepoint region
[2020-01-13T14:17:10.942+0000][1][safepoint    ] Total time for which application threads were stopped: 0.0001476 seconds, Stopping threads took: 0.0000444 seconds
[2020-01-13T14:17:11.942+0000][1][safepoint    ] Application time: 1.0001441 seconds
[2020-01-13T14:17:11.942+0000][1][safepoint    ] Entering safepoint region: Cleanup
[2020-01-13T14:17:11.942+0000][1][safepoint    ] Leaving safepoint region
[2020-01-13T14:17:11.942+0000][1][safepoint    ] Total time for which application threads were stopped: 0.0001272 seconds, Stopping threads took: 0.0000345 seconds
[2020-01-13T14:17:12.942+0000][1][safepoint    ] Application time: 1.0001517 seconds
[2020-01-13T14:17:12.942+0000][1][safepoint    ] Entering safepoint region: Cleanup
[2020-01-13T14:17:12.942+0000][1][safepoint    ] Leaving safepoint region
[2020-01-13T14:17:12.943+0000][1][safepoint    ] Total time for which application threads were stopped: 0.0001418 seconds, Stopping threads took: 0.0000311 seconds
[2020-01-13T14:17:13.943+0000][1][safepoint    ] Application time: 1.0001523 seconds
[2020-01-13T14:17:13.943+0000][1][safepoint    ] Entering safepoint region: Cleanup
[2020-01-13T14:17:13.943+0000][1][safepoint    ] Leaving safepoint region
[2020-01-13T14:17:13.943+0000][1][safepoint    ] Total time for which application threads were stopped: 0.0001508 seconds, Stopping threads took: 0.0000352 seconds
[2020-01-13T14:17:14.943+0000][1][safepoint    ] Application time: 1.0001458 seconds
[2020-01-13T14:17:14.944+0000][1][safepoint    ] Entering safepoint region: Cleanup
[2020-01-13T14:17:14.944+0000][1][safepoint    ] Leaving safepoint region
[2020-01-13T14:17:14.944+0000][1][safepoint    ] Total time for which application threads were stopped: 0.0001337 seconds, Stopping threads took: 0.0000501 seconds
[2020-01-13T14:17:15.944+0000][1][safepoint    ] Application time: 1.0001522 seconds
[2020-01-13T14:17:15.944+0000][1][safepoint    ] Entering safepoint region: Cleanup
[2020-01-13T14:17:15.945+0000][1][safepoint    ] Leaving safepoint region
[2020-01-13T14:17:15.945+0000][1][safepoint    ] Total time for which application threads were stopped: 0.0001201 seconds, Stopping threads took: 0.0000268 seconds
[2020-01-13T14:17:16.945+0000][1][safepoint    ] Application time: 1.0001305 seconds
[2020-01-13T14:17:16.945+0000][1][safepoint    ] Entering safepoint region: Cleanup
[2020-01-13T14:17:16.945+0000][1][safepoint    ] Leaving safepoint region
[2020-01-13T14:17:16.945+0000][1][safepoint    ] Total time for which application threads were stopped: 0.0001220 seconds, Stopping threads took: 0.0000278 seconds
[2020-01-13T14:17:17.945+0000][1][safepoint    ] Application time: 1.0001195 seconds
[2020-01-13T14:17:17.945+0000][1][safepoint    ] Entering safepoint region: Cleanup
[2020-01-13T14:17:17.945+0000][1][safepoint    ] Leaving safepoint region
[2020-01-13T14:17:17.945+0000][1][safepoint    ] Total time for which application threads were stopped: 0.0001395 seconds, Stopping threads took: 0.0000281 seconds
[2020-01-13T14:17:18.945+0000][1][safepoint    ] Application time: 1.0001455 seconds
[2020-01-13T14:17:18.945+0000][1][safepoint    ] Entering safepoint region: Cleanup
[2020-01-13T14:17:18.946+0000][1][safepoint    ] Leaving safepoint region
[2020-01-13T14:17:18.946+0000][1][safepoint    ] Total time for which application threads were stopped: 0.0001220 seconds, Stopping threads took: 0.0000307 seconds
