[2020-01-13T13:02:32.763+0000][1][gc] Using Concurrent Mark Sweep
[2020-01-13T13:02:32.763+0000][1][gc,heap,coops] Heap address: 0x00000000f0000000, size: 256 MB, Compressed Oops mode: 32-bit
[2020-01-13T13:02:32.850+0000][1][safepoint    ] Entering safepoint region: EnableBiasedLocking
[2020-01-13T13:02:32.850+0000][1][safepoint    ] Leaving safepoint region
[2020-01-13T13:02:32.850+0000][1][safepoint    ] Total time for which application threads were stopped: 0.0021534 seconds, Stopping threads took: 0.0020656 seconds
[2020-01-13T13:02:32.862+0000][1][safepoint    ] Application time: 0.0115813 seconds
[2020-01-13T13:02:32.862+0000][1][safepoint    ] Entering safepoint region: RevokeBias
[2020-01-13T13:02:32.862+0000][1][safepoint    ] Leaving safepoint region
[2020-01-13T13:02:32.862+0000][1][safepoint    ] Total time for which application threads were stopped: 0.0001821 seconds, Stopping threads took: 0.0000780 seconds
[2020-01-13T13:02:32.888+0000][1][safepoint    ] Application time: 0.0257065 seconds
[2020-01-13T13:02:32.889+0000][1][safepoint    ] Entering safepoint region: Deoptimize
[2020-01-13T13:02:32.889+0000][1][safepoint    ] Leaving safepoint region
[2020-01-13T13:02:32.889+0000][1][safepoint    ] Total time for which application threads were stopped: 0.0006324 seconds, Stopping threads took: 0.0005711 seconds
[2020-01-13T13:02:33.107+0000][1][safepoint    ] Application time: 0.2183478 seconds
[2020-01-13T13:02:33.107+0000][1][safepoint    ] Entering safepoint region: RevokeBias
[2020-01-13T13:02:33.107+0000][1][safepoint    ] Leaving safepoint region
[2020-01-13T13:02:33.107+0000][1][safepoint    ] Total time for which application threads were stopped: 0.0001095 seconds, Stopping threads took: 0.0000296 seconds
[2020-01-13T13:02:33.234+0000][1][safepoint    ] Application time: 0.1266981 seconds
[2020-01-13T13:02:33.234+0000][1][safepoint    ] Entering safepoint region: Deoptimize
[2020-01-13T13:02:33.234+0000][1][safepoint    ] Leaving safepoint region
[2020-01-13T13:02:33.234+0000][1][safepoint    ] Total time for which application threads were stopped: 0.0001377 seconds, Stopping threads took: 0.0000244 seconds
[2020-01-13T13:02:34.067+0000][1][safepoint    ] Application time: 0.8332983 seconds
[2020-01-13T13:02:34.068+0000][1][safepoint    ] Entering safepoint region: Deoptimize
[2020-01-13T13:02:34.068+0000][1][safepoint    ] Leaving safepoint region
[2020-01-13T13:02:34.068+0000][1][safepoint    ] Total time for which application threads were stopped: 0.0002714 seconds, Stopping threads took: 0.0000216 seconds
[2020-01-13T13:02:34.120+0000][1][safepoint    ] Application time: 0.0524020 seconds
[2020-01-13T13:02:34.120+0000][1][safepoint    ] Entering safepoint region: Deoptimize
[2020-01-13T13:02:34.120+0000][1][safepoint    ] Leaving safepoint region
[2020-01-13T13:02:34.120+0000][1][safepoint    ] Total time for which application threads were stopped: 0.0002221 seconds, Stopping threads took: 0.0000259 seconds
[2020-01-13T13:02:34.250+0000][1][safepoint    ] Application time: 0.1291662 seconds
[2020-01-13T13:02:34.250+0000][1][safepoint    ] Entering safepoint region: Deoptimize
[2020-01-13T13:02:34.250+0000][1][safepoint    ] Leaving safepoint region
[2020-01-13T13:02:34.250+0000][1][safepoint    ] Total time for which application threads were stopped: 0.0002434 seconds, Stopping threads took: 0.0000230 seconds
[2020-01-13T13:02:34.293+0000][1][safepoint    ] Application time: 0.0428171 seconds
[2020-01-13T13:02:34.293+0000][1][safepoint    ] Entering safepoint region: Deoptimize
[2020-01-13T13:02:34.293+0000][1][safepoint    ] Leaving safepoint region
[2020-01-13T13:02:34.293+0000][1][safepoint    ] Total time for which application threads were stopped: 0.0002322 seconds, Stopping threads took: 0.0000241 seconds
[2020-01-13T13:02:35.296+0000][1][safepoint    ] Application time: 1.0034135 seconds
[2020-01-13T13:02:35.297+0000][1][safepoint    ] Entering safepoint region: Cleanup
[2020-01-13T13:02:35.297+0000][1][safepoint    ] Leaving safepoint region
[2020-01-13T13:02:35.297+0000][1][safepoint    ] Total time for which application threads were stopped: 0.0001545 seconds, Stopping threads took: 0.0000145 seconds
[2020-01-13T13:02:35.425+0000][1][safepoint    ] Application time: 0.1279551 seconds
[2020-01-13T13:02:35.425+0000][1][safepoint    ] Entering safepoint region: Deoptimize
[2020-01-13T13:02:35.425+0000][1][safepoint    ] Leaving safepoint region
[2020-01-13T13:02:35.425+0000][1][safepoint    ] Total time for which application threads were stopped: 0.0002316 seconds, Stopping threads took: 0.0000208 seconds
[2020-01-13T13:02:36.212+0000][1][safepoint    ] Application time: 0.7870568 seconds
[2020-01-13T13:02:36.212+0000][1][safepoint    ] Entering safepoint region: Deoptimize
[2020-01-13T13:02:36.213+0000][1][safepoint    ] Leaving safepoint region
[2020-01-13T13:02:36.213+0000][1][safepoint    ] Total time for which application threads were stopped: 0.0006864 seconds, Stopping threads took: 0.0001565 seconds
[2020-01-13T13:02:36.485+0000][1][safepoint    ] Application time: 0.2723620 seconds
[2020-01-13T13:02:36.485+0000][1][safepoint    ] Entering safepoint region: Deoptimize
[2020-01-13T13:02:36.486+0000][1][safepoint    ] Leaving safepoint region
[2020-01-13T13:02:36.486+0000][1][safepoint    ] Total time for which application threads were stopped: 0.0004043 seconds, Stopping threads took: 0.0000300 seconds
[2020-01-13T13:02:36.492+0000][1][safepoint    ] Application time: 0.0059385 seconds
[2020-01-13T13:02:36.492+0000][1][safepoint    ] Entering safepoint region: Deoptimize
[2020-01-13T13:02:36.492+0000][1][safepoint    ] Leaving safepoint region
[2020-01-13T13:02:36.492+0000][1][safepoint    ] Total time for which application threads were stopped: 0.0003396 seconds, Stopping threads took: 0.0000207 seconds
[2020-01-13T13:02:36.571+0000][1][safepoint    ] Application time: 0.0786166 seconds
[2020-01-13T13:02:36.571+0000][1][safepoint    ] Entering safepoint region: Deoptimize
[2020-01-13T13:02:36.571+0000][1][safepoint    ] Leaving safepoint region
[2020-01-13T13:02:36.571+0000][1][safepoint    ] Total time for which application threads were stopped: 0.0004769 seconds, Stopping threads took: 0.0000275 seconds
[2020-01-13T13:02:36.604+0000][1][safepoint    ] Application time: 0.0324814 seconds
[2020-01-13T13:02:36.604+0000][1][safepoint    ] Entering safepoint region: RevokeBias
[2020-01-13T13:02:36.604+0000][1][safepoint    ] Leaving safepoint region
[2020-01-13T13:02:36.604+0000][1][safepoint    ] Total time for which application threads were stopped: 0.0001958 seconds, Stopping threads took: 0.0000582 seconds
[2020-01-13T13:02:36.607+0000][1][safepoint    ] Application time: 0.0026444 seconds
[2020-01-13T13:02:36.609+0000][1][safepoint    ] Entering safepoint region: RevokeBias
[2020-01-13T13:02:36.609+0000][1][safepoint    ] Leaving safepoint region
[2020-01-13T13:02:36.610+0000][1][safepoint    ] Total time for which application threads were stopped: 0.0029391 seconds, Stopping threads took: 0.0028461 seconds
[2020-01-13T13:02:36.610+0000][1][safepoint    ] Application time: 0.0000409 seconds
[2020-01-13T13:02:36.610+0000][1][safepoint    ] Entering safepoint region: RevokeBias
[2020-01-13T13:02:36.610+0000][1][safepoint    ] Leaving safepoint region
[2020-01-13T13:02:36.610+0000][1][safepoint    ] Total time for which application threads were stopped: 0.0000455 seconds, Stopping threads took: 0.0000054 seconds
[2020-01-13T13:02:36.610+0000][1][safepoint    ] Application time: 0.0000534 seconds
[2020-01-13T13:02:36.610+0000][1][safepoint    ] Entering safepoint region: RevokeBias
[2020-01-13T13:02:36.610+0000][1][safepoint    ] Leaving safepoint region
[2020-01-13T13:02:36.610+0000][1][safepoint    ] Total time for which application threads were stopped: 0.0000417 seconds, Stopping threads took: 0.0000050 seconds
[2020-01-13T13:02:36.610+0000][1][safepoint    ] Application time: 0.0001552 seconds
[2020-01-13T13:02:36.610+0000][1][safepoint    ] Entering safepoint region: RevokeBias
[2020-01-13T13:02:36.610+0000][1][safepoint    ] Leaving safepoint region
[2020-01-13T13:02:36.610+0000][1][safepoint    ] Total time for which application threads were stopped: 0.0000567 seconds, Stopping threads took: 0.0000055 seconds
[2020-01-13T13:02:36.610+0000][1][safepoint    ] Application time: 0.0003427 seconds
[2020-01-13T13:02:36.610+0000][1][safepoint    ] Entering safepoint region: RevokeBias
[2020-01-13T13:02:36.610+0000][1][safepoint    ] Leaving safepoint region
[2020-01-13T13:02:36.610+0000][1][safepoint    ] Total time for which application threads were stopped: 0.0000948 seconds, Stopping threads took: 0.0000306 seconds
[2020-01-13T13:02:36.626+0000][1][safepoint    ] Application time: 0.0160361 seconds
[2020-01-13T13:02:36.627+0000][1][safepoint    ] Entering safepoint region: Deoptimize
[2020-01-13T13:02:36.627+0000][1][safepoint    ] Leaving safepoint region
[2020-01-13T13:02:36.627+0000][1][safepoint    ] Total time for which application threads were stopped: 0.0004166 seconds, Stopping threads took: 0.0000312 seconds
[2020-01-13T13:02:37.627+0000][1][safepoint    ] Application time: 1.0003554 seconds
[2020-01-13T13:02:37.627+0000][1][safepoint    ] Entering safepoint region: Cleanup
[2020-01-13T13:02:37.627+0000][1][safepoint    ] Leaving safepoint region
[2020-01-13T13:02:37.627+0000][1][safepoint    ] Total time for which application threads were stopped: 0.0000792 seconds, Stopping threads took: 0.0000210 seconds
[2020-01-13T13:02:38.025+0000][1][safepoint    ] Application time: 0.3976532 seconds
[2020-01-13T13:02:38.025+0000][1][safepoint    ] Entering safepoint region: GenCollectForAllocation
[2020-01-13T13:02:38.025+0000][1][gc,start     ] GC(0) Pause Young (Allocation Failure)
[2020-01-13T13:02:38.025+0000][1][gc,task      ] GC(0) Using 1 workers of 1 for evacuation
[2020-01-13T13:02:38.045+0000][1][gc,age       ] GC(0) Desired survivor size 4358144 bytes, new threshold 1 (max threshold 6)
[2020-01-13T13:02:38.045+0000][1][gc,age       ] GC(0) Age table with threshold 1 (max threshold 6)
[2020-01-13T13:02:38.045+0000][1][gc,age       ] GC(0) - age   1:    6361184 bytes,    6361184 total
[2020-01-13T13:02:38.045+0000][1][gc,heap      ] GC(0) ParNew: 68160K->6240K(76672K)
[2020-01-13T13:02:38.045+0000][1][gc,heap      ] GC(0) CMS: 0K->0K(176960K)
[2020-01-13T13:02:38.045+0000][1][gc,metaspace ] GC(0) Metaspace: 12315K->12315K(1060864K)
[2020-01-13T13:02:38.045+0000][1][gc           ] GC(0) Pause Young (Allocation Failure) 66M->6M(247M) 19.794ms
[2020-01-13T13:02:38.045+0000][1][gc,cpu       ] GC(0) User=0.02s Sys=0.00s Real=0.02s
[2020-01-13T13:02:38.045+0000][1][safepoint    ] Leaving safepoint region
[2020-01-13T13:02:38.045+0000][1][safepoint    ] Total time for which application threads were stopped: 0.0199787 seconds, Stopping threads took: 0.0000303 seconds
[2020-01-13T13:02:38.057+0000][1][safepoint    ] Application time: 0.0122251 seconds
[2020-01-13T13:02:38.060+0000][1][safepoint    ] Entering safepoint region: RevokeBias
[2020-01-13T13:02:38.061+0000][1][safepoint    ] Leaving safepoint region
[2020-01-13T13:02:38.061+0000][1][safepoint    ] Total time for which application threads were stopped: 0.0032212 seconds, Stopping threads took: 0.0031275 seconds
[2020-01-13T13:02:38.061+0000][1][safepoint    ] Application time: 0.0001211 seconds
[2020-01-13T13:02:38.061+0000][1][safepoint    ] Entering safepoint region: RevokeBias
[2020-01-13T13:02:38.061+0000][1][safepoint    ] Leaving safepoint region
[2020-01-13T13:02:38.061+0000][1][safepoint    ] Total time for which application threads were stopped: 0.0000248 seconds, Stopping threads took: 0.0000058 seconds
[2020-01-13T13:02:38.061+0000][1][safepoint    ] Application time: 0.0000344 seconds
[2020-01-13T13:02:38.061+0000][1][safepoint    ] Entering safepoint region: RevokeBias
[2020-01-13T13:02:38.061+0000][1][safepoint    ] Leaving safepoint region
[2020-01-13T13:02:38.061+0000][1][safepoint    ] Total time for which application threads were stopped: 0.0000203 seconds, Stopping threads took: 0.0000044 seconds
[2020-01-13T13:02:38.061+0000][1][safepoint    ] Application time: 0.0000122 seconds
[2020-01-13T13:02:38.061+0000][1][safepoint    ] Entering safepoint region: RevokeBias
[2020-01-13T13:02:38.061+0000][1][safepoint    ] Leaving safepoint region
[2020-01-13T13:02:38.061+0000][1][safepoint    ] Total time for which application threads were stopped: 0.0000360 seconds, Stopping threads took: 0.0000199 seconds
[2020-01-13T13:02:38.061+0000][1][safepoint    ] Application time: 0.0000151 seconds
[2020-01-13T13:02:38.061+0000][1][safepoint    ] Entering safepoint region: RevokeBias
[2020-01-13T13:02:38.061+0000][1][safepoint    ] Leaving safepoint region
[2020-01-13T13:02:38.061+0000][1][safepoint    ] Total time for which application threads were stopped: 0.0000193 seconds, Stopping threads took: 0.0000040 seconds
[2020-01-13T13:02:38.061+0000][1][safepoint    ] Application time: 0.0000121 seconds
[2020-01-13T13:02:38.061+0000][1][safepoint    ] Entering safepoint region: RevokeBias
[2020-01-13T13:02:38.061+0000][1][safepoint    ] Leaving safepoint region
[2020-01-13T13:02:38.061+0000][1][safepoint    ] Total time for which application threads were stopped: 0.0000191 seconds, Stopping threads took: 0.0000039 seconds
[2020-01-13T13:02:38.061+0000][1][safepoint    ] Application time: 0.0000151 seconds
[2020-01-13T13:02:38.061+0000][1][safepoint    ] Entering safepoint region: RevokeBias
[2020-01-13T13:02:38.061+0000][1][safepoint    ] Leaving safepoint region
[2020-01-13T13:02:38.061+0000][1][safepoint    ] Total time for which application threads were stopped: 0.0000191 seconds, Stopping threads took: 0.0000039 seconds
[2020-01-13T13:02:38.061+0000][1][safepoint    ] Application time: 0.0000116 seconds
[2020-01-13T13:02:38.061+0000][1][safepoint    ] Entering safepoint region: RevokeBias
[2020-01-13T13:02:38.061+0000][1][safepoint    ] Leaving safepoint region
[2020-01-13T13:02:38.061+0000][1][safepoint    ] Total time for which application threads were stopped: 0.0000191 seconds, Stopping threads took: 0.0000040 seconds
[2020-01-13T13:02:38.061+0000][1][safepoint    ] Application time: 0.0000146 seconds
[2020-01-13T13:02:38.061+0000][1][safepoint    ] Entering safepoint region: RevokeBias
[2020-01-13T13:02:38.061+0000][1][safepoint    ] Leaving safepoint region
[2020-01-13T13:02:38.061+0000][1][safepoint    ] Total time for which application threads were stopped: 0.0000190 seconds, Stopping threads took: 0.0000039 seconds
[2020-01-13T13:02:38.061+0000][1][safepoint    ] Application time: 0.0000119 seconds
[2020-01-13T13:02:38.061+0000][1][safepoint    ] Entering safepoint region: RevokeBias
[2020-01-13T13:02:38.061+0000][1][safepoint    ] Leaving safepoint region
[2020-01-13T13:02:38.061+0000][1][safepoint    ] Total time for which application threads were stopped: 0.0000191 seconds, Stopping threads took: 0.0000039 seconds
[2020-01-13T13:02:38.061+0000][1][safepoint    ] Application time: 0.0000144 seconds
[2020-01-13T13:02:38.061+0000][1][safepoint    ] Entering safepoint region: RevokeBias
[2020-01-13T13:02:38.061+0000][1][safepoint    ] Leaving safepoint region
[2020-01-13T13:02:38.061+0000][1][safepoint    ] Total time for which application threads were stopped: 0.0000205 seconds, Stopping threads took: 0.0000045 seconds
[2020-01-13T13:02:38.063+0000][1][safepoint    ] Application time: 0.0021555 seconds
[2020-01-13T13:02:38.064+0000][1][safepoint    ] Entering safepoint region: RevokeBias
[2020-01-13T13:02:38.064+0000][1][safepoint    ] Leaving safepoint region
[2020-01-13T13:02:38.064+0000][1][safepoint    ] Total time for which application threads were stopped: 0.0004575 seconds, Stopping threads took: 0.0003948 seconds
[2020-01-13T13:02:38.064+0000][1][safepoint    ] Application time: 0.0000521 seconds
[2020-01-13T13:02:38.064+0000][1][safepoint    ] Entering safepoint region: RevokeBias
[2020-01-13T13:02:38.064+0000][1][safepoint    ] Leaving safepoint region
[2020-01-13T13:02:38.064+0000][1][safepoint    ] Total time for which application threads were stopped: 0.0000259 seconds, Stopping threads took: 0.0000055 seconds
[2020-01-13T13:02:38.064+0000][1][safepoint    ] Application time: 0.0000145 seconds
[2020-01-13T13:02:38.064+0000][1][safepoint    ] Entering safepoint region: RevokeBias
[2020-01-13T13:02:38.064+0000][1][safepoint    ] Leaving safepoint region
[2020-01-13T13:02:38.064+0000][1][safepoint    ] Total time for which application threads were stopped: 0.0000368 seconds, Stopping threads took: 0.0000192 seconds
[2020-01-13T13:02:38.064+0000][1][safepoint    ] Application time: 0.0000316 seconds
[2020-01-13T13:02:38.064+0000][1][safepoint    ] Entering safepoint region: RevokeBias
[2020-01-13T13:02:38.064+0000][1][safepoint    ] Leaving safepoint region
[2020-01-13T13:02:38.064+0000][1][safepoint    ] Total time for which application threads were stopped: 0.0000216 seconds, Stopping threads took: 0.0000048 seconds
[2020-01-13T13:02:38.064+0000][1][safepoint    ] Application time: 0.0000144 seconds
[2020-01-13T13:02:38.064+0000][1][safepoint    ] Entering safepoint region: RevokeBias
[2020-01-13T13:02:38.064+0000][1][safepoint    ] Leaving safepoint region
[2020-01-13T13:02:38.064+0000][1][safepoint    ] Total time for which application threads were stopped: 0.0000215 seconds, Stopping threads took: 0.0000047 seconds
[2020-01-13T13:02:38.064+0000][1][safepoint    ] Application time: 0.0000171 seconds
[2020-01-13T13:02:38.064+0000][1][safepoint    ] Entering safepoint region: RevokeBias
[2020-01-13T13:02:38.064+0000][1][safepoint    ] Leaving safepoint region
[2020-01-13T13:02:38.064+0000][1][safepoint    ] Total time for which application threads were stopped: 0.0000364 seconds, Stopping threads took: 0.0000048 seconds
[2020-01-13T13:02:38.064+0000][1][safepoint    ] Application time: 0.0000145 seconds
[2020-01-13T13:02:38.064+0000][1][safepoint    ] Entering safepoint region: RevokeBias
[2020-01-13T13:02:38.064+0000][1][safepoint    ] Leaving safepoint region
[2020-01-13T13:02:38.064+0000][1][safepoint    ] Total time for which application threads were stopped: 0.0000224 seconds, Stopping threads took: 0.0000048 seconds
[2020-01-13T13:02:38.064+0000][1][safepoint    ] Application time: 0.0000171 seconds
[2020-01-13T13:02:38.064+0000][1][safepoint    ] Entering safepoint region: RevokeBias
[2020-01-13T13:02:38.064+0000][1][safepoint    ] Leaving safepoint region
[2020-01-13T13:02:38.064+0000][1][safepoint    ] Total time for which application threads were stopped: 0.0000215 seconds, Stopping threads took: 0.0000047 seconds
[2020-01-13T13:02:38.064+0000][1][safepoint    ] Application time: 0.0000138 seconds
[2020-01-13T13:02:38.064+0000][1][safepoint    ] Entering safepoint region: RevokeBias
[2020-01-13T13:02:38.064+0000][1][safepoint    ] Leaving safepoint region
[2020-01-13T13:02:38.064+0000][1][safepoint    ] Total time for which application threads were stopped: 0.0000351 seconds, Stopping threads took: 0.0000171 seconds
[2020-01-13T13:02:38.064+0000][1][safepoint    ] Application time: 0.0000175 seconds
[2020-01-13T13:02:38.064+0000][1][safepoint    ] Entering safepoint region: RevokeBias
[2020-01-13T13:02:38.064+0000][1][safepoint    ] Leaving safepoint region
[2020-01-13T13:02:38.064+0000][1][safepoint    ] Total time for which application threads were stopped: 0.0000214 seconds, Stopping threads took: 0.0000047 seconds
[2020-01-13T13:02:38.064+0000][1][safepoint    ] Application time: 0.0000140 seconds
[2020-01-13T13:02:38.064+0000][1][safepoint    ] Entering safepoint region: RevokeBias
[2020-01-13T13:02:38.064+0000][1][safepoint    ] Leaving safepoint region
[2020-01-13T13:02:38.064+0000][1][safepoint    ] Total time for which application threads were stopped: 0.0000213 seconds, Stopping threads took: 0.0000047 seconds
[2020-01-13T13:02:38.064+0000][1][safepoint    ] Application time: 0.0000166 seconds
[2020-01-13T13:02:38.064+0000][1][safepoint    ] Entering safepoint region: RevokeBias
[2020-01-13T13:02:38.064+0000][1][safepoint    ] Leaving safepoint region
[2020-01-13T13:02:38.064+0000][1][safepoint    ] Total time for which application threads were stopped: 0.0000213 seconds, Stopping threads took: 0.0000047 seconds
[2020-01-13T13:02:38.065+0000][1][safepoint    ] Application time: 0.0000141 seconds
[2020-01-13T13:02:38.065+0000][1][safepoint    ] Entering safepoint region: RevokeBias
[2020-01-13T13:02:38.065+0000][1][safepoint    ] Leaving safepoint region
[2020-01-13T13:02:38.065+0000][1][safepoint    ] Total time for which application threads were stopped: 0.0000268 seconds, Stopping threads took: 0.0000095 seconds
[2020-01-13T13:02:38.065+0000][1][safepoint    ] Application time: 0.0002281 seconds
[2020-01-13T13:02:38.065+0000][1][safepoint    ] Entering safepoint region: RevokeBias
[2020-01-13T13:02:38.065+0000][1][safepoint    ] Leaving safepoint region
[2020-01-13T13:02:38.065+0000][1][safepoint    ] Total time for which application threads were stopped: 0.0000229 seconds, Stopping threads took: 0.0000048 seconds
[2020-01-13T13:02:38.065+0000][1][safepoint    ] Application time: 0.0000141 seconds
[2020-01-13T13:02:38.065+0000][1][safepoint    ] Entering safepoint region: RevokeBias
[2020-01-13T13:02:38.065+0000][1][safepoint    ] Leaving safepoint region
[2020-01-13T13:02:38.065+0000][1][safepoint    ] Total time for which application threads were stopped: 0.0000214 seconds, Stopping threads took: 0.0000047 seconds
[2020-01-13T13:02:38.065+0000][1][safepoint    ] Application time: 0.0000247 seconds
[2020-01-13T13:02:38.065+0000][1][safepoint    ] Entering safepoint region: RevokeBias
[2020-01-13T13:02:38.065+0000][1][safepoint    ] Leaving safepoint region
[2020-01-13T13:02:38.065+0000][1][safepoint    ] Total time for which application threads were stopped: 0.0000213 seconds, Stopping threads took: 0.0000047 seconds
[2020-01-13T13:02:38.065+0000][1][safepoint    ] Application time: 0.0000140 seconds
[2020-01-13T13:02:38.065+0000][1][safepoint    ] Entering safepoint region: RevokeBias
[2020-01-13T13:02:38.065+0000][1][safepoint    ] Leaving safepoint region
[2020-01-13T13:02:38.065+0000][1][safepoint    ] Total time for which application threads were stopped: 0.0000214 seconds, Stopping threads took: 0.0000047 seconds
[2020-01-13T13:02:38.975+0000][1][safepoint    ] Application time: 0.9097761 seconds
[2020-01-13T13:02:38.975+0000][1][safepoint    ] Entering safepoint region: RevokeBias
[2020-01-13T13:02:38.975+0000][1][safepoint    ] Leaving safepoint region
[2020-01-13T13:02:38.975+0000][1][safepoint    ] Total time for which application threads were stopped: 0.0002577 seconds, Stopping threads took: 0.0000304 seconds
[2020-01-13T13:02:39.305+0000][1][safepoint    ] Application time: 0.3301711 seconds
[2020-01-13T13:02:39.306+0000][1][safepoint    ] Entering safepoint region: GenCollectForAllocation
[2020-01-13T13:02:39.307+0000][1][gc,start     ] GC(1) Pause Young (Allocation Failure)
[2020-01-13T13:02:39.307+0000][1][gc,task      ] GC(1) Using 1 workers of 1 for evacuation
[2020-01-13T13:02:39.358+0000][1][gc,age       ] GC(1) Desired survivor size 4358144 bytes, new threshold 6 (max threshold 6)
[2020-01-13T13:02:39.358+0000][1][gc,age       ] GC(1) Age table with threshold 6 (max threshold 6)
[2020-01-13T13:02:39.358+0000][1][gc,age       ] GC(1) - age   1:    2792176 bytes,    2792176 total
[2020-01-13T13:02:39.358+0000][1][gc,heap      ] GC(1) ParNew: 74400K->4148K(76672K)
[2020-01-13T13:02:39.358+0000][1][gc,heap      ] GC(1) CMS: 0K->6677K(176960K)
[2020-01-13T13:02:39.358+0000][1][gc,metaspace ] GC(1) Metaspace: 14883K->14883K(1062912K)
[2020-01-13T13:02:39.358+0000][1][gc           ] GC(1) Pause Young (Allocation Failure) 72M->10M(247M) 51.417ms
[2020-01-13T13:02:39.358+0000][1][gc,cpu       ] GC(1) User=0.05s Sys=0.00s Real=0.05s
[2020-01-13T13:02:39.358+0000][1][safepoint    ] Leaving safepoint region
[2020-01-13T13:02:39.358+0000][1][safepoint    ] Total time for which application threads were stopped: 0.0527624 seconds, Stopping threads took: 0.0011884 seconds
[2020-01-13T13:02:39.369+0000][1][safepoint    ] Application time: 0.0113230 seconds
[2020-01-13T13:02:39.370+0000][1][safepoint    ] Entering safepoint region: BulkRevokeBias
[2020-01-13T13:02:39.370+0000][1][safepoint    ] Leaving safepoint region
[2020-01-13T13:02:39.370+0000][1][safepoint    ] Total time for which application threads were stopped: 0.0004425 seconds, Stopping threads took: 0.0003192 seconds
[2020-01-13T13:02:39.370+0000][1][safepoint    ] Application time: 0.0000884 seconds
[2020-01-13T13:02:39.370+0000][1][safepoint    ] Entering safepoint region: RevokeBias
[2020-01-13T13:02:39.370+0000][1][safepoint    ] Leaving safepoint region
[2020-01-13T13:02:39.370+0000][1][safepoint    ] Total time for which application threads were stopped: 0.0000330 seconds, Stopping threads took: 0.0000054 seconds
[2020-01-13T13:02:39.370+0000][1][safepoint    ] Application time: 0.0000285 seconds
[2020-01-13T13:02:39.370+0000][1][safepoint    ] Entering safepoint region: RevokeBias
[2020-01-13T13:02:39.370+0000][1][safepoint    ] Leaving safepoint region
[2020-01-13T13:02:39.370+0000][1][safepoint    ] Total time for which application threads were stopped: 0.0000294 seconds, Stopping threads took: 0.0000048 seconds
[2020-01-13T13:02:39.370+0000][1][safepoint    ] Application time: 0.0000145 seconds
[2020-01-13T13:02:39.370+0000][1][safepoint    ] Entering safepoint region: RevokeBias
[2020-01-13T13:02:39.370+0000][1][safepoint    ] Leaving safepoint region
[2020-01-13T13:02:39.370+0000][1][safepoint    ] Total time for which application threads were stopped: 0.0000291 seconds, Stopping threads took: 0.0000047 seconds
[2020-01-13T13:02:39.370+0000][1][safepoint    ] Application time: 0.0000173 seconds
[2020-01-13T13:02:39.370+0000][1][safepoint    ] Entering safepoint region: RevokeBias
[2020-01-13T13:02:39.370+0000][1][safepoint    ] Leaving safepoint region
[2020-01-13T13:02:39.370+0000][1][safepoint    ] Total time for which application threads were stopped: 0.0000296 seconds, Stopping threads took: 0.0000051 seconds
[2020-01-13T13:02:39.370+0000][1][safepoint    ] Application time: 0.0000151 seconds
[2020-01-13T13:02:39.370+0000][1][safepoint    ] Entering safepoint region: RevokeBias
[2020-01-13T13:02:39.370+0000][1][safepoint    ] Leaving safepoint region
[2020-01-13T13:02:39.370+0000][1][safepoint    ] Total time for which application threads were stopped: 0.0000585 seconds, Stopping threads took: 0.0000135 seconds
[2020-01-13T13:02:39.370+0000][1][safepoint    ] Application time: 0.0002037 seconds
[2020-01-13T13:02:39.370+0000][1][safepoint    ] Entering safepoint region: RevokeBias
[2020-01-13T13:02:39.371+0000][1][safepoint    ] Leaving safepoint region
[2020-01-13T13:02:39.371+0000][1][safepoint    ] Total time for which application threads were stopped: 0.0000590 seconds, Stopping threads took: 0.0000098 seconds
[2020-01-13T13:02:39.371+0000][1][safepoint    ] Application time: 0.0000264 seconds
[2020-01-13T13:02:39.371+0000][1][safepoint    ] Entering safepoint region: RevokeBias
[2020-01-13T13:02:39.371+0000][1][safepoint    ] Leaving safepoint region
[2020-01-13T13:02:39.371+0000][1][safepoint    ] Total time for which application threads were stopped: 0.0000453 seconds, Stopping threads took: 0.0000074 seconds
[2020-01-13T13:02:39.371+0000][1][safepoint    ] Application time: 0.0000268 seconds
[2020-01-13T13:02:39.371+0000][1][safepoint    ] Entering safepoint region: BulkRevokeBias
[2020-01-13T13:02:39.371+0000][1][safepoint    ] Leaving safepoint region
[2020-01-13T13:02:39.371+0000][1][safepoint    ] Total time for which application threads were stopped: 0.0000792 seconds, Stopping threads took: 0.0000072 seconds
[2020-01-13T13:02:39.371+0000][1][safepoint    ] Application time: 0.0000223 seconds
[2020-01-13T13:02:39.371+0000][1][safepoint    ] Entering safepoint region: RevokeBias
[2020-01-13T13:02:39.371+0000][1][safepoint    ] Leaving safepoint region
[2020-01-13T13:02:39.371+0000][1][safepoint    ] Total time for which application threads were stopped: 0.0000462 seconds, Stopping threads took: 0.0000076 seconds
[2020-01-13T13:02:39.371+0000][1][safepoint    ] Application time: 0.0000270 seconds
[2020-01-13T13:02:39.371+0000][1][safepoint    ] Entering safepoint region: BulkRevokeBias
[2020-01-13T13:02:39.371+0000][1][safepoint    ] Leaving safepoint region
[2020-01-13T13:02:39.371+0000][1][safepoint    ] Total time for which application threads were stopped: 0.0000659 seconds, Stopping threads took: 0.0000079 seconds
[2020-01-13T13:02:39.512+0000][1][safepoint    ] Application time: 0.1413848 seconds
[2020-01-13T13:02:39.512+0000][1][safepoint    ] Entering safepoint region: RevokeBias
[2020-01-13T13:02:39.513+0000][1][safepoint    ] Leaving safepoint region
[2020-01-13T13:02:39.513+0000][1][safepoint    ] Total time for which application threads were stopped: 0.0001362 seconds, Stopping threads took: 0.0000449 seconds
[2020-01-13T13:02:39.523+0000][1][safepoint    ] Application time: 0.0103916 seconds
[2020-01-13T13:02:39.523+0000][1][safepoint    ] Entering safepoint region: RevokeBias
[2020-01-13T13:02:39.523+0000][1][safepoint    ] Leaving safepoint region
[2020-01-13T13:02:39.523+0000][1][safepoint    ] Total time for which application threads were stopped: 0.0000934 seconds, Stopping threads took: 0.0000214 seconds
[2020-01-13T13:02:39.594+0000][1][safepoint    ] Application time: 0.0710985 seconds
[2020-01-13T13:02:39.595+0000][1][safepoint    ] Entering safepoint region: RevokeBias
[2020-01-13T13:02:39.595+0000][1][safepoint    ] Leaving safepoint region
[2020-01-13T13:02:39.595+0000][1][safepoint    ] Total time for which application threads were stopped: 0.0012395 seconds, Stopping threads took: 0.0011597 seconds
[2020-01-13T13:02:39.602+0000][1][safepoint    ] Application time: 0.0061906 seconds
[2020-01-13T13:02:39.602+0000][1][safepoint    ] Entering safepoint region: RevokeBias
[2020-01-13T13:02:39.602+0000][1][safepoint    ] Leaving safepoint region
[2020-01-13T13:02:39.602+0000][1][safepoint    ] Total time for which application threads were stopped: 0.0000846 seconds, Stopping threads took: 0.0000205 seconds
[2020-01-13T13:02:39.728+0000][1][safepoint    ] Application time: 0.1262262 seconds
[2020-01-13T13:02:39.728+0000][1][safepoint    ] Entering safepoint region: GenCollectForAllocation
[2020-01-13T13:02:39.728+0000][1][gc,start     ] GC(2) Pause Young (Allocation Failure)
[2020-01-13T13:02:39.728+0000][1][gc,task      ] GC(2) Using 1 workers of 1 for evacuation
[2020-01-13T13:02:39.750+0000][1][gc,age       ] GC(2) Desired survivor size 4358144 bytes, new threshold 6 (max threshold 6)
[2020-01-13T13:02:39.750+0000][1][gc,age       ] GC(2) Age table with threshold 6 (max threshold 6)
[2020-01-13T13:02:39.750+0000][1][gc,age       ] GC(2) - age   1:    2839680 bytes,    2839680 total
[2020-01-13T13:02:39.750+0000][1][gc,age       ] GC(2) - age   2:    1169544 bytes,    4009224 total
[2020-01-13T13:02:39.750+0000][1][gc,heap      ] GC(2) ParNew: 72308K->6164K(76672K)
[2020-01-13T13:02:39.750+0000][1][gc,heap      ] GC(2) CMS: 6677K->6677K(176960K)
[2020-01-13T13:02:39.750+0000][1][gc,metaspace ] GC(2) Metaspace: 15013K->15013K(1062912K)
[2020-01-13T13:02:39.750+0000][1][gc           ] GC(2) Pause Young (Allocation Failure) 77M->12M(247M) 21.697ms
[2020-01-13T13:02:39.750+0000][1][gc,cpu       ] GC(2) User=0.02s Sys=0.00s Real=0.03s
[2020-01-13T13:02:39.750+0000][1][safepoint    ] Leaving safepoint region
[2020-01-13T13:02:39.750+0000][1][safepoint    ] Total time for which application threads were stopped: 0.0221404 seconds, Stopping threads took: 0.0002984 seconds
[2020-01-13T13:02:39.757+0000][1][safepoint    ] Application time: 0.0071496 seconds
[2020-01-13T13:02:39.758+0000][1][safepoint    ] Entering safepoint region: RevokeBias
[2020-01-13T13:02:39.758+0000][1][safepoint    ] Leaving safepoint region
[2020-01-13T13:02:39.758+0000][1][safepoint    ] Total time for which application threads were stopped: 0.0010351 seconds, Stopping threads took: 0.0009641 seconds
[2020-01-13T13:02:39.758+0000][1][safepoint    ] Application time: 0.0000367 seconds
[2020-01-13T13:02:39.758+0000][1][safepoint    ] Entering safepoint region: RevokeBias
[2020-01-13T13:02:39.759+0000][1][safepoint    ] Leaving safepoint region
[2020-01-13T13:02:39.759+0000][1][safepoint    ] Total time for which application threads were stopped: 0.0000542 seconds, Stopping threads took: 0.0000096 seconds
[2020-01-13T13:02:39.759+0000][1][safepoint    ] Application time: 0.0000419 seconds
[2020-01-13T13:02:39.759+0000][1][safepoint    ] Entering safepoint region: RevokeBias
[2020-01-13T13:02:39.759+0000][1][safepoint    ] Leaving safepoint region
[2020-01-13T13:02:39.759+0000][1][safepoint    ] Total time for which application threads were stopped: 0.0000648 seconds, Stopping threads took: 0.0000214 seconds
[2020-01-13T13:02:39.760+0000][1][safepoint    ] Application time: 0.0012872 seconds
[2020-01-13T13:02:39.760+0000][1][safepoint    ] Entering safepoint region: RevokeBias
[2020-01-13T13:02:39.760+0000][1][safepoint    ] Leaving safepoint region
[2020-01-13T13:02:39.760+0000][1][safepoint    ] Total time for which application threads were stopped: 0.0000622 seconds, Stopping threads took: 0.0000227 seconds
[2020-01-13T13:02:39.760+0000][1][safepoint    ] Application time: 0.0003115 seconds
[2020-01-13T13:02:39.761+0000][1][safepoint    ] Entering safepoint region: RevokeBias
[2020-01-13T13:02:39.761+0000][1][safepoint    ] Leaving safepoint region
[2020-01-13T13:02:39.761+0000][1][safepoint    ] Total time for which application threads were stopped: 0.0010866 seconds, Stopping threads took: 0.0010102 seconds
[2020-01-13T13:02:39.762+0000][1][safepoint    ] Application time: 0.0000341 seconds
[2020-01-13T13:02:39.762+0000][1][safepoint    ] Entering safepoint region: RevokeBias
[2020-01-13T13:02:39.762+0000][1][safepoint    ] Leaving safepoint region
[2020-01-13T13:02:39.762+0000][1][safepoint    ] Total time for which application threads were stopped: 0.0000549 seconds, Stopping threads took: 0.0000082 seconds
[2020-01-13T13:02:39.762+0000][1][safepoint    ] Application time: 0.0008980 seconds
[2020-01-13T13:02:39.762+0000][1][safepoint    ] Entering safepoint region: RevokeBias
[2020-01-13T13:02:39.763+0000][1][safepoint    ] Leaving safepoint region
[2020-01-13T13:02:39.763+0000][1][safepoint    ] Total time for which application threads were stopped: 0.0000572 seconds, Stopping threads took: 0.0000073 seconds
[2020-01-13T13:02:39.792+0000][1][safepoint    ] Application time: 0.0298099 seconds
[2020-01-13T13:02:39.792+0000][1][safepoint    ] Entering safepoint region: RevokeBias
[2020-01-13T13:02:39.793+0000][1][safepoint    ] Leaving safepoint region
[2020-01-13T13:02:39.793+0000][1][safepoint    ] Total time for which application threads were stopped: 0.0000985 seconds, Stopping threads took: 0.0000230 seconds
[2020-01-13T13:02:39.797+0000][1][safepoint    ] Application time: 0.0047310 seconds
[2020-01-13T13:02:39.798+0000][1][safepoint    ] Entering safepoint region: RevokeBias
[2020-01-13T13:02:39.798+0000][1][safepoint    ] Leaving safepoint region
[2020-01-13T13:02:39.798+0000][1][safepoint    ] Total time for which application threads were stopped: 0.0011697 seconds, Stopping threads took: 0.0010860 seconds
[2020-01-13T13:02:40.131+0000][1][safepoint    ] Application time: 0.3323565 seconds
[2020-01-13T13:02:40.133+0000][1][safepoint    ] Entering safepoint region: Deoptimize
[2020-01-13T13:02:40.133+0000][1][safepoint    ] Leaving safepoint region
[2020-01-13T13:02:40.134+0000][1][safepoint    ] Total time for which application threads were stopped: 0.0026532 seconds, Stopping threads took: 0.0018785 seconds
[2020-01-13T13:02:40.134+0000][1][safepoint    ] Application time: 0.0007291 seconds
[2020-01-13T13:02:40.134+0000][1][safepoint    ] Entering safepoint region: Deoptimize
[2020-01-13T13:02:40.135+0000][1][safepoint    ] Leaving safepoint region
[2020-01-13T13:02:40.135+0000][1][safepoint    ] Total time for which application threads were stopped: 0.0005008 seconds, Stopping threads took: 0.0000412 seconds
[2020-01-13T13:02:40.713+0000][1][safepoint    ] Application time: 0.5778529 seconds
[2020-01-13T13:02:40.713+0000][1][safepoint    ] Entering safepoint region: GenCollectForAllocation
[2020-01-13T13:02:40.713+0000][1][gc,start     ] GC(3) Pause Young (Allocation Failure)
[2020-01-13T13:02:40.713+0000][1][gc,task      ] GC(3) Using 1 workers of 1 for evacuation
[2020-01-13T13:02:40.735+0000][1][gc,age       ] GC(3) Desired survivor size 4358144 bytes, new threshold 3 (max threshold 6)
[2020-01-13T13:02:40.735+0000][1][gc,age       ] GC(3) Age table with threshold 3 (max threshold 6)
[2020-01-13T13:02:40.735+0000][1][gc,age       ] GC(3) - age   1:    3356304 bytes,    3356304 total
[2020-01-13T13:02:40.735+0000][1][gc,age       ] GC(3) - age   2:     318976 bytes,    3675280 total
[2020-01-13T13:02:40.735+0000][1][gc,age       ] GC(3) - age   3:    1166456 bytes,    4841736 total
[2020-01-13T13:02:40.735+0000][1][gc,heap      ] GC(3) ParNew: 74244K->7420K(76672K)
[2020-01-13T13:02:40.735+0000][1][gc,heap      ] GC(3) CMS: 6677K->6677K(176960K)
[2020-01-13T13:02:40.735+0000][1][gc,metaspace ] GC(3) Metaspace: 18475K->18475K(1067008K)
[2020-01-13T13:02:40.735+0000][1][gc           ] GC(3) Pause Young (Allocation Failure) 79M->13M(247M) 22.027ms
[2020-01-13T13:02:40.735+0000][1][gc,cpu       ] GC(3) User=0.03s Sys=0.00s Real=0.02s
[2020-01-13T13:02:40.735+0000][1][safepoint    ] Leaving safepoint region
[2020-01-13T13:02:40.735+0000][1][safepoint    ] Total time for which application threads were stopped: 0.0222293 seconds, Stopping threads took: 0.0000221 seconds
[2020-01-13T13:02:40.740+0000][1][safepoint    ] Application time: 0.0054136 seconds
[2020-01-13T13:02:40.740+0000][1][safepoint    ] Entering safepoint region: BulkRevokeBias
[2020-01-13T13:02:40.741+0000][1][safepoint    ] Leaving safepoint region
[2020-01-13T13:02:40.741+0000][1][safepoint    ] Total time for which application threads were stopped: 0.0002105 seconds, Stopping threads took: 0.0000603 seconds
[2020-01-13T13:02:40.741+0000][1][safepoint    ] Application time: 0.0007886 seconds
[2020-01-13T13:02:40.741+0000][1][safepoint    ] Entering safepoint region: RevokeBias
[2020-01-13T13:02:40.741+0000][1][safepoint    ] Leaving safepoint region
[2020-01-13T13:02:40.741+0000][1][safepoint    ] Total time for which application threads were stopped: 0.0000665 seconds, Stopping threads took: 0.0000091 seconds
[2020-01-13T13:02:40.742+0000][1][safepoint    ] Application time: 0.0000398 seconds
[2020-01-13T13:02:40.742+0000][1][safepoint    ] Entering safepoint region: RevokeBias
[2020-01-13T13:02:40.742+0000][1][safepoint    ] Leaving safepoint region
[2020-01-13T13:02:40.742+0000][1][safepoint    ] Total time for which application threads were stopped: 0.0000355 seconds, Stopping threads took: 0.0000050 seconds
[2020-01-13T13:02:40.742+0000][1][safepoint    ] Application time: 0.0000150 seconds
[2020-01-13T13:02:40.742+0000][1][safepoint    ] Entering safepoint region: RevokeBias
[2020-01-13T13:02:40.742+0000][1][safepoint    ] Leaving safepoint region
[2020-01-13T13:02:40.742+0000][1][safepoint    ] Total time for which application threads were stopped: 0.0000327 seconds, Stopping threads took: 0.0000048 seconds
[2020-01-13T13:02:40.742+0000][1][safepoint    ] Application time: 0.0000164 seconds
[2020-01-13T13:02:40.742+0000][1][safepoint    ] Entering safepoint region: RevokeBias
[2020-01-13T13:02:40.742+0000][1][safepoint    ] Leaving safepoint region
[2020-01-13T13:02:40.742+0000][1][safepoint    ] Total time for which application threads were stopped: 0.0000322 seconds, Stopping threads took: 0.0000049 seconds
[2020-01-13T13:02:40.742+0000][1][safepoint    ] Application time: 0.0000139 seconds
[2020-01-13T13:02:40.742+0000][1][safepoint    ] Entering safepoint region: RevokeBias
[2020-01-13T13:02:40.742+0000][1][safepoint    ] Leaving safepoint region
[2020-01-13T13:02:40.742+0000][1][safepoint    ] Total time for which application threads were stopped: 0.0000321 seconds, Stopping threads took: 0.0000047 seconds
[2020-01-13T13:02:40.742+0000][1][safepoint    ] Application time: 0.0000163 seconds
[2020-01-13T13:02:40.742+0000][1][safepoint    ] Entering safepoint region: RevokeBias
[2020-01-13T13:02:40.742+0000][1][safepoint    ] Leaving safepoint region
[2020-01-13T13:02:40.742+0000][1][safepoint    ] Total time for which application threads were stopped: 0.0000320 seconds, Stopping threads took: 0.0000047 seconds
[2020-01-13T13:02:40.742+0000][1][safepoint    ] Application time: 0.0000137 seconds
[2020-01-13T13:02:40.742+0000][1][safepoint    ] Entering safepoint region: RevokeBias
[2020-01-13T13:02:40.742+0000][1][safepoint    ] Leaving safepoint region
[2020-01-13T13:02:40.742+0000][1][safepoint    ] Total time for which application threads were stopped: 0.0000480 seconds, Stopping threads took: 0.0000198 seconds
[2020-01-13T13:02:40.743+0000][1][safepoint    ] Application time: 0.0015250 seconds
[2020-01-13T13:02:40.743+0000][1][safepoint    ] Entering safepoint region: RevokeBias
[2020-01-13T13:02:40.743+0000][1][safepoint    ] Leaving safepoint region
[2020-01-13T13:02:40.744+0000][1][safepoint    ] Total time for which application threads were stopped: 0.0000736 seconds, Stopping threads took: 0.0000133 seconds
[2020-01-13T13:02:40.744+0000][1][safepoint    ] Application time: 0.0000276 seconds
[2020-01-13T13:02:40.744+0000][1][safepoint    ] Entering safepoint region: RevokeBias
[2020-01-13T13:02:40.744+0000][1][safepoint    ] Leaving safepoint region
[2020-01-13T13:02:40.744+0000][1][safepoint    ] Total time for which application threads were stopped: 0.0000372 seconds, Stopping threads took: 0.0000054 seconds
[2020-01-13T13:02:40.744+0000][1][safepoint    ] Application time: 0.0000390 seconds
[2020-01-13T13:02:40.744+0000][1][safepoint    ] Entering safepoint region: RevokeBias
[2020-01-13T13:02:40.744+0000][1][safepoint    ] Leaving safepoint region
[2020-01-13T13:02:40.744+0000][1][safepoint    ] Total time for which application threads were stopped: 0.0000336 seconds, Stopping threads took: 0.0000050 seconds
[2020-01-13T13:02:40.744+0000][1][safepoint    ] Application time: 0.0006818 seconds
[2020-01-13T13:02:40.744+0000][1][safepoint    ] Entering safepoint region: RevokeBias
[2020-01-13T13:02:40.744+0000][1][safepoint    ] Leaving safepoint region
[2020-01-13T13:02:40.744+0000][1][safepoint    ] Total time for which application threads were stopped: 0.0001035 seconds, Stopping threads took: 0.0000498 seconds
[2020-01-13T13:02:40.745+0000][1][safepoint    ] Application time: 0.0002586 seconds
[2020-01-13T13:02:40.745+0000][1][safepoint    ] Entering safepoint region: RevokeBias
[2020-01-13T13:02:40.745+0000][1][safepoint    ] Leaving safepoint region
[2020-01-13T13:02:40.745+0000][1][safepoint    ] Total time for which application threads were stopped: 0.0000524 seconds, Stopping threads took: 0.0000069 seconds
[2020-01-13T13:02:40.745+0000][1][safepoint    ] Application time: 0.0000206 seconds
[2020-01-13T13:02:40.745+0000][1][safepoint    ] Entering safepoint region: RevokeBias
[2020-01-13T13:02:40.745+0000][1][safepoint    ] Leaving safepoint region
[2020-01-13T13:02:40.745+0000][1][safepoint    ] Total time for which application threads were stopped: 0.0000357 seconds, Stopping threads took: 0.0000050 seconds
[2020-01-13T13:02:40.745+0000][1][safepoint    ] Application time: 0.0000196 seconds
[2020-01-13T13:02:40.745+0000][1][safepoint    ] Entering safepoint region: RevokeBias
[2020-01-13T13:02:40.745+0000][1][safepoint    ] Leaving safepoint region
[2020-01-13T13:02:40.745+0000][1][safepoint    ] Total time for which application threads were stopped: 0.0000348 seconds, Stopping threads took: 0.0000050 seconds
[2020-01-13T13:02:40.745+0000][1][safepoint    ] Application time: 0.0000140 seconds
[2020-01-13T13:02:40.745+0000][1][safepoint    ] Entering safepoint region: RevokeBias
[2020-01-13T13:02:40.745+0000][1][safepoint    ] Leaving safepoint region
[2020-01-13T13:02:40.745+0000][1][safepoint    ] Total time for which application threads were stopped: 0.0000344 seconds, Stopping threads took: 0.0000048 seconds
[2020-01-13T13:02:40.745+0000][1][safepoint    ] Application time: 0.0000160 seconds
[2020-01-13T13:02:40.745+0000][1][safepoint    ] Entering safepoint region: RevokeBias
[2020-01-13T13:02:40.745+0000][1][safepoint    ] Leaving safepoint region
[2020-01-13T13:02:40.745+0000][1][safepoint    ] Total time for which application threads were stopped: 0.0000351 seconds, Stopping threads took: 0.0000047 seconds
[2020-01-13T13:02:40.745+0000][1][safepoint    ] Application time: 0.0000140 seconds
[2020-01-13T13:02:40.745+0000][1][safepoint    ] Entering safepoint region: RevokeBias
[2020-01-13T13:02:40.745+0000][1][safepoint    ] Leaving safepoint region
[2020-01-13T13:02:40.745+0000][1][safepoint    ] Total time for which application threads were stopped: 0.0000599 seconds, Stopping threads took: 0.0000135 seconds
[2020-01-13T13:02:40.745+0000][1][safepoint    ] Application time: 0.0000164 seconds
[2020-01-13T13:02:40.745+0000][1][safepoint    ] Entering safepoint region: RevokeBias
[2020-01-13T13:02:40.745+0000][1][safepoint    ] Leaving safepoint region
[2020-01-13T13:02:40.745+0000][1][safepoint    ] Total time for which application threads were stopped: 0.0000347 seconds, Stopping threads took: 0.0000049 seconds
[2020-01-13T13:02:40.745+0000][1][safepoint    ] Application time: 0.0000161 seconds
[2020-01-13T13:02:40.745+0000][1][safepoint    ] Entering safepoint region: RevokeBias
[2020-01-13T13:02:40.745+0000][1][safepoint    ] Leaving safepoint region
[2020-01-13T13:02:40.745+0000][1][safepoint    ] Total time for which application threads were stopped: 0.0000343 seconds, Stopping threads took: 0.0000047 seconds
[2020-01-13T13:02:40.745+0000][1][safepoint    ] Application time: 0.0000137 seconds
[2020-01-13T13:02:40.745+0000][1][safepoint    ] Entering safepoint region: RevokeBias
[2020-01-13T13:02:40.745+0000][1][safepoint    ] Leaving safepoint region
[2020-01-13T13:02:40.745+0000][1][safepoint    ] Total time for which application threads were stopped: 0.0000530 seconds, Stopping threads took: 0.0000048 seconds
[2020-01-13T13:02:41.006+0000][1][safepoint    ] Application time: 0.2603063 seconds
[2020-01-13T13:02:41.009+0000][1][safepoint    ] Entering safepoint region: GenCollectForAllocation
[2020-01-13T13:02:41.010+0000][1][gc,start     ] GC(4) Pause Young (Allocation Failure)
[2020-01-13T13:02:41.010+0000][1][gc,task      ] GC(4) Using 1 workers of 1 for evacuation
[2020-01-13T13:02:41.038+0000][1][gc,age       ] GC(4) Desired survivor size 4358144 bytes, new threshold 2 (max threshold 6)
[2020-01-13T13:02:41.038+0000][1][gc,age       ] GC(4) Age table with threshold 2 (max threshold 6)
[2020-01-13T13:02:41.038+0000][1][gc,age       ] GC(4) - age   1:    1154360 bytes,    1154360 total
[2020-01-13T13:02:41.038+0000][1][gc,age       ] GC(4) - age   2:    3303840 bytes,    4458200 total
[2020-01-13T13:02:41.038+0000][1][gc,age       ] GC(4) - age   3:     318448 bytes,    4776648 total
[2020-01-13T13:02:41.038+0000][1][gc,heap      ] GC(4) ParNew: 75580K->8512K(76672K)
[2020-01-13T13:02:41.038+0000][1][gc,heap      ] GC(4) CMS: 6677K->7834K(176960K)
[2020-01-13T13:02:41.038+0000][1][gc,metaspace ] GC(4) Metaspace: 18678K->18678K(1067008K)
[2020-01-13T13:02:41.038+0000][1][gc           ] GC(4) Pause Young (Allocation Failure) 80M->15M(247M) 28.163ms
[2020-01-13T13:02:41.038+0000][1][gc,cpu       ] GC(4) User=0.03s Sys=0.00s Real=0.02s
[2020-01-13T13:02:41.038+0000][1][safepoint    ] Leaving safepoint region
[2020-01-13T13:02:41.038+0000][1][safepoint    ] Total time for which application threads were stopped: 0.0320332 seconds, Stopping threads took: 0.0037147 seconds
[2020-01-13T13:02:41.042+0000][1][safepoint    ] Application time: 0.0046154 seconds
[2020-01-13T13:02:41.043+0000][1][safepoint    ] Entering safepoint region: RevokeBias
[2020-01-13T13:02:41.043+0000][1][safepoint    ] Leaving safepoint region
[2020-01-13T13:02:41.043+0000][1][safepoint    ] Total time for which application threads were stopped: 0.0005351 seconds, Stopping threads took: 0.0004561 seconds
[2020-01-13T13:02:41.043+0000][1][safepoint    ] Application time: 0.0000342 seconds
[2020-01-13T13:02:41.043+0000][1][safepoint    ] Entering safepoint region: RevokeBias
[2020-01-13T13:02:41.043+0000][1][safepoint    ] Leaving safepoint region
[2020-01-13T13:02:41.043+0000][1][safepoint    ] Total time for which application threads were stopped: 0.0000380 seconds, Stopping threads took: 0.0000053 seconds
[2020-01-13T13:02:41.043+0000][1][safepoint    ] Application time: 0.0000262 seconds
[2020-01-13T13:02:41.043+0000][1][safepoint    ] Entering safepoint region: RevokeBias
[2020-01-13T13:02:41.043+0000][1][safepoint    ] Leaving safepoint region
[2020-01-13T13:02:41.043+0000][1][safepoint    ] Total time for which application threads were stopped: 0.0000595 seconds, Stopping threads took: 0.0000050 seconds
[2020-01-13T13:02:41.043+0000][1][safepoint    ] Application time: 0.0000154 seconds
[2020-01-13T13:02:41.043+0000][1][safepoint    ] Entering safepoint region: RevokeBias
[2020-01-13T13:02:41.043+0000][1][safepoint    ] Leaving safepoint region
[2020-01-13T13:02:41.043+0000][1][safepoint    ] Total time for which application threads were stopped: 0.0000326 seconds, Stopping threads took: 0.0000049 seconds
[2020-01-13T13:02:41.103+0000][1][safepoint    ] Application time: 0.0597296 seconds
[2020-01-13T13:02:41.103+0000][1][safepoint    ] Entering safepoint region: Deoptimize
[2020-01-13T13:02:41.103+0000][1][safepoint    ] Leaving safepoint region
[2020-01-13T13:02:41.104+0000][1][safepoint    ] Total time for which application threads were stopped: 0.0005539 seconds, Stopping threads took: 0.0000230 seconds
[2020-01-13T13:02:41.185+0000][1][safepoint    ] Application time: 0.0813751 seconds
[2020-01-13T13:02:41.188+0000][1][safepoint    ] Entering safepoint region: Deoptimize
[2020-01-13T13:02:41.189+0000][1][safepoint    ] Leaving safepoint region
[2020-01-13T13:02:41.189+0000][1][safepoint    ] Total time for which application threads were stopped: 0.0040627 seconds, Stopping threads took: 0.0034772 seconds
[2020-01-13T13:02:41.406+0000][1][safepoint    ] Application time: 0.2172679 seconds
[2020-01-13T13:02:41.406+0000][1][safepoint    ] Entering safepoint region: GenCollectForAllocation
[2020-01-13T13:02:41.406+0000][1][gc,start     ] GC(5) Pause Young (Allocation Failure)
[2020-01-13T13:02:41.407+0000][1][gc,task      ] GC(5) Using 1 workers of 1 for evacuation
[2020-01-13T13:02:41.422+0000][1][gc,age       ] GC(5) Desired survivor size 4358144 bytes, new threshold 6 (max threshold 6)
[2020-01-13T13:02:41.422+0000][1][gc,age       ] GC(5) Age table with threshold 6 (max threshold 6)
[2020-01-13T13:02:41.422+0000][1][gc,age       ] GC(5) - age   1:    2169976 bytes,    2169976 total
[2020-01-13T13:02:41.422+0000][1][gc,age       ] GC(5) - age   2:     442672 bytes,    2612648 total
[2020-01-13T13:02:41.422+0000][1][gc,heap      ] GC(5) ParNew: 76672K->2866K(76672K)
[2020-01-13T13:02:41.422+0000][1][gc,heap      ] GC(5) CMS: 7834K->11403K(176960K)
[2020-01-13T13:02:41.422+0000][1][gc,metaspace ] GC(5) Metaspace: 18927K->18927K(1067008K)
[2020-01-13T13:02:41.422+0000][1][gc           ] GC(5) Pause Young (Allocation Failure) 82M->13M(247M) 15.711ms
[2020-01-13T13:02:41.422+0000][1][gc,cpu       ] GC(5) User=0.02s Sys=0.00s Real=0.02s
[2020-01-13T13:02:41.422+0000][1][safepoint    ] Leaving safepoint region
[2020-01-13T13:02:41.422+0000][1][safepoint    ] Total time for which application threads were stopped: 0.0159285 seconds, Stopping threads took: 0.0000684 seconds
[2020-01-13T13:02:41.428+0000][1][safepoint    ] Application time: 0.0054165 seconds
[2020-01-13T13:02:41.428+0000][1][safepoint    ] Entering safepoint region: RevokeBias
[2020-01-13T13:02:41.428+0000][1][safepoint    ] Leaving safepoint region
[2020-01-13T13:02:41.428+0000][1][safepoint    ] Total time for which application threads were stopped: 0.0001160 seconds, Stopping threads took: 0.0000112 seconds
[2020-01-13T13:02:41.428+0000][1][safepoint    ] Application time: 0.0000187 seconds
[2020-01-13T13:02:41.428+0000][1][safepoint    ] Entering safepoint region: RevokeBias
[2020-01-13T13:02:41.428+0000][1][safepoint    ] Leaving safepoint region
[2020-01-13T13:02:41.428+0000][1][safepoint    ] Total time for which application threads were stopped: 0.0000402 seconds, Stopping threads took: 0.0000051 seconds
[2020-01-13T13:02:41.428+0000][1][safepoint    ] Application time: 0.0000225 seconds
[2020-01-13T13:02:41.428+0000][1][safepoint    ] Entering safepoint region: RevokeBias
[2020-01-13T13:02:41.428+0000][1][safepoint    ] Leaving safepoint region
[2020-01-13T13:02:41.428+0000][1][safepoint    ] Total time for which application threads were stopped: 0.0000320 seconds, Stopping threads took: 0.0000049 seconds
[2020-01-13T13:02:41.428+0000][1][safepoint    ] Application time: 0.0000149 seconds
[2020-01-13T13:02:41.428+0000][1][safepoint    ] Entering safepoint region: RevokeBias
[2020-01-13T13:02:41.428+0000][1][safepoint    ] Leaving safepoint region
[2020-01-13T13:02:41.428+0000][1][safepoint    ] Total time for which application threads were stopped: 0.0000321 seconds, Stopping threads took: 0.0000049 seconds
[2020-01-13T13:02:41.432+0000][1][safepoint    ] Application time: 0.0039221 seconds
[2020-01-13T13:02:41.432+0000][1][safepoint    ] Entering safepoint region: RevokeBias
[2020-01-13T13:02:41.432+0000][1][safepoint    ] Leaving safepoint region
[2020-01-13T13:02:41.432+0000][1][safepoint    ] Total time for which application threads were stopped: 0.0001347 seconds, Stopping threads took: 0.0000118 seconds
[2020-01-13T13:02:41.432+0000][1][safepoint    ] Application time: 0.0000403 seconds
[2020-01-13T13:02:41.432+0000][1][safepoint    ] Entering safepoint region: RevokeBias
[2020-01-13T13:02:41.432+0000][1][safepoint    ] Leaving safepoint region
[2020-01-13T13:02:41.432+0000][1][safepoint    ] Total time for which application threads were stopped: 0.0000657 seconds, Stopping threads took: 0.0000083 seconds
[2020-01-13T13:02:41.660+0000][1][safepoint    ] Application time: 0.2274424 seconds
[2020-01-13T13:02:41.660+0000][1][safepoint    ] Entering safepoint region: RevokeBias
[2020-01-13T13:02:41.660+0000][1][safepoint    ] Leaving safepoint region
[2020-01-13T13:02:41.660+0000][1][safepoint    ] Total time for which application threads were stopped: 0.0001269 seconds, Stopping threads took: 0.0000310 seconds
[2020-01-13T13:02:41.660+0000][1][safepoint    ] Application time: 0.0001668 seconds
[2020-01-13T13:02:41.660+0000][1][safepoint    ] Entering safepoint region: BulkRevokeBias
[2020-01-13T13:02:41.660+0000][1][safepoint    ] Leaving safepoint region
[2020-01-13T13:02:41.660+0000][1][safepoint    ] Total time for which application threads were stopped: 0.0001289 seconds, Stopping threads took: 0.0000162 seconds
[2020-01-13T13:02:41.676+0000][1][safepoint    ] Application time: 0.0159164 seconds
[2020-01-13T13:02:41.678+0000][1][safepoint    ] Entering safepoint region: GenCollectForAllocation
[2020-01-13T13:02:41.678+0000][1][gc,start     ] GC(6) Pause Young (Allocation Failure)
[2020-01-13T13:02:41.678+0000][1][gc,task      ] GC(6) Using 1 workers of 1 for evacuation
[2020-01-13T13:02:41.688+0000][1][gc,age       ] GC(6) Desired survivor size 4358144 bytes, new threshold 6 (max threshold 6)
[2020-01-13T13:02:41.688+0000][1][gc,age       ] GC(6) Age table with threshold 6 (max threshold 6)
[2020-01-13T13:02:41.688+0000][1][gc,age       ] GC(6) - age   1:     755400 bytes,     755400 total
[2020-01-13T13:02:41.688+0000][1][gc,age       ] GC(6) - age   2:    2156896 bytes,    2912296 total
[2020-01-13T13:02:41.688+0000][1][gc,age       ] GC(6) - age   3:     442672 bytes,    3354968 total
[2020-01-13T13:02:41.688+0000][1][gc,heap      ] GC(6) ParNew: 70841K->5771K(76672K)
[2020-01-13T13:02:41.688+0000][1][gc,heap      ] GC(6) CMS: 11403K->11403K(176960K)
[2020-01-13T13:02:41.688+0000][1][gc,metaspace ] GC(6) Metaspace: 19238K->19238K(1067008K)
[2020-01-13T13:02:41.688+0000][1][gc           ] GC(6) Pause Young (Allocation Failure) 80M->16M(247M) 10.412ms
[2020-01-13T13:02:41.688+0000][1][gc,cpu       ] GC(6) User=0.01s Sys=0.00s Real=0.01s
[2020-01-13T13:02:41.688+0000][1][safepoint    ] Leaving safepoint region
[2020-01-13T13:02:41.688+0000][1][safepoint    ] Total time for which application threads were stopped: 0.0119505 seconds, Stopping threads took: 0.0014042 seconds
[2020-01-13T13:02:41.692+0000][1][safepoint    ] Application time: 0.0041853 seconds
[2020-01-13T13:02:41.695+0000][1][safepoint    ] Entering safepoint region: BulkRevokeBias
[2020-01-13T13:02:41.696+0000][1][safepoint    ] Leaving safepoint region
[2020-01-13T13:02:41.696+0000][1][safepoint    ] Total time for which application threads were stopped: 0.0031591 seconds, Stopping threads took: 0.0030088 seconds
[2020-01-13T13:02:41.976+0000][1][safepoint    ] Application time: 0.2807404 seconds
[2020-01-13T13:02:41.978+0000][1][safepoint    ] Entering safepoint region: GenCollectForAllocation
[2020-01-13T13:02:41.978+0000][1][gc,start     ] GC(7) Pause Young (Allocation Failure)
[2020-01-13T13:02:41.978+0000][1][gc,task      ] GC(7) Using 1 workers of 1 for evacuation
[2020-01-13T13:02:42.008+0000][1][gc,age       ] GC(7) Desired survivor size 4358144 bytes, new threshold 3 (max threshold 6)
[2020-01-13T13:02:42.008+0000][1][gc,age       ] GC(7) Age table with threshold 3 (max threshold 6)
[2020-01-13T13:02:42.008+0000][1][gc,age       ] GC(7) - age   1:    3277360 bytes,    3277360 total
[2020-01-13T13:02:42.008+0000][1][gc,age       ] GC(7) - age   2:     211608 bytes,    3488968 total
[2020-01-13T13:02:42.008+0000][1][gc,age       ] GC(7) - age   3:    2156872 bytes,    5645840 total
[2020-01-13T13:02:42.008+0000][1][gc,age       ] GC(7) - age   4:     442672 bytes,    6088512 total
[2020-01-13T13:02:42.008+0000][1][gc,heap      ] GC(7) ParNew: 73931K->6778K(76672K)
[2020-01-13T13:02:42.008+0000][1][gc,heap      ] GC(7) CMS: 11403K->11403K(176960K)
[2020-01-13T13:02:42.008+0000][1][gc,metaspace ] GC(7) Metaspace: 19562K->19562K(1067008K)
[2020-01-13T13:02:42.008+0000][1][gc           ] GC(7) Pause Young (Allocation Failure) 83M->17M(247M) 29.697ms
[2020-01-13T13:02:42.008+0000][1][gc,cpu       ] GC(7) User=0.03s Sys=0.00s Real=0.03s
[2020-01-13T13:02:42.008+0000][1][safepoint    ] Leaving safepoint region
[2020-01-13T13:02:42.008+0000][1][safepoint    ] Total time for which application threads were stopped: 0.0316615 seconds, Stopping threads took: 0.0017846 seconds
[2020-01-13T13:02:42.133+0000][1][safepoint    ] Application time: 0.1253930 seconds
[2020-01-13T13:02:42.134+0000][1][safepoint    ] Entering safepoint region: CollectForMetadataAllocation
[2020-01-13T13:02:42.134+0000][1][safepoint    ] Leaving safepoint region
[2020-01-13T13:02:42.134+0000][1][safepoint    ] Total time for which application threads were stopped: 0.0002643 seconds, Stopping threads took: 0.0000207 seconds
[2020-01-13T13:02:42.180+0000][1][safepoint    ] Application time: 0.0458081 seconds
[2020-01-13T13:02:42.183+0000][1][safepoint    ] Entering safepoint region: CollectForMetadataAllocation
[2020-01-13T13:02:42.184+0000][1][safepoint    ] Leaving safepoint region
[2020-01-13T13:02:42.184+0000][1][safepoint    ] Total time for which application threads were stopped: 0.0040024 seconds, Stopping threads took: 0.0037629 seconds
[2020-01-13T13:02:42.396+0000][1][safepoint    ] Application time: 0.2124093 seconds
[2020-01-13T13:02:42.396+0000][1][safepoint    ] Entering safepoint region: GenCollectForAllocation
[2020-01-13T13:02:42.396+0000][1][gc,start     ] GC(8) Pause Young (Allocation Failure)
[2020-01-13T13:02:42.396+0000][1][gc,task      ] GC(8) Using 1 workers of 1 for evacuation
[2020-01-13T13:02:42.425+0000][1][gc,age       ] GC(8) Desired survivor size 4358144 bytes, new threshold 6 (max threshold 6)
[2020-01-13T13:02:42.425+0000][1][gc,age       ] GC(8) Age table with threshold 6 (max threshold 6)
[2020-01-13T13:02:42.425+0000][1][gc,age       ] GC(8) - age   1:    2170640 bytes,    2170640 total
[2020-01-13T13:02:42.425+0000][1][gc,age       ] GC(8) - age   2:    1295712 bytes,    3466352 total
[2020-01-13T13:02:42.425+0000][1][gc,age       ] GC(8) - age   3:     211464 bytes,    3677816 total
[2020-01-13T13:02:42.425+0000][1][gc,heap      ] GC(8) ParNew: 74938K->4882K(76672K)
[2020-01-13T13:02:42.425+0000][1][gc,heap      ] GC(8) CMS: 11403K->13956K(176960K)
[2020-01-13T13:02:42.425+0000][1][gc,metaspace ] GC(8) Metaspace: 20370K->20370K(1069056K)
[2020-01-13T13:02:42.425+0000][1][gc           ] GC(8) Pause Young (Allocation Failure) 84M->18M(247M) 29.039ms
[2020-01-13T13:02:42.425+0000][1][gc,cpu       ] GC(8) User=0.03s Sys=0.00s Real=0.03s
[2020-01-13T13:02:42.425+0000][1][safepoint    ] Leaving safepoint region
[2020-01-13T13:02:42.425+0000][1][safepoint    ] Total time for which application threads were stopped: 0.0291864 seconds, Stopping threads took: 0.0000268 seconds
[2020-01-13T13:02:42.434+0000][1][safepoint    ] Application time: 0.0090423 seconds
[2020-01-13T13:02:42.436+0000][1][safepoint    ] Entering safepoint region: CMS_Initial_Mark
[2020-01-13T13:02:42.436+0000][1][gc,start     ] GC(9) Pause Initial Mark
[2020-01-13T13:02:42.439+0000][1][gc           ] GC(9) Pause Initial Mark 23M->23M(247M) 3.170ms
[2020-01-13T13:02:42.439+0000][1][gc,cpu       ] GC(9) User=0.00s Sys=0.00s Real=0.00s
[2020-01-13T13:02:42.439+0000][1][safepoint    ] Leaving safepoint region
[2020-01-13T13:02:42.439+0000][1][safepoint    ] Total time for which application threads were stopped: 0.0046280 seconds, Stopping threads took: 0.0013301 seconds
[2020-01-13T13:02:42.439+0000][1][gc           ] GC(9) Concurrent Mark
[2020-01-13T13:02:42.475+0000][1][gc           ] GC(9) Concurrent Mark 35.872ms
[2020-01-13T13:02:42.475+0000][1][gc,cpu       ] GC(9) User=0.04s Sys=0.00s Real=0.04s
[2020-01-13T13:02:42.475+0000][1][gc           ] GC(9) Concurrent Preclean
[2020-01-13T13:02:42.482+0000][1][gc           ] GC(9) Concurrent Preclean 6.513ms
[2020-01-13T13:02:42.482+0000][1][gc,cpu       ] GC(9) User=0.00s Sys=0.00s Real=0.01s
[2020-01-13T13:02:42.482+0000][1][gc           ] GC(9) Concurrent Abortable Preclean
[2020-01-13T13:02:42.691+0000][1][safepoint    ] Application time: 0.2521945 seconds
[2020-01-13T13:02:42.693+0000][1][safepoint    ] Entering safepoint region: GenCollectForAllocation
[2020-01-13T13:02:42.693+0000][1][gc,start     ] GC(10) Pause Young (Allocation Failure)
[2020-01-13T13:02:42.693+0000][1][gc,task      ] GC(10) Using 1 workers of 1 for evacuation
[2020-01-13T13:02:42.700+0000][1][gc,age       ] GC(10) Desired survivor size 4358144 bytes, new threshold 6 (max threshold 6)
[2020-01-13T13:02:42.700+0000][1][gc,age       ] GC(10) Age table with threshold 6 (max threshold 6)
[2020-01-13T13:02:42.700+0000][1][gc,age       ] GC(10) - age   1:     830248 bytes,     830248 total
[2020-01-13T13:02:42.700+0000][1][gc,age       ] GC(10) - age   2:     619608 bytes,    1449856 total
[2020-01-13T13:02:42.700+0000][1][gc,age       ] GC(10) - age   3:    1295592 bytes,    2745448 total
[2020-01-13T13:02:42.700+0000][1][gc,age       ] GC(10) - age   4:     211464 bytes,    2956912 total
[2020-01-13T13:02:42.700+0000][1][gc,heap      ] GC(10) ParNew: 73042K->3914K(76672K)
[2020-01-13T13:02:42.700+0000][1][gc,heap      ] GC(10) CMS: 13956K->13956K(176960K)
[2020-01-13T13:02:42.700+0000][1][gc,metaspace ] GC(10) Metaspace: 20480K->20480K(1069056K)
[2020-01-13T13:02:42.700+0000][1][gc           ] GC(10) Pause Young (Allocation Failure) 84M->17M(247M) 7.155ms
[2020-01-13T13:02:42.700+0000][1][gc,cpu       ] GC(10) User=0.01s Sys=0.00s Real=0.01s
[2020-01-13T13:02:42.700+0000][1][safepoint    ] Leaving safepoint region
[2020-01-13T13:02:42.700+0000][1][safepoint    ] Total time for which application threads were stopped: 0.0088855 seconds, Stopping threads took: 0.0016066 seconds
[2020-01-13T13:02:42.987+0000][1][safepoint    ] Application time: 0.2866524 seconds
[2020-01-13T13:02:42.987+0000][1][safepoint    ] Entering safepoint region: GenCollectForAllocation
[2020-01-13T13:02:42.987+0000][1][gc,start     ] GC(11) Pause Young (Allocation Failure)
[2020-01-13T13:02:42.988+0000][1][gc,task      ] GC(11) Using 1 workers of 1 for evacuation
[2020-01-13T13:02:42.992+0000][1][gc           ] GC(9) Concurrent Abortable Preclean 510.151ms
[2020-01-13T13:02:42.992+0000][1][gc,cpu       ] GC(9) User=0.49s Sys=0.02s Real=0.51s
[2020-01-13T13:02:42.997+0000][1][gc,age       ] GC(11) Desired survivor size 4358144 bytes, new threshold 6 (max threshold 6)
[2020-01-13T13:02:42.997+0000][1][gc,age       ] GC(11) Age table with threshold 6 (max threshold 6)
[2020-01-13T13:02:42.997+0000][1][gc,age       ] GC(11) - age   1:     278736 bytes,     278736 total
[2020-01-13T13:02:42.997+0000][1][gc,age       ] GC(11) - age   2:     135432 bytes,     414168 total
[2020-01-13T13:02:42.997+0000][1][gc,age       ] GC(11) - age   3:     619560 bytes,    1033728 total
[2020-01-13T13:02:42.997+0000][1][gc,age       ] GC(11) - age   4:    1295488 bytes,    2329216 total
[2020-01-13T13:02:42.997+0000][1][gc,age       ] GC(11) - age   5:     211320 bytes,    2540536 total
[2020-01-13T13:02:42.997+0000][1][gc,heap      ] GC(11) ParNew: 72074K->3144K(76672K)
[2020-01-13T13:02:42.997+0000][1][gc,heap      ] GC(11) CMS: 13956K->13956K(176960K)
[2020-01-13T13:02:42.997+0000][1][gc,metaspace ] GC(11) Metaspace: 20556K->20556K(1069056K)
[2020-01-13T13:02:42.997+0000][1][gc           ] GC(11) Pause Young (Allocation Failure) 84M->16M(247M) 9.646ms
[2020-01-13T13:02:42.997+0000][1][gc,cpu       ] GC(11) User=0.01s Sys=0.00s Real=0.01s
[2020-01-13T13:02:42.997+0000][1][safepoint    ] Leaving safepoint region
[2020-01-13T13:02:42.997+0000][1][safepoint    ] Total time for which application threads were stopped: 0.0103185 seconds, Stopping threads took: 0.0005156 seconds
[2020-01-13T13:02:43.001+0000][1][safepoint    ] Application time: 0.0041591 seconds
[2020-01-13T13:02:43.001+0000][1][safepoint    ] Entering safepoint region: CMS_Final_Remark
[2020-01-13T13:02:43.001+0000][1][gc,start     ] GC(9) Pause Remark
[2020-01-13T13:02:43.020+0000][1][gc           ] GC(9) Pause Remark 18M->18M(247M) 18.504ms
[2020-01-13T13:02:43.020+0000][1][gc,cpu       ] GC(9) User=0.02s Sys=0.00s Real=0.02s
[2020-01-13T13:02:43.020+0000][1][safepoint    ] Leaving safepoint region
[2020-01-13T13:02:43.020+0000][1][safepoint    ] Total time for which application threads were stopped: 0.0186948 seconds, Stopping threads took: 0.0000316 seconds
[2020-01-13T13:02:43.029+0000][1][gc           ] GC(9) Concurrent Sweep
[2020-01-13T13:02:43.034+0000][1][gc           ] GC(9) Concurrent Sweep 4.744ms
[2020-01-13T13:02:43.034+0000][1][gc,cpu       ] GC(9) User=0.01s Sys=0.00s Real=0.00s
[2020-01-13T13:02:43.034+0000][1][gc           ] GC(9) Concurrent Reset
[2020-01-13T13:02:43.039+0000][1][gc           ] GC(9) Concurrent Reset 4.465ms
[2020-01-13T13:02:43.039+0000][1][gc,cpu       ] GC(9) User=0.00s Sys=0.00s Real=0.00s
[2020-01-13T13:02:43.039+0000][1][gc,heap      ] GC(9) Old: 13956K->13929K(176960K)
[2020-01-13T13:02:43.212+0000][1][safepoint    ] Application time: 0.1923590 seconds
[2020-01-13T13:02:43.213+0000][1][safepoint    ] Entering safepoint region: Deoptimize
[2020-01-13T13:02:43.214+0000][1][safepoint    ] Leaving safepoint region
[2020-01-13T13:02:43.214+0000][1][safepoint    ] Total time for which application threads were stopped: 0.0014187 seconds, Stopping threads took: 0.0000252 seconds
[2020-01-13T13:02:43.229+0000][1][safepoint    ] Application time: 0.0147290 seconds
[2020-01-13T13:02:43.229+0000][1][safepoint    ] Entering safepoint region: Deoptimize
[2020-01-13T13:02:43.229+0000][1][safepoint    ] Leaving safepoint region
[2020-01-13T13:02:43.229+0000][1][safepoint    ] Total time for which application threads were stopped: 0.0005678 seconds, Stopping threads took: 0.0000231 seconds
[2020-01-13T13:02:44.032+0000][1][safepoint    ] Application time: 0.8031972 seconds
[2020-01-13T13:02:44.034+0000][1][safepoint    ] Entering safepoint region: GenCollectForAllocation
[2020-01-13T13:02:44.034+0000][1][gc,start     ] GC(12) Pause Young (Allocation Failure)
[2020-01-13T13:02:44.034+0000][1][gc,task      ] GC(12) Using 1 workers of 1 for evacuation
[2020-01-13T13:02:44.056+0000][1][gc,age       ] GC(12) Desired survivor size 4358144 bytes, new threshold 6 (max threshold 6)
[2020-01-13T13:02:44.056+0000][1][gc,age       ] GC(12) Age table with threshold 6 (max threshold 6)
[2020-01-13T13:02:44.056+0000][1][gc,age       ] GC(12) - age   1:    1290224 bytes,    1290224 total
[2020-01-13T13:02:44.056+0000][1][gc,age       ] GC(12) - age   2:     265000 bytes,    1555224 total
[2020-01-13T13:02:44.056+0000][1][gc,age       ] GC(12) - age   3:     135320 bytes,    1690544 total
[2020-01-13T13:02:44.056+0000][1][gc,age       ] GC(12) - age   4:     619464 bytes,    2310008 total
[2020-01-13T13:02:44.056+0000][1][gc,age       ] GC(12) - age   5:    1295280 bytes,    3605288 total
[2020-01-13T13:02:44.056+0000][1][gc,age       ] GC(12) - age   6:     211056 bytes,    3816344 total
[2020-01-13T13:02:44.056+0000][1][gc,heap      ] GC(12) ParNew: 71304K->5293K(76672K)
[2020-01-13T13:02:44.056+0000][1][gc,heap      ] GC(12) CMS: 13929K->13929K(176960K)
[2020-01-13T13:02:44.056+0000][1][gc,metaspace ] GC(12) Metaspace: 23702K->23702K(1071104K)
[2020-01-13T13:02:44.056+0000][1][gc           ] GC(12) Pause Young (Allocation Failure) 83M->18M(247M) 21.581ms
[2020-01-13T13:02:44.056+0000][1][gc,cpu       ] GC(12) User=0.02s Sys=0.00s Real=0.02s
[2020-01-13T13:02:44.056+0000][1][safepoint    ] Leaving safepoint region
[2020-01-13T13:02:44.056+0000][1][safepoint    ] Total time for which application threads were stopped: 0.0221978 seconds, Stopping threads took: 0.0000444 seconds
[2020-01-13T13:02:44.370+0000][1][safepoint    ] Application time: 0.3140077 seconds
[2020-01-13T13:02:44.370+0000][1][safepoint    ] Entering safepoint region: Deoptimize
[2020-01-13T13:02:44.371+0000][1][safepoint    ] Leaving safepoint region
[2020-01-13T13:02:44.371+0000][1][safepoint    ] Total time for which application threads were stopped: 0.0006377 seconds, Stopping threads took: 0.0000389 seconds
[2020-01-13T13:02:44.408+0000][1][safepoint    ] Application time: 0.0374147 seconds
[2020-01-13T13:02:44.408+0000][1][safepoint    ] Entering safepoint region: Deoptimize
[2020-01-13T13:02:44.409+0000][1][safepoint    ] Leaving safepoint region
[2020-01-13T13:02:44.409+0000][1][safepoint    ] Total time for which application threads were stopped: 0.0006037 seconds, Stopping threads took: 0.0000227 seconds
[2020-01-13T13:02:44.426+0000][1][safepoint    ] Application time: 0.0177096 seconds
[2020-01-13T13:02:44.430+0000][1][safepoint    ] Entering safepoint region: RevokeBias
[2020-01-13T13:02:44.431+0000][1][safepoint    ] Leaving safepoint region
[2020-01-13T13:02:44.431+0000][1][safepoint    ] Total time for which application threads were stopped: 0.0040378 seconds, Stopping threads took: 0.0039355 seconds
[2020-01-13T13:02:44.433+0000][1][safepoint    ] Application time: 0.0023630 seconds
[2020-01-13T13:02:44.433+0000][1][safepoint    ] Entering safepoint region: RevokeBias
[2020-01-13T13:02:44.433+0000][1][safepoint    ] Leaving safepoint region
[2020-01-13T13:02:44.433+0000][1][safepoint    ] Total time for which application threads were stopped: 0.0001140 seconds, Stopping threads took: 0.0000378 seconds
[2020-01-13T13:02:45.433+0000][1][safepoint    ] Application time: 1.0001013 seconds
[2020-01-13T13:02:45.433+0000][1][safepoint    ] Entering safepoint region: Cleanup
[2020-01-13T13:02:45.434+0000][1][safepoint    ] Leaving safepoint region
[2020-01-13T13:02:45.434+0000][1][safepoint    ] Total time for which application threads were stopped: 0.0005006 seconds, Stopping threads took: 0.0000341 seconds
[2020-01-13T13:02:45.986+0000][1][safepoint    ] Application time: 0.5518251 seconds
[2020-01-13T13:02:45.986+0000][1][safepoint    ] Entering safepoint region: GenCollectForAllocation
[2020-01-13T13:02:45.986+0000][1][gc,start     ] GC(13) Pause Young (Allocation Failure)
[2020-01-13T13:02:45.986+0000][1][gc,task      ] GC(13) Using 1 workers of 1 for evacuation
[2020-01-13T13:02:46.069+0000][1][gc,age       ] GC(13) Desired survivor size 4358144 bytes, new threshold 1 (max threshold 6)
[2020-01-13T13:02:46.069+0000][1][gc,age       ] GC(13) Age table with threshold 1 (max threshold 6)
[2020-01-13T13:02:46.069+0000][1][gc,age       ] GC(13) - age   1:    5823080 bytes,    5823080 total
[2020-01-13T13:02:46.069+0000][1][gc,age       ] GC(13) - age   2:     659768 bytes,    6482848 total
[2020-01-13T13:02:46.069+0000][1][gc,age       ] GC(13) - age   3:     255520 bytes,    6738368 total
[2020-01-13T13:02:46.069+0000][1][gc,age       ] GC(13) - age   4:     127152 bytes,    6865520 total
[2020-01-13T13:02:46.069+0000][1][gc,age       ] GC(13) - age   5:     563656 bytes,    7429176 total
[2020-01-13T13:02:46.069+0000][1][gc,age       ] GC(13) - age   6:    1286992 bytes,    8716168 total
[2020-01-13T13:02:46.069+0000][1][gc,heap      ] GC(13) ParNew: 73453K->8512K(76672K)
[2020-01-13T13:02:46.069+0000][1][gc,heap      ] GC(13) CMS: 13929K->22780K(176960K)
[2020-01-13T13:02:46.069+0000][1][gc,metaspace ] GC(13) Metaspace: 26985K->26985K(1075200K)
[2020-01-13T13:02:46.069+0000][1][gc           ] GC(13) Pause Young (Allocation Failure) 85M->30M(247M) 83.623ms
[2020-01-13T13:02:46.069+0000][1][gc,cpu       ] GC(13) User=0.09s Sys=0.00s Real=0.09s
[2020-01-13T13:02:46.069+0000][1][safepoint    ] Leaving safepoint region
[2020-01-13T13:02:46.069+0000][1][safepoint    ] Total time for which application threads were stopped: 0.0838084 seconds, Stopping threads took: 0.0000256 seconds
[2020-01-13T13:02:46.222+0000][1][safepoint    ] Application time: 0.1525875 seconds
[2020-01-13T13:02:46.222+0000][1][safepoint    ] Entering safepoint region: RevokeBias
[2020-01-13T13:02:46.222+0000][1][safepoint    ] Leaving safepoint region
[2020-01-13T13:02:46.222+0000][1][safepoint    ] Total time for which application threads were stopped: 0.0001130 seconds, Stopping threads took: 0.0000123 seconds
[2020-01-13T13:02:47.129+0000][1][safepoint    ] Application time: 0.9070938 seconds
[2020-01-13T13:02:47.129+0000][1][safepoint    ] Entering safepoint region: GenCollectForAllocation
[2020-01-13T13:02:47.129+0000][1][gc,start     ] GC(14) Pause Young (Allocation Failure)
[2020-01-13T13:02:47.129+0000][1][gc,task      ] GC(14) Using 1 workers of 1 for evacuation
[2020-01-13T13:02:47.219+0000][1][gc,age       ] GC(14) Desired survivor size 4358144 bytes, new threshold 1 (max threshold 6)
[2020-01-13T13:02:47.219+0000][1][gc,age       ] GC(14) Age table with threshold 1 (max threshold 6)
[2020-01-13T13:02:47.219+0000][1][gc,age       ] GC(14) - age   1:    8716224 bytes,    8716224 total
[2020-01-13T13:02:47.219+0000][1][gc,heap      ] GC(14) ParNew: 76672K->8512K(76672K)
[2020-01-13T13:02:47.219+0000][1][gc,heap      ] GC(14) CMS: 22780K->35511K(176960K)
[2020-01-13T13:02:47.219+0000][1][gc,metaspace ] GC(14) Metaspace: 27136K->27136K(1075200K)
[2020-01-13T13:02:47.219+0000][1][gc           ] GC(14) Pause Young (Allocation Failure) 97M->42M(247M) 89.568ms
[2020-01-13T13:02:47.219+0000][1][gc,cpu       ] GC(14) User=0.09s Sys=0.00s Real=0.08s
[2020-01-13T13:02:47.219+0000][1][safepoint    ] Leaving safepoint region
[2020-01-13T13:02:47.219+0000][1][safepoint    ] Total time for which application threads were stopped: 0.0897427 seconds, Stopping threads took: 0.0000283 seconds
[2020-01-13T13:02:48.230+0000][1][safepoint    ] Application time: 1.0113151 seconds
[2020-01-13T13:02:48.230+0000][1][safepoint    ] Entering safepoint region: Cleanup
[2020-01-13T13:02:48.231+0000][1][safepoint    ] Leaving safepoint region
[2020-01-13T13:02:48.231+0000][1][safepoint    ] Total time for which application threads were stopped: 0.0001174 seconds, Stopping threads took: 0.0000130 seconds
[2020-01-13T13:02:48.445+0000][1][safepoint    ] Application time: 0.2142076 seconds
[2020-01-13T13:02:48.445+0000][1][safepoint    ] Entering safepoint region: GenCollectForAllocation
[2020-01-13T13:02:48.445+0000][1][gc,start     ] GC(15) Pause Young (Allocation Failure)
[2020-01-13T13:02:48.445+0000][1][gc,task      ] GC(15) Using 1 workers of 1 for evacuation
[2020-01-13T13:02:48.516+0000][1][gc,age       ] GC(15) Desired survivor size 4358144 bytes, new threshold 1 (max threshold 6)
[2020-01-13T13:02:48.516+0000][1][gc,age       ] GC(15) Age table with threshold 1 (max threshold 6)
[2020-01-13T13:02:48.516+0000][1][gc,age       ] GC(15) - age   1:    8715856 bytes,    8715856 total
[2020-01-13T13:02:48.516+0000][1][gc,heap      ] GC(15) ParNew: 76672K->8512K(76672K)
[2020-01-13T13:02:48.516+0000][1][gc,heap      ] GC(15) CMS: 35511K->45700K(176960K)
[2020-01-13T13:02:48.516+0000][1][gc,metaspace ] GC(15) Metaspace: 29704K->29704K(1077248K)
[2020-01-13T13:02:48.516+0000][1][gc           ] GC(15) Pause Young (Allocation Failure) 109M->52M(247M) 70.895ms
[2020-01-13T13:02:48.516+0000][1][gc,cpu       ] GC(15) User=0.07s Sys=0.00s Real=0.07s
[2020-01-13T13:02:48.516+0000][1][safepoint    ] Leaving safepoint region
[2020-01-13T13:02:48.516+0000][1][safepoint    ] Total time for which application threads were stopped: 0.0710656 seconds, Stopping threads took: 0.0000241 seconds
[2020-01-13T13:02:48.668+0000][1][safepoint    ] Application time: 0.1517027 seconds
[2020-01-13T13:02:48.668+0000][1][safepoint    ] Entering safepoint region: RevokeBias
[2020-01-13T13:02:48.668+0000][1][safepoint    ] Leaving safepoint region
[2020-01-13T13:02:48.668+0000][1][safepoint    ] Total time for which application threads were stopped: 0.0001280 seconds, Stopping threads took: 0.0000325 seconds
[2020-01-13T13:02:48.766+0000][1][safepoint    ] Application time: 0.0978628 seconds
[2020-01-13T13:02:48.766+0000][1][safepoint    ] Entering safepoint region: RevokeBias
[2020-01-13T13:02:48.766+0000][1][safepoint    ] Leaving safepoint region
[2020-01-13T13:02:48.766+0000][1][safepoint    ] Total time for which application threads were stopped: 0.0000925 seconds, Stopping threads took: 0.0000232 seconds
[2020-01-13T13:02:48.795+0000][1][safepoint    ] Application time: 0.0291688 seconds
[2020-01-13T13:02:48.795+0000][1][safepoint    ] Entering safepoint region: RevokeBias
[2020-01-13T13:02:48.795+0000][1][safepoint    ] Leaving safepoint region
[2020-01-13T13:02:48.795+0000][1][safepoint    ] Total time for which application threads were stopped: 0.0000963 seconds, Stopping threads took: 0.0000233 seconds
[2020-01-13T13:02:48.809+0000][1][safepoint    ] Application time: 0.0137289 seconds
[2020-01-13T13:02:48.812+0000][1][safepoint    ] Entering safepoint region: RevokeBias
[2020-01-13T13:02:48.812+0000][1][safepoint    ] Leaving safepoint region
[2020-01-13T13:02:48.812+0000][1][safepoint    ] Total time for which application threads were stopped: 0.0035367 seconds, Stopping threads took: 0.0034549 seconds
[2020-01-13T13:02:49.291+0000][1][safepoint    ] Application time: 0.4783895 seconds
[2020-01-13T13:02:49.291+0000][1][safepoint    ] Entering safepoint region: GenCollectForAllocation
[2020-01-13T13:02:49.291+0000][1][gc,start     ] GC(16) Pause Young (Allocation Failure)
[2020-01-13T13:02:49.291+0000][1][gc,task      ] GC(16) Using 1 workers of 1 for evacuation
[2020-01-13T13:02:49.358+0000][1][gc,age       ] GC(16) Desired survivor size 4358144 bytes, new threshold 6 (max threshold 6)
[2020-01-13T13:02:49.358+0000][1][gc,age       ] GC(16) Age table with threshold 6 (max threshold 6)
[2020-01-13T13:02:49.358+0000][1][gc,age       ] GC(16) - age   1:    1182264 bytes,    1182264 total
[2020-01-13T13:02:49.358+0000][1][gc,heap      ] GC(16) ParNew: 76672K->8432K(76672K)
[2020-01-13T13:02:49.358+0000][1][gc,heap      ] GC(16) CMS: 45700K->54281K(176960K)
[2020-01-13T13:02:49.358+0000][1][gc,metaspace ] GC(16) Metaspace: 32916K->32916K(1079296K)
[2020-01-13T13:02:49.358+0000][1][gc           ] GC(16) Pause Young (Allocation Failure) 119M->61M(247M) 66.710ms
[2020-01-13T13:02:49.358+0000][1][gc,cpu       ] GC(16) User=0.07s Sys=0.00s Real=0.06s
[2020-01-13T13:02:49.358+0000][1][safepoint    ] Leaving safepoint region
[2020-01-13T13:02:49.358+0000][1][safepoint    ] Total time for which application threads were stopped: 0.0669240 seconds, Stopping threads took: 0.0000298 seconds
[2020-01-13T13:02:50.022+0000][1][safepoint    ] Application time: 0.6645969 seconds
[2020-01-13T13:02:50.023+0000][1][safepoint    ] Entering safepoint region: CollectForMetadataAllocation
[2020-01-13T13:02:50.024+0000][1][safepoint    ] Leaving safepoint region
[2020-01-13T13:02:50.024+0000][1][safepoint    ] Total time for which application threads were stopped: 0.0012272 seconds, Stopping threads took: 0.0008597 seconds
[2020-01-13T13:02:50.094+0000][1][safepoint    ] Application time: 0.0699967 seconds
[2020-01-13T13:02:50.094+0000][1][safepoint    ] Entering safepoint region: CollectForMetadataAllocation
[2020-01-13T13:02:50.095+0000][1][safepoint    ] Leaving safepoint region
[2020-01-13T13:02:50.095+0000][1][safepoint    ] Total time for which application threads were stopped: 0.0008550 seconds, Stopping threads took: 0.0005804 seconds
[2020-01-13T13:02:50.133+0000][1][safepoint    ] Application time: 0.0379107 seconds
[2020-01-13T13:02:50.133+0000][1][safepoint    ] Entering safepoint region: CollectForMetadataAllocation
[2020-01-13T13:02:50.133+0000][1][safepoint    ] Leaving safepoint region
[2020-01-13T13:02:50.133+0000][1][safepoint    ] Total time for which application threads were stopped: 0.0002624 seconds, Stopping threads took: 0.0000249 seconds
[2020-01-13T13:02:50.187+0000][1][safepoint    ] Application time: 0.0543426 seconds
[2020-01-13T13:02:50.188+0000][1][safepoint    ] Entering safepoint region: CollectForMetadataAllocation
[2020-01-13T13:02:50.188+0000][1][safepoint    ] Leaving safepoint region
[2020-01-13T13:02:50.188+0000][1][safepoint    ] Total time for which application threads were stopped: 0.0004844 seconds, Stopping threads took: 0.0002497 seconds
[2020-01-13T13:02:50.226+0000][1][safepoint    ] Application time: 0.0385346 seconds
[2020-01-13T13:02:50.228+0000][1][safepoint    ] Entering safepoint region: CollectForMetadataAllocation
[2020-01-13T13:02:50.228+0000][1][safepoint    ] Leaving safepoint region
[2020-01-13T13:02:50.228+0000][1][safepoint    ] Total time for which application threads were stopped: 0.0017400 seconds, Stopping threads took: 0.0014719 seconds
[2020-01-13T13:02:50.308+0000][1][safepoint    ] Application time: 0.0796462 seconds
[2020-01-13T13:02:50.308+0000][1][safepoint    ] Entering safepoint region: CollectForMetadataAllocation
[2020-01-13T13:02:50.308+0000][1][safepoint    ] Leaving safepoint region
[2020-01-13T13:02:50.308+0000][1][safepoint    ] Total time for which application threads were stopped: 0.0001933 seconds, Stopping threads took: 0.0000346 seconds
[2020-01-13T13:02:50.362+0000][1][safepoint    ] Application time: 0.0542437 seconds
[2020-01-13T13:02:50.362+0000][1][safepoint    ] Entering safepoint region: CollectForMetadataAllocation
[2020-01-13T13:02:50.368+0000][1][safepoint    ] Leaving safepoint region
[2020-01-13T13:02:50.368+0000][1][safepoint    ] Total time for which application threads were stopped: 0.0060728 seconds, Stopping threads took: 0.0000557 seconds
[2020-01-13T13:02:50.432+0000][1][safepoint    ] Application time: 0.0631521 seconds
[2020-01-13T13:02:50.432+0000][1][safepoint    ] Entering safepoint region: CollectForMetadataAllocation
[2020-01-13T13:02:50.432+0000][1][safepoint    ] Leaving safepoint region
[2020-01-13T13:02:50.432+0000][1][safepoint    ] Total time for which application threads were stopped: 0.0002931 seconds, Stopping threads took: 0.0000266 seconds
[2020-01-13T13:02:50.484+0000][1][safepoint    ] Application time: 0.0516282 seconds
[2020-01-13T13:02:50.484+0000][1][safepoint    ] Entering safepoint region: CollectForMetadataAllocation
[2020-01-13T13:02:50.485+0000][1][safepoint    ] Leaving safepoint region
[2020-01-13T13:02:50.485+0000][1][safepoint    ] Total time for which application threads were stopped: 0.0010282 seconds, Stopping threads took: 0.0007676 seconds
[2020-01-13T13:02:50.520+0000][1][safepoint    ] Application time: 0.0355786 seconds
[2020-01-13T13:02:50.523+0000][1][safepoint    ] Entering safepoint region: RevokeBias
[2020-01-13T13:02:50.524+0000][1][safepoint    ] Leaving safepoint region
[2020-01-13T13:02:50.524+0000][1][safepoint    ] Total time for which application threads were stopped: 0.0032930 seconds, Stopping threads took: 0.0031327 seconds
[2020-01-13T13:02:50.537+0000][1][safepoint    ] Application time: 0.0134769 seconds
[2020-01-13T13:02:50.537+0000][1][safepoint    ] Entering safepoint region: CollectForMetadataAllocation
[2020-01-13T13:02:50.537+0000][1][safepoint    ] Leaving safepoint region
[2020-01-13T13:02:50.537+0000][1][safepoint    ] Total time for which application threads were stopped: 0.0002782 seconds, Stopping threads took: 0.0000215 seconds
[2020-01-13T13:02:50.577+0000][1][safepoint    ] Application time: 0.0392686 seconds
[2020-01-13T13:02:50.577+0000][1][safepoint    ] Entering safepoint region: RevokeBias
[2020-01-13T13:02:50.577+0000][1][safepoint    ] Leaving safepoint region
[2020-01-13T13:02:50.577+0000][1][safepoint    ] Total time for which application threads were stopped: 0.0001358 seconds, Stopping threads took: 0.0000229 seconds
[2020-01-13T13:02:50.605+0000][1][safepoint    ] Application time: 0.0282330 seconds
[2020-01-13T13:02:50.608+0000][1][safepoint    ] Entering safepoint region: CollectForMetadataAllocation
[2020-01-13T13:02:50.609+0000][1][safepoint    ] Leaving safepoint region
[2020-01-13T13:02:50.609+0000][1][safepoint    ] Total time for which application threads were stopped: 0.0034483 seconds, Stopping threads took: 0.0032717 seconds
[2020-01-13T13:02:50.671+0000][1][safepoint    ] Application time: 0.0623737 seconds
[2020-01-13T13:02:50.671+0000][1][safepoint    ] Entering safepoint region: CollectForMetadataAllocation
[2020-01-13T13:02:50.671+0000][1][safepoint    ] Leaving safepoint region
[2020-01-13T13:02:50.671+0000][1][safepoint    ] Total time for which application threads were stopped: 0.0003069 seconds, Stopping threads took: 0.0000253 seconds
[2020-01-13T13:02:50.735+0000][1][safepoint    ] Application time: 0.0640635 seconds
[2020-01-13T13:02:50.735+0000][1][safepoint    ] Entering safepoint region: CollectForMetadataAllocation
[2020-01-13T13:02:50.736+0000][1][safepoint    ] Leaving safepoint region
[2020-01-13T13:02:50.736+0000][1][safepoint    ] Total time for which application threads were stopped: 0.0002237 seconds, Stopping threads took: 0.0000258 seconds
[2020-01-13T13:02:50.790+0000][1][safepoint    ] Application time: 0.0540917 seconds
[2020-01-13T13:02:50.790+0000][1][safepoint    ] Entering safepoint region: CollectForMetadataAllocation
[2020-01-13T13:02:50.790+0000][1][safepoint    ] Leaving safepoint region
[2020-01-13T13:02:50.790+0000][1][safepoint    ] Total time for which application threads were stopped: 0.0003142 seconds, Stopping threads took: 0.0000260 seconds
[2020-01-13T13:02:50.844+0000][1][safepoint    ] Application time: 0.0537027 seconds
[2020-01-13T13:02:50.844+0000][1][safepoint    ] Entering safepoint region: CollectForMetadataAllocation
[2020-01-13T13:02:50.844+0000][1][safepoint    ] Leaving safepoint region
[2020-01-13T13:02:50.844+0000][1][safepoint    ] Total time for which application threads were stopped: 0.0002590 seconds, Stopping threads took: 0.0000343 seconds
[2020-01-13T13:02:50.906+0000][1][safepoint    ] Application time: 0.0618673 seconds
[2020-01-13T13:02:50.906+0000][1][safepoint    ] Entering safepoint region: CollectForMetadataAllocation
[2020-01-13T13:02:50.906+0000][1][safepoint    ] Leaving safepoint region
[2020-01-13T13:02:50.906+0000][1][safepoint    ] Total time for which application threads were stopped: 0.0002831 seconds, Stopping threads took: 0.0000377 seconds
[2020-01-13T13:02:50.953+0000][1][safepoint    ] Application time: 0.0462952 seconds
[2020-01-13T13:02:50.953+0000][1][safepoint    ] Entering safepoint region: CollectForMetadataAllocation
[2020-01-13T13:02:50.953+0000][1][safepoint    ] Leaving safepoint region
[2020-01-13T13:02:50.953+0000][1][safepoint    ] Total time for which application threads were stopped: 0.0002790 seconds, Stopping threads took: 0.0000279 seconds
[2020-01-13T13:02:51.007+0000][1][safepoint    ] Application time: 0.0535667 seconds
[2020-01-13T13:02:51.007+0000][1][safepoint    ] Entering safepoint region: CollectForMetadataAllocation
[2020-01-13T13:02:51.007+0000][1][safepoint    ] Leaving safepoint region
[2020-01-13T13:02:51.007+0000][1][safepoint    ] Total time for which application threads were stopped: 0.0002462 seconds, Stopping threads took: 0.0000305 seconds
[2020-01-13T13:02:51.048+0000][1][safepoint    ] Application time: 0.0409597 seconds
[2020-01-13T13:02:51.048+0000][1][safepoint    ] Entering safepoint region: CollectForMetadataAllocation
[2020-01-13T13:02:51.048+0000][1][safepoint    ] Leaving safepoint region
[2020-01-13T13:02:51.048+0000][1][safepoint    ] Total time for which application threads were stopped: 0.0003121 seconds, Stopping threads took: 0.0000816 seconds
[2020-01-13T13:02:51.118+0000][1][safepoint    ] Application time: 0.0702629 seconds
[2020-01-13T13:02:51.118+0000][1][safepoint    ] Entering safepoint region: CollectForMetadataAllocation
[2020-01-13T13:02:51.119+0000][1][safepoint    ] Leaving safepoint region
[2020-01-13T13:02:51.119+0000][1][safepoint    ] Total time for which application threads were stopped: 0.0003032 seconds, Stopping threads took: 0.0000580 seconds
[2020-01-13T13:02:51.120+0000][1][safepoint    ] Application time: 0.0010805 seconds
[2020-01-13T13:02:51.120+0000][1][safepoint    ] Entering safepoint region: GenCollectForAllocation
[2020-01-13T13:02:51.120+0000][1][gc,start     ] GC(17) Pause Young (Allocation Failure)
[2020-01-13T13:02:51.120+0000][1][gc,task      ] GC(17) Using 1 workers of 1 for evacuation
[2020-01-13T13:02:51.137+0000][1][gc,age       ] GC(17) Desired survivor size 4358144 bytes, new threshold 6 (max threshold 6)
[2020-01-13T13:02:51.137+0000][1][gc,age       ] GC(17) Age table with threshold 6 (max threshold 6)
[2020-01-13T13:02:51.137+0000][1][gc,age       ] GC(17) - age   1:    2906056 bytes,    2906056 total
[2020-01-13T13:02:51.137+0000][1][gc,age       ] GC(17) - age   2:    1124384 bytes,    4030440 total
[2020-01-13T13:02:51.137+0000][1][gc,heap      ] GC(17) ParNew: 76592K->4649K(76672K)
[2020-01-13T13:02:51.137+0000][1][gc,heap      ] GC(17) CMS: 54281K->54281K(176960K)
[2020-01-13T13:02:51.137+0000][1][gc,metaspace ] GC(17) Metaspace: 39801K->39801K(1085440K)
[2020-01-13T13:02:51.137+0000][1][gc           ] GC(17) Pause Young (Allocation Failure) 127M->57M(247M) 17.388ms
[2020-01-13T13:02:51.137+0000][1][gc,cpu       ] GC(17) User=0.02s Sys=0.00s Real=0.01s
[2020-01-13T13:02:51.137+0000][1][safepoint    ] Leaving safepoint region
[2020-01-13T13:02:51.137+0000][1][safepoint    ] Total time for which application threads were stopped: 0.0175300 seconds, Stopping threads took: 0.0000206 seconds
[2020-01-13T13:02:51.149+0000][1][safepoint    ] Application time: 0.0112846 seconds
[2020-01-13T13:02:51.149+0000][1][safepoint    ] Entering safepoint region: CMS_Initial_Mark
[2020-01-13T13:02:51.149+0000][1][gc,start     ] GC(18) Pause Initial Mark
[2020-01-13T13:02:51.154+0000][1][gc           ] GC(18) Pause Initial Mark 58M->58M(247M) 4.942ms
[2020-01-13T13:02:51.154+0000][1][gc,cpu       ] GC(18) User=0.00s Sys=0.00s Real=0.01s
[2020-01-13T13:02:51.154+0000][1][safepoint    ] Leaving safepoint region
[2020-01-13T13:02:51.154+0000][1][safepoint    ] Total time for which application threads were stopped: 0.0051650 seconds, Stopping threads took: 0.0000555 seconds
[2020-01-13T13:02:51.164+0000][1][gc           ] GC(18) Concurrent Mark
[2020-01-13T13:02:51.211+0000][1][safepoint    ] Application time: 0.0574373 seconds
[2020-01-13T13:02:51.211+0000][1][safepoint    ] Entering safepoint region: CollectForMetadataAllocation
[2020-01-13T13:02:51.212+0000][1][safepoint    ] Leaving safepoint region
[2020-01-13T13:02:51.212+0000][1][safepoint    ] Total time for which application threads were stopped: 0.0003876 seconds, Stopping threads took: 0.0000266 seconds
[2020-01-13T13:02:51.274+0000][1][safepoint    ] Application time: 0.0622120 seconds
[2020-01-13T13:02:51.274+0000][1][safepoint    ] Entering safepoint region: CollectForMetadataAllocation
[2020-01-13T13:02:51.274+0000][1][safepoint    ] Leaving safepoint region
[2020-01-13T13:02:51.274+0000][1][safepoint    ] Total time for which application threads were stopped: 0.0003273 seconds, Stopping threads took: 0.0000170 seconds
[2020-01-13T13:02:51.346+0000][1][gc           ] GC(18) Concurrent Mark 181.690ms
[2020-01-13T13:02:51.346+0000][1][gc,cpu       ] GC(18) User=0.17s Sys=0.01s Real=0.18s
[2020-01-13T13:02:51.346+0000][1][gc           ] GC(18) Concurrent Preclean
[2020-01-13T13:02:51.347+0000][1][gc           ] GC(18) Concurrent Preclean 1.237ms
[2020-01-13T13:02:51.347+0000][1][gc,cpu       ] GC(18) User=0.01s Sys=0.00s Real=0.00s
[2020-01-13T13:02:51.347+0000][1][gc           ] GC(18) Concurrent Abortable Preclean
[2020-01-13T13:02:51.382+0000][1][safepoint    ] Application time: 0.1079302 seconds
[2020-01-13T13:02:51.382+0000][1][safepoint    ] Entering safepoint region: CollectForMetadataAllocation
[2020-01-13T13:02:51.383+0000][1][safepoint    ] Leaving safepoint region
[2020-01-13T13:02:51.383+0000][1][safepoint    ] Total time for which application threads were stopped: 0.0003128 seconds, Stopping threads took: 0.0000320 seconds
[2020-01-13T13:02:51.517+0000][1][safepoint    ] Application time: 0.1340677 seconds
[2020-01-13T13:02:51.520+0000][1][safepoint    ] Entering safepoint region: CollectForMetadataAllocation
[2020-01-13T13:02:51.521+0000][1][safepoint    ] Leaving safepoint region
[2020-01-13T13:02:51.521+0000][1][safepoint    ] Total time for which application threads were stopped: 0.0038031 seconds, Stopping threads took: 0.0035288 seconds
[2020-01-13T13:02:51.649+0000][1][safepoint    ] Application time: 0.1285828 seconds
[2020-01-13T13:02:51.649+0000][1][safepoint    ] Entering safepoint region: CollectForMetadataAllocation
[2020-01-13T13:02:51.650+0000][1][safepoint    ] Leaving safepoint region
[2020-01-13T13:02:51.650+0000][1][safepoint    ] Total time for which application threads were stopped: 0.0002744 seconds, Stopping threads took: 0.0000273 seconds
[2020-01-13T13:02:51.731+0000][1][safepoint    ] Application time: 0.0817128 seconds
[2020-01-13T13:02:51.735+0000][1][safepoint    ] Entering safepoint region: CollectForMetadataAllocation
[2020-01-13T13:02:51.736+0000][1][safepoint    ] Leaving safepoint region
[2020-01-13T13:02:51.736+0000][1][safepoint    ] Total time for which application threads were stopped: 0.0043127 seconds, Stopping threads took: 0.0040393 seconds
[2020-01-13T13:02:51.809+0000][1][safepoint    ] Application time: 0.0731819 seconds
[2020-01-13T13:02:51.810+0000][1][safepoint    ] Entering safepoint region: RevokeBias
[2020-01-13T13:02:51.810+0000][1][safepoint    ] Leaving safepoint region
[2020-01-13T13:02:51.810+0000][1][safepoint    ] Total time for which application threads were stopped: 0.0015664 seconds, Stopping threads took: 0.0014642 seconds
[2020-01-13T13:02:51.863+0000][1][safepoint    ] Application time: 0.0528690 seconds
[2020-01-13T13:02:51.863+0000][1][safepoint    ] Entering safepoint region: CollectForMetadataAllocation
[2020-01-13T13:02:51.864+0000][1][safepoint    ] Leaving safepoint region
[2020-01-13T13:02:51.864+0000][1][safepoint    ] Total time for which application threads were stopped: 0.0002768 seconds, Stopping threads took: 0.0000173 seconds
[2020-01-13T13:02:52.864+0000][1][safepoint    ] Application time: 1.0001997 seconds
[2020-01-13T13:02:52.866+0000][1][safepoint    ] Entering safepoint region: Cleanup
[2020-01-13T13:02:52.866+0000][1][safepoint    ] Leaving safepoint region
[2020-01-13T13:02:52.866+0000][1][safepoint    ] Total time for which application threads were stopped: 0.0023518 seconds, Stopping threads took: 0.0022740 seconds
[2020-01-13T13:02:53.311+0000][1][safepoint    ] Application time: 0.4449751 seconds
[2020-01-13T13:02:53.315+0000][1][safepoint    ] Entering safepoint region: CollectForMetadataAllocation
[2020-01-13T13:02:53.316+0000][1][safepoint    ] Leaving safepoint region
[2020-01-13T13:02:53.316+0000][1][safepoint    ] Total time for which application threads were stopped: 0.0043005 seconds, Stopping threads took: 0.0040045 seconds
[2020-01-13T13:02:54.255+0000][1][safepoint    ] Application time: 0.9396866 seconds
[2020-01-13T13:02:54.255+0000][1][safepoint    ] Entering safepoint region: CollectForMetadataAllocation
[2020-01-13T13:02:54.256+0000][1][safepoint    ] Leaving safepoint region
[2020-01-13T13:02:54.256+0000][1][safepoint    ] Total time for which application threads were stopped: 0.0003226 seconds, Stopping threads took: 0.0000280 seconds
[2020-01-13T13:02:54.375+0000][1][safepoint    ] Application time: 0.1196197 seconds
[2020-01-13T13:02:54.375+0000][1][safepoint    ] Entering safepoint region: CollectForMetadataAllocation
[2020-01-13T13:02:54.376+0000][1][safepoint    ] Leaving safepoint region
[2020-01-13T13:02:54.376+0000][1][safepoint    ] Total time for which application threads were stopped: 0.0002830 seconds, Stopping threads took: 0.0000158 seconds
[2020-01-13T13:02:54.780+0000][1][gc           ] GC(18) Concurrent Abortable Preclean 3432.432ms
[2020-01-13T13:02:54.780+0000][1][gc,cpu       ] GC(18) User=3.35s Sys=0.05s Real=3.44s
[2020-01-13T13:02:54.780+0000][1][safepoint    ] Application time: 0.4042655 seconds
[2020-01-13T13:02:54.780+0000][1][safepoint    ] Entering safepoint region: CMS_Final_Remark
[2020-01-13T13:02:54.780+0000][1][gc,start     ] GC(18) Pause Remark
[2020-01-13T13:02:54.817+0000][1][gc           ] GC(18) Pause Remark 104M->104M(247M) 37.285ms
[2020-01-13T13:02:54.817+0000][1][gc,cpu       ] GC(18) User=0.04s Sys=0.00s Real=0.03s
[2020-01-13T13:02:54.817+0000][1][safepoint    ] Leaving safepoint region
[2020-01-13T13:02:54.818+0000][1][safepoint    ] Total time for which application threads were stopped: 0.0375171 seconds, Stopping threads took: 0.0000327 seconds
[2020-01-13T13:02:54.831+0000][1][gc           ] GC(18) Concurrent Sweep
[2020-01-13T13:02:54.863+0000][1][safepoint    ] Application time: 0.0451875 seconds
[2020-01-13T13:02:54.863+0000][1][safepoint    ] Entering safepoint region: RevokeBias
[2020-01-13T13:02:54.864+0000][1][safepoint    ] Leaving safepoint region
[2020-01-13T13:02:54.864+0000][1][safepoint    ] Total time for which application threads were stopped: 0.0011574 seconds, Stopping threads took: 0.0000398 seconds
[2020-01-13T13:02:54.910+0000][1][gc           ] GC(18) Concurrent Sweep 78.712ms
[2020-01-13T13:02:54.910+0000][1][gc,cpu       ] GC(18) User=0.08s Sys=0.00s Real=0.08s
[2020-01-13T13:02:54.910+0000][1][gc           ] GC(18) Concurrent Reset
[2020-01-13T13:02:54.911+0000][1][gc           ] GC(18) Concurrent Reset 0.428ms
[2020-01-13T13:02:54.911+0000][1][gc,cpu       ] GC(18) User=0.00s Sys=0.00s Real=0.00s
[2020-01-13T13:02:54.911+0000][1][gc,heap      ] GC(18) Old: 54281K->54069K(176960K)
[2020-01-13T13:02:55.368+0000][1][safepoint    ] Application time: 0.5043861 seconds
[2020-01-13T13:02:55.368+0000][1][safepoint    ] Entering safepoint region: GenCollectForAllocation
[2020-01-13T13:02:55.369+0000][1][gc,start     ] GC(19) Pause Young (Allocation Failure)
[2020-01-13T13:02:55.369+0000][1][gc,task      ] GC(19) Using 1 workers of 1 for evacuation
[2020-01-13T13:02:55.411+0000][1][gc,age       ] GC(19) Desired survivor size 4358144 bytes, new threshold 2 (max threshold 6)
[2020-01-13T13:02:55.411+0000][1][gc,age       ] GC(19) Age table with threshold 2 (max threshold 6)
[2020-01-13T13:02:55.411+0000][1][gc,age       ] GC(19) - age   1:    2918696 bytes,    2918696 total
[2020-01-13T13:02:55.411+0000][1][gc,age       ] GC(19) - age   2:    2808272 bytes,    5726968 total
[2020-01-13T13:02:55.411+0000][1][gc,age       ] GC(19) - age   3:    1122688 bytes,    6849656 total
[2020-01-13T13:02:55.411+0000][1][gc,heap      ] GC(19) ParNew: 72809K->7066K(76672K)
[2020-01-13T13:02:55.411+0000][1][gc,heap      ] GC(19) CMS: 54069K->54069K(176960K)
[2020-01-13T13:02:55.411+0000][1][gc,metaspace ] GC(19) Metaspace: 44744K->44744K(1091584K)
[2020-01-13T13:02:55.411+0000][1][gc           ] GC(19) Pause Young (Allocation Failure) 123M->59M(247M) 42.131ms
[2020-01-13T13:02:55.411+0000][1][gc,cpu       ] GC(19) User=0.04s Sys=0.00s Real=0.05s
[2020-01-13T13:02:55.411+0000][1][safepoint    ] Leaving safepoint region
[2020-01-13T13:02:55.411+0000][1][safepoint    ] Total time for which application threads were stopped: 0.0423568 seconds, Stopping threads took: 0.0000358 seconds
[2020-01-13T13:02:55.418+0000][1][safepoint    ] Application time: 0.0067808 seconds
[2020-01-13T13:02:55.418+0000][1][safepoint    ] Entering safepoint region: RevokeBias
[2020-01-13T13:02:55.418+0000][1][safepoint    ] Leaving safepoint region
[2020-01-13T13:02:55.418+0000][1][safepoint    ] Total time for which application threads were stopped: 0.0001249 seconds, Stopping threads took: 0.0000317 seconds
[2020-01-13T13:02:55.425+0000][1][safepoint    ] Application time: 0.0069211 seconds
[2020-01-13T13:02:55.425+0000][1][safepoint    ] Entering safepoint region: RevokeBias
[2020-01-13T13:02:55.425+0000][1][safepoint    ] Leaving safepoint region
[2020-01-13T13:02:55.425+0000][1][safepoint    ] Total time for which application threads were stopped: 0.0001079 seconds, Stopping threads took: 0.0000202 seconds
[2020-01-13T13:02:55.428+0000][1][safepoint    ] Application time: 0.0036877 seconds
[2020-01-13T13:02:55.429+0000][1][safepoint    ] Entering safepoint region: RevokeBias
[2020-01-13T13:02:55.429+0000][1][safepoint    ] Leaving safepoint region
[2020-01-13T13:02:55.429+0000][1][safepoint    ] Total time for which application threads were stopped: 0.0001031 seconds, Stopping threads took: 0.0000233 seconds
[2020-01-13T13:02:55.853+0000][1][safepoint    ] Application time: 0.4239693 seconds
[2020-01-13T13:02:55.857+0000][1][safepoint    ] Entering safepoint region: RevokeBias
[2020-01-13T13:02:55.857+0000][1][safepoint    ] Leaving safepoint region
[2020-01-13T13:02:55.857+0000][1][safepoint    ] Total time for which application threads were stopped: 0.0047875 seconds, Stopping threads took: 0.0040295 seconds
[2020-01-13T13:02:55.860+0000][1][safepoint    ] Application time: 0.0021499 seconds
[2020-01-13T13:02:55.860+0000][1][safepoint    ] Entering safepoint region: RevokeBias
[2020-01-13T13:02:55.860+0000][1][safepoint    ] Leaving safepoint region
[2020-01-13T13:02:55.860+0000][1][safepoint    ] Total time for which application threads were stopped: 0.0009045 seconds, Stopping threads took: 0.0007959 seconds
[2020-01-13T13:02:55.861+0000][1][safepoint    ] Application time: 0.0002140 seconds
[2020-01-13T13:02:55.861+0000][1][safepoint    ] Entering safepoint region: RevokeBias
[2020-01-13T13:02:55.861+0000][1][safepoint    ] Leaving safepoint region
[2020-01-13T13:02:55.861+0000][1][safepoint    ] Total time for which application threads were stopped: 0.0000887 seconds, Stopping threads took: 0.0000114 seconds
[2020-01-13T13:02:55.861+0000][1][safepoint    ] Application time: 0.0000366 seconds
[2020-01-13T13:02:55.861+0000][1][safepoint    ] Entering safepoint region: RevokeBias
[2020-01-13T13:02:55.861+0000][1][safepoint    ] Leaving safepoint region
[2020-01-13T13:02:55.861+0000][1][safepoint    ] Total time for which application threads were stopped: 0.0000366 seconds, Stopping threads took: 0.0000059 seconds
[2020-01-13T13:02:55.983+0000][1][safepoint    ] Application time: 0.1221156 seconds
[2020-01-13T13:02:55.983+0000][1][safepoint    ] Entering safepoint region: RevokeBias
[2020-01-13T13:02:55.983+0000][1][safepoint    ] Leaving safepoint region
[2020-01-13T13:02:55.983+0000][1][safepoint    ] Total time for which application threads were stopped: 0.0001465 seconds, Stopping threads took: 0.0000219 seconds
[2020-01-13T13:02:55.983+0000][1][safepoint    ] Application time: 0.0000697 seconds
[2020-01-13T13:02:55.983+0000][1][safepoint    ] Entering safepoint region: RevokeBias
[2020-01-13T13:02:55.983+0000][1][safepoint    ] Leaving safepoint region
[2020-01-13T13:02:55.983+0000][1][safepoint    ] Total time for which application threads were stopped: 0.0000714 seconds, Stopping threads took: 0.0000163 seconds
[2020-01-13T13:02:55.983+0000][1][safepoint    ] Application time: 0.0000283 seconds
[2020-01-13T13:02:55.983+0000][1][safepoint    ] Entering safepoint region: RevokeBias
[2020-01-13T13:02:55.983+0000][1][safepoint    ] Leaving safepoint region
[2020-01-13T13:02:55.983+0000][1][safepoint    ] Total time for which application threads were stopped: 0.0000424 seconds, Stopping threads took: 0.0000125 seconds
[2020-01-13T13:02:55.984+0000][1][safepoint    ] Application time: 0.0000875 seconds
[2020-01-13T13:02:55.984+0000][1][safepoint    ] Entering safepoint region: RevokeBias
[2020-01-13T13:02:55.984+0000][1][safepoint    ] Leaving safepoint region
[2020-01-13T13:02:55.984+0000][1][safepoint    ] Total time for which application threads were stopped: 0.0000455 seconds, Stopping threads took: 0.0000133 seconds
[2020-01-13T13:02:55.985+0000][1][safepoint    ] Application time: 0.0009532 seconds
[2020-01-13T13:02:55.985+0000][1][safepoint    ] Entering safepoint region: RevokeBias
[2020-01-13T13:02:55.985+0000][1][safepoint    ] Leaving safepoint region
[2020-01-13T13:02:55.985+0000][1][safepoint    ] Total time for which application threads were stopped: 0.0001359 seconds, Stopping threads took: 0.0000247 seconds
[2020-01-13T13:02:55.985+0000][1][safepoint    ] Application time: 0.0000836 seconds
[2020-01-13T13:02:55.985+0000][1][safepoint    ] Entering safepoint region: RevokeBias
[2020-01-13T13:02:55.985+0000][1][safepoint    ] Leaving safepoint region
[2020-01-13T13:02:55.985+0000][1][safepoint    ] Total time for which application threads were stopped: 0.0000865 seconds, Stopping threads took: 0.0000338 seconds
[2020-01-13T13:02:55.985+0000][1][safepoint    ] Application time: 0.0004048 seconds
[2020-01-13T13:02:55.987+0000][1][safepoint    ] Entering safepoint region: RevokeBias
[2020-01-13T13:02:55.987+0000][1][safepoint    ] Leaving safepoint region
[2020-01-13T13:02:55.987+0000][1][safepoint    ] Total time for which application threads were stopped: 0.0015251 seconds, Stopping threads took: 0.0014475 seconds
[2020-01-13T13:02:55.987+0000][1][safepoint    ] Application time: 0.0002309 seconds
[2020-01-13T13:02:55.987+0000][1][safepoint    ] Entering safepoint region: RevokeBias
[2020-01-13T13:02:55.987+0000][1][safepoint    ] Leaving safepoint region
[2020-01-13T13:02:55.987+0000][1][safepoint    ] Total time for which application threads were stopped: 0.0000697 seconds, Stopping threads took: 0.0000170 seconds
[2020-01-13T13:02:55.987+0000][1][safepoint    ] Application time: 0.0000269 seconds
[2020-01-13T13:02:55.987+0000][1][safepoint    ] Entering safepoint region: RevokeBias
[2020-01-13T13:02:55.987+0000][1][safepoint    ] Leaving safepoint region
[2020-01-13T13:02:55.987+0000][1][safepoint    ] Total time for which application threads were stopped: 0.0000806 seconds, Stopping threads took: 0.0000168 seconds
[2020-01-13T13:02:55.987+0000][1][safepoint    ] Application time: 0.0000235 seconds
[2020-01-13T13:02:55.987+0000][1][safepoint    ] Entering safepoint region: RevokeBias
[2020-01-13T13:02:55.987+0000][1][safepoint    ] Leaving safepoint region
[2020-01-13T13:02:55.987+0000][1][safepoint    ] Total time for which application threads were stopped: 0.0000400 seconds, Stopping threads took: 0.0000128 seconds
[2020-01-13T13:02:55.987+0000][1][safepoint    ] Application time: 0.0000202 seconds
[2020-01-13T13:02:55.987+0000][1][safepoint    ] Entering safepoint region: RevokeBias
[2020-01-13T13:02:55.987+0000][1][safepoint    ] Leaving safepoint region
[2020-01-13T13:02:55.987+0000][1][safepoint    ] Total time for which application threads were stopped: 0.0000369 seconds, Stopping threads took: 0.0000123 seconds
[2020-01-13T13:02:55.988+0000][1][safepoint    ] Application time: 0.0000211 seconds
[2020-01-13T13:02:55.988+0000][1][safepoint    ] Entering safepoint region: RevokeBias
[2020-01-13T13:02:55.988+0000][1][safepoint    ] Leaving safepoint region
[2020-01-13T13:02:55.988+0000][1][safepoint    ] Total time for which application threads were stopped: 0.0000366 seconds, Stopping threads took: 0.0000123 seconds
[2020-01-13T13:02:55.988+0000][1][safepoint    ] Application time: 0.0000206 seconds
[2020-01-13T13:02:55.988+0000][1][safepoint    ] Entering safepoint region: RevokeBias
[2020-01-13T13:02:55.988+0000][1][safepoint    ] Leaving safepoint region
[2020-01-13T13:02:55.988+0000][1][safepoint    ] Total time for which application threads were stopped: 0.0000362 seconds, Stopping threads took: 0.0000122 seconds
[2020-01-13T13:02:55.988+0000][1][safepoint    ] Application time: 0.0000200 seconds
[2020-01-13T13:02:55.988+0000][1][safepoint    ] Entering safepoint region: RevokeBias
[2020-01-13T13:02:55.988+0000][1][safepoint    ] Leaving safepoint region
[2020-01-13T13:02:55.988+0000][1][safepoint    ] Total time for which application threads were stopped: 0.0000361 seconds, Stopping threads took: 0.0000122 seconds
[2020-01-13T13:02:55.988+0000][1][safepoint    ] Application time: 0.0000321 seconds
[2020-01-13T13:02:55.988+0000][1][safepoint    ] Entering safepoint region: RevokeBias
[2020-01-13T13:02:55.988+0000][1][safepoint    ] Leaving safepoint region
[2020-01-13T13:02:55.988+0000][1][safepoint    ] Total time for which application threads were stopped: 0.0000368 seconds, Stopping threads took: 0.0000124 seconds
[2020-01-13T13:02:55.988+0000][1][safepoint    ] Application time: 0.0000209 seconds
[2020-01-13T13:02:55.988+0000][1][safepoint    ] Entering safepoint region: RevokeBias
[2020-01-13T13:02:55.988+0000][1][safepoint    ] Leaving safepoint region
[2020-01-13T13:02:55.988+0000][1][safepoint    ] Total time for which application threads were stopped: 0.0000363 seconds, Stopping threads took: 0.0000121 seconds
[2020-01-13T13:02:55.988+0000][1][safepoint    ] Application time: 0.0000204 seconds
[2020-01-13T13:02:55.988+0000][1][safepoint    ] Entering safepoint region: RevokeBias
[2020-01-13T13:02:55.988+0000][1][safepoint    ] Leaving safepoint region
[2020-01-13T13:02:55.988+0000][1][safepoint    ] Total time for which application threads were stopped: 0.0000360 seconds, Stopping threads took: 0.0000121 seconds
[2020-01-13T13:02:55.988+0000][1][safepoint    ] Application time: 0.0000205 seconds
[2020-01-13T13:02:55.988+0000][1][safepoint    ] Entering safepoint region: RevokeBias
[2020-01-13T13:02:55.988+0000][1][safepoint    ] Leaving safepoint region
[2020-01-13T13:02:55.988+0000][1][safepoint    ] Total time for which application threads were stopped: 0.0000362 seconds, Stopping threads took: 0.0000124 seconds
[2020-01-13T13:02:55.988+0000][1][safepoint    ] Application time: 0.0000240 seconds
[2020-01-13T13:02:55.988+0000][1][safepoint    ] Entering safepoint region: RevokeBias
[2020-01-13T13:02:55.988+0000][1][safepoint    ] Leaving safepoint region
[2020-01-13T13:02:55.988+0000][1][safepoint    ] Total time for which application threads were stopped: 0.0000363 seconds, Stopping threads took: 0.0000121 seconds
[2020-01-13T13:02:55.988+0000][1][safepoint    ] Application time: 0.0000200 seconds
[2020-01-13T13:02:55.988+0000][1][safepoint    ] Entering safepoint region: RevokeBias
[2020-01-13T13:02:55.988+0000][1][safepoint    ] Leaving safepoint region
[2020-01-13T13:02:55.988+0000][1][safepoint    ] Total time for which application threads were stopped: 0.0000358 seconds, Stopping threads took: 0.0000121 seconds
[2020-01-13T13:02:55.988+0000][1][safepoint    ] Application time: 0.0000199 seconds
[2020-01-13T13:02:55.988+0000][1][safepoint    ] Entering safepoint region: RevokeBias
[2020-01-13T13:02:55.988+0000][1][safepoint    ] Leaving safepoint region
[2020-01-13T13:02:55.988+0000][1][safepoint    ] Total time for which application threads were stopped: 0.0000359 seconds, Stopping threads took: 0.0000121 seconds
[2020-01-13T13:02:55.988+0000][1][safepoint    ] Application time: 0.0000220 seconds
[2020-01-13T13:02:55.988+0000][1][safepoint    ] Entering safepoint region: RevokeBias
[2020-01-13T13:02:55.988+0000][1][safepoint    ] Leaving safepoint region
[2020-01-13T13:02:55.988+0000][1][safepoint    ] Total time for which application threads were stopped: 0.0000359 seconds, Stopping threads took: 0.0000119 seconds
[2020-01-13T13:02:55.988+0000][1][safepoint    ] Application time: 0.0000203 seconds
[2020-01-13T13:02:55.988+0000][1][safepoint    ] Entering safepoint region: RevokeBias
[2020-01-13T13:02:55.988+0000][1][safepoint    ] Leaving safepoint region
[2020-01-13T13:02:55.988+0000][1][safepoint    ] Total time for which application threads were stopped: 0.0000465 seconds, Stopping threads took: 0.0000122 seconds
[2020-01-13T13:02:55.988+0000][1][safepoint    ] Application time: 0.0000244 seconds
[2020-01-13T13:02:55.988+0000][1][safepoint    ] Entering safepoint region: RevokeBias
[2020-01-13T13:02:55.988+0000][1][safepoint    ] Leaving safepoint region
[2020-01-13T13:02:55.988+0000][1][safepoint    ] Total time for which application threads were stopped: 0.0000365 seconds, Stopping threads took: 0.0000121 seconds
[2020-01-13T13:02:55.988+0000][1][safepoint    ] Application time: 0.0000214 seconds
[2020-01-13T13:02:55.988+0000][1][safepoint    ] Entering safepoint region: RevokeBias
[2020-01-13T13:02:55.988+0000][1][safepoint    ] Leaving safepoint region
[2020-01-13T13:02:55.988+0000][1][safepoint    ] Total time for which application threads were stopped: 0.0000360 seconds, Stopping threads took: 0.0000120 seconds
[2020-01-13T13:02:55.989+0000][1][safepoint    ] Application time: 0.0000254 seconds
[2020-01-13T13:02:55.989+0000][1][safepoint    ] Entering safepoint region: RevokeBias
[2020-01-13T13:02:55.989+0000][1][safepoint    ] Leaving safepoint region
[2020-01-13T13:02:55.989+0000][1][safepoint    ] Total time for which application threads were stopped: 0.0000363 seconds, Stopping threads took: 0.0000121 seconds
[2020-01-13T13:02:55.989+0000][1][safepoint    ] Application time: 0.0000216 seconds
[2020-01-13T13:02:55.989+0000][1][safepoint    ] Entering safepoint region: BulkRevokeBias
[2020-01-13T13:02:55.989+0000][1][safepoint    ] Leaving safepoint region
[2020-01-13T13:02:55.989+0000][1][safepoint    ] Total time for which application threads were stopped: 0.0001154 seconds, Stopping threads took: 0.0000123 seconds
[2020-01-13T13:02:55.989+0000][1][safepoint    ] Application time: 0.0001595 seconds
[2020-01-13T13:02:55.989+0000][1][safepoint    ] Entering safepoint region: RevokeBias
[2020-01-13T13:02:55.989+0000][1][safepoint    ] Leaving safepoint region
[2020-01-13T13:02:55.989+0000][1][safepoint    ] Total time for which application threads were stopped: 0.0000561 seconds, Stopping threads took: 0.0000136 seconds
[2020-01-13T13:02:55.989+0000][1][safepoint    ] Application time: 0.0000568 seconds
[2020-01-13T13:02:55.989+0000][1][safepoint    ] Entering safepoint region: RevokeBias
[2020-01-13T13:02:55.989+0000][1][safepoint    ] Leaving safepoint region
[2020-01-13T13:02:55.989+0000][1][safepoint    ] Total time for which application threads were stopped: 0.0000402 seconds, Stopping threads took: 0.0000125 seconds
[2020-01-13T13:02:55.989+0000][1][safepoint    ] Application time: 0.0000626 seconds
[2020-01-13T13:02:55.989+0000][1][safepoint    ] Entering safepoint region: RevokeBias
[2020-01-13T13:02:55.989+0000][1][safepoint    ] Leaving safepoint region
[2020-01-13T13:02:55.989+0000][1][safepoint    ] Total time for which application threads were stopped: 0.0000402 seconds, Stopping threads took: 0.0000127 seconds
[2020-01-13T13:02:55.989+0000][1][safepoint    ] Application time: 0.0000322 seconds
[2020-01-13T13:02:55.989+0000][1][safepoint    ] Entering safepoint region: RevokeBias
[2020-01-13T13:02:55.989+0000][1][safepoint    ] Leaving safepoint region
[2020-01-13T13:02:55.989+0000][1][safepoint    ] Total time for which application threads were stopped: 0.0000368 seconds, Stopping threads took: 0.0000123 seconds
[2020-01-13T13:02:55.989+0000][1][safepoint    ] Application time: 0.0000625 seconds
[2020-01-13T13:02:55.989+0000][1][safepoint    ] Entering safepoint region: RevokeBias
[2020-01-13T13:02:55.989+0000][1][safepoint    ] Leaving safepoint region
[2020-01-13T13:02:55.989+0000][1][safepoint    ] Total time for which application threads were stopped: 0.0000599 seconds, Stopping threads took: 0.0000291 seconds
[2020-01-13T13:02:55.990+0000][1][safepoint    ] Application time: 0.0002521 seconds
[2020-01-13T13:02:55.990+0000][1][safepoint    ] Entering safepoint region: RevokeBias
[2020-01-13T13:02:55.990+0000][1][safepoint    ] Leaving safepoint region
[2020-01-13T13:02:55.990+0000][1][safepoint    ] Total time for which application threads were stopped: 0.0000445 seconds, Stopping threads took: 0.0000062 seconds
[2020-01-13T13:02:55.990+0000][1][safepoint    ] Application time: 0.0000293 seconds
[2020-01-13T13:02:55.990+0000][1][safepoint    ] Entering safepoint region: RevokeBias
[2020-01-13T13:02:55.990+0000][1][safepoint    ] Leaving safepoint region
[2020-01-13T13:02:55.990+0000][1][safepoint    ] Total time for which application threads were stopped: 0.0000739 seconds, Stopping threads took: 0.0000287 seconds
[2020-01-13T13:02:55.990+0000][1][safepoint    ] Application time: 0.0001294 seconds
[2020-01-13T13:02:55.990+0000][1][safepoint    ] Entering safepoint region: RevokeBias
[2020-01-13T13:02:55.990+0000][1][safepoint    ] Leaving safepoint region
[2020-01-13T13:02:55.990+0000][1][safepoint    ] Total time for which application threads were stopped: 0.0000479 seconds, Stopping threads took: 0.0000167 seconds
[2020-01-13T13:02:55.990+0000][1][safepoint    ] Application time: 0.0000288 seconds
[2020-01-13T13:02:55.990+0000][1][safepoint    ] Entering safepoint region: RevokeBias
[2020-01-13T13:02:55.990+0000][1][safepoint    ] Leaving safepoint region
[2020-01-13T13:02:55.990+0000][1][safepoint    ] Total time for which application threads were stopped: 0.0000434 seconds, Stopping threads took: 0.0000124 seconds
[2020-01-13T13:02:55.990+0000][1][safepoint    ] Application time: 0.0003794 seconds
[2020-01-13T13:02:55.990+0000][1][safepoint    ] Entering safepoint region: RevokeBias
[2020-01-13T13:02:55.991+0000][1][safepoint    ] Leaving safepoint region
[2020-01-13T13:02:55.991+0000][1][safepoint    ] Total time for which application threads were stopped: 0.0000698 seconds, Stopping threads took: 0.0000222 seconds
[2020-01-13T13:02:55.991+0000][1][safepoint    ] Application time: 0.0000256 seconds
[2020-01-13T13:02:55.991+0000][1][safepoint    ] Entering safepoint region: RevokeBias
[2020-01-13T13:02:55.991+0000][1][safepoint    ] Leaving safepoint region
[2020-01-13T13:02:55.991+0000][1][safepoint    ] Total time for which application threads were stopped: 0.0000372 seconds, Stopping threads took: 0.0000125 seconds
[2020-01-13T13:02:55.991+0000][1][safepoint    ] Application time: 0.0000206 seconds
[2020-01-13T13:02:55.991+0000][1][safepoint    ] Entering safepoint region: RevokeBias
[2020-01-13T13:02:55.991+0000][1][safepoint    ] Leaving safepoint region
[2020-01-13T13:02:55.991+0000][1][safepoint    ] Total time for which application threads were stopped: 0.0000434 seconds, Stopping threads took: 0.0000121 seconds
[2020-01-13T13:02:55.991+0000][1][safepoint    ] Application time: 0.0000454 seconds
[2020-01-13T13:02:55.991+0000][1][safepoint    ] Entering safepoint region: RevokeBias
[2020-01-13T13:02:55.991+0000][1][safepoint    ] Leaving safepoint region
[2020-01-13T13:02:55.991+0000][1][safepoint    ] Total time for which application threads were stopped: 0.0000385 seconds, Stopping threads took: 0.0000072 seconds
[2020-01-13T13:02:55.991+0000][1][safepoint    ] Application time: 0.0000228 seconds
[2020-01-13T13:02:55.991+0000][1][safepoint    ] Entering safepoint region: RevokeBias
[2020-01-13T13:02:55.991+0000][1][safepoint    ] Leaving safepoint region
[2020-01-13T13:02:55.991+0000][1][safepoint    ] Total time for which application threads were stopped: 0.0000283 seconds, Stopping threads took: 0.0000052 seconds
[2020-01-13T13:02:55.991+0000][1][safepoint    ] Application time: 0.0000196 seconds
[2020-01-13T13:02:55.991+0000][1][safepoint    ] Entering safepoint region: RevokeBias
[2020-01-13T13:02:55.991+0000][1][safepoint    ] Leaving safepoint region
[2020-01-13T13:02:55.991+0000][1][safepoint    ] Total time for which application threads were stopped: 0.0000272 seconds, Stopping threads took: 0.0000051 seconds
[2020-01-13T13:02:55.991+0000][1][safepoint    ] Application time: 0.0000206 seconds
[2020-01-13T13:02:55.991+0000][1][safepoint    ] Entering safepoint region: RevokeBias
[2020-01-13T13:02:55.991+0000][1][safepoint    ] Leaving safepoint region
[2020-01-13T13:02:55.991+0000][1][safepoint    ] Total time for which application threads were stopped: 0.0000271 seconds, Stopping threads took: 0.0000052 seconds
[2020-01-13T13:02:55.991+0000][1][safepoint    ] Application time: 0.0000196 seconds
[2020-01-13T13:02:55.991+0000][1][safepoint    ] Entering safepoint region: RevokeBias
[2020-01-13T13:02:55.991+0000][1][safepoint    ] Leaving safepoint region
[2020-01-13T13:02:55.991+0000][1][safepoint    ] Total time for which application threads were stopped: 0.0000268 seconds, Stopping threads took: 0.0000051 seconds
[2020-01-13T13:02:55.991+0000][1][safepoint    ] Application time: 0.0000189 seconds
[2020-01-13T13:02:55.991+0000][1][safepoint    ] Entering safepoint region: RevokeBias
[2020-01-13T13:02:55.991+0000][1][safepoint    ] Leaving safepoint region
[2020-01-13T13:02:55.991+0000][1][safepoint    ] Total time for which application threads were stopped: 0.0000414 seconds, Stopping threads took: 0.0000065 seconds
[2020-01-13T13:02:55.991+0000][1][safepoint    ] Application time: 0.0000241 seconds
[2020-01-13T13:02:55.991+0000][1][safepoint    ] Entering safepoint region: RevokeBias
[2020-01-13T13:02:55.991+0000][1][safepoint    ] Leaving safepoint region
[2020-01-13T13:02:55.991+0000][1][safepoint    ] Total time for which application threads were stopped: 0.0000312 seconds, Stopping threads took: 0.0000053 seconds
[2020-01-13T13:02:55.991+0000][1][safepoint    ] Application time: 0.0000196 seconds
[2020-01-13T13:02:55.991+0000][1][safepoint    ] Entering safepoint region: RevokeBias
[2020-01-13T13:02:55.991+0000][1][safepoint    ] Leaving safepoint region
[2020-01-13T13:02:55.991+0000][1][safepoint    ] Total time for which application threads were stopped: 0.0000271 seconds, Stopping threads took: 0.0000051 seconds
[2020-01-13T13:02:55.991+0000][1][safepoint    ] Application time: 0.0000194 seconds
[2020-01-13T13:02:55.991+0000][1][safepoint    ] Entering safepoint region: RevokeBias
[2020-01-13T13:02:55.991+0000][1][safepoint    ] Leaving safepoint region
[2020-01-13T13:02:55.991+0000][1][safepoint    ] Total time for which application threads were stopped: 0.0000286 seconds, Stopping threads took: 0.0000051 seconds
[2020-01-13T13:02:55.991+0000][1][safepoint    ] Application time: 0.0000396 seconds
[2020-01-13T13:02:55.991+0000][1][safepoint    ] Entering safepoint region: RevokeBias
[2020-01-13T13:02:55.991+0000][1][safepoint    ] Leaving safepoint region
[2020-01-13T13:02:55.991+0000][1][safepoint    ] Total time for which application threads were stopped: 0.0000328 seconds, Stopping threads took: 0.0000055 seconds
[2020-01-13T13:02:55.991+0000][1][safepoint    ] Application time: 0.0000205 seconds
[2020-01-13T13:02:55.991+0000][1][safepoint    ] Entering safepoint region: RevokeBias
[2020-01-13T13:02:55.991+0000][1][safepoint    ] Leaving safepoint region
[2020-01-13T13:02:55.991+0000][1][safepoint    ] Total time for which application threads were stopped: 0.0000272 seconds, Stopping threads took: 0.0000051 seconds
[2020-01-13T13:02:55.991+0000][1][safepoint    ] Application time: 0.0000193 seconds
[2020-01-13T13:02:55.991+0000][1][safepoint    ] Entering safepoint region: RevokeBias
[2020-01-13T13:02:55.991+0000][1][safepoint    ] Leaving safepoint region
[2020-01-13T13:02:55.991+0000][1][safepoint    ] Total time for which application threads were stopped: 0.0000341 seconds, Stopping threads took: 0.0000051 seconds
[2020-01-13T13:02:55.992+0000][1][safepoint    ] Application time: 0.0000204 seconds
[2020-01-13T13:02:55.992+0000][1][safepoint    ] Entering safepoint region: RevokeBias
[2020-01-13T13:02:55.992+0000][1][safepoint    ] Leaving safepoint region
[2020-01-13T13:02:55.992+0000][1][safepoint    ] Total time for which application threads were stopped: 0.0000270 seconds, Stopping threads took: 0.0000051 seconds
[2020-01-13T13:02:55.992+0000][1][safepoint    ] Application time: 0.0000215 seconds
[2020-01-13T13:02:55.992+0000][1][safepoint    ] Entering safepoint region: RevokeBias
[2020-01-13T13:02:55.992+0000][1][safepoint    ] Leaving safepoint region
[2020-01-13T13:02:55.992+0000][1][safepoint    ] Total time for which application threads were stopped: 0.0000270 seconds, Stopping threads took: 0.0000051 seconds
[2020-01-13T13:02:55.992+0000][1][safepoint    ] Application time: 0.0000200 seconds
[2020-01-13T13:02:55.992+0000][1][safepoint    ] Entering safepoint region: RevokeBias
[2020-01-13T13:02:55.992+0000][1][safepoint    ] Leaving safepoint region
[2020-01-13T13:02:55.992+0000][1][safepoint    ] Total time for which application threads were stopped: 0.0000267 seconds, Stopping threads took: 0.0000051 seconds
[2020-01-13T13:02:55.992+0000][1][safepoint    ] Application time: 0.0000201 seconds
[2020-01-13T13:02:55.992+0000][1][safepoint    ] Entering safepoint region: BulkRevokeBias
[2020-01-13T13:02:55.992+0000][1][safepoint    ] Leaving safepoint region
[2020-01-13T13:02:55.992+0000][1][safepoint    ] Total time for which application threads were stopped: 0.0001098 seconds, Stopping threads took: 0.0000052 seconds
[2020-01-13T13:02:55.995+0000][1][safepoint    ] Application time: 0.0035558 seconds
[2020-01-13T13:02:55.996+0000][1][safepoint    ] Entering safepoint region: RevokeBias
[2020-01-13T13:02:55.996+0000][1][safepoint    ] Leaving safepoint region
[2020-01-13T13:02:55.996+0000][1][safepoint    ] Total time for which application threads were stopped: 0.0009973 seconds, Stopping threads took: 0.0009319 seconds
[2020-01-13T13:02:55.996+0000][1][safepoint    ] Application time: 0.0000756 seconds
[2020-01-13T13:02:55.996+0000][1][safepoint    ] Entering safepoint region: RevokeBias
[2020-01-13T13:02:55.997+0000][1][safepoint    ] Leaving safepoint region
[2020-01-13T13:02:55.997+0000][1][safepoint    ] Total time for which application threads were stopped: 0.0000302 seconds, Stopping threads took: 0.0000052 seconds
[2020-01-13T13:02:55.997+0000][1][safepoint    ] Application time: 0.0001267 seconds
[2020-01-13T13:02:55.997+0000][1][safepoint    ] Entering safepoint region: RevokeBias
[2020-01-13T13:02:55.997+0000][1][safepoint    ] Leaving safepoint region
[2020-01-13T13:02:55.997+0000][1][safepoint    ] Total time for which application threads were stopped: 0.0000273 seconds, Stopping threads took: 0.0000048 seconds
[2020-01-13T13:02:55.997+0000][1][safepoint    ] Application time: 0.0000656 seconds
[2020-01-13T13:02:55.997+0000][1][safepoint    ] Entering safepoint region: RevokeBias
[2020-01-13T13:02:55.997+0000][1][safepoint    ] Leaving safepoint region
[2020-01-13T13:02:55.997+0000][1][safepoint    ] Total time for which application threads were stopped: 0.0000288 seconds, Stopping threads took: 0.0000056 seconds
[2020-01-13T13:02:55.997+0000][1][safepoint    ] Application time: 0.0000205 seconds
[2020-01-13T13:02:55.997+0000][1][safepoint    ] Entering safepoint region: RevokeBias
[2020-01-13T13:02:55.997+0000][1][safepoint    ] Leaving safepoint region
[2020-01-13T13:02:55.997+0000][1][safepoint    ] Total time for which application threads were stopped: 0.0000253 seconds, Stopping threads took: 0.0000052 seconds
[2020-01-13T13:02:55.997+0000][1][safepoint    ] Application time: 0.0000198 seconds
[2020-01-13T13:02:55.997+0000][1][safepoint    ] Entering safepoint region: RevokeBias
[2020-01-13T13:02:55.997+0000][1][safepoint    ] Leaving safepoint region
[2020-01-13T13:02:55.997+0000][1][safepoint    ] Total time for which application threads were stopped: 0.0000245 seconds, Stopping threads took: 0.0000051 seconds
[2020-01-13T13:02:55.997+0000][1][safepoint    ] Application time: 0.0002662 seconds
[2020-01-13T13:02:55.997+0000][1][safepoint    ] Entering safepoint region: RevokeBias
[2020-01-13T13:02:55.997+0000][1][safepoint    ] Leaving safepoint region
[2020-01-13T13:02:55.997+0000][1][safepoint    ] Total time for which application threads were stopped: 0.0000351 seconds, Stopping threads took: 0.0000062 seconds
[2020-01-13T13:02:55.997+0000][1][safepoint    ] Application time: 0.0000211 seconds
[2020-01-13T13:02:55.997+0000][1][safepoint    ] Entering safepoint region: RevokeBias
[2020-01-13T13:02:55.997+0000][1][safepoint    ] Leaving safepoint region
[2020-01-13T13:02:55.997+0000][1][safepoint    ] Total time for which application threads were stopped: 0.0000258 seconds, Stopping threads took: 0.0000054 seconds
[2020-01-13T13:02:55.997+0000][1][safepoint    ] Application time: 0.0000199 seconds
[2020-01-13T13:02:55.997+0000][1][safepoint    ] Entering safepoint region: RevokeBias
[2020-01-13T13:02:55.997+0000][1][safepoint    ] Leaving safepoint region
[2020-01-13T13:02:55.997+0000][1][safepoint    ] Total time for which application threads were stopped: 0.0000455 seconds, Stopping threads took: 0.0000053 seconds
[2020-01-13T13:02:55.997+0000][1][safepoint    ] Application time: 0.0000207 seconds
[2020-01-13T13:02:55.997+0000][1][safepoint    ] Entering safepoint region: RevokeBias
[2020-01-13T13:02:55.997+0000][1][safepoint    ] Leaving safepoint region
[2020-01-13T13:02:55.997+0000][1][safepoint    ] Total time for which application threads were stopped: 0.0000249 seconds, Stopping threads took: 0.0000054 seconds
[2020-01-13T13:02:55.997+0000][1][safepoint    ] Application time: 0.0000189 seconds
[2020-01-13T13:02:55.997+0000][1][safepoint    ] Entering safepoint region: RevokeBias
[2020-01-13T13:02:55.997+0000][1][safepoint    ] Leaving safepoint region
[2020-01-13T13:02:55.997+0000][1][safepoint    ] Total time for which application threads were stopped: 0.0000245 seconds, Stopping threads took: 0.0000052 seconds
[2020-01-13T13:02:55.998+0000][1][safepoint    ] Application time: 0.0000196 seconds
[2020-01-13T13:02:55.998+0000][1][safepoint    ] Entering safepoint region: BulkRevokeBias
[2020-01-13T13:02:55.998+0000][1][safepoint    ] Leaving safepoint region
[2020-01-13T13:02:55.998+0000][1][safepoint    ] Total time for which application threads were stopped: 0.0000789 seconds, Stopping threads took: 0.0000053 seconds
[2020-01-13T13:02:55.998+0000][1][safepoint    ] Application time: 0.0001104 seconds
[2020-01-13T13:02:55.998+0000][1][safepoint    ] Entering safepoint region: RevokeBias
[2020-01-13T13:02:55.998+0000][1][safepoint    ] Leaving safepoint region
[2020-01-13T13:02:55.998+0000][1][safepoint    ] Total time for which application threads were stopped: 0.0000524 seconds, Stopping threads took: 0.0000054 seconds
[2020-01-13T13:02:55.998+0000][1][safepoint    ] Application time: 0.0001461 seconds
[2020-01-13T13:02:55.998+0000][1][safepoint    ] Entering safepoint region: RevokeBias
[2020-01-13T13:02:55.998+0000][1][safepoint    ] Leaving safepoint region
[2020-01-13T13:02:55.998+0000][1][safepoint    ] Total time for which application threads were stopped: 0.0000390 seconds, Stopping threads took: 0.0000066 seconds
[2020-01-13T13:02:55.998+0000][1][safepoint    ] Application time: 0.0001671 seconds
[2020-01-13T13:02:55.998+0000][1][safepoint    ] Entering safepoint region: RevokeBias
[2020-01-13T13:02:55.998+0000][1][safepoint    ] Leaving safepoint region
[2020-01-13T13:02:55.998+0000][1][safepoint    ] Total time for which application threads were stopped: 0.0000448 seconds, Stopping threads took: 0.0000077 seconds
[2020-01-13T13:02:55.999+0000][1][safepoint    ] Application time: 0.0003971 seconds
[2020-01-13T13:02:55.999+0000][1][safepoint    ] Entering safepoint region: RevokeBias
[2020-01-13T13:02:55.999+0000][1][safepoint    ] Leaving safepoint region
[2020-01-13T13:02:55.999+0000][1][safepoint    ] Total time for which application threads were stopped: 0.0000447 seconds, Stopping threads took: 0.0000072 seconds
[2020-01-13T13:02:55.999+0000][1][safepoint    ] Application time: 0.0004787 seconds
[2020-01-13T13:02:56.002+0000][1][safepoint    ] Entering safepoint region: RevokeBias
[2020-01-13T13:02:56.002+0000][1][safepoint    ] Leaving safepoint region
[2020-01-13T13:02:56.002+0000][1][safepoint    ] Total time for which application threads were stopped: 0.0032856 seconds, Stopping threads took: 0.0032206 seconds
[2020-01-13T13:02:56.003+0000][1][safepoint    ] Application time: 0.0003297 seconds
[2020-01-13T13:02:56.003+0000][1][safepoint    ] Entering safepoint region: RevokeBias
[2020-01-13T13:02:56.003+0000][1][safepoint    ] Leaving safepoint region
[2020-01-13T13:02:56.003+0000][1][safepoint    ] Total time for which application threads were stopped: 0.0000617 seconds, Stopping threads took: 0.0000181 seconds
[2020-01-13T13:02:56.003+0000][1][safepoint    ] Application time: 0.0002585 seconds
[2020-01-13T13:02:56.003+0000][1][safepoint    ] Entering safepoint region: RevokeBias
[2020-01-13T13:02:56.003+0000][1][safepoint    ] Leaving safepoint region
[2020-01-13T13:02:56.003+0000][1][safepoint    ] Total time for which application threads were stopped: 0.0000621 seconds, Stopping threads took: 0.0000200 seconds
[2020-01-13T13:02:56.005+0000][1][safepoint    ] Application time: 0.0013696 seconds
[2020-01-13T13:02:56.005+0000][1][safepoint    ] Entering safepoint region: RevokeBias
[2020-01-13T13:02:56.005+0000][1][safepoint    ] Leaving safepoint region
[2020-01-13T13:02:56.005+0000][1][safepoint    ] Total time for which application threads were stopped: 0.0000836 seconds, Stopping threads took: 0.0000262 seconds
[2020-01-13T13:02:56.007+0000][1][safepoint    ] Application time: 0.0026620 seconds
[2020-01-13T13:02:56.007+0000][1][safepoint    ] Entering safepoint region: RevokeBias
[2020-01-13T13:02:56.007+0000][1][safepoint    ] Leaving safepoint region
[2020-01-13T13:02:56.007+0000][1][safepoint    ] Total time for which application threads were stopped: 0.0000882 seconds, Stopping threads took: 0.0000358 seconds
[2020-01-13T13:02:56.008+0000][1][safepoint    ] Application time: 0.0005375 seconds
[2020-01-13T13:02:56.008+0000][1][safepoint    ] Entering safepoint region: RevokeBias
[2020-01-13T13:02:56.008+0000][1][safepoint    ] Leaving safepoint region
[2020-01-13T13:02:56.008+0000][1][safepoint    ] Total time for which application threads were stopped: 0.0000845 seconds, Stopping threads took: 0.0000248 seconds
[2020-01-13T13:02:56.008+0000][1][safepoint    ] Application time: 0.0000499 seconds
[2020-01-13T13:02:56.008+0000][1][safepoint    ] Entering safepoint region: RevokeBias
[2020-01-13T13:02:56.008+0000][1][safepoint    ] Leaving safepoint region
[2020-01-13T13:02:56.008+0000][1][safepoint    ] Total time for which application threads were stopped: 0.0000647 seconds, Stopping threads took: 0.0000193 seconds
[2020-01-13T13:02:56.016+0000][1][safepoint    ] Application time: 0.0076572 seconds
[2020-01-13T13:02:56.020+0000][1][safepoint    ] Entering safepoint region: RevokeBias
[2020-01-13T13:02:56.020+0000][1][safepoint    ] Leaving safepoint region
[2020-01-13T13:02:56.020+0000][1][safepoint    ] Total time for which application threads were stopped: 0.0044963 seconds, Stopping threads took: 0.0043398 seconds
[2020-01-13T13:02:56.021+0000][1][safepoint    ] Application time: 0.0000567 seconds
[2020-01-13T13:02:56.021+0000][1][safepoint    ] Entering safepoint region: RevokeBias
[2020-01-13T13:02:56.021+0000][1][safepoint    ] Leaving safepoint region
[2020-01-13T13:02:56.021+0000][1][safepoint    ] Total time for which application threads were stopped: 0.0000406 seconds, Stopping threads took: 0.0000059 seconds
[2020-01-13T13:02:56.021+0000][1][safepoint    ] Application time: 0.0002694 seconds
[2020-01-13T13:02:56.021+0000][1][safepoint    ] Entering safepoint region: RevokeBias
[2020-01-13T13:02:56.021+0000][1][safepoint    ] Leaving safepoint region
[2020-01-13T13:02:56.021+0000][1][safepoint    ] Total time for which application threads were stopped: 0.0000477 seconds, Stopping threads took: 0.0000066 seconds
[2020-01-13T13:02:56.023+0000][1][safepoint    ] Application time: 0.0016351 seconds
[2020-01-13T13:02:56.023+0000][1][safepoint    ] Entering safepoint region: RevokeBias
[2020-01-13T13:02:56.023+0000][1][safepoint    ] Leaving safepoint region
[2020-01-13T13:02:56.023+0000][1][safepoint    ] Total time for which application threads were stopped: 0.0000615 seconds, Stopping threads took: 0.0000107 seconds
[2020-01-13T13:02:56.030+0000][1][safepoint    ] Application time: 0.0075942 seconds
[2020-01-13T13:02:56.030+0000][1][safepoint    ] Entering safepoint region: RevokeBias
[2020-01-13T13:02:56.030+0000][1][safepoint    ] Leaving safepoint region
[2020-01-13T13:02:56.030+0000][1][safepoint    ] Total time for which application threads were stopped: 0.0001454 seconds, Stopping threads took: 0.0000602 seconds
[2020-01-13T13:02:56.041+0000][1][safepoint    ] Application time: 0.0107044 seconds
[2020-01-13T13:02:56.041+0000][1][safepoint    ] Entering safepoint region: RevokeBias
[2020-01-13T13:02:56.041+0000][1][safepoint    ] Leaving safepoint region
[2020-01-13T13:02:56.041+0000][1][safepoint    ] Total time for which application threads were stopped: 0.0001231 seconds, Stopping threads took: 0.0000340 seconds
[2020-01-13T13:02:56.194+0000][1][safepoint    ] Application time: 0.1528170 seconds
[2020-01-13T13:02:56.197+0000][1][safepoint    ] Entering safepoint region: RevokeBias
[2020-01-13T13:02:56.198+0000][1][safepoint    ] Leaving safepoint region
[2020-01-13T13:02:56.198+0000][1][safepoint    ] Total time for which application threads were stopped: 0.0033030 seconds, Stopping threads took: 0.0031975 seconds
[2020-01-13T13:02:56.752+0000][1][safepoint    ] Application time: 0.5548087 seconds
[2020-01-13T13:02:56.752+0000][1][safepoint    ] Entering safepoint region: RevokeBias
[2020-01-13T13:02:56.752+0000][1][safepoint    ] Leaving safepoint region
[2020-01-13T13:02:56.753+0000][1][safepoint    ] Total time for which application threads were stopped: 0.0001043 seconds, Stopping threads took: 0.0000309 seconds
[2020-01-13T13:02:56.802+0000][1][safepoint    ] Application time: 0.0497883 seconds
[2020-01-13T13:02:56.810+0000][1][safepoint    ] Entering safepoint region: RevokeBias
[2020-01-13T13:02:56.810+0000][1][safepoint    ] Leaving safepoint region
[2020-01-13T13:02:56.810+0000][1][safepoint    ] Total time for which application threads were stopped: 0.0074478 seconds, Stopping threads took: 0.0072804 seconds
[2020-01-13T13:02:56.810+0000][1][safepoint    ] Application time: 0.0000780 seconds
[2020-01-13T13:02:56.810+0000][1][safepoint    ] Entering safepoint region: RevokeBias
[2020-01-13T13:02:56.810+0000][1][safepoint    ] Leaving safepoint region
[2020-01-13T13:02:56.810+0000][1][safepoint    ] Total time for which application threads were stopped: 0.0000912 seconds, Stopping threads took: 0.0000105 seconds
[2020-01-13T13:02:56.833+0000][1][safepoint    ] Application time: 0.0227067 seconds
[2020-01-13T13:02:56.833+0000][1][safepoint    ] Entering safepoint region: GenCollectForAllocation
[2020-01-13T13:02:56.833+0000][1][gc,start     ] GC(20) Pause Young (Allocation Failure)
[2020-01-13T13:02:56.833+0000][1][gc,task      ] GC(20) Using 1 workers of 1 for evacuation
[2020-01-13T13:02:56.902+0000][1][gc,age       ] GC(20) Desired survivor size 4358144 bytes, new threshold 2 (max threshold 6)
[2020-01-13T13:02:56.902+0000][1][gc,age       ] GC(20) Age table with threshold 2 (max threshold 6)
[2020-01-13T13:02:56.902+0000][1][gc,age       ] GC(20) - age   1:    1851040 bytes,    1851040 total
[2020-01-13T13:02:56.902+0000][1][gc,age       ] GC(20) - age   2:    2796824 bytes,    4647864 total
[2020-01-13T13:02:56.902+0000][1][gc,heap      ] GC(20) ParNew: 75226K->5900K(76672K)
[2020-01-13T13:02:56.902+0000][1][gc,heap      ] GC(20) CMS: 54069K->57990K(176960K)
[2020-01-13T13:02:56.902+0000][1][gc,metaspace ] GC(20) Metaspace: 50199K->50199K(1095680K)
[2020-01-13T13:02:56.902+0000][1][gc           ] GC(20) Pause Young (Allocation Failure) 126M->62M(247M) 69.614ms
[2020-01-13T13:02:56.902+0000][1][gc,cpu       ] GC(20) User=0.06s Sys=0.00s Real=0.07s
[2020-01-13T13:02:56.903+0000][1][safepoint    ] Leaving safepoint region
[2020-01-13T13:02:56.903+0000][1][safepoint    ] Total time for which application threads were stopped: 0.0697713 seconds, Stopping threads took: 0.0000232 seconds
[2020-01-13T13:02:56.908+0000][1][safepoint    ] Application time: 0.0054958 seconds
[2020-01-13T13:02:56.909+0000][1][safepoint    ] Entering safepoint region: RevokeBias
[2020-01-13T13:02:56.909+0000][1][safepoint    ] Leaving safepoint region
[2020-01-13T13:02:56.909+0000][1][safepoint    ] Total time for which application threads were stopped: 0.0013577 seconds, Stopping threads took: 0.0013004 seconds
[2020-01-13T13:02:56.910+0000][1][safepoint    ] Application time: 0.0000819 seconds
[2020-01-13T13:02:56.910+0000][1][safepoint    ] Entering safepoint region: RevokeBias
[2020-01-13T13:02:56.910+0000][1][safepoint    ] Leaving safepoint region
[2020-01-13T13:02:56.910+0000][1][safepoint    ] Total time for which application threads were stopped: 0.0000693 seconds, Stopping threads took: 0.0000053 seconds
[2020-01-13T13:02:56.910+0000][1][safepoint    ] Application time: 0.0000250 seconds
[2020-01-13T13:02:56.910+0000][1][safepoint    ] Entering safepoint region: RevokeBias
[2020-01-13T13:02:56.910+0000][1][safepoint    ] Leaving safepoint region
[2020-01-13T13:02:56.910+0000][1][safepoint    ] Total time for which application threads were stopped: 0.0000422 seconds, Stopping threads took: 0.0000067 seconds
[2020-01-13T13:02:56.910+0000][1][safepoint    ] Application time: 0.0000271 seconds
[2020-01-13T13:02:56.910+0000][1][safepoint    ] Entering safepoint region: RevokeBias
[2020-01-13T13:02:56.910+0000][1][safepoint    ] Leaving safepoint region
[2020-01-13T13:02:56.910+0000][1][safepoint    ] Total time for which application threads were stopped: 0.0000277 seconds, Stopping threads took: 0.0000047 seconds
[2020-01-13T13:02:56.910+0000][1][safepoint    ] Application time: 0.0000126 seconds
[2020-01-13T13:02:56.910+0000][1][safepoint    ] Entering safepoint region: RevokeBias
[2020-01-13T13:02:56.910+0000][1][safepoint    ] Leaving safepoint region
[2020-01-13T13:02:56.910+0000][1][safepoint    ] Total time for which application threads were stopped: 0.0000249 seconds, Stopping threads took: 0.0000044 seconds
[2020-01-13T13:02:56.910+0000][1][safepoint    ] Application time: 0.0000120 seconds
[2020-01-13T13:02:56.910+0000][1][safepoint    ] Entering safepoint region: RevokeBias
[2020-01-13T13:02:56.910+0000][1][safepoint    ] Leaving safepoint region
[2020-01-13T13:02:56.910+0000][1][safepoint    ] Total time for which application threads were stopped: 0.0000182 seconds, Stopping threads took: 0.0000044 seconds
[2020-01-13T13:02:56.910+0000][1][safepoint    ] Application time: 0.0000165 seconds
[2020-01-13T13:02:56.910+0000][1][safepoint    ] Entering safepoint region: RevokeBias
[2020-01-13T13:02:56.910+0000][1][safepoint    ] Leaving safepoint region
[2020-01-13T13:02:56.910+0000][1][safepoint    ] Total time for which application threads were stopped: 0.0000426 seconds, Stopping threads took: 0.0000062 seconds
[2020-01-13T13:02:56.910+0000][1][safepoint    ] Application time: 0.0000187 seconds
[2020-01-13T13:02:56.910+0000][1][safepoint    ] Entering safepoint region: RevokeBias
[2020-01-13T13:02:56.910+0000][1][safepoint    ] Leaving safepoint region
[2020-01-13T13:02:56.910+0000][1][safepoint    ] Total time for which application threads were stopped: 0.0000340 seconds, Stopping threads took: 0.0000062 seconds
[2020-01-13T13:02:56.910+0000][1][safepoint    ] Application time: 0.0000138 seconds
[2020-01-13T13:02:56.910+0000][1][safepoint    ] Entering safepoint region: RevokeBias
[2020-01-13T13:02:56.910+0000][1][safepoint    ] Leaving safepoint region
[2020-01-13T13:02:56.910+0000][1][safepoint    ] Total time for which application threads were stopped: 0.0000256 seconds, Stopping threads took: 0.0000043 seconds
[2020-01-13T13:02:56.910+0000][1][safepoint    ] Application time: 0.0000178 seconds
[2020-01-13T13:02:56.910+0000][1][safepoint    ] Entering safepoint region: RevokeBias
[2020-01-13T13:02:56.910+0000][1][safepoint    ] Leaving safepoint region
[2020-01-13T13:02:56.910+0000][1][safepoint    ] Total time for which application threads were stopped: 0.0000347 seconds, Stopping threads took: 0.0000045 seconds
[2020-01-13T13:02:56.910+0000][1][safepoint    ] Application time: 0.0000217 seconds
[2020-01-13T13:02:56.910+0000][1][safepoint    ] Entering safepoint region: RevokeBias
[2020-01-13T13:02:56.910+0000][1][safepoint    ] Leaving safepoint region
[2020-01-13T13:02:56.910+0000][1][safepoint    ] Total time for which application threads were stopped: 0.0000391 seconds, Stopping threads took: 0.0000068 seconds
[2020-01-13T13:02:56.910+0000][1][safepoint    ] Application time: 0.0000136 seconds
[2020-01-13T13:02:56.910+0000][1][safepoint    ] Entering safepoint region: RevokeBias
[2020-01-13T13:02:56.910+0000][1][safepoint    ] Leaving safepoint region
[2020-01-13T13:02:56.910+0000][1][safepoint    ] Total time for which application threads were stopped: 0.0000175 seconds, Stopping threads took: 0.0000044 seconds
[2020-01-13T13:02:56.910+0000][1][safepoint    ] Application time: 0.0000123 seconds
[2020-01-13T13:02:56.910+0000][1][safepoint    ] Entering safepoint region: RevokeBias
[2020-01-13T13:02:56.910+0000][1][safepoint    ] Leaving safepoint region
[2020-01-13T13:02:56.910+0000][1][safepoint    ] Total time for which application threads were stopped: 0.0000252 seconds, Stopping threads took: 0.0000044 seconds
[2020-01-13T13:02:56.910+0000][1][safepoint    ] Application time: 0.0000141 seconds
[2020-01-13T13:02:56.910+0000][1][safepoint    ] Entering safepoint region: RevokeBias
[2020-01-13T13:02:56.910+0000][1][safepoint    ] Leaving safepoint region
[2020-01-13T13:02:56.910+0000][1][safepoint    ] Total time for which application threads were stopped: 0.0000396 seconds, Stopping threads took: 0.0000069 seconds
[2020-01-13T13:02:56.910+0000][1][safepoint    ] Application time: 0.0000206 seconds
[2020-01-13T13:02:56.910+0000][1][safepoint    ] Entering safepoint region: RevokeBias
[2020-01-13T13:02:56.910+0000][1][safepoint    ] Leaving safepoint region
[2020-01-13T13:02:56.910+0000][1][safepoint    ] Total time for which application threads were stopped: 0.0000449 seconds, Stopping threads took: 0.0000069 seconds
[2020-01-13T13:02:56.910+0000][1][safepoint    ] Application time: 0.0000172 seconds
[2020-01-13T13:02:56.910+0000][1][safepoint    ] Entering safepoint region: BulkRevokeBias
[2020-01-13T13:02:56.911+0000][1][safepoint    ] Leaving safepoint region
[2020-01-13T13:02:56.911+0000][1][safepoint    ] Total time for which application threads were stopped: 0.0001277 seconds, Stopping threads took: 0.0000063 seconds
[2020-01-13T13:02:57.918+0000][1][safepoint    ] Application time: 1.0070799 seconds
[2020-01-13T13:02:57.918+0000][1][safepoint    ] Entering safepoint region: RevokeBias
[2020-01-13T13:02:57.919+0000][1][safepoint    ] Leaving safepoint region
[2020-01-13T13:02:57.919+0000][1][safepoint    ] Total time for which application threads were stopped: 0.0015248 seconds, Stopping threads took: 0.0000240 seconds
[2020-01-13T13:02:57.919+0000][1][safepoint    ] Application time: 0.0000489 seconds
[2020-01-13T13:02:57.919+0000][1][safepoint    ] Entering safepoint region: RevokeBias
[2020-01-13T13:02:57.919+0000][1][safepoint    ] Leaving safepoint region
[2020-01-13T13:02:57.919+0000][1][safepoint    ] Total time for which application threads were stopped: 0.0000797 seconds, Stopping threads took: 0.0000330 seconds
[2020-01-13T13:02:57.919+0000][1][safepoint    ] Application time: 0.0000589 seconds
[2020-01-13T13:02:57.919+0000][1][safepoint    ] Entering safepoint region: RevokeBias
[2020-01-13T13:02:57.919+0000][1][safepoint    ] Leaving safepoint region
[2020-01-13T13:02:57.919+0000][1][safepoint    ] Total time for which application threads were stopped: 0.0000302 seconds, Stopping threads took: 0.0000131 seconds
[2020-01-13T13:02:58.435+0000][1][safepoint    ] Application time: 0.5152736 seconds
[2020-01-13T13:02:58.435+0000][1][safepoint    ] Entering safepoint region: Deoptimize
[2020-01-13T13:02:58.436+0000][1][safepoint    ] Leaving safepoint region
[2020-01-13T13:02:58.436+0000][1][safepoint    ] Total time for which application threads were stopped: 0.0015241 seconds, Stopping threads took: 0.0000244 seconds
[2020-01-13T13:02:58.926+0000][1][safepoint    ] Application time: 0.4893607 seconds
[2020-01-13T13:02:58.928+0000][1][safepoint    ] Entering safepoint region: RevokeBias
[2020-01-13T13:02:58.930+0000][1][safepoint    ] Leaving safepoint region
[2020-01-13T13:02:58.930+0000][1][safepoint    ] Total time for which application threads were stopped: 0.0045406 seconds, Stopping threads took: 0.0025695 seconds
[2020-01-13T13:02:59.098+0000][1][safepoint    ] Application time: 0.1673976 seconds
[2020-01-13T13:02:59.098+0000][1][safepoint    ] Entering safepoint region: GenCollectForAllocation
[2020-01-13T13:02:59.099+0000][1][gc,start     ] GC(21) Pause Young (Allocation Failure)
[2020-01-13T13:02:59.099+0000][1][gc,task      ] GC(21) Using 1 workers of 1 for evacuation
[2020-01-13T13:02:59.133+0000][1][gc,age       ] GC(21) Desired survivor size 4358144 bytes, new threshold 2 (max threshold 6)
[2020-01-13T13:02:59.133+0000][1][gc,age       ] GC(21) Age table with threshold 2 (max threshold 6)
[2020-01-13T13:02:59.133+0000][1][gc,age       ] GC(21) - age   1:    2956296 bytes,    2956296 total
[2020-01-13T13:02:59.133+0000][1][gc,age       ] GC(21) - age   2:    1798936 bytes,    4755232 total
[2020-01-13T13:02:59.134+0000][1][gc,heap      ] GC(21) ParNew: 74060K->4879K(76672K)
[2020-01-13T13:02:59.134+0000][1][gc,heap      ] GC(21) CMS: 57990K->60818K(176960K)
[2020-01-13T13:02:59.134+0000][1][gc,metaspace ] GC(21) Metaspace: 57899K->57899K(1101824K)
[2020-01-13T13:02:59.134+0000][1][gc           ] GC(21) Pause Young (Allocation Failure) 128M->64M(247M) 34.981ms
[2020-01-13T13:02:59.134+0000][1][gc,cpu       ] GC(21) User=0.04s Sys=0.00s Real=0.04s
[2020-01-13T13:02:59.134+0000][1][safepoint    ] Leaving safepoint region
[2020-01-13T13:02:59.134+0000][1][safepoint    ] Total time for which application threads were stopped: 0.0358918 seconds, Stopping threads took: 0.0007495 seconds
[2020-01-13T13:02:59.215+0000][1][safepoint    ] Application time: 0.0814658 seconds
[2020-01-13T13:02:59.215+0000][1][safepoint    ] Entering safepoint region: Deoptimize
[2020-01-13T13:02:59.216+0000][1][safepoint    ] Leaving safepoint region
[2020-01-13T13:02:59.216+0000][1][safepoint    ] Total time for which application threads were stopped: 0.0008315 seconds, Stopping threads took: 0.0000261 seconds
[2020-01-13T13:02:59.937+0000][1][safepoint    ] Application time: 0.7207036 seconds
[2020-01-13T13:02:59.937+0000][1][safepoint    ] Entering safepoint region: RevokeBias
[2020-01-13T13:02:59.937+0000][1][safepoint    ] Leaving safepoint region
[2020-01-13T13:02:59.937+0000][1][safepoint    ] Total time for which application threads were stopped: 0.0002138 seconds, Stopping threads took: 0.0000343 seconds
[2020-01-13T13:03:00.396+0000][1][safepoint    ] Application time: 0.4592744 seconds
[2020-01-13T13:03:00.396+0000][1][safepoint    ] Entering safepoint region: BulkRevokeBias
[2020-01-13T13:03:00.397+0000][1][safepoint    ] Leaving safepoint region
[2020-01-13T13:03:00.397+0000][1][safepoint    ] Total time for which application threads were stopped: 0.0003338 seconds, Stopping threads took: 0.0000418 seconds
[2020-01-13T13:03:00.618+0000][1][safepoint    ] Application time: 0.2209814 seconds
[2020-01-13T13:03:00.618+0000][1][safepoint    ] Entering safepoint region: Deoptimize
[2020-01-13T13:03:00.619+0000][1][safepoint    ] Leaving safepoint region
[2020-01-13T13:03:00.619+0000][1][safepoint    ] Total time for which application threads were stopped: 0.0009845 seconds, Stopping threads took: 0.0000253 seconds
[2020-01-13T13:03:00.644+0000][1][safepoint    ] Application time: 0.0250072 seconds
[2020-01-13T13:03:00.644+0000][1][safepoint    ] Entering safepoint region: RevokeBias
[2020-01-13T13:03:00.644+0000][1][safepoint    ] Leaving safepoint region
[2020-01-13T13:03:00.644+0000][1][safepoint    ] Total time for which application threads were stopped: 0.0001208 seconds, Stopping threads took: 0.0000240 seconds
[2020-01-13T13:03:00.644+0000][1][safepoint    ] Application time: 0.0005255 seconds
[2020-01-13T13:03:00.644+0000][1][safepoint    ] Entering safepoint region: RevokeBias
[2020-01-13T13:03:00.644+0000][1][safepoint    ] Leaving safepoint region
[2020-01-13T13:03:00.644+0000][1][safepoint    ] Total time for which application threads were stopped: 0.0000723 seconds, Stopping threads took: 0.0000188 seconds
[2020-01-13T13:03:00.645+0000][1][safepoint    ] Application time: 0.0009842 seconds
[2020-01-13T13:03:00.645+0000][1][safepoint    ] Entering safepoint region: RevokeBias
[2020-01-13T13:03:00.646+0000][1][safepoint    ] Leaving safepoint region
[2020-01-13T13:03:00.646+0000][1][safepoint    ] Total time for which application threads were stopped: 0.0000634 seconds, Stopping threads took: 0.0000186 seconds
[2020-01-13T13:03:00.646+0000][1][safepoint    ] Application time: 0.0005281 seconds
[2020-01-13T13:03:00.646+0000][1][safepoint    ] Entering safepoint region: RevokeBias
[2020-01-13T13:03:00.646+0000][1][safepoint    ] Leaving safepoint region
[2020-01-13T13:03:00.646+0000][1][safepoint    ] Total time for which application threads were stopped: 0.0000657 seconds, Stopping threads took: 0.0000165 seconds
[2020-01-13T13:03:00.646+0000][1][safepoint    ] Application time: 0.0000348 seconds
[2020-01-13T13:03:00.646+0000][1][safepoint    ] Entering safepoint region: RevokeBias
[2020-01-13T13:03:00.646+0000][1][safepoint    ] Leaving safepoint region
[2020-01-13T13:03:00.646+0000][1][safepoint    ] Total time for which application threads were stopped: 0.0000571 seconds, Stopping threads took: 0.0000277 seconds
[2020-01-13T13:03:00.646+0000][1][safepoint    ] Application time: 0.0001929 seconds
[2020-01-13T13:03:00.646+0000][1][safepoint    ] Entering safepoint region: RevokeBias
[2020-01-13T13:03:00.646+0000][1][safepoint    ] Leaving safepoint region
[2020-01-13T13:03:00.647+0000][1][safepoint    ] Total time for which application threads were stopped: 0.0000476 seconds, Stopping threads took: 0.0000144 seconds
[2020-01-13T13:03:00.647+0000][1][safepoint    ] Application time: 0.0002008 seconds
[2020-01-13T13:03:00.647+0000][1][safepoint    ] Entering safepoint region: RevokeBias
[2020-01-13T13:03:00.647+0000][1][safepoint    ] Leaving safepoint region
[2020-01-13T13:03:00.647+0000][1][safepoint    ] Total time for which application threads were stopped: 0.0000422 seconds, Stopping threads took: 0.0000145 seconds
[2020-01-13T13:03:00.647+0000][1][safepoint    ] Application time: 0.0001778 seconds
[2020-01-13T13:03:00.647+0000][1][safepoint    ] Entering safepoint region: RevokeBias
[2020-01-13T13:03:00.647+0000][1][safepoint    ] Leaving safepoint region
[2020-01-13T13:03:00.647+0000][1][safepoint    ] Total time for which application threads were stopped: 0.0000470 seconds, Stopping threads took: 0.0000141 seconds
[2020-01-13T13:03:00.647+0000][1][safepoint    ] Application time: 0.0000275 seconds
[2020-01-13T13:03:00.647+0000][1][safepoint    ] Entering safepoint region: RevokeBias
[2020-01-13T13:03:00.647+0000][1][safepoint    ] Leaving safepoint region
[2020-01-13T13:03:00.647+0000][1][safepoint    ] Total time for which application threads were stopped: 0.0000378 seconds, Stopping threads took: 0.0000124 seconds
[2020-01-13T13:03:00.648+0000][1][safepoint    ] Application time: 0.0005768 seconds
[2020-01-13T13:03:00.648+0000][1][safepoint    ] Entering safepoint region: RevokeBias
[2020-01-13T13:03:00.648+0000][1][safepoint    ] Leaving safepoint region
[2020-01-13T13:03:00.648+0000][1][safepoint    ] Total time for which application threads were stopped: 0.0000515 seconds, Stopping threads took: 0.0000174 seconds
[2020-01-13T13:03:00.649+0000][1][safepoint    ] Application time: 0.0010503 seconds
[2020-01-13T13:03:00.651+0000][1][safepoint    ] Entering safepoint region: RevokeBias
[2020-01-13T13:03:00.651+0000][1][safepoint    ] Leaving safepoint region
[2020-01-13T13:03:00.651+0000][1][safepoint    ] Total time for which application threads were stopped: 0.0018148 seconds, Stopping threads took: 0.0017232 seconds
[2020-01-13T13:03:00.651+0000][1][safepoint    ] Application time: 0.0001070 seconds
[2020-01-13T13:03:00.651+0000][1][safepoint    ] Entering safepoint region: RevokeBias
[2020-01-13T13:03:00.651+0000][1][safepoint    ] Leaving safepoint region
[2020-01-13T13:03:00.651+0000][1][safepoint    ] Total time for which application threads were stopped: 0.0000468 seconds, Stopping threads took: 0.0000136 seconds
[2020-01-13T13:03:00.655+0000][1][safepoint    ] Application time: 0.0037566 seconds
[2020-01-13T13:03:00.655+0000][1][safepoint    ] Entering safepoint region: Deoptimize
[2020-01-13T13:03:00.655+0000][1][safepoint    ] Leaving safepoint region
[2020-01-13T13:03:00.655+0000][1][safepoint    ] Total time for which application threads were stopped: 0.0008307 seconds, Stopping threads took: 0.0000342 seconds
[2020-01-13T13:03:00.744+0000][1][safepoint    ] Application time: 0.0890513 seconds
[2020-01-13T13:03:00.745+0000][1][safepoint    ] Entering safepoint region: RevokeBias
[2020-01-13T13:03:00.745+0000][1][safepoint    ] Leaving safepoint region
[2020-01-13T13:03:00.745+0000][1][safepoint    ] Total time for which application threads were stopped: 0.0002540 seconds, Stopping threads took: 0.0000276 seconds
[2020-01-13T13:03:00.745+0000][1][safepoint    ] Application time: 0.0003845 seconds
[2020-01-13T13:03:00.745+0000][1][safepoint    ] Entering safepoint region: RevokeBias
[2020-01-13T13:03:00.745+0000][1][safepoint    ] Leaving safepoint region
[2020-01-13T13:03:00.745+0000][1][safepoint    ] Total time for which application threads were stopped: 0.0001168 seconds, Stopping threads took: 0.0000291 seconds
[2020-01-13T13:03:00.745+0000][1][safepoint    ] Application time: 0.0000644 seconds
[2020-01-13T13:03:00.745+0000][1][safepoint    ] Entering safepoint region: RevokeBias
[2020-01-13T13:03:00.745+0000][1][safepoint    ] Leaving safepoint region
[2020-01-13T13:03:00.745+0000][1][safepoint    ] Total time for which application threads were stopped: 0.0000506 seconds, Stopping threads took: 0.0000132 seconds
[2020-01-13T13:03:00.750+0000][1][safepoint    ] Application time: 0.0046703 seconds
[2020-01-13T13:03:00.750+0000][1][safepoint    ] Entering safepoint region: RevokeBias
[2020-01-13T13:03:00.750+0000][1][safepoint    ] Leaving safepoint region
[2020-01-13T13:03:00.750+0000][1][safepoint    ] Total time for which application threads were stopped: 0.0001135 seconds, Stopping threads took: 0.0000268 seconds
[2020-01-13T13:03:00.753+0000][1][safepoint    ] Application time: 0.0031796 seconds
[2020-01-13T13:03:00.753+0000][1][safepoint    ] Entering safepoint region: RevokeBias
[2020-01-13T13:03:00.754+0000][1][safepoint    ] Leaving safepoint region
[2020-01-13T13:03:00.754+0000][1][safepoint    ] Total time for which application threads were stopped: 0.0001176 seconds, Stopping threads took: 0.0000299 seconds
[2020-01-13T13:03:00.754+0000][1][safepoint    ] Application time: 0.0002521 seconds
[2020-01-13T13:03:00.754+0000][1][safepoint    ] Entering safepoint region: RevokeBias
[2020-01-13T13:03:00.754+0000][1][safepoint    ] Leaving safepoint region
[2020-01-13T13:03:00.754+0000][1][safepoint    ] Total time for which application threads were stopped: 0.0000729 seconds, Stopping threads took: 0.0000164 seconds
[2020-01-13T13:03:00.754+0000][1][safepoint    ] Application time: 0.0000303 seconds
[2020-01-13T13:03:00.754+0000][1][safepoint    ] Entering safepoint region: RevokeBias
[2020-01-13T13:03:00.754+0000][1][safepoint    ] Leaving safepoint region
[2020-01-13T13:03:00.754+0000][1][safepoint    ] Total time for which application threads were stopped: 0.0000452 seconds, Stopping threads took: 0.0000129 seconds
[2020-01-13T13:03:00.754+0000][1][safepoint    ] Application time: 0.0003664 seconds
[2020-01-13T13:03:00.754+0000][1][safepoint    ] Entering safepoint region: RevokeBias
[2020-01-13T13:03:00.754+0000][1][safepoint    ] Leaving safepoint region
[2020-01-13T13:03:00.754+0000][1][safepoint    ] Total time for which application threads were stopped: 0.0000682 seconds, Stopping threads took: 0.0000205 seconds
[2020-01-13T13:03:00.755+0000][1][safepoint    ] Application time: 0.0001482 seconds
[2020-01-13T13:03:00.755+0000][1][safepoint    ] Entering safepoint region: RevokeBias
[2020-01-13T13:03:00.755+0000][1][safepoint    ] Leaving safepoint region
[2020-01-13T13:03:00.755+0000][1][safepoint    ] Total time for which application threads were stopped: 0.0000542 seconds, Stopping threads took: 0.0000137 seconds
[2020-01-13T13:03:00.763+0000][1][safepoint    ] Application time: 0.0086394 seconds
[2020-01-13T13:03:00.763+0000][1][safepoint    ] Entering safepoint region: RevokeBias
[2020-01-13T13:03:00.764+0000][1][safepoint    ] Leaving safepoint region
[2020-01-13T13:03:00.764+0000][1][safepoint    ] Total time for which application threads were stopped: 0.0001323 seconds, Stopping threads took: 0.0000356 seconds
[2020-01-13T13:03:00.780+0000][1][safepoint    ] Application time: 0.0168766 seconds
[2020-01-13T13:03:00.781+0000][1][safepoint    ] Entering safepoint region: RevokeBias
[2020-01-13T13:03:00.781+0000][1][safepoint    ] Leaving safepoint region
[2020-01-13T13:03:00.781+0000][1][safepoint    ] Total time for which application threads were stopped: 0.0008659 seconds, Stopping threads took: 0.0007531 seconds
[2020-01-13T13:03:00.784+0000][1][safepoint    ] Application time: 0.0031746 seconds
[2020-01-13T13:03:00.787+0000][1][safepoint    ] Entering safepoint region: RevokeBias
[2020-01-13T13:03:00.787+0000][1][safepoint    ] Leaving safepoint region
[2020-01-13T13:03:00.787+0000][1][safepoint    ] Total time for which application threads were stopped: 0.0021198 seconds, Stopping threads took: 0.0020345 seconds
[2020-01-13T13:03:00.790+0000][1][safepoint    ] Application time: 0.0028761 seconds
[2020-01-13T13:03:00.790+0000][1][safepoint    ] Entering safepoint region: RevokeBias
[2020-01-13T13:03:00.790+0000][1][safepoint    ] Leaving safepoint region
[2020-01-13T13:03:00.790+0000][1][safepoint    ] Total time for which application threads were stopped: 0.0002187 seconds, Stopping threads took: 0.0001079 seconds
[2020-01-13T13:03:00.790+0000][1][safepoint    ] Application time: 0.0001317 seconds
[2020-01-13T13:03:00.790+0000][1][safepoint    ] Entering safepoint region: RevokeBias
[2020-01-13T13:03:00.790+0000][1][safepoint    ] Leaving safepoint region
[2020-01-13T13:03:00.790+0000][1][safepoint    ] Total time for which application threads were stopped: 0.0000521 seconds, Stopping threads took: 0.0000069 seconds
[2020-01-13T13:03:00.792+0000][1][safepoint    ] Application time: 0.0025107 seconds
[2020-01-13T13:03:00.793+0000][1][safepoint    ] Entering safepoint region: RevokeBias
[2020-01-13T13:03:00.793+0000][1][safepoint    ] Leaving safepoint region
[2020-01-13T13:03:00.793+0000][1][safepoint    ] Total time for which application threads were stopped: 0.0001550 seconds, Stopping threads took: 0.0000581 seconds
[2020-01-13T13:03:00.794+0000][1][safepoint    ] Application time: 0.0010726 seconds
[2020-01-13T13:03:00.794+0000][1][safepoint    ] Entering safepoint region: RevokeBias
[2020-01-13T13:03:00.794+0000][1][safepoint    ] Leaving safepoint region
[2020-01-13T13:03:00.794+0000][1][safepoint    ] Total time for which application threads were stopped: 0.0000668 seconds, Stopping threads took: 0.0000096 seconds
[2020-01-13T13:03:00.794+0000][1][safepoint    ] Application time: 0.0000264 seconds
[2020-01-13T13:03:00.794+0000][1][safepoint    ] Entering safepoint region: RevokeBias
[2020-01-13T13:03:00.794+0000][1][safepoint    ] Leaving safepoint region
[2020-01-13T13:03:00.794+0000][1][safepoint    ] Total time for which application threads were stopped: 0.0000317 seconds, Stopping threads took: 0.0000057 seconds
[2020-01-13T13:03:00.794+0000][1][safepoint    ] Application time: 0.0001159 seconds
[2020-01-13T13:03:00.794+0000][1][safepoint    ] Entering safepoint region: RevokeBias
[2020-01-13T13:03:00.794+0000][1][safepoint    ] Leaving safepoint region
[2020-01-13T13:03:00.794+0000][1][safepoint    ] Total time for which application threads were stopped: 0.0000341 seconds, Stopping threads took: 0.0000068 seconds
[2020-01-13T13:03:00.799+0000][1][safepoint    ] Application time: 0.0044545 seconds
[2020-01-13T13:03:00.799+0000][1][safepoint    ] Entering safepoint region: RevokeBias
[2020-01-13T13:03:00.799+0000][1][safepoint    ] Leaving safepoint region
[2020-01-13T13:03:00.799+0000][1][safepoint    ] Total time for which application threads were stopped: 0.0001224 seconds, Stopping threads took: 0.0000451 seconds
[2020-01-13T13:03:00.799+0000][1][safepoint    ] Application time: 0.0000559 seconds
[2020-01-13T13:03:00.799+0000][1][safepoint    ] Entering safepoint region: RevokeBias
[2020-01-13T13:03:00.799+0000][1][safepoint    ] Leaving safepoint region
[2020-01-13T13:03:00.799+0000][1][safepoint    ] Total time for which application threads were stopped: 0.0000369 seconds, Stopping threads took: 0.0000059 seconds
[2020-01-13T13:03:00.806+0000][1][safepoint    ] Application time: 0.0075184 seconds
[2020-01-13T13:03:00.806+0000][1][safepoint    ] Entering safepoint region: RevokeBias
[2020-01-13T13:03:00.806+0000][1][safepoint    ] Leaving safepoint region
[2020-01-13T13:03:00.806+0000][1][safepoint    ] Total time for which application threads were stopped: 0.0001073 seconds, Stopping threads took: 0.0000254 seconds
[2020-01-13T13:03:00.807+0000][1][safepoint    ] Application time: 0.0001331 seconds
[2020-01-13T13:03:00.807+0000][1][safepoint    ] Entering safepoint region: RevokeBias
[2020-01-13T13:03:00.807+0000][1][safepoint    ] Leaving safepoint region
[2020-01-13T13:03:00.807+0000][1][safepoint    ] Total time for which application threads were stopped: 0.0000575 seconds, Stopping threads took: 0.0000245 seconds
[2020-01-13T13:03:00.807+0000][1][safepoint    ] Application time: 0.0002267 seconds
[2020-01-13T13:03:00.807+0000][1][safepoint    ] Entering safepoint region: RevokeBias
[2020-01-13T13:03:00.807+0000][1][safepoint    ] Leaving safepoint region
[2020-01-13T13:03:00.807+0000][1][safepoint    ] Total time for which application threads were stopped: 0.0000698 seconds, Stopping threads took: 0.0000275 seconds
[2020-01-13T13:03:00.810+0000][1][safepoint    ] Application time: 0.0033650 seconds
[2020-01-13T13:03:00.810+0000][1][safepoint    ] Entering safepoint region: RevokeBias
[2020-01-13T13:03:00.810+0000][1][safepoint    ] Leaving safepoint region
[2020-01-13T13:03:00.810+0000][1][safepoint    ] Total time for which application threads were stopped: 0.0000915 seconds, Stopping threads took: 0.0000251 seconds
[2020-01-13T13:03:00.815+0000][1][safepoint    ] Application time: 0.0043751 seconds
[2020-01-13T13:03:00.815+0000][1][safepoint    ] Entering safepoint region: RevokeBias
[2020-01-13T13:03:00.815+0000][1][safepoint    ] Leaving safepoint region
[2020-01-13T13:03:00.815+0000][1][safepoint    ] Total time for which application threads were stopped: 0.0000833 seconds, Stopping threads took: 0.0000238 seconds
[2020-01-13T13:03:00.816+0000][1][safepoint    ] Application time: 0.0012633 seconds
[2020-01-13T13:03:00.816+0000][1][safepoint    ] Entering safepoint region: RevokeBias
[2020-01-13T13:03:00.817+0000][1][safepoint    ] Leaving safepoint region
[2020-01-13T13:03:00.817+0000][1][safepoint    ] Total time for which application threads were stopped: 0.0002538 seconds, Stopping threads took: 0.0002014 seconds
[2020-01-13T13:03:00.823+0000][1][safepoint    ] Application time: 0.0068722 seconds
[2020-01-13T13:03:00.823+0000][1][safepoint    ] Entering safepoint region: RevokeBias
[2020-01-13T13:03:00.824+0000][1][safepoint    ] Leaving safepoint region
[2020-01-13T13:03:00.824+0000][1][safepoint    ] Total time for which application threads were stopped: 0.0000901 seconds, Stopping threads took: 0.0000240 seconds
[2020-01-13T13:03:00.865+0000][1][safepoint    ] Application time: 0.0419204 seconds
[2020-01-13T13:03:00.866+0000][1][safepoint    ] Entering safepoint region: RevokeBias
[2020-01-13T13:03:00.866+0000][1][safepoint    ] Leaving safepoint region
[2020-01-13T13:03:00.866+0000][1][safepoint    ] Total time for which application threads were stopped: 0.0001885 seconds, Stopping threads took: 0.0000294 seconds
[2020-01-13T13:03:00.879+0000][1][safepoint    ] Application time: 0.0127858 seconds
[2020-01-13T13:03:00.881+0000][1][safepoint    ] Entering safepoint region: RevokeBias
[2020-01-13T13:03:00.881+0000][1][safepoint    ] Leaving safepoint region
[2020-01-13T13:03:00.881+0000][1][safepoint    ] Total time for which application threads were stopped: 0.0021639 seconds, Stopping threads took: 0.0020680 seconds
[2020-01-13T13:03:00.881+0000][1][safepoint    ] Application time: 0.0000501 seconds
[2020-01-13T13:03:00.881+0000][1][safepoint    ] Entering safepoint region: RevokeBias
[2020-01-13T13:03:00.881+0000][1][safepoint    ] Leaving safepoint region
[2020-01-13T13:03:00.881+0000][1][safepoint    ] Total time for which application threads were stopped: 0.0000432 seconds, Stopping threads took: 0.0000150 seconds
[2020-01-13T13:03:00.917+0000][1][safepoint    ] Application time: 0.0362721 seconds
[2020-01-13T13:03:00.917+0000][1][safepoint    ] Entering safepoint region: RevokeBias
[2020-01-13T13:03:00.917+0000][1][safepoint    ] Leaving safepoint region
[2020-01-13T13:03:00.917+0000][1][safepoint    ] Total time for which application threads were stopped: 0.0001064 seconds, Stopping threads took: 0.0000294 seconds
[2020-01-13T13:03:01.006+0000][1][safepoint    ] Application time: 0.0883242 seconds
[2020-01-13T13:03:01.006+0000][1][safepoint    ] Entering safepoint region: RevokeBias
[2020-01-13T13:03:01.006+0000][1][safepoint    ] Leaving safepoint region
[2020-01-13T13:03:01.006+0000][1][safepoint    ] Total time for which application threads were stopped: 0.0001539 seconds, Stopping threads took: 0.0000785 seconds
[2020-01-13T13:03:01.006+0000][1][safepoint    ] Application time: 0.0003010 seconds
[2020-01-13T13:03:01.008+0000][1][safepoint    ] Entering safepoint region: RevokeBias
[2020-01-13T13:03:01.008+0000][1][safepoint    ] Leaving safepoint region
[2020-01-13T13:03:01.008+0000][1][safepoint    ] Total time for which application threads were stopped: 0.0018636 seconds, Stopping threads took: 0.0017871 seconds
[2020-01-13T13:03:01.008+0000][1][safepoint    ] Application time: 0.0000855 seconds
[2020-01-13T13:03:01.008+0000][1][safepoint    ] Entering safepoint region: RevokeBias
[2020-01-13T13:03:01.008+0000][1][safepoint    ] Leaving safepoint region
[2020-01-13T13:03:01.008+0000][1][safepoint    ] Total time for which application threads were stopped: 0.0000751 seconds, Stopping threads took: 0.0000107 seconds
[2020-01-13T13:03:01.008+0000][1][safepoint    ] Application time: 0.0000434 seconds
[2020-01-13T13:03:01.008+0000][1][safepoint    ] Entering safepoint region: RevokeBias
[2020-01-13T13:03:01.008+0000][1][safepoint    ] Leaving safepoint region
[2020-01-13T13:03:01.008+0000][1][safepoint    ] Total time for which application threads were stopped: 0.0000517 seconds, Stopping threads took: 0.0000104 seconds
[2020-01-13T13:03:01.010+0000][1][safepoint    ] Application time: 0.0012028 seconds
[2020-01-13T13:03:01.010+0000][1][safepoint    ] Entering safepoint region: RevokeBias
[2020-01-13T13:03:01.010+0000][1][safepoint    ] Leaving safepoint region
[2020-01-13T13:03:01.010+0000][1][safepoint    ] Total time for which application threads were stopped: 0.0001649 seconds, Stopping threads took: 0.0001038 seconds
[2020-01-13T13:03:01.063+0000][1][safepoint    ] Application time: 0.0536795 seconds
[2020-01-13T13:03:01.063+0000][1][safepoint    ] Entering safepoint region: RevokeBias
[2020-01-13T13:03:01.064+0000][1][safepoint    ] Leaving safepoint region
[2020-01-13T13:03:01.064+0000][1][safepoint    ] Total time for which application threads were stopped: 0.0001016 seconds, Stopping threads took: 0.0000273 seconds
[2020-01-13T13:03:01.069+0000][1][safepoint    ] Application time: 0.0052922 seconds
[2020-01-13T13:03:01.069+0000][1][safepoint    ] Entering safepoint region: RevokeBias
[2020-01-13T13:03:01.069+0000][1][safepoint    ] Leaving safepoint region
[2020-01-13T13:03:01.069+0000][1][safepoint    ] Total time for which application threads were stopped: 0.0001118 seconds, Stopping threads took: 0.0000227 seconds
[2020-01-13T13:03:01.119+0000][1][safepoint    ] Application time: 0.0499211 seconds
[2020-01-13T13:03:01.124+0000][1][safepoint    ] Entering safepoint region: RevokeBias
[2020-01-13T13:03:01.124+0000][1][safepoint    ] Leaving safepoint region
[2020-01-13T13:03:01.124+0000][1][safepoint    ] Total time for which application threads were stopped: 0.0055089 seconds, Stopping threads took: 0.0054143 seconds
[2020-01-13T13:03:01.126+0000][1][safepoint    ] Application time: 0.0015971 seconds
[2020-01-13T13:03:01.127+0000][1][safepoint    ] Entering safepoint region: RevokeBias
[2020-01-13T13:03:01.127+0000][1][safepoint    ] Leaving safepoint region
[2020-01-13T13:03:01.127+0000][1][safepoint    ] Total time for which application threads were stopped: 0.0013408 seconds, Stopping threads took: 0.0012634 seconds
[2020-01-13T13:03:01.128+0000][1][safepoint    ] Application time: 0.0007898 seconds
[2020-01-13T13:03:01.128+0000][1][safepoint    ] Entering safepoint region: RevokeBias
[2020-01-13T13:03:01.128+0000][1][safepoint    ] Leaving safepoint region
[2020-01-13T13:03:01.128+0000][1][safepoint    ] Total time for which application threads were stopped: 0.0000897 seconds, Stopping threads took: 0.0000210 seconds
[2020-01-13T13:03:01.129+0000][1][safepoint    ] Application time: 0.0002872 seconds
[2020-01-13T13:03:01.129+0000][1][safepoint    ] Entering safepoint region: RevokeBias
[2020-01-13T13:03:01.129+0000][1][safepoint    ] Leaving safepoint region
[2020-01-13T13:03:01.129+0000][1][safepoint    ] Total time for which application threads were stopped: 0.0000491 seconds, Stopping threads took: 0.0000170 seconds
[2020-01-13T13:03:01.129+0000][1][safepoint    ] Application time: 0.0000284 seconds
[2020-01-13T13:03:01.129+0000][1][safepoint    ] Entering safepoint region: RevokeBias
[2020-01-13T13:03:01.129+0000][1][safepoint    ] Leaving safepoint region
[2020-01-13T13:03:01.129+0000][1][safepoint    ] Total time for which application threads were stopped: 0.0000267 seconds, Stopping threads took: 0.0000048 seconds
[2020-01-13T13:03:01.129+0000][1][safepoint    ] Application time: 0.0000362 seconds
[2020-01-13T13:03:01.129+0000][1][safepoint    ] Entering safepoint region: RevokeBias
[2020-01-13T13:03:01.129+0000][1][safepoint    ] Leaving safepoint region
[2020-01-13T13:03:01.129+0000][1][safepoint    ] Total time for which application threads were stopped: 0.0000217 seconds, Stopping threads took: 0.0000047 seconds
[2020-01-13T13:03:01.129+0000][1][safepoint    ] Application time: 0.0001921 seconds
[2020-01-13T13:03:01.129+0000][1][safepoint    ] Entering safepoint region: RevokeBias
[2020-01-13T13:03:01.129+0000][1][safepoint    ] Leaving safepoint region
[2020-01-13T13:03:01.129+0000][1][safepoint    ] Total time for which application threads were stopped: 0.0000323 seconds, Stopping threads took: 0.0000063 seconds
[2020-01-13T13:03:01.129+0000][1][safepoint    ] Application time: 0.0001718 seconds
[2020-01-13T13:03:01.129+0000][1][safepoint    ] Entering safepoint region: RevokeBias
[2020-01-13T13:03:01.129+0000][1][safepoint    ] Leaving safepoint region
[2020-01-13T13:03:01.129+0000][1][safepoint    ] Total time for which application threads were stopped: 0.0000327 seconds, Stopping threads took: 0.0000065 seconds
[2020-01-13T13:03:01.133+0000][1][safepoint    ] Application time: 0.0033240 seconds
[2020-01-13T13:03:01.133+0000][1][safepoint    ] Entering safepoint region: RevokeBias
[2020-01-13T13:03:01.133+0000][1][safepoint    ] Leaving safepoint region
[2020-01-13T13:03:01.133+0000][1][safepoint    ] Total time for which application threads were stopped: 0.0000712 seconds, Stopping threads took: 0.0000236 seconds
[2020-01-13T13:03:01.133+0000][1][safepoint    ] Application time: 0.0000528 seconds
[2020-01-13T13:03:01.133+0000][1][safepoint    ] Entering safepoint region: RevokeBias
[2020-01-13T13:03:01.133+0000][1][safepoint    ] Leaving safepoint region
[2020-01-13T13:03:01.133+0000][1][safepoint    ] Total time for which application threads were stopped: 0.0000372 seconds, Stopping threads took: 0.0000156 seconds
[2020-01-13T13:03:01.133+0000][1][safepoint    ] Application time: 0.0002756 seconds
[2020-01-13T13:03:01.133+0000][1][safepoint    ] Entering safepoint region: RevokeBias
[2020-01-13T13:03:01.133+0000][1][safepoint    ] Leaving safepoint region
[2020-01-13T13:03:01.133+0000][1][safepoint    ] Total time for which application threads were stopped: 0.0000682 seconds, Stopping threads took: 0.0000126 seconds
[2020-01-13T13:03:01.133+0000][1][safepoint    ] Application time: 0.0001001 seconds
[2020-01-13T13:03:01.133+0000][1][safepoint    ] Entering safepoint region: RevokeBias
[2020-01-13T13:03:01.133+0000][1][safepoint    ] Leaving safepoint region
[2020-01-13T13:03:01.133+0000][1][safepoint    ] Total time for which application threads were stopped: 0.0000565 seconds, Stopping threads took: 0.0000067 seconds
[2020-01-13T13:03:01.133+0000][1][safepoint    ] Application time: 0.0000393 seconds
[2020-01-13T13:03:01.133+0000][1][safepoint    ] Entering safepoint region: RevokeBias
[2020-01-13T13:03:01.133+0000][1][safepoint    ] Leaving safepoint region
[2020-01-13T13:03:01.133+0000][1][safepoint    ] Total time for which application threads were stopped: 0.0000273 seconds, Stopping threads took: 0.0000056 seconds
[2020-01-13T13:03:01.134+0000][1][safepoint    ] Application time: 0.0001771 seconds
[2020-01-13T13:03:01.134+0000][1][safepoint    ] Entering safepoint region: RevokeBias
[2020-01-13T13:03:01.134+0000][1][safepoint    ] Leaving safepoint region
[2020-01-13T13:03:01.134+0000][1][safepoint    ] Total time for which application threads were stopped: 0.0000439 seconds, Stopping threads took: 0.0000178 seconds
[2020-01-13T13:03:01.134+0000][1][safepoint    ] Application time: 0.0000670 seconds
[2020-01-13T13:03:01.134+0000][1][safepoint    ] Entering safepoint region: RevokeBias
[2020-01-13T13:03:01.134+0000][1][safepoint    ] Leaving safepoint region
[2020-01-13T13:03:01.134+0000][1][safepoint    ] Total time for which application threads were stopped: 0.0000271 seconds, Stopping threads took: 0.0000060 seconds
[2020-01-13T13:03:01.134+0000][1][safepoint    ] Application time: 0.0000317 seconds
[2020-01-13T13:03:01.134+0000][1][safepoint    ] Entering safepoint region: RevokeBias
[2020-01-13T13:03:01.134+0000][1][safepoint    ] Leaving safepoint region
[2020-01-13T13:03:01.134+0000][1][safepoint    ] Total time for which application threads were stopped: 0.0000254 seconds, Stopping threads took: 0.0000055 seconds
[2020-01-13T13:03:01.134+0000][1][safepoint    ] Application time: 0.0001147 seconds
[2020-01-13T13:03:01.134+0000][1][safepoint    ] Entering safepoint region: RevokeBias
[2020-01-13T13:03:01.134+0000][1][safepoint    ] Leaving safepoint region
[2020-01-13T13:03:01.134+0000][1][safepoint    ] Total time for which application threads were stopped: 0.0000294 seconds, Stopping threads took: 0.0000061 seconds
[2020-01-13T13:03:01.134+0000][1][safepoint    ] Application time: 0.0001532 seconds
[2020-01-13T13:03:01.134+0000][1][safepoint    ] Entering safepoint region: RevokeBias
[2020-01-13T13:03:01.134+0000][1][safepoint    ] Leaving safepoint region
[2020-01-13T13:03:01.134+0000][1][safepoint    ] Total time for which application threads were stopped: 0.0000304 seconds, Stopping threads took: 0.0000064 seconds
[2020-01-13T13:03:01.134+0000][1][safepoint    ] Application time: 0.0001698 seconds
[2020-01-13T13:03:01.134+0000][1][safepoint    ] Entering safepoint region: RevokeBias
[2020-01-13T13:03:01.134+0000][1][safepoint    ] Leaving safepoint region
[2020-01-13T13:03:01.134+0000][1][safepoint    ] Total time for which application threads were stopped: 0.0000331 seconds, Stopping threads took: 0.0000067 seconds
[2020-01-13T13:03:01.135+0000][1][safepoint    ] Application time: 0.0001517 seconds
[2020-01-13T13:03:01.135+0000][1][safepoint    ] Entering safepoint region: RevokeBias
[2020-01-13T13:03:01.135+0000][1][safepoint    ] Leaving safepoint region
[2020-01-13T13:03:01.135+0000][1][safepoint    ] Total time for which application threads were stopped: 0.0000485 seconds, Stopping threads took: 0.0000063 seconds
[2020-01-13T13:03:01.135+0000][1][safepoint    ] Application time: 0.0007350 seconds
[2020-01-13T13:03:01.135+0000][1][safepoint    ] Entering safepoint region: RevokeBias
[2020-01-13T13:03:01.135+0000][1][safepoint    ] Leaving safepoint region
[2020-01-13T13:03:01.135+0000][1][safepoint    ] Total time for which application threads were stopped: 0.0000779 seconds, Stopping threads took: 0.0000325 seconds
[2020-01-13T13:03:01.136+0000][1][safepoint    ] Application time: 0.0008809 seconds
[2020-01-13T13:03:01.136+0000][1][safepoint    ] Entering safepoint region: RevokeBias
[2020-01-13T13:03:01.136+0000][1][safepoint    ] Leaving safepoint region
[2020-01-13T13:03:01.136+0000][1][safepoint    ] Total time for which application threads were stopped: 0.0001049 seconds, Stopping threads took: 0.0000502 seconds
[2020-01-13T13:03:01.137+0000][1][safepoint    ] Application time: 0.0006375 seconds
[2020-01-13T13:03:01.137+0000][1][safepoint    ] Entering safepoint region: RevokeBias
[2020-01-13T13:03:01.137+0000][1][safepoint    ] Leaving safepoint region
[2020-01-13T13:03:01.137+0000][1][safepoint    ] Total time for which application threads were stopped: 0.0002784 seconds, Stopping threads took: 0.0000085 seconds
[2020-01-13T13:03:01.138+0000][1][safepoint    ] Application time: 0.0001136 seconds
[2020-01-13T13:03:01.138+0000][1][safepoint    ] Entering safepoint region: RevokeBias
[2020-01-13T13:03:01.138+0000][1][safepoint    ] Leaving safepoint region
[2020-01-13T13:03:01.138+0000][1][safepoint    ] Total time for which application threads were stopped: 0.0000570 seconds, Stopping threads took: 0.0000080 seconds
[2020-01-13T13:03:01.138+0000][1][safepoint    ] Application time: 0.0007803 seconds
[2020-01-13T13:03:01.138+0000][1][safepoint    ] Entering safepoint region: RevokeBias
[2020-01-13T13:03:01.138+0000][1][safepoint    ] Leaving safepoint region
[2020-01-13T13:03:01.138+0000][1][safepoint    ] Total time for which application threads were stopped: 0.0000574 seconds, Stopping threads took: 0.0000097 seconds
[2020-01-13T13:03:01.139+0000][1][safepoint    ] Application time: 0.0001712 seconds
[2020-01-13T13:03:01.139+0000][1][safepoint    ] Entering safepoint region: RevokeBias
[2020-01-13T13:03:01.139+0000][1][safepoint    ] Leaving safepoint region
[2020-01-13T13:03:01.139+0000][1][safepoint    ] Total time for which application threads were stopped: 0.0000416 seconds, Stopping threads took: 0.0000070 seconds
[2020-01-13T13:03:01.139+0000][1][safepoint    ] Application time: 0.0003784 seconds
[2020-01-13T13:03:01.139+0000][1][safepoint    ] Entering safepoint region: RevokeBias
[2020-01-13T13:03:01.139+0000][1][safepoint    ] Leaving safepoint region
[2020-01-13T13:03:01.139+0000][1][safepoint    ] Total time for which application threads were stopped: 0.0000487 seconds, Stopping threads took: 0.0000086 seconds
[2020-01-13T13:03:01.139+0000][1][safepoint    ] Application time: 0.0001395 seconds
[2020-01-13T13:03:01.139+0000][1][safepoint    ] Entering safepoint region: RevokeBias
[2020-01-13T13:03:01.139+0000][1][safepoint    ] Leaving safepoint region
[2020-01-13T13:03:01.139+0000][1][safepoint    ] Total time for which application threads were stopped: 0.0000583 seconds, Stopping threads took: 0.0000063 seconds
[2020-01-13T13:03:01.139+0000][1][safepoint    ] Application time: 0.0000804 seconds
[2020-01-13T13:03:01.139+0000][1][safepoint    ] Entering safepoint region: RevokeBias
[2020-01-13T13:03:01.139+0000][1][safepoint    ] Leaving safepoint region
[2020-01-13T13:03:01.139+0000][1][safepoint    ] Total time for which application threads were stopped: 0.0000320 seconds, Stopping threads took: 0.0000061 seconds
[2020-01-13T13:03:01.140+0000][1][safepoint    ] Application time: 0.0001205 seconds
[2020-01-13T13:03:01.140+0000][1][safepoint    ] Entering safepoint region: RevokeBias
[2020-01-13T13:03:01.140+0000][1][safepoint    ] Leaving safepoint region
[2020-01-13T13:03:01.140+0000][1][safepoint    ] Total time for which application threads were stopped: 0.0000346 seconds, Stopping threads took: 0.0000067 seconds
[2020-01-13T13:03:01.140+0000][1][safepoint    ] Application time: 0.0007497 seconds
[2020-01-13T13:03:01.140+0000][1][safepoint    ] Entering safepoint region: RevokeBias
[2020-01-13T13:03:01.140+0000][1][safepoint    ] Leaving safepoint region
[2020-01-13T13:03:01.140+0000][1][safepoint    ] Total time for which application threads were stopped: 0.0000478 seconds, Stopping threads took: 0.0000092 seconds
[2020-01-13T13:03:01.141+0000][1][safepoint    ] Application time: 0.0002203 seconds
[2020-01-13T13:03:01.141+0000][1][safepoint    ] Entering safepoint region: RevokeBias
[2020-01-13T13:03:01.141+0000][1][safepoint    ] Leaving safepoint region
[2020-01-13T13:03:01.141+0000][1][safepoint    ] Total time for which application threads were stopped: 0.0000435 seconds, Stopping threads took: 0.0000081 seconds
[2020-01-13T13:03:01.141+0000][1][safepoint    ] Application time: 0.0001479 seconds
[2020-01-13T13:03:01.141+0000][1][safepoint    ] Entering safepoint region: RevokeBias
[2020-01-13T13:03:01.141+0000][1][safepoint    ] Leaving safepoint region
[2020-01-13T13:03:01.141+0000][1][safepoint    ] Total time for which application threads were stopped: 0.0000397 seconds, Stopping threads took: 0.0000072 seconds
[2020-01-13T13:03:01.144+0000][1][safepoint    ] Application time: 0.0033020 seconds
[2020-01-13T13:03:01.145+0000][1][safepoint    ] Entering safepoint region: RevokeBias
[2020-01-13T13:03:01.145+0000][1][safepoint    ] Leaving safepoint region
[2020-01-13T13:03:01.145+0000][1][safepoint    ] Total time for which application threads were stopped: 0.0011466 seconds, Stopping threads took: 0.0010614 seconds
[2020-01-13T13:03:01.146+0000][1][safepoint    ] Application time: 0.0009717 seconds
[2020-01-13T13:03:01.147+0000][1][safepoint    ] Entering safepoint region: RevokeBias
[2020-01-13T13:03:01.147+0000][1][safepoint    ] Leaving safepoint region
[2020-01-13T13:03:01.147+0000][1][safepoint    ] Total time for which application threads were stopped: 0.0001141 seconds, Stopping threads took: 0.0000722 seconds
[2020-01-13T13:03:01.147+0000][1][safepoint    ] Application time: 0.0001749 seconds
[2020-01-13T13:03:01.147+0000][1][safepoint    ] Entering safepoint region: RevokeBias
[2020-01-13T13:03:01.147+0000][1][safepoint    ] Leaving safepoint region
[2020-01-13T13:03:01.147+0000][1][safepoint    ] Total time for which application threads were stopped: 0.0000390 seconds, Stopping threads took: 0.0000154 seconds
[2020-01-13T13:03:01.147+0000][1][safepoint    ] Application time: 0.0006495 seconds
[2020-01-13T13:03:01.147+0000][1][safepoint    ] Entering safepoint region: RevokeBias
[2020-01-13T13:03:01.148+0000][1][safepoint    ] Leaving safepoint region
[2020-01-13T13:03:01.148+0000][1][safepoint    ] Total time for which application threads were stopped: 0.0000589 seconds, Stopping threads took: 0.0000206 seconds
[2020-01-13T13:03:01.148+0000][1][safepoint    ] Application time: 0.0001693 seconds
[2020-01-13T13:03:01.148+0000][1][safepoint    ] Entering safepoint region: RevokeBias
[2020-01-13T13:03:01.148+0000][1][safepoint    ] Leaving safepoint region
[2020-01-13T13:03:01.148+0000][1][safepoint    ] Total time for which application threads were stopped: 0.0000417 seconds, Stopping threads took: 0.0000148 seconds
[2020-01-13T13:03:01.148+0000][1][safepoint    ] Application time: 0.0000753 seconds
[2020-01-13T13:03:01.148+0000][1][safepoint    ] Entering safepoint region: RevokeBias
[2020-01-13T13:03:01.148+0000][1][safepoint    ] Leaving safepoint region
[2020-01-13T13:03:01.148+0000][1][safepoint    ] Total time for which application threads were stopped: 0.0000355 seconds, Stopping threads took: 0.0000136 seconds
[2020-01-13T13:03:01.148+0000][1][safepoint    ] Application time: 0.0001015 seconds
[2020-01-13T13:03:01.148+0000][1][safepoint    ] Entering safepoint region: RevokeBias
[2020-01-13T13:03:01.148+0000][1][safepoint    ] Leaving safepoint region
[2020-01-13T13:03:01.148+0000][1][safepoint    ] Total time for which application threads were stopped: 0.0000400 seconds, Stopping threads took: 0.0000168 seconds
[2020-01-13T13:03:01.148+0000][1][safepoint    ] Application time: 0.0003749 seconds
[2020-01-13T13:03:01.149+0000][1][safepoint    ] Entering safepoint region: RevokeBias
[2020-01-13T13:03:01.149+0000][1][safepoint    ] Leaving safepoint region
[2020-01-13T13:03:01.149+0000][1][safepoint    ] Total time for which application threads were stopped: 0.0003599 seconds, Stopping threads took: 0.0003079 seconds
[2020-01-13T13:03:01.149+0000][1][safepoint    ] Application time: 0.0001943 seconds
[2020-01-13T13:03:01.149+0000][1][safepoint    ] Entering safepoint region: RevokeBias
[2020-01-13T13:03:01.149+0000][1][safepoint    ] Leaving safepoint region
[2020-01-13T13:03:01.149+0000][1][safepoint    ] Total time for which application threads were stopped: 0.0000385 seconds, Stopping threads took: 0.0000077 seconds
[2020-01-13T13:03:01.149+0000][1][safepoint    ] Application time: 0.0003457 seconds
[2020-01-13T13:03:01.151+0000][1][safepoint    ] Entering safepoint region: RevokeBias
[2020-01-13T13:03:01.151+0000][1][safepoint    ] Leaving safepoint region
[2020-01-13T13:03:01.151+0000][1][safepoint    ] Total time for which application threads were stopped: 0.0020722 seconds, Stopping threads took: 0.0020329 seconds
[2020-01-13T13:03:01.152+0000][1][safepoint    ] Application time: 0.0001525 seconds
[2020-01-13T13:03:01.152+0000][1][safepoint    ] Entering safepoint region: RevokeBias
[2020-01-13T13:03:01.152+0000][1][safepoint    ] Leaving safepoint region
[2020-01-13T13:03:01.152+0000][1][safepoint    ] Total time for which application threads were stopped: 0.0000364 seconds, Stopping threads took: 0.0000066 seconds
[2020-01-13T13:03:01.152+0000][1][safepoint    ] Application time: 0.0004330 seconds
[2020-01-13T13:03:01.152+0000][1][safepoint    ] Entering safepoint region: RevokeBias
[2020-01-13T13:03:01.152+0000][1][safepoint    ] Leaving safepoint region
[2020-01-13T13:03:01.152+0000][1][safepoint    ] Total time for which application threads were stopped: 0.0000382 seconds, Stopping threads took: 0.0000077 seconds
[2020-01-13T13:03:01.152+0000][1][safepoint    ] Application time: 0.0001351 seconds
[2020-01-13T13:03:01.152+0000][1][safepoint    ] Entering safepoint region: RevokeBias
[2020-01-13T13:03:01.152+0000][1][safepoint    ] Leaving safepoint region
[2020-01-13T13:03:01.152+0000][1][safepoint    ] Total time for which application threads were stopped: 0.0000312 seconds, Stopping threads took: 0.0000059 seconds
[2020-01-13T13:03:01.153+0000][1][safepoint    ] Application time: 0.0009914 seconds
[2020-01-13T13:03:01.153+0000][1][safepoint    ] Entering safepoint region: RevokeBias
[2020-01-13T13:03:01.153+0000][1][safepoint    ] Leaving safepoint region
[2020-01-13T13:03:01.153+0000][1][safepoint    ] Total time for which application threads were stopped: 0.0000568 seconds, Stopping threads took: 0.0000229 seconds
[2020-01-13T13:03:01.154+0000][1][safepoint    ] Application time: 0.0001944 seconds
[2020-01-13T13:03:01.154+0000][1][safepoint    ] Entering safepoint region: RevokeBias
[2020-01-13T13:03:01.154+0000][1][safepoint    ] Leaving safepoint region
[2020-01-13T13:03:01.154+0000][1][safepoint    ] Total time for which application threads were stopped: 0.0000471 seconds, Stopping threads took: 0.0000187 seconds
[2020-01-13T13:03:01.154+0000][1][safepoint    ] Application time: 0.0002804 seconds
[2020-01-13T13:03:01.154+0000][1][safepoint    ] Entering safepoint region: RevokeBias
[2020-01-13T13:03:01.154+0000][1][safepoint    ] Leaving safepoint region
[2020-01-13T13:03:01.154+0000][1][safepoint    ] Total time for which application threads were stopped: 0.0000478 seconds, Stopping threads took: 0.0000213 seconds
[2020-01-13T13:03:01.155+0000][1][safepoint    ] Application time: 0.0004633 seconds
[2020-01-13T13:03:01.155+0000][1][safepoint    ] Entering safepoint region: RevokeBias
[2020-01-13T13:03:01.155+0000][1][safepoint    ] Leaving safepoint region
[2020-01-13T13:03:01.155+0000][1][safepoint    ] Total time for which application threads were stopped: 0.0003761 seconds, Stopping threads took: 0.0003294 seconds
[2020-01-13T13:03:01.155+0000][1][safepoint    ] Application time: 0.0002353 seconds
[2020-01-13T13:03:01.155+0000][1][safepoint    ] Entering safepoint region: RevokeBias
[2020-01-13T13:03:01.155+0000][1][safepoint    ] Leaving safepoint region
[2020-01-13T13:03:01.155+0000][1][safepoint    ] Total time for which application threads were stopped: 0.0000559 seconds, Stopping threads took: 0.0000199 seconds
[2020-01-13T13:03:01.156+0000][1][safepoint    ] Application time: 0.0009815 seconds
[2020-01-13T13:03:01.156+0000][1][safepoint    ] Entering safepoint region: RevokeBias
[2020-01-13T13:03:01.156+0000][1][safepoint    ] Leaving safepoint region
[2020-01-13T13:03:01.156+0000][1][safepoint    ] Total time for which application threads were stopped: 0.0000579 seconds, Stopping threads took: 0.0000226 seconds
[2020-01-13T13:03:01.157+0000][1][safepoint    ] Application time: 0.0003597 seconds
[2020-01-13T13:03:01.157+0000][1][safepoint    ] Entering safepoint region: RevokeBias
[2020-01-13T13:03:01.157+0000][1][safepoint    ] Leaving safepoint region
[2020-01-13T13:03:01.157+0000][1][safepoint    ] Total time for which application threads were stopped: 0.0000553 seconds, Stopping threads took: 0.0000202 seconds
[2020-01-13T13:03:01.157+0000][1][safepoint    ] Application time: 0.0006892 seconds
[2020-01-13T13:03:01.157+0000][1][safepoint    ] Entering safepoint region: RevokeBias
[2020-01-13T13:03:01.158+0000][1][safepoint    ] Leaving safepoint region
[2020-01-13T13:03:01.158+0000][1][safepoint    ] Total time for which application threads were stopped: 0.0000644 seconds, Stopping threads took: 0.0000227 seconds
[2020-01-13T13:03:01.158+0000][1][safepoint    ] Application time: 0.0002426 seconds
[2020-01-13T13:03:01.158+0000][1][safepoint    ] Entering safepoint region: RevokeBias
[2020-01-13T13:03:01.158+0000][1][safepoint    ] Leaving safepoint region
[2020-01-13T13:03:01.158+0000][1][safepoint    ] Total time for which application threads were stopped: 0.0000523 seconds, Stopping threads took: 0.0000181 seconds
[2020-01-13T13:03:01.160+0000][1][safepoint    ] Application time: 0.0026111 seconds
[2020-01-13T13:03:01.160+0000][1][safepoint    ] Entering safepoint region: RevokeBias
[2020-01-13T13:03:01.161+0000][1][safepoint    ] Leaving safepoint region
[2020-01-13T13:03:01.161+0000][1][safepoint    ] Total time for which application threads were stopped: 0.0000819 seconds, Stopping threads took: 0.0000309 seconds
[2020-01-13T13:03:01.161+0000][1][safepoint    ] Application time: 0.0000782 seconds
[2020-01-13T13:03:01.161+0000][1][safepoint    ] Entering safepoint region: RevokeBias
[2020-01-13T13:03:01.161+0000][1][safepoint    ] Leaving safepoint region
[2020-01-13T13:03:01.161+0000][1][safepoint    ] Total time for which application threads were stopped: 0.0000699 seconds, Stopping threads took: 0.0000122 seconds
[2020-01-13T13:03:01.166+0000][1][safepoint    ] Application time: 0.0049919 seconds
[2020-01-13T13:03:01.166+0000][1][safepoint    ] Entering safepoint region: BulkRevokeBias
[2020-01-13T13:03:01.166+0000][1][safepoint    ] Leaving safepoint region
[2020-01-13T13:03:01.166+0000][1][safepoint    ] Total time for which application threads were stopped: 0.0003255 seconds, Stopping threads took: 0.0000331 seconds
[2020-01-13T13:03:01.167+0000][1][safepoint    ] Application time: 0.0007154 seconds
[2020-01-13T13:03:01.168+0000][1][safepoint    ] Entering safepoint region: BulkRevokeBias
[2020-01-13T13:03:01.168+0000][1][safepoint    ] Leaving safepoint region
[2020-01-13T13:03:01.168+0000][1][safepoint    ] Total time for which application threads were stopped: 0.0010685 seconds, Stopping threads took: 0.0008524 seconds
[2020-01-13T13:03:01.175+0000][1][safepoint    ] Application time: 0.0067693 seconds
[2020-01-13T13:03:01.175+0000][1][safepoint    ] Entering safepoint region: RevokeBias
[2020-01-13T13:03:01.175+0000][1][safepoint    ] Leaving safepoint region
[2020-01-13T13:03:01.175+0000][1][safepoint    ] Total time for which application threads were stopped: 0.0007379 seconds, Stopping threads took: 0.0006728 seconds
[2020-01-13T13:03:01.176+0000][1][safepoint    ] Application time: 0.0003646 seconds
[2020-01-13T13:03:01.176+0000][1][safepoint    ] Entering safepoint region: RevokeBias
[2020-01-13T13:03:01.176+0000][1][safepoint    ] Leaving safepoint region
[2020-01-13T13:03:01.176+0000][1][safepoint    ] Total time for which application threads were stopped: 0.0000462 seconds, Stopping threads took: 0.0000091 seconds
[2020-01-13T13:03:01.176+0000][1][safepoint    ] Application time: 0.0002642 seconds
[2020-01-13T13:03:01.176+0000][1][safepoint    ] Entering safepoint region: RevokeBias
[2020-01-13T13:03:01.176+0000][1][safepoint    ] Leaving safepoint region
[2020-01-13T13:03:01.176+0000][1][safepoint    ] Total time for which application threads were stopped: 0.0000670 seconds, Stopping threads took: 0.0000201 seconds
[2020-01-13T13:03:01.176+0000][1][safepoint    ] Application time: 0.0001910 seconds
[2020-01-13T13:03:01.178+0000][1][safepoint    ] Entering safepoint region: RevokeBias
[2020-01-13T13:03:01.178+0000][1][safepoint    ] Leaving safepoint region
[2020-01-13T13:03:01.178+0000][1][safepoint    ] Total time for which application threads were stopped: 0.0016136 seconds, Stopping threads took: 0.0015117 seconds
[2020-01-13T13:03:01.178+0000][1][safepoint    ] Application time: 0.0003756 seconds
[2020-01-13T13:03:01.182+0000][1][safepoint    ] Entering safepoint region: RevokeBias
[2020-01-13T13:03:01.182+0000][1][safepoint    ] Leaving safepoint region
[2020-01-13T13:03:01.182+0000][1][safepoint    ] Total time for which application threads were stopped: 0.0040282 seconds, Stopping threads took: 0.0039512 seconds
[2020-01-13T13:03:01.196+0000][1][safepoint    ] Application time: 0.0138581 seconds
[2020-01-13T13:03:01.196+0000][1][safepoint    ] Entering safepoint region: RevokeBias
[2020-01-13T13:03:01.197+0000][1][safepoint    ] Leaving safepoint region
[2020-01-13T13:03:01.197+0000][1][safepoint    ] Total time for which application threads were stopped: 0.0001504 seconds, Stopping threads took: 0.0000406 seconds
[2020-01-13T13:03:01.200+0000][1][safepoint    ] Application time: 0.0032732 seconds
[2020-01-13T13:03:01.200+0000][1][safepoint    ] Entering safepoint region: RevokeBias
[2020-01-13T13:03:01.200+0000][1][safepoint    ] Leaving safepoint region
[2020-01-13T13:03:01.200+0000][1][safepoint    ] Total time for which application threads were stopped: 0.0001164 seconds, Stopping threads took: 0.0000342 seconds
[2020-01-13T13:03:01.216+0000][1][safepoint    ] Application time: 0.0164574 seconds
[2020-01-13T13:03:01.217+0000][1][safepoint    ] Entering safepoint region: RevokeBias
[2020-01-13T13:03:01.217+0000][1][safepoint    ] Leaving safepoint region
[2020-01-13T13:03:01.217+0000][1][safepoint    ] Total time for which application threads were stopped: 0.0001227 seconds, Stopping threads took: 0.0000250 seconds
[2020-01-13T13:03:01.217+0000][1][safepoint    ] Application time: 0.0002058 seconds
[2020-01-13T13:03:01.217+0000][1][safepoint    ] Entering safepoint region: RevokeBias
[2020-01-13T13:03:01.217+0000][1][safepoint    ] Leaving safepoint region
[2020-01-13T13:03:01.217+0000][1][safepoint    ] Total time for which application threads were stopped: 0.0000356 seconds, Stopping threads took: 0.0000070 seconds
[2020-01-13T13:03:01.217+0000][1][safepoint    ] Application time: 0.0000962 seconds
[2020-01-13T13:03:01.217+0000][1][safepoint    ] Entering safepoint region: RevokeBias
[2020-01-13T13:03:01.217+0000][1][safepoint    ] Leaving safepoint region
[2020-01-13T13:03:01.217+0000][1][safepoint    ] Total time for which application threads were stopped: 0.0000285 seconds, Stopping threads took: 0.0000063 seconds
[2020-01-13T13:03:01.217+0000][1][safepoint    ] Application time: 0.0000848 seconds
[2020-01-13T13:03:01.217+0000][1][safepoint    ] Entering safepoint region: RevokeBias
[2020-01-13T13:03:01.217+0000][1][safepoint    ] Leaving safepoint region
[2020-01-13T13:03:01.217+0000][1][safepoint    ] Total time for which application threads were stopped: 0.0000272 seconds, Stopping threads took: 0.0000062 seconds
[2020-01-13T13:03:01.217+0000][1][safepoint    ] Application time: 0.0000842 seconds
[2020-01-13T13:03:01.217+0000][1][safepoint    ] Entering safepoint region: RevokeBias
[2020-01-13T13:03:01.217+0000][1][safepoint    ] Leaving safepoint region
[2020-01-13T13:03:01.217+0000][1][safepoint    ] Total time for which application threads were stopped: 0.0000275 seconds, Stopping threads took: 0.0000062 seconds
[2020-01-13T13:03:01.217+0000][1][safepoint    ] Application time: 0.0001252 seconds
[2020-01-13T13:03:01.217+0000][1][safepoint    ] Entering safepoint region: RevokeBias
[2020-01-13T13:03:01.217+0000][1][safepoint    ] Leaving safepoint region
[2020-01-13T13:03:01.217+0000][1][safepoint    ] Total time for which application threads were stopped: 0.0000307 seconds, Stopping threads took: 0.0000071 seconds
[2020-01-13T13:03:01.218+0000][1][safepoint    ] Application time: 0.0001014 seconds
[2020-01-13T13:03:01.218+0000][1][safepoint    ] Entering safepoint region: RevokeBias
[2020-01-13T13:03:01.218+0000][1][safepoint    ] Leaving safepoint region
[2020-01-13T13:03:01.218+0000][1][safepoint    ] Total time for which application threads were stopped: 0.0000283 seconds, Stopping threads took: 0.0000063 seconds
[2020-01-13T13:03:01.220+0000][1][safepoint    ] Application time: 0.0020946 seconds
[2020-01-13T13:03:01.220+0000][1][safepoint    ] Entering safepoint region: RevokeBias
[2020-01-13T13:03:01.220+0000][1][safepoint    ] Leaving safepoint region
[2020-01-13T13:03:01.220+0000][1][safepoint    ] Total time for which application threads were stopped: 0.0000724 seconds, Stopping threads took: 0.0000335 seconds
[2020-01-13T13:03:01.221+0000][1][safepoint    ] Application time: 0.0009632 seconds
[2020-01-13T13:03:01.221+0000][1][safepoint    ] Entering safepoint region: RevokeBias
[2020-01-13T13:03:01.221+0000][1][safepoint    ] Leaving safepoint region
[2020-01-13T13:03:01.221+0000][1][safepoint    ] Total time for which application threads were stopped: 0.0000703 seconds, Stopping threads took: 0.0000356 seconds
[2020-01-13T13:03:01.221+0000][1][safepoint    ] Application time: 0.0006213 seconds
[2020-01-13T13:03:01.222+0000][1][safepoint    ] Entering safepoint region: RevokeBias
[2020-01-13T13:03:01.222+0000][1][safepoint    ] Leaving safepoint region
[2020-01-13T13:03:01.222+0000][1][safepoint    ] Total time for which application threads were stopped: 0.0000585 seconds, Stopping threads took: 0.0000242 seconds
[2020-01-13T13:03:01.222+0000][1][safepoint    ] Application time: 0.0003631 seconds
[2020-01-13T13:03:01.222+0000][1][safepoint    ] Entering safepoint region: RevokeBias
[2020-01-13T13:03:01.222+0000][1][safepoint    ] Leaving safepoint region
[2020-01-13T13:03:01.222+0000][1][safepoint    ] Total time for which application threads were stopped: 0.0000474 seconds, Stopping threads took: 0.0000168 seconds
[2020-01-13T13:03:01.222+0000][1][safepoint    ] Application time: 0.0000920 seconds
[2020-01-13T13:03:01.222+0000][1][safepoint    ] Entering safepoint region: RevokeBias
[2020-01-13T13:03:01.222+0000][1][safepoint    ] Leaving safepoint region
[2020-01-13T13:03:01.222+0000][1][safepoint    ] Total time for which application threads were stopped: 0.0000424 seconds, Stopping threads took: 0.0000198 seconds
[2020-01-13T13:03:01.222+0000][1][safepoint    ] Application time: 0.0003297 seconds
[2020-01-13T13:03:01.223+0000][1][safepoint    ] Entering safepoint region: RevokeBias
[2020-01-13T13:03:01.223+0000][1][safepoint    ] Leaving safepoint region
[2020-01-13T13:03:01.223+0000][1][safepoint    ] Total time for which application threads were stopped: 0.0009202 seconds, Stopping threads took: 0.0008885 seconds
[2020-01-13T13:03:01.373+0000][1][safepoint    ] Application time: 0.1491887 seconds
[2020-01-13T13:03:01.373+0000][1][safepoint    ] Entering safepoint region: RevokeBias
[2020-01-13T13:03:01.373+0000][1][safepoint    ] Leaving safepoint region
[2020-01-13T13:03:01.373+0000][1][safepoint    ] Total time for which application threads were stopped: 0.0001048 seconds, Stopping threads took: 0.0000165 seconds
[2020-01-13T13:03:01.373+0000][1][safepoint    ] Application time: 0.0000486 seconds
[2020-01-13T13:03:01.373+0000][1][safepoint    ] Entering safepoint region: RevokeBias
[2020-01-13T13:03:01.373+0000][1][safepoint    ] Leaving safepoint region
[2020-01-13T13:03:01.373+0000][1][safepoint    ] Total time for which application threads were stopped: 0.0000266 seconds, Stopping threads took: 0.0000060 seconds
[2020-01-13T13:03:01.373+0000][1][safepoint    ] Application time: 0.0000223 seconds
[2020-01-13T13:03:01.373+0000][1][safepoint    ] Entering safepoint region: RevokeBias
[2020-01-13T13:03:01.373+0000][1][safepoint    ] Leaving safepoint region
[2020-01-13T13:03:01.373+0000][1][safepoint    ] Total time for which application threads were stopped: 0.0000237 seconds, Stopping threads took: 0.0000057 seconds
[2020-01-13T13:03:01.373+0000][1][safepoint    ] Application time: 0.0000217 seconds
[2020-01-13T13:03:01.373+0000][1][safepoint    ] Entering safepoint region: RevokeBias
[2020-01-13T13:03:01.373+0000][1][safepoint    ] Leaving safepoint region
[2020-01-13T13:03:01.373+0000][1][safepoint    ] Total time for which application threads were stopped: 0.0000232 seconds, Stopping threads took: 0.0000055 seconds
[2020-01-13T13:03:01.373+0000][1][safepoint    ] Application time: 0.0000217 seconds
[2020-01-13T13:03:01.373+0000][1][safepoint    ] Entering safepoint region: RevokeBias
[2020-01-13T13:03:01.373+0000][1][safepoint    ] Leaving safepoint region
[2020-01-13T13:03:01.373+0000][1][safepoint    ] Total time for which application threads were stopped: 0.0000246 seconds, Stopping threads took: 0.0000061 seconds
[2020-01-13T13:03:01.373+0000][1][safepoint    ] Application time: 0.0000260 seconds
[2020-01-13T13:03:01.373+0000][1][safepoint    ] Entering safepoint region: RevokeBias
[2020-01-13T13:03:01.373+0000][1][safepoint    ] Leaving safepoint region
[2020-01-13T13:03:01.373+0000][1][safepoint    ] Total time for which application threads were stopped: 0.0000236 seconds, Stopping threads took: 0.0000055 seconds
[2020-01-13T13:03:01.373+0000][1][safepoint    ] Application time: 0.0000220 seconds
[2020-01-13T13:03:01.373+0000][1][safepoint    ] Entering safepoint region: RevokeBias
[2020-01-13T13:03:01.373+0000][1][safepoint    ] Leaving safepoint region
[2020-01-13T13:03:01.373+0000][1][safepoint    ] Total time for which application threads were stopped: 0.0000232 seconds, Stopping threads took: 0.0000056 seconds
[2020-01-13T13:03:01.373+0000][1][safepoint    ] Application time: 0.0000247 seconds
[2020-01-13T13:03:01.373+0000][1][safepoint    ] Entering safepoint region: RevokeBias
[2020-01-13T13:03:01.373+0000][1][safepoint    ] Leaving safepoint region
[2020-01-13T13:03:01.373+0000][1][safepoint    ] Total time for which application threads were stopped: 0.0000232 seconds, Stopping threads took: 0.0000055 seconds
[2020-01-13T13:03:01.742+0000][1][safepoint    ] Application time: 0.3691754 seconds
[2020-01-13T13:03:01.742+0000][1][safepoint    ] Entering safepoint region: RevokeBias
[2020-01-13T13:03:01.743+0000][1][safepoint    ] Leaving safepoint region
[2020-01-13T13:03:01.743+0000][1][safepoint    ] Total time for which application threads were stopped: 0.0001093 seconds, Stopping threads took: 0.0000206 seconds
[2020-01-13T13:03:01.743+0000][1][safepoint    ] Application time: 0.0008559 seconds
[2020-01-13T13:03:01.743+0000][1][safepoint    ] Entering safepoint region: RevokeBias
[2020-01-13T13:03:01.744+0000][1][safepoint    ] Leaving safepoint region
[2020-01-13T13:03:01.744+0000][1][safepoint    ] Total time for which application threads were stopped: 0.0000686 seconds, Stopping threads took: 0.0000116 seconds
[2020-01-13T13:03:01.744+0000][1][safepoint    ] Application time: 0.0002999 seconds
[2020-01-13T13:03:01.744+0000][1][safepoint    ] Entering safepoint region: RevokeBias
[2020-01-13T13:03:01.744+0000][1][safepoint    ] Leaving safepoint region
[2020-01-13T13:03:01.744+0000][1][safepoint    ] Total time for which application threads were stopped: 0.0000596 seconds, Stopping threads took: 0.0000119 seconds
[2020-01-13T13:03:01.744+0000][1][safepoint    ] Application time: 0.0003554 seconds
[2020-01-13T13:03:01.744+0000][1][safepoint    ] Entering safepoint region: RevokeBias
[2020-01-13T13:03:01.744+0000][1][safepoint    ] Leaving safepoint region
[2020-01-13T13:03:01.744+0000][1][safepoint    ] Total time for which application threads were stopped: 0.0000616 seconds, Stopping threads took: 0.0000080 seconds
[2020-01-13T13:03:01.832+0000][1][safepoint    ] Application time: 0.0876174 seconds
[2020-01-13T13:03:01.832+0000][1][safepoint    ] Entering safepoint region: RevokeBias
[2020-01-13T13:03:01.832+0000][1][safepoint    ] Leaving safepoint region
[2020-01-13T13:03:01.832+0000][1][safepoint    ] Total time for which application threads were stopped: 0.0000983 seconds, Stopping threads took: 0.0000276 seconds
[2020-01-13T13:03:01.877+0000][1][safepoint    ] Application time: 0.0444285 seconds
[2020-01-13T13:03:01.877+0000][1][safepoint    ] Entering safepoint region: RevokeBias
[2020-01-13T13:03:01.877+0000][1][safepoint    ] Leaving safepoint region
[2020-01-13T13:03:01.877+0000][1][safepoint    ] Total time for which application threads were stopped: 0.0002030 seconds, Stopping threads took: 0.0001120 seconds
[2020-01-13T13:03:01.877+0000][1][safepoint    ] Application time: 0.0005970 seconds
[2020-01-13T13:03:01.877+0000][1][safepoint    ] Entering safepoint region: RevokeBias
[2020-01-13T13:03:01.878+0000][1][safepoint    ] Leaving safepoint region
[2020-01-13T13:03:01.878+0000][1][safepoint    ] Total time for which application threads were stopped: 0.0000778 seconds, Stopping threads took: 0.0000285 seconds
[2020-01-13T13:03:01.879+0000][1][safepoint    ] Application time: 0.0010816 seconds
[2020-01-13T13:03:01.879+0000][1][safepoint    ] Entering safepoint region: RevokeBias
[2020-01-13T13:03:01.879+0000][1][safepoint    ] Leaving safepoint region
[2020-01-13T13:03:01.879+0000][1][safepoint    ] Total time for which application threads were stopped: 0.0001485 seconds, Stopping threads took: 0.0001032 seconds
[2020-01-13T13:03:01.880+0000][1][safepoint    ] Application time: 0.0015999 seconds
[2020-01-13T13:03:01.881+0000][1][safepoint    ] Entering safepoint region: RevokeBias
[2020-01-13T13:03:01.881+0000][1][safepoint    ] Leaving safepoint region
[2020-01-13T13:03:01.881+0000][1][safepoint    ] Total time for which application threads were stopped: 0.0003547 seconds, Stopping threads took: 0.0002960 seconds
[2020-01-13T13:03:01.881+0000][1][safepoint    ] Application time: 0.0001827 seconds
[2020-01-13T13:03:01.881+0000][1][safepoint    ] Entering safepoint region: RevokeBias
[2020-01-13T13:03:01.881+0000][1][safepoint    ] Leaving safepoint region
[2020-01-13T13:03:01.881+0000][1][safepoint    ] Total time for which application threads were stopped: 0.0000448 seconds, Stopping threads took: 0.0000069 seconds
[2020-01-13T13:03:01.881+0000][1][safepoint    ] Application time: 0.0002497 seconds
[2020-01-13T13:03:01.881+0000][1][safepoint    ] Entering safepoint region: RevokeBias
[2020-01-13T13:03:01.881+0000][1][safepoint    ] Leaving safepoint region
[2020-01-13T13:03:01.881+0000][1][safepoint    ] Total time for which application threads were stopped: 0.0000687 seconds, Stopping threads took: 0.0000076 seconds
[2020-01-13T13:03:01.882+0000][1][safepoint    ] Application time: 0.0010360 seconds
[2020-01-13T13:03:01.883+0000][1][safepoint    ] Entering safepoint region: RevokeBias
[2020-01-13T13:03:01.883+0000][1][safepoint    ] Leaving safepoint region
[2020-01-13T13:03:01.883+0000][1][safepoint    ] Total time for which application threads were stopped: 0.0006024 seconds, Stopping threads took: 0.0005103 seconds
[2020-01-13T13:03:01.883+0000][1][safepoint    ] Application time: 0.0002290 seconds
[2020-01-13T13:03:01.883+0000][1][safepoint    ] Entering safepoint region: RevokeBias
[2020-01-13T13:03:01.883+0000][1][safepoint    ] Leaving safepoint region
[2020-01-13T13:03:01.883+0000][1][safepoint    ] Total time for which application threads were stopped: 0.0000908 seconds, Stopping threads took: 0.0000079 seconds
[2020-01-13T13:03:01.883+0000][1][safepoint    ] Application time: 0.0000897 seconds
[2020-01-13T13:03:01.883+0000][1][safepoint    ] Entering safepoint region: RevokeBias
[2020-01-13T13:03:01.884+0000][1][safepoint    ] Leaving safepoint region
[2020-01-13T13:03:01.884+0000][1][safepoint    ] Total time for which application threads were stopped: 0.0000605 seconds, Stopping threads took: 0.0000061 seconds
[2020-01-13T13:03:01.884+0000][1][safepoint    ] Application time: 0.0002820 seconds
[2020-01-13T13:03:01.884+0000][1][safepoint    ] Entering safepoint region: RevokeBias
[2020-01-13T13:03:01.884+0000][1][safepoint    ] Leaving safepoint region
[2020-01-13T13:03:01.884+0000][1][safepoint    ] Total time for which application threads were stopped: 0.0000611 seconds, Stopping threads took: 0.0000080 seconds
[2020-01-13T13:03:01.884+0000][1][safepoint    ] Application time: 0.0001160 seconds
[2020-01-13T13:03:01.884+0000][1][safepoint    ] Entering safepoint region: RevokeBias
[2020-01-13T13:03:01.884+0000][1][safepoint    ] Leaving safepoint region
[2020-01-13T13:03:01.884+0000][1][safepoint    ] Total time for which application threads were stopped: 0.0000559 seconds, Stopping threads took: 0.0000062 seconds
[2020-01-13T13:03:01.884+0000][1][safepoint    ] Application time: 0.0001499 seconds
[2020-01-13T13:03:01.884+0000][1][safepoint    ] Entering safepoint region: RevokeBias
[2020-01-13T13:03:01.884+0000][1][safepoint    ] Leaving safepoint region
[2020-01-13T13:03:01.884+0000][1][safepoint    ] Total time for which application threads were stopped: 0.0001018 seconds, Stopping threads took: 0.0000073 seconds
[2020-01-13T13:03:01.885+0000][1][safepoint    ] Application time: 0.0007875 seconds
[2020-01-13T13:03:01.885+0000][1][safepoint    ] Entering safepoint region: RevokeBias
[2020-01-13T13:03:01.885+0000][1][safepoint    ] Leaving safepoint region
[2020-01-13T13:03:01.885+0000][1][safepoint    ] Total time for which application threads were stopped: 0.0000947 seconds, Stopping threads took: 0.0000083 seconds
[2020-01-13T13:03:01.885+0000][1][safepoint    ] Application time: 0.0001876 seconds
[2020-01-13T13:03:01.885+0000][1][safepoint    ] Entering safepoint region: RevokeBias
[2020-01-13T13:03:01.886+0000][1][safepoint    ] Leaving safepoint region
[2020-01-13T13:03:01.886+0000][1][safepoint    ] Total time for which application threads were stopped: 0.0000877 seconds, Stopping threads took: 0.0000073 seconds
[2020-01-13T13:03:01.886+0000][1][safepoint    ] Application time: 0.0001698 seconds
[2020-01-13T13:03:01.886+0000][1][safepoint    ] Entering safepoint region: RevokeBias
[2020-01-13T13:03:01.886+0000][1][safepoint    ] Leaving safepoint region
[2020-01-13T13:03:01.886+0000][1][safepoint    ] Total time for which application threads were stopped: 0.0000865 seconds, Stopping threads took: 0.0000069 seconds
[2020-01-13T13:03:01.886+0000][1][safepoint    ] Application time: 0.0003696 seconds
[2020-01-13T13:03:01.886+0000][1][safepoint    ] Entering safepoint region: RevokeBias
[2020-01-13T13:03:01.886+0000][1][safepoint    ] Leaving safepoint region
[2020-01-13T13:03:01.886+0000][1][safepoint    ] Total time for which application threads were stopped: 0.0000906 seconds, Stopping threads took: 0.0000078 seconds
[2020-01-13T13:03:01.887+0000][1][safepoint    ] Application time: 0.0008401 seconds
[2020-01-13T13:03:01.887+0000][1][safepoint    ] Entering safepoint region: RevokeBias
[2020-01-13T13:03:01.887+0000][1][safepoint    ] Leaving safepoint region
[2020-01-13T13:03:01.887+0000][1][safepoint    ] Total time for which application threads were stopped: 0.0000452 seconds, Stopping threads took: 0.0000087 seconds
[2020-01-13T13:03:01.888+0000][1][safepoint    ] Application time: 0.0004123 seconds
[2020-01-13T13:03:01.888+0000][1][safepoint    ] Entering safepoint region: BulkRevokeBias
[2020-01-13T13:03:01.888+0000][1][safepoint    ] Leaving safepoint region
[2020-01-13T13:03:01.888+0000][1][safepoint    ] Total time for which application threads were stopped: 0.0004455 seconds, Stopping threads took: 0.0000194 seconds
[2020-01-13T13:03:01.891+0000][1][safepoint    ] Application time: 0.0027884 seconds
[2020-01-13T13:03:01.891+0000][1][safepoint    ] Entering safepoint region: RevokeBias
[2020-01-13T13:03:01.891+0000][1][safepoint    ] Leaving safepoint region
[2020-01-13T13:03:01.891+0000][1][safepoint    ] Total time for which application threads were stopped: 0.0000627 seconds, Stopping threads took: 0.0000114 seconds
[2020-01-13T13:03:01.891+0000][1][safepoint    ] Application time: 0.0002390 seconds
[2020-01-13T13:03:01.891+0000][1][safepoint    ] Entering safepoint region: RevokeBias
[2020-01-13T13:03:01.891+0000][1][safepoint    ] Leaving safepoint region
[2020-01-13T13:03:01.891+0000][1][safepoint    ] Total time for which application threads were stopped: 0.0000404 seconds, Stopping threads took: 0.0000071 seconds
[2020-01-13T13:03:01.892+0000][1][safepoint    ] Application time: 0.0006248 seconds
[2020-01-13T13:03:01.892+0000][1][safepoint    ] Entering safepoint region: RevokeBias
[2020-01-13T13:03:01.892+0000][1][safepoint    ] Leaving safepoint region
[2020-01-13T13:03:01.892+0000][1][safepoint    ] Total time for which application threads were stopped: 0.0000427 seconds, Stopping threads took: 0.0000089 seconds
[2020-01-13T13:03:01.892+0000][1][safepoint    ] Application time: 0.0001471 seconds
[2020-01-13T13:03:01.892+0000][1][safepoint    ] Entering safepoint region: RevokeBias
[2020-01-13T13:03:01.892+0000][1][safepoint    ] Leaving safepoint region
[2020-01-13T13:03:01.892+0000][1][safepoint    ] Total time for which application threads were stopped: 0.0000341 seconds, Stopping threads took: 0.0000076 seconds
[2020-01-13T13:03:01.893+0000][1][safepoint    ] Application time: 0.0012314 seconds
[2020-01-13T13:03:01.894+0000][1][safepoint    ] Entering safepoint region: RevokeBias
[2020-01-13T13:03:01.894+0000][1][safepoint    ] Leaving safepoint region
[2020-01-13T13:03:01.894+0000][1][safepoint    ] Total time for which application threads were stopped: 0.0010188 seconds, Stopping threads took: 0.0009573 seconds
[2020-01-13T13:03:01.895+0000][1][safepoint    ] Application time: 0.0002908 seconds
[2020-01-13T13:03:01.895+0000][1][safepoint    ] Entering safepoint region: BulkRevokeBias
[2020-01-13T13:03:01.895+0000][1][safepoint    ] Leaving safepoint region
[2020-01-13T13:03:01.895+0000][1][safepoint    ] Total time for which application threads were stopped: 0.0002416 seconds, Stopping threads took: 0.0000080 seconds
[2020-01-13T13:03:01.906+0000][1][safepoint    ] Application time: 0.0109101 seconds
[2020-01-13T13:03:01.906+0000][1][safepoint    ] Entering safepoint region: RevokeBias
[2020-01-13T13:03:01.906+0000][1][safepoint    ] Leaving safepoint region
[2020-01-13T13:03:01.906+0000][1][safepoint    ] Total time for which application threads were stopped: 0.0001026 seconds, Stopping threads took: 0.0000318 seconds
[2020-01-13T13:03:01.911+0000][1][safepoint    ] Application time: 0.0048389 seconds
[2020-01-13T13:03:01.911+0000][1][safepoint    ] Entering safepoint region: RevokeBias
[2020-01-13T13:03:01.911+0000][1][safepoint    ] Leaving safepoint region
[2020-01-13T13:03:01.911+0000][1][safepoint    ] Total time for which application threads were stopped: 0.0000908 seconds, Stopping threads took: 0.0000223 seconds
[2020-01-13T13:03:01.913+0000][1][safepoint    ] Application time: 0.0024527 seconds
[2020-01-13T13:03:01.914+0000][1][safepoint    ] Entering safepoint region: RevokeBias
[2020-01-13T13:03:01.914+0000][1][safepoint    ] Leaving safepoint region
[2020-01-13T13:03:01.914+0000][1][safepoint    ] Total time for which application threads were stopped: 0.0001056 seconds, Stopping threads took: 0.0000231 seconds
[2020-01-13T13:03:01.914+0000][1][safepoint    ] Application time: 0.0001781 seconds
[2020-01-13T13:03:01.914+0000][1][safepoint    ] Entering safepoint region: RevokeBias
[2020-01-13T13:03:01.914+0000][1][safepoint    ] Leaving safepoint region
[2020-01-13T13:03:01.914+0000][1][safepoint    ] Total time for which application threads were stopped: 0.0000438 seconds, Stopping threads took: 0.0000156 seconds
[2020-01-13T13:03:01.914+0000][1][safepoint    ] Application time: 0.0000870 seconds
[2020-01-13T13:03:01.914+0000][1][safepoint    ] Entering safepoint region: RevokeBias
[2020-01-13T13:03:01.914+0000][1][safepoint    ] Leaving safepoint region
[2020-01-13T13:03:01.914+0000][1][safepoint    ] Total time for which application threads were stopped: 0.0000350 seconds, Stopping threads took: 0.0000140 seconds
[2020-01-13T13:03:01.914+0000][1][safepoint    ] Application time: 0.0000815 seconds
[2020-01-13T13:03:01.914+0000][1][safepoint    ] Entering safepoint region: RevokeBias
[2020-01-13T13:03:01.914+0000][1][safepoint    ] Leaving safepoint region
[2020-01-13T13:03:01.914+0000][1][safepoint    ] Total time for which application threads were stopped: 0.0000517 seconds, Stopping threads took: 0.0000230 seconds
[2020-01-13T13:03:01.916+0000][1][safepoint    ] Application time: 0.0020785 seconds
[2020-01-13T13:03:01.916+0000][1][safepoint    ] Entering safepoint region: BulkRevokeBias
[2020-01-13T13:03:01.916+0000][1][safepoint    ] Leaving safepoint region
[2020-01-13T13:03:01.917+0000][1][safepoint    ] Total time for which application threads were stopped: 0.0002291 seconds, Stopping threads took: 0.0000136 seconds
[2020-01-13T13:03:01.925+0000][1][safepoint    ] Application time: 0.0083902 seconds
[2020-01-13T13:03:01.925+0000][1][safepoint    ] Entering safepoint region: BulkRevokeBias
[2020-01-13T13:03:01.925+0000][1][safepoint    ] Leaving safepoint region
[2020-01-13T13:03:01.925+0000][1][safepoint    ] Total time for which application threads were stopped: 0.0002655 seconds, Stopping threads took: 0.0000442 seconds
[2020-01-13T13:03:02.744+0000][1][safepoint    ] Application time: 0.8184127 seconds
[2020-01-13T13:03:02.745+0000][1][safepoint    ] Entering safepoint region: RevokeBias
[2020-01-13T13:03:02.745+0000][1][safepoint    ] Leaving safepoint region
[2020-01-13T13:03:02.745+0000][1][safepoint    ] Total time for which application threads were stopped: 0.0002077 seconds, Stopping threads took: 0.0000682 seconds
[2020-01-13T13:03:02.873+0000][1][safepoint    ] Application time: 0.1279710 seconds
[2020-01-13T13:03:02.874+0000][1][safepoint    ] Entering safepoint region: RevokeBias
[2020-01-13T13:03:02.874+0000][1][safepoint    ] Leaving safepoint region
[2020-01-13T13:03:02.874+0000][1][safepoint    ] Total time for which application threads were stopped: 0.0007326 seconds, Stopping threads took: 0.0006206 seconds
[2020-01-13T13:03:02.875+0000][1][safepoint    ] Application time: 0.0003568 seconds
[2020-01-13T13:03:02.875+0000][1][safepoint    ] Entering safepoint region: RevokeBias
[2020-01-13T13:03:02.875+0000][1][safepoint    ] Leaving safepoint region
[2020-01-13T13:03:02.875+0000][1][safepoint    ] Total time for which application threads were stopped: 0.0000682 seconds, Stopping threads took: 0.0000101 seconds
[2020-01-13T13:03:02.875+0000][1][safepoint    ] Application time: 0.0001852 seconds
[2020-01-13T13:03:02.875+0000][1][safepoint    ] Entering safepoint region: RevokeBias
[2020-01-13T13:03:02.875+0000][1][safepoint    ] Leaving safepoint region
[2020-01-13T13:03:02.875+0000][1][safepoint    ] Total time for which application threads were stopped: 0.0000427 seconds, Stopping threads took: 0.0000076 seconds
[2020-01-13T13:03:02.880+0000][1][safepoint    ] Application time: 0.0045710 seconds
[2020-01-13T13:03:02.880+0000][1][safepoint    ] Entering safepoint region: RevokeBias
[2020-01-13T13:03:02.880+0000][1][safepoint    ] Leaving safepoint region
[2020-01-13T13:03:02.880+0000][1][safepoint    ] Total time for which application threads were stopped: 0.0001852 seconds, Stopping threads took: 0.0000937 seconds
[2020-01-13T13:03:02.880+0000][1][safepoint    ] Application time: 0.0002724 seconds
[2020-01-13T13:03:02.880+0000][1][safepoint    ] Entering safepoint region: RevokeBias
[2020-01-13T13:03:02.880+0000][1][safepoint    ] Leaving safepoint region
[2020-01-13T13:03:02.880+0000][1][safepoint    ] Total time for which application threads were stopped: 0.0000739 seconds, Stopping threads took: 0.0000236 seconds
[2020-01-13T13:03:02.880+0000][1][safepoint    ] Application time: 0.0002408 seconds
[2020-01-13T13:03:02.880+0000][1][safepoint    ] Entering safepoint region: RevokeBias
[2020-01-13T13:03:02.880+0000][1][safepoint    ] Leaving safepoint region
[2020-01-13T13:03:02.880+0000][1][safepoint    ] Total time for which application threads were stopped: 0.0000523 seconds, Stopping threads took: 0.0000161 seconds
[2020-01-13T13:03:02.881+0000][1][safepoint    ] Application time: 0.0006349 seconds
[2020-01-13T13:03:02.881+0000][1][safepoint    ] Entering safepoint region: RevokeBias
[2020-01-13T13:03:02.881+0000][1][safepoint    ] Leaving safepoint region
[2020-01-13T13:03:02.881+0000][1][safepoint    ] Total time for which application threads were stopped: 0.0000813 seconds, Stopping threads took: 0.0000328 seconds
[2020-01-13T13:03:02.881+0000][1][safepoint    ] Application time: 0.0002186 seconds
[2020-01-13T13:03:02.881+0000][1][safepoint    ] Entering safepoint region: RevokeBias
[2020-01-13T13:03:02.881+0000][1][safepoint    ] Leaving safepoint region
[2020-01-13T13:03:02.881+0000][1][safepoint    ] Total time for which application threads were stopped: 0.0000517 seconds, Stopping threads took: 0.0000173 seconds
[2020-01-13T13:03:02.883+0000][1][safepoint    ] Application time: 0.0018593 seconds
[2020-01-13T13:03:02.885+0000][1][safepoint    ] Entering safepoint region: RevokeBias
[2020-01-13T13:03:02.885+0000][1][safepoint    ] Leaving safepoint region
[2020-01-13T13:03:02.885+0000][1][safepoint    ] Total time for which application threads were stopped: 0.0018786 seconds, Stopping threads took: 0.0018085 seconds
[2020-01-13T13:03:02.888+0000][1][safepoint    ] Application time: 0.0022649 seconds
[2020-01-13T13:03:02.888+0000][1][safepoint    ] Entering safepoint region: RevokeBias
[2020-01-13T13:03:02.888+0000][1][safepoint    ] Leaving safepoint region
[2020-01-13T13:03:02.888+0000][1][safepoint    ] Total time for which application threads were stopped: 0.0001348 seconds, Stopping threads took: 0.0000639 seconds
[2020-01-13T13:03:02.889+0000][1][safepoint    ] Application time: 0.0008581 seconds
[2020-01-13T13:03:02.889+0000][1][safepoint    ] Entering safepoint region: RevokeBias
[2020-01-13T13:03:02.889+0000][1][safepoint    ] Leaving safepoint region
[2020-01-13T13:03:02.889+0000][1][safepoint    ] Total time for which application threads were stopped: 0.0000808 seconds, Stopping threads took: 0.0000248 seconds
[2020-01-13T13:03:02.889+0000][1][safepoint    ] Application time: 0.0001557 seconds
[2020-01-13T13:03:02.889+0000][1][safepoint    ] Entering safepoint region: RevokeBias
[2020-01-13T13:03:02.889+0000][1][safepoint    ] Leaving safepoint region
[2020-01-13T13:03:02.889+0000][1][safepoint    ] Total time for which application threads were stopped: 0.0000533 seconds, Stopping threads took: 0.0000155 seconds
[2020-01-13T13:03:02.889+0000][1][safepoint    ] Application time: 0.0001485 seconds
[2020-01-13T13:03:02.889+0000][1][safepoint    ] Entering safepoint region: RevokeBias
[2020-01-13T13:03:02.889+0000][1][safepoint    ] Leaving safepoint region
[2020-01-13T13:03:02.889+0000][1][safepoint    ] Total time for which application threads were stopped: 0.0000500 seconds, Stopping threads took: 0.0000158 seconds
[2020-01-13T13:03:02.889+0000][1][safepoint    ] Application time: 0.0001284 seconds
[2020-01-13T13:03:02.889+0000][1][safepoint    ] Entering safepoint region: RevokeBias
[2020-01-13T13:03:02.889+0000][1][safepoint    ] Leaving safepoint region
[2020-01-13T13:03:02.889+0000][1][safepoint    ] Total time for which application threads were stopped: 0.0000458 seconds, Stopping threads took: 0.0000149 seconds
[2020-01-13T13:03:02.924+0000][1][safepoint    ] Application time: 0.0342081 seconds
[2020-01-13T13:03:02.924+0000][1][safepoint    ] Entering safepoint region: RevokeBias
[2020-01-13T13:03:02.924+0000][1][safepoint    ] Leaving safepoint region
[2020-01-13T13:03:02.924+0000][1][safepoint    ] Total time for which application threads were stopped: 0.0001823 seconds, Stopping threads took: 0.0000642 seconds
[2020-01-13T13:03:02.924+0000][1][safepoint    ] Application time: 0.0002417 seconds
[2020-01-13T13:03:02.924+0000][1][safepoint    ] Entering safepoint region: RevokeBias
[2020-01-13T13:03:02.924+0000][1][safepoint    ] Leaving safepoint region
[2020-01-13T13:03:02.924+0000][1][safepoint    ] Total time for which application threads were stopped: 0.0000534 seconds, Stopping threads took: 0.0000088 seconds
[2020-01-13T13:03:02.924+0000][1][safepoint    ] Application time: 0.0001083 seconds
[2020-01-13T13:03:02.924+0000][1][safepoint    ] Entering safepoint region: RevokeBias
[2020-01-13T13:03:02.924+0000][1][safepoint    ] Leaving safepoint region
[2020-01-13T13:03:02.924+0000][1][safepoint    ] Total time for which application threads were stopped: 0.0000340 seconds, Stopping threads took: 0.0000065 seconds
[2020-01-13T13:03:02.925+0000][1][safepoint    ] Application time: 0.0011108 seconds
[2020-01-13T13:03:02.927+0000][1][safepoint    ] Entering safepoint region: RevokeBias
[2020-01-13T13:03:02.927+0000][1][safepoint    ] Leaving safepoint region
[2020-01-13T13:03:02.927+0000][1][safepoint    ] Total time for which application threads were stopped: 0.0016764 seconds, Stopping threads took: 0.0016179 seconds
[2020-01-13T13:03:02.927+0000][1][safepoint    ] Application time: 0.0001365 seconds
[2020-01-13T13:03:02.927+0000][1][safepoint    ] Entering safepoint region: RevokeBias
[2020-01-13T13:03:02.927+0000][1][safepoint    ] Leaving safepoint region
[2020-01-13T13:03:02.927+0000][1][safepoint    ] Total time for which application threads were stopped: 0.0000376 seconds, Stopping threads took: 0.0000075 seconds
[2020-01-13T13:03:02.927+0000][1][safepoint    ] Application time: 0.0001114 seconds
[2020-01-13T13:03:02.927+0000][1][safepoint    ] Entering safepoint region: RevokeBias
[2020-01-13T13:03:02.927+0000][1][safepoint    ] Leaving safepoint region
[2020-01-13T13:03:02.927+0000][1][safepoint    ] Total time for which application threads were stopped: 0.0000309 seconds, Stopping threads took: 0.0000065 seconds
[2020-01-13T13:03:02.929+0000][1][safepoint    ] Application time: 0.0019510 seconds
[2020-01-13T13:03:02.929+0000][1][safepoint    ] Entering safepoint region: RevokeBias
[2020-01-13T13:03:02.929+0000][1][safepoint    ] Leaving safepoint region
[2020-01-13T13:03:02.929+0000][1][safepoint    ] Total time for which application threads were stopped: 0.0000573 seconds, Stopping threads took: 0.0000132 seconds
[2020-01-13T13:03:02.930+0000][1][safepoint    ] Application time: 0.0002143 seconds
[2020-01-13T13:03:02.930+0000][1][safepoint    ] Entering safepoint region: RevokeBias
[2020-01-13T13:03:02.930+0000][1][safepoint    ] Leaving safepoint region
[2020-01-13T13:03:02.930+0000][1][safepoint    ] Total time for which application threads were stopped: 0.0000757 seconds, Stopping threads took: 0.0000321 seconds
[2020-01-13T13:03:02.930+0000][1][safepoint    ] Application time: 0.0006222 seconds
[2020-01-13T13:03:02.930+0000][1][safepoint    ] Entering safepoint region: RevokeBias
[2020-01-13T13:03:02.931+0000][1][safepoint    ] Leaving safepoint region
[2020-01-13T13:03:02.931+0000][1][safepoint    ] Total time for which application threads were stopped: 0.0000740 seconds, Stopping threads took: 0.0000279 seconds
[2020-01-13T13:03:02.931+0000][1][safepoint    ] Application time: 0.0001907 seconds
[2020-01-13T13:03:02.931+0000][1][safepoint    ] Entering safepoint region: RevokeBias
[2020-01-13T13:03:02.931+0000][1][safepoint    ] Leaving safepoint region
[2020-01-13T13:03:02.931+0000][1][safepoint    ] Total time for which application threads were stopped: 0.0000670 seconds, Stopping threads took: 0.0000257 seconds
[2020-01-13T13:03:02.931+0000][1][safepoint    ] Application time: 0.0004356 seconds
[2020-01-13T13:03:02.931+0000][1][safepoint    ] Entering safepoint region: RevokeBias
[2020-01-13T13:03:02.931+0000][1][safepoint    ] Leaving safepoint region
[2020-01-13T13:03:02.931+0000][1][safepoint    ] Total time for which application threads were stopped: 0.0000461 seconds, Stopping threads took: 0.0000165 seconds
[2020-01-13T13:03:02.932+0000][1][safepoint    ] Application time: 0.0001954 seconds
[2020-01-13T13:03:02.932+0000][1][safepoint    ] Entering safepoint region: RevokeBias
[2020-01-13T13:03:02.932+0000][1][safepoint    ] Leaving safepoint region
[2020-01-13T13:03:02.932+0000][1][safepoint    ] Total time for which application threads were stopped: 0.0000719 seconds, Stopping threads took: 0.0000315 seconds
[2020-01-13T13:03:02.932+0000][1][safepoint    ] Application time: 0.0003926 seconds
[2020-01-13T13:03:02.932+0000][1][safepoint    ] Entering safepoint region: RevokeBias
[2020-01-13T13:03:02.932+0000][1][safepoint    ] Leaving safepoint region
[2020-01-13T13:03:02.932+0000][1][safepoint    ] Total time for which application threads were stopped: 0.0000445 seconds, Stopping threads took: 0.0000164 seconds
[2020-01-13T13:03:03.744+0000][1][safepoint    ] Application time: 0.8116381 seconds
[2020-01-13T13:03:03.744+0000][1][safepoint    ] Entering safepoint region: RevokeBias
[2020-01-13T13:03:03.744+0000][1][safepoint    ] Leaving safepoint region
[2020-01-13T13:03:03.744+0000][1][safepoint    ] Total time for which application threads were stopped: 0.0001531 seconds, Stopping threads took: 0.0000593 seconds
[2020-01-13T13:03:03.876+0000][1][safepoint    ] Application time: 0.1316170 seconds
[2020-01-13T13:03:03.877+0000][1][safepoint    ] Entering safepoint region: RevokeBias
[2020-01-13T13:03:03.877+0000][1][safepoint    ] Leaving safepoint region
[2020-01-13T13:03:03.877+0000][1][safepoint    ] Total time for which application threads were stopped: 0.0010639 seconds, Stopping threads took: 0.0009675 seconds
[2020-01-13T13:03:03.877+0000][1][safepoint    ] Application time: 0.0002404 seconds
[2020-01-13T13:03:03.877+0000][1][safepoint    ] Entering safepoint region: RevokeBias
[2020-01-13T13:03:03.877+0000][1][safepoint    ] Leaving safepoint region
[2020-01-13T13:03:03.877+0000][1][safepoint    ] Total time for which application threads were stopped: 0.0000487 seconds, Stopping threads took: 0.0000083 seconds
[2020-01-13T13:03:03.877+0000][1][safepoint    ] Application time: 0.0001381 seconds
[2020-01-13T13:03:03.877+0000][1][safepoint    ] Entering safepoint region: RevokeBias
[2020-01-13T13:03:03.877+0000][1][safepoint    ] Leaving safepoint region
[2020-01-13T13:03:03.877+0000][1][safepoint    ] Total time for which application threads were stopped: 0.0000407 seconds, Stopping threads took: 0.0000077 seconds
[2020-01-13T13:03:03.877+0000][1][safepoint    ] Application time: 0.0001159 seconds
[2020-01-13T13:03:03.877+0000][1][safepoint    ] Entering safepoint region: RevokeBias
[2020-01-13T13:03:03.877+0000][1][safepoint    ] Leaving safepoint region
[2020-01-13T13:03:03.877+0000][1][safepoint    ] Total time for which application threads were stopped: 0.0000586 seconds, Stopping threads took: 0.0000070 seconds
[2020-01-13T13:03:03.877+0000][1][safepoint    ] Application time: 0.0001276 seconds
[2020-01-13T13:03:03.878+0000][1][safepoint    ] Entering safepoint region: BulkRevokeBias
[2020-01-13T13:03:03.878+0000][1][safepoint    ] Leaving safepoint region
[2020-01-13T13:03:03.878+0000][1][safepoint    ] Total time for which application threads were stopped: 0.0002486 seconds, Stopping threads took: 0.0000071 seconds
[2020-01-13T13:03:03.879+0000][1][safepoint    ] Application time: 0.0010117 seconds
[2020-01-13T13:03:03.879+0000][1][safepoint    ] Entering safepoint region: RevokeBias
[2020-01-13T13:03:03.879+0000][1][safepoint    ] Leaving safepoint region
[2020-01-13T13:03:03.879+0000][1][safepoint    ] Total time for which application threads were stopped: 0.0000563 seconds, Stopping threads took: 0.0000117 seconds
[2020-01-13T13:03:03.903+0000][1][safepoint    ] Application time: 0.0244895 seconds
[2020-01-13T13:03:03.903+0000][1][safepoint    ] Entering safepoint region: RevokeBias
[2020-01-13T13:03:03.904+0000][1][safepoint    ] Leaving safepoint region
[2020-01-13T13:03:03.904+0000][1][safepoint    ] Total time for which application threads were stopped: 0.0001468 seconds, Stopping threads took: 0.0000634 seconds
[2020-01-13T13:03:03.904+0000][1][safepoint    ] Application time: 0.0001989 seconds
[2020-01-13T13:03:03.904+0000][1][safepoint    ] Entering safepoint region: RevokeBias
[2020-01-13T13:03:03.904+0000][1][safepoint    ] Leaving safepoint region
[2020-01-13T13:03:03.904+0000][1][safepoint    ] Total time for which application threads were stopped: 0.0000642 seconds, Stopping threads took: 0.0000132 seconds
[2020-01-13T13:03:03.904+0000][1][safepoint    ] Application time: 0.0001017 seconds
[2020-01-13T13:03:03.904+0000][1][safepoint    ] Entering safepoint region: RevokeBias
[2020-01-13T13:03:03.904+0000][1][safepoint    ] Leaving safepoint region
[2020-01-13T13:03:03.904+0000][1][safepoint    ] Total time for which application threads were stopped: 0.0000321 seconds, Stopping threads took: 0.0000068 seconds
[2020-01-13T13:03:03.904+0000][1][safepoint    ] Application time: 0.0000731 seconds
[2020-01-13T13:03:03.904+0000][1][safepoint    ] Entering safepoint region: RevokeBias
[2020-01-13T13:03:03.904+0000][1][safepoint    ] Leaving safepoint region
[2020-01-13T13:03:03.904+0000][1][safepoint    ] Total time for which application threads were stopped: 0.0000284 seconds, Stopping threads took: 0.0000061 seconds
[2020-01-13T13:03:03.904+0000][1][safepoint    ] Application time: 0.0000708 seconds
[2020-01-13T13:03:03.904+0000][1][safepoint    ] Entering safepoint region: BulkRevokeBias
[2020-01-13T13:03:03.904+0000][1][safepoint    ] Leaving safepoint region
[2020-01-13T13:03:03.904+0000][1][safepoint    ] Total time for which application threads were stopped: 0.0002692 seconds, Stopping threads took: 0.0000069 seconds
[2020-01-13T13:03:04.905+0000][1][safepoint    ] Application time: 1.0000785 seconds
[2020-01-13T13:03:04.905+0000][1][safepoint    ] Entering safepoint region: Cleanup
[2020-01-13T13:03:04.905+0000][1][safepoint    ] Leaving safepoint region
[2020-01-13T13:03:04.905+0000][1][safepoint    ] Total time for which application threads were stopped: 0.0001553 seconds, Stopping threads took: 0.0000843 seconds
[2020-01-13T13:03:05.576+0000][1][safepoint    ] Application time: 0.6713981 seconds
[2020-01-13T13:03:05.576+0000][1][safepoint    ] Entering safepoint region: RevokeBias
[2020-01-13T13:03:05.576+0000][1][safepoint    ] Leaving safepoint region
[2020-01-13T13:03:05.576+0000][1][safepoint    ] Total time for which application threads were stopped: 0.0001568 seconds, Stopping threads took: 0.0000212 seconds
[2020-01-13T13:03:05.576+0000][1][safepoint    ] Application time: 0.0000824 seconds
[2020-01-13T13:03:05.576+0000][1][safepoint    ] Entering safepoint region: RevokeBias
[2020-01-13T13:03:05.577+0000][1][safepoint    ] Leaving safepoint region
[2020-01-13T13:03:05.577+0000][1][safepoint    ] Total time for which application threads were stopped: 0.0001300 seconds, Stopping threads took: 0.0000910 seconds
[2020-01-13T13:03:06.577+0000][1][safepoint    ] Application time: 1.0001602 seconds
[2020-01-13T13:03:06.577+0000][1][safepoint    ] Entering safepoint region: Cleanup
[2020-01-13T13:03:06.577+0000][1][safepoint    ] Leaving safepoint region
[2020-01-13T13:03:06.577+0000][1][safepoint    ] Total time for which application threads were stopped: 0.0001559 seconds, Stopping threads took: 0.0000309 seconds
[2020-01-13T13:03:06.892+0000][1][safepoint    ] Application time: 0.3154155 seconds
[2020-01-13T13:03:06.893+0000][1][safepoint    ] Entering safepoint region: GenCollectForAllocation
[2020-01-13T13:03:06.893+0000][1][gc,start     ] GC(22) Pause Young (Allocation Failure)
[2020-01-13T13:03:06.893+0000][1][gc,task      ] GC(22) Using 1 workers of 1 for evacuation
[2020-01-13T13:03:06.930+0000][1][gc,age       ] GC(22) Desired survivor size 4358144 bytes, new threshold 2 (max threshold 6)
[2020-01-13T13:03:06.930+0000][1][gc,age       ] GC(22) Age table with threshold 2 (max threshold 6)
[2020-01-13T13:03:06.930+0000][1][gc,age       ] GC(22) - age   1:    2597576 bytes,    2597576 total
[2020-01-13T13:03:06.930+0000][1][gc,age       ] GC(22) - age   2:    2641592 bytes,    5239168 total
[2020-01-13T13:03:06.930+0000][1][gc,heap      ] GC(22) ParNew: 73039K->8512K(76672K)
[2020-01-13T13:03:06.930+0000][1][gc,heap      ] GC(22) CMS: 60818K->62573K(176960K)
[2020-01-13T13:03:06.930+0000][1][gc,metaspace ] GC(22) Metaspace: 64627K->64627K(1107968K)
[2020-01-13T13:03:06.930+0000][1][gc           ] GC(22) Pause Young (Allocation Failure) 130M->69M(247M) 36.956ms
[2020-01-13T13:03:06.930+0000][1][gc,cpu       ] GC(22) User=0.04s Sys=0.00s Real=0.04s
[2020-01-13T13:03:06.930+0000][1][safepoint    ] Leaving safepoint region
[2020-01-13T13:03:06.930+0000][1][safepoint    ] Total time for which application threads were stopped: 0.0372414 seconds, Stopping threads took: 0.0001039 seconds
[2020-01-13T13:03:07.939+0000][1][safepoint    ] Application time: 1.0093613 seconds
[2020-01-13T13:03:07.941+0000][1][safepoint    ] Entering safepoint region: Cleanup
[2020-01-13T13:03:07.941+0000][1][safepoint    ] Leaving safepoint region
[2020-01-13T13:03:07.941+0000][1][safepoint    ] Total time for which application threads were stopped: 0.0001666 seconds, Stopping threads took: 0.0000630 seconds
[2020-01-13T13:03:08.941+0000][1][safepoint    ] Application time: 1.0000730 seconds
[2020-01-13T13:03:08.941+0000][1][safepoint    ] Entering safepoint region: Cleanup
[2020-01-13T13:03:08.941+0000][1][safepoint    ] Leaving safepoint region
[2020-01-13T13:03:08.941+0000][1][safepoint    ] Total time for which application threads were stopped: 0.0001170 seconds, Stopping threads took: 0.0000336 seconds
[2020-01-13T13:03:09.941+0000][1][safepoint    ] Application time: 1.0001376 seconds
[2020-01-13T13:03:09.941+0000][1][safepoint    ] Entering safepoint region: Cleanup
[2020-01-13T13:03:09.941+0000][1][safepoint    ] Leaving safepoint region
[2020-01-13T13:03:09.941+0000][1][safepoint    ] Total time for which application threads were stopped: 0.0001782 seconds, Stopping threads took: 0.0000204 seconds
[2020-01-13T13:03:10.942+0000][1][safepoint    ] Application time: 1.0001475 seconds
[2020-01-13T13:03:10.942+0000][1][safepoint    ] Entering safepoint region: Cleanup
[2020-01-13T13:03:10.942+0000][1][safepoint    ] Leaving safepoint region
[2020-01-13T13:03:10.942+0000][1][safepoint    ] Total time for which application threads were stopped: 0.0001580 seconds, Stopping threads took: 0.0000402 seconds
[2020-01-13T13:03:11.942+0000][1][safepoint    ] Application time: 1.0001598 seconds
[2020-01-13T13:03:11.942+0000][1][safepoint    ] Entering safepoint region: Cleanup
[2020-01-13T13:03:11.942+0000][1][safepoint    ] Leaving safepoint region
[2020-01-13T13:03:11.942+0000][1][safepoint    ] Total time for which application threads were stopped: 0.0001281 seconds, Stopping threads took: 0.0000251 seconds
[2020-01-13T13:03:12.942+0000][1][safepoint    ] Application time: 1.0001053 seconds
[2020-01-13T13:03:12.943+0000][1][safepoint    ] Entering safepoint region: Cleanup
[2020-01-13T13:03:12.943+0000][1][safepoint    ] Leaving safepoint region
[2020-01-13T13:03:12.943+0000][1][safepoint    ] Total time for which application threads were stopped: 0.0001199 seconds, Stopping threads took: 0.0000362 seconds
[2020-01-13T13:03:13.944+0000][1][safepoint    ] Application time: 1.0000921 seconds
[2020-01-13T13:03:13.944+0000][1][safepoint    ] Entering safepoint region: Cleanup
[2020-01-13T13:03:13.944+0000][1][safepoint    ] Leaving safepoint region
[2020-01-13T13:03:13.944+0000][1][safepoint    ] Total time for which application threads were stopped: 0.0001481 seconds, Stopping threads took: 0.0000321 seconds
[2020-01-13T13:03:14.944+0000][1][safepoint    ] Application time: 1.0001058 seconds
[2020-01-13T13:03:14.944+0000][1][safepoint    ] Entering safepoint region: Cleanup
[2020-01-13T13:03:14.944+0000][1][safepoint    ] Leaving safepoint region
[2020-01-13T13:03:14.944+0000][1][safepoint    ] Total time for which application threads were stopped: 0.0001300 seconds, Stopping threads took: 0.0000237 seconds
[2020-01-13T13:03:15.944+0000][1][safepoint    ] Application time: 1.0002478 seconds
[2020-01-13T13:03:15.944+0000][1][safepoint    ] Entering safepoint region: Cleanup
[2020-01-13T13:03:15.945+0000][1][safepoint    ] Leaving safepoint region
[2020-01-13T13:03:15.945+0000][1][safepoint    ] Total time for which application threads were stopped: 0.0001225 seconds, Stopping threads took: 0.0000263 seconds
[2020-01-13T13:03:16.945+0000][1][safepoint    ] Application time: 1.0001859 seconds
[2020-01-13T13:03:16.945+0000][1][safepoint    ] Entering safepoint region: Cleanup
[2020-01-13T13:03:16.945+0000][1][safepoint    ] Leaving safepoint region
[2020-01-13T13:03:16.945+0000][1][safepoint    ] Total time for which application threads were stopped: 0.0000994 seconds, Stopping threads took: 0.0000230 seconds
[2020-01-13T13:03:17.945+0000][1][safepoint    ] Application time: 1.0001661 seconds
[2020-01-13T13:03:17.946+0000][1][safepoint    ] Entering safepoint region: Cleanup
[2020-01-13T13:03:17.947+0000][1][safepoint    ] Leaving safepoint region
[2020-01-13T13:03:17.947+0000][1][safepoint    ] Total time for which application threads were stopped: 0.0001856 seconds, Stopping threads took: 0.0000599 seconds
[2020-01-13T13:03:18.947+0000][1][safepoint    ] Application time: 1.0001221 seconds
[2020-01-13T13:03:18.947+0000][1][safepoint    ] Entering safepoint region: Cleanup
[2020-01-13T13:03:18.947+0000][1][safepoint    ] Leaving safepoint region
[2020-01-13T13:03:18.947+0000][1][safepoint    ] Total time for which application threads were stopped: 0.0001503 seconds, Stopping threads took: 0.0000464 seconds
[2020-01-13T13:03:19.947+0000][1][safepoint    ] Application time: 1.0001276 seconds
[2020-01-13T13:03:19.947+0000][1][safepoint    ] Entering safepoint region: Cleanup
[2020-01-13T13:03:19.947+0000][1][safepoint    ] Leaving safepoint region
[2020-01-13T13:03:19.947+0000][1][safepoint    ] Total time for which application threads were stopped: 0.0001714 seconds, Stopping threads took: 0.0000369 seconds
[2020-01-13T13:03:20.947+0000][1][safepoint    ] Application time: 1.0000759 seconds
[2020-01-13T13:03:20.948+0000][1][safepoint    ] Entering safepoint region: Cleanup
[2020-01-13T13:03:20.948+0000][1][safepoint    ] Leaving safepoint region
[2020-01-13T13:03:20.948+0000][1][safepoint    ] Total time for which application threads were stopped: 0.0001105 seconds, Stopping threads took: 0.0000164 seconds
[2020-01-13T13:03:21.948+0000][1][safepoint    ] Application time: 1.0000699 seconds
[2020-01-13T13:03:21.948+0000][1][safepoint    ] Entering safepoint region: Cleanup
[2020-01-13T13:03:21.948+0000][1][safepoint    ] Leaving safepoint region
[2020-01-13T13:03:21.948+0000][1][safepoint    ] Total time for which application threads were stopped: 0.0001397 seconds, Stopping threads took: 0.0000423 seconds
[2020-01-13T13:03:22.948+0000][1][safepoint    ] Application time: 1.0001323 seconds
[2020-01-13T13:03:22.948+0000][1][safepoint    ] Entering safepoint region: Cleanup
[2020-01-13T13:03:22.948+0000][1][safepoint    ] Leaving safepoint region
[2020-01-13T13:03:22.948+0000][1][safepoint    ] Total time for which application threads were stopped: 0.0000965 seconds, Stopping threads took: 0.0000171 seconds
[2020-01-13T13:03:23.948+0000][1][safepoint    ] Application time: 1.0002275 seconds
[2020-01-13T13:03:23.950+0000][1][safepoint    ] Entering safepoint region: Cleanup
[2020-01-13T13:03:23.950+0000][1][safepoint    ] Leaving safepoint region
[2020-01-13T13:03:23.950+0000][1][safepoint    ] Total time for which application threads were stopped: 0.0001373 seconds, Stopping threads took: 0.0000402 seconds
[2020-01-13T13:03:24.950+0000][1][safepoint    ] Application time: 1.0000790 seconds
[2020-01-13T13:03:24.950+0000][1][safepoint    ] Entering safepoint region: Cleanup
[2020-01-13T13:03:24.950+0000][1][safepoint    ] Leaving safepoint region
[2020-01-13T13:03:24.950+0000][1][safepoint    ] Total time for which application threads were stopped: 0.0000952 seconds, Stopping threads took: 0.0000177 seconds
[2020-01-13T13:03:25.950+0000][1][safepoint    ] Application time: 1.0001607 seconds
[2020-01-13T13:03:25.950+0000][1][safepoint    ] Entering safepoint region: Cleanup
[2020-01-13T13:03:25.950+0000][1][safepoint    ] Leaving safepoint region
[2020-01-13T13:03:25.950+0000][1][safepoint    ] Total time for which application threads were stopped: 0.0001105 seconds, Stopping threads took: 0.0000200 seconds
[2020-01-13T13:03:26.950+0000][1][safepoint    ] Application time: 1.0000941 seconds
[2020-01-13T13:03:26.950+0000][1][safepoint    ] Entering safepoint region: Cleanup
[2020-01-13T13:03:26.951+0000][1][safepoint    ] Leaving safepoint region
[2020-01-13T13:03:26.951+0000][1][safepoint    ] Total time for which application threads were stopped: 0.0001064 seconds, Stopping threads took: 0.0000460 seconds
[2020-01-13T13:03:27.951+0000][1][safepoint    ] Application time: 1.0000996 seconds
[2020-01-13T13:03:27.951+0000][1][safepoint    ] Entering safepoint region: Cleanup
[2020-01-13T13:03:27.951+0000][1][safepoint    ] Leaving safepoint region
[2020-01-13T13:03:27.951+0000][1][safepoint    ] Total time for which application threads were stopped: 0.0001107 seconds, Stopping threads took: 0.0000166 seconds
[2020-01-13T13:03:28.951+0000][1][safepoint    ] Application time: 1.0001365 seconds
[2020-01-13T13:03:28.952+0000][1][safepoint    ] Entering safepoint region: Cleanup
[2020-01-13T13:03:28.952+0000][1][safepoint    ] Leaving safepoint region
[2020-01-13T13:03:28.952+0000][1][safepoint    ] Total time for which application threads were stopped: 0.0001916 seconds, Stopping threads took: 0.0000381 seconds
[2020-01-13T13:03:29.952+0000][1][safepoint    ] Application time: 1.0001076 seconds
[2020-01-13T13:03:29.952+0000][1][safepoint    ] Entering safepoint region: Cleanup
[2020-01-13T13:03:29.952+0000][1][safepoint    ] Leaving safepoint region
[2020-01-13T13:03:29.952+0000][1][safepoint    ] Total time for which application threads were stopped: 0.0001288 seconds, Stopping threads took: 0.0000245 seconds
[2020-01-13T13:03:30.814+0000][1][safepoint    ] Application time: 0.8620315 seconds
[2020-01-13T13:03:30.814+0000][1][safepoint    ] Entering safepoint region: RevokeBias
[2020-01-13T13:03:30.815+0000][1][safepoint    ] Leaving safepoint region
[2020-01-13T13:03:30.815+0000][1][safepoint    ] Total time for which application threads were stopped: 0.0001626 seconds, Stopping threads took: 0.0000251 seconds
[2020-01-13T13:03:31.815+0000][1][safepoint    ] Application time: 1.0001082 seconds
[2020-01-13T13:03:31.815+0000][1][safepoint    ] Entering safepoint region: Cleanup
[2020-01-13T13:03:31.815+0000][1][safepoint    ] Leaving safepoint region
[2020-01-13T13:03:31.815+0000][1][safepoint    ] Total time for which application threads were stopped: 0.0001834 seconds, Stopping threads took: 0.0000239 seconds
[2020-01-13T13:03:32.815+0000][1][safepoint    ] Application time: 1.0001441 seconds
[2020-01-13T13:03:32.815+0000][1][safepoint    ] Entering safepoint region: Cleanup
[2020-01-13T13:03:32.815+0000][1][safepoint    ] Leaving safepoint region
[2020-01-13T13:03:32.815+0000][1][safepoint    ] Total time for which application threads were stopped: 0.0001223 seconds, Stopping threads took: 0.0000288 seconds
[2020-01-13T13:03:33.815+0000][1][safepoint    ] Application time: 1.0001528 seconds
[2020-01-13T13:03:33.815+0000][1][safepoint    ] Entering safepoint region: Cleanup
[2020-01-13T13:03:33.816+0000][1][safepoint    ] Leaving safepoint region
[2020-01-13T13:03:33.816+0000][1][safepoint    ] Total time for which application threads were stopped: 0.0001585 seconds, Stopping threads took: 0.0000463 seconds
[2020-01-13T13:03:34.816+0000][1][safepoint    ] Application time: 1.0001807 seconds
[2020-01-13T13:03:34.816+0000][1][safepoint    ] Entering safepoint region: Cleanup
[2020-01-13T13:03:34.816+0000][1][safepoint    ] Leaving safepoint region
[2020-01-13T13:03:34.816+0000][1][safepoint    ] Total time for which application threads were stopped: 0.0001438 seconds, Stopping threads took: 0.0000344 seconds
[2020-01-13T13:03:35.816+0000][1][safepoint    ] Application time: 1.0001299 seconds
[2020-01-13T13:03:35.816+0000][1][safepoint    ] Entering safepoint region: Cleanup
[2020-01-13T13:03:35.816+0000][1][safepoint    ] Leaving safepoint region
[2020-01-13T13:03:35.816+0000][1][safepoint    ] Total time for which application threads were stopped: 0.0001708 seconds, Stopping threads took: 0.0000338 seconds
[2020-01-13T13:03:36.611+0000][1][safepoint    ] Application time: 0.7946897 seconds
[2020-01-13T13:03:36.611+0000][1][safepoint    ] Entering safepoint region: RevokeBias
[2020-01-13T13:03:36.611+0000][1][safepoint    ] Leaving safepoint region
[2020-01-13T13:03:36.611+0000][1][safepoint    ] Total time for which application threads were stopped: 0.0001164 seconds, Stopping threads took: 0.0000207 seconds
[2020-01-13T13:03:37.611+0000][1][safepoint    ] Application time: 1.0001533 seconds
[2020-01-13T13:03:37.612+0000][1][safepoint    ] Entering safepoint region: Cleanup
[2020-01-13T13:03:37.612+0000][1][safepoint    ] Leaving safepoint region
[2020-01-13T13:03:37.612+0000][1][safepoint    ] Total time for which application threads were stopped: 0.0001452 seconds, Stopping threads took: 0.0000369 seconds
[2020-01-13T13:03:38.612+0000][1][safepoint    ] Application time: 1.0001106 seconds
[2020-01-13T13:03:38.612+0000][1][safepoint    ] Entering safepoint region: Cleanup
[2020-01-13T13:03:38.612+0000][1][safepoint    ] Leaving safepoint region
[2020-01-13T13:03:38.612+0000][1][safepoint    ] Total time for which application threads were stopped: 0.0001439 seconds, Stopping threads took: 0.0000285 seconds
[2020-01-13T13:03:39.612+0000][1][safepoint    ] Application time: 1.0001121 seconds
[2020-01-13T13:03:39.612+0000][1][safepoint    ] Entering safepoint region: Cleanup
[2020-01-13T13:03:39.612+0000][1][safepoint    ] Leaving safepoint region
[2020-01-13T13:03:39.612+0000][1][safepoint    ] Total time for which application threads were stopped: 0.0001675 seconds, Stopping threads took: 0.0000282 seconds
[2020-01-13T13:03:40.613+0000][1][safepoint    ] Application time: 1.0001272 seconds
[2020-01-13T13:03:40.613+0000][1][safepoint    ] Entering safepoint region: Cleanup
[2020-01-13T13:03:40.613+0000][1][safepoint    ] Leaving safepoint region
[2020-01-13T13:03:40.613+0000][1][safepoint    ] Total time for which application threads were stopped: 0.0001912 seconds, Stopping threads took: 0.0000878 seconds
[2020-01-13T13:03:40.903+0000][1][safepoint    ] Application time: 0.2900451 seconds
[2020-01-13T13:03:40.903+0000][1][safepoint    ] Entering safepoint region: GenCollectForAllocation
[2020-01-13T13:03:40.903+0000][1][gc,start     ] GC(23) Pause Young (Allocation Failure)
[2020-01-13T13:03:40.903+0000][1][gc,task      ] GC(23) Using 1 workers of 1 for evacuation
[2020-01-13T13:03:40.931+0000][1][gc,age       ] GC(23) Desired survivor size 4358144 bytes, new threshold 6 (max threshold 6)
[2020-01-13T13:03:40.931+0000][1][gc,age       ] GC(23) Age table with threshold 6 (max threshold 6)
[2020-01-13T13:03:40.931+0000][1][gc,age       ] GC(23) - age   1:     921864 bytes,     921864 total
[2020-01-13T13:03:40.931+0000][1][gc,age       ] GC(23) - age   2:    2355888 bytes,    3277752 total
[2020-01-13T13:03:40.931+0000][1][gc,heap      ] GC(23) ParNew: 76661K->5012K(76672K)
[2020-01-13T13:03:40.931+0000][1][gc,heap      ] GC(23) CMS: 62573K->65256K(176960K)
[2020-01-13T13:03:40.931+0000][1][gc,metaspace ] GC(23) Metaspace: 65393K->65393K(1110016K)
[2020-01-13T13:03:40.931+0000][1][gc           ] GC(23) Pause Young (Allocation Failure) 135M->68M(247M) 27.864ms
[2020-01-13T13:03:40.931+0000][1][gc,cpu       ] GC(23) User=0.03s Sys=0.00s Real=0.03s
[2020-01-13T13:03:40.931+0000][1][safepoint    ] Leaving safepoint region
[2020-01-13T13:03:40.931+0000][1][safepoint    ] Total time for which application threads were stopped: 0.0281585 seconds, Stopping threads took: 0.0000336 seconds
[2020-01-13T13:03:41.936+0000][1][safepoint    ] Application time: 1.0051483 seconds
[2020-01-13T13:03:41.936+0000][1][safepoint    ] Entering safepoint region: Cleanup
[2020-01-13T13:03:41.936+0000][1][safepoint    ] Leaving safepoint region
[2020-01-13T13:03:41.936+0000][1][safepoint    ] Total time for which application threads were stopped: 0.0001753 seconds, Stopping threads took: 0.0000349 seconds
[2020-01-13T13:03:42.937+0000][1][safepoint    ] Application time: 1.0001306 seconds
[2020-01-13T13:03:42.937+0000][1][safepoint    ] Entering safepoint region: Cleanup
[2020-01-13T13:03:42.937+0000][1][safepoint    ] Leaving safepoint region
[2020-01-13T13:03:42.937+0000][1][safepoint    ] Total time for which application threads were stopped: 0.0001629 seconds, Stopping threads took: 0.0000359 seconds
[2020-01-13T13:03:43.937+0000][1][safepoint    ] Application time: 1.0000970 seconds
[2020-01-13T13:03:43.937+0000][1][safepoint    ] Entering safepoint region: Cleanup
[2020-01-13T13:03:43.937+0000][1][safepoint    ] Leaving safepoint region
[2020-01-13T13:03:43.937+0000][1][safepoint    ] Total time for which application threads were stopped: 0.0001156 seconds, Stopping threads took: 0.0000254 seconds
[2020-01-13T13:03:44.937+0000][1][safepoint    ] Application time: 1.0001143 seconds
[2020-01-13T13:03:44.937+0000][1][safepoint    ] Entering safepoint region: Cleanup
[2020-01-13T13:03:44.937+0000][1][safepoint    ] Leaving safepoint region
[2020-01-13T13:03:44.937+0000][1][safepoint    ] Total time for which application threads were stopped: 0.0001231 seconds, Stopping threads took: 0.0000400 seconds
[2020-01-13T13:03:45.938+0000][1][safepoint    ] Application time: 1.0001102 seconds
[2020-01-13T13:03:45.939+0000][1][safepoint    ] Entering safepoint region: Cleanup
[2020-01-13T13:03:45.939+0000][1][safepoint    ] Leaving safepoint region
[2020-01-13T13:03:45.939+0000][1][safepoint    ] Total time for which application threads were stopped: 0.0001857 seconds, Stopping threads took: 0.0000585 seconds
[2020-01-13T13:03:46.939+0000][1][safepoint    ] Application time: 1.0001527 seconds
[2020-01-13T13:03:46.939+0000][1][safepoint    ] Entering safepoint region: Cleanup
[2020-01-13T13:03:46.939+0000][1][safepoint    ] Leaving safepoint region
[2020-01-13T13:03:46.939+0000][1][safepoint    ] Total time for which application threads were stopped: 0.0001504 seconds, Stopping threads took: 0.0000282 seconds
[2020-01-13T13:03:47.939+0000][1][safepoint    ] Application time: 1.0001608 seconds
[2020-01-13T13:03:47.939+0000][1][safepoint    ] Entering safepoint region: Cleanup
[2020-01-13T13:03:47.940+0000][1][safepoint    ] Leaving safepoint region
[2020-01-13T13:03:47.940+0000][1][safepoint    ] Total time for which application threads were stopped: 0.0001202 seconds, Stopping threads took: 0.0000331 seconds
[2020-01-13T13:03:48.940+0000][1][safepoint    ] Application time: 1.0000988 seconds
[2020-01-13T13:03:48.940+0000][1][safepoint    ] Entering safepoint region: Cleanup
[2020-01-13T13:03:48.940+0000][1][safepoint    ] Leaving safepoint region
[2020-01-13T13:03:48.940+0000][1][safepoint    ] Total time for which application threads were stopped: 0.0001223 seconds, Stopping threads took: 0.0000272 seconds
[2020-01-13T13:03:49.940+0000][1][safepoint    ] Application time: 1.0001530 seconds
[2020-01-13T13:03:49.940+0000][1][safepoint    ] Entering safepoint region: Cleanup
[2020-01-13T13:03:49.940+0000][1][safepoint    ] Leaving safepoint region
[2020-01-13T13:03:49.940+0000][1][safepoint    ] Total time for which application threads were stopped: 0.0001679 seconds, Stopping threads took: 0.0000407 seconds
[2020-01-13T13:03:50.940+0000][1][safepoint    ] Application time: 1.0001615 seconds
[2020-01-13T13:03:50.941+0000][1][safepoint    ] Entering safepoint region: Cleanup
[2020-01-13T13:03:50.941+0000][1][safepoint    ] Leaving safepoint region
[2020-01-13T13:03:50.941+0000][1][safepoint    ] Total time for which application threads were stopped: 0.0001701 seconds, Stopping threads took: 0.0000361 seconds
[2020-01-13T13:03:51.941+0000][1][safepoint    ] Application time: 1.0001061 seconds
[2020-01-13T13:03:51.941+0000][1][safepoint    ] Entering safepoint region: Cleanup
[2020-01-13T13:03:51.941+0000][1][safepoint    ] Leaving safepoint region
[2020-01-13T13:03:51.941+0000][1][safepoint    ] Total time for which application threads were stopped: 0.0001627 seconds, Stopping threads took: 0.0000404 seconds
[2020-01-13T13:03:52.941+0000][1][safepoint    ] Application time: 1.0001113 seconds
[2020-01-13T13:03:52.941+0000][1][safepoint    ] Entering safepoint region: Cleanup
[2020-01-13T13:03:52.942+0000][1][safepoint    ] Leaving safepoint region
[2020-01-13T13:03:52.942+0000][1][safepoint    ] Total time for which application threads were stopped: 0.0001333 seconds, Stopping threads took: 0.0000252 seconds
[2020-01-13T13:03:53.942+0000][1][safepoint    ] Application time: 1.0001323 seconds
[2020-01-13T13:03:53.943+0000][1][safepoint    ] Entering safepoint region: Cleanup
[2020-01-13T13:03:53.943+0000][1][safepoint    ] Leaving safepoint region
[2020-01-13T13:03:53.943+0000][1][safepoint    ] Total time for which application threads were stopped: 0.0001528 seconds, Stopping threads took: 0.0000551 seconds
[2020-01-13T13:03:54.943+0000][1][safepoint    ] Application time: 1.0001278 seconds
[2020-01-13T13:03:54.943+0000][1][safepoint    ] Entering safepoint region: Cleanup
[2020-01-13T13:03:54.943+0000][1][safepoint    ] Leaving safepoint region
[2020-01-13T13:03:54.943+0000][1][safepoint    ] Total time for which application threads were stopped: 0.0001189 seconds, Stopping threads took: 0.0000290 seconds
[2020-01-13T13:03:55.943+0000][1][safepoint    ] Application time: 1.0002480 seconds
[2020-01-13T13:03:55.944+0000][1][safepoint    ] Entering safepoint region: Cleanup
[2020-01-13T13:03:55.944+0000][1][safepoint    ] Leaving safepoint region
[2020-01-13T13:03:55.944+0000][1][safepoint    ] Total time for which application threads were stopped: 0.0001477 seconds, Stopping threads took: 0.0000287 seconds
[2020-01-13T13:03:56.944+0000][1][safepoint    ] Application time: 1.0001458 seconds
[2020-01-13T13:03:56.944+0000][1][safepoint    ] Entering safepoint region: Cleanup
[2020-01-13T13:03:56.944+0000][1][safepoint    ] Leaving safepoint region
[2020-01-13T13:03:56.944+0000][1][safepoint    ] Total time for which application threads were stopped: 0.0001532 seconds, Stopping threads took: 0.0000273 seconds
[2020-01-13T13:03:57.944+0000][1][safepoint    ] Application time: 1.0001183 seconds
[2020-01-13T13:03:57.944+0000][1][safepoint    ] Entering safepoint region: Cleanup
[2020-01-13T13:03:57.944+0000][1][safepoint    ] Leaving safepoint region
[2020-01-13T13:03:57.944+0000][1][safepoint    ] Total time for which application threads were stopped: 0.0001361 seconds, Stopping threads took: 0.0000232 seconds
[2020-01-13T13:03:58.945+0000][1][safepoint    ] Application time: 1.0001338 seconds
[2020-01-13T13:03:58.946+0000][1][safepoint    ] Entering safepoint region: Cleanup
[2020-01-13T13:03:58.946+0000][1][safepoint    ] Leaving safepoint region
[2020-01-13T13:03:58.946+0000][1][safepoint    ] Total time for which application threads were stopped: 0.0001998 seconds, Stopping threads took: 0.0000820 seconds
[2020-01-13T13:03:59.946+0000][1][safepoint    ] Application time: 1.0000986 seconds
[2020-01-13T13:03:59.946+0000][1][safepoint    ] Entering safepoint region: Cleanup
[2020-01-13T13:03:59.946+0000][1][safepoint    ] Leaving safepoint region
[2020-01-13T13:03:59.946+0000][1][safepoint    ] Total time for which application threads were stopped: 0.0001173 seconds, Stopping threads took: 0.0000264 seconds
[2020-01-13T13:04:00.946+0000][1][safepoint    ] Application time: 1.0001563 seconds
[2020-01-13T13:04:00.946+0000][1][safepoint    ] Entering safepoint region: Cleanup
[2020-01-13T13:04:00.946+0000][1][safepoint    ] Leaving safepoint region
[2020-01-13T13:04:00.946+0000][1][safepoint    ] Total time for which application threads were stopped: 0.0002052 seconds, Stopping threads took: 0.0000403 seconds
[2020-01-13T13:04:01.947+0000][1][safepoint    ] Application time: 1.0000936 seconds
[2020-01-13T13:04:01.947+0000][1][safepoint    ] Entering safepoint region: Cleanup
[2020-01-13T13:04:01.947+0000][1][safepoint    ] Leaving safepoint region
[2020-01-13T13:04:01.947+0000][1][safepoint    ] Total time for which application threads were stopped: 0.0001135 seconds, Stopping threads took: 0.0000253 seconds
[2020-01-13T13:04:02.947+0000][1][safepoint    ] Application time: 1.0001413 seconds
[2020-01-13T13:04:02.947+0000][1][safepoint    ] Entering safepoint region: Cleanup
[2020-01-13T13:04:02.947+0000][1][safepoint    ] Leaving safepoint region
[2020-01-13T13:04:02.947+0000][1][safepoint    ] Total time for which application threads were stopped: 0.0001363 seconds, Stopping threads took: 0.0000271 seconds
[2020-01-13T13:04:03.947+0000][1][safepoint    ] Application time: 1.0000858 seconds
[2020-01-13T13:04:03.948+0000][1][safepoint    ] Entering safepoint region: Cleanup
[2020-01-13T13:04:03.948+0000][1][safepoint    ] Leaving safepoint region
[2020-01-13T13:04:03.948+0000][1][safepoint    ] Total time for which application threads were stopped: 0.0001331 seconds, Stopping threads took: 0.0000537 seconds
[2020-01-13T13:04:04.949+0000][1][safepoint    ] Application time: 1.0001549 seconds
[2020-01-13T13:04:04.949+0000][1][safepoint    ] Entering safepoint region: Cleanup
[2020-01-13T13:04:04.949+0000][1][safepoint    ] Leaving safepoint region
[2020-01-13T13:04:04.949+0000][1][safepoint    ] Total time for which application threads were stopped: 0.0001245 seconds, Stopping threads took: 0.0000292 seconds
[2020-01-13T13:04:05.949+0000][1][safepoint    ] Application time: 1.0001684 seconds
[2020-01-13T13:04:05.949+0000][1][safepoint    ] Entering safepoint region: Cleanup
[2020-01-13T13:04:05.949+0000][1][safepoint    ] Leaving safepoint region
[2020-01-13T13:04:05.949+0000][1][safepoint    ] Total time for which application threads were stopped: 0.0001359 seconds, Stopping threads took: 0.0000281 seconds
[2020-01-13T13:04:06.949+0000][1][safepoint    ] Application time: 1.0001711 seconds
[2020-01-13T13:04:06.949+0000][1][safepoint    ] Entering safepoint region: Cleanup
[2020-01-13T13:04:06.950+0000][1][safepoint    ] Leaving safepoint region
[2020-01-13T13:04:06.950+0000][1][safepoint    ] Total time for which application threads were stopped: 0.0001254 seconds, Stopping threads took: 0.0000277 seconds
[2020-01-13T13:04:07.950+0000][1][safepoint    ] Application time: 1.0001924 seconds
[2020-01-13T13:04:07.950+0000][1][safepoint    ] Entering safepoint region: Cleanup
[2020-01-13T13:04:07.950+0000][1][safepoint    ] Leaving safepoint region
[2020-01-13T13:04:07.950+0000][1][safepoint    ] Total time for which application threads were stopped: 0.0001796 seconds, Stopping threads took: 0.0000270 seconds
[2020-01-13T13:04:08.950+0000][1][safepoint    ] Application time: 1.0001552 seconds
[2020-01-13T13:04:08.951+0000][1][safepoint    ] Entering safepoint region: Cleanup
[2020-01-13T13:04:08.951+0000][1][safepoint    ] Leaving safepoint region
[2020-01-13T13:04:08.951+0000][1][safepoint    ] Total time for which application threads were stopped: 0.0001926 seconds, Stopping threads took: 0.0000704 seconds
[2020-01-13T13:04:09.952+0000][1][safepoint    ] Application time: 1.0001532 seconds
[2020-01-13T13:04:09.952+0000][1][safepoint    ] Entering safepoint region: Cleanup
[2020-01-13T13:04:09.952+0000][1][safepoint    ] Leaving safepoint region
[2020-01-13T13:04:09.952+0000][1][safepoint    ] Total time for which application threads were stopped: 0.0001519 seconds, Stopping threads took: 0.0000305 seconds
[2020-01-13T13:04:10.952+0000][1][safepoint    ] Application time: 1.0001709 seconds
[2020-01-13T13:04:10.952+0000][1][safepoint    ] Entering safepoint region: Cleanup
[2020-01-13T13:04:10.952+0000][1][safepoint    ] Leaving safepoint region
[2020-01-13T13:04:10.952+0000][1][safepoint    ] Total time for which application threads were stopped: 0.0001476 seconds, Stopping threads took: 0.0000313 seconds
[2020-01-13T13:04:11.952+0000][1][safepoint    ] Application time: 1.0001185 seconds
[2020-01-13T13:04:11.952+0000][1][safepoint    ] Entering safepoint region: Cleanup
[2020-01-13T13:04:11.953+0000][1][safepoint    ] Leaving safepoint region
[2020-01-13T13:04:11.953+0000][1][safepoint    ] Total time for which application threads were stopped: 0.0002751 seconds, Stopping threads took: 0.0000280 seconds
[2020-01-13T13:04:12.953+0000][1][safepoint    ] Application time: 1.0001911 seconds
[2020-01-13T13:04:12.953+0000][1][safepoint    ] Entering safepoint region: Cleanup
[2020-01-13T13:04:12.953+0000][1][safepoint    ] Leaving safepoint region
[2020-01-13T13:04:12.953+0000][1][safepoint    ] Total time for which application threads were stopped: 0.0001441 seconds, Stopping threads took: 0.0000453 seconds
[2020-01-13T13:04:13.953+0000][1][safepoint    ] Application time: 1.0001357 seconds
[2020-01-13T13:04:13.954+0000][1][safepoint    ] Entering safepoint region: Cleanup
[2020-01-13T13:04:13.955+0000][1][safepoint    ] Leaving safepoint region
[2020-01-13T13:04:13.955+0000][1][safepoint    ] Total time for which application threads were stopped: 0.0001716 seconds, Stopping threads took: 0.0000549 seconds
[2020-01-13T13:04:14.955+0000][1][safepoint    ] Application time: 1.0001597 seconds
[2020-01-13T13:04:14.955+0000][1][safepoint    ] Entering safepoint region: Cleanup
[2020-01-13T13:04:14.955+0000][1][safepoint    ] Leaving safepoint region
[2020-01-13T13:04:14.955+0000][1][safepoint    ] Total time for which application threads were stopped: 0.0001356 seconds, Stopping threads took: 0.0000276 seconds
[2020-01-13T13:04:15.955+0000][1][safepoint    ] Application time: 1.0000992 seconds
[2020-01-13T13:04:15.955+0000][1][safepoint    ] Entering safepoint region: Cleanup
[2020-01-13T13:04:15.955+0000][1][safepoint    ] Leaving safepoint region
[2020-01-13T13:04:15.955+0000][1][safepoint    ] Total time for which application threads were stopped: 0.0001553 seconds, Stopping threads took: 0.0000371 seconds
[2020-01-13T13:04:16.914+0000][1][safepoint    ] Application time: 0.9581993 seconds
[2020-01-13T13:04:16.914+0000][1][safepoint    ] Entering safepoint region: GenCollectForAllocation
[2020-01-13T13:04:16.914+0000][1][gc,start     ] GC(24) Pause Young (Allocation Failure)
[2020-01-13T13:04:16.914+0000][1][gc,task      ] GC(24) Using 1 workers of 1 for evacuation
[2020-01-13T13:04:16.935+0000][1][gc,age       ] GC(24) Desired survivor size 4358144 bytes, new threshold 6 (max threshold 6)
[2020-01-13T13:04:16.935+0000][1][gc,age       ] GC(24) Age table with threshold 6 (max threshold 6)
[2020-01-13T13:04:16.935+0000][1][gc,age       ] GC(24) - age   1:     704168 bytes,     704168 total
[2020-01-13T13:04:16.935+0000][1][gc,age       ] GC(24) - age   2:     187816 bytes,     891984 total
[2020-01-13T13:04:16.935+0000][1][gc,age       ] GC(24) - age   3:    2355760 bytes,    3247744 total
[2020-01-13T13:04:16.935+0000][1][gc,heap      ] GC(24) ParNew: 73112K->3653K(76672K)
[2020-01-13T13:04:16.935+0000][1][gc,heap      ] GC(24) CMS: 65256K->65256K(176960K)
[2020-01-13T13:04:16.935+0000][1][gc,metaspace ] GC(24) Metaspace: 65517K->65517K(1110016K)
[2020-01-13T13:04:16.935+0000][1][gc           ] GC(24) Pause Young (Allocation Failure) 135M->67M(247M) 21.712ms
[2020-01-13T13:04:16.936+0000][1][gc,cpu       ] GC(24) User=0.02s Sys=0.00s Real=0.02s
[2020-01-13T13:04:16.936+0000][1][safepoint    ] Leaving safepoint region
[2020-01-13T13:04:16.936+0000][1][safepoint    ] Total time for which application threads were stopped: 0.0219625 seconds, Stopping threads took: 0.0000369 seconds
[2020-01-13T13:04:17.936+0000][1][safepoint    ] Application time: 1.0005922 seconds
[2020-01-13T13:04:17.936+0000][1][safepoint    ] Entering safepoint region: Cleanup
[2020-01-13T13:04:17.936+0000][1][safepoint    ] Leaving safepoint region
[2020-01-13T13:04:17.936+0000][1][safepoint    ] Total time for which application threads were stopped: 0.0001194 seconds, Stopping threads took: 0.0000272 seconds
[2020-01-13T13:04:18.936+0000][1][safepoint    ] Application time: 1.0000996 seconds
[2020-01-13T13:04:18.937+0000][1][safepoint    ] Entering safepoint region: Cleanup
[2020-01-13T13:04:18.937+0000][1][safepoint    ] Leaving safepoint region
[2020-01-13T13:04:18.937+0000][1][safepoint    ] Total time for which application threads were stopped: 0.0001450 seconds, Stopping threads took: 0.0000272 seconds
[2020-01-13T13:04:19.937+0000][1][safepoint    ] Application time: 1.0001172 seconds
[2020-01-13T13:04:19.937+0000][1][safepoint    ] Entering safepoint region: Cleanup
[2020-01-13T13:04:19.937+0000][1][safepoint    ] Leaving safepoint region
[2020-01-13T13:04:19.937+0000][1][safepoint    ] Total time for which application threads were stopped: 0.0001507 seconds, Stopping threads took: 0.0000349 seconds
[2020-01-13T13:04:20.937+0000][1][safepoint    ] Application time: 1.0001148 seconds
[2020-01-13T13:04:20.937+0000][1][safepoint    ] Entering safepoint region: Cleanup
[2020-01-13T13:04:20.937+0000][1][safepoint    ] Leaving safepoint region
[2020-01-13T13:04:20.937+0000][1][safepoint    ] Total time for which application threads were stopped: 0.0001469 seconds, Stopping threads took: 0.0000307 seconds
[2020-01-13T13:04:21.938+0000][1][safepoint    ] Application time: 1.0001550 seconds
[2020-01-13T13:04:21.938+0000][1][safepoint    ] Entering safepoint region: Cleanup
[2020-01-13T13:04:21.938+0000][1][safepoint    ] Leaving safepoint region
[2020-01-13T13:04:21.938+0000][1][safepoint    ] Total time for which application threads were stopped: 0.0001200 seconds, Stopping threads took: 0.0000298 seconds
[2020-01-13T13:04:22.938+0000][1][safepoint    ] Application time: 1.0001356 seconds
[2020-01-13T13:04:22.938+0000][1][safepoint    ] Entering safepoint region: Cleanup
[2020-01-13T13:04:22.938+0000][1][safepoint    ] Leaving safepoint region
[2020-01-13T13:04:22.938+0000][1][safepoint    ] Total time for which application threads were stopped: 0.0001550 seconds, Stopping threads took: 0.0000424 seconds
[2020-01-13T13:04:23.938+0000][1][safepoint    ] Application time: 1.0001319 seconds
[2020-01-13T13:04:23.939+0000][1][safepoint    ] Entering safepoint region: Cleanup
[2020-01-13T13:04:23.939+0000][1][safepoint    ] Leaving safepoint region
[2020-01-13T13:04:23.939+0000][1][safepoint    ] Total time for which application threads were stopped: 0.0001762 seconds, Stopping threads took: 0.0000628 seconds
[2020-01-13T13:04:24.940+0000][1][safepoint    ] Application time: 1.0001214 seconds
[2020-01-13T13:04:24.940+0000][1][safepoint    ] Entering safepoint region: Cleanup
[2020-01-13T13:04:24.940+0000][1][safepoint    ] Leaving safepoint region
[2020-01-13T13:04:24.940+0000][1][safepoint    ] Total time for which application threads were stopped: 0.0001497 seconds, Stopping threads took: 0.0000332 seconds
[2020-01-13T13:04:25.940+0000][1][safepoint    ] Application time: 1.0001434 seconds
[2020-01-13T13:04:25.940+0000][1][safepoint    ] Entering safepoint region: Cleanup
[2020-01-13T13:04:25.940+0000][1][safepoint    ] Leaving safepoint region
[2020-01-13T13:04:25.940+0000][1][safepoint    ] Total time for which application threads were stopped: 0.0001293 seconds, Stopping threads took: 0.0000287 seconds
[2020-01-13T13:04:26.940+0000][1][safepoint    ] Application time: 1.0001499 seconds
[2020-01-13T13:04:26.940+0000][1][safepoint    ] Entering safepoint region: Cleanup
[2020-01-13T13:04:26.941+0000][1][safepoint    ] Leaving safepoint region
[2020-01-13T13:04:26.941+0000][1][safepoint    ] Total time for which application threads were stopped: 0.0001475 seconds, Stopping threads took: 0.0000475 seconds
[2020-01-13T13:04:27.941+0000][1][safepoint    ] Application time: 1.0001833 seconds
[2020-01-13T13:04:27.941+0000][1][safepoint    ] Entering safepoint region: Cleanup
[2020-01-13T13:04:27.941+0000][1][safepoint    ] Leaving safepoint region
[2020-01-13T13:04:27.941+0000][1][safepoint    ] Total time for which application threads were stopped: 0.0001484 seconds, Stopping threads took: 0.0000393 seconds
[2020-01-13T13:04:28.941+0000][1][safepoint    ] Application time: 1.0001536 seconds
[2020-01-13T13:04:28.942+0000][1][safepoint    ] Entering safepoint region: Cleanup
[2020-01-13T13:04:28.942+0000][1][safepoint    ] Leaving safepoint region
[2020-01-13T13:04:28.942+0000][1][safepoint    ] Total time for which application threads were stopped: 0.0001504 seconds, Stopping threads took: 0.0000394 seconds
[2020-01-13T13:04:29.942+0000][1][safepoint    ] Application time: 1.0001999 seconds
[2020-01-13T13:04:29.942+0000][1][safepoint    ] Entering safepoint region: Cleanup
[2020-01-13T13:04:29.943+0000][1][safepoint    ] Leaving safepoint region
[2020-01-13T13:04:29.943+0000][1][safepoint    ] Total time for which application threads were stopped: 0.0001505 seconds, Stopping threads took: 0.0000376 seconds
[2020-01-13T13:04:30.943+0000][1][safepoint    ] Application time: 1.0001518 seconds
[2020-01-13T13:04:30.943+0000][1][safepoint    ] Entering safepoint region: Cleanup
[2020-01-13T13:04:30.943+0000][1][safepoint    ] Leaving safepoint region
[2020-01-13T13:04:30.943+0000][1][safepoint    ] Total time for which application threads were stopped: 0.0001381 seconds, Stopping threads took: 0.0000311 seconds
[2020-01-13T13:04:31.943+0000][1][safepoint    ] Application time: 1.0001767 seconds
[2020-01-13T13:04:31.943+0000][1][safepoint    ] Entering safepoint region: Cleanup
[2020-01-13T13:04:31.943+0000][1][safepoint    ] Leaving safepoint region
[2020-01-13T13:04:31.943+0000][1][safepoint    ] Total time for which application threads were stopped: 0.0001867 seconds, Stopping threads took: 0.0000599 seconds
[2020-01-13T13:04:32.944+0000][1][safepoint    ] Application time: 1.0001559 seconds
[2020-01-13T13:04:32.944+0000][1][safepoint    ] Entering safepoint region: Cleanup
[2020-01-13T13:04:32.944+0000][1][safepoint    ] Leaving safepoint region
[2020-01-13T13:04:32.944+0000][1][safepoint    ] Total time for which application threads were stopped: 0.0001350 seconds, Stopping threads took: 0.0000454 seconds
[2020-01-13T13:04:33.944+0000][1][safepoint    ] Application time: 1.0001753 seconds
[2020-01-13T13:04:33.945+0000][1][safepoint    ] Entering safepoint region: Cleanup
[2020-01-13T13:04:33.945+0000][1][safepoint    ] Leaving safepoint region
[2020-01-13T13:04:33.945+0000][1][safepoint    ] Total time for which application threads were stopped: 0.0001781 seconds, Stopping threads took: 0.0000571 seconds
[2020-01-13T13:04:34.946+0000][1][safepoint    ] Application time: 1.0001952 seconds
[2020-01-13T13:04:34.946+0000][1][safepoint    ] Entering safepoint region: Cleanup
[2020-01-13T13:04:34.946+0000][1][safepoint    ] Leaving safepoint region
[2020-01-13T13:04:34.946+0000][1][safepoint    ] Total time for which application threads were stopped: 0.0001344 seconds, Stopping threads took: 0.0000289 seconds
[2020-01-13T13:04:35.946+0000][1][safepoint    ] Application time: 1.0000895 seconds
[2020-01-13T13:04:35.946+0000][1][safepoint    ] Entering safepoint region: Cleanup
[2020-01-13T13:04:35.946+0000][1][safepoint    ] Leaving safepoint region
[2020-01-13T13:04:35.946+0000][1][safepoint    ] Total time for which application threads were stopped: 0.0001145 seconds, Stopping threads took: 0.0000248 seconds
[2020-01-13T13:04:36.946+0000][1][safepoint    ] Application time: 1.0001948 seconds
[2020-01-13T13:04:36.946+0000][1][safepoint    ] Entering safepoint region: Cleanup
[2020-01-13T13:04:36.947+0000][1][safepoint    ] Leaving safepoint region
[2020-01-13T13:04:36.947+0000][1][safepoint    ] Total time for which application threads were stopped: 0.0001222 seconds, Stopping threads took: 0.0000278 seconds
[2020-01-13T13:04:37.947+0000][1][safepoint    ] Application time: 1.0001483 seconds
[2020-01-13T13:04:37.947+0000][1][safepoint    ] Entering safepoint region: Cleanup
[2020-01-13T13:04:37.947+0000][1][safepoint    ] Leaving safepoint region
[2020-01-13T13:04:37.947+0000][1][safepoint    ] Total time for which application threads were stopped: 0.0001034 seconds, Stopping threads took: 0.0000254 seconds
[2020-01-13T13:04:38.947+0000][1][safepoint    ] Application time: 1.0001157 seconds
[2020-01-13T13:04:38.948+0000][1][safepoint    ] Entering safepoint region: Cleanup
[2020-01-13T13:04:38.948+0000][1][safepoint    ] Leaving safepoint region
[2020-01-13T13:04:38.948+0000][1][safepoint    ] Total time for which application threads were stopped: 0.0001399 seconds, Stopping threads took: 0.0000474 seconds
[2020-01-13T13:04:39.948+0000][1][safepoint    ] Application time: 1.0001018 seconds
[2020-01-13T13:04:39.948+0000][1][safepoint    ] Entering safepoint region: Cleanup
[2020-01-13T13:04:39.948+0000][1][safepoint    ] Leaving safepoint region
[2020-01-13T13:04:39.948+0000][1][safepoint    ] Total time for which application threads were stopped: 0.0001241 seconds, Stopping threads took: 0.0000280 seconds
[2020-01-13T13:04:40.949+0000][1][safepoint    ] Application time: 1.0001587 seconds
[2020-01-13T13:04:40.949+0000][1][safepoint    ] Entering safepoint region: Cleanup
[2020-01-13T13:04:40.949+0000][1][safepoint    ] Leaving safepoint region
[2020-01-13T13:04:40.949+0000][1][safepoint    ] Total time for which application threads were stopped: 0.0001324 seconds, Stopping threads took: 0.0000303 seconds
[2020-01-13T13:04:41.949+0000][1][safepoint    ] Application time: 1.0001403 seconds
[2020-01-13T13:04:41.949+0000][1][safepoint    ] Entering safepoint region: Cleanup
[2020-01-13T13:04:41.949+0000][1][safepoint    ] Leaving safepoint region
[2020-01-13T13:04:41.949+0000][1][safepoint    ] Total time for which application threads were stopped: 0.0001278 seconds, Stopping threads took: 0.0000273 seconds
[2020-01-13T13:04:42.949+0000][1][safepoint    ] Application time: 1.0001262 seconds
[2020-01-13T13:04:42.949+0000][1][safepoint    ] Entering safepoint region: Cleanup
[2020-01-13T13:04:42.949+0000][1][safepoint    ] Leaving safepoint region
[2020-01-13T13:04:42.949+0000][1][safepoint    ] Total time for which application threads were stopped: 0.0001744 seconds, Stopping threads took: 0.0000712 seconds
[2020-01-13T13:04:43.950+0000][1][safepoint    ] Application time: 1.0001600 seconds
[2020-01-13T13:04:43.951+0000][1][safepoint    ] Entering safepoint region: Cleanup
[2020-01-13T13:04:43.951+0000][1][safepoint    ] Leaving safepoint region
[2020-01-13T13:04:43.951+0000][1][safepoint    ] Total time for which application threads were stopped: 0.0001449 seconds, Stopping threads took: 0.0000496 seconds
[2020-01-13T13:04:44.951+0000][1][safepoint    ] Application time: 1.0002674 seconds
[2020-01-13T13:04:44.952+0000][1][safepoint    ] Entering safepoint region: Cleanup
[2020-01-13T13:04:44.952+0000][1][safepoint    ] Leaving safepoint region
[2020-01-13T13:04:44.952+0000][1][safepoint    ] Total time for which application threads were stopped: 0.0001953 seconds, Stopping threads took: 0.0000877 seconds
[2020-01-13T13:04:45.952+0000][1][safepoint    ] Application time: 1.0001588 seconds
[2020-01-13T13:04:45.952+0000][1][safepoint    ] Entering safepoint region: Cleanup
[2020-01-13T13:04:45.952+0000][1][safepoint    ] Leaving safepoint region
[2020-01-13T13:04:45.952+0000][1][safepoint    ] Total time for which application threads were stopped: 0.0001169 seconds, Stopping threads took: 0.0000270 seconds
[2020-01-13T13:04:46.952+0000][1][safepoint    ] Application time: 1.0001663 seconds
[2020-01-13T13:04:46.952+0000][1][safepoint    ] Entering safepoint region: Cleanup
[2020-01-13T13:04:46.952+0000][1][safepoint    ] Leaving safepoint region
[2020-01-13T13:04:46.952+0000][1][safepoint    ] Total time for which application threads were stopped: 0.0001356 seconds, Stopping threads took: 0.0000344 seconds
[2020-01-13T13:04:47.953+0000][1][safepoint    ] Application time: 1.0001575 seconds
[2020-01-13T13:04:47.953+0000][1][safepoint    ] Entering safepoint region: Cleanup
[2020-01-13T13:04:47.953+0000][1][safepoint    ] Leaving safepoint region
[2020-01-13T13:04:47.953+0000][1][safepoint    ] Total time for which application threads were stopped: 0.0001299 seconds, Stopping threads took: 0.0000299 seconds
[2020-01-13T13:04:48.953+0000][1][safepoint    ] Application time: 1.0001438 seconds
[2020-01-13T13:04:48.953+0000][1][safepoint    ] Entering safepoint region: Cleanup
[2020-01-13T13:04:48.953+0000][1][safepoint    ] Leaving safepoint region
[2020-01-13T13:04:48.953+0000][1][safepoint    ] Total time for which application threads were stopped: 0.0001485 seconds, Stopping threads took: 0.0000372 seconds
[2020-01-13T13:04:49.953+0000][1][safepoint    ] Application time: 1.0000714 seconds
[2020-01-13T13:04:49.954+0000][1][safepoint    ] Entering safepoint region: Cleanup
[2020-01-13T13:04:49.954+0000][1][safepoint    ] Leaving safepoint region
[2020-01-13T13:04:49.954+0000][1][safepoint    ] Total time for which application threads were stopped: 0.0001204 seconds, Stopping threads took: 0.0000270 seconds
[2020-01-13T13:04:50.954+0000][1][safepoint    ] Application time: 1.0001320 seconds
[2020-01-13T13:04:50.954+0000][1][safepoint    ] Entering safepoint region: Cleanup
[2020-01-13T13:04:50.954+0000][1][safepoint    ] Leaving safepoint region
[2020-01-13T13:04:50.954+0000][1][safepoint    ] Total time for which application threads were stopped: 0.0001176 seconds, Stopping threads took: 0.0000275 seconds
[2020-01-13T13:04:51.954+0000][1][safepoint    ] Application time: 1.0001511 seconds
[2020-01-13T13:04:51.954+0000][1][safepoint    ] Entering safepoint region: Cleanup
[2020-01-13T13:04:51.954+0000][1][safepoint    ] Leaving safepoint region
[2020-01-13T13:04:51.954+0000][1][safepoint    ] Total time for which application threads were stopped: 0.0001196 seconds, Stopping threads took: 0.0000287 seconds
[2020-01-13T13:04:52.954+0000][1][safepoint    ] Application time: 1.0001165 seconds
[2020-01-13T13:04:52.955+0000][1][safepoint    ] Entering safepoint region: Cleanup
[2020-01-13T13:04:52.955+0000][1][safepoint    ] Leaving safepoint region
[2020-01-13T13:04:52.955+0000][1][safepoint    ] Total time for which application threads were stopped: 0.0001271 seconds, Stopping threads took: 0.0000433 seconds
[2020-01-13T13:04:53.923+0000][1][safepoint    ] Application time: 0.9681694 seconds
[2020-01-13T13:04:53.923+0000][1][safepoint    ] Entering safepoint region: GenCollectForAllocation
[2020-01-13T13:04:53.923+0000][1][gc,start     ] GC(25) Pause Young (Allocation Failure)
[2020-01-13T13:04:53.923+0000][1][gc,task      ] GC(25) Using 1 workers of 1 for evacuation
[2020-01-13T13:04:53.940+0000][1][gc,age       ] GC(25) Desired survivor size 4358144 bytes, new threshold 6 (max threshold 6)
[2020-01-13T13:04:53.940+0000][1][gc,age       ] GC(25) Age table with threshold 6 (max threshold 6)
[2020-01-13T13:04:53.940+0000][1][gc,age       ] GC(25) - age   1:     745416 bytes,     745416 total
[2020-01-13T13:04:53.940+0000][1][gc,age       ] GC(25) - age   2:      51336 bytes,     796752 total
[2020-01-13T13:04:53.940+0000][1][gc,age       ] GC(25) - age   3:     186744 bytes,     983496 total
[2020-01-13T13:04:53.940+0000][1][gc,age       ] GC(25) - age   4:    2355760 bytes,    3339256 total
[2020-01-13T13:04:53.940+0000][1][gc,heap      ] GC(25) ParNew: 71813K->3292K(76672K)
[2020-01-13T13:04:53.940+0000][1][gc,heap      ] GC(25) CMS: 65256K->65256K(176960K)
[2020-01-13T13:04:53.941+0000][1][gc,metaspace ] GC(25) Metaspace: 65693K->65693K(1110016K)
[2020-01-13T13:04:53.941+0000][1][gc           ] GC(25) Pause Young (Allocation Failure) 133M->66M(247M) 17.525ms
[2020-01-13T13:04:53.941+0000][1][gc,cpu       ] GC(25) User=0.02s Sys=0.00s Real=0.02s
[2020-01-13T13:04:53.941+0000][1][safepoint    ] Leaving safepoint region
[2020-01-13T13:04:53.941+0000][1][safepoint    ] Total time for which application threads were stopped: 0.0177403 seconds, Stopping threads took: 0.0000277 seconds
[2020-01-13T13:04:54.942+0000][1][safepoint    ] Application time: 1.0016672 seconds
[2020-01-13T13:04:54.942+0000][1][safepoint    ] Entering safepoint region: Cleanup
[2020-01-13T13:04:54.942+0000][1][safepoint    ] Leaving safepoint region
[2020-01-13T13:04:54.942+0000][1][safepoint    ] Total time for which application threads were stopped: 0.0001288 seconds, Stopping threads took: 0.0000371 seconds
[2020-01-13T13:04:55.943+0000][1][safepoint    ] Application time: 1.0001380 seconds
[2020-01-13T13:04:55.943+0000][1][safepoint    ] Entering safepoint region: Cleanup
[2020-01-13T13:04:55.943+0000][1][safepoint    ] Leaving safepoint region
[2020-01-13T13:04:55.943+0000][1][safepoint    ] Total time for which application threads were stopped: 0.0001492 seconds, Stopping threads took: 0.0000370 seconds
[2020-01-13T13:04:56.943+0000][1][safepoint    ] Application time: 1.0003652 seconds
[2020-01-13T13:04:56.943+0000][1][safepoint    ] Entering safepoint region: Cleanup
[2020-01-13T13:04:56.944+0000][1][safepoint    ] Leaving safepoint region
[2020-01-13T13:04:56.944+0000][1][safepoint    ] Total time for which application threads were stopped: 0.0001680 seconds, Stopping threads took: 0.0000321 seconds
[2020-01-13T13:04:57.944+0000][1][safepoint    ] Application time: 1.0001800 seconds
[2020-01-13T13:04:57.944+0000][1][safepoint    ] Entering safepoint region: Cleanup
[2020-01-13T13:04:57.944+0000][1][safepoint    ] Leaving safepoint region
[2020-01-13T13:04:57.944+0000][1][safepoint    ] Total time for which application threads were stopped: 0.0001491 seconds, Stopping threads took: 0.0000284 seconds
[2020-01-13T13:04:58.944+0000][1][safepoint    ] Application time: 1.0000790 seconds
[2020-01-13T13:04:58.944+0000][1][safepoint    ] Entering safepoint region: Cleanup
[2020-01-13T13:04:58.944+0000][1][safepoint    ] Leaving safepoint region
[2020-01-13T13:04:58.944+0000][1][safepoint    ] Total time for which application threads were stopped: 0.0001155 seconds, Stopping threads took: 0.0000314 seconds
[2020-01-13T13:04:59.944+0000][1][safepoint    ] Application time: 1.0001685 seconds
[2020-01-13T13:04:59.946+0000][1][safepoint    ] Entering safepoint region: Cleanup
[2020-01-13T13:04:59.946+0000][1][safepoint    ] Leaving safepoint region
[2020-01-13T13:04:59.946+0000][1][safepoint    ] Total time for which application threads were stopped: 0.0001804 seconds, Stopping threads took: 0.0000796 seconds
[2020-01-13T13:05:00.946+0000][1][safepoint    ] Application time: 1.0001660 seconds
[2020-01-13T13:05:00.946+0000][1][safepoint    ] Entering safepoint region: Cleanup
[2020-01-13T13:05:00.946+0000][1][safepoint    ] Leaving safepoint region
[2020-01-13T13:05:00.946+0000][1][safepoint    ] Total time for which application threads were stopped: 0.0001153 seconds, Stopping threads took: 0.0000275 seconds
[2020-01-13T13:05:01.946+0000][1][safepoint    ] Application time: 1.0001392 seconds
[2020-01-13T13:05:01.946+0000][1][safepoint    ] Entering safepoint region: Cleanup
[2020-01-13T13:05:01.946+0000][1][safepoint    ] Leaving safepoint region
[2020-01-13T13:05:01.946+0000][1][safepoint    ] Total time for which application threads were stopped: 0.0001373 seconds, Stopping threads took: 0.0000304 seconds
[2020-01-13T13:05:02.947+0000][1][safepoint    ] Application time: 1.0001580 seconds
[2020-01-13T13:05:02.947+0000][1][safepoint    ] Entering safepoint region: Cleanup
[2020-01-13T13:05:02.947+0000][1][safepoint    ] Leaving safepoint region
[2020-01-13T13:05:02.947+0000][1][safepoint    ] Total time for which application threads were stopped: 0.0001329 seconds, Stopping threads took: 0.0000298 seconds
[2020-01-13T13:05:03.947+0000][1][safepoint    ] Application time: 1.0001342 seconds
[2020-01-13T13:05:03.947+0000][1][safepoint    ] Entering safepoint region: Cleanup
[2020-01-13T13:05:03.947+0000][1][safepoint    ] Leaving safepoint region
[2020-01-13T13:05:03.947+0000][1][safepoint    ] Total time for which application threads were stopped: 0.0001064 seconds, Stopping threads took: 0.0000244 seconds
[2020-01-13T13:05:04.947+0000][1][safepoint    ] Application time: 1.0001413 seconds
[2020-01-13T13:05:04.948+0000][1][safepoint    ] Entering safepoint region: Cleanup
[2020-01-13T13:05:04.948+0000][1][safepoint    ] Leaving safepoint region
[2020-01-13T13:05:04.948+0000][1][safepoint    ] Total time for which application threads were stopped: 0.0001488 seconds, Stopping threads took: 0.0000416 seconds
[2020-01-13T13:05:05.949+0000][1][safepoint    ] Application time: 1.0001536 seconds
[2020-01-13T13:05:05.949+0000][1][safepoint    ] Entering safepoint region: Cleanup
[2020-01-13T13:05:05.949+0000][1][safepoint    ] Leaving safepoint region
[2020-01-13T13:05:05.949+0000][1][safepoint    ] Total time for which application threads were stopped: 0.0001327 seconds, Stopping threads took: 0.0000323 seconds
[2020-01-13T13:05:06.949+0000][1][safepoint    ] Application time: 1.0001098 seconds
[2020-01-13T13:05:06.949+0000][1][safepoint    ] Entering safepoint region: Cleanup
[2020-01-13T13:05:06.949+0000][1][safepoint    ] Leaving safepoint region
[2020-01-13T13:05:06.949+0000][1][safepoint    ] Total time for which application threads were stopped: 0.0001172 seconds, Stopping threads took: 0.0000289 seconds
[2020-01-13T13:05:07.949+0000][1][safepoint    ] Application time: 1.0001294 seconds
[2020-01-13T13:05:07.949+0000][1][safepoint    ] Entering safepoint region: Cleanup
[2020-01-13T13:05:07.949+0000][1][safepoint    ] Leaving safepoint region
[2020-01-13T13:05:07.949+0000][1][safepoint    ] Total time for which application threads were stopped: 0.0001422 seconds, Stopping threads took: 0.0000274 seconds
[2020-01-13T13:05:08.950+0000][1][safepoint    ] Application time: 1.0001582 seconds
[2020-01-13T13:05:08.950+0000][1][safepoint    ] Entering safepoint region: Cleanup
[2020-01-13T13:05:08.950+0000][1][safepoint    ] Leaving safepoint region
[2020-01-13T13:05:08.950+0000][1][safepoint    ] Total time for which application threads were stopped: 0.0001473 seconds, Stopping threads took: 0.0000282 seconds
[2020-01-13T13:05:09.950+0000][1][safepoint    ] Application time: 1.0001682 seconds
[2020-01-13T13:05:09.951+0000][1][safepoint    ] Entering safepoint region: Cleanup
[2020-01-13T13:05:09.951+0000][1][safepoint    ] Leaving safepoint region
[2020-01-13T13:05:09.951+0000][1][safepoint    ] Total time for which application threads were stopped: 0.0001568 seconds, Stopping threads took: 0.0000545 seconds
[2020-01-13T13:05:10.951+0000][1][safepoint    ] Application time: 1.0001562 seconds
[2020-01-13T13:05:10.951+0000][1][safepoint    ] Entering safepoint region: Cleanup
[2020-01-13T13:05:10.952+0000][1][safepoint    ] Leaving safepoint region
[2020-01-13T13:05:10.952+0000][1][safepoint    ] Total time for which application threads were stopped: 0.0001232 seconds, Stopping threads took: 0.0000308 seconds
[2020-01-13T13:05:11.952+0000][1][safepoint    ] Application time: 1.0000972 seconds
[2020-01-13T13:05:11.952+0000][1][safepoint    ] Entering safepoint region: Cleanup
[2020-01-13T13:05:11.952+0000][1][safepoint    ] Leaving safepoint region
[2020-01-13T13:05:11.952+0000][1][safepoint    ] Total time for which application threads were stopped: 0.0001221 seconds, Stopping threads took: 0.0000376 seconds
[2020-01-13T13:05:12.952+0000][1][safepoint    ] Application time: 1.0001584 seconds
[2020-01-13T13:05:12.952+0000][1][safepoint    ] Entering safepoint region: Cleanup
[2020-01-13T13:05:12.952+0000][1][safepoint    ] Leaving safepoint region
[2020-01-13T13:05:12.952+0000][1][safepoint    ] Total time for which application threads were stopped: 0.0001312 seconds, Stopping threads took: 0.0000284 seconds
[2020-01-13T13:05:15.953+0000][1][safepoint    ] Application time: 3.0004484 seconds
[2020-01-13T13:05:15.953+0000][1][safepoint    ] Entering safepoint region: Cleanup
[2020-01-13T13:05:15.953+0000][1][safepoint    ] Leaving safepoint region
[2020-01-13T13:05:15.953+0000][1][safepoint    ] Total time for which application threads were stopped: 0.0001288 seconds, Stopping threads took: 0.0000269 seconds
[2020-01-13T13:05:20.954+0000][1][safepoint    ] Application time: 5.0007652 seconds
[2020-01-13T13:05:20.954+0000][1][safepoint    ] Entering safepoint region: Cleanup
[2020-01-13T13:05:20.954+0000][1][safepoint    ] Leaving safepoint region
[2020-01-13T13:05:20.954+0000][1][safepoint    ] Total time for which application threads were stopped: 0.0001229 seconds, Stopping threads took: 0.0000295 seconds
[2020-01-13T13:05:22.954+0000][1][safepoint    ] Application time: 2.0002512 seconds
[2020-01-13T13:05:22.954+0000][1][safepoint    ] Entering safepoint region: Cleanup
[2020-01-13T13:05:22.954+0000][1][safepoint    ] Leaving safepoint region
[2020-01-13T13:05:22.954+0000][1][safepoint    ] Total time for which application threads were stopped: 0.0001322 seconds, Stopping threads took: 0.0000346 seconds
[2020-01-13T13:05:23.955+0000][1][safepoint    ] Application time: 1.0002835 seconds
[2020-01-13T13:05:23.955+0000][1][safepoint    ] Entering safepoint region: Cleanup
[2020-01-13T13:05:23.955+0000][1][safepoint    ] Leaving safepoint region
[2020-01-13T13:05:23.955+0000][1][safepoint    ] Total time for which application threads were stopped: 0.0001651 seconds, Stopping threads took: 0.0000350 seconds
[2020-01-13T13:05:24.955+0000][1][safepoint    ] Application time: 1.0001093 seconds
[2020-01-13T13:05:24.955+0000][1][safepoint    ] Entering safepoint region: Cleanup
[2020-01-13T13:05:24.955+0000][1][safepoint    ] Leaving safepoint region
[2020-01-13T13:05:24.955+0000][1][safepoint    ] Total time for which application threads were stopped: 0.0001445 seconds, Stopping threads took: 0.0000360 seconds
[2020-01-13T13:05:25.955+0000][1][safepoint    ] Application time: 1.0001161 seconds
[2020-01-13T13:05:25.955+0000][1][safepoint    ] Entering safepoint region: Cleanup
[2020-01-13T13:05:25.956+0000][1][safepoint    ] Leaving safepoint region
[2020-01-13T13:05:25.956+0000][1][safepoint    ] Total time for which application threads were stopped: 0.0001378 seconds, Stopping threads took: 0.0000322 seconds
[2020-01-13T13:05:26.956+0000][1][safepoint    ] Application time: 1.0001749 seconds
[2020-01-13T13:05:26.956+0000][1][safepoint    ] Entering safepoint region: Cleanup
[2020-01-13T13:05:26.956+0000][1][safepoint    ] Leaving safepoint region
[2020-01-13T13:05:26.956+0000][1][safepoint    ] Total time for which application threads were stopped: 0.0002091 seconds, Stopping threads took: 0.0000718 seconds
[2020-01-13T13:05:27.956+0000][1][safepoint    ] Application time: 1.0001371 seconds
[2020-01-13T13:05:27.956+0000][1][safepoint    ] Entering safepoint region: Cleanup
[2020-01-13T13:05:27.956+0000][1][safepoint    ] Leaving safepoint region
[2020-01-13T13:05:27.956+0000][1][safepoint    ] Total time for which application threads were stopped: 0.0001915 seconds, Stopping threads took: 0.0000580 seconds
[2020-01-13T13:05:28.957+0000][1][safepoint    ] Application time: 1.0000922 seconds
[2020-01-13T13:05:28.957+0000][1][safepoint    ] Entering safepoint region: Cleanup
[2020-01-13T13:05:28.957+0000][1][safepoint    ] Leaving safepoint region
[2020-01-13T13:05:28.957+0000][1][safepoint    ] Total time for which application threads were stopped: 0.0001045 seconds, Stopping threads took: 0.0000276 seconds
[2020-01-13T13:05:29.950+0000][1][safepoint    ] Application time: 0.9930640 seconds
[2020-01-13T13:05:29.950+0000][1][safepoint    ] Entering safepoint region: GenCollectForAllocation
[2020-01-13T13:05:29.950+0000][1][gc,start     ] GC(26) Pause Young (Allocation Failure)
[2020-01-13T13:05:29.950+0000][1][gc,task      ] GC(26) Using 1 workers of 1 for evacuation
[2020-01-13T13:05:29.967+0000][1][gc,age       ] GC(26) Desired survivor size 4358144 bytes, new threshold 6 (max threshold 6)
[2020-01-13T13:05:29.968+0000][1][gc,age       ] GC(26) Age table with threshold 6 (max threshold 6)
[2020-01-13T13:05:29.968+0000][1][gc,age       ] GC(26) - age   1:     657856 bytes,     657856 total
[2020-01-13T13:05:29.968+0000][1][gc,age       ] GC(26) - age   2:       5320 bytes,     663176 total
[2020-01-13T13:05:29.968+0000][1][gc,age       ] GC(26) - age   3:      50512 bytes,     713688 total
[2020-01-13T13:05:29.968+0000][1][gc,age       ] GC(26) - age   4:     186744 bytes,     900432 total
[2020-01-13T13:05:29.968+0000][1][gc,age       ] GC(26) - age   5:    2355760 bytes,    3256192 total
[2020-01-13T13:05:29.968+0000][1][gc,heap      ] GC(26) ParNew: 71408K->3268K(76672K)
[2020-01-13T13:05:29.968+0000][1][gc,heap      ] GC(26) CMS: 65256K->65256K(176960K)
[2020-01-13T13:05:29.968+0000][1][gc,metaspace ] GC(26) Metaspace: 65779K->65779K(1110016K)
[2020-01-13T13:05:29.968+0000][1][gc           ] GC(26) Pause Young (Allocation Failure) 133M->66M(247M) 18.324ms
[2020-01-13T13:05:29.968+0000][1][gc,cpu       ] GC(26) User=0.02s Sys=0.00s Real=0.01s
[2020-01-13T13:05:29.968+0000][1][safepoint    ] Leaving safepoint region
[2020-01-13T13:05:29.968+0000][1][safepoint    ] Total time for which application threads were stopped: 0.0186035 seconds, Stopping threads took: 0.0000680 seconds
[2020-01-13T13:05:30.976+0000][1][safepoint    ] Application time: 1.0073962 seconds
[2020-01-13T13:05:30.976+0000][1][safepoint    ] Entering safepoint region: Cleanup
[2020-01-13T13:05:30.976+0000][1][safepoint    ] Leaving safepoint region
[2020-01-13T13:05:30.976+0000][1][safepoint    ] Total time for which application threads were stopped: 0.0001599 seconds, Stopping threads took: 0.0000287 seconds
[2020-01-13T13:05:31.976+0000][1][safepoint    ] Application time: 1.0001138 seconds
[2020-01-13T13:05:31.976+0000][1][safepoint    ] Entering safepoint region: Cleanup
[2020-01-13T13:05:31.976+0000][1][safepoint    ] Leaving safepoint region
[2020-01-13T13:05:31.976+0000][1][safepoint    ] Total time for which application threads were stopped: 0.0001671 seconds, Stopping threads took: 0.0000641 seconds
[2020-01-13T13:05:32.977+0000][1][safepoint    ] Application time: 1.0001313 seconds
[2020-01-13T13:05:32.977+0000][1][safepoint    ] Entering safepoint region: Cleanup
[2020-01-13T13:05:32.977+0000][1][safepoint    ] Leaving safepoint region
[2020-01-13T13:05:32.977+0000][1][safepoint    ] Total time for which application threads were stopped: 0.0001367 seconds, Stopping threads took: 0.0000316 seconds
[2020-01-13T13:05:33.977+0000][1][safepoint    ] Application time: 1.0001151 seconds
[2020-01-13T13:05:33.977+0000][1][safepoint    ] Entering safepoint region: Cleanup
[2020-01-13T13:05:33.977+0000][1][safepoint    ] Leaving safepoint region
[2020-01-13T13:05:33.977+0000][1][safepoint    ] Total time for which application threads were stopped: 0.0001248 seconds, Stopping threads took: 0.0000295 seconds
[2020-01-13T13:05:34.977+0000][1][safepoint    ] Application time: 1.0001607 seconds
[2020-01-13T13:05:34.978+0000][1][safepoint    ] Entering safepoint region: Cleanup
[2020-01-13T13:05:34.978+0000][1][safepoint    ] Leaving safepoint region
[2020-01-13T13:05:34.978+0000][1][safepoint    ] Total time for which application threads were stopped: 0.0001848 seconds, Stopping threads took: 0.0000493 seconds
[2020-01-13T13:05:35.979+0000][1][safepoint    ] Application time: 1.0001052 seconds
[2020-01-13T13:05:35.979+0000][1][safepoint    ] Entering safepoint region: Cleanup
[2020-01-13T13:05:35.979+0000][1][safepoint    ] Leaving safepoint region
[2020-01-13T13:05:35.979+0000][1][safepoint    ] Total time for which application threads were stopped: 0.0001372 seconds, Stopping threads took: 0.0000324 seconds
[2020-01-13T13:05:36.979+0000][1][safepoint    ] Application time: 1.0001428 seconds
[2020-01-13T13:05:36.979+0000][1][safepoint    ] Entering safepoint region: Cleanup
[2020-01-13T13:05:36.979+0000][1][safepoint    ] Leaving safepoint region
[2020-01-13T13:05:36.979+0000][1][safepoint    ] Total time for which application threads were stopped: 0.0001443 seconds, Stopping threads took: 0.0000363 seconds
[2020-01-13T13:05:37.979+0000][1][safepoint    ] Application time: 1.0001306 seconds
[2020-01-13T13:05:37.979+0000][1][safepoint    ] Entering safepoint region: Cleanup
[2020-01-13T13:05:37.979+0000][1][safepoint    ] Leaving safepoint region
[2020-01-13T13:05:37.979+0000][1][safepoint    ] Total time for which application threads were stopped: 0.0001527 seconds, Stopping threads took: 0.0000418 seconds
[2020-01-13T13:05:38.980+0000][1][safepoint    ] Application time: 1.0000998 seconds
[2020-01-13T13:05:38.980+0000][1][safepoint    ] Entering safepoint region: Cleanup
[2020-01-13T13:05:38.980+0000][1][safepoint    ] Leaving safepoint region
[2020-01-13T13:05:38.980+0000][1][safepoint    ] Total time for which application threads were stopped: 0.0001201 seconds, Stopping threads took: 0.0000300 seconds
[2020-01-13T13:05:39.980+0000][1][safepoint    ] Application time: 1.0001056 seconds
[2020-01-13T13:05:39.981+0000][1][safepoint    ] Entering safepoint region: Cleanup
[2020-01-13T13:05:39.981+0000][1][safepoint    ] Leaving safepoint region
[2020-01-13T13:05:39.981+0000][1][safepoint    ] Total time for which application threads were stopped: 0.0001905 seconds, Stopping threads took: 0.0000707 seconds
[2020-01-13T13:05:40.981+0000][1][safepoint    ] Application time: 1.0001025 seconds
[2020-01-13T13:05:40.981+0000][1][safepoint    ] Entering safepoint region: Cleanup
[2020-01-13T13:05:40.981+0000][1][safepoint    ] Leaving safepoint region
[2020-01-13T13:05:40.981+0000][1][safepoint    ] Total time for which application threads were stopped: 0.0001320 seconds, Stopping threads took: 0.0000258 seconds
[2020-01-13T13:05:41.982+0000][1][safepoint    ] Application time: 1.0001303 seconds
[2020-01-13T13:05:41.982+0000][1][safepoint    ] Entering safepoint region: Cleanup
[2020-01-13T13:05:41.982+0000][1][safepoint    ] Leaving safepoint region
[2020-01-13T13:05:41.982+0000][1][safepoint    ] Total time for which application threads were stopped: 0.0001277 seconds, Stopping threads took: 0.0000276 seconds
[2020-01-13T13:05:42.982+0000][1][safepoint    ] Application time: 1.0001120 seconds
[2020-01-13T13:05:42.982+0000][1][safepoint    ] Entering safepoint region: Cleanup
[2020-01-13T13:05:42.982+0000][1][safepoint    ] Leaving safepoint region
[2020-01-13T13:05:42.982+0000][1][safepoint    ] Total time for which application threads were stopped: 0.0001233 seconds, Stopping threads took: 0.0000281 seconds
[2020-01-13T13:05:43.982+0000][1][safepoint    ] Application time: 1.0001449 seconds
[2020-01-13T13:05:43.982+0000][1][safepoint    ] Entering safepoint region: Cleanup
[2020-01-13T13:05:43.982+0000][1][safepoint    ] Leaving safepoint region
[2020-01-13T13:05:43.982+0000][1][safepoint    ] Total time for which application threads were stopped: 0.0001739 seconds, Stopping threads took: 0.0000546 seconds
[2020-01-13T13:05:50.984+0000][1][safepoint    ] Application time: 7.0010754 seconds
[2020-01-13T13:05:50.984+0000][1][safepoint    ] Entering safepoint region: Cleanup
[2020-01-13T13:05:50.984+0000][1][safepoint    ] Leaving safepoint region
[2020-01-13T13:05:50.984+0000][1][safepoint    ] Total time for which application threads were stopped: 0.0001462 seconds, Stopping threads took: 0.0000312 seconds
[2020-01-13T13:05:51.984+0000][1][safepoint    ] Application time: 1.0001545 seconds
[2020-01-13T13:05:51.984+0000][1][safepoint    ] Entering safepoint region: Cleanup
[2020-01-13T13:05:51.984+0000][1][safepoint    ] Leaving safepoint region
[2020-01-13T13:05:51.984+0000][1][safepoint    ] Total time for which application threads were stopped: 0.0001319 seconds, Stopping threads took: 0.0000286 seconds
[2020-01-13T13:05:52.984+0000][1][safepoint    ] Application time: 1.0001261 seconds
[2020-01-13T13:05:52.984+0000][1][safepoint    ] Entering safepoint region: Cleanup
[2020-01-13T13:05:52.984+0000][1][safepoint    ] Leaving safepoint region
[2020-01-13T13:05:52.984+0000][1][safepoint    ] Total time for which application threads were stopped: 0.0001278 seconds, Stopping threads took: 0.0000296 seconds
[2020-01-13T13:05:56.985+0000][1][safepoint    ] Application time: 4.0005573 seconds
[2020-01-13T13:05:56.985+0000][1][safepoint    ] Entering safepoint region: Cleanup
[2020-01-13T13:05:56.985+0000][1][safepoint    ] Leaving safepoint region
[2020-01-13T13:05:56.985+0000][1][safepoint    ] Total time for which application threads were stopped: 0.0001179 seconds, Stopping threads took: 0.0000275 seconds
[2020-01-13T13:05:57.985+0000][1][safepoint    ] Application time: 1.0001271 seconds
[2020-01-13T13:05:57.985+0000][1][safepoint    ] Entering safepoint region: Cleanup
[2020-01-13T13:05:57.986+0000][1][safepoint    ] Leaving safepoint region
[2020-01-13T13:05:57.986+0000][1][safepoint    ] Total time for which application threads were stopped: 0.0001139 seconds, Stopping threads took: 0.0000266 seconds
[2020-01-13T13:05:58.986+0000][1][safepoint    ] Application time: 1.0001793 seconds
[2020-01-13T13:05:58.986+0000][1][safepoint    ] Entering safepoint region: Cleanup
[2020-01-13T13:05:58.986+0000][1][safepoint    ] Leaving safepoint region
[2020-01-13T13:05:58.986+0000][1][safepoint    ] Total time for which application threads were stopped: 0.0001333 seconds, Stopping threads took: 0.0000347 seconds
[2020-01-13T13:05:59.986+0000][1][safepoint    ] Application time: 1.0001595 seconds
[2020-01-13T13:05:59.986+0000][1][safepoint    ] Entering safepoint region: Cleanup
[2020-01-13T13:05:59.986+0000][1][safepoint    ] Leaving safepoint region
[2020-01-13T13:05:59.986+0000][1][safepoint    ] Total time for which application threads were stopped: 0.0001575 seconds, Stopping threads took: 0.0000373 seconds
[2020-01-13T13:06:00.987+0000][1][safepoint    ] Application time: 1.0001516 seconds
[2020-01-13T13:06:00.987+0000][1][safepoint    ] Entering safepoint region: Cleanup
[2020-01-13T13:06:00.987+0000][1][safepoint    ] Leaving safepoint region
[2020-01-13T13:06:00.987+0000][1][safepoint    ] Total time for which application threads were stopped: 0.0001461 seconds, Stopping threads took: 0.0000346 seconds
[2020-01-13T13:06:01.987+0000][1][safepoint    ] Application time: 1.0001117 seconds
[2020-01-13T13:06:01.987+0000][1][safepoint    ] Entering safepoint region: Cleanup
[2020-01-13T13:06:01.987+0000][1][safepoint    ] Leaving safepoint region
[2020-01-13T13:06:01.987+0000][1][safepoint    ] Total time for which application threads were stopped: 0.0001537 seconds, Stopping threads took: 0.0000369 seconds
[2020-01-13T13:06:02.987+0000][1][safepoint    ] Application time: 1.0001779 seconds
[2020-01-13T13:06:02.987+0000][1][safepoint    ] Entering safepoint region: Cleanup
[2020-01-13T13:06:02.988+0000][1][safepoint    ] Leaving safepoint region
[2020-01-13T13:06:02.988+0000][1][safepoint    ] Total time for which application threads were stopped: 0.0001387 seconds, Stopping threads took: 0.0000297 seconds
[2020-01-13T13:06:03.988+0000][1][safepoint    ] Application time: 1.0000928 seconds
[2020-01-13T13:06:03.988+0000][1][safepoint    ] Entering safepoint region: Cleanup
[2020-01-13T13:06:03.988+0000][1][safepoint    ] Leaving safepoint region
[2020-01-13T13:06:03.988+0000][1][safepoint    ] Total time for which application threads were stopped: 0.0001212 seconds, Stopping threads took: 0.0000266 seconds
[2020-01-13T13:06:04.988+0000][1][safepoint    ] Application time: 1.0001586 seconds
[2020-01-13T13:06:04.988+0000][1][safepoint    ] Entering safepoint region: Cleanup
[2020-01-13T13:06:04.988+0000][1][safepoint    ] Leaving safepoint region
[2020-01-13T13:06:04.988+0000][1][safepoint    ] Total time for which application threads were stopped: 0.0001213 seconds, Stopping threads took: 0.0000330 seconds
[2020-01-13T13:06:05.901+0000][1][safepoint    ] Application time: 0.9128565 seconds
[2020-01-13T13:06:05.902+0000][1][safepoint    ] Entering safepoint region: GenCollectForAllocation
[2020-01-13T13:06:05.902+0000][1][gc,start     ] GC(27) Pause Young (Allocation Failure)
[2020-01-13T13:06:05.902+0000][1][gc,task      ] GC(27) Using 1 workers of 1 for evacuation
[2020-01-13T13:06:05.918+0000][1][gc,age       ] GC(27) Desired survivor size 4358144 bytes, new threshold 6 (max threshold 6)
[2020-01-13T13:06:05.918+0000][1][gc,age       ] GC(27) Age table with threshold 6 (max threshold 6)
[2020-01-13T13:06:05.918+0000][1][gc,age       ] GC(27) - age   1:     647328 bytes,     647328 total
[2020-01-13T13:06:05.918+0000][1][gc,age       ] GC(27) - age   2:       4408 bytes,     651736 total
[2020-01-13T13:06:05.918+0000][1][gc,age       ] GC(27) - age   3:       4248 bytes,     655984 total
[2020-01-13T13:06:05.918+0000][1][gc,age       ] GC(27) - age   4:      50512 bytes,     706496 total
[2020-01-13T13:06:05.918+0000][1][gc,age       ] GC(27) - age   5:     186744 bytes,     893240 total
[2020-01-13T13:06:05.918+0000][1][gc,age       ] GC(27) - age   6:    2184072 bytes,    3077312 total
[2020-01-13T13:06:05.918+0000][1][gc,heap      ] GC(27) ParNew: 71428K->3202K(76672K)
[2020-01-13T13:06:05.918+0000][1][gc,heap      ] GC(27) CMS: 65256K->65256K(176960K)
[2020-01-13T13:06:05.918+0000][1][gc,metaspace ] GC(27) Metaspace: 65866K->65866K(1110016K)
[2020-01-13T13:06:05.919+0000][1][gc           ] GC(27) Pause Young (Allocation Failure) 133M->66M(247M) 16.456ms
[2020-01-13T13:06:05.919+0000][1][gc,cpu       ] GC(27) User=0.02s Sys=0.00s Real=0.01s
[2020-01-13T13:06:05.919+0000][1][safepoint    ] Leaving safepoint region
[2020-01-13T13:06:05.919+0000][1][safepoint    ] Total time for which application threads were stopped: 0.0172789 seconds, Stopping threads took: 0.0000486 seconds
[2020-01-13T13:06:06.921+0000][1][safepoint    ] Application time: 1.0013340 seconds
[2020-01-13T13:06:06.921+0000][1][safepoint    ] Entering safepoint region: Cleanup
[2020-01-13T13:06:06.921+0000][1][safepoint    ] Leaving safepoint region
[2020-01-13T13:06:06.921+0000][1][safepoint    ] Total time for which application threads were stopped: 0.0001163 seconds, Stopping threads took: 0.0000291 seconds
[2020-01-13T13:06:07.921+0000][1][safepoint    ] Application time: 1.0001345 seconds
[2020-01-13T13:06:07.921+0000][1][safepoint    ] Entering safepoint region: Cleanup
[2020-01-13T13:06:07.921+0000][1][safepoint    ] Leaving safepoint region
[2020-01-13T13:06:07.921+0000][1][safepoint    ] Total time for which application threads were stopped: 0.0001209 seconds, Stopping threads took: 0.0000383 seconds
[2020-01-13T13:06:08.921+0000][1][safepoint    ] Application time: 1.0001323 seconds
[2020-01-13T13:06:08.921+0000][1][safepoint    ] Entering safepoint region: Cleanup
[2020-01-13T13:06:08.921+0000][1][safepoint    ] Leaving safepoint region
[2020-01-13T13:06:08.921+0000][1][safepoint    ] Total time for which application threads were stopped: 0.0001431 seconds, Stopping threads took: 0.0000279 seconds
[2020-01-13T13:06:09.922+0000][1][safepoint    ] Application time: 1.0001264 seconds
[2020-01-13T13:06:09.922+0000][1][safepoint    ] Entering safepoint region: Cleanup
[2020-01-13T13:06:09.922+0000][1][safepoint    ] Leaving safepoint region
[2020-01-13T13:06:09.922+0000][1][safepoint    ] Total time for which application threads were stopped: 0.0001226 seconds, Stopping threads took: 0.0000364 seconds
[2020-01-13T13:06:10.922+0000][1][safepoint    ] Application time: 1.0001407 seconds
[2020-01-13T13:06:10.923+0000][1][safepoint    ] Entering safepoint region: Cleanup
[2020-01-13T13:06:10.923+0000][1][safepoint    ] Leaving safepoint region
[2020-01-13T13:06:10.923+0000][1][safepoint    ] Total time for which application threads were stopped: 0.0001722 seconds, Stopping threads took: 0.0000712 seconds
[2020-01-13T13:06:11.923+0000][1][safepoint    ] Application time: 1.0001469 seconds
[2020-01-13T13:06:11.923+0000][1][safepoint    ] Entering safepoint region: Cleanup
[2020-01-13T13:06:11.923+0000][1][safepoint    ] Leaving safepoint region
[2020-01-13T13:06:11.923+0000][1][safepoint    ] Total time for which application threads were stopped: 0.0001528 seconds, Stopping threads took: 0.0000387 seconds
[2020-01-13T13:06:12.923+0000][1][safepoint    ] Application time: 1.0001130 seconds
[2020-01-13T13:06:12.924+0000][1][safepoint    ] Entering safepoint region: Cleanup
[2020-01-13T13:06:12.924+0000][1][safepoint    ] Leaving safepoint region
[2020-01-13T13:06:12.924+0000][1][safepoint    ] Total time for which application threads were stopped: 0.0001362 seconds, Stopping threads took: 0.0000253 seconds
[2020-01-13T13:06:13.924+0000][1][safepoint    ] Application time: 1.0001641 seconds
[2020-01-13T13:06:13.924+0000][1][safepoint    ] Entering safepoint region: Cleanup
[2020-01-13T13:06:13.924+0000][1][safepoint    ] Leaving safepoint region
[2020-01-13T13:06:13.924+0000][1][safepoint    ] Total time for which application threads were stopped: 0.0001207 seconds, Stopping threads took: 0.0000267 seconds
[2020-01-13T13:06:14.924+0000][1][safepoint    ] Application time: 1.0001503 seconds
[2020-01-13T13:06:14.924+0000][1][safepoint    ] Entering safepoint region: Cleanup
[2020-01-13T13:06:14.924+0000][1][safepoint    ] Leaving safepoint region
[2020-01-13T13:06:14.924+0000][1][safepoint    ] Total time for which application threads were stopped: 0.0001555 seconds, Stopping threads took: 0.0000395 seconds
[2020-01-13T13:06:15.925+0000][1][safepoint    ] Application time: 1.0001195 seconds
[2020-01-13T13:06:15.926+0000][1][safepoint    ] Entering safepoint region: Cleanup
[2020-01-13T13:06:15.926+0000][1][safepoint    ] Leaving safepoint region
[2020-01-13T13:06:15.926+0000][1][safepoint    ] Total time for which application threads were stopped: 0.0002164 seconds, Stopping threads took: 0.0000855 seconds
[2020-01-13T13:06:16.926+0000][1][safepoint    ] Application time: 1.0001160 seconds
[2020-01-13T13:06:16.926+0000][1][safepoint    ] Entering safepoint region: Cleanup
[2020-01-13T13:06:16.927+0000][1][safepoint    ] Leaving safepoint region
[2020-01-13T13:06:16.927+0000][1][safepoint    ] Total time for which application threads were stopped: 0.0001578 seconds, Stopping threads took: 0.0000356 seconds
[2020-01-13T13:06:17.927+0000][1][safepoint    ] Application time: 1.0001337 seconds
[2020-01-13T13:06:17.927+0000][1][safepoint    ] Entering safepoint region: Cleanup
[2020-01-13T13:06:17.927+0000][1][safepoint    ] Leaving safepoint region
[2020-01-13T13:06:17.927+0000][1][safepoint    ] Total time for which application threads were stopped: 0.0002554 seconds, Stopping threads took: 0.0000258 seconds
[2020-01-13T13:06:18.927+0000][1][safepoint    ] Application time: 1.0002002 seconds
[2020-01-13T13:06:18.927+0000][1][safepoint    ] Entering safepoint region: Cleanup
[2020-01-13T13:06:18.927+0000][1][safepoint    ] Leaving safepoint region
[2020-01-13T13:06:18.927+0000][1][safepoint    ] Total time for which application threads were stopped: 0.0001530 seconds, Stopping threads took: 0.0000447 seconds
[2020-01-13T13:06:19.928+0000][1][safepoint    ] Application time: 1.0001328 seconds
[2020-01-13T13:06:19.928+0000][1][safepoint    ] Entering safepoint region: Cleanup
[2020-01-13T13:06:19.928+0000][1][safepoint    ] Leaving safepoint region
[2020-01-13T13:06:19.928+0000][1][safepoint    ] Total time for which application threads were stopped: 0.0001247 seconds, Stopping threads took: 0.0000283 seconds
[2020-01-13T13:06:20.928+0000][1][safepoint    ] Application time: 1.0001505 seconds
[2020-01-13T13:06:20.928+0000][1][safepoint    ] Entering safepoint region: Cleanup
[2020-01-13T13:06:20.928+0000][1][safepoint    ] Leaving safepoint region
[2020-01-13T13:06:20.928+0000][1][safepoint    ] Total time for which application threads were stopped: 0.0001437 seconds, Stopping threads took: 0.0000281 seconds
[2020-01-13T13:06:21.928+0000][1][safepoint    ] Application time: 1.0001678 seconds
[2020-01-13T13:06:21.928+0000][1][safepoint    ] Entering safepoint region: Cleanup
[2020-01-13T13:06:21.929+0000][1][safepoint    ] Leaving safepoint region
[2020-01-13T13:06:21.929+0000][1][safepoint    ] Total time for which application threads were stopped: 0.0001210 seconds, Stopping threads took: 0.0000279 seconds
[2020-01-13T13:06:22.929+0000][1][safepoint    ] Application time: 1.0001945 seconds
[2020-01-13T13:06:22.929+0000][1][safepoint    ] Entering safepoint region: Cleanup
[2020-01-13T13:06:22.929+0000][1][safepoint    ] Leaving safepoint region
[2020-01-13T13:06:22.929+0000][1][safepoint    ] Total time for which application threads were stopped: 0.0001376 seconds, Stopping threads took: 0.0000270 seconds
[2020-01-13T13:06:23.929+0000][1][safepoint    ] Application time: 1.0001256 seconds
[2020-01-13T13:06:23.930+0000][1][safepoint    ] Entering safepoint region: Cleanup
[2020-01-13T13:06:23.930+0000][1][safepoint    ] Leaving safepoint region
[2020-01-13T13:06:23.930+0000][1][safepoint    ] Total time for which application threads were stopped: 0.0001582 seconds, Stopping threads took: 0.0000560 seconds
[2020-01-13T13:06:24.930+0000][1][safepoint    ] Application time: 1.0001529 seconds
[2020-01-13T13:06:24.931+0000][1][safepoint    ] Entering safepoint region: Cleanup
[2020-01-13T13:06:24.931+0000][1][safepoint    ] Leaving safepoint region
[2020-01-13T13:06:24.931+0000][1][safepoint    ] Total time for which application threads were stopped: 0.0001469 seconds, Stopping threads took: 0.0000339 seconds
[2020-01-13T13:06:25.931+0000][1][safepoint    ] Application time: 1.0001372 seconds
[2020-01-13T13:06:25.931+0000][1][safepoint    ] Entering safepoint region: Cleanup
[2020-01-13T13:06:25.931+0000][1][safepoint    ] Leaving safepoint region
[2020-01-13T13:06:25.931+0000][1][safepoint    ] Total time for which application threads were stopped: 0.0001120 seconds, Stopping threads took: 0.0000292 seconds
[2020-01-13T13:06:26.931+0000][1][safepoint    ] Application time: 1.0001555 seconds
[2020-01-13T13:06:26.931+0000][1][safepoint    ] Entering safepoint region: Cleanup
[2020-01-13T13:06:26.931+0000][1][safepoint    ] Leaving safepoint region
[2020-01-13T13:06:26.931+0000][1][safepoint    ] Total time for which application threads were stopped: 0.0001374 seconds, Stopping threads took: 0.0000286 seconds
[2020-01-13T13:06:27.932+0000][1][safepoint    ] Application time: 1.0001512 seconds
[2020-01-13T13:06:27.932+0000][1][safepoint    ] Entering safepoint region: Cleanup
[2020-01-13T13:06:27.932+0000][1][safepoint    ] Leaving safepoint region
[2020-01-13T13:06:27.932+0000][1][safepoint    ] Total time for which application threads were stopped: 0.0001249 seconds, Stopping threads took: 0.0000304 seconds
[2020-01-13T13:06:28.932+0000][1][safepoint    ] Application time: 1.0001695 seconds
[2020-01-13T13:06:28.933+0000][1][safepoint    ] Entering safepoint region: Cleanup
[2020-01-13T13:06:28.933+0000][1][safepoint    ] Leaving safepoint region
[2020-01-13T13:06:28.933+0000][1][safepoint    ] Total time for which application threads were stopped: 0.0002079 seconds, Stopping threads took: 0.0000777 seconds
[2020-01-13T13:06:29.934+0000][1][safepoint    ] Application time: 1.0002086 seconds
[2020-01-13T13:06:29.934+0000][1][safepoint    ] Entering safepoint region: Cleanup
[2020-01-13T13:06:29.934+0000][1][safepoint    ] Leaving safepoint region
[2020-01-13T13:06:29.934+0000][1][safepoint    ] Total time for which application threads were stopped: 0.0001316 seconds, Stopping threads took: 0.0000330 seconds
[2020-01-13T13:06:30.934+0000][1][safepoint    ] Application time: 1.0001718 seconds
[2020-01-13T13:06:30.934+0000][1][safepoint    ] Entering safepoint region: Cleanup
[2020-01-13T13:06:30.934+0000][1][safepoint    ] Leaving safepoint region
[2020-01-13T13:06:30.934+0000][1][safepoint    ] Total time for which application threads were stopped: 0.0001247 seconds, Stopping threads took: 0.0000291 seconds
[2020-01-13T13:06:31.934+0000][1][safepoint    ] Application time: 1.0001634 seconds
[2020-01-13T13:06:31.934+0000][1][safepoint    ] Entering safepoint region: Cleanup
[2020-01-13T13:06:31.935+0000][1][safepoint    ] Leaving safepoint region
[2020-01-13T13:06:31.935+0000][1][safepoint    ] Total time for which application threads were stopped: 0.0001956 seconds, Stopping threads took: 0.0000291 seconds
[2020-01-13T13:06:32.935+0000][1][safepoint    ] Application time: 1.0001586 seconds
[2020-01-13T13:06:32.935+0000][1][safepoint    ] Entering safepoint region: Cleanup
[2020-01-13T13:06:32.935+0000][1][safepoint    ] Leaving safepoint region
[2020-01-13T13:06:32.935+0000][1][safepoint    ] Total time for which application threads were stopped: 0.0001394 seconds, Stopping threads took: 0.0000344 seconds
[2020-01-13T13:06:33.935+0000][1][safepoint    ] Application time: 1.0000976 seconds
[2020-01-13T13:06:33.936+0000][1][safepoint    ] Entering safepoint region: Cleanup
[2020-01-13T13:06:33.937+0000][1][safepoint    ] Leaving safepoint region
[2020-01-13T13:06:33.937+0000][1][safepoint    ] Total time for which application threads were stopped: 0.0001495 seconds, Stopping threads took: 0.0000570 seconds
[2020-01-13T13:06:34.937+0000][1][safepoint    ] Application time: 1.0000985 seconds
[2020-01-13T13:06:34.937+0000][1][safepoint    ] Entering safepoint region: Cleanup
[2020-01-13T13:06:34.937+0000][1][safepoint    ] Leaving safepoint region
[2020-01-13T13:06:34.937+0000][1][safepoint    ] Total time for which application threads were stopped: 0.0001658 seconds, Stopping threads took: 0.0000365 seconds
[2020-01-13T13:06:35.937+0000][1][safepoint    ] Application time: 1.0001166 seconds
[2020-01-13T13:06:35.937+0000][1][safepoint    ] Entering safepoint region: Cleanup
[2020-01-13T13:06:35.937+0000][1][safepoint    ] Leaving safepoint region
[2020-01-13T13:06:35.937+0000][1][safepoint    ] Total time for which application threads were stopped: 0.0001220 seconds, Stopping threads took: 0.0000291 seconds
[2020-01-13T13:06:36.937+0000][1][safepoint    ] Application time: 1.0001918 seconds
[2020-01-13T13:06:36.938+0000][1][safepoint    ] Entering safepoint region: Cleanup
[2020-01-13T13:06:36.938+0000][1][safepoint    ] Leaving safepoint region
[2020-01-13T13:06:36.938+0000][1][safepoint    ] Total time for which application threads were stopped: 0.0001281 seconds, Stopping threads took: 0.0000276 seconds
[2020-01-13T13:06:37.938+0000][1][safepoint    ] Application time: 1.0001550 seconds
[2020-01-13T13:06:37.938+0000][1][safepoint    ] Entering safepoint region: Cleanup
[2020-01-13T13:06:37.938+0000][1][safepoint    ] Leaving safepoint region
[2020-01-13T13:06:37.938+0000][1][safepoint    ] Total time for which application threads were stopped: 0.0001371 seconds, Stopping threads took: 0.0000357 seconds
[2020-01-13T13:06:38.938+0000][1][safepoint    ] Application time: 1.0001424 seconds
[2020-01-13T13:06:38.939+0000][1][safepoint    ] Entering safepoint region: Cleanup
[2020-01-13T13:06:38.939+0000][1][safepoint    ] Leaving safepoint region
[2020-01-13T13:06:38.939+0000][1][safepoint    ] Total time for which application threads were stopped: 0.0001921 seconds, Stopping threads took: 0.0000889 seconds
[2020-01-13T13:06:39.940+0000][1][safepoint    ] Application time: 1.0001688 seconds
[2020-01-13T13:06:39.940+0000][1][safepoint    ] Entering safepoint region: Cleanup
[2020-01-13T13:06:39.940+0000][1][safepoint    ] Leaving safepoint region
[2020-01-13T13:06:39.940+0000][1][safepoint    ] Total time for which application threads were stopped: 0.0001476 seconds, Stopping threads took: 0.0000364 seconds
[2020-01-13T13:06:40.940+0000][1][safepoint    ] Application time: 1.0001452 seconds
[2020-01-13T13:06:40.940+0000][1][safepoint    ] Entering safepoint region: Cleanup
[2020-01-13T13:06:40.940+0000][1][safepoint    ] Leaving safepoint region
[2020-01-13T13:06:40.940+0000][1][safepoint    ] Total time for which application threads were stopped: 0.0001266 seconds, Stopping threads took: 0.0000349 seconds
[2020-01-13T13:06:41.940+0000][1][safepoint    ] Application time: 1.0001564 seconds
[2020-01-13T13:06:41.940+0000][1][safepoint    ] Entering safepoint region: Cleanup
[2020-01-13T13:06:41.940+0000][1][safepoint    ] Leaving safepoint region
[2020-01-13T13:06:41.940+0000][1][safepoint    ] Total time for which application threads were stopped: 0.0001334 seconds, Stopping threads took: 0.0000302 seconds
[2020-01-13T13:06:41.958+0000][1][safepoint    ] Application time: 0.0177755 seconds
[2020-01-13T13:06:41.958+0000][1][safepoint    ] Entering safepoint region: GenCollectForAllocation
[2020-01-13T13:06:41.959+0000][1][gc,start     ] GC(28) Pause Young (Allocation Failure)
[2020-01-13T13:06:41.959+0000][1][gc,task      ] GC(28) Using 1 workers of 1 for evacuation
[2020-01-13T13:06:41.981+0000][1][gc,age       ] GC(28) Desired survivor size 4358144 bytes, new threshold 6 (max threshold 6)
[2020-01-13T13:06:41.981+0000][1][gc,age       ] GC(28) Age table with threshold 6 (max threshold 6)
[2020-01-13T13:06:41.981+0000][1][gc,age       ] GC(28) - age   1:     731040 bytes,     731040 total
[2020-01-13T13:06:41.981+0000][1][gc,age       ] GC(28) - age   2:       8608 bytes,     739648 total
[2020-01-13T13:06:41.981+0000][1][gc,age       ] GC(28) - age   3:       3872 bytes,     743520 total
[2020-01-13T13:06:41.981+0000][1][gc,age       ] GC(28) - age   4:       4248 bytes,     747768 total
[2020-01-13T13:06:41.981+0000][1][gc,age       ] GC(28) - age   5:      50512 bytes,     798280 total
[2020-01-13T13:06:41.981+0000][1][gc,age       ] GC(28) - age   6:     186296 bytes,     984576 total
[2020-01-13T13:06:41.981+0000][1][gc,heap      ] GC(28) ParNew: 71362K->3054K(76672K)
[2020-01-13T13:06:41.981+0000][1][gc,heap      ] GC(28) CMS: 65256K->67451K(176960K)
[2020-01-13T13:06:41.981+0000][1][gc,metaspace ] GC(28) Metaspace: 65927K->65927K(1110016K)
[2020-01-13T13:06:41.981+0000][1][gc           ] GC(28) Pause Young (Allocation Failure) 133M->68M(247M) 22.489ms
[2020-01-13T13:06:41.981+0000][1][gc,cpu       ] GC(28) User=0.02s Sys=0.00s Real=0.03s
[2020-01-13T13:06:41.981+0000][1][safepoint    ] Leaving safepoint region
[2020-01-13T13:06:41.981+0000][1][safepoint    ] Total time for which application threads were stopped: 0.0227332 seconds, Stopping threads took: 0.0000354 seconds
[2020-01-13T13:06:42.989+0000][1][safepoint    ] Application time: 1.0074070 seconds
[2020-01-13T13:06:42.989+0000][1][safepoint    ] Entering safepoint region: Cleanup
[2020-01-13T13:06:42.989+0000][1][safepoint    ] Leaving safepoint region
[2020-01-13T13:06:42.989+0000][1][safepoint    ] Total time for which application threads were stopped: 0.0001158 seconds, Stopping threads took: 0.0000274 seconds
[2020-01-13T13:06:43.989+0000][1][safepoint    ] Application time: 1.0001647 seconds
[2020-01-13T13:06:43.992+0000][1][safepoint    ] Entering safepoint region: Cleanup
[2020-01-13T13:06:43.992+0000][1][safepoint    ] Leaving safepoint region
[2020-01-13T13:06:43.992+0000][1][safepoint    ] Total time for which application threads were stopped: 0.0001692 seconds, Stopping threads took: 0.0000749 seconds
[2020-01-13T13:06:44.992+0000][1][safepoint    ] Application time: 1.0001710 seconds
[2020-01-13T13:06:44.992+0000][1][safepoint    ] Entering safepoint region: Cleanup
[2020-01-13T13:06:44.992+0000][1][safepoint    ] Leaving safepoint region
[2020-01-13T13:06:44.992+0000][1][safepoint    ] Total time for which application threads were stopped: 0.0001219 seconds, Stopping threads took: 0.0000387 seconds
[2020-01-13T13:06:45.993+0000][1][safepoint    ] Application time: 1.0001482 seconds
[2020-01-13T13:06:45.993+0000][1][safepoint    ] Entering safepoint region: Cleanup
[2020-01-13T13:06:45.993+0000][1][safepoint    ] Leaving safepoint region
[2020-01-13T13:06:45.993+0000][1][safepoint    ] Total time for which application threads were stopped: 0.0001315 seconds, Stopping threads took: 0.0000287 seconds
[2020-01-13T13:06:46.993+0000][1][safepoint    ] Application time: 1.0001582 seconds
[2020-01-13T13:06:46.993+0000][1][safepoint    ] Entering safepoint region: Cleanup
[2020-01-13T13:06:46.993+0000][1][safepoint    ] Leaving safepoint region
[2020-01-13T13:06:46.993+0000][1][safepoint    ] Total time for which application threads were stopped: 0.0001935 seconds, Stopping threads took: 0.0000887 seconds
[2020-01-13T13:06:47.993+0000][1][safepoint    ] Application time: 1.0001322 seconds
[2020-01-13T13:06:47.993+0000][1][safepoint    ] Entering safepoint region: Cleanup
[2020-01-13T13:06:47.994+0000][1][safepoint    ] Leaving safepoint region
[2020-01-13T13:06:47.994+0000][1][safepoint    ] Total time for which application threads were stopped: 0.0001427 seconds, Stopping threads took: 0.0000301 seconds
[2020-01-13T13:06:49.994+0000][1][safepoint    ] Application time: 2.0003026 seconds
[2020-01-13T13:06:49.994+0000][1][safepoint    ] Entering safepoint region: Cleanup
[2020-01-13T13:06:49.994+0000][1][safepoint    ] Leaving safepoint region
[2020-01-13T13:06:49.994+0000][1][safepoint    ] Total time for which application threads were stopped: 0.0001562 seconds, Stopping threads took: 0.0000381 seconds
[2020-01-13T13:06:50.994+0000][1][safepoint    ] Application time: 1.0002296 seconds
[2020-01-13T13:06:50.995+0000][1][safepoint    ] Entering safepoint region: Cleanup
[2020-01-13T13:06:50.995+0000][1][safepoint    ] Leaving safepoint region
[2020-01-13T13:06:50.995+0000][1][safepoint    ] Total time for which application threads were stopped: 0.0001267 seconds, Stopping threads took: 0.0000335 seconds
[2020-01-13T13:06:51.995+0000][1][safepoint    ] Application time: 1.0001832 seconds
[2020-01-13T13:06:51.995+0000][1][safepoint    ] Entering safepoint region: Cleanup
[2020-01-13T13:06:51.995+0000][1][safepoint    ] Leaving safepoint region
[2020-01-13T13:06:51.995+0000][1][safepoint    ] Total time for which application threads were stopped: 0.0001938 seconds, Stopping threads took: 0.0000855 seconds
[2020-01-13T13:06:52.995+0000][1][safepoint    ] Application time: 1.0001231 seconds
[2020-01-13T13:06:52.995+0000][1][safepoint    ] Entering safepoint region: Cleanup
[2020-01-13T13:06:52.995+0000][1][safepoint    ] Leaving safepoint region
[2020-01-13T13:06:52.995+0000][1][safepoint    ] Total time for which application threads were stopped: 0.0001259 seconds, Stopping threads took: 0.0000336 seconds
[2020-01-13T13:06:53.996+0000][1][safepoint    ] Application time: 1.0001501 seconds
[2020-01-13T13:06:53.996+0000][1][safepoint    ] Entering safepoint region: Cleanup
[2020-01-13T13:06:53.996+0000][1][safepoint    ] Leaving safepoint region
[2020-01-13T13:06:53.996+0000][1][safepoint    ] Total time for which application threads were stopped: 0.0001391 seconds, Stopping threads took: 0.0000308 seconds
[2020-01-13T13:06:54.996+0000][1][safepoint    ] Application time: 1.0001743 seconds
[2020-01-13T13:06:54.996+0000][1][safepoint    ] Entering safepoint region: Cleanup
[2020-01-13T13:06:54.996+0000][1][safepoint    ] Leaving safepoint region
[2020-01-13T13:06:54.996+0000][1][safepoint    ] Total time for which application threads were stopped: 0.0001630 seconds, Stopping threads took: 0.0000329 seconds
[2020-01-13T13:06:55.996+0000][1][safepoint    ] Application time: 1.0001800 seconds
[2020-01-13T13:06:55.997+0000][1][safepoint    ] Entering safepoint region: Cleanup
[2020-01-13T13:06:55.997+0000][1][safepoint    ] Leaving safepoint region
[2020-01-13T13:06:55.997+0000][1][safepoint    ] Total time for which application threads were stopped: 0.0001240 seconds, Stopping threads took: 0.0000470 seconds
[2020-01-13T13:06:56.997+0000][1][safepoint    ] Application time: 1.0001244 seconds
[2020-01-13T13:06:56.997+0000][1][safepoint    ] Entering safepoint region: Cleanup
[2020-01-13T13:06:56.997+0000][1][safepoint    ] Leaving safepoint region
[2020-01-13T13:06:56.997+0000][1][safepoint    ] Total time for which application threads were stopped: 0.0001211 seconds, Stopping threads took: 0.0000305 seconds
[2020-01-13T13:06:57.997+0000][1][safepoint    ] Application time: 1.0001739 seconds
[2020-01-13T13:06:57.997+0000][1][safepoint    ] Entering safepoint region: Cleanup
[2020-01-13T13:06:57.997+0000][1][safepoint    ] Leaving safepoint region
[2020-01-13T13:06:57.997+0000][1][safepoint    ] Total time for which application threads were stopped: 0.0001123 seconds, Stopping threads took: 0.0000346 seconds
[2020-01-13T13:06:58.998+0000][1][safepoint    ] Application time: 1.0000978 seconds
[2020-01-13T13:06:58.998+0000][1][safepoint    ] Entering safepoint region: Cleanup
[2020-01-13T13:06:58.998+0000][1][safepoint    ] Leaving safepoint region
[2020-01-13T13:06:58.998+0000][1][safepoint    ] Total time for which application threads were stopped: 0.0001163 seconds, Stopping threads took: 0.0000272 seconds
[2020-01-13T13:06:59.998+0000][1][safepoint    ] Application time: 1.0001578 seconds
[2020-01-13T13:06:59.999+0000][1][safepoint    ] Entering safepoint region: Cleanup
[2020-01-13T13:06:59.999+0000][1][safepoint    ] Leaving safepoint region
[2020-01-13T13:06:59.999+0000][1][safepoint    ] Total time for which application threads were stopped: 0.0001691 seconds, Stopping threads took: 0.0000735 seconds
[2020-01-13T13:07:00.999+0000][1][safepoint    ] Application time: 1.0001296 seconds
[2020-01-13T13:07:00.999+0000][1][safepoint    ] Entering safepoint region: Cleanup
[2020-01-13T13:07:00.999+0000][1][safepoint    ] Leaving safepoint region
[2020-01-13T13:07:00.999+0000][1][safepoint    ] Total time for which application threads were stopped: 0.0001350 seconds, Stopping threads took: 0.0000342 seconds
[2020-01-13T13:07:02.000+0000][1][safepoint    ] Application time: 1.0001599 seconds
[2020-01-13T13:07:02.000+0000][1][safepoint    ] Entering safepoint region: Cleanup
[2020-01-13T13:07:02.000+0000][1][safepoint    ] Leaving safepoint region
[2020-01-13T13:07:02.000+0000][1][safepoint    ] Total time for which application threads were stopped: 0.0001078 seconds, Stopping threads took: 0.0000294 seconds
[2020-01-13T13:07:03.000+0000][1][safepoint    ] Application time: 1.0001706 seconds
[2020-01-13T13:07:03.000+0000][1][safepoint    ] Entering safepoint region: Cleanup
[2020-01-13T13:07:03.000+0000][1][safepoint    ] Leaving safepoint region
[2020-01-13T13:07:03.000+0000][1][safepoint    ] Total time for which application threads were stopped: 0.0001302 seconds, Stopping threads took: 0.0000385 seconds
[2020-01-13T13:07:04.000+0000][1][safepoint    ] Application time: 1.0001573 seconds
[2020-01-13T13:07:04.000+0000][1][safepoint    ] Entering safepoint region: Cleanup
[2020-01-13T13:07:04.001+0000][1][safepoint    ] Leaving safepoint region
[2020-01-13T13:07:04.001+0000][1][safepoint    ] Total time for which application threads were stopped: 0.0001180 seconds, Stopping threads took: 0.0000294 seconds
[2020-01-13T13:07:05.001+0000][1][safepoint    ] Application time: 1.0002417 seconds
[2020-01-13T13:07:05.002+0000][1][safepoint    ] Entering safepoint region: Cleanup
[2020-01-13T13:07:05.002+0000][1][safepoint    ] Leaving safepoint region
[2020-01-13T13:07:05.002+0000][1][safepoint    ] Total time for which application threads were stopped: 0.0001610 seconds, Stopping threads took: 0.0000756 seconds
[2020-01-13T13:07:06.002+0000][1][safepoint    ] Application time: 1.0001915 seconds
[2020-01-13T13:07:06.002+0000][1][safepoint    ] Entering safepoint region: Cleanup
[2020-01-13T13:07:06.003+0000][1][safepoint    ] Leaving safepoint region
[2020-01-13T13:07:06.003+0000][1][safepoint    ] Total time for which application threads were stopped: 0.0001455 seconds, Stopping threads took: 0.0000586 seconds
[2020-01-13T13:07:07.003+0000][1][safepoint    ] Application time: 1.0001513 seconds
[2020-01-13T13:07:07.003+0000][1][safepoint    ] Entering safepoint region: Cleanup
[2020-01-13T13:07:07.003+0000][1][safepoint    ] Leaving safepoint region
[2020-01-13T13:07:07.003+0000][1][safepoint    ] Total time for which application threads were stopped: 0.0001314 seconds, Stopping threads took: 0.0000355 seconds
[2020-01-13T13:07:08.003+0000][1][safepoint    ] Application time: 1.0001664 seconds
[2020-01-13T13:07:08.003+0000][1][safepoint    ] Entering safepoint region: Cleanup
[2020-01-13T13:07:08.003+0000][1][safepoint    ] Leaving safepoint region
[2020-01-13T13:07:08.003+0000][1][safepoint    ] Total time for which application threads were stopped: 0.0001700 seconds, Stopping threads took: 0.0000352 seconds
[2020-01-13T13:07:09.004+0000][1][safepoint    ] Application time: 1.0001306 seconds
[2020-01-13T13:07:09.004+0000][1][safepoint    ] Entering safepoint region: Cleanup
[2020-01-13T13:07:09.004+0000][1][safepoint    ] Leaving safepoint region
[2020-01-13T13:07:09.004+0000][1][safepoint    ] Total time for which application threads were stopped: 0.0001360 seconds, Stopping threads took: 0.0000337 seconds
[2020-01-13T13:07:10.004+0000][1][safepoint    ] Application time: 1.0001520 seconds
[2020-01-13T13:07:10.005+0000][1][safepoint    ] Entering safepoint region: Cleanup
[2020-01-13T13:07:10.005+0000][1][safepoint    ] Leaving safepoint region
[2020-01-13T13:07:10.005+0000][1][safepoint    ] Total time for which application threads were stopped: 0.0001715 seconds, Stopping threads took: 0.0000686 seconds
[2020-01-13T13:07:11.005+0000][1][safepoint    ] Application time: 1.0001298 seconds
[2020-01-13T13:07:11.006+0000][1][safepoint    ] Entering safepoint region: Cleanup
[2020-01-13T13:07:11.006+0000][1][safepoint    ] Leaving safepoint region
[2020-01-13T13:07:11.006+0000][1][safepoint    ] Total time for which application threads were stopped: 0.0001452 seconds, Stopping threads took: 0.0000438 seconds
[2020-01-13T13:07:12.006+0000][1][safepoint    ] Application time: 1.0001433 seconds
[2020-01-13T13:07:12.006+0000][1][safepoint    ] Entering safepoint region: Cleanup
[2020-01-13T13:07:12.006+0000][1][safepoint    ] Leaving safepoint region
[2020-01-13T13:07:12.006+0000][1][safepoint    ] Total time for which application threads were stopped: 0.0001100 seconds, Stopping threads took: 0.0000268 seconds
[2020-01-13T13:07:13.006+0000][1][safepoint    ] Application time: 1.0001550 seconds
[2020-01-13T13:07:13.006+0000][1][safepoint    ] Entering safepoint region: Cleanup
[2020-01-13T13:07:13.006+0000][1][safepoint    ] Leaving safepoint region
[2020-01-13T13:07:13.006+0000][1][safepoint    ] Total time for which application threads were stopped: 0.0001903 seconds, Stopping threads took: 0.0000578 seconds
[2020-01-13T13:07:14.007+0000][1][safepoint    ] Application time: 1.0001589 seconds
[2020-01-13T13:07:14.007+0000][1][safepoint    ] Entering safepoint region: Cleanup
[2020-01-13T13:07:14.007+0000][1][safepoint    ] Leaving safepoint region
[2020-01-13T13:07:14.007+0000][1][safepoint    ] Total time for which application threads were stopped: 0.0001333 seconds, Stopping threads took: 0.0000348 seconds
[2020-01-13T13:07:15.007+0000][1][safepoint    ] Application time: 1.0001392 seconds
[2020-01-13T13:07:15.009+0000][1][safepoint    ] Entering safepoint region: Cleanup
[2020-01-13T13:07:15.009+0000][1][safepoint    ] Leaving safepoint region
[2020-01-13T13:07:15.009+0000][1][safepoint    ] Total time for which application threads were stopped: 0.0001849 seconds, Stopping threads took: 0.0000784 seconds
[2020-01-13T13:07:16.009+0000][1][safepoint    ] Application time: 1.0001684 seconds
[2020-01-13T13:07:16.009+0000][1][safepoint    ] Entering safepoint region: Cleanup
[2020-01-13T13:07:16.009+0000][1][safepoint    ] Leaving safepoint region
[2020-01-13T13:07:16.009+0000][1][safepoint    ] Total time for which application threads were stopped: 0.0001760 seconds, Stopping threads took: 0.0000454 seconds
[2020-01-13T13:07:17.010+0000][1][safepoint    ] Application time: 1.0003036 seconds
[2020-01-13T13:07:17.010+0000][1][safepoint    ] Entering safepoint region: Cleanup
[2020-01-13T13:07:17.010+0000][1][safepoint    ] Leaving safepoint region
[2020-01-13T13:07:17.010+0000][1][safepoint    ] Total time for which application threads were stopped: 0.0001095 seconds, Stopping threads took: 0.0000282 seconds
[2020-01-13T13:07:17.979+0000][1][safepoint    ] Application time: 0.9688203 seconds
[2020-01-13T13:07:17.979+0000][1][safepoint    ] Entering safepoint region: GenCollectForAllocation
[2020-01-13T13:07:17.979+0000][1][gc,start     ] GC(29) Pause Young (Allocation Failure)
[2020-01-13T13:07:17.979+0000][1][gc,task      ] GC(29) Using 1 workers of 1 for evacuation
[2020-01-13T13:07:17.986+0000][1][gc,age       ] GC(29) Desired survivor size 4358144 bytes, new threshold 6 (max threshold 6)
[2020-01-13T13:07:17.986+0000][1][gc,age       ] GC(29) Age table with threshold 6 (max threshold 6)
[2020-01-13T13:07:17.986+0000][1][gc,age       ] GC(29) - age   1:     657072 bytes,     657072 total
[2020-01-13T13:07:17.986+0000][1][gc,age       ] GC(29) - age   2:       8032 bytes,     665104 total
[2020-01-13T13:07:17.986+0000][1][gc,age       ] GC(29) - age   3:       7784 bytes,     672888 total
[2020-01-13T13:07:17.986+0000][1][gc,age       ] GC(29) - age   4:       3872 bytes,     676760 total
[2020-01-13T13:07:17.986+0000][1][gc,age       ] GC(29) - age   5:       4248 bytes,     681008 total
[2020-01-13T13:07:17.986+0000][1][gc,age       ] GC(29) - age   6:      50512 bytes,     731520 total
[2020-01-13T13:07:17.986+0000][1][gc,heap      ] GC(29) ParNew: 71213K->1003K(76672K)
[2020-01-13T13:07:17.986+0000][1][gc,heap      ] GC(29) CMS: 67451K->67635K(176960K)
[2020-01-13T13:07:17.986+0000][1][gc,metaspace ] GC(29) Metaspace: 66056K->66056K(1110016K)
[2020-01-13T13:07:17.986+0000][1][gc           ] GC(29) Pause Young (Allocation Failure) 135M->67M(247M) 6.886ms
[2020-01-13T13:07:17.986+0000][1][gc,cpu       ] GC(29) User=0.01s Sys=0.00s Real=0.01s
[2020-01-13T13:07:17.986+0000][1][safepoint    ] Leaving safepoint region
[2020-01-13T13:07:17.986+0000][1][safepoint    ] Total time for which application threads were stopped: 0.0071019 seconds, Stopping threads took: 0.0000539 seconds
[2020-01-13T13:07:18.990+0000][1][safepoint    ] Application time: 1.0039762 seconds
[2020-01-13T13:07:18.990+0000][1][safepoint    ] Entering safepoint region: Cleanup
[2020-01-13T13:07:18.990+0000][1][safepoint    ] Leaving safepoint region
[2020-01-13T13:07:18.990+0000][1][safepoint    ] Total time for which application threads were stopped: 0.0001201 seconds, Stopping threads took: 0.0000288 seconds
[2020-01-13T13:07:19.990+0000][1][safepoint    ] Application time: 1.0001207 seconds
[2020-01-13T13:07:19.990+0000][1][safepoint    ] Entering safepoint region: Cleanup
[2020-01-13T13:07:19.990+0000][1][safepoint    ] Leaving safepoint region
[2020-01-13T13:07:19.990+0000][1][safepoint    ] Total time for which application threads were stopped: 0.0002292 seconds, Stopping threads took: 0.0001205 seconds
[2020-01-13T13:07:20.991+0000][1][safepoint    ] Application time: 1.0001700 seconds
[2020-01-13T13:07:20.991+0000][1][safepoint    ] Entering safepoint region: Cleanup
[2020-01-13T13:07:20.991+0000][1][safepoint    ] Leaving safepoint region
[2020-01-13T13:07:20.991+0000][1][safepoint    ] Total time for which application threads were stopped: 0.0001351 seconds, Stopping threads took: 0.0000378 seconds
[2020-01-13T13:07:21.991+0000][1][safepoint    ] Application time: 1.0001281 seconds
[2020-01-13T13:07:21.991+0000][1][safepoint    ] Entering safepoint region: Cleanup
[2020-01-13T13:07:21.991+0000][1][safepoint    ] Leaving safepoint region
[2020-01-13T13:07:21.991+0000][1][safepoint    ] Total time for which application threads were stopped: 0.0001084 seconds, Stopping threads took: 0.0000307 seconds
[2020-01-13T13:07:22.991+0000][1][safepoint    ] Application time: 1.0001830 seconds
[2020-01-13T13:07:22.991+0000][1][safepoint    ] Entering safepoint region: Cleanup
[2020-01-13T13:07:22.992+0000][1][safepoint    ] Leaving safepoint region
[2020-01-13T13:07:22.992+0000][1][safepoint    ] Total time for which application threads were stopped: 0.0001697 seconds, Stopping threads took: 0.0000305 seconds
[2020-01-13T13:07:23.992+0000][1][safepoint    ] Application time: 1.0000866 seconds
[2020-01-13T13:07:23.993+0000][1][safepoint    ] Entering safepoint region: Cleanup
[2020-01-13T13:07:23.993+0000][1][safepoint    ] Leaving safepoint region
[2020-01-13T13:07:23.993+0000][1][safepoint    ] Total time for which application threads were stopped: 0.0001411 seconds, Stopping threads took: 0.0000503 seconds
[2020-01-13T13:07:24.993+0000][1][safepoint    ] Application time: 1.0001580 seconds
[2020-01-13T13:07:24.993+0000][1][safepoint    ] Entering safepoint region: Cleanup
[2020-01-13T13:07:24.993+0000][1][safepoint    ] Leaving safepoint region
[2020-01-13T13:07:24.993+0000][1][safepoint    ] Total time for which application threads were stopped: 0.0001565 seconds, Stopping threads took: 0.0000355 seconds
[2020-01-13T13:07:29.994+0000][1][safepoint    ] Application time: 5.0006373 seconds
[2020-01-13T13:07:29.994+0000][1][safepoint    ] Entering safepoint region: Cleanup
[2020-01-13T13:07:29.994+0000][1][safepoint    ] Leaving safepoint region
[2020-01-13T13:07:29.994+0000][1][safepoint    ] Total time for which application threads were stopped: 0.0002632 seconds, Stopping threads took: 0.0000305 seconds
[2020-01-13T13:07:36.995+0000][1][safepoint    ] Application time: 7.0008377 seconds
[2020-01-13T13:07:36.995+0000][1][safepoint    ] Entering safepoint region: Cleanup
[2020-01-13T13:07:36.995+0000][1][safepoint    ] Leaving safepoint region
[2020-01-13T13:07:36.995+0000][1][safepoint    ] Total time for which application threads were stopped: 0.0001029 seconds, Stopping threads took: 0.0000250 seconds
[2020-01-13T13:07:37.995+0000][1][safepoint    ] Application time: 1.0001120 seconds
[2020-01-13T13:07:37.995+0000][1][safepoint    ] Entering safepoint region: Cleanup
[2020-01-13T13:07:37.996+0000][1][safepoint    ] Leaving safepoint region
[2020-01-13T13:07:37.996+0000][1][safepoint    ] Total time for which application threads were stopped: 0.0001261 seconds, Stopping threads took: 0.0000333 seconds
[2020-01-13T13:07:38.996+0000][1][safepoint    ] Application time: 1.0001088 seconds
[2020-01-13T13:07:38.996+0000][1][safepoint    ] Entering safepoint region: Cleanup
[2020-01-13T13:07:38.996+0000][1][safepoint    ] Leaving safepoint region
[2020-01-13T13:07:38.996+0000][1][safepoint    ] Total time for which application threads were stopped: 0.0001287 seconds, Stopping threads took: 0.0000271 seconds
[2020-01-13T13:07:39.996+0000][1][safepoint    ] Application time: 1.0000732 seconds
[2020-01-13T13:07:39.996+0000][1][safepoint    ] Entering safepoint region: Cleanup
[2020-01-13T13:07:39.996+0000][1][safepoint    ] Leaving safepoint region
[2020-01-13T13:07:39.996+0000][1][safepoint    ] Total time for which application threads were stopped: 0.0001052 seconds, Stopping threads took: 0.0000327 seconds
[2020-01-13T13:07:40.996+0000][1][safepoint    ] Application time: 1.0000827 seconds
[2020-01-13T13:07:40.996+0000][1][safepoint    ] Entering safepoint region: Cleanup
[2020-01-13T13:07:40.996+0000][1][safepoint    ] Leaving safepoint region
[2020-01-13T13:07:40.996+0000][1][safepoint    ] Total time for which application threads were stopped: 0.0001205 seconds, Stopping threads took: 0.0000346 seconds
[2020-01-13T13:07:41.997+0000][1][safepoint    ] Application time: 1.0001570 seconds
[2020-01-13T13:07:41.997+0000][1][safepoint    ] Entering safepoint region: Cleanup
[2020-01-13T13:07:41.997+0000][1][safepoint    ] Leaving safepoint region
[2020-01-13T13:07:41.997+0000][1][safepoint    ] Total time for which application threads were stopped: 0.0001948 seconds, Stopping threads took: 0.0000371 seconds
[2020-01-13T13:07:42.997+0000][1][safepoint    ] Application time: 1.0001485 seconds
[2020-01-13T13:07:42.997+0000][1][safepoint    ] Entering safepoint region: Cleanup
[2020-01-13T13:07:42.997+0000][1][safepoint    ] Leaving safepoint region
[2020-01-13T13:07:42.997+0000][1][safepoint    ] Total time for which application threads were stopped: 0.0001403 seconds, Stopping threads took: 0.0000402 seconds
[2020-01-13T13:07:43.997+0000][1][safepoint    ] Application time: 1.0001413 seconds
[2020-01-13T13:07:43.997+0000][1][safepoint    ] Entering safepoint region: Cleanup
[2020-01-13T13:07:43.998+0000][1][safepoint    ] Leaving safepoint region
[2020-01-13T13:07:43.998+0000][1][safepoint    ] Total time for which application threads were stopped: 0.0001183 seconds, Stopping threads took: 0.0000304 seconds
[2020-01-13T13:07:44.998+0000][1][safepoint    ] Application time: 1.0000908 seconds
[2020-01-13T13:07:44.998+0000][1][safepoint    ] Entering safepoint region: Cleanup
[2020-01-13T13:07:44.998+0000][1][safepoint    ] Leaving safepoint region
[2020-01-13T13:07:44.998+0000][1][safepoint    ] Total time for which application threads were stopped: 0.0001089 seconds, Stopping threads took: 0.0000359 seconds
[2020-01-13T13:07:45.998+0000][1][safepoint    ] Application time: 1.0001446 seconds
[2020-01-13T13:07:45.999+0000][1][safepoint    ] Entering safepoint region: Cleanup
[2020-01-13T13:07:45.999+0000][1][safepoint    ] Leaving safepoint region
[2020-01-13T13:07:45.999+0000][1][safepoint    ] Total time for which application threads were stopped: 0.0001257 seconds, Stopping threads took: 0.0000457 seconds
[2020-01-13T13:07:46.999+0000][1][safepoint    ] Application time: 1.0001667 seconds
[2020-01-13T13:07:47.000+0000][1][safepoint    ] Entering safepoint region: Cleanup
[2020-01-13T13:07:47.000+0000][1][safepoint    ] Leaving safepoint region
[2020-01-13T13:07:47.000+0000][1][safepoint    ] Total time for which application threads were stopped: 0.0001465 seconds, Stopping threads took: 0.0000444 seconds
[2020-01-13T13:07:48.000+0000][1][safepoint    ] Application time: 1.0001622 seconds
[2020-01-13T13:07:48.000+0000][1][safepoint    ] Entering safepoint region: Cleanup
[2020-01-13T13:07:48.000+0000][1][safepoint    ] Leaving safepoint region
[2020-01-13T13:07:48.000+0000][1][safepoint    ] Total time for which application threads were stopped: 0.0001005 seconds, Stopping threads took: 0.0000281 seconds
[2020-01-13T13:07:49.000+0000][1][safepoint    ] Application time: 1.0001642 seconds
[2020-01-13T13:07:49.000+0000][1][safepoint    ] Entering safepoint region: Cleanup
[2020-01-13T13:07:49.000+0000][1][safepoint    ] Leaving safepoint region
[2020-01-13T13:07:49.000+0000][1][safepoint    ] Total time for which application threads were stopped: 0.0001232 seconds, Stopping threads took: 0.0000396 seconds
[2020-01-13T13:07:50.001+0000][1][safepoint    ] Application time: 1.0002305 seconds
[2020-01-13T13:07:50.001+0000][1][safepoint    ] Entering safepoint region: Cleanup
[2020-01-13T13:07:50.001+0000][1][safepoint    ] Leaving safepoint region
[2020-01-13T13:07:50.001+0000][1][safepoint    ] Total time for which application threads were stopped: 0.0001086 seconds, Stopping threads took: 0.0000345 seconds
[2020-01-13T13:07:51.001+0000][1][safepoint    ] Application time: 1.0001274 seconds
[2020-01-13T13:07:51.001+0000][1][safepoint    ] Entering safepoint region: Cleanup
[2020-01-13T13:07:51.001+0000][1][safepoint    ] Leaving safepoint region
[2020-01-13T13:07:51.001+0000][1][safepoint    ] Total time for which application threads were stopped: 0.0001129 seconds, Stopping threads took: 0.0000271 seconds
[2020-01-13T13:07:52.001+0000][1][safepoint    ] Application time: 1.0001638 seconds
[2020-01-13T13:07:52.001+0000][1][safepoint    ] Entering safepoint region: Cleanup
[2020-01-13T13:07:52.002+0000][1][safepoint    ] Leaving safepoint region
[2020-01-13T13:07:52.002+0000][1][safepoint    ] Total time for which application threads were stopped: 0.0001429 seconds, Stopping threads took: 0.0000417 seconds
[2020-01-13T13:07:53.002+0000][1][safepoint    ] Application time: 1.0001906 seconds
[2020-01-13T13:07:53.002+0000][1][safepoint    ] Entering safepoint region: Cleanup
[2020-01-13T13:07:53.002+0000][1][safepoint    ] Leaving safepoint region
[2020-01-13T13:07:53.002+0000][1][safepoint    ] Total time for which application threads were stopped: 0.0001182 seconds, Stopping threads took: 0.0000343 seconds
[2020-01-13T13:07:54.002+0000][1][safepoint    ] Application time: 1.0001739 seconds
[2020-01-13T13:07:54.003+0000][1][safepoint    ] Entering safepoint region: Cleanup
[2020-01-13T13:07:54.003+0000][1][safepoint    ] Leaving safepoint region
[2020-01-13T13:07:54.003+0000][1][safepoint    ] Total time for which application threads were stopped: 0.0001379 seconds, Stopping threads took: 0.0000425 seconds
[2020-01-13T13:07:54.985+0000][1][safepoint    ] Application time: 0.9816140 seconds
[2020-01-13T13:07:54.985+0000][1][safepoint    ] Entering safepoint region: GenCollectForAllocation
[2020-01-13T13:07:54.985+0000][1][gc,start     ] GC(30) Pause Young (Allocation Failure)
[2020-01-13T13:07:54.985+0000][1][gc,task      ] GC(30) Using 1 workers of 1 for evacuation
[2020-01-13T13:07:54.993+0000][1][gc,age       ] GC(30) Desired survivor size 4358144 bytes, new threshold 6 (max threshold 6)
[2020-01-13T13:07:54.993+0000][1][gc,age       ] GC(30) Age table with threshold 6 (max threshold 6)
[2020-01-13T13:07:54.993+0000][1][gc,age       ] GC(30) - age   1:     663592 bytes,     663592 total
[2020-01-13T13:07:54.993+0000][1][gc,age       ] GC(30) - age   2:       3912 bytes,     667504 total
[2020-01-13T13:07:54.993+0000][1][gc,age       ] GC(30) - age   3:       7496 bytes,     675000 total
[2020-01-13T13:07:54.993+0000][1][gc,age       ] GC(30) - age   4:       7248 bytes,     682248 total
[2020-01-13T13:07:54.993+0000][1][gc,age       ] GC(30) - age   5:       3872 bytes,     686120 total
[2020-01-13T13:07:54.993+0000][1][gc,age       ] GC(30) - age   6:       4248 bytes,     690368 total
[2020-01-13T13:07:54.993+0000][1][gc,heap      ] GC(30) ParNew: 69163K->786K(76672K)
[2020-01-13T13:07:54.993+0000][1][gc,heap      ] GC(30) CMS: 67635K->67684K(176960K)
[2020-01-13T13:07:54.993+0000][1][gc,metaspace ] GC(30) Metaspace: 66078K->66078K(1110016K)
[2020-01-13T13:07:54.993+0000][1][gc           ] GC(30) Pause Young (Allocation Failure) 133M->66M(247M) 8.038ms
[2020-01-13T13:07:54.993+0000][1][gc,cpu       ] GC(30) User=0.00s Sys=0.00s Real=0.01s
[2020-01-13T13:07:54.993+0000][1][safepoint    ] Leaving safepoint region
[2020-01-13T13:07:54.993+0000][1][safepoint    ] Total time for which application threads were stopped: 0.0083246 seconds, Stopping threads took: 0.0000462 seconds
[2020-01-13T13:07:55.995+0000][1][safepoint    ] Application time: 1.0012738 seconds
[2020-01-13T13:07:55.995+0000][1][safepoint    ] Entering safepoint region: Cleanup
[2020-01-13T13:07:55.995+0000][1][safepoint    ] Leaving safepoint region
[2020-01-13T13:07:55.995+0000][1][safepoint    ] Total time for which application threads were stopped: 0.0001348 seconds, Stopping threads took: 0.0000276 seconds
[2020-01-13T13:07:58.995+0000][1][safepoint    ] Application time: 3.0002928 seconds
[2020-01-13T13:07:58.995+0000][1][safepoint    ] Entering safepoint region: Cleanup
[2020-01-13T13:07:58.995+0000][1][safepoint    ] Leaving safepoint region
[2020-01-13T13:07:58.995+0000][1][safepoint    ] Total time for which application threads were stopped: 0.0000970 seconds, Stopping threads took: 0.0000213 seconds
[2020-01-13T13:07:59.996+0000][1][safepoint    ] Application time: 1.0001315 seconds
[2020-01-13T13:07:59.996+0000][1][safepoint    ] Entering safepoint region: Cleanup
[2020-01-13T13:07:59.996+0000][1][safepoint    ] Leaving safepoint region
[2020-01-13T13:07:59.996+0000][1][safepoint    ] Total time for which application threads were stopped: 0.0001144 seconds, Stopping threads took: 0.0000297 seconds
[2020-01-13T13:08:00.996+0000][1][safepoint    ] Application time: 1.0001198 seconds
[2020-01-13T13:08:00.996+0000][1][safepoint    ] Entering safepoint region: Cleanup
[2020-01-13T13:08:00.996+0000][1][safepoint    ] Leaving safepoint region
[2020-01-13T13:08:00.996+0000][1][safepoint    ] Total time for which application threads were stopped: 0.0001490 seconds, Stopping threads took: 0.0000372 seconds
[2020-01-13T13:08:06.997+0000][1][safepoint    ] Application time: 6.0007194 seconds
[2020-01-13T13:08:06.997+0000][1][safepoint    ] Entering safepoint region: Cleanup
[2020-01-13T13:08:06.997+0000][1][safepoint    ] Leaving safepoint region
[2020-01-13T13:08:06.997+0000][1][safepoint    ] Total time for which application threads were stopped: 0.0001346 seconds, Stopping threads took: 0.0000366 seconds
[2020-01-13T13:08:07.997+0000][1][safepoint    ] Application time: 1.0001142 seconds
[2020-01-13T13:08:07.997+0000][1][safepoint    ] Entering safepoint region: Cleanup
[2020-01-13T13:08:07.997+0000][1][safepoint    ] Leaving safepoint region
[2020-01-13T13:08:07.997+0000][1][safepoint    ] Total time for which application threads were stopped: 0.0000988 seconds, Stopping threads took: 0.0000269 seconds
[2020-01-13T13:08:08.997+0000][1][safepoint    ] Application time: 1.0001278 seconds
[2020-01-13T13:08:08.998+0000][1][safepoint    ] Entering safepoint region: Cleanup
[2020-01-13T13:08:08.998+0000][1][safepoint    ] Leaving safepoint region
[2020-01-13T13:08:08.998+0000][1][safepoint    ] Total time for which application threads were stopped: 0.0001317 seconds, Stopping threads took: 0.0000289 seconds
[2020-01-13T13:08:09.998+0000][1][safepoint    ] Application time: 1.0001432 seconds
[2020-01-13T13:08:09.998+0000][1][safepoint    ] Entering safepoint region: Cleanup
[2020-01-13T13:08:09.998+0000][1][safepoint    ] Leaving safepoint region
[2020-01-13T13:08:09.998+0000][1][safepoint    ] Total time for which application threads were stopped: 0.0001366 seconds, Stopping threads took: 0.0000520 seconds
[2020-01-13T13:08:10.998+0000][1][safepoint    ] Application time: 1.0000880 seconds
[2020-01-13T13:08:10.998+0000][1][safepoint    ] Entering safepoint region: Cleanup
[2020-01-13T13:08:10.998+0000][1][safepoint    ] Leaving safepoint region
[2020-01-13T13:08:10.998+0000][1][safepoint    ] Total time for which application threads were stopped: 0.0001467 seconds, Stopping threads took: 0.0000370 seconds
[2020-01-13T13:08:11.998+0000][1][safepoint    ] Application time: 1.0001428 seconds
[2020-01-13T13:08:11.999+0000][1][safepoint    ] Entering safepoint region: Cleanup
[2020-01-13T13:08:11.999+0000][1][safepoint    ] Leaving safepoint region
[2020-01-13T13:08:11.999+0000][1][safepoint    ] Total time for which application threads were stopped: 0.0001337 seconds, Stopping threads took: 0.0000279 seconds
[2020-01-13T13:08:12.999+0000][1][safepoint    ] Application time: 1.0001296 seconds
[2020-01-13T13:08:12.999+0000][1][safepoint    ] Entering safepoint region: Cleanup
[2020-01-13T13:08:12.999+0000][1][safepoint    ] Leaving safepoint region
[2020-01-13T13:08:12.999+0000][1][safepoint    ] Total time for which application threads were stopped: 0.0001326 seconds, Stopping threads took: 0.0000390 seconds
[2020-01-13T13:08:13.999+0000][1][safepoint    ] Application time: 1.0000913 seconds
[2020-01-13T13:08:13.999+0000][1][safepoint    ] Entering safepoint region: Cleanup
[2020-01-13T13:08:13.999+0000][1][safepoint    ] Leaving safepoint region
[2020-01-13T13:08:13.999+0000][1][safepoint    ] Total time for which application threads were stopped: 0.0000956 seconds, Stopping threads took: 0.0000202 seconds
[2020-01-13T13:08:14.999+0000][1][safepoint    ] Application time: 1.0001425 seconds
[2020-01-13T13:08:15.001+0000][1][safepoint    ] Entering safepoint region: Cleanup
[2020-01-13T13:08:15.001+0000][1][safepoint    ] Leaving safepoint region
[2020-01-13T13:08:15.001+0000][1][safepoint    ] Total time for which application threads were stopped: 0.0001690 seconds, Stopping threads took: 0.0000789 seconds
[2020-01-13T13:08:16.001+0000][1][safepoint    ] Application time: 1.0002659 seconds
[2020-01-13T13:08:16.001+0000][1][safepoint    ] Entering safepoint region: Cleanup
[2020-01-13T13:08:16.001+0000][1][safepoint    ] Leaving safepoint region
[2020-01-13T13:08:16.001+0000][1][safepoint    ] Total time for which application threads were stopped: 0.0001473 seconds, Stopping threads took: 0.0000499 seconds
[2020-01-13T13:08:17.001+0000][1][safepoint    ] Application time: 1.0001720 seconds
[2020-01-13T13:08:17.002+0000][1][safepoint    ] Entering safepoint region: Cleanup
[2020-01-13T13:08:17.002+0000][1][safepoint    ] Leaving safepoint region
[2020-01-13T13:08:17.002+0000][1][safepoint    ] Total time for which application threads were stopped: 0.0001348 seconds, Stopping threads took: 0.0000292 seconds
[2020-01-13T13:08:18.002+0000][1][safepoint    ] Application time: 1.0001513 seconds
[2020-01-13T13:08:18.002+0000][1][safepoint    ] Entering safepoint region: Cleanup
[2020-01-13T13:08:18.002+0000][1][safepoint    ] Leaving safepoint region
[2020-01-13T13:08:18.002+0000][1][safepoint    ] Total time for which application threads were stopped: 0.0001146 seconds, Stopping threads took: 0.0000315 seconds
[2020-01-13T13:08:19.002+0000][1][safepoint    ] Application time: 1.0001427 seconds
[2020-01-13T13:08:19.002+0000][1][safepoint    ] Entering safepoint region: Cleanup
[2020-01-13T13:08:19.002+0000][1][safepoint    ] Leaving safepoint region
[2020-01-13T13:08:19.002+0000][1][safepoint    ] Total time for which application threads were stopped: 0.0001377 seconds, Stopping threads took: 0.0000509 seconds
[2020-01-13T13:08:20.003+0000][1][safepoint    ] Application time: 1.0000761 seconds
[2020-01-13T13:08:20.003+0000][1][safepoint    ] Entering safepoint region: Cleanup
[2020-01-13T13:08:20.003+0000][1][safepoint    ] Leaving safepoint region
[2020-01-13T13:08:20.003+0000][1][safepoint    ] Total time for which application threads were stopped: 0.0000867 seconds, Stopping threads took: 0.0000225 seconds
[2020-01-13T13:08:21.003+0000][1][safepoint    ] Application time: 1.0000984 seconds
[2020-01-13T13:08:21.003+0000][1][safepoint    ] Entering safepoint region: Cleanup
[2020-01-13T13:08:21.003+0000][1][safepoint    ] Leaving safepoint region
[2020-01-13T13:08:21.003+0000][1][safepoint    ] Total time for which application threads were stopped: 0.0001130 seconds, Stopping threads took: 0.0000322 seconds
[2020-01-13T13:08:22.003+0000][1][safepoint    ] Application time: 1.0001380 seconds
[2020-01-13T13:08:22.003+0000][1][safepoint    ] Entering safepoint region: Cleanup
[2020-01-13T13:08:22.003+0000][1][safepoint    ] Leaving safepoint region
[2020-01-13T13:08:22.003+0000][1][safepoint    ] Total time for which application threads were stopped: 0.0001295 seconds, Stopping threads took: 0.0000336 seconds
[2020-01-13T13:08:23.003+0000][1][safepoint    ] Application time: 1.0000820 seconds
[2020-01-13T13:08:23.003+0000][1][safepoint    ] Entering safepoint region: Cleanup
[2020-01-13T13:08:23.003+0000][1][safepoint    ] Leaving safepoint region
[2020-01-13T13:08:23.003+0000][1][safepoint    ] Total time for which application threads were stopped: 0.0000825 seconds, Stopping threads took: 0.0000220 seconds
[2020-01-13T13:08:24.004+0000][1][safepoint    ] Application time: 1.0001426 seconds
[2020-01-13T13:08:24.004+0000][1][safepoint    ] Entering safepoint region: Cleanup
[2020-01-13T13:08:24.004+0000][1][safepoint    ] Leaving safepoint region
[2020-01-13T13:08:24.004+0000][1][safepoint    ] Total time for which application threads were stopped: 0.0001260 seconds, Stopping threads took: 0.0000286 seconds
[2020-01-13T13:08:25.004+0000][1][safepoint    ] Application time: 1.0001674 seconds
[2020-01-13T13:08:25.004+0000][1][safepoint    ] Entering safepoint region: Cleanup
[2020-01-13T13:08:25.004+0000][1][safepoint    ] Leaving safepoint region
[2020-01-13T13:08:25.004+0000][1][safepoint    ] Total time for which application threads were stopped: 0.0001128 seconds, Stopping threads took: 0.0000298 seconds
[2020-01-13T13:08:26.004+0000][1][safepoint    ] Application time: 1.0001026 seconds
[2020-01-13T13:08:26.004+0000][1][safepoint    ] Entering safepoint region: Cleanup
[2020-01-13T13:08:26.005+0000][1][safepoint    ] Leaving safepoint region
[2020-01-13T13:08:26.005+0000][1][safepoint    ] Total time for which application threads were stopped: 0.0001571 seconds, Stopping threads took: 0.0000623 seconds
[2020-01-13T13:08:30.947+0000][1][safepoint    ] Application time: 4.9428188 seconds
[2020-01-13T13:08:30.947+0000][1][safepoint    ] Entering safepoint region: GenCollectForAllocation
[2020-01-13T13:08:30.948+0000][1][gc,start     ] GC(31) Pause Young (Allocation Failure)
[2020-01-13T13:08:30.948+0000][1][gc,task      ] GC(31) Using 1 workers of 1 for evacuation
[2020-01-13T13:08:30.955+0000][1][gc,age       ] GC(31) Desired survivor size 4358144 bytes, new threshold 6 (max threshold 6)
[2020-01-13T13:08:30.955+0000][1][gc,age       ] GC(31) Age table with threshold 6 (max threshold 6)
[2020-01-13T13:08:30.955+0000][1][gc,age       ] GC(31) - age   1:     643992 bytes,     643992 total
[2020-01-13T13:08:30.955+0000][1][gc,age       ] GC(31) - age   2:       4872 bytes,     648864 total
[2020-01-13T13:08:30.955+0000][1][gc,age       ] GC(31) - age   3:       3088 bytes,     651952 total
[2020-01-13T13:08:30.955+0000][1][gc,age       ] GC(31) - age   4:       7496 bytes,     659448 total
[2020-01-13T13:08:30.955+0000][1][gc,age       ] GC(31) - age   5:       7248 bytes,     666696 total
[2020-01-13T13:08:30.955+0000][1][gc,age       ] GC(31) - age   6:       3872 bytes,     670568 total
[2020-01-13T13:08:30.955+0000][1][gc,heap      ] GC(31) ParNew: 68894K->702K(76672K)
[2020-01-13T13:08:30.955+0000][1][gc,heap      ] GC(31) CMS: 67684K->67688K(176960K)
[2020-01-13T13:08:30.955+0000][1][gc,metaspace ] GC(31) Metaspace: 66097K->66097K(1110016K)
[2020-01-13T13:08:30.955+0000][1][gc           ] GC(31) Pause Young (Allocation Failure) 133M->66M(247M) 7.251ms
[2020-01-13T13:08:30.955+0000][1][gc,cpu       ] GC(31) User=0.00s Sys=0.00s Real=0.01s
[2020-01-13T13:08:30.955+0000][1][safepoint    ] Leaving safepoint region
[2020-01-13T13:08:30.955+0000][1][safepoint    ] Total time for which application threads were stopped: 0.0075928 seconds, Stopping threads took: 0.0000575 seconds
[2020-01-13T13:08:31.956+0000][1][safepoint    ] Application time: 1.0008575 seconds
[2020-01-13T13:08:31.956+0000][1][safepoint    ] Entering safepoint region: Cleanup
[2020-01-13T13:08:31.956+0000][1][safepoint    ] Leaving safepoint region
[2020-01-13T13:08:31.956+0000][1][safepoint    ] Total time for which application threads were stopped: 0.0001103 seconds, Stopping threads took: 0.0000290 seconds
[2020-01-13T13:08:42.957+0000][1][safepoint    ] Application time: 11.0013402 seconds
[2020-01-13T13:08:42.958+0000][1][safepoint    ] Entering safepoint region: Cleanup
[2020-01-13T13:08:42.958+0000][1][safepoint    ] Leaving safepoint region
[2020-01-13T13:08:42.958+0000][1][safepoint    ] Total time for which application threads were stopped: 0.0001628 seconds, Stopping threads took: 0.0000348 seconds
[2020-01-13T13:08:44.958+0000][1][safepoint    ] Application time: 2.0002269 seconds
[2020-01-13T13:08:44.958+0000][1][safepoint    ] Entering safepoint region: Cleanup
[2020-01-13T13:08:44.958+0000][1][safepoint    ] Leaving safepoint region
[2020-01-13T13:08:44.958+0000][1][safepoint    ] Total time for which application threads were stopped: 0.0001253 seconds, Stopping threads took: 0.0000303 seconds
[2020-01-13T13:08:45.958+0000][1][safepoint    ] Application time: 1.0001368 seconds
[2020-01-13T13:08:45.958+0000][1][safepoint    ] Entering safepoint region: Cleanup
[2020-01-13T13:08:45.958+0000][1][safepoint    ] Leaving safepoint region
[2020-01-13T13:08:45.958+0000][1][safepoint    ] Total time for which application threads were stopped: 0.0001108 seconds, Stopping threads took: 0.0000267 seconds
[2020-01-13T13:08:46.959+0000][1][safepoint    ] Application time: 1.0001241 seconds
[2020-01-13T13:08:46.959+0000][1][safepoint    ] Entering safepoint region: Cleanup
[2020-01-13T13:08:46.959+0000][1][safepoint    ] Leaving safepoint region
[2020-01-13T13:08:46.959+0000][1][safepoint    ] Total time for which application threads were stopped: 0.0001487 seconds, Stopping threads took: 0.0000384 seconds
[2020-01-13T13:08:48.959+0000][1][safepoint    ] Application time: 2.0002451 seconds
[2020-01-13T13:08:48.959+0000][1][safepoint    ] Entering safepoint region: Cleanup
[2020-01-13T13:08:48.959+0000][1][safepoint    ] Leaving safepoint region
[2020-01-13T13:08:48.959+0000][1][safepoint    ] Total time for which application threads were stopped: 0.0001066 seconds, Stopping threads took: 0.0000282 seconds
[2020-01-13T13:08:49.959+0000][1][safepoint    ] Application time: 1.0001379 seconds
[2020-01-13T13:08:49.959+0000][1][safepoint    ] Entering safepoint region: Cleanup
[2020-01-13T13:08:49.960+0000][1][safepoint    ] Leaving safepoint region
[2020-01-13T13:08:49.960+0000][1][safepoint    ] Total time for which application threads were stopped: 0.0001528 seconds, Stopping threads took: 0.0000416 seconds
[2020-01-13T13:08:50.960+0000][1][safepoint    ] Application time: 1.0004273 seconds
[2020-01-13T13:08:50.960+0000][1][safepoint    ] Entering safepoint region: Cleanup
[2020-01-13T13:08:50.960+0000][1][safepoint    ] Leaving safepoint region
[2020-01-13T13:08:50.960+0000][1][safepoint    ] Total time for which application threads were stopped: 0.0001336 seconds, Stopping threads took: 0.0000340 seconds
[2020-01-13T13:08:51.960+0000][1][safepoint    ] Application time: 1.0001019 seconds
[2020-01-13T13:08:51.960+0000][1][safepoint    ] Entering safepoint region: Cleanup
[2020-01-13T13:08:51.961+0000][1][safepoint    ] Leaving safepoint region
[2020-01-13T13:08:51.961+0000][1][safepoint    ] Total time for which application threads were stopped: 0.0000896 seconds, Stopping threads took: 0.0000204 seconds
[2020-01-13T13:08:52.961+0000][1][safepoint    ] Application time: 1.0001308 seconds
[2020-01-13T13:08:52.961+0000][1][safepoint    ] Entering safepoint region: Cleanup
[2020-01-13T13:08:52.961+0000][1][safepoint    ] Leaving safepoint region
[2020-01-13T13:08:52.961+0000][1][safepoint    ] Total time for which application threads were stopped: 0.0001694 seconds, Stopping threads took: 0.0000343 seconds
[2020-01-13T13:08:53.961+0000][1][safepoint    ] Application time: 1.0001518 seconds
[2020-01-13T13:08:53.962+0000][1][safepoint    ] Entering safepoint region: Cleanup
[2020-01-13T13:08:53.962+0000][1][safepoint    ] Leaving safepoint region
[2020-01-13T13:08:53.962+0000][1][safepoint    ] Total time for which application threads were stopped: 0.0001428 seconds, Stopping threads took: 0.0000490 seconds
[2020-01-13T13:08:54.962+0000][1][safepoint    ] Application time: 1.0001224 seconds
[2020-01-13T13:08:54.962+0000][1][safepoint    ] Entering safepoint region: Cleanup
[2020-01-13T13:08:54.962+0000][1][safepoint    ] Leaving safepoint region
[2020-01-13T13:08:54.962+0000][1][safepoint    ] Total time for which application threads were stopped: 0.0001382 seconds, Stopping threads took: 0.0000445 seconds
[2020-01-13T13:08:55.963+0000][1][safepoint    ] Application time: 1.0001226 seconds
[2020-01-13T13:08:55.963+0000][1][safepoint    ] Entering safepoint region: Cleanup
[2020-01-13T13:08:55.963+0000][1][safepoint    ] Leaving safepoint region
[2020-01-13T13:08:55.963+0000][1][safepoint    ] Total time for which application threads were stopped: 0.0001070 seconds, Stopping threads took: 0.0000279 seconds
[2020-01-13T13:08:56.963+0000][1][safepoint    ] Application time: 1.0001256 seconds
[2020-01-13T13:08:56.963+0000][1][safepoint    ] Entering safepoint region: Cleanup
[2020-01-13T13:08:56.963+0000][1][safepoint    ] Leaving safepoint region
[2020-01-13T13:08:56.963+0000][1][safepoint    ] Total time for which application threads were stopped: 0.0001077 seconds, Stopping threads took: 0.0000295 seconds
[2020-01-13T13:08:57.963+0000][1][safepoint    ] Application time: 1.0000970 seconds
[2020-01-13T13:08:57.963+0000][1][safepoint    ] Entering safepoint region: Cleanup
[2020-01-13T13:08:57.963+0000][1][safepoint    ] Leaving safepoint region
[2020-01-13T13:08:57.963+0000][1][safepoint    ] Total time for which application threads were stopped: 0.0001375 seconds, Stopping threads took: 0.0000297 seconds
[2020-01-13T13:08:58.964+0000][1][safepoint    ] Application time: 1.0001155 seconds
[2020-01-13T13:08:58.965+0000][1][safepoint    ] Entering safepoint region: Cleanup
[2020-01-13T13:08:58.965+0000][1][safepoint    ] Leaving safepoint region
[2020-01-13T13:08:58.965+0000][1][safepoint    ] Total time for which application threads were stopped: 0.0002196 seconds, Stopping threads took: 0.0001275 seconds
[2020-01-13T13:08:59.965+0000][1][safepoint    ] Application time: 1.0001411 seconds
[2020-01-13T13:08:59.965+0000][1][safepoint    ] Entering safepoint region: Cleanup
[2020-01-13T13:08:59.965+0000][1][safepoint    ] Leaving safepoint region
[2020-01-13T13:08:59.965+0000][1][safepoint    ] Total time for which application threads were stopped: 0.0001359 seconds, Stopping threads took: 0.0000322 seconds
[2020-01-13T13:09:00.965+0000][1][safepoint    ] Application time: 1.0001664 seconds
[2020-01-13T13:09:00.966+0000][1][safepoint    ] Entering safepoint region: Cleanup
[2020-01-13T13:09:00.966+0000][1][safepoint    ] Leaving safepoint region
[2020-01-13T13:09:00.966+0000][1][safepoint    ] Total time for which application threads were stopped: 0.0001385 seconds, Stopping threads took: 0.0000399 seconds
[2020-01-13T13:09:01.966+0000][1][safepoint    ] Application time: 1.0001347 seconds
[2020-01-13T13:09:01.966+0000][1][safepoint    ] Entering safepoint region: Cleanup
[2020-01-13T13:09:01.966+0000][1][safepoint    ] Leaving safepoint region
[2020-01-13T13:09:01.966+0000][1][safepoint    ] Total time for which application threads were stopped: 0.0001212 seconds, Stopping threads took: 0.0000262 seconds
[2020-01-13T13:09:02.966+0000][1][safepoint    ] Application time: 1.0001460 seconds
[2020-01-13T13:09:02.966+0000][1][safepoint    ] Entering safepoint region: Cleanup
[2020-01-13T13:09:02.966+0000][1][safepoint    ] Leaving safepoint region
[2020-01-13T13:09:02.966+0000][1][safepoint    ] Total time for which application threads were stopped: 0.0001405 seconds, Stopping threads took: 0.0000282 seconds
[2020-01-13T13:09:03.967+0000][1][safepoint    ] Application time: 1.0001847 seconds
[2020-01-13T13:09:03.968+0000][1][safepoint    ] Entering safepoint region: Cleanup
[2020-01-13T13:09:03.968+0000][1][safepoint    ] Leaving safepoint region
[2020-01-13T13:09:03.968+0000][1][safepoint    ] Total time for which application threads were stopped: 0.0001784 seconds, Stopping threads took: 0.0000875 seconds
[2020-01-13T13:09:04.968+0000][1][safepoint    ] Application time: 1.0001280 seconds
[2020-01-13T13:09:04.968+0000][1][safepoint    ] Entering safepoint region: Cleanup
[2020-01-13T13:09:04.968+0000][1][safepoint    ] Leaving safepoint region
[2020-01-13T13:09:04.968+0000][1][safepoint    ] Total time for which application threads were stopped: 0.0001476 seconds, Stopping threads took: 0.0000387 seconds
[2020-01-13T13:09:05.968+0000][1][safepoint    ] Application time: 1.0001704 seconds
[2020-01-13T13:09:05.968+0000][1][safepoint    ] Entering safepoint region: Cleanup
[2020-01-13T13:09:05.969+0000][1][safepoint    ] Leaving safepoint region
[2020-01-13T13:09:05.969+0000][1][safepoint    ] Total time for which application threads were stopped: 0.0001314 seconds, Stopping threads took: 0.0000293 seconds
[2020-01-13T13:09:06.969+0000][1][safepoint    ] Application time: 1.0001221 seconds
[2020-01-13T13:09:06.969+0000][1][safepoint    ] Entering safepoint region: Cleanup
[2020-01-13T13:09:06.969+0000][1][safepoint    ] Leaving safepoint region
[2020-01-13T13:09:06.969+0000][1][safepoint    ] Total time for which application threads were stopped: 0.0001314 seconds, Stopping threads took: 0.0000345 seconds
[2020-01-13T13:09:07.007+0000][1][safepoint    ] Application time: 0.0378124 seconds
[2020-01-13T13:09:07.007+0000][1][safepoint    ] Entering safepoint region: GenCollectForAllocation
[2020-01-13T13:09:07.007+0000][1][gc,start     ] GC(32) Pause Young (Allocation Failure)
[2020-01-13T13:09:07.007+0000][1][gc,task      ] GC(32) Using 1 workers of 1 for evacuation
[2020-01-13T13:09:07.014+0000][1][gc,age       ] GC(32) Desired survivor size 4358144 bytes, new threshold 6 (max threshold 6)
[2020-01-13T13:09:07.014+0000][1][gc,age       ] GC(32) Age table with threshold 6 (max threshold 6)
[2020-01-13T13:09:07.014+0000][1][gc,age       ] GC(32) - age   1:     662432 bytes,     662432 total
[2020-01-13T13:09:07.014+0000][1][gc,age       ] GC(32) - age   2:       4984 bytes,     667416 total
[2020-01-13T13:09:07.014+0000][1][gc,age       ] GC(32) - age   3:       3800 bytes,     671216 total
[2020-01-13T13:09:07.014+0000][1][gc,age       ] GC(32) - age   4:       3088 bytes,     674304 total
[2020-01-13T13:09:07.014+0000][1][gc,age       ] GC(32) - age   5:       7496 bytes,     681800 total
[2020-01-13T13:09:07.014+0000][1][gc,age       ] GC(32) - age   6:       7248 bytes,     689048 total
[2020-01-13T13:09:07.014+0000][1][gc,heap      ] GC(32) ParNew: 68862K->1333K(76672K)
[2020-01-13T13:09:07.014+0000][1][gc,heap      ] GC(32) CMS: 67688K->67692K(176960K)
[2020-01-13T13:09:07.014+0000][1][gc,metaspace ] GC(32) Metaspace: 66125K->66125K(1110016K)
[2020-01-13T13:09:07.014+0000][1][gc           ] GC(32) Pause Young (Allocation Failure) 133M->67M(247M) 6.763ms
[2020-01-13T13:09:07.014+0000][1][gc,cpu       ] GC(32) User=0.01s Sys=0.00s Real=0.01s
[2020-01-13T13:09:07.014+0000][1][safepoint    ] Leaving safepoint region
[2020-01-13T13:09:07.014+0000][1][safepoint    ] Total time for which application threads were stopped: 0.0069891 seconds, Stopping threads took: 0.0000469 seconds
[2020-01-13T13:09:08.014+0000][1][safepoint    ] Application time: 1.0004811 seconds
[2020-01-13T13:09:08.014+0000][1][safepoint    ] Entering safepoint region: Cleanup
[2020-01-13T13:09:08.014+0000][1][safepoint    ] Leaving safepoint region
[2020-01-13T13:09:08.014+0000][1][safepoint    ] Total time for which application threads were stopped: 0.0001276 seconds, Stopping threads took: 0.0000278 seconds
[2020-01-13T13:09:09.015+0000][1][safepoint    ] Application time: 1.0001720 seconds
[2020-01-13T13:09:09.016+0000][1][safepoint    ] Entering safepoint region: Cleanup
[2020-01-13T13:09:09.016+0000][1][safepoint    ] Leaving safepoint region
[2020-01-13T13:09:09.016+0000][1][safepoint    ] Total time for which application threads were stopped: 0.0001629 seconds, Stopping threads took: 0.0000779 seconds
[2020-01-13T13:09:10.016+0000][1][safepoint    ] Application time: 1.0001239 seconds
[2020-01-13T13:09:10.016+0000][1][safepoint    ] Entering safepoint region: Cleanup
[2020-01-13T13:09:10.016+0000][1][safepoint    ] Leaving safepoint region
[2020-01-13T13:09:10.016+0000][1][safepoint    ] Total time for which application threads were stopped: 0.0000986 seconds, Stopping threads took: 0.0000230 seconds
[2020-01-13T13:09:11.016+0000][1][safepoint    ] Application time: 1.0001043 seconds
[2020-01-13T13:09:11.016+0000][1][safepoint    ] Entering safepoint region: Cleanup
[2020-01-13T13:09:11.016+0000][1][safepoint    ] Leaving safepoint region
[2020-01-13T13:09:11.016+0000][1][safepoint    ] Total time for which application threads were stopped: 0.0001021 seconds, Stopping threads took: 0.0000222 seconds
[2020-01-13T13:09:12.016+0000][1][safepoint    ] Application time: 1.0001152 seconds
[2020-01-13T13:09:12.016+0000][1][safepoint    ] Entering safepoint region: Cleanup
[2020-01-13T13:09:12.016+0000][1][safepoint    ] Leaving safepoint region
[2020-01-13T13:09:12.017+0000][1][safepoint    ] Total time for which application threads were stopped: 0.0000851 seconds, Stopping threads took: 0.0000223 seconds
[2020-01-13T13:09:13.017+0000][1][safepoint    ] Application time: 1.0001097 seconds
[2020-01-13T13:09:13.017+0000][1][safepoint    ] Entering safepoint region: Cleanup
[2020-01-13T13:09:13.017+0000][1][safepoint    ] Leaving safepoint region
[2020-01-13T13:09:13.017+0000][1][safepoint    ] Total time for which application threads were stopped: 0.0000859 seconds, Stopping threads took: 0.0000207 seconds
[2020-01-13T13:09:14.017+0000][1][safepoint    ] Application time: 1.0000816 seconds
[2020-01-13T13:09:14.017+0000][1][safepoint    ] Entering safepoint region: Cleanup
[2020-01-13T13:09:14.017+0000][1][safepoint    ] Leaving safepoint region
[2020-01-13T13:09:14.017+0000][1][safepoint    ] Total time for which application threads were stopped: 0.0001476 seconds, Stopping threads took: 0.0000466 seconds
[2020-01-13T13:09:15.017+0000][1][safepoint    ] Application time: 1.0001187 seconds
[2020-01-13T13:09:15.017+0000][1][safepoint    ] Entering safepoint region: Cleanup
[2020-01-13T13:09:15.017+0000][1][safepoint    ] Leaving safepoint region
[2020-01-13T13:09:15.017+0000][1][safepoint    ] Total time for which application threads were stopped: 0.0001375 seconds, Stopping threads took: 0.0000690 seconds
[2020-01-13T13:09:16.018+0000][1][safepoint    ] Application time: 1.0000924 seconds
[2020-01-13T13:09:16.018+0000][1][safepoint    ] Entering safepoint region: Cleanup
[2020-01-13T13:09:16.018+0000][1][safepoint    ] Leaving safepoint region
[2020-01-13T13:09:16.018+0000][1][safepoint    ] Total time for which application threads were stopped: 0.0001266 seconds, Stopping threads took: 0.0000303 seconds
[2020-01-13T13:09:17.018+0000][1][safepoint    ] Application time: 1.0001627 seconds
[2020-01-13T13:09:17.018+0000][1][safepoint    ] Entering safepoint region: Cleanup
[2020-01-13T13:09:17.018+0000][1][safepoint    ] Leaving safepoint region
[2020-01-13T13:09:17.018+0000][1][safepoint    ] Total time for which application threads were stopped: 0.0001555 seconds, Stopping threads took: 0.0000407 seconds
[2020-01-13T13:09:18.019+0000][1][safepoint    ] Application time: 1.0001008 seconds
[2020-01-13T13:09:18.019+0000][1][safepoint    ] Entering safepoint region: Cleanup
[2020-01-13T13:09:18.019+0000][1][safepoint    ] Leaving safepoint region
[2020-01-13T13:09:18.019+0000][1][safepoint    ] Total time for which application threads were stopped: 0.0000904 seconds, Stopping threads took: 0.0000232 seconds
[2020-01-13T13:09:19.019+0000][1][safepoint    ] Application time: 1.0001123 seconds
[2020-01-13T13:09:19.019+0000][1][safepoint    ] Entering safepoint region: Cleanup
[2020-01-13T13:09:19.019+0000][1][safepoint    ] Leaving safepoint region
[2020-01-13T13:09:19.019+0000][1][safepoint    ] Total time for which application threads were stopped: 0.0001154 seconds, Stopping threads took: 0.0000421 seconds
[2020-01-13T13:09:20.019+0000][1][safepoint    ] Application time: 1.0001444 seconds
[2020-01-13T13:09:20.019+0000][1][safepoint    ] Entering safepoint region: Cleanup
[2020-01-13T13:09:20.019+0000][1][safepoint    ] Leaving safepoint region
[2020-01-13T13:09:20.019+0000][1][safepoint    ] Total time for which application threads were stopped: 0.0001450 seconds, Stopping threads took: 0.0000296 seconds
[2020-01-13T13:09:20.967+0000][1][safepoint    ] Application time: 0.9480762 seconds
[2020-01-13T13:09:20.967+0000][1][safepoint    ] Entering safepoint region: RevokeBias
[2020-01-13T13:09:20.968+0000][1][safepoint    ] Leaving safepoint region
[2020-01-13T13:09:20.968+0000][1][safepoint    ] Total time for which application threads were stopped: 0.0000985 seconds, Stopping threads took: 0.0000267 seconds
[2020-01-13T13:09:20.968+0000][1][safepoint    ] Application time: 0.0000757 seconds
[2020-01-13T13:09:20.968+0000][1][safepoint    ] Entering safepoint region: RevokeBias
[2020-01-13T13:09:20.968+0000][1][safepoint    ] Leaving safepoint region
[2020-01-13T13:09:20.968+0000][1][safepoint    ] Total time for which application threads were stopped: 0.0000315 seconds, Stopping threads took: 0.0000138 seconds
[2020-01-13T13:09:20.973+0000][1][safepoint    ] Application time: 0.0048759 seconds
[2020-01-13T13:09:20.975+0000][1][safepoint    ] Entering safepoint region: RevokeBias
[2020-01-13T13:09:20.975+0000][1][safepoint    ] Leaving safepoint region
[2020-01-13T13:09:20.975+0000][1][safepoint    ] Total time for which application threads were stopped: 0.0021344 seconds, Stopping threads took: 0.0020429 seconds
[2020-01-13T13:09:20.977+0000][1][safepoint    ] Application time: 0.0017467 seconds
[2020-01-13T13:09:20.978+0000][1][safepoint    ] Entering safepoint region: RevokeBias
[2020-01-13T13:09:20.978+0000][1][safepoint    ] Leaving safepoint region
[2020-01-13T13:09:20.978+0000][1][safepoint    ] Total time for which application threads were stopped: 0.0015479 seconds, Stopping threads took: 0.0014196 seconds
[2020-01-13T13:09:20.979+0000][1][safepoint    ] Application time: 0.0007851 seconds
[2020-01-13T13:09:20.979+0000][1][safepoint    ] Entering safepoint region: RevokeBias
[2020-01-13T13:09:20.979+0000][1][safepoint    ] Leaving safepoint region
[2020-01-13T13:09:20.979+0000][1][safepoint    ] Total time for which application threads were stopped: 0.0000707 seconds, Stopping threads took: 0.0000142 seconds
[2020-01-13T13:09:20.981+0000][1][safepoint    ] Application time: 0.0021402 seconds
[2020-01-13T13:09:20.982+0000][1][safepoint    ] Entering safepoint region: RevokeBias
[2020-01-13T13:09:20.982+0000][1][safepoint    ] Leaving safepoint region
[2020-01-13T13:09:20.982+0000][1][safepoint    ] Total time for which application threads were stopped: 0.0013268 seconds, Stopping threads took: 0.0012505 seconds
[2020-01-13T13:09:20.983+0000][1][safepoint    ] Application time: 0.0005110 seconds
[2020-01-13T13:09:20.983+0000][1][safepoint    ] Entering safepoint region: RevokeBias
[2020-01-13T13:09:20.983+0000][1][safepoint    ] Leaving safepoint region
[2020-01-13T13:09:20.983+0000][1][safepoint    ] Total time for which application threads were stopped: 0.0000669 seconds, Stopping threads took: 0.0000140 seconds
[2020-01-13T13:09:20.983+0000][1][safepoint    ] Application time: 0.0001588 seconds
[2020-01-13T13:09:20.983+0000][1][safepoint    ] Entering safepoint region: RevokeBias
[2020-01-13T13:09:20.983+0000][1][safepoint    ] Leaving safepoint region
[2020-01-13T13:09:20.983+0000][1][safepoint    ] Total time for which application threads were stopped: 0.0000823 seconds, Stopping threads took: 0.0000099 seconds
[2020-01-13T13:09:20.986+0000][1][safepoint    ] Application time: 0.0026003 seconds
[2020-01-13T13:09:20.986+0000][1][safepoint    ] Entering safepoint region: RevokeBias
[2020-01-13T13:09:20.986+0000][1][safepoint    ] Leaving safepoint region
[2020-01-13T13:09:20.986+0000][1][safepoint    ] Total time for which application threads were stopped: 0.0001328 seconds, Stopping threads took: 0.0000632 seconds
[2020-01-13T13:09:20.989+0000][1][safepoint    ] Application time: 0.0029894 seconds
[2020-01-13T13:09:20.989+0000][1][safepoint    ] Entering safepoint region: RevokeBias
[2020-01-13T13:09:20.989+0000][1][safepoint    ] Leaving safepoint region
[2020-01-13T13:09:20.989+0000][1][safepoint    ] Total time for which application threads were stopped: 0.0001148 seconds, Stopping threads took: 0.0000483 seconds
[2020-01-13T13:09:21.110+0000][1][safepoint    ] Application time: 0.1203798 seconds
[2020-01-13T13:09:21.110+0000][1][safepoint    ] Entering safepoint region: RevokeBias
[2020-01-13T13:09:21.110+0000][1][safepoint    ] Leaving safepoint region
[2020-01-13T13:09:21.110+0000][1][safepoint    ] Total time for which application threads were stopped: 0.0001156 seconds, Stopping threads took: 0.0000281 seconds
[2020-01-13T13:09:21.110+0000][1][safepoint    ] Application time: 0.0006583 seconds
[2020-01-13T13:09:21.111+0000][1][safepoint    ] Entering safepoint region: RevokeBias
[2020-01-13T13:09:21.111+0000][1][safepoint    ] Leaving safepoint region
[2020-01-13T13:09:21.111+0000][1][safepoint    ] Total time for which application threads were stopped: 0.0000671 seconds, Stopping threads took: 0.0000129 seconds
[2020-01-13T13:09:21.111+0000][1][safepoint    ] Application time: 0.0000385 seconds
[2020-01-13T13:09:21.111+0000][1][safepoint    ] Entering safepoint region: RevokeBias
[2020-01-13T13:09:21.111+0000][1][safepoint    ] Leaving safepoint region
[2020-01-13T13:09:21.111+0000][1][safepoint    ] Total time for which application threads were stopped: 0.0000212 seconds, Stopping threads took: 0.0000061 seconds
[2020-01-13T13:09:21.111+0000][1][safepoint    ] Application time: 0.0001636 seconds
[2020-01-13T13:09:21.111+0000][1][safepoint    ] Entering safepoint region: RevokeBias
[2020-01-13T13:09:21.111+0000][1][safepoint    ] Leaving safepoint region
[2020-01-13T13:09:21.111+0000][1][safepoint    ] Total time for which application threads were stopped: 0.0000412 seconds, Stopping threads took: 0.0000170 seconds
[2020-01-13T13:09:21.114+0000][1][safepoint    ] Application time: 0.0035372 seconds
[2020-01-13T13:09:21.114+0000][1][safepoint    ] Entering safepoint region: RevokeBias
[2020-01-13T13:09:21.115+0000][1][safepoint    ] Leaving safepoint region
[2020-01-13T13:09:21.115+0000][1][safepoint    ] Total time for which application threads were stopped: 0.0001085 seconds, Stopping threads took: 0.0000362 seconds
[2020-01-13T13:09:21.123+0000][1][safepoint    ] Application time: 0.0081163 seconds
[2020-01-13T13:09:21.123+0000][1][safepoint    ] Entering safepoint region: RevokeBias
[2020-01-13T13:09:21.123+0000][1][safepoint    ] Leaving safepoint region
[2020-01-13T13:09:21.123+0000][1][safepoint    ] Total time for which application threads were stopped: 0.0001047 seconds, Stopping threads took: 0.0000299 seconds
[2020-01-13T13:09:21.140+0000][1][safepoint    ] Application time: 0.0173130 seconds
[2020-01-13T13:09:21.140+0000][1][safepoint    ] Entering safepoint region: RevokeBias
[2020-01-13T13:09:21.140+0000][1][safepoint    ] Leaving safepoint region
[2020-01-13T13:09:21.140+0000][1][safepoint    ] Total time for which application threads were stopped: 0.0002233 seconds, Stopping threads took: 0.0000376 seconds
[2020-01-13T13:09:21.144+0000][1][safepoint    ] Application time: 0.0034918 seconds
[2020-01-13T13:09:21.144+0000][1][safepoint    ] Entering safepoint region: RevokeBias
[2020-01-13T13:09:21.144+0000][1][safepoint    ] Leaving safepoint region
[2020-01-13T13:09:21.144+0000][1][safepoint    ] Total time for which application threads were stopped: 0.0001312 seconds, Stopping threads took: 0.0000459 seconds
[2020-01-13T13:09:21.144+0000][1][safepoint    ] Application time: 0.0000769 seconds
[2020-01-13T13:09:21.144+0000][1][safepoint    ] Entering safepoint region: RevokeBias
[2020-01-13T13:09:21.144+0000][1][safepoint    ] Leaving safepoint region
[2020-01-13T13:09:21.144+0000][1][safepoint    ] Total time for which application threads were stopped: 0.0000607 seconds, Stopping threads took: 0.0000199 seconds
[2020-01-13T13:09:21.147+0000][1][safepoint    ] Application time: 0.0022567 seconds
[2020-01-13T13:09:21.147+0000][1][safepoint    ] Entering safepoint region: RevokeBias
[2020-01-13T13:09:21.147+0000][1][safepoint    ] Leaving safepoint region
[2020-01-13T13:09:21.147+0000][1][safepoint    ] Total time for which application threads were stopped: 0.0001141 seconds, Stopping threads took: 0.0000381 seconds
[2020-01-13T13:09:21.151+0000][1][safepoint    ] Application time: 0.0038399 seconds
[2020-01-13T13:09:21.151+0000][1][safepoint    ] Entering safepoint region: RevokeBias
[2020-01-13T13:09:21.151+0000][1][safepoint    ] Leaving safepoint region
[2020-01-13T13:09:21.151+0000][1][safepoint    ] Total time for which application threads were stopped: 0.0002655 seconds, Stopping threads took: 0.0002156 seconds
[2020-01-13T13:09:21.151+0000][1][safepoint    ] Application time: 0.0006305 seconds
[2020-01-13T13:09:21.152+0000][1][safepoint    ] Entering safepoint region: RevokeBias
[2020-01-13T13:09:21.152+0000][1][safepoint    ] Leaving safepoint region
[2020-01-13T13:09:21.152+0000][1][safepoint    ] Total time for which application threads were stopped: 0.0000572 seconds, Stopping threads took: 0.0000181 seconds
[2020-01-13T13:09:21.152+0000][1][safepoint    ] Application time: 0.0003283 seconds
[2020-01-13T13:09:21.152+0000][1][safepoint    ] Entering safepoint region: RevokeBias
[2020-01-13T13:09:21.152+0000][1][safepoint    ] Leaving safepoint region
[2020-01-13T13:09:21.152+0000][1][safepoint    ] Total time for which application threads were stopped: 0.0000372 seconds, Stopping threads took: 0.0000158 seconds
[2020-01-13T13:09:21.156+0000][1][safepoint    ] Application time: 0.0038826 seconds
[2020-01-13T13:09:21.156+0000][1][safepoint    ] Entering safepoint region: RevokeBias
[2020-01-13T13:09:21.156+0000][1][safepoint    ] Leaving safepoint region
[2020-01-13T13:09:21.156+0000][1][safepoint    ] Total time for which application threads were stopped: 0.0000681 seconds, Stopping threads took: 0.0000194 seconds
[2020-01-13T13:09:21.157+0000][1][safepoint    ] Application time: 0.0015424 seconds
[2020-01-13T13:09:21.158+0000][1][safepoint    ] Entering safepoint region: RevokeBias
[2020-01-13T13:09:21.158+0000][1][safepoint    ] Leaving safepoint region
[2020-01-13T13:09:21.158+0000][1][safepoint    ] Total time for which application threads were stopped: 0.0000540 seconds, Stopping threads took: 0.0000208 seconds
[2020-01-13T13:09:21.159+0000][1][safepoint    ] Application time: 0.0015797 seconds
[2020-01-13T13:09:21.159+0000][1][safepoint    ] Entering safepoint region: RevokeBias
[2020-01-13T13:09:21.159+0000][1][safepoint    ] Leaving safepoint region
[2020-01-13T13:09:21.159+0000][1][safepoint    ] Total time for which application threads were stopped: 0.0000396 seconds, Stopping threads took: 0.0000108 seconds
[2020-01-13T13:09:21.162+0000][1][safepoint    ] Application time: 0.0027248 seconds
[2020-01-13T13:09:21.162+0000][1][safepoint    ] Entering safepoint region: RevokeBias
[2020-01-13T13:09:21.162+0000][1][safepoint    ] Leaving safepoint region
[2020-01-13T13:09:21.162+0000][1][safepoint    ] Total time for which application threads were stopped: 0.0000597 seconds, Stopping threads took: 0.0000255 seconds
[2020-01-13T13:09:21.162+0000][1][safepoint    ] Application time: 0.0001782 seconds
[2020-01-13T13:09:21.163+0000][1][safepoint    ] Entering safepoint region: RevokeBias
[2020-01-13T13:09:21.163+0000][1][safepoint    ] Leaving safepoint region
[2020-01-13T13:09:21.163+0000][1][safepoint    ] Total time for which application threads were stopped: 0.0005280 seconds, Stopping threads took: 0.0005024 seconds
[2020-01-13T13:09:21.163+0000][1][safepoint    ] Application time: 0.0001710 seconds
[2020-01-13T13:09:21.163+0000][1][safepoint    ] Entering safepoint region: RevokeBias
[2020-01-13T13:09:21.163+0000][1][safepoint    ] Leaving safepoint region
[2020-01-13T13:09:21.163+0000][1][safepoint    ] Total time for which application threads were stopped: 0.0000289 seconds, Stopping threads took: 0.0000139 seconds
[2020-01-13T13:09:21.163+0000][1][safepoint    ] Application time: 0.0000556 seconds
[2020-01-13T13:09:21.163+0000][1][safepoint    ] Entering safepoint region: RevokeBias
[2020-01-13T13:09:21.163+0000][1][safepoint    ] Leaving safepoint region
[2020-01-13T13:09:21.163+0000][1][safepoint    ] Total time for which application threads were stopped: 0.0000228 seconds, Stopping threads took: 0.0000126 seconds
[2020-01-13T13:09:21.169+0000][1][safepoint    ] Application time: 0.0054622 seconds
[2020-01-13T13:09:21.169+0000][1][safepoint    ] Entering safepoint region: RevokeBias
[2020-01-13T13:09:21.169+0000][1][safepoint    ] Leaving safepoint region
[2020-01-13T13:09:21.169+0000][1][safepoint    ] Total time for which application threads were stopped: 0.0001144 seconds, Stopping threads took: 0.0000626 seconds
[2020-01-13T13:09:21.169+0000][1][safepoint    ] Application time: 0.0006958 seconds
[2020-01-13T13:09:21.169+0000][1][safepoint    ] Entering safepoint region: RevokeBias
[2020-01-13T13:09:21.169+0000][1][safepoint    ] Leaving safepoint region
[2020-01-13T13:09:21.169+0000][1][safepoint    ] Total time for which application threads were stopped: 0.0000587 seconds, Stopping threads took: 0.0000267 seconds
[2020-01-13T13:09:21.170+0000][1][safepoint    ] Application time: 0.0000518 seconds
[2020-01-13T13:09:21.170+0000][1][safepoint    ] Entering safepoint region: RevokeBias
[2020-01-13T13:09:21.170+0000][1][safepoint    ] Leaving safepoint region
[2020-01-13T13:09:21.170+0000][1][safepoint    ] Total time for which application threads were stopped: 0.0000241 seconds, Stopping threads took: 0.0000071 seconds
[2020-01-13T13:09:21.170+0000][1][safepoint    ] Application time: 0.0000337 seconds
[2020-01-13T13:09:21.170+0000][1][safepoint    ] Entering safepoint region: RevokeBias
[2020-01-13T13:09:21.170+0000][1][safepoint    ] Leaving safepoint region
[2020-01-13T13:09:21.170+0000][1][safepoint    ] Total time for which application threads were stopped: 0.0000187 seconds, Stopping threads took: 0.0000068 seconds
[2020-01-13T13:09:21.170+0000][1][safepoint    ] Application time: 0.0001273 seconds
[2020-01-13T13:09:21.170+0000][1][safepoint    ] Entering safepoint region: RevokeBias
[2020-01-13T13:09:21.170+0000][1][safepoint    ] Leaving safepoint region
[2020-01-13T13:09:21.170+0000][1][safepoint    ] Total time for which application threads were stopped: 0.0000372 seconds, Stopping threads took: 0.0000130 seconds
[2020-01-13T13:09:21.170+0000][1][safepoint    ] Application time: 0.0003011 seconds
[2020-01-13T13:09:21.170+0000][1][safepoint    ] Entering safepoint region: RevokeBias
[2020-01-13T13:09:21.170+0000][1][safepoint    ] Leaving safepoint region
[2020-01-13T13:09:21.170+0000][1][safepoint    ] Total time for which application threads were stopped: 0.0000562 seconds, Stopping threads took: 0.0000275 seconds
[2020-01-13T13:09:21.182+0000][1][gc,heap,exit ] Heap
[2020-01-13T13:09:21.182+0000][1][gc,heap,exit ]  par new generation   total 76672K, used 34408K [0x00000000f0000000, 0x00000000f5330000, 0x00000000f5330000)
[2020-01-13T13:09:21.182+0000][1][gc,heap,exit ]   eden space 68160K,  48% used [0x00000000f0000000, 0x00000000f204ca78, 0x00000000f4290000)
[2020-01-13T13:09:21.182+0000][1][gc,heap,exit ]   from space 8512K,  15% used [0x00000000f4ae0000, 0x00000000f4c2d5c0, 0x00000000f5330000)
[2020-01-13T13:09:21.182+0000][1][gc,heap,exit ]   to   space 8512K,   0% used [0x00000000f4290000, 0x00000000f4290000, 0x00000000f4ae0000)
[2020-01-13T13:09:21.182+0000][1][gc,heap,exit ]  concurrent mark-sweep generation total 176960K, used 67692K [0x00000000f5330000, 0x0000000100000000, 0x0000000100000000)
[2020-01-13T13:09:21.182+0000][1][gc,heap,exit ]  Metaspace       used 66273K, capacity 71108K, committed 71264K, reserved 1110016K
[2020-01-13T13:09:21.182+0000][1][gc,heap,exit ]   class space    used 8826K, capacity 10851K, committed 10920K, reserved 1048576K
[2020-01-13T13:09:21.182+0000][1][safepoint    ] Application time: 0.0117554 seconds
[2020-01-13T13:09:21.182+0000][1][safepoint    ] Entering safepoint region: Exit
