[2020-01-13T13:38:04.740+0000][1][gc] Using Concurrent Mark Sweep
[2020-01-13T13:38:04.740+0000][1][gc,heap,coops] Heap address: 0x00000000f0000000, size: 256 MB, Compressed Oops mode: 32-bit
[2020-01-13T13:38:04.818+0000][1][safepoint    ] Entering safepoint region: EnableBiasedLocking
[2020-01-13T13:38:04.818+0000][1][safepoint    ] Leaving safepoint region
[2020-01-13T13:38:04.818+0000][1][safepoint    ] Total time for which application threads were stopped: 0.0021649 seconds, Stopping threads took: 0.0020686 seconds
[2020-01-13T13:38:04.825+0000][1][safepoint    ] Application time: 0.0060927 seconds
[2020-01-13T13:38:04.825+0000][1][safepoint    ] Entering safepoint region: RevokeBias
[2020-01-13T13:38:04.825+0000][1][safepoint    ] Leaving safepoint region
[2020-01-13T13:38:04.825+0000][1][safepoint    ] Total time for which application threads were stopped: 0.0000919 seconds, Stopping threads took: 0.0000337 seconds
[2020-01-13T13:38:04.849+0000][1][safepoint    ] Application time: 0.0238241 seconds
[2020-01-13T13:38:04.849+0000][1][safepoint    ] Entering safepoint region: Deoptimize
[2020-01-13T13:38:04.849+0000][1][safepoint    ] Leaving safepoint region
[2020-01-13T13:38:04.849+0000][1][safepoint    ] Total time for which application threads were stopped: 0.0000660 seconds, Stopping threads took: 0.0000175 seconds
[2020-01-13T13:38:05.082+0000][1][safepoint    ] Application time: 0.2329353 seconds
[2020-01-13T13:38:05.082+0000][1][safepoint    ] Entering safepoint region: Deoptimize
[2020-01-13T13:38:05.082+0000][1][safepoint    ] Leaving safepoint region
[2020-01-13T13:38:05.082+0000][1][safepoint    ] Total time for which application threads were stopped: 0.0003904 seconds, Stopping threads took: 0.0002765 seconds
[2020-01-13T13:38:06.004+0000][1][safepoint    ] Application time: 0.9214759 seconds
[2020-01-13T13:38:06.004+0000][1][safepoint    ] Entering safepoint region: Deoptimize
[2020-01-13T13:38:06.005+0000][1][safepoint    ] Leaving safepoint region
[2020-01-13T13:38:06.005+0000][1][safepoint    ] Total time for which application threads were stopped: 0.0009456 seconds, Stopping threads took: 0.0005655 seconds
[2020-01-13T13:38:06.073+0000][1][safepoint    ] Application time: 0.0682396 seconds
[2020-01-13T13:38:06.073+0000][1][safepoint    ] Entering safepoint region: Deoptimize
[2020-01-13T13:38:06.073+0000][1][safepoint    ] Leaving safepoint region
[2020-01-13T13:38:06.073+0000][1][safepoint    ] Total time for which application threads were stopped: 0.0003597 seconds, Stopping threads took: 0.0000316 seconds
[2020-01-13T13:38:06.300+0000][1][safepoint    ] Application time: 0.2265616 seconds
[2020-01-13T13:38:06.300+0000][1][safepoint    ] Entering safepoint region: RevokeBias
[2020-01-13T13:38:06.301+0000][1][safepoint    ] Leaving safepoint region
[2020-01-13T13:38:06.301+0000][1][safepoint    ] Total time for which application threads were stopped: 0.0004802 seconds, Stopping threads took: 0.0003224 seconds
[2020-01-13T13:38:06.437+0000][1][gc,heap,exit ] Heap
[2020-01-13T13:38:06.437+0000][1][gc,heap,exit ]  par new generation   total 76672K, used 41801K [0x00000000f0000000, 0x00000000f5330000, 0x00000000f5330000)
[2020-01-13T13:38:06.437+0000][1][gc,heap,exit ]   eden space 68160K,  61% used [0x00000000f0000000, 0x00000000f28d24c8, 0x00000000f4290000)
[2020-01-13T13:38:06.437+0000][1][gc,heap,exit ]   from space 8512K,   0% used [0x00000000f4290000, 0x00000000f4290000, 0x00000000f4ae0000)
[2020-01-13T13:38:06.437+0000][1][gc,heap,exit ]   to   space 8512K,   0% used [0x00000000f4ae0000, 0x00000000f4ae0000, 0x00000000f5330000)
[2020-01-13T13:38:06.437+0000][1][gc,heap,exit ]  concurrent mark-sweep generation total 176960K, used 0K [0x00000000f5330000, 0x0000000100000000, 0x0000000100000000)
[2020-01-13T13:38:06.437+0000][1][gc,heap,exit ]  Metaspace       used 8972K, capacity 10550K, committed 10752K, reserved 1058816K
[2020-01-13T13:38:06.437+0000][1][gc,heap,exit ]   class space    used 1192K, capacity 1454K, committed 1536K, reserved 1048576K
[2020-01-13T13:38:06.437+0000][1][safepoint    ] Application time: 0.1366737 seconds
[2020-01-13T13:38:06.437+0000][1][safepoint    ] Entering safepoint region: Halt
