[2020-01-13T13:37:40.884+0000][1][gc] Using Concurrent Mark Sweep
[2020-01-13T13:37:40.884+0000][1][gc,heap,coops] Heap address: 0x00000000f0000000, size: 256 MB, Compressed Oops mode: 32-bit
[2020-01-13T13:37:40.970+0000][1][safepoint    ] Entering safepoint region: EnableBiasedLocking
[2020-01-13T13:37:40.970+0000][1][safepoint    ] Leaving safepoint region
[2020-01-13T13:37:40.970+0000][1][safepoint    ] Total time for which application threads were stopped: 0.0021951 seconds, Stopping threads took: 0.0020853 seconds
[2020-01-13T13:37:40.979+0000][1][safepoint    ] Application time: 0.0086795 seconds
[2020-01-13T13:37:40.980+0000][1][safepoint    ] Entering safepoint region: RevokeBias
[2020-01-13T13:37:40.980+0000][1][safepoint    ] Leaving safepoint region
[2020-01-13T13:37:40.980+0000][1][safepoint    ] Total time for which application threads were stopped: 0.0001448 seconds, Stopping threads took: 0.0000780 seconds
[2020-01-13T13:37:41.010+0000][1][safepoint    ] Application time: 0.0306899 seconds
[2020-01-13T13:37:41.011+0000][1][safepoint    ] Entering safepoint region: Deoptimize
[2020-01-13T13:37:41.011+0000][1][safepoint    ] Leaving safepoint region
[2020-01-13T13:37:41.011+0000][1][safepoint    ] Total time for which application threads were stopped: 0.0004010 seconds, Stopping threads took: 0.0003399 seconds
[2020-01-13T13:37:41.302+0000][1][safepoint    ] Application time: 0.2909812 seconds
[2020-01-13T13:37:41.302+0000][1][safepoint    ] Entering safepoint region: Deoptimize
[2020-01-13T13:37:41.302+0000][1][safepoint    ] Leaving safepoint region
[2020-01-13T13:37:41.302+0000][1][safepoint    ] Total time for which application threads were stopped: 0.0001382 seconds, Stopping threads took: 0.0000208 seconds
[2020-01-13T13:37:42.302+0000][1][safepoint    ] Application time: 1.0000989 seconds
[2020-01-13T13:37:42.302+0000][1][safepoint    ] Entering safepoint region: Cleanup
[2020-01-13T13:37:42.302+0000][1][safepoint    ] Leaving safepoint region
[2020-01-13T13:37:42.302+0000][1][safepoint    ] Total time for which application threads were stopped: 0.0002232 seconds, Stopping threads took: 0.0000171 seconds
[2020-01-13T13:37:42.357+0000][1][safepoint    ] Application time: 0.0547899 seconds
[2020-01-13T13:37:42.357+0000][1][safepoint    ] Entering safepoint region: Deoptimize
[2020-01-13T13:37:42.357+0000][1][safepoint    ] Leaving safepoint region
[2020-01-13T13:37:42.357+0000][1][safepoint    ] Total time for which application threads were stopped: 0.0002565 seconds, Stopping threads took: 0.0000211 seconds
[2020-01-13T13:37:42.431+0000][1][safepoint    ] Application time: 0.0732845 seconds
[2020-01-13T13:37:42.431+0000][1][safepoint    ] Entering safepoint region: Deoptimize
[2020-01-13T13:37:42.431+0000][1][safepoint    ] Leaving safepoint region
[2020-01-13T13:37:42.431+0000][1][safepoint    ] Total time for which application threads were stopped: 0.0002921 seconds, Stopping threads took: 0.0000279 seconds
[2020-01-13T13:37:42.746+0000][1][safepoint    ] Application time: 0.3144981 seconds
[2020-01-13T13:37:42.746+0000][1][safepoint    ] Entering safepoint region: RevokeBias
[2020-01-13T13:37:42.746+0000][1][safepoint    ] Leaving safepoint region
[2020-01-13T13:37:42.746+0000][1][safepoint    ] Total time for which application threads were stopped: 0.0002022 seconds, Stopping threads took: 0.0000323 seconds
[2020-01-13T13:37:42.919+0000][1][gc,heap,exit ] Heap
[2020-01-13T13:37:42.919+0000][1][gc,heap,exit ]  par new generation   total 76672K, used 41800K [0x00000000f0000000, 0x00000000f5330000, 0x00000000f5330000)
[2020-01-13T13:37:42.919+0000][1][gc,heap,exit ]   eden space 68160K,  61% used [0x00000000f0000000, 0x00000000f28d21c8, 0x00000000f4290000)
[2020-01-13T13:37:42.919+0000][1][gc,heap,exit ]   from space 8512K,   0% used [0x00000000f4290000, 0x00000000f4290000, 0x00000000f4ae0000)
[2020-01-13T13:37:42.920+0000][1][gc,heap,exit ]   to   space 8512K,   0% used [0x00000000f4ae0000, 0x00000000f4ae0000, 0x00000000f5330000)
[2020-01-13T13:37:42.920+0000][1][gc,heap,exit ]  concurrent mark-sweep generation total 176960K, used 0K [0x00000000f5330000, 0x0000000100000000, 0x0000000100000000)
[2020-01-13T13:37:42.920+0000][1][gc,heap,exit ]  Metaspace       used 8972K, capacity 10551K, committed 10752K, reserved 1058816K
[2020-01-13T13:37:42.920+0000][1][gc,heap,exit ]   class space    used 1191K, capacity 1454K, committed 1536K, reserved 1048576K
[2020-01-13T13:37:42.920+0000][1][safepoint    ] Application time: 0.1743843 seconds
[2020-01-13T13:37:42.920+0000][1][safepoint    ] Entering safepoint region: Halt
