[2020-01-13T13:09:22.653+0000][1][gc] Using Concurrent Mark Sweep
[2020-01-13T13:09:22.653+0000][1][gc,heap,coops] Heap address: 0x00000000f0000000, size: 256 MB, Compressed Oops mode: 32-bit
[2020-01-13T13:09:22.738+0000][1][safepoint    ] Entering safepoint region: EnableBiasedLocking
[2020-01-13T13:09:22.738+0000][1][safepoint    ] Leaving safepoint region
[2020-01-13T13:09:22.738+0000][1][safepoint    ] Total time for which application threads were stopped: 0.0021751 seconds, Stopping threads took: 0.0020708 seconds
[2020-01-13T13:09:22.745+0000][1][safepoint    ] Application time: 0.0062065 seconds
[2020-01-13T13:09:22.745+0000][1][safepoint    ] Entering safepoint region: RevokeBias
[2020-01-13T13:09:22.745+0000][1][safepoint    ] Leaving safepoint region
[2020-01-13T13:09:22.745+0000][1][safepoint    ] Total time for which application threads were stopped: 0.0001483 seconds, Stopping threads took: 0.0000713 seconds
[2020-01-13T13:09:22.772+0000][1][safepoint    ] Application time: 0.0270650 seconds
[2020-01-13T13:09:22.773+0000][1][safepoint    ] Entering safepoint region: Deoptimize
[2020-01-13T13:09:22.773+0000][1][safepoint    ] Leaving safepoint region
[2020-01-13T13:09:22.773+0000][1][safepoint    ] Total time for which application threads were stopped: 0.0005615 seconds, Stopping threads took: 0.0004950 seconds
[2020-01-13T13:09:23.044+0000][1][safepoint    ] Application time: 0.2713426 seconds
[2020-01-13T13:09:23.044+0000][1][safepoint    ] Entering safepoint region: Deoptimize
[2020-01-13T13:09:23.044+0000][1][safepoint    ] Leaving safepoint region
[2020-01-13T13:09:23.044+0000][1][safepoint    ] Total time for which application threads were stopped: 0.0002149 seconds, Stopping threads took: 0.0000270 seconds
[2020-01-13T13:09:23.770+0000][1][safepoint    ] Application time: 0.7254514 seconds
[2020-01-13T13:09:23.770+0000][1][safepoint    ] Entering safepoint region: Deoptimize
[2020-01-13T13:09:23.770+0000][1][safepoint    ] Leaving safepoint region
[2020-01-13T13:09:23.770+0000][1][safepoint    ] Total time for which application threads were stopped: 0.0002573 seconds, Stopping threads took: 0.0000197 seconds
[2020-01-13T13:09:23.843+0000][1][safepoint    ] Application time: 0.0723017 seconds
[2020-01-13T13:09:23.843+0000][1][safepoint    ] Entering safepoint region: Deoptimize
[2020-01-13T13:09:23.843+0000][1][safepoint    ] Leaving safepoint region
[2020-01-13T13:09:23.843+0000][1][safepoint    ] Total time for which application threads were stopped: 0.0002417 seconds, Stopping threads took: 0.0000305 seconds
[2020-01-13T13:09:23.912+0000][1][safepoint    ] Application time: 0.0689798 seconds
[2020-01-13T13:09:23.912+0000][1][safepoint    ] Entering safepoint region: Deoptimize
[2020-01-13T13:09:23.912+0000][1][safepoint    ] Leaving safepoint region
[2020-01-13T13:09:23.912+0000][1][safepoint    ] Total time for which application threads were stopped: 0.0002672 seconds, Stopping threads took: 0.0000181 seconds
[2020-01-13T13:09:23.950+0000][1][safepoint    ] Application time: 0.0381711 seconds
[2020-01-13T13:09:23.950+0000][1][safepoint    ] Entering safepoint region: Deoptimize
[2020-01-13T13:09:23.951+0000][1][safepoint    ] Leaving safepoint region
[2020-01-13T13:09:23.951+0000][1][safepoint    ] Total time for which application threads were stopped: 0.0002240 seconds, Stopping threads took: 0.0000290 seconds
[2020-01-13T13:09:24.909+0000][1][safepoint    ] Application time: 0.9579922 seconds
[2020-01-13T13:09:24.909+0000][1][safepoint    ] Entering safepoint region: Deoptimize
[2020-01-13T13:09:24.909+0000][1][safepoint    ] Leaving safepoint region
[2020-01-13T13:09:24.909+0000][1][safepoint    ] Total time for which application threads were stopped: 0.0003111 seconds, Stopping threads took: 0.0000203 seconds
[2020-01-13T13:09:25.666+0000][1][safepoint    ] Application time: 0.7573454 seconds
[2020-01-13T13:09:25.666+0000][1][safepoint    ] Entering safepoint region: Deoptimize
[2020-01-13T13:09:25.667+0000][1][safepoint    ] Leaving safepoint region
[2020-01-13T13:09:25.667+0000][1][safepoint    ] Total time for which application threads were stopped: 0.0004760 seconds, Stopping threads took: 0.0000271 seconds
[2020-01-13T13:09:25.955+0000][1][safepoint    ] Application time: 0.2876896 seconds
[2020-01-13T13:09:25.955+0000][1][safepoint    ] Entering safepoint region: Deoptimize
[2020-01-13T13:09:25.955+0000][1][safepoint    ] Leaving safepoint region
[2020-01-13T13:09:25.955+0000][1][safepoint    ] Total time for which application threads were stopped: 0.0004242 seconds, Stopping threads took: 0.0000202 seconds
[2020-01-13T13:09:25.955+0000][1][safepoint    ] Application time: 0.0002213 seconds
[2020-01-13T13:09:25.955+0000][1][safepoint    ] Entering safepoint region: Deoptimize
[2020-01-13T13:09:25.955+0000][1][safepoint    ] Leaving safepoint region
[2020-01-13T13:09:25.955+0000][1][safepoint    ] Total time for which application threads were stopped: 0.0002123 seconds, Stopping threads took: 0.0000160 seconds
[2020-01-13T13:09:26.022+0000][1][safepoint    ] Application time: 0.0669974 seconds
[2020-01-13T13:09:26.023+0000][1][safepoint    ] Entering safepoint region: Deoptimize
[2020-01-13T13:09:26.023+0000][1][safepoint    ] Leaving safepoint region
[2020-01-13T13:09:26.023+0000][1][safepoint    ] Total time for which application threads were stopped: 0.0003995 seconds, Stopping threads took: 0.0000213 seconds
[2020-01-13T13:09:26.041+0000][1][safepoint    ] Application time: 0.0183708 seconds
[2020-01-13T13:09:26.041+0000][1][safepoint    ] Entering safepoint region: Deoptimize
[2020-01-13T13:09:26.042+0000][1][safepoint    ] Leaving safepoint region
[2020-01-13T13:09:26.042+0000][1][safepoint    ] Total time for which application threads were stopped: 0.0004919 seconds, Stopping threads took: 0.0000303 seconds
[2020-01-13T13:09:26.073+0000][1][safepoint    ] Application time: 0.0308186 seconds
[2020-01-13T13:09:26.073+0000][1][safepoint    ] Entering safepoint region: RevokeBias
[2020-01-13T13:09:26.073+0000][1][safepoint    ] Leaving safepoint region
[2020-01-13T13:09:26.073+0000][1][safepoint    ] Total time for which application threads were stopped: 0.0001147 seconds, Stopping threads took: 0.0000219 seconds
[2020-01-13T13:09:26.073+0000][1][safepoint    ] Application time: 0.0000286 seconds
[2020-01-13T13:09:26.073+0000][1][safepoint    ] Entering safepoint region: RevokeBias
[2020-01-13T13:09:26.073+0000][1][safepoint    ] Leaving safepoint region
[2020-01-13T13:09:26.073+0000][1][safepoint    ] Total time for which application threads were stopped: 0.0000394 seconds, Stopping threads took: 0.0000121 seconds
[2020-01-13T13:09:26.073+0000][1][safepoint    ] Application time: 0.0000446 seconds
[2020-01-13T13:09:26.073+0000][1][safepoint    ] Entering safepoint region: RevokeBias
[2020-01-13T13:09:26.073+0000][1][safepoint    ] Leaving safepoint region
[2020-01-13T13:09:26.073+0000][1][safepoint    ] Total time for which application threads were stopped: 0.0000363 seconds, Stopping threads took: 0.0000119 seconds
[2020-01-13T13:09:26.073+0000][1][safepoint    ] Application time: 0.0001433 seconds
[2020-01-13T13:09:26.073+0000][1][safepoint    ] Entering safepoint region: RevokeBias
[2020-01-13T13:09:26.073+0000][1][safepoint    ] Leaving safepoint region
[2020-01-13T13:09:26.073+0000][1][safepoint    ] Total time for which application threads were stopped: 0.0000463 seconds, Stopping threads took: 0.0000136 seconds
[2020-01-13T13:09:26.084+0000][1][safepoint    ] Application time: 0.0109383 seconds
[2020-01-13T13:09:26.084+0000][1][safepoint    ] Entering safepoint region: Deoptimize
[2020-01-13T13:09:26.085+0000][1][safepoint    ] Leaving safepoint region
[2020-01-13T13:09:26.085+0000][1][safepoint    ] Total time for which application threads were stopped: 0.0004764 seconds, Stopping threads took: 0.0000320 seconds
[2020-01-13T13:09:26.409+0000][1][safepoint    ] Application time: 0.3241003 seconds
[2020-01-13T13:09:26.409+0000][1][safepoint    ] Entering safepoint region: GenCollectForAllocation
[2020-01-13T13:09:26.409+0000][1][gc,start     ] GC(0) Pause Young (Allocation Failure)
[2020-01-13T13:09:26.409+0000][1][gc,task      ] GC(0) Using 1 workers of 1 for evacuation
[2020-01-13T13:09:26.433+0000][1][gc,age       ] GC(0) Desired survivor size 4358144 bytes, new threshold 1 (max threshold 6)
[2020-01-13T13:09:26.433+0000][1][gc,age       ] GC(0) Age table with threshold 1 (max threshold 6)
[2020-01-13T13:09:26.433+0000][1][gc,age       ] GC(0) - age   1:    6345712 bytes,    6345712 total
[2020-01-13T13:09:26.433+0000][1][gc,heap      ] GC(0) ParNew: 68160K->6226K(76672K)
[2020-01-13T13:09:26.433+0000][1][gc,heap      ] GC(0) CMS: 0K->0K(176960K)
[2020-01-13T13:09:26.433+0000][1][gc,metaspace ] GC(0) Metaspace: 12210K->12210K(1060864K)
[2020-01-13T13:09:26.433+0000][1][gc           ] GC(0) Pause Young (Allocation Failure) 66M->6M(247M) 23.906ms
[2020-01-13T13:09:26.433+0000][1][gc,cpu       ] GC(0) User=0.02s Sys=0.00s Real=0.03s
[2020-01-13T13:09:26.433+0000][1][safepoint    ] Leaving safepoint region
[2020-01-13T13:09:26.433+0000][1][safepoint    ] Total time for which application threads were stopped: 0.0240731 seconds, Stopping threads took: 0.0000229 seconds
[2020-01-13T13:09:26.443+0000][1][safepoint    ] Application time: 0.0104398 seconds
[2020-01-13T13:09:26.443+0000][1][safepoint    ] Entering safepoint region: RevokeBias
[2020-01-13T13:09:26.444+0000][1][safepoint    ] Leaving safepoint region
[2020-01-13T13:09:26.444+0000][1][safepoint    ] Total time for which application threads were stopped: 0.0001319 seconds, Stopping threads took: 0.0000381 seconds
[2020-01-13T13:09:26.444+0000][1][safepoint    ] Application time: 0.0001169 seconds
[2020-01-13T13:09:26.444+0000][1][safepoint    ] Entering safepoint region: RevokeBias
[2020-01-13T13:09:26.444+0000][1][safepoint    ] Leaving safepoint region
[2020-01-13T13:09:26.444+0000][1][safepoint    ] Total time for which application threads were stopped: 0.0000409 seconds, Stopping threads took: 0.0000096 seconds
[2020-01-13T13:09:26.444+0000][1][safepoint    ] Application time: 0.0000320 seconds
[2020-01-13T13:09:26.444+0000][1][safepoint    ] Entering safepoint region: RevokeBias
[2020-01-13T13:09:26.444+0000][1][safepoint    ] Leaving safepoint region
[2020-01-13T13:09:26.444+0000][1][safepoint    ] Total time for which application threads were stopped: 0.0000223 seconds, Stopping threads took: 0.0000050 seconds
[2020-01-13T13:09:26.444+0000][1][safepoint    ] Application time: 0.0000144 seconds
[2020-01-13T13:09:26.444+0000][1][safepoint    ] Entering safepoint region: RevokeBias
[2020-01-13T13:09:26.444+0000][1][safepoint    ] Leaving safepoint region
[2020-01-13T13:09:26.444+0000][1][safepoint    ] Total time for which application threads were stopped: 0.0000193 seconds, Stopping threads took: 0.0000047 seconds
[2020-01-13T13:09:26.444+0000][1][safepoint    ] Application time: 0.0000167 seconds
[2020-01-13T13:09:26.444+0000][1][safepoint    ] Entering safepoint region: RevokeBias
[2020-01-13T13:09:26.444+0000][1][safepoint    ] Leaving safepoint region
[2020-01-13T13:09:26.444+0000][1][safepoint    ] Total time for which application threads were stopped: 0.0000193 seconds, Stopping threads took: 0.0000046 seconds
[2020-01-13T13:09:26.444+0000][1][safepoint    ] Application time: 0.0000138 seconds
[2020-01-13T13:09:26.444+0000][1][safepoint    ] Entering safepoint region: RevokeBias
[2020-01-13T13:09:26.444+0000][1][safepoint    ] Leaving safepoint region
[2020-01-13T13:09:26.444+0000][1][safepoint    ] Total time for which application threads were stopped: 0.0000187 seconds, Stopping threads took: 0.0000045 seconds
[2020-01-13T13:09:26.444+0000][1][safepoint    ] Application time: 0.0000166 seconds
[2020-01-13T13:09:26.444+0000][1][safepoint    ] Entering safepoint region: RevokeBias
[2020-01-13T13:09:26.444+0000][1][safepoint    ] Leaving safepoint region
[2020-01-13T13:09:26.444+0000][1][safepoint    ] Total time for which application threads were stopped: 0.0000191 seconds, Stopping threads took: 0.0000046 seconds
[2020-01-13T13:09:26.444+0000][1][safepoint    ] Application time: 0.0000137 seconds
[2020-01-13T13:09:26.444+0000][1][safepoint    ] Entering safepoint region: RevokeBias
[2020-01-13T13:09:26.444+0000][1][safepoint    ] Leaving safepoint region
[2020-01-13T13:09:26.444+0000][1][safepoint    ] Total time for which application threads were stopped: 0.0000317 seconds, Stopping threads took: 0.0000169 seconds
[2020-01-13T13:09:26.444+0000][1][safepoint    ] Application time: 0.0000175 seconds
[2020-01-13T13:09:26.444+0000][1][safepoint    ] Entering safepoint region: RevokeBias
[2020-01-13T13:09:26.444+0000][1][safepoint    ] Leaving safepoint region
[2020-01-13T13:09:26.444+0000][1][safepoint    ] Total time for which application threads were stopped: 0.0000199 seconds, Stopping threads took: 0.0000048 seconds
[2020-01-13T13:09:26.444+0000][1][safepoint    ] Application time: 0.0000143 seconds
[2020-01-13T13:09:26.444+0000][1][safepoint    ] Entering safepoint region: RevokeBias
[2020-01-13T13:09:26.444+0000][1][safepoint    ] Leaving safepoint region
[2020-01-13T13:09:26.444+0000][1][safepoint    ] Total time for which application threads were stopped: 0.0000188 seconds, Stopping threads took: 0.0000045 seconds
[2020-01-13T13:09:26.444+0000][1][safepoint    ] Application time: 0.0000168 seconds
[2020-01-13T13:09:26.444+0000][1][safepoint    ] Entering safepoint region: RevokeBias
[2020-01-13T13:09:26.444+0000][1][safepoint    ] Leaving safepoint region
[2020-01-13T13:09:26.444+0000][1][safepoint    ] Total time for which application threads were stopped: 0.0000191 seconds, Stopping threads took: 0.0000045 seconds
[2020-01-13T13:09:26.444+0000][1][safepoint    ] Application time: 0.0000138 seconds
[2020-01-13T13:09:26.444+0000][1][safepoint    ] Entering safepoint region: RevokeBias
[2020-01-13T13:09:26.444+0000][1][safepoint    ] Leaving safepoint region
[2020-01-13T13:09:26.444+0000][1][safepoint    ] Total time for which application threads were stopped: 0.0000188 seconds, Stopping threads took: 0.0000045 seconds
[2020-01-13T13:09:26.444+0000][1][safepoint    ] Application time: 0.0000167 seconds
[2020-01-13T13:09:26.444+0000][1][safepoint    ] Entering safepoint region: RevokeBias
[2020-01-13T13:09:26.444+0000][1][safepoint    ] Leaving safepoint region
[2020-01-13T13:09:26.444+0000][1][safepoint    ] Total time for which application threads were stopped: 0.0000192 seconds, Stopping threads took: 0.0000046 seconds
[2020-01-13T13:09:26.444+0000][1][safepoint    ] Application time: 0.0000135 seconds
[2020-01-13T13:09:26.444+0000][1][safepoint    ] Entering safepoint region: RevokeBias
[2020-01-13T13:09:26.444+0000][1][safepoint    ] Leaving safepoint region
[2020-01-13T13:09:26.444+0000][1][safepoint    ] Total time for which application threads were stopped: 0.0000186 seconds, Stopping threads took: 0.0000045 seconds
[2020-01-13T13:09:26.444+0000][1][safepoint    ] Application time: 0.0000313 seconds
[2020-01-13T13:09:26.444+0000][1][safepoint    ] Entering safepoint region: RevokeBias
[2020-01-13T13:09:26.444+0000][1][safepoint    ] Leaving safepoint region
[2020-01-13T13:09:26.444+0000][1][safepoint    ] Total time for which application threads were stopped: 0.0000204 seconds, Stopping threads took: 0.0000048 seconds
[2020-01-13T13:09:26.444+0000][1][safepoint    ] Application time: 0.0000149 seconds
[2020-01-13T13:09:26.444+0000][1][safepoint    ] Entering safepoint region: RevokeBias
[2020-01-13T13:09:26.444+0000][1][safepoint    ] Leaving safepoint region
[2020-01-13T13:09:26.444+0000][1][safepoint    ] Total time for which application threads were stopped: 0.0000188 seconds, Stopping threads took: 0.0000046 seconds
[2020-01-13T13:09:26.444+0000][1][safepoint    ] Application time: 0.0000165 seconds
[2020-01-13T13:09:26.444+0000][1][safepoint    ] Entering safepoint region: RevokeBias
[2020-01-13T13:09:26.444+0000][1][safepoint    ] Leaving safepoint region
[2020-01-13T13:09:26.444+0000][1][safepoint    ] Total time for which application threads were stopped: 0.0000190 seconds, Stopping threads took: 0.0000045 seconds
[2020-01-13T13:09:26.444+0000][1][safepoint    ] Application time: 0.0000140 seconds
[2020-01-13T13:09:26.444+0000][1][safepoint    ] Entering safepoint region: RevokeBias
[2020-01-13T13:09:26.444+0000][1][safepoint    ] Leaving safepoint region
[2020-01-13T13:09:26.444+0000][1][safepoint    ] Total time for which application threads were stopped: 0.0000236 seconds, Stopping threads took: 0.0000091 seconds
[2020-01-13T13:09:26.445+0000][1][safepoint    ] Application time: 0.0000163 seconds
[2020-01-13T13:09:26.445+0000][1][safepoint    ] Entering safepoint region: RevokeBias
[2020-01-13T13:09:26.445+0000][1][safepoint    ] Leaving safepoint region
[2020-01-13T13:09:26.445+0000][1][safepoint    ] Total time for which application threads were stopped: 0.0000192 seconds, Stopping threads took: 0.0000046 seconds
[2020-01-13T13:09:26.445+0000][1][safepoint    ] Application time: 0.0000138 seconds
[2020-01-13T13:09:26.445+0000][1][safepoint    ] Entering safepoint region: RevokeBias
[2020-01-13T13:09:26.445+0000][1][safepoint    ] Leaving safepoint region
[2020-01-13T13:09:26.445+0000][1][safepoint    ] Total time for which application threads were stopped: 0.0000185 seconds, Stopping threads took: 0.0000045 seconds
[2020-01-13T13:09:26.445+0000][1][safepoint    ] Application time: 0.0000155 seconds
[2020-01-13T13:09:26.445+0000][1][safepoint    ] Entering safepoint region: RevokeBias
[2020-01-13T13:09:26.445+0000][1][safepoint    ] Leaving safepoint region
[2020-01-13T13:09:26.445+0000][1][safepoint    ] Total time for which application threads were stopped: 0.0000190 seconds, Stopping threads took: 0.0000046 seconds
[2020-01-13T13:09:26.449+0000][1][safepoint    ] Application time: 0.0047582 seconds
[2020-01-13T13:09:26.449+0000][1][safepoint    ] Entering safepoint region: RevokeBias
[2020-01-13T13:09:26.450+0000][1][safepoint    ] Leaving safepoint region
[2020-01-13T13:09:26.450+0000][1][safepoint    ] Total time for which application threads were stopped: 0.0001090 seconds, Stopping threads took: 0.0000351 seconds
[2020-01-13T13:09:26.450+0000][1][safepoint    ] Application time: 0.0000547 seconds
[2020-01-13T13:09:26.450+0000][1][safepoint    ] Entering safepoint region: RevokeBias
[2020-01-13T13:09:26.450+0000][1][safepoint    ] Leaving safepoint region
[2020-01-13T13:09:26.450+0000][1][safepoint    ] Total time for which application threads were stopped: 0.0000280 seconds, Stopping threads took: 0.0000056 seconds
[2020-01-13T13:09:26.450+0000][1][safepoint    ] Application time: 0.0000153 seconds
[2020-01-13T13:09:26.450+0000][1][safepoint    ] Entering safepoint region: RevokeBias
[2020-01-13T13:09:26.450+0000][1][safepoint    ] Leaving safepoint region
[2020-01-13T13:09:26.450+0000][1][safepoint    ] Total time for which application threads were stopped: 0.0000234 seconds, Stopping threads took: 0.0000053 seconds
[2020-01-13T13:09:26.452+0000][1][safepoint    ] Application time: 0.0020049 seconds
[2020-01-13T13:09:26.453+0000][1][safepoint    ] Entering safepoint region: RevokeBias
[2020-01-13T13:09:26.453+0000][1][safepoint    ] Leaving safepoint region
[2020-01-13T13:09:26.453+0000][1][safepoint    ] Total time for which application threads were stopped: 0.0010604 seconds, Stopping threads took: 0.0009842 seconds
[2020-01-13T13:09:26.453+0000][1][safepoint    ] Application time: 0.0000288 seconds
[2020-01-13T13:09:26.453+0000][1][safepoint    ] Entering safepoint region: RevokeBias
[2020-01-13T13:09:26.453+0000][1][safepoint    ] Leaving safepoint region
[2020-01-13T13:09:26.453+0000][1][safepoint    ] Total time for which application threads were stopped: 0.0000338 seconds, Stopping threads took: 0.0000054 seconds
[2020-01-13T13:09:26.453+0000][1][safepoint    ] Application time: 0.0000419 seconds
[2020-01-13T13:09:26.453+0000][1][safepoint    ] Entering safepoint region: RevokeBias
[2020-01-13T13:09:26.453+0000][1][safepoint    ] Leaving safepoint region
[2020-01-13T13:09:26.453+0000][1][safepoint    ] Total time for which application threads were stopped: 0.0000311 seconds, Stopping threads took: 0.0000050 seconds
[2020-01-13T13:09:26.453+0000][1][safepoint    ] Application time: 0.0000146 seconds
[2020-01-13T13:09:26.453+0000][1][safepoint    ] Entering safepoint region: RevokeBias
[2020-01-13T13:09:26.453+0000][1][safepoint    ] Leaving safepoint region
[2020-01-13T13:09:26.453+0000][1][safepoint    ] Total time for which application threads were stopped: 0.0000409 seconds, Stopping threads took: 0.0000147 seconds
[2020-01-13T13:09:26.960+0000][1][safepoint    ] Application time: 0.5069720 seconds
[2020-01-13T13:09:26.960+0000][1][safepoint    ] Entering safepoint region: Deoptimize
[2020-01-13T13:09:26.961+0000][1][safepoint    ] Leaving safepoint region
[2020-01-13T13:09:26.961+0000][1][safepoint    ] Total time for which application threads were stopped: 0.0007344 seconds, Stopping threads took: 0.0000939 seconds
[2020-01-13T13:09:27.337+0000][1][safepoint    ] Application time: 0.3763711 seconds
[2020-01-13T13:09:27.337+0000][1][safepoint    ] Entering safepoint region: RevokeBias
[2020-01-13T13:09:27.337+0000][1][safepoint    ] Leaving safepoint region
[2020-01-13T13:09:27.337+0000][1][safepoint    ] Total time for which application threads were stopped: 0.0002046 seconds, Stopping threads took: 0.0000386 seconds
[2020-01-13T13:09:27.688+0000][1][safepoint    ] Application time: 0.3505826 seconds
[2020-01-13T13:09:27.688+0000][1][safepoint    ] Entering safepoint region: GenCollectForAllocation
[2020-01-13T13:09:27.688+0000][1][gc,start     ] GC(1) Pause Young (Allocation Failure)
[2020-01-13T13:09:27.688+0000][1][gc,task      ] GC(1) Using 1 workers of 1 for evacuation
[2020-01-13T13:09:27.740+0000][1][gc,age       ] GC(1) Desired survivor size 4358144 bytes, new threshold 6 (max threshold 6)
[2020-01-13T13:09:27.740+0000][1][gc,age       ] GC(1) Age table with threshold 6 (max threshold 6)
[2020-01-13T13:09:27.740+0000][1][gc,age       ] GC(1) - age   1:    2755240 bytes,    2755240 total
[2020-01-13T13:09:27.740+0000][1][gc,heap      ] GC(1) ParNew: 74386K->4122K(76672K)
[2020-01-13T13:09:27.740+0000][1][gc,heap      ] GC(1) CMS: 0K->6671K(176960K)
[2020-01-13T13:09:27.740+0000][1][gc,metaspace ] GC(1) Metaspace: 14782K->14782K(1062912K)
[2020-01-13T13:09:27.740+0000][1][gc           ] GC(1) Pause Young (Allocation Failure) 72M->10M(247M) 51.534ms
[2020-01-13T13:09:27.740+0000][1][gc,cpu       ] GC(1) User=0.05s Sys=0.00s Real=0.06s
[2020-01-13T13:09:27.740+0000][1][safepoint    ] Leaving safepoint region
[2020-01-13T13:09:27.740+0000][1][safepoint    ] Total time for which application threads were stopped: 0.0517739 seconds, Stopping threads took: 0.0000509 seconds
[2020-01-13T13:09:27.751+0000][1][safepoint    ] Application time: 0.0115069 seconds
[2020-01-13T13:09:27.752+0000][1][safepoint    ] Entering safepoint region: BulkRevokeBias
[2020-01-13T13:09:27.753+0000][1][safepoint    ] Leaving safepoint region
[2020-01-13T13:09:27.753+0000][1][safepoint    ] Total time for which application threads were stopped: 0.0012487 seconds, Stopping threads took: 0.0010968 seconds
[2020-01-13T13:09:27.753+0000][1][safepoint    ] Application time: 0.0000846 seconds
[2020-01-13T13:09:27.753+0000][1][safepoint    ] Entering safepoint region: RevokeBias
[2020-01-13T13:09:27.753+0000][1][safepoint    ] Leaving safepoint region
[2020-01-13T13:09:27.753+0000][1][safepoint    ] Total time for which application threads were stopped: 0.0000430 seconds, Stopping threads took: 0.0000062 seconds
[2020-01-13T13:09:27.753+0000][1][safepoint    ] Application time: 0.0000286 seconds
[2020-01-13T13:09:27.753+0000][1][safepoint    ] Entering safepoint region: RevokeBias
[2020-01-13T13:09:27.753+0000][1][safepoint    ] Leaving safepoint region
[2020-01-13T13:09:27.753+0000][1][safepoint    ] Total time for which application threads were stopped: 0.0000381 seconds, Stopping threads took: 0.0000049 seconds
[2020-01-13T13:09:27.753+0000][1][safepoint    ] Application time: 0.0000142 seconds
[2020-01-13T13:09:27.753+0000][1][safepoint    ] Entering safepoint region: RevokeBias
[2020-01-13T13:09:27.753+0000][1][safepoint    ] Leaving safepoint region
[2020-01-13T13:09:27.753+0000][1][safepoint    ] Total time for which application threads were stopped: 0.0000536 seconds, Stopping threads took: 0.0000048 seconds
[2020-01-13T13:09:27.753+0000][1][safepoint    ] Application time: 0.0000709 seconds
[2020-01-13T13:09:27.753+0000][1][safepoint    ] Entering safepoint region: RevokeBias
[2020-01-13T13:09:27.753+0000][1][safepoint    ] Leaving safepoint region
[2020-01-13T13:09:27.753+0000][1][safepoint    ] Total time for which application threads were stopped: 0.0000395 seconds, Stopping threads took: 0.0000049 seconds
[2020-01-13T13:09:27.753+0000][1][safepoint    ] Application time: 0.0000145 seconds
[2020-01-13T13:09:27.753+0000][1][safepoint    ] Entering safepoint region: RevokeBias
[2020-01-13T13:09:27.753+0000][1][safepoint    ] Leaving safepoint region
[2020-01-13T13:09:27.753+0000][1][safepoint    ] Total time for which application threads were stopped: 0.0000372 seconds, Stopping threads took: 0.0000046 seconds
[2020-01-13T13:09:27.753+0000][1][safepoint    ] Application time: 0.0000159 seconds
[2020-01-13T13:09:27.753+0000][1][safepoint    ] Entering safepoint region: RevokeBias
[2020-01-13T13:09:27.753+0000][1][safepoint    ] Leaving safepoint region
[2020-01-13T13:09:27.753+0000][1][safepoint    ] Total time for which application threads were stopped: 0.0000369 seconds, Stopping threads took: 0.0000046 seconds
[2020-01-13T13:09:27.753+0000][1][safepoint    ] Application time: 0.0000141 seconds
[2020-01-13T13:09:27.753+0000][1][safepoint    ] Entering safepoint region: RevokeBias
[2020-01-13T13:09:27.753+0000][1][safepoint    ] Leaving safepoint region
[2020-01-13T13:09:27.753+0000][1][safepoint    ] Total time for which application threads were stopped: 0.0000627 seconds, Stopping threads took: 0.0000047 seconds
[2020-01-13T13:09:27.753+0000][1][safepoint    ] Application time: 0.0000350 seconds
[2020-01-13T13:09:27.753+0000][1][safepoint    ] Entering safepoint region: BulkRevokeBias
[2020-01-13T13:09:27.753+0000][1][safepoint    ] Leaving safepoint region
[2020-01-13T13:09:27.753+0000][1][safepoint    ] Total time for which application threads were stopped: 0.0000589 seconds, Stopping threads took: 0.0000050 seconds
[2020-01-13T13:09:27.753+0000][1][safepoint    ] Application time: 0.0000149 seconds
[2020-01-13T13:09:27.753+0000][1][safepoint    ] Entering safepoint region: RevokeBias
[2020-01-13T13:09:27.753+0000][1][safepoint    ] Leaving safepoint region
[2020-01-13T13:09:27.753+0000][1][safepoint    ] Total time for which application threads were stopped: 0.0000370 seconds, Stopping threads took: 0.0000046 seconds
[2020-01-13T13:09:27.753+0000][1][safepoint    ] Application time: 0.0000180 seconds
[2020-01-13T13:09:27.753+0000][1][safepoint    ] Entering safepoint region: BulkRevokeBias
[2020-01-13T13:09:27.754+0000][1][safepoint    ] Leaving safepoint region
[2020-01-13T13:09:27.754+0000][1][safepoint    ] Total time for which application threads were stopped: 0.0000490 seconds, Stopping threads took: 0.0000048 seconds
[2020-01-13T13:09:27.782+0000][1][safepoint    ] Application time: 0.0286266 seconds
[2020-01-13T13:09:27.783+0000][1][safepoint    ] Entering safepoint region: RevokeBias
[2020-01-13T13:09:27.783+0000][1][safepoint    ] Leaving safepoint region
[2020-01-13T13:09:27.783+0000][1][safepoint    ] Total time for which application threads were stopped: 0.0010842 seconds, Stopping threads took: 0.0010052 seconds
[2020-01-13T13:09:27.802+0000][1][safepoint    ] Application time: 0.0185443 seconds
[2020-01-13T13:09:27.802+0000][1][safepoint    ] Entering safepoint region: RevokeBias
[2020-01-13T13:09:27.802+0000][1][safepoint    ] Leaving safepoint region
[2020-01-13T13:09:27.802+0000][1][safepoint    ] Total time for which application threads were stopped: 0.0000988 seconds, Stopping threads took: 0.0000213 seconds
[2020-01-13T13:09:27.807+0000][1][safepoint    ] Application time: 0.0051611 seconds
[2020-01-13T13:09:27.807+0000][1][safepoint    ] Entering safepoint region: RevokeBias
[2020-01-13T13:09:27.807+0000][1][safepoint    ] Leaving safepoint region
[2020-01-13T13:09:27.807+0000][1][safepoint    ] Total time for which application threads were stopped: 0.0000898 seconds, Stopping threads took: 0.0000272 seconds
[2020-01-13T13:09:28.100+0000][1][safepoint    ] Application time: 0.2927653 seconds
[2020-01-13T13:09:28.100+0000][1][safepoint    ] Entering safepoint region: GenCollectForAllocation
[2020-01-13T13:09:28.100+0000][1][gc,start     ] GC(2) Pause Young (Allocation Failure)
[2020-01-13T13:09:28.100+0000][1][gc,task      ] GC(2) Using 1 workers of 1 for evacuation
[2020-01-13T13:09:28.125+0000][1][gc,age       ] GC(2) Desired survivor size 4358144 bytes, new threshold 6 (max threshold 6)
[2020-01-13T13:09:28.125+0000][1][gc,age       ] GC(2) Age table with threshold 6 (max threshold 6)
[2020-01-13T13:09:28.125+0000][1][gc,age       ] GC(2) - age   1:    2783016 bytes,    2783016 total
[2020-01-13T13:09:28.125+0000][1][gc,age       ] GC(2) - age   2:    1160360 bytes,    3943376 total
[2020-01-13T13:09:28.125+0000][1][gc,heap      ] GC(2) ParNew: 72282K->6097K(76672K)
[2020-01-13T13:09:28.125+0000][1][gc,heap      ] GC(2) CMS: 6671K->6671K(176960K)
[2020-01-13T13:09:28.125+0000][1][gc,metaspace ] GC(2) Metaspace: 14906K->14906K(1062912K)
[2020-01-13T13:09:28.125+0000][1][gc           ] GC(2) Pause Young (Allocation Failure) 77M->12M(247M) 24.453ms
[2020-01-13T13:09:28.125+0000][1][gc,cpu       ] GC(2) User=0.02s Sys=0.00s Real=0.02s
[2020-01-13T13:09:28.125+0000][1][safepoint    ] Leaving safepoint region
[2020-01-13T13:09:28.125+0000][1][safepoint    ] Total time for which application threads were stopped: 0.0248406 seconds, Stopping threads took: 0.0002420 seconds
[2020-01-13T13:09:28.132+0000][1][safepoint    ] Application time: 0.0073996 seconds
[2020-01-13T13:09:28.132+0000][1][safepoint    ] Entering safepoint region: RevokeBias
[2020-01-13T13:09:28.133+0000][1][safepoint    ] Leaving safepoint region
[2020-01-13T13:09:28.133+0000][1][safepoint    ] Total time for which application threads were stopped: 0.0001485 seconds, Stopping threads took: 0.0000604 seconds
[2020-01-13T13:09:28.133+0000][1][safepoint    ] Application time: 0.0000320 seconds
[2020-01-13T13:09:28.133+0000][1][safepoint    ] Entering safepoint region: RevokeBias
[2020-01-13T13:09:28.133+0000][1][safepoint    ] Leaving safepoint region
[2020-01-13T13:09:28.133+0000][1][safepoint    ] Total time for which application threads were stopped: 0.0000577 seconds, Stopping threads took: 0.0000055 seconds
[2020-01-13T13:09:28.133+0000][1][safepoint    ] Application time: 0.0007234 seconds
[2020-01-13T13:09:28.133+0000][1][safepoint    ] Entering safepoint region: RevokeBias
[2020-01-13T13:09:28.133+0000][1][safepoint    ] Leaving safepoint region
[2020-01-13T13:09:28.133+0000][1][safepoint    ] Total time for which application threads were stopped: 0.0000612 seconds, Stopping threads took: 0.0000095 seconds
[2020-01-13T13:09:28.133+0000][1][safepoint    ] Application time: 0.0000202 seconds
[2020-01-13T13:09:28.133+0000][1][safepoint    ] Entering safepoint region: RevokeBias
[2020-01-13T13:09:28.134+0000][1][safepoint    ] Leaving safepoint region
[2020-01-13T13:09:28.134+0000][1][safepoint    ] Total time for which application threads were stopped: 0.0000250 seconds, Stopping threads took: 0.0000049 seconds
[2020-01-13T13:09:28.134+0000][1][safepoint    ] Application time: 0.0000184 seconds
[2020-01-13T13:09:28.134+0000][1][safepoint    ] Entering safepoint region: RevokeBias
[2020-01-13T13:09:28.134+0000][1][safepoint    ] Leaving safepoint region
[2020-01-13T13:09:28.134+0000][1][safepoint    ] Total time for which application threads were stopped: 0.0000227 seconds, Stopping threads took: 0.0000049 seconds
[2020-01-13T13:09:28.134+0000][1][safepoint    ] Application time: 0.0000141 seconds
[2020-01-13T13:09:28.134+0000][1][safepoint    ] Entering safepoint region: RevokeBias
[2020-01-13T13:09:28.134+0000][1][safepoint    ] Leaving safepoint region
[2020-01-13T13:09:28.134+0000][1][safepoint    ] Total time for which application threads were stopped: 0.0000218 seconds, Stopping threads took: 0.0000047 seconds
[2020-01-13T13:09:28.493+0000][1][safepoint    ] Application time: 0.3594361 seconds
[2020-01-13T13:09:28.496+0000][1][safepoint    ] Entering safepoint region: Deoptimize
[2020-01-13T13:09:28.497+0000][1][safepoint    ] Leaving safepoint region
[2020-01-13T13:09:28.497+0000][1][safepoint    ] Total time for which application threads were stopped: 0.0039170 seconds, Stopping threads took: 0.0033328 seconds
[2020-01-13T13:09:28.498+0000][1][safepoint    ] Application time: 0.0007792 seconds
[2020-01-13T13:09:28.498+0000][1][safepoint    ] Entering safepoint region: Deoptimize
[2020-01-13T13:09:28.498+0000][1][safepoint    ] Leaving safepoint region
[2020-01-13T13:09:28.498+0000][1][safepoint    ] Total time for which application threads were stopped: 0.0004150 seconds, Stopping threads took: 0.0000205 seconds
[2020-01-13T13:09:29.066+0000][1][safepoint    ] Application time: 0.5674081 seconds
[2020-01-13T13:09:29.066+0000][1][safepoint    ] Entering safepoint region: GenCollectForAllocation
[2020-01-13T13:09:29.066+0000][1][gc,start     ] GC(3) Pause Young (Allocation Failure)
[2020-01-13T13:09:29.067+0000][1][gc,task      ] GC(3) Using 1 workers of 1 for evacuation
[2020-01-13T13:09:29.085+0000][1][gc,age       ] GC(3) Desired survivor size 4358144 bytes, new threshold 3 (max threshold 6)
[2020-01-13T13:09:29.085+0000][1][gc,age       ] GC(3) Age table with threshold 3 (max threshold 6)
[2020-01-13T13:09:29.085+0000][1][gc,age       ] GC(3) - age   1:    3381608 bytes,    3381608 total
[2020-01-13T13:09:29.085+0000][1][gc,age       ] GC(3) - age   2:     295480 bytes,    3677088 total
[2020-01-13T13:09:29.085+0000][1][gc,age       ] GC(3) - age   3:    1157336 bytes,    4834424 total
[2020-01-13T13:09:29.085+0000][1][gc,heap      ] GC(3) ParNew: 74257K->7306K(76672K)
[2020-01-13T13:09:29.085+0000][1][gc,heap      ] GC(3) CMS: 6671K->6671K(176960K)
[2020-01-13T13:09:29.085+0000][1][gc,metaspace ] GC(3) Metaspace: 18375K->18375K(1067008K)
[2020-01-13T13:09:29.085+0000][1][gc           ] GC(3) Pause Young (Allocation Failure) 79M->13M(247M) 18.998ms
[2020-01-13T13:09:29.086+0000][1][gc,cpu       ] GC(3) User=0.02s Sys=0.00s Real=0.02s
[2020-01-13T13:09:29.086+0000][1][safepoint    ] Leaving safepoint region
[2020-01-13T13:09:29.086+0000][1][safepoint    ] Total time for which application threads were stopped: 0.0198517 seconds, Stopping threads took: 0.0006700 seconds
[2020-01-13T13:09:29.094+0000][1][safepoint    ] Application time: 0.0088058 seconds
[2020-01-13T13:09:29.094+0000][1][safepoint    ] Entering safepoint region: BulkRevokeBias
[2020-01-13T13:09:29.095+0000][1][safepoint    ] Leaving safepoint region
[2020-01-13T13:09:29.095+0000][1][safepoint    ] Total time for which application threads were stopped: 0.0001493 seconds, Stopping threads took: 0.0000133 seconds
[2020-01-13T13:09:29.095+0000][1][safepoint    ] Application time: 0.0008195 seconds
[2020-01-13T13:09:29.095+0000][1][safepoint    ] Entering safepoint region: RevokeBias
[2020-01-13T13:09:29.095+0000][1][safepoint    ] Leaving safepoint region
[2020-01-13T13:09:29.095+0000][1][safepoint    ] Total time for which application threads were stopped: 0.0000606 seconds, Stopping threads took: 0.0000096 seconds
[2020-01-13T13:09:29.096+0000][1][safepoint    ] Application time: 0.0000376 seconds
[2020-01-13T13:09:29.096+0000][1][safepoint    ] Entering safepoint region: RevokeBias
[2020-01-13T13:09:29.096+0000][1][safepoint    ] Leaving safepoint region
[2020-01-13T13:09:29.096+0000][1][safepoint    ] Total time for which application threads were stopped: 0.0000276 seconds, Stopping threads took: 0.0000050 seconds
[2020-01-13T13:09:29.096+0000][1][safepoint    ] Application time: 0.0000148 seconds
[2020-01-13T13:09:29.096+0000][1][safepoint    ] Entering safepoint region: RevokeBias
[2020-01-13T13:09:29.096+0000][1][safepoint    ] Leaving safepoint region
[2020-01-13T13:09:29.096+0000][1][safepoint    ] Total time for which application threads were stopped: 0.0000239 seconds, Stopping threads took: 0.0000049 seconds
[2020-01-13T13:09:29.096+0000][1][safepoint    ] Application time: 0.0000173 seconds
[2020-01-13T13:09:29.096+0000][1][safepoint    ] Entering safepoint region: RevokeBias
[2020-01-13T13:09:29.096+0000][1][safepoint    ] Leaving safepoint region
[2020-01-13T13:09:29.096+0000][1][safepoint    ] Total time for which application threads were stopped: 0.0000373 seconds, Stopping threads took: 0.0000168 seconds
[2020-01-13T13:09:29.096+0000][1][safepoint    ] Application time: 0.0000146 seconds
[2020-01-13T13:09:29.096+0000][1][safepoint    ] Entering safepoint region: RevokeBias
[2020-01-13T13:09:29.096+0000][1][safepoint    ] Leaving safepoint region
[2020-01-13T13:09:29.096+0000][1][safepoint    ] Total time for which application threads were stopped: 0.0000232 seconds, Stopping threads took: 0.0000046 seconds
[2020-01-13T13:09:29.096+0000][1][safepoint    ] Application time: 0.0006692 seconds
[2020-01-13T13:09:29.096+0000][1][safepoint    ] Entering safepoint region: RevokeBias
[2020-01-13T13:09:29.096+0000][1][safepoint    ] Leaving safepoint region
[2020-01-13T13:09:29.096+0000][1][safepoint    ] Total time for which application threads were stopped: 0.0000636 seconds, Stopping threads took: 0.0000220 seconds
[2020-01-13T13:09:29.096+0000][1][safepoint    ] Application time: 0.0000208 seconds
[2020-01-13T13:09:29.096+0000][1][safepoint    ] Entering safepoint region: RevokeBias
[2020-01-13T13:09:29.097+0000][1][safepoint    ] Leaving safepoint region
[2020-01-13T13:09:29.097+0000][1][safepoint    ] Total time for which application threads were stopped: 0.0000248 seconds, Stopping threads took: 0.0000048 seconds
[2020-01-13T13:09:29.098+0000][1][safepoint    ] Application time: 0.0013882 seconds
[2020-01-13T13:09:29.098+0000][1][safepoint    ] Entering safepoint region: RevokeBias
[2020-01-13T13:09:29.098+0000][1][safepoint    ] Leaving safepoint region
[2020-01-13T13:09:29.098+0000][1][safepoint    ] Total time for which application threads were stopped: 0.0000695 seconds, Stopping threads took: 0.0000095 seconds
[2020-01-13T13:09:29.098+0000][1][safepoint    ] Application time: 0.0000301 seconds
[2020-01-13T13:09:29.098+0000][1][safepoint    ] Entering safepoint region: RevokeBias
[2020-01-13T13:09:29.098+0000][1][safepoint    ] Leaving safepoint region
[2020-01-13T13:09:29.098+0000][1][safepoint    ] Total time for which application threads were stopped: 0.0000372 seconds, Stopping threads took: 0.0000071 seconds
[2020-01-13T13:09:29.098+0000][1][safepoint    ] Application time: 0.0000474 seconds
[2020-01-13T13:09:29.098+0000][1][safepoint    ] Entering safepoint region: RevokeBias
[2020-01-13T13:09:29.098+0000][1][safepoint    ] Leaving safepoint region
[2020-01-13T13:09:29.098+0000][1][safepoint    ] Total time for which application threads were stopped: 0.0000358 seconds, Stopping threads took: 0.0000068 seconds
[2020-01-13T13:09:29.098+0000][1][safepoint    ] Application time: 0.0000191 seconds
[2020-01-13T13:09:29.098+0000][1][safepoint    ] Entering safepoint region: RevokeBias
[2020-01-13T13:09:29.098+0000][1][safepoint    ] Leaving safepoint region
[2020-01-13T13:09:29.098+0000][1][safepoint    ] Total time for which application threads were stopped: 0.0000340 seconds, Stopping threads took: 0.0000069 seconds
[2020-01-13T13:09:29.099+0000][1][safepoint    ] Application time: 0.0003279 seconds
[2020-01-13T13:09:29.099+0000][1][safepoint    ] Entering safepoint region: RevokeBias
[2020-01-13T13:09:29.099+0000][1][safepoint    ] Leaving safepoint region
[2020-01-13T13:09:29.099+0000][1][safepoint    ] Total time for which application threads were stopped: 0.0000449 seconds, Stopping threads took: 0.0000092 seconds
[2020-01-13T13:09:29.099+0000][1][safepoint    ] Application time: 0.0000209 seconds
[2020-01-13T13:09:29.099+0000][1][safepoint    ] Entering safepoint region: RevokeBias
[2020-01-13T13:09:29.099+0000][1][safepoint    ] Leaving safepoint region
[2020-01-13T13:09:29.099+0000][1][safepoint    ] Total time for which application threads were stopped: 0.0000318 seconds, Stopping threads took: 0.0000047 seconds
[2020-01-13T13:09:29.099+0000][1][safepoint    ] Application time: 0.0000277 seconds
[2020-01-13T13:09:29.099+0000][1][safepoint    ] Entering safepoint region: RevokeBias
[2020-01-13T13:09:29.099+0000][1][safepoint    ] Leaving safepoint region
[2020-01-13T13:09:29.099+0000][1][safepoint    ] Total time for which application threads were stopped: 0.0000442 seconds, Stopping threads took: 0.0000166 seconds
[2020-01-13T13:09:29.099+0000][1][safepoint    ] Application time: 0.0005748 seconds
[2020-01-13T13:09:29.100+0000][1][safepoint    ] Entering safepoint region: RevokeBias
[2020-01-13T13:09:29.100+0000][1][safepoint    ] Leaving safepoint region
[2020-01-13T13:09:29.100+0000][1][safepoint    ] Total time for which application threads were stopped: 0.0010496 seconds, Stopping threads took: 0.0009864 seconds
[2020-01-13T13:09:29.100+0000][1][safepoint    ] Application time: 0.0000405 seconds
[2020-01-13T13:09:29.101+0000][1][safepoint    ] Entering safepoint region: RevokeBias
[2020-01-13T13:09:29.101+0000][1][safepoint    ] Leaving safepoint region
[2020-01-13T13:09:29.101+0000][1][safepoint    ] Total time for which application threads were stopped: 0.0000605 seconds, Stopping threads took: 0.0000091 seconds
[2020-01-13T13:09:29.101+0000][1][safepoint    ] Application time: 0.0000289 seconds
[2020-01-13T13:09:29.101+0000][1][safepoint    ] Entering safepoint region: RevokeBias
[2020-01-13T13:09:29.101+0000][1][safepoint    ] Leaving safepoint region
[2020-01-13T13:09:29.101+0000][1][safepoint    ] Total time for which application threads were stopped: 0.0000496 seconds, Stopping threads took: 0.0000088 seconds
[2020-01-13T13:09:29.101+0000][1][safepoint    ] Application time: 0.0000216 seconds
[2020-01-13T13:09:29.101+0000][1][safepoint    ] Entering safepoint region: RevokeBias
[2020-01-13T13:09:29.101+0000][1][safepoint    ] Leaving safepoint region
[2020-01-13T13:09:29.101+0000][1][safepoint    ] Total time for which application threads were stopped: 0.0000548 seconds, Stopping threads took: 0.0000049 seconds
[2020-01-13T13:09:29.101+0000][1][safepoint    ] Application time: 0.0000286 seconds
[2020-01-13T13:09:29.101+0000][1][safepoint    ] Entering safepoint region: RevokeBias
[2020-01-13T13:09:29.101+0000][1][safepoint    ] Leaving safepoint region
[2020-01-13T13:09:29.101+0000][1][safepoint    ] Total time for which application threads were stopped: 0.0000538 seconds, Stopping threads took: 0.0000081 seconds
[2020-01-13T13:09:29.101+0000][1][safepoint    ] Application time: 0.0000208 seconds
[2020-01-13T13:09:29.101+0000][1][safepoint    ] Entering safepoint region: RevokeBias
[2020-01-13T13:09:29.101+0000][1][safepoint    ] Leaving safepoint region
[2020-01-13T13:09:29.101+0000][1][safepoint    ] Total time for which application threads were stopped: 0.0000489 seconds, Stopping threads took: 0.0000076 seconds
[2020-01-13T13:09:29.408+0000][1][safepoint    ] Application time: 0.3065654 seconds
[2020-01-13T13:09:29.408+0000][1][safepoint    ] Entering safepoint region: GenCollectForAllocation
[2020-01-13T13:09:29.408+0000][1][gc,start     ] GC(4) Pause Young (Allocation Failure)
[2020-01-13T13:09:29.408+0000][1][gc,task      ] GC(4) Using 1 workers of 1 for evacuation
[2020-01-13T13:09:29.435+0000][1][gc,age       ] GC(4) Desired survivor size 4358144 bytes, new threshold 2 (max threshold 6)
[2020-01-13T13:09:29.435+0000][1][gc,age       ] GC(4) Age table with threshold 2 (max threshold 6)
[2020-01-13T13:09:29.435+0000][1][gc,age       ] GC(4) - age   1:    1149088 bytes,    1149088 total
[2020-01-13T13:09:29.435+0000][1][gc,age       ] GC(4) - age   2:    3329144 bytes,    4478232 total
[2020-01-13T13:09:29.435+0000][1][gc,age       ] GC(4) - age   3:     294952 bytes,    4773184 total
[2020-01-13T13:09:29.435+0000][1][gc,heap      ] GC(4) ParNew: 75466K->8512K(76672K)
[2020-01-13T13:09:29.435+0000][1][gc,heap      ] GC(4) CMS: 6671K->7819K(176960K)
[2020-01-13T13:09:29.435+0000][1][gc,metaspace ] GC(4) Metaspace: 18576K->18576K(1067008K)
[2020-01-13T13:09:29.435+0000][1][gc           ] GC(4) Pause Young (Allocation Failure) 80M->15M(247M) 27.640ms
[2020-01-13T13:09:29.435+0000][1][gc,cpu       ] GC(4) User=0.03s Sys=0.00s Real=0.03s
[2020-01-13T13:09:29.435+0000][1][safepoint    ] Leaving safepoint region
[2020-01-13T13:09:29.435+0000][1][safepoint    ] Total time for which application threads were stopped: 0.0278355 seconds, Stopping threads took: 0.0000377 seconds
[2020-01-13T13:09:29.440+0000][1][safepoint    ] Application time: 0.0049435 seconds
[2020-01-13T13:09:29.441+0000][1][safepoint    ] Entering safepoint region: RevokeBias
[2020-01-13T13:09:29.441+0000][1][safepoint    ] Leaving safepoint region
[2020-01-13T13:09:29.441+0000][1][safepoint    ] Total time for which application threads were stopped: 0.0008286 seconds, Stopping threads took: 0.0007577 seconds
[2020-01-13T13:09:29.441+0000][1][safepoint    ] Application time: 0.0000325 seconds
[2020-01-13T13:09:29.441+0000][1][safepoint    ] Entering safepoint region: RevokeBias
[2020-01-13T13:09:29.441+0000][1][safepoint    ] Leaving safepoint region
[2020-01-13T13:09:29.441+0000][1][safepoint    ] Total time for which application threads were stopped: 0.0000444 seconds, Stopping threads took: 0.0000052 seconds
[2020-01-13T13:09:29.441+0000][1][safepoint    ] Application time: 0.0000285 seconds
[2020-01-13T13:09:29.441+0000][1][safepoint    ] Entering safepoint region: RevokeBias
[2020-01-13T13:09:29.441+0000][1][safepoint    ] Leaving safepoint region
[2020-01-13T13:09:29.441+0000][1][safepoint    ] Total time for which application threads were stopped: 0.0000303 seconds, Stopping threads took: 0.0000049 seconds
[2020-01-13T13:09:29.441+0000][1][safepoint    ] Application time: 0.0000145 seconds
[2020-01-13T13:09:29.441+0000][1][safepoint    ] Entering safepoint region: RevokeBias
[2020-01-13T13:09:29.441+0000][1][safepoint    ] Leaving safepoint region
[2020-01-13T13:09:29.441+0000][1][safepoint    ] Total time for which application threads were stopped: 0.0000292 seconds, Stopping threads took: 0.0000046 seconds
[2020-01-13T13:09:29.500+0000][1][safepoint    ] Application time: 0.0587120 seconds
[2020-01-13T13:09:29.500+0000][1][safepoint    ] Entering safepoint region: Deoptimize
[2020-01-13T13:09:29.501+0000][1][safepoint    ] Leaving safepoint region
[2020-01-13T13:09:29.501+0000][1][safepoint    ] Total time for which application threads were stopped: 0.0005887 seconds, Stopping threads took: 0.0000297 seconds
[2020-01-13T13:09:29.591+0000][1][safepoint    ] Application time: 0.0905077 seconds
[2020-01-13T13:09:29.595+0000][1][safepoint    ] Entering safepoint region: Deoptimize
[2020-01-13T13:09:29.596+0000][1][safepoint    ] Leaving safepoint region
[2020-01-13T13:09:29.596+0000][1][safepoint    ] Total time for which application threads were stopped: 0.0046106 seconds, Stopping threads took: 0.0040342 seconds
[2020-01-13T13:09:29.606+0000][1][safepoint    ] Application time: 0.0102685 seconds
[2020-01-13T13:09:29.607+0000][1][safepoint    ] Entering safepoint region: RevokeBias
[2020-01-13T13:09:29.607+0000][1][safepoint    ] Leaving safepoint region
[2020-01-13T13:09:29.607+0000][1][safepoint    ] Total time for which application threads were stopped: 0.0011618 seconds, Stopping threads took: 0.0010817 seconds
[2020-01-13T13:09:29.612+0000][1][safepoint    ] Application time: 0.0046747 seconds
[2020-01-13T13:09:29.612+0000][1][safepoint    ] Entering safepoint region: RevokeBias
[2020-01-13T13:09:29.612+0000][1][safepoint    ] Leaving safepoint region
[2020-01-13T13:09:29.612+0000][1][safepoint    ] Total time for which application threads were stopped: 0.0000856 seconds, Stopping threads took: 0.0000210 seconds
[2020-01-13T13:09:29.826+0000][1][safepoint    ] Application time: 0.2140011 seconds
[2020-01-13T13:09:29.829+0000][1][safepoint    ] Entering safepoint region: GenCollectForAllocation
[2020-01-13T13:09:29.830+0000][1][gc,start     ] GC(5) Pause Young (Allocation Failure)
[2020-01-13T13:09:29.830+0000][1][gc,task      ] GC(5) Using 1 workers of 1 for evacuation
[2020-01-13T13:09:29.863+0000][1][gc,age       ] GC(5) Desired survivor size 4358144 bytes, new threshold 6 (max threshold 6)
[2020-01-13T13:09:29.863+0000][1][gc,age       ] GC(5) Age table with threshold 6 (max threshold 6)
[2020-01-13T13:09:29.863+0000][1][gc,age       ] GC(5) - age   1:    2168912 bytes,    2168912 total
[2020-01-13T13:09:29.863+0000][1][gc,age       ] GC(5) - age   2:     442592 bytes,    2611504 total
[2020-01-13T13:09:29.863+0000][1][gc,heap      ] GC(5) ParNew: 76672K->2860K(76672K)
[2020-01-13T13:09:29.863+0000][1][gc,heap      ] GC(5) CMS: 7819K->11389K(176960K)
[2020-01-13T13:09:29.863+0000][1][gc,metaspace ] GC(5) Metaspace: 18836K->18836K(1067008K)
[2020-01-13T13:09:29.863+0000][1][gc           ] GC(5) Pause Young (Allocation Failure) 82M->13M(247M) 33.108ms
[2020-01-13T13:09:29.863+0000][1][gc,cpu       ] GC(5) User=0.03s Sys=0.00s Real=0.03s
[2020-01-13T13:09:29.863+0000][1][safepoint    ] Leaving safepoint region
[2020-01-13T13:09:29.863+0000][1][safepoint    ] Total time for which application threads were stopped: 0.0364792 seconds, Stopping threads took: 0.0031992 seconds
[2020-01-13T13:09:29.872+0000][1][safepoint    ] Application time: 0.0095291 seconds
[2020-01-13T13:09:29.876+0000][1][safepoint    ] Entering safepoint region: RevokeBias
[2020-01-13T13:09:29.877+0000][1][safepoint    ] Leaving safepoint region
[2020-01-13T13:09:29.877+0000][1][safepoint    ] Total time for which application threads were stopped: 0.0042627 seconds, Stopping threads took: 0.0041304 seconds
[2020-01-13T13:09:29.877+0000][1][safepoint    ] Application time: 0.0000470 seconds
[2020-01-13T13:09:29.877+0000][1][safepoint    ] Entering safepoint region: RevokeBias
[2020-01-13T13:09:29.877+0000][1][safepoint    ] Leaving safepoint region
[2020-01-13T13:09:29.877+0000][1][safepoint    ] Total time for which application threads were stopped: 0.0000613 seconds, Stopping threads took: 0.0000079 seconds
[2020-01-13T13:09:29.877+0000][1][safepoint    ] Application time: 0.0000352 seconds
[2020-01-13T13:09:29.877+0000][1][safepoint    ] Entering safepoint region: RevokeBias
[2020-01-13T13:09:29.877+0000][1][safepoint    ] Leaving safepoint region
[2020-01-13T13:09:29.877+0000][1][safepoint    ] Total time for which application threads were stopped: 0.0000421 seconds, Stopping threads took: 0.0000061 seconds
[2020-01-13T13:09:29.877+0000][1][safepoint    ] Application time: 0.0000164 seconds
[2020-01-13T13:09:29.877+0000][1][safepoint    ] Entering safepoint region: RevokeBias
[2020-01-13T13:09:29.877+0000][1][safepoint    ] Leaving safepoint region
[2020-01-13T13:09:29.877+0000][1][safepoint    ] Total time for which application threads were stopped: 0.0000491 seconds, Stopping threads took: 0.0000062 seconds
[2020-01-13T13:09:29.877+0000][1][safepoint    ] Application time: 0.0000242 seconds
[2020-01-13T13:09:29.877+0000][1][safepoint    ] Entering safepoint region: RevokeBias
[2020-01-13T13:09:29.877+0000][1][safepoint    ] Leaving safepoint region
[2020-01-13T13:09:29.877+0000][1][safepoint    ] Total time for which application threads were stopped: 0.0000387 seconds, Stopping threads took: 0.0000062 seconds
[2020-01-13T13:09:29.877+0000][1][safepoint    ] Application time: 0.0000160 seconds
[2020-01-13T13:09:29.877+0000][1][safepoint    ] Entering safepoint region: RevokeBias
[2020-01-13T13:09:29.877+0000][1][safepoint    ] Leaving safepoint region
[2020-01-13T13:09:29.877+0000][1][safepoint    ] Total time for which application threads were stopped: 0.0000363 seconds, Stopping threads took: 0.0000058 seconds
[2020-01-13T13:09:30.141+0000][1][safepoint    ] Application time: 0.2639728 seconds
[2020-01-13T13:09:30.141+0000][1][safepoint    ] Entering safepoint region: RevokeBias
[2020-01-13T13:09:30.141+0000][1][safepoint    ] Leaving safepoint region
[2020-01-13T13:09:30.141+0000][1][safepoint    ] Total time for which application threads were stopped: 0.0001134 seconds, Stopping threads took: 0.0000266 seconds
[2020-01-13T13:09:30.156+0000][1][safepoint    ] Application time: 0.0150751 seconds
[2020-01-13T13:09:30.156+0000][1][safepoint    ] Entering safepoint region: GenCollectForAllocation
[2020-01-13T13:09:30.156+0000][1][gc,start     ] GC(6) Pause Young (Allocation Failure)
[2020-01-13T13:09:30.157+0000][1][gc,task      ] GC(6) Using 1 workers of 1 for evacuation
[2020-01-13T13:09:30.163+0000][1][gc,age       ] GC(6) Desired survivor size 4358144 bytes, new threshold 6 (max threshold 6)
[2020-01-13T13:09:30.163+0000][1][gc,age       ] GC(6) Age table with threshold 6 (max threshold 6)
[2020-01-13T13:09:30.163+0000][1][gc,age       ] GC(6) - age   1:     755832 bytes,     755832 total
[2020-01-13T13:09:30.163+0000][1][gc,age       ] GC(6) - age   2:    2155520 bytes,    2911352 total
[2020-01-13T13:09:30.163+0000][1][gc,age       ] GC(6) - age   3:     442592 bytes,    3353944 total
[2020-01-13T13:09:30.163+0000][1][gc,heap      ] GC(6) ParNew: 70817K->5766K(76672K)
[2020-01-13T13:09:30.163+0000][1][gc,heap      ] GC(6) CMS: 11389K->11389K(176960K)
[2020-01-13T13:09:30.163+0000][1][gc,metaspace ] GC(6) Metaspace: 19148K->19148K(1067008K)
[2020-01-13T13:09:30.163+0000][1][gc           ] GC(6) Pause Young (Allocation Failure) 80M->16M(247M) 6.545ms
[2020-01-13T13:09:30.163+0000][1][gc,cpu       ] GC(6) User=0.01s Sys=0.00s Real=0.01s
[2020-01-13T13:09:30.163+0000][1][safepoint    ] Leaving safepoint region
[2020-01-13T13:09:30.163+0000][1][safepoint    ] Total time for which application threads were stopped: 0.0067075 seconds, Stopping threads took: 0.0000303 seconds
[2020-01-13T13:09:30.173+0000][1][safepoint    ] Application time: 0.0102714 seconds
[2020-01-13T13:09:30.180+0000][1][safepoint    ] Entering safepoint region: BulkRevokeBias
[2020-01-13T13:09:30.180+0000][1][safepoint    ] Leaving safepoint region
[2020-01-13T13:09:30.180+0000][1][safepoint    ] Total time for which application threads were stopped: 0.0068596 seconds, Stopping threads took: 0.0067117 seconds
[2020-01-13T13:09:30.180+0000][1][safepoint    ] Application time: 0.0000570 seconds
[2020-01-13T13:09:30.180+0000][1][safepoint    ] Entering safepoint region: BulkRevokeBias
[2020-01-13T13:09:30.180+0000][1][safepoint    ] Leaving safepoint region
[2020-01-13T13:09:30.180+0000][1][safepoint    ] Total time for which application threads were stopped: 0.0000486 seconds, Stopping threads took: 0.0000054 seconds
[2020-01-13T13:09:30.485+0000][1][safepoint    ] Application time: 0.3043645 seconds
[2020-01-13T13:09:30.485+0000][1][safepoint    ] Entering safepoint region: GenCollectForAllocation
[2020-01-13T13:09:30.485+0000][1][gc,start     ] GC(7) Pause Young (Allocation Failure)
[2020-01-13T13:09:30.485+0000][1][gc,task      ] GC(7) Using 1 workers of 1 for evacuation
[2020-01-13T13:09:30.511+0000][1][gc,age       ] GC(7) Desired survivor size 4358144 bytes, new threshold 3 (max threshold 6)
[2020-01-13T13:09:30.511+0000][1][gc,age       ] GC(7) Age table with threshold 3 (max threshold 6)
[2020-01-13T13:09:30.511+0000][1][gc,age       ] GC(7) - age   1:    3340464 bytes,    3340464 total
[2020-01-13T13:09:30.511+0000][1][gc,age       ] GC(7) - age   2:     212064 bytes,    3552528 total
[2020-01-13T13:09:30.511+0000][1][gc,age       ] GC(7) - age   3:    2155496 bytes,    5708024 total
[2020-01-13T13:09:30.511+0000][1][gc,age       ] GC(7) - age   4:     442592 bytes,    6150616 total
[2020-01-13T13:09:30.511+0000][1][gc,heap      ] GC(7) ParNew: 73926K->6774K(76672K)
[2020-01-13T13:09:30.511+0000][1][gc,heap      ] GC(7) CMS: 11389K->11389K(176960K)
[2020-01-13T13:09:30.511+0000][1][gc,metaspace ] GC(7) Metaspace: 19472K->19472K(1067008K)
[2020-01-13T13:09:30.511+0000][1][gc           ] GC(7) Pause Young (Allocation Failure) 83M->17M(247M) 26.443ms
[2020-01-13T13:09:30.511+0000][1][gc,cpu       ] GC(7) User=0.03s Sys=0.00s Real=0.03s
[2020-01-13T13:09:30.511+0000][1][safepoint    ] Leaving safepoint region
[2020-01-13T13:09:30.511+0000][1][safepoint    ] Total time for which application threads were stopped: 0.0266013 seconds, Stopping threads took: 0.0000257 seconds
[2020-01-13T13:09:30.669+0000][1][safepoint    ] Application time: 0.1579364 seconds
[2020-01-13T13:09:30.669+0000][1][safepoint    ] Entering safepoint region: CollectForMetadataAllocation
[2020-01-13T13:09:30.670+0000][1][safepoint    ] Leaving safepoint region
[2020-01-13T13:09:30.670+0000][1][safepoint    ] Total time for which application threads were stopped: 0.0003191 seconds, Stopping threads took: 0.0000363 seconds
[2020-01-13T13:09:30.984+0000][1][safepoint    ] Application time: 0.3144021 seconds
[2020-01-13T13:09:30.987+0000][1][safepoint    ] Entering safepoint region: GenCollectForAllocation
[2020-01-13T13:09:30.987+0000][1][gc,start     ] GC(8) Pause Young (Allocation Failure)
[2020-01-13T13:09:30.987+0000][1][gc,task      ] GC(8) Using 1 workers of 1 for evacuation
[2020-01-13T13:09:31.005+0000][1][gc,age       ] GC(8) Desired survivor size 4358144 bytes, new threshold 6 (max threshold 6)
[2020-01-13T13:09:31.005+0000][1][gc,age       ] GC(8) Age table with threshold 6 (max threshold 6)
[2020-01-13T13:09:31.005+0000][1][gc,age       ] GC(8) - age   1:    2166424 bytes,    2166424 total
[2020-01-13T13:09:31.005+0000][1][gc,age       ] GC(8) - age   2:    1295688 bytes,    3462112 total
[2020-01-13T13:09:31.005+0000][1][gc,age       ] GC(8) - age   3:     211920 bytes,    3674032 total
[2020-01-13T13:09:31.005+0000][1][gc,heap      ] GC(8) ParNew: 74934K->4928K(76672K)
[2020-01-13T13:09:31.005+0000][1][gc,heap      ] GC(8) CMS: 11389K->13941K(176960K)
[2020-01-13T13:09:31.005+0000][1][gc,metaspace ] GC(8) Metaspace: 20279K->20279K(1069056K)
[2020-01-13T13:09:31.005+0000][1][gc           ] GC(8) Pause Young (Allocation Failure) 84M->18M(247M) 18.322ms
[2020-01-13T13:09:31.005+0000][1][gc,cpu       ] GC(8) User=0.02s Sys=0.00s Real=0.02s
[2020-01-13T13:09:31.005+0000][1][safepoint    ] Leaving safepoint region
[2020-01-13T13:09:31.005+0000][1][safepoint    ] Total time for which application threads were stopped: 0.0212881 seconds, Stopping threads took: 0.0028089 seconds
[2020-01-13T13:09:31.014+0000][1][safepoint    ] Application time: 0.0088747 seconds
[2020-01-13T13:09:31.015+0000][1][safepoint    ] Entering safepoint region: CMS_Initial_Mark
[2020-01-13T13:09:31.015+0000][1][gc,start     ] GC(9) Pause Initial Mark
[2020-01-13T13:09:31.019+0000][1][gc           ] GC(9) Pause Initial Mark 23M->23M(247M) 3.356ms
[2020-01-13T13:09:31.019+0000][1][gc,cpu       ] GC(9) User=0.00s Sys=0.00s Real=0.00s
[2020-01-13T13:09:31.019+0000][1][safepoint    ] Leaving safepoint region
[2020-01-13T13:09:31.019+0000][1][safepoint    ] Total time for which application threads were stopped: 0.0042361 seconds, Stopping threads took: 0.0007434 seconds
[2020-01-13T13:09:31.026+0000][1][gc           ] GC(9) Concurrent Mark
[2020-01-13T13:09:31.076+0000][1][gc           ] GC(9) Concurrent Mark 49.791ms
[2020-01-13T13:09:31.076+0000][1][gc,cpu       ] GC(9) User=0.05s Sys=0.01s Real=0.05s
[2020-01-13T13:09:31.076+0000][1][gc           ] GC(9) Concurrent Preclean
[2020-01-13T13:09:31.083+0000][1][gc           ] GC(9) Concurrent Preclean 6.521ms
[2020-01-13T13:09:31.083+0000][1][gc,cpu       ] GC(9) User=0.00s Sys=0.00s Real=0.01s
[2020-01-13T13:09:31.083+0000][1][gc           ] GC(9) Concurrent Abortable Preclean
[2020-01-13T13:09:31.172+0000][1][safepoint    ] Application time: 0.1535693 seconds
[2020-01-13T13:09:31.175+0000][1][safepoint    ] Entering safepoint region: CollectForMetadataAllocation
[2020-01-13T13:09:31.175+0000][1][safepoint    ] Leaving safepoint region
[2020-01-13T13:09:31.175+0000][1][safepoint    ] Total time for which application threads were stopped: 0.0029352 seconds, Stopping threads took: 0.0026778 seconds
[2020-01-13T13:09:31.321+0000][1][safepoint    ] Application time: 0.1457116 seconds
[2020-01-13T13:09:31.321+0000][1][safepoint    ] Entering safepoint region: GenCollectForAllocation
[2020-01-13T13:09:31.321+0000][1][gc,start     ] GC(10) Pause Young (Allocation Failure)
[2020-01-13T13:09:31.321+0000][1][gc,task      ] GC(10) Using 1 workers of 1 for evacuation
[2020-01-13T13:09:31.332+0000][1][gc,age       ] GC(10) Desired survivor size 4358144 bytes, new threshold 6 (max threshold 6)
[2020-01-13T13:09:31.332+0000][1][gc,age       ] GC(10) Age table with threshold 6 (max threshold 6)
[2020-01-13T13:09:31.332+0000][1][gc,age       ] GC(10) - age   1:     845648 bytes,     845648 total
[2020-01-13T13:09:31.332+0000][1][gc,age       ] GC(10) - age   2:     619528 bytes,    1465176 total
[2020-01-13T13:09:31.332+0000][1][gc,age       ] GC(10) - age   3:    1295568 bytes,    2760744 total
[2020-01-13T13:09:31.332+0000][1][gc,age       ] GC(10) - age   4:     211792 bytes,    2972536 total
[2020-01-13T13:09:31.332+0000][1][gc,heap      ] GC(10) ParNew: 73088K->3923K(76672K)
[2020-01-13T13:09:31.332+0000][1][gc,heap      ] GC(10) CMS: 13941K->13941K(176960K)
[2020-01-13T13:09:31.332+0000][1][gc,metaspace ] GC(10) Metaspace: 20393K->20393K(1069056K)
[2020-01-13T13:09:31.332+0000][1][gc           ] GC(10) Pause Young (Allocation Failure) 84M->17M(247M) 11.204ms
[2020-01-13T13:09:31.332+0000][1][gc,cpu       ] GC(10) User=0.02s Sys=0.00s Real=0.01s
[2020-01-13T13:09:31.332+0000][1][safepoint    ] Leaving safepoint region
[2020-01-13T13:09:31.332+0000][1][safepoint    ] Total time for which application threads were stopped: 0.0113677 seconds, Stopping threads took: 0.0000284 seconds
[2020-01-13T13:09:31.616+0000][1][gc           ] GC(9) Concurrent Abortable Preclean 532.681ms
[2020-01-13T13:09:31.616+0000][1][gc,cpu       ] GC(9) User=0.51s Sys=0.01s Real=0.53s
[2020-01-13T13:09:31.616+0000][1][safepoint    ] Application time: 0.2833021 seconds
[2020-01-13T13:09:31.620+0000][1][safepoint    ] Entering safepoint region: CMS_Final_Remark
[2020-01-13T13:09:31.620+0000][1][gc,start     ] GC(9) Pause Remark
[2020-01-13T13:09:31.669+0000][1][gc           ] GC(9) Pause Remark 75M->75M(247M) 48.769ms
[2020-01-13T13:09:31.669+0000][1][gc,cpu       ] GC(9) User=0.05s Sys=0.00s Real=0.04s
[2020-01-13T13:09:31.669+0000][1][safepoint    ] Leaving safepoint region
[2020-01-13T13:09:31.669+0000][1][safepoint    ] Total time for which application threads were stopped: 0.0531689 seconds, Stopping threads took: 0.0041949 seconds
[2020-01-13T13:09:31.682+0000][1][gc           ] GC(9) Concurrent Sweep
[2020-01-13T13:09:31.694+0000][1][gc           ] GC(9) Concurrent Sweep 11.320ms
[2020-01-13T13:09:31.694+0000][1][gc,cpu       ] GC(9) User=0.01s Sys=0.00s Real=0.01s
[2020-01-13T13:09:31.694+0000][1][gc           ] GC(9) Concurrent Reset
[2020-01-13T13:09:31.694+0000][1][gc           ] GC(9) Concurrent Reset 0.423ms
[2020-01-13T13:09:31.694+0000][1][gc,cpu       ] GC(9) User=0.00s Sys=0.00s Real=0.00s
[2020-01-13T13:09:31.694+0000][1][gc,heap      ] GC(9) Old: 13941K->13914K(176960K)
[2020-01-13T13:09:31.701+0000][1][safepoint    ] Application time: 0.0321056 seconds
[2020-01-13T13:09:31.704+0000][1][safepoint    ] Entering safepoint region: GenCollectForAllocation
[2020-01-13T13:09:31.705+0000][1][gc,start     ] GC(11) Pause Young (Allocation Failure)
[2020-01-13T13:09:31.705+0000][1][gc,task      ] GC(11) Using 1 workers of 1 for evacuation
[2020-01-13T13:09:31.715+0000][1][gc,age       ] GC(11) Desired survivor size 4358144 bytes, new threshold 6 (max threshold 6)
[2020-01-13T13:09:31.715+0000][1][gc,age       ] GC(11) Age table with threshold 6 (max threshold 6)
[2020-01-13T13:09:31.715+0000][1][gc,age       ] GC(11) - age   1:     278352 bytes,     278352 total
[2020-01-13T13:09:31.715+0000][1][gc,age       ] GC(11) - age   2:     135536 bytes,     413888 total
[2020-01-13T13:09:31.715+0000][1][gc,age       ] GC(11) - age   3:     619384 bytes,    1033272 total
[2020-01-13T13:09:31.715+0000][1][gc,age       ] GC(11) - age   4:    1295464 bytes,    2328736 total
[2020-01-13T13:09:31.715+0000][1][gc,age       ] GC(11) - age   5:     211648 bytes,    2540384 total
[2020-01-13T13:09:31.715+0000][1][gc,heap      ] GC(11) ParNew: 72083K->3157K(76672K)
[2020-01-13T13:09:31.715+0000][1][gc,heap      ] GC(11) CMS: 13914K->13914K(176960K)
[2020-01-13T13:09:31.715+0000][1][gc,metaspace ] GC(11) Metaspace: 20470K->20470K(1069056K)
[2020-01-13T13:09:31.715+0000][1][gc           ] GC(11) Pause Young (Allocation Failure) 83M->16M(247M) 9.911ms
[2020-01-13T13:09:31.715+0000][1][gc,cpu       ] GC(11) User=0.01s Sys=0.00s Real=0.01s
[2020-01-13T13:09:31.715+0000][1][safepoint    ] Leaving safepoint region
[2020-01-13T13:09:31.715+0000][1][safepoint    ] Total time for which application threads were stopped: 0.0139916 seconds, Stopping threads took: 0.0033915 seconds
[2020-01-13T13:09:31.941+0000][1][safepoint    ] Application time: 0.2263852 seconds
[2020-01-13T13:09:31.945+0000][1][safepoint    ] Entering safepoint region: Deoptimize
[2020-01-13T13:09:31.946+0000][1][safepoint    ] Leaving safepoint region
[2020-01-13T13:09:31.946+0000][1][safepoint    ] Total time for which application threads were stopped: 0.0047438 seconds, Stopping threads took: 0.0039999 seconds
[2020-01-13T13:09:32.702+0000][1][safepoint    ] Application time: 0.7553945 seconds
[2020-01-13T13:09:32.705+0000][1][safepoint    ] Entering safepoint region: GenCollectForAllocation
[2020-01-13T13:09:32.706+0000][1][gc,start     ] GC(12) Pause Young (Allocation Failure)
[2020-01-13T13:09:32.706+0000][1][gc,task      ] GC(12) Using 1 workers of 1 for evacuation
[2020-01-13T13:09:32.721+0000][1][gc,age       ] GC(12) Desired survivor size 4358144 bytes, new threshold 6 (max threshold 6)
[2020-01-13T13:09:32.721+0000][1][gc,age       ] GC(12) Age table with threshold 6 (max threshold 6)
[2020-01-13T13:09:32.721+0000][1][gc,age       ] GC(12) - age   1:    1247440 bytes,    1247440 total
[2020-01-13T13:09:32.721+0000][1][gc,age       ] GC(12) - age   2:     264704 bytes,    1512144 total
[2020-01-13T13:09:32.721+0000][1][gc,age       ] GC(12) - age   3:     135424 bytes,    1647568 total
[2020-01-13T13:09:32.721+0000][1][gc,age       ] GC(12) - age   4:     619384 bytes,    2266952 total
[2020-01-13T13:09:32.721+0000][1][gc,age       ] GC(12) - age   5:    1295080 bytes,    3562032 total
[2020-01-13T13:09:32.721+0000][1][gc,age       ] GC(12) - age   6:     211384 bytes,    3773416 total
[2020-01-13T13:09:32.721+0000][1][gc,heap      ] GC(12) ParNew: 71317K->5300K(76672K)
[2020-01-13T13:09:32.721+0000][1][gc,heap      ] GC(12) CMS: 13914K->13914K(176960K)
[2020-01-13T13:09:32.721+0000][1][gc,metaspace ] GC(12) Metaspace: 23650K->23650K(1071104K)
[2020-01-13T13:09:32.721+0000][1][gc           ] GC(12) Pause Young (Allocation Failure) 83M->18M(247M) 15.077ms
[2020-01-13T13:09:32.721+0000][1][gc,cpu       ] GC(12) User=0.02s Sys=0.00s Real=0.02s
[2020-01-13T13:09:32.721+0000][1][safepoint    ] Leaving safepoint region
[2020-01-13T13:09:32.721+0000][1][safepoint    ] Total time for which application threads were stopped: 0.0192722 seconds, Stopping threads took: 0.0037415 seconds
[2020-01-13T13:09:32.972+0000][1][safepoint    ] Application time: 0.2512292 seconds
[2020-01-13T13:09:32.972+0000][1][safepoint    ] Entering safepoint region: Deoptimize
[2020-01-13T13:09:32.973+0000][1][safepoint    ] Leaving safepoint region
[2020-01-13T13:09:32.973+0000][1][safepoint    ] Total time for which application threads were stopped: 0.0006334 seconds, Stopping threads took: 0.0000331 seconds
[2020-01-13T13:09:33.008+0000][1][safepoint    ] Application time: 0.0348420 seconds
[2020-01-13T13:09:33.009+0000][1][safepoint    ] Entering safepoint region: Deoptimize
[2020-01-13T13:09:33.010+0000][1][safepoint    ] Leaving safepoint region
[2020-01-13T13:09:33.010+0000][1][safepoint    ] Total time for which application threads were stopped: 0.0021523 seconds, Stopping threads took: 0.0015772 seconds
[2020-01-13T13:09:33.020+0000][1][safepoint    ] Application time: 0.0100294 seconds
[2020-01-13T13:09:33.020+0000][1][safepoint    ] Entering safepoint region: Deoptimize
[2020-01-13T13:09:33.021+0000][1][safepoint    ] Leaving safepoint region
[2020-01-13T13:09:33.021+0000][1][safepoint    ] Total time for which application threads were stopped: 0.0005824 seconds, Stopping threads took: 0.0000206 seconds
[2020-01-13T13:09:33.041+0000][1][safepoint    ] Application time: 0.0200310 seconds
[2020-01-13T13:09:33.041+0000][1][safepoint    ] Entering safepoint region: RevokeBias
[2020-01-13T13:09:33.041+0000][1][safepoint    ] Leaving safepoint region
[2020-01-13T13:09:33.041+0000][1][safepoint    ] Total time for which application threads were stopped: 0.0008186 seconds, Stopping threads took: 0.0007534 seconds
[2020-01-13T13:09:34.042+0000][1][safepoint    ] Application time: 1.0001039 seconds
[2020-01-13T13:09:34.049+0000][1][safepoint    ] Entering safepoint region: Cleanup
[2020-01-13T13:09:34.050+0000][1][safepoint    ] Leaving safepoint region
[2020-01-13T13:09:34.050+0000][1][safepoint    ] Total time for which application threads were stopped: 0.0079161 seconds, Stopping threads took: 0.0075355 seconds
[2020-01-13T13:09:34.146+0000][1][safepoint    ] Application time: 0.0961274 seconds
[2020-01-13T13:09:34.146+0000][1][safepoint    ] Entering safepoint region: RevokeBias
[2020-01-13T13:09:34.146+0000][1][safepoint    ] Leaving safepoint region
[2020-01-13T13:09:34.146+0000][1][safepoint    ] Total time for which application threads were stopped: 0.0001216 seconds, Stopping threads took: 0.0000259 seconds
[2020-01-13T13:09:34.444+0000][1][safepoint    ] Application time: 0.2976582 seconds
[2020-01-13T13:09:34.444+0000][1][safepoint    ] Entering safepoint region: GenCollectForAllocation
[2020-01-13T13:09:34.444+0000][1][gc,start     ] GC(13) Pause Young (Allocation Failure)
[2020-01-13T13:09:34.444+0000][1][gc,task      ] GC(13) Using 1 workers of 1 for evacuation
[2020-01-13T13:09:34.526+0000][1][gc,age       ] GC(13) Desired survivor size 4358144 bytes, new threshold 1 (max threshold 6)
[2020-01-13T13:09:34.526+0000][1][gc,age       ] GC(13) Age table with threshold 1 (max threshold 6)
[2020-01-13T13:09:34.526+0000][1][gc,age       ] GC(13) - age   1:    5813280 bytes,    5813280 total
[2020-01-13T13:09:34.526+0000][1][gc,age       ] GC(13) - age   2:     669464 bytes,    6482744 total
[2020-01-13T13:09:34.526+0000][1][gc,age       ] GC(13) - age   3:     255520 bytes,    6738264 total
[2020-01-13T13:09:34.526+0000][1][gc,age       ] GC(13) - age   4:     127152 bytes,    6865416 total
[2020-01-13T13:09:34.526+0000][1][gc,age       ] GC(13) - age   5:     563800 bytes,    7429216 total
[2020-01-13T13:09:34.526+0000][1][gc,age       ] GC(13) - age   6:    1286968 bytes,    8716184 total
[2020-01-13T13:09:34.526+0000][1][gc,heap      ] GC(13) ParNew: 73460K->8512K(76672K)
[2020-01-13T13:09:34.526+0000][1][gc,heap      ] GC(13) CMS: 13914K->23350K(176960K)
[2020-01-13T13:09:34.526+0000][1][gc,metaspace ] GC(13) Metaspace: 26920K->26920K(1075200K)
[2020-01-13T13:09:34.526+0000][1][gc           ] GC(13) Pause Young (Allocation Failure) 85M->31M(247M) 82.778ms
[2020-01-13T13:09:34.526+0000][1][gc,cpu       ] GC(13) User=0.08s Sys=0.00s Real=0.08s
[2020-01-13T13:09:34.526+0000][1][safepoint    ] Leaving safepoint region
[2020-01-13T13:09:34.526+0000][1][safepoint    ] Total time for which application threads were stopped: 0.0829251 seconds, Stopping threads took: 0.0000262 seconds
[2020-01-13T13:09:35.696+0000][1][safepoint    ] Application time: 1.1694716 seconds
[2020-01-13T13:09:35.699+0000][1][safepoint    ] Entering safepoint region: GenCollectForAllocation
[2020-01-13T13:09:35.699+0000][1][gc,start     ] GC(14) Pause Young (Allocation Failure)
[2020-01-13T13:09:35.699+0000][1][gc,task      ] GC(14) Using 1 workers of 1 for evacuation
[2020-01-13T13:09:35.786+0000][1][gc,age       ] GC(14) Desired survivor size 4358144 bytes, new threshold 1 (max threshold 6)
[2020-01-13T13:09:35.786+0000][1][gc,age       ] GC(14) Age table with threshold 1 (max threshold 6)
[2020-01-13T13:09:35.786+0000][1][gc,age       ] GC(14) - age   1:    8716240 bytes,    8716240 total
[2020-01-13T13:09:35.786+0000][1][gc,heap      ] GC(14) ParNew: 76672K->8512K(76672K)
[2020-01-13T13:09:35.786+0000][1][gc,heap      ] GC(14) CMS: 23350K->35394K(176960K)
[2020-01-13T13:09:35.786+0000][1][gc,metaspace ] GC(14) Metaspace: 27044K->27044K(1075200K)
[2020-01-13T13:09:35.786+0000][1][gc           ] GC(14) Pause Young (Allocation Failure) 97M->42M(247M) 86.715ms
[2020-01-13T13:09:35.786+0000][1][gc,cpu       ] GC(14) User=0.09s Sys=0.00s Real=0.08s
[2020-01-13T13:09:35.786+0000][1][safepoint    ] Leaving safepoint region
[2020-01-13T13:09:35.786+0000][1][safepoint    ] Total time for which application threads were stopped: 0.0900895 seconds, Stopping threads took: 0.0031697 seconds
[2020-01-13T13:09:36.793+0000][1][safepoint    ] Application time: 1.0072745 seconds
[2020-01-13T13:09:36.794+0000][1][safepoint    ] Entering safepoint region: Cleanup
[2020-01-13T13:09:36.794+0000][1][safepoint    ] Leaving safepoint region
[2020-01-13T13:09:36.794+0000][1][safepoint    ] Total time for which application threads were stopped: 0.0001717 seconds, Stopping threads took: 0.0001310 seconds
[2020-01-13T13:09:37.228+0000][1][safepoint    ] Application time: 0.4343267 seconds
[2020-01-13T13:09:37.229+0000][1][safepoint    ] Entering safepoint region: GenCollectForAllocation
[2020-01-13T13:09:37.229+0000][1][gc,start     ] GC(15) Pause Young (Allocation Failure)
[2020-01-13T13:09:37.229+0000][1][gc,task      ] GC(15) Using 1 workers of 1 for evacuation
[2020-01-13T13:09:37.305+0000][1][gc,age       ] GC(15) Desired survivor size 4358144 bytes, new threshold 1 (max threshold 6)
[2020-01-13T13:09:37.305+0000][1][gc,age       ] GC(15) Age table with threshold 1 (max threshold 6)
[2020-01-13T13:09:37.305+0000][1][gc,age       ] GC(15) - age   1:    8716192 bytes,    8716192 total
[2020-01-13T13:09:37.305+0000][1][gc,heap      ] GC(15) ParNew: 76672K->8512K(76672K)
[2020-01-13T13:09:37.305+0000][1][gc,heap      ] GC(15) CMS: 35394K->45665K(176960K)
[2020-01-13T13:09:37.305+0000][1][gc,metaspace ] GC(15) Metaspace: 29562K->29562K(1077248K)
[2020-01-13T13:09:37.305+0000][1][gc           ] GC(15) Pause Young (Allocation Failure) 109M->52M(247M) 75.749ms
[2020-01-13T13:09:37.305+0000][1][gc,cpu       ] GC(15) User=0.07s Sys=0.00s Real=0.08s
[2020-01-13T13:09:37.305+0000][1][safepoint    ] Leaving safepoint region
[2020-01-13T13:09:37.305+0000][1][safepoint    ] Total time for which application threads were stopped: 0.0759650 seconds, Stopping threads took: 0.0000465 seconds
[2020-01-13T13:09:38.036+0000][1][safepoint    ] Application time: 0.7310021 seconds
[2020-01-13T13:09:38.036+0000][1][safepoint    ] Entering safepoint region: GenCollectForAllocation
[2020-01-13T13:09:38.036+0000][1][gc,start     ] GC(16) Pause Young (Allocation Failure)
[2020-01-13T13:09:38.036+0000][1][gc,task      ] GC(16) Using 1 workers of 1 for evacuation
[2020-01-13T13:09:38.108+0000][1][gc,age       ] GC(16) Desired survivor size 4358144 bytes, new threshold 6 (max threshold 6)
[2020-01-13T13:09:38.108+0000][1][gc,age       ] GC(16) Age table with threshold 6 (max threshold 6)
[2020-01-13T13:09:38.108+0000][1][gc,age       ] GC(16) - age   1:    1201672 bytes,    1201672 total
[2020-01-13T13:09:38.108+0000][1][gc,heap      ] GC(16) ParNew: 76672K->8432K(76672K)
[2020-01-13T13:09:38.108+0000][1][gc,heap      ] GC(16) CMS: 45665K->54249K(176960K)
[2020-01-13T13:09:38.108+0000][1][gc,metaspace ] GC(16) Metaspace: 32844K->32844K(1079296K)
[2020-01-13T13:09:38.108+0000][1][gc           ] GC(16) Pause Young (Allocation Failure) 119M->61M(247M) 71.304ms
[2020-01-13T13:09:38.108+0000][1][gc,cpu       ] GC(16) User=0.07s Sys=0.00s Real=0.07s
[2020-01-13T13:09:38.108+0000][1][safepoint    ] Leaving safepoint region
[2020-01-13T13:09:38.108+0000][1][safepoint    ] Total time for which application threads were stopped: 0.0715582 seconds, Stopping threads took: 0.0000381 seconds
[2020-01-13T13:09:38.625+0000][1][safepoint    ] Application time: 0.5173076 seconds
[2020-01-13T13:09:38.628+0000][1][safepoint    ] Entering safepoint region: CollectForMetadataAllocation
[2020-01-13T13:09:38.629+0000][1][safepoint    ] Leaving safepoint region
[2020-01-13T13:09:38.629+0000][1][safepoint    ] Total time for which application threads were stopped: 0.0035684 seconds, Stopping threads took: 0.0033370 seconds
[2020-01-13T13:09:38.719+0000][1][safepoint    ] Application time: 0.0905787 seconds
[2020-01-13T13:09:38.719+0000][1][safepoint    ] Entering safepoint region: CollectForMetadataAllocation
[2020-01-13T13:09:38.719+0000][1][safepoint    ] Leaving safepoint region
[2020-01-13T13:09:38.719+0000][1][safepoint    ] Total time for which application threads were stopped: 0.0002045 seconds, Stopping threads took: 0.0000276 seconds
[2020-01-13T13:09:38.797+0000][1][safepoint    ] Application time: 0.0776629 seconds
[2020-01-13T13:09:38.797+0000][1][safepoint    ] Entering safepoint region: CollectForMetadataAllocation
[2020-01-13T13:09:38.797+0000][1][safepoint    ] Leaving safepoint region
[2020-01-13T13:09:38.797+0000][1][safepoint    ] Total time for which application threads were stopped: 0.0002765 seconds, Stopping threads took: 0.0000281 seconds
[2020-01-13T13:09:38.832+0000][1][safepoint    ] Application time: 0.0343944 seconds
[2020-01-13T13:09:38.832+0000][1][safepoint    ] Entering safepoint region: CollectForMetadataAllocation
[2020-01-13T13:09:38.832+0000][1][safepoint    ] Leaving safepoint region
[2020-01-13T13:09:38.832+0000][1][safepoint    ] Total time for which application threads were stopped: 0.0002545 seconds, Stopping threads took: 0.0000361 seconds
[2020-01-13T13:09:38.890+0000][1][safepoint    ] Application time: 0.0574937 seconds
[2020-01-13T13:09:38.890+0000][1][safepoint    ] Entering safepoint region: CollectForMetadataAllocation
[2020-01-13T13:09:38.890+0000][1][safepoint    ] Leaving safepoint region
[2020-01-13T13:09:38.890+0000][1][safepoint    ] Total time for which application threads were stopped: 0.0003152 seconds, Stopping threads took: 0.0000386 seconds
[2020-01-13T13:09:38.935+0000][1][safepoint    ] Application time: 0.0448854 seconds
[2020-01-13T13:09:38.935+0000][1][safepoint    ] Entering safepoint region: CollectForMetadataAllocation
[2020-01-13T13:09:38.935+0000][1][safepoint    ] Leaving safepoint region
[2020-01-13T13:09:38.935+0000][1][safepoint    ] Total time for which application threads were stopped: 0.0002451 seconds, Stopping threads took: 0.0000248 seconds
[2020-01-13T13:09:38.993+0000][1][safepoint    ] Application time: 0.0579167 seconds
[2020-01-13T13:09:38.993+0000][1][safepoint    ] Entering safepoint region: CollectForMetadataAllocation
[2020-01-13T13:09:38.993+0000][1][safepoint    ] Leaving safepoint region
[2020-01-13T13:09:38.993+0000][1][safepoint    ] Total time for which application threads were stopped: 0.0001884 seconds, Stopping threads took: 0.0000244 seconds
[2020-01-13T13:09:39.040+0000][1][safepoint    ] Application time: 0.0467871 seconds
[2020-01-13T13:09:39.040+0000][1][safepoint    ] Entering safepoint region: CollectForMetadataAllocation
[2020-01-13T13:09:39.041+0000][1][safepoint    ] Leaving safepoint region
[2020-01-13T13:09:39.041+0000][1][safepoint    ] Total time for which application threads were stopped: 0.0003685 seconds, Stopping threads took: 0.0001482 seconds
[2020-01-13T13:09:39.089+0000][1][safepoint    ] Application time: 0.0481895 seconds
[2020-01-13T13:09:39.092+0000][1][safepoint    ] Entering safepoint region: CollectForMetadataAllocation
[2020-01-13T13:09:39.093+0000][1][safepoint    ] Leaving safepoint region
[2020-01-13T13:09:39.093+0000][1][safepoint    ] Total time for which application threads were stopped: 0.0037330 seconds, Stopping threads took: 0.0035114 seconds
[2020-01-13T13:09:39.134+0000][1][safepoint    ] Application time: 0.0410495 seconds
[2020-01-13T13:09:39.134+0000][1][safepoint    ] Entering safepoint region: CollectForMetadataAllocation
[2020-01-13T13:09:39.134+0000][1][safepoint    ] Leaving safepoint region
[2020-01-13T13:09:39.134+0000][1][safepoint    ] Total time for which application threads were stopped: 0.0002688 seconds, Stopping threads took: 0.0000449 seconds
[2020-01-13T13:09:39.167+0000][1][safepoint    ] Application time: 0.0328608 seconds
[2020-01-13T13:09:39.170+0000][1][safepoint    ] Entering safepoint region: RevokeBias
[2020-01-13T13:09:39.171+0000][1][safepoint    ] Leaving safepoint region
[2020-01-13T13:09:39.171+0000][1][safepoint    ] Total time for which application threads were stopped: 0.0037322 seconds, Stopping threads took: 0.0035405 seconds
[2020-01-13T13:09:39.225+0000][1][safepoint    ] Application time: 0.0542090 seconds
[2020-01-13T13:09:39.225+0000][1][safepoint    ] Entering safepoint region: CollectForMetadataAllocation
[2020-01-13T13:09:39.225+0000][1][safepoint    ] Leaving safepoint region
[2020-01-13T13:09:39.225+0000][1][safepoint    ] Total time for which application threads were stopped: 0.0002979 seconds, Stopping threads took: 0.0000300 seconds
[2020-01-13T13:09:39.275+0000][1][safepoint    ] Application time: 0.0501163 seconds
[2020-01-13T13:09:39.279+0000][1][safepoint    ] Entering safepoint region: CollectForMetadataAllocation
[2020-01-13T13:09:39.280+0000][1][safepoint    ] Leaving safepoint region
[2020-01-13T13:09:39.280+0000][1][safepoint    ] Total time for which application threads were stopped: 0.0042160 seconds, Stopping threads took: 0.0039687 seconds
[2020-01-13T13:09:39.324+0000][1][safepoint    ] Application time: 0.0442415 seconds
[2020-01-13T13:09:39.327+0000][1][safepoint    ] Entering safepoint region: CollectForMetadataAllocation
[2020-01-13T13:09:39.328+0000][1][safepoint    ] Leaving safepoint region
[2020-01-13T13:09:39.328+0000][1][safepoint    ] Total time for which application threads were stopped: 0.0037390 seconds, Stopping threads took: 0.0034439 seconds
[2020-01-13T13:09:39.363+0000][1][safepoint    ] Application time: 0.0355605 seconds
[2020-01-13T13:09:39.363+0000][1][safepoint    ] Entering safepoint region: CollectForMetadataAllocation
[2020-01-13T13:09:39.364+0000][1][safepoint    ] Leaving safepoint region
[2020-01-13T13:09:39.364+0000][1][safepoint    ] Total time for which application threads were stopped: 0.0002627 seconds, Stopping threads took: 0.0000241 seconds
[2020-01-13T13:09:39.414+0000][1][safepoint    ] Application time: 0.0508901 seconds
[2020-01-13T13:09:39.419+0000][1][safepoint    ] Entering safepoint region: CollectForMetadataAllocation
[2020-01-13T13:09:39.420+0000][1][safepoint    ] Leaving safepoint region
[2020-01-13T13:09:39.420+0000][1][safepoint    ] Total time for which application threads were stopped: 0.0050575 seconds, Stopping threads took: 0.0047850 seconds
[2020-01-13T13:09:39.472+0000][1][safepoint    ] Application time: 0.0523738 seconds
[2020-01-13T13:09:39.475+0000][1][safepoint    ] Entering safepoint region: CollectForMetadataAllocation
[2020-01-13T13:09:39.476+0000][1][safepoint    ] Leaving safepoint region
[2020-01-13T13:09:39.476+0000][1][safepoint    ] Total time for which application threads were stopped: 0.0036570 seconds, Stopping threads took: 0.0034217 seconds
[2020-01-13T13:09:39.526+0000][1][safepoint    ] Application time: 0.0500178 seconds
[2020-01-13T13:09:39.529+0000][1][safepoint    ] Entering safepoint region: CollectForMetadataAllocation
[2020-01-13T13:09:39.530+0000][1][safepoint    ] Leaving safepoint region
[2020-01-13T13:09:39.530+0000][1][safepoint    ] Total time for which application threads were stopped: 0.0039284 seconds, Stopping threads took: 0.0036860 seconds
[2020-01-13T13:09:39.576+0000][1][safepoint    ] Application time: 0.0465427 seconds
[2020-01-13T13:09:39.576+0000][1][safepoint    ] Entering safepoint region: CollectForMetadataAllocation
[2020-01-13T13:09:39.576+0000][1][safepoint    ] Leaving safepoint region
[2020-01-13T13:09:39.576+0000][1][safepoint    ] Total time for which application threads were stopped: 0.0002730 seconds, Stopping threads took: 0.0000257 seconds
[2020-01-13T13:09:39.623+0000][1][safepoint    ] Application time: 0.0465940 seconds
[2020-01-13T13:09:39.626+0000][1][safepoint    ] Entering safepoint region: CollectForMetadataAllocation
[2020-01-13T13:09:39.627+0000][1][safepoint    ] Leaving safepoint region
[2020-01-13T13:09:39.627+0000][1][safepoint    ] Total time for which application threads were stopped: 0.0034825 seconds, Stopping threads took: 0.0032507 seconds
[2020-01-13T13:09:39.666+0000][1][safepoint    ] Application time: 0.0395738 seconds
[2020-01-13T13:09:39.666+0000][1][safepoint    ] Entering safepoint region: CollectForMetadataAllocation
[2020-01-13T13:09:39.666+0000][1][safepoint    ] Leaving safepoint region
[2020-01-13T13:09:39.667+0000][1][safepoint    ] Total time for which application threads were stopped: 0.0002599 seconds, Stopping threads took: 0.0000483 seconds
[2020-01-13T13:09:39.704+0000][1][safepoint    ] Application time: 0.0374159 seconds
[2020-01-13T13:09:39.704+0000][1][safepoint    ] Entering safepoint region: GenCollectForAllocation
[2020-01-13T13:09:39.704+0000][1][gc,start     ] GC(17) Pause Young (Allocation Failure)
[2020-01-13T13:09:39.704+0000][1][gc,task      ] GC(17) Using 1 workers of 1 for evacuation
[2020-01-13T13:09:39.727+0000][1][gc,age       ] GC(17) Desired survivor size 4358144 bytes, new threshold 6 (max threshold 6)
[2020-01-13T13:09:39.727+0000][1][gc,age       ] GC(17) Age table with threshold 6 (max threshold 6)
[2020-01-13T13:09:39.727+0000][1][gc,age       ] GC(17) - age   1:    2876208 bytes,    2876208 total
[2020-01-13T13:09:39.727+0000][1][gc,age       ] GC(17) - age   2:    1142904 bytes,    4019112 total
[2020-01-13T13:09:39.727+0000][1][gc,heap      ] GC(17) ParNew: 76592K->4656K(76672K)
[2020-01-13T13:09:39.727+0000][1][gc,heap      ] GC(17) CMS: 54249K->54249K(176960K)
[2020-01-13T13:09:39.727+0000][1][gc,metaspace ] GC(17) Metaspace: 39687K->39687K(1085440K)
[2020-01-13T13:09:39.727+0000][1][gc           ] GC(17) Pause Young (Allocation Failure) 127M->57M(247M) 23.260ms
[2020-01-13T13:09:39.727+0000][1][gc,cpu       ] GC(17) User=0.02s Sys=0.00s Real=0.02s
[2020-01-13T13:09:39.728+0000][1][safepoint    ] Leaving safepoint region
[2020-01-13T13:09:39.728+0000][1][safepoint    ] Total time for which application threads were stopped: 0.0235284 seconds, Stopping threads took: 0.0001168 seconds
[2020-01-13T13:09:39.736+0000][1][safepoint    ] Application time: 0.0087170 seconds
[2020-01-13T13:09:39.736+0000][1][safepoint    ] Entering safepoint region: RevokeBias
[2020-01-13T13:09:39.736+0000][1][gc,start     ] GC(18) Pause Initial Mark
[2020-01-13T13:09:39.741+0000][1][gc           ] GC(18) Pause Initial Mark 58M->58M(247M) 4.517ms
[2020-01-13T13:09:39.741+0000][1][gc,cpu       ] GC(18) User=0.01s Sys=0.00s Real=0.01s
[2020-01-13T13:09:39.741+0000][1][safepoint    ] Leaving safepoint region
[2020-01-13T13:09:39.741+0000][1][safepoint    ] Total time for which application threads were stopped: 0.0047139 seconds, Stopping threads took: 0.0000113 seconds
[2020-01-13T13:09:39.743+0000][1][gc           ] GC(18) Concurrent Mark
[2020-01-13T13:09:39.781+0000][1][safepoint    ] Application time: 0.0398945 seconds
[2020-01-13T13:09:39.781+0000][1][safepoint    ] Entering safepoint region: CollectForMetadataAllocation
[2020-01-13T13:09:39.781+0000][1][safepoint    ] Leaving safepoint region
[2020-01-13T13:09:39.781+0000][1][safepoint    ] Total time for which application threads were stopped: 0.0002861 seconds, Stopping threads took: 0.0000241 seconds
[2020-01-13T13:09:39.838+0000][1][safepoint    ] Application time: 0.0568661 seconds
[2020-01-13T13:09:39.841+0000][1][safepoint    ] Entering safepoint region: CollectForMetadataAllocation
[2020-01-13T13:09:39.841+0000][1][safepoint    ] Leaving safepoint region
[2020-01-13T13:09:39.841+0000][1][safepoint    ] Total time for which application threads were stopped: 0.0027947 seconds, Stopping threads took: 0.0025584 seconds
[2020-01-13T13:09:39.954+0000][1][gc           ] GC(18) Concurrent Mark 210.497ms
[2020-01-13T13:09:39.954+0000][1][gc,cpu       ] GC(18) User=0.21s Sys=0.00s Real=0.21s
[2020-01-13T13:09:39.954+0000][1][gc           ] GC(18) Concurrent Preclean
[2020-01-13T13:09:39.955+0000][1][gc           ] GC(18) Concurrent Preclean 1.095ms
[2020-01-13T13:09:39.955+0000][1][gc,cpu       ] GC(18) User=0.00s Sys=0.00s Real=0.00s
[2020-01-13T13:09:39.955+0000][1][gc           ] GC(18) Concurrent Abortable Preclean
[2020-01-13T13:09:39.979+0000][1][safepoint    ] Application time: 0.1384559 seconds
[2020-01-13T13:09:39.979+0000][1][safepoint    ] Entering safepoint region: CollectForMetadataAllocation
[2020-01-13T13:09:39.980+0000][1][safepoint    ] Leaving safepoint region
[2020-01-13T13:09:39.980+0000][1][safepoint    ] Total time for which application threads were stopped: 0.0002273 seconds, Stopping threads took: 0.0000194 seconds
[2020-01-13T13:09:40.074+0000][1][safepoint    ] Application time: 0.0946393 seconds
[2020-01-13T13:09:40.074+0000][1][safepoint    ] Entering safepoint region: CollectForMetadataAllocation
[2020-01-13T13:09:40.075+0000][1][safepoint    ] Leaving safepoint region
[2020-01-13T13:09:40.075+0000][1][safepoint    ] Total time for which application threads were stopped: 0.0002798 seconds, Stopping threads took: 0.0000149 seconds
[2020-01-13T13:09:40.202+0000][1][safepoint    ] Application time: 0.1276750 seconds
[2020-01-13T13:09:40.202+0000][1][safepoint    ] Entering safepoint region: CollectForMetadataAllocation
[2020-01-13T13:09:40.203+0000][1][safepoint    ] Leaving safepoint region
[2020-01-13T13:09:40.203+0000][1][safepoint    ] Total time for which application threads were stopped: 0.0003338 seconds, Stopping threads took: 0.0000160 seconds
[2020-01-13T13:09:40.267+0000][1][safepoint    ] Application time: 0.0641631 seconds
[2020-01-13T13:09:40.268+0000][1][safepoint    ] Entering safepoint region: CollectForMetadataAllocation
[2020-01-13T13:09:40.268+0000][1][safepoint    ] Leaving safepoint region
[2020-01-13T13:09:40.268+0000][1][safepoint    ] Total time for which application threads were stopped: 0.0015164 seconds, Stopping threads took: 0.0012780 seconds
[2020-01-13T13:09:40.346+0000][1][safepoint    ] Application time: 0.0773351 seconds
[2020-01-13T13:09:40.346+0000][1][safepoint    ] Entering safepoint region: CollectForMetadataAllocation
[2020-01-13T13:09:40.347+0000][1][safepoint    ] Leaving safepoint region
[2020-01-13T13:09:40.347+0000][1][safepoint    ] Total time for which application threads were stopped: 0.0007756 seconds, Stopping threads took: 0.0005160 seconds
[2020-01-13T13:09:40.376+0000][1][safepoint    ] Application time: 0.0290716 seconds
[2020-01-13T13:09:40.376+0000][1][safepoint    ] Entering safepoint region: RevokeBias
[2020-01-13T13:09:40.376+0000][1][safepoint    ] Leaving safepoint region
[2020-01-13T13:09:40.376+0000][1][safepoint    ] Total time for which application threads were stopped: 0.0003214 seconds, Stopping threads took: 0.0002715 seconds
[2020-01-13T13:09:40.380+0000][1][safepoint    ] Application time: 0.0041888 seconds
[2020-01-13T13:09:40.382+0000][1][safepoint    ] Entering safepoint region: RevokeBias
[2020-01-13T13:09:40.382+0000][1][safepoint    ] Leaving safepoint region
[2020-01-13T13:09:40.382+0000][1][safepoint    ] Total time for which application threads were stopped: 0.0021199 seconds, Stopping threads took: 0.0020154 seconds
[2020-01-13T13:09:40.383+0000][1][safepoint    ] Application time: 0.0001753 seconds
[2020-01-13T13:09:40.383+0000][1][safepoint    ] Entering safepoint region: RevokeBias
[2020-01-13T13:09:40.383+0000][1][safepoint    ] Leaving safepoint region
[2020-01-13T13:09:40.383+0000][1][safepoint    ] Total time for which application threads were stopped: 0.0000552 seconds, Stopping threads took: 0.0000081 seconds
[2020-01-13T13:09:40.383+0000][1][safepoint    ] Application time: 0.0000405 seconds
[2020-01-13T13:09:40.383+0000][1][safepoint    ] Entering safepoint region: RevokeBias
[2020-01-13T13:09:40.383+0000][1][safepoint    ] Leaving safepoint region
[2020-01-13T13:09:40.383+0000][1][safepoint    ] Total time for which application threads were stopped: 0.0000290 seconds, Stopping threads took: 0.0000053 seconds
[2020-01-13T13:09:40.383+0000][1][safepoint    ] Application time: 0.0000190 seconds
[2020-01-13T13:09:40.383+0000][1][safepoint    ] Entering safepoint region: RevokeBias
[2020-01-13T13:09:40.383+0000][1][safepoint    ] Leaving safepoint region
[2020-01-13T13:09:40.383+0000][1][safepoint    ] Total time for which application threads were stopped: 0.0000242 seconds, Stopping threads took: 0.0000050 seconds
[2020-01-13T13:09:40.473+0000][1][safepoint    ] Application time: 0.0904734 seconds
[2020-01-13T13:09:40.473+0000][1][safepoint    ] Entering safepoint region: CollectForMetadataAllocation
[2020-01-13T13:09:40.474+0000][1][safepoint    ] Leaving safepoint region
[2020-01-13T13:09:40.474+0000][1][safepoint    ] Total time for which application threads were stopped: 0.0003700 seconds, Stopping threads took: 0.0000206 seconds
[2020-01-13T13:09:41.476+0000][1][safepoint    ] Application time: 1.0025521 seconds
[2020-01-13T13:09:41.479+0000][1][safepoint    ] Entering safepoint region: Cleanup
[2020-01-13T13:09:41.479+0000][1][safepoint    ] Leaving safepoint region
[2020-01-13T13:09:41.479+0000][1][safepoint    ] Total time for which application threads were stopped: 0.0027779 seconds, Stopping threads took: 0.0027034 seconds
[2020-01-13T13:09:41.869+0000][1][safepoint    ] Application time: 0.3897054 seconds
[2020-01-13T13:09:41.869+0000][1][safepoint    ] Entering safepoint region: CollectForMetadataAllocation
[2020-01-13T13:09:41.869+0000][1][safepoint    ] Leaving safepoint region
[2020-01-13T13:09:41.869+0000][1][safepoint    ] Total time for which application threads were stopped: 0.0002688 seconds, Stopping threads took: 0.0000226 seconds
[2020-01-13T13:09:41.932+0000][1][safepoint    ] Application time: 0.0632164 seconds
[2020-01-13T13:09:41.933+0000][1][safepoint    ] Entering safepoint region: CollectForMetadataAllocation
[2020-01-13T13:09:41.933+0000][1][safepoint    ] Leaving safepoint region
[2020-01-13T13:09:41.933+0000][1][safepoint    ] Total time for which application threads were stopped: 0.0003230 seconds, Stopping threads took: 0.0000259 seconds
[2020-01-13T13:09:42.066+0000][1][safepoint    ] Application time: 0.1335531 seconds
[2020-01-13T13:09:42.070+0000][1][safepoint    ] Entering safepoint region: CollectForMetadataAllocation
[2020-01-13T13:09:42.071+0000][1][safepoint    ] Leaving safepoint region
[2020-01-13T13:09:42.071+0000][1][safepoint    ] Total time for which application threads were stopped: 0.0041802 seconds, Stopping threads took: 0.0039755 seconds
[2020-01-13T13:09:42.455+0000][1][gc           ] GC(18) Concurrent Abortable Preclean 2499.740ms
[2020-01-13T13:09:42.455+0000][1][gc,cpu       ] GC(18) User=2.46s Sys=0.02s Real=2.50s
[2020-01-13T13:09:42.455+0000][1][safepoint    ] Application time: 0.3843035 seconds
[2020-01-13T13:09:42.465+0000][1][safepoint    ] Entering safepoint region: CMS_Final_Remark
[2020-01-13T13:09:42.465+0000][1][gc,start     ] GC(18) Pause Remark
[2020-01-13T13:09:42.504+0000][1][gc           ] GC(18) Pause Remark 100M->100M(247M) 39.276ms
[2020-01-13T13:09:42.504+0000][1][gc,cpu       ] GC(18) User=0.04s Sys=0.00s Real=0.04s
[2020-01-13T13:09:42.504+0000][1][safepoint    ] Leaving safepoint region
[2020-01-13T13:09:42.504+0000][1][safepoint    ] Total time for which application threads were stopped: 0.0492340 seconds, Stopping threads took: 0.0097261 seconds
[2020-01-13T13:09:42.516+0000][1][gc           ] GC(18) Concurrent Sweep
[2020-01-13T13:09:42.590+0000][1][gc           ] GC(18) Concurrent Sweep 73.974ms
[2020-01-13T13:09:42.590+0000][1][gc,cpu       ] GC(18) User=0.07s Sys=0.00s Real=0.08s
[2020-01-13T13:09:42.591+0000][1][gc           ] GC(18) Concurrent Reset
[2020-01-13T13:09:42.591+0000][1][gc           ] GC(18) Concurrent Reset 0.435ms
[2020-01-13T13:09:42.591+0000][1][gc,cpu       ] GC(18) User=0.00s Sys=0.00s Real=0.00s
[2020-01-13T13:09:42.591+0000][1][gc,heap      ] GC(18) Old: 54249K->54038K(176960K)
[2020-01-13T13:09:43.104+0000][1][safepoint    ] Application time: 0.6000285 seconds
[2020-01-13T13:09:43.104+0000][1][safepoint    ] Entering safepoint region: RevokeBias
[2020-01-13T13:09:43.105+0000][1][safepoint    ] Leaving safepoint region
[2020-01-13T13:09:43.105+0000][1][safepoint    ] Total time for which application threads were stopped: 0.0012074 seconds, Stopping threads took: 0.0000226 seconds
[2020-01-13T13:09:43.108+0000][1][safepoint    ] Application time: 0.0026496 seconds
[2020-01-13T13:09:43.109+0000][1][safepoint    ] Entering safepoint region: GenCollectForAllocation
[2020-01-13T13:09:43.109+0000][1][gc,start     ] GC(19) Pause Young (Allocation Failure)
[2020-01-13T13:09:43.109+0000][1][gc,task      ] GC(19) Using 1 workers of 1 for evacuation
[2020-01-13T13:09:43.133+0000][1][gc,age       ] GC(19) Desired survivor size 4358144 bytes, new threshold 2 (max threshold 6)
[2020-01-13T13:09:43.133+0000][1][gc,age       ] GC(19) Age table with threshold 2 (max threshold 6)
[2020-01-13T13:09:43.133+0000][1][gc,age       ] GC(19) - age   1:    3213912 bytes,    3213912 total
[2020-01-13T13:09:43.133+0000][1][gc,age       ] GC(19) - age   2:    2798224 bytes,    6012136 total
[2020-01-13T13:09:43.133+0000][1][gc,age       ] GC(19) - age   3:    1141208 bytes,    7153344 total
[2020-01-13T13:09:43.133+0000][1][gc,heap      ] GC(19) ParNew: 72816K->7051K(76672K)
[2020-01-13T13:09:43.133+0000][1][gc,heap      ] GC(19) CMS: 54038K->54038K(176960K)
[2020-01-13T13:09:43.133+0000][1][gc,metaspace ] GC(19) Metaspace: 44794K->44794K(1091584K)
[2020-01-13T13:09:43.133+0000][1][gc           ] GC(19) Pause Young (Allocation Failure) 123M->59M(247M) 23.835ms
[2020-01-13T13:09:43.133+0000][1][gc,cpu       ] GC(19) User=0.03s Sys=0.00s Real=0.02s
[2020-01-13T13:09:43.133+0000][1][safepoint    ] Leaving safepoint region
[2020-01-13T13:09:43.133+0000][1][safepoint    ] Total time for which application threads were stopped: 0.0252164 seconds, Stopping threads took: 0.0012483 seconds
[2020-01-13T13:09:43.140+0000][1][safepoint    ] Application time: 0.0067101 seconds
[2020-01-13T13:09:43.140+0000][1][safepoint    ] Entering safepoint region: RevokeBias
[2020-01-13T13:09:43.140+0000][1][safepoint    ] Leaving safepoint region
[2020-01-13T13:09:43.140+0000][1][safepoint    ] Total time for which application threads were stopped: 0.0001044 seconds, Stopping threads took: 0.0000118 seconds
[2020-01-13T13:09:43.568+0000][1][safepoint    ] Application time: 0.4277555 seconds
[2020-01-13T13:09:43.570+0000][1][safepoint    ] Entering safepoint region: RevokeBias
[2020-01-13T13:09:43.571+0000][1][safepoint    ] Leaving safepoint region
[2020-01-13T13:09:43.571+0000][1][safepoint    ] Total time for which application threads were stopped: 0.0027707 seconds, Stopping threads took: 0.0020489 seconds
[2020-01-13T13:09:43.571+0000][1][safepoint    ] Application time: 0.0000663 seconds
[2020-01-13T13:09:43.571+0000][1][safepoint    ] Entering safepoint region: RevokeBias
[2020-01-13T13:09:43.571+0000][1][safepoint    ] Leaving safepoint region
[2020-01-13T13:09:43.571+0000][1][safepoint    ] Total time for which application threads were stopped: 0.0000587 seconds, Stopping threads took: 0.0000061 seconds
[2020-01-13T13:09:43.572+0000][1][safepoint    ] Application time: 0.0007631 seconds
[2020-01-13T13:09:43.572+0000][1][safepoint    ] Entering safepoint region: RevokeBias
[2020-01-13T13:09:43.572+0000][1][safepoint    ] Leaving safepoint region
[2020-01-13T13:09:43.572+0000][1][safepoint    ] Total time for which application threads were stopped: 0.0000674 seconds, Stopping threads took: 0.0000079 seconds
[2020-01-13T13:09:43.572+0000][1][safepoint    ] Application time: 0.0000356 seconds
[2020-01-13T13:09:43.572+0000][1][safepoint    ] Entering safepoint region: RevokeBias
[2020-01-13T13:09:43.572+0000][1][safepoint    ] Leaving safepoint region
[2020-01-13T13:09:43.572+0000][1][safepoint    ] Total time for which application threads were stopped: 0.0000318 seconds, Stopping threads took: 0.0000053 seconds
[2020-01-13T13:09:43.675+0000][1][safepoint    ] Application time: 0.1030815 seconds
[2020-01-13T13:09:43.675+0000][1][safepoint    ] Entering safepoint region: RevokeBias
[2020-01-13T13:09:43.675+0000][1][safepoint    ] Leaving safepoint region
[2020-01-13T13:09:43.675+0000][1][safepoint    ] Total time for which application threads were stopped: 0.0001398 seconds, Stopping threads took: 0.0000224 seconds
[2020-01-13T13:09:43.675+0000][1][safepoint    ] Application time: 0.0000731 seconds
[2020-01-13T13:09:43.675+0000][1][safepoint    ] Entering safepoint region: RevokeBias
[2020-01-13T13:09:43.675+0000][1][safepoint    ] Leaving safepoint region
[2020-01-13T13:09:43.675+0000][1][safepoint    ] Total time for which application threads were stopped: 0.0000617 seconds, Stopping threads took: 0.0000136 seconds
[2020-01-13T13:09:43.675+0000][1][safepoint    ] Application time: 0.0000256 seconds
[2020-01-13T13:09:43.675+0000][1][safepoint    ] Entering safepoint region: RevokeBias
[2020-01-13T13:09:43.675+0000][1][safepoint    ] Leaving safepoint region
[2020-01-13T13:09:43.675+0000][1][safepoint    ] Total time for which application threads were stopped: 0.0000584 seconds, Stopping threads took: 0.0000124 seconds
[2020-01-13T13:09:43.675+0000][1][safepoint    ] Application time: 0.0001107 seconds
[2020-01-13T13:09:43.676+0000][1][safepoint    ] Entering safepoint region: RevokeBias
[2020-01-13T13:09:43.676+0000][1][safepoint    ] Leaving safepoint region
[2020-01-13T13:09:43.676+0000][1][safepoint    ] Total time for which application threads were stopped: 0.0001096 seconds, Stopping threads took: 0.0000202 seconds
[2020-01-13T13:09:43.676+0000][1][safepoint    ] Application time: 0.0007892 seconds
[2020-01-13T13:09:43.676+0000][1][safepoint    ] Entering safepoint region: RevokeBias
[2020-01-13T13:09:43.677+0000][1][safepoint    ] Leaving safepoint region
[2020-01-13T13:09:43.677+0000][1][safepoint    ] Total time for which application threads were stopped: 0.0001066 seconds, Stopping threads took: 0.0000181 seconds
[2020-01-13T13:09:43.677+0000][1][safepoint    ] Application time: 0.0007581 seconds
[2020-01-13T13:09:43.677+0000][1][safepoint    ] Entering safepoint region: RevokeBias
[2020-01-13T13:09:43.677+0000][1][safepoint    ] Leaving safepoint region
[2020-01-13T13:09:43.677+0000][1][safepoint    ] Total time for which application threads were stopped: 0.0000710 seconds, Stopping threads took: 0.0000194 seconds
[2020-01-13T13:09:43.678+0000][1][safepoint    ] Application time: 0.0001671 seconds
[2020-01-13T13:09:43.678+0000][1][safepoint    ] Entering safepoint region: RevokeBias
[2020-01-13T13:09:43.678+0000][1][safepoint    ] Leaving safepoint region
[2020-01-13T13:09:43.678+0000][1][safepoint    ] Total time for which application threads were stopped: 0.0000551 seconds, Stopping threads took: 0.0000143 seconds
[2020-01-13T13:09:43.678+0000][1][safepoint    ] Application time: 0.0000238 seconds
[2020-01-13T13:09:43.678+0000][1][safepoint    ] Entering safepoint region: RevokeBias
[2020-01-13T13:09:43.678+0000][1][safepoint    ] Leaving safepoint region
[2020-01-13T13:09:43.678+0000][1][safepoint    ] Total time for which application threads were stopped: 0.0000365 seconds, Stopping threads took: 0.0000122 seconds
[2020-01-13T13:09:43.678+0000][1][safepoint    ] Application time: 0.0000200 seconds
[2020-01-13T13:09:43.678+0000][1][safepoint    ] Entering safepoint region: RevokeBias
[2020-01-13T13:09:43.678+0000][1][safepoint    ] Leaving safepoint region
[2020-01-13T13:09:43.678+0000][1][safepoint    ] Total time for which application threads were stopped: 0.0000351 seconds, Stopping threads took: 0.0000120 seconds
[2020-01-13T13:09:43.678+0000][1][safepoint    ] Application time: 0.0000193 seconds
[2020-01-13T13:09:43.678+0000][1][safepoint    ] Entering safepoint region: RevokeBias
[2020-01-13T13:09:43.678+0000][1][safepoint    ] Leaving safepoint region
[2020-01-13T13:09:43.678+0000][1][safepoint    ] Total time for which application threads were stopped: 0.0000353 seconds, Stopping threads took: 0.0000123 seconds
[2020-01-13T13:09:43.678+0000][1][safepoint    ] Application time: 0.0000203 seconds
[2020-01-13T13:09:43.678+0000][1][safepoint    ] Entering safepoint region: RevokeBias
[2020-01-13T13:09:43.678+0000][1][safepoint    ] Leaving safepoint region
[2020-01-13T13:09:43.678+0000][1][safepoint    ] Total time for which application threads were stopped: 0.0000347 seconds, Stopping threads took: 0.0000119 seconds
[2020-01-13T13:09:43.678+0000][1][safepoint    ] Application time: 0.0000199 seconds
[2020-01-13T13:09:43.678+0000][1][safepoint    ] Entering safepoint region: RevokeBias
[2020-01-13T13:09:43.678+0000][1][safepoint    ] Leaving safepoint region
[2020-01-13T13:09:43.678+0000][1][safepoint    ] Total time for which application threads were stopped: 0.0000348 seconds, Stopping threads took: 0.0000119 seconds
[2020-01-13T13:09:43.678+0000][1][safepoint    ] Application time: 0.0000197 seconds
[2020-01-13T13:09:43.678+0000][1][safepoint    ] Entering safepoint region: RevokeBias
[2020-01-13T13:09:43.678+0000][1][safepoint    ] Leaving safepoint region
[2020-01-13T13:09:43.678+0000][1][safepoint    ] Total time for which application threads were stopped: 0.0000346 seconds, Stopping threads took: 0.0000119 seconds
[2020-01-13T13:09:43.678+0000][1][safepoint    ] Application time: 0.0000203 seconds
[2020-01-13T13:09:43.678+0000][1][safepoint    ] Entering safepoint region: RevokeBias
[2020-01-13T13:09:43.678+0000][1][safepoint    ] Leaving safepoint region
[2020-01-13T13:09:43.678+0000][1][safepoint    ] Total time for which application threads were stopped: 0.0000353 seconds, Stopping threads took: 0.0000120 seconds
[2020-01-13T13:09:43.678+0000][1][safepoint    ] Application time: 0.0000197 seconds
[2020-01-13T13:09:43.678+0000][1][safepoint    ] Entering safepoint region: RevokeBias
[2020-01-13T13:09:43.678+0000][1][safepoint    ] Leaving safepoint region
[2020-01-13T13:09:43.678+0000][1][safepoint    ] Total time for which application threads were stopped: 0.0000346 seconds, Stopping threads took: 0.0000119 seconds
[2020-01-13T13:09:43.678+0000][1][safepoint    ] Application time: 0.0000199 seconds
[2020-01-13T13:09:43.678+0000][1][safepoint    ] Entering safepoint region: RevokeBias
[2020-01-13T13:09:43.678+0000][1][safepoint    ] Leaving safepoint region
[2020-01-13T13:09:43.678+0000][1][safepoint    ] Total time for which application threads were stopped: 0.0000348 seconds, Stopping threads took: 0.0000119 seconds
[2020-01-13T13:09:43.678+0000][1][safepoint    ] Application time: 0.0000276 seconds
[2020-01-13T13:09:43.678+0000][1][safepoint    ] Entering safepoint region: RevokeBias
[2020-01-13T13:09:43.678+0000][1][safepoint    ] Leaving safepoint region
[2020-01-13T13:09:43.678+0000][1][safepoint    ] Total time for which application threads were stopped: 0.0000511 seconds, Stopping threads took: 0.0000122 seconds
[2020-01-13T13:09:43.678+0000][1][safepoint    ] Application time: 0.0000258 seconds
[2020-01-13T13:09:43.678+0000][1][safepoint    ] Entering safepoint region: RevokeBias
[2020-01-13T13:09:43.678+0000][1][safepoint    ] Leaving safepoint region
[2020-01-13T13:09:43.678+0000][1][safepoint    ] Total time for which application threads were stopped: 0.0000351 seconds, Stopping threads took: 0.0000122 seconds
[2020-01-13T13:09:43.681+0000][1][safepoint    ] Application time: 0.0029130 seconds
[2020-01-13T13:09:43.681+0000][1][safepoint    ] Entering safepoint region: RevokeBias
[2020-01-13T13:09:43.681+0000][1][safepoint    ] Leaving safepoint region
[2020-01-13T13:09:43.681+0000][1][safepoint    ] Total time for which application threads were stopped: 0.0000775 seconds, Stopping threads took: 0.0000265 seconds
[2020-01-13T13:09:43.681+0000][1][safepoint    ] Application time: 0.0000231 seconds
[2020-01-13T13:09:43.681+0000][1][safepoint    ] Entering safepoint region: RevokeBias
[2020-01-13T13:09:43.681+0000][1][safepoint    ] Leaving safepoint region
[2020-01-13T13:09:43.682+0000][1][safepoint    ] Total time for which application threads were stopped: 0.0000382 seconds, Stopping threads took: 0.0000121 seconds
[2020-01-13T13:09:43.682+0000][1][safepoint    ] Application time: 0.0000221 seconds
[2020-01-13T13:09:43.682+0000][1][safepoint    ] Entering safepoint region: RevokeBias
[2020-01-13T13:09:43.682+0000][1][safepoint    ] Leaving safepoint region
[2020-01-13T13:09:43.682+0000][1][safepoint    ] Total time for which application threads were stopped: 0.0000351 seconds, Stopping threads took: 0.0000120 seconds
[2020-01-13T13:09:43.682+0000][1][safepoint    ] Application time: 0.0000324 seconds
[2020-01-13T13:09:43.682+0000][1][safepoint    ] Entering safepoint region: RevokeBias
[2020-01-13T13:09:43.682+0000][1][safepoint    ] Leaving safepoint region
[2020-01-13T13:09:43.682+0000][1][safepoint    ] Total time for which application threads were stopped: 0.0000357 seconds, Stopping threads took: 0.0000121 seconds
[2020-01-13T13:09:43.682+0000][1][safepoint    ] Application time: 0.0000244 seconds
[2020-01-13T13:09:43.682+0000][1][safepoint    ] Entering safepoint region: RevokeBias
[2020-01-13T13:09:43.682+0000][1][safepoint    ] Leaving safepoint region
[2020-01-13T13:09:43.682+0000][1][safepoint    ] Total time for which application threads were stopped: 0.0000349 seconds, Stopping threads took: 0.0000121 seconds
[2020-01-13T13:09:43.682+0000][1][safepoint    ] Application time: 0.0000208 seconds
[2020-01-13T13:09:43.682+0000][1][safepoint    ] Entering safepoint region: RevokeBias
[2020-01-13T13:09:43.682+0000][1][safepoint    ] Leaving safepoint region
[2020-01-13T13:09:43.682+0000][1][safepoint    ] Total time for which application threads were stopped: 0.0000353 seconds, Stopping threads took: 0.0000120 seconds
[2020-01-13T13:09:43.682+0000][1][safepoint    ] Application time: 0.0000243 seconds
[2020-01-13T13:09:43.682+0000][1][safepoint    ] Entering safepoint region: RevokeBias
[2020-01-13T13:09:43.682+0000][1][safepoint    ] Leaving safepoint region
[2020-01-13T13:09:43.682+0000][1][safepoint    ] Total time for which application threads were stopped: 0.0000348 seconds, Stopping threads took: 0.0000119 seconds
[2020-01-13T13:09:43.682+0000][1][safepoint    ] Application time: 0.0000216 seconds
[2020-01-13T13:09:43.682+0000][1][safepoint    ] Entering safepoint region: BulkRevokeBias
[2020-01-13T13:09:43.682+0000][1][safepoint    ] Leaving safepoint region
[2020-01-13T13:09:43.682+0000][1][safepoint    ] Total time for which application threads were stopped: 0.0001103 seconds, Stopping threads took: 0.0000121 seconds
[2020-01-13T13:09:43.682+0000][1][safepoint    ] Application time: 0.0001596 seconds
[2020-01-13T13:09:43.682+0000][1][safepoint    ] Entering safepoint region: RevokeBias
[2020-01-13T13:09:43.682+0000][1][safepoint    ] Leaving safepoint region
[2020-01-13T13:09:43.682+0000][1][safepoint    ] Total time for which application threads were stopped: 0.0000510 seconds, Stopping threads took: 0.0000132 seconds
[2020-01-13T13:09:43.682+0000][1][safepoint    ] Application time: 0.0000531 seconds
[2020-01-13T13:09:43.682+0000][1][safepoint    ] Entering safepoint region: RevokeBias
[2020-01-13T13:09:43.682+0000][1][safepoint    ] Leaving safepoint region
[2020-01-13T13:09:43.682+0000][1][safepoint    ] Total time for which application threads were stopped: 0.0000611 seconds, Stopping threads took: 0.0000172 seconds
[2020-01-13T13:09:43.682+0000][1][safepoint    ] Application time: 0.0000660 seconds
[2020-01-13T13:09:43.682+0000][1][safepoint    ] Entering safepoint region: RevokeBias
[2020-01-13T13:09:43.682+0000][1][safepoint    ] Leaving safepoint region
[2020-01-13T13:09:43.682+0000][1][safepoint    ] Total time for which application threads were stopped: 0.0000384 seconds, Stopping threads took: 0.0000124 seconds
[2020-01-13T13:09:43.683+0000][1][safepoint    ] Application time: 0.0000365 seconds
[2020-01-13T13:09:43.683+0000][1][safepoint    ] Entering safepoint region: RevokeBias
[2020-01-13T13:09:43.683+0000][1][safepoint    ] Leaving safepoint region
[2020-01-13T13:09:43.683+0000][1][safepoint    ] Total time for which application threads were stopped: 0.0000422 seconds, Stopping threads took: 0.0000185 seconds
[2020-01-13T13:09:43.683+0000][1][safepoint    ] Application time: 0.0000837 seconds
[2020-01-13T13:09:43.683+0000][1][safepoint    ] Entering safepoint region: RevokeBias
[2020-01-13T13:09:43.683+0000][1][safepoint    ] Leaving safepoint region
[2020-01-13T13:09:43.683+0000][1][safepoint    ] Total time for which application threads were stopped: 0.0000304 seconds, Stopping threads took: 0.0000053 seconds
[2020-01-13T13:09:43.683+0000][1][safepoint    ] Application time: 0.0000604 seconds
[2020-01-13T13:09:43.683+0000][1][safepoint    ] Entering safepoint region: RevokeBias
[2020-01-13T13:09:43.683+0000][1][safepoint    ] Leaving safepoint region
[2020-01-13T13:09:43.683+0000][1][safepoint    ] Total time for which application threads were stopped: 0.0000619 seconds, Stopping threads took: 0.0000170 seconds
[2020-01-13T13:09:43.683+0000][1][safepoint    ] Application time: 0.0000247 seconds
[2020-01-13T13:09:43.683+0000][1][safepoint    ] Entering safepoint region: RevokeBias
[2020-01-13T13:09:43.683+0000][1][safepoint    ] Leaving safepoint region
[2020-01-13T13:09:43.683+0000][1][safepoint    ] Total time for which application threads were stopped: 0.0000388 seconds, Stopping threads took: 0.0000123 seconds
[2020-01-13T13:09:43.683+0000][1][safepoint    ] Application time: 0.0000222 seconds
[2020-01-13T13:09:43.683+0000][1][safepoint    ] Entering safepoint region: RevokeBias
[2020-01-13T13:09:43.683+0000][1][safepoint    ] Leaving safepoint region
[2020-01-13T13:09:43.683+0000][1][safepoint    ] Total time for which application threads were stopped: 0.0000354 seconds, Stopping threads took: 0.0000124 seconds
[2020-01-13T13:09:43.683+0000][1][safepoint    ] Application time: 0.0000200 seconds
[2020-01-13T13:09:43.683+0000][1][safepoint    ] Entering safepoint region: RevokeBias
[2020-01-13T13:09:43.683+0000][1][safepoint    ] Leaving safepoint region
[2020-01-13T13:09:43.683+0000][1][safepoint    ] Total time for which application threads were stopped: 0.0000339 seconds, Stopping threads took: 0.0000120 seconds
[2020-01-13T13:09:43.683+0000][1][safepoint    ] Application time: 0.0000199 seconds
[2020-01-13T13:09:43.683+0000][1][safepoint    ] Entering safepoint region: RevokeBias
[2020-01-13T13:09:43.683+0000][1][safepoint    ] Leaving safepoint region
[2020-01-13T13:09:43.683+0000][1][safepoint    ] Total time for which application threads were stopped: 0.0000340 seconds, Stopping threads took: 0.0000119 seconds
[2020-01-13T13:09:43.683+0000][1][safepoint    ] Application time: 0.0000201 seconds
[2020-01-13T13:09:43.683+0000][1][safepoint    ] Entering safepoint region: RevokeBias
[2020-01-13T13:09:43.683+0000][1][safepoint    ] Leaving safepoint region
[2020-01-13T13:09:43.683+0000][1][safepoint    ] Total time for which application threads were stopped: 0.0000339 seconds, Stopping threads took: 0.0000120 seconds
[2020-01-13T13:09:43.683+0000][1][safepoint    ] Application time: 0.0000199 seconds
[2020-01-13T13:09:43.683+0000][1][safepoint    ] Entering safepoint region: RevokeBias
[2020-01-13T13:09:43.683+0000][1][safepoint    ] Leaving safepoint region
[2020-01-13T13:09:43.683+0000][1][safepoint    ] Total time for which application threads were stopped: 0.0000339 seconds, Stopping threads took: 0.0000119 seconds
[2020-01-13T13:09:43.683+0000][1][safepoint    ] Application time: 0.0000214 seconds
[2020-01-13T13:09:43.683+0000][1][safepoint    ] Entering safepoint region: RevokeBias
[2020-01-13T13:09:43.683+0000][1][safepoint    ] Leaving safepoint region
[2020-01-13T13:09:43.683+0000][1][safepoint    ] Total time for which application threads were stopped: 0.0000341 seconds, Stopping threads took: 0.0000120 seconds
[2020-01-13T13:09:43.683+0000][1][safepoint    ] Application time: 0.0000441 seconds
[2020-01-13T13:09:43.683+0000][1][safepoint    ] Entering safepoint region: RevokeBias
[2020-01-13T13:09:43.683+0000][1][safepoint    ] Leaving safepoint region
[2020-01-13T13:09:43.683+0000][1][safepoint    ] Total time for which application threads were stopped: 0.0000512 seconds, Stopping threads took: 0.0000156 seconds
[2020-01-13T13:09:43.683+0000][1][safepoint    ] Application time: 0.0000231 seconds
[2020-01-13T13:09:43.683+0000][1][safepoint    ] Entering safepoint region: RevokeBias
[2020-01-13T13:09:43.683+0000][1][safepoint    ] Leaving safepoint region
[2020-01-13T13:09:43.683+0000][1][safepoint    ] Total time for which application threads were stopped: 0.0000374 seconds, Stopping threads took: 0.0000121 seconds
[2020-01-13T13:09:43.683+0000][1][safepoint    ] Application time: 0.0000198 seconds
[2020-01-13T13:09:43.684+0000][1][safepoint    ] Entering safepoint region: RevokeBias
[2020-01-13T13:09:43.684+0000][1][safepoint    ] Leaving safepoint region
[2020-01-13T13:09:43.684+0000][1][safepoint    ] Total time for which application threads were stopped: 0.0000369 seconds, Stopping threads took: 0.0000141 seconds
[2020-01-13T13:09:43.684+0000][1][safepoint    ] Application time: 0.0001522 seconds
[2020-01-13T13:09:43.684+0000][1][safepoint    ] Entering safepoint region: RevokeBias
[2020-01-13T13:09:43.684+0000][1][safepoint    ] Leaving safepoint region
[2020-01-13T13:09:43.684+0000][1][safepoint    ] Total time for which application threads were stopped: 0.0000523 seconds, Stopping threads took: 0.0000171 seconds
[2020-01-13T13:09:43.684+0000][1][safepoint    ] Application time: 0.0000255 seconds
[2020-01-13T13:09:43.684+0000][1][safepoint    ] Entering safepoint region: RevokeBias
[2020-01-13T13:09:43.684+0000][1][safepoint    ] Leaving safepoint region
[2020-01-13T13:09:43.684+0000][1][safepoint    ] Total time for which application threads were stopped: 0.0000332 seconds, Stopping threads took: 0.0000121 seconds
[2020-01-13T13:09:43.684+0000][1][safepoint    ] Application time: 0.0000260 seconds
[2020-01-13T13:09:43.684+0000][1][safepoint    ] Entering safepoint region: RevokeBias
[2020-01-13T13:09:43.684+0000][1][safepoint    ] Leaving safepoint region
[2020-01-13T13:09:43.684+0000][1][safepoint    ] Total time for which application threads were stopped: 0.0000249 seconds, Stopping threads took: 0.0000050 seconds
[2020-01-13T13:09:43.684+0000][1][safepoint    ] Application time: 0.0000191 seconds
[2020-01-13T13:09:43.684+0000][1][safepoint    ] Entering safepoint region: RevokeBias
[2020-01-13T13:09:43.684+0000][1][safepoint    ] Leaving safepoint region
[2020-01-13T13:09:43.684+0000][1][safepoint    ] Total time for which application threads were stopped: 0.0000248 seconds, Stopping threads took: 0.0000049 seconds
[2020-01-13T13:09:43.684+0000][1][safepoint    ] Application time: 0.0000190 seconds
[2020-01-13T13:09:43.684+0000][1][safepoint    ] Entering safepoint region: RevokeBias
[2020-01-13T13:09:43.684+0000][1][safepoint    ] Leaving safepoint region
[2020-01-13T13:09:43.684+0000][1][safepoint    ] Total time for which application threads were stopped: 0.0000246 seconds, Stopping threads took: 0.0000049 seconds
[2020-01-13T13:09:43.684+0000][1][safepoint    ] Application time: 0.0000188 seconds
[2020-01-13T13:09:43.684+0000][1][safepoint    ] Entering safepoint region: RevokeBias
[2020-01-13T13:09:43.684+0000][1][safepoint    ] Leaving safepoint region
[2020-01-13T13:09:43.684+0000][1][safepoint    ] Total time for which application threads were stopped: 0.0000246 seconds, Stopping threads took: 0.0000049 seconds
[2020-01-13T13:09:43.684+0000][1][safepoint    ] Application time: 0.0000189 seconds
[2020-01-13T13:09:43.684+0000][1][safepoint    ] Entering safepoint region: RevokeBias
[2020-01-13T13:09:43.684+0000][1][safepoint    ] Leaving safepoint region
[2020-01-13T13:09:43.684+0000][1][safepoint    ] Total time for which application threads were stopped: 0.0000246 seconds, Stopping threads took: 0.0000048 seconds
[2020-01-13T13:09:43.684+0000][1][safepoint    ] Application time: 0.0000198 seconds
[2020-01-13T13:09:43.684+0000][1][safepoint    ] Entering safepoint region: RevokeBias
[2020-01-13T13:09:43.684+0000][1][safepoint    ] Leaving safepoint region
[2020-01-13T13:09:43.684+0000][1][safepoint    ] Total time for which application threads were stopped: 0.0000246 seconds, Stopping threads took: 0.0000049 seconds
[2020-01-13T13:09:43.684+0000][1][safepoint    ] Application time: 0.0000202 seconds
[2020-01-13T13:09:43.684+0000][1][safepoint    ] Entering safepoint region: RevokeBias
[2020-01-13T13:09:43.684+0000][1][safepoint    ] Leaving safepoint region
[2020-01-13T13:09:43.684+0000][1][safepoint    ] Total time for which application threads were stopped: 0.0000244 seconds, Stopping threads took: 0.0000049 seconds
[2020-01-13T13:09:43.684+0000][1][safepoint    ] Application time: 0.0000193 seconds
[2020-01-13T13:09:43.684+0000][1][safepoint    ] Entering safepoint region: RevokeBias
[2020-01-13T13:09:43.684+0000][1][safepoint    ] Leaving safepoint region
[2020-01-13T13:09:43.684+0000][1][safepoint    ] Total time for which application threads were stopped: 0.0000245 seconds, Stopping threads took: 0.0000049 seconds
[2020-01-13T13:09:43.684+0000][1][safepoint    ] Application time: 0.0000202 seconds
[2020-01-13T13:09:43.684+0000][1][safepoint    ] Entering safepoint region: BulkRevokeBias
[2020-01-13T13:09:43.684+0000][1][safepoint    ] Leaving safepoint region
[2020-01-13T13:09:43.684+0000][1][safepoint    ] Total time for which application threads were stopped: 0.0000968 seconds, Stopping threads took: 0.0000050 seconds
[2020-01-13T13:09:43.685+0000][1][safepoint    ] Application time: 0.0009881 seconds
[2020-01-13T13:09:43.685+0000][1][safepoint    ] Entering safepoint region: RevokeBias
[2020-01-13T13:09:43.685+0000][1][safepoint    ] Leaving safepoint region
[2020-01-13T13:09:43.685+0000][1][safepoint    ] Total time for which application threads were stopped: 0.0000751 seconds, Stopping threads took: 0.0000091 seconds
[2020-01-13T13:09:43.686+0000][1][safepoint    ] Application time: 0.0003494 seconds
[2020-01-13T13:09:43.686+0000][1][safepoint    ] Entering safepoint region: RevokeBias
[2020-01-13T13:09:43.686+0000][1][safepoint    ] Leaving safepoint region
[2020-01-13T13:09:43.686+0000][1][safepoint    ] Total time for which application threads were stopped: 0.0000536 seconds, Stopping threads took: 0.0000066 seconds
[2020-01-13T13:09:43.686+0000][1][safepoint    ] Application time: 0.0000510 seconds
[2020-01-13T13:09:43.686+0000][1][safepoint    ] Entering safepoint region: RevokeBias
[2020-01-13T13:09:43.686+0000][1][safepoint    ] Leaving safepoint region
[2020-01-13T13:09:43.686+0000][1][safepoint    ] Total time for which application threads were stopped: 0.0000509 seconds, Stopping threads took: 0.0000054 seconds
[2020-01-13T13:09:43.686+0000][1][safepoint    ] Application time: 0.0001377 seconds
[2020-01-13T13:09:43.686+0000][1][safepoint    ] Entering safepoint region: RevokeBias
[2020-01-13T13:09:43.686+0000][1][safepoint    ] Leaving safepoint region
[2020-01-13T13:09:43.686+0000][1][safepoint    ] Total time for which application threads were stopped: 0.0000422 seconds, Stopping threads took: 0.0000061 seconds
[2020-01-13T13:09:43.686+0000][1][safepoint    ] Application time: 0.0000335 seconds
[2020-01-13T13:09:43.686+0000][1][safepoint    ] Entering safepoint region: RevokeBias
[2020-01-13T13:09:43.686+0000][1][safepoint    ] Leaving safepoint region
[2020-01-13T13:09:43.686+0000][1][safepoint    ] Total time for which application threads were stopped: 0.0000338 seconds, Stopping threads took: 0.0000051 seconds
[2020-01-13T13:09:43.686+0000][1][safepoint    ] Application time: 0.0000332 seconds
[2020-01-13T13:09:43.686+0000][1][safepoint    ] Entering safepoint region: RevokeBias
[2020-01-13T13:09:43.686+0000][1][safepoint    ] Leaving safepoint region
[2020-01-13T13:09:43.686+0000][1][safepoint    ] Total time for which application threads were stopped: 0.0000346 seconds, Stopping threads took: 0.0000050 seconds
[2020-01-13T13:09:43.686+0000][1][safepoint    ] Application time: 0.0000190 seconds
[2020-01-13T13:09:43.686+0000][1][safepoint    ] Entering safepoint region: RevokeBias
[2020-01-13T13:09:43.686+0000][1][safepoint    ] Leaving safepoint region
[2020-01-13T13:09:43.686+0000][1][safepoint    ] Total time for which application threads were stopped: 0.0000320 seconds, Stopping threads took: 0.0000050 seconds
[2020-01-13T13:09:43.687+0000][1][safepoint    ] Application time: 0.0002719 seconds
[2020-01-13T13:09:43.687+0000][1][safepoint    ] Entering safepoint region: RevokeBias
[2020-01-13T13:09:43.687+0000][1][safepoint    ] Leaving safepoint region
[2020-01-13T13:09:43.687+0000][1][safepoint    ] Total time for which application threads were stopped: 0.0000423 seconds, Stopping threads took: 0.0000066 seconds
[2020-01-13T13:09:43.687+0000][1][safepoint    ] Application time: 0.0000972 seconds
[2020-01-13T13:09:43.687+0000][1][safepoint    ] Entering safepoint region: RevokeBias
[2020-01-13T13:09:43.687+0000][1][safepoint    ] Leaving safepoint region
[2020-01-13T13:09:43.687+0000][1][safepoint    ] Total time for which application threads were stopped: 0.0000385 seconds, Stopping threads took: 0.0000054 seconds
[2020-01-13T13:09:43.687+0000][1][safepoint    ] Application time: 0.0000239 seconds
[2020-01-13T13:09:43.687+0000][1][safepoint    ] Entering safepoint region: RevokeBias
[2020-01-13T13:09:43.687+0000][1][safepoint    ] Leaving safepoint region
[2020-01-13T13:09:43.687+0000][1][safepoint    ] Total time for which application threads were stopped: 0.0000347 seconds, Stopping threads took: 0.0000050 seconds
[2020-01-13T13:09:43.687+0000][1][safepoint    ] Application time: 0.0000193 seconds
[2020-01-13T13:09:43.687+0000][1][safepoint    ] Entering safepoint region: RevokeBias
[2020-01-13T13:09:43.687+0000][1][safepoint    ] Leaving safepoint region
[2020-01-13T13:09:43.687+0000][1][safepoint    ] Total time for which application threads were stopped: 0.0000332 seconds, Stopping threads took: 0.0000052 seconds
[2020-01-13T13:09:43.687+0000][1][safepoint    ] Application time: 0.0000193 seconds
[2020-01-13T13:09:43.687+0000][1][safepoint    ] Entering safepoint region: RevokeBias
[2020-01-13T13:09:43.687+0000][1][safepoint    ] Leaving safepoint region
[2020-01-13T13:09:43.687+0000][1][safepoint    ] Total time for which application threads were stopped: 0.0000323 seconds, Stopping threads took: 0.0000050 seconds
[2020-01-13T13:09:43.687+0000][1][safepoint    ] Application time: 0.0000199 seconds
[2020-01-13T13:09:43.687+0000][1][safepoint    ] Entering safepoint region: RevokeBias
[2020-01-13T13:09:43.687+0000][1][safepoint    ] Leaving safepoint region
[2020-01-13T13:09:43.687+0000][1][safepoint    ] Total time for which application threads were stopped: 0.0000321 seconds, Stopping threads took: 0.0000049 seconds
[2020-01-13T13:09:43.689+0000][1][safepoint    ] Application time: 0.0017753 seconds
[2020-01-13T13:09:43.689+0000][1][safepoint    ] Entering safepoint region: RevokeBias
[2020-01-13T13:09:43.689+0000][1][safepoint    ] Leaving safepoint region
[2020-01-13T13:09:43.689+0000][1][safepoint    ] Total time for which application threads were stopped: 0.0000682 seconds, Stopping threads took: 0.0000218 seconds
[2020-01-13T13:09:43.689+0000][1][safepoint    ] Application time: 0.0000243 seconds
[2020-01-13T13:09:43.689+0000][1][safepoint    ] Entering safepoint region: RevokeBias
[2020-01-13T13:09:43.689+0000][1][safepoint    ] Leaving safepoint region
[2020-01-13T13:09:43.689+0000][1][safepoint    ] Total time for which application threads were stopped: 0.0000275 seconds, Stopping threads took: 0.0000052 seconds
[2020-01-13T13:09:43.689+0000][1][safepoint    ] Application time: 0.0000221 seconds
[2020-01-13T13:09:43.689+0000][1][safepoint    ] Entering safepoint region: BulkRevokeBias
[2020-01-13T13:09:43.689+0000][1][safepoint    ] Leaving safepoint region
[2020-01-13T13:09:43.689+0000][1][safepoint    ] Total time for which application threads were stopped: 0.0000700 seconds, Stopping threads took: 0.0000052 seconds
[2020-01-13T13:09:43.689+0000][1][safepoint    ] Application time: 0.0001392 seconds
[2020-01-13T13:09:43.689+0000][1][safepoint    ] Entering safepoint region: RevokeBias
[2020-01-13T13:09:43.689+0000][1][safepoint    ] Leaving safepoint region
[2020-01-13T13:09:43.689+0000][1][safepoint    ] Total time for which application threads were stopped: 0.0000305 seconds, Stopping threads took: 0.0000055 seconds
[2020-01-13T13:09:43.690+0000][1][safepoint    ] Application time: 0.0002001 seconds
[2020-01-13T13:09:43.690+0000][1][safepoint    ] Entering safepoint region: RevokeBias
[2020-01-13T13:09:43.690+0000][1][safepoint    ] Leaving safepoint region
[2020-01-13T13:09:43.690+0000][1][safepoint    ] Total time for which application threads were stopped: 0.0000342 seconds, Stopping threads took: 0.0000059 seconds
[2020-01-13T13:09:43.690+0000][1][safepoint    ] Application time: 0.0003519 seconds
[2020-01-13T13:09:43.690+0000][1][safepoint    ] Entering safepoint region: RevokeBias
[2020-01-13T13:09:43.690+0000][1][safepoint    ] Leaving safepoint region
[2020-01-13T13:09:43.690+0000][1][safepoint    ] Total time for which application threads were stopped: 0.0000387 seconds, Stopping threads took: 0.0000064 seconds
[2020-01-13T13:09:43.692+0000][1][safepoint    ] Application time: 0.0016231 seconds
[2020-01-13T13:09:43.695+0000][1][safepoint    ] Entering safepoint region: RevokeBias
[2020-01-13T13:09:43.696+0000][1][safepoint    ] Leaving safepoint region
[2020-01-13T13:09:43.696+0000][1][safepoint    ] Total time for which application threads were stopped: 0.0038083 seconds, Stopping threads took: 0.0037162 seconds
[2020-01-13T13:09:43.696+0000][1][safepoint    ] Application time: 0.0001673 seconds
[2020-01-13T13:09:43.696+0000][1][safepoint    ] Entering safepoint region: RevokeBias
[2020-01-13T13:09:43.696+0000][1][safepoint    ] Leaving safepoint region
[2020-01-13T13:09:43.696+0000][1][safepoint    ] Total time for which application threads were stopped: 0.0000541 seconds, Stopping threads took: 0.0000126 seconds
[2020-01-13T13:09:43.696+0000][1][safepoint    ] Application time: 0.0002303 seconds
[2020-01-13T13:09:43.696+0000][1][safepoint    ] Entering safepoint region: RevokeBias
[2020-01-13T13:09:43.696+0000][1][safepoint    ] Leaving safepoint region
[2020-01-13T13:09:43.696+0000][1][safepoint    ] Total time for which application threads were stopped: 0.0000655 seconds, Stopping threads took: 0.0000150 seconds
[2020-01-13T13:09:43.697+0000][1][safepoint    ] Application time: 0.0013742 seconds
[2020-01-13T13:09:43.697+0000][1][safepoint    ] Entering safepoint region: RevokeBias
[2020-01-13T13:09:43.698+0000][1][safepoint    ] Leaving safepoint region
[2020-01-13T13:09:43.698+0000][1][safepoint    ] Total time for which application threads were stopped: 0.0000889 seconds, Stopping threads took: 0.0000217 seconds
[2020-01-13T13:09:43.698+0000][1][safepoint    ] Application time: 0.0004541 seconds
[2020-01-13T13:09:43.698+0000][1][safepoint    ] Entering safepoint region: RevokeBias
[2020-01-13T13:09:43.698+0000][1][safepoint    ] Leaving safepoint region
[2020-01-13T13:09:43.698+0000][1][safepoint    ] Total time for which application threads were stopped: 0.0000859 seconds, Stopping threads took: 0.0000186 seconds
[2020-01-13T13:09:43.703+0000][1][safepoint    ] Application time: 0.0051377 seconds
[2020-01-13T13:09:43.704+0000][1][safepoint    ] Entering safepoint region: RevokeBias
[2020-01-13T13:09:43.704+0000][1][safepoint    ] Leaving safepoint region
[2020-01-13T13:09:43.704+0000][1][safepoint    ] Total time for which application threads were stopped: 0.0005307 seconds, Stopping threads took: 0.0004210 seconds
[2020-01-13T13:09:43.704+0000][1][safepoint    ] Application time: 0.0000414 seconds
[2020-01-13T13:09:43.704+0000][1][safepoint    ] Entering safepoint region: RevokeBias
[2020-01-13T13:09:43.704+0000][1][safepoint    ] Leaving safepoint region
[2020-01-13T13:09:43.704+0000][1][safepoint    ] Total time for which application threads were stopped: 0.0000462 seconds, Stopping threads took: 0.0000133 seconds
[2020-01-13T13:09:43.704+0000][1][safepoint    ] Application time: 0.0001928 seconds
[2020-01-13T13:09:43.704+0000][1][safepoint    ] Entering safepoint region: RevokeBias
[2020-01-13T13:09:43.704+0000][1][safepoint    ] Leaving safepoint region
[2020-01-13T13:09:43.704+0000][1][safepoint    ] Total time for which application threads were stopped: 0.0000475 seconds, Stopping threads took: 0.0000138 seconds
[2020-01-13T13:09:43.709+0000][1][safepoint    ] Application time: 0.0044163 seconds
[2020-01-13T13:09:43.712+0000][1][safepoint    ] Entering safepoint region: RevokeBias
[2020-01-13T13:09:43.712+0000][1][safepoint    ] Leaving safepoint region
[2020-01-13T13:09:43.712+0000][1][safepoint    ] Total time for which application threads were stopped: 0.0037605 seconds, Stopping threads took: 0.0036976 seconds
[2020-01-13T13:09:43.714+0000][1][safepoint    ] Application time: 0.0016844 seconds
[2020-01-13T13:09:43.714+0000][1][safepoint    ] Entering safepoint region: RevokeBias
[2020-01-13T13:09:43.714+0000][1][safepoint    ] Leaving safepoint region
[2020-01-13T13:09:43.714+0000][1][safepoint    ] Total time for which application threads were stopped: 0.0000640 seconds, Stopping threads took: 0.0000202 seconds
[2020-01-13T13:09:43.725+0000][1][safepoint    ] Application time: 0.0104157 seconds
[2020-01-13T13:09:43.725+0000][1][safepoint    ] Entering safepoint region: RevokeBias
[2020-01-13T13:09:43.725+0000][1][safepoint    ] Leaving safepoint region
[2020-01-13T13:09:43.725+0000][1][safepoint    ] Total time for which application threads were stopped: 0.0000863 seconds, Stopping threads took: 0.0000247 seconds
[2020-01-13T13:09:43.848+0000][1][safepoint    ] Application time: 0.1234929 seconds
[2020-01-13T13:09:43.851+0000][1][safepoint    ] Entering safepoint region: RevokeBias
[2020-01-13T13:09:43.851+0000][1][safepoint    ] Leaving safepoint region
[2020-01-13T13:09:43.851+0000][1][safepoint    ] Total time for which application threads were stopped: 0.0031688 seconds, Stopping threads took: 0.0030752 seconds
[2020-01-13T13:09:44.387+0000][1][safepoint    ] Application time: 0.5352398 seconds
[2020-01-13T13:09:44.387+0000][1][safepoint    ] Entering safepoint region: RevokeBias
[2020-01-13T13:09:44.387+0000][1][safepoint    ] Leaving safepoint region
[2020-01-13T13:09:44.387+0000][1][safepoint    ] Total time for which application threads were stopped: 0.0000980 seconds, Stopping threads took: 0.0000280 seconds
[2020-01-13T13:09:44.509+0000][1][safepoint    ] Application time: 0.1223939 seconds
[2020-01-13T13:09:44.513+0000][1][safepoint    ] Entering safepoint region: GenCollectForAllocation
[2020-01-13T13:09:44.514+0000][1][gc,start     ] GC(20) Pause Young (Allocation Failure)
[2020-01-13T13:09:44.514+0000][1][gc,task      ] GC(20) Using 1 workers of 1 for evacuation
[2020-01-13T13:09:44.578+0000][1][gc,age       ] GC(20) Desired survivor size 4358144 bytes, new threshold 2 (max threshold 6)
[2020-01-13T13:09:44.578+0000][1][gc,age       ] GC(20) Age table with threshold 2 (max threshold 6)
[2020-01-13T13:09:44.578+0000][1][gc,age       ] GC(20) - age   1:    1655824 bytes,    1655824 total
[2020-01-13T13:09:44.578+0000][1][gc,age       ] GC(20) - age   2:    3044312 bytes,    4700136 total
[2020-01-13T13:09:44.578+0000][1][gc,heap      ] GC(20) ParNew: 75211K->6120K(76672K)
[2020-01-13T13:09:44.578+0000][1][gc,heap      ] GC(20) CMS: 54038K->57968K(176960K)
[2020-01-13T13:09:44.578+0000][1][gc,metaspace ] GC(20) Metaspace: 50366K->50366K(1095680K)
[2020-01-13T13:09:44.578+0000][1][gc           ] GC(20) Pause Young (Allocation Failure) 126M->62M(247M) 64.509ms
[2020-01-13T13:09:44.578+0000][1][gc,cpu       ] GC(20) User=0.07s Sys=0.00s Real=0.06s
[2020-01-13T13:09:44.578+0000][1][safepoint    ] Leaving safepoint region
[2020-01-13T13:09:44.578+0000][1][safepoint    ] Total time for which application threads were stopped: 0.0687412 seconds, Stopping threads took: 0.0040726 seconds
[2020-01-13T13:09:44.587+0000][1][safepoint    ] Application time: 0.0085267 seconds
[2020-01-13T13:09:44.587+0000][1][safepoint    ] Entering safepoint region: RevokeBias
[2020-01-13T13:09:44.587+0000][1][safepoint    ] Leaving safepoint region
[2020-01-13T13:09:44.587+0000][1][safepoint    ] Total time for which application threads were stopped: 0.0001249 seconds, Stopping threads took: 0.0000347 seconds
[2020-01-13T13:09:44.587+0000][1][safepoint    ] Application time: 0.0000965 seconds
[2020-01-13T13:09:44.587+0000][1][safepoint    ] Entering safepoint region: RevokeBias
[2020-01-13T13:09:44.587+0000][1][safepoint    ] Leaving safepoint region
[2020-01-13T13:09:44.587+0000][1][safepoint    ] Total time for which application threads were stopped: 0.0000480 seconds, Stopping threads took: 0.0000143 seconds
[2020-01-13T13:09:44.587+0000][1][safepoint    ] Application time: 0.0000225 seconds
[2020-01-13T13:09:44.587+0000][1][safepoint    ] Entering safepoint region: RevokeBias
[2020-01-13T13:09:44.587+0000][1][safepoint    ] Leaving safepoint region
[2020-01-13T13:09:44.587+0000][1][safepoint    ] Total time for which application threads were stopped: 0.0000710 seconds, Stopping threads took: 0.0000139 seconds
[2020-01-13T13:09:44.587+0000][1][safepoint    ] Application time: 0.0000289 seconds
[2020-01-13T13:09:44.587+0000][1][safepoint    ] Entering safepoint region: RevokeBias
[2020-01-13T13:09:44.587+0000][1][safepoint    ] Leaving safepoint region
[2020-01-13T13:09:44.587+0000][1][safepoint    ] Total time for which application threads were stopped: 0.0000234 seconds, Stopping threads took: 0.0000054 seconds
[2020-01-13T13:09:44.587+0000][1][safepoint    ] Application time: 0.0000223 seconds
[2020-01-13T13:09:44.587+0000][1][safepoint    ] Entering safepoint region: RevokeBias
[2020-01-13T13:09:44.587+0000][1][safepoint    ] Leaving safepoint region
[2020-01-13T13:09:44.587+0000][1][safepoint    ] Total time for which application threads were stopped: 0.0000213 seconds, Stopping threads took: 0.0000052 seconds
[2020-01-13T13:09:44.587+0000][1][safepoint    ] Application time: 0.0000190 seconds
[2020-01-13T13:09:44.587+0000][1][safepoint    ] Entering safepoint region: RevokeBias
[2020-01-13T13:09:44.587+0000][1][safepoint    ] Leaving safepoint region
[2020-01-13T13:09:44.587+0000][1][safepoint    ] Total time for which application threads were stopped: 0.0000204 seconds, Stopping threads took: 0.0000050 seconds
[2020-01-13T13:09:44.587+0000][1][safepoint    ] Application time: 0.0000223 seconds
[2020-01-13T13:09:44.587+0000][1][safepoint    ] Entering safepoint region: RevokeBias
[2020-01-13T13:09:44.587+0000][1][safepoint    ] Leaving safepoint region
[2020-01-13T13:09:44.587+0000][1][safepoint    ] Total time for which application threads were stopped: 0.0000206 seconds, Stopping threads took: 0.0000051 seconds
[2020-01-13T13:09:44.587+0000][1][safepoint    ] Application time: 0.0000235 seconds
[2020-01-13T13:09:44.587+0000][1][safepoint    ] Entering safepoint region: RevokeBias
[2020-01-13T13:09:44.587+0000][1][safepoint    ] Leaving safepoint region
[2020-01-13T13:09:44.587+0000][1][safepoint    ] Total time for which application threads were stopped: 0.0000395 seconds, Stopping threads took: 0.0000056 seconds
[2020-01-13T13:09:44.587+0000][1][safepoint    ] Application time: 0.0000221 seconds
[2020-01-13T13:09:44.587+0000][1][safepoint    ] Entering safepoint region: RevokeBias
[2020-01-13T13:09:44.587+0000][1][safepoint    ] Leaving safepoint region
[2020-01-13T13:09:44.587+0000][1][safepoint    ] Total time for which application threads were stopped: 0.0000315 seconds, Stopping threads took: 0.0000050 seconds
[2020-01-13T13:09:44.587+0000][1][safepoint    ] Application time: 0.0000197 seconds
[2020-01-13T13:09:44.587+0000][1][safepoint    ] Entering safepoint region: RevokeBias
[2020-01-13T13:09:44.587+0000][1][safepoint    ] Leaving safepoint region
[2020-01-13T13:09:44.587+0000][1][safepoint    ] Total time for which application threads were stopped: 0.0000308 seconds, Stopping threads took: 0.0000051 seconds
[2020-01-13T13:09:44.588+0000][1][safepoint    ] Application time: 0.0000192 seconds
[2020-01-13T13:09:44.588+0000][1][safepoint    ] Entering safepoint region: RevokeBias
[2020-01-13T13:09:44.588+0000][1][safepoint    ] Leaving safepoint region
[2020-01-13T13:09:44.588+0000][1][safepoint    ] Total time for which application threads were stopped: 0.0000307 seconds, Stopping threads took: 0.0000051 seconds
[2020-01-13T13:09:44.588+0000][1][safepoint    ] Application time: 0.0000324 seconds
[2020-01-13T13:09:44.588+0000][1][safepoint    ] Entering safepoint region: RevokeBias
[2020-01-13T13:09:44.588+0000][1][safepoint    ] Leaving safepoint region
[2020-01-13T13:09:44.588+0000][1][safepoint    ] Total time for which application threads were stopped: 0.0000211 seconds, Stopping threads took: 0.0000051 seconds
[2020-01-13T13:09:44.588+0000][1][safepoint    ] Application time: 0.0000187 seconds
[2020-01-13T13:09:44.588+0000][1][safepoint    ] Entering safepoint region: RevokeBias
[2020-01-13T13:09:44.588+0000][1][safepoint    ] Leaving safepoint region
[2020-01-13T13:09:44.588+0000][1][safepoint    ] Total time for which application threads were stopped: 0.0000313 seconds, Stopping threads took: 0.0000051 seconds
[2020-01-13T13:09:44.588+0000][1][safepoint    ] Application time: 0.0000187 seconds
[2020-01-13T13:09:44.588+0000][1][safepoint    ] Entering safepoint region: RevokeBias
[2020-01-13T13:09:44.588+0000][1][safepoint    ] Leaving safepoint region
[2020-01-13T13:09:44.588+0000][1][safepoint    ] Total time for which application threads were stopped: 0.0000308 seconds, Stopping threads took: 0.0000051 seconds
[2020-01-13T13:09:44.588+0000][1][safepoint    ] Application time: 0.0000189 seconds
[2020-01-13T13:09:44.588+0000][1][safepoint    ] Entering safepoint region: RevokeBias
[2020-01-13T13:09:44.588+0000][1][safepoint    ] Leaving safepoint region
[2020-01-13T13:09:44.588+0000][1][safepoint    ] Total time for which application threads were stopped: 0.0000311 seconds, Stopping threads took: 0.0000052 seconds
[2020-01-13T13:09:44.588+0000][1][safepoint    ] Application time: 0.0000193 seconds
[2020-01-13T13:09:44.588+0000][1][safepoint    ] Entering safepoint region: BulkRevokeBias
[2020-01-13T13:09:44.588+0000][1][safepoint    ] Leaving safepoint region
[2020-01-13T13:09:44.588+0000][1][safepoint    ] Total time for which application threads were stopped: 0.0000979 seconds, Stopping threads took: 0.0000052 seconds
[2020-01-13T13:09:45.368+0000][1][safepoint    ] Application time: 0.7796821 seconds
[2020-01-13T13:09:45.368+0000][1][safepoint    ] Entering safepoint region: RevokeBias
[2020-01-13T13:09:45.368+0000][1][safepoint    ] Leaving safepoint region
[2020-01-13T13:09:45.368+0000][1][safepoint    ] Total time for which application threads were stopped: 0.0005979 seconds, Stopping threads took: 0.0004166 seconds
[2020-01-13T13:09:45.368+0000][1][safepoint    ] Application time: 0.0000652 seconds
[2020-01-13T13:09:45.368+0000][1][safepoint    ] Entering safepoint region: RevokeBias
[2020-01-13T13:09:45.368+0000][1][safepoint    ] Leaving safepoint region
[2020-01-13T13:09:45.368+0000][1][safepoint    ] Total time for which application threads were stopped: 0.0000454 seconds, Stopping threads took: 0.0000085 seconds
[2020-01-13T13:09:45.593+0000][1][safepoint    ] Application time: 0.2249217 seconds
[2020-01-13T13:09:45.593+0000][1][safepoint    ] Entering safepoint region: RevokeBias
[2020-01-13T13:09:45.594+0000][1][safepoint    ] Leaving safepoint region
[2020-01-13T13:09:45.594+0000][1][safepoint    ] Total time for which application threads were stopped: 0.0009204 seconds, Stopping threads took: 0.0000402 seconds
[2020-01-13T13:09:45.594+0000][1][safepoint    ] Application time: 0.0000549 seconds
[2020-01-13T13:09:45.594+0000][1][safepoint    ] Entering safepoint region: RevokeBias
[2020-01-13T13:09:45.594+0000][1][safepoint    ] Leaving safepoint region
[2020-01-13T13:09:45.594+0000][1][safepoint    ] Total time for which application threads were stopped: 0.0000740 seconds, Stopping threads took: 0.0000196 seconds
[2020-01-13T13:09:45.595+0000][1][safepoint    ] Application time: 0.0000863 seconds
[2020-01-13T13:09:45.595+0000][1][safepoint    ] Entering safepoint region: RevokeBias
[2020-01-13T13:09:45.595+0000][1][safepoint    ] Leaving safepoint region
[2020-01-13T13:09:45.595+0000][1][safepoint    ] Total time for which application threads were stopped: 0.0000531 seconds, Stopping threads took: 0.0000222 seconds
[2020-01-13T13:09:46.087+0000][1][safepoint    ] Application time: 0.4927084 seconds
[2020-01-13T13:09:46.087+0000][1][safepoint    ] Entering safepoint region: Deoptimize
[2020-01-13T13:09:46.089+0000][1][safepoint    ] Leaving safepoint region
[2020-01-13T13:09:46.089+0000][1][safepoint    ] Total time for which application threads were stopped: 0.0015493 seconds, Stopping threads took: 0.0000256 seconds
[2020-01-13T13:09:46.188+0000][1][safepoint    ] Application time: 0.0991127 seconds
[2020-01-13T13:09:46.188+0000][1][safepoint    ] Entering safepoint region: RevokeBias
[2020-01-13T13:09:46.188+0000][1][safepoint    ] Leaving safepoint region
[2020-01-13T13:09:46.188+0000][1][safepoint    ] Total time for which application threads were stopped: 0.0003813 seconds, Stopping threads took: 0.0002682 seconds
[2020-01-13T13:09:46.189+0000][1][safepoint    ] Application time: 0.0000855 seconds
[2020-01-13T13:09:46.189+0000][1][safepoint    ] Entering safepoint region: RevokeBias
[2020-01-13T13:09:46.189+0000][1][safepoint    ] Leaving safepoint region
[2020-01-13T13:09:46.189+0000][1][safepoint    ] Total time for which application threads were stopped: 0.0000445 seconds, Stopping threads took: 0.0000168 seconds
[2020-01-13T13:09:46.189+0000][1][safepoint    ] Application time: 0.0008109 seconds
[2020-01-13T13:09:46.189+0000][1][safepoint    ] Entering safepoint region: RevokeBias
[2020-01-13T13:09:46.190+0000][1][safepoint    ] Leaving safepoint region
[2020-01-13T13:09:46.190+0000][1][safepoint    ] Total time for which application threads were stopped: 0.0001080 seconds, Stopping threads took: 0.0000178 seconds
[2020-01-13T13:09:46.198+0000][1][safepoint    ] Application time: 0.0085293 seconds
[2020-01-13T13:09:46.199+0000][1][safepoint    ] Entering safepoint region: RevokeBias
[2020-01-13T13:09:46.199+0000][1][safepoint    ] Leaving safepoint region
[2020-01-13T13:09:46.199+0000][1][safepoint    ] Total time for which application threads were stopped: 0.0013125 seconds, Stopping threads took: 0.0012245 seconds
[2020-01-13T13:09:46.600+0000][1][safepoint    ] Application time: 0.4002551 seconds
[2020-01-13T13:09:46.600+0000][1][safepoint    ] Entering safepoint region: RevokeBias
[2020-01-13T13:09:46.602+0000][1][safepoint    ] Leaving safepoint region
[2020-01-13T13:09:46.602+0000][1][safepoint    ] Total time for which application threads were stopped: 0.0019088 seconds, Stopping threads took: 0.0000344 seconds
[2020-01-13T13:09:46.830+0000][1][safepoint    ] Application time: 0.2279301 seconds
[2020-01-13T13:09:46.830+0000][1][safepoint    ] Entering safepoint region: Deoptimize
[2020-01-13T13:09:46.831+0000][1][safepoint    ] Leaving safepoint region
[2020-01-13T13:09:46.831+0000][1][safepoint    ] Total time for which application threads were stopped: 0.0008593 seconds, Stopping threads took: 0.0000276 seconds
[2020-01-13T13:09:46.994+0000][1][safepoint    ] Application time: 0.1635150 seconds
[2020-01-13T13:09:46.997+0000][1][safepoint    ] Entering safepoint region: GenCollectForAllocation
[2020-01-13T13:09:46.998+0000][1][gc,start     ] GC(21) Pause Young (Allocation Failure)
[2020-01-13T13:09:46.998+0000][1][gc,task      ] GC(21) Using 1 workers of 1 for evacuation
[2020-01-13T13:09:47.046+0000][1][gc,age       ] GC(21) Desired survivor size 4358144 bytes, new threshold 2 (max threshold 6)
[2020-01-13T13:09:47.046+0000][1][gc,age       ] GC(21) Age table with threshold 2 (max threshold 6)
[2020-01-13T13:09:47.046+0000][1][gc,age       ] GC(21) - age   1:    3285512 bytes,    3285512 total
[2020-01-13T13:09:47.046+0000][1][gc,age       ] GC(21) - age   2:    1588944 bytes,    4874456 total
[2020-01-13T13:09:47.046+0000][1][gc,heap      ] GC(21) ParNew: 74280K->4972K(76672K)
[2020-01-13T13:09:47.046+0000][1][gc,heap      ] GC(21) CMS: 57968K->61036K(176960K)
[2020-01-13T13:09:47.046+0000][1][gc,metaspace ] GC(21) Metaspace: 58556K->58556K(1103872K)
[2020-01-13T13:09:47.046+0000][1][gc           ] GC(21) Pause Young (Allocation Failure) 129M->64M(247M) 48.672ms
[2020-01-13T13:09:47.046+0000][1][gc,cpu       ] GC(21) User=0.05s Sys=0.00s Real=0.05s
[2020-01-13T13:09:47.046+0000][1][safepoint    ] Leaving safepoint region
[2020-01-13T13:09:47.046+0000][1][safepoint    ] Total time for which application threads were stopped: 0.0521465 seconds, Stopping threads took: 0.0032943 seconds
[2020-01-13T13:09:47.605+0000][1][safepoint    ] Application time: 0.5584049 seconds
[2020-01-13T13:09:47.605+0000][1][safepoint    ] Entering safepoint region: RevokeBias
[2020-01-13T13:09:47.605+0000][1][safepoint    ] Leaving safepoint region
[2020-01-13T13:09:47.605+0000][1][safepoint    ] Total time for which application threads were stopped: 0.0002143 seconds, Stopping threads took: 0.0000639 seconds
[2020-01-13T13:09:47.817+0000][1][safepoint    ] Application time: 0.2123085 seconds
[2020-01-13T13:09:47.817+0000][1][safepoint    ] Entering safepoint region: BulkRevokeBias
[2020-01-13T13:09:47.818+0000][1][safepoint    ] Leaving safepoint region
[2020-01-13T13:09:47.818+0000][1][safepoint    ] Total time for which application threads were stopped: 0.0002935 seconds, Stopping threads took: 0.0000486 seconds
[2020-01-13T13:09:47.982+0000][1][safepoint    ] Application time: 0.1641967 seconds
[2020-01-13T13:09:47.982+0000][1][safepoint    ] Entering safepoint region: Deoptimize
[2020-01-13T13:09:47.983+0000][1][safepoint    ] Leaving safepoint region
[2020-01-13T13:09:47.983+0000][1][safepoint    ] Total time for which application threads were stopped: 0.0009378 seconds, Stopping threads took: 0.0000398 seconds
[2020-01-13T13:09:48.011+0000][1][safepoint    ] Application time: 0.0283629 seconds
[2020-01-13T13:09:48.014+0000][1][safepoint    ] Entering safepoint region: RevokeBias
[2020-01-13T13:09:48.014+0000][1][safepoint    ] Leaving safepoint region
[2020-01-13T13:09:48.014+0000][1][safepoint    ] Total time for which application threads were stopped: 0.0025969 seconds, Stopping threads took: 0.0024314 seconds
[2020-01-13T13:09:48.014+0000][1][safepoint    ] Application time: 0.0006301 seconds
[2020-01-13T13:09:48.014+0000][1][safepoint    ] Entering safepoint region: RevokeBias
[2020-01-13T13:09:48.015+0000][1][safepoint    ] Leaving safepoint region
[2020-01-13T13:09:48.015+0000][1][safepoint    ] Total time for which application threads were stopped: 0.0001093 seconds, Stopping threads took: 0.0000205 seconds
[2020-01-13T13:09:48.016+0000][1][safepoint    ] Application time: 0.0010722 seconds
[2020-01-13T13:09:48.016+0000][1][safepoint    ] Entering safepoint region: RevokeBias
[2020-01-13T13:09:48.016+0000][1][safepoint    ] Leaving safepoint region
[2020-01-13T13:09:48.016+0000][1][safepoint    ] Total time for which application threads were stopped: 0.0001204 seconds, Stopping threads took: 0.0000275 seconds
[2020-01-13T13:09:48.018+0000][1][safepoint    ] Application time: 0.0017999 seconds
[2020-01-13T13:09:48.018+0000][1][safepoint    ] Entering safepoint region: RevokeBias
[2020-01-13T13:09:48.018+0000][1][safepoint    ] Leaving safepoint region
[2020-01-13T13:09:48.018+0000][1][safepoint    ] Total time for which application threads were stopped: 0.0000935 seconds, Stopping threads took: 0.0000245 seconds
[2020-01-13T13:09:48.018+0000][1][safepoint    ] Application time: 0.0000525 seconds
[2020-01-13T13:09:48.018+0000][1][safepoint    ] Entering safepoint region: RevokeBias
[2020-01-13T13:09:48.018+0000][1][safepoint    ] Leaving safepoint region
[2020-01-13T13:09:48.018+0000][1][safepoint    ] Total time for which application threads were stopped: 0.0000495 seconds, Stopping threads took: 0.0000143 seconds
[2020-01-13T13:09:48.018+0000][1][safepoint    ] Application time: 0.0001702 seconds
[2020-01-13T13:09:48.018+0000][1][safepoint    ] Entering safepoint region: RevokeBias
[2020-01-13T13:09:48.018+0000][1][safepoint    ] Leaving safepoint region
[2020-01-13T13:09:48.018+0000][1][safepoint    ] Total time for which application threads were stopped: 0.0000545 seconds, Stopping threads took: 0.0000209 seconds
[2020-01-13T13:09:48.019+0000][1][safepoint    ] Application time: 0.0009276 seconds
[2020-01-13T13:09:48.019+0000][1][safepoint    ] Entering safepoint region: RevokeBias
[2020-01-13T13:09:48.019+0000][1][safepoint    ] Leaving safepoint region
[2020-01-13T13:09:48.019+0000][1][safepoint    ] Total time for which application threads were stopped: 0.0000625 seconds, Stopping threads took: 0.0000175 seconds
[2020-01-13T13:09:48.019+0000][1][safepoint    ] Application time: 0.0002400 seconds
[2020-01-13T13:09:48.019+0000][1][safepoint    ] Entering safepoint region: RevokeBias
[2020-01-13T13:09:48.019+0000][1][safepoint    ] Leaving safepoint region
[2020-01-13T13:09:48.019+0000][1][safepoint    ] Total time for which application threads were stopped: 0.0000809 seconds, Stopping threads took: 0.0000219 seconds
[2020-01-13T13:09:48.020+0000][1][safepoint    ] Application time: 0.0000368 seconds
[2020-01-13T13:09:48.020+0000][1][safepoint    ] Entering safepoint region: RevokeBias
[2020-01-13T13:09:48.020+0000][1][safepoint    ] Leaving safepoint region
[2020-01-13T13:09:48.020+0000][1][safepoint    ] Total time for which application threads were stopped: 0.0000585 seconds, Stopping threads took: 0.0000169 seconds
[2020-01-13T13:09:48.020+0000][1][safepoint    ] Application time: 0.0008502 seconds
[2020-01-13T13:09:48.020+0000][1][safepoint    ] Entering safepoint region: RevokeBias
[2020-01-13T13:09:48.021+0000][1][safepoint    ] Leaving safepoint region
[2020-01-13T13:09:48.021+0000][1][safepoint    ] Total time for which application threads were stopped: 0.0001054 seconds, Stopping threads took: 0.0000536 seconds
[2020-01-13T13:09:48.022+0000][1][safepoint    ] Application time: 0.0015046 seconds
[2020-01-13T13:09:48.022+0000][1][safepoint    ] Entering safepoint region: RevokeBias
[2020-01-13T13:09:48.022+0000][1][safepoint    ] Leaving safepoint region
[2020-01-13T13:09:48.022+0000][1][safepoint    ] Total time for which application threads were stopped: 0.0000857 seconds, Stopping threads took: 0.0000246 seconds
[2020-01-13T13:09:48.022+0000][1][safepoint    ] Application time: 0.0000911 seconds
[2020-01-13T13:09:48.022+0000][1][safepoint    ] Entering safepoint region: RevokeBias
[2020-01-13T13:09:48.022+0000][1][safepoint    ] Leaving safepoint region
[2020-01-13T13:09:48.022+0000][1][safepoint    ] Total time for which application threads were stopped: 0.0000827 seconds, Stopping threads took: 0.0000409 seconds
[2020-01-13T13:09:48.027+0000][1][safepoint    ] Application time: 0.0043650 seconds
[2020-01-13T13:09:48.027+0000][1][safepoint    ] Entering safepoint region: Deoptimize
[2020-01-13T13:09:48.028+0000][1][safepoint    ] Leaving safepoint region
[2020-01-13T13:09:48.028+0000][1][safepoint    ] Total time for which application threads were stopped: 0.0008599 seconds, Stopping threads took: 0.0000468 seconds
[2020-01-13T13:09:48.104+0000][1][safepoint    ] Application time: 0.0761089 seconds
[2020-01-13T13:09:48.104+0000][1][safepoint    ] Entering safepoint region: RevokeBias
[2020-01-13T13:09:48.104+0000][1][safepoint    ] Leaving safepoint region
[2020-01-13T13:09:48.104+0000][1][safepoint    ] Total time for which application threads were stopped: 0.0003896 seconds, Stopping threads took: 0.0002988 seconds
[2020-01-13T13:09:48.105+0000][1][safepoint    ] Application time: 0.0004422 seconds
[2020-01-13T13:09:48.105+0000][1][safepoint    ] Entering safepoint region: RevokeBias
[2020-01-13T13:09:48.105+0000][1][safepoint    ] Leaving safepoint region
[2020-01-13T13:09:48.105+0000][1][safepoint    ] Total time for which application threads were stopped: 0.0000922 seconds, Stopping threads took: 0.0000244 seconds
[2020-01-13T13:09:48.105+0000][1][safepoint    ] Application time: 0.0000341 seconds
[2020-01-13T13:09:48.105+0000][1][safepoint    ] Entering safepoint region: RevokeBias
[2020-01-13T13:09:48.105+0000][1][safepoint    ] Leaving safepoint region
[2020-01-13T13:09:48.105+0000][1][safepoint    ] Total time for which application threads were stopped: 0.0000410 seconds, Stopping threads took: 0.0000126 seconds
[2020-01-13T13:09:48.107+0000][1][safepoint    ] Application time: 0.0016481 seconds
[2020-01-13T13:09:48.107+0000][1][safepoint    ] Entering safepoint region: RevokeBias
[2020-01-13T13:09:48.107+0000][1][safepoint    ] Leaving safepoint region
[2020-01-13T13:09:48.107+0000][1][safepoint    ] Total time for which application threads were stopped: 0.0000804 seconds, Stopping threads took: 0.0000203 seconds
[2020-01-13T13:09:48.110+0000][1][safepoint    ] Application time: 0.0034140 seconds
[2020-01-13T13:09:48.110+0000][1][safepoint    ] Entering safepoint region: RevokeBias
[2020-01-13T13:09:48.110+0000][1][safepoint    ] Leaving safepoint region
[2020-01-13T13:09:48.110+0000][1][safepoint    ] Total time for which application threads were stopped: 0.0001026 seconds, Stopping threads took: 0.0000292 seconds
[2020-01-13T13:09:48.110+0000][1][safepoint    ] Application time: 0.0002528 seconds
[2020-01-13T13:09:48.110+0000][1][safepoint    ] Entering safepoint region: RevokeBias
[2020-01-13T13:09:48.111+0000][1][safepoint    ] Leaving safepoint region
[2020-01-13T13:09:48.111+0000][1][safepoint    ] Total time for which application threads were stopped: 0.0000838 seconds, Stopping threads took: 0.0000193 seconds
[2020-01-13T13:09:48.111+0000][1][safepoint    ] Application time: 0.0001344 seconds
[2020-01-13T13:09:48.111+0000][1][safepoint    ] Entering safepoint region: RevokeBias
[2020-01-13T13:09:48.111+0000][1][safepoint    ] Leaving safepoint region
[2020-01-13T13:09:48.111+0000][1][safepoint    ] Total time for which application threads were stopped: 0.0000686 seconds, Stopping threads took: 0.0000261 seconds
[2020-01-13T13:09:48.111+0000][1][safepoint    ] Application time: 0.0003641 seconds
[2020-01-13T13:09:48.111+0000][1][safepoint    ] Entering safepoint region: RevokeBias
[2020-01-13T13:09:48.111+0000][1][safepoint    ] Leaving safepoint region
[2020-01-13T13:09:48.111+0000][1][safepoint    ] Total time for which application threads were stopped: 0.0000580 seconds, Stopping threads took: 0.0000163 seconds
[2020-01-13T13:09:48.111+0000][1][safepoint    ] Application time: 0.0000264 seconds
[2020-01-13T13:09:48.111+0000][1][safepoint    ] Entering safepoint region: RevokeBias
[2020-01-13T13:09:48.111+0000][1][safepoint    ] Leaving safepoint region
[2020-01-13T13:09:48.111+0000][1][safepoint    ] Total time for which application threads were stopped: 0.0000405 seconds, Stopping threads took: 0.0000126 seconds
[2020-01-13T13:09:48.118+0000][1][safepoint    ] Application time: 0.0063613 seconds
[2020-01-13T13:09:48.118+0000][1][safepoint    ] Entering safepoint region: RevokeBias
[2020-01-13T13:09:48.118+0000][1][safepoint    ] Leaving safepoint region
[2020-01-13T13:09:48.118+0000][1][safepoint    ] Total time for which application threads were stopped: 0.0002447 seconds, Stopping threads took: 0.0001556 seconds
[2020-01-13T13:09:48.142+0000][1][safepoint    ] Application time: 0.0241292 seconds
[2020-01-13T13:09:48.144+0000][1][safepoint    ] Entering safepoint region: RevokeBias
[2020-01-13T13:09:48.144+0000][1][safepoint    ] Leaving safepoint region
[2020-01-13T13:09:48.144+0000][1][safepoint    ] Total time for which application threads were stopped: 0.0021411 seconds, Stopping threads took: 0.0020244 seconds
[2020-01-13T13:09:48.146+0000][1][safepoint    ] Application time: 0.0014215 seconds
[2020-01-13T13:09:48.146+0000][1][safepoint    ] Entering safepoint region: RevokeBias
[2020-01-13T13:09:48.146+0000][1][safepoint    ] Leaving safepoint region
[2020-01-13T13:09:48.146+0000][1][safepoint    ] Total time for which application threads were stopped: 0.0001124 seconds, Stopping threads took: 0.0000264 seconds
[2020-01-13T13:09:48.146+0000][1][safepoint    ] Application time: 0.0006039 seconds
[2020-01-13T13:09:48.147+0000][1][safepoint    ] Entering safepoint region: RevokeBias
[2020-01-13T13:09:48.147+0000][1][safepoint    ] Leaving safepoint region
[2020-01-13T13:09:48.147+0000][1][safepoint    ] Total time for which application threads were stopped: 0.0002916 seconds, Stopping threads took: 0.0002169 seconds
[2020-01-13T13:09:48.148+0000][1][safepoint    ] Application time: 0.0010597 seconds
[2020-01-13T13:09:48.148+0000][1][safepoint    ] Entering safepoint region: RevokeBias
[2020-01-13T13:09:48.148+0000][1][safepoint    ] Leaving safepoint region
[2020-01-13T13:09:48.148+0000][1][safepoint    ] Total time for which application threads were stopped: 0.0001265 seconds, Stopping threads took: 0.0000550 seconds
[2020-01-13T13:09:48.148+0000][1][safepoint    ] Application time: 0.0000305 seconds
[2020-01-13T13:09:48.148+0000][1][safepoint    ] Entering safepoint region: RevokeBias
[2020-01-13T13:09:48.148+0000][1][safepoint    ] Leaving safepoint region
[2020-01-13T13:09:48.148+0000][1][safepoint    ] Total time for which application threads were stopped: 0.0000336 seconds, Stopping threads took: 0.0000060 seconds
[2020-01-13T13:09:48.148+0000][1][safepoint    ] Application time: 0.0000244 seconds
[2020-01-13T13:09:48.148+0000][1][safepoint    ] Entering safepoint region: RevokeBias
[2020-01-13T13:09:48.148+0000][1][safepoint    ] Leaving safepoint region
[2020-01-13T13:09:48.148+0000][1][safepoint    ] Total time for which application threads were stopped: 0.0000309 seconds, Stopping threads took: 0.0000055 seconds
[2020-01-13T13:09:48.148+0000][1][safepoint    ] Application time: 0.0000936 seconds
[2020-01-13T13:09:48.148+0000][1][safepoint    ] Entering safepoint region: RevokeBias
[2020-01-13T13:09:48.148+0000][1][safepoint    ] Leaving safepoint region
[2020-01-13T13:09:48.148+0000][1][safepoint    ] Total time for which application threads were stopped: 0.0000394 seconds, Stopping threads took: 0.0000138 seconds
[2020-01-13T13:09:48.148+0000][1][safepoint    ] Application time: 0.0002421 seconds
[2020-01-13T13:09:48.148+0000][1][safepoint    ] Entering safepoint region: RevokeBias
[2020-01-13T13:09:48.149+0000][1][safepoint    ] Leaving safepoint region
[2020-01-13T13:09:48.149+0000][1][safepoint    ] Total time for which application threads were stopped: 0.0000642 seconds, Stopping threads took: 0.0000167 seconds
[2020-01-13T13:09:48.158+0000][1][safepoint    ] Application time: 0.0093810 seconds
[2020-01-13T13:09:48.158+0000][1][safepoint    ] Entering safepoint region: RevokeBias
[2020-01-13T13:09:48.158+0000][1][safepoint    ] Leaving safepoint region
[2020-01-13T13:09:48.158+0000][1][safepoint    ] Total time for which application threads were stopped: 0.0001104 seconds, Stopping threads took: 0.0000272 seconds
[2020-01-13T13:09:48.158+0000][1][safepoint    ] Application time: 0.0000426 seconds
[2020-01-13T13:09:48.158+0000][1][safepoint    ] Entering safepoint region: RevokeBias
[2020-01-13T13:09:48.158+0000][1][safepoint    ] Leaving safepoint region
[2020-01-13T13:09:48.158+0000][1][safepoint    ] Total time for which application threads were stopped: 0.0000518 seconds, Stopping threads took: 0.0000142 seconds
[2020-01-13T13:09:48.162+0000][1][safepoint    ] Application time: 0.0036067 seconds
[2020-01-13T13:09:48.164+0000][1][safepoint    ] Entering safepoint region: RevokeBias
[2020-01-13T13:09:48.164+0000][1][safepoint    ] Leaving safepoint region
[2020-01-13T13:09:48.164+0000][1][safepoint    ] Total time for which application threads were stopped: 0.0023981 seconds, Stopping threads took: 0.0022983 seconds
[2020-01-13T13:09:48.164+0000][1][safepoint    ] Application time: 0.0001803 seconds
[2020-01-13T13:09:48.164+0000][1][safepoint    ] Entering safepoint region: RevokeBias
[2020-01-13T13:09:48.165+0000][1][safepoint    ] Leaving safepoint region
[2020-01-13T13:09:48.165+0000][1][safepoint    ] Total time for which application threads were stopped: 0.0000701 seconds, Stopping threads took: 0.0000324 seconds
[2020-01-13T13:09:48.165+0000][1][safepoint    ] Application time: 0.0002677 seconds
[2020-01-13T13:09:48.165+0000][1][safepoint    ] Entering safepoint region: RevokeBias
[2020-01-13T13:09:48.165+0000][1][safepoint    ] Leaving safepoint region
[2020-01-13T13:09:48.165+0000][1][safepoint    ] Total time for which application threads were stopped: 0.0000727 seconds, Stopping threads took: 0.0000176 seconds
[2020-01-13T13:09:48.165+0000][1][safepoint    ] Application time: 0.0000351 seconds
[2020-01-13T13:09:48.165+0000][1][safepoint    ] Entering safepoint region: RevokeBias
[2020-01-13T13:09:48.165+0000][1][safepoint    ] Leaving safepoint region
[2020-01-13T13:09:48.165+0000][1][safepoint    ] Total time for which application threads were stopped: 0.0000399 seconds, Stopping threads took: 0.0000133 seconds
[2020-01-13T13:09:48.173+0000][1][safepoint    ] Application time: 0.0084778 seconds
[2020-01-13T13:09:48.174+0000][1][safepoint    ] Entering safepoint region: RevokeBias
[2020-01-13T13:09:48.174+0000][1][safepoint    ] Leaving safepoint region
[2020-01-13T13:09:48.174+0000][1][safepoint    ] Total time for which application threads were stopped: 0.0001099 seconds, Stopping threads took: 0.0000311 seconds
[2020-01-13T13:09:48.175+0000][1][safepoint    ] Application time: 0.0017732 seconds
[2020-01-13T13:09:48.175+0000][1][safepoint    ] Entering safepoint region: RevokeBias
[2020-01-13T13:09:48.176+0000][1][safepoint    ] Leaving safepoint region
[2020-01-13T13:09:48.176+0000][1][safepoint    ] Total time for which application threads were stopped: 0.0001251 seconds, Stopping threads took: 0.0000434 seconds
[2020-01-13T13:09:48.183+0000][1][safepoint    ] Application time: 0.0075373 seconds
[2020-01-13T13:09:48.183+0000][1][safepoint    ] Entering safepoint region: RevokeBias
[2020-01-13T13:09:48.183+0000][1][safepoint    ] Leaving safepoint region
[2020-01-13T13:09:48.183+0000][1][safepoint    ] Total time for which application threads were stopped: 0.0001339 seconds, Stopping threads took: 0.0000318 seconds
[2020-01-13T13:09:48.222+0000][1][safepoint    ] Application time: 0.0390061 seconds
[2020-01-13T13:09:48.222+0000][1][safepoint    ] Entering safepoint region: RevokeBias
[2020-01-13T13:09:48.223+0000][1][safepoint    ] Leaving safepoint region
[2020-01-13T13:09:48.223+0000][1][safepoint    ] Total time for which application threads were stopped: 0.0001916 seconds, Stopping threads took: 0.0000523 seconds
[2020-01-13T13:09:48.240+0000][1][safepoint    ] Application time: 0.0169099 seconds
[2020-01-13T13:09:48.240+0000][1][safepoint    ] Entering safepoint region: RevokeBias
[2020-01-13T13:09:48.240+0000][1][safepoint    ] Leaving safepoint region
[2020-01-13T13:09:48.240+0000][1][safepoint    ] Total time for which application threads were stopped: 0.0002787 seconds, Stopping threads took: 0.0001039 seconds
[2020-01-13T13:09:48.240+0000][1][safepoint    ] Application time: 0.0000437 seconds
[2020-01-13T13:09:48.240+0000][1][safepoint    ] Entering safepoint region: RevokeBias
[2020-01-13T13:09:48.240+0000][1][safepoint    ] Leaving safepoint region
[2020-01-13T13:09:48.240+0000][1][safepoint    ] Total time for which application threads were stopped: 0.0000425 seconds, Stopping threads took: 0.0000136 seconds
[2020-01-13T13:09:48.272+0000][1][safepoint    ] Application time: 0.0316935 seconds
[2020-01-13T13:09:48.275+0000][1][safepoint    ] Entering safepoint region: RevokeBias
[2020-01-13T13:09:48.275+0000][1][safepoint    ] Leaving safepoint region
[2020-01-13T13:09:48.275+0000][1][safepoint    ] Total time for which application threads were stopped: 0.0038212 seconds, Stopping threads took: 0.0037138 seconds
[2020-01-13T13:09:48.337+0000][1][safepoint    ] Application time: 0.0616474 seconds
[2020-01-13T13:09:48.337+0000][1][safepoint    ] Entering safepoint region: RevokeBias
[2020-01-13T13:09:48.337+0000][1][safepoint    ] Leaving safepoint region
[2020-01-13T13:09:48.337+0000][1][safepoint    ] Total time for which application threads were stopped: 0.0001451 seconds, Stopping threads took: 0.0000563 seconds
[2020-01-13T13:09:48.338+0000][1][safepoint    ] Application time: 0.0003029 seconds
[2020-01-13T13:09:48.340+0000][1][safepoint    ] Entering safepoint region: RevokeBias
[2020-01-13T13:09:48.340+0000][1][safepoint    ] Leaving safepoint region
[2020-01-13T13:09:48.340+0000][1][safepoint    ] Total time for which application threads were stopped: 0.0022867 seconds, Stopping threads took: 0.0022149 seconds
[2020-01-13T13:09:48.340+0000][1][safepoint    ] Application time: 0.0000722 seconds
[2020-01-13T13:09:48.340+0000][1][safepoint    ] Entering safepoint region: RevokeBias
[2020-01-13T13:09:48.340+0000][1][safepoint    ] Leaving safepoint region
[2020-01-13T13:09:48.340+0000][1][safepoint    ] Total time for which application threads were stopped: 0.0000364 seconds, Stopping threads took: 0.0000072 seconds
[2020-01-13T13:09:48.340+0000][1][safepoint    ] Application time: 0.0000299 seconds
[2020-01-13T13:09:48.340+0000][1][safepoint    ] Entering safepoint region: RevokeBias
[2020-01-13T13:09:48.340+0000][1][safepoint    ] Leaving safepoint region
[2020-01-13T13:09:48.340+0000][1][safepoint    ] Total time for which application threads were stopped: 0.0000291 seconds, Stopping threads took: 0.0000054 seconds
[2020-01-13T13:09:48.341+0000][1][safepoint    ] Application time: 0.0004227 seconds
[2020-01-13T13:09:48.341+0000][1][safepoint    ] Entering safepoint region: RevokeBias
[2020-01-13T13:09:48.341+0000][1][safepoint    ] Leaving safepoint region
[2020-01-13T13:09:48.341+0000][1][safepoint    ] Total time for which application threads were stopped: 0.0000656 seconds, Stopping threads took: 0.0000115 seconds
[2020-01-13T13:09:48.392+0000][1][safepoint    ] Application time: 0.0514626 seconds
[2020-01-13T13:09:48.392+0000][1][safepoint    ] Entering safepoint region: RevokeBias
[2020-01-13T13:09:48.392+0000][1][safepoint    ] Leaving safepoint region
[2020-01-13T13:09:48.392+0000][1][safepoint    ] Total time for which application threads were stopped: 0.0001184 seconds, Stopping threads took: 0.0000318 seconds
[2020-01-13T13:09:48.395+0000][1][safepoint    ] Application time: 0.0024675 seconds
[2020-01-13T13:09:48.395+0000][1][safepoint    ] Entering safepoint region: RevokeBias
[2020-01-13T13:09:48.395+0000][1][safepoint    ] Leaving safepoint region
[2020-01-13T13:09:48.395+0000][1][safepoint    ] Total time for which application threads were stopped: 0.0002055 seconds, Stopping threads took: 0.0000254 seconds
[2020-01-13T13:09:48.442+0000][1][safepoint    ] Application time: 0.0468335 seconds
[2020-01-13T13:09:48.442+0000][1][safepoint    ] Entering safepoint region: RevokeBias
[2020-01-13T13:09:48.442+0000][1][safepoint    ] Leaving safepoint region
[2020-01-13T13:09:48.442+0000][1][safepoint    ] Total time for which application threads were stopped: 0.0001338 seconds, Stopping threads took: 0.0000417 seconds
[2020-01-13T13:09:48.443+0000][1][safepoint    ] Application time: 0.0006479 seconds
[2020-01-13T13:09:48.443+0000][1][safepoint    ] Entering safepoint region: RevokeBias
[2020-01-13T13:09:48.443+0000][1][safepoint    ] Leaving safepoint region
[2020-01-13T13:09:48.443+0000][1][safepoint    ] Total time for which application threads were stopped: 0.0001134 seconds, Stopping threads took: 0.0000203 seconds
[2020-01-13T13:09:48.443+0000][1][safepoint    ] Application time: 0.0000549 seconds
[2020-01-13T13:09:48.443+0000][1][safepoint    ] Entering safepoint region: RevokeBias
[2020-01-13T13:09:48.443+0000][1][safepoint    ] Leaving safepoint region
[2020-01-13T13:09:48.443+0000][1][safepoint    ] Total time for which application threads were stopped: 0.0000400 seconds, Stopping threads took: 0.0000169 seconds
[2020-01-13T13:09:48.444+0000][1][safepoint    ] Application time: 0.0008905 seconds
[2020-01-13T13:09:48.444+0000][1][safepoint    ] Entering safepoint region: RevokeBias
[2020-01-13T13:09:48.444+0000][1][safepoint    ] Leaving safepoint region
[2020-01-13T13:09:48.444+0000][1][safepoint    ] Total time for which application threads were stopped: 0.0005314 seconds, Stopping threads took: 0.0004803 seconds
[2020-01-13T13:09:48.445+0000][1][safepoint    ] Application time: 0.0009758 seconds
[2020-01-13T13:09:48.446+0000][1][safepoint    ] Entering safepoint region: RevokeBias
[2020-01-13T13:09:48.446+0000][1][safepoint    ] Leaving safepoint region
[2020-01-13T13:09:48.446+0000][1][safepoint    ] Total time for which application threads were stopped: 0.0010299 seconds, Stopping threads took: 0.0009784 seconds
[2020-01-13T13:09:48.447+0000][1][safepoint    ] Application time: 0.0003872 seconds
[2020-01-13T13:09:48.447+0000][1][safepoint    ] Entering safepoint region: RevokeBias
[2020-01-13T13:09:48.447+0000][1][safepoint    ] Leaving safepoint region
[2020-01-13T13:09:48.447+0000][1][safepoint    ] Total time for which application threads were stopped: 0.0000936 seconds, Stopping threads took: 0.0000171 seconds
[2020-01-13T13:09:48.449+0000][1][safepoint    ] Application time: 0.0019469 seconds
[2020-01-13T13:09:48.449+0000][1][safepoint    ] Entering safepoint region: RevokeBias
[2020-01-13T13:09:48.449+0000][1][safepoint    ] Leaving safepoint region
[2020-01-13T13:09:48.449+0000][1][safepoint    ] Total time for which application threads were stopped: 0.0000601 seconds, Stopping threads took: 0.0000192 seconds
[2020-01-13T13:09:48.450+0000][1][safepoint    ] Application time: 0.0011184 seconds
[2020-01-13T13:09:48.450+0000][1][safepoint    ] Entering safepoint region: RevokeBias
[2020-01-13T13:09:48.450+0000][1][safepoint    ] Leaving safepoint region
[2020-01-13T13:09:48.450+0000][1][safepoint    ] Total time for which application threads were stopped: 0.0001427 seconds, Stopping threads took: 0.0000244 seconds
[2020-01-13T13:09:48.450+0000][1][safepoint    ] Application time: 0.0000714 seconds
[2020-01-13T13:09:48.450+0000][1][safepoint    ] Entering safepoint region: RevokeBias
[2020-01-13T13:09:48.450+0000][1][safepoint    ] Leaving safepoint region
[2020-01-13T13:09:48.450+0000][1][safepoint    ] Total time for which application threads were stopped: 0.0000503 seconds, Stopping threads took: 0.0000142 seconds
[2020-01-13T13:09:48.451+0000][1][safepoint    ] Application time: 0.0002904 seconds
[2020-01-13T13:09:48.451+0000][1][safepoint    ] Entering safepoint region: RevokeBias
[2020-01-13T13:09:48.451+0000][1][safepoint    ] Leaving safepoint region
[2020-01-13T13:09:48.451+0000][1][safepoint    ] Total time for which application threads were stopped: 0.0000584 seconds, Stopping threads took: 0.0000147 seconds
[2020-01-13T13:09:48.451+0000][1][safepoint    ] Application time: 0.0001955 seconds
[2020-01-13T13:09:48.451+0000][1][safepoint    ] Entering safepoint region: RevokeBias
[2020-01-13T13:09:48.451+0000][1][safepoint    ] Leaving safepoint region
[2020-01-13T13:09:48.451+0000][1][safepoint    ] Total time for which application threads were stopped: 0.0000535 seconds, Stopping threads took: 0.0000143 seconds
[2020-01-13T13:09:48.451+0000][1][safepoint    ] Application time: 0.0001534 seconds
[2020-01-13T13:09:48.451+0000][1][safepoint    ] Entering safepoint region: RevokeBias
[2020-01-13T13:09:48.451+0000][1][safepoint    ] Leaving safepoint region
[2020-01-13T13:09:48.451+0000][1][safepoint    ] Total time for which application threads were stopped: 0.0000498 seconds, Stopping threads took: 0.0000143 seconds
[2020-01-13T13:09:48.453+0000][1][safepoint    ] Application time: 0.0012674 seconds
[2020-01-13T13:09:48.454+0000][1][safepoint    ] Entering safepoint region: RevokeBias
[2020-01-13T13:09:48.454+0000][1][safepoint    ] Leaving safepoint region
[2020-01-13T13:09:48.454+0000][1][safepoint    ] Total time for which application threads were stopped: 0.0018666 seconds, Stopping threads took: 0.0018170 seconds
[2020-01-13T13:09:48.455+0000][1][safepoint    ] Application time: 0.0005755 seconds
[2020-01-13T13:09:48.455+0000][1][safepoint    ] Entering safepoint region: RevokeBias
[2020-01-13T13:09:48.455+0000][1][safepoint    ] Leaving safepoint region
[2020-01-13T13:09:48.455+0000][1][safepoint    ] Total time for which application threads were stopped: 0.0000883 seconds, Stopping threads took: 0.0000259 seconds
[2020-01-13T13:09:48.456+0000][1][safepoint    ] Application time: 0.0009313 seconds
[2020-01-13T13:09:48.456+0000][1][safepoint    ] Entering safepoint region: RevokeBias
[2020-01-13T13:09:48.456+0000][1][safepoint    ] Leaving safepoint region
[2020-01-13T13:09:48.456+0000][1][safepoint    ] Total time for which application threads were stopped: 0.0000401 seconds, Stopping threads took: 0.0000076 seconds
[2020-01-13T13:09:48.457+0000][1][safepoint    ] Application time: 0.0010321 seconds
[2020-01-13T13:09:48.462+0000][1][safepoint    ] Entering safepoint region: RevokeBias
[2020-01-13T13:09:48.462+0000][1][safepoint    ] Leaving safepoint region
[2020-01-13T13:09:48.462+0000][1][safepoint    ] Total time for which application threads were stopped: 0.0045734 seconds, Stopping threads took: 0.0044801 seconds
[2020-01-13T13:09:48.462+0000][1][safepoint    ] Application time: 0.0001139 seconds
[2020-01-13T13:09:48.462+0000][1][safepoint    ] Entering safepoint region: RevokeBias
[2020-01-13T13:09:48.462+0000][1][safepoint    ] Leaving safepoint region
[2020-01-13T13:09:48.462+0000][1][safepoint    ] Total time for which application threads were stopped: 0.0000395 seconds, Stopping threads took: 0.0000134 seconds
[2020-01-13T13:09:48.462+0000][1][safepoint    ] Application time: 0.0002897 seconds
[2020-01-13T13:09:48.462+0000][1][safepoint    ] Entering safepoint region: RevokeBias
[2020-01-13T13:09:48.462+0000][1][safepoint    ] Leaving safepoint region
[2020-01-13T13:09:48.462+0000][1][safepoint    ] Total time for which application threads were stopped: 0.0000554 seconds, Stopping threads took: 0.0000195 seconds
[2020-01-13T13:09:48.462+0000][1][safepoint    ] Application time: 0.0001349 seconds
[2020-01-13T13:09:48.462+0000][1][safepoint    ] Entering safepoint region: RevokeBias
[2020-01-13T13:09:48.462+0000][1][safepoint    ] Leaving safepoint region
[2020-01-13T13:09:48.462+0000][1][safepoint    ] Total time for which application threads were stopped: 0.0000381 seconds, Stopping threads took: 0.0000131 seconds
[2020-01-13T13:09:48.462+0000][1][safepoint    ] Application time: 0.0000463 seconds
[2020-01-13T13:09:48.463+0000][1][safepoint    ] Entering safepoint region: RevokeBias
[2020-01-13T13:09:48.463+0000][1][safepoint    ] Leaving safepoint region
[2020-01-13T13:09:48.463+0000][1][safepoint    ] Total time for which application threads were stopped: 0.0000310 seconds, Stopping threads took: 0.0000109 seconds
[2020-01-13T13:09:48.463+0000][1][safepoint    ] Application time: 0.0001303 seconds
[2020-01-13T13:09:48.463+0000][1][safepoint    ] Entering safepoint region: RevokeBias
[2020-01-13T13:09:48.463+0000][1][safepoint    ] Leaving safepoint region
[2020-01-13T13:09:48.463+0000][1][safepoint    ] Total time for which application threads were stopped: 0.0000326 seconds, Stopping threads took: 0.0000118 seconds
[2020-01-13T13:09:48.463+0000][1][safepoint    ] Application time: 0.0000585 seconds
[2020-01-13T13:09:48.463+0000][1][safepoint    ] Entering safepoint region: RevokeBias
[2020-01-13T13:09:48.463+0000][1][safepoint    ] Leaving safepoint region
[2020-01-13T13:09:48.463+0000][1][safepoint    ] Total time for which application threads were stopped: 0.0000299 seconds, Stopping threads took: 0.0000110 seconds
[2020-01-13T13:09:48.463+0000][1][safepoint    ] Application time: 0.0000270 seconds
[2020-01-13T13:09:48.463+0000][1][safepoint    ] Entering safepoint region: RevokeBias
[2020-01-13T13:09:48.463+0000][1][safepoint    ] Leaving safepoint region
[2020-01-13T13:09:48.463+0000][1][safepoint    ] Total time for which application threads were stopped: 0.0000281 seconds, Stopping threads took: 0.0000107 seconds
[2020-01-13T13:09:48.463+0000][1][safepoint    ] Application time: 0.0000867 seconds
[2020-01-13T13:09:48.463+0000][1][safepoint    ] Entering safepoint region: RevokeBias
[2020-01-13T13:09:48.463+0000][1][safepoint    ] Leaving safepoint region
[2020-01-13T13:09:48.463+0000][1][safepoint    ] Total time for which application threads were stopped: 0.0000345 seconds, Stopping threads took: 0.0000147 seconds
[2020-01-13T13:09:48.463+0000][1][safepoint    ] Application time: 0.0000380 seconds
[2020-01-13T13:09:48.463+0000][1][safepoint    ] Entering safepoint region: BulkRevokeBias
[2020-01-13T13:09:48.464+0000][1][safepoint    ] Leaving safepoint region
[2020-01-13T13:09:48.464+0000][1][safepoint    ] Total time for which application threads were stopped: 0.0005756 seconds, Stopping threads took: 0.0000046 seconds
[2020-01-13T13:09:48.464+0000][1][safepoint    ] Application time: 0.0001119 seconds
[2020-01-13T13:09:48.464+0000][1][safepoint    ] Entering safepoint region: RevokeBias
[2020-01-13T13:09:48.464+0000][1][safepoint    ] Leaving safepoint region
[2020-01-13T13:09:48.464+0000][1][safepoint    ] Total time for which application threads were stopped: 0.0000361 seconds, Stopping threads took: 0.0000061 seconds
[2020-01-13T13:09:48.465+0000][1][safepoint    ] Application time: 0.0013499 seconds
[2020-01-13T13:09:48.466+0000][1][safepoint    ] Entering safepoint region: RevokeBias
[2020-01-13T13:09:48.466+0000][1][safepoint    ] Leaving safepoint region
[2020-01-13T13:09:48.466+0000][1][safepoint    ] Total time for which application threads were stopped: 0.0005632 seconds, Stopping threads took: 0.0005042 seconds
[2020-01-13T13:09:48.466+0000][1][safepoint    ] Application time: 0.0001114 seconds
[2020-01-13T13:09:48.466+0000][1][safepoint    ] Entering safepoint region: RevokeBias
[2020-01-13T13:09:48.466+0000][1][safepoint    ] Leaving safepoint region
[2020-01-13T13:09:48.466+0000][1][safepoint    ] Total time for which application threads were stopped: 0.0000375 seconds, Stopping threads took: 0.0000063 seconds
[2020-01-13T13:09:48.466+0000][1][safepoint    ] Application time: 0.0001397 seconds
[2020-01-13T13:09:48.466+0000][1][safepoint    ] Entering safepoint region: RevokeBias
[2020-01-13T13:09:48.466+0000][1][safepoint    ] Leaving safepoint region
[2020-01-13T13:09:48.466+0000][1][safepoint    ] Total time for which application threads were stopped: 0.0000399 seconds, Stopping threads took: 0.0000073 seconds
[2020-01-13T13:09:48.467+0000][1][safepoint    ] Application time: 0.0010012 seconds
[2020-01-13T13:09:48.467+0000][1][safepoint    ] Entering safepoint region: RevokeBias
[2020-01-13T13:09:48.467+0000][1][safepoint    ] Leaving safepoint region
[2020-01-13T13:09:48.467+0000][1][safepoint    ] Total time for which application threads were stopped: 0.0000538 seconds, Stopping threads took: 0.0000094 seconds
[2020-01-13T13:09:48.468+0000][1][safepoint    ] Application time: 0.0009970 seconds
[2020-01-13T13:09:48.468+0000][1][safepoint    ] Entering safepoint region: RevokeBias
[2020-01-13T13:09:48.468+0000][1][safepoint    ] Leaving safepoint region
[2020-01-13T13:09:48.468+0000][1][safepoint    ] Total time for which application threads were stopped: 0.0001106 seconds, Stopping threads took: 0.0000724 seconds
[2020-01-13T13:09:48.469+0000][1][safepoint    ] Application time: 0.0003366 seconds
[2020-01-13T13:09:48.469+0000][1][safepoint    ] Entering safepoint region: RevokeBias
[2020-01-13T13:09:48.469+0000][1][safepoint    ] Leaving safepoint region
[2020-01-13T13:09:48.469+0000][1][safepoint    ] Total time for which application threads were stopped: 0.0000369 seconds, Stopping threads took: 0.0000074 seconds
[2020-01-13T13:09:48.469+0000][1][safepoint    ] Application time: 0.0001647 seconds
[2020-01-13T13:09:48.469+0000][1][safepoint    ] Entering safepoint region: RevokeBias
[2020-01-13T13:09:48.469+0000][1][safepoint    ] Leaving safepoint region
[2020-01-13T13:09:48.469+0000][1][safepoint    ] Total time for which application threads were stopped: 0.0000420 seconds, Stopping threads took: 0.0000153 seconds
[2020-01-13T13:09:48.469+0000][1][safepoint    ] Application time: 0.0001637 seconds
[2020-01-13T13:09:48.469+0000][1][safepoint    ] Entering safepoint region: RevokeBias
[2020-01-13T13:09:48.469+0000][1][safepoint    ] Leaving safepoint region
[2020-01-13T13:09:48.469+0000][1][safepoint    ] Total time for which application threads were stopped: 0.0000420 seconds, Stopping threads took: 0.0000153 seconds
[2020-01-13T13:09:48.469+0000][1][safepoint    ] Application time: 0.0001697 seconds
[2020-01-13T13:09:48.469+0000][1][safepoint    ] Entering safepoint region: RevokeBias
[2020-01-13T13:09:48.469+0000][1][safepoint    ] Leaving safepoint region
[2020-01-13T13:09:48.469+0000][1][safepoint    ] Total time for which application threads were stopped: 0.0000424 seconds, Stopping threads took: 0.0000153 seconds
[2020-01-13T13:09:48.471+0000][1][safepoint    ] Application time: 0.0013615 seconds
[2020-01-13T13:09:48.471+0000][1][safepoint    ] Entering safepoint region: RevokeBias
[2020-01-13T13:09:48.471+0000][1][safepoint    ] Leaving safepoint region
[2020-01-13T13:09:48.471+0000][1][safepoint    ] Total time for which application threads were stopped: 0.0006466 seconds, Stopping threads took: 0.0005987 seconds
[2020-01-13T13:09:48.472+0000][1][safepoint    ] Application time: 0.0002168 seconds
[2020-01-13T13:09:48.472+0000][1][safepoint    ] Entering safepoint region: RevokeBias
[2020-01-13T13:09:48.472+0000][1][safepoint    ] Leaving safepoint region
[2020-01-13T13:09:48.472+0000][1][safepoint    ] Total time for which application threads were stopped: 0.0000462 seconds, Stopping threads took: 0.0000185 seconds
[2020-01-13T13:09:48.473+0000][1][safepoint    ] Application time: 0.0008992 seconds
[2020-01-13T13:09:48.473+0000][1][safepoint    ] Entering safepoint region: RevokeBias
[2020-01-13T13:09:48.473+0000][1][safepoint    ] Leaving safepoint region
[2020-01-13T13:09:48.473+0000][1][safepoint    ] Total time for which application threads were stopped: 0.0000548 seconds, Stopping threads took: 0.0000228 seconds
[2020-01-13T13:09:48.473+0000][1][safepoint    ] Application time: 0.0001487 seconds
[2020-01-13T13:09:48.473+0000][1][safepoint    ] Entering safepoint region: RevokeBias
[2020-01-13T13:09:48.473+0000][1][safepoint    ] Leaving safepoint region
[2020-01-13T13:09:48.473+0000][1][safepoint    ] Total time for which application threads were stopped: 0.0000406 seconds, Stopping threads took: 0.0000151 seconds
[2020-01-13T13:09:48.473+0000][1][safepoint    ] Application time: 0.0002187 seconds
[2020-01-13T13:09:48.473+0000][1][safepoint    ] Entering safepoint region: RevokeBias
[2020-01-13T13:09:48.473+0000][1][safepoint    ] Leaving safepoint region
[2020-01-13T13:09:48.473+0000][1][safepoint    ] Total time for which application threads were stopped: 0.0000516 seconds, Stopping threads took: 0.0000176 seconds
[2020-01-13T13:09:48.475+0000][1][safepoint    ] Application time: 0.0020273 seconds
[2020-01-13T13:09:48.476+0000][1][safepoint    ] Entering safepoint region: RevokeBias
[2020-01-13T13:09:48.476+0000][1][safepoint    ] Leaving safepoint region
[2020-01-13T13:09:48.476+0000][1][safepoint    ] Total time for which application threads were stopped: 0.0011353 seconds, Stopping threads took: 0.0010753 seconds
[2020-01-13T13:09:48.477+0000][1][safepoint    ] Application time: 0.0001482 seconds
[2020-01-13T13:09:48.477+0000][1][safepoint    ] Entering safepoint region: RevokeBias
[2020-01-13T13:09:48.477+0000][1][safepoint    ] Leaving safepoint region
[2020-01-13T13:09:48.477+0000][1][safepoint    ] Total time for which application threads were stopped: 0.0000473 seconds, Stopping threads took: 0.0000172 seconds
[2020-01-13T13:09:48.477+0000][1][safepoint    ] Application time: 0.0005454 seconds
[2020-01-13T13:09:48.477+0000][1][safepoint    ] Entering safepoint region: RevokeBias
[2020-01-13T13:09:48.477+0000][1][safepoint    ] Leaving safepoint region
[2020-01-13T13:09:48.477+0000][1][safepoint    ] Total time for which application threads were stopped: 0.0000592 seconds, Stopping threads took: 0.0000220 seconds
[2020-01-13T13:09:48.478+0000][1][safepoint    ] Application time: 0.0009453 seconds
[2020-01-13T13:09:48.478+0000][1][safepoint    ] Entering safepoint region: RevokeBias
[2020-01-13T13:09:48.478+0000][1][safepoint    ] Leaving safepoint region
[2020-01-13T13:09:48.478+0000][1][safepoint    ] Total time for which application threads were stopped: 0.0001566 seconds, Stopping threads took: 0.0001186 seconds
[2020-01-13T13:09:48.479+0000][1][safepoint    ] Application time: 0.0001580 seconds
[2020-01-13T13:09:48.479+0000][1][safepoint    ] Entering safepoint region: RevokeBias
[2020-01-13T13:09:48.479+0000][1][safepoint    ] Leaving safepoint region
[2020-01-13T13:09:48.479+0000][1][safepoint    ] Total time for which application threads were stopped: 0.0000427 seconds, Stopping threads took: 0.0000150 seconds
[2020-01-13T13:09:48.479+0000][1][safepoint    ] Application time: 0.0000755 seconds
[2020-01-13T13:09:48.479+0000][1][safepoint    ] Entering safepoint region: RevokeBias
[2020-01-13T13:09:48.479+0000][1][safepoint    ] Leaving safepoint region
[2020-01-13T13:09:48.479+0000][1][safepoint    ] Total time for which application threads were stopped: 0.0000357 seconds, Stopping threads took: 0.0000130 seconds
[2020-01-13T13:09:48.479+0000][1][safepoint    ] Application time: 0.0001136 seconds
[2020-01-13T13:09:48.479+0000][1][safepoint    ] Entering safepoint region: RevokeBias
[2020-01-13T13:09:48.479+0000][1][safepoint    ] Leaving safepoint region
[2020-01-13T13:09:48.479+0000][1][safepoint    ] Total time for which application threads were stopped: 0.0000448 seconds, Stopping threads took: 0.0000197 seconds
[2020-01-13T13:09:48.479+0000][1][safepoint    ] Application time: 0.0002921 seconds
[2020-01-13T13:09:48.479+0000][1][safepoint    ] Entering safepoint region: RevokeBias
[2020-01-13T13:09:48.479+0000][1][safepoint    ] Leaving safepoint region
[2020-01-13T13:09:48.479+0000][1][safepoint    ] Total time for which application threads were stopped: 0.0001660 seconds, Stopping threads took: 0.0001349 seconds
[2020-01-13T13:09:48.481+0000][1][safepoint    ] Application time: 0.0021003 seconds
[2020-01-13T13:09:48.482+0000][1][safepoint    ] Entering safepoint region: RevokeBias
[2020-01-13T13:09:48.482+0000][1][safepoint    ] Leaving safepoint region
[2020-01-13T13:09:48.482+0000][1][safepoint    ] Total time for which application threads were stopped: 0.0000601 seconds, Stopping threads took: 0.0000250 seconds
[2020-01-13T13:09:48.482+0000][1][safepoint    ] Application time: 0.0000625 seconds
[2020-01-13T13:09:48.482+0000][1][safepoint    ] Entering safepoint region: RevokeBias
[2020-01-13T13:09:48.482+0000][1][safepoint    ] Leaving safepoint region
[2020-01-13T13:09:48.482+0000][1][safepoint    ] Total time for which application threads were stopped: 0.0000334 seconds, Stopping threads took: 0.0000131 seconds
[2020-01-13T13:09:48.482+0000][1][safepoint    ] Application time: 0.0004130 seconds
[2020-01-13T13:09:48.482+0000][1][safepoint    ] Entering safepoint region: RevokeBias
[2020-01-13T13:09:48.482+0000][1][safepoint    ] Leaving safepoint region
[2020-01-13T13:09:48.482+0000][1][safepoint    ] Total time for which application threads were stopped: 0.0000440 seconds, Stopping threads took: 0.0000169 seconds
[2020-01-13T13:09:48.484+0000][1][safepoint    ] Application time: 0.0013958 seconds
[2020-01-13T13:09:48.484+0000][1][safepoint    ] Entering safepoint region: RevokeBias
[2020-01-13T13:09:48.484+0000][1][safepoint    ] Leaving safepoint region
[2020-01-13T13:09:48.484+0000][1][safepoint    ] Total time for which application threads were stopped: 0.0008284 seconds, Stopping threads took: 0.0007857 seconds
[2020-01-13T13:09:48.485+0000][1][safepoint    ] Application time: 0.0002831 seconds
[2020-01-13T13:09:48.485+0000][1][safepoint    ] Entering safepoint region: RevokeBias
[2020-01-13T13:09:48.485+0000][1][safepoint    ] Leaving safepoint region
[2020-01-13T13:09:48.485+0000][1][safepoint    ] Total time for which application threads were stopped: 0.0000517 seconds, Stopping threads took: 0.0000171 seconds
[2020-01-13T13:09:48.485+0000][1][safepoint    ] Application time: 0.0001609 seconds
[2020-01-13T13:09:48.485+0000][1][safepoint    ] Entering safepoint region: RevokeBias
[2020-01-13T13:09:48.485+0000][1][safepoint    ] Leaving safepoint region
[2020-01-13T13:09:48.485+0000][1][safepoint    ] Total time for which application threads were stopped: 0.0000610 seconds, Stopping threads took: 0.0000208 seconds
[2020-01-13T13:09:48.485+0000][1][safepoint    ] Application time: 0.0001460 seconds
[2020-01-13T13:09:48.485+0000][1][safepoint    ] Entering safepoint region: RevokeBias
[2020-01-13T13:09:48.485+0000][1][safepoint    ] Leaving safepoint region
[2020-01-13T13:09:48.485+0000][1][safepoint    ] Total time for which application threads were stopped: 0.0000495 seconds, Stopping threads took: 0.0000178 seconds
[2020-01-13T13:09:48.486+0000][1][safepoint    ] Application time: 0.0005642 seconds
[2020-01-13T13:09:48.486+0000][1][safepoint    ] Entering safepoint region: RevokeBias
[2020-01-13T13:09:48.486+0000][1][safepoint    ] Leaving safepoint region
[2020-01-13T13:09:48.486+0000][1][safepoint    ] Total time for which application threads were stopped: 0.0000577 seconds, Stopping threads took: 0.0000215 seconds
[2020-01-13T13:09:48.486+0000][1][safepoint    ] Application time: 0.0005547 seconds
[2020-01-13T13:09:48.488+0000][1][safepoint    ] Entering safepoint region: RevokeBias
[2020-01-13T13:09:48.488+0000][1][safepoint    ] Leaving safepoint region
[2020-01-13T13:09:48.488+0000][1][safepoint    ] Total time for which application threads were stopped: 0.0017082 seconds, Stopping threads took: 0.0016706 seconds
[2020-01-13T13:09:48.489+0000][1][safepoint    ] Application time: 0.0012486 seconds
[2020-01-13T13:09:48.489+0000][1][safepoint    ] Entering safepoint region: BulkRevokeBias
[2020-01-13T13:09:48.490+0000][1][safepoint    ] Leaving safepoint region
[2020-01-13T13:09:48.490+0000][1][safepoint    ] Total time for which application threads were stopped: 0.0002333 seconds, Stopping threads took: 0.0000244 seconds
[2020-01-13T13:09:48.493+0000][1][safepoint    ] Application time: 0.0030990 seconds
[2020-01-13T13:09:48.494+0000][1][safepoint    ] Entering safepoint region: BulkRevokeBias
[2020-01-13T13:09:48.494+0000][1][safepoint    ] Leaving safepoint region
[2020-01-13T13:09:48.494+0000][1][safepoint    ] Total time for which application threads were stopped: 0.0009409 seconds, Stopping threads took: 0.0007442 seconds
[2020-01-13T13:09:48.495+0000][1][safepoint    ] Application time: 0.0011719 seconds
[2020-01-13T13:09:48.495+0000][1][safepoint    ] Entering safepoint region: RevokeBias
[2020-01-13T13:09:48.495+0000][1][safepoint    ] Leaving safepoint region
[2020-01-13T13:09:48.495+0000][1][safepoint    ] Total time for which application threads were stopped: 0.0002158 seconds, Stopping threads took: 0.0001790 seconds
[2020-01-13T13:09:48.496+0000][1][safepoint    ] Application time: 0.0004937 seconds
[2020-01-13T13:09:48.496+0000][1][safepoint    ] Entering safepoint region: RevokeBias
[2020-01-13T13:09:48.496+0000][1][safepoint    ] Leaving safepoint region
[2020-01-13T13:09:48.496+0000][1][safepoint    ] Total time for which application threads were stopped: 0.0007382 seconds, Stopping threads took: 0.0006967 seconds
[2020-01-13T13:09:48.508+0000][1][safepoint    ] Application time: 0.0119741 seconds
[2020-01-13T13:09:48.508+0000][1][safepoint    ] Entering safepoint region: RevokeBias
[2020-01-13T13:09:48.509+0000][1][safepoint    ] Leaving safepoint region
[2020-01-13T13:09:48.509+0000][1][safepoint    ] Total time for which application threads were stopped: 0.0001560 seconds, Stopping threads took: 0.0000732 seconds
[2020-01-13T13:09:48.515+0000][1][safepoint    ] Application time: 0.0062273 seconds
[2020-01-13T13:09:48.516+0000][1][safepoint    ] Entering safepoint region: RevokeBias
[2020-01-13T13:09:48.517+0000][1][safepoint    ] Leaving safepoint region
[2020-01-13T13:09:48.517+0000][1][safepoint    ] Total time for which application threads were stopped: 0.0016972 seconds, Stopping threads took: 0.0015931 seconds
[2020-01-13T13:09:48.519+0000][1][safepoint    ] Application time: 0.0019919 seconds
[2020-01-13T13:09:48.519+0000][1][safepoint    ] Entering safepoint region: RevokeBias
[2020-01-13T13:09:48.519+0000][1][safepoint    ] Leaving safepoint region
[2020-01-13T13:09:48.519+0000][1][safepoint    ] Total time for which application threads were stopped: 0.0000647 seconds, Stopping threads took: 0.0000121 seconds
[2020-01-13T13:09:48.520+0000][1][safepoint    ] Application time: 0.0010409 seconds
[2020-01-13T13:09:48.520+0000][1][safepoint    ] Entering safepoint region: RevokeBias
[2020-01-13T13:09:48.520+0000][1][safepoint    ] Leaving safepoint region
[2020-01-13T13:09:48.520+0000][1][safepoint    ] Total time for which application threads were stopped: 0.0000718 seconds, Stopping threads took: 0.0000190 seconds
[2020-01-13T13:09:48.534+0000][1][safepoint    ] Application time: 0.0138247 seconds
[2020-01-13T13:09:48.534+0000][1][safepoint    ] Entering safepoint region: RevokeBias
[2020-01-13T13:09:48.534+0000][1][safepoint    ] Leaving safepoint region
[2020-01-13T13:09:48.534+0000][1][safepoint    ] Total time for which application threads were stopped: 0.0001059 seconds, Stopping threads took: 0.0000344 seconds
[2020-01-13T13:09:48.534+0000][1][safepoint    ] Application time: 0.0002093 seconds
[2020-01-13T13:09:48.534+0000][1][safepoint    ] Entering safepoint region: RevokeBias
[2020-01-13T13:09:48.534+0000][1][safepoint    ] Leaving safepoint region
[2020-01-13T13:09:48.534+0000][1][safepoint    ] Total time for which application threads were stopped: 0.0000348 seconds, Stopping threads took: 0.0000071 seconds
[2020-01-13T13:09:48.534+0000][1][safepoint    ] Application time: 0.0000985 seconds
[2020-01-13T13:09:48.534+0000][1][safepoint    ] Entering safepoint region: RevokeBias
[2020-01-13T13:09:48.534+0000][1][safepoint    ] Leaving safepoint region
[2020-01-13T13:09:48.534+0000][1][safepoint    ] Total time for which application threads were stopped: 0.0000294 seconds, Stopping threads took: 0.0000066 seconds
[2020-01-13T13:09:48.534+0000][1][safepoint    ] Application time: 0.0000872 seconds
[2020-01-13T13:09:48.534+0000][1][safepoint    ] Entering safepoint region: RevokeBias
[2020-01-13T13:09:48.534+0000][1][safepoint    ] Leaving safepoint region
[2020-01-13T13:09:48.534+0000][1][safepoint    ] Total time for which application threads were stopped: 0.0000298 seconds, Stopping threads took: 0.0000067 seconds
[2020-01-13T13:09:48.534+0000][1][safepoint    ] Application time: 0.0001493 seconds
[2020-01-13T13:09:48.534+0000][1][safepoint    ] Entering safepoint region: RevokeBias
[2020-01-13T13:09:48.534+0000][1][safepoint    ] Leaving safepoint region
[2020-01-13T13:09:48.535+0000][1][safepoint    ] Total time for which application threads were stopped: 0.0000468 seconds, Stopping threads took: 0.0000196 seconds
[2020-01-13T13:09:48.535+0000][1][safepoint    ] Application time: 0.0000918 seconds
[2020-01-13T13:09:48.535+0000][1][safepoint    ] Entering safepoint region: RevokeBias
[2020-01-13T13:09:48.535+0000][1][safepoint    ] Leaving safepoint region
[2020-01-13T13:09:48.535+0000][1][safepoint    ] Total time for which application threads were stopped: 0.0000280 seconds, Stopping threads took: 0.0000060 seconds
[2020-01-13T13:09:48.535+0000][1][safepoint    ] Application time: 0.0000827 seconds
[2020-01-13T13:09:48.535+0000][1][safepoint    ] Entering safepoint region: RevokeBias
[2020-01-13T13:09:48.535+0000][1][safepoint    ] Leaving safepoint region
[2020-01-13T13:09:48.535+0000][1][safepoint    ] Total time for which application threads were stopped: 0.0000279 seconds, Stopping threads took: 0.0000061 seconds
[2020-01-13T13:09:48.538+0000][1][safepoint    ] Application time: 0.0028856 seconds
[2020-01-13T13:09:48.538+0000][1][safepoint    ] Entering safepoint region: RevokeBias
[2020-01-13T13:09:48.538+0000][1][safepoint    ] Leaving safepoint region
[2020-01-13T13:09:48.538+0000][1][safepoint    ] Total time for which application threads were stopped: 0.0007399 seconds, Stopping threads took: 0.0006851 seconds
[2020-01-13T13:09:48.540+0000][1][safepoint    ] Application time: 0.0014541 seconds
[2020-01-13T13:09:48.540+0000][1][safepoint    ] Entering safepoint region: RevokeBias
[2020-01-13T13:09:48.540+0000][1][safepoint    ] Leaving safepoint region
[2020-01-13T13:09:48.540+0000][1][safepoint    ] Total time for which application threads were stopped: 0.0000726 seconds, Stopping threads took: 0.0000233 seconds
[2020-01-13T13:09:48.540+0000][1][safepoint    ] Application time: 0.0001176 seconds
[2020-01-13T13:09:48.540+0000][1][safepoint    ] Entering safepoint region: RevokeBias
[2020-01-13T13:09:48.540+0000][1][safepoint    ] Leaving safepoint region
[2020-01-13T13:09:48.540+0000][1][safepoint    ] Total time for which application threads were stopped: 0.0002633 seconds, Stopping threads took: 0.0002303 seconds
[2020-01-13T13:09:48.541+0000][1][safepoint    ] Application time: 0.0003961 seconds
[2020-01-13T13:09:48.541+0000][1][safepoint    ] Entering safepoint region: RevokeBias
[2020-01-13T13:09:48.541+0000][1][safepoint    ] Leaving safepoint region
[2020-01-13T13:09:48.541+0000][1][safepoint    ] Total time for which application threads were stopped: 0.0000494 seconds, Stopping threads took: 0.0000182 seconds
[2020-01-13T13:09:48.541+0000][1][safepoint    ] Application time: 0.0001063 seconds
[2020-01-13T13:09:48.541+0000][1][safepoint    ] Entering safepoint region: RevokeBias
[2020-01-13T13:09:48.541+0000][1][safepoint    ] Leaving safepoint region
[2020-01-13T13:09:48.541+0000][1][safepoint    ] Total time for which application threads were stopped: 0.0000694 seconds, Stopping threads took: 0.0000460 seconds
[2020-01-13T13:09:48.791+0000][1][safepoint    ] Application time: 0.2500446 seconds
[2020-01-13T13:09:48.791+0000][1][safepoint    ] Entering safepoint region: RevokeBias
[2020-01-13T13:09:48.791+0000][1][safepoint    ] Leaving safepoint region
[2020-01-13T13:09:48.791+0000][1][safepoint    ] Total time for which application threads were stopped: 0.0001000 seconds, Stopping threads took: 0.0000197 seconds
[2020-01-13T13:09:48.791+0000][1][safepoint    ] Application time: 0.0000409 seconds
[2020-01-13T13:09:48.791+0000][1][safepoint    ] Entering safepoint region: RevokeBias
[2020-01-13T13:09:48.791+0000][1][safepoint    ] Leaving safepoint region
[2020-01-13T13:09:48.791+0000][1][safepoint    ] Total time for which application threads were stopped: 0.0000421 seconds, Stopping threads took: 0.0000054 seconds
[2020-01-13T13:09:48.791+0000][1][safepoint    ] Application time: 0.0000207 seconds
[2020-01-13T13:09:48.791+0000][1][safepoint    ] Entering safepoint region: RevokeBias
[2020-01-13T13:09:48.791+0000][1][safepoint    ] Leaving safepoint region
[2020-01-13T13:09:48.791+0000][1][safepoint    ] Total time for which application threads were stopped: 0.0000197 seconds, Stopping threads took: 0.0000044 seconds
[2020-01-13T13:09:48.791+0000][1][safepoint    ] Application time: 0.0000182 seconds
[2020-01-13T13:09:48.791+0000][1][safepoint    ] Entering safepoint region: RevokeBias
[2020-01-13T13:09:48.791+0000][1][safepoint    ] Leaving safepoint region
[2020-01-13T13:09:48.791+0000][1][safepoint    ] Total time for which application threads were stopped: 0.0000194 seconds, Stopping threads took: 0.0000045 seconds
[2020-01-13T13:09:48.791+0000][1][safepoint    ] Application time: 0.0000313 seconds
[2020-01-13T13:09:48.791+0000][1][safepoint    ] Entering safepoint region: RevokeBias
[2020-01-13T13:09:48.791+0000][1][safepoint    ] Leaving safepoint region
[2020-01-13T13:09:48.792+0000][1][safepoint    ] Total time for which application threads were stopped: 0.0000200 seconds, Stopping threads took: 0.0000045 seconds
[2020-01-13T13:09:48.792+0000][1][safepoint    ] Application time: 0.0000218 seconds
[2020-01-13T13:09:48.792+0000][1][safepoint    ] Entering safepoint region: RevokeBias
[2020-01-13T13:09:48.792+0000][1][safepoint    ] Leaving safepoint region
[2020-01-13T13:09:48.792+0000][1][safepoint    ] Total time for which application threads were stopped: 0.0000200 seconds, Stopping threads took: 0.0000050 seconds
[2020-01-13T13:09:48.792+0000][1][safepoint    ] Application time: 0.0000185 seconds
[2020-01-13T13:09:48.792+0000][1][safepoint    ] Entering safepoint region: RevokeBias
[2020-01-13T13:09:48.792+0000][1][safepoint    ] Leaving safepoint region
[2020-01-13T13:09:48.792+0000][1][safepoint    ] Total time for which application threads were stopped: 0.0000194 seconds, Stopping threads took: 0.0000046 seconds
[2020-01-13T13:09:48.792+0000][1][safepoint    ] Application time: 0.0000208 seconds
[2020-01-13T13:09:48.792+0000][1][safepoint    ] Entering safepoint region: RevokeBias
[2020-01-13T13:09:48.792+0000][1][safepoint    ] Leaving safepoint region
[2020-01-13T13:09:48.792+0000][1][safepoint    ] Total time for which application threads were stopped: 0.0000194 seconds, Stopping threads took: 0.0000045 seconds
[2020-01-13T13:09:49.101+0000][1][safepoint    ] Application time: 0.3097672 seconds
[2020-01-13T13:09:49.102+0000][1][safepoint    ] Entering safepoint region: RevokeBias
[2020-01-13T13:09:49.102+0000][1][safepoint    ] Leaving safepoint region
[2020-01-13T13:09:49.102+0000][1][safepoint    ] Total time for which application threads were stopped: 0.0001238 seconds, Stopping threads took: 0.0000376 seconds
[2020-01-13T13:09:49.103+0000][1][safepoint    ] Application time: 0.0011646 seconds
[2020-01-13T13:09:49.103+0000][1][safepoint    ] Entering safepoint region: RevokeBias
[2020-01-13T13:09:49.103+0000][1][safepoint    ] Leaving safepoint region
[2020-01-13T13:09:49.103+0000][1][safepoint    ] Total time for which application threads were stopped: 0.0000706 seconds, Stopping threads took: 0.0000138 seconds
[2020-01-13T13:09:49.103+0000][1][safepoint    ] Application time: 0.0003464 seconds
[2020-01-13T13:09:49.103+0000][1][safepoint    ] Entering safepoint region: RevokeBias
[2020-01-13T13:09:49.103+0000][1][safepoint    ] Leaving safepoint region
[2020-01-13T13:09:49.103+0000][1][safepoint    ] Total time for which application threads were stopped: 0.0000753 seconds, Stopping threads took: 0.0000084 seconds
[2020-01-13T13:09:49.104+0000][1][safepoint    ] Application time: 0.0003813 seconds
[2020-01-13T13:09:49.104+0000][1][safepoint    ] Entering safepoint region: RevokeBias
[2020-01-13T13:09:49.104+0000][1][safepoint    ] Leaving safepoint region
[2020-01-13T13:09:49.104+0000][1][safepoint    ] Total time for which application threads were stopped: 0.0000442 seconds, Stopping threads took: 0.0000092 seconds
[2020-01-13T13:09:49.189+0000][1][safepoint    ] Application time: 0.0848307 seconds
[2020-01-13T13:09:49.189+0000][1][safepoint    ] Entering safepoint region: RevokeBias
[2020-01-13T13:09:49.189+0000][1][safepoint    ] Leaving safepoint region
[2020-01-13T13:09:49.189+0000][1][safepoint    ] Total time for which application threads were stopped: 0.0001691 seconds, Stopping threads took: 0.0000450 seconds
[2020-01-13T13:09:49.233+0000][1][safepoint    ] Application time: 0.0436498 seconds
[2020-01-13T13:09:49.233+0000][1][safepoint    ] Entering safepoint region: RevokeBias
[2020-01-13T13:09:49.233+0000][1][safepoint    ] Leaving safepoint region
[2020-01-13T13:09:49.233+0000][1][safepoint    ] Total time for which application threads were stopped: 0.0001717 seconds, Stopping threads took: 0.0000894 seconds
[2020-01-13T13:09:49.233+0000][1][safepoint    ] Application time: 0.0003523 seconds
[2020-01-13T13:09:49.233+0000][1][safepoint    ] Entering safepoint region: RevokeBias
[2020-01-13T13:09:49.233+0000][1][safepoint    ] Leaving safepoint region
[2020-01-13T13:09:49.233+0000][1][safepoint    ] Total time for which application threads were stopped: 0.0000717 seconds, Stopping threads took: 0.0000254 seconds
[2020-01-13T13:09:49.234+0000][1][safepoint    ] Application time: 0.0009905 seconds
[2020-01-13T13:09:49.234+0000][1][safepoint    ] Entering safepoint region: RevokeBias
[2020-01-13T13:09:49.234+0000][1][safepoint    ] Leaving safepoint region
[2020-01-13T13:09:49.234+0000][1][safepoint    ] Total time for which application threads were stopped: 0.0000530 seconds, Stopping threads took: 0.0000121 seconds
[2020-01-13T13:09:49.235+0000][1][safepoint    ] Application time: 0.0004769 seconds
[2020-01-13T13:09:49.235+0000][1][safepoint    ] Entering safepoint region: RevokeBias
[2020-01-13T13:09:49.235+0000][1][safepoint    ] Leaving safepoint region
[2020-01-13T13:09:49.235+0000][1][safepoint    ] Total time for which application threads were stopped: 0.0000924 seconds, Stopping threads took: 0.0000427 seconds
[2020-01-13T13:09:49.236+0000][1][safepoint    ] Application time: 0.0015748 seconds
[2020-01-13T13:09:49.237+0000][1][safepoint    ] Entering safepoint region: RevokeBias
[2020-01-13T13:09:49.237+0000][1][safepoint    ] Leaving safepoint region
[2020-01-13T13:09:49.237+0000][1][safepoint    ] Total time for which application threads were stopped: 0.0009407 seconds, Stopping threads took: 0.0008528 seconds
[2020-01-13T13:09:49.238+0000][1][safepoint    ] Application time: 0.0002736 seconds
[2020-01-13T13:09:49.238+0000][1][safepoint    ] Entering safepoint region: RevokeBias
[2020-01-13T13:09:49.238+0000][1][safepoint    ] Leaving safepoint region
[2020-01-13T13:09:49.238+0000][1][safepoint    ] Total time for which application threads were stopped: 0.0000737 seconds, Stopping threads took: 0.0000072 seconds
[2020-01-13T13:09:49.238+0000][1][safepoint    ] Application time: 0.0007572 seconds
[2020-01-13T13:09:49.239+0000][1][safepoint    ] Entering safepoint region: RevokeBias
[2020-01-13T13:09:49.239+0000][1][safepoint    ] Leaving safepoint region
[2020-01-13T13:09:49.239+0000][1][safepoint    ] Total time for which application threads were stopped: 0.0000903 seconds, Stopping threads took: 0.0000323 seconds
[2020-01-13T13:09:49.239+0000][1][safepoint    ] Application time: 0.0005009 seconds
[2020-01-13T13:09:49.239+0000][1][safepoint    ] Entering safepoint region: RevokeBias
[2020-01-13T13:09:49.239+0000][1][safepoint    ] Leaving safepoint region
[2020-01-13T13:09:49.239+0000][1][safepoint    ] Total time for which application threads were stopped: 0.0001055 seconds, Stopping threads took: 0.0000082 seconds
[2020-01-13T13:09:49.239+0000][1][safepoint    ] Application time: 0.0002482 seconds
[2020-01-13T13:09:49.240+0000][1][safepoint    ] Entering safepoint region: RevokeBias
[2020-01-13T13:09:49.240+0000][1][safepoint    ] Leaving safepoint region
[2020-01-13T13:09:49.240+0000][1][safepoint    ] Total time for which application threads were stopped: 0.0000849 seconds, Stopping threads took: 0.0000084 seconds
[2020-01-13T13:09:49.240+0000][1][safepoint    ] Application time: 0.0004855 seconds
[2020-01-13T13:09:49.240+0000][1][safepoint    ] Entering safepoint region: RevokeBias
[2020-01-13T13:09:49.240+0000][1][safepoint    ] Leaving safepoint region
[2020-01-13T13:09:49.240+0000][1][safepoint    ] Total time for which application threads were stopped: 0.0000947 seconds, Stopping threads took: 0.0000080 seconds
[2020-01-13T13:09:49.241+0000][1][safepoint    ] Application time: 0.0004070 seconds
[2020-01-13T13:09:49.241+0000][1][safepoint    ] Entering safepoint region: RevokeBias
[2020-01-13T13:09:49.241+0000][1][safepoint    ] Leaving safepoint region
[2020-01-13T13:09:49.241+0000][1][safepoint    ] Total time for which application threads were stopped: 0.0001305 seconds, Stopping threads took: 0.0000754 seconds
[2020-01-13T13:09:49.243+0000][1][safepoint    ] Application time: 0.0024587 seconds
[2020-01-13T13:09:49.243+0000][1][safepoint    ] Entering safepoint region: RevokeBias
[2020-01-13T13:09:49.244+0000][1][safepoint    ] Leaving safepoint region
[2020-01-13T13:09:49.244+0000][1][safepoint    ] Total time for which application threads were stopped: 0.0002776 seconds, Stopping threads took: 0.0002046 seconds
[2020-01-13T13:09:49.244+0000][1][safepoint    ] Application time: 0.0001100 seconds
[2020-01-13T13:09:49.244+0000][1][safepoint    ] Entering safepoint region: RevokeBias
[2020-01-13T13:09:49.244+0000][1][safepoint    ] Leaving safepoint region
[2020-01-13T13:09:49.244+0000][1][safepoint    ] Total time for which application threads were stopped: 0.0000741 seconds, Stopping threads took: 0.0000097 seconds
[2020-01-13T13:09:49.244+0000][1][safepoint    ] Application time: 0.0003065 seconds
[2020-01-13T13:09:49.244+0000][1][safepoint    ] Entering safepoint region: RevokeBias
[2020-01-13T13:09:49.244+0000][1][safepoint    ] Leaving safepoint region
[2020-01-13T13:09:49.244+0000][1][safepoint    ] Total time for which application threads were stopped: 0.0000614 seconds, Stopping threads took: 0.0000073 seconds
[2020-01-13T13:09:49.244+0000][1][safepoint    ] Application time: 0.0003546 seconds
[2020-01-13T13:09:49.245+0000][1][safepoint    ] Entering safepoint region: RevokeBias
[2020-01-13T13:09:49.245+0000][1][safepoint    ] Leaving safepoint region
[2020-01-13T13:09:49.245+0000][1][safepoint    ] Total time for which application threads were stopped: 0.0001027 seconds, Stopping threads took: 0.0000455 seconds
[2020-01-13T13:09:49.245+0000][1][safepoint    ] Application time: 0.0002477 seconds
[2020-01-13T13:09:49.245+0000][1][safepoint    ] Entering safepoint region: RevokeBias
[2020-01-13T13:09:49.245+0000][1][safepoint    ] Leaving safepoint region
[2020-01-13T13:09:49.245+0000][1][safepoint    ] Total time for which application threads were stopped: 0.0000594 seconds, Stopping threads took: 0.0000075 seconds
[2020-01-13T13:09:49.245+0000][1][safepoint    ] Application time: 0.0003684 seconds
[2020-01-13T13:09:49.245+0000][1][safepoint    ] Entering safepoint region: RevokeBias
[2020-01-13T13:09:49.245+0000][1][safepoint    ] Leaving safepoint region
[2020-01-13T13:09:49.245+0000][1][safepoint    ] Total time for which application threads were stopped: 0.0000650 seconds, Stopping threads took: 0.0000106 seconds
[2020-01-13T13:09:49.246+0000][1][safepoint    ] Application time: 0.0002287 seconds
[2020-01-13T13:09:49.246+0000][1][safepoint    ] Entering safepoint region: RevokeBias
[2020-01-13T13:09:49.246+0000][1][safepoint    ] Leaving safepoint region
[2020-01-13T13:09:49.246+0000][1][safepoint    ] Total time for which application threads were stopped: 0.0000670 seconds, Stopping threads took: 0.0000110 seconds
[2020-01-13T13:09:49.246+0000][1][safepoint    ] Application time: 0.0003071 seconds
[2020-01-13T13:09:49.246+0000][1][safepoint    ] Entering safepoint region: RevokeBias
[2020-01-13T13:09:49.246+0000][1][safepoint    ] Leaving safepoint region
[2020-01-13T13:09:49.246+0000][1][safepoint    ] Total time for which application threads were stopped: 0.0003411 seconds, Stopping threads took: 0.0000085 seconds
[2020-01-13T13:09:49.248+0000][1][safepoint    ] Application time: 0.0019053 seconds
[2020-01-13T13:09:49.248+0000][1][safepoint    ] Entering safepoint region: RevokeBias
[2020-01-13T13:09:49.248+0000][1][safepoint    ] Leaving safepoint region
[2020-01-13T13:09:49.248+0000][1][safepoint    ] Total time for which application threads were stopped: 0.0000600 seconds, Stopping threads took: 0.0000104 seconds
[2020-01-13T13:09:49.252+0000][1][safepoint    ] Application time: 0.0039899 seconds
[2020-01-13T13:09:49.253+0000][1][safepoint    ] Entering safepoint region: RevokeBias
[2020-01-13T13:09:49.253+0000][1][safepoint    ] Leaving safepoint region
[2020-01-13T13:09:49.253+0000][1][safepoint    ] Total time for which application threads were stopped: 0.0004516 seconds, Stopping threads took: 0.0003810 seconds
[2020-01-13T13:09:49.253+0000][1][safepoint    ] Application time: 0.0003596 seconds
[2020-01-13T13:09:49.253+0000][1][safepoint    ] Entering safepoint region: RevokeBias
[2020-01-13T13:09:49.253+0000][1][safepoint    ] Leaving safepoint region
[2020-01-13T13:09:49.253+0000][1][safepoint    ] Total time for which application threads were stopped: 0.0000734 seconds, Stopping threads took: 0.0000084 seconds
[2020-01-13T13:09:49.254+0000][1][safepoint    ] Application time: 0.0003229 seconds
[2020-01-13T13:09:49.254+0000][1][safepoint    ] Entering safepoint region: BulkRevokeBias
[2020-01-13T13:09:49.254+0000][1][safepoint    ] Leaving safepoint region
[2020-01-13T13:09:49.254+0000][1][safepoint    ] Total time for which application threads were stopped: 0.0002096 seconds, Stopping threads took: 0.0000088 seconds
[2020-01-13T13:09:49.262+0000][1][safepoint    ] Application time: 0.0085178 seconds
[2020-01-13T13:09:49.265+0000][1][safepoint    ] Entering safepoint region: RevokeBias
[2020-01-13T13:09:49.265+0000][1][safepoint    ] Leaving safepoint region
[2020-01-13T13:09:49.265+0000][1][safepoint    ] Total time for which application threads were stopped: 0.0026429 seconds, Stopping threads took: 0.0025404 seconds
[2020-01-13T13:09:49.270+0000][1][safepoint    ] Application time: 0.0053481 seconds
[2020-01-13T13:09:49.271+0000][1][safepoint    ] Entering safepoint region: RevokeBias
[2020-01-13T13:09:49.271+0000][1][safepoint    ] Leaving safepoint region
[2020-01-13T13:09:49.271+0000][1][safepoint    ] Total time for which application threads were stopped: 0.0001190 seconds, Stopping threads took: 0.0000298 seconds
[2020-01-13T13:09:49.274+0000][1][safepoint    ] Application time: 0.0037879 seconds
[2020-01-13T13:09:49.275+0000][1][safepoint    ] Entering safepoint region: RevokeBias
[2020-01-13T13:09:49.275+0000][1][safepoint    ] Leaving safepoint region
[2020-01-13T13:09:49.275+0000][1][safepoint    ] Total time for which application threads were stopped: 0.0001211 seconds, Stopping threads took: 0.0000458 seconds
[2020-01-13T13:09:49.279+0000][1][safepoint    ] Application time: 0.0048486 seconds
[2020-01-13T13:09:49.283+0000][1][safepoint    ] Entering safepoint region: RevokeBias
[2020-01-13T13:09:49.283+0000][1][safepoint    ] Leaving safepoint region
[2020-01-13T13:09:49.283+0000][1][safepoint    ] Total time for which application threads were stopped: 0.0039632 seconds, Stopping threads took: 0.0038709 seconds
[2020-01-13T13:09:49.284+0000][1][safepoint    ] Application time: 0.0003878 seconds
[2020-01-13T13:09:49.284+0000][1][safepoint    ] Entering safepoint region: BulkRevokeBias
[2020-01-13T13:09:49.284+0000][1][safepoint    ] Leaving safepoint region
[2020-01-13T13:09:49.284+0000][1][safepoint    ] Total time for which application threads were stopped: 0.0001826 seconds, Stopping threads took: 0.0000094 seconds
[2020-01-13T13:09:49.284+0000][1][safepoint    ] Application time: 0.0003539 seconds
[2020-01-13T13:09:49.284+0000][1][safepoint    ] Entering safepoint region: RevokeBias
[2020-01-13T13:09:49.285+0000][1][safepoint    ] Leaving safepoint region
[2020-01-13T13:09:49.285+0000][1][safepoint    ] Total time for which application threads were stopped: 0.0000414 seconds, Stopping threads took: 0.0000097 seconds
[2020-01-13T13:09:49.285+0000][1][safepoint    ] Application time: 0.0001646 seconds
[2020-01-13T13:09:49.285+0000][1][safepoint    ] Entering safepoint region: RevokeBias
[2020-01-13T13:09:49.285+0000][1][safepoint    ] Leaving safepoint region
[2020-01-13T13:09:49.285+0000][1][safepoint    ] Total time for which application threads were stopped: 0.0000265 seconds, Stopping threads took: 0.0000062 seconds
[2020-01-13T13:09:49.285+0000][1][safepoint    ] Application time: 0.0000934 seconds
[2020-01-13T13:09:49.285+0000][1][safepoint    ] Entering safepoint region: RevokeBias
[2020-01-13T13:09:49.285+0000][1][safepoint    ] Leaving safepoint region
[2020-01-13T13:09:49.285+0000][1][safepoint    ] Total time for which application threads were stopped: 0.0000254 seconds, Stopping threads took: 0.0000055 seconds
[2020-01-13T13:09:49.285+0000][1][safepoint    ] Application time: 0.0000731 seconds
[2020-01-13T13:09:49.285+0000][1][safepoint    ] Entering safepoint region: RevokeBias
[2020-01-13T13:09:49.285+0000][1][safepoint    ] Leaving safepoint region
[2020-01-13T13:09:49.285+0000][1][safepoint    ] Total time for which application threads were stopped: 0.0000234 seconds, Stopping threads took: 0.0000052 seconds
[2020-01-13T13:09:49.285+0000][1][safepoint    ] Application time: 0.0000733 seconds
[2020-01-13T13:09:49.285+0000][1][safepoint    ] Entering safepoint region: RevokeBias
[2020-01-13T13:09:49.285+0000][1][safepoint    ] Leaving safepoint region
[2020-01-13T13:09:49.285+0000][1][safepoint    ] Total time for which application threads were stopped: 0.0000228 seconds, Stopping threads took: 0.0000052 seconds
[2020-01-13T13:09:49.285+0000][1][safepoint    ] Application time: 0.0000719 seconds
[2020-01-13T13:09:49.285+0000][1][safepoint    ] Entering safepoint region: BulkRevokeBias
[2020-01-13T13:09:49.285+0000][1][safepoint    ] Leaving safepoint region
[2020-01-13T13:09:49.285+0000][1][safepoint    ] Total time for which application threads were stopped: 0.0001330 seconds, Stopping threads took: 0.0000052 seconds
[2020-01-13T13:09:50.103+0000][1][safepoint    ] Application time: 0.8181071 seconds
[2020-01-13T13:09:50.103+0000][1][safepoint    ] Entering safepoint region: RevokeBias
[2020-01-13T13:09:50.104+0000][1][safepoint    ] Leaving safepoint region
[2020-01-13T13:09:50.104+0000][1][safepoint    ] Total time for which application threads were stopped: 0.0001411 seconds, Stopping threads took: 0.0000563 seconds
[2020-01-13T13:09:50.232+0000][1][safepoint    ] Application time: 0.1288095 seconds
[2020-01-13T13:09:50.233+0000][1][safepoint    ] Entering safepoint region: RevokeBias
[2020-01-13T13:09:50.233+0000][1][safepoint    ] Leaving safepoint region
[2020-01-13T13:09:50.233+0000][1][safepoint    ] Total time for which application threads were stopped: 0.0003250 seconds, Stopping threads took: 0.0001693 seconds
[2020-01-13T13:09:50.234+0000][1][safepoint    ] Application time: 0.0007636 seconds
[2020-01-13T13:09:50.234+0000][1][safepoint    ] Entering safepoint region: RevokeBias
[2020-01-13T13:09:50.234+0000][1][safepoint    ] Leaving safepoint region
[2020-01-13T13:09:50.234+0000][1][safepoint    ] Total time for which application threads were stopped: 0.0001846 seconds, Stopping threads took: 0.0000784 seconds
[2020-01-13T13:09:50.236+0000][1][safepoint    ] Application time: 0.0025137 seconds
[2020-01-13T13:09:50.237+0000][1][safepoint    ] Entering safepoint region: RevokeBias
[2020-01-13T13:09:50.237+0000][1][safepoint    ] Leaving safepoint region
[2020-01-13T13:09:50.237+0000][1][safepoint    ] Total time for which application threads were stopped: 0.0008783 seconds, Stopping threads took: 0.0007777 seconds
[2020-01-13T13:09:50.238+0000][1][safepoint    ] Application time: 0.0011107 seconds
[2020-01-13T13:09:50.238+0000][1][safepoint    ] Entering safepoint region: RevokeBias
[2020-01-13T13:09:50.239+0000][1][safepoint    ] Leaving safepoint region
[2020-01-13T13:09:50.239+0000][1][safepoint    ] Total time for which application threads were stopped: 0.0001500 seconds, Stopping threads took: 0.0000686 seconds
[2020-01-13T13:09:50.241+0000][1][safepoint    ] Application time: 0.0021674 seconds
[2020-01-13T13:09:50.241+0000][1][safepoint    ] Entering safepoint region: RevokeBias
[2020-01-13T13:09:50.241+0000][1][safepoint    ] Leaving safepoint region
[2020-01-13T13:09:50.241+0000][1][safepoint    ] Total time for which application threads were stopped: 0.0001579 seconds, Stopping threads took: 0.0000434 seconds
[2020-01-13T13:09:50.243+0000][1][safepoint    ] Application time: 0.0018081 seconds
[2020-01-13T13:09:50.243+0000][1][safepoint    ] Entering safepoint region: RevokeBias
[2020-01-13T13:09:50.243+0000][1][safepoint    ] Leaving safepoint region
[2020-01-13T13:09:50.243+0000][1][safepoint    ] Total time for which application threads were stopped: 0.0001084 seconds, Stopping threads took: 0.0000264 seconds
[2020-01-13T13:09:50.244+0000][1][safepoint    ] Application time: 0.0012418 seconds
[2020-01-13T13:09:50.244+0000][1][safepoint    ] Entering safepoint region: RevokeBias
[2020-01-13T13:09:50.244+0000][1][safepoint    ] Leaving safepoint region
[2020-01-13T13:09:50.244+0000][1][safepoint    ] Total time for which application threads were stopped: 0.0001092 seconds, Stopping threads took: 0.0000387 seconds
[2020-01-13T13:09:50.246+0000][1][safepoint    ] Application time: 0.0020624 seconds
[2020-01-13T13:09:50.246+0000][1][safepoint    ] Entering safepoint region: RevokeBias
[2020-01-13T13:09:50.247+0000][1][safepoint    ] Leaving safepoint region
[2020-01-13T13:09:50.247+0000][1][safepoint    ] Total time for which application threads were stopped: 0.0001249 seconds, Stopping threads took: 0.0000576 seconds
[2020-01-13T13:09:50.247+0000][1][safepoint    ] Application time: 0.0003183 seconds
[2020-01-13T13:09:50.247+0000][1][safepoint    ] Entering safepoint region: RevokeBias
[2020-01-13T13:09:50.247+0000][1][safepoint    ] Leaving safepoint region
[2020-01-13T13:09:50.247+0000][1][safepoint    ] Total time for which application threads were stopped: 0.0000802 seconds, Stopping threads took: 0.0000277 seconds
[2020-01-13T13:09:50.247+0000][1][safepoint    ] Application time: 0.0005026 seconds
[2020-01-13T13:09:50.249+0000][1][safepoint    ] Entering safepoint region: RevokeBias
[2020-01-13T13:09:50.249+0000][1][safepoint    ] Leaving safepoint region
[2020-01-13T13:09:50.249+0000][1][safepoint    ] Total time for which application threads were stopped: 0.0011482 seconds, Stopping threads took: 0.0010866 seconds
[2020-01-13T13:09:50.249+0000][1][safepoint    ] Application time: 0.0002388 seconds
[2020-01-13T13:09:50.249+0000][1][safepoint    ] Entering safepoint region: RevokeBias
[2020-01-13T13:09:50.249+0000][1][safepoint    ] Leaving safepoint region
[2020-01-13T13:09:50.249+0000][1][safepoint    ] Total time for which application threads were stopped: 0.0000717 seconds, Stopping threads took: 0.0000240 seconds
[2020-01-13T13:09:50.249+0000][1][safepoint    ] Application time: 0.0000517 seconds
[2020-01-13T13:09:50.249+0000][1][safepoint    ] Entering safepoint region: RevokeBias
[2020-01-13T13:09:50.249+0000][1][safepoint    ] Leaving safepoint region
[2020-01-13T13:09:50.249+0000][1][safepoint    ] Total time for which application threads were stopped: 0.0000417 seconds, Stopping threads took: 0.0000088 seconds
[2020-01-13T13:09:50.250+0000][1][safepoint    ] Application time: 0.0004733 seconds
[2020-01-13T13:09:50.250+0000][1][safepoint    ] Entering safepoint region: RevokeBias
[2020-01-13T13:09:50.250+0000][1][safepoint    ] Leaving safepoint region
[2020-01-13T13:09:50.250+0000][1][safepoint    ] Total time for which application threads were stopped: 0.0002244 seconds, Stopping threads took: 0.0001694 seconds
[2020-01-13T13:09:50.267+0000][1][safepoint    ] Application time: 0.0172215 seconds
[2020-01-13T13:09:50.267+0000][1][safepoint    ] Entering safepoint region: RevokeBias
[2020-01-13T13:09:50.267+0000][1][safepoint    ] Leaving safepoint region
[2020-01-13T13:09:50.267+0000][1][safepoint    ] Total time for which application threads were stopped: 0.0001014 seconds, Stopping threads took: 0.0000336 seconds
[2020-01-13T13:09:50.267+0000][1][safepoint    ] Application time: 0.0001274 seconds
[2020-01-13T13:09:50.267+0000][1][safepoint    ] Entering safepoint region: RevokeBias
[2020-01-13T13:09:50.267+0000][1][safepoint    ] Leaving safepoint region
[2020-01-13T13:09:50.267+0000][1][safepoint    ] Total time for which application threads were stopped: 0.0000451 seconds, Stopping threads took: 0.0000165 seconds
[2020-01-13T13:09:50.268+0000][1][safepoint    ] Application time: 0.0001109 seconds
[2020-01-13T13:09:50.268+0000][1][safepoint    ] Entering safepoint region: RevokeBias
[2020-01-13T13:09:50.268+0000][1][safepoint    ] Leaving safepoint region
[2020-01-13T13:09:50.268+0000][1][safepoint    ] Total time for which application threads were stopped: 0.0000378 seconds, Stopping threads took: 0.0000143 seconds
[2020-01-13T13:09:50.268+0000][1][safepoint    ] Application time: 0.0000868 seconds
[2020-01-13T13:09:50.268+0000][1][safepoint    ] Entering safepoint region: RevokeBias
[2020-01-13T13:09:50.268+0000][1][safepoint    ] Leaving safepoint region
[2020-01-13T13:09:50.268+0000][1][safepoint    ] Total time for which application threads were stopped: 0.0000349 seconds, Stopping threads took: 0.0000137 seconds
[2020-01-13T13:09:50.268+0000][1][safepoint    ] Application time: 0.0000791 seconds
[2020-01-13T13:09:50.268+0000][1][safepoint    ] Entering safepoint region: RevokeBias
[2020-01-13T13:09:50.268+0000][1][safepoint    ] Leaving safepoint region
[2020-01-13T13:09:50.268+0000][1][safepoint    ] Total time for which application threads were stopped: 0.0000344 seconds, Stopping threads took: 0.0000137 seconds
[2020-01-13T13:09:50.268+0000][1][safepoint    ] Application time: 0.0000743 seconds
[2020-01-13T13:09:50.268+0000][1][safepoint    ] Entering safepoint region: RevokeBias
[2020-01-13T13:09:50.268+0000][1][safepoint    ] Leaving safepoint region
[2020-01-13T13:09:50.268+0000][1][safepoint    ] Total time for which application threads were stopped: 0.0000336 seconds, Stopping threads took: 0.0000132 seconds
[2020-01-13T13:09:50.268+0000][1][safepoint    ] Application time: 0.0000753 seconds
[2020-01-13T13:09:50.268+0000][1][safepoint    ] Entering safepoint region: RevokeBias
[2020-01-13T13:09:50.268+0000][1][safepoint    ] Leaving safepoint region
[2020-01-13T13:09:50.268+0000][1][safepoint    ] Total time for which application threads were stopped: 0.0000357 seconds, Stopping threads took: 0.0000134 seconds
[2020-01-13T13:09:50.269+0000][1][safepoint    ] Application time: 0.0009792 seconds
[2020-01-13T13:09:50.269+0000][1][safepoint    ] Entering safepoint region: RevokeBias
[2020-01-13T13:09:50.269+0000][1][safepoint    ] Leaving safepoint region
[2020-01-13T13:09:50.269+0000][1][safepoint    ] Total time for which application threads were stopped: 0.0000564 seconds, Stopping threads took: 0.0000214 seconds
[2020-01-13T13:09:50.269+0000][1][safepoint    ] Application time: 0.0001433 seconds
[2020-01-13T13:09:50.269+0000][1][safepoint    ] Entering safepoint region: RevokeBias
[2020-01-13T13:09:50.269+0000][1][safepoint    ] Leaving safepoint region
[2020-01-13T13:09:50.269+0000][1][safepoint    ] Total time for which application threads were stopped: 0.0000758 seconds, Stopping threads took: 0.0000470 seconds
[2020-01-13T13:09:50.270+0000][1][safepoint    ] Application time: 0.0001750 seconds
[2020-01-13T13:09:50.270+0000][1][safepoint    ] Entering safepoint region: RevokeBias
[2020-01-13T13:09:50.270+0000][1][safepoint    ] Leaving safepoint region
[2020-01-13T13:09:50.270+0000][1][safepoint    ] Total time for which application threads were stopped: 0.0000404 seconds, Stopping threads took: 0.0000150 seconds
[2020-01-13T13:09:50.270+0000][1][safepoint    ] Application time: 0.0000899 seconds
[2020-01-13T13:09:50.270+0000][1][safepoint    ] Entering safepoint region: RevokeBias
[2020-01-13T13:09:50.270+0000][1][safepoint    ] Leaving safepoint region
[2020-01-13T13:09:50.270+0000][1][safepoint    ] Total time for which application threads were stopped: 0.0000353 seconds, Stopping threads took: 0.0000139 seconds
[2020-01-13T13:09:50.270+0000][1][safepoint    ] Application time: 0.0000922 seconds
[2020-01-13T13:09:50.270+0000][1][safepoint    ] Entering safepoint region: RevokeBias
[2020-01-13T13:09:50.270+0000][1][safepoint    ] Leaving safepoint region
[2020-01-13T13:09:50.270+0000][1][safepoint    ] Total time for which application threads were stopped: 0.0000340 seconds, Stopping threads took: 0.0000137 seconds
[2020-01-13T13:09:51.104+0000][1][safepoint    ] Application time: 0.8338812 seconds
[2020-01-13T13:09:51.104+0000][1][safepoint    ] Entering safepoint region: RevokeBias
[2020-01-13T13:09:51.104+0000][1][safepoint    ] Leaving safepoint region
[2020-01-13T13:09:51.104+0000][1][safepoint    ] Total time for which application threads were stopped: 0.0001158 seconds, Stopping threads took: 0.0000300 seconds
[2020-01-13T13:09:51.231+0000][1][safepoint    ] Application time: 0.1273111 seconds
[2020-01-13T13:09:51.231+0000][1][safepoint    ] Entering safepoint region: RevokeBias
[2020-01-13T13:09:51.231+0000][1][safepoint    ] Leaving safepoint region
[2020-01-13T13:09:51.231+0000][1][safepoint    ] Total time for which application threads were stopped: 0.0001518 seconds, Stopping threads took: 0.0000407 seconds
[2020-01-13T13:09:51.233+0000][1][safepoint    ] Application time: 0.0011089 seconds
[2020-01-13T13:09:51.233+0000][1][safepoint    ] Entering safepoint region: RevokeBias
[2020-01-13T13:09:51.233+0000][1][safepoint    ] Leaving safepoint region
[2020-01-13T13:09:51.233+0000][1][safepoint    ] Total time for which application threads were stopped: 0.0001022 seconds, Stopping threads took: 0.0000160 seconds
[2020-01-13T13:09:51.234+0000][1][safepoint    ] Application time: 0.0010472 seconds
[2020-01-13T13:09:51.234+0000][1][safepoint    ] Entering safepoint region: RevokeBias
[2020-01-13T13:09:51.234+0000][1][safepoint    ] Leaving safepoint region
[2020-01-13T13:09:51.234+0000][1][safepoint    ] Total time for which application threads were stopped: 0.0000766 seconds, Stopping threads took: 0.0000253 seconds
[2020-01-13T13:09:51.234+0000][1][safepoint    ] Application time: 0.0002413 seconds
[2020-01-13T13:09:51.234+0000][1][safepoint    ] Entering safepoint region: RevokeBias
[2020-01-13T13:09:51.234+0000][1][safepoint    ] Leaving safepoint region
[2020-01-13T13:09:51.234+0000][1][safepoint    ] Total time for which application threads were stopped: 0.0000484 seconds, Stopping threads took: 0.0000086 seconds
[2020-01-13T13:09:51.235+0000][1][safepoint    ] Application time: 0.0010864 seconds
[2020-01-13T13:09:51.235+0000][1][safepoint    ] Entering safepoint region: RevokeBias
[2020-01-13T13:09:51.235+0000][1][safepoint    ] Leaving safepoint region
[2020-01-13T13:09:51.235+0000][1][safepoint    ] Total time for which application threads were stopped: 0.0000965 seconds, Stopping threads took: 0.0000432 seconds
[2020-01-13T13:09:51.235+0000][1][safepoint    ] Application time: 0.0000498 seconds
[2020-01-13T13:09:51.235+0000][1][safepoint    ] Entering safepoint region: RevokeBias
[2020-01-13T13:09:51.235+0000][1][safepoint    ] Leaving safepoint region
[2020-01-13T13:09:51.235+0000][1][safepoint    ] Total time for which application threads were stopped: 0.0000308 seconds, Stopping threads took: 0.0000058 seconds
[2020-01-13T13:09:51.236+0000][1][safepoint    ] Application time: 0.0001455 seconds
[2020-01-13T13:09:51.236+0000][1][safepoint    ] Entering safepoint region: BulkRevokeBias
[2020-01-13T13:09:51.236+0000][1][safepoint    ] Leaving safepoint region
[2020-01-13T13:09:51.236+0000][1][safepoint    ] Total time for which application threads were stopped: 0.0001987 seconds, Stopping threads took: 0.0000202 seconds
[2020-01-13T13:09:51.252+0000][1][safepoint    ] Application time: 0.0163623 seconds
[2020-01-13T13:09:51.252+0000][1][safepoint    ] Entering safepoint region: RevokeBias
[2020-01-13T13:09:51.252+0000][1][safepoint    ] Leaving safepoint region
[2020-01-13T13:09:51.252+0000][1][safepoint    ] Total time for which application threads were stopped: 0.0001361 seconds, Stopping threads took: 0.0000492 seconds
[2020-01-13T13:09:51.253+0000][1][safepoint    ] Application time: 0.0002278 seconds
[2020-01-13T13:09:51.253+0000][1][safepoint    ] Entering safepoint region: RevokeBias
[2020-01-13T13:09:51.253+0000][1][safepoint    ] Leaving safepoint region
[2020-01-13T13:09:51.253+0000][1][safepoint    ] Total time for which application threads were stopped: 0.0000813 seconds, Stopping threads took: 0.0000282 seconds
[2020-01-13T13:09:51.253+0000][1][safepoint    ] Application time: 0.0001190 seconds
[2020-01-13T13:09:51.253+0000][1][safepoint    ] Entering safepoint region: RevokeBias
[2020-01-13T13:09:51.253+0000][1][safepoint    ] Leaving safepoint region
[2020-01-13T13:09:51.253+0000][1][safepoint    ] Total time for which application threads were stopped: 0.0000421 seconds, Stopping threads took: 0.0000153 seconds
[2020-01-13T13:09:51.253+0000][1][safepoint    ] Application time: 0.0001001 seconds
[2020-01-13T13:09:51.253+0000][1][safepoint    ] Entering safepoint region: RevokeBias
[2020-01-13T13:09:51.253+0000][1][safepoint    ] Leaving safepoint region
[2020-01-13T13:09:51.253+0000][1][safepoint    ] Total time for which application threads were stopped: 0.0000372 seconds, Stopping threads took: 0.0000140 seconds
[2020-01-13T13:09:51.253+0000][1][safepoint    ] Application time: 0.0000770 seconds
[2020-01-13T13:09:51.253+0000][1][safepoint    ] Entering safepoint region: RevokeBias
[2020-01-13T13:09:51.253+0000][1][safepoint    ] Leaving safepoint region
[2020-01-13T13:09:51.253+0000][1][safepoint    ] Total time for which application threads were stopped: 0.0000403 seconds, Stopping threads took: 0.0000139 seconds
[2020-01-13T13:09:51.253+0000][1][safepoint    ] Application time: 0.0001300 seconds
[2020-01-13T13:09:51.253+0000][1][safepoint    ] Entering safepoint region: BulkRevokeBias
[2020-01-13T13:09:51.254+0000][1][safepoint    ] Leaving safepoint region
[2020-01-13T13:09:51.254+0000][1][safepoint    ] Total time for which application threads were stopped: 0.0002811 seconds, Stopping threads took: 0.0000171 seconds
[2020-01-13T13:09:52.267+0000][1][safepoint    ] Application time: 1.0137416 seconds
[2020-01-13T13:09:52.268+0000][1][safepoint    ] Entering safepoint region: Cleanup
[2020-01-13T13:09:52.268+0000][1][safepoint    ] Leaving safepoint region
[2020-01-13T13:09:52.268+0000][1][safepoint    ] Total time for which application threads were stopped: 0.0001358 seconds, Stopping threads took: 0.0000355 seconds
[2020-01-13T13:09:53.268+0000][1][safepoint    ] Application time: 1.0000923 seconds
[2020-01-13T13:09:53.272+0000][1][safepoint    ] Entering safepoint region: Cleanup
[2020-01-13T13:09:53.272+0000][1][safepoint    ] Leaving safepoint region
[2020-01-13T13:09:53.272+0000][1][safepoint    ] Total time for which application threads were stopped: 0.0042734 seconds, Stopping threads took: 0.0041770 seconds
[2020-01-13T13:09:53.288+0000][1][safepoint    ] Application time: 0.0161919 seconds
[2020-01-13T13:09:53.288+0000][1][safepoint    ] Entering safepoint region: RevokeBias
[2020-01-13T13:09:53.288+0000][1][safepoint    ] Leaving safepoint region
[2020-01-13T13:09:53.288+0000][1][safepoint    ] Total time for which application threads were stopped: 0.0001359 seconds, Stopping threads took: 0.0000161 seconds
[2020-01-13T13:09:53.288+0000][1][safepoint    ] Application time: 0.0000452 seconds
[2020-01-13T13:09:53.288+0000][1][safepoint    ] Entering safepoint region: RevokeBias
[2020-01-13T13:09:53.289+0000][1][safepoint    ] Leaving safepoint region
[2020-01-13T13:09:53.289+0000][1][safepoint    ] Total time for which application threads were stopped: 0.0000312 seconds, Stopping threads took: 0.0000059 seconds
[2020-01-13T13:09:54.289+0000][1][safepoint    ] Application time: 1.0001331 seconds
[2020-01-13T13:09:54.289+0000][1][safepoint    ] Entering safepoint region: Cleanup
[2020-01-13T13:09:54.289+0000][1][safepoint    ] Leaving safepoint region
[2020-01-13T13:09:54.289+0000][1][safepoint    ] Total time for which application threads were stopped: 0.0001114 seconds, Stopping threads took: 0.0000231 seconds
[2020-01-13T13:09:55.289+0000][1][safepoint    ] Application time: 1.0000880 seconds
[2020-01-13T13:09:55.289+0000][1][safepoint    ] Entering safepoint region: Cleanup
[2020-01-13T13:09:55.289+0000][1][safepoint    ] Leaving safepoint region
[2020-01-13T13:09:55.289+0000][1][safepoint    ] Total time for which application threads were stopped: 0.0003283 seconds, Stopping threads took: 0.0002036 seconds
[2020-01-13T13:09:56.289+0000][1][safepoint    ] Application time: 1.0000753 seconds
[2020-01-13T13:09:56.289+0000][1][safepoint    ] Entering safepoint region: Cleanup
[2020-01-13T13:09:56.290+0000][1][safepoint    ] Leaving safepoint region
[2020-01-13T13:09:56.290+0000][1][safepoint    ] Total time for which application threads were stopped: 0.0001312 seconds, Stopping threads took: 0.0000270 seconds
[2020-01-13T13:09:57.290+0000][1][safepoint    ] Application time: 1.0001453 seconds
[2020-01-13T13:09:57.290+0000][1][safepoint    ] Entering safepoint region: Cleanup
[2020-01-13T13:09:57.290+0000][1][safepoint    ] Leaving safepoint region
[2020-01-13T13:09:57.290+0000][1][safepoint    ] Total time for which application threads were stopped: 0.0001609 seconds, Stopping threads took: 0.0000338 seconds
[2020-01-13T13:09:58.257+0000][1][safepoint    ] Application time: 0.9670870 seconds
[2020-01-13T13:09:58.257+0000][1][safepoint    ] Entering safepoint region: GenCollectForAllocation
[2020-01-13T13:09:58.257+0000][1][gc,start     ] GC(22) Pause Young (Allocation Failure)
[2020-01-13T13:09:58.257+0000][1][gc,task      ] GC(22) Using 1 workers of 1 for evacuation
[2020-01-13T13:09:58.292+0000][1][gc,age       ] GC(22) Desired survivor size 4358144 bytes, new threshold 2 (max threshold 6)
[2020-01-13T13:09:58.292+0000][1][gc,age       ] GC(22) Age table with threshold 2 (max threshold 6)
[2020-01-13T13:09:58.292+0000][1][gc,age       ] GC(22) - age   1:    2356824 bytes,    2356824 total
[2020-01-13T13:09:58.292+0000][1][gc,age       ] GC(22) - age   2:    2931696 bytes,    5288520 total
[2020-01-13T13:09:58.292+0000][1][gc,heap      ] GC(22) ParNew: 73119K->8512K(76672K)
[2020-01-13T13:09:58.292+0000][1][gc,heap      ] GC(22) CMS: 61036K->62592K(176960K)
[2020-01-13T13:09:58.292+0000][1][gc,metaspace ] GC(22) Metaspace: 64618K->64618K(1107968K)
[2020-01-13T13:09:58.293+0000][1][gc           ] GC(22) Pause Young (Allocation Failure) 131M->69M(247M) 35.204ms
[2020-01-13T13:09:58.293+0000][1][gc,cpu       ] GC(22) User=0.04s Sys=0.00s Real=0.04s
[2020-01-13T13:09:58.293+0000][1][safepoint    ] Leaving safepoint region
[2020-01-13T13:09:58.293+0000][1][safepoint    ] Total time for which application threads were stopped: 0.0354369 seconds, Stopping threads took: 0.0000198 seconds
[2020-01-13T13:09:59.301+0000][1][safepoint    ] Application time: 1.0079146 seconds
[2020-01-13T13:09:59.301+0000][1][safepoint    ] Entering safepoint region: Cleanup
[2020-01-13T13:09:59.301+0000][1][safepoint    ] Leaving safepoint region
[2020-01-13T13:09:59.301+0000][1][safepoint    ] Total time for which application threads were stopped: 0.0001176 seconds, Stopping threads took: 0.0000275 seconds
[2020-01-13T13:10:00.301+0000][1][safepoint    ] Application time: 1.0001460 seconds
[2020-01-13T13:10:00.301+0000][1][safepoint    ] Entering safepoint region: Cleanup
[2020-01-13T13:10:00.301+0000][1][safepoint    ] Leaving safepoint region
[2020-01-13T13:10:00.301+0000][1][safepoint    ] Total time for which application threads were stopped: 0.0001247 seconds, Stopping threads took: 0.0000305 seconds
[2020-01-13T13:10:01.301+0000][1][safepoint    ] Application time: 1.0002359 seconds
[2020-01-13T13:10:01.301+0000][1][safepoint    ] Entering safepoint region: Cleanup
[2020-01-13T13:10:01.302+0000][1][safepoint    ] Leaving safepoint region
[2020-01-13T13:10:01.302+0000][1][safepoint    ] Total time for which application threads were stopped: 0.0001531 seconds, Stopping threads took: 0.0000565 seconds
[2020-01-13T13:10:02.302+0000][1][safepoint    ] Application time: 1.0001579 seconds
[2020-01-13T13:10:02.302+0000][1][safepoint    ] Entering safepoint region: Cleanup
[2020-01-13T13:10:02.302+0000][1][safepoint    ] Leaving safepoint region
[2020-01-13T13:10:02.302+0000][1][safepoint    ] Total time for which application threads were stopped: 0.0001690 seconds, Stopping threads took: 0.0000359 seconds
[2020-01-13T13:10:03.302+0000][1][safepoint    ] Application time: 1.0001426 seconds
[2020-01-13T13:10:03.302+0000][1][safepoint    ] Entering safepoint region: Cleanup
[2020-01-13T13:10:03.302+0000][1][safepoint    ] Leaving safepoint region
[2020-01-13T13:10:03.302+0000][1][safepoint    ] Total time for which application threads were stopped: 0.0001706 seconds, Stopping threads took: 0.0000354 seconds
[2020-01-13T13:10:04.303+0000][1][safepoint    ] Application time: 1.0001408 seconds
[2020-01-13T13:10:04.304+0000][1][safepoint    ] Entering safepoint region: Cleanup
[2020-01-13T13:10:04.304+0000][1][safepoint    ] Leaving safepoint region
[2020-01-13T13:10:04.304+0000][1][safepoint    ] Total time for which application threads were stopped: 0.0001338 seconds, Stopping threads took: 0.0000426 seconds
[2020-01-13T13:10:05.304+0000][1][safepoint    ] Application time: 1.0001597 seconds
[2020-01-13T13:10:05.304+0000][1][safepoint    ] Entering safepoint region: Cleanup
[2020-01-13T13:10:05.304+0000][1][safepoint    ] Leaving safepoint region
[2020-01-13T13:10:05.304+0000][1][safepoint    ] Total time for which application threads were stopped: 0.0001962 seconds, Stopping threads took: 0.0000379 seconds
[2020-01-13T13:10:06.304+0000][1][safepoint    ] Application time: 1.0001447 seconds
[2020-01-13T13:10:06.304+0000][1][safepoint    ] Entering safepoint region: Cleanup
[2020-01-13T13:10:06.304+0000][1][safepoint    ] Leaving safepoint region
[2020-01-13T13:10:06.304+0000][1][safepoint    ] Total time for which application threads were stopped: 0.0001344 seconds, Stopping threads took: 0.0000417 seconds
[2020-01-13T13:10:07.305+0000][1][safepoint    ] Application time: 1.0001311 seconds
[2020-01-13T13:10:07.305+0000][1][safepoint    ] Entering safepoint region: Cleanup
[2020-01-13T13:10:07.305+0000][1][safepoint    ] Leaving safepoint region
[2020-01-13T13:10:07.305+0000][1][safepoint    ] Total time for which application threads were stopped: 0.0001266 seconds, Stopping threads took: 0.0000326 seconds
[2020-01-13T13:10:08.305+0000][1][safepoint    ] Application time: 1.0001488 seconds
[2020-01-13T13:10:08.305+0000][1][safepoint    ] Entering safepoint region: Cleanup
[2020-01-13T13:10:08.305+0000][1][safepoint    ] Leaving safepoint region
[2020-01-13T13:10:08.305+0000][1][safepoint    ] Total time for which application threads were stopped: 0.0001192 seconds, Stopping threads took: 0.0000279 seconds
[2020-01-13T13:10:09.305+0000][1][safepoint    ] Application time: 1.0001453 seconds
[2020-01-13T13:10:09.306+0000][1][safepoint    ] Entering safepoint region: Cleanup
[2020-01-13T13:10:09.307+0000][1][safepoint    ] Leaving safepoint region
[2020-01-13T13:10:09.307+0000][1][safepoint    ] Total time for which application threads were stopped: 0.0001765 seconds, Stopping threads took: 0.0000595 seconds
[2020-01-13T13:10:10.307+0000][1][safepoint    ] Application time: 1.0001612 seconds
[2020-01-13T13:10:10.307+0000][1][safepoint    ] Entering safepoint region: Cleanup
[2020-01-13T13:10:10.307+0000][1][safepoint    ] Leaving safepoint region
[2020-01-13T13:10:10.307+0000][1][safepoint    ] Total time for which application threads were stopped: 0.0002007 seconds, Stopping threads took: 0.0000334 seconds
[2020-01-13T13:10:11.307+0000][1][safepoint    ] Application time: 1.0001408 seconds
[2020-01-13T13:10:11.307+0000][1][safepoint    ] Entering safepoint region: Cleanup
[2020-01-13T13:10:11.307+0000][1][safepoint    ] Leaving safepoint region
[2020-01-13T13:10:11.307+0000][1][safepoint    ] Total time for which application threads were stopped: 0.0001938 seconds, Stopping threads took: 0.0000534 seconds
[2020-01-13T13:10:12.308+0000][1][safepoint    ] Application time: 1.0001919 seconds
[2020-01-13T13:10:12.308+0000][1][safepoint    ] Entering safepoint region: Cleanup
[2020-01-13T13:10:12.308+0000][1][safepoint    ] Leaving safepoint region
[2020-01-13T13:10:12.308+0000][1][safepoint    ] Total time for which application threads were stopped: 0.0001148 seconds, Stopping threads took: 0.0000262 seconds
[2020-01-13T13:10:13.308+0000][1][safepoint    ] Application time: 1.0001125 seconds
[2020-01-13T13:10:13.308+0000][1][safepoint    ] Entering safepoint region: Cleanup
[2020-01-13T13:10:13.308+0000][1][safepoint    ] Leaving safepoint region
[2020-01-13T13:10:13.308+0000][1][safepoint    ] Total time for which application threads were stopped: 0.0001254 seconds, Stopping threads took: 0.0000275 seconds
[2020-01-13T13:10:14.308+0000][1][safepoint    ] Application time: 1.0001352 seconds
[2020-01-13T13:10:14.309+0000][1][safepoint    ] Entering safepoint region: Cleanup
[2020-01-13T13:10:14.310+0000][1][safepoint    ] Leaving safepoint region
[2020-01-13T13:10:14.310+0000][1][safepoint    ] Total time for which application threads were stopped: 0.0001739 seconds, Stopping threads took: 0.0000592 seconds
[2020-01-13T13:10:15.310+0000][1][safepoint    ] Application time: 1.0001369 seconds
[2020-01-13T13:10:15.310+0000][1][safepoint    ] Entering safepoint region: Cleanup
[2020-01-13T13:10:15.310+0000][1][safepoint    ] Leaving safepoint region
[2020-01-13T13:10:15.310+0000][1][safepoint    ] Total time for which application threads were stopped: 0.0001621 seconds, Stopping threads took: 0.0000739 seconds
[2020-01-13T13:10:16.310+0000][1][safepoint    ] Application time: 1.0001308 seconds
[2020-01-13T13:10:16.310+0000][1][safepoint    ] Entering safepoint region: Cleanup
[2020-01-13T13:10:16.310+0000][1][safepoint    ] Leaving safepoint region
[2020-01-13T13:10:16.310+0000][1][safepoint    ] Total time for which application threads were stopped: 0.0001384 seconds, Stopping threads took: 0.0000332 seconds
[2020-01-13T13:10:17.310+0000][1][safepoint    ] Application time: 1.0001129 seconds
[2020-01-13T13:10:17.310+0000][1][safepoint    ] Entering safepoint region: Cleanup
[2020-01-13T13:10:17.311+0000][1][safepoint    ] Leaving safepoint region
[2020-01-13T13:10:17.311+0000][1][safepoint    ] Total time for which application threads were stopped: 0.0001147 seconds, Stopping threads took: 0.0000256 seconds
[2020-01-13T13:10:18.157+0000][1][safepoint    ] Application time: 0.8462264 seconds
[2020-01-13T13:10:18.157+0000][1][safepoint    ] Entering safepoint region: RevokeBias
[2020-01-13T13:10:18.157+0000][1][safepoint    ] Leaving safepoint region
[2020-01-13T13:10:18.157+0000][1][safepoint    ] Total time for which application threads were stopped: 0.0001573 seconds, Stopping threads took: 0.0000293 seconds
[2020-01-13T13:10:19.157+0000][1][safepoint    ] Application time: 1.0001787 seconds
[2020-01-13T13:10:19.157+0000][1][safepoint    ] Entering safepoint region: Cleanup
[2020-01-13T13:10:19.158+0000][1][safepoint    ] Leaving safepoint region
[2020-01-13T13:10:19.158+0000][1][safepoint    ] Total time for which application threads were stopped: 0.0002299 seconds, Stopping threads took: 0.0000547 seconds
[2020-01-13T13:10:20.158+0000][1][safepoint    ] Application time: 1.0001711 seconds
[2020-01-13T13:10:20.158+0000][1][safepoint    ] Entering safepoint region: Cleanup
[2020-01-13T13:10:20.158+0000][1][safepoint    ] Leaving safepoint region
[2020-01-13T13:10:20.158+0000][1][safepoint    ] Total time for which application threads were stopped: 0.0001692 seconds, Stopping threads took: 0.0000352 seconds
[2020-01-13T13:10:21.158+0000][1][safepoint    ] Application time: 1.0001822 seconds
[2020-01-13T13:10:21.158+0000][1][safepoint    ] Entering safepoint region: Cleanup
[2020-01-13T13:10:21.158+0000][1][safepoint    ] Leaving safepoint region
[2020-01-13T13:10:21.158+0000][1][safepoint    ] Total time for which application threads were stopped: 0.0001910 seconds, Stopping threads took: 0.0000516 seconds
[2020-01-13T13:10:22.159+0000][1][safepoint    ] Application time: 1.0001643 seconds
[2020-01-13T13:10:22.159+0000][1][safepoint    ] Entering safepoint region: Cleanup
[2020-01-13T13:10:22.159+0000][1][safepoint    ] Leaving safepoint region
[2020-01-13T13:10:22.159+0000][1][safepoint    ] Total time for which application threads were stopped: 0.0001563 seconds, Stopping threads took: 0.0000359 seconds
[2020-01-13T13:10:23.159+0000][1][safepoint    ] Application time: 1.0001934 seconds
[2020-01-13T13:10:23.159+0000][1][safepoint    ] Entering safepoint region: Cleanup
[2020-01-13T13:10:23.159+0000][1][safepoint    ] Leaving safepoint region
[2020-01-13T13:10:23.159+0000][1][safepoint    ] Total time for which application threads were stopped: 0.0001603 seconds, Stopping threads took: 0.0000380 seconds
[2020-01-13T13:10:24.159+0000][1][safepoint    ] Application time: 1.0001557 seconds
[2020-01-13T13:10:24.161+0000][1][safepoint    ] Entering safepoint region: Cleanup
[2020-01-13T13:10:24.161+0000][1][safepoint    ] Leaving safepoint region
[2020-01-13T13:10:24.161+0000][1][safepoint    ] Total time for which application threads were stopped: 0.0002237 seconds, Stopping threads took: 0.0000848 seconds
[2020-01-13T13:10:25.161+0000][1][safepoint    ] Application time: 1.0001694 seconds
[2020-01-13T13:10:25.161+0000][1][safepoint    ] Entering safepoint region: Cleanup
[2020-01-13T13:10:25.161+0000][1][safepoint    ] Leaving safepoint region
[2020-01-13T13:10:25.161+0000][1][safepoint    ] Total time for which application threads were stopped: 0.0001447 seconds, Stopping threads took: 0.0000431 seconds
[2020-01-13T13:10:26.074+0000][1][safepoint    ] Application time: 0.9129446 seconds
[2020-01-13T13:10:26.074+0000][1][safepoint    ] Entering safepoint region: RevokeBias
[2020-01-13T13:10:26.074+0000][1][safepoint    ] Leaving safepoint region
[2020-01-13T13:10:26.074+0000][1][safepoint    ] Total time for which application threads were stopped: 0.0001180 seconds, Stopping threads took: 0.0000208 seconds
[2020-01-13T13:10:27.074+0000][1][safepoint    ] Application time: 1.0001715 seconds
[2020-01-13T13:10:27.075+0000][1][safepoint    ] Entering safepoint region: Cleanup
[2020-01-13T13:10:27.075+0000][1][safepoint    ] Leaving safepoint region
[2020-01-13T13:10:27.075+0000][1][safepoint    ] Total time for which application threads were stopped: 0.0001219 seconds, Stopping threads took: 0.0000284 seconds
[2020-01-13T13:10:28.075+0000][1][safepoint    ] Application time: 1.0001242 seconds
[2020-01-13T13:10:28.075+0000][1][safepoint    ] Entering safepoint region: Cleanup
[2020-01-13T13:10:28.075+0000][1][safepoint    ] Leaving safepoint region
[2020-01-13T13:10:28.075+0000][1][safepoint    ] Total time for which application threads were stopped: 0.0001507 seconds, Stopping threads took: 0.0000336 seconds
[2020-01-13T13:10:29.075+0000][1][safepoint    ] Application time: 1.0001299 seconds
[2020-01-13T13:10:29.075+0000][1][safepoint    ] Entering safepoint region: Cleanup
[2020-01-13T13:10:29.075+0000][1][safepoint    ] Leaving safepoint region
[2020-01-13T13:10:29.075+0000][1][safepoint    ] Total time for which application threads were stopped: 0.0001319 seconds, Stopping threads took: 0.0000276 seconds
[2020-01-13T13:10:30.076+0000][1][safepoint    ] Application time: 1.0001888 seconds
[2020-01-13T13:10:30.076+0000][1][safepoint    ] Entering safepoint region: Cleanup
[2020-01-13T13:10:30.076+0000][1][safepoint    ] Leaving safepoint region
[2020-01-13T13:10:30.076+0000][1][safepoint    ] Total time for which application threads were stopped: 0.0001657 seconds, Stopping threads took: 0.0000282 seconds
[2020-01-13T13:10:31.076+0000][1][safepoint    ] Application time: 1.0001501 seconds
[2020-01-13T13:10:31.076+0000][1][safepoint    ] Entering safepoint region: Cleanup
[2020-01-13T13:10:31.076+0000][1][safepoint    ] Leaving safepoint region
[2020-01-13T13:10:31.076+0000][1][safepoint    ] Total time for which application threads were stopped: 0.0001709 seconds, Stopping threads took: 0.0000541 seconds
[2020-01-13T13:10:32.076+0000][1][safepoint    ] Application time: 1.0001306 seconds
[2020-01-13T13:10:32.076+0000][1][safepoint    ] Entering safepoint region: Cleanup
[2020-01-13T13:10:32.077+0000][1][safepoint    ] Leaving safepoint region
[2020-01-13T13:10:32.077+0000][1][safepoint    ] Total time for which application threads were stopped: 0.0001370 seconds, Stopping threads took: 0.0000340 seconds
[2020-01-13T13:10:33.077+0000][1][safepoint    ] Application time: 1.0001166 seconds
[2020-01-13T13:10:33.077+0000][1][safepoint    ] Entering safepoint region: Cleanup
[2020-01-13T13:10:33.077+0000][1][safepoint    ] Leaving safepoint region
[2020-01-13T13:10:33.077+0000][1][safepoint    ] Total time for which application threads were stopped: 0.0001025 seconds, Stopping threads took: 0.0000265 seconds
[2020-01-13T13:10:34.077+0000][1][safepoint    ] Application time: 1.0001265 seconds
[2020-01-13T13:10:34.077+0000][1][safepoint    ] Entering safepoint region: Cleanup
[2020-01-13T13:10:34.077+0000][1][safepoint    ] Leaving safepoint region
[2020-01-13T13:10:34.077+0000][1][safepoint    ] Total time for which application threads were stopped: 0.0001448 seconds, Stopping threads took: 0.0000345 seconds
[2020-01-13T13:10:34.278+0000][1][safepoint    ] Application time: 0.2006023 seconds
[2020-01-13T13:10:34.278+0000][1][safepoint    ] Entering safepoint region: GenCollectForAllocation
[2020-01-13T13:10:34.278+0000][1][gc,start     ] GC(23) Pause Young (Allocation Failure)
[2020-01-13T13:10:34.278+0000][1][gc,task      ] GC(23) Using 1 workers of 1 for evacuation
[2020-01-13T13:10:34.304+0000][1][gc,age       ] GC(23) Desired survivor size 4358144 bytes, new threshold 6 (max threshold 6)
[2020-01-13T13:10:34.305+0000][1][gc,age       ] GC(23) Age table with threshold 6 (max threshold 6)
[2020-01-13T13:10:34.305+0000][1][gc,age       ] GC(23) - age   1:     716656 bytes,     716656 total
[2020-01-13T13:10:34.305+0000][1][gc,age       ] GC(23) - age   2:    2048264 bytes,    2764920 total
[2020-01-13T13:10:34.305+0000][1][gc,heap      ] GC(23) ParNew: 76655K->5076K(76672K)
[2020-01-13T13:10:34.305+0000][1][gc,heap      ] GC(23) CMS: 62592K->65568K(176960K)
[2020-01-13T13:10:34.305+0000][1][gc,metaspace ] GC(23) Metaspace: 65327K->65327K(1110016K)
[2020-01-13T13:10:34.305+0000][1][gc           ] GC(23) Pause Young (Allocation Failure) 135M->68M(247M) 26.557ms
[2020-01-13T13:10:34.305+0000][1][gc,cpu       ] GC(23) User=0.03s Sys=0.00s Real=0.03s
[2020-01-13T13:10:34.305+0000][1][safepoint    ] Leaving safepoint region
[2020-01-13T13:10:34.305+0000][1][safepoint    ] Total time for which application threads were stopped: 0.0267635 seconds, Stopping threads took: 0.0000368 seconds
[2020-01-13T13:10:35.310+0000][1][safepoint    ] Application time: 1.0054670 seconds
[2020-01-13T13:10:35.310+0000][1][safepoint    ] Entering safepoint region: Cleanup
[2020-01-13T13:10:35.310+0000][1][safepoint    ] Leaving safepoint region
[2020-01-13T13:10:35.310+0000][1][safepoint    ] Total time for which application threads were stopped: 0.0001503 seconds, Stopping threads took: 0.0000281 seconds
[2020-01-13T13:10:36.310+0000][1][safepoint    ] Application time: 1.0001006 seconds
[2020-01-13T13:10:36.311+0000][1][safepoint    ] Entering safepoint region: Cleanup
[2020-01-13T13:10:36.311+0000][1][safepoint    ] Leaving safepoint region
[2020-01-13T13:10:36.311+0000][1][safepoint    ] Total time for which application threads were stopped: 0.0001314 seconds, Stopping threads took: 0.0000310 seconds
[2020-01-13T13:10:37.311+0000][1][safepoint    ] Application time: 1.0001608 seconds
[2020-01-13T13:10:37.311+0000][1][safepoint    ] Entering safepoint region: Cleanup
[2020-01-13T13:10:37.311+0000][1][safepoint    ] Leaving safepoint region
[2020-01-13T13:10:37.311+0000][1][safepoint    ] Total time for which application threads were stopped: 0.0001717 seconds, Stopping threads took: 0.0000383 seconds
[2020-01-13T13:10:38.311+0000][1][safepoint    ] Application time: 1.0001294 seconds
[2020-01-13T13:10:38.311+0000][1][safepoint    ] Entering safepoint region: Cleanup
[2020-01-13T13:10:38.312+0000][1][safepoint    ] Leaving safepoint region
[2020-01-13T13:10:38.312+0000][1][safepoint    ] Total time for which application threads were stopped: 0.0001691 seconds, Stopping threads took: 0.0000288 seconds
[2020-01-13T13:10:39.312+0000][1][safepoint    ] Application time: 1.0001717 seconds
[2020-01-13T13:10:39.312+0000][1][safepoint    ] Entering safepoint region: Cleanup
[2020-01-13T13:10:39.312+0000][1][safepoint    ] Leaving safepoint region
[2020-01-13T13:10:39.312+0000][1][safepoint    ] Total time for which application threads were stopped: 0.0001430 seconds, Stopping threads took: 0.0000346 seconds
[2020-01-13T13:10:40.312+0000][1][safepoint    ] Application time: 1.0001347 seconds
[2020-01-13T13:10:40.313+0000][1][safepoint    ] Entering safepoint region: Cleanup
[2020-01-13T13:10:40.313+0000][1][safepoint    ] Leaving safepoint region
[2020-01-13T13:10:40.313+0000][1][safepoint    ] Total time for which application threads were stopped: 0.0001710 seconds, Stopping threads took: 0.0000484 seconds
[2020-01-13T13:10:41.313+0000][1][safepoint    ] Application time: 1.0001250 seconds
[2020-01-13T13:10:41.313+0000][1][safepoint    ] Entering safepoint region: Cleanup
[2020-01-13T13:10:41.314+0000][1][safepoint    ] Leaving safepoint region
[2020-01-13T13:10:41.314+0000][1][safepoint    ] Total time for which application threads were stopped: 0.0001269 seconds, Stopping threads took: 0.0000276 seconds
[2020-01-13T13:10:42.314+0000][1][safepoint    ] Application time: 1.0001258 seconds
[2020-01-13T13:10:42.314+0000][1][safepoint    ] Entering safepoint region: Cleanup
[2020-01-13T13:10:42.314+0000][1][safepoint    ] Leaving safepoint region
[2020-01-13T13:10:42.314+0000][1][safepoint    ] Total time for which application threads were stopped: 0.0001416 seconds, Stopping threads took: 0.0000403 seconds
[2020-01-13T13:10:43.314+0000][1][safepoint    ] Application time: 1.0001139 seconds
[2020-01-13T13:10:43.314+0000][1][safepoint    ] Entering safepoint region: Cleanup
[2020-01-13T13:10:43.314+0000][1][safepoint    ] Leaving safepoint region
[2020-01-13T13:10:43.314+0000][1][safepoint    ] Total time for which application threads were stopped: 0.0001200 seconds, Stopping threads took: 0.0000278 seconds
[2020-01-13T13:10:44.314+0000][1][safepoint    ] Application time: 1.0000922 seconds
[2020-01-13T13:10:44.314+0000][1][safepoint    ] Entering safepoint region: Cleanup
[2020-01-13T13:10:44.314+0000][1][safepoint    ] Leaving safepoint region
[2020-01-13T13:10:44.314+0000][1][safepoint    ] Total time for which application threads were stopped: 0.0000991 seconds, Stopping threads took: 0.0000204 seconds
[2020-01-13T13:10:45.315+0000][1][safepoint    ] Application time: 1.0001651 seconds
[2020-01-13T13:10:45.316+0000][1][safepoint    ] Entering safepoint region: Cleanup
[2020-01-13T13:10:45.316+0000][1][safepoint    ] Leaving safepoint region
[2020-01-13T13:10:45.316+0000][1][safepoint    ] Total time for which application threads were stopped: 0.0001939 seconds, Stopping threads took: 0.0000615 seconds
[2020-01-13T13:10:47.316+0000][1][safepoint    ] Application time: 2.0003089 seconds
[2020-01-13T13:10:47.316+0000][1][safepoint    ] Entering safepoint region: Cleanup
[2020-01-13T13:10:47.316+0000][1][safepoint    ] Leaving safepoint region
[2020-01-13T13:10:47.316+0000][1][safepoint    ] Total time for which application threads were stopped: 0.0001255 seconds, Stopping threads took: 0.0000290 seconds
[2020-01-13T13:10:49.317+0000][1][safepoint    ] Application time: 2.0004238 seconds
[2020-01-13T13:10:49.317+0000][1][safepoint    ] Entering safepoint region: Cleanup
[2020-01-13T13:10:49.317+0000][1][safepoint    ] Leaving safepoint region
[2020-01-13T13:10:49.317+0000][1][safepoint    ] Total time for which application threads were stopped: 0.0001182 seconds, Stopping threads took: 0.0000262 seconds
[2020-01-13T13:10:50.317+0000][1][safepoint    ] Application time: 1.0001585 seconds
[2020-01-13T13:10:50.317+0000][1][safepoint    ] Entering safepoint region: Cleanup
[2020-01-13T13:10:50.317+0000][1][safepoint    ] Leaving safepoint region
[2020-01-13T13:10:50.317+0000][1][safepoint    ] Total time for which application threads were stopped: 0.0001527 seconds, Stopping threads took: 0.0000289 seconds
[2020-01-13T13:10:51.317+0000][1][safepoint    ] Application time: 1.0000667 seconds
[2020-01-13T13:10:51.317+0000][1][safepoint    ] Entering safepoint region: Cleanup
[2020-01-13T13:10:51.318+0000][1][safepoint    ] Leaving safepoint region
[2020-01-13T13:10:51.318+0000][1][safepoint    ] Total time for which application threads were stopped: 0.0001359 seconds, Stopping threads took: 0.0000286 seconds
[2020-01-13T13:10:52.318+0000][1][safepoint    ] Application time: 1.0001247 seconds
[2020-01-13T13:10:52.318+0000][1][safepoint    ] Entering safepoint region: Cleanup
[2020-01-13T13:10:52.318+0000][1][safepoint    ] Leaving safepoint region
[2020-01-13T13:10:52.318+0000][1][safepoint    ] Total time for which application threads were stopped: 0.0001561 seconds, Stopping threads took: 0.0000278 seconds
[2020-01-13T13:10:53.318+0000][1][safepoint    ] Application time: 1.0003666 seconds
[2020-01-13T13:10:53.318+0000][1][safepoint    ] Entering safepoint region: Cleanup
[2020-01-13T13:10:53.319+0000][1][safepoint    ] Leaving safepoint region
[2020-01-13T13:10:53.319+0000][1][safepoint    ] Total time for which application threads were stopped: 0.0001577 seconds, Stopping threads took: 0.0000342 seconds
[2020-01-13T13:10:54.319+0000][1][safepoint    ] Application time: 1.0001379 seconds
[2020-01-13T13:10:54.319+0000][1][safepoint    ] Entering safepoint region: Cleanup
[2020-01-13T13:10:54.319+0000][1][safepoint    ] Leaving safepoint region
[2020-01-13T13:10:54.319+0000][1][safepoint    ] Total time for which application threads were stopped: 0.0001703 seconds, Stopping threads took: 0.0000324 seconds
[2020-01-13T13:10:55.319+0000][1][safepoint    ] Application time: 1.0000914 seconds
[2020-01-13T13:10:55.319+0000][1][safepoint    ] Entering safepoint region: Cleanup
[2020-01-13T13:10:55.319+0000][1][safepoint    ] Leaving safepoint region
[2020-01-13T13:10:55.319+0000][1][safepoint    ] Total time for which application threads were stopped: 0.0001141 seconds, Stopping threads took: 0.0000254 seconds
[2020-01-13T13:10:56.319+0000][1][safepoint    ] Application time: 1.0000956 seconds
[2020-01-13T13:10:56.319+0000][1][safepoint    ] Entering safepoint region: Cleanup
[2020-01-13T13:10:56.319+0000][1][safepoint    ] Leaving safepoint region
[2020-01-13T13:10:56.320+0000][1][safepoint    ] Total time for which application threads were stopped: 0.0001266 seconds, Stopping threads took: 0.0000347 seconds
[2020-01-13T13:10:57.320+0000][1][safepoint    ] Application time: 1.0001158 seconds
[2020-01-13T13:10:57.320+0000][1][safepoint    ] Entering safepoint region: Cleanup
[2020-01-13T13:10:57.320+0000][1][safepoint    ] Leaving safepoint region
[2020-01-13T13:10:57.320+0000][1][safepoint    ] Total time for which application threads were stopped: 0.0001960 seconds, Stopping threads took: 0.0000798 seconds
[2020-01-13T13:10:58.320+0000][1][safepoint    ] Application time: 1.0001117 seconds
[2020-01-13T13:10:58.320+0000][1][safepoint    ] Entering safepoint region: Cleanup
[2020-01-13T13:10:58.320+0000][1][safepoint    ] Leaving safepoint region
[2020-01-13T13:10:58.320+0000][1][safepoint    ] Total time for which application threads were stopped: 0.0001602 seconds, Stopping threads took: 0.0000346 seconds
[2020-01-13T13:10:59.320+0000][1][safepoint    ] Application time: 1.0000992 seconds
[2020-01-13T13:10:59.321+0000][1][safepoint    ] Entering safepoint region: Cleanup
[2020-01-13T13:10:59.321+0000][1][safepoint    ] Leaving safepoint region
[2020-01-13T13:10:59.321+0000][1][safepoint    ] Total time for which application threads were stopped: 0.0001682 seconds, Stopping threads took: 0.0000548 seconds
[2020-01-13T13:11:00.322+0000][1][safepoint    ] Application time: 1.0001080 seconds
[2020-01-13T13:11:00.322+0000][1][safepoint    ] Entering safepoint region: Cleanup
[2020-01-13T13:11:00.322+0000][1][safepoint    ] Leaving safepoint region
[2020-01-13T13:11:00.322+0000][1][safepoint    ] Total time for which application threads were stopped: 0.0001305 seconds, Stopping threads took: 0.0000351 seconds
[2020-01-13T13:11:01.322+0000][1][safepoint    ] Application time: 1.0001168 seconds
[2020-01-13T13:11:01.322+0000][1][safepoint    ] Entering safepoint region: Cleanup
[2020-01-13T13:11:01.322+0000][1][safepoint    ] Leaving safepoint region
[2020-01-13T13:11:01.322+0000][1][safepoint    ] Total time for which application threads were stopped: 0.0001258 seconds, Stopping threads took: 0.0000275 seconds
[2020-01-13T13:11:02.322+0000][1][safepoint    ] Application time: 1.0001001 seconds
[2020-01-13T13:11:02.322+0000][1][safepoint    ] Entering safepoint region: Cleanup
[2020-01-13T13:11:02.322+0000][1][safepoint    ] Leaving safepoint region
[2020-01-13T13:11:02.322+0000][1][safepoint    ] Total time for which application threads were stopped: 0.0001565 seconds, Stopping threads took: 0.0000424 seconds
[2020-01-13T13:11:03.323+0000][1][safepoint    ] Application time: 1.0001429 seconds
[2020-01-13T13:11:03.323+0000][1][safepoint    ] Entering safepoint region: Cleanup
[2020-01-13T13:11:03.323+0000][1][safepoint    ] Leaving safepoint region
[2020-01-13T13:11:03.323+0000][1][safepoint    ] Total time for which application threads were stopped: 0.0001088 seconds, Stopping threads took: 0.0000265 seconds
[2020-01-13T13:11:04.323+0000][1][safepoint    ] Application time: 1.0000940 seconds
[2020-01-13T13:11:04.324+0000][1][safepoint    ] Entering safepoint region: Cleanup
[2020-01-13T13:11:04.324+0000][1][safepoint    ] Leaving safepoint region
[2020-01-13T13:11:04.324+0000][1][safepoint    ] Total time for which application threads were stopped: 0.0001314 seconds, Stopping threads took: 0.0000396 seconds
[2020-01-13T13:11:05.324+0000][1][safepoint    ] Application time: 1.0002566 seconds
[2020-01-13T13:11:05.324+0000][1][safepoint    ] Entering safepoint region: Cleanup
[2020-01-13T13:11:05.324+0000][1][safepoint    ] Leaving safepoint region
[2020-01-13T13:11:05.325+0000][1][safepoint    ] Total time for which application threads were stopped: 0.0002171 seconds, Stopping threads took: 0.0000346 seconds
[2020-01-13T13:11:06.325+0000][1][safepoint    ] Application time: 1.0001487 seconds
[2020-01-13T13:11:06.325+0000][1][safepoint    ] Entering safepoint region: Cleanup
[2020-01-13T13:11:06.325+0000][1][safepoint    ] Leaving safepoint region
[2020-01-13T13:11:06.325+0000][1][safepoint    ] Total time for which application threads were stopped: 0.0001242 seconds, Stopping threads took: 0.0000305 seconds
[2020-01-13T13:11:07.325+0000][1][safepoint    ] Application time: 1.0001626 seconds
[2020-01-13T13:11:07.325+0000][1][safepoint    ] Entering safepoint region: Cleanup
[2020-01-13T13:11:07.325+0000][1][safepoint    ] Leaving safepoint region
[2020-01-13T13:11:07.325+0000][1][safepoint    ] Total time for which application threads were stopped: 0.0001704 seconds, Stopping threads took: 0.0000361 seconds
[2020-01-13T13:11:08.326+0000][1][safepoint    ] Application time: 1.0001502 seconds
[2020-01-13T13:11:08.326+0000][1][safepoint    ] Entering safepoint region: Cleanup
[2020-01-13T13:11:08.326+0000][1][safepoint    ] Leaving safepoint region
[2020-01-13T13:11:08.326+0000][1][safepoint    ] Total time for which application threads were stopped: 0.0001320 seconds, Stopping threads took: 0.0000324 seconds
[2020-01-13T13:11:09.326+0000][1][safepoint    ] Application time: 1.0001289 seconds
[2020-01-13T13:11:09.327+0000][1][safepoint    ] Entering safepoint region: Cleanup
[2020-01-13T13:11:09.327+0000][1][safepoint    ] Leaving safepoint region
[2020-01-13T13:11:09.327+0000][1][safepoint    ] Total time for which application threads were stopped: 0.0001713 seconds, Stopping threads took: 0.0000489 seconds
[2020-01-13T13:11:11.327+0000][1][safepoint    ] Application time: 2.0002635 seconds
[2020-01-13T13:11:11.328+0000][1][safepoint    ] Entering safepoint region: Cleanup
[2020-01-13T13:11:11.328+0000][1][safepoint    ] Leaving safepoint region
[2020-01-13T13:11:11.328+0000][1][safepoint    ] Total time for which application threads were stopped: 0.0001539 seconds, Stopping threads took: 0.0000282 seconds
[2020-01-13T13:11:12.298+0000][1][safepoint    ] Application time: 0.9702670 seconds
[2020-01-13T13:11:12.298+0000][1][safepoint    ] Entering safepoint region: GenCollectForAllocation
[2020-01-13T13:11:12.298+0000][1][gc,start     ] GC(24) Pause Young (Allocation Failure)
[2020-01-13T13:11:12.298+0000][1][gc,task      ] GC(24) Using 1 workers of 1 for evacuation
[2020-01-13T13:11:12.312+0000][1][gc,age       ] GC(24) Desired survivor size 4358144 bytes, new threshold 6 (max threshold 6)
[2020-01-13T13:11:12.312+0000][1][gc,age       ] GC(24) Age table with threshold 6 (max threshold 6)
[2020-01-13T13:11:12.312+0000][1][gc,age       ] GC(24) - age   1:     624264 bytes,     624264 total
[2020-01-13T13:11:12.312+0000][1][gc,age       ] GC(24) - age   2:      90824 bytes,     715088 total
[2020-01-13T13:11:12.312+0000][1][gc,age       ] GC(24) - age   3:    2048136 bytes,    2763224 total
[2020-01-13T13:11:12.312+0000][1][gc,heap      ] GC(24) ParNew: 73223K->4563K(76672K)
[2020-01-13T13:11:12.312+0000][1][gc,heap      ] GC(24) CMS: 65568K->65568K(176960K)
[2020-01-13T13:11:12.312+0000][1][gc,metaspace ] GC(24) Metaspace: 65438K->65438K(1110016K)
[2020-01-13T13:11:12.312+0000][1][gc           ] GC(24) Pause Young (Allocation Failure) 135M->68M(247M) 14.373ms
[2020-01-13T13:11:12.313+0000][1][gc,cpu       ] GC(24) User=0.02s Sys=0.00s Real=0.02s
[2020-01-13T13:11:12.313+0000][1][safepoint    ] Leaving safepoint region
[2020-01-13T13:11:12.313+0000][1][safepoint    ] Total time for which application threads were stopped: 0.0146128 seconds, Stopping threads took: 0.0000350 seconds
[2020-01-13T13:11:13.313+0000][1][safepoint    ] Application time: 1.0007792 seconds
[2020-01-13T13:11:13.313+0000][1][safepoint    ] Entering safepoint region: Cleanup
[2020-01-13T13:11:13.314+0000][1][safepoint    ] Leaving safepoint region
[2020-01-13T13:11:13.314+0000][1][safepoint    ] Total time for which application threads were stopped: 0.0001283 seconds, Stopping threads took: 0.0000280 seconds
[2020-01-13T13:11:14.314+0000][1][safepoint    ] Application time: 1.0001029 seconds
[2020-01-13T13:11:14.314+0000][1][safepoint    ] Entering safepoint region: Cleanup
[2020-01-13T13:11:14.314+0000][1][safepoint    ] Leaving safepoint region
[2020-01-13T13:11:14.314+0000][1][safepoint    ] Total time for which application threads were stopped: 0.0003163 seconds, Stopping threads took: 0.0000271 seconds
[2020-01-13T13:11:15.314+0000][1][safepoint    ] Application time: 1.0001572 seconds
[2020-01-13T13:11:15.314+0000][1][safepoint    ] Entering safepoint region: Cleanup
[2020-01-13T13:11:15.314+0000][1][safepoint    ] Leaving safepoint region
[2020-01-13T13:11:15.314+0000][1][safepoint    ] Total time for which application threads were stopped: 0.0001308 seconds, Stopping threads took: 0.0000297 seconds
[2020-01-13T13:11:16.315+0000][1][safepoint    ] Application time: 1.0001232 seconds
[2020-01-13T13:11:16.315+0000][1][safepoint    ] Entering safepoint region: Cleanup
[2020-01-13T13:11:16.315+0000][1][safepoint    ] Leaving safepoint region
[2020-01-13T13:11:16.315+0000][1][safepoint    ] Total time for which application threads were stopped: 0.0001868 seconds, Stopping threads took: 0.0000360 seconds
[2020-01-13T13:11:23.316+0000][1][safepoint    ] Application time: 7.0008027 seconds
[2020-01-13T13:11:23.318+0000][1][safepoint    ] Entering safepoint region: Cleanup
[2020-01-13T13:11:23.318+0000][1][safepoint    ] Leaving safepoint region
[2020-01-13T13:11:23.318+0000][1][safepoint    ] Total time for which application threads were stopped: 0.0025764 seconds, Stopping threads took: 0.0024625 seconds
[2020-01-13T13:11:26.319+0000][1][safepoint    ] Application time: 3.0003899 seconds
[2020-01-13T13:11:26.319+0000][1][safepoint    ] Entering safepoint region: Cleanup
[2020-01-13T13:11:26.319+0000][1][safepoint    ] Leaving safepoint region
[2020-01-13T13:11:26.319+0000][1][safepoint    ] Total time for which application threads were stopped: 0.0001179 seconds, Stopping threads took: 0.0000283 seconds
[2020-01-13T13:11:30.319+0000][1][safepoint    ] Application time: 4.0005010 seconds
[2020-01-13T13:11:30.320+0000][1][safepoint    ] Entering safepoint region: Cleanup
[2020-01-13T13:11:30.320+0000][1][safepoint    ] Leaving safepoint region
[2020-01-13T13:11:30.320+0000][1][safepoint    ] Total time for which application threads were stopped: 0.0000944 seconds, Stopping threads took: 0.0000240 seconds
[2020-01-13T13:11:32.320+0000][1][safepoint    ] Application time: 2.0002124 seconds
[2020-01-13T13:11:32.320+0000][1][safepoint    ] Entering safepoint region: Cleanup
[2020-01-13T13:11:32.320+0000][1][safepoint    ] Leaving safepoint region
[2020-01-13T13:11:32.320+0000][1][safepoint    ] Total time for which application threads were stopped: 0.0001545 seconds, Stopping threads took: 0.0000271 seconds
[2020-01-13T13:11:33.320+0000][1][safepoint    ] Application time: 1.0001598 seconds
[2020-01-13T13:11:33.320+0000][1][safepoint    ] Entering safepoint region: Cleanup
[2020-01-13T13:11:33.320+0000][1][safepoint    ] Leaving safepoint region
[2020-01-13T13:11:33.320+0000][1][safepoint    ] Total time for which application threads were stopped: 0.0001534 seconds, Stopping threads took: 0.0000437 seconds
[2020-01-13T13:11:34.321+0000][1][safepoint    ] Application time: 1.0000872 seconds
[2020-01-13T13:11:34.321+0000][1][safepoint    ] Entering safepoint region: Cleanup
[2020-01-13T13:11:34.321+0000][1][safepoint    ] Leaving safepoint region
[2020-01-13T13:11:34.321+0000][1][safepoint    ] Total time for which application threads were stopped: 0.0001022 seconds, Stopping threads took: 0.0000242 seconds
[2020-01-13T13:11:35.321+0000][1][safepoint    ] Application time: 1.0001568 seconds
[2020-01-13T13:11:35.321+0000][1][safepoint    ] Entering safepoint region: Cleanup
[2020-01-13T13:11:35.321+0000][1][safepoint    ] Leaving safepoint region
[2020-01-13T13:11:35.321+0000][1][safepoint    ] Total time for which application threads were stopped: 0.0001414 seconds, Stopping threads took: 0.0000337 seconds
[2020-01-13T13:11:39.322+0000][1][safepoint    ] Application time: 4.0004511 seconds
[2020-01-13T13:11:39.322+0000][1][safepoint    ] Entering safepoint region: Cleanup
[2020-01-13T13:11:39.322+0000][1][safepoint    ] Leaving safepoint region
[2020-01-13T13:11:39.322+0000][1][safepoint    ] Total time for which application threads were stopped: 0.0001142 seconds, Stopping threads took: 0.0000190 seconds
[2020-01-13T13:11:40.322+0000][1][safepoint    ] Application time: 1.0000799 seconds
[2020-01-13T13:11:40.325+0000][1][safepoint    ] Entering safepoint region: Cleanup
[2020-01-13T13:11:40.325+0000][1][safepoint    ] Leaving safepoint region
[2020-01-13T13:11:40.325+0000][1][safepoint    ] Total time for which application threads were stopped: 0.0022547 seconds, Stopping threads took: 0.0021383 seconds
[2020-01-13T13:11:41.325+0000][1][safepoint    ] Application time: 1.0001122 seconds
[2020-01-13T13:11:41.325+0000][1][safepoint    ] Entering safepoint region: Cleanup
[2020-01-13T13:11:41.325+0000][1][safepoint    ] Leaving safepoint region
[2020-01-13T13:11:41.325+0000][1][safepoint    ] Total time for which application threads were stopped: 0.0001297 seconds, Stopping threads took: 0.0000183 seconds
[2020-01-13T13:11:42.326+0000][1][safepoint    ] Application time: 1.0001222 seconds
[2020-01-13T13:11:42.326+0000][1][safepoint    ] Entering safepoint region: Cleanup
[2020-01-13T13:11:42.326+0000][1][safepoint    ] Leaving safepoint region
[2020-01-13T13:11:42.326+0000][1][safepoint    ] Total time for which application threads were stopped: 0.0001085 seconds, Stopping threads took: 0.0000256 seconds
[2020-01-13T13:11:43.326+0000][1][safepoint    ] Application time: 1.0001376 seconds
[2020-01-13T13:11:43.326+0000][1][safepoint    ] Entering safepoint region: Cleanup
[2020-01-13T13:11:43.326+0000][1][safepoint    ] Leaving safepoint region
[2020-01-13T13:11:43.326+0000][1][safepoint    ] Total time for which application threads were stopped: 0.0001347 seconds, Stopping threads took: 0.0000582 seconds
[2020-01-13T13:11:44.326+0000][1][safepoint    ] Application time: 1.0001644 seconds
[2020-01-13T13:11:44.326+0000][1][safepoint    ] Entering safepoint region: Cleanup
[2020-01-13T13:11:44.326+0000][1][safepoint    ] Leaving safepoint region
[2020-01-13T13:11:44.326+0000][1][safepoint    ] Total time for which application threads were stopped: 0.0001583 seconds, Stopping threads took: 0.0000397 seconds
[2020-01-13T13:11:45.327+0000][1][safepoint    ] Application time: 1.0000853 seconds
[2020-01-13T13:11:45.328+0000][1][safepoint    ] Entering safepoint region: Cleanup
[2020-01-13T13:11:45.328+0000][1][safepoint    ] Leaving safepoint region
[2020-01-13T13:11:45.328+0000][1][safepoint    ] Total time for which application threads were stopped: 0.0001307 seconds, Stopping threads took: 0.0000532 seconds
[2020-01-13T13:11:46.328+0000][1][safepoint    ] Application time: 1.0001139 seconds
[2020-01-13T13:11:46.328+0000][1][safepoint    ] Entering safepoint region: Cleanup
[2020-01-13T13:11:46.328+0000][1][safepoint    ] Leaving safepoint region
[2020-01-13T13:11:46.328+0000][1][safepoint    ] Total time for which application threads were stopped: 0.0001388 seconds, Stopping threads took: 0.0000282 seconds
[2020-01-13T13:11:47.328+0000][1][safepoint    ] Application time: 1.0000759 seconds
[2020-01-13T13:11:47.328+0000][1][safepoint    ] Entering safepoint region: Cleanup
[2020-01-13T13:11:47.329+0000][1][safepoint    ] Leaving safepoint region
[2020-01-13T13:11:47.329+0000][1][safepoint    ] Total time for which application threads were stopped: 0.0001015 seconds, Stopping threads took: 0.0000191 seconds
[2020-01-13T13:11:48.329+0000][1][safepoint    ] Application time: 1.0001209 seconds
[2020-01-13T13:11:48.329+0000][1][safepoint    ] Entering safepoint region: Cleanup
[2020-01-13T13:11:48.329+0000][1][safepoint    ] Leaving safepoint region
[2020-01-13T13:11:48.329+0000][1][safepoint    ] Total time for which application threads were stopped: 0.0000857 seconds, Stopping threads took: 0.0000187 seconds
[2020-01-13T13:11:49.329+0000][1][safepoint    ] Application time: 1.0000820 seconds
[2020-01-13T13:11:49.332+0000][1][safepoint    ] Entering safepoint region: Cleanup
[2020-01-13T13:11:49.332+0000][1][safepoint    ] Leaving safepoint region
[2020-01-13T13:11:49.332+0000][1][safepoint    ] Total time for which application threads were stopped: 0.0026337 seconds, Stopping threads took: 0.0025359 seconds
[2020-01-13T13:11:49.335+0000][1][safepoint    ] Application time: 0.0031668 seconds
[2020-01-13T13:11:49.335+0000][1][safepoint    ] Entering safepoint region: GenCollectForAllocation
[2020-01-13T13:11:49.335+0000][1][gc,start     ] GC(25) Pause Young (Allocation Failure)
[2020-01-13T13:11:49.335+0000][1][gc,task      ] GC(25) Using 1 workers of 1 for evacuation
[2020-01-13T13:11:49.357+0000][1][gc,age       ] GC(25) Desired survivor size 4358144 bytes, new threshold 6 (max threshold 6)
[2020-01-13T13:11:49.357+0000][1][gc,age       ] GC(25) Age table with threshold 6 (max threshold 6)
[2020-01-13T13:11:49.357+0000][1][gc,age       ] GC(25) - age   1:     626560 bytes,     626560 total
[2020-01-13T13:11:49.357+0000][1][gc,age       ] GC(25) - age   2:      10784 bytes,     637344 total
[2020-01-13T13:11:49.357+0000][1][gc,age       ] GC(25) - age   3:      90824 bytes,     728168 total
[2020-01-13T13:11:49.357+0000][1][gc,age       ] GC(25) - age   4:    2048056 bytes,    2776224 total
[2020-01-13T13:11:49.357+0000][1][gc,heap      ] GC(25) ParNew: 72720K->3164K(76672K)
[2020-01-13T13:11:49.357+0000][1][gc,heap      ] GC(25) CMS: 65568K->65568K(176960K)
[2020-01-13T13:11:49.357+0000][1][gc,metaspace ] GC(25) Metaspace: 65592K->65592K(1110016K)
[2020-01-13T13:11:49.357+0000][1][gc           ] GC(25) Pause Young (Allocation Failure) 135M->67M(247M) 22.173ms
[2020-01-13T13:11:49.357+0000][1][gc,cpu       ] GC(25) User=0.02s Sys=0.00s Real=0.02s
[2020-01-13T13:11:49.357+0000][1][safepoint    ] Leaving safepoint region
[2020-01-13T13:11:49.357+0000][1][safepoint    ] Total time for which application threads were stopped: 0.0224132 seconds, Stopping threads took: 0.0000217 seconds
[2020-01-13T13:11:50.359+0000][1][safepoint    ] Application time: 1.0020571 seconds
[2020-01-13T13:11:50.359+0000][1][safepoint    ] Entering safepoint region: Cleanup
[2020-01-13T13:11:50.360+0000][1][safepoint    ] Leaving safepoint region
[2020-01-13T13:11:50.360+0000][1][safepoint    ] Total time for which application threads were stopped: 0.0001137 seconds, Stopping threads took: 0.0000277 seconds
[2020-01-13T13:11:51.360+0000][1][safepoint    ] Application time: 1.0001294 seconds
[2020-01-13T13:11:51.360+0000][1][safepoint    ] Entering safepoint region: Cleanup
[2020-01-13T13:11:51.360+0000][1][safepoint    ] Leaving safepoint region
[2020-01-13T13:11:51.360+0000][1][safepoint    ] Total time for which application threads were stopped: 0.0001339 seconds, Stopping threads took: 0.0000356 seconds
[2020-01-13T13:11:52.360+0000][1][safepoint    ] Application time: 1.0001396 seconds
[2020-01-13T13:11:52.360+0000][1][safepoint    ] Entering safepoint region: Cleanup
[2020-01-13T13:11:52.360+0000][1][safepoint    ] Leaving safepoint region
[2020-01-13T13:11:52.360+0000][1][safepoint    ] Total time for which application threads were stopped: 0.0001316 seconds, Stopping threads took: 0.0000365 seconds
[2020-01-13T13:11:53.360+0000][1][safepoint    ] Application time: 1.0001320 seconds
[2020-01-13T13:11:53.361+0000][1][safepoint    ] Entering safepoint region: Cleanup
[2020-01-13T13:11:53.361+0000][1][safepoint    ] Leaving safepoint region
[2020-01-13T13:11:53.361+0000][1][safepoint    ] Total time for which application threads were stopped: 0.0001342 seconds, Stopping threads took: 0.0000361 seconds
[2020-01-13T13:11:54.361+0000][1][safepoint    ] Application time: 1.0001452 seconds
[2020-01-13T13:11:54.361+0000][1][safepoint    ] Entering safepoint region: Cleanup
[2020-01-13T13:11:54.361+0000][1][safepoint    ] Leaving safepoint region
[2020-01-13T13:11:54.361+0000][1][safepoint    ] Total time for which application threads were stopped: 0.0001244 seconds, Stopping threads took: 0.0000288 seconds
[2020-01-13T13:11:55.362+0000][1][safepoint    ] Application time: 1.0006436 seconds
[2020-01-13T13:11:55.362+0000][1][safepoint    ] Entering safepoint region: Cleanup
[2020-01-13T13:11:55.362+0000][1][safepoint    ] Leaving safepoint region
[2020-01-13T13:11:55.362+0000][1][safepoint    ] Total time for which application threads were stopped: 0.0002602 seconds, Stopping threads took: 0.0001372 seconds
[2020-01-13T13:11:56.362+0000][1][safepoint    ] Application time: 1.0001380 seconds
[2020-01-13T13:11:56.362+0000][1][safepoint    ] Entering safepoint region: Cleanup
[2020-01-13T13:11:56.362+0000][1][safepoint    ] Leaving safepoint region
[2020-01-13T13:11:56.362+0000][1][safepoint    ] Total time for which application threads were stopped: 0.0002329 seconds, Stopping threads took: 0.0000840 seconds
[2020-01-13T13:11:57.363+0000][1][safepoint    ] Application time: 1.0001324 seconds
[2020-01-13T13:11:57.363+0000][1][safepoint    ] Entering safepoint region: Cleanup
[2020-01-13T13:11:57.363+0000][1][safepoint    ] Leaving safepoint region
[2020-01-13T13:11:57.363+0000][1][safepoint    ] Total time for which application threads were stopped: 0.0001403 seconds, Stopping threads took: 0.0000337 seconds
[2020-01-13T13:11:58.363+0000][1][safepoint    ] Application time: 1.0000916 seconds
[2020-01-13T13:11:58.363+0000][1][safepoint    ] Entering safepoint region: Cleanup
[2020-01-13T13:11:58.363+0000][1][safepoint    ] Leaving safepoint region
[2020-01-13T13:11:58.363+0000][1][safepoint    ] Total time for which application threads were stopped: 0.0001078 seconds, Stopping threads took: 0.0000236 seconds
[2020-01-13T13:11:59.363+0000][1][safepoint    ] Application time: 1.0001903 seconds
[2020-01-13T13:11:59.364+0000][1][safepoint    ] Entering safepoint region: Cleanup
[2020-01-13T13:11:59.364+0000][1][safepoint    ] Leaving safepoint region
[2020-01-13T13:11:59.364+0000][1][safepoint    ] Total time for which application threads were stopped: 0.0001691 seconds, Stopping threads took: 0.0000461 seconds
[2020-01-13T13:12:02.365+0000][1][safepoint    ] Application time: 3.0004051 seconds
[2020-01-13T13:12:02.365+0000][1][safepoint    ] Entering safepoint region: Cleanup
[2020-01-13T13:12:02.365+0000][1][safepoint    ] Leaving safepoint region
[2020-01-13T13:12:02.365+0000][1][safepoint    ] Total time for which application threads were stopped: 0.0001346 seconds, Stopping threads took: 0.0000280 seconds
[2020-01-13T13:12:03.365+0000][1][safepoint    ] Application time: 1.0001577 seconds
[2020-01-13T13:12:03.365+0000][1][safepoint    ] Entering safepoint region: Cleanup
[2020-01-13T13:12:03.365+0000][1][safepoint    ] Leaving safepoint region
[2020-01-13T13:12:03.365+0000][1][safepoint    ] Total time for which application threads were stopped: 0.0001647 seconds, Stopping threads took: 0.0000689 seconds
[2020-01-13T13:12:13.367+0000][1][safepoint    ] Application time: 10.0013831 seconds
[2020-01-13T13:12:13.367+0000][1][safepoint    ] Entering safepoint region: Cleanup
[2020-01-13T13:12:13.367+0000][1][safepoint    ] Leaving safepoint region
[2020-01-13T13:12:13.367+0000][1][safepoint    ] Total time for which application threads were stopped: 0.0001403 seconds, Stopping threads took: 0.0000329 seconds
[2020-01-13T13:12:15.367+0000][1][safepoint    ] Application time: 2.0003081 seconds
[2020-01-13T13:12:15.367+0000][1][safepoint    ] Entering safepoint region: Cleanup
[2020-01-13T13:12:15.368+0000][1][safepoint    ] Leaving safepoint region
[2020-01-13T13:12:15.368+0000][1][safepoint    ] Total time for which application threads were stopped: 0.0001124 seconds, Stopping threads took: 0.0000279 seconds
[2020-01-13T13:12:17.368+0000][1][safepoint    ] Application time: 2.0001883 seconds
[2020-01-13T13:12:17.368+0000][1][safepoint    ] Entering safepoint region: Cleanup
[2020-01-13T13:12:17.368+0000][1][safepoint    ] Leaving safepoint region
[2020-01-13T13:12:17.368+0000][1][safepoint    ] Total time for which application threads were stopped: 0.0002110 seconds, Stopping threads took: 0.0000325 seconds
[2020-01-13T13:12:18.368+0000][1][safepoint    ] Application time: 1.0001497 seconds
[2020-01-13T13:12:18.368+0000][1][safepoint    ] Entering safepoint region: Cleanup
[2020-01-13T13:12:18.368+0000][1][safepoint    ] Leaving safepoint region
[2020-01-13T13:12:18.368+0000][1][safepoint    ] Total time for which application threads were stopped: 0.0001546 seconds, Stopping threads took: 0.0000476 seconds
[2020-01-13T13:12:21.369+0000][1][safepoint    ] Application time: 3.0004355 seconds
[2020-01-13T13:12:21.369+0000][1][safepoint    ] Entering safepoint region: Cleanup
[2020-01-13T13:12:21.369+0000][1][safepoint    ] Leaving safepoint region
[2020-01-13T13:12:21.369+0000][1][safepoint    ] Total time for which application threads were stopped: 0.0001469 seconds, Stopping threads took: 0.0000333 seconds
[2020-01-13T13:12:22.369+0000][1][safepoint    ] Application time: 1.0001471 seconds
[2020-01-13T13:12:22.369+0000][1][safepoint    ] Entering safepoint region: Cleanup
[2020-01-13T13:12:22.370+0000][1][safepoint    ] Leaving safepoint region
[2020-01-13T13:12:22.370+0000][1][safepoint    ] Total time for which application threads were stopped: 0.0001475 seconds, Stopping threads took: 0.0000407 seconds
[2020-01-13T13:12:24.370+0000][1][safepoint    ] Application time: 2.0002808 seconds
[2020-01-13T13:12:24.370+0000][1][safepoint    ] Entering safepoint region: Cleanup
[2020-01-13T13:12:24.370+0000][1][safepoint    ] Leaving safepoint region
[2020-01-13T13:12:24.370+0000][1][safepoint    ] Total time for which application threads were stopped: 0.0001984 seconds, Stopping threads took: 0.0000608 seconds
[2020-01-13T13:12:26.370+0000][1][safepoint    ] Application time: 2.0002485 seconds
[2020-01-13T13:12:26.370+0000][1][safepoint    ] Entering safepoint region: Cleanup
[2020-01-13T13:12:26.371+0000][1][safepoint    ] Leaving safepoint region
[2020-01-13T13:12:26.371+0000][1][safepoint    ] Total time for which application threads were stopped: 0.0001668 seconds, Stopping threads took: 0.0000634 seconds
[2020-01-13T13:12:27.371+0000][1][safepoint    ] Application time: 1.0001411 seconds
[2020-01-13T13:12:27.371+0000][1][safepoint    ] Entering safepoint region: Cleanup
[2020-01-13T13:12:27.371+0000][1][safepoint    ] Leaving safepoint region
[2020-01-13T13:12:27.371+0000][1][safepoint    ] Total time for which application threads were stopped: 0.0001233 seconds, Stopping threads took: 0.0000329 seconds
[2020-01-13T13:12:27.930+0000][1][safepoint    ] Application time: 0.5588829 seconds
[2020-01-13T13:12:27.930+0000][1][safepoint    ] Entering safepoint region: GenCollectForAllocation
[2020-01-13T13:12:27.930+0000][1][gc,start     ] GC(26) Pause Young (Allocation Failure)
[2020-01-13T13:12:27.930+0000][1][gc,task      ] GC(26) Using 1 workers of 1 for evacuation
[2020-01-13T13:12:27.947+0000][1][gc,age       ] GC(26) Desired survivor size 4358144 bytes, new threshold 6 (max threshold 6)
[2020-01-13T13:12:27.947+0000][1][gc,age       ] GC(26) Age table with threshold 6 (max threshold 6)
[2020-01-13T13:12:27.947+0000][1][gc,age       ] GC(26) - age   1:     598136 bytes,     598136 total
[2020-01-13T13:12:27.947+0000][1][gc,age       ] GC(26) - age   2:      20224 bytes,     618360 total
[2020-01-13T13:12:27.947+0000][1][gc,age       ] GC(26) - age   3:      10784 bytes,     629144 total
[2020-01-13T13:12:27.947+0000][1][gc,age       ] GC(26) - age   4:      90824 bytes,     719968 total
[2020-01-13T13:12:27.947+0000][1][gc,age       ] GC(26) - age   5:    2048056 bytes,    2768024 total
[2020-01-13T13:12:27.947+0000][1][gc,heap      ] GC(26) ParNew: 71324K->4857K(76672K)
[2020-01-13T13:12:27.947+0000][1][gc,heap      ] GC(26) CMS: 65568K->65568K(176960K)
[2020-01-13T13:12:27.947+0000][1][gc,metaspace ] GC(26) Metaspace: 65696K->65696K(1110016K)
[2020-01-13T13:12:27.948+0000][1][gc           ] GC(26) Pause Young (Allocation Failure) 133M->68M(247M) 17.487ms
[2020-01-13T13:12:27.948+0000][1][gc,cpu       ] GC(26) User=0.01s Sys=0.00s Real=0.01s
[2020-01-13T13:12:27.948+0000][1][safepoint    ] Leaving safepoint region
[2020-01-13T13:12:27.948+0000][1][safepoint    ] Total time for which application threads were stopped: 0.0176829 seconds, Stopping threads took: 0.0000198 seconds
[2020-01-13T13:12:28.950+0000][1][safepoint    ] Application time: 1.0022890 seconds
[2020-01-13T13:12:28.950+0000][1][safepoint    ] Entering safepoint region: Cleanup
[2020-01-13T13:12:28.950+0000][1][safepoint    ] Leaving safepoint region
[2020-01-13T13:12:28.950+0000][1][safepoint    ] Total time for which application threads were stopped: 0.0001286 seconds, Stopping threads took: 0.0000283 seconds
[2020-01-13T13:12:29.950+0000][1][safepoint    ] Application time: 1.0001060 seconds
[2020-01-13T13:12:29.950+0000][1][safepoint    ] Entering safepoint region: Cleanup
[2020-01-13T13:12:29.950+0000][1][safepoint    ] Leaving safepoint region
[2020-01-13T13:12:29.950+0000][1][safepoint    ] Total time for which application threads were stopped: 0.0001999 seconds, Stopping threads took: 0.0000355 seconds
[2020-01-13T13:12:30.951+0000][1][safepoint    ] Application time: 1.0002639 seconds
[2020-01-13T13:12:30.951+0000][1][safepoint    ] Entering safepoint region: Cleanup
[2020-01-13T13:12:30.951+0000][1][safepoint    ] Leaving safepoint region
[2020-01-13T13:12:30.951+0000][1][safepoint    ] Total time for which application threads were stopped: 0.0001413 seconds, Stopping threads took: 0.0000300 seconds
[2020-01-13T13:12:31.951+0000][1][safepoint    ] Application time: 1.0001193 seconds
[2020-01-13T13:12:31.951+0000][1][safepoint    ] Entering safepoint region: Cleanup
[2020-01-13T13:12:31.951+0000][1][safepoint    ] Leaving safepoint region
[2020-01-13T13:12:31.951+0000][1][safepoint    ] Total time for which application threads were stopped: 0.0002058 seconds, Stopping threads took: 0.0000418 seconds
[2020-01-13T13:12:35.952+0000][1][safepoint    ] Application time: 4.0004692 seconds
[2020-01-13T13:12:35.952+0000][1][safepoint    ] Entering safepoint region: Cleanup
[2020-01-13T13:12:35.952+0000][1][safepoint    ] Leaving safepoint region
[2020-01-13T13:12:35.952+0000][1][safepoint    ] Total time for which application threads were stopped: 0.0001474 seconds, Stopping threads took: 0.0000352 seconds
[2020-01-13T13:12:36.952+0000][1][safepoint    ] Application time: 1.0001608 seconds
[2020-01-13T13:12:36.952+0000][1][safepoint    ] Entering safepoint region: Cleanup
[2020-01-13T13:12:36.952+0000][1][safepoint    ] Leaving safepoint region
[2020-01-13T13:12:36.952+0000][1][safepoint    ] Total time for which application threads were stopped: 0.0001289 seconds, Stopping threads took: 0.0000360 seconds
[2020-01-13T13:12:37.953+0000][1][safepoint    ] Application time: 1.0001495 seconds
[2020-01-13T13:12:37.953+0000][1][safepoint    ] Entering safepoint region: Cleanup
[2020-01-13T13:12:37.953+0000][1][safepoint    ] Leaving safepoint region
[2020-01-13T13:12:37.953+0000][1][safepoint    ] Total time for which application threads were stopped: 0.0001145 seconds, Stopping threads took: 0.0000290 seconds
[2020-01-13T13:12:38.953+0000][1][safepoint    ] Application time: 1.0001491 seconds
[2020-01-13T13:12:38.953+0000][1][safepoint    ] Entering safepoint region: Cleanup
[2020-01-13T13:12:38.953+0000][1][safepoint    ] Leaving safepoint region
[2020-01-13T13:12:38.953+0000][1][safepoint    ] Total time for which application threads were stopped: 0.0001612 seconds, Stopping threads took: 0.0000319 seconds
[2020-01-13T13:12:39.954+0000][1][safepoint    ] Application time: 1.0004010 seconds
[2020-01-13T13:12:39.954+0000][1][safepoint    ] Entering safepoint region: Cleanup
[2020-01-13T13:12:39.954+0000][1][safepoint    ] Leaving safepoint region
[2020-01-13T13:12:39.954+0000][1][safepoint    ] Total time for which application threads were stopped: 0.0001679 seconds, Stopping threads took: 0.0000416 seconds
[2020-01-13T13:12:40.954+0000][1][safepoint    ] Application time: 1.0001681 seconds
[2020-01-13T13:12:40.954+0000][1][safepoint    ] Entering safepoint region: Cleanup
[2020-01-13T13:12:40.954+0000][1][safepoint    ] Leaving safepoint region
[2020-01-13T13:12:40.954+0000][1][safepoint    ] Total time for which application threads were stopped: 0.0001477 seconds, Stopping threads took: 0.0000282 seconds
[2020-01-13T13:12:41.954+0000][1][safepoint    ] Application time: 1.0001637 seconds
[2020-01-13T13:12:41.955+0000][1][safepoint    ] Entering safepoint region: Cleanup
[2020-01-13T13:12:41.955+0000][1][safepoint    ] Leaving safepoint region
[2020-01-13T13:12:41.955+0000][1][safepoint    ] Total time for which application threads were stopped: 0.0001329 seconds, Stopping threads took: 0.0000395 seconds
[2020-01-13T13:12:42.955+0000][1][safepoint    ] Application time: 1.0001602 seconds
[2020-01-13T13:12:42.955+0000][1][safepoint    ] Entering safepoint region: Cleanup
[2020-01-13T13:12:42.955+0000][1][safepoint    ] Leaving safepoint region
[2020-01-13T13:12:42.955+0000][1][safepoint    ] Total time for which application threads were stopped: 0.0001232 seconds, Stopping threads took: 0.0000285 seconds
[2020-01-13T13:12:43.955+0000][1][safepoint    ] Application time: 1.0001506 seconds
[2020-01-13T13:12:43.955+0000][1][safepoint    ] Entering safepoint region: Cleanup
[2020-01-13T13:12:43.955+0000][1][safepoint    ] Leaving safepoint region
[2020-01-13T13:12:43.955+0000][1][safepoint    ] Total time for which application threads were stopped: 0.0001294 seconds, Stopping threads took: 0.0000273 seconds
[2020-01-13T13:12:44.956+0000][1][safepoint    ] Application time: 1.0001598 seconds
[2020-01-13T13:12:44.956+0000][1][safepoint    ] Entering safepoint region: Cleanup
[2020-01-13T13:12:44.956+0000][1][safepoint    ] Leaving safepoint region
[2020-01-13T13:12:44.956+0000][1][safepoint    ] Total time for which application threads were stopped: 0.0001277 seconds, Stopping threads took: 0.0000284 seconds
[2020-01-13T13:12:45.956+0000][1][safepoint    ] Application time: 1.0001147 seconds
[2020-01-13T13:12:45.957+0000][1][safepoint    ] Entering safepoint region: Cleanup
[2020-01-13T13:12:45.957+0000][1][safepoint    ] Leaving safepoint region
[2020-01-13T13:12:45.957+0000][1][safepoint    ] Total time for which application threads were stopped: 0.0002005 seconds, Stopping threads took: 0.0000726 seconds
[2020-01-13T13:12:46.957+0000][1][safepoint    ] Application time: 1.0001563 seconds
[2020-01-13T13:12:46.957+0000][1][safepoint    ] Entering safepoint region: Cleanup
[2020-01-13T13:12:46.957+0000][1][safepoint    ] Leaving safepoint region
[2020-01-13T13:12:46.957+0000][1][safepoint    ] Total time for which application threads were stopped: 0.0001526 seconds, Stopping threads took: 0.0000310 seconds
[2020-01-13T13:12:47.958+0000][1][safepoint    ] Application time: 1.0001131 seconds
[2020-01-13T13:12:47.958+0000][1][safepoint    ] Entering safepoint region: Cleanup
[2020-01-13T13:12:47.958+0000][1][safepoint    ] Leaving safepoint region
[2020-01-13T13:12:47.958+0000][1][safepoint    ] Total time for which application threads were stopped: 0.0001270 seconds, Stopping threads took: 0.0000260 seconds
[2020-01-13T13:12:48.958+0000][1][safepoint    ] Application time: 1.0001579 seconds
[2020-01-13T13:12:48.958+0000][1][safepoint    ] Entering safepoint region: Cleanup
[2020-01-13T13:12:48.958+0000][1][safepoint    ] Leaving safepoint region
[2020-01-13T13:12:48.958+0000][1][safepoint    ] Total time for which application threads were stopped: 0.0001755 seconds, Stopping threads took: 0.0000286 seconds
[2020-01-13T13:12:49.958+0000][1][safepoint    ] Application time: 1.0001607 seconds
[2020-01-13T13:12:49.958+0000][1][safepoint    ] Entering safepoint region: Cleanup
[2020-01-13T13:12:49.959+0000][1][safepoint    ] Leaving safepoint region
[2020-01-13T13:12:49.959+0000][1][safepoint    ] Total time for which application threads were stopped: 0.0001450 seconds, Stopping threads took: 0.0000360 seconds
[2020-01-13T13:12:50.959+0000][1][safepoint    ] Application time: 1.0001487 seconds
[2020-01-13T13:12:50.959+0000][1][safepoint    ] Entering safepoint region: Cleanup
[2020-01-13T13:12:50.959+0000][1][safepoint    ] Leaving safepoint region
[2020-01-13T13:12:50.959+0000][1][safepoint    ] Total time for which application threads were stopped: 0.0001728 seconds, Stopping threads took: 0.0000327 seconds
[2020-01-13T13:12:51.959+0000][1][safepoint    ] Application time: 1.0001457 seconds
[2020-01-13T13:12:51.959+0000][1][safepoint    ] Entering safepoint region: Cleanup
[2020-01-13T13:12:51.959+0000][1][safepoint    ] Leaving safepoint region
[2020-01-13T13:12:51.959+0000][1][safepoint    ] Total time for which application threads were stopped: 0.0001187 seconds, Stopping threads took: 0.0000336 seconds
[2020-01-13T13:12:52.959+0000][1][safepoint    ] Application time: 1.0001544 seconds
[2020-01-13T13:12:52.960+0000][1][safepoint    ] Entering safepoint region: Cleanup
[2020-01-13T13:12:52.960+0000][1][safepoint    ] Leaving safepoint region
[2020-01-13T13:12:52.960+0000][1][safepoint    ] Total time for which application threads were stopped: 0.0001406 seconds, Stopping threads took: 0.0000390 seconds
[2020-01-13T13:12:53.960+0000][1][safepoint    ] Application time: 1.0001748 seconds
[2020-01-13T13:12:53.961+0000][1][safepoint    ] Entering safepoint region: Cleanup
[2020-01-13T13:12:53.961+0000][1][safepoint    ] Leaving safepoint region
[2020-01-13T13:12:53.961+0000][1][safepoint    ] Total time for which application threads were stopped: 0.0001415 seconds, Stopping threads took: 0.0000514 seconds
[2020-01-13T13:12:55.961+0000][1][safepoint    ] Application time: 2.0003183 seconds
[2020-01-13T13:12:55.961+0000][1][safepoint    ] Entering safepoint region: Cleanup
[2020-01-13T13:12:55.962+0000][1][safepoint    ] Leaving safepoint region
[2020-01-13T13:12:55.962+0000][1][safepoint    ] Total time for which application threads were stopped: 0.0001482 seconds, Stopping threads took: 0.0000367 seconds
[2020-01-13T13:12:59.962+0000][1][safepoint    ] Application time: 4.0005264 seconds
[2020-01-13T13:12:59.962+0000][1][safepoint    ] Entering safepoint region: Cleanup
[2020-01-13T13:12:59.962+0000][1][safepoint    ] Leaving safepoint region
[2020-01-13T13:12:59.962+0000][1][safepoint    ] Total time for which application threads were stopped: 0.0001150 seconds, Stopping threads took: 0.0000314 seconds
[2020-01-13T13:13:00.962+0000][1][safepoint    ] Application time: 1.0001100 seconds
[2020-01-13T13:13:00.963+0000][1][safepoint    ] Entering safepoint region: Cleanup
[2020-01-13T13:13:00.963+0000][1][safepoint    ] Leaving safepoint region
[2020-01-13T13:13:00.963+0000][1][safepoint    ] Total time for which application threads were stopped: 0.0001583 seconds, Stopping threads took: 0.0000345 seconds
[2020-01-13T13:13:01.963+0000][1][safepoint    ] Application time: 1.0001184 seconds
[2020-01-13T13:13:01.963+0000][1][safepoint    ] Entering safepoint region: Cleanup
[2020-01-13T13:13:01.963+0000][1][safepoint    ] Leaving safepoint region
[2020-01-13T13:13:01.963+0000][1][safepoint    ] Total time for which application threads were stopped: 0.0001185 seconds, Stopping threads took: 0.0000277 seconds
[2020-01-13T13:13:02.963+0000][1][safepoint    ] Application time: 1.0001072 seconds
[2020-01-13T13:13:02.963+0000][1][safepoint    ] Entering safepoint region: Cleanup
[2020-01-13T13:13:02.963+0000][1][safepoint    ] Leaving safepoint region
[2020-01-13T13:13:02.963+0000][1][safepoint    ] Total time for which application threads were stopped: 0.0001456 seconds, Stopping threads took: 0.0000339 seconds
[2020-01-13T13:13:03.963+0000][1][safepoint    ] Application time: 1.0001175 seconds
[2020-01-13T13:13:03.964+0000][1][safepoint    ] Entering safepoint region: Cleanup
[2020-01-13T13:13:03.964+0000][1][safepoint    ] Leaving safepoint region
[2020-01-13T13:13:03.964+0000][1][safepoint    ] Total time for which application threads were stopped: 0.0001273 seconds, Stopping threads took: 0.0000340 seconds
[2020-01-13T13:13:04.964+0000][1][safepoint    ] Application time: 1.0001605 seconds
[2020-01-13T13:13:04.964+0000][1][safepoint    ] Entering safepoint region: Cleanup
[2020-01-13T13:13:04.964+0000][1][safepoint    ] Leaving safepoint region
[2020-01-13T13:13:04.964+0000][1][safepoint    ] Total time for which application threads were stopped: 0.0001366 seconds, Stopping threads took: 0.0000461 seconds
[2020-01-13T13:13:05.365+0000][1][safepoint    ] Application time: 0.4005198 seconds
[2020-01-13T13:13:05.365+0000][1][safepoint    ] Entering safepoint region: GenCollectForAllocation
[2020-01-13T13:13:05.365+0000][1][gc,start     ] GC(27) Pause Young (Allocation Failure)
[2020-01-13T13:13:05.365+0000][1][gc,task      ] GC(27) Using 1 workers of 1 for evacuation
[2020-01-13T13:13:05.380+0000][1][gc,age       ] GC(27) Desired survivor size 4358144 bytes, new threshold 6 (max threshold 6)
[2020-01-13T13:13:05.380+0000][1][gc,age       ] GC(27) Age table with threshold 6 (max threshold 6)
[2020-01-13T13:13:05.380+0000][1][gc,age       ] GC(27) - age   1:     622904 bytes,     622904 total
[2020-01-13T13:13:05.380+0000][1][gc,age       ] GC(27) - age   2:       4832 bytes,     627736 total
[2020-01-13T13:13:05.380+0000][1][gc,age       ] GC(27) - age   3:      19936 bytes,     647672 total
[2020-01-13T13:13:05.380+0000][1][gc,age       ] GC(27) - age   4:      10784 bytes,     658456 total
[2020-01-13T13:13:05.380+0000][1][gc,age       ] GC(27) - age   5:      90824 bytes,     749280 total
[2020-01-13T13:13:05.380+0000][1][gc,age       ] GC(27) - age   6:    1915104 bytes,    2664384 total
[2020-01-13T13:13:05.380+0000][1][gc,heap      ] GC(27) ParNew: 73017K->3241K(76672K)
[2020-01-13T13:13:05.380+0000][1][gc,heap      ] GC(27) CMS: 65568K->65568K(176960K)
[2020-01-13T13:13:05.380+0000][1][gc,metaspace ] GC(27) Metaspace: 65770K->65770K(1110016K)
[2020-01-13T13:13:05.380+0000][1][gc           ] GC(27) Pause Young (Allocation Failure) 135M->67M(247M) 15.473ms
[2020-01-13T13:13:05.380+0000][1][gc,cpu       ] GC(27) User=0.01s Sys=0.00s Real=0.02s
[2020-01-13T13:13:05.380+0000][1][safepoint    ] Leaving safepoint region
[2020-01-13T13:13:05.380+0000][1][safepoint    ] Total time for which application threads were stopped: 0.0157139 seconds, Stopping threads took: 0.0000291 seconds
[2020-01-13T13:13:06.388+0000][1][safepoint    ] Application time: 1.0071974 seconds
[2020-01-13T13:13:06.388+0000][1][safepoint    ] Entering safepoint region: Cleanup
[2020-01-13T13:13:06.388+0000][1][safepoint    ] Leaving safepoint region
[2020-01-13T13:13:06.388+0000][1][safepoint    ] Total time for which application threads were stopped: 0.0001070 seconds, Stopping threads took: 0.0000285 seconds
[2020-01-13T13:13:07.388+0000][1][safepoint    ] Application time: 1.0000929 seconds
[2020-01-13T13:13:07.388+0000][1][safepoint    ] Entering safepoint region: Cleanup
[2020-01-13T13:13:07.388+0000][1][safepoint    ] Leaving safepoint region
[2020-01-13T13:13:07.388+0000][1][safepoint    ] Total time for which application threads were stopped: 0.0001182 seconds, Stopping threads took: 0.0000319 seconds
[2020-01-13T13:13:08.388+0000][1][safepoint    ] Application time: 1.0001646 seconds
[2020-01-13T13:13:08.388+0000][1][safepoint    ] Entering safepoint region: Cleanup
[2020-01-13T13:13:08.388+0000][1][safepoint    ] Leaving safepoint region
[2020-01-13T13:13:08.388+0000][1][safepoint    ] Total time for which application threads were stopped: 0.0001324 seconds, Stopping threads took: 0.0000287 seconds
[2020-01-13T13:13:09.389+0000][1][safepoint    ] Application time: 1.0001307 seconds
[2020-01-13T13:13:09.389+0000][1][safepoint    ] Entering safepoint region: Cleanup
[2020-01-13T13:13:09.389+0000][1][safepoint    ] Leaving safepoint region
[2020-01-13T13:13:09.389+0000][1][safepoint    ] Total time for which application threads were stopped: 0.0001117 seconds, Stopping threads took: 0.0000363 seconds
[2020-01-13T13:13:10.389+0000][1][safepoint    ] Application time: 1.0000841 seconds
[2020-01-13T13:13:10.389+0000][1][safepoint    ] Entering safepoint region: Cleanup
[2020-01-13T13:13:10.389+0000][1][safepoint    ] Leaving safepoint region
[2020-01-13T13:13:10.389+0000][1][safepoint    ] Total time for which application threads were stopped: 0.0000921 seconds, Stopping threads took: 0.0000227 seconds
[2020-01-13T13:13:11.389+0000][1][safepoint    ] Application time: 1.0002438 seconds
[2020-01-13T13:13:11.389+0000][1][safepoint    ] Entering safepoint region: Cleanup
[2020-01-13T13:13:11.389+0000][1][safepoint    ] Leaving safepoint region
[2020-01-13T13:13:11.389+0000][1][safepoint    ] Total time for which application threads were stopped: 0.0001662 seconds, Stopping threads took: 0.0000301 seconds
[2020-01-13T13:13:12.390+0000][1][safepoint    ] Application time: 1.0001487 seconds
[2020-01-13T13:13:12.390+0000][1][safepoint    ] Entering safepoint region: Cleanup
[2020-01-13T13:13:12.390+0000][1][safepoint    ] Leaving safepoint region
[2020-01-13T13:13:12.390+0000][1][safepoint    ] Total time for which application threads were stopped: 0.0001227 seconds, Stopping threads took: 0.0000354 seconds
[2020-01-13T13:13:13.390+0000][1][safepoint    ] Application time: 1.0001572 seconds
[2020-01-13T13:13:13.390+0000][1][safepoint    ] Entering safepoint region: Cleanup
[2020-01-13T13:13:13.390+0000][1][safepoint    ] Leaving safepoint region
[2020-01-13T13:13:13.390+0000][1][safepoint    ] Total time for which application threads were stopped: 0.0001416 seconds, Stopping threads took: 0.0000451 seconds
[2020-01-13T13:13:14.390+0000][1][safepoint    ] Application time: 1.0002903 seconds
[2020-01-13T13:13:14.391+0000][1][safepoint    ] Entering safepoint region: Cleanup
[2020-01-13T13:13:14.391+0000][1][safepoint    ] Leaving safepoint region
[2020-01-13T13:13:14.391+0000][1][safepoint    ] Total time for which application threads were stopped: 0.0001339 seconds, Stopping threads took: 0.0000459 seconds
[2020-01-13T13:13:15.391+0000][1][safepoint    ] Application time: 1.0001001 seconds
[2020-01-13T13:13:15.392+0000][1][safepoint    ] Entering safepoint region: Cleanup
[2020-01-13T13:13:15.392+0000][1][safepoint    ] Leaving safepoint region
[2020-01-13T13:13:15.392+0000][1][safepoint    ] Total time for which application threads were stopped: 0.0001317 seconds, Stopping threads took: 0.0000463 seconds
[2020-01-13T13:13:16.392+0000][1][safepoint    ] Application time: 1.0001561 seconds
[2020-01-13T13:13:16.392+0000][1][safepoint    ] Entering safepoint region: Cleanup
[2020-01-13T13:13:16.392+0000][1][safepoint    ] Leaving safepoint region
[2020-01-13T13:13:16.392+0000][1][safepoint    ] Total time for which application threads were stopped: 0.0001161 seconds, Stopping threads took: 0.0000356 seconds
[2020-01-13T13:13:17.392+0000][1][safepoint    ] Application time: 1.0001347 seconds
[2020-01-13T13:13:17.392+0000][1][safepoint    ] Entering safepoint region: Cleanup
[2020-01-13T13:13:17.392+0000][1][safepoint    ] Leaving safepoint region
[2020-01-13T13:13:17.392+0000][1][safepoint    ] Total time for which application threads were stopped: 0.0001136 seconds, Stopping threads took: 0.0000260 seconds
[2020-01-13T13:13:18.393+0000][1][safepoint    ] Application time: 1.0001433 seconds
[2020-01-13T13:13:18.393+0000][1][safepoint    ] Entering safepoint region: Cleanup
[2020-01-13T13:13:18.393+0000][1][safepoint    ] Leaving safepoint region
[2020-01-13T13:13:18.393+0000][1][safepoint    ] Total time for which application threads were stopped: 0.0001438 seconds, Stopping threads took: 0.0000335 seconds
[2020-01-13T13:13:21.393+0000][1][safepoint    ] Application time: 3.0003435 seconds
[2020-01-13T13:13:21.393+0000][1][safepoint    ] Entering safepoint region: Cleanup
[2020-01-13T13:13:21.393+0000][1][safepoint    ] Leaving safepoint region
[2020-01-13T13:13:21.393+0000][1][safepoint    ] Total time for which application threads were stopped: 0.0001090 seconds, Stopping threads took: 0.0000203 seconds
[2020-01-13T13:13:22.394+0000][1][safepoint    ] Application time: 1.0001504 seconds
[2020-01-13T13:13:22.394+0000][1][safepoint    ] Entering safepoint region: Cleanup
[2020-01-13T13:13:22.394+0000][1][safepoint    ] Leaving safepoint region
[2020-01-13T13:13:22.394+0000][1][safepoint    ] Total time for which application threads were stopped: 0.0001408 seconds, Stopping threads took: 0.0000307 seconds
[2020-01-13T13:13:24.394+0000][1][safepoint    ] Application time: 2.0004345 seconds
[2020-01-13T13:13:24.394+0000][1][safepoint    ] Entering safepoint region: Cleanup
[2020-01-13T13:13:24.394+0000][1][safepoint    ] Leaving safepoint region
[2020-01-13T13:13:24.394+0000][1][safepoint    ] Total time for which application threads were stopped: 0.0001260 seconds, Stopping threads took: 0.0000283 seconds
[2020-01-13T13:13:27.395+0000][1][safepoint    ] Application time: 3.0003961 seconds
[2020-01-13T13:13:27.395+0000][1][safepoint    ] Entering safepoint region: Cleanup
[2020-01-13T13:13:27.395+0000][1][safepoint    ] Leaving safepoint region
[2020-01-13T13:13:27.395+0000][1][safepoint    ] Total time for which application threads were stopped: 0.0001180 seconds, Stopping threads took: 0.0000255 seconds
[2020-01-13T13:13:29.395+0000][1][safepoint    ] Application time: 2.0002005 seconds
[2020-01-13T13:13:29.396+0000][1][safepoint    ] Entering safepoint region: Cleanup
[2020-01-13T13:13:29.396+0000][1][safepoint    ] Leaving safepoint region
[2020-01-13T13:13:29.396+0000][1][safepoint    ] Total time for which application threads were stopped: 0.0001219 seconds, Stopping threads took: 0.0000354 seconds
[2020-01-13T13:13:31.396+0000][1][safepoint    ] Application time: 2.0002261 seconds
[2020-01-13T13:13:31.396+0000][1][safepoint    ] Entering safepoint region: Cleanup
[2020-01-13T13:13:31.396+0000][1][safepoint    ] Leaving safepoint region
[2020-01-13T13:13:31.396+0000][1][safepoint    ] Total time for which application threads were stopped: 0.0001286 seconds, Stopping threads took: 0.0000222 seconds
[2020-01-13T13:13:32.397+0000][1][safepoint    ] Application time: 1.0000838 seconds
[2020-01-13T13:13:32.397+0000][1][safepoint    ] Entering safepoint region: Cleanup
[2020-01-13T13:13:32.397+0000][1][safepoint    ] Leaving safepoint region
[2020-01-13T13:13:32.397+0000][1][safepoint    ] Total time for which application threads were stopped: 0.0001095 seconds, Stopping threads took: 0.0000225 seconds
[2020-01-13T13:13:41.398+0000][1][safepoint    ] Application time: 9.0009812 seconds
[2020-01-13T13:13:41.398+0000][1][safepoint    ] Entering safepoint region: Cleanup
[2020-01-13T13:13:41.398+0000][1][safepoint    ] Leaving safepoint region
[2020-01-13T13:13:41.398+0000][1][safepoint    ] Total time for which application threads were stopped: 0.0001177 seconds, Stopping threads took: 0.0000252 seconds
[2020-01-13T13:13:42.997+0000][1][safepoint    ] Application time: 1.5993253 seconds
[2020-01-13T13:13:42.997+0000][1][safepoint    ] Entering safepoint region: GenCollectForAllocation
[2020-01-13T13:13:42.998+0000][1][gc,start     ] GC(28) Pause Young (Allocation Failure)
[2020-01-13T13:13:42.998+0000][1][gc,task      ] GC(28) Using 1 workers of 1 for evacuation
[2020-01-13T13:13:43.024+0000][1][gc,age       ] GC(28) Desired survivor size 4358144 bytes, new threshold 6 (max threshold 6)
[2020-01-13T13:13:43.024+0000][1][gc,age       ] GC(28) Age table with threshold 6 (max threshold 6)
[2020-01-13T13:13:43.024+0000][1][gc,age       ] GC(28) - age   1:     599504 bytes,     599504 total
[2020-01-13T13:13:43.024+0000][1][gc,age       ] GC(28) - age   2:       7648 bytes,     607152 total
[2020-01-13T13:13:43.024+0000][1][gc,age       ] GC(28) - age   3:       4832 bytes,     611984 total
[2020-01-13T13:13:43.024+0000][1][gc,age       ] GC(28) - age   4:      19936 bytes,     631920 total
[2020-01-13T13:13:43.024+0000][1][gc,age       ] GC(28) - age   5:      10784 bytes,     642704 total
[2020-01-13T13:13:43.024+0000][1][gc,age       ] GC(28) - age   6:      90600 bytes,     733304 total
[2020-01-13T13:13:43.024+0000][1][gc,heap      ] GC(28) ParNew: 71401K->2356K(76672K)
[2020-01-13T13:13:43.024+0000][1][gc,heap      ] GC(28) CMS: 65568K->67492K(176960K)
[2020-01-13T13:13:43.024+0000][1][gc,metaspace ] GC(28) Metaspace: 65785K->65785K(1110016K)
[2020-01-13T13:13:43.024+0000][1][gc           ] GC(28) Pause Young (Allocation Failure) 133M->68M(247M) 26.304ms
[2020-01-13T13:13:43.024+0000][1][gc,cpu       ] GC(28) User=0.02s Sys=0.00s Real=0.03s
[2020-01-13T13:13:43.024+0000][1][safepoint    ] Leaving safepoint region
[2020-01-13T13:13:43.024+0000][1][safepoint    ] Total time for which application threads were stopped: 0.0266096 seconds, Stopping threads took: 0.0000509 seconds
[2020-01-13T13:13:48.027+0000][1][safepoint    ] Application time: 5.0028165 seconds
[2020-01-13T13:13:48.028+0000][1][safepoint    ] Entering safepoint region: Cleanup
[2020-01-13T13:13:48.028+0000][1][safepoint    ] Leaving safepoint region
[2020-01-13T13:13:48.028+0000][1][safepoint    ] Total time for which application threads were stopped: 0.0008373 seconds, Stopping threads took: 0.0007464 seconds
[2020-01-13T13:13:49.028+0000][1][safepoint    ] Application time: 1.0000839 seconds
[2020-01-13T13:13:49.028+0000][1][safepoint    ] Entering safepoint region: Cleanup
[2020-01-13T13:13:49.028+0000][1][safepoint    ] Leaving safepoint region
[2020-01-13T13:13:49.028+0000][1][safepoint    ] Total time for which application threads were stopped: 0.0001409 seconds, Stopping threads took: 0.0000346 seconds
[2020-01-13T13:13:50.028+0000][1][safepoint    ] Application time: 1.0001679 seconds
[2020-01-13T13:13:50.028+0000][1][safepoint    ] Entering safepoint region: Cleanup
[2020-01-13T13:13:50.028+0000][1][safepoint    ] Leaving safepoint region
[2020-01-13T13:13:50.028+0000][1][safepoint    ] Total time for which application threads were stopped: 0.0001492 seconds, Stopping threads took: 0.0000273 seconds
[2020-01-13T13:13:51.029+0000][1][safepoint    ] Application time: 1.0001457 seconds
[2020-01-13T13:13:51.029+0000][1][safepoint    ] Entering safepoint region: Cleanup
[2020-01-13T13:13:51.029+0000][1][safepoint    ] Leaving safepoint region
[2020-01-13T13:13:51.029+0000][1][safepoint    ] Total time for which application threads were stopped: 0.0001053 seconds, Stopping threads took: 0.0000279 seconds
[2020-01-13T13:13:52.029+0000][1][safepoint    ] Application time: 1.0001521 seconds
[2020-01-13T13:13:52.029+0000][1][safepoint    ] Entering safepoint region: Cleanup
[2020-01-13T13:13:52.029+0000][1][safepoint    ] Leaving safepoint region
[2020-01-13T13:13:52.029+0000][1][safepoint    ] Total time for which application threads were stopped: 0.0001136 seconds, Stopping threads took: 0.0000277 seconds
[2020-01-13T13:13:53.029+0000][1][safepoint    ] Application time: 1.0002422 seconds
[2020-01-13T13:13:53.029+0000][1][safepoint    ] Entering safepoint region: Cleanup
[2020-01-13T13:13:53.030+0000][1][safepoint    ] Leaving safepoint region
[2020-01-13T13:13:53.030+0000][1][safepoint    ] Total time for which application threads were stopped: 0.0001316 seconds, Stopping threads took: 0.0000266 seconds
[2020-01-13T13:13:54.030+0000][1][safepoint    ] Application time: 1.0001728 seconds
[2020-01-13T13:13:54.031+0000][1][safepoint    ] Entering safepoint region: Cleanup
[2020-01-13T13:13:54.031+0000][1][safepoint    ] Leaving safepoint region
[2020-01-13T13:13:54.031+0000][1][safepoint    ] Total time for which application threads were stopped: 0.0001431 seconds, Stopping threads took: 0.0000671 seconds
[2020-01-13T13:13:55.031+0000][1][safepoint    ] Application time: 1.0001568 seconds
[2020-01-13T13:13:55.031+0000][1][safepoint    ] Entering safepoint region: Cleanup
[2020-01-13T13:13:55.031+0000][1][safepoint    ] Leaving safepoint region
[2020-01-13T13:13:55.031+0000][1][safepoint    ] Total time for which application threads were stopped: 0.0001751 seconds, Stopping threads took: 0.0000265 seconds
[2020-01-13T13:13:56.031+0000][1][safepoint    ] Application time: 1.0001607 seconds
[2020-01-13T13:13:56.032+0000][1][safepoint    ] Entering safepoint region: Cleanup
[2020-01-13T13:13:56.032+0000][1][safepoint    ] Leaving safepoint region
[2020-01-13T13:13:56.032+0000][1][safepoint    ] Total time for which application threads were stopped: 0.0001034 seconds, Stopping threads took: 0.0000282 seconds
[2020-01-13T13:13:57.032+0000][1][safepoint    ] Application time: 1.0001176 seconds
[2020-01-13T13:13:57.032+0000][1][safepoint    ] Entering safepoint region: Cleanup
[2020-01-13T13:13:57.032+0000][1][safepoint    ] Leaving safepoint region
[2020-01-13T13:13:57.032+0000][1][safepoint    ] Total time for which application threads were stopped: 0.0001072 seconds, Stopping threads took: 0.0000263 seconds
[2020-01-13T13:13:58.032+0000][1][safepoint    ] Application time: 1.0001318 seconds
[2020-01-13T13:13:58.032+0000][1][safepoint    ] Entering safepoint region: Cleanup
[2020-01-13T13:13:58.032+0000][1][safepoint    ] Leaving safepoint region
[2020-01-13T13:13:58.032+0000][1][safepoint    ] Total time for which application threads were stopped: 0.0001846 seconds, Stopping threads took: 0.0000520 seconds
[2020-01-13T13:13:59.032+0000][1][safepoint    ] Application time: 1.0001259 seconds
[2020-01-13T13:13:59.033+0000][1][safepoint    ] Entering safepoint region: Cleanup
[2020-01-13T13:13:59.034+0000][1][safepoint    ] Leaving safepoint region
[2020-01-13T13:13:59.034+0000][1][safepoint    ] Total time for which application threads were stopped: 0.0001331 seconds, Stopping threads took: 0.0000543 seconds
[2020-01-13T13:14:00.034+0000][1][safepoint    ] Application time: 1.0001564 seconds
[2020-01-13T13:14:00.034+0000][1][safepoint    ] Entering safepoint region: Cleanup
[2020-01-13T13:14:00.034+0000][1][safepoint    ] Leaving safepoint region
[2020-01-13T13:14:00.034+0000][1][safepoint    ] Total time for which application threads were stopped: 0.0001292 seconds, Stopping threads took: 0.0000330 seconds
[2020-01-13T13:14:01.034+0000][1][safepoint    ] Application time: 1.0001677 seconds
[2020-01-13T13:14:01.034+0000][1][safepoint    ] Entering safepoint region: Cleanup
[2020-01-13T13:14:01.034+0000][1][safepoint    ] Leaving safepoint region
[2020-01-13T13:14:01.034+0000][1][safepoint    ] Total time for which application threads were stopped: 0.0001718 seconds, Stopping threads took: 0.0000292 seconds
[2020-01-13T13:14:02.035+0000][1][safepoint    ] Application time: 1.0001553 seconds
[2020-01-13T13:14:02.035+0000][1][safepoint    ] Entering safepoint region: Cleanup
[2020-01-13T13:14:02.035+0000][1][safepoint    ] Leaving safepoint region
[2020-01-13T13:14:02.035+0000][1][safepoint    ] Total time for which application threads were stopped: 0.0001223 seconds, Stopping threads took: 0.0000331 seconds
[2020-01-13T13:14:03.035+0000][1][safepoint    ] Application time: 1.0001341 seconds
[2020-01-13T13:14:03.035+0000][1][safepoint    ] Entering safepoint region: Cleanup
[2020-01-13T13:14:03.035+0000][1][safepoint    ] Leaving safepoint region
[2020-01-13T13:14:03.035+0000][1][safepoint    ] Total time for which application threads were stopped: 0.0001239 seconds, Stopping threads took: 0.0000368 seconds
[2020-01-13T13:14:04.035+0000][1][safepoint    ] Application time: 1.0001487 seconds
[2020-01-13T13:14:04.036+0000][1][safepoint    ] Entering safepoint region: Cleanup
[2020-01-13T13:14:04.036+0000][1][safepoint    ] Leaving safepoint region
[2020-01-13T13:14:04.036+0000][1][safepoint    ] Total time for which application threads were stopped: 0.0002065 seconds, Stopping threads took: 0.0000840 seconds
[2020-01-13T13:14:05.037+0000][1][safepoint    ] Application time: 1.0001104 seconds
[2020-01-13T13:14:05.037+0000][1][safepoint    ] Entering safepoint region: Cleanup
[2020-01-13T13:14:05.037+0000][1][safepoint    ] Leaving safepoint region
[2020-01-13T13:14:05.037+0000][1][safepoint    ] Total time for which application threads were stopped: 0.0001494 seconds, Stopping threads took: 0.0000504 seconds
[2020-01-13T13:14:06.037+0000][1][safepoint    ] Application time: 1.0001038 seconds
[2020-01-13T13:14:06.037+0000][1][safepoint    ] Entering safepoint region: Cleanup
[2020-01-13T13:14:06.037+0000][1][safepoint    ] Leaving safepoint region
[2020-01-13T13:14:06.037+0000][1][safepoint    ] Total time for which application threads were stopped: 0.0001271 seconds, Stopping threads took: 0.0000338 seconds
[2020-01-13T13:14:07.037+0000][1][safepoint    ] Application time: 1.0001489 seconds
[2020-01-13T13:14:07.037+0000][1][safepoint    ] Entering safepoint region: Cleanup
[2020-01-13T13:14:07.037+0000][1][safepoint    ] Leaving safepoint region
[2020-01-13T13:14:07.037+0000][1][safepoint    ] Total time for which application threads were stopped: 0.0001090 seconds, Stopping threads took: 0.0000277 seconds
[2020-01-13T13:14:08.038+0000][1][safepoint    ] Application time: 1.0001537 seconds
[2020-01-13T13:14:08.038+0000][1][safepoint    ] Entering safepoint region: Cleanup
[2020-01-13T13:14:08.038+0000][1][safepoint    ] Leaving safepoint region
[2020-01-13T13:14:08.038+0000][1][safepoint    ] Total time for which application threads were stopped: 0.0001376 seconds, Stopping threads took: 0.0000351 seconds
[2020-01-13T13:14:09.038+0000][1][safepoint    ] Application time: 1.0001616 seconds
[2020-01-13T13:14:09.039+0000][1][safepoint    ] Entering safepoint region: Cleanup
[2020-01-13T13:14:09.039+0000][1][safepoint    ] Leaving safepoint region
[2020-01-13T13:14:09.039+0000][1][safepoint    ] Total time for which application threads were stopped: 0.0001787 seconds, Stopping threads took: 0.0000543 seconds
[2020-01-13T13:14:10.040+0000][1][safepoint    ] Application time: 1.0001595 seconds
[2020-01-13T13:14:10.040+0000][1][safepoint    ] Entering safepoint region: Cleanup
[2020-01-13T13:14:10.040+0000][1][safepoint    ] Leaving safepoint region
[2020-01-13T13:14:10.040+0000][1][safepoint    ] Total time for which application threads were stopped: 0.0001185 seconds, Stopping threads took: 0.0000270 seconds
[2020-01-13T13:14:11.040+0000][1][safepoint    ] Application time: 1.0001709 seconds
[2020-01-13T13:14:11.040+0000][1][safepoint    ] Entering safepoint region: Cleanup
[2020-01-13T13:14:11.040+0000][1][safepoint    ] Leaving safepoint region
[2020-01-13T13:14:11.040+0000][1][safepoint    ] Total time for which application threads were stopped: 0.0001322 seconds, Stopping threads took: 0.0000358 seconds
[2020-01-13T13:14:12.040+0000][1][safepoint    ] Application time: 1.0001243 seconds
[2020-01-13T13:14:12.040+0000][1][safepoint    ] Entering safepoint region: Cleanup
[2020-01-13T13:14:12.041+0000][1][safepoint    ] Leaving safepoint region
[2020-01-13T13:14:12.041+0000][1][safepoint    ] Total time for which application threads were stopped: 0.0001276 seconds, Stopping threads took: 0.0000360 seconds
[2020-01-13T13:14:13.041+0000][1][safepoint    ] Application time: 1.0001831 seconds
[2020-01-13T13:14:13.041+0000][1][safepoint    ] Entering safepoint region: Cleanup
[2020-01-13T13:14:13.041+0000][1][safepoint    ] Leaving safepoint region
[2020-01-13T13:14:13.041+0000][1][safepoint    ] Total time for which application threads were stopped: 0.0001254 seconds, Stopping threads took: 0.0000449 seconds
[2020-01-13T13:14:14.041+0000][1][safepoint    ] Application time: 1.0001582 seconds
[2020-01-13T13:14:14.042+0000][1][safepoint    ] Entering safepoint region: Cleanup
[2020-01-13T13:14:14.042+0000][1][safepoint    ] Leaving safepoint region
[2020-01-13T13:14:14.042+0000][1][safepoint    ] Total time for which application threads were stopped: 0.0001236 seconds, Stopping threads took: 0.0000482 seconds
[2020-01-13T13:14:15.042+0000][1][safepoint    ] Application time: 1.0001495 seconds
[2020-01-13T13:14:15.043+0000][1][safepoint    ] Entering safepoint region: Cleanup
[2020-01-13T13:14:15.043+0000][1][safepoint    ] Leaving safepoint region
[2020-01-13T13:14:15.043+0000][1][safepoint    ] Total time for which application threads were stopped: 0.0001188 seconds, Stopping threads took: 0.0000291 seconds
[2020-01-13T13:14:16.043+0000][1][safepoint    ] Application time: 1.0001749 seconds
[2020-01-13T13:14:16.043+0000][1][safepoint    ] Entering safepoint region: Cleanup
[2020-01-13T13:14:16.043+0000][1][safepoint    ] Leaving safepoint region
[2020-01-13T13:14:16.043+0000][1][safepoint    ] Total time for which application threads were stopped: 0.0001589 seconds, Stopping threads took: 0.0000376 seconds
[2020-01-13T13:14:17.044+0000][1][safepoint    ] Application time: 1.0011841 seconds
[2020-01-13T13:14:17.044+0000][1][safepoint    ] Entering safepoint region: Cleanup
[2020-01-13T13:14:17.044+0000][1][safepoint    ] Leaving safepoint region
[2020-01-13T13:14:17.044+0000][1][safepoint    ] Total time for which application threads were stopped: 0.0000935 seconds, Stopping threads took: 0.0000263 seconds
[2020-01-13T13:14:18.045+0000][1][safepoint    ] Application time: 1.0002143 seconds
[2020-01-13T13:14:18.045+0000][1][safepoint    ] Entering safepoint region: Cleanup
[2020-01-13T13:14:18.045+0000][1][safepoint    ] Leaving safepoint region
[2020-01-13T13:14:18.045+0000][1][safepoint    ] Total time for which application threads were stopped: 0.0001151 seconds, Stopping threads took: 0.0000306 seconds
[2020-01-13T13:14:19.045+0000][1][safepoint    ] Application time: 1.0001698 seconds
[2020-01-13T13:14:19.045+0000][1][safepoint    ] Entering safepoint region: Cleanup
[2020-01-13T13:14:19.045+0000][1][safepoint    ] Leaving safepoint region
[2020-01-13T13:14:19.045+0000][1][safepoint    ] Total time for which application threads were stopped: 0.0001519 seconds, Stopping threads took: 0.0000405 seconds
[2020-01-13T13:14:20.045+0000][1][safepoint    ] Application time: 1.0001754 seconds
[2020-01-13T13:14:20.046+0000][1][safepoint    ] Entering safepoint region: Cleanup
[2020-01-13T13:14:20.046+0000][1][safepoint    ] Leaving safepoint region
[2020-01-13T13:14:20.046+0000][1][safepoint    ] Total time for which application threads were stopped: 0.0002167 seconds, Stopping threads took: 0.0001178 seconds
[2020-01-13T13:14:21.046+0000][1][safepoint    ] Application time: 1.0001580 seconds
[2020-01-13T13:14:21.046+0000][1][safepoint    ] Entering safepoint region: Cleanup
[2020-01-13T13:14:21.046+0000][1][safepoint    ] Leaving safepoint region
[2020-01-13T13:14:21.046+0000][1][safepoint    ] Total time for which application threads were stopped: 0.0001007 seconds, Stopping threads took: 0.0000291 seconds
[2020-01-13T13:14:21.404+0000][1][safepoint    ] Application time: 0.3578809 seconds
[2020-01-13T13:14:21.404+0000][1][safepoint    ] Entering safepoint region: GenCollectForAllocation
[2020-01-13T13:14:21.404+0000][1][gc,start     ] GC(29) Pause Young (Allocation Failure)
[2020-01-13T13:14:21.404+0000][1][gc,task      ] GC(29) Using 1 workers of 1 for evacuation
[2020-01-13T13:14:21.411+0000][1][gc,age       ] GC(29) Desired survivor size 4358144 bytes, new threshold 6 (max threshold 6)
[2020-01-13T13:14:21.411+0000][1][gc,age       ] GC(29) Age table with threshold 6 (max threshold 6)
[2020-01-13T13:14:21.411+0000][1][gc,age       ] GC(29) - age   1:     588696 bytes,     588696 total
[2020-01-13T13:14:21.411+0000][1][gc,age       ] GC(29) - age   2:       5288 bytes,     593984 total
[2020-01-13T13:14:21.411+0000][1][gc,age       ] GC(29) - age   3:       7360 bytes,     601344 total
[2020-01-13T13:14:21.411+0000][1][gc,age       ] GC(29) - age   4:       4832 bytes,     606176 total
[2020-01-13T13:14:21.411+0000][1][gc,age       ] GC(29) - age   5:      19936 bytes,     626112 total
[2020-01-13T13:14:21.411+0000][1][gc,age       ] GC(29) - age   6:      10784 bytes,     636896 total
[2020-01-13T13:14:21.411+0000][1][gc,heap      ] GC(29) ParNew: 70464K->768K(76672K)
[2020-01-13T13:14:21.411+0000][1][gc,heap      ] GC(29) CMS: 67492K->67582K(176960K)
[2020-01-13T13:14:21.411+0000][1][gc,metaspace ] GC(29) Metaspace: 65910K->65910K(1110016K)
[2020-01-13T13:14:21.411+0000][1][gc           ] GC(29) Pause Young (Allocation Failure) 134M->66M(247M) 6.834ms
[2020-01-13T13:14:21.411+0000][1][gc,cpu       ] GC(29) User=0.01s Sys=0.00s Real=0.01s
[2020-01-13T13:14:21.411+0000][1][safepoint    ] Leaving safepoint region
[2020-01-13T13:14:21.411+0000][1][safepoint    ] Total time for which application threads were stopped: 0.0070896 seconds, Stopping threads took: 0.0000528 seconds
[2020-01-13T13:14:22.420+0000][1][safepoint    ] Application time: 1.0084903 seconds
[2020-01-13T13:14:22.420+0000][1][safepoint    ] Entering safepoint region: Cleanup
[2020-01-13T13:14:22.420+0000][1][safepoint    ] Leaving safepoint region
[2020-01-13T13:14:22.420+0000][1][safepoint    ] Total time for which application threads were stopped: 0.0001311 seconds, Stopping threads took: 0.0000340 seconds
[2020-01-13T13:14:23.420+0000][1][safepoint    ] Application time: 1.0000855 seconds
[2020-01-13T13:14:23.420+0000][1][safepoint    ] Entering safepoint region: Cleanup
[2020-01-13T13:14:23.420+0000][1][safepoint    ] Leaving safepoint region
[2020-01-13T13:14:23.420+0000][1][safepoint    ] Total time for which application threads were stopped: 0.0000982 seconds, Stopping threads took: 0.0000262 seconds
[2020-01-13T13:14:24.420+0000][1][safepoint    ] Application time: 1.0001081 seconds
[2020-01-13T13:14:24.420+0000][1][safepoint    ] Entering safepoint region: Cleanup
[2020-01-13T13:14:24.420+0000][1][safepoint    ] Leaving safepoint region
[2020-01-13T13:14:24.420+0000][1][safepoint    ] Total time for which application threads were stopped: 0.0001201 seconds, Stopping threads took: 0.0000470 seconds
[2020-01-13T13:14:25.421+0000][1][safepoint    ] Application time: 1.0001237 seconds
[2020-01-13T13:14:25.421+0000][1][safepoint    ] Entering safepoint region: Cleanup
[2020-01-13T13:14:25.421+0000][1][safepoint    ] Leaving safepoint region
[2020-01-13T13:14:25.421+0000][1][safepoint    ] Total time for which application threads were stopped: 0.0000941 seconds, Stopping threads took: 0.0000262 seconds
[2020-01-13T13:14:26.421+0000][1][safepoint    ] Application time: 1.0001423 seconds
[2020-01-13T13:14:26.421+0000][1][safepoint    ] Entering safepoint region: Cleanup
[2020-01-13T13:14:26.421+0000][1][safepoint    ] Leaving safepoint region
[2020-01-13T13:14:26.421+0000][1][safepoint    ] Total time for which application threads were stopped: 0.0001501 seconds, Stopping threads took: 0.0000441 seconds
[2020-01-13T13:14:27.421+0000][1][safepoint    ] Application time: 1.0000980 seconds
[2020-01-13T13:14:27.421+0000][1][safepoint    ] Entering safepoint region: Cleanup
[2020-01-13T13:14:27.421+0000][1][safepoint    ] Leaving safepoint region
[2020-01-13T13:14:27.421+0000][1][safepoint    ] Total time for which application threads were stopped: 0.0001069 seconds, Stopping threads took: 0.0000216 seconds
[2020-01-13T13:14:28.421+0000][1][safepoint    ] Application time: 1.0001118 seconds
[2020-01-13T13:14:28.422+0000][1][safepoint    ] Entering safepoint region: Cleanup
[2020-01-13T13:14:28.422+0000][1][safepoint    ] Leaving safepoint region
[2020-01-13T13:14:28.422+0000][1][safepoint    ] Total time for which application threads were stopped: 0.0001009 seconds, Stopping threads took: 0.0000263 seconds
[2020-01-13T13:14:29.422+0000][1][safepoint    ] Application time: 1.0001217 seconds
[2020-01-13T13:14:29.423+0000][1][safepoint    ] Entering safepoint region: Cleanup
[2020-01-13T13:14:29.423+0000][1][safepoint    ] Leaving safepoint region
[2020-01-13T13:14:29.423+0000][1][safepoint    ] Total time for which application threads were stopped: 0.0001399 seconds, Stopping threads took: 0.0000427 seconds
[2020-01-13T13:14:30.423+0000][1][safepoint    ] Application time: 1.0000845 seconds
[2020-01-13T13:14:30.423+0000][1][safepoint    ] Entering safepoint region: Cleanup
[2020-01-13T13:14:30.423+0000][1][safepoint    ] Leaving safepoint region
[2020-01-13T13:14:30.423+0000][1][safepoint    ] Total time for which application threads were stopped: 0.0000752 seconds, Stopping threads took: 0.0000188 seconds
[2020-01-13T13:14:31.423+0000][1][safepoint    ] Application time: 1.0001082 seconds
[2020-01-13T13:14:31.423+0000][1][safepoint    ] Entering safepoint region: Cleanup
[2020-01-13T13:14:31.423+0000][1][safepoint    ] Leaving safepoint region
[2020-01-13T13:14:31.423+0000][1][safepoint    ] Total time for which application threads were stopped: 0.0001231 seconds, Stopping threads took: 0.0000370 seconds
[2020-01-13T13:14:32.424+0000][1][safepoint    ] Application time: 1.0001586 seconds
[2020-01-13T13:14:32.424+0000][1][safepoint    ] Entering safepoint region: Cleanup
[2020-01-13T13:14:32.424+0000][1][safepoint    ] Leaving safepoint region
[2020-01-13T13:14:32.424+0000][1][safepoint    ] Total time for which application threads were stopped: 0.0001153 seconds, Stopping threads took: 0.0000339 seconds
[2020-01-13T13:14:33.424+0000][1][safepoint    ] Application time: 1.0001394 seconds
[2020-01-13T13:14:33.424+0000][1][safepoint    ] Entering safepoint region: Cleanup
[2020-01-13T13:14:33.424+0000][1][safepoint    ] Leaving safepoint region
[2020-01-13T13:14:33.424+0000][1][safepoint    ] Total time for which application threads were stopped: 0.0001074 seconds, Stopping threads took: 0.0000298 seconds
[2020-01-13T13:14:34.424+0000][1][safepoint    ] Application time: 1.0001015 seconds
[2020-01-13T13:14:34.425+0000][1][safepoint    ] Entering safepoint region: Cleanup
[2020-01-13T13:14:34.425+0000][1][safepoint    ] Leaving safepoint region
[2020-01-13T13:14:34.425+0000][1][safepoint    ] Total time for which application threads were stopped: 0.0001741 seconds, Stopping threads took: 0.0000494 seconds
[2020-01-13T13:14:35.425+0000][1][safepoint    ] Application time: 1.0001272 seconds
[2020-01-13T13:14:35.426+0000][1][safepoint    ] Entering safepoint region: Cleanup
[2020-01-13T13:14:35.426+0000][1][safepoint    ] Leaving safepoint region
[2020-01-13T13:14:35.426+0000][1][safepoint    ] Total time for which application threads were stopped: 0.0000970 seconds, Stopping threads took: 0.0000265 seconds
[2020-01-13T13:14:36.426+0000][1][safepoint    ] Application time: 1.0001630 seconds
[2020-01-13T13:14:36.426+0000][1][safepoint    ] Entering safepoint region: Cleanup
[2020-01-13T13:14:36.426+0000][1][safepoint    ] Leaving safepoint region
[2020-01-13T13:14:36.426+0000][1][safepoint    ] Total time for which application threads were stopped: 0.0001291 seconds, Stopping threads took: 0.0000372 seconds
[2020-01-13T13:14:37.426+0000][1][safepoint    ] Application time: 1.0001297 seconds
[2020-01-13T13:14:37.426+0000][1][safepoint    ] Entering safepoint region: Cleanup
[2020-01-13T13:14:37.426+0000][1][safepoint    ] Leaving safepoint region
[2020-01-13T13:14:37.426+0000][1][safepoint    ] Total time for which application threads were stopped: 0.0001221 seconds, Stopping threads took: 0.0000238 seconds
[2020-01-13T13:14:38.426+0000][1][safepoint    ] Application time: 1.0000795 seconds
[2020-01-13T13:14:38.427+0000][1][safepoint    ] Entering safepoint region: Cleanup
[2020-01-13T13:14:38.427+0000][1][safepoint    ] Leaving safepoint region
[2020-01-13T13:14:38.427+0000][1][safepoint    ] Total time for which application threads were stopped: 0.0010061 seconds, Stopping threads took: 0.0009413 seconds
[2020-01-13T13:14:39.428+0000][1][safepoint    ] Application time: 1.0001013 seconds
[2020-01-13T13:14:39.428+0000][1][safepoint    ] Entering safepoint region: Cleanup
[2020-01-13T13:14:39.429+0000][1][safepoint    ] Leaving safepoint region
[2020-01-13T13:14:39.429+0000][1][safepoint    ] Total time for which application threads were stopped: 0.0001388 seconds, Stopping threads took: 0.0000431 seconds
[2020-01-13T13:14:40.429+0000][1][safepoint    ] Application time: 1.0000851 seconds
[2020-01-13T13:14:40.431+0000][1][safepoint    ] Entering safepoint region: Cleanup
[2020-01-13T13:14:40.431+0000][1][safepoint    ] Leaving safepoint region
[2020-01-13T13:14:40.431+0000][1][safepoint    ] Total time for which application threads were stopped: 0.0021318 seconds, Stopping threads took: 0.0020460 seconds
[2020-01-13T13:14:41.431+0000][1][safepoint    ] Application time: 1.0001789 seconds
[2020-01-13T13:14:41.431+0000][1][safepoint    ] Entering safepoint region: Cleanup
[2020-01-13T13:14:41.431+0000][1][safepoint    ] Leaving safepoint region
[2020-01-13T13:14:41.431+0000][1][safepoint    ] Total time for which application threads were stopped: 0.0001138 seconds, Stopping threads took: 0.0000306 seconds
[2020-01-13T13:14:42.431+0000][1][safepoint    ] Application time: 1.0001367 seconds
[2020-01-13T13:14:42.432+0000][1][safepoint    ] Entering safepoint region: Cleanup
[2020-01-13T13:14:42.432+0000][1][safepoint    ] Leaving safepoint region
[2020-01-13T13:14:42.432+0000][1][safepoint    ] Total time for which application threads were stopped: 0.0001037 seconds, Stopping threads took: 0.0000308 seconds
[2020-01-13T13:14:43.432+0000][1][safepoint    ] Application time: 1.0001204 seconds
[2020-01-13T13:14:43.432+0000][1][safepoint    ] Entering safepoint region: Cleanup
[2020-01-13T13:14:43.432+0000][1][safepoint    ] Leaving safepoint region
[2020-01-13T13:14:43.432+0000][1][safepoint    ] Total time for which application threads were stopped: 0.0000946 seconds, Stopping threads took: 0.0000220 seconds
[2020-01-13T13:14:44.432+0000][1][safepoint    ] Application time: 1.0000888 seconds
[2020-01-13T13:14:44.433+0000][1][safepoint    ] Entering safepoint region: Cleanup
[2020-01-13T13:14:44.433+0000][1][safepoint    ] Leaving safepoint region
[2020-01-13T13:14:44.433+0000][1][safepoint    ] Total time for which application threads were stopped: 0.0001130 seconds, Stopping threads took: 0.0000416 seconds
[2020-01-13T13:14:45.433+0000][1][safepoint    ] Application time: 1.0001154 seconds
[2020-01-13T13:14:45.433+0000][1][safepoint    ] Entering safepoint region: Cleanup
[2020-01-13T13:14:45.433+0000][1][safepoint    ] Leaving safepoint region
[2020-01-13T13:14:45.433+0000][1][safepoint    ] Total time for which application threads were stopped: 0.0001399 seconds, Stopping threads took: 0.0000323 seconds
[2020-01-13T13:14:46.434+0000][1][safepoint    ] Application time: 1.0000811 seconds
[2020-01-13T13:14:46.434+0000][1][safepoint    ] Entering safepoint region: Cleanup
[2020-01-13T13:14:46.434+0000][1][safepoint    ] Leaving safepoint region
[2020-01-13T13:14:46.434+0000][1][safepoint    ] Total time for which application threads were stopped: 0.0001092 seconds, Stopping threads took: 0.0000263 seconds
[2020-01-13T13:14:47.434+0000][1][safepoint    ] Application time: 1.0000881 seconds
[2020-01-13T13:14:47.434+0000][1][safepoint    ] Entering safepoint region: Cleanup
[2020-01-13T13:14:47.434+0000][1][safepoint    ] Leaving safepoint region
[2020-01-13T13:14:47.434+0000][1][safepoint    ] Total time for which application threads were stopped: 0.0001406 seconds, Stopping threads took: 0.0000378 seconds
[2020-01-13T13:14:48.434+0000][1][safepoint    ] Application time: 1.0001369 seconds
[2020-01-13T13:14:48.434+0000][1][safepoint    ] Entering safepoint region: Cleanup
[2020-01-13T13:14:48.434+0000][1][safepoint    ] Leaving safepoint region
[2020-01-13T13:14:48.434+0000][1][safepoint    ] Total time for which application threads were stopped: 0.0001736 seconds, Stopping threads took: 0.0000474 seconds
[2020-01-13T13:14:49.435+0000][1][safepoint    ] Application time: 1.0003117 seconds
[2020-01-13T13:14:49.435+0000][1][safepoint    ] Entering safepoint region: Cleanup
[2020-01-13T13:14:49.435+0000][1][safepoint    ] Leaving safepoint region
[2020-01-13T13:14:49.435+0000][1][safepoint    ] Total time for which application threads were stopped: 0.0001402 seconds, Stopping threads took: 0.0000625 seconds
[2020-01-13T13:14:50.435+0000][1][safepoint    ] Application time: 1.0001362 seconds
[2020-01-13T13:14:50.435+0000][1][safepoint    ] Entering safepoint region: Cleanup
[2020-01-13T13:14:50.435+0000][1][safepoint    ] Leaving safepoint region
[2020-01-13T13:14:50.435+0000][1][safepoint    ] Total time for which application threads were stopped: 0.0001071 seconds, Stopping threads took: 0.0000296 seconds
[2020-01-13T13:14:51.435+0000][1][safepoint    ] Application time: 1.0001553 seconds
[2020-01-13T13:14:51.435+0000][1][safepoint    ] Entering safepoint region: Cleanup
[2020-01-13T13:14:51.436+0000][1][safepoint    ] Leaving safepoint region
[2020-01-13T13:14:51.436+0000][1][safepoint    ] Total time for which application threads were stopped: 0.0000982 seconds, Stopping threads took: 0.0000287 seconds
[2020-01-13T13:14:52.436+0000][1][safepoint    ] Application time: 1.0001357 seconds
[2020-01-13T13:14:52.436+0000][1][safepoint    ] Entering safepoint region: Cleanup
[2020-01-13T13:14:52.436+0000][1][safepoint    ] Leaving safepoint region
[2020-01-13T13:14:52.436+0000][1][safepoint    ] Total time for which application threads were stopped: 0.0001218 seconds, Stopping threads took: 0.0000341 seconds
[2020-01-13T13:14:53.436+0000][1][safepoint    ] Application time: 1.0001425 seconds
[2020-01-13T13:14:53.436+0000][1][safepoint    ] Entering safepoint region: Cleanup
[2020-01-13T13:14:53.436+0000][1][safepoint    ] Leaving safepoint region
[2020-01-13T13:14:53.436+0000][1][safepoint    ] Total time for which application threads were stopped: 0.0001075 seconds, Stopping threads took: 0.0000267 seconds
[2020-01-13T13:14:54.436+0000][1][safepoint    ] Application time: 1.0000865 seconds
[2020-01-13T13:14:54.436+0000][1][safepoint    ] Entering safepoint region: Cleanup
[2020-01-13T13:14:54.436+0000][1][safepoint    ] Leaving safepoint region
[2020-01-13T13:14:54.436+0000][1][safepoint    ] Total time for which application threads were stopped: 0.0000738 seconds, Stopping threads took: 0.0000174 seconds
[2020-01-13T13:14:55.437+0000][1][safepoint    ] Application time: 1.0000853 seconds
[2020-01-13T13:14:55.437+0000][1][safepoint    ] Entering safepoint region: Cleanup
[2020-01-13T13:14:55.437+0000][1][safepoint    ] Leaving safepoint region
[2020-01-13T13:14:55.437+0000][1][safepoint    ] Total time for which application threads were stopped: 0.0001340 seconds, Stopping threads took: 0.0000559 seconds
[2020-01-13T13:14:56.437+0000][1][safepoint    ] Application time: 1.0001207 seconds
[2020-01-13T13:14:56.437+0000][1][safepoint    ] Entering safepoint region: Cleanup
[2020-01-13T13:14:56.437+0000][1][safepoint    ] Leaving safepoint region
[2020-01-13T13:14:56.437+0000][1][safepoint    ] Total time for which application threads were stopped: 0.0001430 seconds, Stopping threads took: 0.0000344 seconds
[2020-01-13T13:14:57.437+0000][1][safepoint    ] Application time: 1.0001320 seconds
[2020-01-13T13:14:57.437+0000][1][safepoint    ] Entering safepoint region: Cleanup
[2020-01-13T13:14:57.437+0000][1][safepoint    ] Leaving safepoint region
[2020-01-13T13:14:57.438+0000][1][safepoint    ] Total time for which application threads were stopped: 0.0001437 seconds, Stopping threads took: 0.0000379 seconds
[2020-01-13T13:14:58.429+0000][1][safepoint    ] Application time: 0.9912934 seconds
[2020-01-13T13:14:58.429+0000][1][safepoint    ] Entering safepoint region: GenCollectForAllocation
[2020-01-13T13:14:58.429+0000][1][gc,start     ] GC(30) Pause Young (Allocation Failure)
[2020-01-13T13:14:58.429+0000][1][gc,task      ] GC(30) Using 1 workers of 1 for evacuation
[2020-01-13T13:14:58.436+0000][1][gc,age       ] GC(30) Desired survivor size 4358144 bytes, new threshold 6 (max threshold 6)
[2020-01-13T13:14:58.436+0000][1][gc,age       ] GC(30) Age table with threshold 6 (max threshold 6)
[2020-01-13T13:14:58.436+0000][1][gc,age       ] GC(30) - age   1:     617744 bytes,     617744 total
[2020-01-13T13:14:58.436+0000][1][gc,age       ] GC(30) - age   2:      21216 bytes,     638960 total
[2020-01-13T13:14:58.436+0000][1][gc,age       ] GC(30) - age   3:       5288 bytes,     644248 total
[2020-01-13T13:14:58.436+0000][1][gc,age       ] GC(30) - age   4:       7360 bytes,     651608 total
[2020-01-13T13:14:58.436+0000][1][gc,age       ] GC(30) - age   5:       4832 bytes,     656440 total
[2020-01-13T13:14:58.436+0000][1][gc,age       ] GC(30) - age   6:      19936 bytes,     676376 total
[2020-01-13T13:14:58.436+0000][1][gc,heap      ] GC(30) ParNew: 68871K->1317K(76672K)
[2020-01-13T13:14:58.436+0000][1][gc,heap      ] GC(30) CMS: 67582K->67592K(176960K)
[2020-01-13T13:14:58.436+0000][1][gc,metaspace ] GC(30) Metaspace: 65913K->65913K(1110016K)
[2020-01-13T13:14:58.436+0000][1][gc           ] GC(30) Pause Young (Allocation Failure) 133M->67M(247M) 7.013ms
[2020-01-13T13:14:58.436+0000][1][gc,cpu       ] GC(30) User=0.01s Sys=0.00s Real=0.01s
[2020-01-13T13:14:58.436+0000][1][safepoint    ] Leaving safepoint region
[2020-01-13T13:14:58.436+0000][1][safepoint    ] Total time for which application threads were stopped: 0.0072341 seconds, Stopping threads took: 0.0000390 seconds
[2020-01-13T13:14:59.439+0000][1][safepoint    ] Application time: 1.0032243 seconds
[2020-01-13T13:14:59.440+0000][1][safepoint    ] Entering safepoint region: Cleanup
[2020-01-13T13:14:59.440+0000][1][safepoint    ] Leaving safepoint region
[2020-01-13T13:14:59.440+0000][1][safepoint    ] Total time for which application threads were stopped: 0.0001252 seconds, Stopping threads took: 0.0000420 seconds
[2020-01-13T13:15:00.441+0000][1][safepoint    ] Application time: 1.0000943 seconds
[2020-01-13T13:15:00.441+0000][1][safepoint    ] Entering safepoint region: Cleanup
[2020-01-13T13:15:00.441+0000][1][safepoint    ] Leaving safepoint region
[2020-01-13T13:15:00.441+0000][1][safepoint    ] Total time for which application threads were stopped: 0.0001149 seconds, Stopping threads took: 0.0000442 seconds
[2020-01-13T13:15:01.441+0000][1][safepoint    ] Application time: 1.0001374 seconds
[2020-01-13T13:15:01.441+0000][1][safepoint    ] Entering safepoint region: Cleanup
[2020-01-13T13:15:01.441+0000][1][safepoint    ] Leaving safepoint region
[2020-01-13T13:15:01.441+0000][1][safepoint    ] Total time for which application threads were stopped: 0.0001064 seconds, Stopping threads took: 0.0000278 seconds
[2020-01-13T13:15:02.441+0000][1][safepoint    ] Application time: 1.0001323 seconds
[2020-01-13T13:15:02.441+0000][1][safepoint    ] Entering safepoint region: Cleanup
[2020-01-13T13:15:02.441+0000][1][safepoint    ] Leaving safepoint region
[2020-01-13T13:15:02.441+0000][1][safepoint    ] Total time for which application threads were stopped: 0.0001355 seconds, Stopping threads took: 0.0000337 seconds
[2020-01-13T13:15:03.442+0000][1][safepoint    ] Application time: 1.0002067 seconds
[2020-01-13T13:15:03.442+0000][1][safepoint    ] Entering safepoint region: Cleanup
[2020-01-13T13:15:03.442+0000][1][safepoint    ] Leaving safepoint region
[2020-01-13T13:15:03.442+0000][1][safepoint    ] Total time for which application threads were stopped: 0.0001316 seconds, Stopping threads took: 0.0000386 seconds
[2020-01-13T13:15:04.442+0000][1][safepoint    ] Application time: 1.0001215 seconds
[2020-01-13T13:15:04.443+0000][1][safepoint    ] Entering safepoint region: Cleanup
[2020-01-13T13:15:04.443+0000][1][safepoint    ] Leaving safepoint region
[2020-01-13T13:15:04.443+0000][1][safepoint    ] Total time for which application threads were stopped: 0.0001413 seconds, Stopping threads took: 0.0000479 seconds
[2020-01-13T13:15:05.443+0000][1][safepoint    ] Application time: 1.0000903 seconds
[2020-01-13T13:15:05.443+0000][1][safepoint    ] Entering safepoint region: Cleanup
[2020-01-13T13:15:05.443+0000][1][safepoint    ] Leaving safepoint region
[2020-01-13T13:15:05.443+0000][1][safepoint    ] Total time for which application threads were stopped: 0.0001173 seconds, Stopping threads took: 0.0000377 seconds
[2020-01-13T13:15:06.444+0000][1][safepoint    ] Application time: 1.0001207 seconds
[2020-01-13T13:15:06.444+0000][1][safepoint    ] Entering safepoint region: Cleanup
[2020-01-13T13:15:06.444+0000][1][safepoint    ] Leaving safepoint region
[2020-01-13T13:15:06.444+0000][1][safepoint    ] Total time for which application threads were stopped: 0.0001153 seconds, Stopping threads took: 0.0000308 seconds
[2020-01-13T13:15:07.444+0000][1][safepoint    ] Application time: 1.0000836 seconds
[2020-01-13T13:15:07.444+0000][1][safepoint    ] Entering safepoint region: Cleanup
[2020-01-13T13:15:07.444+0000][1][safepoint    ] Leaving safepoint region
[2020-01-13T13:15:07.444+0000][1][safepoint    ] Total time for which application threads were stopped: 0.0000942 seconds, Stopping threads took: 0.0000230 seconds
[2020-01-13T13:15:08.444+0000][1][safepoint    ] Application time: 1.0001241 seconds
[2020-01-13T13:15:08.444+0000][1][safepoint    ] Entering safepoint region: Cleanup
[2020-01-13T13:15:08.444+0000][1][safepoint    ] Leaving safepoint region
[2020-01-13T13:15:08.444+0000][1][safepoint    ] Total time for which application threads were stopped: 0.0001720 seconds, Stopping threads took: 0.0000300 seconds
[2020-01-13T13:15:09.445+0000][1][safepoint    ] Application time: 1.0001220 seconds
[2020-01-13T13:15:09.446+0000][1][safepoint    ] Entering safepoint region: Cleanup
[2020-01-13T13:15:09.446+0000][1][safepoint    ] Leaving safepoint region
[2020-01-13T13:15:09.446+0000][1][safepoint    ] Total time for which application threads were stopped: 0.0001412 seconds, Stopping threads took: 0.0000443 seconds
[2020-01-13T13:15:10.446+0000][1][safepoint    ] Application time: 1.0001287 seconds
[2020-01-13T13:15:10.446+0000][1][safepoint    ] Entering safepoint region: Cleanup
[2020-01-13T13:15:10.446+0000][1][safepoint    ] Leaving safepoint region
[2020-01-13T13:15:10.446+0000][1][safepoint    ] Total time for which application threads were stopped: 0.0001137 seconds, Stopping threads took: 0.0000383 seconds
[2020-01-13T13:15:11.446+0000][1][safepoint    ] Application time: 1.0001538 seconds
[2020-01-13T13:15:11.446+0000][1][safepoint    ] Entering safepoint region: Cleanup
[2020-01-13T13:15:11.446+0000][1][safepoint    ] Leaving safepoint region
[2020-01-13T13:15:11.446+0000][1][safepoint    ] Total time for which application threads were stopped: 0.0001616 seconds, Stopping threads took: 0.0000313 seconds
[2020-01-13T13:15:12.447+0000][1][safepoint    ] Application time: 1.0001724 seconds
[2020-01-13T13:15:12.447+0000][1][safepoint    ] Entering safepoint region: Cleanup
[2020-01-13T13:15:12.447+0000][1][safepoint    ] Leaving safepoint region
[2020-01-13T13:15:12.447+0000][1][safepoint    ] Total time for which application threads were stopped: 0.0000960 seconds, Stopping threads took: 0.0000255 seconds
[2020-01-13T13:15:13.447+0000][1][safepoint    ] Application time: 1.0001240 seconds
[2020-01-13T13:15:13.447+0000][1][safepoint    ] Entering safepoint region: Cleanup
[2020-01-13T13:15:13.447+0000][1][safepoint    ] Leaving safepoint region
[2020-01-13T13:15:13.447+0000][1][safepoint    ] Total time for which application threads were stopped: 0.0001235 seconds, Stopping threads took: 0.0000322 seconds
[2020-01-13T13:15:14.447+0000][1][safepoint    ] Application time: 1.0001138 seconds
[2020-01-13T13:15:14.449+0000][1][safepoint    ] Entering safepoint region: Cleanup
[2020-01-13T13:15:14.449+0000][1][safepoint    ] Leaving safepoint region
[2020-01-13T13:15:14.449+0000][1][safepoint    ] Total time for which application threads were stopped: 0.0001305 seconds, Stopping threads took: 0.0000513 seconds
[2020-01-13T13:15:15.449+0000][1][safepoint    ] Application time: 1.0003692 seconds
[2020-01-13T13:15:15.449+0000][1][safepoint    ] Entering safepoint region: Cleanup
[2020-01-13T13:15:15.449+0000][1][safepoint    ] Leaving safepoint region
[2020-01-13T13:15:15.449+0000][1][safepoint    ] Total time for which application threads were stopped: 0.0001303 seconds, Stopping threads took: 0.0000456 seconds
[2020-01-13T13:15:16.449+0000][1][safepoint    ] Application time: 1.0001704 seconds
[2020-01-13T13:15:16.450+0000][1][safepoint    ] Entering safepoint region: Cleanup
[2020-01-13T13:15:16.450+0000][1][safepoint    ] Leaving safepoint region
[2020-01-13T13:15:16.450+0000][1][safepoint    ] Total time for which application threads were stopped: 0.0001337 seconds, Stopping threads took: 0.0000400 seconds
[2020-01-13T13:15:17.450+0000][1][safepoint    ] Application time: 1.0001601 seconds
[2020-01-13T13:15:17.450+0000][1][safepoint    ] Entering safepoint region: Cleanup
[2020-01-13T13:15:17.450+0000][1][safepoint    ] Leaving safepoint region
[2020-01-13T13:15:17.450+0000][1][safepoint    ] Total time for which application threads were stopped: 0.0001394 seconds, Stopping threads took: 0.0000372 seconds
[2020-01-13T13:15:18.450+0000][1][safepoint    ] Application time: 1.0001374 seconds
[2020-01-13T13:15:18.450+0000][1][safepoint    ] Entering safepoint region: Cleanup
[2020-01-13T13:15:18.450+0000][1][safepoint    ] Leaving safepoint region
[2020-01-13T13:15:18.450+0000][1][safepoint    ] Total time for which application threads were stopped: 0.0001100 seconds, Stopping threads took: 0.0000278 seconds
[2020-01-13T13:15:19.451+0000][1][safepoint    ] Application time: 1.0001488 seconds
[2020-01-13T13:15:19.451+0000][1][safepoint    ] Entering safepoint region: Cleanup
[2020-01-13T13:15:19.451+0000][1][safepoint    ] Leaving safepoint region
[2020-01-13T13:15:19.451+0000][1][safepoint    ] Total time for which application threads were stopped: 0.0001499 seconds, Stopping threads took: 0.0000369 seconds
[2020-01-13T13:15:20.451+0000][1][safepoint    ] Application time: 1.0001355 seconds
[2020-01-13T13:15:20.451+0000][1][safepoint    ] Entering safepoint region: Cleanup
[2020-01-13T13:15:20.451+0000][1][safepoint    ] Leaving safepoint region
[2020-01-13T13:15:20.451+0000][1][safepoint    ] Total time for which application threads were stopped: 0.0001813 seconds, Stopping threads took: 0.0000990 seconds
[2020-01-13T13:15:21.451+0000][1][safepoint    ] Application time: 1.0001306 seconds
[2020-01-13T13:15:21.451+0000][1][safepoint    ] Entering safepoint region: Cleanup
[2020-01-13T13:15:21.451+0000][1][safepoint    ] Leaving safepoint region
[2020-01-13T13:15:21.452+0000][1][safepoint    ] Total time for which application threads were stopped: 0.0001088 seconds, Stopping threads took: 0.0000367 seconds
[2020-01-13T13:15:22.452+0000][1][safepoint    ] Application time: 1.0000925 seconds
[2020-01-13T13:15:22.452+0000][1][safepoint    ] Entering safepoint region: Cleanup
[2020-01-13T13:15:22.452+0000][1][safepoint    ] Leaving safepoint region
[2020-01-13T13:15:22.452+0000][1][safepoint    ] Total time for which application threads were stopped: 0.0000979 seconds, Stopping threads took: 0.0000283 seconds
[2020-01-13T13:15:23.452+0000][1][safepoint    ] Application time: 1.0000832 seconds
[2020-01-13T13:15:23.452+0000][1][safepoint    ] Entering safepoint region: Cleanup
[2020-01-13T13:15:23.452+0000][1][safepoint    ] Leaving safepoint region
[2020-01-13T13:15:23.452+0000][1][safepoint    ] Total time for which application threads were stopped: 0.0000895 seconds, Stopping threads took: 0.0000310 seconds
[2020-01-13T13:15:24.452+0000][1][safepoint    ] Application time: 1.0001073 seconds
[2020-01-13T13:15:24.452+0000][1][safepoint    ] Entering safepoint region: Cleanup
[2020-01-13T13:15:24.452+0000][1][safepoint    ] Leaving safepoint region
[2020-01-13T13:15:24.452+0000][1][safepoint    ] Total time for which application threads were stopped: 0.0001053 seconds, Stopping threads took: 0.0000266 seconds
[2020-01-13T13:15:25.452+0000][1][safepoint    ] Application time: 1.0001419 seconds
[2020-01-13T13:15:25.453+0000][1][safepoint    ] Entering safepoint region: Cleanup
[2020-01-13T13:15:25.453+0000][1][safepoint    ] Leaving safepoint region
[2020-01-13T13:15:25.453+0000][1][safepoint    ] Total time for which application threads were stopped: 0.0001089 seconds, Stopping threads took: 0.0000284 seconds
[2020-01-13T13:15:26.453+0000][1][safepoint    ] Application time: 1.0000853 seconds
[2020-01-13T13:15:26.453+0000][1][safepoint    ] Entering safepoint region: Cleanup
[2020-01-13T13:15:26.453+0000][1][safepoint    ] Leaving safepoint region
[2020-01-13T13:15:26.453+0000][1][safepoint    ] Total time for which application threads were stopped: 0.0001225 seconds, Stopping threads took: 0.0000263 seconds
[2020-01-13T13:15:27.453+0000][1][safepoint    ] Application time: 1.0001469 seconds
[2020-01-13T13:15:27.453+0000][1][safepoint    ] Entering safepoint region: Cleanup
[2020-01-13T13:15:27.453+0000][1][safepoint    ] Leaving safepoint region
[2020-01-13T13:15:27.453+0000][1][safepoint    ] Total time for which application threads were stopped: 0.0000984 seconds, Stopping threads took: 0.0000265 seconds
[2020-01-13T13:15:28.453+0000][1][safepoint    ] Application time: 1.0000907 seconds
[2020-01-13T13:15:28.453+0000][1][safepoint    ] Entering safepoint region: Cleanup
[2020-01-13T13:15:28.453+0000][1][safepoint    ] Leaving safepoint region
[2020-01-13T13:15:28.453+0000][1][safepoint    ] Total time for which application threads were stopped: 0.0000777 seconds, Stopping threads took: 0.0000180 seconds
[2020-01-13T13:15:29.454+0000][1][safepoint    ] Application time: 1.0001110 seconds
[2020-01-13T13:15:29.455+0000][1][safepoint    ] Entering safepoint region: Cleanup
[2020-01-13T13:15:29.455+0000][1][safepoint    ] Leaving safepoint region
[2020-01-13T13:15:29.455+0000][1][safepoint    ] Total time for which application threads were stopped: 0.0001208 seconds, Stopping threads took: 0.0000485 seconds
[2020-01-13T13:15:30.455+0000][1][safepoint    ] Application time: 1.0001263 seconds
[2020-01-13T13:15:30.455+0000][1][safepoint    ] Entering safepoint region: Cleanup
[2020-01-13T13:15:30.455+0000][1][safepoint    ] Leaving safepoint region
[2020-01-13T13:15:30.455+0000][1][safepoint    ] Total time for which application threads were stopped: 0.0001152 seconds, Stopping threads took: 0.0000255 seconds
[2020-01-13T13:15:31.455+0000][1][safepoint    ] Application time: 1.0001500 seconds
[2020-01-13T13:15:31.455+0000][1][safepoint    ] Entering safepoint region: Cleanup
[2020-01-13T13:15:31.456+0000][1][safepoint    ] Leaving safepoint region
[2020-01-13T13:15:31.456+0000][1][safepoint    ] Total time for which application threads were stopped: 0.0001182 seconds, Stopping threads took: 0.0000329 seconds
[2020-01-13T13:15:32.456+0000][1][safepoint    ] Application time: 1.0001345 seconds
[2020-01-13T13:15:32.456+0000][1][safepoint    ] Entering safepoint region: Cleanup
[2020-01-13T13:15:32.456+0000][1][safepoint    ] Leaving safepoint region
[2020-01-13T13:15:32.456+0000][1][safepoint    ] Total time for which application threads were stopped: 0.0001068 seconds, Stopping threads took: 0.0000275 seconds
[2020-01-13T13:15:33.456+0000][1][safepoint    ] Application time: 1.0001409 seconds
[2020-01-13T13:15:33.456+0000][1][safepoint    ] Entering safepoint region: Cleanup
[2020-01-13T13:15:33.456+0000][1][safepoint    ] Leaving safepoint region
[2020-01-13T13:15:33.456+0000][1][safepoint    ] Total time for which application threads were stopped: 0.0001130 seconds, Stopping threads took: 0.0000276 seconds
[2020-01-13T13:15:34.456+0000][1][safepoint    ] Application time: 1.0001266 seconds
[2020-01-13T13:15:34.458+0000][1][safepoint    ] Entering safepoint region: Cleanup
[2020-01-13T13:15:34.458+0000][1][safepoint    ] Leaving safepoint region
[2020-01-13T13:15:34.458+0000][1][safepoint    ] Total time for which application threads were stopped: 0.0002267 seconds, Stopping threads took: 0.0000749 seconds
[2020-01-13T13:15:35.458+0000][1][safepoint    ] Application time: 1.0001315 seconds
[2020-01-13T13:15:35.458+0000][1][safepoint    ] Entering safepoint region: Cleanup
[2020-01-13T13:15:35.458+0000][1][safepoint    ] Leaving safepoint region
[2020-01-13T13:15:35.458+0000][1][safepoint    ] Total time for which application threads were stopped: 0.0001047 seconds, Stopping threads took: 0.0000261 seconds
[2020-01-13T13:15:36.458+0000][1][safepoint    ] Application time: 1.0000800 seconds
[2020-01-13T13:15:36.458+0000][1][safepoint    ] Entering safepoint region: Cleanup
[2020-01-13T13:15:36.458+0000][1][safepoint    ] Leaving safepoint region
[2020-01-13T13:15:36.458+0000][1][safepoint    ] Total time for which application threads were stopped: 0.0000760 seconds, Stopping threads took: 0.0000191 seconds
[2020-01-13T13:15:37.444+0000][1][safepoint    ] Application time: 0.9861226 seconds
[2020-01-13T13:15:37.444+0000][1][safepoint    ] Entering safepoint region: GenCollectForAllocation
[2020-01-13T13:15:37.445+0000][1][gc,start     ] GC(31) Pause Young (Allocation Failure)
[2020-01-13T13:15:37.445+0000][1][gc,task      ] GC(31) Using 1 workers of 1 for evacuation
[2020-01-13T13:15:37.451+0000][1][gc,age       ] GC(31) Desired survivor size 4358144 bytes, new threshold 6 (max threshold 6)
[2020-01-13T13:15:37.451+0000][1][gc,age       ] GC(31) Age table with threshold 6 (max threshold 6)
[2020-01-13T13:15:37.451+0000][1][gc,age       ] GC(31) - age   1:     580320 bytes,     580320 total
[2020-01-13T13:15:37.451+0000][1][gc,age       ] GC(31) - age   2:       5248 bytes,     585568 total
[2020-01-13T13:15:37.451+0000][1][gc,age       ] GC(31) - age   3:      21216 bytes,     606784 total
[2020-01-13T13:15:37.451+0000][1][gc,age       ] GC(31) - age   4:       5288 bytes,     612072 total
[2020-01-13T13:15:37.451+0000][1][gc,age       ] GC(31) - age   5:       7360 bytes,     619432 total
[2020-01-13T13:15:37.451+0000][1][gc,age       ] GC(31) - age   6:       4832 bytes,     624264 total
[2020-01-13T13:15:37.451+0000][1][gc,heap      ] GC(31) ParNew: 69428K->824K(76672K)
[2020-01-13T13:15:37.451+0000][1][gc,heap      ] GC(31) CMS: 67592K->67612K(176960K)
[2020-01-13T13:15:37.451+0000][1][gc,metaspace ] GC(31) Metaspace: 65955K->65955K(1110016K)
[2020-01-13T13:15:37.451+0000][1][gc           ] GC(31) Pause Young (Allocation Failure) 133M->66M(247M) 6.581ms
[2020-01-13T13:15:37.451+0000][1][gc,cpu       ] GC(31) User=0.00s Sys=0.00s Real=0.01s
[2020-01-13T13:15:37.451+0000][1][safepoint    ] Leaving safepoint region
[2020-01-13T13:15:37.451+0000][1][safepoint    ] Total time for which application threads were stopped: 0.0068390 seconds, Stopping threads took: 0.0000423 seconds
[2020-01-13T13:15:38.457+0000][1][safepoint    ] Application time: 1.0053595 seconds
[2020-01-13T13:15:38.457+0000][1][safepoint    ] Entering safepoint region: Cleanup
[2020-01-13T13:15:38.457+0000][1][safepoint    ] Leaving safepoint region
[2020-01-13T13:15:38.457+0000][1][safepoint    ] Total time for which application threads were stopped: 0.0001223 seconds, Stopping threads took: 0.0000248 seconds
[2020-01-13T13:15:39.457+0000][1][safepoint    ] Application time: 1.0000790 seconds
[2020-01-13T13:15:39.458+0000][1][safepoint    ] Entering safepoint region: Cleanup
[2020-01-13T13:15:39.458+0000][1][safepoint    ] Leaving safepoint region
[2020-01-13T13:15:39.458+0000][1][safepoint    ] Total time for which application threads were stopped: 0.0001233 seconds, Stopping threads took: 0.0000444 seconds
[2020-01-13T13:15:40.458+0000][1][safepoint    ] Application time: 1.0001139 seconds
[2020-01-13T13:15:40.458+0000][1][safepoint    ] Entering safepoint region: Cleanup
[2020-01-13T13:15:40.458+0000][1][safepoint    ] Leaving safepoint region
[2020-01-13T13:15:40.458+0000][1][safepoint    ] Total time for which application threads were stopped: 0.0001079 seconds, Stopping threads took: 0.0000241 seconds
[2020-01-13T13:15:41.458+0000][1][safepoint    ] Application time: 1.0001018 seconds
[2020-01-13T13:15:41.458+0000][1][safepoint    ] Entering safepoint region: Cleanup
[2020-01-13T13:15:41.459+0000][1][safepoint    ] Leaving safepoint region
[2020-01-13T13:15:41.459+0000][1][safepoint    ] Total time for which application threads were stopped: 0.0002061 seconds, Stopping threads took: 0.0000335 seconds
[2020-01-13T13:15:42.459+0000][1][safepoint    ] Application time: 1.0001002 seconds
[2020-01-13T13:15:42.459+0000][1][safepoint    ] Entering safepoint region: Cleanup
[2020-01-13T13:15:42.459+0000][1][safepoint    ] Leaving safepoint region
[2020-01-13T13:15:42.459+0000][1][safepoint    ] Total time for which application threads were stopped: 0.0001000 seconds, Stopping threads took: 0.0000261 seconds
[2020-01-13T13:15:43.459+0000][1][safepoint    ] Application time: 1.0001053 seconds
[2020-01-13T13:15:43.459+0000][1][safepoint    ] Entering safepoint region: Cleanup
[2020-01-13T13:15:43.459+0000][1][safepoint    ] Leaving safepoint region
[2020-01-13T13:15:43.459+0000][1][safepoint    ] Total time for which application threads were stopped: 0.0000975 seconds, Stopping threads took: 0.0000236 seconds
[2020-01-13T13:15:44.459+0000][1][safepoint    ] Application time: 1.0000943 seconds
[2020-01-13T13:15:44.460+0000][1][safepoint    ] Entering safepoint region: Cleanup
[2020-01-13T13:15:44.460+0000][1][safepoint    ] Leaving safepoint region
[2020-01-13T13:15:44.460+0000][1][safepoint    ] Total time for which application threads were stopped: 0.0001574 seconds, Stopping threads took: 0.0000439 seconds
[2020-01-13T13:15:45.461+0000][1][safepoint    ] Application time: 1.0001703 seconds
[2020-01-13T13:15:45.461+0000][1][safepoint    ] Entering safepoint region: Cleanup
[2020-01-13T13:15:45.461+0000][1][safepoint    ] Leaving safepoint region
[2020-01-13T13:15:45.461+0000][1][safepoint    ] Total time for which application threads were stopped: 0.0000973 seconds, Stopping threads took: 0.0000317 seconds
[2020-01-13T13:15:46.461+0000][1][safepoint    ] Application time: 1.0000983 seconds
[2020-01-13T13:15:46.461+0000][1][safepoint    ] Entering safepoint region: Cleanup
[2020-01-13T13:15:46.461+0000][1][safepoint    ] Leaving safepoint region
[2020-01-13T13:15:46.461+0000][1][safepoint    ] Total time for which application threads were stopped: 0.0000939 seconds, Stopping threads took: 0.0000179 seconds
[2020-01-13T13:15:47.461+0000][1][safepoint    ] Application time: 1.0001049 seconds
[2020-01-13T13:15:47.461+0000][1][safepoint    ] Entering safepoint region: Cleanup
[2020-01-13T13:15:47.461+0000][1][safepoint    ] Leaving safepoint region
[2020-01-13T13:15:47.461+0000][1][safepoint    ] Total time for which application threads were stopped: 0.0001021 seconds, Stopping threads took: 0.0000334 seconds
[2020-01-13T13:15:48.461+0000][1][safepoint    ] Application time: 1.0001589 seconds
[2020-01-13T13:15:48.461+0000][1][safepoint    ] Entering safepoint region: Cleanup
[2020-01-13T13:15:48.462+0000][1][safepoint    ] Leaving safepoint region
[2020-01-13T13:15:48.462+0000][1][safepoint    ] Total time for which application threads were stopped: 0.0000951 seconds, Stopping threads took: 0.0000231 seconds
[2020-01-13T13:15:49.462+0000][1][safepoint    ] Application time: 1.0000913 seconds
[2020-01-13T13:15:49.462+0000][1][safepoint    ] Entering safepoint region: Cleanup
[2020-01-13T13:15:49.462+0000][1][safepoint    ] Leaving safepoint region
[2020-01-13T13:15:49.462+0000][1][safepoint    ] Total time for which application threads were stopped: 0.0000817 seconds, Stopping threads took: 0.0000198 seconds
[2020-01-13T13:15:50.462+0000][1][safepoint    ] Application time: 1.0001115 seconds
[2020-01-13T13:15:50.462+0000][1][safepoint    ] Entering safepoint region: Cleanup
[2020-01-13T13:15:50.462+0000][1][safepoint    ] Leaving safepoint region
[2020-01-13T13:15:50.462+0000][1][safepoint    ] Total time for which application threads were stopped: 0.0000852 seconds, Stopping threads took: 0.0000213 seconds
[2020-01-13T13:15:51.462+0000][1][safepoint    ] Application time: 1.0000912 seconds
[2020-01-13T13:15:51.464+0000][1][safepoint    ] Entering safepoint region: Cleanup
[2020-01-13T13:15:51.464+0000][1][safepoint    ] Leaving safepoint region
[2020-01-13T13:15:51.464+0000][1][safepoint    ] Total time for which application threads were stopped: 0.0021244 seconds, Stopping threads took: 0.0020225 seconds
[2020-01-13T13:15:52.465+0000][1][safepoint    ] Application time: 1.0001391 seconds
[2020-01-13T13:15:52.465+0000][1][safepoint    ] Entering safepoint region: Cleanup
[2020-01-13T13:15:52.465+0000][1][safepoint    ] Leaving safepoint region
[2020-01-13T13:15:52.465+0000][1][safepoint    ] Total time for which application threads were stopped: 0.0000977 seconds, Stopping threads took: 0.0000267 seconds
[2020-01-13T13:15:53.465+0000][1][safepoint    ] Application time: 1.0001124 seconds
[2020-01-13T13:15:53.465+0000][1][safepoint    ] Entering safepoint region: Cleanup
[2020-01-13T13:15:53.465+0000][1][safepoint    ] Leaving safepoint region
[2020-01-13T13:15:53.465+0000][1][safepoint    ] Total time for which application threads were stopped: 0.0001307 seconds, Stopping threads took: 0.0000310 seconds
[2020-01-13T13:15:54.465+0000][1][safepoint    ] Application time: 1.0000864 seconds
[2020-01-13T13:15:54.466+0000][1][safepoint    ] Entering safepoint region: Cleanup
[2020-01-13T13:15:54.466+0000][1][safepoint    ] Leaving safepoint region
[2020-01-13T13:15:54.466+0000][1][safepoint    ] Total time for which application threads were stopped: 0.0001452 seconds, Stopping threads took: 0.0000636 seconds
[2020-01-13T13:15:55.466+0000][1][safepoint    ] Application time: 1.0001212 seconds
[2020-01-13T13:15:55.466+0000][1][safepoint    ] Entering safepoint region: Cleanup
[2020-01-13T13:15:55.467+0000][1][safepoint    ] Leaving safepoint region
[2020-01-13T13:15:55.467+0000][1][safepoint    ] Total time for which application threads were stopped: 0.0001192 seconds, Stopping threads took: 0.0000249 seconds
[2020-01-13T13:15:56.467+0000][1][safepoint    ] Application time: 1.0001128 seconds
[2020-01-13T13:15:56.467+0000][1][safepoint    ] Entering safepoint region: Cleanup
[2020-01-13T13:15:56.467+0000][1][safepoint    ] Leaving safepoint region
[2020-01-13T13:15:56.467+0000][1][safepoint    ] Total time for which application threads were stopped: 0.0001102 seconds, Stopping threads took: 0.0000243 seconds
[2020-01-13T13:15:57.467+0000][1][safepoint    ] Application time: 1.0000828 seconds
[2020-01-13T13:15:57.467+0000][1][safepoint    ] Entering safepoint region: Cleanup
[2020-01-13T13:15:57.467+0000][1][safepoint    ] Leaving safepoint region
[2020-01-13T13:15:57.467+0000][1][safepoint    ] Total time for which application threads were stopped: 0.0001367 seconds, Stopping threads took: 0.0000420 seconds
[2020-01-13T13:15:58.467+0000][1][safepoint    ] Application time: 1.0000865 seconds
[2020-01-13T13:15:58.467+0000][1][safepoint    ] Entering safepoint region: Cleanup
[2020-01-13T13:15:58.467+0000][1][safepoint    ] Leaving safepoint region
[2020-01-13T13:15:58.467+0000][1][safepoint    ] Total time for which application threads were stopped: 0.0001063 seconds, Stopping threads took: 0.0000168 seconds
[2020-01-13T13:15:59.467+0000][1][safepoint    ] Application time: 1.0000857 seconds
[2020-01-13T13:15:59.468+0000][1][safepoint    ] Entering safepoint region: Cleanup
[2020-01-13T13:15:59.469+0000][1][safepoint    ] Leaving safepoint region
[2020-01-13T13:15:59.469+0000][1][safepoint    ] Total time for which application threads were stopped: 0.0001501 seconds, Stopping threads took: 0.0000659 seconds
[2020-01-13T13:16:00.469+0000][1][safepoint    ] Application time: 1.0000961 seconds
[2020-01-13T13:16:00.469+0000][1][safepoint    ] Entering safepoint region: Cleanup
[2020-01-13T13:16:00.469+0000][1][safepoint    ] Leaving safepoint region
[2020-01-13T13:16:00.469+0000][1][safepoint    ] Total time for which application threads were stopped: 0.0001069 seconds, Stopping threads took: 0.0000277 seconds
[2020-01-13T13:16:01.469+0000][1][safepoint    ] Application time: 1.0001004 seconds
[2020-01-13T13:16:01.469+0000][1][safepoint    ] Entering safepoint region: Cleanup
[2020-01-13T13:16:01.469+0000][1][safepoint    ] Leaving safepoint region
[2020-01-13T13:16:01.469+0000][1][safepoint    ] Total time for which application threads were stopped: 0.0000893 seconds, Stopping threads took: 0.0000201 seconds
[2020-01-13T13:16:02.469+0000][1][safepoint    ] Application time: 1.0000897 seconds
[2020-01-13T13:16:02.469+0000][1][safepoint    ] Entering safepoint region: Cleanup
[2020-01-13T13:16:02.469+0000][1][safepoint    ] Leaving safepoint region
[2020-01-13T13:16:02.469+0000][1][safepoint    ] Total time for which application threads were stopped: 0.0001198 seconds, Stopping threads took: 0.0000354 seconds
[2020-01-13T13:16:03.470+0000][1][safepoint    ] Application time: 1.0000776 seconds
[2020-01-13T13:16:03.470+0000][1][safepoint    ] Entering safepoint region: Cleanup
[2020-01-13T13:16:03.470+0000][1][safepoint    ] Leaving safepoint region
[2020-01-13T13:16:03.470+0000][1][safepoint    ] Total time for which application threads were stopped: 0.0001400 seconds, Stopping threads took: 0.0000421 seconds
[2020-01-13T13:16:04.470+0000][1][safepoint    ] Application time: 1.0000882 seconds
[2020-01-13T13:16:04.471+0000][1][safepoint    ] Entering safepoint region: Cleanup
[2020-01-13T13:16:04.471+0000][1][safepoint    ] Leaving safepoint region
[2020-01-13T13:16:04.471+0000][1][safepoint    ] Total time for which application threads were stopped: 0.0001342 seconds, Stopping threads took: 0.0000411 seconds
[2020-01-13T13:16:05.471+0000][1][safepoint    ] Application time: 1.0000971 seconds
[2020-01-13T13:16:05.471+0000][1][safepoint    ] Entering safepoint region: Cleanup
[2020-01-13T13:16:05.471+0000][1][safepoint    ] Leaving safepoint region
[2020-01-13T13:16:05.471+0000][1][safepoint    ] Total time for which application threads were stopped: 0.0000926 seconds, Stopping threads took: 0.0000278 seconds
[2020-01-13T13:16:06.471+0000][1][safepoint    ] Application time: 1.0000761 seconds
[2020-01-13T13:16:06.473+0000][1][safepoint    ] Entering safepoint region: Cleanup
[2020-01-13T13:16:06.473+0000][1][safepoint    ] Leaving safepoint region
[2020-01-13T13:16:06.473+0000][1][safepoint    ] Total time for which application threads were stopped: 0.0022682 seconds, Stopping threads took: 0.0021311 seconds
[2020-01-13T13:16:07.474+0000][1][safepoint    ] Application time: 1.0002321 seconds
[2020-01-13T13:16:07.474+0000][1][safepoint    ] Entering safepoint region: Cleanup
[2020-01-13T13:16:07.474+0000][1][safepoint    ] Leaving safepoint region
[2020-01-13T13:16:07.474+0000][1][safepoint    ] Total time for which application threads were stopped: 0.0001377 seconds, Stopping threads took: 0.0000297 seconds
[2020-01-13T13:16:08.474+0000][1][safepoint    ] Application time: 1.0000853 seconds
[2020-01-13T13:16:08.476+0000][1][safepoint    ] Entering safepoint region: Cleanup
[2020-01-13T13:16:08.476+0000][1][safepoint    ] Leaving safepoint region
[2020-01-13T13:16:08.476+0000][1][safepoint    ] Total time for which application threads were stopped: 0.0018989 seconds, Stopping threads took: 0.0017444 seconds
[2020-01-13T13:16:09.476+0000][1][safepoint    ] Application time: 1.0001199 seconds
[2020-01-13T13:16:09.477+0000][1][safepoint    ] Entering safepoint region: Cleanup
[2020-01-13T13:16:09.477+0000][1][safepoint    ] Leaving safepoint region
[2020-01-13T13:16:09.477+0000][1][safepoint    ] Total time for which application threads were stopped: 0.0001394 seconds, Stopping threads took: 0.0000519 seconds
[2020-01-13T13:16:10.477+0000][1][safepoint    ] Application time: 1.0001046 seconds
[2020-01-13T13:16:10.477+0000][1][safepoint    ] Entering safepoint region: Cleanup
[2020-01-13T13:16:10.478+0000][1][safepoint    ] Leaving safepoint region
[2020-01-13T13:16:10.478+0000][1][safepoint    ] Total time for which application threads were stopped: 0.0001299 seconds, Stopping threads took: 0.0000331 seconds
[2020-01-13T13:16:11.478+0000][1][safepoint    ] Application time: 1.0000796 seconds
[2020-01-13T13:16:11.479+0000][1][safepoint    ] Entering safepoint region: Cleanup
[2020-01-13T13:16:11.479+0000][1][safepoint    ] Leaving safepoint region
[2020-01-13T13:16:11.479+0000][1][safepoint    ] Total time for which application threads were stopped: 0.0012970 seconds, Stopping threads took: 0.0012182 seconds
[2020-01-13T13:16:12.479+0000][1][safepoint    ] Application time: 1.0004767 seconds
[2020-01-13T13:16:12.480+0000][1][safepoint    ] Entering safepoint region: Cleanup
[2020-01-13T13:16:12.480+0000][1][safepoint    ] Leaving safepoint region
[2020-01-13T13:16:12.480+0000][1][safepoint    ] Total time for which application threads were stopped: 0.0000940 seconds, Stopping threads took: 0.0000190 seconds
[2020-01-13T13:16:13.480+0000][1][safepoint    ] Application time: 1.0000778 seconds
[2020-01-13T13:16:13.480+0000][1][safepoint    ] Entering safepoint region: Cleanup
[2020-01-13T13:16:13.480+0000][1][safepoint    ] Leaving safepoint region
[2020-01-13T13:16:13.480+0000][1][safepoint    ] Total time for which application threads were stopped: 0.0000796 seconds, Stopping threads took: 0.0000177 seconds
[2020-01-13T13:16:14.431+0000][1][safepoint    ] Application time: 0.9514494 seconds
[2020-01-13T13:16:14.431+0000][1][safepoint    ] Entering safepoint region: GenCollectForAllocation
[2020-01-13T13:16:14.432+0000][1][gc,start     ] GC(32) Pause Young (Allocation Failure)
[2020-01-13T13:16:14.432+0000][1][gc,task      ] GC(32) Using 1 workers of 1 for evacuation
[2020-01-13T13:16:14.437+0000][1][gc,age       ] GC(32) Desired survivor size 4358144 bytes, new threshold 6 (max threshold 6)
[2020-01-13T13:16:14.437+0000][1][gc,age       ] GC(32) Age table with threshold 6 (max threshold 6)
[2020-01-13T13:16:14.437+0000][1][gc,age       ] GC(32) - age   1:     600560 bytes,     600560 total
[2020-01-13T13:16:14.437+0000][1][gc,age       ] GC(32) - age   2:       4016 bytes,     604576 total
[2020-01-13T13:16:14.437+0000][1][gc,age       ] GC(32) - age   3:       4960 bytes,     609536 total
[2020-01-13T13:16:14.437+0000][1][gc,age       ] GC(32) - age   4:      21216 bytes,     630752 total
[2020-01-13T13:16:14.437+0000][1][gc,age       ] GC(32) - age   5:       5288 bytes,     636040 total
[2020-01-13T13:16:14.437+0000][1][gc,age       ] GC(32) - age   6:       7360 bytes,     643400 total
[2020-01-13T13:16:14.437+0000][1][gc,heap      ] GC(32) ParNew: 68969K->1120K(76672K)
[2020-01-13T13:16:14.437+0000][1][gc,heap      ] GC(32) CMS: 67612K->67616K(176960K)
[2020-01-13T13:16:14.437+0000][1][gc,metaspace ] GC(32) Metaspace: 66009K->66009K(1110016K)
[2020-01-13T13:16:14.437+0000][1][gc           ] GC(32) Pause Young (Allocation Failure) 133M->67M(247M) 5.858ms
[2020-01-13T13:16:14.437+0000][1][gc,cpu       ] GC(32) User=0.00s Sys=0.00s Real=0.00s
[2020-01-13T13:16:14.437+0000][1][safepoint    ] Leaving safepoint region
[2020-01-13T13:16:14.437+0000][1][safepoint    ] Total time for which application threads were stopped: 0.0060681 seconds, Stopping threads took: 0.0000385 seconds
[2020-01-13T13:16:15.438+0000][1][safepoint    ] Application time: 1.0007330 seconds
[2020-01-13T13:16:15.438+0000][1][safepoint    ] Entering safepoint region: Cleanup
[2020-01-13T13:16:15.438+0000][1][safepoint    ] Leaving safepoint region
[2020-01-13T13:16:15.438+0000][1][safepoint    ] Total time for which application threads were stopped: 0.0001219 seconds, Stopping threads took: 0.0000274 seconds
[2020-01-13T13:16:16.439+0000][1][safepoint    ] Application time: 1.0001031 seconds
[2020-01-13T13:16:16.439+0000][1][safepoint    ] Entering safepoint region: Cleanup
[2020-01-13T13:16:16.439+0000][1][safepoint    ] Leaving safepoint region
[2020-01-13T13:16:16.439+0000][1][safepoint    ] Total time for which application threads were stopped: 0.0001297 seconds, Stopping threads took: 0.0000460 seconds
[2020-01-13T13:16:17.439+0000][1][safepoint    ] Application time: 1.0000877 seconds
[2020-01-13T13:16:17.439+0000][1][safepoint    ] Entering safepoint region: Cleanup
[2020-01-13T13:16:17.439+0000][1][safepoint    ] Leaving safepoint region
[2020-01-13T13:16:17.439+0000][1][safepoint    ] Total time for which application threads were stopped: 0.0001113 seconds, Stopping threads took: 0.0000250 seconds
[2020-01-13T13:16:18.439+0000][1][safepoint    ] Application time: 1.0001136 seconds
[2020-01-13T13:16:18.439+0000][1][safepoint    ] Entering safepoint region: Cleanup
[2020-01-13T13:16:18.439+0000][1][safepoint    ] Leaving safepoint region
[2020-01-13T13:16:18.439+0000][1][safepoint    ] Total time for which application threads were stopped: 0.0001651 seconds, Stopping threads took: 0.0000324 seconds
[2020-01-13T13:16:19.439+0000][1][safepoint    ] Application time: 1.0001186 seconds
[2020-01-13T13:16:19.440+0000][1][safepoint    ] Entering safepoint region: Cleanup
[2020-01-13T13:16:19.440+0000][1][safepoint    ] Leaving safepoint region
[2020-01-13T13:16:19.440+0000][1][safepoint    ] Total time for which application threads were stopped: 0.0001018 seconds, Stopping threads took: 0.0000265 seconds
[2020-01-13T13:16:20.440+0000][1][safepoint    ] Application time: 1.0005865 seconds
[2020-01-13T13:16:20.440+0000][1][safepoint    ] Entering safepoint region: Cleanup
[2020-01-13T13:16:20.440+0000][1][safepoint    ] Leaving safepoint region
[2020-01-13T13:16:20.441+0000][1][safepoint    ] Total time for which application threads were stopped: 0.0001239 seconds, Stopping threads took: 0.0000310 seconds
[2020-01-13T13:16:21.441+0000][1][safepoint    ] Application time: 1.0001170 seconds
[2020-01-13T13:16:21.441+0000][1][safepoint    ] Entering safepoint region: Cleanup
[2020-01-13T13:16:21.441+0000][1][safepoint    ] Leaving safepoint region
[2020-01-13T13:16:21.441+0000][1][safepoint    ] Total time for which application threads were stopped: 0.0001245 seconds, Stopping threads took: 0.0000354 seconds
[2020-01-13T13:16:22.441+0000][1][safepoint    ] Application time: 1.0001182 seconds
[2020-01-13T13:16:22.441+0000][1][safepoint    ] Entering safepoint region: Cleanup
[2020-01-13T13:16:22.441+0000][1][safepoint    ] Leaving safepoint region
[2020-01-13T13:16:22.441+0000][1][safepoint    ] Total time for which application threads were stopped: 0.0001160 seconds, Stopping threads took: 0.0000264 seconds
[2020-01-13T13:16:23.442+0000][1][safepoint    ] Application time: 1.0008531 seconds
[2020-01-13T13:16:23.442+0000][1][safepoint    ] Entering safepoint region: Cleanup
[2020-01-13T13:16:23.442+0000][1][safepoint    ] Leaving safepoint region
[2020-01-13T13:16:23.442+0000][1][safepoint    ] Total time for which application threads were stopped: 0.0001385 seconds, Stopping threads took: 0.0000341 seconds
[2020-01-13T13:16:24.442+0000][1][safepoint    ] Application time: 1.0001388 seconds
[2020-01-13T13:16:24.444+0000][1][safepoint    ] Entering safepoint region: Cleanup
[2020-01-13T13:16:24.444+0000][1][safepoint    ] Leaving safepoint region
[2020-01-13T13:16:24.444+0000][1][safepoint    ] Total time for which application threads were stopped: 0.0001525 seconds, Stopping threads took: 0.0000441 seconds
[2020-01-13T13:16:25.444+0000][1][safepoint    ] Application time: 1.0001427 seconds
[2020-01-13T13:16:25.444+0000][1][safepoint    ] Entering safepoint region: Cleanup
[2020-01-13T13:16:25.444+0000][1][safepoint    ] Leaving safepoint region
[2020-01-13T13:16:25.444+0000][1][safepoint    ] Total time for which application threads were stopped: 0.0002012 seconds, Stopping threads took: 0.0001093 seconds
[2020-01-13T13:16:26.444+0000][1][safepoint    ] Application time: 1.0001357 seconds
[2020-01-13T13:16:26.444+0000][1][safepoint    ] Entering safepoint region: Cleanup
[2020-01-13T13:16:26.444+0000][1][safepoint    ] Leaving safepoint region
[2020-01-13T13:16:26.444+0000][1][safepoint    ] Total time for which application threads were stopped: 0.0001253 seconds, Stopping threads took: 0.0000372 seconds
[2020-01-13T13:16:27.445+0000][1][safepoint    ] Application time: 1.0001069 seconds
[2020-01-13T13:16:27.445+0000][1][safepoint    ] Entering safepoint region: Cleanup
[2020-01-13T13:16:27.445+0000][1][safepoint    ] Leaving safepoint region
[2020-01-13T13:16:27.445+0000][1][safepoint    ] Total time for which application threads were stopped: 0.0001364 seconds, Stopping threads took: 0.0000467 seconds
[2020-01-13T13:16:28.445+0000][1][safepoint    ] Application time: 1.0000999 seconds
[2020-01-13T13:16:28.445+0000][1][safepoint    ] Entering safepoint region: Cleanup
[2020-01-13T13:16:28.445+0000][1][safepoint    ] Leaving safepoint region
[2020-01-13T13:16:28.445+0000][1][safepoint    ] Total time for which application threads were stopped: 0.0001075 seconds, Stopping threads took: 0.0000213 seconds
[2020-01-13T13:16:29.445+0000][1][safepoint    ] Application time: 1.0001204 seconds
[2020-01-13T13:16:29.446+0000][1][safepoint    ] Entering safepoint region: Cleanup
[2020-01-13T13:16:29.447+0000][1][safepoint    ] Leaving safepoint region
[2020-01-13T13:16:29.447+0000][1][safepoint    ] Total time for which application threads were stopped: 0.0001516 seconds, Stopping threads took: 0.0000494 seconds
[2020-01-13T13:16:30.447+0000][1][safepoint    ] Application time: 1.0001357 seconds
[2020-01-13T13:16:30.447+0000][1][safepoint    ] Entering safepoint region: Cleanup
[2020-01-13T13:16:30.447+0000][1][safepoint    ] Leaving safepoint region
[2020-01-13T13:16:30.447+0000][1][safepoint    ] Total time for which application threads were stopped: 0.0001262 seconds, Stopping threads took: 0.0000316 seconds
[2020-01-13T13:16:31.447+0000][1][safepoint    ] Application time: 1.0001083 seconds
[2020-01-13T13:16:31.447+0000][1][safepoint    ] Entering safepoint region: Cleanup
[2020-01-13T13:16:31.447+0000][1][safepoint    ] Leaving safepoint region
[2020-01-13T13:16:31.447+0000][1][safepoint    ] Total time for which application threads were stopped: 0.0001462 seconds, Stopping threads took: 0.0000238 seconds
[2020-01-13T13:16:32.447+0000][1][safepoint    ] Application time: 1.0001233 seconds
[2020-01-13T13:16:32.447+0000][1][safepoint    ] Entering safepoint region: Cleanup
[2020-01-13T13:16:32.448+0000][1][safepoint    ] Leaving safepoint region
[2020-01-13T13:16:32.448+0000][1][safepoint    ] Total time for which application threads were stopped: 0.0001296 seconds, Stopping threads took: 0.0000391 seconds
[2020-01-13T13:16:33.448+0000][1][safepoint    ] Application time: 1.0008004 seconds
[2020-01-13T13:16:33.448+0000][1][safepoint    ] Entering safepoint region: Cleanup
[2020-01-13T13:16:33.449+0000][1][safepoint    ] Leaving safepoint region
[2020-01-13T13:16:33.449+0000][1][safepoint    ] Total time for which application threads were stopped: 0.0001355 seconds, Stopping threads took: 0.0000316 seconds
[2020-01-13T13:16:34.449+0000][1][safepoint    ] Application time: 1.0001404 seconds
[2020-01-13T13:16:34.450+0000][1][safepoint    ] Entering safepoint region: Cleanup
[2020-01-13T13:16:34.450+0000][1][safepoint    ] Leaving safepoint region
[2020-01-13T13:16:34.450+0000][1][safepoint    ] Total time for which application threads were stopped: 0.0001261 seconds, Stopping threads took: 0.0000449 seconds
[2020-01-13T13:16:35.450+0000][1][safepoint    ] Application time: 1.0001426 seconds
[2020-01-13T13:16:35.450+0000][1][safepoint    ] Entering safepoint region: Cleanup
[2020-01-13T13:16:35.450+0000][1][safepoint    ] Leaving safepoint region
[2020-01-13T13:16:35.450+0000][1][safepoint    ] Total time for which application threads were stopped: 0.0002061 seconds, Stopping threads took: 0.0000372 seconds
[2020-01-13T13:16:36.450+0000][1][safepoint    ] Application time: 1.0001373 seconds
[2020-01-13T13:16:36.450+0000][1][safepoint    ] Entering safepoint region: Cleanup
[2020-01-13T13:16:36.451+0000][1][safepoint    ] Leaving safepoint region
[2020-01-13T13:16:36.451+0000][1][safepoint    ] Total time for which application threads were stopped: 0.0001229 seconds, Stopping threads took: 0.0000265 seconds
[2020-01-13T13:16:37.451+0000][1][safepoint    ] Application time: 1.0001094 seconds
[2020-01-13T13:16:37.451+0000][1][safepoint    ] Entering safepoint region: Cleanup
[2020-01-13T13:16:37.451+0000][1][safepoint    ] Leaving safepoint region
[2020-01-13T13:16:37.451+0000][1][safepoint    ] Total time for which application threads were stopped: 0.0001301 seconds, Stopping threads took: 0.0000469 seconds
[2020-01-13T13:16:38.451+0000][1][safepoint    ] Application time: 1.0000920 seconds
[2020-01-13T13:16:38.451+0000][1][safepoint    ] Entering safepoint region: Cleanup
[2020-01-13T13:16:38.451+0000][1][safepoint    ] Leaving safepoint region
[2020-01-13T13:16:38.451+0000][1][safepoint    ] Total time for which application threads were stopped: 0.0001410 seconds, Stopping threads took: 0.0000237 seconds
[2020-01-13T13:16:39.451+0000][1][safepoint    ] Application time: 1.0000765 seconds
[2020-01-13T13:16:39.452+0000][1][safepoint    ] Entering safepoint region: Cleanup
[2020-01-13T13:16:39.452+0000][1][safepoint    ] Leaving safepoint region
[2020-01-13T13:16:39.452+0000][1][safepoint    ] Total time for which application threads were stopped: 0.0001516 seconds, Stopping threads took: 0.0000424 seconds
[2020-01-13T13:16:40.452+0000][1][safepoint    ] Application time: 1.0001098 seconds
[2020-01-13T13:16:40.453+0000][1][safepoint    ] Entering safepoint region: Cleanup
[2020-01-13T13:16:40.453+0000][1][safepoint    ] Leaving safepoint region
[2020-01-13T13:16:40.453+0000][1][safepoint    ] Total time for which application threads were stopped: 0.0001255 seconds, Stopping threads took: 0.0000295 seconds
[2020-01-13T13:16:41.453+0000][1][safepoint    ] Application time: 1.0000951 seconds
[2020-01-13T13:16:41.453+0000][1][safepoint    ] Entering safepoint region: Cleanup
[2020-01-13T13:16:41.453+0000][1][safepoint    ] Leaving safepoint region
[2020-01-13T13:16:41.453+0000][1][safepoint    ] Total time for which application threads were stopped: 0.0001417 seconds, Stopping threads took: 0.0000352 seconds
[2020-01-13T13:16:42.453+0000][1][safepoint    ] Application time: 1.0002004 seconds
[2020-01-13T13:16:42.453+0000][1][safepoint    ] Entering safepoint region: Cleanup
[2020-01-13T13:16:42.453+0000][1][safepoint    ] Leaving safepoint region
[2020-01-13T13:16:42.453+0000][1][safepoint    ] Total time for which application threads were stopped: 0.0001459 seconds, Stopping threads took: 0.0000316 seconds
[2020-01-13T13:16:43.454+0000][1][safepoint    ] Application time: 1.0001492 seconds
[2020-01-13T13:16:43.454+0000][1][safepoint    ] Entering safepoint region: Cleanup
[2020-01-13T13:16:43.454+0000][1][safepoint    ] Leaving safepoint region
[2020-01-13T13:16:43.454+0000][1][safepoint    ] Total time for which application threads were stopped: 0.0001367 seconds, Stopping threads took: 0.0000301 seconds
[2020-01-13T13:16:44.454+0000][1][safepoint    ] Application time: 1.0001866 seconds
[2020-01-13T13:16:44.456+0000][1][safepoint    ] Entering safepoint region: Cleanup
[2020-01-13T13:16:44.456+0000][1][safepoint    ] Leaving safepoint region
[2020-01-13T13:16:44.456+0000][1][safepoint    ] Total time for which application threads were stopped: 0.0001395 seconds, Stopping threads took: 0.0000594 seconds
[2020-01-13T13:16:45.456+0000][1][safepoint    ] Application time: 1.0001616 seconds
[2020-01-13T13:16:45.456+0000][1][safepoint    ] Entering safepoint region: Cleanup
[2020-01-13T13:16:45.456+0000][1][safepoint    ] Leaving safepoint region
[2020-01-13T13:16:45.456+0000][1][safepoint    ] Total time for which application threads were stopped: 0.0001218 seconds, Stopping threads took: 0.0000408 seconds
[2020-01-13T13:16:46.456+0000][1][safepoint    ] Application time: 1.0001468 seconds
[2020-01-13T13:16:46.456+0000][1][safepoint    ] Entering safepoint region: Cleanup
[2020-01-13T13:16:46.456+0000][1][safepoint    ] Leaving safepoint region
[2020-01-13T13:16:46.456+0000][1][safepoint    ] Total time for which application threads were stopped: 0.0001435 seconds, Stopping threads took: 0.0000295 seconds
[2020-01-13T13:16:47.457+0000][1][safepoint    ] Application time: 1.0001121 seconds
[2020-01-13T13:16:47.457+0000][1][safepoint    ] Entering safepoint region: Cleanup
[2020-01-13T13:16:47.457+0000][1][safepoint    ] Leaving safepoint region
[2020-01-13T13:16:47.457+0000][1][safepoint    ] Total time for which application threads were stopped: 0.0001306 seconds, Stopping threads took: 0.0000454 seconds
[2020-01-13T13:16:48.457+0000][1][safepoint    ] Application time: 1.0001354 seconds
[2020-01-13T13:16:48.457+0000][1][safepoint    ] Entering safepoint region: Cleanup
[2020-01-13T13:16:48.457+0000][1][safepoint    ] Leaving safepoint region
[2020-01-13T13:16:48.457+0000][1][safepoint    ] Total time for which application threads were stopped: 0.0001182 seconds, Stopping threads took: 0.0000235 seconds
[2020-01-13T13:16:49.457+0000][1][safepoint    ] Application time: 1.0001388 seconds
[2020-01-13T13:16:49.457+0000][1][safepoint    ] Entering safepoint region: Cleanup
[2020-01-13T13:16:49.457+0000][1][safepoint    ] Leaving safepoint region
[2020-01-13T13:16:49.457+0000][1][safepoint    ] Total time for which application threads were stopped: 0.0001388 seconds, Stopping threads took: 0.0000263 seconds
[2020-01-13T13:16:50.458+0000][1][safepoint    ] Application time: 1.0001355 seconds
[2020-01-13T13:16:50.458+0000][1][safepoint    ] Entering safepoint region: Cleanup
[2020-01-13T13:16:50.458+0000][1][safepoint    ] Leaving safepoint region
[2020-01-13T13:16:50.458+0000][1][safepoint    ] Total time for which application threads were stopped: 0.0001167 seconds, Stopping threads took: 0.0000259 seconds
[2020-01-13T13:16:51.458+0000][1][safepoint    ] Application time: 1.0001588 seconds
[2020-01-13T13:16:51.458+0000][1][safepoint    ] Entering safepoint region: Cleanup
[2020-01-13T13:16:51.458+0000][1][safepoint    ] Leaving safepoint region
[2020-01-13T13:16:51.458+0000][1][safepoint    ] Total time for which application threads were stopped: 0.0001162 seconds, Stopping threads took: 0.0000290 seconds
[2020-01-13T13:16:52.458+0000][1][safepoint    ] Application time: 1.0001327 seconds
[2020-01-13T13:16:52.458+0000][1][safepoint    ] Entering safepoint region: Cleanup
[2020-01-13T13:16:52.458+0000][1][safepoint    ] Leaving safepoint region
[2020-01-13T13:16:52.458+0000][1][safepoint    ] Total time for which application threads were stopped: 0.0001358 seconds, Stopping threads took: 0.0000245 seconds
[2020-01-13T13:16:52.507+0000][1][safepoint    ] Application time: 0.0485409 seconds
[2020-01-13T13:16:52.507+0000][1][safepoint    ] Entering safepoint region: GenCollectForAllocation
[2020-01-13T13:16:52.507+0000][1][gc,start     ] GC(33) Pause Young (Allocation Failure)
[2020-01-13T13:16:52.507+0000][1][gc,task      ] GC(33) Using 1 workers of 1 for evacuation
[2020-01-13T13:16:52.515+0000][1][gc,age       ] GC(33) Desired survivor size 4358144 bytes, new threshold 6 (max threshold 6)
[2020-01-13T13:16:52.515+0000][1][gc,age       ] GC(33) Age table with threshold 6 (max threshold 6)
[2020-01-13T13:16:52.515+0000][1][gc,age       ] GC(33) - age   1:     612112 bytes,     612112 total
[2020-01-13T13:16:52.515+0000][1][gc,age       ] GC(33) - age   2:       6008 bytes,     618120 total
[2020-01-13T13:16:52.515+0000][1][gc,age       ] GC(33) - age   3:       4016 bytes,     622136 total
[2020-01-13T13:16:52.515+0000][1][gc,age       ] GC(33) - age   4:       4960 bytes,     627096 total
[2020-01-13T13:16:52.515+0000][1][gc,age       ] GC(33) - age   5:      21216 bytes,     648312 total
[2020-01-13T13:16:52.515+0000][1][gc,age       ] GC(33) - age   6:       5288 bytes,     653600 total
[2020-01-13T13:16:52.515+0000][1][gc,heap      ] GC(33) ParNew: 69280K->751K(76672K)
[2020-01-13T13:16:52.515+0000][1][gc,heap      ] GC(33) CMS: 67616K->67623K(176960K)
[2020-01-13T13:16:52.515+0000][1][gc,metaspace ] GC(33) Metaspace: 66026K->66026K(1110016K)
[2020-01-13T13:16:52.515+0000][1][gc           ] GC(33) Pause Young (Allocation Failure) 133M->66M(247M) 7.644ms
[2020-01-13T13:16:52.515+0000][1][gc,cpu       ] GC(33) User=0.01s Sys=0.00s Real=0.01s
[2020-01-13T13:16:52.515+0000][1][safepoint    ] Leaving safepoint region
[2020-01-13T13:16:52.515+0000][1][safepoint    ] Total time for which application threads were stopped: 0.0078219 seconds, Stopping threads took: 0.0000350 seconds
[2020-01-13T13:16:53.517+0000][1][safepoint    ] Application time: 1.0022661 seconds
[2020-01-13T13:16:53.517+0000][1][safepoint    ] Entering safepoint region: Cleanup
[2020-01-13T13:16:53.517+0000][1][safepoint    ] Leaving safepoint region
[2020-01-13T13:16:53.517+0000][1][safepoint    ] Total time for which application threads were stopped: 0.0001084 seconds, Stopping threads took: 0.0000284 seconds
[2020-01-13T13:16:54.517+0000][1][safepoint    ] Application time: 1.0000440 seconds
[2020-01-13T13:16:54.518+0000][1][safepoint    ] Entering safepoint region: Cleanup
[2020-01-13T13:16:54.519+0000][1][safepoint    ] Leaving safepoint region
[2020-01-13T13:16:54.519+0000][1][safepoint    ] Total time for which application threads were stopped: 0.0001555 seconds, Stopping threads took: 0.0000695 seconds
[2020-01-13T13:16:55.519+0000][1][safepoint    ] Application time: 1.0001643 seconds
[2020-01-13T13:16:55.519+0000][1][safepoint    ] Entering safepoint region: Cleanup
[2020-01-13T13:16:55.519+0000][1][safepoint    ] Leaving safepoint region
[2020-01-13T13:16:55.519+0000][1][safepoint    ] Total time for which application threads were stopped: 0.0001042 seconds, Stopping threads took: 0.0000264 seconds
[2020-01-13T13:16:56.519+0000][1][safepoint    ] Application time: 1.0001372 seconds
[2020-01-13T13:16:56.519+0000][1][safepoint    ] Entering safepoint region: Cleanup
[2020-01-13T13:16:56.519+0000][1][safepoint    ] Leaving safepoint region
[2020-01-13T13:16:56.519+0000][1][safepoint    ] Total time for which application threads were stopped: 0.0001097 seconds, Stopping threads took: 0.0000273 seconds
[2020-01-13T13:16:57.519+0000][1][safepoint    ] Application time: 1.0001901 seconds
[2020-01-13T13:16:57.520+0000][1][safepoint    ] Entering safepoint region: Cleanup
[2020-01-13T13:16:57.520+0000][1][safepoint    ] Leaving safepoint region
[2020-01-13T13:16:57.520+0000][1][safepoint    ] Total time for which application threads were stopped: 0.0001725 seconds, Stopping threads took: 0.0000347 seconds
[2020-01-13T13:16:58.520+0000][1][safepoint    ] Application time: 1.0000804 seconds
[2020-01-13T13:16:58.520+0000][1][safepoint    ] Entering safepoint region: Cleanup
[2020-01-13T13:16:58.520+0000][1][safepoint    ] Leaving safepoint region
[2020-01-13T13:16:58.520+0000][1][safepoint    ] Total time for which application threads were stopped: 0.0000803 seconds, Stopping threads took: 0.0000192 seconds
[2020-01-13T13:16:59.520+0000][1][safepoint    ] Application time: 1.0001579 seconds
[2020-01-13T13:16:59.521+0000][1][safepoint    ] Entering safepoint region: Cleanup
[2020-01-13T13:16:59.521+0000][1][safepoint    ] Leaving safepoint region
[2020-01-13T13:16:59.521+0000][1][safepoint    ] Total time for which application threads were stopped: 0.0001737 seconds, Stopping threads took: 0.0000788 seconds
[2020-01-13T13:17:00.522+0000][1][safepoint    ] Application time: 1.0001514 seconds
[2020-01-13T13:17:00.522+0000][1][safepoint    ] Entering safepoint region: Cleanup
[2020-01-13T13:17:00.522+0000][1][safepoint    ] Leaving safepoint region
[2020-01-13T13:17:00.522+0000][1][safepoint    ] Total time for which application threads were stopped: 0.0001205 seconds, Stopping threads took: 0.0000284 seconds
[2020-01-13T13:17:01.522+0000][1][safepoint    ] Application time: 1.0000916 seconds
[2020-01-13T13:17:01.522+0000][1][safepoint    ] Entering safepoint region: Cleanup
[2020-01-13T13:17:01.522+0000][1][safepoint    ] Leaving safepoint region
[2020-01-13T13:17:01.522+0000][1][safepoint    ] Total time for which application threads were stopped: 0.0000916 seconds, Stopping threads took: 0.0000238 seconds
[2020-01-13T13:17:02.522+0000][1][safepoint    ] Application time: 1.0001559 seconds
[2020-01-13T13:17:02.522+0000][1][safepoint    ] Entering safepoint region: Cleanup
[2020-01-13T13:17:02.523+0000][1][safepoint    ] Leaving safepoint region
[2020-01-13T13:17:02.523+0000][1][safepoint    ] Total time for which application threads were stopped: 0.0002328 seconds, Stopping threads took: 0.0001484 seconds
[2020-01-13T13:17:03.523+0000][1][safepoint    ] Application time: 1.0001601 seconds
[2020-01-13T13:17:03.523+0000][1][safepoint    ] Entering safepoint region: Cleanup
[2020-01-13T13:17:03.523+0000][1][safepoint    ] Leaving safepoint region
[2020-01-13T13:17:03.523+0000][1][safepoint    ] Total time for which application threads were stopped: 0.0001046 seconds, Stopping threads took: 0.0000300 seconds
[2020-01-13T13:17:04.523+0000][1][safepoint    ] Application time: 1.0001541 seconds
[2020-01-13T13:17:04.524+0000][1][safepoint    ] Entering safepoint region: Cleanup
[2020-01-13T13:17:04.524+0000][1][safepoint    ] Leaving safepoint region
[2020-01-13T13:17:04.524+0000][1][safepoint    ] Total time for which application threads were stopped: 0.0001708 seconds, Stopping threads took: 0.0000652 seconds
[2020-01-13T13:17:05.525+0000][1][safepoint    ] Application time: 1.0001942 seconds
[2020-01-13T13:17:05.525+0000][1][safepoint    ] Entering safepoint region: Cleanup
[2020-01-13T13:17:05.525+0000][1][safepoint    ] Leaving safepoint region
[2020-01-13T13:17:05.525+0000][1][safepoint    ] Total time for which application threads were stopped: 0.0001208 seconds, Stopping threads took: 0.0000270 seconds
[2020-01-13T13:17:06.525+0000][1][safepoint    ] Application time: 1.0001331 seconds
[2020-01-13T13:17:06.525+0000][1][safepoint    ] Entering safepoint region: Cleanup
[2020-01-13T13:17:06.525+0000][1][safepoint    ] Leaving safepoint region
[2020-01-13T13:17:06.525+0000][1][safepoint    ] Total time for which application threads were stopped: 0.0001303 seconds, Stopping threads took: 0.0000369 seconds
[2020-01-13T13:17:07.526+0000][1][safepoint    ] Application time: 1.0005774 seconds
[2020-01-13T13:17:07.526+0000][1][safepoint    ] Entering safepoint region: Cleanup
[2020-01-13T13:17:07.526+0000][1][safepoint    ] Leaving safepoint region
[2020-01-13T13:17:07.526+0000][1][safepoint    ] Total time for which application threads were stopped: 0.0002139 seconds, Stopping threads took: 0.0001255 seconds
[2020-01-13T13:17:08.526+0000][1][safepoint    ] Application time: 1.0001600 seconds
[2020-01-13T13:17:08.526+0000][1][safepoint    ] Entering safepoint region: Cleanup
[2020-01-13T13:17:08.526+0000][1][safepoint    ] Leaving safepoint region
[2020-01-13T13:17:08.526+0000][1][safepoint    ] Total time for which application threads were stopped: 0.0001321 seconds, Stopping threads took: 0.0000365 seconds
[2020-01-13T13:17:09.526+0000][1][safepoint    ] Application time: 1.0001590 seconds
[2020-01-13T13:17:09.528+0000][1][safepoint    ] Entering safepoint region: Cleanup
[2020-01-13T13:17:09.528+0000][1][safepoint    ] Leaving safepoint region
[2020-01-13T13:17:09.528+0000][1][safepoint    ] Total time for which application threads were stopped: 0.0001656 seconds, Stopping threads took: 0.0000705 seconds
[2020-01-13T13:17:10.528+0000][1][safepoint    ] Application time: 1.0001611 seconds
[2020-01-13T13:17:10.528+0000][1][safepoint    ] Entering safepoint region: Cleanup
[2020-01-13T13:17:10.528+0000][1][safepoint    ] Leaving safepoint region
[2020-01-13T13:17:10.528+0000][1][safepoint    ] Total time for which application threads were stopped: 0.0001360 seconds, Stopping threads took: 0.0000461 seconds
[2020-01-13T13:17:11.528+0000][1][safepoint    ] Application time: 1.0002135 seconds
[2020-01-13T13:17:11.528+0000][1][safepoint    ] Entering safepoint region: Cleanup
[2020-01-13T13:17:11.528+0000][1][safepoint    ] Leaving safepoint region
[2020-01-13T13:17:11.528+0000][1][safepoint    ] Total time for which application threads were stopped: 0.0001044 seconds, Stopping threads took: 0.0000298 seconds
[2020-01-13T13:17:12.529+0000][1][safepoint    ] Application time: 1.0002751 seconds
[2020-01-13T13:17:12.529+0000][1][safepoint    ] Entering safepoint region: Cleanup
[2020-01-13T13:17:12.529+0000][1][safepoint    ] Leaving safepoint region
[2020-01-13T13:17:12.529+0000][1][safepoint    ] Total time for which application threads were stopped: 0.0001123 seconds, Stopping threads took: 0.0000313 seconds
[2020-01-13T13:17:13.529+0000][1][safepoint    ] Application time: 1.0001473 seconds
[2020-01-13T13:17:13.529+0000][1][safepoint    ] Entering safepoint region: Cleanup
[2020-01-13T13:17:13.529+0000][1][safepoint    ] Leaving safepoint region
[2020-01-13T13:17:13.529+0000][1][safepoint    ] Total time for which application threads were stopped: 0.0001117 seconds, Stopping threads took: 0.0000311 seconds
[2020-01-13T13:17:14.529+0000][1][safepoint    ] Application time: 1.0001591 seconds
[2020-01-13T13:17:14.530+0000][1][safepoint    ] Entering safepoint region: Cleanup
[2020-01-13T13:17:14.531+0000][1][safepoint    ] Leaving safepoint region
[2020-01-13T13:17:14.531+0000][1][safepoint    ] Total time for which application threads were stopped: 0.0001299 seconds, Stopping threads took: 0.0000410 seconds
[2020-01-13T13:17:15.531+0000][1][safepoint    ] Application time: 1.0001189 seconds
[2020-01-13T13:17:15.531+0000][1][safepoint    ] Entering safepoint region: Cleanup
[2020-01-13T13:17:15.531+0000][1][safepoint    ] Leaving safepoint region
[2020-01-13T13:17:15.531+0000][1][safepoint    ] Total time for which application threads were stopped: 0.0000955 seconds, Stopping threads took: 0.0000230 seconds
[2020-01-13T13:17:16.531+0000][1][safepoint    ] Application time: 1.0001499 seconds
[2020-01-13T13:17:16.531+0000][1][safepoint    ] Entering safepoint region: Cleanup
[2020-01-13T13:17:16.531+0000][1][safepoint    ] Leaving safepoint region
[2020-01-13T13:17:16.531+0000][1][safepoint    ] Total time for which application threads were stopped: 0.0002213 seconds, Stopping threads took: 0.0001115 seconds
[2020-01-13T13:17:17.531+0000][1][safepoint    ] Application time: 1.0001573 seconds
[2020-01-13T13:17:17.532+0000][1][safepoint    ] Entering safepoint region: Cleanup
[2020-01-13T13:17:17.532+0000][1][safepoint    ] Leaving safepoint region
[2020-01-13T13:17:17.532+0000][1][safepoint    ] Total time for which application threads were stopped: 0.0001258 seconds, Stopping threads took: 0.0000440 seconds
[2020-01-13T13:17:18.532+0000][1][safepoint    ] Application time: 1.0001980 seconds
[2020-01-13T13:17:18.532+0000][1][safepoint    ] Entering safepoint region: Cleanup
[2020-01-13T13:17:18.532+0000][1][safepoint    ] Leaving safepoint region
[2020-01-13T13:17:18.532+0000][1][safepoint    ] Total time for which application threads were stopped: 0.0001748 seconds, Stopping threads took: 0.0000304 seconds
[2020-01-13T13:17:19.532+0000][1][safepoint    ] Application time: 1.0002395 seconds
[2020-01-13T13:17:19.533+0000][1][safepoint    ] Entering safepoint region: Cleanup
[2020-01-13T13:17:19.533+0000][1][safepoint    ] Leaving safepoint region
[2020-01-13T13:17:19.533+0000][1][safepoint    ] Total time for which application threads were stopped: 0.0001211 seconds, Stopping threads took: 0.0000326 seconds
[2020-01-13T13:17:20.533+0000][1][safepoint    ] Application time: 1.0001524 seconds
[2020-01-13T13:17:20.533+0000][1][safepoint    ] Entering safepoint region: Cleanup
[2020-01-13T13:17:20.533+0000][1][safepoint    ] Leaving safepoint region
[2020-01-13T13:17:20.533+0000][1][safepoint    ] Total time for which application threads were stopped: 0.0001303 seconds, Stopping threads took: 0.0000275 seconds
[2020-01-13T13:17:21.533+0000][1][safepoint    ] Application time: 1.0001425 seconds
[2020-01-13T13:17:21.533+0000][1][safepoint    ] Entering safepoint region: Cleanup
[2020-01-13T13:17:21.533+0000][1][safepoint    ] Leaving safepoint region
[2020-01-13T13:17:21.533+0000][1][safepoint    ] Total time for which application threads were stopped: 0.0001248 seconds, Stopping threads took: 0.0000278 seconds
[2020-01-13T13:17:22.534+0000][1][safepoint    ] Application time: 1.0001588 seconds
[2020-01-13T13:17:22.534+0000][1][safepoint    ] Entering safepoint region: Cleanup
[2020-01-13T13:17:22.534+0000][1][safepoint    ] Leaving safepoint region
[2020-01-13T13:17:22.534+0000][1][safepoint    ] Total time for which application threads were stopped: 0.0001377 seconds, Stopping threads took: 0.0000391 seconds
[2020-01-13T13:17:23.534+0000][1][safepoint    ] Application time: 1.0001234 seconds
[2020-01-13T13:17:23.534+0000][1][safepoint    ] Entering safepoint region: Cleanup
[2020-01-13T13:17:23.534+0000][1][safepoint    ] Leaving safepoint region
[2020-01-13T13:17:23.534+0000][1][safepoint    ] Total time for which application threads were stopped: 0.0001058 seconds, Stopping threads took: 0.0000331 seconds
[2020-01-13T13:17:24.534+0000][1][safepoint    ] Application time: 1.0001598 seconds
[2020-01-13T13:17:24.536+0000][1][safepoint    ] Entering safepoint region: Cleanup
[2020-01-13T13:17:24.536+0000][1][safepoint    ] Leaving safepoint region
[2020-01-13T13:17:24.536+0000][1][safepoint    ] Total time for which application threads were stopped: 0.0001639 seconds, Stopping threads took: 0.0000696 seconds
[2020-01-13T13:17:25.536+0000][1][safepoint    ] Application time: 1.0001594 seconds
[2020-01-13T13:17:25.536+0000][1][safepoint    ] Entering safepoint region: Cleanup
[2020-01-13T13:17:25.536+0000][1][safepoint    ] Leaving safepoint region
[2020-01-13T13:17:25.536+0000][1][safepoint    ] Total time for which application threads were stopped: 0.0001293 seconds, Stopping threads took: 0.0000367 seconds
[2020-01-13T13:17:26.536+0000][1][safepoint    ] Application time: 1.0001554 seconds
[2020-01-13T13:17:26.536+0000][1][safepoint    ] Entering safepoint region: Cleanup
[2020-01-13T13:17:26.537+0000][1][safepoint    ] Leaving safepoint region
[2020-01-13T13:17:26.537+0000][1][safepoint    ] Total time for which application threads were stopped: 0.0000980 seconds, Stopping threads took: 0.0000267 seconds
[2020-01-13T13:17:27.537+0000][1][safepoint    ] Application time: 1.0001568 seconds
[2020-01-13T13:17:27.537+0000][1][safepoint    ] Entering safepoint region: Cleanup
[2020-01-13T13:17:27.537+0000][1][safepoint    ] Leaving safepoint region
[2020-01-13T13:17:27.537+0000][1][safepoint    ] Total time for which application threads were stopped: 0.0001872 seconds, Stopping threads took: 0.0001015 seconds
[2020-01-13T13:17:28.537+0000][1][safepoint    ] Application time: 1.0004020 seconds
[2020-01-13T13:17:28.537+0000][1][safepoint    ] Entering safepoint region: Cleanup
[2020-01-13T13:17:28.538+0000][1][safepoint    ] Leaving safepoint region
[2020-01-13T13:17:28.538+0000][1][safepoint    ] Total time for which application threads were stopped: 0.0001799 seconds, Stopping threads took: 0.0000502 seconds
[2020-01-13T13:17:29.538+0000][1][safepoint    ] Application time: 1.0002212 seconds
[2020-01-13T13:17:29.539+0000][1][safepoint    ] Entering safepoint region: Cleanup
[2020-01-13T13:17:29.539+0000][1][safepoint    ] Leaving safepoint region
[2020-01-13T13:17:29.539+0000][1][safepoint    ] Total time for which application threads were stopped: 0.0001533 seconds, Stopping threads took: 0.0000543 seconds
[2020-01-13T13:17:30.164+0000][1][safepoint    ] Application time: 0.6245483 seconds
[2020-01-13T13:17:30.164+0000][1][safepoint    ] Entering safepoint region: GenCollectForAllocation
[2020-01-13T13:17:30.164+0000][1][gc,start     ] GC(34) Pause Young (Allocation Failure)
[2020-01-13T13:17:30.164+0000][1][gc,task      ] GC(34) Using 1 workers of 1 for evacuation
[2020-01-13T13:17:30.170+0000][1][gc,age       ] GC(34) Desired survivor size 4358144 bytes, new threshold 6 (max threshold 6)
[2020-01-13T13:17:30.171+0000][1][gc,age       ] GC(34) Age table with threshold 6 (max threshold 6)
[2020-01-13T13:17:30.171+0000][1][gc,age       ] GC(34) - age   1:     598504 bytes,     598504 total
[2020-01-13T13:17:30.171+0000][1][gc,age       ] GC(34) - age   2:       3840 bytes,     602344 total
[2020-01-13T13:17:30.171+0000][1][gc,age       ] GC(34) - age   3:       6008 bytes,     608352 total
[2020-01-13T13:17:30.171+0000][1][gc,age       ] GC(34) - age   4:       4016 bytes,     612368 total
[2020-01-13T13:17:30.171+0000][1][gc,age       ] GC(34) - age   5:       4960 bytes,     617328 total
[2020-01-13T13:17:30.171+0000][1][gc,age       ] GC(34) - age   6:      21216 bytes,     638544 total
[2020-01-13T13:17:30.171+0000][1][gc,heap      ] GC(34) ParNew: 68911K->1145K(76672K)
[2020-01-13T13:17:30.171+0000][1][gc,heap      ] GC(34) CMS: 67623K->67629K(176960K)
[2020-01-13T13:17:30.171+0000][1][gc,metaspace ] GC(34) Metaspace: 66033K->66033K(1110016K)
[2020-01-13T13:17:30.171+0000][1][gc           ] GC(34) Pause Young (Allocation Failure) 133M->67M(247M) 6.826ms
[2020-01-13T13:17:30.171+0000][1][gc,cpu       ] GC(34) User=0.01s Sys=0.00s Real=0.01s
[2020-01-13T13:17:30.171+0000][1][safepoint    ] Leaving safepoint region
[2020-01-13T13:17:30.171+0000][1][safepoint    ] Total time for which application threads were stopped: 0.0071889 seconds, Stopping threads took: 0.0000423 seconds
[2020-01-13T13:17:31.172+0000][1][safepoint    ] Application time: 1.0007933 seconds
[2020-01-13T13:17:31.172+0000][1][safepoint    ] Entering safepoint region: Cleanup
[2020-01-13T13:17:31.172+0000][1][safepoint    ] Leaving safepoint region
[2020-01-13T13:17:31.172+0000][1][safepoint    ] Total time for which application threads were stopped: 0.0001043 seconds, Stopping threads took: 0.0000370 seconds
[2020-01-13T13:17:32.172+0000][1][safepoint    ] Application time: 1.0004080 seconds
[2020-01-13T13:17:32.172+0000][1][safepoint    ] Entering safepoint region: Cleanup
[2020-01-13T13:17:32.172+0000][1][safepoint    ] Leaving safepoint region
[2020-01-13T13:17:32.172+0000][1][safepoint    ] Total time for which application threads were stopped: 0.0001354 seconds, Stopping threads took: 0.0000296 seconds
[2020-01-13T13:17:33.173+0000][1][safepoint    ] Application time: 1.0000905 seconds
[2020-01-13T13:17:33.175+0000][1][safepoint    ] Entering safepoint region: Cleanup
[2020-01-13T13:17:33.175+0000][1][safepoint    ] Leaving safepoint region
[2020-01-13T13:17:33.175+0000][1][safepoint    ] Total time for which application threads were stopped: 0.0021371 seconds, Stopping threads took: 0.0020154 seconds
[2020-01-13T13:17:34.175+0000][1][safepoint    ] Application time: 1.0001381 seconds
[2020-01-13T13:17:34.175+0000][1][safepoint    ] Entering safepoint region: Cleanup
[2020-01-13T13:17:34.175+0000][1][safepoint    ] Leaving safepoint region
[2020-01-13T13:17:34.175+0000][1][safepoint    ] Total time for which application threads were stopped: 0.0001401 seconds, Stopping threads took: 0.0000328 seconds
[2020-01-13T13:17:35.175+0000][1][safepoint    ] Application time: 1.0001182 seconds
[2020-01-13T13:17:35.175+0000][1][safepoint    ] Entering safepoint region: Cleanup
[2020-01-13T13:17:35.175+0000][1][safepoint    ] Leaving safepoint region
[2020-01-13T13:17:35.175+0000][1][safepoint    ] Total time for which application threads were stopped: 0.0001381 seconds, Stopping threads took: 0.0000365 seconds
[2020-01-13T13:17:36.176+0000][1][safepoint    ] Application time: 1.0001804 seconds
[2020-01-13T13:17:36.176+0000][1][safepoint    ] Entering safepoint region: Cleanup
[2020-01-13T13:17:36.176+0000][1][safepoint    ] Leaving safepoint region
[2020-01-13T13:17:36.176+0000][1][safepoint    ] Total time for which application threads were stopped: 0.0000977 seconds, Stopping threads took: 0.0000305 seconds
[2020-01-13T13:17:39.176+0000][1][safepoint    ] Application time: 3.0004413 seconds
[2020-01-13T13:17:39.176+0000][1][safepoint    ] Entering safepoint region: Cleanup
[2020-01-13T13:17:39.176+0000][1][safepoint    ] Leaving safepoint region
[2020-01-13T13:17:39.176+0000][1][safepoint    ] Total time for which application threads were stopped: 0.0001414 seconds, Stopping threads took: 0.0000268 seconds
[2020-01-13T13:17:40.177+0000][1][safepoint    ] Application time: 1.0001750 seconds
[2020-01-13T13:17:40.178+0000][1][safepoint    ] Entering safepoint region: Cleanup
[2020-01-13T13:17:40.178+0000][1][safepoint    ] Leaving safepoint region
[2020-01-13T13:17:40.178+0000][1][safepoint    ] Total time for which application threads were stopped: 0.0001533 seconds, Stopping threads took: 0.0000520 seconds
[2020-01-13T13:17:55.180+0000][1][safepoint    ] Application time: 15.0021016 seconds
[2020-01-13T13:17:55.180+0000][1][safepoint    ] Entering safepoint region: Cleanup
[2020-01-13T13:17:55.180+0000][1][safepoint    ] Leaving safepoint region
[2020-01-13T13:17:55.180+0000][1][safepoint    ] Total time for which application threads were stopped: 0.0002013 seconds, Stopping threads took: 0.0000667 seconds
[2020-01-13T13:18:08.186+0000][1][safepoint    ] Application time: 13.0060358 seconds
[2020-01-13T13:18:08.187+0000][1][safepoint    ] Entering safepoint region: GenCollectForAllocation
[2020-01-13T13:18:08.187+0000][1][gc,start     ] GC(35) Pause Young (Allocation Failure)
[2020-01-13T13:18:08.187+0000][1][gc,task      ] GC(35) Using 1 workers of 1 for evacuation
[2020-01-13T13:18:08.193+0000][1][gc,age       ] GC(35) Desired survivor size 4358144 bytes, new threshold 6 (max threshold 6)
[2020-01-13T13:18:08.193+0000][1][gc,age       ] GC(35) Age table with threshold 6 (max threshold 6)
[2020-01-13T13:18:08.193+0000][1][gc,age       ] GC(35) - age   1:     597872 bytes,     597872 total
[2020-01-13T13:18:08.193+0000][1][gc,age       ] GC(35) - age   2:       4392 bytes,     602264 total
[2020-01-13T13:18:08.193+0000][1][gc,age       ] GC(35) - age   3:       3552 bytes,     605816 total
[2020-01-13T13:18:08.193+0000][1][gc,age       ] GC(35) - age   4:       6008 bytes,     611824 total
[2020-01-13T13:18:08.193+0000][1][gc,age       ] GC(35) - age   5:       4016 bytes,     615840 total
[2020-01-13T13:18:08.193+0000][1][gc,age       ] GC(35) - age   6:       4960 bytes,     620800 total
[2020-01-13T13:18:08.193+0000][1][gc,heap      ] GC(35) ParNew: 69305K->754K(76672K)
[2020-01-13T13:18:08.193+0000][1][gc,heap      ] GC(35) CMS: 67629K->67651K(176960K)
[2020-01-13T13:18:08.193+0000][1][gc,metaspace ] GC(35) Metaspace: 66041K->66041K(1110016K)
[2020-01-13T13:18:08.193+0000][1][gc           ] GC(35) Pause Young (Allocation Failure) 133M->66M(247M) 6.206ms
[2020-01-13T13:18:08.193+0000][1][gc,cpu       ] GC(35) User=0.01s Sys=0.00s Real=0.01s
[2020-01-13T13:18:08.193+0000][1][safepoint    ] Leaving safepoint region
[2020-01-13T13:18:08.193+0000][1][safepoint    ] Total time for which application threads were stopped: 0.0064246 seconds, Stopping threads took: 0.0000316 seconds
[2020-01-13T13:18:14.197+0000][1][safepoint    ] Application time: 6.0036149 seconds
[2020-01-13T13:18:14.197+0000][1][safepoint    ] Entering safepoint region: Cleanup
[2020-01-13T13:18:14.197+0000][1][safepoint    ] Leaving safepoint region
[2020-01-13T13:18:14.197+0000][1][safepoint    ] Total time for which application threads were stopped: 0.0001420 seconds, Stopping threads took: 0.0000408 seconds
[2020-01-13T13:18:15.197+0000][1][safepoint    ] Application time: 1.0002141 seconds
[2020-01-13T13:18:15.197+0000][1][safepoint    ] Entering safepoint region: Cleanup
[2020-01-13T13:18:15.197+0000][1][safepoint    ] Leaving safepoint region
[2020-01-13T13:18:15.197+0000][1][safepoint    ] Total time for which application threads were stopped: 0.0001660 seconds, Stopping threads took: 0.0000525 seconds
[2020-01-13T13:18:16.197+0000][1][safepoint    ] Application time: 1.0001656 seconds
[2020-01-13T13:18:16.198+0000][1][safepoint    ] Entering safepoint region: Cleanup
[2020-01-13T13:18:16.198+0000][1][safepoint    ] Leaving safepoint region
[2020-01-13T13:18:16.198+0000][1][safepoint    ] Total time for which application threads were stopped: 0.0001007 seconds, Stopping threads took: 0.0000269 seconds
[2020-01-13T13:18:17.198+0000][1][safepoint    ] Application time: 1.0001636 seconds
[2020-01-13T13:18:17.198+0000][1][safepoint    ] Entering safepoint region: Cleanup
[2020-01-13T13:18:17.198+0000][1][safepoint    ] Leaving safepoint region
[2020-01-13T13:18:17.198+0000][1][safepoint    ] Total time for which application threads were stopped: 0.0001318 seconds, Stopping threads took: 0.0000522 seconds
[2020-01-13T13:18:18.198+0000][1][safepoint    ] Application time: 1.0001861 seconds
[2020-01-13T13:18:18.198+0000][1][safepoint    ] Entering safepoint region: Cleanup
[2020-01-13T13:18:18.198+0000][1][safepoint    ] Leaving safepoint region
[2020-01-13T13:18:18.198+0000][1][safepoint    ] Total time for which application threads were stopped: 0.0001669 seconds, Stopping threads took: 0.0000464 seconds
[2020-01-13T13:18:19.199+0000][1][safepoint    ] Application time: 1.0002022 seconds
[2020-01-13T13:18:19.199+0000][1][safepoint    ] Entering safepoint region: Cleanup
[2020-01-13T13:18:19.199+0000][1][safepoint    ] Leaving safepoint region
[2020-01-13T13:18:19.199+0000][1][safepoint    ] Total time for which application threads were stopped: 0.0001251 seconds, Stopping threads took: 0.0000345 seconds
[2020-01-13T13:18:20.199+0000][1][safepoint    ] Application time: 1.0001555 seconds
[2020-01-13T13:18:20.199+0000][1][safepoint    ] Entering safepoint region: Cleanup
[2020-01-13T13:18:20.199+0000][1][safepoint    ] Leaving safepoint region
[2020-01-13T13:18:20.199+0000][1][safepoint    ] Total time for which application threads were stopped: 0.0001292 seconds, Stopping threads took: 0.0000533 seconds
[2020-01-13T13:18:21.199+0000][1][safepoint    ] Application time: 1.0001701 seconds
[2020-01-13T13:18:21.200+0000][1][safepoint    ] Entering safepoint region: Cleanup
[2020-01-13T13:18:21.200+0000][1][safepoint    ] Leaving safepoint region
[2020-01-13T13:18:21.200+0000][1][safepoint    ] Total time for which application threads were stopped: 0.0001639 seconds, Stopping threads took: 0.0000518 seconds
[2020-01-13T13:18:22.200+0000][1][safepoint    ] Application time: 1.0002232 seconds
[2020-01-13T13:18:22.200+0000][1][safepoint    ] Entering safepoint region: Cleanup
[2020-01-13T13:18:22.200+0000][1][safepoint    ] Leaving safepoint region
[2020-01-13T13:18:22.200+0000][1][safepoint    ] Total time for which application threads were stopped: 0.0001394 seconds, Stopping threads took: 0.0000407 seconds
[2020-01-13T13:18:23.200+0000][1][safepoint    ] Application time: 1.0001816 seconds
[2020-01-13T13:18:23.200+0000][1][safepoint    ] Entering safepoint region: Cleanup
[2020-01-13T13:18:23.201+0000][1][safepoint    ] Leaving safepoint region
[2020-01-13T13:18:23.201+0000][1][safepoint    ] Total time for which application threads were stopped: 0.0001303 seconds, Stopping threads took: 0.0000265 seconds
[2020-01-13T13:18:24.201+0000][1][safepoint    ] Application time: 1.0002181 seconds
[2020-01-13T13:18:24.202+0000][1][safepoint    ] Entering safepoint region: Cleanup
[2020-01-13T13:18:24.202+0000][1][safepoint    ] Leaving safepoint region
[2020-01-13T13:18:24.202+0000][1][safepoint    ] Total time for which application threads were stopped: 0.0001543 seconds, Stopping threads took: 0.0000691 seconds
[2020-01-13T13:18:25.202+0000][1][safepoint    ] Application time: 1.0001835 seconds
[2020-01-13T13:18:25.202+0000][1][safepoint    ] Entering safepoint region: Cleanup
[2020-01-13T13:18:25.202+0000][1][safepoint    ] Leaving safepoint region
[2020-01-13T13:18:25.202+0000][1][safepoint    ] Total time for which application threads were stopped: 0.0001369 seconds, Stopping threads took: 0.0000341 seconds
[2020-01-13T13:18:26.203+0000][1][safepoint    ] Application time: 1.0001653 seconds
[2020-01-13T13:18:26.203+0000][1][safepoint    ] Entering safepoint region: Cleanup
[2020-01-13T13:18:26.203+0000][1][safepoint    ] Leaving safepoint region
[2020-01-13T13:18:26.203+0000][1][safepoint    ] Total time for which application threads were stopped: 0.0001208 seconds, Stopping threads took: 0.0000316 seconds
[2020-01-13T13:18:27.203+0000][1][safepoint    ] Application time: 1.0001863 seconds
[2020-01-13T13:18:27.203+0000][1][safepoint    ] Entering safepoint region: Cleanup
[2020-01-13T13:18:27.203+0000][1][safepoint    ] Leaving safepoint region
[2020-01-13T13:18:27.203+0000][1][safepoint    ] Total time for which application threads were stopped: 0.0001031 seconds, Stopping threads took: 0.0000290 seconds
[2020-01-13T13:18:28.203+0000][1][safepoint    ] Application time: 1.0001621 seconds
[2020-01-13T13:18:28.203+0000][1][safepoint    ] Entering safepoint region: Cleanup
[2020-01-13T13:18:28.204+0000][1][safepoint    ] Leaving safepoint region
[2020-01-13T13:18:28.204+0000][1][safepoint    ] Total time for which application threads were stopped: 0.0001037 seconds, Stopping threads took: 0.0000283 seconds
[2020-01-13T13:18:29.204+0000][1][safepoint    ] Application time: 1.0001679 seconds
[2020-01-13T13:18:29.205+0000][1][safepoint    ] Entering safepoint region: Cleanup
[2020-01-13T13:18:29.205+0000][1][safepoint    ] Leaving safepoint region
[2020-01-13T13:18:29.205+0000][1][safepoint    ] Total time for which application threads were stopped: 0.0001331 seconds, Stopping threads took: 0.0000490 seconds
[2020-01-13T13:18:30.205+0000][1][safepoint    ] Application time: 1.0001519 seconds
[2020-01-13T13:18:30.205+0000][1][safepoint    ] Entering safepoint region: Cleanup
[2020-01-13T13:18:30.205+0000][1][safepoint    ] Leaving safepoint region
[2020-01-13T13:18:30.205+0000][1][safepoint    ] Total time for which application threads were stopped: 0.0001041 seconds, Stopping threads took: 0.0000323 seconds
[2020-01-13T13:18:31.205+0000][1][safepoint    ] Application time: 1.0001771 seconds
[2020-01-13T13:18:31.206+0000][1][safepoint    ] Entering safepoint region: Cleanup
[2020-01-13T13:18:31.206+0000][1][safepoint    ] Leaving safepoint region
[2020-01-13T13:18:31.206+0000][1][safepoint    ] Total time for which application threads were stopped: 0.0001165 seconds, Stopping threads took: 0.0000347 seconds
[2020-01-13T13:18:32.206+0000][1][safepoint    ] Application time: 1.0001754 seconds
[2020-01-13T13:18:32.206+0000][1][safepoint    ] Entering safepoint region: Cleanup
[2020-01-13T13:18:32.206+0000][1][safepoint    ] Leaving safepoint region
[2020-01-13T13:18:32.206+0000][1][safepoint    ] Total time for which application threads were stopped: 0.0001140 seconds, Stopping threads took: 0.0000296 seconds
[2020-01-13T13:18:33.206+0000][1][safepoint    ] Application time: 1.0001719 seconds
[2020-01-13T13:18:33.206+0000][1][safepoint    ] Entering safepoint region: Cleanup
[2020-01-13T13:18:33.206+0000][1][safepoint    ] Leaving safepoint region
[2020-01-13T13:18:33.206+0000][1][safepoint    ] Total time for which application threads were stopped: 0.0001505 seconds, Stopping threads took: 0.0000658 seconds
[2020-01-13T13:18:34.207+0000][1][safepoint    ] Application time: 1.0001644 seconds
[2020-01-13T13:18:34.208+0000][1][safepoint    ] Entering safepoint region: Cleanup
[2020-01-13T13:18:34.208+0000][1][safepoint    ] Leaving safepoint region
[2020-01-13T13:18:34.208+0000][1][safepoint    ] Total time for which application threads were stopped: 0.0001263 seconds, Stopping threads took: 0.0000548 seconds
[2020-01-13T13:18:35.208+0000][1][safepoint    ] Application time: 1.0001571 seconds
[2020-01-13T13:18:35.208+0000][1][safepoint    ] Entering safepoint region: Cleanup
[2020-01-13T13:18:35.208+0000][1][safepoint    ] Leaving safepoint region
[2020-01-13T13:18:35.208+0000][1][safepoint    ] Total time for which application threads were stopped: 0.0001043 seconds, Stopping threads took: 0.0000327 seconds
[2020-01-13T13:18:36.208+0000][1][safepoint    ] Application time: 1.0000932 seconds
[2020-01-13T13:18:36.208+0000][1][safepoint    ] Entering safepoint region: Cleanup
[2020-01-13T13:18:36.208+0000][1][safepoint    ] Leaving safepoint region
[2020-01-13T13:18:36.208+0000][1][safepoint    ] Total time for which application threads were stopped: 0.0001328 seconds, Stopping threads took: 0.0000451 seconds
[2020-01-13T13:18:37.209+0000][1][safepoint    ] Application time: 1.0001537 seconds
[2020-01-13T13:18:37.209+0000][1][safepoint    ] Entering safepoint region: Cleanup
[2020-01-13T13:18:37.209+0000][1][safepoint    ] Leaving safepoint region
[2020-01-13T13:18:37.209+0000][1][safepoint    ] Total time for which application threads were stopped: 0.0001218 seconds, Stopping threads took: 0.0000330 seconds
[2020-01-13T13:18:38.209+0000][1][safepoint    ] Application time: 1.0001525 seconds
[2020-01-13T13:18:38.209+0000][1][safepoint    ] Entering safepoint region: Cleanup
[2020-01-13T13:18:38.209+0000][1][safepoint    ] Leaving safepoint region
[2020-01-13T13:18:38.209+0000][1][safepoint    ] Total time for which application threads were stopped: 0.0001060 seconds, Stopping threads took: 0.0000301 seconds
[2020-01-13T13:18:39.209+0000][1][safepoint    ] Application time: 1.0001925 seconds
[2020-01-13T13:18:39.211+0000][1][safepoint    ] Entering safepoint region: Cleanup
[2020-01-13T13:18:39.211+0000][1][safepoint    ] Leaving safepoint region
[2020-01-13T13:18:39.211+0000][1][safepoint    ] Total time for which application threads were stopped: 0.0001386 seconds, Stopping threads took: 0.0000603 seconds
[2020-01-13T13:18:44.211+0000][1][safepoint    ] Application time: 5.0007773 seconds
[2020-01-13T13:18:44.213+0000][1][safepoint    ] Entering safepoint region: Cleanup
[2020-01-13T13:18:44.213+0000][1][safepoint    ] Leaving safepoint region
[2020-01-13T13:18:44.213+0000][1][safepoint    ] Total time for which application threads were stopped: 0.0001441 seconds, Stopping threads took: 0.0000536 seconds
[2020-01-13T13:18:45.555+0000][1][safepoint    ] Application time: 1.3425231 seconds
[2020-01-13T13:18:45.557+0000][1][safepoint    ] Entering safepoint region: GenCollectForAllocation
[2020-01-13T13:18:45.557+0000][1][gc,start     ] GC(36) Pause Young (Allocation Failure)
[2020-01-13T13:18:45.558+0000][1][gc,task      ] GC(36) Using 1 workers of 1 for evacuation
[2020-01-13T13:18:45.564+0000][1][gc,age       ] GC(36) Desired survivor size 4358144 bytes, new threshold 6 (max threshold 6)
[2020-01-13T13:18:45.564+0000][1][gc,age       ] GC(36) Age table with threshold 6 (max threshold 6)
[2020-01-13T13:18:45.564+0000][1][gc,age       ] GC(36) - age   1:     601512 bytes,     601512 total
[2020-01-13T13:18:45.564+0000][1][gc,age       ] GC(36) - age   2:       4512 bytes,     606024 total
[2020-01-13T13:18:45.564+0000][1][gc,age       ] GC(36) - age   3:       4392 bytes,     610416 total
[2020-01-13T13:18:45.564+0000][1][gc,age       ] GC(36) - age   4:       3552 bytes,     613968 total
[2020-01-13T13:18:45.564+0000][1][gc,age       ] GC(36) - age   5:       6008 bytes,     619976 total
[2020-01-13T13:18:45.564+0000][1][gc,age       ] GC(36) - age   6:       4016 bytes,     623992 total
[2020-01-13T13:18:45.564+0000][1][gc,heap      ] GC(36) ParNew: 68882K->1097K(76672K)
[2020-01-13T13:18:45.564+0000][1][gc,heap      ] GC(36) CMS: 67651K->67656K(176960K)
[2020-01-13T13:18:45.564+0000][1][gc,metaspace ] GC(36) Metaspace: 66125K->66125K(1110016K)
[2020-01-13T13:18:45.564+0000][1][gc           ] GC(36) Pause Young (Allocation Failure) 133M->67M(247M) 6.731ms
[2020-01-13T13:18:45.564+0000][1][gc,cpu       ] GC(36) User=0.00s Sys=0.00s Real=0.01s
[2020-01-13T13:18:45.564+0000][1][safepoint    ] Leaving safepoint region
[2020-01-13T13:18:45.564+0000][1][safepoint    ] Total time for which application threads were stopped: 0.0090044 seconds, Stopping threads took: 0.0020535 seconds
[2020-01-13T13:18:48.566+0000][1][safepoint    ] Application time: 3.0013141 seconds
[2020-01-13T13:18:48.566+0000][1][safepoint    ] Entering safepoint region: Cleanup
[2020-01-13T13:18:48.566+0000][1][safepoint    ] Leaving safepoint region
[2020-01-13T13:18:48.566+0000][1][safepoint    ] Total time for which application threads were stopped: 0.0001696 seconds, Stopping threads took: 0.0000804 seconds
[2020-01-13T13:18:49.566+0000][1][safepoint    ] Application time: 1.0001252 seconds
[2020-01-13T13:18:49.566+0000][1][safepoint    ] Entering safepoint region: Cleanup
[2020-01-13T13:18:49.566+0000][1][safepoint    ] Leaving safepoint region
[2020-01-13T13:18:49.566+0000][1][safepoint    ] Total time for which application threads were stopped: 0.0001195 seconds, Stopping threads took: 0.0000340 seconds
[2020-01-13T13:18:50.566+0000][1][safepoint    ] Application time: 1.0003040 seconds
[2020-01-13T13:18:50.567+0000][1][safepoint    ] Entering safepoint region: Cleanup
[2020-01-13T13:18:50.567+0000][1][safepoint    ] Leaving safepoint region
[2020-01-13T13:18:50.567+0000][1][safepoint    ] Total time for which application threads were stopped: 0.0001019 seconds, Stopping threads took: 0.0000310 seconds
[2020-01-13T13:18:51.567+0000][1][safepoint    ] Application time: 1.0001357 seconds
[2020-01-13T13:18:51.567+0000][1][safepoint    ] Entering safepoint region: Cleanup
[2020-01-13T13:18:51.567+0000][1][safepoint    ] Leaving safepoint region
[2020-01-13T13:18:51.567+0000][1][safepoint    ] Total time for which application threads were stopped: 0.0001711 seconds, Stopping threads took: 0.0000567 seconds
[2020-01-13T13:18:52.567+0000][1][safepoint    ] Application time: 1.0001259 seconds
[2020-01-13T13:18:52.567+0000][1][safepoint    ] Entering safepoint region: Cleanup
[2020-01-13T13:18:52.567+0000][1][safepoint    ] Leaving safepoint region
[2020-01-13T13:18:52.567+0000][1][safepoint    ] Total time for which application threads were stopped: 0.0000981 seconds, Stopping threads took: 0.0000220 seconds
[2020-01-13T13:18:53.568+0000][1][safepoint    ] Application time: 1.0003018 seconds
[2020-01-13T13:18:53.568+0000][1][safepoint    ] Entering safepoint region: Cleanup
[2020-01-13T13:18:53.568+0000][1][safepoint    ] Leaving safepoint region
[2020-01-13T13:18:53.568+0000][1][safepoint    ] Total time for which application threads were stopped: 0.0001254 seconds, Stopping threads took: 0.0000343 seconds
[2020-01-13T13:18:54.568+0000][1][safepoint    ] Application time: 1.0001467 seconds
[2020-01-13T13:18:54.568+0000][1][safepoint    ] Entering safepoint region: Cleanup
[2020-01-13T13:18:54.568+0000][1][safepoint    ] Leaving safepoint region
[2020-01-13T13:18:54.568+0000][1][safepoint    ] Total time for which application threads were stopped: 0.0001304 seconds, Stopping threads took: 0.0000435 seconds
[2020-01-13T13:18:55.568+0000][1][safepoint    ] Application time: 1.0001072 seconds
[2020-01-13T13:18:55.568+0000][1][safepoint    ] Entering safepoint region: Cleanup
[2020-01-13T13:18:55.569+0000][1][safepoint    ] Leaving safepoint region
[2020-01-13T13:18:55.569+0000][1][safepoint    ] Total time for which application threads were stopped: 0.0001482 seconds, Stopping threads took: 0.0000270 seconds
[2020-01-13T13:18:56.569+0000][1][safepoint    ] Application time: 1.0001193 seconds
[2020-01-13T13:18:56.569+0000][1][safepoint    ] Entering safepoint region: Cleanup
[2020-01-13T13:18:56.569+0000][1][safepoint    ] Leaving safepoint region
[2020-01-13T13:18:56.569+0000][1][safepoint    ] Total time for which application threads were stopped: 0.0000971 seconds, Stopping threads took: 0.0000269 seconds
[2020-01-13T13:18:57.569+0000][1][safepoint    ] Application time: 1.0001473 seconds
[2020-01-13T13:18:57.569+0000][1][safepoint    ] Entering safepoint region: Cleanup
[2020-01-13T13:18:57.569+0000][1][safepoint    ] Leaving safepoint region
[2020-01-13T13:18:57.569+0000][1][safepoint    ] Total time for which application threads were stopped: 0.0001243 seconds, Stopping threads took: 0.0000384 seconds
[2020-01-13T13:18:58.569+0000][1][safepoint    ] Application time: 1.0000966 seconds
[2020-01-13T13:18:58.569+0000][1][safepoint    ] Entering safepoint region: Cleanup
[2020-01-13T13:18:58.570+0000][1][safepoint    ] Leaving safepoint region
[2020-01-13T13:18:58.570+0000][1][safepoint    ] Total time for which application threads were stopped: 0.0001238 seconds, Stopping threads took: 0.0000359 seconds
[2020-01-13T13:18:59.570+0000][1][safepoint    ] Application time: 1.0001484 seconds
[2020-01-13T13:18:59.571+0000][1][safepoint    ] Entering safepoint region: Cleanup
[2020-01-13T13:18:59.571+0000][1][safepoint    ] Leaving safepoint region
[2020-01-13T13:18:59.571+0000][1][safepoint    ] Total time for which application threads were stopped: 0.0001237 seconds, Stopping threads took: 0.0000371 seconds
[2020-01-13T13:19:00.571+0000][1][safepoint    ] Application time: 1.0000759 seconds
[2020-01-13T13:19:00.571+0000][1][safepoint    ] Entering safepoint region: Cleanup
[2020-01-13T13:19:00.571+0000][1][safepoint    ] Leaving safepoint region
[2020-01-13T13:19:00.571+0000][1][safepoint    ] Total time for which application threads were stopped: 0.0001870 seconds, Stopping threads took: 0.0001165 seconds
[2020-01-13T13:19:01.571+0000][1][safepoint    ] Application time: 1.0001306 seconds
[2020-01-13T13:19:01.571+0000][1][safepoint    ] Entering safepoint region: Cleanup
[2020-01-13T13:19:01.571+0000][1][safepoint    ] Leaving safepoint region
[2020-01-13T13:19:01.571+0000][1][safepoint    ] Total time for which application threads were stopped: 0.0001260 seconds, Stopping threads took: 0.0000463 seconds
[2020-01-13T13:19:02.572+0000][1][safepoint    ] Application time: 1.0000745 seconds
[2020-01-13T13:19:02.572+0000][1][safepoint    ] Entering safepoint region: Cleanup
[2020-01-13T13:19:02.572+0000][1][safepoint    ] Leaving safepoint region
[2020-01-13T13:19:02.572+0000][1][safepoint    ] Total time for which application threads were stopped: 0.0000848 seconds, Stopping threads took: 0.0000197 seconds
[2020-01-13T13:19:03.572+0000][1][safepoint    ] Application time: 1.0001797 seconds
[2020-01-13T13:19:03.572+0000][1][safepoint    ] Entering safepoint region: Cleanup
[2020-01-13T13:19:03.572+0000][1][safepoint    ] Leaving safepoint region
[2020-01-13T13:19:03.572+0000][1][safepoint    ] Total time for which application threads were stopped: 0.0001552 seconds, Stopping threads took: 0.0000694 seconds
[2020-01-13T13:19:04.572+0000][1][safepoint    ] Application time: 1.0001770 seconds
[2020-01-13T13:19:04.574+0000][1][safepoint    ] Entering safepoint region: Cleanup
[2020-01-13T13:19:04.574+0000][1][safepoint    ] Leaving safepoint region
[2020-01-13T13:19:04.574+0000][1][safepoint    ] Total time for which application threads were stopped: 0.0002253 seconds, Stopping threads took: 0.0001215 seconds
[2020-01-13T13:19:05.574+0000][1][safepoint    ] Application time: 1.0001619 seconds
[2020-01-13T13:19:05.574+0000][1][safepoint    ] Entering safepoint region: Cleanup
[2020-01-13T13:19:05.574+0000][1][safepoint    ] Leaving safepoint region
[2020-01-13T13:19:05.574+0000][1][safepoint    ] Total time for which application threads were stopped: 0.0001146 seconds, Stopping threads took: 0.0000319 seconds
[2020-01-13T13:19:06.574+0000][1][safepoint    ] Application time: 1.0001634 seconds
[2020-01-13T13:19:06.574+0000][1][safepoint    ] Entering safepoint region: Cleanup
[2020-01-13T13:19:06.575+0000][1][safepoint    ] Leaving safepoint region
[2020-01-13T13:19:06.575+0000][1][safepoint    ] Total time for which application threads were stopped: 0.0001700 seconds, Stopping threads took: 0.0000373 seconds
[2020-01-13T13:19:07.575+0000][1][safepoint    ] Application time: 1.0001378 seconds
[2020-01-13T13:19:07.575+0000][1][safepoint    ] Entering safepoint region: Cleanup
[2020-01-13T13:19:07.575+0000][1][safepoint    ] Leaving safepoint region
[2020-01-13T13:19:07.575+0000][1][safepoint    ] Total time for which application threads were stopped: 0.0001323 seconds, Stopping threads took: 0.0000277 seconds
[2020-01-13T13:19:08.575+0000][1][safepoint    ] Application time: 1.0001526 seconds
[2020-01-13T13:19:08.575+0000][1][safepoint    ] Entering safepoint region: Cleanup
[2020-01-13T13:19:08.575+0000][1][safepoint    ] Leaving safepoint region
[2020-01-13T13:19:08.575+0000][1][safepoint    ] Total time for which application threads were stopped: 0.0000963 seconds, Stopping threads took: 0.0000287 seconds
[2020-01-13T13:19:09.575+0000][1][safepoint    ] Application time: 1.0001502 seconds
[2020-01-13T13:19:09.576+0000][1][safepoint    ] Entering safepoint region: Cleanup
[2020-01-13T13:19:09.576+0000][1][safepoint    ] Leaving safepoint region
[2020-01-13T13:19:09.576+0000][1][safepoint    ] Total time for which application threads were stopped: 0.0001557 seconds, Stopping threads took: 0.0000524 seconds
[2020-01-13T13:19:10.577+0000][1][safepoint    ] Application time: 1.0001796 seconds
[2020-01-13T13:19:10.577+0000][1][safepoint    ] Entering safepoint region: Cleanup
[2020-01-13T13:19:10.577+0000][1][safepoint    ] Leaving safepoint region
[2020-01-13T13:19:10.577+0000][1][safepoint    ] Total time for which application threads were stopped: 0.0001288 seconds, Stopping threads took: 0.0000344 seconds
[2020-01-13T13:19:11.577+0000][1][safepoint    ] Application time: 1.0001555 seconds
[2020-01-13T13:19:11.577+0000][1][safepoint    ] Entering safepoint region: Cleanup
[2020-01-13T13:19:11.577+0000][1][safepoint    ] Leaving safepoint region
[2020-01-13T13:19:11.577+0000][1][safepoint    ] Total time for which application threads were stopped: 0.0001418 seconds, Stopping threads took: 0.0000534 seconds
[2020-01-13T13:19:12.577+0000][1][safepoint    ] Application time: 1.0001734 seconds
[2020-01-13T13:19:12.578+0000][1][safepoint    ] Entering safepoint region: Cleanup
[2020-01-13T13:19:12.578+0000][1][safepoint    ] Leaving safepoint region
[2020-01-13T13:19:12.578+0000][1][safepoint    ] Total time for which application threads were stopped: 0.0001225 seconds, Stopping threads took: 0.0000347 seconds
[2020-01-13T13:19:13.578+0000][1][safepoint    ] Application time: 1.0001720 seconds
[2020-01-13T13:19:13.578+0000][1][safepoint    ] Entering safepoint region: Cleanup
[2020-01-13T13:19:13.579+0000][1][safepoint    ] Leaving safepoint region
[2020-01-13T13:19:13.580+0000][1][safepoint    ] Total time for which application threads were stopped: 0.0016473 seconds, Stopping threads took: 0.0000477 seconds
[2020-01-13T13:19:14.580+0000][1][safepoint    ] Application time: 1.0001568 seconds
[2020-01-13T13:19:14.581+0000][1][safepoint    ] Entering safepoint region: Cleanup
[2020-01-13T13:19:14.581+0000][1][safepoint    ] Leaving safepoint region
[2020-01-13T13:19:14.581+0000][1][safepoint    ] Total time for which application threads were stopped: 0.0001481 seconds, Stopping threads took: 0.0000426 seconds
[2020-01-13T13:19:15.581+0000][1][safepoint    ] Application time: 1.0001539 seconds
[2020-01-13T13:19:15.581+0000][1][safepoint    ] Entering safepoint region: Cleanup
[2020-01-13T13:19:15.581+0000][1][safepoint    ] Leaving safepoint region
[2020-01-13T13:19:15.581+0000][1][safepoint    ] Total time for which application threads were stopped: 0.0001126 seconds, Stopping threads took: 0.0000395 seconds
[2020-01-13T13:19:16.581+0000][1][safepoint    ] Application time: 1.0001068 seconds
[2020-01-13T13:19:16.581+0000][1][safepoint    ] Entering safepoint region: Cleanup
[2020-01-13T13:19:16.581+0000][1][safepoint    ] Leaving safepoint region
[2020-01-13T13:19:16.581+0000][1][safepoint    ] Total time for which application threads were stopped: 0.0001480 seconds, Stopping threads took: 0.0000438 seconds
[2020-01-13T13:19:17.581+0000][1][safepoint    ] Application time: 1.0000918 seconds
[2020-01-13T13:19:17.582+0000][1][safepoint    ] Entering safepoint region: Cleanup
[2020-01-13T13:19:17.582+0000][1][safepoint    ] Leaving safepoint region
[2020-01-13T13:19:17.582+0000][1][safepoint    ] Total time for which application threads were stopped: 0.0000978 seconds, Stopping threads took: 0.0000317 seconds
[2020-01-13T13:19:18.582+0000][1][safepoint    ] Application time: 1.0001708 seconds
[2020-01-13T13:19:18.582+0000][1][safepoint    ] Entering safepoint region: Cleanup
[2020-01-13T13:19:18.582+0000][1][safepoint    ] Leaving safepoint region
[2020-01-13T13:19:18.582+0000][1][safepoint    ] Total time for which application threads were stopped: 0.0001265 seconds, Stopping threads took: 0.0000392 seconds
[2020-01-13T13:19:19.582+0000][1][safepoint    ] Application time: 1.0001472 seconds
[2020-01-13T13:19:19.582+0000][1][safepoint    ] Entering safepoint region: Cleanup
[2020-01-13T13:19:19.582+0000][1][safepoint    ] Leaving safepoint region
[2020-01-13T13:19:19.582+0000][1][safepoint    ] Total time for which application threads were stopped: 0.0001581 seconds, Stopping threads took: 0.0000341 seconds
[2020-01-13T13:19:20.583+0000][1][safepoint    ] Application time: 1.0001436 seconds
[2020-01-13T13:19:20.583+0000][1][safepoint    ] Entering safepoint region: Cleanup
[2020-01-13T13:19:20.583+0000][1][safepoint    ] Leaving safepoint region
[2020-01-13T13:19:20.583+0000][1][safepoint    ] Total time for which application threads were stopped: 0.0000993 seconds, Stopping threads took: 0.0000279 seconds
[2020-01-13T13:19:21.583+0000][1][safepoint    ] Application time: 1.0001430 seconds
[2020-01-13T13:19:21.583+0000][1][safepoint    ] Entering safepoint region: Cleanup
[2020-01-13T13:19:21.583+0000][1][safepoint    ] Leaving safepoint region
[2020-01-13T13:19:21.583+0000][1][safepoint    ] Total time for which application threads were stopped: 0.0001802 seconds, Stopping threads took: 0.0000353 seconds
[2020-01-13T13:19:22.583+0000][1][safepoint    ] Application time: 1.0001599 seconds
[2020-01-13T13:19:22.583+0000][1][safepoint    ] Entering safepoint region: Cleanup
[2020-01-13T13:19:22.583+0000][1][safepoint    ] Leaving safepoint region
[2020-01-13T13:19:22.583+0000][1][safepoint    ] Total time for which application threads were stopped: 0.0001148 seconds, Stopping threads took: 0.0000332 seconds
[2020-01-13T13:19:23.565+0000][1][safepoint    ] Application time: 0.9809901 seconds
[2020-01-13T13:19:23.565+0000][1][safepoint    ] Entering safepoint region: GenCollectForAllocation
[2020-01-13T13:19:23.565+0000][1][gc,start     ] GC(37) Pause Young (Allocation Failure)
[2020-01-13T13:19:23.565+0000][1][gc,task      ] GC(37) Using 1 workers of 1 for evacuation
[2020-01-13T13:19:23.570+0000][1][gc,age       ] GC(37) Desired survivor size 4358144 bytes, new threshold 6 (max threshold 6)
[2020-01-13T13:19:23.570+0000][1][gc,age       ] GC(37) Age table with threshold 6 (max threshold 6)
[2020-01-13T13:19:23.570+0000][1][gc,age       ] GC(37) - age   1:     579192 bytes,     579192 total
[2020-01-13T13:19:23.570+0000][1][gc,age       ] GC(37) - age   2:       3384 bytes,     582576 total
[2020-01-13T13:19:23.570+0000][1][gc,age       ] GC(37) - age   3:       4224 bytes,     586800 total
[2020-01-13T13:19:23.570+0000][1][gc,age       ] GC(37) - age   4:       4392 bytes,     591192 total
[2020-01-13T13:19:23.570+0000][1][gc,age       ] GC(37) - age   5:       3552 bytes,     594744 total
[2020-01-13T13:19:23.570+0000][1][gc,age       ] GC(37) - age   6:       6008 bytes,     600752 total
[2020-01-13T13:19:23.570+0000][1][gc,heap      ] GC(37) ParNew: 69257K->731K(76672K)
[2020-01-13T13:19:23.570+0000][1][gc,heap      ] GC(37) CMS: 67656K->67659K(176960K)
[2020-01-13T13:19:23.570+0000][1][gc,metaspace ] GC(37) Metaspace: 66126K->66126K(1110016K)
[2020-01-13T13:19:23.570+0000][1][gc           ] GC(37) Pause Young (Allocation Failure) 133M->66M(247M) 5.397ms
[2020-01-13T13:19:23.570+0000][1][gc,cpu       ] GC(37) User=0.00s Sys=0.00s Real=0.01s
[2020-01-13T13:19:23.570+0000][1][safepoint    ] Leaving safepoint region
[2020-01-13T13:19:23.570+0000][1][safepoint    ] Total time for which application threads were stopped: 0.0056581 seconds, Stopping threads took: 0.0000490 seconds
[2020-01-13T13:19:24.586+0000][1][safepoint    ] Application time: 1.0154912 seconds
[2020-01-13T13:19:24.586+0000][1][safepoint    ] Entering safepoint region: Cleanup
[2020-01-13T13:19:24.586+0000][1][safepoint    ] Leaving safepoint region
[2020-01-13T13:19:24.586+0000][1][safepoint    ] Total time for which application threads were stopped: 0.0001161 seconds, Stopping threads took: 0.0000284 seconds
[2020-01-13T13:19:25.586+0000][1][safepoint    ] Application time: 1.0001566 seconds
[2020-01-13T13:19:25.586+0000][1][safepoint    ] Entering safepoint region: Cleanup
[2020-01-13T13:19:25.586+0000][1][safepoint    ] Leaving safepoint region
[2020-01-13T13:19:25.586+0000][1][safepoint    ] Total time for which application threads were stopped: 0.0001136 seconds, Stopping threads took: 0.0000282 seconds
[2020-01-13T13:19:26.586+0000][1][safepoint    ] Application time: 1.0001117 seconds
[2020-01-13T13:19:26.586+0000][1][safepoint    ] Entering safepoint region: Cleanup
[2020-01-13T13:19:26.587+0000][1][safepoint    ] Leaving safepoint region
[2020-01-13T13:19:26.587+0000][1][safepoint    ] Total time for which application threads were stopped: 0.0001043 seconds, Stopping threads took: 0.0000344 seconds
[2020-01-13T13:19:27.587+0000][1][safepoint    ] Application time: 1.0001470 seconds
[2020-01-13T13:19:27.587+0000][1][safepoint    ] Entering safepoint region: Cleanup
[2020-01-13T13:19:27.587+0000][1][safepoint    ] Leaving safepoint region
[2020-01-13T13:19:27.587+0000][1][safepoint    ] Total time for which application threads were stopped: 0.0001306 seconds, Stopping threads took: 0.0000420 seconds
[2020-01-13T13:19:28.587+0000][1][safepoint    ] Application time: 1.0003215 seconds
[2020-01-13T13:19:28.587+0000][1][safepoint    ] Entering safepoint region: Cleanup
[2020-01-13T13:19:28.587+0000][1][safepoint    ] Leaving safepoint region
[2020-01-13T13:19:28.587+0000][1][safepoint    ] Total time for which application threads were stopped: 0.0000989 seconds, Stopping threads took: 0.0000284 seconds
[2020-01-13T13:19:29.588+0000][1][safepoint    ] Application time: 1.0001608 seconds
[2020-01-13T13:19:29.589+0000][1][safepoint    ] Entering safepoint region: Cleanup
[2020-01-13T13:19:29.589+0000][1][safepoint    ] Leaving safepoint region
[2020-01-13T13:19:29.589+0000][1][safepoint    ] Total time for which application threads were stopped: 0.0001529 seconds, Stopping threads took: 0.0000600 seconds
[2020-01-13T13:19:30.589+0000][1][safepoint    ] Application time: 1.0004419 seconds
[2020-01-13T13:19:30.589+0000][1][safepoint    ] Entering safepoint region: Cleanup
[2020-01-13T13:19:30.589+0000][1][safepoint    ] Leaving safepoint region
[2020-01-13T13:19:30.589+0000][1][safepoint    ] Total time for which application threads were stopped: 0.0001173 seconds, Stopping threads took: 0.0000367 seconds
[2020-01-13T13:19:31.590+0000][1][safepoint    ] Application time: 1.0001609 seconds
[2020-01-13T13:19:31.590+0000][1][safepoint    ] Entering safepoint region: Cleanup
[2020-01-13T13:19:31.590+0000][1][safepoint    ] Leaving safepoint region
[2020-01-13T13:19:31.590+0000][1][safepoint    ] Total time for which application threads were stopped: 0.0001047 seconds, Stopping threads took: 0.0000298 seconds
[2020-01-13T13:19:32.590+0000][1][safepoint    ] Application time: 1.0001531 seconds
[2020-01-13T13:19:32.590+0000][1][safepoint    ] Entering safepoint region: Cleanup
[2020-01-13T13:19:32.590+0000][1][safepoint    ] Leaving safepoint region
[2020-01-13T13:19:32.590+0000][1][safepoint    ] Total time for which application threads were stopped: 0.0001059 seconds, Stopping threads took: 0.0000328 seconds
[2020-01-13T13:19:33.590+0000][1][safepoint    ] Application time: 1.0001319 seconds
[2020-01-13T13:19:33.590+0000][1][safepoint    ] Entering safepoint region: Cleanup
[2020-01-13T13:19:33.590+0000][1][safepoint    ] Leaving safepoint region
[2020-01-13T13:19:33.590+0000][1][safepoint    ] Total time for which application threads were stopped: 0.0000998 seconds, Stopping threads took: 0.0000303 seconds
[2020-01-13T13:19:34.591+0000][1][safepoint    ] Application time: 1.0001477 seconds
[2020-01-13T13:19:34.591+0000][1][safepoint    ] Entering safepoint region: Cleanup
[2020-01-13T13:19:34.592+0000][1][safepoint    ] Leaving safepoint region
[2020-01-13T13:19:34.592+0000][1][safepoint    ] Total time for which application threads were stopped: 0.0001323 seconds, Stopping threads took: 0.0000385 seconds
[2020-01-13T13:19:35.592+0000][1][safepoint    ] Application time: 1.0002123 seconds
[2020-01-13T13:19:35.592+0000][1][safepoint    ] Entering safepoint region: Cleanup
[2020-01-13T13:19:35.592+0000][1][safepoint    ] Leaving safepoint region
[2020-01-13T13:19:35.592+0000][1][safepoint    ] Total time for which application threads were stopped: 0.0000926 seconds, Stopping threads took: 0.0000268 seconds
[2020-01-13T13:19:36.592+0000][1][safepoint    ] Application time: 1.0001481 seconds
[2020-01-13T13:19:36.592+0000][1][safepoint    ] Entering safepoint region: Cleanup
[2020-01-13T13:19:36.592+0000][1][safepoint    ] Leaving safepoint region
[2020-01-13T13:19:36.592+0000][1][safepoint    ] Total time for which application threads were stopped: 0.0000985 seconds, Stopping threads took: 0.0000276 seconds
[2020-01-13T13:19:37.592+0000][1][safepoint    ] Application time: 1.0001532 seconds
[2020-01-13T13:19:37.593+0000][1][safepoint    ] Entering safepoint region: Cleanup
[2020-01-13T13:19:37.593+0000][1][safepoint    ] Leaving safepoint region
[2020-01-13T13:19:37.593+0000][1][safepoint    ] Total time for which application threads were stopped: 0.0001230 seconds, Stopping threads took: 0.0000309 seconds
[2020-01-13T13:19:38.593+0000][1][safepoint    ] Application time: 1.0000891 seconds
[2020-01-13T13:19:38.593+0000][1][safepoint    ] Entering safepoint region: Cleanup
[2020-01-13T13:19:38.593+0000][1][safepoint    ] Leaving safepoint region
[2020-01-13T13:19:38.593+0000][1][safepoint    ] Total time for which application threads were stopped: 0.0001914 seconds, Stopping threads took: 0.0000564 seconds
[2020-01-13T13:19:39.593+0000][1][safepoint    ] Application time: 1.0001346 seconds
[2020-01-13T13:19:39.594+0000][1][safepoint    ] Entering safepoint region: Cleanup
[2020-01-13T13:19:39.594+0000][1][safepoint    ] Leaving safepoint region
[2020-01-13T13:19:39.594+0000][1][safepoint    ] Total time for which application threads were stopped: 0.0001232 seconds, Stopping threads took: 0.0000388 seconds
[2020-01-13T13:19:40.594+0000][1][safepoint    ] Application time: 1.0001541 seconds
[2020-01-13T13:19:40.595+0000][1][safepoint    ] Entering safepoint region: Cleanup
[2020-01-13T13:19:40.595+0000][1][safepoint    ] Leaving safepoint region
[2020-01-13T13:19:40.595+0000][1][safepoint    ] Total time for which application threads were stopped: 0.0001042 seconds, Stopping threads took: 0.0000274 seconds
[2020-01-13T13:19:41.595+0000][1][safepoint    ] Application time: 1.0001563 seconds
[2020-01-13T13:19:41.595+0000][1][safepoint    ] Entering safepoint region: Cleanup
[2020-01-13T13:19:41.595+0000][1][safepoint    ] Leaving safepoint region
[2020-01-13T13:19:41.595+0000][1][safepoint    ] Total time for which application threads were stopped: 0.0001032 seconds, Stopping threads took: 0.0000275 seconds
[2020-01-13T13:19:42.595+0000][1][safepoint    ] Application time: 1.0001597 seconds
[2020-01-13T13:19:42.595+0000][1][safepoint    ] Entering safepoint region: Cleanup
[2020-01-13T13:19:42.595+0000][1][safepoint    ] Leaving safepoint region
[2020-01-13T13:19:42.595+0000][1][safepoint    ] Total time for which application threads were stopped: 0.0001282 seconds, Stopping threads took: 0.0000337 seconds
[2020-01-13T13:19:43.596+0000][1][safepoint    ] Application time: 1.0001683 seconds
[2020-01-13T13:19:43.596+0000][1][safepoint    ] Entering safepoint region: Cleanup
[2020-01-13T13:19:43.596+0000][1][safepoint    ] Leaving safepoint region
[2020-01-13T13:19:43.596+0000][1][safepoint    ] Total time for which application threads were stopped: 0.0001424 seconds, Stopping threads took: 0.0000368 seconds
[2020-01-13T13:19:44.596+0000][1][safepoint    ] Application time: 1.0001642 seconds
[2020-01-13T13:19:44.597+0000][1][safepoint    ] Entering safepoint region: Cleanup
[2020-01-13T13:19:44.597+0000][1][safepoint    ] Leaving safepoint region
[2020-01-13T13:19:44.597+0000][1][safepoint    ] Total time for which application threads were stopped: 0.0001446 seconds, Stopping threads took: 0.0000537 seconds
[2020-01-13T13:19:45.597+0000][1][safepoint    ] Application time: 1.0001712 seconds
[2020-01-13T13:19:45.597+0000][1][safepoint    ] Entering safepoint region: Cleanup
[2020-01-13T13:19:45.597+0000][1][safepoint    ] Leaving safepoint region
[2020-01-13T13:19:45.597+0000][1][safepoint    ] Total time for which application threads were stopped: 0.0001166 seconds, Stopping threads took: 0.0000336 seconds
[2020-01-13T13:19:46.597+0000][1][safepoint    ] Application time: 1.0001956 seconds
[2020-01-13T13:19:46.598+0000][1][safepoint    ] Entering safepoint region: Cleanup
[2020-01-13T13:19:46.598+0000][1][safepoint    ] Leaving safepoint region
[2020-01-13T13:19:46.598+0000][1][safepoint    ] Total time for which application threads were stopped: 0.0001183 seconds, Stopping threads took: 0.0000331 seconds
[2020-01-13T13:19:47.598+0000][1][safepoint    ] Application time: 1.0001503 seconds
[2020-01-13T13:19:47.598+0000][1][safepoint    ] Entering safepoint region: Cleanup
[2020-01-13T13:19:47.598+0000][1][safepoint    ] Leaving safepoint region
[2020-01-13T13:19:47.598+0000][1][safepoint    ] Total time for which application threads were stopped: 0.0001046 seconds, Stopping threads took: 0.0000359 seconds
[2020-01-13T13:19:48.598+0000][1][safepoint    ] Application time: 1.0001596 seconds
[2020-01-13T13:19:48.598+0000][1][safepoint    ] Entering safepoint region: Cleanup
[2020-01-13T13:19:48.598+0000][1][safepoint    ] Leaving safepoint region
[2020-01-13T13:19:48.598+0000][1][safepoint    ] Total time for which application threads were stopped: 0.0001245 seconds, Stopping threads took: 0.0000273 seconds
[2020-01-13T13:19:49.599+0000][1][safepoint    ] Application time: 1.0002035 seconds
[2020-01-13T13:19:49.599+0000][1][safepoint    ] Entering safepoint region: Cleanup
[2020-01-13T13:19:49.599+0000][1][safepoint    ] Leaving safepoint region
[2020-01-13T13:19:49.599+0000][1][safepoint    ] Total time for which application threads were stopped: 0.0000995 seconds, Stopping threads took: 0.0000263 seconds
[2020-01-13T13:19:50.599+0000][1][safepoint    ] Application time: 1.0001393 seconds
[2020-01-13T13:19:50.599+0000][1][safepoint    ] Entering safepoint region: Cleanup
[2020-01-13T13:19:50.599+0000][1][safepoint    ] Leaving safepoint region
[2020-01-13T13:19:50.599+0000][1][safepoint    ] Total time for which application threads were stopped: 0.0001103 seconds, Stopping threads took: 0.0000265 seconds
[2020-01-13T13:19:51.599+0000][1][safepoint    ] Application time: 1.0001612 seconds
[2020-01-13T13:19:51.599+0000][1][safepoint    ] Entering safepoint region: Cleanup
[2020-01-13T13:19:51.599+0000][1][safepoint    ] Leaving safepoint region
[2020-01-13T13:19:51.599+0000][1][safepoint    ] Total time for which application threads were stopped: 0.0001084 seconds, Stopping threads took: 0.0000356 seconds
[2020-01-13T13:19:52.600+0000][1][safepoint    ] Application time: 1.0001505 seconds
[2020-01-13T13:19:52.600+0000][1][safepoint    ] Entering safepoint region: Cleanup
[2020-01-13T13:19:52.600+0000][1][safepoint    ] Leaving safepoint region
[2020-01-13T13:19:52.600+0000][1][safepoint    ] Total time for which application threads were stopped: 0.0001110 seconds, Stopping threads took: 0.0000263 seconds
[2020-01-13T13:19:53.600+0000][1][safepoint    ] Application time: 1.0001535 seconds
[2020-01-13T13:19:53.600+0000][1][safepoint    ] Entering safepoint region: Cleanup
[2020-01-13T13:19:53.600+0000][1][safepoint    ] Leaving safepoint region
[2020-01-13T13:19:53.600+0000][1][safepoint    ] Total time for which application threads were stopped: 0.0001033 seconds, Stopping threads took: 0.0000298 seconds
[2020-01-13T13:19:54.600+0000][1][safepoint    ] Application time: 1.0001755 seconds
[2020-01-13T13:19:54.600+0000][1][safepoint    ] Entering safepoint region: Cleanup
[2020-01-13T13:19:54.601+0000][1][safepoint    ] Leaving safepoint region
[2020-01-13T13:19:54.601+0000][1][safepoint    ] Total time for which application threads were stopped: 0.0001198 seconds, Stopping threads took: 0.0000291 seconds
[2020-01-13T13:19:55.601+0000][1][safepoint    ] Application time: 1.0001390 seconds
[2020-01-13T13:19:55.601+0000][1][safepoint    ] Entering safepoint region: Cleanup
[2020-01-13T13:19:55.601+0000][1][safepoint    ] Leaving safepoint region
[2020-01-13T13:19:55.601+0000][1][safepoint    ] Total time for which application threads were stopped: 0.0001547 seconds, Stopping threads took: 0.0000460 seconds
[2020-01-13T13:19:56.601+0000][1][safepoint    ] Application time: 1.0001272 seconds
[2020-01-13T13:19:56.601+0000][1][safepoint    ] Entering safepoint region: Cleanup
[2020-01-13T13:19:56.601+0000][1][safepoint    ] Leaving safepoint region
[2020-01-13T13:19:56.601+0000][1][safepoint    ] Total time for which application threads were stopped: 0.0001758 seconds, Stopping threads took: 0.0000354 seconds
[2020-01-13T13:19:57.602+0000][1][safepoint    ] Application time: 1.0001684 seconds
[2020-01-13T13:19:57.602+0000][1][safepoint    ] Entering safepoint region: Cleanup
[2020-01-13T13:19:57.602+0000][1][safepoint    ] Leaving safepoint region
[2020-01-13T13:19:57.602+0000][1][safepoint    ] Total time for which application threads were stopped: 0.0001163 seconds, Stopping threads took: 0.0000298 seconds
[2020-01-13T13:19:58.602+0000][1][safepoint    ] Application time: 1.0001865 seconds
[2020-01-13T13:19:58.602+0000][1][safepoint    ] Entering safepoint region: Cleanup
[2020-01-13T13:19:58.602+0000][1][safepoint    ] Leaving safepoint region
[2020-01-13T13:19:58.602+0000][1][safepoint    ] Total time for which application threads were stopped: 0.0001217 seconds, Stopping threads took: 0.0000373 seconds
[2020-01-13T13:19:59.602+0000][1][safepoint    ] Application time: 1.0001936 seconds
[2020-01-13T13:19:59.602+0000][1][safepoint    ] Entering safepoint region: Cleanup
[2020-01-13T13:19:59.603+0000][1][safepoint    ] Leaving safepoint region
[2020-01-13T13:19:59.603+0000][1][safepoint    ] Total time for which application threads were stopped: 0.0001468 seconds, Stopping threads took: 0.0000395 seconds
[2020-01-13T13:20:00.603+0000][1][safepoint    ] Application time: 1.0001474 seconds
[2020-01-13T13:20:00.603+0000][1][safepoint    ] Entering safepoint region: Cleanup
[2020-01-13T13:20:00.603+0000][1][safepoint    ] Leaving safepoint region
[2020-01-13T13:20:00.603+0000][1][safepoint    ] Total time for which application threads were stopped: 0.0001159 seconds, Stopping threads took: 0.0000308 seconds
[2020-01-13T13:20:01.592+0000][1][safepoint    ] Application time: 0.9885648 seconds
[2020-01-13T13:20:01.592+0000][1][safepoint    ] Entering safepoint region: GenCollectForAllocation
[2020-01-13T13:20:01.592+0000][1][gc,start     ] GC(38) Pause Young (Allocation Failure)
[2020-01-13T13:20:01.592+0000][1][gc,task      ] GC(38) Using 1 workers of 1 for evacuation
[2020-01-13T13:20:01.599+0000][1][gc,age       ] GC(38) Desired survivor size 4358144 bytes, new threshold 6 (max threshold 6)
[2020-01-13T13:20:01.599+0000][1][gc,age       ] GC(38) Age table with threshold 6 (max threshold 6)
[2020-01-13T13:20:01.599+0000][1][gc,age       ] GC(38) - age   1:     604592 bytes,     604592 total
[2020-01-13T13:20:01.599+0000][1][gc,age       ] GC(38) - age   2:       2600 bytes,     607192 total
[2020-01-13T13:20:01.599+0000][1][gc,age       ] GC(38) - age   3:       3384 bytes,     610576 total
[2020-01-13T13:20:01.599+0000][1][gc,age       ] GC(38) - age   4:       4224 bytes,     614800 total
[2020-01-13T13:20:01.599+0000][1][gc,age       ] GC(38) - age   5:       4392 bytes,     619192 total
[2020-01-13T13:20:01.599+0000][1][gc,age       ] GC(38) - age   6:       3552 bytes,     622744 total
[2020-01-13T13:20:01.600+0000][1][gc,heap      ] GC(38) ParNew: 68850K->1062K(76672K)
[2020-01-13T13:20:01.600+0000][1][gc,heap      ] GC(38) CMS: 67659K->67665K(176960K)
[2020-01-13T13:20:01.600+0000][1][gc,metaspace ] GC(38) Metaspace: 66134K->66134K(1110016K)
[2020-01-13T13:20:01.600+0000][1][gc           ] GC(38) Pause Young (Allocation Failure) 133M->67M(247M) 7.831ms
[2020-01-13T13:20:01.600+0000][1][gc,cpu       ] GC(38) User=0.01s Sys=0.00s Real=0.01s
[2020-01-13T13:20:01.600+0000][1][safepoint    ] Leaving safepoint region
[2020-01-13T13:20:01.600+0000][1][safepoint    ] Total time for which application threads were stopped: 0.0080723 seconds, Stopping threads took: 0.0000406 seconds
[2020-01-13T13:20:02.601+0000][1][safepoint    ] Application time: 1.0017992 seconds
[2020-01-13T13:20:02.602+0000][1][safepoint    ] Entering safepoint region: Cleanup
[2020-01-13T13:20:02.602+0000][1][safepoint    ] Leaving safepoint region
[2020-01-13T13:20:02.602+0000][1][safepoint    ] Total time for which application threads were stopped: 0.0001458 seconds, Stopping threads took: 0.0000470 seconds
[2020-01-13T13:20:03.602+0000][1][safepoint    ] Application time: 1.0001028 seconds
[2020-01-13T13:20:03.602+0000][1][safepoint    ] Entering safepoint region: Cleanup
[2020-01-13T13:20:03.602+0000][1][safepoint    ] Leaving safepoint region
[2020-01-13T13:20:03.602+0000][1][safepoint    ] Total time for which application threads were stopped: 0.0001785 seconds, Stopping threads took: 0.0001042 seconds
[2020-01-13T13:20:04.602+0000][1][safepoint    ] Application time: 1.0001318 seconds
[2020-01-13T13:20:04.602+0000][1][safepoint    ] Entering safepoint region: Cleanup
[2020-01-13T13:20:04.602+0000][1][safepoint    ] Leaving safepoint region
[2020-01-13T13:20:04.602+0000][1][safepoint    ] Total time for which application threads were stopped: 0.0001369 seconds, Stopping threads took: 0.0000480 seconds
[2020-01-13T13:20:05.603+0000][1][safepoint    ] Application time: 1.0001068 seconds
[2020-01-13T13:20:05.603+0000][1][safepoint    ] Entering safepoint region: Cleanup
[2020-01-13T13:20:05.603+0000][1][safepoint    ] Leaving safepoint region
[2020-01-13T13:20:05.603+0000][1][safepoint    ] Total time for which application threads were stopped: 0.0001150 seconds, Stopping threads took: 0.0000315 seconds
[2020-01-13T13:20:06.603+0000][1][safepoint    ] Application time: 1.0001570 seconds
[2020-01-13T13:20:06.604+0000][1][safepoint    ] Entering safepoint region: Cleanup
[2020-01-13T13:20:06.604+0000][1][safepoint    ] Leaving safepoint region
[2020-01-13T13:20:06.604+0000][1][safepoint    ] Total time for which application threads were stopped: 0.0001903 seconds, Stopping threads took: 0.0000901 seconds
[2020-01-13T13:20:07.604+0000][1][safepoint    ] Application time: 1.0001494 seconds
[2020-01-13T13:20:07.604+0000][1][safepoint    ] Entering safepoint region: Cleanup
[2020-01-13T13:20:07.605+0000][1][safepoint    ] Leaving safepoint region
[2020-01-13T13:20:07.605+0000][1][safepoint    ] Total time for which application threads were stopped: 0.0001364 seconds, Stopping threads took: 0.0000320 seconds
[2020-01-13T13:20:08.605+0000][1][safepoint    ] Application time: 1.0001511 seconds
[2020-01-13T13:20:08.605+0000][1][safepoint    ] Entering safepoint region: Cleanup
[2020-01-13T13:20:08.605+0000][1][safepoint    ] Leaving safepoint region
[2020-01-13T13:20:08.605+0000][1][safepoint    ] Total time for which application threads were stopped: 0.0001299 seconds, Stopping threads took: 0.0000349 seconds
[2020-01-13T13:20:09.605+0000][1][safepoint    ] Application time: 1.0001493 seconds
[2020-01-13T13:20:09.605+0000][1][safepoint    ] Entering safepoint region: Cleanup
[2020-01-13T13:20:09.605+0000][1][safepoint    ] Leaving safepoint region
[2020-01-13T13:20:09.605+0000][1][safepoint    ] Total time for which application threads were stopped: 0.0001313 seconds, Stopping threads took: 0.0000415 seconds
[2020-01-13T13:20:10.605+0000][1][safepoint    ] Application time: 1.0000706 seconds
[2020-01-13T13:20:10.605+0000][1][safepoint    ] Entering safepoint region: Cleanup
[2020-01-13T13:20:10.606+0000][1][safepoint    ] Leaving safepoint region
[2020-01-13T13:20:10.606+0000][1][safepoint    ] Total time for which application threads were stopped: 0.0001295 seconds, Stopping threads took: 0.0000334 seconds
[2020-01-13T13:20:11.606+0000][1][safepoint    ] Application time: 1.0001273 seconds
[2020-01-13T13:20:11.607+0000][1][safepoint    ] Entering safepoint region: Cleanup
[2020-01-13T13:20:11.607+0000][1][safepoint    ] Leaving safepoint region
[2020-01-13T13:20:11.607+0000][1][safepoint    ] Total time for which application threads were stopped: 0.0002005 seconds, Stopping threads took: 0.0000499 seconds
[2020-01-13T13:20:12.607+0000][1][safepoint    ] Application time: 1.0001331 seconds
[2020-01-13T13:20:12.607+0000][1][safepoint    ] Entering safepoint region: Cleanup
[2020-01-13T13:20:12.607+0000][1][safepoint    ] Leaving safepoint region
[2020-01-13T13:20:12.607+0000][1][safepoint    ] Total time for which application threads were stopped: 0.0001078 seconds, Stopping threads took: 0.0000383 seconds
[2020-01-13T13:20:13.607+0000][1][safepoint    ] Application time: 1.0001965 seconds
[2020-01-13T13:20:13.608+0000][1][safepoint    ] Entering safepoint region: Cleanup
[2020-01-13T13:20:13.608+0000][1][safepoint    ] Leaving safepoint region
[2020-01-13T13:20:13.608+0000][1][safepoint    ] Total time for which application threads were stopped: 0.0001043 seconds, Stopping threads took: 0.0000269 seconds
[2020-01-13T13:20:14.608+0000][1][safepoint    ] Application time: 1.0001384 seconds
[2020-01-13T13:20:14.608+0000][1][safepoint    ] Entering safepoint region: Cleanup
[2020-01-13T13:20:14.608+0000][1][safepoint    ] Leaving safepoint region
[2020-01-13T13:20:14.608+0000][1][safepoint    ] Total time for which application threads were stopped: 0.0001234 seconds, Stopping threads took: 0.0000353 seconds
[2020-01-13T13:20:15.507+0000][1][safepoint    ] Application time: 0.8994541 seconds
[2020-01-13T13:20:15.508+0000][1][safepoint    ] Entering safepoint region: RevokeBias
[2020-01-13T13:20:15.508+0000][1][safepoint    ] Leaving safepoint region
[2020-01-13T13:20:15.508+0000][1][safepoint    ] Total time for which application threads were stopped: 0.0001729 seconds, Stopping threads took: 0.0000508 seconds
[2020-01-13T13:20:15.510+0000][1][safepoint    ] Application time: 0.0024607 seconds
[2020-01-13T13:20:15.510+0000][1][safepoint    ] Entering safepoint region: RevokeBias
[2020-01-13T13:20:15.510+0000][1][safepoint    ] Leaving safepoint region
[2020-01-13T13:20:15.510+0000][1][safepoint    ] Total time for which application threads were stopped: 0.0001337 seconds, Stopping threads took: 0.0000233 seconds
[2020-01-13T13:20:15.510+0000][1][safepoint    ] Application time: 0.0001318 seconds
[2020-01-13T13:20:15.510+0000][1][safepoint    ] Entering safepoint region: RevokeBias
[2020-01-13T13:20:15.511+0000][1][safepoint    ] Leaving safepoint region
[2020-01-13T13:20:15.511+0000][1][safepoint    ] Total time for which application threads were stopped: 0.0000917 seconds, Stopping threads took: 0.0000164 seconds
[2020-01-13T13:20:15.511+0000][1][safepoint    ] Application time: 0.0000523 seconds
[2020-01-13T13:20:15.511+0000][1][safepoint    ] Entering safepoint region: RevokeBias
[2020-01-13T13:20:15.511+0000][1][safepoint    ] Leaving safepoint region
[2020-01-13T13:20:15.511+0000][1][safepoint    ] Total time for which application threads were stopped: 0.0000412 seconds, Stopping threads took: 0.0000062 seconds
[2020-01-13T13:20:16.508+0000][1][safepoint    ] Application time: 0.9976565 seconds
[2020-01-13T13:20:16.508+0000][1][safepoint    ] Entering safepoint region: RevokeBias
[2020-01-13T13:20:16.509+0000][1][safepoint    ] Leaving safepoint region
[2020-01-13T13:20:16.509+0000][1][safepoint    ] Total time for which application threads were stopped: 0.0001493 seconds, Stopping threads took: 0.0000275 seconds
[2020-01-13T13:20:16.509+0000][1][safepoint    ] Application time: 0.0000542 seconds
[2020-01-13T13:20:16.509+0000][1][safepoint    ] Entering safepoint region: RevokeBias
[2020-01-13T13:20:16.509+0000][1][safepoint    ] Leaving safepoint region
[2020-01-13T13:20:16.509+0000][1][safepoint    ] Total time for which application threads were stopped: 0.0000590 seconds, Stopping threads took: 0.0000089 seconds
[2020-01-13T13:20:16.509+0000][1][safepoint    ] Application time: 0.0000954 seconds
[2020-01-13T13:20:16.509+0000][1][safepoint    ] Entering safepoint region: RevokeBias
[2020-01-13T13:20:16.509+0000][1][safepoint    ] Leaving safepoint region
[2020-01-13T13:20:16.509+0000][1][safepoint    ] Total time for which application threads were stopped: 0.0000673 seconds, Stopping threads took: 0.0000096 seconds
[2020-01-13T13:20:17.508+0000][1][safepoint    ] Application time: 0.9995511 seconds
[2020-01-13T13:20:17.508+0000][1][safepoint    ] Entering safepoint region: RevokeBias
[2020-01-13T13:20:17.509+0000][1][safepoint    ] Leaving safepoint region
[2020-01-13T13:20:17.509+0000][1][safepoint    ] Total time for which application threads were stopped: 0.0001697 seconds, Stopping threads took: 0.0000286 seconds
[2020-01-13T13:20:17.509+0000][1][safepoint    ] Application time: 0.0000708 seconds
[2020-01-13T13:20:17.509+0000][1][safepoint    ] Entering safepoint region: RevokeBias
[2020-01-13T13:20:17.509+0000][1][safepoint    ] Leaving safepoint region
[2020-01-13T13:20:17.509+0000][1][safepoint    ] Total time for which application threads were stopped: 0.0000563 seconds, Stopping threads took: 0.0000077 seconds
[2020-01-13T13:20:17.509+0000][1][safepoint    ] Application time: 0.0000232 seconds
[2020-01-13T13:20:17.509+0000][1][safepoint    ] Entering safepoint region: RevokeBias
[2020-01-13T13:20:17.509+0000][1][safepoint    ] Leaving safepoint region
[2020-01-13T13:20:17.509+0000][1][safepoint    ] Total time for which application threads were stopped: 0.0000530 seconds, Stopping threads took: 0.0000057 seconds
[2020-01-13T13:20:18.509+0000][1][safepoint    ] Application time: 1.0001508 seconds
[2020-01-13T13:20:18.509+0000][1][safepoint    ] Entering safepoint region: Cleanup
[2020-01-13T13:20:18.509+0000][1][safepoint    ] Leaving safepoint region
[2020-01-13T13:20:18.509+0000][1][safepoint    ] Total time for which application threads were stopped: 0.0001182 seconds, Stopping threads took: 0.0000336 seconds
[2020-01-13T13:20:18.513+0000][1][safepoint    ] Application time: 0.0038347 seconds
[2020-01-13T13:20:18.513+0000][1][safepoint    ] Entering safepoint region: RevokeBias
[2020-01-13T13:20:18.513+0000][1][safepoint    ] Leaving safepoint region
[2020-01-13T13:20:18.513+0000][1][safepoint    ] Total time for which application threads were stopped: 0.0000952 seconds, Stopping threads took: 0.0000165 seconds
[2020-01-13T13:20:18.513+0000][1][safepoint    ] Application time: 0.0000402 seconds
[2020-01-13T13:20:18.513+0000][1][safepoint    ] Entering safepoint region: RevokeBias
[2020-01-13T13:20:18.513+0000][1][safepoint    ] Leaving safepoint region
[2020-01-13T13:20:18.513+0000][1][safepoint    ] Total time for which application threads were stopped: 0.0000297 seconds, Stopping threads took: 0.0000062 seconds
[2020-01-13T13:20:18.513+0000][1][safepoint    ] Application time: 0.0000216 seconds
[2020-01-13T13:20:18.513+0000][1][safepoint    ] Entering safepoint region: RevokeBias
[2020-01-13T13:20:18.513+0000][1][safepoint    ] Leaving safepoint region
[2020-01-13T13:20:18.513+0000][1][safepoint    ] Total time for which application threads were stopped: 0.0000594 seconds, Stopping threads took: 0.0000283 seconds
[2020-01-13T13:20:19.513+0000][1][safepoint    ] Application time: 1.0000874 seconds
[2020-01-13T13:20:19.514+0000][1][safepoint    ] Entering safepoint region: Cleanup
[2020-01-13T13:20:19.515+0000][1][safepoint    ] Leaving safepoint region
[2020-01-13T13:20:19.515+0000][1][safepoint    ] Total time for which application threads were stopped: 0.0010413 seconds, Stopping threads took: 0.0009437 seconds
[2020-01-13T13:20:19.515+0000][1][safepoint    ] Application time: 0.0001694 seconds
[2020-01-13T13:20:19.515+0000][1][safepoint    ] Entering safepoint region: RevokeBias
[2020-01-13T13:20:19.515+0000][1][safepoint    ] Leaving safepoint region
[2020-01-13T13:20:19.515+0000][1][safepoint    ] Total time for which application threads were stopped: 0.0000989 seconds, Stopping threads took: 0.0000178 seconds
[2020-01-13T13:20:19.515+0000][1][safepoint    ] Application time: 0.0000392 seconds
[2020-01-13T13:20:19.515+0000][1][safepoint    ] Entering safepoint region: RevokeBias
[2020-01-13T13:20:19.515+0000][1][safepoint    ] Leaving safepoint region
[2020-01-13T13:20:19.515+0000][1][safepoint    ] Total time for which application threads were stopped: 0.0000395 seconds, Stopping threads took: 0.0000059 seconds
[2020-01-13T13:20:19.515+0000][1][safepoint    ] Application time: 0.0000225 seconds
[2020-01-13T13:20:19.515+0000][1][safepoint    ] Entering safepoint region: RevokeBias
[2020-01-13T13:20:19.515+0000][1][safepoint    ] Leaving safepoint region
[2020-01-13T13:20:19.515+0000][1][safepoint    ] Total time for which application threads were stopped: 0.0000326 seconds, Stopping threads took: 0.0000055 seconds
[2020-01-13T13:20:20.513+0000][1][safepoint    ] Application time: 0.9984050 seconds
[2020-01-13T13:20:20.514+0000][1][safepoint    ] Entering safepoint region: RevokeBias
[2020-01-13T13:20:20.514+0000][1][safepoint    ] Leaving safepoint region
[2020-01-13T13:20:20.514+0000][1][safepoint    ] Total time for which application threads were stopped: 0.0001752 seconds, Stopping threads took: 0.0000373 seconds
[2020-01-13T13:20:20.514+0000][1][safepoint    ] Application time: 0.0000533 seconds
[2020-01-13T13:20:20.514+0000][1][safepoint    ] Entering safepoint region: RevokeBias
[2020-01-13T13:20:20.514+0000][1][safepoint    ] Leaving safepoint region
[2020-01-13T13:20:20.514+0000][1][safepoint    ] Total time for which application threads were stopped: 0.0000658 seconds, Stopping threads took: 0.0000078 seconds
[2020-01-13T13:20:20.514+0000][1][safepoint    ] Application time: 0.0000254 seconds
[2020-01-13T13:20:20.514+0000][1][safepoint    ] Entering safepoint region: RevokeBias
[2020-01-13T13:20:20.514+0000][1][safepoint    ] Leaving safepoint region
[2020-01-13T13:20:20.514+0000][1][safepoint    ] Total time for which application threads were stopped: 0.0000417 seconds, Stopping threads took: 0.0000073 seconds
[2020-01-13T13:20:21.514+0000][1][safepoint    ] Application time: 1.0000297 seconds
[2020-01-13T13:20:21.514+0000][1][safepoint    ] Entering safepoint region: RevokeBias
[2020-01-13T13:20:21.514+0000][1][safepoint    ] Leaving safepoint region
[2020-01-13T13:20:21.514+0000][1][safepoint    ] Total time for which application threads were stopped: 0.0001022 seconds, Stopping threads took: 0.0000171 seconds
[2020-01-13T13:20:21.514+0000][1][safepoint    ] Application time: 0.0000386 seconds
[2020-01-13T13:20:21.514+0000][1][safepoint    ] Entering safepoint region: RevokeBias
[2020-01-13T13:20:21.514+0000][1][safepoint    ] Leaving safepoint region
[2020-01-13T13:20:21.514+0000][1][safepoint    ] Total time for which application threads were stopped: 0.0000285 seconds, Stopping threads took: 0.0000059 seconds
[2020-01-13T13:20:21.514+0000][1][safepoint    ] Application time: 0.0000209 seconds
[2020-01-13T13:20:21.514+0000][1][safepoint    ] Entering safepoint region: RevokeBias
[2020-01-13T13:20:21.514+0000][1][safepoint    ] Leaving safepoint region
[2020-01-13T13:20:21.514+0000][1][safepoint    ] Total time for which application threads were stopped: 0.0000243 seconds, Stopping threads took: 0.0000056 seconds
[2020-01-13T13:20:22.514+0000][1][safepoint    ] Application time: 0.9998977 seconds
[2020-01-13T13:20:22.514+0000][1][safepoint    ] Entering safepoint region: RevokeBias
[2020-01-13T13:20:22.514+0000][1][safepoint    ] Leaving safepoint region
[2020-01-13T13:20:22.514+0000][1][safepoint    ] Total time for which application threads were stopped: 0.0001009 seconds, Stopping threads took: 0.0000173 seconds
[2020-01-13T13:20:22.514+0000][1][safepoint    ] Application time: 0.0001098 seconds
[2020-01-13T13:20:22.514+0000][1][safepoint    ] Entering safepoint region: RevokeBias
[2020-01-13T13:20:22.514+0000][1][safepoint    ] Leaving safepoint region
[2020-01-13T13:20:22.514+0000][1][safepoint    ] Total time for which application threads were stopped: 0.0000410 seconds, Stopping threads took: 0.0000081 seconds
[2020-01-13T13:20:22.514+0000][1][safepoint    ] Application time: 0.0000257 seconds
[2020-01-13T13:20:22.514+0000][1][safepoint    ] Entering safepoint region: RevokeBias
[2020-01-13T13:20:22.514+0000][1][safepoint    ] Leaving safepoint region
[2020-01-13T13:20:22.514+0000][1][safepoint    ] Total time for which application threads were stopped: 0.0000250 seconds, Stopping threads took: 0.0000055 seconds
[2020-01-13T13:20:23.514+0000][1][safepoint    ] Application time: 0.9996971 seconds
[2020-01-13T13:20:23.514+0000][1][safepoint    ] Entering safepoint region: RevokeBias
[2020-01-13T13:20:23.514+0000][1][safepoint    ] Leaving safepoint region
[2020-01-13T13:20:23.514+0000][1][safepoint    ] Total time for which application threads were stopped: 0.0001832 seconds, Stopping threads took: 0.0000225 seconds
[2020-01-13T13:20:23.515+0000][1][safepoint    ] Application time: 0.0000693 seconds
[2020-01-13T13:20:23.515+0000][1][safepoint    ] Entering safepoint region: RevokeBias
[2020-01-13T13:20:23.515+0000][1][safepoint    ] Leaving safepoint region
[2020-01-13T13:20:23.515+0000][1][safepoint    ] Total time for which application threads were stopped: 0.0000600 seconds, Stopping threads took: 0.0000209 seconds
[2020-01-13T13:20:23.515+0000][1][safepoint    ] Application time: 0.0000282 seconds
[2020-01-13T13:20:23.515+0000][1][safepoint    ] Entering safepoint region: RevokeBias
[2020-01-13T13:20:23.515+0000][1][safepoint    ] Leaving safepoint region
[2020-01-13T13:20:23.515+0000][1][safepoint    ] Total time for which application threads were stopped: 0.0000555 seconds, Stopping threads took: 0.0000085 seconds
[2020-01-13T13:20:24.515+0000][1][safepoint    ] Application time: 0.9999841 seconds
[2020-01-13T13:20:24.515+0000][1][safepoint    ] Entering safepoint region: RevokeBias
[2020-01-13T13:20:24.515+0000][1][safepoint    ] Leaving safepoint region
[2020-01-13T13:20:24.515+0000][1][safepoint    ] Total time for which application threads were stopped: 0.0001309 seconds, Stopping threads took: 0.0000238 seconds
[2020-01-13T13:20:24.515+0000][1][safepoint    ] Application time: 0.0000511 seconds
[2020-01-13T13:20:24.515+0000][1][safepoint    ] Entering safepoint region: RevokeBias
[2020-01-13T13:20:24.515+0000][1][safepoint    ] Leaving safepoint region
[2020-01-13T13:20:24.515+0000][1][safepoint    ] Total time for which application threads were stopped: 0.0000434 seconds, Stopping threads took: 0.0000087 seconds
[2020-01-13T13:20:24.515+0000][1][safepoint    ] Application time: 0.0000269 seconds
[2020-01-13T13:20:24.515+0000][1][safepoint    ] Entering safepoint region: RevokeBias
[2020-01-13T13:20:24.515+0000][1][safepoint    ] Leaving safepoint region
[2020-01-13T13:20:24.515+0000][1][safepoint    ] Total time for which application threads were stopped: 0.0000367 seconds, Stopping threads took: 0.0000083 seconds
[2020-01-13T13:20:25.515+0000][1][safepoint    ] Application time: 1.0002184 seconds
[2020-01-13T13:20:25.515+0000][1][safepoint    ] Entering safepoint region: Cleanup
[2020-01-13T13:20:25.516+0000][1][safepoint    ] Leaving safepoint region
[2020-01-13T13:20:25.516+0000][1][safepoint    ] Total time for which application threads were stopped: 0.0001186 seconds, Stopping threads took: 0.0000272 seconds
[2020-01-13T13:20:25.516+0000][1][safepoint    ] Application time: 0.0008109 seconds
[2020-01-13T13:20:25.516+0000][1][safepoint    ] Entering safepoint region: RevokeBias
[2020-01-13T13:20:25.516+0000][1][safepoint    ] Leaving safepoint region
[2020-01-13T13:20:25.516+0000][1][safepoint    ] Total time for which application threads were stopped: 0.0000826 seconds, Stopping threads took: 0.0000140 seconds
[2020-01-13T13:20:25.517+0000][1][safepoint    ] Application time: 0.0000436 seconds
[2020-01-13T13:20:25.517+0000][1][safepoint    ] Entering safepoint region: RevokeBias
[2020-01-13T13:20:25.517+0000][1][safepoint    ] Leaving safepoint region
[2020-01-13T13:20:25.517+0000][1][safepoint    ] Total time for which application threads were stopped: 0.0000410 seconds, Stopping threads took: 0.0000082 seconds
[2020-01-13T13:20:25.517+0000][1][safepoint    ] Application time: 0.0000269 seconds
[2020-01-13T13:20:25.517+0000][1][safepoint    ] Entering safepoint region: RevokeBias
[2020-01-13T13:20:25.517+0000][1][safepoint    ] Leaving safepoint region
[2020-01-13T13:20:25.517+0000][1][safepoint    ] Total time for which application threads were stopped: 0.0000360 seconds, Stopping threads took: 0.0000080 seconds
[2020-01-13T13:20:26.515+0000][1][safepoint    ] Application time: 0.9986090 seconds
[2020-01-13T13:20:26.515+0000][1][safepoint    ] Entering safepoint region: RevokeBias
[2020-01-13T13:20:26.516+0000][1][safepoint    ] Leaving safepoint region
[2020-01-13T13:20:26.516+0000][1][safepoint    ] Total time for which application threads were stopped: 0.0001872 seconds, Stopping threads took: 0.0000454 seconds
[2020-01-13T13:20:26.516+0000][1][safepoint    ] Application time: 0.0000611 seconds
[2020-01-13T13:20:26.516+0000][1][safepoint    ] Entering safepoint region: RevokeBias
[2020-01-13T13:20:26.516+0000][1][safepoint    ] Leaving safepoint region
[2020-01-13T13:20:26.516+0000][1][safepoint    ] Total time for which application threads were stopped: 0.0000592 seconds, Stopping threads took: 0.0000116 seconds
[2020-01-13T13:20:26.516+0000][1][safepoint    ] Application time: 0.0000306 seconds
[2020-01-13T13:20:26.516+0000][1][safepoint    ] Entering safepoint region: RevokeBias
[2020-01-13T13:20:26.516+0000][1][safepoint    ] Leaving safepoint region
[2020-01-13T13:20:26.516+0000][1][safepoint    ] Total time for which application threads were stopped: 0.0000611 seconds, Stopping threads took: 0.0000086 seconds
[2020-01-13T13:20:27.516+0000][1][safepoint    ] Application time: 1.0001728 seconds
[2020-01-13T13:20:27.516+0000][1][safepoint    ] Entering safepoint region: Cleanup
[2020-01-13T13:20:27.516+0000][1][safepoint    ] Leaving safepoint region
[2020-01-13T13:20:27.516+0000][1][safepoint    ] Total time for which application threads were stopped: 0.0002052 seconds, Stopping threads took: 0.0000433 seconds
[2020-01-13T13:20:27.517+0000][1][safepoint    ] Application time: 0.0009675 seconds
[2020-01-13T13:20:27.517+0000][1][safepoint    ] Entering safepoint region: RevokeBias
[2020-01-13T13:20:27.517+0000][1][safepoint    ] Leaving safepoint region
[2020-01-13T13:20:27.517+0000][1][safepoint    ] Total time for which application threads were stopped: 0.0001421 seconds, Stopping threads took: 0.0000186 seconds
[2020-01-13T13:20:27.517+0000][1][safepoint    ] Application time: 0.0000461 seconds
[2020-01-13T13:20:27.517+0000][1][safepoint    ] Entering safepoint region: RevokeBias
[2020-01-13T13:20:27.518+0000][1][safepoint    ] Leaving safepoint region
[2020-01-13T13:20:27.518+0000][1][safepoint    ] Total time for which application threads were stopped: 0.0000480 seconds, Stopping threads took: 0.0000076 seconds
[2020-01-13T13:20:27.518+0000][1][safepoint    ] Application time: 0.0000262 seconds
[2020-01-13T13:20:27.518+0000][1][safepoint    ] Entering safepoint region: RevokeBias
[2020-01-13T13:20:27.518+0000][1][safepoint    ] Leaving safepoint region
[2020-01-13T13:20:27.518+0000][1][safepoint    ] Total time for which application threads were stopped: 0.0000348 seconds, Stopping threads took: 0.0000075 seconds
[2020-01-13T13:20:28.517+0000][1][safepoint    ] Application time: 0.9991012 seconds
[2020-01-13T13:20:28.517+0000][1][safepoint    ] Entering safepoint region: RevokeBias
[2020-01-13T13:20:28.517+0000][1][safepoint    ] Leaving safepoint region
[2020-01-13T13:20:28.517+0000][1][safepoint    ] Total time for which application threads were stopped: 0.0001604 seconds, Stopping threads took: 0.0000229 seconds
[2020-01-13T13:20:28.517+0000][1][safepoint    ] Application time: 0.0000642 seconds
[2020-01-13T13:20:28.517+0000][1][safepoint    ] Entering safepoint region: RevokeBias
[2020-01-13T13:20:28.517+0000][1][safepoint    ] Leaving safepoint region
[2020-01-13T13:20:28.517+0000][1][safepoint    ] Total time for which application threads were stopped: 0.0000455 seconds, Stopping threads took: 0.0000082 seconds
[2020-01-13T13:20:28.517+0000][1][safepoint    ] Application time: 0.0000286 seconds
[2020-01-13T13:20:28.517+0000][1][safepoint    ] Entering safepoint region: RevokeBias
[2020-01-13T13:20:28.517+0000][1][safepoint    ] Leaving safepoint region
[2020-01-13T13:20:28.517+0000][1][safepoint    ] Total time for which application threads were stopped: 0.0000389 seconds, Stopping threads took: 0.0000083 seconds
[2020-01-13T13:20:29.516+0000][1][safepoint    ] Application time: 0.9992470 seconds
[2020-01-13T13:20:29.517+0000][1][safepoint    ] Entering safepoint region: RevokeBias
[2020-01-13T13:20:29.518+0000][1][safepoint    ] Leaving safepoint region
[2020-01-13T13:20:29.518+0000][1][safepoint    ] Total time for which application threads were stopped: 0.0001354 seconds, Stopping threads took: 0.0000350 seconds
[2020-01-13T13:20:29.518+0000][1][safepoint    ] Application time: 0.0000581 seconds
[2020-01-13T13:20:29.518+0000][1][safepoint    ] Entering safepoint region: RevokeBias
[2020-01-13T13:20:29.518+0000][1][safepoint    ] Leaving safepoint region
[2020-01-13T13:20:29.518+0000][1][safepoint    ] Total time for which application threads were stopped: 0.0000601 seconds, Stopping threads took: 0.0000061 seconds
[2020-01-13T13:20:29.518+0000][1][safepoint    ] Application time: 0.0000355 seconds
[2020-01-13T13:20:29.518+0000][1][safepoint    ] Entering safepoint region: RevokeBias
[2020-01-13T13:20:29.518+0000][1][safepoint    ] Leaving safepoint region
[2020-01-13T13:20:29.518+0000][1][safepoint    ] Total time for which application threads were stopped: 0.0000589 seconds, Stopping threads took: 0.0000104 seconds
[2020-01-13T13:20:30.517+0000][1][safepoint    ] Application time: 0.9988192 seconds
[2020-01-13T13:20:30.517+0000][1][safepoint    ] Entering safepoint region: RevokeBias
[2020-01-13T13:20:30.517+0000][1][safepoint    ] Leaving safepoint region
[2020-01-13T13:20:30.517+0000][1][safepoint    ] Total time for which application threads were stopped: 0.0001609 seconds, Stopping threads took: 0.0000250 seconds
[2020-01-13T13:20:30.517+0000][1][safepoint    ] Application time: 0.0000634 seconds
[2020-01-13T13:20:30.517+0000][1][safepoint    ] Entering safepoint region: RevokeBias
[2020-01-13T13:20:30.517+0000][1][safepoint    ] Leaving safepoint region
[2020-01-13T13:20:30.517+0000][1][safepoint    ] Total time for which application threads were stopped: 0.0000509 seconds, Stopping threads took: 0.0000100 seconds
[2020-01-13T13:20:30.518+0000][1][safepoint    ] Application time: 0.0004903 seconds
[2020-01-13T13:20:30.518+0000][1][safepoint    ] Entering safepoint region: RevokeBias
[2020-01-13T13:20:30.518+0000][1][safepoint    ] Leaving safepoint region
[2020-01-13T13:20:30.518+0000][1][safepoint    ] Total time for which application threads were stopped: 0.0000869 seconds, Stopping threads took: 0.0000180 seconds
[2020-01-13T13:20:31.517+0000][1][safepoint    ] Application time: 0.9989171 seconds
[2020-01-13T13:20:31.517+0000][1][safepoint    ] Entering safepoint region: RevokeBias
[2020-01-13T13:20:31.517+0000][1][safepoint    ] Leaving safepoint region
[2020-01-13T13:20:31.517+0000][1][safepoint    ] Total time for which application threads were stopped: 0.0001675 seconds, Stopping threads took: 0.0000347 seconds
[2020-01-13T13:20:31.517+0000][1][safepoint    ] Application time: 0.0000444 seconds
[2020-01-13T13:20:31.517+0000][1][safepoint    ] Entering safepoint region: RevokeBias
[2020-01-13T13:20:31.517+0000][1][safepoint    ] Leaving safepoint region
[2020-01-13T13:20:31.517+0000][1][safepoint    ] Total time for which application threads were stopped: 0.0000420 seconds, Stopping threads took: 0.0000061 seconds
[2020-01-13T13:20:31.517+0000][1][safepoint    ] Application time: 0.0000216 seconds
[2020-01-13T13:20:31.517+0000][1][safepoint    ] Entering safepoint region: RevokeBias
[2020-01-13T13:20:31.517+0000][1][safepoint    ] Leaving safepoint region
[2020-01-13T13:20:31.517+0000][1][safepoint    ] Total time for which application threads were stopped: 0.0000538 seconds, Stopping threads took: 0.0000128 seconds
[2020-01-13T13:20:32.517+0000][1][safepoint    ] Application time: 1.0003656 seconds
[2020-01-13T13:20:32.517+0000][1][safepoint    ] Entering safepoint region: Cleanup
[2020-01-13T13:20:32.518+0000][1][safepoint    ] Leaving safepoint region
[2020-01-13T13:20:32.518+0000][1][safepoint    ] Total time for which application threads were stopped: 0.0001042 seconds, Stopping threads took: 0.0000230 seconds
[2020-01-13T13:20:32.518+0000][1][safepoint    ] Application time: 0.0001168 seconds
[2020-01-13T13:20:32.518+0000][1][safepoint    ] Entering safepoint region: RevokeBias
[2020-01-13T13:20:32.518+0000][1][safepoint    ] Leaving safepoint region
[2020-01-13T13:20:32.518+0000][1][safepoint    ] Total time for which application threads were stopped: 0.0000723 seconds, Stopping threads took: 0.0000090 seconds
[2020-01-13T13:20:32.518+0000][1][safepoint    ] Application time: 0.0000379 seconds
[2020-01-13T13:20:32.518+0000][1][safepoint    ] Entering safepoint region: RevokeBias
[2020-01-13T13:20:32.518+0000][1][safepoint    ] Leaving safepoint region
[2020-01-13T13:20:32.518+0000][1][safepoint    ] Total time for which application threads were stopped: 0.0000429 seconds, Stopping threads took: 0.0000090 seconds
[2020-01-13T13:20:32.518+0000][1][safepoint    ] Application time: 0.0002559 seconds
[2020-01-13T13:20:32.518+0000][1][safepoint    ] Entering safepoint region: RevokeBias
[2020-01-13T13:20:32.518+0000][1][safepoint    ] Leaving safepoint region
[2020-01-13T13:20:32.518+0000][1][safepoint    ] Total time for which application threads were stopped: 0.0000650 seconds, Stopping threads took: 0.0000112 seconds
[2020-01-13T13:20:33.518+0000][1][safepoint    ] Application time: 1.0000400 seconds
[2020-01-13T13:20:33.518+0000][1][safepoint    ] Entering safepoint region: RevokeBias
[2020-01-13T13:20:33.518+0000][1][safepoint    ] Leaving safepoint region
[2020-01-13T13:20:33.518+0000][1][safepoint    ] Total time for which application threads were stopped: 0.0001261 seconds, Stopping threads took: 0.0000228 seconds
[2020-01-13T13:20:33.518+0000][1][safepoint    ] Application time: 0.0000409 seconds
[2020-01-13T13:20:33.518+0000][1][safepoint    ] Entering safepoint region: RevokeBias
[2020-01-13T13:20:33.518+0000][1][safepoint    ] Leaving safepoint region
[2020-01-13T13:20:33.518+0000][1][safepoint    ] Total time for which application threads were stopped: 0.0000286 seconds, Stopping threads took: 0.0000058 seconds
[2020-01-13T13:20:33.518+0000][1][safepoint    ] Application time: 0.0000204 seconds
[2020-01-13T13:20:33.519+0000][1][safepoint    ] Entering safepoint region: RevokeBias
[2020-01-13T13:20:33.519+0000][1][safepoint    ] Leaving safepoint region
[2020-01-13T13:20:33.519+0000][1][safepoint    ] Total time for which application threads were stopped: 0.0000239 seconds, Stopping threads took: 0.0000056 seconds
[2020-01-13T13:20:34.518+0000][1][safepoint    ] Application time: 0.9993887 seconds
[2020-01-13T13:20:34.521+0000][1][safepoint    ] Entering safepoint region: BulkRevokeBias
[2020-01-13T13:20:34.521+0000][1][safepoint    ] Leaving safepoint region
[2020-01-13T13:20:34.521+0000][1][safepoint    ] Total time for which application threads were stopped: 0.0003756 seconds, Stopping threads took: 0.0000764 seconds
[2020-01-13T13:20:34.522+0000][1][safepoint    ] Application time: 0.0012864 seconds
[2020-01-13T13:20:34.522+0000][1][safepoint    ] Entering safepoint region: BulkRevokeBias
[2020-01-13T13:20:34.522+0000][1][safepoint    ] Leaving safepoint region
[2020-01-13T13:20:34.522+0000][1][safepoint    ] Total time for which application threads were stopped: 0.0002203 seconds, Stopping threads took: 0.0000167 seconds
[2020-01-13T13:20:34.522+0000][1][safepoint    ] Application time: 0.0000431 seconds
[2020-01-13T13:20:34.522+0000][1][safepoint    ] Entering safepoint region: BulkRevokeBias
[2020-01-13T13:20:34.523+0000][1][safepoint    ] Leaving safepoint region
[2020-01-13T13:20:34.523+0000][1][safepoint    ] Total time for which application threads were stopped: 0.0000800 seconds, Stopping threads took: 0.0000061 seconds
[2020-01-13T13:20:35.518+0000][1][safepoint    ] Application time: 0.9956348 seconds
[2020-01-13T13:20:35.518+0000][1][safepoint    ] Entering safepoint region: RevokeBias
[2020-01-13T13:20:35.518+0000][1][safepoint    ] Leaving safepoint region
[2020-01-13T13:20:35.518+0000][1][safepoint    ] Total time for which application threads were stopped: 0.0001790 seconds, Stopping threads took: 0.0000220 seconds
[2020-01-13T13:20:35.519+0000][1][safepoint    ] Application time: 0.0000709 seconds
[2020-01-13T13:20:35.519+0000][1][safepoint    ] Entering safepoint region: RevokeBias
[2020-01-13T13:20:35.519+0000][1][safepoint    ] Leaving safepoint region
[2020-01-13T13:20:35.519+0000][1][safepoint    ] Total time for which application threads were stopped: 0.0000462 seconds, Stopping threads took: 0.0000092 seconds
[2020-01-13T13:20:35.519+0000][1][safepoint    ] Application time: 0.0000274 seconds
[2020-01-13T13:20:35.519+0000][1][safepoint    ] Entering safepoint region: RevokeBias
[2020-01-13T13:20:35.519+0000][1][safepoint    ] Leaving safepoint region
[2020-01-13T13:20:35.519+0000][1][safepoint    ] Total time for which application threads were stopped: 0.0000552 seconds, Stopping threads took: 0.0000223 seconds
[2020-01-13T13:20:36.519+0000][1][safepoint    ] Application time: 1.0006748 seconds
[2020-01-13T13:20:36.520+0000][1][safepoint    ] Entering safepoint region: Cleanup
[2020-01-13T13:20:36.520+0000][1][safepoint    ] Leaving safepoint region
[2020-01-13T13:20:36.520+0000][1][safepoint    ] Total time for which application threads were stopped: 0.0008043 seconds, Stopping threads took: 0.0007015 seconds
[2020-01-13T13:20:36.520+0000][1][safepoint    ] Application time: 0.0001559 seconds
[2020-01-13T13:20:36.520+0000][1][safepoint    ] Entering safepoint region: RevokeBias
[2020-01-13T13:20:36.521+0000][1][safepoint    ] Leaving safepoint region
[2020-01-13T13:20:36.521+0000][1][safepoint    ] Total time for which application threads were stopped: 0.0001332 seconds, Stopping threads took: 0.0000432 seconds
[2020-01-13T13:20:36.521+0000][1][safepoint    ] Application time: 0.0001259 seconds
[2020-01-13T13:20:36.521+0000][1][safepoint    ] Entering safepoint region: RevokeBias
[2020-01-13T13:20:36.521+0000][1][safepoint    ] Leaving safepoint region
[2020-01-13T13:20:36.521+0000][1][safepoint    ] Total time for which application threads were stopped: 0.0000783 seconds, Stopping threads took: 0.0000108 seconds
[2020-01-13T13:20:36.521+0000][1][safepoint    ] Application time: 0.0000362 seconds
[2020-01-13T13:20:36.521+0000][1][safepoint    ] Entering safepoint region: RevokeBias
[2020-01-13T13:20:36.521+0000][1][safepoint    ] Leaving safepoint region
[2020-01-13T13:20:36.521+0000][1][safepoint    ] Total time for which application threads were stopped: 0.0000556 seconds, Stopping threads took: 0.0000086 seconds
[2020-01-13T13:20:37.519+0000][1][safepoint    ] Application time: 0.9978410 seconds
[2020-01-13T13:20:37.519+0000][1][safepoint    ] Entering safepoint region: RevokeBias
[2020-01-13T13:20:37.519+0000][1][safepoint    ] Leaving safepoint region
[2020-01-13T13:20:37.519+0000][1][safepoint    ] Total time for which application threads were stopped: 0.0001206 seconds, Stopping threads took: 0.0000167 seconds
[2020-01-13T13:20:37.519+0000][1][safepoint    ] Application time: 0.0000448 seconds
[2020-01-13T13:20:37.519+0000][1][safepoint    ] Entering safepoint region: RevokeBias
[2020-01-13T13:20:37.519+0000][1][safepoint    ] Leaving safepoint region
[2020-01-13T13:20:37.519+0000][1][safepoint    ] Total time for which application threads were stopped: 0.0000379 seconds, Stopping threads took: 0.0000070 seconds
[2020-01-13T13:20:37.519+0000][1][safepoint    ] Application time: 0.0000386 seconds
[2020-01-13T13:20:37.519+0000][1][safepoint    ] Entering safepoint region: RevokeBias
[2020-01-13T13:20:37.519+0000][1][safepoint    ] Leaving safepoint region
[2020-01-13T13:20:37.519+0000][1][safepoint    ] Total time for which application threads were stopped: 0.0000328 seconds, Stopping threads took: 0.0000067 seconds
[2020-01-13T13:20:38.519+0000][1][safepoint    ] Application time: 1.0002588 seconds
[2020-01-13T13:20:38.520+0000][1][safepoint    ] Entering safepoint region: Cleanup
[2020-01-13T13:20:38.520+0000][1][safepoint    ] Leaving safepoint region
[2020-01-13T13:20:38.520+0000][1][safepoint    ] Total time for which application threads were stopped: 0.0002194 seconds, Stopping threads took: 0.0001235 seconds
[2020-01-13T13:20:38.522+0000][1][safepoint    ] Application time: 0.0025959 seconds
[2020-01-13T13:20:38.522+0000][1][safepoint    ] Entering safepoint region: RevokeBias
[2020-01-13T13:20:38.522+0000][1][safepoint    ] Leaving safepoint region
[2020-01-13T13:20:38.522+0000][1][safepoint    ] Total time for which application threads were stopped: 0.0001548 seconds, Stopping threads took: 0.0000318 seconds
[2020-01-13T13:20:38.523+0000][1][safepoint    ] Application time: 0.0000832 seconds
[2020-01-13T13:20:38.523+0000][1][safepoint    ] Entering safepoint region: RevokeBias
[2020-01-13T13:20:38.523+0000][1][safepoint    ] Leaving safepoint region
[2020-01-13T13:20:38.523+0000][1][safepoint    ] Total time for which application threads were stopped: 0.0001754 seconds, Stopping threads took: 0.0000269 seconds
[2020-01-13T13:20:38.523+0000][1][safepoint    ] Application time: 0.0000445 seconds
[2020-01-13T13:20:38.523+0000][1][safepoint    ] Entering safepoint region: RevokeBias
[2020-01-13T13:20:38.523+0000][1][safepoint    ] Leaving safepoint region
[2020-01-13T13:20:38.523+0000][1][safepoint    ] Total time for which application threads were stopped: 0.0000431 seconds, Stopping threads took: 0.0000170 seconds
[2020-01-13T13:20:39.520+0000][1][safepoint    ] Application time: 0.9974815 seconds
[2020-01-13T13:20:39.521+0000][1][safepoint    ] Entering safepoint region: RevokeBias
[2020-01-13T13:20:39.521+0000][1][safepoint    ] Leaving safepoint region
[2020-01-13T13:20:39.521+0000][1][safepoint    ] Total time for which application threads were stopped: 0.0002132 seconds, Stopping threads took: 0.0000824 seconds
[2020-01-13T13:20:39.522+0000][1][safepoint    ] Application time: 0.0001414 seconds
[2020-01-13T13:20:39.522+0000][1][safepoint    ] Entering safepoint region: RevokeBias
[2020-01-13T13:20:39.522+0000][1][safepoint    ] Leaving safepoint region
[2020-01-13T13:20:39.522+0000][1][safepoint    ] Total time for which application threads were stopped: 0.0000693 seconds, Stopping threads took: 0.0000129 seconds
[2020-01-13T13:20:39.522+0000][1][safepoint    ] Application time: 0.0000344 seconds
[2020-01-13T13:20:39.522+0000][1][safepoint    ] Entering safepoint region: RevokeBias
[2020-01-13T13:20:39.522+0000][1][safepoint    ] Leaving safepoint region
[2020-01-13T13:20:39.522+0000][1][safepoint    ] Total time for which application threads were stopped: 0.0000557 seconds, Stopping threads took: 0.0000166 seconds
[2020-01-13T13:20:40.520+0000][1][safepoint    ] Application time: 0.9986003 seconds
[2020-01-13T13:20:40.521+0000][1][safepoint    ] Entering safepoint region: RevokeBias
[2020-01-13T13:20:40.521+0000][1][safepoint    ] Leaving safepoint region
[2020-01-13T13:20:40.521+0000][1][safepoint    ] Total time for which application threads were stopped: 0.0001615 seconds, Stopping threads took: 0.0000497 seconds
[2020-01-13T13:20:40.521+0000][1][safepoint    ] Application time: 0.0000495 seconds
[2020-01-13T13:20:40.521+0000][1][safepoint    ] Entering safepoint region: RevokeBias
[2020-01-13T13:20:40.521+0000][1][safepoint    ] Leaving safepoint region
[2020-01-13T13:20:40.521+0000][1][safepoint    ] Total time for which application threads were stopped: 0.0000419 seconds, Stopping threads took: 0.0000079 seconds
[2020-01-13T13:20:40.521+0000][1][safepoint    ] Application time: 0.0000246 seconds
[2020-01-13T13:20:40.521+0000][1][safepoint    ] Entering safepoint region: RevokeBias
[2020-01-13T13:20:40.521+0000][1][safepoint    ] Leaving safepoint region
[2020-01-13T13:20:40.521+0000][1][safepoint    ] Total time for which application threads were stopped: 0.0000352 seconds, Stopping threads took: 0.0000075 seconds
[2020-01-13T13:20:41.521+0000][1][safepoint    ] Application time: 1.0000994 seconds
[2020-01-13T13:20:41.521+0000][1][safepoint    ] Entering safepoint region: RevokeBias
[2020-01-13T13:20:41.521+0000][1][safepoint    ] Leaving safepoint region
[2020-01-13T13:20:41.521+0000][1][safepoint    ] Total time for which application threads were stopped: 0.0001363 seconds, Stopping threads took: 0.0000246 seconds
[2020-01-13T13:20:41.521+0000][1][safepoint    ] Application time: 0.0000505 seconds
[2020-01-13T13:20:41.521+0000][1][safepoint    ] Entering safepoint region: RevokeBias
[2020-01-13T13:20:41.521+0000][1][safepoint    ] Leaving safepoint region
[2020-01-13T13:20:41.521+0000][1][safepoint    ] Total time for which application threads were stopped: 0.0000462 seconds, Stopping threads took: 0.0000097 seconds
[2020-01-13T13:20:41.521+0000][1][safepoint    ] Application time: 0.0000286 seconds
[2020-01-13T13:20:41.521+0000][1][safepoint    ] Entering safepoint region: RevokeBias
[2020-01-13T13:20:41.521+0000][1][safepoint    ] Leaving safepoint region
[2020-01-13T13:20:41.521+0000][1][safepoint    ] Total time for which application threads were stopped: 0.0000443 seconds, Stopping threads took: 0.0000110 seconds
[2020-01-13T13:20:42.521+0000][1][safepoint    ] Application time: 0.9995673 seconds
[2020-01-13T13:20:42.521+0000][1][safepoint    ] Entering safepoint region: RevokeBias
[2020-01-13T13:20:42.521+0000][1][safepoint    ] Leaving safepoint region
[2020-01-13T13:20:42.521+0000][1][safepoint    ] Total time for which application threads were stopped: 0.0001520 seconds, Stopping threads took: 0.0000434 seconds
[2020-01-13T13:20:42.521+0000][1][safepoint    ] Application time: 0.0000554 seconds
[2020-01-13T13:20:42.521+0000][1][safepoint    ] Entering safepoint region: RevokeBias
[2020-01-13T13:20:42.521+0000][1][safepoint    ] Leaving safepoint region
[2020-01-13T13:20:42.521+0000][1][safepoint    ] Total time for which application threads were stopped: 0.0000436 seconds, Stopping threads took: 0.0000086 seconds
[2020-01-13T13:20:42.521+0000][1][safepoint    ] Application time: 0.0000828 seconds
[2020-01-13T13:20:42.521+0000][1][safepoint    ] Entering safepoint region: RevokeBias
[2020-01-13T13:20:42.521+0000][1][safepoint    ] Leaving safepoint region
[2020-01-13T13:20:42.521+0000][1][safepoint    ] Total time for which application threads were stopped: 0.0000567 seconds, Stopping threads took: 0.0000120 seconds
[2020-01-13T13:20:43.522+0000][1][safepoint    ] Application time: 1.0008942 seconds
[2020-01-13T13:20:43.523+0000][1][safepoint    ] Entering safepoint region: Cleanup
[2020-01-13T13:20:43.523+0000][1][safepoint    ] Leaving safepoint region
[2020-01-13T13:20:43.523+0000][1][safepoint    ] Total time for which application threads were stopped: 0.0002171 seconds, Stopping threads took: 0.0001425 seconds
[2020-01-13T13:20:43.523+0000][1][safepoint    ] Application time: 0.0001148 seconds
[2020-01-13T13:20:43.523+0000][1][safepoint    ] Entering safepoint region: RevokeBias
[2020-01-13T13:20:43.523+0000][1][safepoint    ] Leaving safepoint region
[2020-01-13T13:20:43.523+0000][1][safepoint    ] Total time for which application threads were stopped: 0.0000538 seconds, Stopping threads took: 0.0000070 seconds
[2020-01-13T13:20:43.523+0000][1][safepoint    ] Application time: 0.0000417 seconds
[2020-01-13T13:20:43.523+0000][1][safepoint    ] Entering safepoint region: RevokeBias
[2020-01-13T13:20:43.523+0000][1][safepoint    ] Leaving safepoint region
[2020-01-13T13:20:43.523+0000][1][safepoint    ] Total time for which application threads were stopped: 0.0000355 seconds, Stopping threads took: 0.0000073 seconds
[2020-01-13T13:20:43.523+0000][1][safepoint    ] Application time: 0.0000237 seconds
[2020-01-13T13:20:43.523+0000][1][safepoint    ] Entering safepoint region: RevokeBias
[2020-01-13T13:20:43.523+0000][1][safepoint    ] Leaving safepoint region
[2020-01-13T13:20:43.523+0000][1][safepoint    ] Total time for which application threads were stopped: 0.0000253 seconds, Stopping threads took: 0.0000057 seconds
[2020-01-13T13:20:44.521+0000][1][safepoint    ] Application time: 0.9982226 seconds
[2020-01-13T13:20:44.522+0000][1][safepoint    ] Entering safepoint region: RevokeBias
[2020-01-13T13:20:44.522+0000][1][safepoint    ] Leaving safepoint region
[2020-01-13T13:20:44.523+0000][1][safepoint    ] Total time for which application threads were stopped: 0.0002840 seconds, Stopping threads took: 0.0000733 seconds
[2020-01-13T13:20:44.523+0000][1][safepoint    ] Application time: 0.0000966 seconds
[2020-01-13T13:20:44.523+0000][1][safepoint    ] Entering safepoint region: RevokeBias
[2020-01-13T13:20:44.523+0000][1][safepoint    ] Leaving safepoint region
[2020-01-13T13:20:44.523+0000][1][safepoint    ] Total time for which application threads were stopped: 0.0001001 seconds, Stopping threads took: 0.0000134 seconds
[2020-01-13T13:20:44.523+0000][1][safepoint    ] Application time: 0.0000329 seconds
[2020-01-13T13:20:44.523+0000][1][safepoint    ] Entering safepoint region: RevokeBias
[2020-01-13T13:20:44.523+0000][1][safepoint    ] Leaving safepoint region
[2020-01-13T13:20:44.523+0000][1][safepoint    ] Total time for which application threads were stopped: 0.0000338 seconds, Stopping threads took: 0.0000071 seconds
[2020-01-13T13:20:45.522+0000][1][safepoint    ] Application time: 0.9989800 seconds
[2020-01-13T13:20:45.522+0000][1][safepoint    ] Entering safepoint region: RevokeBias
[2020-01-13T13:20:45.522+0000][1][safepoint    ] Leaving safepoint region
[2020-01-13T13:20:45.522+0000][1][safepoint    ] Total time for which application threads were stopped: 0.0001598 seconds, Stopping threads took: 0.0000442 seconds
[2020-01-13T13:20:45.522+0000][1][safepoint    ] Application time: 0.0000588 seconds
[2020-01-13T13:20:45.522+0000][1][safepoint    ] Entering safepoint region: RevokeBias
[2020-01-13T13:20:45.522+0000][1][safepoint    ] Leaving safepoint region
[2020-01-13T13:20:45.522+0000][1][safepoint    ] Total time for which application threads were stopped: 0.0000503 seconds, Stopping threads took: 0.0000104 seconds
[2020-01-13T13:20:45.522+0000][1][safepoint    ] Application time: 0.0000270 seconds
[2020-01-13T13:20:45.522+0000][1][safepoint    ] Entering safepoint region: RevokeBias
[2020-01-13T13:20:45.522+0000][1][safepoint    ] Leaving safepoint region
[2020-01-13T13:20:45.522+0000][1][safepoint    ] Total time for which application threads were stopped: 0.0000388 seconds, Stopping threads took: 0.0000083 seconds
[2020-01-13T13:20:46.522+0000][1][safepoint    ] Application time: 0.9995329 seconds
[2020-01-13T13:20:46.522+0000][1][safepoint    ] Entering safepoint region: RevokeBias
[2020-01-13T13:20:46.522+0000][1][safepoint    ] Leaving safepoint region
[2020-01-13T13:20:46.522+0000][1][safepoint    ] Total time for which application threads were stopped: 0.0001023 seconds, Stopping threads took: 0.0000167 seconds
[2020-01-13T13:20:46.522+0000][1][safepoint    ] Application time: 0.0000361 seconds
[2020-01-13T13:20:46.522+0000][1][safepoint    ] Entering safepoint region: RevokeBias
[2020-01-13T13:20:46.522+0000][1][safepoint    ] Leaving safepoint region
[2020-01-13T13:20:46.522+0000][1][safepoint    ] Total time for which application threads were stopped: 0.0000296 seconds, Stopping threads took: 0.0000057 seconds
[2020-01-13T13:20:46.522+0000][1][safepoint    ] Application time: 0.0000208 seconds
[2020-01-13T13:20:46.522+0000][1][safepoint    ] Entering safepoint region: RevokeBias
[2020-01-13T13:20:46.522+0000][1][safepoint    ] Leaving safepoint region
[2020-01-13T13:20:46.522+0000][1][safepoint    ] Total time for which application threads were stopped: 0.0000256 seconds, Stopping threads took: 0.0000061 seconds
[2020-01-13T13:20:47.522+0000][1][safepoint    ] Application time: 0.9999872 seconds
[2020-01-13T13:20:47.522+0000][1][safepoint    ] Entering safepoint region: RevokeBias
[2020-01-13T13:20:47.522+0000][1][safepoint    ] Leaving safepoint region
[2020-01-13T13:20:47.522+0000][1][safepoint    ] Total time for which application threads were stopped: 0.0001069 seconds, Stopping threads took: 0.0000181 seconds
[2020-01-13T13:20:47.522+0000][1][safepoint    ] Application time: 0.0000507 seconds
[2020-01-13T13:20:47.522+0000][1][safepoint    ] Entering safepoint region: RevokeBias
[2020-01-13T13:20:47.522+0000][1][safepoint    ] Leaving safepoint region
[2020-01-13T13:20:47.522+0000][1][safepoint    ] Total time for which application threads were stopped: 0.0000898 seconds, Stopping threads took: 0.0000068 seconds
[2020-01-13T13:20:47.522+0000][1][safepoint    ] Application time: 0.0000249 seconds
[2020-01-13T13:20:47.522+0000][1][safepoint    ] Entering safepoint region: RevokeBias
[2020-01-13T13:20:47.522+0000][1][safepoint    ] Leaving safepoint region
[2020-01-13T13:20:47.522+0000][1][safepoint    ] Total time for which application threads were stopped: 0.0000295 seconds, Stopping threads took: 0.0000062 seconds
[2020-01-13T13:20:48.523+0000][1][safepoint    ] Application time: 1.0001597 seconds
[2020-01-13T13:20:48.523+0000][1][safepoint    ] Entering safepoint region: Cleanup
[2020-01-13T13:20:48.523+0000][1][safepoint    ] Leaving safepoint region
[2020-01-13T13:20:48.523+0000][1][safepoint    ] Total time for which application threads were stopped: 0.0001349 seconds, Stopping threads took: 0.0000287 seconds
[2020-01-13T13:20:48.525+0000][1][safepoint    ] Application time: 0.0017689 seconds
[2020-01-13T13:20:48.525+0000][1][safepoint    ] Entering safepoint region: RevokeBias
[2020-01-13T13:20:48.525+0000][1][safepoint    ] Leaving safepoint region
[2020-01-13T13:20:48.525+0000][1][safepoint    ] Total time for which application threads were stopped: 0.0001160 seconds, Stopping threads took: 0.0000308 seconds
[2020-01-13T13:20:48.525+0000][1][safepoint    ] Application time: 0.0000542 seconds
[2020-01-13T13:20:48.525+0000][1][safepoint    ] Entering safepoint region: RevokeBias
[2020-01-13T13:20:48.525+0000][1][safepoint    ] Leaving safepoint region
[2020-01-13T13:20:48.525+0000][1][safepoint    ] Total time for which application threads were stopped: 0.0000398 seconds, Stopping threads took: 0.0000076 seconds
[2020-01-13T13:20:48.525+0000][1][safepoint    ] Application time: 0.0000241 seconds
[2020-01-13T13:20:48.525+0000][1][safepoint    ] Entering safepoint region: RevokeBias
[2020-01-13T13:20:48.525+0000][1][safepoint    ] Leaving safepoint region
[2020-01-13T13:20:48.525+0000][1][safepoint    ] Total time for which application threads were stopped: 0.0000264 seconds, Stopping threads took: 0.0000059 seconds
[2020-01-13T13:20:49.525+0000][1][safepoint    ] Application time: 1.0000933 seconds
[2020-01-13T13:20:49.525+0000][1][safepoint    ] Entering safepoint region: Cleanup
[2020-01-13T13:20:49.525+0000][1][safepoint    ] Leaving safepoint region
[2020-01-13T13:20:49.525+0000][1][safepoint    ] Total time for which application threads were stopped: 0.0000946 seconds, Stopping threads took: 0.0000185 seconds
[2020-01-13T13:20:49.525+0000][1][safepoint    ] Application time: 0.0000710 seconds
[2020-01-13T13:20:49.525+0000][1][safepoint    ] Entering safepoint region: RevokeBias
[2020-01-13T13:20:49.525+0000][1][safepoint    ] Leaving safepoint region
[2020-01-13T13:20:49.525+0000][1][safepoint    ] Total time for which application threads were stopped: 0.0000659 seconds, Stopping threads took: 0.0000062 seconds
[2020-01-13T13:20:49.525+0000][1][safepoint    ] Application time: 0.0000396 seconds
[2020-01-13T13:20:49.525+0000][1][safepoint    ] Entering safepoint region: RevokeBias
[2020-01-13T13:20:49.525+0000][1][safepoint    ] Leaving safepoint region
[2020-01-13T13:20:49.525+0000][1][safepoint    ] Total time for which application threads were stopped: 0.0000486 seconds, Stopping threads took: 0.0000094 seconds
[2020-01-13T13:20:49.525+0000][1][safepoint    ] Application time: 0.0000259 seconds
[2020-01-13T13:20:49.525+0000][1][safepoint    ] Entering safepoint region: RevokeBias
[2020-01-13T13:20:49.526+0000][1][safepoint    ] Leaving safepoint region
[2020-01-13T13:20:49.526+0000][1][safepoint    ] Total time for which application threads were stopped: 0.0000474 seconds, Stopping threads took: 0.0000073 seconds
[2020-01-13T13:20:50.525+0000][1][safepoint    ] Application time: 0.9996754 seconds
[2020-01-13T13:20:50.525+0000][1][safepoint    ] Entering safepoint region: RevokeBias
[2020-01-13T13:20:50.525+0000][1][safepoint    ] Leaving safepoint region
[2020-01-13T13:20:50.525+0000][1][safepoint    ] Total time for which application threads were stopped: 0.0001861 seconds, Stopping threads took: 0.0000679 seconds
[2020-01-13T13:20:50.526+0000][1][safepoint    ] Application time: 0.0000815 seconds
[2020-01-13T13:20:50.526+0000][1][safepoint    ] Entering safepoint region: RevokeBias
[2020-01-13T13:20:50.526+0000][1][safepoint    ] Leaving safepoint region
[2020-01-13T13:20:50.526+0000][1][safepoint    ] Total time for which application threads were stopped: 0.0000559 seconds, Stopping threads took: 0.0000111 seconds
[2020-01-13T13:20:50.526+0000][1][safepoint    ] Application time: 0.0000312 seconds
[2020-01-13T13:20:50.526+0000][1][safepoint    ] Entering safepoint region: RevokeBias
[2020-01-13T13:20:50.526+0000][1][safepoint    ] Leaving safepoint region
[2020-01-13T13:20:50.526+0000][1][safepoint    ] Total time for which application threads were stopped: 0.0000446 seconds, Stopping threads took: 0.0000090 seconds
[2020-01-13T13:20:51.526+0000][1][safepoint    ] Application time: 1.0006925 seconds
[2020-01-13T13:20:51.527+0000][1][safepoint    ] Entering safepoint region: RevokeBias
[2020-01-13T13:20:51.527+0000][1][safepoint    ] Leaving safepoint region
[2020-01-13T13:20:51.527+0000][1][safepoint    ] Total time for which application threads were stopped: 0.0004131 seconds, Stopping threads took: 0.0000523 seconds
[2020-01-13T13:20:51.527+0000][1][safepoint    ] Application time: 0.0000539 seconds
[2020-01-13T13:20:51.527+0000][1][safepoint    ] Entering safepoint region: RevokeBias
[2020-01-13T13:20:51.527+0000][1][safepoint    ] Leaving safepoint region
[2020-01-13T13:20:51.527+0000][1][safepoint    ] Total time for which application threads were stopped: 0.0000508 seconds, Stopping threads took: 0.0000096 seconds
[2020-01-13T13:20:51.527+0000][1][safepoint    ] Application time: 0.0000291 seconds
[2020-01-13T13:20:51.527+0000][1][safepoint    ] Entering safepoint region: RevokeBias
[2020-01-13T13:20:51.527+0000][1][safepoint    ] Leaving safepoint region
[2020-01-13T13:20:51.527+0000][1][safepoint    ] Total time for which application threads were stopped: 0.0000407 seconds, Stopping threads took: 0.0000088 seconds
[2020-01-13T13:20:52.525+0000][1][safepoint    ] Application time: 0.9981097 seconds
[2020-01-13T13:20:52.525+0000][1][safepoint    ] Entering safepoint region: RevokeBias
[2020-01-13T13:20:52.525+0000][1][safepoint    ] Leaving safepoint region
[2020-01-13T13:20:52.525+0000][1][safepoint    ] Total time for which application threads were stopped: 0.0001641 seconds, Stopping threads took: 0.0000203 seconds
[2020-01-13T13:20:52.526+0000][1][safepoint    ] Application time: 0.0000564 seconds
[2020-01-13T13:20:52.526+0000][1][safepoint    ] Entering safepoint region: RevokeBias
[2020-01-13T13:20:52.526+0000][1][safepoint    ] Leaving safepoint region
[2020-01-13T13:20:52.526+0000][1][safepoint    ] Total time for which application threads were stopped: 0.0000631 seconds, Stopping threads took: 0.0000105 seconds
[2020-01-13T13:20:52.526+0000][1][safepoint    ] Application time: 0.0000403 seconds
[2020-01-13T13:20:52.526+0000][1][safepoint    ] Entering safepoint region: RevokeBias
[2020-01-13T13:20:52.526+0000][1][safepoint    ] Leaving safepoint region
[2020-01-13T13:20:52.526+0000][1][safepoint    ] Total time for which application threads were stopped: 0.0000530 seconds, Stopping threads took: 0.0000110 seconds
[2020-01-13T13:20:53.525+0000][1][safepoint    ] Application time: 0.9997628 seconds
[2020-01-13T13:20:53.526+0000][1][safepoint    ] Entering safepoint region: RevokeBias
[2020-01-13T13:20:53.526+0000][1][safepoint    ] Leaving safepoint region
[2020-01-13T13:20:53.526+0000][1][safepoint    ] Total time for which application threads were stopped: 0.0001798 seconds, Stopping threads took: 0.0000357 seconds
[2020-01-13T13:20:53.526+0000][1][safepoint    ] Application time: 0.0000678 seconds
[2020-01-13T13:20:53.526+0000][1][safepoint    ] Entering safepoint region: RevokeBias
[2020-01-13T13:20:53.526+0000][1][safepoint    ] Leaving safepoint region
[2020-01-13T13:20:53.526+0000][1][safepoint    ] Total time for which application threads were stopped: 0.0000634 seconds, Stopping threads took: 0.0000094 seconds
[2020-01-13T13:20:53.526+0000][1][safepoint    ] Application time: 0.0000274 seconds
[2020-01-13T13:20:53.526+0000][1][safepoint    ] Entering safepoint region: RevokeBias
[2020-01-13T13:20:53.526+0000][1][safepoint    ] Leaving safepoint region
[2020-01-13T13:20:53.526+0000][1][safepoint    ] Total time for which application threads were stopped: 0.0000516 seconds, Stopping threads took: 0.0000085 seconds
[2020-01-13T13:20:54.526+0000][1][safepoint    ] Application time: 0.9998332 seconds
[2020-01-13T13:20:54.526+0000][1][safepoint    ] Entering safepoint region: BulkRevokeBias
[2020-01-13T13:20:54.526+0000][1][safepoint    ] Leaving safepoint region
[2020-01-13T13:20:54.526+0000][1][safepoint    ] Total time for which application threads were stopped: 0.0002470 seconds, Stopping threads took: 0.0000250 seconds
[2020-01-13T13:20:54.526+0000][1][safepoint    ] Application time: 0.0000696 seconds
[2020-01-13T13:20:54.526+0000][1][safepoint    ] Entering safepoint region: BulkRevokeBias
[2020-01-13T13:20:54.526+0000][1][safepoint    ] Leaving safepoint region
[2020-01-13T13:20:54.526+0000][1][safepoint    ] Total time for which application threads were stopped: 0.0001317 seconds, Stopping threads took: 0.0000216 seconds
[2020-01-13T13:20:54.526+0000][1][safepoint    ] Application time: 0.0000271 seconds
[2020-01-13T13:20:54.526+0000][1][safepoint    ] Entering safepoint region: BulkRevokeBias
[2020-01-13T13:20:54.526+0000][1][safepoint    ] Leaving safepoint region
[2020-01-13T13:20:54.526+0000][1][safepoint    ] Total time for which application threads were stopped: 0.0000862 seconds, Stopping threads took: 0.0000062 seconds
[2020-01-13T13:20:55.527+0000][1][safepoint    ] Application time: 1.0008870 seconds
[2020-01-13T13:20:55.527+0000][1][safepoint    ] Entering safepoint region: Cleanup
[2020-01-13T13:20:55.528+0000][1][safepoint    ] Leaving safepoint region
[2020-01-13T13:20:55.528+0000][1][safepoint    ] Total time for which application threads were stopped: 0.0001514 seconds, Stopping threads took: 0.0000720 seconds
[2020-01-13T13:20:56.528+0000][1][safepoint    ] Application time: 1.0000896 seconds
[2020-01-13T13:20:56.528+0000][1][safepoint    ] Entering safepoint region: Cleanup
[2020-01-13T13:20:56.528+0000][1][safepoint    ] Leaving safepoint region
[2020-01-13T13:20:56.528+0000][1][safepoint    ] Total time for which application threads were stopped: 0.0000826 seconds, Stopping threads took: 0.0000197 seconds
[2020-01-13T13:20:57.528+0000][1][safepoint    ] Application time: 1.0000836 seconds
[2020-01-13T13:20:57.528+0000][1][safepoint    ] Entering safepoint region: Cleanup
[2020-01-13T13:20:57.528+0000][1][safepoint    ] Leaving safepoint region
[2020-01-13T13:20:57.528+0000][1][safepoint    ] Total time for which application threads were stopped: 0.0000889 seconds, Stopping threads took: 0.0000199 seconds
[2020-01-13T13:20:58.528+0000][1][safepoint    ] Application time: 1.0001292 seconds
[2020-01-13T13:20:58.528+0000][1][safepoint    ] Entering safepoint region: Cleanup
[2020-01-13T13:20:58.528+0000][1][safepoint    ] Leaving safepoint region
[2020-01-13T13:20:58.528+0000][1][safepoint    ] Total time for which application threads were stopped: 0.0001581 seconds, Stopping threads took: 0.0000354 seconds
[2020-01-13T13:20:59.529+0000][1][safepoint    ] Application time: 1.0002963 seconds
[2020-01-13T13:20:59.530+0000][1][safepoint    ] Entering safepoint region: Cleanup
[2020-01-13T13:20:59.530+0000][1][safepoint    ] Leaving safepoint region
[2020-01-13T13:20:59.530+0000][1][safepoint    ] Total time for which application threads were stopped: 0.0001612 seconds, Stopping threads took: 0.0000565 seconds
[2020-01-13T13:21:00.530+0000][1][safepoint    ] Application time: 1.0001129 seconds
[2020-01-13T13:21:00.530+0000][1][safepoint    ] Entering safepoint region: Cleanup
[2020-01-13T13:21:00.530+0000][1][safepoint    ] Leaving safepoint region
[2020-01-13T13:21:00.530+0000][1][safepoint    ] Total time for which application threads were stopped: 0.0001739 seconds, Stopping threads took: 0.0001125 seconds
[2020-01-13T13:21:01.530+0000][1][safepoint    ] Application time: 1.0001017 seconds
[2020-01-13T13:21:01.530+0000][1][safepoint    ] Entering safepoint region: Cleanup
[2020-01-13T13:21:01.530+0000][1][safepoint    ] Leaving safepoint region
[2020-01-13T13:21:01.530+0000][1][safepoint    ] Total time for which application threads were stopped: 0.0001112 seconds, Stopping threads took: 0.0000307 seconds
[2020-01-13T13:21:02.531+0000][1][safepoint    ] Application time: 1.0000934 seconds
[2020-01-13T13:21:02.531+0000][1][safepoint    ] Entering safepoint region: Cleanup
[2020-01-13T13:21:02.531+0000][1][safepoint    ] Leaving safepoint region
[2020-01-13T13:21:02.531+0000][1][safepoint    ] Total time for which application threads were stopped: 0.0000935 seconds, Stopping threads took: 0.0000228 seconds
[2020-01-13T13:21:03.531+0000][1][safepoint    ] Application time: 1.0001042 seconds
[2020-01-13T13:21:03.531+0000][1][safepoint    ] Entering safepoint region: Cleanup
[2020-01-13T13:21:03.531+0000][1][safepoint    ] Leaving safepoint region
[2020-01-13T13:21:03.531+0000][1][safepoint    ] Total time for which application threads were stopped: 0.0001918 seconds, Stopping threads took: 0.0000620 seconds
[2020-01-13T13:21:04.531+0000][1][safepoint    ] Application time: 1.0000960 seconds
[2020-01-13T13:21:04.532+0000][1][safepoint    ] Entering safepoint region: Cleanup
[2020-01-13T13:21:04.532+0000][1][safepoint    ] Leaving safepoint region
[2020-01-13T13:21:04.532+0000][1][safepoint    ] Total time for which application threads were stopped: 0.0001943 seconds, Stopping threads took: 0.0000957 seconds
[2020-01-13T13:21:05.533+0000][1][safepoint    ] Application time: 1.0000902 seconds
[2020-01-13T13:21:05.533+0000][1][safepoint    ] Entering safepoint region: Cleanup
[2020-01-13T13:21:05.533+0000][1][safepoint    ] Leaving safepoint region
[2020-01-13T13:21:05.533+0000][1][safepoint    ] Total time for which application threads were stopped: 0.0001006 seconds, Stopping threads took: 0.0000234 seconds
[2020-01-13T13:21:06.533+0000][1][safepoint    ] Application time: 1.0000995 seconds
[2020-01-13T13:21:06.533+0000][1][safepoint    ] Entering safepoint region: Cleanup
[2020-01-13T13:21:06.533+0000][1][safepoint    ] Leaving safepoint region
[2020-01-13T13:21:06.533+0000][1][safepoint    ] Total time for which application threads were stopped: 0.0000969 seconds, Stopping threads took: 0.0000212 seconds
[2020-01-13T13:21:07.533+0000][1][safepoint    ] Application time: 1.0001028 seconds
[2020-01-13T13:21:07.533+0000][1][safepoint    ] Entering safepoint region: Cleanup
[2020-01-13T13:21:07.533+0000][1][safepoint    ] Leaving safepoint region
[2020-01-13T13:21:07.533+0000][1][safepoint    ] Total time for which application threads were stopped: 0.0001268 seconds, Stopping threads took: 0.0000276 seconds
[2020-01-13T13:21:08.533+0000][1][safepoint    ] Application time: 1.0001243 seconds
[2020-01-13T13:21:08.534+0000][1][safepoint    ] Entering safepoint region: Cleanup
[2020-01-13T13:21:08.534+0000][1][safepoint    ] Leaving safepoint region
[2020-01-13T13:21:08.534+0000][1][safepoint    ] Total time for which application threads were stopped: 0.0001041 seconds, Stopping threads took: 0.0000255 seconds
[2020-01-13T13:21:09.534+0000][1][safepoint    ] Application time: 1.0002202 seconds
[2020-01-13T13:21:09.535+0000][1][safepoint    ] Entering safepoint region: Cleanup
[2020-01-13T13:21:09.535+0000][1][safepoint    ] Leaving safepoint region
[2020-01-13T13:21:09.535+0000][1][safepoint    ] Total time for which application threads were stopped: 0.0001909 seconds, Stopping threads took: 0.0000931 seconds
[2020-01-13T13:21:10.535+0000][1][safepoint    ] Application time: 1.0002435 seconds
[2020-01-13T13:21:10.535+0000][1][safepoint    ] Entering safepoint region: Cleanup
[2020-01-13T13:21:10.536+0000][1][safepoint    ] Leaving safepoint region
[2020-01-13T13:21:10.536+0000][1][safepoint    ] Total time for which application threads were stopped: 0.0001671 seconds, Stopping threads took: 0.0000982 seconds
[2020-01-13T13:21:11.536+0000][1][safepoint    ] Application time: 1.0003035 seconds
[2020-01-13T13:21:11.536+0000][1][safepoint    ] Entering safepoint region: Cleanup
[2020-01-13T13:21:11.536+0000][1][safepoint    ] Leaving safepoint region
[2020-01-13T13:21:11.536+0000][1][safepoint    ] Total time for which application threads were stopped: 0.0000963 seconds, Stopping threads took: 0.0000221 seconds
[2020-01-13T13:21:12.536+0000][1][safepoint    ] Application time: 1.0001101 seconds
[2020-01-13T13:21:12.536+0000][1][safepoint    ] Entering safepoint region: Cleanup
[2020-01-13T13:21:12.536+0000][1][safepoint    ] Leaving safepoint region
[2020-01-13T13:21:12.536+0000][1][safepoint    ] Total time for which application threads were stopped: 0.0000790 seconds, Stopping threads took: 0.0000185 seconds
[2020-01-13T13:21:13.536+0000][1][safepoint    ] Application time: 1.0000699 seconds
[2020-01-13T13:21:13.536+0000][1][safepoint    ] Entering safepoint region: Cleanup
[2020-01-13T13:21:13.536+0000][1][safepoint    ] Leaving safepoint region
[2020-01-13T13:21:13.537+0000][1][safepoint    ] Total time for which application threads were stopped: 0.0000939 seconds, Stopping threads took: 0.0000186 seconds
[2020-01-13T13:21:14.537+0000][1][safepoint    ] Application time: 1.0000825 seconds
[2020-01-13T13:21:14.538+0000][1][safepoint    ] Entering safepoint region: Cleanup
[2020-01-13T13:21:14.538+0000][1][safepoint    ] Leaving safepoint region
[2020-01-13T13:21:14.538+0000][1][safepoint    ] Total time for which application threads were stopped: 0.0001897 seconds, Stopping threads took: 0.0000804 seconds
[2020-01-13T13:21:15.538+0000][1][safepoint    ] Application time: 1.0001068 seconds
[2020-01-13T13:21:15.538+0000][1][safepoint    ] Entering safepoint region: Cleanup
[2020-01-13T13:21:15.538+0000][1][safepoint    ] Leaving safepoint region
[2020-01-13T13:21:15.538+0000][1][safepoint    ] Total time for which application threads were stopped: 0.0000981 seconds, Stopping threads took: 0.0000199 seconds
[2020-01-13T13:21:16.538+0000][1][safepoint    ] Application time: 1.0000598 seconds
[2020-01-13T13:21:16.538+0000][1][safepoint    ] Entering safepoint region: Cleanup
[2020-01-13T13:21:16.539+0000][1][safepoint    ] Leaving safepoint region
[2020-01-13T13:21:16.539+0000][1][safepoint    ] Total time for which application threads were stopped: 0.0001031 seconds, Stopping threads took: 0.0000220 seconds
[2020-01-13T13:21:17.539+0000][1][safepoint    ] Application time: 1.0001392 seconds
[2020-01-13T13:21:17.539+0000][1][safepoint    ] Entering safepoint region: Cleanup
[2020-01-13T13:21:17.539+0000][1][safepoint    ] Leaving safepoint region
[2020-01-13T13:21:17.539+0000][1][safepoint    ] Total time for which application threads were stopped: 0.0001192 seconds, Stopping threads took: 0.0000239 seconds
[2020-01-13T13:21:18.539+0000][1][safepoint    ] Application time: 1.0002908 seconds
[2020-01-13T13:21:18.539+0000][1][safepoint    ] Entering safepoint region: Cleanup
[2020-01-13T13:21:18.539+0000][1][safepoint    ] Leaving safepoint region
[2020-01-13T13:21:18.539+0000][1][safepoint    ] Total time for which application threads were stopped: 0.0001367 seconds, Stopping threads took: 0.0000214 seconds
[2020-01-13T13:21:19.540+0000][1][safepoint    ] Application time: 1.0006505 seconds
[2020-01-13T13:21:19.540+0000][1][safepoint    ] Entering safepoint region: Cleanup
[2020-01-13T13:21:19.540+0000][1][safepoint    ] Leaving safepoint region
[2020-01-13T13:21:19.540+0000][1][safepoint    ] Total time for which application threads were stopped: 0.0001130 seconds, Stopping threads took: 0.0000247 seconds
[2020-01-13T13:21:20.540+0000][1][safepoint    ] Application time: 1.0001595 seconds
[2020-01-13T13:21:20.540+0000][1][safepoint    ] Entering safepoint region: Cleanup
[2020-01-13T13:21:20.541+0000][1][safepoint    ] Leaving safepoint region
[2020-01-13T13:21:20.541+0000][1][safepoint    ] Total time for which application threads were stopped: 0.0001217 seconds, Stopping threads took: 0.0000263 seconds
[2020-01-13T13:21:21.541+0000][1][safepoint    ] Application time: 1.0000931 seconds
[2020-01-13T13:21:21.541+0000][1][safepoint    ] Entering safepoint region: Cleanup
[2020-01-13T13:21:21.541+0000][1][safepoint    ] Leaving safepoint region
[2020-01-13T13:21:21.541+0000][1][safepoint    ] Total time for which application threads were stopped: 0.0001002 seconds, Stopping threads took: 0.0000184 seconds
[2020-01-13T13:21:22.541+0000][1][safepoint    ] Application time: 1.0003822 seconds
[2020-01-13T13:21:22.541+0000][1][safepoint    ] Entering safepoint region: Cleanup
[2020-01-13T13:21:22.541+0000][1][safepoint    ] Leaving safepoint region
[2020-01-13T13:21:22.541+0000][1][safepoint    ] Total time for which application threads were stopped: 0.0001355 seconds, Stopping threads took: 0.0000186 seconds
[2020-01-13T13:21:23.542+0000][1][safepoint    ] Application time: 1.0000973 seconds
[2020-01-13T13:21:23.542+0000][1][safepoint    ] Entering safepoint region: Cleanup
[2020-01-13T13:21:23.542+0000][1][safepoint    ] Leaving safepoint region
[2020-01-13T13:21:23.542+0000][1][safepoint    ] Total time for which application threads were stopped: 0.0001361 seconds, Stopping threads took: 0.0000280 seconds
[2020-01-13T13:21:24.542+0000][1][safepoint    ] Application time: 1.0001110 seconds
[2020-01-13T13:21:24.542+0000][1][safepoint    ] Entering safepoint region: Cleanup
[2020-01-13T13:21:24.542+0000][1][safepoint    ] Leaving safepoint region
[2020-01-13T13:21:24.542+0000][1][safepoint    ] Total time for which application threads were stopped: 0.0000935 seconds, Stopping threads took: 0.0000269 seconds
[2020-01-13T13:21:25.542+0000][1][safepoint    ] Application time: 1.0001194 seconds
[2020-01-13T13:21:25.542+0000][1][safepoint    ] Entering safepoint region: Cleanup
[2020-01-13T13:21:25.542+0000][1][safepoint    ] Leaving safepoint region
[2020-01-13T13:21:25.542+0000][1][safepoint    ] Total time for which application threads were stopped: 0.0001506 seconds, Stopping threads took: 0.0000321 seconds
[2020-01-13T13:21:26.543+0000][1][safepoint    ] Application time: 1.0002846 seconds
[2020-01-13T13:21:26.543+0000][1][safepoint    ] Entering safepoint region: Cleanup
[2020-01-13T13:21:26.543+0000][1][safepoint    ] Leaving safepoint region
[2020-01-13T13:21:26.543+0000][1][safepoint    ] Total time for which application threads were stopped: 0.0001103 seconds, Stopping threads took: 0.0000284 seconds
[2020-01-13T13:21:27.543+0000][1][safepoint    ] Application time: 1.0001023 seconds
[2020-01-13T13:21:27.543+0000][1][safepoint    ] Entering safepoint region: Cleanup
[2020-01-13T13:21:27.543+0000][1][safepoint    ] Leaving safepoint region
[2020-01-13T13:21:27.543+0000][1][safepoint    ] Total time for which application threads were stopped: 0.0000877 seconds, Stopping threads took: 0.0000204 seconds
[2020-01-13T13:21:28.543+0000][1][safepoint    ] Application time: 1.0000990 seconds
[2020-01-13T13:21:28.543+0000][1][safepoint    ] Entering safepoint region: Cleanup
[2020-01-13T13:21:28.543+0000][1][safepoint    ] Leaving safepoint region
[2020-01-13T13:21:28.543+0000][1][safepoint    ] Total time for which application threads were stopped: 0.0002162 seconds, Stopping threads took: 0.0000734 seconds
[2020-01-13T13:21:29.544+0000][1][safepoint    ] Application time: 1.0002337 seconds
[2020-01-13T13:21:29.545+0000][1][safepoint    ] Entering safepoint region: Cleanup
[2020-01-13T13:21:29.545+0000][1][safepoint    ] Leaving safepoint region
[2020-01-13T13:21:29.545+0000][1][safepoint    ] Total time for which application threads were stopped: 0.0001621 seconds, Stopping threads took: 0.0000697 seconds
[2020-01-13T13:21:30.545+0000][1][safepoint    ] Application time: 1.0000941 seconds
[2020-01-13T13:21:30.545+0000][1][safepoint    ] Entering safepoint region: Cleanup
[2020-01-13T13:21:30.545+0000][1][safepoint    ] Leaving safepoint region
[2020-01-13T13:21:30.545+0000][1][safepoint    ] Total time for which application threads were stopped: 0.0001290 seconds, Stopping threads took: 0.0000460 seconds
[2020-01-13T13:21:31.545+0000][1][safepoint    ] Application time: 1.0001029 seconds
[2020-01-13T13:21:31.545+0000][1][safepoint    ] Entering safepoint region: Cleanup
[2020-01-13T13:21:31.545+0000][1][safepoint    ] Leaving safepoint region
[2020-01-13T13:21:31.545+0000][1][safepoint    ] Total time for which application threads were stopped: 0.0000969 seconds, Stopping threads took: 0.0000246 seconds
[2020-01-13T13:21:32.546+0000][1][safepoint    ] Application time: 1.0001095 seconds
[2020-01-13T13:21:32.546+0000][1][safepoint    ] Entering safepoint region: Cleanup
[2020-01-13T13:21:32.546+0000][1][safepoint    ] Leaving safepoint region
[2020-01-13T13:21:32.546+0000][1][safepoint    ] Total time for which application threads were stopped: 0.0001075 seconds, Stopping threads took: 0.0000275 seconds
[2020-01-13T13:21:33.546+0000][1][safepoint    ] Application time: 1.0000884 seconds
[2020-01-13T13:21:33.546+0000][1][safepoint    ] Entering safepoint region: Cleanup
[2020-01-13T13:21:33.546+0000][1][safepoint    ] Leaving safepoint region
[2020-01-13T13:21:33.546+0000][1][safepoint    ] Total time for which application threads were stopped: 0.0001017 seconds, Stopping threads took: 0.0000245 seconds
[2020-01-13T13:21:34.546+0000][1][safepoint    ] Application time: 1.0000996 seconds
[2020-01-13T13:21:34.547+0000][1][safepoint    ] Entering safepoint region: Cleanup
[2020-01-13T13:21:34.547+0000][1][safepoint    ] Leaving safepoint region
[2020-01-13T13:21:34.547+0000][1][safepoint    ] Total time for which application threads were stopped: 0.0001004 seconds, Stopping threads took: 0.0000334 seconds
[2020-01-13T13:21:35.547+0000][1][safepoint    ] Application time: 1.0002099 seconds
[2020-01-13T13:21:35.547+0000][1][safepoint    ] Entering safepoint region: Cleanup
[2020-01-13T13:21:35.547+0000][1][safepoint    ] Leaving safepoint region
[2020-01-13T13:21:35.548+0000][1][safepoint    ] Total time for which application threads were stopped: 0.0001037 seconds, Stopping threads took: 0.0000237 seconds
[2020-01-13T13:21:36.548+0000][1][safepoint    ] Application time: 1.0000797 seconds
[2020-01-13T13:21:36.548+0000][1][safepoint    ] Entering safepoint region: Cleanup
[2020-01-13T13:21:36.548+0000][1][safepoint    ] Leaving safepoint region
[2020-01-13T13:21:36.548+0000][1][safepoint    ] Total time for which application threads were stopped: 0.0001154 seconds, Stopping threads took: 0.0000315 seconds
[2020-01-13T13:21:37.548+0000][1][safepoint    ] Application time: 1.0001816 seconds
[2020-01-13T13:21:37.548+0000][1][safepoint    ] Entering safepoint region: Cleanup
[2020-01-13T13:21:37.549+0000][1][safepoint    ] Leaving safepoint region
[2020-01-13T13:21:37.549+0000][1][safepoint    ] Total time for which application threads were stopped: 0.0006478 seconds, Stopping threads took: 0.0000260 seconds
[2020-01-13T13:21:38.549+0000][1][safepoint    ] Application time: 1.0001124 seconds
[2020-01-13T13:21:38.549+0000][1][safepoint    ] Entering safepoint region: Cleanup
[2020-01-13T13:21:38.549+0000][1][safepoint    ] Leaving safepoint region
[2020-01-13T13:21:38.549+0000][1][safepoint    ] Total time for which application threads were stopped: 0.0000961 seconds, Stopping threads took: 0.0000212 seconds
[2020-01-13T13:21:39.549+0000][1][safepoint    ] Application time: 1.0000995 seconds
[2020-01-13T13:21:39.550+0000][1][safepoint    ] Entering safepoint region: Cleanup
[2020-01-13T13:21:39.550+0000][1][safepoint    ] Leaving safepoint region
[2020-01-13T13:21:39.550+0000][1][safepoint    ] Total time for which application threads were stopped: 0.0001185 seconds, Stopping threads took: 0.0000373 seconds
[2020-01-13T13:21:40.550+0000][1][safepoint    ] Application time: 1.0000851 seconds
[2020-01-13T13:21:40.550+0000][1][safepoint    ] Entering safepoint region: Cleanup
[2020-01-13T13:21:40.550+0000][1][safepoint    ] Leaving safepoint region
[2020-01-13T13:21:40.551+0000][1][safepoint    ] Total time for which application threads were stopped: 0.0000901 seconds, Stopping threads took: 0.0000208 seconds
[2020-01-13T13:21:41.551+0000][1][safepoint    ] Application time: 1.0000932 seconds
[2020-01-13T13:21:41.551+0000][1][safepoint    ] Entering safepoint region: Cleanup
[2020-01-13T13:21:41.551+0000][1][safepoint    ] Leaving safepoint region
[2020-01-13T13:21:41.551+0000][1][safepoint    ] Total time for which application threads were stopped: 0.0000930 seconds, Stopping threads took: 0.0000226 seconds
[2020-01-13T13:21:42.551+0000][1][safepoint    ] Application time: 1.0001209 seconds
[2020-01-13T13:21:42.551+0000][1][safepoint    ] Entering safepoint region: Cleanup
[2020-01-13T13:21:42.551+0000][1][safepoint    ] Leaving safepoint region
[2020-01-13T13:21:42.551+0000][1][safepoint    ] Total time for which application threads were stopped: 0.0001251 seconds, Stopping threads took: 0.0000325 seconds
[2020-01-13T13:21:43.551+0000][1][safepoint    ] Application time: 1.0001025 seconds
[2020-01-13T13:21:43.551+0000][1][safepoint    ] Entering safepoint region: Cleanup
[2020-01-13T13:21:43.551+0000][1][safepoint    ] Leaving safepoint region
[2020-01-13T13:21:43.551+0000][1][safepoint    ] Total time for which application threads were stopped: 0.0001151 seconds, Stopping threads took: 0.0000243 seconds
[2020-01-13T13:21:44.552+0000][1][safepoint    ] Application time: 1.0000931 seconds
[2020-01-13T13:21:44.552+0000][1][safepoint    ] Entering safepoint region: Cleanup
[2020-01-13T13:21:44.552+0000][1][safepoint    ] Leaving safepoint region
[2020-01-13T13:21:44.552+0000][1][safepoint    ] Total time for which application threads were stopped: 0.0001317 seconds, Stopping threads took: 0.0000414 seconds
[2020-01-13T13:21:45.553+0000][1][safepoint    ] Application time: 1.0001146 seconds
[2020-01-13T13:21:45.553+0000][1][safepoint    ] Entering safepoint region: Cleanup
[2020-01-13T13:21:45.553+0000][1][safepoint    ] Leaving safepoint region
[2020-01-13T13:21:45.553+0000][1][safepoint    ] Total time for which application threads were stopped: 0.0000982 seconds, Stopping threads took: 0.0000248 seconds
[2020-01-13T13:21:46.553+0000][1][safepoint    ] Application time: 1.0001205 seconds
[2020-01-13T13:21:46.553+0000][1][safepoint    ] Entering safepoint region: Cleanup
[2020-01-13T13:21:46.553+0000][1][safepoint    ] Leaving safepoint region
[2020-01-13T13:21:46.553+0000][1][safepoint    ] Total time for which application threads were stopped: 0.0001181 seconds, Stopping threads took: 0.0000324 seconds
[2020-01-13T13:21:47.553+0000][1][safepoint    ] Application time: 1.0001076 seconds
[2020-01-13T13:21:47.553+0000][1][safepoint    ] Entering safepoint region: Cleanup
[2020-01-13T13:21:47.553+0000][1][safepoint    ] Leaving safepoint region
[2020-01-13T13:21:47.553+0000][1][safepoint    ] Total time for which application threads were stopped: 0.0001220 seconds, Stopping threads took: 0.0000362 seconds
[2020-01-13T13:21:48.553+0000][1][safepoint    ] Application time: 1.0000985 seconds
[2020-01-13T13:21:48.554+0000][1][safepoint    ] Entering safepoint region: Cleanup
[2020-01-13T13:21:48.554+0000][1][safepoint    ] Leaving safepoint region
[2020-01-13T13:21:48.554+0000][1][safepoint    ] Total time for which application threads were stopped: 0.0000942 seconds, Stopping threads took: 0.0000218 seconds
[2020-01-13T13:21:49.554+0000][1][safepoint    ] Application time: 1.0000915 seconds
[2020-01-13T13:21:49.554+0000][1][safepoint    ] Entering safepoint region: Cleanup
[2020-01-13T13:21:49.554+0000][1][safepoint    ] Leaving safepoint region
[2020-01-13T13:21:49.554+0000][1][safepoint    ] Total time for which application threads were stopped: 0.0000801 seconds, Stopping threads took: 0.0000190 seconds
[2020-01-13T13:21:50.554+0000][1][safepoint    ] Application time: 1.0000991 seconds
[2020-01-13T13:21:50.554+0000][1][safepoint    ] Entering safepoint region: Cleanup
[2020-01-13T13:21:50.554+0000][1][safepoint    ] Leaving safepoint region
[2020-01-13T13:21:50.554+0000][1][safepoint    ] Total time for which application threads were stopped: 0.0000893 seconds, Stopping threads took: 0.0000213 seconds
[2020-01-13T13:21:51.554+0000][1][safepoint    ] Application time: 1.0001111 seconds
[2020-01-13T13:21:51.554+0000][1][safepoint    ] Entering safepoint region: Cleanup
[2020-01-13T13:21:51.554+0000][1][safepoint    ] Leaving safepoint region
[2020-01-13T13:21:51.554+0000][1][safepoint    ] Total time for which application threads were stopped: 0.0001256 seconds, Stopping threads took: 0.0000602 seconds
[2020-01-13T13:21:52.555+0000][1][safepoint    ] Application time: 1.0001054 seconds
[2020-01-13T13:21:52.555+0000][1][safepoint    ] Entering safepoint region: Cleanup
[2020-01-13T13:21:52.555+0000][1][safepoint    ] Leaving safepoint region
[2020-01-13T13:21:52.555+0000][1][safepoint    ] Total time for which application threads were stopped: 0.0001772 seconds, Stopping threads took: 0.0000358 seconds
[2020-01-13T13:21:53.343+0000][1][safepoint    ] Application time: 0.7880278 seconds
[2020-01-13T13:21:53.343+0000][1][safepoint    ] Entering safepoint region: GenCollectForAllocation
[2020-01-13T13:21:53.343+0000][1][gc,start     ] GC(39) Pause Young (Allocation Failure)
[2020-01-13T13:21:53.343+0000][1][gc,task      ] GC(39) Using 1 workers of 1 for evacuation
[2020-01-13T13:21:53.348+0000][1][gc,age       ] GC(39) Desired survivor size 4358144 bytes, new threshold 6 (max threshold 6)
[2020-01-13T13:21:53.348+0000][1][gc,age       ] GC(39) Age table with threshold 6 (max threshold 6)
[2020-01-13T13:21:53.348+0000][1][gc,age       ] GC(39) - age   1:      30080 bytes,      30080 total
[2020-01-13T13:21:53.348+0000][1][gc,age       ] GC(39) - age   2:       3784 bytes,      33864 total
[2020-01-13T13:21:53.348+0000][1][gc,age       ] GC(39) - age   3:       2600 bytes,      36464 total
[2020-01-13T13:21:53.348+0000][1][gc,age       ] GC(39) - age   4:       3384 bytes,      39848 total
[2020-01-13T13:21:53.348+0000][1][gc,age       ] GC(39) - age   5:       4224 bytes,      44072 total
[2020-01-13T13:21:53.348+0000][1][gc,age       ] GC(39) - age   6:       4392 bytes,      48464 total
[2020-01-13T13:21:53.348+0000][1][gc,heap      ] GC(39) ParNew: 69222K->360K(76672K)
[2020-01-13T13:21:53.348+0000][1][gc,heap      ] GC(39) CMS: 67665K->67669K(176960K)
[2020-01-13T13:21:53.348+0000][1][gc,metaspace ] GC(39) Metaspace: 66167K->66167K(1110016K)
[2020-01-13T13:21:53.348+0000][1][gc           ] GC(39) Pause Young (Allocation Failure) 133M->66M(247M) 4.671ms
[2020-01-13T13:21:53.348+0000][1][gc,cpu       ] GC(39) User=0.00s Sys=0.00s Real=0.00s
[2020-01-13T13:21:53.348+0000][1][safepoint    ] Leaving safepoint region
[2020-01-13T13:21:53.348+0000][1][safepoint    ] Total time for which application threads were stopped: 0.0049216 seconds, Stopping threads took: 0.0000261 seconds
[2020-01-13T13:21:54.350+0000][1][safepoint    ] Application time: 1.0025934 seconds
[2020-01-13T13:21:54.351+0000][1][safepoint    ] Entering safepoint region: Cleanup
[2020-01-13T13:21:54.351+0000][1][safepoint    ] Leaving safepoint region
[2020-01-13T13:21:54.351+0000][1][safepoint    ] Total time for which application threads were stopped: 0.0001419 seconds, Stopping threads took: 0.0000285 seconds
[2020-01-13T13:21:55.351+0000][1][safepoint    ] Application time: 1.0002072 seconds
[2020-01-13T13:21:55.351+0000][1][safepoint    ] Entering safepoint region: Cleanup
[2020-01-13T13:21:55.351+0000][1][safepoint    ] Leaving safepoint region
[2020-01-13T13:21:55.351+0000][1][safepoint    ] Total time for which application threads were stopped: 0.0001122 seconds, Stopping threads took: 0.0000322 seconds
[2020-01-13T13:21:56.351+0000][1][safepoint    ] Application time: 1.0001647 seconds
[2020-01-13T13:21:56.351+0000][1][safepoint    ] Entering safepoint region: Cleanup
[2020-01-13T13:21:56.351+0000][1][safepoint    ] Leaving safepoint region
[2020-01-13T13:21:56.351+0000][1][safepoint    ] Total time for which application threads were stopped: 0.0001310 seconds, Stopping threads took: 0.0000262 seconds
[2020-01-13T13:21:57.352+0000][1][safepoint    ] Application time: 1.0001087 seconds
[2020-01-13T13:21:57.352+0000][1][safepoint    ] Entering safepoint region: Cleanup
[2020-01-13T13:21:57.352+0000][1][safepoint    ] Leaving safepoint region
[2020-01-13T13:21:57.352+0000][1][safepoint    ] Total time for which application threads were stopped: 0.0000953 seconds, Stopping threads took: 0.0000273 seconds
[2020-01-13T13:21:58.352+0000][1][safepoint    ] Application time: 1.0000833 seconds
[2020-01-13T13:21:58.353+0000][1][safepoint    ] Entering safepoint region: Cleanup
[2020-01-13T13:21:58.353+0000][1][safepoint    ] Leaving safepoint region
[2020-01-13T13:21:58.353+0000][1][safepoint    ] Total time for which application threads were stopped: 0.0014074 seconds, Stopping threads took: 0.0013192 seconds
[2020-01-13T13:21:59.353+0000][1][safepoint    ] Application time: 1.0001227 seconds
[2020-01-13T13:21:59.354+0000][1][safepoint    ] Entering safepoint region: Cleanup
[2020-01-13T13:21:59.354+0000][1][safepoint    ] Leaving safepoint region
[2020-01-13T13:21:59.354+0000][1][safepoint    ] Total time for which application threads were stopped: 0.0001249 seconds, Stopping threads took: 0.0000421 seconds
[2020-01-13T13:22:00.355+0000][1][safepoint    ] Application time: 1.0001531 seconds
[2020-01-13T13:22:00.355+0000][1][safepoint    ] Entering safepoint region: Cleanup
[2020-01-13T13:22:00.355+0000][1][safepoint    ] Leaving safepoint region
[2020-01-13T13:22:00.355+0000][1][safepoint    ] Total time for which application threads were stopped: 0.0001145 seconds, Stopping threads took: 0.0000343 seconds
[2020-01-13T13:22:01.355+0000][1][safepoint    ] Application time: 1.0001399 seconds
[2020-01-13T13:22:01.355+0000][1][safepoint    ] Entering safepoint region: Cleanup
[2020-01-13T13:22:01.355+0000][1][safepoint    ] Leaving safepoint region
[2020-01-13T13:22:01.355+0000][1][safepoint    ] Total time for which application threads were stopped: 0.0001125 seconds, Stopping threads took: 0.0000422 seconds
[2020-01-13T13:22:02.355+0000][1][safepoint    ] Application time: 1.0001905 seconds
[2020-01-13T13:22:02.355+0000][1][safepoint    ] Entering safepoint region: Cleanup
[2020-01-13T13:22:02.356+0000][1][safepoint    ] Leaving safepoint region
[2020-01-13T13:22:02.356+0000][1][safepoint    ] Total time for which application threads were stopped: 0.0001434 seconds, Stopping threads took: 0.0000377 seconds
[2020-01-13T13:22:03.356+0000][1][safepoint    ] Application time: 1.0000845 seconds
[2020-01-13T13:22:03.356+0000][1][safepoint    ] Entering safepoint region: Cleanup
[2020-01-13T13:22:03.356+0000][1][safepoint    ] Leaving safepoint region
[2020-01-13T13:22:03.356+0000][1][safepoint    ] Total time for which application threads were stopped: 0.0001437 seconds, Stopping threads took: 0.0000263 seconds
[2020-01-13T13:22:04.356+0000][1][safepoint    ] Application time: 1.0001676 seconds
[2020-01-13T13:22:04.357+0000][1][safepoint    ] Entering safepoint region: Cleanup
[2020-01-13T13:22:04.358+0000][1][safepoint    ] Leaving safepoint region
[2020-01-13T13:22:04.358+0000][1][safepoint    ] Total time for which application threads were stopped: 0.0002624 seconds, Stopping threads took: 0.0001465 seconds
[2020-01-13T13:22:05.358+0000][1][safepoint    ] Application time: 1.0001589 seconds
[2020-01-13T13:22:05.358+0000][1][safepoint    ] Entering safepoint region: Cleanup
[2020-01-13T13:22:05.358+0000][1][safepoint    ] Leaving safepoint region
[2020-01-13T13:22:05.358+0000][1][safepoint    ] Total time for which application threads were stopped: 0.0001106 seconds, Stopping threads took: 0.0000325 seconds
[2020-01-13T13:22:06.358+0000][1][safepoint    ] Application time: 1.0001613 seconds
[2020-01-13T13:22:06.358+0000][1][safepoint    ] Entering safepoint region: Cleanup
[2020-01-13T13:22:06.358+0000][1][safepoint    ] Leaving safepoint region
[2020-01-13T13:22:06.358+0000][1][safepoint    ] Total time for which application threads were stopped: 0.0001448 seconds, Stopping threads took: 0.0000468 seconds
[2020-01-13T13:22:07.359+0000][1][safepoint    ] Application time: 1.0003013 seconds
[2020-01-13T13:22:07.359+0000][1][safepoint    ] Entering safepoint region: Cleanup
[2020-01-13T13:22:07.359+0000][1][safepoint    ] Leaving safepoint region
[2020-01-13T13:22:07.359+0000][1][safepoint    ] Total time for which application threads were stopped: 0.0001366 seconds, Stopping threads took: 0.0000418 seconds
[2020-01-13T13:22:08.359+0000][1][safepoint    ] Application time: 1.0000970 seconds
[2020-01-13T13:22:08.359+0000][1][safepoint    ] Entering safepoint region: Cleanup
[2020-01-13T13:22:08.360+0000][1][safepoint    ] Leaving safepoint region
[2020-01-13T13:22:08.360+0000][1][safepoint    ] Total time for which application threads were stopped: 0.0004871 seconds, Stopping threads took: 0.0004022 seconds
[2020-01-13T13:22:09.360+0000][1][safepoint    ] Application time: 1.0001596 seconds
[2020-01-13T13:22:09.361+0000][1][safepoint    ] Entering safepoint region: Cleanup
[2020-01-13T13:22:09.361+0000][1][safepoint    ] Leaving safepoint region
[2020-01-13T13:22:09.361+0000][1][safepoint    ] Total time for which application threads were stopped: 0.0001600 seconds, Stopping threads took: 0.0000584 seconds
[2020-01-13T13:22:11.361+0000][1][safepoint    ] Application time: 2.0003093 seconds
[2020-01-13T13:22:11.361+0000][1][safepoint    ] Entering safepoint region: Cleanup
[2020-01-13T13:22:11.361+0000][1][safepoint    ] Leaving safepoint region
[2020-01-13T13:22:11.361+0000][1][safepoint    ] Total time for which application threads were stopped: 0.0001715 seconds, Stopping threads took: 0.0000720 seconds
[2020-01-13T13:22:15.363+0000][1][safepoint    ] Application time: 4.0011579 seconds
[2020-01-13T13:22:15.363+0000][1][safepoint    ] Entering safepoint region: Cleanup
[2020-01-13T13:22:15.363+0000][1][safepoint    ] Leaving safepoint region
[2020-01-13T13:22:15.363+0000][1][safepoint    ] Total time for which application threads were stopped: 0.0001603 seconds, Stopping threads took: 0.0000376 seconds
[2020-01-13T13:22:19.364+0000][1][safepoint    ] Application time: 4.0006213 seconds
[2020-01-13T13:22:19.364+0000][1][safepoint    ] Entering safepoint region: Cleanup
[2020-01-13T13:22:19.364+0000][1][safepoint    ] Leaving safepoint region
[2020-01-13T13:22:19.364+0000][1][safepoint    ] Total time for which application threads were stopped: 0.0001220 seconds, Stopping threads took: 0.0000344 seconds
[2020-01-13T13:22:20.364+0000][1][safepoint    ] Application time: 1.0001595 seconds
[2020-01-13T13:22:20.364+0000][1][safepoint    ] Entering safepoint region: Cleanup
[2020-01-13T13:22:20.364+0000][1][safepoint    ] Leaving safepoint region
[2020-01-13T13:22:20.364+0000][1][safepoint    ] Total time for which application threads were stopped: 0.0002119 seconds, Stopping threads took: 0.0001030 seconds
[2020-01-13T13:22:21.364+0000][1][safepoint    ] Application time: 1.0001975 seconds
[2020-01-13T13:22:21.364+0000][1][safepoint    ] Entering safepoint region: Cleanup
[2020-01-13T13:22:21.365+0000][1][safepoint    ] Leaving safepoint region
[2020-01-13T13:22:21.365+0000][1][safepoint    ] Total time for which application threads were stopped: 0.0001271 seconds, Stopping threads took: 0.0000420 seconds
[2020-01-13T13:22:22.365+0000][1][safepoint    ] Application time: 1.0001496 seconds
[2020-01-13T13:22:22.365+0000][1][safepoint    ] Entering safepoint region: Cleanup
[2020-01-13T13:22:22.365+0000][1][safepoint    ] Leaving safepoint region
[2020-01-13T13:22:22.365+0000][1][safepoint    ] Total time for which application threads were stopped: 0.0001311 seconds, Stopping threads took: 0.0000332 seconds
[2020-01-13T13:22:23.365+0000][1][safepoint    ] Application time: 1.0001558 seconds
[2020-01-13T13:22:23.365+0000][1][safepoint    ] Entering safepoint region: Cleanup
[2020-01-13T13:22:23.365+0000][1][safepoint    ] Leaving safepoint region
[2020-01-13T13:22:23.365+0000][1][safepoint    ] Total time for which application threads were stopped: 0.0000985 seconds, Stopping threads took: 0.0000275 seconds
[2020-01-13T13:22:24.365+0000][1][safepoint    ] Application time: 1.0001599 seconds
[2020-01-13T13:22:24.366+0000][1][safepoint    ] Entering safepoint region: Cleanup
[2020-01-13T13:22:24.366+0000][1][safepoint    ] Leaving safepoint region
[2020-01-13T13:22:24.366+0000][1][safepoint    ] Total time for which application threads were stopped: 0.0001223 seconds, Stopping threads took: 0.0000359 seconds
[2020-01-13T13:22:25.366+0000][1][safepoint    ] Application time: 1.0001541 seconds
[2020-01-13T13:22:25.366+0000][1][safepoint    ] Entering safepoint region: Cleanup
[2020-01-13T13:22:25.366+0000][1][safepoint    ] Leaving safepoint region
[2020-01-13T13:22:25.366+0000][1][safepoint    ] Total time for which application threads were stopped: 0.0001311 seconds, Stopping threads took: 0.0000326 seconds
[2020-01-13T13:22:26.366+0000][1][safepoint    ] Application time: 1.0001306 seconds
[2020-01-13T13:22:26.366+0000][1][safepoint    ] Entering safepoint region: Cleanup
[2020-01-13T13:22:26.366+0000][1][safepoint    ] Leaving safepoint region
[2020-01-13T13:22:26.366+0000][1][safepoint    ] Total time for which application threads were stopped: 0.0001416 seconds, Stopping threads took: 0.0000256 seconds
[2020-01-13T13:22:27.367+0000][1][safepoint    ] Application time: 1.0001163 seconds
[2020-01-13T13:22:27.367+0000][1][safepoint    ] Entering safepoint region: Cleanup
[2020-01-13T13:22:27.367+0000][1][safepoint    ] Leaving safepoint region
[2020-01-13T13:22:27.367+0000][1][safepoint    ] Total time for which application threads were stopped: 0.0001641 seconds, Stopping threads took: 0.0000524 seconds
[2020-01-13T13:22:28.367+0000][1][safepoint    ] Application time: 1.0001129 seconds
[2020-01-13T13:22:28.367+0000][1][safepoint    ] Entering safepoint region: Cleanup
[2020-01-13T13:22:28.367+0000][1][safepoint    ] Leaving safepoint region
[2020-01-13T13:22:28.367+0000][1][safepoint    ] Total time for which application threads were stopped: 0.0001143 seconds, Stopping threads took: 0.0000282 seconds
[2020-01-13T13:22:29.367+0000][1][safepoint    ] Application time: 1.0001114 seconds
[2020-01-13T13:22:29.368+0000][1][safepoint    ] Entering safepoint region: Cleanup
[2020-01-13T13:22:29.368+0000][1][safepoint    ] Leaving safepoint region
[2020-01-13T13:22:29.368+0000][1][safepoint    ] Total time for which application threads were stopped: 0.0001450 seconds, Stopping threads took: 0.0000636 seconds
[2020-01-13T13:22:30.368+0000][1][safepoint    ] Application time: 1.0001147 seconds
[2020-01-13T13:22:30.369+0000][1][safepoint    ] Entering safepoint region: Cleanup
[2020-01-13T13:22:30.369+0000][1][safepoint    ] Leaving safepoint region
[2020-01-13T13:22:30.369+0000][1][safepoint    ] Total time for which application threads were stopped: 0.0001040 seconds, Stopping threads took: 0.0000259 seconds
[2020-01-13T13:22:31.369+0000][1][safepoint    ] Application time: 1.0001152 seconds
[2020-01-13T13:22:31.369+0000][1][safepoint    ] Entering safepoint region: Cleanup
[2020-01-13T13:22:31.369+0000][1][safepoint    ] Leaving safepoint region
[2020-01-13T13:22:31.369+0000][1][safepoint    ] Total time for which application threads were stopped: 0.0001433 seconds, Stopping threads took: 0.0000617 seconds
[2020-01-13T13:22:32.369+0000][1][safepoint    ] Application time: 1.0001028 seconds
[2020-01-13T13:22:32.369+0000][1][safepoint    ] Entering safepoint region: Cleanup
[2020-01-13T13:22:32.369+0000][1][safepoint    ] Leaving safepoint region
[2020-01-13T13:22:32.369+0000][1][safepoint    ] Total time for which application threads were stopped: 0.0001170 seconds, Stopping threads took: 0.0000272 seconds
[2020-01-13T13:22:33.369+0000][1][safepoint    ] Application time: 1.0001010 seconds
[2020-01-13T13:22:33.369+0000][1][safepoint    ] Entering safepoint region: Cleanup
[2020-01-13T13:22:33.370+0000][1][safepoint    ] Leaving safepoint region
[2020-01-13T13:22:33.370+0000][1][safepoint    ] Total time for which application threads were stopped: 0.0001376 seconds, Stopping threads took: 0.0000355 seconds
[2020-01-13T13:22:34.370+0000][1][safepoint    ] Application time: 1.0000873 seconds
[2020-01-13T13:22:34.371+0000][1][safepoint    ] Entering safepoint region: Cleanup
[2020-01-13T13:22:34.371+0000][1][safepoint    ] Leaving safepoint region
[2020-01-13T13:22:34.371+0000][1][safepoint    ] Total time for which application threads were stopped: 0.0002086 seconds, Stopping threads took: 0.0001244 seconds
[2020-01-13T13:22:35.372+0000][1][safepoint    ] Application time: 1.0013315 seconds
[2020-01-13T13:22:35.372+0000][1][safepoint    ] Entering safepoint region: Cleanup
[2020-01-13T13:22:35.372+0000][1][safepoint    ] Leaving safepoint region
[2020-01-13T13:22:35.372+0000][1][safepoint    ] Total time for which application threads were stopped: 0.0001421 seconds, Stopping threads took: 0.0000341 seconds
[2020-01-13T13:22:36.372+0000][1][safepoint    ] Application time: 1.0000999 seconds
[2020-01-13T13:22:36.373+0000][1][safepoint    ] Entering safepoint region: Cleanup
[2020-01-13T13:22:36.373+0000][1][safepoint    ] Leaving safepoint region
[2020-01-13T13:22:36.373+0000][1][safepoint    ] Total time for which application threads were stopped: 0.0001507 seconds, Stopping threads took: 0.0000576 seconds
[2020-01-13T13:22:37.373+0000][1][safepoint    ] Application time: 1.0001024 seconds
[2020-01-13T13:22:37.373+0000][1][safepoint    ] Entering safepoint region: Cleanup
[2020-01-13T13:22:37.373+0000][1][safepoint    ] Leaving safepoint region
[2020-01-13T13:22:37.373+0000][1][safepoint    ] Total time for which application threads were stopped: 0.0001246 seconds, Stopping threads took: 0.0000430 seconds
[2020-01-13T13:22:38.373+0000][1][safepoint    ] Application time: 1.0000904 seconds
[2020-01-13T13:22:38.373+0000][1][safepoint    ] Entering safepoint region: Cleanup
[2020-01-13T13:22:38.373+0000][1][safepoint    ] Leaving safepoint region
[2020-01-13T13:22:38.373+0000][1][safepoint    ] Total time for which application threads were stopped: 0.0001230 seconds, Stopping threads took: 0.0000258 seconds
[2020-01-13T13:22:39.373+0000][1][safepoint    ] Application time: 1.0001561 seconds
[2020-01-13T13:22:39.374+0000][1][safepoint    ] Entering safepoint region: Cleanup
[2020-01-13T13:22:39.375+0000][1][safepoint    ] Leaving safepoint region
[2020-01-13T13:22:39.375+0000][1][safepoint    ] Total time for which application threads were stopped: 0.0002127 seconds, Stopping threads took: 0.0000500 seconds
[2020-01-13T13:22:40.375+0000][1][safepoint    ] Application time: 1.0001409 seconds
[2020-01-13T13:22:40.375+0000][1][safepoint    ] Entering safepoint region: Cleanup
[2020-01-13T13:22:40.375+0000][1][safepoint    ] Leaving safepoint region
[2020-01-13T13:22:40.375+0000][1][safepoint    ] Total time for which application threads were stopped: 0.0001224 seconds, Stopping threads took: 0.0000396 seconds
[2020-01-13T13:22:41.375+0000][1][safepoint    ] Application time: 1.0001644 seconds
[2020-01-13T13:22:41.375+0000][1][safepoint    ] Entering safepoint region: Cleanup
[2020-01-13T13:22:41.375+0000][1][safepoint    ] Leaving safepoint region
[2020-01-13T13:22:41.375+0000][1][safepoint    ] Total time for which application threads were stopped: 0.0001009 seconds, Stopping threads took: 0.0000300 seconds
[2020-01-13T13:22:42.375+0000][1][safepoint    ] Application time: 1.0001666 seconds
[2020-01-13T13:22:42.376+0000][1][safepoint    ] Entering safepoint region: Cleanup
[2020-01-13T13:22:42.376+0000][1][safepoint    ] Leaving safepoint region
[2020-01-13T13:22:42.376+0000][1][safepoint    ] Total time for which application threads were stopped: 0.0001140 seconds, Stopping threads took: 0.0000284 seconds
[2020-01-13T13:22:43.376+0000][1][safepoint    ] Application time: 1.0001381 seconds
[2020-01-13T13:22:43.376+0000][1][safepoint    ] Entering safepoint region: Cleanup
[2020-01-13T13:22:43.376+0000][1][safepoint    ] Leaving safepoint region
[2020-01-13T13:22:43.376+0000][1][safepoint    ] Total time for which application threads were stopped: 0.0001088 seconds, Stopping threads took: 0.0000320 seconds
[2020-01-13T13:22:44.376+0000][1][safepoint    ] Application time: 1.0001018 seconds
[2020-01-13T13:22:44.377+0000][1][safepoint    ] Entering safepoint region: Cleanup
[2020-01-13T13:22:44.377+0000][1][safepoint    ] Leaving safepoint region
[2020-01-13T13:22:44.377+0000][1][safepoint    ] Total time for which application threads were stopped: 0.0001784 seconds, Stopping threads took: 0.0000794 seconds
[2020-01-13T13:22:45.377+0000][1][safepoint    ] Application time: 1.0001618 seconds
[2020-01-13T13:22:45.378+0000][1][safepoint    ] Entering safepoint region: Cleanup
[2020-01-13T13:22:45.378+0000][1][safepoint    ] Leaving safepoint region
[2020-01-13T13:22:45.378+0000][1][safepoint    ] Total time for which application threads were stopped: 0.0001550 seconds, Stopping threads took: 0.0000406 seconds
[2020-01-13T13:22:46.378+0000][1][safepoint    ] Application time: 1.0001554 seconds
[2020-01-13T13:22:46.378+0000][1][safepoint    ] Entering safepoint region: Cleanup
[2020-01-13T13:22:46.378+0000][1][safepoint    ] Leaving safepoint region
[2020-01-13T13:22:46.378+0000][1][safepoint    ] Total time for which application threads were stopped: 0.0001060 seconds, Stopping threads took: 0.0000285 seconds
[2020-01-13T13:22:47.378+0000][1][safepoint    ] Application time: 1.0001563 seconds
[2020-01-13T13:22:47.378+0000][1][safepoint    ] Entering safepoint region: Cleanup
[2020-01-13T13:22:47.378+0000][1][safepoint    ] Leaving safepoint region
[2020-01-13T13:22:47.378+0000][1][safepoint    ] Total time for which application threads were stopped: 0.0002126 seconds, Stopping threads took: 0.0001354 seconds
[2020-01-13T13:22:48.379+0000][1][safepoint    ] Application time: 1.0001511 seconds
[2020-01-13T13:22:48.379+0000][1][safepoint    ] Entering safepoint region: Cleanup
[2020-01-13T13:22:48.379+0000][1][safepoint    ] Leaving safepoint region
[2020-01-13T13:22:48.379+0000][1][safepoint    ] Total time for which application threads were stopped: 0.0001021 seconds, Stopping threads took: 0.0000289 seconds
[2020-01-13T13:22:49.379+0000][1][safepoint    ] Application time: 1.0001644 seconds
[2020-01-13T13:22:49.379+0000][1][safepoint    ] Entering safepoint region: Cleanup
[2020-01-13T13:22:49.379+0000][1][safepoint    ] Leaving safepoint region
[2020-01-13T13:22:49.379+0000][1][safepoint    ] Total time for which application threads were stopped: 0.0001303 seconds, Stopping threads took: 0.0000356 seconds
[2020-01-13T13:22:50.379+0000][1][safepoint    ] Application time: 1.0001612 seconds
[2020-01-13T13:22:50.379+0000][1][safepoint    ] Entering safepoint region: Cleanup
[2020-01-13T13:22:50.380+0000][1][safepoint    ] Leaving safepoint region
[2020-01-13T13:22:50.380+0000][1][safepoint    ] Total time for which application threads were stopped: 0.0000941 seconds, Stopping threads took: 0.0000258 seconds
[2020-01-13T13:22:51.380+0000][1][safepoint    ] Application time: 1.0001530 seconds
[2020-01-13T13:22:51.380+0000][1][safepoint    ] Entering safepoint region: Cleanup
[2020-01-13T13:22:51.380+0000][1][safepoint    ] Leaving safepoint region
[2020-01-13T13:22:51.380+0000][1][safepoint    ] Total time for which application threads were stopped: 0.0000988 seconds, Stopping threads took: 0.0000293 seconds
[2020-01-13T13:22:52.380+0000][1][safepoint    ] Application time: 1.0001615 seconds
[2020-01-13T13:22:52.380+0000][1][safepoint    ] Entering safepoint region: Cleanup
[2020-01-13T13:22:52.380+0000][1][safepoint    ] Leaving safepoint region
[2020-01-13T13:22:52.380+0000][1][safepoint    ] Total time for which application threads were stopped: 0.0001144 seconds, Stopping threads took: 0.0000269 seconds
[2020-01-13T13:22:53.380+0000][1][safepoint    ] Application time: 1.0001433 seconds
[2020-01-13T13:22:53.380+0000][1][safepoint    ] Entering safepoint region: Cleanup
[2020-01-13T13:22:53.381+0000][1][safepoint    ] Leaving safepoint region
[2020-01-13T13:22:53.381+0000][1][safepoint    ] Total time for which application threads were stopped: 0.0001050 seconds, Stopping threads took: 0.0000275 seconds
[2020-01-13T13:22:54.381+0000][1][safepoint    ] Application time: 1.0001606 seconds
[2020-01-13T13:22:54.381+0000][1][safepoint    ] Entering safepoint region: Cleanup
[2020-01-13T13:22:54.381+0000][1][safepoint    ] Leaving safepoint region
[2020-01-13T13:22:54.381+0000][1][safepoint    ] Total time for which application threads were stopped: 0.0001355 seconds, Stopping threads took: 0.0000363 seconds
[2020-01-13T13:22:55.381+0000][1][safepoint    ] Application time: 1.0002671 seconds
[2020-01-13T13:22:55.381+0000][1][safepoint    ] Entering safepoint region: Cleanup
[2020-01-13T13:22:55.381+0000][1][safepoint    ] Leaving safepoint region
[2020-01-13T13:22:55.381+0000][1][safepoint    ] Total time for which application threads were stopped: 0.0001254 seconds, Stopping threads took: 0.0000297 seconds
[2020-01-13T13:22:56.382+0000][1][safepoint    ] Application time: 1.0001510 seconds
[2020-01-13T13:22:56.382+0000][1][safepoint    ] Entering safepoint region: Cleanup
[2020-01-13T13:22:56.382+0000][1][safepoint    ] Leaving safepoint region
[2020-01-13T13:22:56.382+0000][1][safepoint    ] Total time for which application threads were stopped: 0.0001200 seconds, Stopping threads took: 0.0000263 seconds
[2020-01-13T13:22:57.382+0000][1][safepoint    ] Application time: 1.0001689 seconds
[2020-01-13T13:22:57.382+0000][1][safepoint    ] Entering safepoint region: Cleanup
[2020-01-13T13:22:57.382+0000][1][safepoint    ] Leaving safepoint region
[2020-01-13T13:22:57.382+0000][1][safepoint    ] Total time for which application threads were stopped: 0.0001368 seconds, Stopping threads took: 0.0000603 seconds
[2020-01-13T13:22:58.382+0000][1][safepoint    ] Application time: 1.0001330 seconds
[2020-01-13T13:22:58.382+0000][1][safepoint    ] Entering safepoint region: Cleanup
[2020-01-13T13:22:58.382+0000][1][safepoint    ] Leaving safepoint region
[2020-01-13T13:22:58.382+0000][1][safepoint    ] Total time for which application threads were stopped: 0.0001100 seconds, Stopping threads took: 0.0000395 seconds
[2020-01-13T13:22:59.383+0000][1][safepoint    ] Application time: 1.0001199 seconds
[2020-01-13T13:22:59.384+0000][1][safepoint    ] Entering safepoint region: Cleanup
[2020-01-13T13:22:59.384+0000][1][safepoint    ] Leaving safepoint region
[2020-01-13T13:22:59.384+0000][1][safepoint    ] Total time for which application threads were stopped: 0.0001749 seconds, Stopping threads took: 0.0000662 seconds
[2020-01-13T13:23:00.384+0000][1][safepoint    ] Application time: 1.0001895 seconds
[2020-01-13T13:23:00.384+0000][1][safepoint    ] Entering safepoint region: Cleanup
[2020-01-13T13:23:00.384+0000][1][safepoint    ] Leaving safepoint region
[2020-01-13T13:23:00.384+0000][1][safepoint    ] Total time for which application threads were stopped: 0.0001227 seconds, Stopping threads took: 0.0000367 seconds
[2020-01-13T13:23:01.385+0000][1][safepoint    ] Application time: 1.0001500 seconds
[2020-01-13T13:23:01.385+0000][1][safepoint    ] Entering safepoint region: Cleanup
[2020-01-13T13:23:01.385+0000][1][safepoint    ] Leaving safepoint region
[2020-01-13T13:23:01.385+0000][1][safepoint    ] Total time for which application threads were stopped: 0.0001334 seconds, Stopping threads took: 0.0000510 seconds
[2020-01-13T13:23:02.385+0000][1][safepoint    ] Application time: 1.0001734 seconds
[2020-01-13T13:23:02.385+0000][1][safepoint    ] Entering safepoint region: Cleanup
[2020-01-13T13:23:02.385+0000][1][safepoint    ] Leaving safepoint region
[2020-01-13T13:23:02.385+0000][1][safepoint    ] Total time for which application threads were stopped: 0.0001296 seconds, Stopping threads took: 0.0000365 seconds
[2020-01-13T13:23:03.385+0000][1][safepoint    ] Application time: 1.0001660 seconds
[2020-01-13T13:23:03.386+0000][1][safepoint    ] Entering safepoint region: Cleanup
[2020-01-13T13:23:03.386+0000][1][safepoint    ] Leaving safepoint region
[2020-01-13T13:23:03.386+0000][1][safepoint    ] Total time for which application threads were stopped: 0.0001339 seconds, Stopping threads took: 0.0000350 seconds
[2020-01-13T13:23:04.386+0000][1][safepoint    ] Application time: 1.0001697 seconds
[2020-01-13T13:23:04.387+0000][1][safepoint    ] Entering safepoint region: Cleanup
[2020-01-13T13:23:04.387+0000][1][safepoint    ] Leaving safepoint region
[2020-01-13T13:23:04.387+0000][1][safepoint    ] Total time for which application threads were stopped: 0.0001910 seconds, Stopping threads took: 0.0000736 seconds
[2020-01-13T13:23:05.387+0000][1][safepoint    ] Application time: 1.0001548 seconds
[2020-01-13T13:23:05.387+0000][1][safepoint    ] Entering safepoint region: Cleanup
[2020-01-13T13:23:05.387+0000][1][safepoint    ] Leaving safepoint region
[2020-01-13T13:23:05.387+0000][1][safepoint    ] Total time for which application threads were stopped: 0.0001232 seconds, Stopping threads took: 0.0000345 seconds
[2020-01-13T13:23:06.388+0000][1][safepoint    ] Application time: 1.0001667 seconds
[2020-01-13T13:23:06.388+0000][1][safepoint    ] Entering safepoint region: Cleanup
[2020-01-13T13:23:06.388+0000][1][safepoint    ] Leaving safepoint region
[2020-01-13T13:23:06.388+0000][1][safepoint    ] Total time for which application threads were stopped: 0.0001217 seconds, Stopping threads took: 0.0000272 seconds
[2020-01-13T13:23:07.388+0000][1][safepoint    ] Application time: 1.0001731 seconds
[2020-01-13T13:23:07.388+0000][1][safepoint    ] Entering safepoint region: Cleanup
[2020-01-13T13:23:07.388+0000][1][safepoint    ] Leaving safepoint region
[2020-01-13T13:23:07.388+0000][1][safepoint    ] Total time for which application threads were stopped: 0.0001296 seconds, Stopping threads took: 0.0000295 seconds
[2020-01-13T13:23:08.388+0000][1][safepoint    ] Application time: 1.0001753 seconds
[2020-01-13T13:23:08.389+0000][1][safepoint    ] Entering safepoint region: Cleanup
[2020-01-13T13:23:08.389+0000][1][safepoint    ] Leaving safepoint region
[2020-01-13T13:23:08.389+0000][1][safepoint    ] Total time for which application threads were stopped: 0.0001135 seconds, Stopping threads took: 0.0000276 seconds
[2020-01-13T13:23:09.389+0000][1][safepoint    ] Application time: 1.0001745 seconds
[2020-01-13T13:23:09.390+0000][1][safepoint    ] Entering safepoint region: Cleanup
[2020-01-13T13:23:09.390+0000][1][safepoint    ] Leaving safepoint region
[2020-01-13T13:23:09.390+0000][1][safepoint    ] Total time for which application threads were stopped: 0.0001906 seconds, Stopping threads took: 0.0000829 seconds
[2020-01-13T13:23:10.390+0000][1][safepoint    ] Application time: 1.0001594 seconds
[2020-01-13T13:23:10.390+0000][1][safepoint    ] Entering safepoint region: Cleanup
[2020-01-13T13:23:10.390+0000][1][safepoint    ] Leaving safepoint region
[2020-01-13T13:23:10.390+0000][1][safepoint    ] Total time for which application threads were stopped: 0.0001073 seconds, Stopping threads took: 0.0000286 seconds
[2020-01-13T13:23:11.391+0000][1][safepoint    ] Application time: 1.0001539 seconds
[2020-01-13T13:23:11.391+0000][1][safepoint    ] Entering safepoint region: Cleanup
[2020-01-13T13:23:11.391+0000][1][safepoint    ] Leaving safepoint region
[2020-01-13T13:23:11.391+0000][1][safepoint    ] Total time for which application threads were stopped: 0.0001355 seconds, Stopping threads took: 0.0000504 seconds
[2020-01-13T13:23:12.391+0000][1][safepoint    ] Application time: 1.0001493 seconds
[2020-01-13T13:23:12.391+0000][1][safepoint    ] Entering safepoint region: Cleanup
[2020-01-13T13:23:12.391+0000][1][safepoint    ] Leaving safepoint region
[2020-01-13T13:23:12.391+0000][1][safepoint    ] Total time for which application threads were stopped: 0.0001114 seconds, Stopping threads took: 0.0000361 seconds
[2020-01-13T13:23:13.391+0000][1][safepoint    ] Application time: 1.0001508 seconds
[2020-01-13T13:23:13.391+0000][1][safepoint    ] Entering safepoint region: Cleanup
[2020-01-13T13:23:13.392+0000][1][safepoint    ] Leaving safepoint region
[2020-01-13T13:23:13.392+0000][1][safepoint    ] Total time for which application threads were stopped: 0.0001684 seconds, Stopping threads took: 0.0000870 seconds
[2020-01-13T13:23:14.392+0000][1][safepoint    ] Application time: 1.0001519 seconds
[2020-01-13T13:23:14.393+0000][1][safepoint    ] Entering safepoint region: Cleanup
[2020-01-13T13:23:14.393+0000][1][safepoint    ] Leaving safepoint region
[2020-01-13T13:23:14.393+0000][1][safepoint    ] Total time for which application threads were stopped: 0.0001794 seconds, Stopping threads took: 0.0000770 seconds
[2020-01-13T13:23:15.393+0000][1][safepoint    ] Application time: 1.0001516 seconds
[2020-01-13T13:23:15.393+0000][1][safepoint    ] Entering safepoint region: Cleanup
[2020-01-13T13:23:15.393+0000][1][safepoint    ] Leaving safepoint region
[2020-01-13T13:23:15.393+0000][1][safepoint    ] Total time for which application threads were stopped: 0.0001162 seconds, Stopping threads took: 0.0000343 seconds
[2020-01-13T13:23:16.394+0000][1][safepoint    ] Application time: 1.0001097 seconds
[2020-01-13T13:23:16.394+0000][1][safepoint    ] Entering safepoint region: Cleanup
[2020-01-13T13:23:16.394+0000][1][safepoint    ] Leaving safepoint region
[2020-01-13T13:23:16.394+0000][1][safepoint    ] Total time for which application threads were stopped: 0.0000960 seconds, Stopping threads took: 0.0000277 seconds
[2020-01-13T13:23:17.394+0000][1][safepoint    ] Application time: 1.0001553 seconds
[2020-01-13T13:23:17.394+0000][1][safepoint    ] Entering safepoint region: Cleanup
[2020-01-13T13:23:17.394+0000][1][safepoint    ] Leaving safepoint region
[2020-01-13T13:23:17.394+0000][1][safepoint    ] Total time for which application threads were stopped: 0.0001307 seconds, Stopping threads took: 0.0000347 seconds
[2020-01-13T13:23:18.394+0000][1][safepoint    ] Application time: 1.0002548 seconds
[2020-01-13T13:23:18.394+0000][1][safepoint    ] Entering safepoint region: Cleanup
[2020-01-13T13:23:18.395+0000][1][safepoint    ] Leaving safepoint region
[2020-01-13T13:23:18.395+0000][1][safepoint    ] Total time for which application threads were stopped: 0.0001575 seconds, Stopping threads took: 0.0000747 seconds
[2020-01-13T13:23:19.395+0000][1][safepoint    ] Application time: 1.0002019 seconds
[2020-01-13T13:23:19.395+0000][1][safepoint    ] Entering safepoint region: Cleanup
[2020-01-13T13:23:19.395+0000][1][safepoint    ] Leaving safepoint region
[2020-01-13T13:23:19.395+0000][1][safepoint    ] Total time for which application threads were stopped: 0.0001366 seconds, Stopping threads took: 0.0000361 seconds
[2020-01-13T13:23:20.395+0000][1][safepoint    ] Application time: 1.0001590 seconds
[2020-01-13T13:23:20.395+0000][1][safepoint    ] Entering safepoint region: Cleanup
[2020-01-13T13:23:20.395+0000][1][safepoint    ] Leaving safepoint region
[2020-01-13T13:23:20.395+0000][1][safepoint    ] Total time for which application threads were stopped: 0.0001340 seconds, Stopping threads took: 0.0000273 seconds
[2020-01-13T13:23:21.396+0000][1][safepoint    ] Application time: 1.0001449 seconds
[2020-01-13T13:23:21.396+0000][1][safepoint    ] Entering safepoint region: Cleanup
[2020-01-13T13:23:21.396+0000][1][safepoint    ] Leaving safepoint region
[2020-01-13T13:23:21.396+0000][1][safepoint    ] Total time for which application threads were stopped: 0.0000970 seconds, Stopping threads took: 0.0000272 seconds
[2020-01-13T13:23:22.396+0000][1][safepoint    ] Application time: 1.0001475 seconds
[2020-01-13T13:23:22.396+0000][1][safepoint    ] Entering safepoint region: Cleanup
[2020-01-13T13:23:22.396+0000][1][safepoint    ] Leaving safepoint region
[2020-01-13T13:23:22.396+0000][1][safepoint    ] Total time for which application threads were stopped: 0.0000968 seconds, Stopping threads took: 0.0000274 seconds
[2020-01-13T13:23:23.396+0000][1][safepoint    ] Application time: 1.0001500 seconds
[2020-01-13T13:23:23.396+0000][1][safepoint    ] Entering safepoint region: Cleanup
[2020-01-13T13:23:23.396+0000][1][safepoint    ] Leaving safepoint region
[2020-01-13T13:23:23.396+0000][1][safepoint    ] Total time for which application threads were stopped: 0.0001654 seconds, Stopping threads took: 0.0000294 seconds
[2020-01-13T13:23:24.397+0000][1][safepoint    ] Application time: 1.0001625 seconds
[2020-01-13T13:23:24.397+0000][1][safepoint    ] Entering safepoint region: Cleanup
[2020-01-13T13:23:24.397+0000][1][safepoint    ] Leaving safepoint region
[2020-01-13T13:23:24.397+0000][1][safepoint    ] Total time for which application threads were stopped: 0.0001354 seconds, Stopping threads took: 0.0000383 seconds
[2020-01-13T13:23:25.397+0000][1][safepoint    ] Application time: 1.0001553 seconds
[2020-01-13T13:23:25.397+0000][1][safepoint    ] Entering safepoint region: Cleanup
[2020-01-13T13:23:25.397+0000][1][safepoint    ] Leaving safepoint region
[2020-01-13T13:23:25.397+0000][1][safepoint    ] Total time for which application threads were stopped: 0.0000951 seconds, Stopping threads took: 0.0000269 seconds
[2020-01-13T13:23:26.397+0000][1][safepoint    ] Application time: 1.0001640 seconds
[2020-01-13T13:23:26.397+0000][1][safepoint    ] Entering safepoint region: Cleanup
[2020-01-13T13:23:26.398+0000][1][safepoint    ] Leaving safepoint region
[2020-01-13T13:23:26.398+0000][1][safepoint    ] Total time for which application threads were stopped: 0.0001412 seconds, Stopping threads took: 0.0000456 seconds
[2020-01-13T13:23:27.398+0000][1][safepoint    ] Application time: 1.0001604 seconds
[2020-01-13T13:23:27.398+0000][1][safepoint    ] Entering safepoint region: Cleanup
[2020-01-13T13:23:27.398+0000][1][safepoint    ] Leaving safepoint region
[2020-01-13T13:23:27.398+0000][1][safepoint    ] Total time for which application threads were stopped: 0.0001269 seconds, Stopping threads took: 0.0000330 seconds
[2020-01-13T13:23:28.399+0000][1][safepoint    ] Application time: 1.0009386 seconds
[2020-01-13T13:23:28.399+0000][1][safepoint    ] Entering safepoint region: Cleanup
[2020-01-13T13:23:28.399+0000][1][safepoint    ] Leaving safepoint region
[2020-01-13T13:23:28.399+0000][1][safepoint    ] Total time for which application threads were stopped: 0.0001229 seconds, Stopping threads took: 0.0000404 seconds
[2020-01-13T13:23:29.399+0000][1][safepoint    ] Application time: 1.0002078 seconds
[2020-01-13T13:23:29.400+0000][1][safepoint    ] Entering safepoint region: Cleanup
[2020-01-13T13:23:29.400+0000][1][safepoint    ] Leaving safepoint region
[2020-01-13T13:23:29.400+0000][1][safepoint    ] Total time for which application threads were stopped: 0.0001386 seconds, Stopping threads took: 0.0000393 seconds
[2020-01-13T13:23:30.401+0000][1][safepoint    ] Application time: 1.0005000 seconds
[2020-01-13T13:23:30.401+0000][1][safepoint    ] Entering safepoint region: Cleanup
[2020-01-13T13:23:30.401+0000][1][safepoint    ] Leaving safepoint region
[2020-01-13T13:23:30.401+0000][1][safepoint    ] Total time for which application threads were stopped: 0.0001311 seconds, Stopping threads took: 0.0000360 seconds
[2020-01-13T13:23:31.401+0000][1][safepoint    ] Application time: 1.0001644 seconds
[2020-01-13T13:23:31.401+0000][1][safepoint    ] Entering safepoint region: Cleanup
[2020-01-13T13:23:31.402+0000][1][safepoint    ] Leaving safepoint region
[2020-01-13T13:23:31.402+0000][1][safepoint    ] Total time for which application threads were stopped: 0.0001512 seconds, Stopping threads took: 0.0000497 seconds
[2020-01-13T13:23:32.402+0000][1][safepoint    ] Application time: 1.0001057 seconds
[2020-01-13T13:23:32.402+0000][1][safepoint    ] Entering safepoint region: Cleanup
[2020-01-13T13:23:32.402+0000][1][safepoint    ] Leaving safepoint region
[2020-01-13T13:23:32.402+0000][1][safepoint    ] Total time for which application threads were stopped: 0.0001146 seconds, Stopping threads took: 0.0000331 seconds
[2020-01-13T13:23:33.402+0000][1][safepoint    ] Application time: 1.0001575 seconds
[2020-01-13T13:23:33.402+0000][1][safepoint    ] Entering safepoint region: Cleanup
[2020-01-13T13:23:33.402+0000][1][safepoint    ] Leaving safepoint region
[2020-01-13T13:23:33.402+0000][1][safepoint    ] Total time for which application threads were stopped: 0.0001106 seconds, Stopping threads took: 0.0000354 seconds
[2020-01-13T13:23:34.402+0000][1][safepoint    ] Application time: 1.0001667 seconds
[2020-01-13T13:23:34.404+0000][1][safepoint    ] Entering safepoint region: Cleanup
[2020-01-13T13:23:34.404+0000][1][safepoint    ] Leaving safepoint region
[2020-01-13T13:23:34.404+0000][1][safepoint    ] Total time for which application threads were stopped: 0.0001910 seconds, Stopping threads took: 0.0000843 seconds
[2020-01-13T13:23:35.404+0000][1][safepoint    ] Application time: 1.0001606 seconds
[2020-01-13T13:23:35.404+0000][1][safepoint    ] Entering safepoint region: Cleanup
[2020-01-13T13:23:35.404+0000][1][safepoint    ] Leaving safepoint region
[2020-01-13T13:23:35.404+0000][1][safepoint    ] Total time for which application threads were stopped: 0.0001162 seconds, Stopping threads took: 0.0000420 seconds
[2020-01-13T13:23:36.404+0000][1][safepoint    ] Application time: 1.0001582 seconds
[2020-01-13T13:23:36.404+0000][1][safepoint    ] Entering safepoint region: Cleanup
[2020-01-13T13:23:36.405+0000][1][safepoint    ] Leaving safepoint region
[2020-01-13T13:23:36.405+0000][1][safepoint    ] Total time for which application threads were stopped: 0.0001368 seconds, Stopping threads took: 0.0000366 seconds
[2020-01-13T13:23:37.405+0000][1][safepoint    ] Application time: 1.0001459 seconds
[2020-01-13T13:23:37.405+0000][1][safepoint    ] Entering safepoint region: Cleanup
[2020-01-13T13:23:37.405+0000][1][safepoint    ] Leaving safepoint region
[2020-01-13T13:23:37.405+0000][1][safepoint    ] Total time for which application threads were stopped: 0.0001185 seconds, Stopping threads took: 0.0000329 seconds
[2020-01-13T13:23:38.405+0000][1][safepoint    ] Application time: 1.0004455 seconds
[2020-01-13T13:23:38.406+0000][1][safepoint    ] Entering safepoint region: Cleanup
[2020-01-13T13:23:38.406+0000][1][safepoint    ] Leaving safepoint region
[2020-01-13T13:23:38.406+0000][1][safepoint    ] Total time for which application threads were stopped: 0.0001759 seconds, Stopping threads took: 0.0000849 seconds
[2020-01-13T13:23:39.406+0000][1][safepoint    ] Application time: 1.0001553 seconds
[2020-01-13T13:23:39.407+0000][1][safepoint    ] Entering safepoint region: Cleanup
[2020-01-13T13:23:39.407+0000][1][safepoint    ] Leaving safepoint region
[2020-01-13T13:23:39.407+0000][1][safepoint    ] Total time for which application threads were stopped: 0.0001305 seconds, Stopping threads took: 0.0000452 seconds
[2020-01-13T13:23:40.407+0000][1][safepoint    ] Application time: 1.0001637 seconds
[2020-01-13T13:23:40.407+0000][1][safepoint    ] Entering safepoint region: Cleanup
[2020-01-13T13:23:40.407+0000][1][safepoint    ] Leaving safepoint region
[2020-01-13T13:23:40.407+0000][1][safepoint    ] Total time for which application threads were stopped: 0.0001409 seconds, Stopping threads took: 0.0000355 seconds
[2020-01-13T13:23:41.408+0000][1][safepoint    ] Application time: 1.0001768 seconds
[2020-01-13T13:23:41.408+0000][1][safepoint    ] Entering safepoint region: Cleanup
[2020-01-13T13:23:41.408+0000][1][safepoint    ] Leaving safepoint region
[2020-01-13T13:23:41.408+0000][1][safepoint    ] Total time for which application threads were stopped: 0.0001238 seconds, Stopping threads took: 0.0000316 seconds
[2020-01-13T13:23:42.408+0000][1][safepoint    ] Application time: 1.0002251 seconds
[2020-01-13T13:23:42.408+0000][1][safepoint    ] Entering safepoint region: Cleanup
[2020-01-13T13:23:42.408+0000][1][safepoint    ] Leaving safepoint region
[2020-01-13T13:23:42.408+0000][1][safepoint    ] Total time for which application threads were stopped: 0.0001241 seconds, Stopping threads took: 0.0000300 seconds
[2020-01-13T13:23:43.408+0000][1][safepoint    ] Application time: 1.0001699 seconds
[2020-01-13T13:23:43.408+0000][1][safepoint    ] Entering safepoint region: Cleanup
[2020-01-13T13:23:43.409+0000][1][safepoint    ] Leaving safepoint region
[2020-01-13T13:23:43.409+0000][1][safepoint    ] Total time for which application threads were stopped: 0.0001461 seconds, Stopping threads took: 0.0000314 seconds
[2020-01-13T13:23:43.409+0000][1][safepoint    ] Application time: 0.0006440 seconds
[2020-01-13T13:23:43.409+0000][1][safepoint    ] Entering safepoint region: GenCollectForAllocation
[2020-01-13T13:23:43.409+0000][1][gc,start     ] GC(40) Pause Young (Allocation Failure)
[2020-01-13T13:23:43.409+0000][1][gc,task      ] GC(40) Using 1 workers of 1 for evacuation
[2020-01-13T13:23:43.415+0000][1][gc,age       ] GC(40) Desired survivor size 4358144 bytes, new threshold 6 (max threshold 6)
[2020-01-13T13:23:43.415+0000][1][gc,age       ] GC(40) Age table with threshold 6 (max threshold 6)
[2020-01-13T13:23:43.415+0000][1][gc,age       ] GC(40) - age   1:     291864 bytes,     291864 total
[2020-01-13T13:23:43.415+0000][1][gc,age       ] GC(40) - age   2:      11904 bytes,     303768 total
[2020-01-13T13:23:43.415+0000][1][gc,age       ] GC(40) - age   3:       3784 bytes,     307552 total
[2020-01-13T13:23:43.415+0000][1][gc,age       ] GC(40) - age   4:       2600 bytes,     310152 total
[2020-01-13T13:23:43.415+0000][1][gc,age       ] GC(40) - age   5:       3384 bytes,     313536 total
[2020-01-13T13:23:43.415+0000][1][gc,age       ] GC(40) - age   6:       4224 bytes,     317760 total
[2020-01-13T13:23:43.415+0000][1][gc,heap      ] GC(40) ParNew: 68520K->396K(76672K)
[2020-01-13T13:23:43.415+0000][1][gc,heap      ] GC(40) CMS: 67669K->67673K(176960K)
[2020-01-13T13:23:43.415+0000][1][gc,metaspace ] GC(40) Metaspace: 66198K->66198K(1110016K)
[2020-01-13T13:23:43.415+0000][1][gc           ] GC(40) Pause Young (Allocation Failure) 132M->66M(247M) 5.470ms
[2020-01-13T13:23:43.415+0000][1][gc,cpu       ] GC(40) User=0.01s Sys=0.00s Real=0.00s
[2020-01-13T13:23:43.415+0000][1][safepoint    ] Leaving safepoint region
[2020-01-13T13:23:43.415+0000][1][safepoint    ] Total time for which application threads were stopped: 0.0056870 seconds, Stopping threads took: 0.0000135 seconds
[2020-01-13T13:23:44.418+0000][1][safepoint    ] Application time: 1.0028133 seconds
[2020-01-13T13:23:44.419+0000][1][safepoint    ] Entering safepoint region: Cleanup
[2020-01-13T13:23:44.419+0000][1][safepoint    ] Leaving safepoint region
[2020-01-13T13:23:44.419+0000][1][safepoint    ] Total time for which application threads were stopped: 0.0001242 seconds, Stopping threads took: 0.0000507 seconds
[2020-01-13T13:23:45.420+0000][1][safepoint    ] Application time: 1.0001133 seconds
[2020-01-13T13:23:45.420+0000][1][safepoint    ] Entering safepoint region: Cleanup
[2020-01-13T13:23:45.420+0000][1][safepoint    ] Leaving safepoint region
[2020-01-13T13:23:45.420+0000][1][safepoint    ] Total time for which application threads were stopped: 0.0000979 seconds, Stopping threads took: 0.0000256 seconds
[2020-01-13T13:23:46.420+0000][1][safepoint    ] Application time: 1.0001317 seconds
[2020-01-13T13:23:46.420+0000][1][safepoint    ] Entering safepoint region: Cleanup
[2020-01-13T13:23:46.420+0000][1][safepoint    ] Leaving safepoint region
[2020-01-13T13:23:46.420+0000][1][safepoint    ] Total time for which application threads were stopped: 0.0001290 seconds, Stopping threads took: 0.0000304 seconds
[2020-01-13T13:23:47.420+0000][1][safepoint    ] Application time: 1.0000873 seconds
[2020-01-13T13:23:47.420+0000][1][safepoint    ] Entering safepoint region: Cleanup
[2020-01-13T13:23:47.420+0000][1][safepoint    ] Leaving safepoint region
[2020-01-13T13:23:47.420+0000][1][safepoint    ] Total time for which application threads were stopped: 0.0001207 seconds, Stopping threads took: 0.0000212 seconds
[2020-01-13T13:23:48.420+0000][1][safepoint    ] Application time: 1.0000834 seconds
[2020-01-13T13:23:48.421+0000][1][safepoint    ] Entering safepoint region: Cleanup
[2020-01-13T13:23:48.421+0000][1][safepoint    ] Leaving safepoint region
[2020-01-13T13:23:48.421+0000][1][safepoint    ] Total time for which application threads were stopped: 0.0001317 seconds, Stopping threads took: 0.0000280 seconds
[2020-01-13T13:23:49.421+0000][1][safepoint    ] Application time: 1.0001604 seconds
[2020-01-13T13:23:49.421+0000][1][safepoint    ] Entering safepoint region: Cleanup
[2020-01-13T13:23:49.421+0000][1][safepoint    ] Leaving safepoint region
[2020-01-13T13:23:49.421+0000][1][safepoint    ] Total time for which application threads were stopped: 0.0001152 seconds, Stopping threads took: 0.0000281 seconds
[2020-01-13T13:23:50.421+0000][1][safepoint    ] Application time: 1.0001374 seconds
[2020-01-13T13:23:50.421+0000][1][safepoint    ] Entering safepoint region: Cleanup
[2020-01-13T13:23:50.421+0000][1][safepoint    ] Leaving safepoint region
[2020-01-13T13:23:50.421+0000][1][safepoint    ] Total time for which application threads were stopped: 0.0001262 seconds, Stopping threads took: 0.0000319 seconds
[2020-01-13T13:23:51.422+0000][1][safepoint    ] Application time: 1.0001685 seconds
[2020-01-13T13:23:51.422+0000][1][safepoint    ] Entering safepoint region: Cleanup
[2020-01-13T13:23:51.422+0000][1][safepoint    ] Leaving safepoint region
[2020-01-13T13:23:51.422+0000][1][safepoint    ] Total time for which application threads were stopped: 0.0001717 seconds, Stopping threads took: 0.0000266 seconds
[2020-01-13T13:23:52.422+0000][1][safepoint    ] Application time: 1.0002164 seconds
[2020-01-13T13:23:52.422+0000][1][safepoint    ] Entering safepoint region: Cleanup
[2020-01-13T13:23:52.422+0000][1][safepoint    ] Leaving safepoint region
[2020-01-13T13:23:52.422+0000][1][safepoint    ] Total time for which application threads were stopped: 0.0001274 seconds, Stopping threads took: 0.0000278 seconds
[2020-01-13T13:23:53.422+0000][1][safepoint    ] Application time: 1.0001966 seconds
[2020-01-13T13:23:53.423+0000][1][safepoint    ] Entering safepoint region: Cleanup
[2020-01-13T13:23:53.423+0000][1][safepoint    ] Leaving safepoint region
[2020-01-13T13:23:53.423+0000][1][safepoint    ] Total time for which application threads were stopped: 0.0001994 seconds, Stopping threads took: 0.0001006 seconds
[2020-01-13T13:23:54.423+0000][1][safepoint    ] Application time: 1.0001225 seconds
[2020-01-13T13:23:54.423+0000][1][safepoint    ] Entering safepoint region: Cleanup
[2020-01-13T13:23:54.423+0000][1][safepoint    ] Leaving safepoint region
[2020-01-13T13:23:54.423+0000][1][safepoint    ] Total time for which application threads were stopped: 0.0001019 seconds, Stopping threads took: 0.0000285 seconds
[2020-01-13T13:23:55.423+0000][1][safepoint    ] Application time: 1.0001456 seconds
[2020-01-13T13:23:55.423+0000][1][safepoint    ] Entering safepoint region: Cleanup
[2020-01-13T13:23:55.423+0000][1][safepoint    ] Leaving safepoint region
[2020-01-13T13:23:55.423+0000][1][safepoint    ] Total time for which application threads were stopped: 0.0001093 seconds, Stopping threads took: 0.0000277 seconds
[2020-01-13T13:23:59.424+0000][1][safepoint    ] Application time: 4.0005161 seconds
[2020-01-13T13:23:59.425+0000][1][safepoint    ] Entering safepoint region: Cleanup
[2020-01-13T13:23:59.425+0000][1][safepoint    ] Leaving safepoint region
[2020-01-13T13:23:59.425+0000][1][safepoint    ] Total time for which application threads were stopped: 0.0001265 seconds, Stopping threads took: 0.0000447 seconds
[2020-01-13T13:24:19.428+0000][1][safepoint    ] Application time: 20.0029188 seconds
[2020-01-13T13:24:19.428+0000][1][safepoint    ] Entering safepoint region: Cleanup
[2020-01-13T13:24:19.428+0000][1][safepoint    ] Leaving safepoint region
[2020-01-13T13:24:19.428+0000][1][safepoint    ] Total time for which application threads were stopped: 0.0001171 seconds, Stopping threads took: 0.0000354 seconds
[2020-01-13T13:24:20.428+0000][1][safepoint    ] Application time: 1.0001447 seconds
[2020-01-13T13:24:20.428+0000][1][safepoint    ] Entering safepoint region: Cleanup
[2020-01-13T13:24:20.428+0000][1][safepoint    ] Leaving safepoint region
[2020-01-13T13:24:20.428+0000][1][safepoint    ] Total time for which application threads were stopped: 0.0001314 seconds, Stopping threads took: 0.0000262 seconds
[2020-01-13T13:24:20.721+0000][1][safepoint    ] Application time: 0.2920973 seconds
[2020-01-13T13:24:20.721+0000][1][safepoint    ] Entering safepoint region: GenCollectForAllocation
[2020-01-13T13:24:20.721+0000][1][gc,start     ] GC(41) Pause Young (Allocation Failure)
[2020-01-13T13:24:20.721+0000][1][gc,task      ] GC(41) Using 1 workers of 1 for evacuation
[2020-01-13T13:24:20.727+0000][1][gc,age       ] GC(41) Desired survivor size 4358144 bytes, new threshold 6 (max threshold 6)
[2020-01-13T13:24:20.727+0000][1][gc,age       ] GC(41) Age table with threshold 6 (max threshold 6)
[2020-01-13T13:24:20.728+0000][1][gc,age       ] GC(41) - age   1:     701888 bytes,     701888 total
[2020-01-13T13:24:20.728+0000][1][gc,age       ] GC(41) - age   2:       7920 bytes,     709808 total
[2020-01-13T13:24:20.728+0000][1][gc,age       ] GC(41) - age   3:      11904 bytes,     721712 total
[2020-01-13T13:24:20.728+0000][1][gc,age       ] GC(41) - age   4:       3784 bytes,     725496 total
[2020-01-13T13:24:20.728+0000][1][gc,age       ] GC(41) - age   5:       2600 bytes,     728096 total
[2020-01-13T13:24:20.728+0000][1][gc,age       ] GC(41) - age   6:       3384 bytes,     731480 total
[2020-01-13T13:24:20.728+0000][1][gc,heap      ] GC(41) ParNew: 68556K->772K(76672K)
[2020-01-13T13:24:20.728+0000][1][gc,heap      ] GC(41) CMS: 67673K->67677K(176960K)
[2020-01-13T13:24:20.728+0000][1][gc,metaspace ] GC(41) Metaspace: 66199K->66199K(1110016K)
[2020-01-13T13:24:20.728+0000][1][gc           ] GC(41) Pause Young (Allocation Failure) 133M->66M(247M) 6.884ms
[2020-01-13T13:24:20.728+0000][1][gc,cpu       ] GC(41) User=0.01s Sys=0.00s Real=0.00s
[2020-01-13T13:24:20.728+0000][1][safepoint    ] Leaving safepoint region
[2020-01-13T13:24:20.728+0000][1][safepoint    ] Total time for which application threads were stopped: 0.0071656 seconds, Stopping threads took: 0.0000397 seconds
[2020-01-13T13:24:21.730+0000][1][safepoint    ] Application time: 1.0020863 seconds
[2020-01-13T13:24:21.730+0000][1][safepoint    ] Entering safepoint region: Cleanup
[2020-01-13T13:24:21.730+0000][1][safepoint    ] Leaving safepoint region
[2020-01-13T13:24:21.730+0000][1][safepoint    ] Total time for which application threads were stopped: 0.0001329 seconds, Stopping threads took: 0.0000368 seconds
[2020-01-13T13:24:22.730+0000][1][safepoint    ] Application time: 1.0001593 seconds
[2020-01-13T13:24:22.730+0000][1][safepoint    ] Entering safepoint region: Cleanup
[2020-01-13T13:24:22.730+0000][1][safepoint    ] Leaving safepoint region
[2020-01-13T13:24:22.730+0000][1][safepoint    ] Total time for which application threads were stopped: 0.0001461 seconds, Stopping threads took: 0.0000525 seconds
[2020-01-13T13:24:23.731+0000][1][safepoint    ] Application time: 1.0001555 seconds
[2020-01-13T13:24:23.731+0000][1][safepoint    ] Entering safepoint region: Cleanup
[2020-01-13T13:24:23.731+0000][1][safepoint    ] Leaving safepoint region
[2020-01-13T13:24:23.731+0000][1][safepoint    ] Total time for which application threads were stopped: 0.0001015 seconds, Stopping threads took: 0.0000281 seconds
[2020-01-13T13:24:24.731+0000][1][safepoint    ] Application time: 1.0001519 seconds
[2020-01-13T13:24:24.731+0000][1][safepoint    ] Entering safepoint region: Cleanup
[2020-01-13T13:24:24.731+0000][1][safepoint    ] Leaving safepoint region
[2020-01-13T13:24:24.731+0000][1][safepoint    ] Total time for which application threads were stopped: 0.0001097 seconds, Stopping threads took: 0.0000288 seconds
[2020-01-13T13:24:25.731+0000][1][safepoint    ] Application time: 1.0001658 seconds
[2020-01-13T13:24:25.731+0000][1][safepoint    ] Entering safepoint region: Cleanup
[2020-01-13T13:24:25.731+0000][1][safepoint    ] Leaving safepoint region
[2020-01-13T13:24:25.731+0000][1][safepoint    ] Total time for which application threads were stopped: 0.0001206 seconds, Stopping threads took: 0.0000299 seconds
[2020-01-13T13:24:26.732+0000][1][safepoint    ] Application time: 1.0001529 seconds
[2020-01-13T13:24:26.732+0000][1][safepoint    ] Entering safepoint region: Cleanup
[2020-01-13T13:24:26.732+0000][1][safepoint    ] Leaving safepoint region
[2020-01-13T13:24:26.732+0000][1][safepoint    ] Total time for which application threads were stopped: 0.0001887 seconds, Stopping threads took: 0.0000807 seconds
[2020-01-13T13:24:27.732+0000][1][safepoint    ] Application time: 1.0001517 seconds
[2020-01-13T13:24:27.732+0000][1][safepoint    ] Entering safepoint region: Cleanup
[2020-01-13T13:24:27.732+0000][1][safepoint    ] Leaving safepoint region
[2020-01-13T13:24:27.732+0000][1][safepoint    ] Total time for which application threads were stopped: 0.0001116 seconds, Stopping threads took: 0.0000302 seconds
[2020-01-13T13:24:28.732+0000][1][safepoint    ] Application time: 1.0001362 seconds
[2020-01-13T13:24:28.733+0000][1][safepoint    ] Entering safepoint region: Cleanup
[2020-01-13T13:24:28.733+0000][1][safepoint    ] Leaving safepoint region
[2020-01-13T13:24:28.733+0000][1][safepoint    ] Total time for which application threads were stopped: 0.0001106 seconds, Stopping threads took: 0.0000284 seconds
[2020-01-13T13:24:29.733+0000][1][safepoint    ] Application time: 1.0001054 seconds
[2020-01-13T13:24:29.736+0000][1][safepoint    ] Entering safepoint region: Cleanup
[2020-01-13T13:24:29.736+0000][1][safepoint    ] Leaving safepoint region
[2020-01-13T13:24:29.736+0000][1][safepoint    ] Total time for which application threads were stopped: 0.0023777 seconds, Stopping threads took: 0.0021960 seconds
[2020-01-13T13:24:30.737+0000][1][safepoint    ] Application time: 1.0001766 seconds
[2020-01-13T13:24:30.737+0000][1][safepoint    ] Entering safepoint region: Cleanup
[2020-01-13T13:24:30.737+0000][1][safepoint    ] Leaving safepoint region
[2020-01-13T13:24:30.737+0000][1][safepoint    ] Total time for which application threads were stopped: 0.0001459 seconds, Stopping threads took: 0.0000393 seconds
[2020-01-13T13:24:31.737+0000][1][safepoint    ] Application time: 1.0001568 seconds
[2020-01-13T13:24:31.737+0000][1][safepoint    ] Entering safepoint region: Cleanup
[2020-01-13T13:24:31.737+0000][1][safepoint    ] Leaving safepoint region
[2020-01-13T13:24:31.737+0000][1][safepoint    ] Total time for which application threads were stopped: 0.0001126 seconds, Stopping threads took: 0.0000372 seconds
[2020-01-13T13:24:32.737+0000][1][safepoint    ] Application time: 1.0001593 seconds
[2020-01-13T13:24:32.738+0000][1][safepoint    ] Entering safepoint region: Cleanup
[2020-01-13T13:24:32.738+0000][1][safepoint    ] Leaving safepoint region
[2020-01-13T13:24:32.738+0000][1][safepoint    ] Total time for which application threads were stopped: 0.0001006 seconds, Stopping threads took: 0.0000276 seconds
[2020-01-13T13:24:33.738+0000][1][safepoint    ] Application time: 1.0002420 seconds
[2020-01-13T13:24:33.738+0000][1][safepoint    ] Entering safepoint region: Cleanup
[2020-01-13T13:24:33.738+0000][1][safepoint    ] Leaving safepoint region
[2020-01-13T13:24:33.738+0000][1][safepoint    ] Total time for which application threads were stopped: 0.0001350 seconds, Stopping threads took: 0.0000347 seconds
[2020-01-13T13:24:34.738+0000][1][safepoint    ] Application time: 1.0001352 seconds
[2020-01-13T13:24:34.739+0000][1][safepoint    ] Entering safepoint region: Cleanup
[2020-01-13T13:24:34.739+0000][1][safepoint    ] Leaving safepoint region
[2020-01-13T13:24:34.739+0000][1][safepoint    ] Total time for which application threads were stopped: 0.0001557 seconds, Stopping threads took: 0.0000552 seconds
[2020-01-13T13:24:35.739+0000][1][safepoint    ] Application time: 1.0000831 seconds
[2020-01-13T13:24:35.740+0000][1][safepoint    ] Entering safepoint region: Cleanup
[2020-01-13T13:24:35.740+0000][1][safepoint    ] Leaving safepoint region
[2020-01-13T13:24:35.740+0000][1][safepoint    ] Total time for which application threads were stopped: 0.0001123 seconds, Stopping threads took: 0.0000294 seconds
[2020-01-13T13:24:36.740+0000][1][safepoint    ] Application time: 1.0000988 seconds
[2020-01-13T13:24:36.740+0000][1][safepoint    ] Entering safepoint region: Cleanup
[2020-01-13T13:24:36.740+0000][1][safepoint    ] Leaving safepoint region
[2020-01-13T13:24:36.740+0000][1][safepoint    ] Total time for which application threads were stopped: 0.0000969 seconds, Stopping threads took: 0.0000266 seconds
[2020-01-13T13:24:37.740+0000][1][safepoint    ] Application time: 1.0001318 seconds
[2020-01-13T13:24:37.740+0000][1][safepoint    ] Entering safepoint region: Cleanup
[2020-01-13T13:24:37.740+0000][1][safepoint    ] Leaving safepoint region
[2020-01-13T13:24:37.740+0000][1][safepoint    ] Total time for which application threads were stopped: 0.0001065 seconds, Stopping threads took: 0.0000279 seconds
[2020-01-13T13:24:38.740+0000][1][safepoint    ] Application time: 1.0001305 seconds
[2020-01-13T13:24:38.740+0000][1][safepoint    ] Entering safepoint region: Cleanup
[2020-01-13T13:24:38.741+0000][1][safepoint    ] Leaving safepoint region
[2020-01-13T13:24:38.741+0000][1][safepoint    ] Total time for which application threads were stopped: 0.0001230 seconds, Stopping threads took: 0.0000329 seconds
[2020-01-13T13:24:39.741+0000][1][safepoint    ] Application time: 1.0001390 seconds
[2020-01-13T13:24:39.742+0000][1][safepoint    ] Entering safepoint region: Cleanup
[2020-01-13T13:24:39.742+0000][1][safepoint    ] Leaving safepoint region
[2020-01-13T13:24:39.742+0000][1][safepoint    ] Total time for which application threads were stopped: 0.0001148 seconds, Stopping threads took: 0.0000449 seconds
[2020-01-13T13:24:40.742+0000][1][safepoint    ] Application time: 1.0001409 seconds
[2020-01-13T13:24:40.742+0000][1][safepoint    ] Entering safepoint region: Cleanup
[2020-01-13T13:24:40.742+0000][1][safepoint    ] Leaving safepoint region
[2020-01-13T13:24:40.742+0000][1][safepoint    ] Total time for which application threads were stopped: 0.0001045 seconds, Stopping threads took: 0.0000285 seconds
[2020-01-13T13:24:41.742+0000][1][safepoint    ] Application time: 1.0001768 seconds
[2020-01-13T13:24:41.743+0000][1][safepoint    ] Entering safepoint region: Cleanup
[2020-01-13T13:24:41.743+0000][1][safepoint    ] Leaving safepoint region
[2020-01-13T13:24:41.743+0000][1][safepoint    ] Total time for which application threads were stopped: 0.0001370 seconds, Stopping threads took: 0.0000386 seconds
[2020-01-13T13:24:42.743+0000][1][safepoint    ] Application time: 1.0002262 seconds
[2020-01-13T13:24:42.743+0000][1][safepoint    ] Entering safepoint region: Cleanup
[2020-01-13T13:24:42.743+0000][1][safepoint    ] Leaving safepoint region
[2020-01-13T13:24:42.743+0000][1][safepoint    ] Total time for which application threads were stopped: 0.0001149 seconds, Stopping threads took: 0.0000297 seconds
[2020-01-13T13:24:43.743+0000][1][safepoint    ] Application time: 1.0001450 seconds
[2020-01-13T13:24:43.743+0000][1][safepoint    ] Entering safepoint region: Cleanup
[2020-01-13T13:24:43.743+0000][1][safepoint    ] Leaving safepoint region
[2020-01-13T13:24:43.743+0000][1][safepoint    ] Total time for which application threads were stopped: 0.0002104 seconds, Stopping threads took: 0.0001199 seconds
[2020-01-13T13:24:44.744+0000][1][safepoint    ] Application time: 1.0001387 seconds
[2020-01-13T13:24:44.745+0000][1][safepoint    ] Entering safepoint region: Cleanup
[2020-01-13T13:24:44.745+0000][1][safepoint    ] Leaving safepoint region
[2020-01-13T13:24:44.745+0000][1][safepoint    ] Total time for which application threads were stopped: 0.0001606 seconds, Stopping threads took: 0.0000798 seconds
[2020-01-13T13:24:45.745+0000][1][safepoint    ] Application time: 1.0001501 seconds
[2020-01-13T13:24:45.745+0000][1][safepoint    ] Entering safepoint region: Cleanup
[2020-01-13T13:24:45.745+0000][1][safepoint    ] Leaving safepoint region
[2020-01-13T13:24:45.745+0000][1][safepoint    ] Total time for which application threads were stopped: 0.0001093 seconds, Stopping threads took: 0.0000310 seconds
[2020-01-13T13:24:46.745+0000][1][safepoint    ] Application time: 1.0001613 seconds
[2020-01-13T13:24:46.745+0000][1][safepoint    ] Entering safepoint region: Cleanup
[2020-01-13T13:24:46.745+0000][1][safepoint    ] Leaving safepoint region
[2020-01-13T13:24:46.746+0000][1][safepoint    ] Total time for which application threads were stopped: 0.0001266 seconds, Stopping threads took: 0.0000433 seconds
[2020-01-13T13:24:47.746+0000][1][safepoint    ] Application time: 1.0001511 seconds
[2020-01-13T13:24:47.746+0000][1][safepoint    ] Entering safepoint region: Cleanup
[2020-01-13T13:24:47.746+0000][1][safepoint    ] Leaving safepoint region
[2020-01-13T13:24:47.746+0000][1][safepoint    ] Total time for which application threads were stopped: 0.0001264 seconds, Stopping threads took: 0.0000290 seconds
[2020-01-13T13:24:50.746+0000][1][safepoint    ] Application time: 3.0004065 seconds
[2020-01-13T13:24:50.746+0000][1][safepoint    ] Entering safepoint region: Cleanup
[2020-01-13T13:24:50.747+0000][1][safepoint    ] Leaving safepoint region
[2020-01-13T13:24:50.747+0000][1][safepoint    ] Total time for which application threads were stopped: 0.0001488 seconds, Stopping threads took: 0.0000392 seconds
[2020-01-13T13:24:58.458+0000][1][safepoint    ] Application time: 7.7118423 seconds
[2020-01-13T13:24:58.458+0000][1][safepoint    ] Entering safepoint region: GenCollectForAllocation
[2020-01-13T13:24:58.459+0000][1][gc,start     ] GC(42) Pause Young (Allocation Failure)
[2020-01-13T13:24:58.459+0000][1][gc,task      ] GC(42) Using 1 workers of 1 for evacuation
[2020-01-13T13:24:58.465+0000][1][gc,age       ] GC(42) Desired survivor size 4358144 bytes, new threshold 6 (max threshold 6)
[2020-01-13T13:24:58.465+0000][1][gc,age       ] GC(42) Age table with threshold 6 (max threshold 6)
[2020-01-13T13:24:58.465+0000][1][gc,age       ] GC(42) - age   1:     600784 bytes,     600784 total
[2020-01-13T13:24:58.465+0000][1][gc,age       ] GC(42) - age   2:       2488 bytes,     603272 total
[2020-01-13T13:24:58.465+0000][1][gc,age       ] GC(42) - age   3:       7920 bytes,     611192 total
[2020-01-13T13:24:58.465+0000][1][gc,age       ] GC(42) - age   4:      11904 bytes,     623096 total
[2020-01-13T13:24:58.465+0000][1][gc,age       ] GC(42) - age   5:       3784 bytes,     626880 total
[2020-01-13T13:24:58.465+0000][1][gc,age       ] GC(42) - age   6:       2600 bytes,     629480 total
[2020-01-13T13:24:58.465+0000][1][gc,heap      ] GC(42) ParNew: 68932K->1200K(76672K)
[2020-01-13T13:24:58.465+0000][1][gc,heap      ] GC(42) CMS: 67677K->67681K(176960K)
[2020-01-13T13:24:58.465+0000][1][gc,metaspace ] GC(42) Metaspace: 66200K->66200K(1110016K)
[2020-01-13T13:24:58.465+0000][1][gc           ] GC(42) Pause Young (Allocation Failure) 133M->67M(247M) 6.363ms
[2020-01-13T13:24:58.465+0000][1][gc,cpu       ] GC(42) User=0.00s Sys=0.00s Real=0.01s
[2020-01-13T13:24:58.465+0000][1][safepoint    ] Leaving safepoint region
[2020-01-13T13:24:58.465+0000][1][safepoint    ] Total time for which application threads were stopped: 0.0065856 seconds, Stopping threads took: 0.0000371 seconds
[2020-01-13T13:24:59.466+0000][1][safepoint    ] Application time: 1.0011194 seconds
[2020-01-13T13:24:59.466+0000][1][safepoint    ] Entering safepoint region: Cleanup
[2020-01-13T13:24:59.466+0000][1][safepoint    ] Leaving safepoint region
[2020-01-13T13:24:59.466+0000][1][safepoint    ] Total time for which application threads were stopped: 0.0000954 seconds, Stopping threads took: 0.0000207 seconds
[2020-01-13T13:25:00.467+0000][1][safepoint    ] Application time: 1.0002850 seconds
[2020-01-13T13:25:00.467+0000][1][safepoint    ] Entering safepoint region: Cleanup
[2020-01-13T13:25:00.467+0000][1][safepoint    ] Leaving safepoint region
[2020-01-13T13:25:00.467+0000][1][safepoint    ] Total time for which application threads were stopped: 0.0001208 seconds, Stopping threads took: 0.0000314 seconds
[2020-01-13T13:25:01.467+0000][1][safepoint    ] Application time: 1.0002464 seconds
[2020-01-13T13:25:01.467+0000][1][safepoint    ] Entering safepoint region: Cleanup
[2020-01-13T13:25:01.467+0000][1][safepoint    ] Leaving safepoint region
[2020-01-13T13:25:01.467+0000][1][safepoint    ] Total time for which application threads were stopped: 0.0001150 seconds, Stopping threads took: 0.0000296 seconds
[2020-01-13T13:25:02.468+0000][1][safepoint    ] Application time: 1.0002241 seconds
[2020-01-13T13:25:02.468+0000][1][safepoint    ] Entering safepoint region: Cleanup
[2020-01-13T13:25:02.468+0000][1][safepoint    ] Leaving safepoint region
[2020-01-13T13:25:02.468+0000][1][safepoint    ] Total time for which application threads were stopped: 0.0001275 seconds, Stopping threads took: 0.0000423 seconds
[2020-01-13T13:25:03.468+0000][1][safepoint    ] Application time: 1.0001675 seconds
[2020-01-13T13:25:03.468+0000][1][safepoint    ] Entering safepoint region: Cleanup
[2020-01-13T13:25:03.468+0000][1][safepoint    ] Leaving safepoint region
[2020-01-13T13:25:03.468+0000][1][safepoint    ] Total time for which application threads were stopped: 0.0001383 seconds, Stopping threads took: 0.0000590 seconds
[2020-01-13T13:25:04.468+0000][1][safepoint    ] Application time: 1.0001464 seconds
[2020-01-13T13:25:04.468+0000][1][safepoint    ] Entering safepoint region: Cleanup
[2020-01-13T13:25:04.468+0000][1][safepoint    ] Leaving safepoint region
[2020-01-13T13:25:04.468+0000][1][safepoint    ] Total time for which application threads were stopped: 0.0001474 seconds, Stopping threads took: 0.0000382 seconds
[2020-01-13T13:25:05.469+0000][1][safepoint    ] Application time: 1.0001580 seconds
[2020-01-13T13:25:05.470+0000][1][safepoint    ] Entering safepoint region: Cleanup
[2020-01-13T13:25:05.470+0000][1][safepoint    ] Leaving safepoint region
[2020-01-13T13:25:05.470+0000][1][safepoint    ] Total time for which application threads were stopped: 0.0001690 seconds, Stopping threads took: 0.0000689 seconds
[2020-01-13T13:25:06.470+0000][1][safepoint    ] Application time: 1.0000962 seconds
[2020-01-13T13:25:06.470+0000][1][safepoint    ] Entering safepoint region: Cleanup
[2020-01-13T13:25:06.470+0000][1][safepoint    ] Leaving safepoint region
[2020-01-13T13:25:06.470+0000][1][safepoint    ] Total time for which application threads were stopped: 0.0001502 seconds, Stopping threads took: 0.0000348 seconds
[2020-01-13T13:25:07.470+0000][1][safepoint    ] Application time: 1.0000666 seconds
[2020-01-13T13:25:07.470+0000][1][safepoint    ] Entering safepoint region: Cleanup
[2020-01-13T13:25:07.471+0000][1][safepoint    ] Leaving safepoint region
[2020-01-13T13:25:07.471+0000][1][safepoint    ] Total time for which application threads were stopped: 0.0001102 seconds, Stopping threads took: 0.0000286 seconds
[2020-01-13T13:25:08.471+0000][1][safepoint    ] Application time: 1.0001182 seconds
[2020-01-13T13:25:08.471+0000][1][safepoint    ] Entering safepoint region: Cleanup
[2020-01-13T13:25:08.471+0000][1][safepoint    ] Leaving safepoint region
[2020-01-13T13:25:08.471+0000][1][safepoint    ] Total time for which application threads were stopped: 0.0001130 seconds, Stopping threads took: 0.0000323 seconds
[2020-01-13T13:25:09.471+0000][1][safepoint    ] Application time: 1.0000912 seconds
[2020-01-13T13:25:09.473+0000][1][safepoint    ] Entering safepoint region: Cleanup
[2020-01-13T13:25:09.473+0000][1][safepoint    ] Leaving safepoint region
[2020-01-13T13:25:09.473+0000][1][safepoint    ] Total time for which application threads were stopped: 0.0020238 seconds, Stopping threads took: 0.0019304 seconds
[2020-01-13T13:25:10.473+0000][1][safepoint    ] Application time: 1.0001818 seconds
[2020-01-13T13:25:10.474+0000][1][safepoint    ] Entering safepoint region: Cleanup
[2020-01-13T13:25:10.474+0000][1][safepoint    ] Leaving safepoint region
[2020-01-13T13:25:10.474+0000][1][safepoint    ] Total time for which application threads were stopped: 0.0001461 seconds, Stopping threads took: 0.0000456 seconds
[2020-01-13T13:25:11.475+0000][1][safepoint    ] Application time: 1.0001111 seconds
[2020-01-13T13:25:11.475+0000][1][safepoint    ] Entering safepoint region: Cleanup
[2020-01-13T13:25:11.475+0000][1][safepoint    ] Leaving safepoint region
[2020-01-13T13:25:11.475+0000][1][safepoint    ] Total time for which application threads were stopped: 0.0000992 seconds, Stopping threads took: 0.0000316 seconds
[2020-01-13T13:25:12.475+0000][1][safepoint    ] Application time: 1.0000956 seconds
[2020-01-13T13:25:12.475+0000][1][safepoint    ] Entering safepoint region: Cleanup
[2020-01-13T13:25:12.475+0000][1][safepoint    ] Leaving safepoint region
[2020-01-13T13:25:12.475+0000][1][safepoint    ] Total time for which application threads were stopped: 0.0001190 seconds, Stopping threads took: 0.0000349 seconds
[2020-01-13T13:25:13.475+0000][1][safepoint    ] Application time: 1.0000823 seconds
[2020-01-13T13:25:13.475+0000][1][safepoint    ] Entering safepoint region: Cleanup
[2020-01-13T13:25:13.475+0000][1][safepoint    ] Leaving safepoint region
[2020-01-13T13:25:13.475+0000][1][safepoint    ] Total time for which application threads were stopped: 0.0001381 seconds, Stopping threads took: 0.0000462 seconds
[2020-01-13T13:25:14.475+0000][1][safepoint    ] Application time: 1.0001077 seconds
[2020-01-13T13:25:14.476+0000][1][safepoint    ] Entering safepoint region: Cleanup
[2020-01-13T13:25:14.476+0000][1][safepoint    ] Leaving safepoint region
[2020-01-13T13:25:14.476+0000][1][safepoint    ] Total time for which application threads were stopped: 0.0001048 seconds, Stopping threads took: 0.0000280 seconds
[2020-01-13T13:25:15.476+0000][1][safepoint    ] Application time: 1.0001483 seconds
[2020-01-13T13:25:15.477+0000][1][safepoint    ] Entering safepoint region: Cleanup
[2020-01-13T13:25:15.477+0000][1][safepoint    ] Leaving safepoint region
[2020-01-13T13:25:15.477+0000][1][safepoint    ] Total time for which application threads were stopped: 0.0001447 seconds, Stopping threads took: 0.0000651 seconds
[2020-01-13T13:25:16.477+0000][1][safepoint    ] Application time: 1.0001668 seconds
[2020-01-13T13:25:16.477+0000][1][safepoint    ] Entering safepoint region: Cleanup
[2020-01-13T13:25:16.477+0000][1][safepoint    ] Leaving safepoint region
[2020-01-13T13:25:16.477+0000][1][safepoint    ] Total time for which application threads were stopped: 0.0001817 seconds, Stopping threads took: 0.0000349 seconds
[2020-01-13T13:25:17.478+0000][1][safepoint    ] Application time: 1.0001242 seconds
[2020-01-13T13:25:17.478+0000][1][safepoint    ] Entering safepoint region: Cleanup
[2020-01-13T13:25:17.478+0000][1][safepoint    ] Leaving safepoint region
[2020-01-13T13:25:17.478+0000][1][safepoint    ] Total time for which application threads were stopped: 0.0001330 seconds, Stopping threads took: 0.0000352 seconds
[2020-01-13T13:25:18.477+0000][1][safepoint    ] Application time: 0.9988857 seconds
[2020-01-13T13:25:18.477+0000][1][safepoint    ] Entering safepoint region: RevokeBias
[2020-01-13T13:25:18.477+0000][1][safepoint    ] Leaving safepoint region
[2020-01-13T13:25:18.477+0000][1][safepoint    ] Total time for which application threads were stopped: 0.0001485 seconds, Stopping threads took: 0.0000301 seconds
[2020-01-13T13:25:19.477+0000][1][safepoint    ] Application time: 1.0001764 seconds
[2020-01-13T13:25:19.477+0000][1][safepoint    ] Entering safepoint region: Cleanup
[2020-01-13T13:25:19.477+0000][1][safepoint    ] Leaving safepoint region
[2020-01-13T13:25:19.477+0000][1][safepoint    ] Total time for which application threads were stopped: 0.0001150 seconds, Stopping threads took: 0.0000328 seconds
[2020-01-13T13:25:20.477+0000][1][safepoint    ] Application time: 1.0001738 seconds
[2020-01-13T13:25:20.478+0000][1][safepoint    ] Entering safepoint region: Cleanup
[2020-01-13T13:25:20.478+0000][1][safepoint    ] Leaving safepoint region
[2020-01-13T13:25:20.478+0000][1][safepoint    ] Total time for which application threads were stopped: 0.0001194 seconds, Stopping threads took: 0.0000358 seconds
[2020-01-13T13:25:21.478+0000][1][safepoint    ] Application time: 1.0001532 seconds
[2020-01-13T13:25:21.478+0000][1][safepoint    ] Entering safepoint region: Cleanup
[2020-01-13T13:25:21.478+0000][1][safepoint    ] Leaving safepoint region
[2020-01-13T13:25:21.478+0000][1][safepoint    ] Total time for which application threads were stopped: 0.0001030 seconds, Stopping threads took: 0.0000299 seconds
[2020-01-13T13:25:22.478+0000][1][safepoint    ] Application time: 1.0001538 seconds
[2020-01-13T13:25:22.478+0000][1][safepoint    ] Entering safepoint region: Cleanup
[2020-01-13T13:25:22.478+0000][1][safepoint    ] Leaving safepoint region
[2020-01-13T13:25:22.478+0000][1][safepoint    ] Total time for which application threads were stopped: 0.0001064 seconds, Stopping threads took: 0.0000271 seconds
[2020-01-13T13:25:23.478+0000][1][safepoint    ] Application time: 1.0001626 seconds
[2020-01-13T13:25:23.479+0000][1][safepoint    ] Entering safepoint region: Cleanup
[2020-01-13T13:25:23.479+0000][1][safepoint    ] Leaving safepoint region
[2020-01-13T13:25:23.479+0000][1][safepoint    ] Total time for which application threads were stopped: 0.0001311 seconds, Stopping threads took: 0.0000359 seconds
[2020-01-13T13:25:24.479+0000][1][safepoint    ] Application time: 1.0001712 seconds
[2020-01-13T13:25:24.479+0000][1][safepoint    ] Entering safepoint region: Cleanup
[2020-01-13T13:25:24.479+0000][1][safepoint    ] Leaving safepoint region
[2020-01-13T13:25:24.479+0000][1][safepoint    ] Total time for which application threads were stopped: 0.0001062 seconds, Stopping threads took: 0.0000304 seconds
[2020-01-13T13:25:25.479+0000][1][safepoint    ] Application time: 1.0001565 seconds
[2020-01-13T13:25:25.479+0000][1][safepoint    ] Entering safepoint region: Cleanup
[2020-01-13T13:25:25.479+0000][1][safepoint    ] Leaving safepoint region
[2020-01-13T13:25:25.479+0000][1][safepoint    ] Total time for which application threads were stopped: 0.0001171 seconds, Stopping threads took: 0.0000313 seconds
[2020-01-13T13:25:26.480+0000][1][safepoint    ] Application time: 1.0001569 seconds
[2020-01-13T13:25:26.480+0000][1][safepoint    ] Entering safepoint region: Cleanup
[2020-01-13T13:25:26.480+0000][1][safepoint    ] Leaving safepoint region
[2020-01-13T13:25:26.480+0000][1][safepoint    ] Total time for which application threads were stopped: 0.0001092 seconds, Stopping threads took: 0.0000394 seconds
[2020-01-13T13:25:27.480+0000][1][safepoint    ] Application time: 1.0001628 seconds
[2020-01-13T13:25:27.480+0000][1][safepoint    ] Entering safepoint region: Cleanup
[2020-01-13T13:25:27.480+0000][1][safepoint    ] Leaving safepoint region
[2020-01-13T13:25:27.480+0000][1][safepoint    ] Total time for which application threads were stopped: 0.0001024 seconds, Stopping threads took: 0.0000280 seconds
[2020-01-13T13:25:28.480+0000][1][safepoint    ] Application time: 1.0001213 seconds
[2020-01-13T13:25:28.480+0000][1][safepoint    ] Entering safepoint region: Cleanup
[2020-01-13T13:25:28.480+0000][1][safepoint    ] Leaving safepoint region
[2020-01-13T13:25:28.481+0000][1][safepoint    ] Total time for which application threads were stopped: 0.0001213 seconds, Stopping threads took: 0.0000271 seconds
[2020-01-13T13:25:29.481+0000][1][safepoint    ] Application time: 1.0000926 seconds
[2020-01-13T13:25:29.482+0000][1][safepoint    ] Entering safepoint region: Cleanup
[2020-01-13T13:25:29.482+0000][1][safepoint    ] Leaving safepoint region
[2020-01-13T13:25:29.482+0000][1][safepoint    ] Total time for which application threads were stopped: 0.0001200 seconds, Stopping threads took: 0.0000396 seconds
[2020-01-13T13:25:30.482+0000][1][safepoint    ] Application time: 1.0001624 seconds
[2020-01-13T13:25:30.482+0000][1][safepoint    ] Entering safepoint region: Cleanup
[2020-01-13T13:25:30.482+0000][1][safepoint    ] Leaving safepoint region
[2020-01-13T13:25:30.482+0000][1][safepoint    ] Total time for which application threads were stopped: 0.0001124 seconds, Stopping threads took: 0.0000368 seconds
[2020-01-13T13:25:31.482+0000][1][safepoint    ] Application time: 1.0001498 seconds
[2020-01-13T13:25:31.482+0000][1][safepoint    ] Entering safepoint region: Cleanup
[2020-01-13T13:25:31.483+0000][1][safepoint    ] Leaving safepoint region
[2020-01-13T13:25:31.483+0000][1][safepoint    ] Total time for which application threads were stopped: 0.0001056 seconds, Stopping threads took: 0.0000337 seconds
[2020-01-13T13:25:32.483+0000][1][safepoint    ] Application time: 1.0001484 seconds
[2020-01-13T13:25:32.483+0000][1][safepoint    ] Entering safepoint region: Cleanup
[2020-01-13T13:25:32.483+0000][1][safepoint    ] Leaving safepoint region
[2020-01-13T13:25:32.483+0000][1][safepoint    ] Total time for which application threads were stopped: 0.0001196 seconds, Stopping threads took: 0.0000265 seconds
[2020-01-13T13:25:33.483+0000][1][safepoint    ] Application time: 1.0001807 seconds
[2020-01-13T13:25:33.483+0000][1][safepoint    ] Entering safepoint region: Cleanup
[2020-01-13T13:25:33.483+0000][1][safepoint    ] Leaving safepoint region
[2020-01-13T13:25:33.483+0000][1][safepoint    ] Total time for which application threads were stopped: 0.0001105 seconds, Stopping threads took: 0.0000304 seconds
[2020-01-13T13:25:34.483+0000][1][safepoint    ] Application time: 1.0001520 seconds
[2020-01-13T13:25:34.484+0000][1][safepoint    ] Entering safepoint region: Cleanup
[2020-01-13T13:25:34.485+0000][1][safepoint    ] Leaving safepoint region
[2020-01-13T13:25:34.485+0000][1][safepoint    ] Total time for which application threads were stopped: 0.0001263 seconds, Stopping threads took: 0.0000408 seconds
[2020-01-13T13:25:35.485+0000][1][safepoint    ] Application time: 1.0001666 seconds
[2020-01-13T13:25:35.485+0000][1][safepoint    ] Entering safepoint region: Cleanup
[2020-01-13T13:25:35.485+0000][1][safepoint    ] Leaving safepoint region
[2020-01-13T13:25:35.485+0000][1][safepoint    ] Total time for which application threads were stopped: 0.0001321 seconds, Stopping threads took: 0.0000385 seconds
[2020-01-13T13:25:36.485+0000][1][safepoint    ] Application time: 1.0001690 seconds
[2020-01-13T13:25:36.485+0000][1][safepoint    ] Entering safepoint region: Cleanup
[2020-01-13T13:25:36.485+0000][1][safepoint    ] Leaving safepoint region
[2020-01-13T13:25:36.485+0000][1][safepoint    ] Total time for which application threads were stopped: 0.0001677 seconds, Stopping threads took: 0.0000566 seconds
[2020-01-13T13:25:36.752+0000][1][safepoint    ] Application time: 0.2668850 seconds
[2020-01-13T13:25:36.752+0000][1][safepoint    ] Entering safepoint region: GenCollectForAllocation
[2020-01-13T13:25:36.753+0000][1][gc,start     ] GC(43) Pause Young (Allocation Failure)
[2020-01-13T13:25:36.753+0000][1][gc,task      ] GC(43) Using 1 workers of 1 for evacuation
[2020-01-13T13:25:36.761+0000][1][gc,age       ] GC(43) Desired survivor size 4358144 bytes, new threshold 6 (max threshold 6)
[2020-01-13T13:25:36.761+0000][1][gc,age       ] GC(43) Age table with threshold 6 (max threshold 6)
[2020-01-13T13:25:36.761+0000][1][gc,age       ] GC(43) - age   1:     704000 bytes,     704000 total
[2020-01-13T13:25:36.761+0000][1][gc,age       ] GC(43) - age   2:       6568 bytes,     710568 total
[2020-01-13T13:25:36.761+0000][1][gc,age       ] GC(43) - age   3:       2488 bytes,     713056 total
[2020-01-13T13:25:36.761+0000][1][gc,age       ] GC(43) - age   4:       7920 bytes,     720976 total
[2020-01-13T13:25:36.761+0000][1][gc,age       ] GC(43) - age   5:      11512 bytes,     732488 total
[2020-01-13T13:25:36.761+0000][1][gc,age       ] GC(43) - age   6:       3784 bytes,     736272 total
[2020-01-13T13:25:36.761+0000][1][gc,heap      ] GC(43) ParNew: 69360K->761K(76672K)
[2020-01-13T13:25:36.761+0000][1][gc,heap      ] GC(43) CMS: 67681K->67683K(176960K)
[2020-01-13T13:25:36.761+0000][1][gc,metaspace ] GC(43) Metaspace: 66200K->66200K(1110016K)
[2020-01-13T13:25:36.761+0000][1][gc           ] GC(43) Pause Young (Allocation Failure) 133M->66M(247M) 8.179ms
[2020-01-13T13:25:36.761+0000][1][gc,cpu       ] GC(43) User=0.00s Sys=0.00s Real=0.01s
[2020-01-13T13:25:36.761+0000][1][safepoint    ] Leaving safepoint region
[2020-01-13T13:25:36.761+0000][1][safepoint    ] Total time for which application threads were stopped: 0.0084552 seconds, Stopping threads took: 0.0000436 seconds
[2020-01-13T13:25:37.762+0000][1][safepoint    ] Application time: 1.0016680 seconds
[2020-01-13T13:25:37.763+0000][1][safepoint    ] Entering safepoint region: Cleanup
[2020-01-13T13:25:37.763+0000][1][safepoint    ] Leaving safepoint region
[2020-01-13T13:25:37.763+0000][1][safepoint    ] Total time for which application threads were stopped: 0.0001146 seconds, Stopping threads took: 0.0000325 seconds
[2020-01-13T13:25:38.763+0000][1][safepoint    ] Application time: 1.0001005 seconds
[2020-01-13T13:25:38.763+0000][1][safepoint    ] Entering safepoint region: Cleanup
[2020-01-13T13:25:38.763+0000][1][safepoint    ] Leaving safepoint region
[2020-01-13T13:25:38.763+0000][1][safepoint    ] Total time for which application threads were stopped: 0.0001392 seconds, Stopping threads took: 0.0000339 seconds
[2020-01-13T13:25:39.763+0000][1][safepoint    ] Application time: 1.0001197 seconds
[2020-01-13T13:25:39.763+0000][1][safepoint    ] Entering safepoint region: Cleanup
[2020-01-13T13:25:39.763+0000][1][safepoint    ] Leaving safepoint region
[2020-01-13T13:25:39.763+0000][1][safepoint    ] Total time for which application threads were stopped: 0.0001190 seconds, Stopping threads took: 0.0000320 seconds
[2020-01-13T13:25:40.763+0000][1][safepoint    ] Application time: 1.0000928 seconds
[2020-01-13T13:25:40.764+0000][1][safepoint    ] Entering safepoint region: Cleanup
[2020-01-13T13:25:40.764+0000][1][safepoint    ] Leaving safepoint region
[2020-01-13T13:25:40.764+0000][1][safepoint    ] Total time for which application threads were stopped: 0.0001299 seconds, Stopping threads took: 0.0000365 seconds
[2020-01-13T13:25:41.764+0000][1][safepoint    ] Application time: 1.0001459 seconds
[2020-01-13T13:25:41.764+0000][1][safepoint    ] Entering safepoint region: Cleanup
[2020-01-13T13:25:41.764+0000][1][safepoint    ] Leaving safepoint region
[2020-01-13T13:25:41.764+0000][1][safepoint    ] Total time for which application threads were stopped: 0.0000943 seconds, Stopping threads took: 0.0000266 seconds
[2020-01-13T13:25:42.764+0000][1][safepoint    ] Application time: 1.0001455 seconds
[2020-01-13T13:25:42.764+0000][1][safepoint    ] Entering safepoint region: Cleanup
[2020-01-13T13:25:42.764+0000][1][safepoint    ] Leaving safepoint region
[2020-01-13T13:25:42.764+0000][1][safepoint    ] Total time for which application threads were stopped: 0.0001645 seconds, Stopping threads took: 0.0000556 seconds
[2020-01-13T13:25:43.765+0000][1][safepoint    ] Application time: 1.0001346 seconds
[2020-01-13T13:25:43.765+0000][1][safepoint    ] Entering safepoint region: Cleanup
[2020-01-13T13:25:43.765+0000][1][safepoint    ] Leaving safepoint region
[2020-01-13T13:25:43.765+0000][1][safepoint    ] Total time for which application threads were stopped: 0.0001118 seconds, Stopping threads took: 0.0000324 seconds
[2020-01-13T13:25:44.765+0000][1][safepoint    ] Application time: 1.0001203 seconds
[2020-01-13T13:25:44.766+0000][1][safepoint    ] Entering safepoint region: Cleanup
[2020-01-13T13:25:44.766+0000][1][safepoint    ] Leaving safepoint region
[2020-01-13T13:25:44.766+0000][1][safepoint    ] Total time for which application threads were stopped: 0.0001377 seconds, Stopping threads took: 0.0000538 seconds
[2020-01-13T13:25:45.766+0000][1][safepoint    ] Application time: 1.0001442 seconds
[2020-01-13T13:25:45.766+0000][1][safepoint    ] Entering safepoint region: Cleanup
[2020-01-13T13:25:45.766+0000][1][safepoint    ] Leaving safepoint region
[2020-01-13T13:25:45.766+0000][1][safepoint    ] Total time for which application threads were stopped: 0.0001357 seconds, Stopping threads took: 0.0000339 seconds
[2020-01-13T13:25:46.767+0000][1][safepoint    ] Application time: 1.0001207 seconds
[2020-01-13T13:25:46.767+0000][1][safepoint    ] Entering safepoint region: Cleanup
[2020-01-13T13:25:46.767+0000][1][safepoint    ] Leaving safepoint region
[2020-01-13T13:25:46.767+0000][1][safepoint    ] Total time for which application threads were stopped: 0.0001127 seconds, Stopping threads took: 0.0000304 seconds
[2020-01-13T13:25:47.767+0000][1][safepoint    ] Application time: 1.0001129 seconds
[2020-01-13T13:25:47.767+0000][1][safepoint    ] Entering safepoint region: Cleanup
[2020-01-13T13:25:47.767+0000][1][safepoint    ] Leaving safepoint region
[2020-01-13T13:25:47.767+0000][1][safepoint    ] Total time for which application threads were stopped: 0.0000995 seconds, Stopping threads took: 0.0000256 seconds
[2020-01-13T13:25:48.767+0000][1][safepoint    ] Application time: 1.0000766 seconds
[2020-01-13T13:25:48.767+0000][1][safepoint    ] Entering safepoint region: Cleanup
[2020-01-13T13:25:48.767+0000][1][safepoint    ] Leaving safepoint region
[2020-01-13T13:25:48.767+0000][1][safepoint    ] Total time for which application threads were stopped: 0.0001152 seconds, Stopping threads took: 0.0000348 seconds
[2020-01-13T13:25:49.767+0000][1][safepoint    ] Application time: 1.0000804 seconds
[2020-01-13T13:25:49.767+0000][1][safepoint    ] Entering safepoint region: Cleanup
[2020-01-13T13:25:49.768+0000][1][safepoint    ] Leaving safepoint region
[2020-01-13T13:25:49.768+0000][1][safepoint    ] Total time for which application threads were stopped: 0.0001640 seconds, Stopping threads took: 0.0000596 seconds
[2020-01-13T13:25:50.768+0000][1][safepoint    ] Application time: 1.0000966 seconds
[2020-01-13T13:25:50.768+0000][1][safepoint    ] Entering safepoint region: Cleanup
[2020-01-13T13:25:50.768+0000][1][safepoint    ] Leaving safepoint region
[2020-01-13T13:25:50.768+0000][1][safepoint    ] Total time for which application threads were stopped: 0.0000897 seconds, Stopping threads took: 0.0000245 seconds
[2020-01-13T13:25:51.768+0000][1][safepoint    ] Application time: 1.0001737 seconds
[2020-01-13T13:25:51.768+0000][1][safepoint    ] Entering safepoint region: Cleanup
[2020-01-13T13:25:51.768+0000][1][safepoint    ] Leaving safepoint region
[2020-01-13T13:25:51.768+0000][1][safepoint    ] Total time for which application threads were stopped: 0.0001024 seconds, Stopping threads took: 0.0000259 seconds
[2020-01-13T13:25:52.768+0000][1][safepoint    ] Application time: 1.0000830 seconds
[2020-01-13T13:25:52.768+0000][1][safepoint    ] Entering safepoint region: Cleanup
[2020-01-13T13:25:52.768+0000][1][safepoint    ] Leaving safepoint region
[2020-01-13T13:25:52.768+0000][1][safepoint    ] Total time for which application threads were stopped: 0.0000914 seconds, Stopping threads took: 0.0000187 seconds
[2020-01-13T13:25:53.769+0000][1][safepoint    ] Application time: 1.0001968 seconds
[2020-01-13T13:25:53.769+0000][1][safepoint    ] Entering safepoint region: Cleanup
[2020-01-13T13:25:53.769+0000][1][safepoint    ] Leaving safepoint region
[2020-01-13T13:25:53.769+0000][1][safepoint    ] Total time for which application threads were stopped: 0.0001420 seconds, Stopping threads took: 0.0000271 seconds
[2020-01-13T13:25:54.769+0000][1][safepoint    ] Application time: 1.0000953 seconds
[2020-01-13T13:25:54.769+0000][1][safepoint    ] Entering safepoint region: Cleanup
[2020-01-13T13:25:54.769+0000][1][safepoint    ] Leaving safepoint region
[2020-01-13T13:25:54.769+0000][1][safepoint    ] Total time for which application threads were stopped: 0.0000967 seconds, Stopping threads took: 0.0000281 seconds
[2020-01-13T13:25:55.769+0000][1][safepoint    ] Application time: 1.0001104 seconds
[2020-01-13T13:25:55.769+0000][1][safepoint    ] Entering safepoint region: Cleanup
[2020-01-13T13:25:55.769+0000][1][safepoint    ] Leaving safepoint region
[2020-01-13T13:25:55.769+0000][1][safepoint    ] Total time for which application threads were stopped: 0.0000994 seconds, Stopping threads took: 0.0000211 seconds
[2020-01-13T13:25:56.770+0000][1][safepoint    ] Application time: 1.0001169 seconds
[2020-01-13T13:25:56.770+0000][1][safepoint    ] Entering safepoint region: Cleanup
[2020-01-13T13:25:56.770+0000][1][safepoint    ] Leaving safepoint region
[2020-01-13T13:25:56.770+0000][1][safepoint    ] Total time for which application threads were stopped: 0.0001236 seconds, Stopping threads took: 0.0000335 seconds
[2020-01-13T13:25:57.770+0000][1][safepoint    ] Application time: 1.0001030 seconds
[2020-01-13T13:25:57.770+0000][1][safepoint    ] Entering safepoint region: Cleanup
[2020-01-13T13:25:57.770+0000][1][safepoint    ] Leaving safepoint region
[2020-01-13T13:25:57.770+0000][1][safepoint    ] Total time for which application threads were stopped: 0.0001076 seconds, Stopping threads took: 0.0000303 seconds
[2020-01-13T13:25:58.770+0000][1][safepoint    ] Application time: 1.0001009 seconds
[2020-01-13T13:25:58.770+0000][1][safepoint    ] Entering safepoint region: Cleanup
[2020-01-13T13:25:58.770+0000][1][safepoint    ] Leaving safepoint region
[2020-01-13T13:25:58.770+0000][1][safepoint    ] Total time for which application threads were stopped: 0.0000985 seconds, Stopping threads took: 0.0000242 seconds
[2020-01-13T13:25:59.770+0000][1][safepoint    ] Application time: 1.0000812 seconds
[2020-01-13T13:25:59.772+0000][1][safepoint    ] Entering safepoint region: Cleanup
[2020-01-13T13:25:59.772+0000][1][safepoint    ] Leaving safepoint region
[2020-01-13T13:25:59.772+0000][1][safepoint    ] Total time for which application threads were stopped: 0.0001743 seconds, Stopping threads took: 0.0000656 seconds
[2020-01-13T13:26:00.772+0000][1][safepoint    ] Application time: 1.0001084 seconds
[2020-01-13T13:26:00.772+0000][1][safepoint    ] Entering safepoint region: Cleanup
[2020-01-13T13:26:00.772+0000][1][safepoint    ] Leaving safepoint region
[2020-01-13T13:26:00.772+0000][1][safepoint    ] Total time for which application threads were stopped: 0.0001160 seconds, Stopping threads took: 0.0000281 seconds
[2020-01-13T13:26:01.772+0000][1][safepoint    ] Application time: 1.0001406 seconds
[2020-01-13T13:26:01.772+0000][1][safepoint    ] Entering safepoint region: Cleanup
[2020-01-13T13:26:01.772+0000][1][safepoint    ] Leaving safepoint region
[2020-01-13T13:26:01.772+0000][1][safepoint    ] Total time for which application threads were stopped: 0.0000998 seconds, Stopping threads took: 0.0000329 seconds
[2020-01-13T13:26:02.772+0000][1][safepoint    ] Application time: 1.0000904 seconds
[2020-01-13T13:26:02.773+0000][1][safepoint    ] Entering safepoint region: Cleanup
[2020-01-13T13:26:02.773+0000][1][safepoint    ] Leaving safepoint region
[2020-01-13T13:26:02.773+0000][1][safepoint    ] Total time for which application threads were stopped: 0.0001019 seconds, Stopping threads took: 0.0000272 seconds
[2020-01-13T13:26:03.773+0000][1][safepoint    ] Application time: 1.0001346 seconds
[2020-01-13T13:26:03.773+0000][1][safepoint    ] Entering safepoint region: Cleanup
[2020-01-13T13:26:03.773+0000][1][safepoint    ] Leaving safepoint region
[2020-01-13T13:26:03.773+0000][1][safepoint    ] Total time for which application threads were stopped: 0.0000971 seconds, Stopping threads took: 0.0000250 seconds
[2020-01-13T13:26:04.773+0000][1][safepoint    ] Application time: 1.0000892 seconds
[2020-01-13T13:26:04.774+0000][1][safepoint    ] Entering safepoint region: Cleanup
[2020-01-13T13:26:04.774+0000][1][safepoint    ] Leaving safepoint region
[2020-01-13T13:26:04.774+0000][1][safepoint    ] Total time for which application threads were stopped: 0.0000902 seconds, Stopping threads took: 0.0000281 seconds
[2020-01-13T13:26:05.774+0000][1][safepoint    ] Application time: 1.0001319 seconds
[2020-01-13T13:26:05.774+0000][1][safepoint    ] Entering safepoint region: Cleanup
[2020-01-13T13:26:05.774+0000][1][safepoint    ] Leaving safepoint region
[2020-01-13T13:26:05.774+0000][1][safepoint    ] Total time for which application threads were stopped: 0.0000972 seconds, Stopping threads took: 0.0000255 seconds
[2020-01-13T13:26:06.774+0000][1][safepoint    ] Application time: 1.0001092 seconds
[2020-01-13T13:26:06.774+0000][1][safepoint    ] Entering safepoint region: Cleanup
[2020-01-13T13:26:06.775+0000][1][safepoint    ] Leaving safepoint region
[2020-01-13T13:26:06.775+0000][1][safepoint    ] Total time for which application threads were stopped: 0.0001382 seconds, Stopping threads took: 0.0000706 seconds
[2020-01-13T13:26:07.775+0000][1][safepoint    ] Application time: 1.0001317 seconds
[2020-01-13T13:26:07.775+0000][1][safepoint    ] Entering safepoint region: Cleanup
[2020-01-13T13:26:07.775+0000][1][safepoint    ] Leaving safepoint region
[2020-01-13T13:26:07.775+0000][1][safepoint    ] Total time for which application threads were stopped: 0.0001121 seconds, Stopping threads took: 0.0000382 seconds
[2020-01-13T13:26:08.775+0000][1][safepoint    ] Application time: 1.0001005 seconds
[2020-01-13T13:26:08.775+0000][1][safepoint    ] Entering safepoint region: Cleanup
[2020-01-13T13:26:08.775+0000][1][safepoint    ] Leaving safepoint region
[2020-01-13T13:26:08.775+0000][1][safepoint    ] Total time for which application threads were stopped: 0.0001039 seconds, Stopping threads took: 0.0000250 seconds
[2020-01-13T13:26:09.775+0000][1][safepoint    ] Application time: 1.0001090 seconds
[2020-01-13T13:26:09.776+0000][1][safepoint    ] Entering safepoint region: Cleanup
[2020-01-13T13:26:09.776+0000][1][safepoint    ] Leaving safepoint region
[2020-01-13T13:26:09.776+0000][1][safepoint    ] Total time for which application threads were stopped: 0.0001585 seconds, Stopping threads took: 0.0000773 seconds
[2020-01-13T13:26:10.777+0000][1][safepoint    ] Application time: 1.0000998 seconds
[2020-01-13T13:26:10.777+0000][1][safepoint    ] Entering safepoint region: Cleanup
[2020-01-13T13:26:10.777+0000][1][safepoint    ] Leaving safepoint region
[2020-01-13T13:26:10.777+0000][1][safepoint    ] Total time for which application threads were stopped: 0.0000989 seconds, Stopping threads took: 0.0000227 seconds
[2020-01-13T13:26:11.777+0000][1][safepoint    ] Application time: 1.0001196 seconds
[2020-01-13T13:26:11.777+0000][1][safepoint    ] Entering safepoint region: Cleanup
[2020-01-13T13:26:11.777+0000][1][safepoint    ] Leaving safepoint region
[2020-01-13T13:26:11.777+0000][1][safepoint    ] Total time for which application threads were stopped: 0.0000917 seconds, Stopping threads took: 0.0000239 seconds
[2020-01-13T13:26:12.777+0000][1][safepoint    ] Application time: 1.0001082 seconds
[2020-01-13T13:26:12.777+0000][1][safepoint    ] Entering safepoint region: Cleanup
[2020-01-13T13:26:12.777+0000][1][safepoint    ] Leaving safepoint region
[2020-01-13T13:26:12.777+0000][1][safepoint    ] Total time for which application threads were stopped: 0.0001374 seconds, Stopping threads took: 0.0000291 seconds
[2020-01-13T13:26:13.775+0000][1][safepoint    ] Application time: 0.9977125 seconds
[2020-01-13T13:26:13.775+0000][1][safepoint    ] Entering safepoint region: GenCollectForAllocation
[2020-01-13T13:26:13.775+0000][1][gc,start     ] GC(44) Pause Young (Allocation Failure)
[2020-01-13T13:26:13.775+0000][1][gc,task      ] GC(44) Using 1 workers of 1 for evacuation
[2020-01-13T13:26:13.782+0000][1][gc,age       ] GC(44) Desired survivor size 4358144 bytes, new threshold 6 (max threshold 6)
[2020-01-13T13:26:13.782+0000][1][gc,age       ] GC(44) Age table with threshold 6 (max threshold 6)
[2020-01-13T13:26:13.782+0000][1][gc,age       ] GC(44) - age   1:     609792 bytes,     609792 total
[2020-01-13T13:26:13.782+0000][1][gc,age       ] GC(44) - age   2:       2624 bytes,     612416 total
[2020-01-13T13:26:13.782+0000][1][gc,age       ] GC(44) - age   3:       6280 bytes,     618696 total
[2020-01-13T13:26:13.782+0000][1][gc,age       ] GC(44) - age   4:       2488 bytes,     621184 total
[2020-01-13T13:26:13.782+0000][1][gc,age       ] GC(44) - age   5:       7920 bytes,     629104 total
[2020-01-13T13:26:13.782+0000][1][gc,age       ] GC(44) - age   6:      11512 bytes,     640616 total
[2020-01-13T13:26:13.782+0000][1][gc,heap      ] GC(44) ParNew: 68921K->634K(76672K)
[2020-01-13T13:26:13.782+0000][1][gc,heap      ] GC(44) CMS: 67683K->67687K(176960K)
[2020-01-13T13:26:13.782+0000][1][gc,metaspace ] GC(44) Metaspace: 66209K->66209K(1110016K)
[2020-01-13T13:26:13.782+0000][1][gc           ] GC(44) Pause Young (Allocation Failure) 133M->66M(247M) 6.363ms
[2020-01-13T13:26:13.782+0000][1][gc,cpu       ] GC(44) User=0.01s Sys=0.00s Real=0.01s
[2020-01-13T13:26:13.782+0000][1][safepoint    ] Leaving safepoint region
[2020-01-13T13:26:13.782+0000][1][safepoint    ] Total time for which application threads were stopped: 0.0065498 seconds, Stopping threads took: 0.0000314 seconds
[2020-01-13T13:26:14.782+0000][1][safepoint    ] Application time: 1.0004619 seconds
[2020-01-13T13:26:14.783+0000][1][safepoint    ] Entering safepoint region: Cleanup
[2020-01-13T13:26:14.783+0000][1][safepoint    ] Leaving safepoint region
[2020-01-13T13:26:14.783+0000][1][safepoint    ] Total time for which application threads were stopped: 0.0001527 seconds, Stopping threads took: 0.0000718 seconds
[2020-01-13T13:26:15.783+0000][1][safepoint    ] Application time: 1.0001345 seconds
[2020-01-13T13:26:15.783+0000][1][safepoint    ] Entering safepoint region: Cleanup
[2020-01-13T13:26:15.784+0000][1][safepoint    ] Leaving safepoint region
[2020-01-13T13:26:15.784+0000][1][safepoint    ] Total time for which application threads were stopped: 0.0001301 seconds, Stopping threads took: 0.0000283 seconds
[2020-01-13T13:26:16.784+0000][1][safepoint    ] Application time: 1.0001380 seconds
[2020-01-13T13:26:16.784+0000][1][safepoint    ] Entering safepoint region: Cleanup
[2020-01-13T13:26:16.784+0000][1][safepoint    ] Leaving safepoint region
[2020-01-13T13:26:16.784+0000][1][safepoint    ] Total time for which application threads were stopped: 0.0001152 seconds, Stopping threads took: 0.0000285 seconds
[2020-01-13T13:26:17.784+0000][1][safepoint    ] Application time: 1.0001042 seconds
[2020-01-13T13:26:17.784+0000][1][safepoint    ] Entering safepoint region: Cleanup
[2020-01-13T13:26:17.784+0000][1][safepoint    ] Leaving safepoint region
[2020-01-13T13:26:17.784+0000][1][safepoint    ] Total time for which application threads were stopped: 0.0001098 seconds, Stopping threads took: 0.0000290 seconds
[2020-01-13T13:26:18.784+0000][1][safepoint    ] Application time: 1.0001075 seconds
[2020-01-13T13:26:18.784+0000][1][safepoint    ] Entering safepoint region: Cleanup
[2020-01-13T13:26:18.785+0000][1][safepoint    ] Leaving safepoint region
[2020-01-13T13:26:18.785+0000][1][safepoint    ] Total time for which application threads were stopped: 0.0001087 seconds, Stopping threads took: 0.0000278 seconds
[2020-01-13T13:26:19.785+0000][1][safepoint    ] Application time: 1.0000761 seconds
[2020-01-13T13:26:19.785+0000][1][safepoint    ] Entering safepoint region: Cleanup
[2020-01-13T13:26:19.785+0000][1][safepoint    ] Leaving safepoint region
[2020-01-13T13:26:19.785+0000][1][safepoint    ] Total time for which application threads were stopped: 0.0000795 seconds, Stopping threads took: 0.0000210 seconds
[2020-01-13T13:26:20.785+0000][1][safepoint    ] Application time: 1.0001331 seconds
[2020-01-13T13:26:20.785+0000][1][safepoint    ] Entering safepoint region: Cleanup
[2020-01-13T13:26:20.785+0000][1][safepoint    ] Leaving safepoint region
[2020-01-13T13:26:20.785+0000][1][safepoint    ] Total time for which application threads were stopped: 0.0000939 seconds, Stopping threads took: 0.0000237 seconds
[2020-01-13T13:26:21.785+0000][1][safepoint    ] Application time: 1.0001189 seconds
[2020-01-13T13:26:21.785+0000][1][safepoint    ] Entering safepoint region: Cleanup
[2020-01-13T13:26:21.785+0000][1][safepoint    ] Leaving safepoint region
[2020-01-13T13:26:21.785+0000][1][safepoint    ] Total time for which application threads were stopped: 0.0001125 seconds, Stopping threads took: 0.0000285 seconds
[2020-01-13T13:26:22.785+0000][1][safepoint    ] Application time: 1.0001281 seconds
[2020-01-13T13:26:22.786+0000][1][safepoint    ] Entering safepoint region: Cleanup
[2020-01-13T13:26:22.786+0000][1][safepoint    ] Leaving safepoint region
[2020-01-13T13:26:22.786+0000][1][safepoint    ] Total time for which application threads were stopped: 0.0000999 seconds, Stopping threads took: 0.0000327 seconds
[2020-01-13T13:26:23.786+0000][1][safepoint    ] Application time: 1.0001391 seconds
[2020-01-13T13:26:23.786+0000][1][safepoint    ] Entering safepoint region: Cleanup
[2020-01-13T13:26:23.786+0000][1][safepoint    ] Leaving safepoint region
[2020-01-13T13:26:23.786+0000][1][safepoint    ] Total time for which application threads were stopped: 0.0001158 seconds, Stopping threads took: 0.0000320 seconds
[2020-01-13T13:26:24.786+0000][1][safepoint    ] Application time: 1.0001265 seconds
[2020-01-13T13:26:24.786+0000][1][safepoint    ] Entering safepoint region: Cleanup
[2020-01-13T13:26:24.786+0000][1][safepoint    ] Leaving safepoint region
[2020-01-13T13:26:24.786+0000][1][safepoint    ] Total time for which application threads were stopped: 0.0001201 seconds, Stopping threads took: 0.0000338 seconds
[2020-01-13T13:26:25.786+0000][1][safepoint    ] Application time: 1.0001471 seconds
[2020-01-13T13:26:25.787+0000][1][safepoint    ] Entering safepoint region: Cleanup
[2020-01-13T13:26:25.787+0000][1][safepoint    ] Leaving safepoint region
[2020-01-13T13:26:25.787+0000][1][safepoint    ] Total time for which application threads were stopped: 0.0001227 seconds, Stopping threads took: 0.0000284 seconds
[2020-01-13T13:26:26.787+0000][1][safepoint    ] Application time: 1.0001969 seconds
[2020-01-13T13:26:26.787+0000][1][safepoint    ] Entering safepoint region: Cleanup
[2020-01-13T13:26:26.787+0000][1][safepoint    ] Leaving safepoint region
[2020-01-13T13:26:26.787+0000][1][safepoint    ] Total time for which application threads were stopped: 0.0001238 seconds, Stopping threads took: 0.0000361 seconds
[2020-01-13T13:26:27.787+0000][1][safepoint    ] Application time: 1.0001603 seconds
[2020-01-13T13:26:27.787+0000][1][safepoint    ] Entering safepoint region: Cleanup
[2020-01-13T13:26:27.787+0000][1][safepoint    ] Leaving safepoint region
[2020-01-13T13:26:27.787+0000][1][safepoint    ] Total time for which application threads were stopped: 0.0001292 seconds, Stopping threads took: 0.0000329 seconds
[2020-01-13T13:26:28.788+0000][1][safepoint    ] Application time: 1.0001236 seconds
[2020-01-13T13:26:28.788+0000][1][safepoint    ] Entering safepoint region: Cleanup
[2020-01-13T13:26:28.788+0000][1][safepoint    ] Leaving safepoint region
[2020-01-13T13:26:28.788+0000][1][safepoint    ] Total time for which application threads were stopped: 0.0001382 seconds, Stopping threads took: 0.0000503 seconds
[2020-01-13T13:26:29.788+0000][1][safepoint    ] Application time: 1.0001319 seconds
[2020-01-13T13:26:29.789+0000][1][safepoint    ] Entering safepoint region: Cleanup
[2020-01-13T13:26:29.789+0000][1][safepoint    ] Leaving safepoint region
[2020-01-13T13:26:29.789+0000][1][safepoint    ] Total time for which application threads were stopped: 0.0001511 seconds, Stopping threads took: 0.0000687 seconds
[2020-01-13T13:26:30.789+0000][1][safepoint    ] Application time: 1.0001349 seconds
[2020-01-13T13:26:30.789+0000][1][safepoint    ] Entering safepoint region: Cleanup
[2020-01-13T13:26:30.790+0000][1][safepoint    ] Leaving safepoint region
[2020-01-13T13:26:30.790+0000][1][safepoint    ] Total time for which application threads were stopped: 0.0001820 seconds, Stopping threads took: 0.0000548 seconds
[2020-01-13T13:26:31.790+0000][1][safepoint    ] Application time: 1.0001561 seconds
[2020-01-13T13:26:31.790+0000][1][safepoint    ] Entering safepoint region: Cleanup
[2020-01-13T13:26:31.790+0000][1][safepoint    ] Leaving safepoint region
[2020-01-13T13:26:31.790+0000][1][safepoint    ] Total time for which application threads were stopped: 0.0001148 seconds, Stopping threads took: 0.0000396 seconds
[2020-01-13T13:26:32.790+0000][1][safepoint    ] Application time: 1.0000889 seconds
[2020-01-13T13:26:32.790+0000][1][safepoint    ] Entering safepoint region: Cleanup
[2020-01-13T13:26:32.790+0000][1][safepoint    ] Leaving safepoint region
[2020-01-13T13:26:32.790+0000][1][safepoint    ] Total time for which application threads were stopped: 0.0000901 seconds, Stopping threads took: 0.0000200 seconds
[2020-01-13T13:26:33.790+0000][1][safepoint    ] Application time: 1.0001531 seconds
[2020-01-13T13:26:33.791+0000][1][safepoint    ] Entering safepoint region: Cleanup
[2020-01-13T13:26:33.791+0000][1][safepoint    ] Leaving safepoint region
[2020-01-13T13:26:33.791+0000][1][safepoint    ] Total time for which application threads were stopped: 0.0001943 seconds, Stopping threads took: 0.0000922 seconds
[2020-01-13T13:26:34.791+0000][1][safepoint    ] Application time: 1.0000814 seconds
[2020-01-13T13:26:34.792+0000][1][safepoint    ] Entering safepoint region: Cleanup
[2020-01-13T13:26:34.792+0000][1][safepoint    ] Leaving safepoint region
[2020-01-13T13:26:34.792+0000][1][safepoint    ] Total time for which application threads were stopped: 0.0001032 seconds, Stopping threads took: 0.0000474 seconds
[2020-01-13T13:26:35.792+0000][1][safepoint    ] Application time: 1.0001538 seconds
[2020-01-13T13:26:35.792+0000][1][safepoint    ] Entering safepoint region: Cleanup
[2020-01-13T13:26:35.792+0000][1][safepoint    ] Leaving safepoint region
[2020-01-13T13:26:35.792+0000][1][safepoint    ] Total time for which application threads were stopped: 0.0001272 seconds, Stopping threads took: 0.0000328 seconds
[2020-01-13T13:26:36.792+0000][1][safepoint    ] Application time: 1.0001472 seconds
[2020-01-13T13:26:36.793+0000][1][safepoint    ] Entering safepoint region: Cleanup
[2020-01-13T13:26:36.793+0000][1][safepoint    ] Leaving safepoint region
[2020-01-13T13:26:36.793+0000][1][safepoint    ] Total time for which application threads were stopped: 0.0001137 seconds, Stopping threads took: 0.0000318 seconds
[2020-01-13T13:26:37.793+0000][1][safepoint    ] Application time: 1.0001429 seconds
[2020-01-13T13:26:37.793+0000][1][safepoint    ] Entering safepoint region: Cleanup
[2020-01-13T13:26:37.793+0000][1][safepoint    ] Leaving safepoint region
[2020-01-13T13:26:37.793+0000][1][safepoint    ] Total time for which application threads were stopped: 0.0001210 seconds, Stopping threads took: 0.0000330 seconds
[2020-01-13T13:26:38.793+0000][1][safepoint    ] Application time: 1.0001322 seconds
[2020-01-13T13:26:38.793+0000][1][safepoint    ] Entering safepoint region: Cleanup
[2020-01-13T13:26:38.793+0000][1][safepoint    ] Leaving safepoint region
[2020-01-13T13:26:38.793+0000][1][safepoint    ] Total time for which application threads were stopped: 0.0001701 seconds, Stopping threads took: 0.0000583 seconds
[2020-01-13T13:26:39.793+0000][1][safepoint    ] Application time: 1.0001076 seconds
[2020-01-13T13:26:39.795+0000][1][safepoint    ] Entering safepoint region: Cleanup
[2020-01-13T13:26:39.795+0000][1][safepoint    ] Leaving safepoint region
[2020-01-13T13:26:39.795+0000][1][safepoint    ] Total time for which application threads were stopped: 0.0001670 seconds, Stopping threads took: 0.0000805 seconds
[2020-01-13T13:26:40.795+0000][1][safepoint    ] Application time: 1.0001361 seconds
[2020-01-13T13:26:40.795+0000][1][safepoint    ] Entering safepoint region: Cleanup
[2020-01-13T13:26:40.795+0000][1][safepoint    ] Leaving safepoint region
[2020-01-13T13:26:40.795+0000][1][safepoint    ] Total time for which application threads were stopped: 0.0001132 seconds, Stopping threads took: 0.0000292 seconds
[2020-01-13T13:26:41.795+0000][1][safepoint    ] Application time: 1.0000855 seconds
[2020-01-13T13:26:41.795+0000][1][safepoint    ] Entering safepoint region: Cleanup
[2020-01-13T13:26:41.795+0000][1][safepoint    ] Leaving safepoint region
[2020-01-13T13:26:41.795+0000][1][safepoint    ] Total time for which application threads were stopped: 0.0000819 seconds, Stopping threads took: 0.0000229 seconds
[2020-01-13T13:26:42.795+0000][1][safepoint    ] Application time: 1.0001976 seconds
[2020-01-13T13:26:42.796+0000][1][safepoint    ] Entering safepoint region: Cleanup
[2020-01-13T13:26:42.796+0000][1][safepoint    ] Leaving safepoint region
[2020-01-13T13:26:42.796+0000][1][safepoint    ] Total time for which application threads were stopped: 0.0001229 seconds, Stopping threads took: 0.0000347 seconds
[2020-01-13T13:26:43.796+0000][1][safepoint    ] Application time: 1.0000862 seconds
[2020-01-13T13:26:43.796+0000][1][safepoint    ] Entering safepoint region: Cleanup
[2020-01-13T13:26:43.796+0000][1][safepoint    ] Leaving safepoint region
[2020-01-13T13:26:43.796+0000][1][safepoint    ] Total time for which application threads were stopped: 0.0000865 seconds, Stopping threads took: 0.0000232 seconds
[2020-01-13T13:26:44.796+0000][1][safepoint    ] Application time: 1.0001029 seconds
[2020-01-13T13:26:44.797+0000][1][safepoint    ] Entering safepoint region: Cleanup
[2020-01-13T13:26:44.797+0000][1][safepoint    ] Leaving safepoint region
[2020-01-13T13:26:44.797+0000][1][safepoint    ] Total time for which application threads were stopped: 0.0001572 seconds, Stopping threads took: 0.0000643 seconds
[2020-01-13T13:26:45.797+0000][1][safepoint    ] Application time: 1.0000827 seconds
[2020-01-13T13:26:45.797+0000][1][safepoint    ] Entering safepoint region: Cleanup
[2020-01-13T13:26:45.797+0000][1][safepoint    ] Leaving safepoint region
[2020-01-13T13:26:45.797+0000][1][safepoint    ] Total time for which application threads were stopped: 0.0000976 seconds, Stopping threads took: 0.0000299 seconds
[2020-01-13T13:26:46.798+0000][1][safepoint    ] Application time: 1.0001373 seconds
[2020-01-13T13:26:46.798+0000][1][safepoint    ] Entering safepoint region: Cleanup
[2020-01-13T13:26:46.798+0000][1][safepoint    ] Leaving safepoint region
[2020-01-13T13:26:46.798+0000][1][safepoint    ] Total time for which application threads were stopped: 0.0001381 seconds, Stopping threads took: 0.0000423 seconds
[2020-01-13T13:26:47.798+0000][1][safepoint    ] Application time: 1.0001872 seconds
[2020-01-13T13:26:47.798+0000][1][safepoint    ] Entering safepoint region: Cleanup
[2020-01-13T13:26:47.798+0000][1][safepoint    ] Leaving safepoint region
[2020-01-13T13:26:47.798+0000][1][safepoint    ] Total time for which application threads were stopped: 0.0001416 seconds, Stopping threads took: 0.0000350 seconds
[2020-01-13T13:26:48.798+0000][1][safepoint    ] Application time: 1.0001033 seconds
[2020-01-13T13:26:48.798+0000][1][safepoint    ] Entering safepoint region: Cleanup
[2020-01-13T13:26:48.799+0000][1][safepoint    ] Leaving safepoint region
[2020-01-13T13:26:48.799+0000][1][safepoint    ] Total time for which application threads were stopped: 0.0001360 seconds, Stopping threads took: 0.0000515 seconds
[2020-01-13T13:26:49.799+0000][1][safepoint    ] Application time: 1.0001270 seconds
[2020-01-13T13:26:49.799+0000][1][safepoint    ] Entering safepoint region: Cleanup
[2020-01-13T13:26:49.799+0000][1][safepoint    ] Leaving safepoint region
[2020-01-13T13:26:49.799+0000][1][safepoint    ] Total time for which application threads were stopped: 0.0001411 seconds, Stopping threads took: 0.0000412 seconds
[2020-01-13T13:26:50.799+0000][1][safepoint    ] Application time: 1.0001207 seconds
[2020-01-13T13:26:50.799+0000][1][safepoint    ] Entering safepoint region: Cleanup
[2020-01-13T13:26:50.799+0000][1][safepoint    ] Leaving safepoint region
[2020-01-13T13:26:50.799+0000][1][safepoint    ] Total time for which application threads were stopped: 0.0001433 seconds, Stopping threads took: 0.0000300 seconds
[2020-01-13T13:26:51.799+0000][1][safepoint    ] Application time: 1.0001387 seconds
[2020-01-13T13:26:51.799+0000][1][safepoint    ] Entering safepoint region: Cleanup
[2020-01-13T13:26:51.799+0000][1][safepoint    ] Leaving safepoint region
[2020-01-13T13:26:51.799+0000][1][safepoint    ] Total time for which application threads were stopped: 0.0000906 seconds, Stopping threads took: 0.0000236 seconds
[2020-01-13T13:26:52.796+0000][1][safepoint    ] Application time: 0.9959998 seconds
[2020-01-13T13:26:52.796+0000][1][safepoint    ] Entering safepoint region: GenCollectForAllocation
[2020-01-13T13:26:52.796+0000][1][gc,start     ] GC(45) Pause Young (Allocation Failure)
[2020-01-13T13:26:52.796+0000][1][gc,task      ] GC(45) Using 1 workers of 1 for evacuation
[2020-01-13T13:26:52.801+0000][1][gc,age       ] GC(45) Desired survivor size 4358144 bytes, new threshold 6 (max threshold 6)
[2020-01-13T13:26:52.801+0000][1][gc,age       ] GC(45) Age table with threshold 6 (max threshold 6)
[2020-01-13T13:26:52.801+0000][1][gc,age       ] GC(45) - age   1:     623528 bytes,     623528 total
[2020-01-13T13:26:52.801+0000][1][gc,age       ] GC(45) - age   2:       2656 bytes,     626184 total
[2020-01-13T13:26:52.801+0000][1][gc,age       ] GC(45) - age   3:       2624 bytes,     628808 total
[2020-01-13T13:26:52.801+0000][1][gc,age       ] GC(45) - age   4:       6280 bytes,     635088 total
[2020-01-13T13:26:52.801+0000][1][gc,age       ] GC(45) - age   5:       2488 bytes,     637576 total
[2020-01-13T13:26:52.801+0000][1][gc,age       ] GC(45) - age   6:       7920 bytes,     645496 total
[2020-01-13T13:26:52.802+0000][1][gc,heap      ] GC(45) ParNew: 68794K->1255K(76672K)
[2020-01-13T13:26:52.802+0000][1][gc,heap      ] GC(45) CMS: 67687K->67698K(176960K)
[2020-01-13T13:26:52.802+0000][1][gc,metaspace ] GC(45) Metaspace: 66209K->66209K(1110016K)
[2020-01-13T13:26:52.802+0000][1][gc           ] GC(45) Pause Young (Allocation Failure) 133M->67M(247M) 5.874ms
[2020-01-13T13:26:52.802+0000][1][gc,cpu       ] GC(45) User=0.00s Sys=0.00s Real=0.01s
[2020-01-13T13:26:52.802+0000][1][safepoint    ] Leaving safepoint region
[2020-01-13T13:26:52.802+0000][1][safepoint    ] Total time for which application threads were stopped: 0.0062216 seconds, Stopping threads took: 0.0000178 seconds
[2020-01-13T13:26:53.803+0000][1][safepoint    ] Application time: 1.0007945 seconds
[2020-01-13T13:26:53.803+0000][1][safepoint    ] Entering safepoint region: Cleanup
[2020-01-13T13:26:53.803+0000][1][safepoint    ] Leaving safepoint region
[2020-01-13T13:26:53.803+0000][1][safepoint    ] Total time for which application threads were stopped: 0.0001026 seconds, Stopping threads took: 0.0000232 seconds
[2020-01-13T13:26:54.803+0000][1][safepoint    ] Application time: 1.0000962 seconds
[2020-01-13T13:26:54.803+0000][1][safepoint    ] Entering safepoint region: Cleanup
[2020-01-13T13:26:54.803+0000][1][safepoint    ] Leaving safepoint region
[2020-01-13T13:26:54.803+0000][1][safepoint    ] Total time for which application threads were stopped: 0.0002044 seconds, Stopping threads took: 0.0000299 seconds
[2020-01-13T13:26:55.803+0000][1][safepoint    ] Application time: 1.0001463 seconds
[2020-01-13T13:26:55.803+0000][1][safepoint    ] Entering safepoint region: Cleanup
[2020-01-13T13:26:55.803+0000][1][safepoint    ] Leaving safepoint region
[2020-01-13T13:26:55.804+0000][1][safepoint    ] Total time for which application threads were stopped: 0.0001074 seconds, Stopping threads took: 0.0000293 seconds
[2020-01-13T13:26:56.804+0000][1][safepoint    ] Application time: 1.0001202 seconds
[2020-01-13T13:26:56.804+0000][1][safepoint    ] Entering safepoint region: Cleanup
[2020-01-13T13:26:56.804+0000][1][safepoint    ] Leaving safepoint region
[2020-01-13T13:26:56.804+0000][1][safepoint    ] Total time for which application threads were stopped: 0.0001108 seconds, Stopping threads took: 0.0000319 seconds
[2020-01-13T13:26:57.804+0000][1][safepoint    ] Application time: 1.0001489 seconds
[2020-01-13T13:26:57.804+0000][1][safepoint    ] Entering safepoint region: Cleanup
[2020-01-13T13:26:57.804+0000][1][safepoint    ] Leaving safepoint region
[2020-01-13T13:26:57.804+0000][1][safepoint    ] Total time for which application threads were stopped: 0.0001201 seconds, Stopping threads took: 0.0000338 seconds
[2020-01-13T13:26:58.804+0000][1][safepoint    ] Application time: 1.0001183 seconds
[2020-01-13T13:26:58.804+0000][1][safepoint    ] Entering safepoint region: Cleanup
[2020-01-13T13:26:58.804+0000][1][safepoint    ] Leaving safepoint region
[2020-01-13T13:26:58.804+0000][1][safepoint    ] Total time for which application threads were stopped: 0.0001142 seconds, Stopping threads took: 0.0000331 seconds
[2020-01-13T13:26:59.805+0000][1][safepoint    ] Application time: 1.0001281 seconds
[2020-01-13T13:26:59.806+0000][1][safepoint    ] Entering safepoint region: Cleanup
[2020-01-13T13:26:59.806+0000][1][safepoint    ] Leaving safepoint region
[2020-01-13T13:26:59.806+0000][1][safepoint    ] Total time for which application threads were stopped: 0.0001219 seconds, Stopping threads took: 0.0000436 seconds
[2020-01-13T13:27:00.806+0000][1][safepoint    ] Application time: 1.0002966 seconds
[2020-01-13T13:27:00.806+0000][1][safepoint    ] Entering safepoint region: Cleanup
[2020-01-13T13:27:00.806+0000][1][safepoint    ] Leaving safepoint region
[2020-01-13T13:27:00.806+0000][1][safepoint    ] Total time for which application threads were stopped: 0.0001261 seconds, Stopping threads took: 0.0000355 seconds
[2020-01-13T13:27:01.806+0000][1][safepoint    ] Application time: 1.0001401 seconds
[2020-01-13T13:27:01.806+0000][1][safepoint    ] Entering safepoint region: Cleanup
[2020-01-13T13:27:01.807+0000][1][safepoint    ] Leaving safepoint region
[2020-01-13T13:27:01.807+0000][1][safepoint    ] Total time for which application threads were stopped: 0.0001019 seconds, Stopping threads took: 0.0000279 seconds
[2020-01-13T13:27:02.807+0000][1][safepoint    ] Application time: 1.0001366 seconds
[2020-01-13T13:27:02.807+0000][1][safepoint    ] Entering safepoint region: Cleanup
[2020-01-13T13:27:02.807+0000][1][safepoint    ] Leaving safepoint region
[2020-01-13T13:27:02.807+0000][1][safepoint    ] Total time for which application threads were stopped: 0.0001103 seconds, Stopping threads took: 0.0000271 seconds
[2020-01-13T13:27:03.807+0000][1][safepoint    ] Application time: 1.0001476 seconds
[2020-01-13T13:27:03.807+0000][1][safepoint    ] Entering safepoint region: Cleanup
[2020-01-13T13:27:03.807+0000][1][safepoint    ] Leaving safepoint region
[2020-01-13T13:27:03.807+0000][1][safepoint    ] Total time for which application threads were stopped: 0.0000983 seconds, Stopping threads took: 0.0000301 seconds
[2020-01-13T13:27:04.807+0000][1][safepoint    ] Application time: 1.0001508 seconds
[2020-01-13T13:27:04.809+0000][1][safepoint    ] Entering safepoint region: Cleanup
[2020-01-13T13:27:04.809+0000][1][safepoint    ] Leaving safepoint region
[2020-01-13T13:27:04.809+0000][1][safepoint    ] Total time for which application threads were stopped: 0.0002364 seconds, Stopping threads took: 0.0000747 seconds
[2020-01-13T13:27:05.809+0000][1][safepoint    ] Application time: 1.0001674 seconds
[2020-01-13T13:27:05.809+0000][1][safepoint    ] Entering safepoint region: Cleanup
[2020-01-13T13:27:05.809+0000][1][safepoint    ] Leaving safepoint region
[2020-01-13T13:27:05.809+0000][1][safepoint    ] Total time for which application threads were stopped: 0.0001399 seconds, Stopping threads took: 0.0000334 seconds
[2020-01-13T13:27:06.809+0000][1][safepoint    ] Application time: 1.0001534 seconds
[2020-01-13T13:27:06.809+0000][1][safepoint    ] Entering safepoint region: Cleanup
[2020-01-13T13:27:06.810+0000][1][safepoint    ] Leaving safepoint region
[2020-01-13T13:27:06.810+0000][1][safepoint    ] Total time for which application threads were stopped: 0.0001161 seconds, Stopping threads took: 0.0000287 seconds
[2020-01-13T13:27:07.810+0000][1][safepoint    ] Application time: 1.0001481 seconds
[2020-01-13T13:27:07.810+0000][1][safepoint    ] Entering safepoint region: Cleanup
[2020-01-13T13:27:07.810+0000][1][safepoint    ] Leaving safepoint region
[2020-01-13T13:27:07.810+0000][1][safepoint    ] Total time for which application threads were stopped: 0.0001189 seconds, Stopping threads took: 0.0000266 seconds
[2020-01-13T13:27:08.810+0000][1][safepoint    ] Application time: 1.0001761 seconds
[2020-01-13T13:27:08.810+0000][1][safepoint    ] Entering safepoint region: Cleanup
[2020-01-13T13:27:08.810+0000][1][safepoint    ] Leaving safepoint region
[2020-01-13T13:27:08.810+0000][1][safepoint    ] Total time for which application threads were stopped: 0.0001035 seconds, Stopping threads took: 0.0000328 seconds
[2020-01-13T13:27:09.810+0000][1][safepoint    ] Application time: 1.0001348 seconds
[2020-01-13T13:27:09.812+0000][1][safepoint    ] Entering safepoint region: Cleanup
[2020-01-13T13:27:09.812+0000][1][safepoint    ] Leaving safepoint region
[2020-01-13T13:27:09.812+0000][1][safepoint    ] Total time for which application threads were stopped: 0.0001437 seconds, Stopping threads took: 0.0000477 seconds
[2020-01-13T13:27:10.812+0000][1][safepoint    ] Application time: 1.0001616 seconds
[2020-01-13T13:27:10.812+0000][1][safepoint    ] Entering safepoint region: Cleanup
[2020-01-13T13:27:10.812+0000][1][safepoint    ] Leaving safepoint region
[2020-01-13T13:27:10.812+0000][1][safepoint    ] Total time for which application threads were stopped: 0.0001061 seconds, Stopping threads took: 0.0000340 seconds
[2020-01-13T13:27:11.812+0000][1][safepoint    ] Application time: 1.0001657 seconds
[2020-01-13T13:27:11.813+0000][1][safepoint    ] Entering safepoint region: Cleanup
[2020-01-13T13:27:11.813+0000][1][safepoint    ] Leaving safepoint region
[2020-01-13T13:27:11.813+0000][1][safepoint    ] Total time for which application threads were stopped: 0.0001424 seconds, Stopping threads took: 0.0000481 seconds
[2020-01-13T13:27:12.813+0000][1][safepoint    ] Application time: 1.0001591 seconds
[2020-01-13T13:27:12.813+0000][1][safepoint    ] Entering safepoint region: Cleanup
[2020-01-13T13:27:12.813+0000][1][safepoint    ] Leaving safepoint region
[2020-01-13T13:27:12.813+0000][1][safepoint    ] Total time for which application threads were stopped: 0.0001012 seconds, Stopping threads took: 0.0000285 seconds
[2020-01-13T13:27:13.813+0000][1][safepoint    ] Application time: 1.0001594 seconds
[2020-01-13T13:27:13.813+0000][1][safepoint    ] Entering safepoint region: Cleanup
[2020-01-13T13:27:13.813+0000][1][safepoint    ] Leaving safepoint region
[2020-01-13T13:27:13.813+0000][1][safepoint    ] Total time for which application threads were stopped: 0.0001116 seconds, Stopping threads took: 0.0000276 seconds
[2020-01-13T13:27:14.814+0000][1][safepoint    ] Application time: 1.0001571 seconds
[2020-01-13T13:27:14.814+0000][1][safepoint    ] Entering safepoint region: Cleanup
[2020-01-13T13:27:14.815+0000][1][safepoint    ] Leaving safepoint region
[2020-01-13T13:27:14.815+0000][1][safepoint    ] Total time for which application threads were stopped: 0.0001728 seconds, Stopping threads took: 0.0000442 seconds
[2020-01-13T13:27:15.815+0000][1][safepoint    ] Application time: 1.0001652 seconds
[2020-01-13T13:27:15.815+0000][1][safepoint    ] Entering safepoint region: Cleanup
[2020-01-13T13:27:15.815+0000][1][safepoint    ] Leaving safepoint region
[2020-01-13T13:27:15.815+0000][1][safepoint    ] Total time for which application threads were stopped: 0.0001186 seconds, Stopping threads took: 0.0000345 seconds
[2020-01-13T13:27:16.815+0000][1][safepoint    ] Application time: 1.0001538 seconds
[2020-01-13T13:27:16.815+0000][1][safepoint    ] Entering safepoint region: Cleanup
[2020-01-13T13:27:16.815+0000][1][safepoint    ] Leaving safepoint region
[2020-01-13T13:27:16.815+0000][1][safepoint    ] Total time for which application threads were stopped: 0.0001024 seconds, Stopping threads took: 0.0000286 seconds
[2020-01-13T13:27:17.815+0000][1][safepoint    ] Application time: 1.0002068 seconds
[2020-01-13T13:27:17.816+0000][1][safepoint    ] Entering safepoint region: Cleanup
[2020-01-13T13:27:17.816+0000][1][safepoint    ] Leaving safepoint region
[2020-01-13T13:27:17.816+0000][1][safepoint    ] Total time for which application threads were stopped: 0.0001309 seconds, Stopping threads took: 0.0000402 seconds
[2020-01-13T13:27:18.816+0000][1][safepoint    ] Application time: 1.0001460 seconds
[2020-01-13T13:27:18.816+0000][1][safepoint    ] Entering safepoint region: Cleanup
[2020-01-13T13:27:18.816+0000][1][safepoint    ] Leaving safepoint region
[2020-01-13T13:27:18.816+0000][1][safepoint    ] Total time for which application threads were stopped: 0.0001040 seconds, Stopping threads took: 0.0000265 seconds
[2020-01-13T13:27:19.816+0000][1][safepoint    ] Application time: 1.0001733 seconds
[2020-01-13T13:27:19.816+0000][1][safepoint    ] Entering safepoint region: Cleanup
[2020-01-13T13:27:19.816+0000][1][safepoint    ] Leaving safepoint region
[2020-01-13T13:27:19.816+0000][1][safepoint    ] Total time for which application threads were stopped: 0.0001836 seconds, Stopping threads took: 0.0000656 seconds
[2020-01-13T13:27:20.817+0000][1][safepoint    ] Application time: 1.0002021 seconds
[2020-01-13T13:27:20.817+0000][1][safepoint    ] Entering safepoint region: Cleanup
[2020-01-13T13:27:20.817+0000][1][safepoint    ] Leaving safepoint region
[2020-01-13T13:27:20.817+0000][1][safepoint    ] Total time for which application threads were stopped: 0.0001413 seconds, Stopping threads took: 0.0000389 seconds
[2020-01-13T13:27:21.817+0000][1][safepoint    ] Application time: 1.0001604 seconds
[2020-01-13T13:27:21.817+0000][1][safepoint    ] Entering safepoint region: Cleanup
[2020-01-13T13:27:21.817+0000][1][safepoint    ] Leaving safepoint region
[2020-01-13T13:27:21.817+0000][1][safepoint    ] Total time for which application threads were stopped: 0.0001157 seconds, Stopping threads took: 0.0000282 seconds
[2020-01-13T13:27:22.817+0000][1][safepoint    ] Application time: 1.0001531 seconds
[2020-01-13T13:27:22.818+0000][1][safepoint    ] Entering safepoint region: Cleanup
[2020-01-13T13:27:22.818+0000][1][safepoint    ] Leaving safepoint region
[2020-01-13T13:27:22.818+0000][1][safepoint    ] Total time for which application threads were stopped: 0.0001023 seconds, Stopping threads took: 0.0000326 seconds
[2020-01-13T13:27:23.818+0000][1][safepoint    ] Application time: 1.0001980 seconds
[2020-01-13T13:27:23.818+0000][1][safepoint    ] Entering safepoint region: Cleanup
[2020-01-13T13:27:23.818+0000][1][safepoint    ] Leaving safepoint region
[2020-01-13T13:27:23.818+0000][1][safepoint    ] Total time for which application threads were stopped: 0.0001131 seconds, Stopping threads took: 0.0000425 seconds
[2020-01-13T13:27:24.818+0000][1][safepoint    ] Application time: 1.0001156 seconds
[2020-01-13T13:27:24.818+0000][1][safepoint    ] Entering safepoint region: Cleanup
[2020-01-13T13:27:24.818+0000][1][safepoint    ] Leaving safepoint region
[2020-01-13T13:27:24.818+0000][1][safepoint    ] Total time for which application threads were stopped: 0.0001493 seconds, Stopping threads took: 0.0000471 seconds
[2020-01-13T13:27:25.819+0000][1][safepoint    ] Application time: 1.0001528 seconds
[2020-01-13T13:27:25.819+0000][1][safepoint    ] Entering safepoint region: Cleanup
[2020-01-13T13:27:25.819+0000][1][safepoint    ] Leaving safepoint region
[2020-01-13T13:27:25.819+0000][1][safepoint    ] Total time for which application threads were stopped: 0.0001166 seconds, Stopping threads took: 0.0000415 seconds
[2020-01-13T13:27:26.819+0000][1][safepoint    ] Application time: 1.0001000 seconds
[2020-01-13T13:27:26.819+0000][1][safepoint    ] Entering safepoint region: Cleanup
[2020-01-13T13:27:26.819+0000][1][safepoint    ] Leaving safepoint region
[2020-01-13T13:27:26.819+0000][1][safepoint    ] Total time for which application threads were stopped: 0.0001216 seconds, Stopping threads took: 0.0000343 seconds
[2020-01-13T13:27:27.819+0000][1][safepoint    ] Application time: 1.0001876 seconds
[2020-01-13T13:27:27.819+0000][1][safepoint    ] Entering safepoint region: Cleanup
[2020-01-13T13:27:27.819+0000][1][safepoint    ] Leaving safepoint region
[2020-01-13T13:27:27.819+0000][1][safepoint    ] Total time for which application threads were stopped: 0.0001114 seconds, Stopping threads took: 0.0000289 seconds
[2020-01-13T13:27:28.820+0000][1][safepoint    ] Application time: 1.0001451 seconds
[2020-01-13T13:27:28.820+0000][1][safepoint    ] Entering safepoint region: Cleanup
[2020-01-13T13:27:28.820+0000][1][safepoint    ] Leaving safepoint region
[2020-01-13T13:27:28.820+0000][1][safepoint    ] Total time for which application threads were stopped: 0.0001037 seconds, Stopping threads took: 0.0000284 seconds
[2020-01-13T13:27:29.809+0000][1][safepoint    ] Application time: 0.9889732 seconds
[2020-01-13T13:27:29.809+0000][1][safepoint    ] Entering safepoint region: GenCollectForAllocation
[2020-01-13T13:27:29.809+0000][1][gc,start     ] GC(46) Pause Young (Allocation Failure)
[2020-01-13T13:27:29.809+0000][1][gc,task      ] GC(46) Using 1 workers of 1 for evacuation
[2020-01-13T13:27:29.815+0000][1][gc,age       ] GC(46) Desired survivor size 4358144 bytes, new threshold 6 (max threshold 6)
[2020-01-13T13:27:29.815+0000][1][gc,age       ] GC(46) Age table with threshold 6 (max threshold 6)
[2020-01-13T13:27:29.815+0000][1][gc,age       ] GC(46) - age   1:     602960 bytes,     602960 total
[2020-01-13T13:27:29.815+0000][1][gc,age       ] GC(46) - age   2:       3752 bytes,     606712 total
[2020-01-13T13:27:29.815+0000][1][gc,age       ] GC(46) - age   3:       2656 bytes,     609368 total
[2020-01-13T13:27:29.815+0000][1][gc,age       ] GC(46) - age   4:       2624 bytes,     611992 total
[2020-01-13T13:27:29.815+0000][1][gc,age       ] GC(46) - age   5:       6280 bytes,     618272 total
[2020-01-13T13:27:29.815+0000][1][gc,age       ] GC(46) - age   6:       2488 bytes,     620760 total
[2020-01-13T13:27:29.815+0000][1][gc,heap      ] GC(46) ParNew: 69355K->786K(76672K)
[2020-01-13T13:27:29.815+0000][1][gc,heap      ] GC(46) CMS: 67698K->67706K(176960K)
[2020-01-13T13:27:29.815+0000][1][gc,metaspace ] GC(46) Metaspace: 66212K->66212K(1110016K)
[2020-01-13T13:27:29.815+0000][1][gc           ] GC(46) Pause Young (Allocation Failure) 133M->66M(247M) 5.723ms
[2020-01-13T13:27:29.815+0000][1][gc,cpu       ] GC(46) User=0.01s Sys=0.00s Real=0.01s
[2020-01-13T13:27:29.815+0000][1][safepoint    ] Leaving safepoint region
[2020-01-13T13:27:29.815+0000][1][safepoint    ] Total time for which application threads were stopped: 0.0059161 seconds, Stopping threads took: 0.0000320 seconds
[2020-01-13T13:27:30.815+0000][1][safepoint    ] Application time: 1.0004172 seconds
[2020-01-13T13:27:30.815+0000][1][safepoint    ] Entering safepoint region: Cleanup
[2020-01-13T13:27:30.815+0000][1][safepoint    ] Leaving safepoint region
[2020-01-13T13:27:30.815+0000][1][safepoint    ] Total time for which application threads were stopped: 0.0001507 seconds, Stopping threads took: 0.0000393 seconds
[2020-01-13T13:27:31.816+0000][1][safepoint    ] Application time: 1.0001331 seconds
[2020-01-13T13:27:31.816+0000][1][safepoint    ] Entering safepoint region: Cleanup
[2020-01-13T13:27:31.816+0000][1][safepoint    ] Leaving safepoint region
[2020-01-13T13:27:31.816+0000][1][safepoint    ] Total time for which application threads were stopped: 0.0001353 seconds, Stopping threads took: 0.0000503 seconds
[2020-01-13T13:27:32.816+0000][1][safepoint    ] Application time: 1.0001649 seconds
[2020-01-13T13:27:32.816+0000][1][safepoint    ] Entering safepoint region: Cleanup
[2020-01-13T13:27:32.816+0000][1][safepoint    ] Leaving safepoint region
[2020-01-13T13:27:32.816+0000][1][safepoint    ] Total time for which application threads were stopped: 0.0001249 seconds, Stopping threads took: 0.0000281 seconds
[2020-01-13T13:27:33.816+0000][1][safepoint    ] Application time: 1.0001395 seconds
[2020-01-13T13:27:33.816+0000][1][safepoint    ] Entering safepoint region: Cleanup
[2020-01-13T13:27:33.816+0000][1][safepoint    ] Leaving safepoint region
[2020-01-13T13:27:33.816+0000][1][safepoint    ] Total time for which application threads were stopped: 0.0001409 seconds, Stopping threads took: 0.0000365 seconds
[2020-01-13T13:27:34.817+0000][1][safepoint    ] Application time: 1.0001686 seconds
[2020-01-13T13:27:34.817+0000][1][safepoint    ] Entering safepoint region: Cleanup
[2020-01-13T13:27:34.817+0000][1][safepoint    ] Leaving safepoint region
[2020-01-13T13:27:34.817+0000][1][safepoint    ] Total time for which application threads were stopped: 0.0001332 seconds, Stopping threads took: 0.0000388 seconds
[2020-01-13T13:27:35.817+0000][1][safepoint    ] Application time: 1.0001431 seconds
[2020-01-13T13:27:35.818+0000][1][safepoint    ] Entering safepoint region: Cleanup
[2020-01-13T13:27:35.818+0000][1][safepoint    ] Leaving safepoint region
[2020-01-13T13:27:35.818+0000][1][safepoint    ] Total time for which application threads were stopped: 0.0001211 seconds, Stopping threads took: 0.0000487 seconds
[2020-01-13T13:27:36.818+0000][1][safepoint    ] Application time: 1.0001647 seconds
[2020-01-13T13:27:36.818+0000][1][safepoint    ] Entering safepoint region: Cleanup
[2020-01-13T13:27:36.818+0000][1][safepoint    ] Leaving safepoint region
[2020-01-13T13:27:36.818+0000][1][safepoint    ] Total time for which application threads were stopped: 0.0001011 seconds, Stopping threads took: 0.0000272 seconds
[2020-01-13T13:27:37.819+0000][1][safepoint    ] Application time: 1.0001507 seconds
[2020-01-13T13:27:37.819+0000][1][safepoint    ] Entering safepoint region: Cleanup
[2020-01-13T13:27:37.819+0000][1][safepoint    ] Leaving safepoint region
[2020-01-13T13:27:37.819+0000][1][safepoint    ] Total time for which application threads were stopped: 0.0001670 seconds, Stopping threads took: 0.0000273 seconds
[2020-01-13T13:27:38.819+0000][1][safepoint    ] Application time: 1.0001409 seconds
[2020-01-13T13:27:38.819+0000][1][safepoint    ] Entering safepoint region: Cleanup
[2020-01-13T13:27:38.819+0000][1][safepoint    ] Leaving safepoint region
[2020-01-13T13:27:38.819+0000][1][safepoint    ] Total time for which application threads were stopped: 0.0001162 seconds, Stopping threads took: 0.0000351 seconds
[2020-01-13T13:27:39.819+0000][1][safepoint    ] Application time: 1.0001279 seconds
[2020-01-13T13:27:39.820+0000][1][safepoint    ] Entering safepoint region: Cleanup
[2020-01-13T13:27:39.820+0000][1][safepoint    ] Leaving safepoint region
[2020-01-13T13:27:39.820+0000][1][safepoint    ] Total time for which application threads were stopped: 0.0001280 seconds, Stopping threads took: 0.0000429 seconds
[2020-01-13T13:27:40.820+0000][1][safepoint    ] Application time: 1.0001547 seconds
[2020-01-13T13:27:40.821+0000][1][safepoint    ] Entering safepoint region: Cleanup
[2020-01-13T13:27:40.821+0000][1][safepoint    ] Leaving safepoint region
[2020-01-13T13:27:40.821+0000][1][safepoint    ] Total time for which application threads were stopped: 0.0001731 seconds, Stopping threads took: 0.0000680 seconds
[2020-01-13T13:27:41.821+0000][1][safepoint    ] Application time: 1.0001222 seconds
[2020-01-13T13:27:41.821+0000][1][safepoint    ] Entering safepoint region: Cleanup
[2020-01-13T13:27:41.821+0000][1][safepoint    ] Leaving safepoint region
[2020-01-13T13:27:41.821+0000][1][safepoint    ] Total time for which application threads were stopped: 0.0001665 seconds, Stopping threads took: 0.0000656 seconds
[2020-01-13T13:27:42.822+0000][1][safepoint    ] Application time: 1.0001479 seconds
[2020-01-13T13:27:42.822+0000][1][safepoint    ] Entering safepoint region: Cleanup
[2020-01-13T13:27:42.822+0000][1][safepoint    ] Leaving safepoint region
[2020-01-13T13:27:42.822+0000][1][safepoint    ] Total time for which application threads were stopped: 0.0002284 seconds, Stopping threads took: 0.0000306 seconds
[2020-01-13T13:27:43.822+0000][1][safepoint    ] Application time: 1.0001474 seconds
[2020-01-13T13:27:43.822+0000][1][safepoint    ] Entering safepoint region: Cleanup
[2020-01-13T13:27:43.822+0000][1][safepoint    ] Leaving safepoint region
[2020-01-13T13:27:43.822+0000][1][safepoint    ] Total time for which application threads were stopped: 0.0000964 seconds, Stopping threads took: 0.0000266 seconds
[2020-01-13T13:27:44.822+0000][1][safepoint    ] Application time: 1.0001452 seconds
[2020-01-13T13:27:44.822+0000][1][safepoint    ] Entering safepoint region: Cleanup
[2020-01-13T13:27:44.823+0000][1][safepoint    ] Leaving safepoint region
[2020-01-13T13:27:44.823+0000][1][safepoint    ] Total time for which application threads were stopped: 0.0001398 seconds, Stopping threads took: 0.0000362 seconds
[2020-01-13T13:27:45.823+0000][1][safepoint    ] Application time: 1.0002233 seconds
[2020-01-13T13:27:45.824+0000][1][safepoint    ] Entering safepoint region: Cleanup
[2020-01-13T13:27:45.824+0000][1][safepoint    ] Leaving safepoint region
[2020-01-13T13:27:45.824+0000][1][safepoint    ] Total time for which application threads were stopped: 0.0001504 seconds, Stopping threads took: 0.0000513 seconds
[2020-01-13T13:27:46.824+0000][1][safepoint    ] Application time: 1.0001503 seconds
[2020-01-13T13:27:46.824+0000][1][safepoint    ] Entering safepoint region: Cleanup
[2020-01-13T13:27:46.824+0000][1][safepoint    ] Leaving safepoint region
[2020-01-13T13:27:46.824+0000][1][safepoint    ] Total time for which application threads were stopped: 0.0001182 seconds, Stopping threads took: 0.0000313 seconds
[2020-01-13T13:27:47.825+0000][1][safepoint    ] Application time: 1.0001563 seconds
[2020-01-13T13:27:47.825+0000][1][safepoint    ] Entering safepoint region: Cleanup
[2020-01-13T13:27:47.825+0000][1][safepoint    ] Leaving safepoint region
[2020-01-13T13:27:47.825+0000][1][safepoint    ] Total time for which application threads were stopped: 0.0001439 seconds, Stopping threads took: 0.0000496 seconds
[2020-01-13T13:27:48.825+0000][1][safepoint    ] Application time: 1.0001585 seconds
[2020-01-13T13:27:48.825+0000][1][safepoint    ] Entering safepoint region: Cleanup
[2020-01-13T13:27:48.825+0000][1][safepoint    ] Leaving safepoint region
[2020-01-13T13:27:48.825+0000][1][safepoint    ] Total time for which application threads were stopped: 0.0001257 seconds, Stopping threads took: 0.0000347 seconds
[2020-01-13T13:27:49.825+0000][1][safepoint    ] Application time: 1.0001466 seconds
[2020-01-13T13:27:49.825+0000][1][safepoint    ] Entering safepoint region: Cleanup
[2020-01-13T13:27:49.825+0000][1][safepoint    ] Leaving safepoint region
[2020-01-13T13:27:49.825+0000][1][safepoint    ] Total time for which application threads were stopped: 0.0001202 seconds, Stopping threads took: 0.0000312 seconds
[2020-01-13T13:27:50.826+0000][1][safepoint    ] Application time: 1.0001513 seconds
[2020-01-13T13:27:50.826+0000][1][safepoint    ] Entering safepoint region: Cleanup
[2020-01-13T13:27:50.826+0000][1][safepoint    ] Leaving safepoint region
[2020-01-13T13:27:50.826+0000][1][safepoint    ] Total time for which application threads were stopped: 0.0001118 seconds, Stopping threads took: 0.0000280 seconds
[2020-01-13T13:27:51.826+0000][1][safepoint    ] Application time: 1.0001573 seconds
[2020-01-13T13:27:51.826+0000][1][safepoint    ] Entering safepoint region: Cleanup
[2020-01-13T13:27:51.826+0000][1][safepoint    ] Leaving safepoint region
[2020-01-13T13:27:51.826+0000][1][safepoint    ] Total time for which application threads were stopped: 0.0001487 seconds, Stopping threads took: 0.0000435 seconds
[2020-01-13T13:27:52.826+0000][1][safepoint    ] Application time: 1.0001621 seconds
[2020-01-13T13:27:52.826+0000][1][safepoint    ] Entering safepoint region: Cleanup
[2020-01-13T13:27:52.827+0000][1][safepoint    ] Leaving safepoint region
[2020-01-13T13:27:52.827+0000][1][safepoint    ] Total time for which application threads were stopped: 0.0001794 seconds, Stopping threads took: 0.0000369 seconds
[2020-01-13T13:27:53.827+0000][1][safepoint    ] Application time: 1.0001672 seconds
[2020-01-13T13:27:53.827+0000][1][safepoint    ] Entering safepoint region: Cleanup
[2020-01-13T13:27:53.827+0000][1][safepoint    ] Leaving safepoint region
[2020-01-13T13:27:53.827+0000][1][safepoint    ] Total time for which application threads were stopped: 0.0001054 seconds, Stopping threads took: 0.0000285 seconds
[2020-01-13T13:27:54.827+0000][1][safepoint    ] Application time: 1.0001428 seconds
[2020-01-13T13:27:54.827+0000][1][safepoint    ] Entering safepoint region: Cleanup
[2020-01-13T13:27:54.827+0000][1][safepoint    ] Leaving safepoint region
[2020-01-13T13:27:54.827+0000][1][safepoint    ] Total time for which application threads were stopped: 0.0001348 seconds, Stopping threads took: 0.0000314 seconds
[2020-01-13T13:27:55.828+0000][1][safepoint    ] Application time: 1.0001990 seconds
[2020-01-13T13:27:55.828+0000][1][safepoint    ] Entering safepoint region: Cleanup
[2020-01-13T13:27:55.828+0000][1][safepoint    ] Leaving safepoint region
[2020-01-13T13:27:55.828+0000][1][safepoint    ] Total time for which application threads were stopped: 0.0000982 seconds, Stopping threads took: 0.0000313 seconds
[2020-01-13T13:27:56.828+0000][1][safepoint    ] Application time: 1.0001625 seconds
[2020-01-13T13:27:56.828+0000][1][safepoint    ] Entering safepoint region: Cleanup
[2020-01-13T13:27:56.828+0000][1][safepoint    ] Leaving safepoint region
[2020-01-13T13:27:56.828+0000][1][safepoint    ] Total time for which application threads were stopped: 0.0001267 seconds, Stopping threads took: 0.0000357 seconds
[2020-01-13T13:27:57.828+0000][1][safepoint    ] Application time: 1.0000947 seconds
[2020-01-13T13:27:57.828+0000][1][safepoint    ] Entering safepoint region: Cleanup
[2020-01-13T13:27:57.828+0000][1][safepoint    ] Leaving safepoint region
[2020-01-13T13:27:57.828+0000][1][safepoint    ] Total time for which application threads were stopped: 0.0001045 seconds, Stopping threads took: 0.0000391 seconds
[2020-01-13T13:27:59.224+0000][1][safepoint    ] Application time: 1.3960760 seconds
[2020-01-13T13:27:59.225+0000][1][safepoint    ] Entering safepoint region: Cleanup
[2020-01-13T13:27:59.225+0000][1][safepoint    ] Leaving safepoint region
[2020-01-13T13:27:59.225+0000][1][safepoint    ] Total time for which application threads were stopped: 0.0001715 seconds, Stopping threads took: 0.0000285 seconds
[2020-01-13T13:28:00.225+0000][1][safepoint    ] Application time: 1.0001651 seconds
[2020-01-13T13:28:00.226+0000][1][safepoint    ] Entering safepoint region: Cleanup
[2020-01-13T13:28:00.226+0000][1][safepoint    ] Leaving safepoint region
[2020-01-13T13:28:00.226+0000][1][safepoint    ] Total time for which application threads were stopped: 0.0001525 seconds, Stopping threads took: 0.0000723 seconds
[2020-01-13T13:28:01.226+0000][1][safepoint    ] Application time: 1.0001680 seconds
[2020-01-13T13:28:01.226+0000][1][safepoint    ] Entering safepoint region: Cleanup
[2020-01-13T13:28:01.227+0000][1][safepoint    ] Leaving safepoint region
[2020-01-13T13:28:01.227+0000][1][safepoint    ] Total time for which application threads were stopped: 0.0001002 seconds, Stopping threads took: 0.0000288 seconds
[2020-01-13T13:28:02.852+0000][1][safepoint    ] Application time: 1.6259145 seconds
[2020-01-13T13:28:02.853+0000][1][safepoint    ] Entering safepoint region: Cleanup
[2020-01-13T13:28:02.853+0000][1][safepoint    ] Leaving safepoint region
[2020-01-13T13:28:02.853+0000][1][safepoint    ] Total time for which application threads were stopped: 0.0001399 seconds, Stopping threads took: 0.0000347 seconds
[2020-01-13T13:28:03.853+0000][1][safepoint    ] Application time: 1.0002573 seconds
[2020-01-13T13:28:03.853+0000][1][safepoint    ] Entering safepoint region: Cleanup
[2020-01-13T13:28:03.853+0000][1][safepoint    ] Leaving safepoint region
[2020-01-13T13:28:03.853+0000][1][safepoint    ] Total time for which application threads were stopped: 0.0001326 seconds, Stopping threads took: 0.0000372 seconds
[2020-01-13T13:28:04.853+0000][1][safepoint    ] Application time: 1.0001509 seconds
[2020-01-13T13:28:04.853+0000][1][safepoint    ] Entering safepoint region: Cleanup
[2020-01-13T13:28:04.853+0000][1][safepoint    ] Leaving safepoint region
[2020-01-13T13:28:04.853+0000][1][safepoint    ] Total time for which application threads were stopped: 0.0001150 seconds, Stopping threads took: 0.0000279 seconds
[2020-01-13T13:28:05.854+0000][1][safepoint    ] Application time: 1.0001311 seconds
[2020-01-13T13:28:05.854+0000][1][safepoint    ] Entering safepoint region: Cleanup
[2020-01-13T13:28:05.854+0000][1][safepoint    ] Leaving safepoint region
[2020-01-13T13:28:05.854+0000][1][safepoint    ] Total time for which application threads were stopped: 0.0001179 seconds, Stopping threads took: 0.0000280 seconds
[2020-01-13T13:28:06.854+0000][1][safepoint    ] Application time: 1.0001347 seconds
[2020-01-13T13:28:06.854+0000][1][safepoint    ] Entering safepoint region: Cleanup
[2020-01-13T13:28:06.854+0000][1][safepoint    ] Leaving safepoint region
[2020-01-13T13:28:06.854+0000][1][safepoint    ] Total time for which application threads were stopped: 0.0001540 seconds, Stopping threads took: 0.0000347 seconds
[2020-01-13T13:28:07.854+0000][1][safepoint    ] Application time: 1.0001433 seconds
[2020-01-13T13:28:07.854+0000][1][safepoint    ] Entering safepoint region: Cleanup
[2020-01-13T13:28:07.855+0000][1][safepoint    ] Leaving safepoint region
[2020-01-13T13:28:07.855+0000][1][safepoint    ] Total time for which application threads were stopped: 0.0001034 seconds, Stopping threads took: 0.0000285 seconds
[2020-01-13T13:28:08.577+0000][1][safepoint    ] Application time: 0.7224351 seconds
[2020-01-13T13:28:08.577+0000][1][safepoint    ] Entering safepoint region: GenCollectForAllocation
[2020-01-13T13:28:08.577+0000][1][gc,start     ] GC(47) Pause Young (Allocation Failure)
[2020-01-13T13:28:08.577+0000][1][gc,task      ] GC(47) Using 1 workers of 1 for evacuation
[2020-01-13T13:28:08.583+0000][1][gc,age       ] GC(47) Desired survivor size 4358144 bytes, new threshold 6 (max threshold 6)
[2020-01-13T13:28:08.583+0000][1][gc,age       ] GC(47) Age table with threshold 6 (max threshold 6)
[2020-01-13T13:28:08.583+0000][1][gc,age       ] GC(47) - age   1:     597456 bytes,     597456 total
[2020-01-13T13:28:08.583+0000][1][gc,age       ] GC(47) - age   2:       2520 bytes,     599976 total
[2020-01-13T13:28:08.583+0000][1][gc,age       ] GC(47) - age   3:       3464 bytes,     603440 total
[2020-01-13T13:28:08.583+0000][1][gc,age       ] GC(47) - age   4:       2656 bytes,     606096 total
[2020-01-13T13:28:08.583+0000][1][gc,age       ] GC(47) - age   5:       2624 bytes,     608720 total
[2020-01-13T13:28:08.583+0000][1][gc,age       ] GC(47) - age   6:       6280 bytes,     615000 total
[2020-01-13T13:28:08.583+0000][1][gc,heap      ] GC(47) ParNew: 68946K->1105K(76672K)
[2020-01-13T13:28:08.583+0000][1][gc,heap      ] GC(47) CMS: 67706K->67708K(176960K)
[2020-01-13T13:28:08.583+0000][1][gc,metaspace ] GC(47) Metaspace: 66215K->66215K(1110016K)
[2020-01-13T13:28:08.583+0000][1][gc           ] GC(47) Pause Young (Allocation Failure) 133M->67M(247M) 5.934ms
[2020-01-13T13:28:08.583+0000][1][gc,cpu       ] GC(47) User=0.01s Sys=0.00s Real=0.01s
[2020-01-13T13:28:08.583+0000][1][safepoint    ] Leaving safepoint region
[2020-01-13T13:28:08.583+0000][1][safepoint    ] Total time for which application threads were stopped: 0.0061670 seconds, Stopping threads took: 0.0000185 seconds
[2020-01-13T13:28:09.585+0000][1][safepoint    ] Application time: 1.0020202 seconds
[2020-01-13T13:28:09.585+0000][1][safepoint    ] Entering safepoint region: Cleanup
[2020-01-13T13:28:09.585+0000][1][safepoint    ] Leaving safepoint region
[2020-01-13T13:28:09.585+0000][1][safepoint    ] Total time for which application threads were stopped: 0.0001098 seconds, Stopping threads took: 0.0000399 seconds
[2020-01-13T13:28:10.586+0000][1][safepoint    ] Application time: 1.0002703 seconds
[2020-01-13T13:28:10.586+0000][1][safepoint    ] Entering safepoint region: Cleanup
[2020-01-13T13:28:10.586+0000][1][safepoint    ] Leaving safepoint region
[2020-01-13T13:28:10.586+0000][1][safepoint    ] Total time for which application threads were stopped: 0.0001131 seconds, Stopping threads took: 0.0000331 seconds
[2020-01-13T13:28:11.586+0000][1][safepoint    ] Application time: 1.0002308 seconds
[2020-01-13T13:28:11.586+0000][1][safepoint    ] Entering safepoint region: Cleanup
[2020-01-13T13:28:11.586+0000][1][safepoint    ] Leaving safepoint region
[2020-01-13T13:28:11.586+0000][1][safepoint    ] Total time for which application threads were stopped: 0.0001048 seconds, Stopping threads took: 0.0000350 seconds
[2020-01-13T13:28:12.587+0000][1][safepoint    ] Application time: 1.0002140 seconds
[2020-01-13T13:28:12.587+0000][1][safepoint    ] Entering safepoint region: Cleanup
[2020-01-13T13:28:12.587+0000][1][safepoint    ] Leaving safepoint region
[2020-01-13T13:28:12.587+0000][1][safepoint    ] Total time for which application threads were stopped: 0.0000971 seconds, Stopping threads took: 0.0000225 seconds
[2020-01-13T13:28:13.587+0000][1][safepoint    ] Application time: 1.0000916 seconds
[2020-01-13T13:28:13.588+0000][1][safepoint    ] Entering safepoint region: Cleanup
[2020-01-13T13:28:13.588+0000][1][safepoint    ] Leaving safepoint region
[2020-01-13T13:28:13.588+0000][1][safepoint    ] Total time for which application threads were stopped: 0.0014074 seconds, Stopping threads took: 0.0012884 seconds
[2020-01-13T13:28:14.588+0000][1][safepoint    ] Application time: 1.0001582 seconds
[2020-01-13T13:28:14.589+0000][1][safepoint    ] Entering safepoint region: Cleanup
[2020-01-13T13:28:14.589+0000][1][safepoint    ] Leaving safepoint region
[2020-01-13T13:28:14.589+0000][1][safepoint    ] Total time for which application threads were stopped: 0.0001179 seconds, Stopping threads took: 0.0000273 seconds
[2020-01-13T13:28:15.589+0000][1][safepoint    ] Application time: 1.0001504 seconds
[2020-01-13T13:28:15.589+0000][1][safepoint    ] Entering safepoint region: Cleanup
[2020-01-13T13:28:15.589+0000][1][safepoint    ] Leaving safepoint region
[2020-01-13T13:28:15.589+0000][1][safepoint    ] Total time for which application threads were stopped: 0.0001167 seconds, Stopping threads took: 0.0000277 seconds
[2020-01-13T13:28:16.589+0000][1][safepoint    ] Application time: 1.0001522 seconds
[2020-01-13T13:28:16.589+0000][1][safepoint    ] Entering safepoint region: Cleanup
[2020-01-13T13:28:16.589+0000][1][safepoint    ] Leaving safepoint region
[2020-01-13T13:28:16.589+0000][1][safepoint    ] Total time for which application threads were stopped: 0.0001133 seconds, Stopping threads took: 0.0000319 seconds
[2020-01-13T13:28:17.589+0000][1][safepoint    ] Application time: 1.0001589 seconds
[2020-01-13T13:28:17.590+0000][1][safepoint    ] Entering safepoint region: Cleanup
[2020-01-13T13:28:17.590+0000][1][safepoint    ] Leaving safepoint region
[2020-01-13T13:28:17.590+0000][1][safepoint    ] Total time for which application threads were stopped: 0.0001212 seconds, Stopping threads took: 0.0000357 seconds
[2020-01-13T13:28:18.590+0000][1][safepoint    ] Application time: 1.0006820 seconds
[2020-01-13T13:28:18.590+0000][1][safepoint    ] Entering safepoint region: Cleanup
[2020-01-13T13:28:18.591+0000][1][safepoint    ] Leaving safepoint region
[2020-01-13T13:28:18.591+0000][1][safepoint    ] Total time for which application threads were stopped: 0.0002312 seconds, Stopping threads took: 0.0000314 seconds
[2020-01-13T13:28:19.591+0000][1][safepoint    ] Application time: 1.0001988 seconds
[2020-01-13T13:28:19.591+0000][1][safepoint    ] Entering safepoint region: Cleanup
[2020-01-13T13:28:19.591+0000][1][safepoint    ] Leaving safepoint region
[2020-01-13T13:28:19.591+0000][1][safepoint    ] Total time for which application threads were stopped: 0.0001118 seconds, Stopping threads took: 0.0000285 seconds
[2020-01-13T13:28:20.591+0000][1][safepoint    ] Application time: 1.0001619 seconds
[2020-01-13T13:28:20.591+0000][1][safepoint    ] Entering safepoint region: Cleanup
[2020-01-13T13:28:20.591+0000][1][safepoint    ] Leaving safepoint region
[2020-01-13T13:28:20.591+0000][1][safepoint    ] Total time for which application threads were stopped: 0.0001360 seconds, Stopping threads took: 0.0000385 seconds
[2020-01-13T13:28:21.592+0000][1][safepoint    ] Application time: 1.0001194 seconds
[2020-01-13T13:28:21.592+0000][1][safepoint    ] Entering safepoint region: Cleanup
[2020-01-13T13:28:21.592+0000][1][safepoint    ] Leaving safepoint region
[2020-01-13T13:28:21.592+0000][1][safepoint    ] Total time for which application threads were stopped: 0.0001564 seconds, Stopping threads took: 0.0000271 seconds
[2020-01-13T13:28:22.592+0000][1][safepoint    ] Application time: 1.0000892 seconds
[2020-01-13T13:28:22.592+0000][1][safepoint    ] Entering safepoint region: Cleanup
[2020-01-13T13:28:22.592+0000][1][safepoint    ] Leaving safepoint region
[2020-01-13T13:28:22.592+0000][1][safepoint    ] Total time for which application threads were stopped: 0.0001135 seconds, Stopping threads took: 0.0000284 seconds
[2020-01-13T13:28:23.592+0000][1][safepoint    ] Application time: 1.0002311 seconds
[2020-01-13T13:28:23.592+0000][1][safepoint    ] Entering safepoint region: Cleanup
[2020-01-13T13:28:23.593+0000][1][safepoint    ] Leaving safepoint region
[2020-01-13T13:28:23.593+0000][1][safepoint    ] Total time for which application threads were stopped: 0.0001231 seconds, Stopping threads took: 0.0000424 seconds
[2020-01-13T13:28:24.593+0000][1][safepoint    ] Application time: 1.0001658 seconds
[2020-01-13T13:28:24.593+0000][1][safepoint    ] Entering safepoint region: Cleanup
[2020-01-13T13:28:24.593+0000][1][safepoint    ] Leaving safepoint region
[2020-01-13T13:28:24.593+0000][1][safepoint    ] Total time for which application threads were stopped: 0.0001064 seconds, Stopping threads took: 0.0000276 seconds
[2020-01-13T13:28:25.593+0000][1][safepoint    ] Application time: 1.0001606 seconds
[2020-01-13T13:28:25.593+0000][1][safepoint    ] Entering safepoint region: Cleanup
[2020-01-13T13:28:25.593+0000][1][safepoint    ] Leaving safepoint region
[2020-01-13T13:28:25.593+0000][1][safepoint    ] Total time for which application threads were stopped: 0.0001010 seconds, Stopping threads took: 0.0000273 seconds
[2020-01-13T13:28:26.593+0000][1][safepoint    ] Application time: 1.0001609 seconds
[2020-01-13T13:28:26.593+0000][1][safepoint    ] Entering safepoint region: Cleanup
[2020-01-13T13:28:26.594+0000][1][safepoint    ] Leaving safepoint region
[2020-01-13T13:28:26.594+0000][1][safepoint    ] Total time for which application threads were stopped: 0.0001245 seconds, Stopping threads took: 0.0000346 seconds
[2020-01-13T13:28:27.594+0000][1][safepoint    ] Application time: 1.0001563 seconds
[2020-01-13T13:28:27.594+0000][1][safepoint    ] Entering safepoint region: Cleanup
[2020-01-13T13:28:27.594+0000][1][safepoint    ] Leaving safepoint region
[2020-01-13T13:28:27.594+0000][1][safepoint    ] Total time for which application threads were stopped: 0.0001327 seconds, Stopping threads took: 0.0000382 seconds
[2020-01-13T13:28:28.594+0000][1][safepoint    ] Application time: 1.0001764 seconds
[2020-01-13T13:28:28.594+0000][1][safepoint    ] Entering safepoint region: Cleanup
[2020-01-13T13:28:28.594+0000][1][safepoint    ] Leaving safepoint region
[2020-01-13T13:28:28.594+0000][1][safepoint    ] Total time for which application threads were stopped: 0.0001452 seconds, Stopping threads took: 0.0000355 seconds
[2020-01-13T13:28:29.595+0000][1][safepoint    ] Application time: 1.0001515 seconds
[2020-01-13T13:28:29.596+0000][1][safepoint    ] Entering safepoint region: Cleanup
[2020-01-13T13:28:29.596+0000][1][safepoint    ] Leaving safepoint region
[2020-01-13T13:28:29.596+0000][1][safepoint    ] Total time for which application threads were stopped: 0.0001500 seconds, Stopping threads took: 0.0000710 seconds
[2020-01-13T13:28:30.596+0000][1][safepoint    ] Application time: 1.0001747 seconds
[2020-01-13T13:28:30.596+0000][1][safepoint    ] Entering safepoint region: Cleanup
[2020-01-13T13:28:30.596+0000][1][safepoint    ] Leaving safepoint region
[2020-01-13T13:28:30.596+0000][1][safepoint    ] Total time for which application threads were stopped: 0.0001532 seconds, Stopping threads took: 0.0000375 seconds
[2020-01-13T13:28:31.597+0000][1][safepoint    ] Application time: 1.0006518 seconds
[2020-01-13T13:28:31.597+0000][1][safepoint    ] Entering safepoint region: Cleanup
[2020-01-13T13:28:31.597+0000][1][safepoint    ] Leaving safepoint region
[2020-01-13T13:28:31.597+0000][1][safepoint    ] Total time for which application threads were stopped: 0.0004396 seconds, Stopping threads took: 0.0000397 seconds
[2020-01-13T13:28:32.598+0000][1][safepoint    ] Application time: 1.0002338 seconds
[2020-01-13T13:28:32.598+0000][1][safepoint    ] Entering safepoint region: Cleanup
[2020-01-13T13:28:32.598+0000][1][safepoint    ] Leaving safepoint region
[2020-01-13T13:28:32.598+0000][1][safepoint    ] Total time for which application threads were stopped: 0.0001177 seconds, Stopping threads took: 0.0000332 seconds
[2020-01-13T13:28:33.598+0000][1][safepoint    ] Application time: 1.0001510 seconds
[2020-01-13T13:28:33.598+0000][1][safepoint    ] Entering safepoint region: Cleanup
[2020-01-13T13:28:33.598+0000][1][safepoint    ] Leaving safepoint region
[2020-01-13T13:28:33.598+0000][1][safepoint    ] Total time for which application threads were stopped: 0.0001136 seconds, Stopping threads took: 0.0000326 seconds
[2020-01-13T13:28:34.598+0000][1][safepoint    ] Application time: 1.0001417 seconds
[2020-01-13T13:28:34.599+0000][1][safepoint    ] Entering safepoint region: Cleanup
[2020-01-13T13:28:34.599+0000][1][safepoint    ] Leaving safepoint region
[2020-01-13T13:28:34.599+0000][1][safepoint    ] Total time for which application threads were stopped: 0.0001409 seconds, Stopping threads took: 0.0000432 seconds
[2020-01-13T13:28:35.600+0000][1][safepoint    ] Application time: 1.0001709 seconds
[2020-01-13T13:28:35.600+0000][1][safepoint    ] Entering safepoint region: Cleanup
[2020-01-13T13:28:35.600+0000][1][safepoint    ] Leaving safepoint region
[2020-01-13T13:28:35.600+0000][1][safepoint    ] Total time for which application threads were stopped: 0.0001208 seconds, Stopping threads took: 0.0000303 seconds
[2020-01-13T13:28:36.600+0000][1][safepoint    ] Application time: 1.0001472 seconds
[2020-01-13T13:28:36.600+0000][1][safepoint    ] Entering safepoint region: Cleanup
[2020-01-13T13:28:36.600+0000][1][safepoint    ] Leaving safepoint region
[2020-01-13T13:28:36.600+0000][1][safepoint    ] Total time for which application threads were stopped: 0.0001028 seconds, Stopping threads took: 0.0000323 seconds
[2020-01-13T13:28:37.600+0000][1][safepoint    ] Application time: 1.0001089 seconds
[2020-01-13T13:28:37.600+0000][1][safepoint    ] Entering safepoint region: Cleanup
[2020-01-13T13:28:37.600+0000][1][safepoint    ] Leaving safepoint region
[2020-01-13T13:28:37.600+0000][1][safepoint    ] Total time for which application threads were stopped: 0.0001734 seconds, Stopping threads took: 0.0000356 seconds
[2020-01-13T13:28:38.601+0000][1][safepoint    ] Application time: 1.0000883 seconds
[2020-01-13T13:28:38.601+0000][1][safepoint    ] Entering safepoint region: Cleanup
[2020-01-13T13:28:38.601+0000][1][safepoint    ] Leaving safepoint region
[2020-01-13T13:28:38.601+0000][1][safepoint    ] Total time for which application threads were stopped: 0.0001171 seconds, Stopping threads took: 0.0000332 seconds
[2020-01-13T13:28:39.601+0000][1][safepoint    ] Application time: 1.0001756 seconds
[2020-01-13T13:28:39.602+0000][1][safepoint    ] Entering safepoint region: Cleanup
[2020-01-13T13:28:39.602+0000][1][safepoint    ] Leaving safepoint region
[2020-01-13T13:28:39.602+0000][1][safepoint    ] Total time for which application threads were stopped: 0.0001458 seconds, Stopping threads took: 0.0000664 seconds
[2020-01-13T13:28:40.602+0000][1][safepoint    ] Application time: 1.0001882 seconds
[2020-01-13T13:28:40.602+0000][1][safepoint    ] Entering safepoint region: Cleanup
[2020-01-13T13:28:40.603+0000][1][safepoint    ] Leaving safepoint region
[2020-01-13T13:28:40.603+0000][1][safepoint    ] Total time for which application threads were stopped: 0.0001254 seconds, Stopping threads took: 0.0000344 seconds
[2020-01-13T13:28:41.603+0000][1][safepoint    ] Application time: 1.0001421 seconds
[2020-01-13T13:28:41.603+0000][1][safepoint    ] Entering safepoint region: Cleanup
[2020-01-13T13:28:41.603+0000][1][safepoint    ] Leaving safepoint region
[2020-01-13T13:28:41.603+0000][1][safepoint    ] Total time for which application threads were stopped: 0.0001447 seconds, Stopping threads took: 0.0000588 seconds
[2020-01-13T13:28:42.603+0000][1][safepoint    ] Application time: 1.0001455 seconds
[2020-01-13T13:28:42.603+0000][1][safepoint    ] Entering safepoint region: Cleanup
[2020-01-13T13:28:42.603+0000][1][safepoint    ] Leaving safepoint region
[2020-01-13T13:28:42.603+0000][1][safepoint    ] Total time for which application threads were stopped: 0.0000957 seconds, Stopping threads took: 0.0000277 seconds
[2020-01-13T13:28:43.603+0000][1][safepoint    ] Application time: 1.0001550 seconds
[2020-01-13T13:28:43.603+0000][1][safepoint    ] Entering safepoint region: Cleanup
[2020-01-13T13:28:43.604+0000][1][safepoint    ] Leaving safepoint region
[2020-01-13T13:28:43.604+0000][1][safepoint    ] Total time for which application threads were stopped: 0.0001360 seconds, Stopping threads took: 0.0000358 seconds
[2020-01-13T13:28:44.604+0000][1][safepoint    ] Application time: 1.0001491 seconds
[2020-01-13T13:28:44.605+0000][1][safepoint    ] Entering safepoint region: Cleanup
[2020-01-13T13:28:44.605+0000][1][safepoint    ] Leaving safepoint region
[2020-01-13T13:28:44.605+0000][1][safepoint    ] Total time for which application threads were stopped: 0.0001459 seconds, Stopping threads took: 0.0000649 seconds
[2020-01-13T13:28:45.605+0000][1][safepoint    ] Application time: 1.0002756 seconds
[2020-01-13T13:28:45.605+0000][1][safepoint    ] Entering safepoint region: Cleanup
[2020-01-13T13:28:45.606+0000][1][safepoint    ] Leaving safepoint region
[2020-01-13T13:28:45.606+0000][1][safepoint    ] Total time for which application threads were stopped: 0.0001213 seconds, Stopping threads took: 0.0000285 seconds
[2020-01-13T13:28:45.837+0000][1][safepoint    ] Application time: 0.2314321 seconds
[2020-01-13T13:28:45.837+0000][1][safepoint    ] Entering safepoint region: GenCollectForAllocation
[2020-01-13T13:28:45.837+0000][1][gc,start     ] GC(48) Pause Young (Allocation Failure)
[2020-01-13T13:28:45.837+0000][1][gc,task      ] GC(48) Using 1 workers of 1 for evacuation
[2020-01-13T13:28:45.844+0000][1][gc,age       ] GC(48) Desired survivor size 4358144 bytes, new threshold 6 (max threshold 6)
[2020-01-13T13:28:45.844+0000][1][gc,age       ] GC(48) Age table with threshold 6 (max threshold 6)
[2020-01-13T13:28:45.844+0000][1][gc,age       ] GC(48) - age   1:     616664 bytes,     616664 total
[2020-01-13T13:28:45.844+0000][1][gc,age       ] GC(48) - age   2:       3128 bytes,     619792 total
[2020-01-13T13:28:45.844+0000][1][gc,age       ] GC(48) - age   3:       2520 bytes,     622312 total
[2020-01-13T13:28:45.844+0000][1][gc,age       ] GC(48) - age   4:       3464 bytes,     625776 total
[2020-01-13T13:28:45.844+0000][1][gc,age       ] GC(48) - age   5:       2656 bytes,     628432 total
[2020-01-13T13:28:45.844+0000][1][gc,age       ] GC(48) - age   6:       2624 bytes,     631056 total
[2020-01-13T13:28:45.844+0000][1][gc,heap      ] GC(48) ParNew: 69265K->726K(76672K)
[2020-01-13T13:28:45.844+0000][1][gc,heap      ] GC(48) CMS: 67708K->67714K(176960K)
[2020-01-13T13:28:45.844+0000][1][gc,metaspace ] GC(48) Metaspace: 66216K->66216K(1110016K)
[2020-01-13T13:28:45.844+0000][1][gc           ] GC(48) Pause Young (Allocation Failure) 133M->66M(247M) 7.208ms
[2020-01-13T13:28:45.844+0000][1][gc,cpu       ] GC(48) User=0.00s Sys=0.00s Real=0.01s
[2020-01-13T13:28:45.845+0000][1][safepoint    ] Leaving safepoint region
[2020-01-13T13:28:45.845+0000][1][safepoint    ] Total time for which application threads were stopped: 0.0074753 seconds, Stopping threads took: 0.0000506 seconds
[2020-01-13T13:28:46.845+0000][1][safepoint    ] Application time: 1.0007760 seconds
[2020-01-13T13:28:46.845+0000][1][safepoint    ] Entering safepoint region: Cleanup
[2020-01-13T13:28:46.845+0000][1][safepoint    ] Leaving safepoint region
[2020-01-13T13:28:46.846+0000][1][safepoint    ] Total time for which application threads were stopped: 0.0001168 seconds, Stopping threads took: 0.0000326 seconds
[2020-01-13T13:28:47.846+0000][1][safepoint    ] Application time: 1.0003005 seconds
[2020-01-13T13:28:47.846+0000][1][safepoint    ] Entering safepoint region: Cleanup
[2020-01-13T13:28:47.846+0000][1][safepoint    ] Leaving safepoint region
[2020-01-13T13:28:47.846+0000][1][safepoint    ] Total time for which application threads were stopped: 0.0001201 seconds, Stopping threads took: 0.0000321 seconds
[2020-01-13T13:28:48.847+0000][1][safepoint    ] Application time: 1.0013393 seconds
[2020-01-13T13:28:48.847+0000][1][safepoint    ] Entering safepoint region: Cleanup
[2020-01-13T13:28:48.848+0000][1][safepoint    ] Leaving safepoint region
[2020-01-13T13:28:48.848+0000][1][safepoint    ] Total time for which application threads were stopped: 0.0000986 seconds, Stopping threads took: 0.0000270 seconds
[2020-01-13T13:28:49.848+0000][1][safepoint    ] Application time: 1.0001860 seconds
[2020-01-13T13:28:49.848+0000][1][safepoint    ] Entering safepoint region: Cleanup
[2020-01-13T13:28:49.848+0000][1][safepoint    ] Leaving safepoint region
[2020-01-13T13:28:49.848+0000][1][safepoint    ] Total time for which application threads were stopped: 0.0001084 seconds, Stopping threads took: 0.0000274 seconds
[2020-01-13T13:28:50.848+0000][1][safepoint    ] Application time: 1.0000862 seconds
[2020-01-13T13:28:50.848+0000][1][safepoint    ] Entering safepoint region: Cleanup
[2020-01-13T13:28:50.848+0000][1][safepoint    ] Leaving safepoint region
[2020-01-13T13:28:50.848+0000][1][safepoint    ] Total time for which application threads were stopped: 0.0001215 seconds, Stopping threads took: 0.0000361 seconds
[2020-01-13T13:28:51.848+0000][1][safepoint    ] Application time: 1.0001231 seconds
[2020-01-13T13:28:51.848+0000][1][safepoint    ] Entering safepoint region: Cleanup
[2020-01-13T13:28:51.849+0000][1][safepoint    ] Leaving safepoint region
[2020-01-13T13:28:51.849+0000][1][safepoint    ] Total time for which application threads were stopped: 0.0001309 seconds, Stopping threads took: 0.0000382 seconds
[2020-01-13T13:28:52.849+0000][1][safepoint    ] Application time: 1.0001762 seconds
[2020-01-13T13:28:52.849+0000][1][safepoint    ] Entering safepoint region: Cleanup
[2020-01-13T13:28:52.849+0000][1][safepoint    ] Leaving safepoint region
[2020-01-13T13:28:52.849+0000][1][safepoint    ] Total time for which application threads were stopped: 0.0001241 seconds, Stopping threads took: 0.0000347 seconds
[2020-01-13T13:28:53.849+0000][1][safepoint    ] Application time: 1.0001433 seconds
[2020-01-13T13:28:53.850+0000][1][safepoint    ] Entering safepoint region: Cleanup
[2020-01-13T13:28:53.850+0000][1][safepoint    ] Leaving safepoint region
[2020-01-13T13:28:53.850+0000][1][safepoint    ] Total time for which application threads were stopped: 0.0001649 seconds, Stopping threads took: 0.0000666 seconds
[2020-01-13T13:28:54.850+0000][1][safepoint    ] Application time: 1.0001457 seconds
[2020-01-13T13:28:54.851+0000][1][safepoint    ] Entering safepoint region: Cleanup
[2020-01-13T13:28:54.851+0000][1][safepoint    ] Leaving safepoint region
[2020-01-13T13:28:54.851+0000][1][safepoint    ] Total time for which application threads were stopped: 0.0001412 seconds, Stopping threads took: 0.0000323 seconds
[2020-01-13T13:28:55.851+0000][1][safepoint    ] Application time: 1.0001370 seconds
[2020-01-13T13:28:55.851+0000][1][safepoint    ] Entering safepoint region: Cleanup
[2020-01-13T13:28:55.851+0000][1][safepoint    ] Leaving safepoint region
[2020-01-13T13:28:55.851+0000][1][safepoint    ] Total time for which application threads were stopped: 0.0001079 seconds, Stopping threads took: 0.0000281 seconds
[2020-01-13T13:28:56.852+0000][1][safepoint    ] Application time: 1.0003869 seconds
[2020-01-13T13:28:56.852+0000][1][safepoint    ] Entering safepoint region: Cleanup
[2020-01-13T13:28:56.852+0000][1][safepoint    ] Leaving safepoint region
[2020-01-13T13:28:56.852+0000][1][safepoint    ] Total time for which application threads were stopped: 0.0001282 seconds, Stopping threads took: 0.0000351 seconds
[2020-01-13T13:28:57.852+0000][1][safepoint    ] Application time: 1.0001393 seconds
[2020-01-13T13:28:57.852+0000][1][safepoint    ] Entering safepoint region: Cleanup
[2020-01-13T13:28:57.852+0000][1][safepoint    ] Leaving safepoint region
[2020-01-13T13:28:57.852+0000][1][safepoint    ] Total time for which application threads were stopped: 0.0001062 seconds, Stopping threads took: 0.0000301 seconds
[2020-01-13T13:28:58.852+0000][1][safepoint    ] Application time: 1.0001667 seconds
[2020-01-13T13:28:58.853+0000][1][safepoint    ] Entering safepoint region: Cleanup
[2020-01-13T13:28:58.853+0000][1][safepoint    ] Leaving safepoint region
[2020-01-13T13:28:58.853+0000][1][safepoint    ] Total time for which application threads were stopped: 0.0001122 seconds, Stopping threads took: 0.0000429 seconds
[2020-01-13T13:28:59.853+0000][1][safepoint    ] Application time: 1.0001259 seconds
[2020-01-13T13:28:59.853+0000][1][safepoint    ] Entering safepoint region: Cleanup
[2020-01-13T13:28:59.853+0000][1][safepoint    ] Leaving safepoint region
[2020-01-13T13:28:59.853+0000][1][safepoint    ] Total time for which application threads were stopped: 0.0001261 seconds, Stopping threads took: 0.0000365 seconds
[2020-01-13T13:29:00.854+0000][1][safepoint    ] Application time: 1.0001446 seconds
[2020-01-13T13:29:00.854+0000][1][safepoint    ] Entering safepoint region: Cleanup
[2020-01-13T13:29:00.854+0000][1][safepoint    ] Leaving safepoint region
[2020-01-13T13:29:00.854+0000][1][safepoint    ] Total time for which application threads were stopped: 0.0001874 seconds, Stopping threads took: 0.0000267 seconds
[2020-01-13T13:29:01.854+0000][1][safepoint    ] Application time: 1.0001494 seconds
[2020-01-13T13:29:01.854+0000][1][safepoint    ] Entering safepoint region: Cleanup
[2020-01-13T13:29:01.854+0000][1][safepoint    ] Leaving safepoint region
[2020-01-13T13:29:01.854+0000][1][safepoint    ] Total time for which application threads were stopped: 0.0001017 seconds, Stopping threads took: 0.0000270 seconds
[2020-01-13T13:29:02.854+0000][1][safepoint    ] Application time: 1.0001574 seconds
[2020-01-13T13:29:02.854+0000][1][safepoint    ] Entering safepoint region: Cleanup
[2020-01-13T13:29:02.855+0000][1][safepoint    ] Leaving safepoint region
[2020-01-13T13:29:02.855+0000][1][safepoint    ] Total time for which application threads were stopped: 0.0001391 seconds, Stopping threads took: 0.0000378 seconds
[2020-01-13T13:29:03.855+0000][1][safepoint    ] Application time: 1.0002058 seconds
[2020-01-13T13:29:03.856+0000][1][safepoint    ] Entering safepoint region: Cleanup
[2020-01-13T13:29:03.856+0000][1][safepoint    ] Leaving safepoint region
[2020-01-13T13:29:03.856+0000][1][safepoint    ] Total time for which application threads were stopped: 0.0001411 seconds, Stopping threads took: 0.0000549 seconds
[2020-01-13T13:29:04.856+0000][1][safepoint    ] Application time: 1.0001471 seconds
[2020-01-13T13:29:04.856+0000][1][safepoint    ] Entering safepoint region: Cleanup
[2020-01-13T13:29:04.856+0000][1][safepoint    ] Leaving safepoint region
[2020-01-13T13:29:04.856+0000][1][safepoint    ] Total time for which application threads were stopped: 0.0001326 seconds, Stopping threads took: 0.0000273 seconds
[2020-01-13T13:29:05.857+0000][1][safepoint    ] Application time: 1.0001445 seconds
[2020-01-13T13:29:05.857+0000][1][safepoint    ] Entering safepoint region: Cleanup
[2020-01-13T13:29:05.857+0000][1][safepoint    ] Leaving safepoint region
[2020-01-13T13:29:05.857+0000][1][safepoint    ] Total time for which application threads were stopped: 0.0001804 seconds, Stopping threads took: 0.0000793 seconds
[2020-01-13T13:29:06.857+0000][1][safepoint    ] Application time: 1.0000966 seconds
[2020-01-13T13:29:06.857+0000][1][safepoint    ] Entering safepoint region: Cleanup
[2020-01-13T13:29:06.857+0000][1][safepoint    ] Leaving safepoint region
[2020-01-13T13:29:06.857+0000][1][safepoint    ] Total time for which application threads were stopped: 0.0001177 seconds, Stopping threads took: 0.0000323 seconds
[2020-01-13T13:29:07.857+0000][1][safepoint    ] Application time: 1.0001436 seconds
[2020-01-13T13:29:07.857+0000][1][safepoint    ] Entering safepoint region: Cleanup
[2020-01-13T13:29:07.857+0000][1][safepoint    ] Leaving safepoint region
[2020-01-13T13:29:07.857+0000][1][safepoint    ] Total time for which application threads were stopped: 0.0001039 seconds, Stopping threads took: 0.0000268 seconds
[2020-01-13T13:29:08.858+0000][1][safepoint    ] Application time: 1.0001648 seconds
[2020-01-13T13:29:08.859+0000][1][safepoint    ] Entering safepoint region: Cleanup
[2020-01-13T13:29:08.859+0000][1][safepoint    ] Leaving safepoint region
[2020-01-13T13:29:08.859+0000][1][safepoint    ] Total time for which application threads were stopped: 0.0001544 seconds, Stopping threads took: 0.0000559 seconds
[2020-01-13T13:29:09.859+0000][1][safepoint    ] Application time: 1.0001559 seconds
[2020-01-13T13:29:09.859+0000][1][safepoint    ] Entering safepoint region: Cleanup
[2020-01-13T13:29:09.859+0000][1][safepoint    ] Leaving safepoint region
[2020-01-13T13:29:09.859+0000][1][safepoint    ] Total time for which application threads were stopped: 0.0001215 seconds, Stopping threads took: 0.0000342 seconds
[2020-01-13T13:29:10.859+0000][1][safepoint    ] Application time: 1.0001515 seconds
[2020-01-13T13:29:10.859+0000][1][safepoint    ] Entering safepoint region: Cleanup
[2020-01-13T13:29:10.859+0000][1][safepoint    ] Leaving safepoint region
[2020-01-13T13:29:10.859+0000][1][safepoint    ] Total time for which application threads were stopped: 0.0001035 seconds, Stopping threads took: 0.0000299 seconds
[2020-01-13T13:29:11.860+0000][1][safepoint    ] Application time: 1.0001559 seconds
[2020-01-13T13:29:11.860+0000][1][safepoint    ] Entering safepoint region: Cleanup
[2020-01-13T13:29:11.860+0000][1][safepoint    ] Leaving safepoint region
[2020-01-13T13:29:11.860+0000][1][safepoint    ] Total time for which application threads were stopped: 0.0001224 seconds, Stopping threads took: 0.0000340 seconds
[2020-01-13T13:29:12.860+0000][1][safepoint    ] Application time: 1.0001480 seconds
[2020-01-13T13:29:12.860+0000][1][safepoint    ] Entering safepoint region: Cleanup
[2020-01-13T13:29:12.860+0000][1][safepoint    ] Leaving safepoint region
[2020-01-13T13:29:12.860+0000][1][safepoint    ] Total time for which application threads were stopped: 0.0001254 seconds, Stopping threads took: 0.0000272 seconds
[2020-01-13T13:29:13.860+0000][1][safepoint    ] Application time: 1.0001500 seconds
[2020-01-13T13:29:13.862+0000][1][safepoint    ] Entering safepoint region: Cleanup
[2020-01-13T13:29:13.862+0000][1][safepoint    ] Leaving safepoint region
[2020-01-13T13:29:13.862+0000][1][safepoint    ] Total time for which application threads were stopped: 0.0001529 seconds, Stopping threads took: 0.0000700 seconds
[2020-01-13T13:29:14.862+0000][1][safepoint    ] Application time: 1.0001747 seconds
[2020-01-13T13:29:14.862+0000][1][safepoint    ] Entering safepoint region: Cleanup
[2020-01-13T13:29:14.862+0000][1][safepoint    ] Leaving safepoint region
[2020-01-13T13:29:14.862+0000][1][safepoint    ] Total time for which application threads were stopped: 0.0001187 seconds, Stopping threads took: 0.0000389 seconds
[2020-01-13T13:29:15.862+0000][1][safepoint    ] Application time: 1.0001709 seconds
[2020-01-13T13:29:15.863+0000][1][safepoint    ] Entering safepoint region: Cleanup
[2020-01-13T13:29:15.863+0000][1][safepoint    ] Leaving safepoint region
[2020-01-13T13:29:15.863+0000][1][safepoint    ] Total time for which application threads were stopped: 0.0001185 seconds, Stopping threads took: 0.0000440 seconds
[2020-01-13T13:29:16.863+0000][1][safepoint    ] Application time: 1.0001670 seconds
[2020-01-13T13:29:16.863+0000][1][safepoint    ] Entering safepoint region: Cleanup
[2020-01-13T13:29:16.863+0000][1][safepoint    ] Leaving safepoint region
[2020-01-13T13:29:16.863+0000][1][safepoint    ] Total time for which application threads were stopped: 0.0001253 seconds, Stopping threads took: 0.0000303 seconds
[2020-01-13T13:29:17.863+0000][1][safepoint    ] Application time: 1.0001558 seconds
[2020-01-13T13:29:17.863+0000][1][safepoint    ] Entering safepoint region: Cleanup
[2020-01-13T13:29:17.863+0000][1][safepoint    ] Leaving safepoint region
[2020-01-13T13:29:17.863+0000][1][safepoint    ] Total time for which application threads were stopped: 0.0001702 seconds, Stopping threads took: 0.0000500 seconds
[2020-01-13T13:29:18.864+0000][1][safepoint    ] Application time: 1.0001425 seconds
[2020-01-13T13:29:18.864+0000][1][safepoint    ] Entering safepoint region: Cleanup
[2020-01-13T13:29:18.864+0000][1][safepoint    ] Leaving safepoint region
[2020-01-13T13:29:18.864+0000][1][safepoint    ] Total time for which application threads were stopped: 0.0001120 seconds, Stopping threads took: 0.0000301 seconds
[2020-01-13T13:29:19.864+0000][1][safepoint    ] Application time: 1.0001667 seconds
[2020-01-13T13:29:19.864+0000][1][safepoint    ] Entering safepoint region: Cleanup
[2020-01-13T13:29:19.864+0000][1][safepoint    ] Leaving safepoint region
[2020-01-13T13:29:19.864+0000][1][safepoint    ] Total time for which application threads were stopped: 0.0001291 seconds, Stopping threads took: 0.0000482 seconds
[2020-01-13T13:29:20.864+0000][1][safepoint    ] Application time: 1.0001687 seconds
[2020-01-13T13:29:20.864+0000][1][safepoint    ] Entering safepoint region: Cleanup
[2020-01-13T13:29:20.865+0000][1][safepoint    ] Leaving safepoint region
[2020-01-13T13:29:20.865+0000][1][safepoint    ] Total time for which application threads were stopped: 0.0001259 seconds, Stopping threads took: 0.0000457 seconds
[2020-01-13T13:29:21.865+0000][1][safepoint    ] Application time: 1.0001472 seconds
[2020-01-13T13:29:21.865+0000][1][safepoint    ] Entering safepoint region: Cleanup
[2020-01-13T13:29:21.865+0000][1][safepoint    ] Leaving safepoint region
[2020-01-13T13:29:21.865+0000][1][safepoint    ] Total time for which application threads were stopped: 0.0001220 seconds, Stopping threads took: 0.0000334 seconds
[2020-01-13T13:29:22.865+0000][1][safepoint    ] Application time: 1.0001471 seconds
[2020-01-13T13:29:22.865+0000][1][safepoint    ] Entering safepoint region: Cleanup
[2020-01-13T13:29:22.865+0000][1][safepoint    ] Leaving safepoint region
[2020-01-13T13:29:22.865+0000][1][safepoint    ] Total time for which application threads were stopped: 0.0001442 seconds, Stopping threads took: 0.0000366 seconds
[2020-01-13T13:29:23.853+0000][1][safepoint    ] Application time: 0.9878383 seconds
[2020-01-13T13:29:23.853+0000][1][safepoint    ] Entering safepoint region: GenCollectForAllocation
[2020-01-13T13:29:23.853+0000][1][gc,start     ] GC(49) Pause Young (Allocation Failure)
[2020-01-13T13:29:23.853+0000][1][gc,task      ] GC(49) Using 1 workers of 1 for evacuation
[2020-01-13T13:29:23.860+0000][1][gc,age       ] GC(49) Desired survivor size 4358144 bytes, new threshold 6 (max threshold 6)
[2020-01-13T13:29:23.861+0000][1][gc,age       ] GC(49) Age table with threshold 6 (max threshold 6)
[2020-01-13T13:29:23.861+0000][1][gc,age       ] GC(49) - age   1:     619464 bytes,     619464 total
[2020-01-13T13:29:23.861+0000][1][gc,age       ] GC(49) - age   2:       2760 bytes,     622224 total
[2020-01-13T13:29:23.861+0000][1][gc,age       ] GC(49) - age   3:       2936 bytes,     625160 total
[2020-01-13T13:29:23.861+0000][1][gc,age       ] GC(49) - age   4:       2520 bytes,     627680 total
[2020-01-13T13:29:23.861+0000][1][gc,age       ] GC(49) - age   5:       3464 bytes,     631144 total
[2020-01-13T13:29:23.861+0000][1][gc,age       ] GC(49) - age   6:       2656 bytes,     633800 total
[2020-01-13T13:29:23.861+0000][1][gc,heap      ] GC(49) ParNew: 68886K->1106K(76672K)
[2020-01-13T13:29:23.861+0000][1][gc,heap      ] GC(49) CMS: 67714K->67717K(176960K)
[2020-01-13T13:29:23.861+0000][1][gc,metaspace ] GC(49) Metaspace: 66219K->66219K(1110016K)
[2020-01-13T13:29:23.861+0000][1][gc           ] GC(49) Pause Young (Allocation Failure) 133M->67M(247M) 7.254ms
[2020-01-13T13:29:23.861+0000][1][gc,cpu       ] GC(49) User=0.00s Sys=0.00s Real=0.01s
[2020-01-13T13:29:23.861+0000][1][safepoint    ] Leaving safepoint region
[2020-01-13T13:29:23.861+0000][1][safepoint    ] Total time for which application threads were stopped: 0.0075551 seconds, Stopping threads took: 0.0000567 seconds
[2020-01-13T13:29:24.863+0000][1][safepoint    ] Application time: 1.0025603 seconds
[2020-01-13T13:29:24.863+0000][1][safepoint    ] Entering safepoint region: Cleanup
[2020-01-13T13:29:24.863+0000][1][safepoint    ] Leaving safepoint region
[2020-01-13T13:29:24.863+0000][1][safepoint    ] Total time for which application threads were stopped: 0.0001067 seconds, Stopping threads took: 0.0000278 seconds
[2020-01-13T13:29:25.864+0000][1][safepoint    ] Application time: 1.0001570 seconds
[2020-01-13T13:29:25.864+0000][1][safepoint    ] Entering safepoint region: Cleanup
[2020-01-13T13:29:25.864+0000][1][safepoint    ] Leaving safepoint region
[2020-01-13T13:29:25.864+0000][1][safepoint    ] Total time for which application threads were stopped: 0.0000985 seconds, Stopping threads took: 0.0000287 seconds
[2020-01-13T13:29:26.864+0000][1][safepoint    ] Application time: 1.0001245 seconds
[2020-01-13T13:29:26.864+0000][1][safepoint    ] Entering safepoint region: Cleanup
[2020-01-13T13:29:26.864+0000][1][safepoint    ] Leaving safepoint region
[2020-01-13T13:29:26.864+0000][1][safepoint    ] Total time for which application threads were stopped: 0.0001974 seconds, Stopping threads took: 0.0000498 seconds
[2020-01-13T13:29:27.864+0000][1][safepoint    ] Application time: 1.0001278 seconds
[2020-01-13T13:29:27.864+0000][1][safepoint    ] Entering safepoint region: Cleanup
[2020-01-13T13:29:27.865+0000][1][safepoint    ] Leaving safepoint region
[2020-01-13T13:29:27.865+0000][1][safepoint    ] Total time for which application threads were stopped: 0.0000948 seconds, Stopping threads took: 0.0000275 seconds
[2020-01-13T13:29:28.865+0000][1][safepoint    ] Application time: 1.0001265 seconds
[2020-01-13T13:29:28.865+0000][1][safepoint    ] Entering safepoint region: Cleanup
[2020-01-13T13:29:28.865+0000][1][safepoint    ] Leaving safepoint region
[2020-01-13T13:29:28.865+0000][1][safepoint    ] Total time for which application threads were stopped: 0.0001044 seconds, Stopping threads took: 0.0000269 seconds
[2020-01-13T13:29:29.865+0000][1][safepoint    ] Application time: 1.0001097 seconds
[2020-01-13T13:29:29.865+0000][1][safepoint    ] Entering safepoint region: Cleanup
[2020-01-13T13:29:29.865+0000][1][safepoint    ] Leaving safepoint region
[2020-01-13T13:29:29.865+0000][1][safepoint    ] Total time for which application threads were stopped: 0.0001614 seconds, Stopping threads took: 0.0000924 seconds
[2020-01-13T13:29:30.865+0000][1][safepoint    ] Application time: 1.0001092 seconds
[2020-01-13T13:29:30.865+0000][1][safepoint    ] Entering safepoint region: Cleanup
[2020-01-13T13:29:30.865+0000][1][safepoint    ] Leaving safepoint region
[2020-01-13T13:29:30.865+0000][1][safepoint    ] Total time for which application threads were stopped: 0.0000943 seconds, Stopping threads took: 0.0000188 seconds
[2020-01-13T13:29:31.866+0000][1][safepoint    ] Application time: 1.0001218 seconds
[2020-01-13T13:29:31.866+0000][1][safepoint    ] Entering safepoint region: Cleanup
[2020-01-13T13:29:31.866+0000][1][safepoint    ] Leaving safepoint region
[2020-01-13T13:29:31.866+0000][1][safepoint    ] Total time for which application threads were stopped: 0.0001398 seconds, Stopping threads took: 0.0000355 seconds
[2020-01-13T13:29:32.866+0000][1][safepoint    ] Application time: 1.0001544 seconds
[2020-01-13T13:29:32.866+0000][1][safepoint    ] Entering safepoint region: Cleanup
[2020-01-13T13:29:32.866+0000][1][safepoint    ] Leaving safepoint region
[2020-01-13T13:29:32.866+0000][1][safepoint    ] Total time for which application threads were stopped: 0.0001100 seconds, Stopping threads took: 0.0000298 seconds
[2020-01-13T13:29:33.866+0000][1][safepoint    ] Application time: 1.0001236 seconds
[2020-01-13T13:29:33.866+0000][1][safepoint    ] Entering safepoint region: Cleanup
[2020-01-13T13:29:33.866+0000][1][safepoint    ] Leaving safepoint region
[2020-01-13T13:29:33.867+0000][1][safepoint    ] Total time for which application threads were stopped: 0.0001179 seconds, Stopping threads took: 0.0000326 seconds
[2020-01-13T13:29:34.867+0000][1][safepoint    ] Application time: 1.0001181 seconds
[2020-01-13T13:29:34.870+0000][1][safepoint    ] Entering safepoint region: Cleanup
[2020-01-13T13:29:34.870+0000][1][safepoint    ] Leaving safepoint region
[2020-01-13T13:29:34.870+0000][1][safepoint    ] Total time for which application threads were stopped: 0.0022074 seconds, Stopping threads took: 0.0021190 seconds
[2020-01-13T13:29:35.870+0000][1][safepoint    ] Application time: 1.0001716 seconds
[2020-01-13T13:29:35.870+0000][1][safepoint    ] Entering safepoint region: Cleanup
[2020-01-13T13:29:35.870+0000][1][safepoint    ] Leaving safepoint region
[2020-01-13T13:29:35.870+0000][1][safepoint    ] Total time for which application threads were stopped: 0.0002141 seconds, Stopping threads took: 0.0000367 seconds
[2020-01-13T13:29:36.870+0000][1][safepoint    ] Application time: 1.0001337 seconds
[2020-01-13T13:29:36.870+0000][1][safepoint    ] Entering safepoint region: Cleanup
[2020-01-13T13:29:36.870+0000][1][safepoint    ] Leaving safepoint region
[2020-01-13T13:29:36.870+0000][1][safepoint    ] Total time for which application threads were stopped: 0.0000963 seconds, Stopping threads took: 0.0000262 seconds
[2020-01-13T13:29:37.871+0000][1][safepoint    ] Application time: 1.0000980 seconds
[2020-01-13T13:29:37.871+0000][1][safepoint    ] Entering safepoint region: Cleanup
[2020-01-13T13:29:37.871+0000][1][safepoint    ] Leaving safepoint region
[2020-01-13T13:29:37.871+0000][1][safepoint    ] Total time for which application threads were stopped: 0.0001238 seconds, Stopping threads took: 0.0000330 seconds
[2020-01-13T13:29:38.871+0000][1][safepoint    ] Application time: 1.0001953 seconds
[2020-01-13T13:29:38.871+0000][1][safepoint    ] Entering safepoint region: Cleanup
[2020-01-13T13:29:38.871+0000][1][safepoint    ] Leaving safepoint region
[2020-01-13T13:29:38.871+0000][1][safepoint    ] Total time for which application threads were stopped: 0.0001143 seconds, Stopping threads took: 0.0000238 seconds
[2020-01-13T13:29:39.871+0000][1][safepoint    ] Application time: 1.0000883 seconds
[2020-01-13T13:29:39.872+0000][1][safepoint    ] Entering safepoint region: Cleanup
[2020-01-13T13:29:39.872+0000][1][safepoint    ] Leaving safepoint region
[2020-01-13T13:29:39.872+0000][1][safepoint    ] Total time for which application threads were stopped: 0.0002072 seconds, Stopping threads took: 0.0001203 seconds
[2020-01-13T13:29:40.873+0000][1][safepoint    ] Application time: 1.0000898 seconds
[2020-01-13T13:29:40.873+0000][1][safepoint    ] Entering safepoint region: Cleanup
[2020-01-13T13:29:40.873+0000][1][safepoint    ] Leaving safepoint region
[2020-01-13T13:29:40.873+0000][1][safepoint    ] Total time for which application threads were stopped: 0.0000961 seconds, Stopping threads took: 0.0000305 seconds
[2020-01-13T13:29:41.873+0000][1][safepoint    ] Application time: 1.0000783 seconds
[2020-01-13T13:29:41.873+0000][1][safepoint    ] Entering safepoint region: Cleanup
[2020-01-13T13:29:41.873+0000][1][safepoint    ] Leaving safepoint region
[2020-01-13T13:29:41.873+0000][1][safepoint    ] Total time for which application threads were stopped: 0.0000750 seconds, Stopping threads took: 0.0000180 seconds
[2020-01-13T13:29:42.873+0000][1][safepoint    ] Application time: 1.0000808 seconds
[2020-01-13T13:29:42.873+0000][1][safepoint    ] Entering safepoint region: Cleanup
[2020-01-13T13:29:42.873+0000][1][safepoint    ] Leaving safepoint region
[2020-01-13T13:29:42.873+0000][1][safepoint    ] Total time for which application threads were stopped: 0.0001029 seconds, Stopping threads took: 0.0000262 seconds
[2020-01-13T13:29:43.873+0000][1][safepoint    ] Application time: 1.0000820 seconds
[2020-01-13T13:29:43.873+0000][1][safepoint    ] Entering safepoint region: Cleanup
[2020-01-13T13:29:43.873+0000][1][safepoint    ] Leaving safepoint region
[2020-01-13T13:29:43.874+0000][1][safepoint    ] Total time for which application threads were stopped: 0.0001128 seconds, Stopping threads took: 0.0000265 seconds
[2020-01-13T13:29:44.874+0000][1][safepoint    ] Application time: 1.0000776 seconds
[2020-01-13T13:29:44.875+0000][1][safepoint    ] Entering safepoint region: Cleanup
[2020-01-13T13:29:44.875+0000][1][safepoint    ] Leaving safepoint region
[2020-01-13T13:29:44.875+0000][1][safepoint    ] Total time for which application threads were stopped: 0.0001408 seconds, Stopping threads took: 0.0000483 seconds
[2020-01-13T13:29:45.875+0000][1][safepoint    ] Application time: 1.0000994 seconds
[2020-01-13T13:29:45.875+0000][1][safepoint    ] Entering safepoint region: Cleanup
[2020-01-13T13:29:45.875+0000][1][safepoint    ] Leaving safepoint region
[2020-01-13T13:29:45.875+0000][1][safepoint    ] Total time for which application threads were stopped: 0.0001092 seconds, Stopping threads took: 0.0000282 seconds
[2020-01-13T13:29:46.875+0000][1][safepoint    ] Application time: 1.0001309 seconds
[2020-01-13T13:29:46.875+0000][1][safepoint    ] Entering safepoint region: Cleanup
[2020-01-13T13:29:46.876+0000][1][safepoint    ] Leaving safepoint region
[2020-01-13T13:29:46.876+0000][1][safepoint    ] Total time for which application threads were stopped: 0.0001223 seconds, Stopping threads took: 0.0000276 seconds
[2020-01-13T13:29:47.876+0000][1][safepoint    ] Application time: 1.0000977 seconds
[2020-01-13T13:29:47.876+0000][1][safepoint    ] Entering safepoint region: Cleanup
[2020-01-13T13:29:47.876+0000][1][safepoint    ] Leaving safepoint region
[2020-01-13T13:29:47.876+0000][1][safepoint    ] Total time for which application threads were stopped: 0.0001017 seconds, Stopping threads took: 0.0000268 seconds
[2020-01-13T13:29:48.876+0000][1][safepoint    ] Application time: 1.0001011 seconds
[2020-01-13T13:29:48.876+0000][1][safepoint    ] Entering safepoint region: Cleanup
[2020-01-13T13:29:48.876+0000][1][safepoint    ] Leaving safepoint region
[2020-01-13T13:29:48.876+0000][1][safepoint    ] Total time for which application threads were stopped: 0.0000997 seconds, Stopping threads took: 0.0000222 seconds
[2020-01-13T13:29:49.876+0000][1][safepoint    ] Application time: 1.0000997 seconds
[2020-01-13T13:29:49.876+0000][1][safepoint    ] Entering safepoint region: Cleanup
[2020-01-13T13:29:49.876+0000][1][safepoint    ] Leaving safepoint region
[2020-01-13T13:29:49.876+0000][1][safepoint    ] Total time for which application threads were stopped: 0.0001278 seconds, Stopping threads took: 0.0000262 seconds
[2020-01-13T13:29:50.876+0000][1][safepoint    ] Application time: 1.0000809 seconds
[2020-01-13T13:29:50.879+0000][1][safepoint    ] Entering safepoint region: Cleanup
[2020-01-13T13:29:50.879+0000][1][safepoint    ] Leaving safepoint region
[2020-01-13T13:29:50.879+0000][1][safepoint    ] Total time for which application threads were stopped: 0.0021172 seconds, Stopping threads took: 0.0019985 seconds
[2020-01-13T13:29:51.879+0000][1][safepoint    ] Application time: 1.0004487 seconds
[2020-01-13T13:29:51.879+0000][1][safepoint    ] Entering safepoint region: Cleanup
[2020-01-13T13:29:51.879+0000][1][safepoint    ] Leaving safepoint region
[2020-01-13T13:29:51.879+0000][1][safepoint    ] Total time for which application threads were stopped: 0.0002223 seconds, Stopping threads took: 0.0000610 seconds
[2020-01-13T13:29:52.880+0000][1][safepoint    ] Application time: 1.0000963 seconds
[2020-01-13T13:29:52.880+0000][1][safepoint    ] Entering safepoint region: Cleanup
[2020-01-13T13:29:52.880+0000][1][safepoint    ] Leaving safepoint region
[2020-01-13T13:29:52.880+0000][1][safepoint    ] Total time for which application threads were stopped: 0.0001142 seconds, Stopping threads took: 0.0000324 seconds
[2020-01-13T13:29:53.880+0000][1][safepoint    ] Application time: 1.0001202 seconds
[2020-01-13T13:29:53.881+0000][1][safepoint    ] Entering safepoint region: Cleanup
[2020-01-13T13:29:53.881+0000][1][safepoint    ] Leaving safepoint region
[2020-01-13T13:29:53.881+0000][1][safepoint    ] Total time for which application threads were stopped: 0.0001386 seconds, Stopping threads took: 0.0000463 seconds
[2020-01-13T13:29:54.881+0000][1][safepoint    ] Application time: 1.0001369 seconds
[2020-01-13T13:29:54.881+0000][1][safepoint    ] Entering safepoint region: Cleanup
[2020-01-13T13:29:54.881+0000][1][safepoint    ] Leaving safepoint region
[2020-01-13T13:29:54.882+0000][1][safepoint    ] Total time for which application threads were stopped: 0.0001996 seconds, Stopping threads took: 0.0000534 seconds
[2020-01-13T13:29:55.882+0000][1][safepoint    ] Application time: 1.0001543 seconds
[2020-01-13T13:29:55.882+0000][1][safepoint    ] Entering safepoint region: Cleanup
[2020-01-13T13:29:55.882+0000][1][safepoint    ] Leaving safepoint region
[2020-01-13T13:29:55.882+0000][1][safepoint    ] Total time for which application threads were stopped: 0.0001420 seconds, Stopping threads took: 0.0000372 seconds
[2020-01-13T13:29:56.882+0000][1][safepoint    ] Application time: 1.0001362 seconds
[2020-01-13T13:29:56.882+0000][1][safepoint    ] Entering safepoint region: Cleanup
[2020-01-13T13:29:56.882+0000][1][safepoint    ] Leaving safepoint region
[2020-01-13T13:29:56.882+0000][1][safepoint    ] Total time for which application threads were stopped: 0.0001160 seconds, Stopping threads took: 0.0000313 seconds
[2020-01-13T13:29:57.882+0000][1][safepoint    ] Application time: 1.0001558 seconds
[2020-01-13T13:29:57.882+0000][1][safepoint    ] Entering safepoint region: Cleanup
[2020-01-13T13:29:57.883+0000][1][safepoint    ] Leaving safepoint region
[2020-01-13T13:29:57.883+0000][1][safepoint    ] Total time for which application threads were stopped: 0.0001156 seconds, Stopping threads took: 0.0000332 seconds
[2020-01-13T13:29:58.883+0000][1][safepoint    ] Application time: 1.0001130 seconds
[2020-01-13T13:29:58.884+0000][1][safepoint    ] Entering safepoint region: Cleanup
[2020-01-13T13:29:58.884+0000][1][safepoint    ] Leaving safepoint region
[2020-01-13T13:29:58.884+0000][1][safepoint    ] Total time for which application threads were stopped: 0.0001401 seconds, Stopping threads took: 0.0000558 seconds
[2020-01-13T13:29:59.884+0000][1][safepoint    ] Application time: 1.0001553 seconds
[2020-01-13T13:29:59.884+0000][1][safepoint    ] Entering safepoint region: Cleanup
[2020-01-13T13:29:59.884+0000][1][safepoint    ] Leaving safepoint region
[2020-01-13T13:29:59.884+0000][1][safepoint    ] Total time for which application threads were stopped: 0.0002259 seconds, Stopping threads took: 0.0000398 seconds
[2020-01-13T13:30:00.885+0000][1][safepoint    ] Application time: 1.0001513 seconds
[2020-01-13T13:30:00.885+0000][1][safepoint    ] Entering safepoint region: Cleanup
[2020-01-13T13:30:00.885+0000][1][safepoint    ] Leaving safepoint region
[2020-01-13T13:30:00.885+0000][1][safepoint    ] Total time for which application threads were stopped: 0.0001094 seconds, Stopping threads took: 0.0000392 seconds
[2020-01-13T13:30:01.885+0000][1][safepoint    ] Application time: 1.0001539 seconds
[2020-01-13T13:30:01.885+0000][1][safepoint    ] Entering safepoint region: Cleanup
[2020-01-13T13:30:01.885+0000][1][safepoint    ] Leaving safepoint region
[2020-01-13T13:30:01.885+0000][1][safepoint    ] Total time for which application threads were stopped: 0.0001434 seconds, Stopping threads took: 0.0000468 seconds
[2020-01-13T13:30:02.862+0000][1][safepoint    ] Application time: 0.9773405 seconds
[2020-01-13T13:30:02.863+0000][1][safepoint    ] Entering safepoint region: GenCollectForAllocation
[2020-01-13T13:30:02.863+0000][1][gc,start     ] GC(50) Pause Young (Allocation Failure)
[2020-01-13T13:30:02.863+0000][1][gc,task      ] GC(50) Using 1 workers of 1 for evacuation
[2020-01-13T13:30:02.867+0000][1][gc,age       ] GC(50) Desired survivor size 4358144 bytes, new threshold 6 (max threshold 6)
[2020-01-13T13:30:02.867+0000][1][gc,age       ] GC(50) Age table with threshold 6 (max threshold 6)
[2020-01-13T13:30:02.867+0000][1][gc,age       ] GC(50) - age   1:     598336 bytes,     598336 total
[2020-01-13T13:30:02.867+0000][1][gc,age       ] GC(50) - age   2:       2432 bytes,     600768 total
[2020-01-13T13:30:02.867+0000][1][gc,age       ] GC(50) - age   3:       2664 bytes,     603432 total
[2020-01-13T13:30:02.867+0000][1][gc,age       ] GC(50) - age   4:       2936 bytes,     606368 total
[2020-01-13T13:30:02.867+0000][1][gc,age       ] GC(50) - age   5:       2520 bytes,     608888 total
[2020-01-13T13:30:02.867+0000][1][gc,age       ] GC(50) - age   6:       3464 bytes,     612352 total
[2020-01-13T13:30:02.868+0000][1][gc,heap      ] GC(50) ParNew: 69266K->740K(76672K)
[2020-01-13T13:30:02.868+0000][1][gc,heap      ] GC(50) CMS: 67717K->67719K(176960K)
[2020-01-13T13:30:02.868+0000][1][gc,metaspace ] GC(50) Metaspace: 66239K->66239K(1110016K)
[2020-01-13T13:30:02.868+0000][1][gc           ] GC(50) Pause Young (Allocation Failure) 133M->66M(247M) 4.848ms
[2020-01-13T13:30:02.868+0000][1][gc,cpu       ] GC(50) User=0.01s Sys=0.00s Real=0.00s
[2020-01-13T13:30:02.868+0000][1][safepoint    ] Leaving safepoint region
[2020-01-13T13:30:02.868+0000][1][safepoint    ] Total time for which application threads were stopped: 0.0050657 seconds, Stopping threads took: 0.0000271 seconds
[2020-01-13T13:30:03.868+0000][1][safepoint    ] Application time: 1.0002397 seconds
[2020-01-13T13:30:03.868+0000][1][safepoint    ] Entering safepoint region: Cleanup
[2020-01-13T13:30:03.868+0000][1][safepoint    ] Leaving safepoint region
[2020-01-13T13:30:03.868+0000][1][safepoint    ] Total time for which application threads were stopped: 0.0001310 seconds, Stopping threads took: 0.0000348 seconds
[2020-01-13T13:30:04.868+0000][1][safepoint    ] Application time: 1.0002062 seconds
[2020-01-13T13:30:04.868+0000][1][safepoint    ] Entering safepoint region: Cleanup
[2020-01-13T13:30:04.868+0000][1][safepoint    ] Leaving safepoint region
[2020-01-13T13:30:04.868+0000][1][safepoint    ] Total time for which application threads were stopped: 0.0001061 seconds, Stopping threads took: 0.0000265 seconds
[2020-01-13T13:30:05.869+0000][1][safepoint    ] Application time: 1.0001337 seconds
[2020-01-13T13:30:05.869+0000][1][safepoint    ] Entering safepoint region: Cleanup
[2020-01-13T13:30:05.869+0000][1][safepoint    ] Leaving safepoint region
[2020-01-13T13:30:05.869+0000][1][safepoint    ] Total time for which application threads were stopped: 0.0001081 seconds, Stopping threads took: 0.0000295 seconds
[2020-01-13T13:30:06.869+0000][1][safepoint    ] Application time: 1.0001311 seconds
[2020-01-13T13:30:06.869+0000][1][safepoint    ] Entering safepoint region: Cleanup
[2020-01-13T13:30:06.869+0000][1][safepoint    ] Leaving safepoint region
[2020-01-13T13:30:06.869+0000][1][safepoint    ] Total time for which application threads were stopped: 0.0001436 seconds, Stopping threads took: 0.0000371 seconds
[2020-01-13T13:30:07.869+0000][1][safepoint    ] Application time: 1.0001588 seconds
[2020-01-13T13:30:07.869+0000][1][safepoint    ] Entering safepoint region: Cleanup
[2020-01-13T13:30:07.870+0000][1][safepoint    ] Leaving safepoint region
[2020-01-13T13:30:07.870+0000][1][safepoint    ] Total time for which application threads were stopped: 0.0001341 seconds, Stopping threads took: 0.0000378 seconds
[2020-01-13T13:30:09.771+0000][1][safepoint    ] Application time: 1.9009565 seconds
[2020-01-13T13:30:09.771+0000][1][safepoint    ] Entering safepoint region: Cleanup
[2020-01-13T13:30:09.771+0000][1][safepoint    ] Leaving safepoint region
[2020-01-13T13:30:09.771+0000][1][safepoint    ] Total time for which application threads were stopped: 0.0001206 seconds, Stopping threads took: 0.0000363 seconds
[2020-01-13T13:30:10.771+0000][1][safepoint    ] Application time: 1.0001509 seconds
[2020-01-13T13:30:10.771+0000][1][safepoint    ] Entering safepoint region: Cleanup
[2020-01-13T13:30:10.771+0000][1][safepoint    ] Leaving safepoint region
[2020-01-13T13:30:10.771+0000][1][safepoint    ] Total time for which application threads were stopped: 0.0001868 seconds, Stopping threads took: 0.0000260 seconds
[2020-01-13T13:30:11.771+0000][1][safepoint    ] Application time: 1.0001575 seconds
[2020-01-13T13:30:11.771+0000][1][safepoint    ] Entering safepoint region: Cleanup
[2020-01-13T13:30:11.772+0000][1][safepoint    ] Leaving safepoint region
[2020-01-13T13:30:11.772+0000][1][safepoint    ] Total time for which application threads were stopped: 0.0001310 seconds, Stopping threads took: 0.0000361 seconds
[2020-01-13T13:30:12.772+0000][1][safepoint    ] Application time: 1.0001460 seconds
[2020-01-13T13:30:12.772+0000][1][safepoint    ] Entering safepoint region: Cleanup
[2020-01-13T13:30:12.772+0000][1][safepoint    ] Leaving safepoint region
[2020-01-13T13:30:12.772+0000][1][safepoint    ] Total time for which application threads were stopped: 0.0001249 seconds, Stopping threads took: 0.0000284 seconds
[2020-01-13T13:30:13.772+0000][1][safepoint    ] Application time: 1.0001408 seconds
[2020-01-13T13:30:13.772+0000][1][safepoint    ] Entering safepoint region: Cleanup
[2020-01-13T13:30:13.772+0000][1][safepoint    ] Leaving safepoint region
[2020-01-13T13:30:13.772+0000][1][safepoint    ] Total time for which application threads were stopped: 0.0001148 seconds, Stopping threads took: 0.0000314 seconds
[2020-01-13T13:30:14.772+0000][1][safepoint    ] Application time: 1.0002338 seconds
[2020-01-13T13:30:14.773+0000][1][safepoint    ] Entering safepoint region: Cleanup
[2020-01-13T13:30:14.774+0000][1][safepoint    ] Leaving safepoint region
[2020-01-13T13:30:14.774+0000][1][safepoint    ] Total time for which application threads were stopped: 0.0001715 seconds, Stopping threads took: 0.0000635 seconds
[2020-01-13T13:30:15.774+0000][1][safepoint    ] Application time: 1.0001395 seconds
[2020-01-13T13:30:15.774+0000][1][safepoint    ] Entering safepoint region: Cleanup
[2020-01-13T13:30:15.774+0000][1][safepoint    ] Leaving safepoint region
[2020-01-13T13:30:15.774+0000][1][safepoint    ] Total time for which application threads were stopped: 0.0001898 seconds, Stopping threads took: 0.0000926 seconds
[2020-01-13T13:30:16.774+0000][1][safepoint    ] Application time: 1.0001613 seconds
[2020-01-13T13:30:16.774+0000][1][safepoint    ] Entering safepoint region: Cleanup
[2020-01-13T13:30:16.774+0000][1][safepoint    ] Leaving safepoint region
[2020-01-13T13:30:16.774+0000][1][safepoint    ] Total time for which application threads were stopped: 0.0001340 seconds, Stopping threads took: 0.0000284 seconds
[2020-01-13T13:30:17.775+0000][1][safepoint    ] Application time: 1.0001485 seconds
[2020-01-13T13:30:17.775+0000][1][safepoint    ] Entering safepoint region: Cleanup
[2020-01-13T13:30:17.775+0000][1][safepoint    ] Leaving safepoint region
[2020-01-13T13:30:17.775+0000][1][safepoint    ] Total time for which application threads were stopped: 0.0001627 seconds, Stopping threads took: 0.0000416 seconds
[2020-01-13T13:30:18.775+0000][1][safepoint    ] Application time: 1.0001116 seconds
[2020-01-13T13:30:18.775+0000][1][safepoint    ] Entering safepoint region: Cleanup
[2020-01-13T13:30:18.775+0000][1][safepoint    ] Leaving safepoint region
[2020-01-13T13:30:18.775+0000][1][safepoint    ] Total time for which application threads were stopped: 0.0001071 seconds, Stopping threads took: 0.0000309 seconds
[2020-01-13T13:30:19.775+0000][1][safepoint    ] Application time: 1.0001587 seconds
[2020-01-13T13:30:19.775+0000][1][safepoint    ] Entering safepoint region: Cleanup
[2020-01-13T13:30:19.776+0000][1][safepoint    ] Leaving safepoint region
[2020-01-13T13:30:19.776+0000][1][safepoint    ] Total time for which application threads were stopped: 0.0001454 seconds, Stopping threads took: 0.0000410 seconds
[2020-01-13T13:30:20.776+0000][1][safepoint    ] Application time: 1.0001589 seconds
[2020-01-13T13:30:20.776+0000][1][safepoint    ] Entering safepoint region: Cleanup
[2020-01-13T13:30:20.776+0000][1][safepoint    ] Leaving safepoint region
[2020-01-13T13:30:20.776+0000][1][safepoint    ] Total time for which application threads were stopped: 0.0001114 seconds, Stopping threads took: 0.0000298 seconds
[2020-01-13T13:30:21.776+0000][1][safepoint    ] Application time: 1.0001628 seconds
[2020-01-13T13:30:21.776+0000][1][safepoint    ] Entering safepoint region: Cleanup
[2020-01-13T13:30:21.776+0000][1][safepoint    ] Leaving safepoint region
[2020-01-13T13:30:21.776+0000][1][safepoint    ] Total time for which application threads were stopped: 0.0001433 seconds, Stopping threads took: 0.0000303 seconds
[2020-01-13T13:30:22.777+0000][1][safepoint    ] Application time: 1.0001675 seconds
[2020-01-13T13:30:22.777+0000][1][safepoint    ] Entering safepoint region: Cleanup
[2020-01-13T13:30:22.777+0000][1][safepoint    ] Leaving safepoint region
[2020-01-13T13:30:22.777+0000][1][safepoint    ] Total time for which application threads were stopped: 0.0001844 seconds, Stopping threads took: 0.0000272 seconds
[2020-01-13T13:30:23.777+0000][1][safepoint    ] Application time: 1.0001574 seconds
[2020-01-13T13:30:23.777+0000][1][safepoint    ] Entering safepoint region: Cleanup
[2020-01-13T13:30:23.777+0000][1][safepoint    ] Leaving safepoint region
[2020-01-13T13:30:23.777+0000][1][safepoint    ] Total time for which application threads were stopped: 0.0001202 seconds, Stopping threads took: 0.0000329 seconds
[2020-01-13T13:30:24.777+0000][1][safepoint    ] Application time: 1.0001550 seconds
[2020-01-13T13:30:24.777+0000][1][safepoint    ] Entering safepoint region: Cleanup
[2020-01-13T13:30:24.778+0000][1][safepoint    ] Leaving safepoint region
[2020-01-13T13:30:24.778+0000][1][safepoint    ] Total time for which application threads were stopped: 0.0001090 seconds, Stopping threads took: 0.0000279 seconds
[2020-01-13T13:30:25.778+0000][1][safepoint    ] Application time: 1.0002590 seconds
[2020-01-13T13:30:25.778+0000][1][safepoint    ] Entering safepoint region: Cleanup
[2020-01-13T13:30:25.778+0000][1][safepoint    ] Leaving safepoint region
[2020-01-13T13:30:25.778+0000][1][safepoint    ] Total time for which application threads were stopped: 0.0001184 seconds, Stopping threads took: 0.0000280 seconds
[2020-01-13T13:30:26.778+0000][1][safepoint    ] Application time: 1.0001730 seconds
[2020-01-13T13:30:26.778+0000][1][safepoint    ] Entering safepoint region: Cleanup
[2020-01-13T13:30:26.778+0000][1][safepoint    ] Leaving safepoint region
[2020-01-13T13:30:26.778+0000][1][safepoint    ] Total time for which application threads were stopped: 0.0001856 seconds, Stopping threads took: 0.0000772 seconds
[2020-01-13T13:30:27.779+0000][1][safepoint    ] Application time: 1.0002189 seconds
[2020-01-13T13:30:27.779+0000][1][safepoint    ] Entering safepoint region: Cleanup
[2020-01-13T13:30:27.779+0000][1][safepoint    ] Leaving safepoint region
[2020-01-13T13:30:27.779+0000][1][safepoint    ] Total time for which application threads were stopped: 0.0001422 seconds, Stopping threads took: 0.0000359 seconds
[2020-01-13T13:30:28.779+0000][1][safepoint    ] Application time: 1.0001669 seconds
[2020-01-13T13:30:28.779+0000][1][safepoint    ] Entering safepoint region: Cleanup
[2020-01-13T13:30:28.779+0000][1][safepoint    ] Leaving safepoint region
[2020-01-13T13:30:28.779+0000][1][safepoint    ] Total time for which application threads were stopped: 0.0001138 seconds, Stopping threads took: 0.0000296 seconds
[2020-01-13T13:30:29.779+0000][1][safepoint    ] Application time: 1.0001629 seconds
[2020-01-13T13:30:29.781+0000][1][safepoint    ] Entering safepoint region: Cleanup
[2020-01-13T13:30:29.781+0000][1][safepoint    ] Leaving safepoint region
[2020-01-13T13:30:29.781+0000][1][safepoint    ] Total time for which application threads were stopped: 0.0001646 seconds, Stopping threads took: 0.0000801 seconds
[2020-01-13T13:30:30.781+0000][1][safepoint    ] Application time: 1.0001972 seconds
[2020-01-13T13:30:30.781+0000][1][safepoint    ] Entering safepoint region: Cleanup
[2020-01-13T13:30:30.781+0000][1][safepoint    ] Leaving safepoint region
[2020-01-13T13:30:30.781+0000][1][safepoint    ] Total time for which application threads were stopped: 0.0001389 seconds, Stopping threads took: 0.0000366 seconds
[2020-01-13T13:30:31.781+0000][1][safepoint    ] Application time: 1.0001842 seconds
[2020-01-13T13:30:31.781+0000][1][safepoint    ] Entering safepoint region: Cleanup
[2020-01-13T13:30:31.782+0000][1][safepoint    ] Leaving safepoint region
[2020-01-13T13:30:31.782+0000][1][safepoint    ] Total time for which application threads were stopped: 0.0001947 seconds, Stopping threads took: 0.0000300 seconds
[2020-01-13T13:30:32.782+0000][1][safepoint    ] Application time: 1.0002128 seconds
[2020-01-13T13:30:32.782+0000][1][safepoint    ] Entering safepoint region: Cleanup
[2020-01-13T13:30:32.782+0000][1][safepoint    ] Leaving safepoint region
[2020-01-13T13:30:32.782+0000][1][safepoint    ] Total time for which application threads were stopped: 0.0001430 seconds, Stopping threads took: 0.0000379 seconds
[2020-01-13T13:30:33.782+0000][1][safepoint    ] Application time: 1.0001496 seconds
[2020-01-13T13:30:33.782+0000][1][safepoint    ] Entering safepoint region: Cleanup
[2020-01-13T13:30:33.782+0000][1][safepoint    ] Leaving safepoint region
[2020-01-13T13:30:33.782+0000][1][safepoint    ] Total time for which application threads were stopped: 0.0001555 seconds, Stopping threads took: 0.0000429 seconds
[2020-01-13T13:30:34.783+0000][1][safepoint    ] Application time: 1.0000851 seconds
[2020-01-13T13:30:34.784+0000][1][safepoint    ] Entering safepoint region: Cleanup
[2020-01-13T13:30:34.784+0000][1][safepoint    ] Leaving safepoint region
[2020-01-13T13:30:34.784+0000][1][safepoint    ] Total time for which application threads were stopped: 0.0001504 seconds, Stopping threads took: 0.0000528 seconds
[2020-01-13T13:30:35.784+0000][1][safepoint    ] Application time: 1.0001461 seconds
[2020-01-13T13:30:35.784+0000][1][safepoint    ] Entering safepoint region: Cleanup
[2020-01-13T13:30:35.784+0000][1][safepoint    ] Leaving safepoint region
[2020-01-13T13:30:35.784+0000][1][safepoint    ] Total time for which application threads were stopped: 0.0001486 seconds, Stopping threads took: 0.0000429 seconds
[2020-01-13T13:30:36.784+0000][1][safepoint    ] Application time: 1.0002070 seconds
[2020-01-13T13:30:36.784+0000][1][safepoint    ] Entering safepoint region: Cleanup
[2020-01-13T13:30:36.785+0000][1][safepoint    ] Leaving safepoint region
[2020-01-13T13:30:36.785+0000][1][safepoint    ] Total time for which application threads were stopped: 0.0001046 seconds, Stopping threads took: 0.0000280 seconds
[2020-01-13T13:30:37.785+0000][1][safepoint    ] Application time: 1.0001557 seconds
[2020-01-13T13:30:37.785+0000][1][safepoint    ] Entering safepoint region: Cleanup
[2020-01-13T13:30:37.785+0000][1][safepoint    ] Leaving safepoint region
[2020-01-13T13:30:37.785+0000][1][safepoint    ] Total time for which application threads were stopped: 0.0001164 seconds, Stopping threads took: 0.0000298 seconds
[2020-01-13T13:30:38.785+0000][1][safepoint    ] Application time: 1.0001656 seconds
[2020-01-13T13:30:38.785+0000][1][safepoint    ] Entering safepoint region: Cleanup
[2020-01-13T13:30:38.785+0000][1][safepoint    ] Leaving safepoint region
[2020-01-13T13:30:38.785+0000][1][safepoint    ] Total time for which application threads were stopped: 0.0002065 seconds, Stopping threads took: 0.0000414 seconds
[2020-01-13T13:30:39.786+0000][1][safepoint    ] Application time: 1.0001732 seconds
[2020-01-13T13:30:39.787+0000][1][safepoint    ] Entering safepoint region: Cleanup
[2020-01-13T13:30:39.787+0000][1][safepoint    ] Leaving safepoint region
[2020-01-13T13:30:39.787+0000][1][safepoint    ] Total time for which application threads were stopped: 0.0001424 seconds, Stopping threads took: 0.0000509 seconds
[2020-01-13T13:30:39.893+0000][1][safepoint    ] Application time: 0.1066178 seconds
[2020-01-13T13:30:39.894+0000][1][safepoint    ] Entering safepoint region: GenCollectForAllocation
[2020-01-13T13:30:39.894+0000][1][gc,start     ] GC(51) Pause Young (Allocation Failure)
[2020-01-13T13:30:39.894+0000][1][gc,task      ] GC(51) Using 1 workers of 1 for evacuation
[2020-01-13T13:30:39.899+0000][1][gc,age       ] GC(51) Desired survivor size 4358144 bytes, new threshold 6 (max threshold 6)
[2020-01-13T13:30:39.899+0000][1][gc,age       ] GC(51) Age table with threshold 6 (max threshold 6)
[2020-01-13T13:30:39.899+0000][1][gc,age       ] GC(51) - age   1:     625272 bytes,     625272 total
[2020-01-13T13:30:39.899+0000][1][gc,age       ] GC(51) - age   2:       2784 bytes,     628056 total
[2020-01-13T13:30:39.899+0000][1][gc,age       ] GC(51) - age   3:       2432 bytes,     630488 total
[2020-01-13T13:30:39.899+0000][1][gc,age       ] GC(51) - age   4:       2664 bytes,     633152 total
[2020-01-13T13:30:39.899+0000][1][gc,age       ] GC(51) - age   5:       2936 bytes,     636088 total
[2020-01-13T13:30:39.899+0000][1][gc,age       ] GC(51) - age   6:       2520 bytes,     638608 total
[2020-01-13T13:30:39.899+0000][1][gc,heap      ] GC(51) ParNew: 68900K->1082K(76672K)
[2020-01-13T13:30:39.899+0000][1][gc,heap      ] GC(51) CMS: 67719K->67723K(176960K)
[2020-01-13T13:30:39.899+0000][1][gc,metaspace ] GC(51) Metaspace: 66245K->66245K(1110016K)
[2020-01-13T13:30:39.899+0000][1][gc           ] GC(51) Pause Young (Allocation Failure) 133M->67M(247M) 5.033ms
[2020-01-13T13:30:39.899+0000][1][gc,cpu       ] GC(51) User=0.00s Sys=0.00s Real=0.00s
[2020-01-13T13:30:39.899+0000][1][safepoint    ] Leaving safepoint region
[2020-01-13T13:30:39.899+0000][1][safepoint    ] Total time for which application threads were stopped: 0.0052310 seconds, Stopping threads took: 0.0000446 seconds
[2020-01-13T13:30:40.901+0000][1][safepoint    ] Application time: 1.0021870 seconds
[2020-01-13T13:30:40.901+0000][1][safepoint    ] Entering safepoint region: Cleanup
[2020-01-13T13:30:40.901+0000][1][safepoint    ] Leaving safepoint region
[2020-01-13T13:30:40.901+0000][1][safepoint    ] Total time for which application threads were stopped: 0.0001433 seconds, Stopping threads took: 0.0000369 seconds
[2020-01-13T13:30:41.901+0000][1][safepoint    ] Application time: 1.0001500 seconds
[2020-01-13T13:30:41.901+0000][1][safepoint    ] Entering safepoint region: Cleanup
[2020-01-13T13:30:41.901+0000][1][safepoint    ] Leaving safepoint region
[2020-01-13T13:30:41.901+0000][1][safepoint    ] Total time for which application threads were stopped: 0.0001021 seconds, Stopping threads took: 0.0000275 seconds
[2020-01-13T13:30:42.902+0000][1][safepoint    ] Application time: 1.0001261 seconds
[2020-01-13T13:30:42.902+0000][1][safepoint    ] Entering safepoint region: Cleanup
[2020-01-13T13:30:42.902+0000][1][safepoint    ] Leaving safepoint region
[2020-01-13T13:30:42.902+0000][1][safepoint    ] Total time for which application threads were stopped: 0.0000965 seconds, Stopping threads took: 0.0000263 seconds
[2020-01-13T13:30:43.902+0000][1][safepoint    ] Application time: 1.0001385 seconds
[2020-01-13T13:30:43.902+0000][1][safepoint    ] Entering safepoint region: Cleanup
[2020-01-13T13:30:43.902+0000][1][safepoint    ] Leaving safepoint region
[2020-01-13T13:30:43.902+0000][1][safepoint    ] Total time for which application threads were stopped: 0.0001130 seconds, Stopping threads took: 0.0000373 seconds
[2020-01-13T13:30:44.902+0000][1][safepoint    ] Application time: 1.0001572 seconds
[2020-01-13T13:30:44.903+0000][1][safepoint    ] Entering safepoint region: Cleanup
[2020-01-13T13:30:44.903+0000][1][safepoint    ] Leaving safepoint region
[2020-01-13T13:30:44.903+0000][1][safepoint    ] Total time for which application threads were stopped: 0.0001717 seconds, Stopping threads took: 0.0000643 seconds
[2020-01-13T13:30:45.904+0000][1][safepoint    ] Application time: 1.0001421 seconds
[2020-01-13T13:30:45.904+0000][1][safepoint    ] Entering safepoint region: Cleanup
[2020-01-13T13:30:45.904+0000][1][safepoint    ] Leaving safepoint region
[2020-01-13T13:30:45.904+0000][1][safepoint    ] Total time for which application threads were stopped: 0.0000995 seconds, Stopping threads took: 0.0000268 seconds
[2020-01-13T13:30:46.904+0000][1][safepoint    ] Application time: 1.0001366 seconds
[2020-01-13T13:30:46.904+0000][1][safepoint    ] Entering safepoint region: Cleanup
[2020-01-13T13:30:46.904+0000][1][safepoint    ] Leaving safepoint region
[2020-01-13T13:30:46.904+0000][1][safepoint    ] Total time for which application threads were stopped: 0.0001270 seconds, Stopping threads took: 0.0000273 seconds
[2020-01-13T13:30:47.904+0000][1][safepoint    ] Application time: 1.0001486 seconds
[2020-01-13T13:30:47.904+0000][1][safepoint    ] Entering safepoint region: Cleanup
[2020-01-13T13:30:47.904+0000][1][safepoint    ] Leaving safepoint region
[2020-01-13T13:30:47.904+0000][1][safepoint    ] Total time for which application threads were stopped: 0.0001330 seconds, Stopping threads took: 0.0000536 seconds
[2020-01-13T13:30:48.905+0000][1][safepoint    ] Application time: 1.0000923 seconds
[2020-01-13T13:30:48.905+0000][1][safepoint    ] Entering safepoint region: Cleanup
[2020-01-13T13:30:48.905+0000][1][safepoint    ] Leaving safepoint region
[2020-01-13T13:30:48.905+0000][1][safepoint    ] Total time for which application threads were stopped: 0.0001116 seconds, Stopping threads took: 0.0000265 seconds
[2020-01-13T13:30:49.905+0000][1][safepoint    ] Application time: 1.0001441 seconds
[2020-01-13T13:30:49.905+0000][1][safepoint    ] Entering safepoint region: Cleanup
[2020-01-13T13:30:49.905+0000][1][safepoint    ] Leaving safepoint region
[2020-01-13T13:30:49.905+0000][1][safepoint    ] Total time for which application threads were stopped: 0.0001610 seconds, Stopping threads took: 0.0000809 seconds
[2020-01-13T13:30:50.905+0000][1][safepoint    ] Application time: 1.0003532 seconds
[2020-01-13T13:30:50.906+0000][1][safepoint    ] Entering safepoint region: Cleanup
[2020-01-13T13:30:50.906+0000][1][safepoint    ] Leaving safepoint region
[2020-01-13T13:30:50.906+0000][1][safepoint    ] Total time for which application threads were stopped: 0.0001043 seconds, Stopping threads took: 0.0000271 seconds
[2020-01-13T13:30:51.906+0000][1][safepoint    ] Application time: 1.0001640 seconds
[2020-01-13T13:30:51.906+0000][1][safepoint    ] Entering safepoint region: Cleanup
[2020-01-13T13:30:51.906+0000][1][safepoint    ] Leaving safepoint region
[2020-01-13T13:30:51.906+0000][1][safepoint    ] Total time for which application threads were stopped: 0.0001372 seconds, Stopping threads took: 0.0000504 seconds
[2020-01-13T13:30:52.906+0000][1][safepoint    ] Application time: 1.0001467 seconds
[2020-01-13T13:30:52.906+0000][1][safepoint    ] Entering safepoint region: Cleanup
[2020-01-13T13:30:52.906+0000][1][safepoint    ] Leaving safepoint region
[2020-01-13T13:30:52.906+0000][1][safepoint    ] Total time for which application threads were stopped: 0.0001179 seconds, Stopping threads took: 0.0000290 seconds
[2020-01-13T13:30:53.907+0000][1][safepoint    ] Application time: 1.0001457 seconds
[2020-01-13T13:30:53.908+0000][1][safepoint    ] Entering safepoint region: Cleanup
[2020-01-13T13:30:53.908+0000][1][safepoint    ] Leaving safepoint region
[2020-01-13T13:30:53.908+0000][1][safepoint    ] Total time for which application threads were stopped: 0.0001442 seconds, Stopping threads took: 0.0000668 seconds
[2020-01-13T13:30:54.908+0000][1][safepoint    ] Application time: 1.0001499 seconds
[2020-01-13T13:30:54.908+0000][1][safepoint    ] Entering safepoint region: Cleanup
[2020-01-13T13:30:54.908+0000][1][safepoint    ] Leaving safepoint region
[2020-01-13T13:30:54.908+0000][1][safepoint    ] Total time for which application threads were stopped: 0.0001708 seconds, Stopping threads took: 0.0000971 seconds
[2020-01-13T13:30:55.908+0000][1][safepoint    ] Application time: 1.0001141 seconds
[2020-01-13T13:30:55.908+0000][1][safepoint    ] Entering safepoint region: Cleanup
[2020-01-13T13:30:55.908+0000][1][safepoint    ] Leaving safepoint region
[2020-01-13T13:30:55.908+0000][1][safepoint    ] Total time for which application threads were stopped: 0.0001350 seconds, Stopping threads took: 0.0000403 seconds
[2020-01-13T13:30:56.909+0000][1][safepoint    ] Application time: 1.0000862 seconds
[2020-01-13T13:30:56.909+0000][1][safepoint    ] Entering safepoint region: Cleanup
[2020-01-13T13:30:56.909+0000][1][safepoint    ] Leaving safepoint region
[2020-01-13T13:30:56.909+0000][1][safepoint    ] Total time for which application threads were stopped: 0.0000773 seconds, Stopping threads took: 0.0000204 seconds
[2020-01-13T13:30:57.909+0000][1][safepoint    ] Application time: 1.0001121 seconds
[2020-01-13T13:30:57.909+0000][1][safepoint    ] Entering safepoint region: Cleanup
[2020-01-13T13:30:57.909+0000][1][safepoint    ] Leaving safepoint region
[2020-01-13T13:30:57.909+0000][1][safepoint    ] Total time for which application threads were stopped: 0.0001380 seconds, Stopping threads took: 0.0000333 seconds
[2020-01-13T13:30:58.909+0000][1][safepoint    ] Application time: 1.0001101 seconds
[2020-01-13T13:30:58.911+0000][1][safepoint    ] Entering safepoint region: Cleanup
[2020-01-13T13:30:58.911+0000][1][safepoint    ] Leaving safepoint region
[2020-01-13T13:30:58.911+0000][1][safepoint    ] Total time for which application threads were stopped: 0.0001464 seconds, Stopping threads took: 0.0000604 seconds
[2020-01-13T13:30:59.911+0000][1][safepoint    ] Application time: 1.0001509 seconds
[2020-01-13T13:30:59.911+0000][1][safepoint    ] Entering safepoint region: Cleanup
[2020-01-13T13:30:59.911+0000][1][safepoint    ] Leaving safepoint region
[2020-01-13T13:30:59.911+0000][1][safepoint    ] Total time for which application threads were stopped: 0.0001030 seconds, Stopping threads took: 0.0000262 seconds
[2020-01-13T13:31:00.911+0000][1][safepoint    ] Application time: 1.0001216 seconds
[2020-01-13T13:31:00.911+0000][1][safepoint    ] Entering safepoint region: Cleanup
[2020-01-13T13:31:00.911+0000][1][safepoint    ] Leaving safepoint region
[2020-01-13T13:31:00.911+0000][1][safepoint    ] Total time for which application threads were stopped: 0.0000929 seconds, Stopping threads took: 0.0000238 seconds
[2020-01-13T13:31:01.912+0000][1][safepoint    ] Application time: 1.0001111 seconds
[2020-01-13T13:31:01.912+0000][1][safepoint    ] Entering safepoint region: Cleanup
[2020-01-13T13:31:01.912+0000][1][safepoint    ] Leaving safepoint region
[2020-01-13T13:31:01.912+0000][1][safepoint    ] Total time for which application threads were stopped: 0.0001526 seconds, Stopping threads took: 0.0000319 seconds
[2020-01-13T13:31:02.912+0000][1][safepoint    ] Application time: 1.0001305 seconds
[2020-01-13T13:31:02.912+0000][1][safepoint    ] Entering safepoint region: Cleanup
[2020-01-13T13:31:02.912+0000][1][safepoint    ] Leaving safepoint region
[2020-01-13T13:31:02.912+0000][1][safepoint    ] Total time for which application threads were stopped: 0.0001065 seconds, Stopping threads took: 0.0000288 seconds
[2020-01-13T13:31:03.912+0000][1][safepoint    ] Application time: 1.0001439 seconds
[2020-01-13T13:31:03.914+0000][1][safepoint    ] Entering safepoint region: Cleanup
[2020-01-13T13:31:03.914+0000][1][safepoint    ] Leaving safepoint region
[2020-01-13T13:31:03.914+0000][1][safepoint    ] Total time for which application threads were stopped: 0.0001772 seconds, Stopping threads took: 0.0000594 seconds
[2020-01-13T13:31:04.914+0000][1][safepoint    ] Application time: 1.0001413 seconds
[2020-01-13T13:31:04.914+0000][1][safepoint    ] Entering safepoint region: Cleanup
[2020-01-13T13:31:04.914+0000][1][safepoint    ] Leaving safepoint region
[2020-01-13T13:31:04.914+0000][1][safepoint    ] Total time for which application threads were stopped: 0.0001611 seconds, Stopping threads took: 0.0000806 seconds
[2020-01-13T13:31:05.914+0000][1][safepoint    ] Application time: 1.0001591 seconds
[2020-01-13T13:31:05.914+0000][1][safepoint    ] Entering safepoint region: Cleanup
[2020-01-13T13:31:05.915+0000][1][safepoint    ] Leaving safepoint region
[2020-01-13T13:31:05.915+0000][1][safepoint    ] Total time for which application threads were stopped: 0.0001245 seconds, Stopping threads took: 0.0000321 seconds
[2020-01-13T13:31:06.915+0000][1][safepoint    ] Application time: 1.0001424 seconds
[2020-01-13T13:31:06.915+0000][1][safepoint    ] Entering safepoint region: Cleanup
[2020-01-13T13:31:06.915+0000][1][safepoint    ] Leaving safepoint region
[2020-01-13T13:31:06.915+0000][1][safepoint    ] Total time for which application threads were stopped: 0.0001305 seconds, Stopping threads took: 0.0000356 seconds
[2020-01-13T13:31:07.915+0000][1][safepoint    ] Application time: 1.0001525 seconds
[2020-01-13T13:31:07.915+0000][1][safepoint    ] Entering safepoint region: Cleanup
[2020-01-13T13:31:07.915+0000][1][safepoint    ] Leaving safepoint region
[2020-01-13T13:31:07.915+0000][1][safepoint    ] Total time for which application threads were stopped: 0.0001017 seconds, Stopping threads took: 0.0000283 seconds
[2020-01-13T13:31:08.915+0000][1][safepoint    ] Application time: 1.0001245 seconds
[2020-01-13T13:31:08.916+0000][1][safepoint    ] Entering safepoint region: Cleanup
[2020-01-13T13:31:08.917+0000][1][safepoint    ] Leaving safepoint region
[2020-01-13T13:31:08.917+0000][1][safepoint    ] Total time for which application threads were stopped: 0.0002190 seconds, Stopping threads took: 0.0001434 seconds
[2020-01-13T13:31:09.917+0000][1][safepoint    ] Application time: 1.0000970 seconds
[2020-01-13T13:31:09.917+0000][1][safepoint    ] Entering safepoint region: Cleanup
[2020-01-13T13:31:09.917+0000][1][safepoint    ] Leaving safepoint region
[2020-01-13T13:31:09.917+0000][1][safepoint    ] Total time for which application threads were stopped: 0.0000994 seconds, Stopping threads took: 0.0000245 seconds
[2020-01-13T13:31:10.917+0000][1][safepoint    ] Application time: 1.0001319 seconds
[2020-01-13T13:31:10.917+0000][1][safepoint    ] Entering safepoint region: Cleanup
[2020-01-13T13:31:10.917+0000][1][safepoint    ] Leaving safepoint region
[2020-01-13T13:31:10.917+0000][1][safepoint    ] Total time for which application threads were stopped: 0.0001356 seconds, Stopping threads took: 0.0000336 seconds
[2020-01-13T13:31:11.917+0000][1][safepoint    ] Application time: 1.0001163 seconds
[2020-01-13T13:31:11.918+0000][1][safepoint    ] Entering safepoint region: Cleanup
[2020-01-13T13:31:11.918+0000][1][safepoint    ] Leaving safepoint region
[2020-01-13T13:31:11.918+0000][1][safepoint    ] Total time for which application threads were stopped: 0.0001215 seconds, Stopping threads took: 0.0000352 seconds
[2020-01-13T13:31:12.918+0000][1][safepoint    ] Application time: 1.0000947 seconds
[2020-01-13T13:31:12.918+0000][1][safepoint    ] Entering safepoint region: Cleanup
[2020-01-13T13:31:12.918+0000][1][safepoint    ] Leaving safepoint region
[2020-01-13T13:31:12.918+0000][1][safepoint    ] Total time for which application threads were stopped: 0.0001012 seconds, Stopping threads took: 0.0000273 seconds
[2020-01-13T13:31:13.918+0000][1][safepoint    ] Application time: 1.0001564 seconds
[2020-01-13T13:31:13.919+0000][1][safepoint    ] Entering safepoint region: Cleanup
[2020-01-13T13:31:13.920+0000][1][safepoint    ] Leaving safepoint region
[2020-01-13T13:31:13.920+0000][1][safepoint    ] Total time for which application threads were stopped: 0.0001730 seconds, Stopping threads took: 0.0000743 seconds
[2020-01-13T13:31:14.920+0000][1][safepoint    ] Application time: 1.0001103 seconds
[2020-01-13T13:31:14.920+0000][1][safepoint    ] Entering safepoint region: Cleanup
[2020-01-13T13:31:14.920+0000][1][safepoint    ] Leaving safepoint region
[2020-01-13T13:31:14.920+0000][1][safepoint    ] Total time for which application threads were stopped: 0.0001485 seconds, Stopping threads took: 0.0000366 seconds
[2020-01-13T13:31:15.920+0000][1][safepoint    ] Application time: 1.0001252 seconds
[2020-01-13T13:31:15.920+0000][1][safepoint    ] Entering safepoint region: Cleanup
[2020-01-13T13:31:15.920+0000][1][safepoint    ] Leaving safepoint region
[2020-01-13T13:31:15.920+0000][1][safepoint    ] Total time for which application threads were stopped: 0.0001158 seconds, Stopping threads took: 0.0000327 seconds
[2020-01-13T13:31:16.921+0000][1][safepoint    ] Application time: 1.0004738 seconds
[2020-01-13T13:31:16.921+0000][1][safepoint    ] Entering safepoint region: Cleanup
[2020-01-13T13:31:16.921+0000][1][safepoint    ] Leaving safepoint region
[2020-01-13T13:31:16.921+0000][1][safepoint    ] Total time for which application threads were stopped: 0.0001394 seconds, Stopping threads took: 0.0000320 seconds
[2020-01-13T13:31:17.921+0000][1][safepoint    ] Application time: 1.0001383 seconds
[2020-01-13T13:31:17.921+0000][1][safepoint    ] Entering safepoint region: Cleanup
[2020-01-13T13:31:17.921+0000][1][safepoint    ] Leaving safepoint region
[2020-01-13T13:31:17.921+0000][1][safepoint    ] Total time for which application threads were stopped: 0.0001543 seconds, Stopping threads took: 0.0000343 seconds
[2020-01-13T13:31:18.680+0000][1][safepoint    ] Application time: 0.7587731 seconds
[2020-01-13T13:31:18.680+0000][1][safepoint    ] Entering safepoint region: GenCollectForAllocation
[2020-01-13T13:31:18.680+0000][1][gc,start     ] GC(52) Pause Young (Allocation Failure)
[2020-01-13T13:31:18.680+0000][1][gc,task      ] GC(52) Using 1 workers of 1 for evacuation
[2020-01-13T13:31:18.687+0000][1][gc,age       ] GC(52) Desired survivor size 4358144 bytes, new threshold 6 (max threshold 6)
[2020-01-13T13:31:18.687+0000][1][gc,age       ] GC(52) Age table with threshold 6 (max threshold 6)
[2020-01-13T13:31:18.687+0000][1][gc,age       ] GC(52) - age   1:     597480 bytes,     597480 total
[2020-01-13T13:31:18.687+0000][1][gc,age       ] GC(52) - age   2:       2432 bytes,     599912 total
[2020-01-13T13:31:18.687+0000][1][gc,age       ] GC(52) - age   3:       2496 bytes,     602408 total
[2020-01-13T13:31:18.687+0000][1][gc,age       ] GC(52) - age   4:       2432 bytes,     604840 total
[2020-01-13T13:31:18.687+0000][1][gc,age       ] GC(52) - age   5:       2664 bytes,     607504 total
[2020-01-13T13:31:18.687+0000][1][gc,age       ] GC(52) - age   6:       2936 bytes,     610440 total
[2020-01-13T13:31:18.687+0000][1][gc,heap      ] GC(52) ParNew: 69242K->738K(76672K)
[2020-01-13T13:31:18.687+0000][1][gc,heap      ] GC(52) CMS: 67723K->67725K(176960K)
[2020-01-13T13:31:18.687+0000][1][gc,metaspace ] GC(52) Metaspace: 66258K->66258K(1110016K)
[2020-01-13T13:31:18.687+0000][1][gc           ] GC(52) Pause Young (Allocation Failure) 133M->66M(247M) 6.418ms
[2020-01-13T13:31:18.687+0000][1][gc,cpu       ] GC(52) User=0.00s Sys=0.00s Real=0.00s
[2020-01-13T13:31:18.687+0000][1][safepoint    ] Leaving safepoint region
[2020-01-13T13:31:18.687+0000][1][safepoint    ] Total time for which application threads were stopped: 0.0066734 seconds, Stopping threads took: 0.0000259 seconds
[2020-01-13T13:31:19.695+0000][1][safepoint    ] Application time: 1.0076767 seconds
[2020-01-13T13:31:19.695+0000][1][safepoint    ] Entering safepoint region: Cleanup
[2020-01-13T13:31:19.695+0000][1][safepoint    ] Leaving safepoint region
[2020-01-13T13:31:19.695+0000][1][safepoint    ] Total time for which application threads were stopped: 0.0000972 seconds, Stopping threads took: 0.0000258 seconds
[2020-01-13T13:31:20.695+0000][1][safepoint    ] Application time: 1.0002682 seconds
[2020-01-13T13:31:20.695+0000][1][safepoint    ] Entering safepoint region: Cleanup
[2020-01-13T13:31:20.695+0000][1][safepoint    ] Leaving safepoint region
[2020-01-13T13:31:20.695+0000][1][safepoint    ] Total time for which application threads were stopped: 0.0001046 seconds, Stopping threads took: 0.0000197 seconds
[2020-01-13T13:31:21.696+0000][1][safepoint    ] Application time: 1.0002959 seconds
[2020-01-13T13:31:21.696+0000][1][safepoint    ] Entering safepoint region: Cleanup
[2020-01-13T13:31:21.696+0000][1][safepoint    ] Leaving safepoint region
[2020-01-13T13:31:21.696+0000][1][safepoint    ] Total time for which application threads were stopped: 0.0001093 seconds, Stopping threads took: 0.0000227 seconds
[2020-01-13T13:31:22.696+0000][1][safepoint    ] Application time: 1.0002836 seconds
[2020-01-13T13:31:22.696+0000][1][safepoint    ] Entering safepoint region: Cleanup
[2020-01-13T13:31:22.696+0000][1][safepoint    ] Leaving safepoint region
[2020-01-13T13:31:22.696+0000][1][safepoint    ] Total time for which application threads were stopped: 0.0001158 seconds, Stopping threads took: 0.0000281 seconds
[2020-01-13T13:31:23.696+0000][1][safepoint    ] Application time: 1.0000899 seconds
[2020-01-13T13:31:23.698+0000][1][safepoint    ] Entering safepoint region: Cleanup
[2020-01-13T13:31:23.698+0000][1][safepoint    ] Leaving safepoint region
[2020-01-13T13:31:23.698+0000][1][safepoint    ] Total time for which application threads were stopped: 0.0013498 seconds, Stopping threads took: 0.0012604 seconds
[2020-01-13T13:31:24.698+0000][1][safepoint    ] Application time: 1.0001623 seconds
[2020-01-13T13:31:24.698+0000][1][safepoint    ] Entering safepoint region: Cleanup
[2020-01-13T13:31:24.698+0000][1][safepoint    ] Leaving safepoint region
[2020-01-13T13:31:24.698+0000][1][safepoint    ] Total time for which application threads were stopped: 0.0001180 seconds, Stopping threads took: 0.0000389 seconds
[2020-01-13T13:31:25.698+0000][1][safepoint    ] Application time: 1.0001605 seconds
[2020-01-13T13:31:25.698+0000][1][safepoint    ] Entering safepoint region: Cleanup
[2020-01-13T13:31:25.698+0000][1][safepoint    ] Leaving safepoint region
[2020-01-13T13:31:25.699+0000][1][safepoint    ] Total time for which application threads were stopped: 0.0001566 seconds, Stopping threads took: 0.0000468 seconds
[2020-01-13T13:31:26.699+0000][1][safepoint    ] Application time: 1.0001477 seconds
[2020-01-13T13:31:26.699+0000][1][safepoint    ] Entering safepoint region: Cleanup
[2020-01-13T13:31:26.699+0000][1][safepoint    ] Leaving safepoint region
[2020-01-13T13:31:26.699+0000][1][safepoint    ] Total time for which application threads were stopped: 0.0001107 seconds, Stopping threads took: 0.0000308 seconds
[2020-01-13T13:31:27.699+0000][1][safepoint    ] Application time: 1.0001779 seconds
[2020-01-13T13:31:27.699+0000][1][safepoint    ] Entering safepoint region: Cleanup
[2020-01-13T13:31:27.699+0000][1][safepoint    ] Leaving safepoint region
[2020-01-13T13:31:27.699+0000][1][safepoint    ] Total time for which application threads were stopped: 0.0001231 seconds, Stopping threads took: 0.0000351 seconds
[2020-01-13T13:31:28.699+0000][1][safepoint    ] Application time: 1.0001165 seconds
[2020-01-13T13:31:28.699+0000][1][safepoint    ] Entering safepoint region: Cleanup
[2020-01-13T13:31:28.700+0000][1][safepoint    ] Leaving safepoint region
[2020-01-13T13:31:28.700+0000][1][safepoint    ] Total time for which application threads were stopped: 0.0000979 seconds, Stopping threads took: 0.0000268 seconds
[2020-01-13T13:31:29.700+0000][1][safepoint    ] Application time: 1.0001660 seconds
[2020-01-13T13:31:29.701+0000][1][safepoint    ] Entering safepoint region: Cleanup
[2020-01-13T13:31:29.701+0000][1][safepoint    ] Leaving safepoint region
[2020-01-13T13:31:29.701+0000][1][safepoint    ] Total time for which application threads were stopped: 0.0002642 seconds, Stopping threads took: 0.0000894 seconds
[2020-01-13T13:31:30.701+0000][1][safepoint    ] Application time: 1.0001211 seconds
[2020-01-13T13:31:30.701+0000][1][safepoint    ] Entering safepoint region: Cleanup
[2020-01-13T13:31:30.701+0000][1][safepoint    ] Leaving safepoint region
[2020-01-13T13:31:30.701+0000][1][safepoint    ] Total time for which application threads were stopped: 0.0001236 seconds, Stopping threads took: 0.0000235 seconds
[2020-01-13T13:31:31.702+0000][1][safepoint    ] Application time: 1.0000925 seconds
[2020-01-13T13:31:31.702+0000][1][safepoint    ] Entering safepoint region: Cleanup
[2020-01-13T13:31:31.702+0000][1][safepoint    ] Leaving safepoint region
[2020-01-13T13:31:31.702+0000][1][safepoint    ] Total time for which application threads were stopped: 0.0001188 seconds, Stopping threads took: 0.0000290 seconds
[2020-01-13T13:31:32.702+0000][1][safepoint    ] Application time: 1.0000976 seconds
[2020-01-13T13:31:32.702+0000][1][safepoint    ] Entering safepoint region: Cleanup
[2020-01-13T13:31:32.702+0000][1][safepoint    ] Leaving safepoint region
[2020-01-13T13:31:32.702+0000][1][safepoint    ] Total time for which application threads were stopped: 0.0001633 seconds, Stopping threads took: 0.0000807 seconds
[2020-01-13T13:31:33.702+0000][1][safepoint    ] Application time: 1.0000916 seconds
[2020-01-13T13:31:33.704+0000][1][safepoint    ] Entering safepoint region: Cleanup
[2020-01-13T13:31:33.704+0000][1][safepoint    ] Leaving safepoint region
[2020-01-13T13:31:33.704+0000][1][safepoint    ] Total time for which application threads were stopped: 0.0020730 seconds, Stopping threads took: 0.0019865 seconds
[2020-01-13T13:31:34.705+0000][1][safepoint    ] Application time: 1.0001585 seconds
[2020-01-13T13:31:34.706+0000][1][safepoint    ] Entering safepoint region: Cleanup
[2020-01-13T13:31:34.706+0000][1][safepoint    ] Leaving safepoint region
[2020-01-13T13:31:34.706+0000][1][safepoint    ] Total time for which application threads were stopped: 0.0001462 seconds, Stopping threads took: 0.0000721 seconds
[2020-01-13T13:31:35.706+0000][1][safepoint    ] Application time: 1.0001844 seconds
[2020-01-13T13:31:35.706+0000][1][safepoint    ] Entering safepoint region: Cleanup
[2020-01-13T13:31:35.706+0000][1][safepoint    ] Leaving safepoint region
[2020-01-13T13:31:35.706+0000][1][safepoint    ] Total time for which application threads were stopped: 0.0001027 seconds, Stopping threads took: 0.0000233 seconds
[2020-01-13T13:31:36.706+0000][1][safepoint    ] Application time: 1.0001158 seconds
[2020-01-13T13:31:36.706+0000][1][safepoint    ] Entering safepoint region: Cleanup
[2020-01-13T13:31:36.706+0000][1][safepoint    ] Leaving safepoint region
[2020-01-13T13:31:36.706+0000][1][safepoint    ] Total time for which application threads were stopped: 0.0000976 seconds, Stopping threads took: 0.0000240 seconds
[2020-01-13T13:31:37.707+0000][1][safepoint    ] Application time: 1.0001116 seconds
[2020-01-13T13:31:37.707+0000][1][safepoint    ] Entering safepoint region: Cleanup
[2020-01-13T13:31:37.707+0000][1][safepoint    ] Leaving safepoint region
[2020-01-13T13:31:37.707+0000][1][safepoint    ] Total time for which application threads were stopped: 0.0001051 seconds, Stopping threads took: 0.0000282 seconds
[2020-01-13T13:31:38.707+0000][1][safepoint    ] Application time: 1.0001157 seconds
[2020-01-13T13:31:38.707+0000][1][safepoint    ] Entering safepoint region: Cleanup
[2020-01-13T13:31:38.707+0000][1][safepoint    ] Leaving safepoint region
[2020-01-13T13:31:38.707+0000][1][safepoint    ] Total time for which application threads were stopped: 0.0001178 seconds, Stopping threads took: 0.0000412 seconds
[2020-01-13T13:31:39.707+0000][1][safepoint    ] Application time: 1.0001527 seconds
[2020-01-13T13:31:39.708+0000][1][safepoint    ] Entering safepoint region: Cleanup
[2020-01-13T13:31:39.708+0000][1][safepoint    ] Leaving safepoint region
[2020-01-13T13:31:39.708+0000][1][safepoint    ] Total time for which application threads were stopped: 0.0002031 seconds, Stopping threads took: 0.0000718 seconds
[2020-01-13T13:31:40.709+0000][1][safepoint    ] Application time: 1.0001179 seconds
[2020-01-13T13:31:40.709+0000][1][safepoint    ] Entering safepoint region: Cleanup
[2020-01-13T13:31:40.709+0000][1][safepoint    ] Leaving safepoint region
[2020-01-13T13:31:40.709+0000][1][safepoint    ] Total time for which application threads were stopped: 0.0001272 seconds, Stopping threads took: 0.0000226 seconds
[2020-01-13T13:31:41.709+0000][1][safepoint    ] Application time: 1.0001050 seconds
[2020-01-13T13:31:41.709+0000][1][safepoint    ] Entering safepoint region: Cleanup
[2020-01-13T13:31:41.709+0000][1][safepoint    ] Leaving safepoint region
[2020-01-13T13:31:41.709+0000][1][safepoint    ] Total time for which application threads were stopped: 0.0001112 seconds, Stopping threads took: 0.0000300 seconds
[2020-01-13T13:31:42.709+0000][1][safepoint    ] Application time: 1.0001110 seconds
[2020-01-13T13:31:42.709+0000][1][safepoint    ] Entering safepoint region: Cleanup
[2020-01-13T13:31:42.709+0000][1][safepoint    ] Leaving safepoint region
[2020-01-13T13:31:42.709+0000][1][safepoint    ] Total time for which application threads were stopped: 0.0001265 seconds, Stopping threads took: 0.0000228 seconds
[2020-01-13T13:31:43.710+0000][1][safepoint    ] Application time: 1.0000929 seconds
[2020-01-13T13:31:43.710+0000][1][safepoint    ] Entering safepoint region: Cleanup
[2020-01-13T13:31:43.710+0000][1][safepoint    ] Leaving safepoint region
[2020-01-13T13:31:43.710+0000][1][safepoint    ] Total time for which application threads were stopped: 0.0001591 seconds, Stopping threads took: 0.0000350 seconds
[2020-01-13T13:31:44.710+0000][1][safepoint    ] Application time: 1.0000929 seconds
[2020-01-13T13:31:44.711+0000][1][safepoint    ] Entering safepoint region: Cleanup
[2020-01-13T13:31:44.711+0000][1][safepoint    ] Leaving safepoint region
[2020-01-13T13:31:44.711+0000][1][safepoint    ] Total time for which application threads were stopped: 0.0001201 seconds, Stopping threads took: 0.0000436 seconds
[2020-01-13T13:31:45.711+0000][1][safepoint    ] Application time: 1.0001188 seconds
[2020-01-13T13:31:45.711+0000][1][safepoint    ] Entering safepoint region: Cleanup
[2020-01-13T13:31:45.712+0000][1][safepoint    ] Leaving safepoint region
[2020-01-13T13:31:45.712+0000][1][safepoint    ] Total time for which application threads were stopped: 0.0001222 seconds, Stopping threads took: 0.0000319 seconds
[2020-01-13T13:31:46.712+0000][1][safepoint    ] Application time: 1.0001223 seconds
[2020-01-13T13:31:46.712+0000][1][safepoint    ] Entering safepoint region: Cleanup
[2020-01-13T13:31:46.712+0000][1][safepoint    ] Leaving safepoint region
[2020-01-13T13:31:46.712+0000][1][safepoint    ] Total time for which application threads were stopped: 0.0001396 seconds, Stopping threads took: 0.0000395 seconds
[2020-01-13T13:31:47.712+0000][1][safepoint    ] Application time: 1.0001268 seconds
[2020-01-13T13:31:47.712+0000][1][safepoint    ] Entering safepoint region: Cleanup
[2020-01-13T13:31:47.712+0000][1][safepoint    ] Leaving safepoint region
[2020-01-13T13:31:47.712+0000][1][safepoint    ] Total time for which application threads were stopped: 0.0001287 seconds, Stopping threads took: 0.0000361 seconds
[2020-01-13T13:31:48.712+0000][1][safepoint    ] Application time: 1.0001045 seconds
[2020-01-13T13:31:48.712+0000][1][safepoint    ] Entering safepoint region: Cleanup
[2020-01-13T13:31:48.712+0000][1][safepoint    ] Leaving safepoint region
[2020-01-13T13:31:48.712+0000][1][safepoint    ] Total time for which application threads were stopped: 0.0000934 seconds, Stopping threads took: 0.0000232 seconds
[2020-01-13T13:31:49.713+0000][1][safepoint    ] Application time: 1.0001163 seconds
[2020-01-13T13:31:49.713+0000][1][safepoint    ] Entering safepoint region: Cleanup
[2020-01-13T13:31:49.713+0000][1][safepoint    ] Leaving safepoint region
[2020-01-13T13:31:49.713+0000][1][safepoint    ] Total time for which application threads were stopped: 0.0001047 seconds, Stopping threads took: 0.0000335 seconds
[2020-01-13T13:31:50.713+0000][1][safepoint    ] Application time: 1.0000966 seconds
[2020-01-13T13:31:50.713+0000][1][safepoint    ] Entering safepoint region: Cleanup
[2020-01-13T13:31:50.713+0000][1][safepoint    ] Leaving safepoint region
[2020-01-13T13:31:50.713+0000][1][safepoint    ] Total time for which application threads were stopped: 0.0000963 seconds, Stopping threads took: 0.0000255 seconds
[2020-01-13T13:31:51.713+0000][1][safepoint    ] Application time: 1.0001043 seconds
[2020-01-13T13:31:51.713+0000][1][safepoint    ] Entering safepoint region: Cleanup
[2020-01-13T13:31:51.713+0000][1][safepoint    ] Leaving safepoint region
[2020-01-13T13:31:51.713+0000][1][safepoint    ] Total time for which application threads were stopped: 0.0001621 seconds, Stopping threads took: 0.0000316 seconds
[2020-01-13T13:31:52.714+0000][1][safepoint    ] Application time: 1.0001135 seconds
[2020-01-13T13:31:52.714+0000][1][safepoint    ] Entering safepoint region: Cleanup
[2020-01-13T13:31:52.714+0000][1][safepoint    ] Leaving safepoint region
[2020-01-13T13:31:52.714+0000][1][safepoint    ] Total time for which application threads were stopped: 0.0000942 seconds, Stopping threads took: 0.0000235 seconds
[2020-01-13T13:31:53.714+0000][1][safepoint    ] Application time: 1.0001335 seconds
[2020-01-13T13:31:53.714+0000][1][safepoint    ] Entering safepoint region: Cleanup
[2020-01-13T13:31:53.714+0000][1][safepoint    ] Leaving safepoint region
[2020-01-13T13:31:53.714+0000][1][safepoint    ] Total time for which application threads were stopped: 0.0001049 seconds, Stopping threads took: 0.0000263 seconds
[2020-01-13T13:31:54.714+0000][1][safepoint    ] Application time: 1.0000964 seconds
[2020-01-13T13:31:54.714+0000][1][safepoint    ] Entering safepoint region: Cleanup
[2020-01-13T13:31:54.714+0000][1][safepoint    ] Leaving safepoint region
[2020-01-13T13:31:54.714+0000][1][safepoint    ] Total time for which application threads were stopped: 0.0001551 seconds, Stopping threads took: 0.0000549 seconds
[2020-01-13T13:31:55.715+0000][1][safepoint    ] Application time: 1.0002176 seconds
[2020-01-13T13:31:55.715+0000][1][safepoint    ] Entering safepoint region: Cleanup
[2020-01-13T13:31:55.715+0000][1][safepoint    ] Leaving safepoint region
[2020-01-13T13:31:55.715+0000][1][safepoint    ] Total time for which application threads were stopped: 0.0001167 seconds, Stopping threads took: 0.0000363 seconds
[2020-01-13T13:31:55.924+0000][1][safepoint    ] Application time: 0.2087569 seconds
[2020-01-13T13:31:55.924+0000][1][safepoint    ] Entering safepoint region: GenCollectForAllocation
[2020-01-13T13:31:55.924+0000][1][gc,start     ] GC(53) Pause Young (Allocation Failure)
[2020-01-13T13:31:55.924+0000][1][gc,task      ] GC(53) Using 1 workers of 1 for evacuation
[2020-01-13T13:31:55.931+0000][1][gc,age       ] GC(53) Desired survivor size 4358144 bytes, new threshold 6 (max threshold 6)
[2020-01-13T13:31:55.931+0000][1][gc,age       ] GC(53) Age table with threshold 6 (max threshold 6)
[2020-01-13T13:31:55.931+0000][1][gc,age       ] GC(53) - age   1:     623872 bytes,     623872 total
[2020-01-13T13:31:55.931+0000][1][gc,age       ] GC(53) - age   2:       2920 bytes,     626792 total
[2020-01-13T13:31:55.931+0000][1][gc,age       ] GC(53) - age   3:       2432 bytes,     629224 total
[2020-01-13T13:31:55.931+0000][1][gc,age       ] GC(53) - age   4:       2496 bytes,     631720 total
[2020-01-13T13:31:55.931+0000][1][gc,age       ] GC(53) - age   5:       2432 bytes,     634152 total
[2020-01-13T13:31:55.931+0000][1][gc,age       ] GC(53) - age   6:       2664 bytes,     636816 total
[2020-01-13T13:31:55.931+0000][1][gc,heap      ] GC(53) ParNew: 68898K->1078K(76672K)
[2020-01-13T13:31:55.931+0000][1][gc,heap      ] GC(53) CMS: 67725K->67728K(176960K)
[2020-01-13T13:31:55.931+0000][1][gc,metaspace ] GC(53) Metaspace: 66258K->66258K(1110016K)
[2020-01-13T13:31:55.932+0000][1][gc           ] GC(53) Pause Young (Allocation Failure) 133M->67M(247M) 7.653ms
[2020-01-13T13:31:55.932+0000][1][gc,cpu       ] GC(53) User=0.01s Sys=0.00s Real=0.01s
[2020-01-13T13:31:55.932+0000][1][safepoint    ] Leaving safepoint region
[2020-01-13T13:31:55.932+0000][1][safepoint    ] Total time for which application threads were stopped: 0.0079170 seconds, Stopping threads took: 0.0000455 seconds
[2020-01-13T13:31:56.934+0000][1][safepoint    ] Application time: 1.0028136 seconds
[2020-01-13T13:31:56.935+0000][1][safepoint    ] Entering safepoint region: Cleanup
[2020-01-13T13:31:56.935+0000][1][safepoint    ] Leaving safepoint region
[2020-01-13T13:31:56.935+0000][1][safepoint    ] Total time for which application threads were stopped: 0.0002108 seconds, Stopping threads took: 0.0000832 seconds
[2020-01-13T13:31:57.935+0000][1][safepoint    ] Application time: 1.0001474 seconds
[2020-01-13T13:31:57.935+0000][1][safepoint    ] Entering safepoint region: Cleanup
[2020-01-13T13:31:57.935+0000][1][safepoint    ] Leaving safepoint region
[2020-01-13T13:31:57.935+0000][1][safepoint    ] Total time for which application threads were stopped: 0.0000969 seconds, Stopping threads took: 0.0000271 seconds
[2020-01-13T13:31:58.935+0000][1][safepoint    ] Application time: 1.0001123 seconds
[2020-01-13T13:31:58.935+0000][1][safepoint    ] Entering safepoint region: Cleanup
[2020-01-13T13:31:58.935+0000][1][safepoint    ] Leaving safepoint region
[2020-01-13T13:31:58.935+0000][1][safepoint    ] Total time for which application threads were stopped: 0.0001474 seconds, Stopping threads took: 0.0000245 seconds
[2020-01-13T13:31:59.936+0000][1][safepoint    ] Application time: 1.0001179 seconds
[2020-01-13T13:31:59.936+0000][1][safepoint    ] Entering safepoint region: Cleanup
[2020-01-13T13:31:59.936+0000][1][safepoint    ] Leaving safepoint region
[2020-01-13T13:31:59.936+0000][1][safepoint    ] Total time for which application threads were stopped: 0.0001001 seconds, Stopping threads took: 0.0000207 seconds
[2020-01-13T13:32:00.936+0000][1][safepoint    ] Application time: 1.0001210 seconds
[2020-01-13T13:32:00.936+0000][1][safepoint    ] Entering safepoint region: Cleanup
[2020-01-13T13:32:00.936+0000][1][safepoint    ] Leaving safepoint region
[2020-01-13T13:32:00.936+0000][1][safepoint    ] Total time for which application threads were stopped: 0.0001285 seconds, Stopping threads took: 0.0000267 seconds
[2020-01-13T13:32:01.936+0000][1][safepoint    ] Application time: 1.0001430 seconds
[2020-01-13T13:32:01.936+0000][1][safepoint    ] Entering safepoint region: Cleanup
[2020-01-13T13:32:01.936+0000][1][safepoint    ] Leaving safepoint region
[2020-01-13T13:32:01.936+0000][1][safepoint    ] Total time for which application threads were stopped: 0.0001123 seconds, Stopping threads took: 0.0000270 seconds
[2020-01-13T13:32:02.937+0000][1][safepoint    ] Application time: 1.0001543 seconds
[2020-01-13T13:32:02.937+0000][1][safepoint    ] Entering safepoint region: Cleanup
[2020-01-13T13:32:02.937+0000][1][safepoint    ] Leaving safepoint region
[2020-01-13T13:32:02.937+0000][1][safepoint    ] Total time for which application threads were stopped: 0.0000968 seconds, Stopping threads took: 0.0000333 seconds
[2020-01-13T13:32:03.937+0000][1][safepoint    ] Application time: 1.0001260 seconds
[2020-01-13T13:32:03.937+0000][1][safepoint    ] Entering safepoint region: Cleanup
[2020-01-13T13:32:03.937+0000][1][safepoint    ] Leaving safepoint region
[2020-01-13T13:32:03.937+0000][1][safepoint    ] Total time for which application threads were stopped: 0.0001069 seconds, Stopping threads took: 0.0000369 seconds
[2020-01-13T13:32:04.937+0000][1][safepoint    ] Application time: 1.0001191 seconds
[2020-01-13T13:32:04.938+0000][1][safepoint    ] Entering safepoint region: Cleanup
[2020-01-13T13:32:04.938+0000][1][safepoint    ] Leaving safepoint region
[2020-01-13T13:32:04.938+0000][1][safepoint    ] Total time for which application threads were stopped: 0.0001144 seconds, Stopping threads took: 0.0000481 seconds
[2020-01-13T13:32:05.938+0000][1][safepoint    ] Application time: 1.0001411 seconds
[2020-01-13T13:32:05.939+0000][1][safepoint    ] Entering safepoint region: Cleanup
[2020-01-13T13:32:05.939+0000][1][safepoint    ] Leaving safepoint region
[2020-01-13T13:32:05.939+0000][1][safepoint    ] Total time for which application threads were stopped: 0.0001188 seconds, Stopping threads took: 0.0000393 seconds
[2020-01-13T13:32:06.939+0000][1][safepoint    ] Application time: 1.0000962 seconds
[2020-01-13T13:32:06.939+0000][1][safepoint    ] Entering safepoint region: Cleanup
[2020-01-13T13:32:06.939+0000][1][safepoint    ] Leaving safepoint region
[2020-01-13T13:32:06.939+0000][1][safepoint    ] Total time for which application threads were stopped: 0.0000942 seconds, Stopping threads took: 0.0000201 seconds
[2020-01-13T13:32:07.939+0000][1][safepoint    ] Application time: 1.0000977 seconds
[2020-01-13T13:32:07.939+0000][1][safepoint    ] Entering safepoint region: Cleanup
[2020-01-13T13:32:07.939+0000][1][safepoint    ] Leaving safepoint region
[2020-01-13T13:32:07.939+0000][1][safepoint    ] Total time for which application threads were stopped: 0.0001035 seconds, Stopping threads took: 0.0000261 seconds
[2020-01-13T13:32:08.939+0000][1][safepoint    ] Application time: 1.0001032 seconds
[2020-01-13T13:32:08.939+0000][1][safepoint    ] Entering safepoint region: Cleanup
[2020-01-13T13:32:08.939+0000][1][safepoint    ] Leaving safepoint region
[2020-01-13T13:32:08.939+0000][1][safepoint    ] Total time for which application threads were stopped: 0.0000902 seconds, Stopping threads took: 0.0000240 seconds
[2020-01-13T13:32:09.940+0000][1][safepoint    ] Application time: 1.0001278 seconds
[2020-01-13T13:32:09.941+0000][1][safepoint    ] Entering safepoint region: Cleanup
[2020-01-13T13:32:09.941+0000][1][safepoint    ] Leaving safepoint region
[2020-01-13T13:32:09.941+0000][1][safepoint    ] Total time for which application threads were stopped: 0.0001438 seconds, Stopping threads took: 0.0000582 seconds
[2020-01-13T13:32:10.941+0000][1][safepoint    ] Application time: 1.0002035 seconds
[2020-01-13T13:32:10.941+0000][1][safepoint    ] Entering safepoint region: Cleanup
[2020-01-13T13:32:10.941+0000][1][safepoint    ] Leaving safepoint region
[2020-01-13T13:32:10.941+0000][1][safepoint    ] Total time for which application threads were stopped: 0.0001269 seconds, Stopping threads took: 0.0000264 seconds
[2020-01-13T13:32:11.941+0000][1][safepoint    ] Application time: 1.0001028 seconds
[2020-01-13T13:32:11.941+0000][1][safepoint    ] Entering safepoint region: Cleanup
[2020-01-13T13:32:11.942+0000][1][safepoint    ] Leaving safepoint region
[2020-01-13T13:32:11.942+0000][1][safepoint    ] Total time for which application threads were stopped: 0.0001060 seconds, Stopping threads took: 0.0000243 seconds
[2020-01-13T13:32:12.942+0000][1][safepoint    ] Application time: 1.0001106 seconds
[2020-01-13T13:32:12.942+0000][1][safepoint    ] Entering safepoint region: Cleanup
[2020-01-13T13:32:12.942+0000][1][safepoint    ] Leaving safepoint region
[2020-01-13T13:32:12.942+0000][1][safepoint    ] Total time for which application threads were stopped: 0.0001034 seconds, Stopping threads took: 0.0000247 seconds
[2020-01-13T13:32:13.942+0000][1][safepoint    ] Application time: 1.0001264 seconds
[2020-01-13T13:32:13.942+0000][1][safepoint    ] Entering safepoint region: Cleanup
[2020-01-13T13:32:13.942+0000][1][safepoint    ] Leaving safepoint region
[2020-01-13T13:32:13.942+0000][1][safepoint    ] Total time for which application threads were stopped: 0.0001175 seconds, Stopping threads took: 0.0000327 seconds
[2020-01-13T13:32:14.942+0000][1][safepoint    ] Application time: 1.0001310 seconds
[2020-01-13T13:32:14.943+0000][1][safepoint    ] Entering safepoint region: Cleanup
[2020-01-13T13:32:14.943+0000][1][safepoint    ] Leaving safepoint region
[2020-01-13T13:32:14.943+0000][1][safepoint    ] Total time for which application threads were stopped: 0.0001240 seconds, Stopping threads took: 0.0000572 seconds
[2020-01-13T13:32:15.944+0000][1][safepoint    ] Application time: 1.0001497 seconds
[2020-01-13T13:32:15.944+0000][1][safepoint    ] Entering safepoint region: Cleanup
[2020-01-13T13:32:15.944+0000][1][safepoint    ] Leaving safepoint region
[2020-01-13T13:32:15.944+0000][1][safepoint    ] Total time for which application threads were stopped: 0.0001209 seconds, Stopping threads took: 0.0000380 seconds
[2020-01-13T13:32:16.944+0000][1][safepoint    ] Application time: 1.0001351 seconds
[2020-01-13T13:32:16.944+0000][1][safepoint    ] Entering safepoint region: Cleanup
[2020-01-13T13:32:16.944+0000][1][safepoint    ] Leaving safepoint region
[2020-01-13T13:32:16.944+0000][1][safepoint    ] Total time for which application threads were stopped: 0.0001295 seconds, Stopping threads took: 0.0000267 seconds
[2020-01-13T13:32:17.944+0000][1][safepoint    ] Application time: 1.0001360 seconds
[2020-01-13T13:32:17.944+0000][1][safepoint    ] Entering safepoint region: Cleanup
[2020-01-13T13:32:17.944+0000][1][safepoint    ] Leaving safepoint region
[2020-01-13T13:32:17.944+0000][1][safepoint    ] Total time for which application threads were stopped: 0.0000998 seconds, Stopping threads took: 0.0000263 seconds
[2020-01-13T13:32:18.945+0000][1][safepoint    ] Application time: 1.0000965 seconds
[2020-01-13T13:32:18.945+0000][1][safepoint    ] Entering safepoint region: Cleanup
[2020-01-13T13:32:18.945+0000][1][safepoint    ] Leaving safepoint region
[2020-01-13T13:32:18.945+0000][1][safepoint    ] Total time for which application threads were stopped: 0.0001241 seconds, Stopping threads took: 0.0000279 seconds
[2020-01-13T13:32:19.945+0000][1][safepoint    ] Application time: 1.0001137 seconds
[2020-01-13T13:32:19.945+0000][1][safepoint    ] Entering safepoint region: Cleanup
[2020-01-13T13:32:19.945+0000][1][safepoint    ] Leaving safepoint region
[2020-01-13T13:32:19.945+0000][1][safepoint    ] Total time for which application threads were stopped: 0.0000947 seconds, Stopping threads took: 0.0000241 seconds
[2020-01-13T13:32:20.945+0000][1][safepoint    ] Application time: 1.0001202 seconds
[2020-01-13T13:32:20.945+0000][1][safepoint    ] Entering safepoint region: Cleanup
[2020-01-13T13:32:20.945+0000][1][safepoint    ] Leaving safepoint region
[2020-01-13T13:32:20.945+0000][1][safepoint    ] Total time for which application threads were stopped: 0.0000986 seconds, Stopping threads took: 0.0000234 seconds
[2020-01-13T13:32:21.946+0000][1][safepoint    ] Application time: 1.0001337 seconds
[2020-01-13T13:32:21.946+0000][1][safepoint    ] Entering safepoint region: Cleanup
[2020-01-13T13:32:21.946+0000][1][safepoint    ] Leaving safepoint region
[2020-01-13T13:32:21.946+0000][1][safepoint    ] Total time for which application threads were stopped: 0.0001571 seconds, Stopping threads took: 0.0000301 seconds
[2020-01-13T13:32:22.946+0000][1][safepoint    ] Application time: 1.0001362 seconds
[2020-01-13T13:32:22.946+0000][1][safepoint    ] Entering safepoint region: Cleanup
[2020-01-13T13:32:22.946+0000][1][safepoint    ] Leaving safepoint region
[2020-01-13T13:32:22.946+0000][1][safepoint    ] Total time for which application threads were stopped: 0.0001121 seconds, Stopping threads took: 0.0000323 seconds
[2020-01-13T13:32:23.946+0000][1][safepoint    ] Application time: 1.0001186 seconds
[2020-01-13T13:32:23.947+0000][1][safepoint    ] Entering safepoint region: Cleanup
[2020-01-13T13:32:23.947+0000][1][safepoint    ] Leaving safepoint region
[2020-01-13T13:32:23.947+0000][1][safepoint    ] Total time for which application threads were stopped: 0.0001295 seconds, Stopping threads took: 0.0000419 seconds
[2020-01-13T13:32:24.955+0000][1][safepoint    ] Application time: 1.0080330 seconds
[2020-01-13T13:32:24.955+0000][1][safepoint    ] Entering safepoint region: Cleanup
[2020-01-13T13:32:24.956+0000][1][safepoint    ] Leaving safepoint region
[2020-01-13T13:32:24.956+0000][1][safepoint    ] Total time for which application threads were stopped: 0.0001366 seconds, Stopping threads took: 0.0000446 seconds
[2020-01-13T13:32:25.956+0000][1][safepoint    ] Application time: 1.0001599 seconds
[2020-01-13T13:32:25.956+0000][1][safepoint    ] Entering safepoint region: Cleanup
[2020-01-13T13:32:25.956+0000][1][safepoint    ] Leaving safepoint region
[2020-01-13T13:32:25.956+0000][1][safepoint    ] Total time for which application threads were stopped: 0.0001244 seconds, Stopping threads took: 0.0000349 seconds
[2020-01-13T13:32:26.956+0000][1][safepoint    ] Application time: 1.0001516 seconds
[2020-01-13T13:32:26.956+0000][1][safepoint    ] Entering safepoint region: Cleanup
[2020-01-13T13:32:26.956+0000][1][safepoint    ] Leaving safepoint region
[2020-01-13T13:32:26.956+0000][1][safepoint    ] Total time for which application threads were stopped: 0.0001993 seconds, Stopping threads took: 0.0000580 seconds
[2020-01-13T13:32:27.957+0000][1][safepoint    ] Application time: 1.0002031 seconds
[2020-01-13T13:32:27.957+0000][1][safepoint    ] Entering safepoint region: Cleanup
[2020-01-13T13:32:27.957+0000][1][safepoint    ] Leaving safepoint region
[2020-01-13T13:32:27.957+0000][1][safepoint    ] Total time for which application threads were stopped: 0.0001012 seconds, Stopping threads took: 0.0000287 seconds
[2020-01-13T13:32:28.957+0000][1][safepoint    ] Application time: 1.0001285 seconds
[2020-01-13T13:32:28.958+0000][1][safepoint    ] Entering safepoint region: Cleanup
[2020-01-13T13:32:28.958+0000][1][safepoint    ] Leaving safepoint region
[2020-01-13T13:32:28.958+0000][1][safepoint    ] Total time for which application threads were stopped: 0.0001662 seconds, Stopping threads took: 0.0000701 seconds
[2020-01-13T13:32:29.958+0000][1][safepoint    ] Application time: 1.0001502 seconds
[2020-01-13T13:32:29.958+0000][1][safepoint    ] Entering safepoint region: Cleanup
[2020-01-13T13:32:29.959+0000][1][safepoint    ] Leaving safepoint region
[2020-01-13T13:32:29.959+0000][1][safepoint    ] Total time for which application threads were stopped: 0.0001247 seconds, Stopping threads took: 0.0000284 seconds
[2020-01-13T13:32:30.959+0000][1][safepoint    ] Application time: 1.0001320 seconds
[2020-01-13T13:32:30.959+0000][1][safepoint    ] Entering safepoint region: Cleanup
[2020-01-13T13:32:30.959+0000][1][safepoint    ] Leaving safepoint region
[2020-01-13T13:32:30.959+0000][1][safepoint    ] Total time for which application threads were stopped: 0.0001461 seconds, Stopping threads took: 0.0000415 seconds
[2020-01-13T13:32:31.959+0000][1][safepoint    ] Application time: 1.0001643 seconds
[2020-01-13T13:32:31.959+0000][1][safepoint    ] Entering safepoint region: Cleanup
[2020-01-13T13:32:31.959+0000][1][safepoint    ] Leaving safepoint region
[2020-01-13T13:32:31.959+0000][1][safepoint    ] Total time for which application threads were stopped: 0.0001212 seconds, Stopping threads took: 0.0000300 seconds
[2020-01-13T13:32:32.960+0000][1][safepoint    ] Application time: 1.0002283 seconds
[2020-01-13T13:32:32.960+0000][1][safepoint    ] Entering safepoint region: Cleanup
[2020-01-13T13:32:32.960+0000][1][safepoint    ] Leaving safepoint region
[2020-01-13T13:32:32.960+0000][1][safepoint    ] Total time for which application threads were stopped: 0.0001288 seconds, Stopping threads took: 0.0000377 seconds
[2020-01-13T13:32:33.723+0000][1][safepoint    ] Application time: 0.7630124 seconds
[2020-01-13T13:32:33.723+0000][1][safepoint    ] Entering safepoint region: GenCollectForAllocation
[2020-01-13T13:32:33.723+0000][1][gc,start     ] GC(54) Pause Young (Allocation Failure)
[2020-01-13T13:32:33.723+0000][1][gc,task      ] GC(54) Using 1 workers of 1 for evacuation
[2020-01-13T13:32:33.728+0000][1][gc,age       ] GC(54) Desired survivor size 4358144 bytes, new threshold 6 (max threshold 6)
[2020-01-13T13:32:33.729+0000][1][gc,age       ] GC(54) Age table with threshold 6 (max threshold 6)
[2020-01-13T13:32:33.729+0000][1][gc,age       ] GC(54) - age   1:     596632 bytes,     596632 total
[2020-01-13T13:32:33.729+0000][1][gc,age       ] GC(54) - age   2:       3312 bytes,     599944 total
[2020-01-13T13:32:33.729+0000][1][gc,age       ] GC(54) - age   3:       2920 bytes,     602864 total
[2020-01-13T13:32:33.729+0000][1][gc,age       ] GC(54) - age   4:       2432 bytes,     605296 total
[2020-01-13T13:32:33.729+0000][1][gc,age       ] GC(54) - age   5:       2496 bytes,     607792 total
[2020-01-13T13:32:33.729+0000][1][gc,age       ] GC(54) - age   6:       2432 bytes,     610224 total
[2020-01-13T13:32:33.729+0000][1][gc,heap      ] GC(54) ParNew: 69238K->736K(76672K)
[2020-01-13T13:32:33.729+0000][1][gc,heap      ] GC(54) CMS: 67728K->67731K(176960K)
[2020-01-13T13:32:33.729+0000][1][gc,metaspace ] GC(54) Metaspace: 66259K->66259K(1110016K)
[2020-01-13T13:32:33.729+0000][1][gc           ] GC(54) Pause Young (Allocation Failure) 133M->66M(247M) 5.649ms
[2020-01-13T13:32:33.729+0000][1][gc,cpu       ] GC(54) User=0.00s Sys=0.00s Real=0.00s
[2020-01-13T13:32:33.729+0000][1][safepoint    ] Leaving safepoint region
[2020-01-13T13:32:33.729+0000][1][safepoint    ] Total time for which application threads were stopped: 0.0058882 seconds, Stopping threads took: 0.0000335 seconds
[2020-01-13T13:32:34.729+0000][1][safepoint    ] Application time: 1.0006012 seconds
[2020-01-13T13:32:34.729+0000][1][safepoint    ] Entering safepoint region: Cleanup
[2020-01-13T13:32:34.730+0000][1][safepoint    ] Leaving safepoint region
[2020-01-13T13:32:34.730+0000][1][safepoint    ] Total time for which application threads were stopped: 0.0001298 seconds, Stopping threads took: 0.0000388 seconds
[2020-01-13T13:32:35.730+0000][1][safepoint    ] Application time: 1.0001341 seconds
[2020-01-13T13:32:35.730+0000][1][safepoint    ] Entering safepoint region: Cleanup
[2020-01-13T13:32:35.730+0000][1][safepoint    ] Leaving safepoint region
[2020-01-13T13:32:35.730+0000][1][safepoint    ] Total time for which application threads were stopped: 0.0001086 seconds, Stopping threads took: 0.0000283 seconds
[2020-01-13T13:32:36.730+0000][1][safepoint    ] Application time: 1.0001701 seconds
[2020-01-13T13:32:36.730+0000][1][safepoint    ] Entering safepoint region: Cleanup
[2020-01-13T13:32:36.730+0000][1][safepoint    ] Leaving safepoint region
[2020-01-13T13:32:36.730+0000][1][safepoint    ] Total time for which application threads were stopped: 0.0001044 seconds, Stopping threads took: 0.0000312 seconds
[2020-01-13T13:32:37.730+0000][1][safepoint    ] Application time: 1.0001139 seconds
[2020-01-13T13:32:37.730+0000][1][safepoint    ] Entering safepoint region: Cleanup
[2020-01-13T13:32:37.731+0000][1][safepoint    ] Leaving safepoint region
[2020-01-13T13:32:37.731+0000][1][safepoint    ] Total time for which application threads were stopped: 0.0001291 seconds, Stopping threads took: 0.0000403 seconds
[2020-01-13T13:32:38.731+0000][1][safepoint    ] Application time: 1.0000897 seconds
[2020-01-13T13:32:38.731+0000][1][safepoint    ] Entering safepoint region: Cleanup
[2020-01-13T13:32:38.731+0000][1][safepoint    ] Leaving safepoint region
[2020-01-13T13:32:38.731+0000][1][safepoint    ] Total time for which application threads were stopped: 0.0001451 seconds, Stopping threads took: 0.0000571 seconds
[2020-01-13T13:32:39.731+0000][1][safepoint    ] Application time: 1.0001449 seconds
[2020-01-13T13:32:39.731+0000][1][safepoint    ] Entering safepoint region: Cleanup
[2020-01-13T13:32:39.731+0000][1][safepoint    ] Leaving safepoint region
[2020-01-13T13:32:39.731+0000][1][safepoint    ] Total time for which application threads were stopped: 0.0002422 seconds, Stopping threads took: 0.0000717 seconds
[2020-01-13T13:32:40.732+0000][1][safepoint    ] Application time: 1.0001253 seconds
[2020-01-13T13:32:40.732+0000][1][safepoint    ] Entering safepoint region: Cleanup
[2020-01-13T13:32:40.732+0000][1][safepoint    ] Leaving safepoint region
[2020-01-13T13:32:40.732+0000][1][safepoint    ] Total time for which application threads were stopped: 0.0001087 seconds, Stopping threads took: 0.0000290 seconds
[2020-01-13T13:32:41.732+0000][1][safepoint    ] Application time: 1.0001519 seconds
[2020-01-13T13:32:41.732+0000][1][safepoint    ] Entering safepoint region: Cleanup
[2020-01-13T13:32:41.732+0000][1][safepoint    ] Leaving safepoint region
[2020-01-13T13:32:41.732+0000][1][safepoint    ] Total time for which application threads were stopped: 0.0001028 seconds, Stopping threads took: 0.0000267 seconds
[2020-01-13T13:32:42.732+0000][1][safepoint    ] Application time: 1.0002347 seconds
[2020-01-13T13:32:42.732+0000][1][safepoint    ] Entering safepoint region: Cleanup
[2020-01-13T13:32:42.733+0000][1][safepoint    ] Leaving safepoint region
[2020-01-13T13:32:42.733+0000][1][safepoint    ] Total time for which application threads were stopped: 0.0001517 seconds, Stopping threads took: 0.0000327 seconds
[2020-01-13T13:32:43.733+0000][1][safepoint    ] Application time: 1.0001329 seconds
[2020-01-13T13:32:43.733+0000][1][safepoint    ] Entering safepoint region: Cleanup
[2020-01-13T13:32:43.733+0000][1][safepoint    ] Leaving safepoint region
[2020-01-13T13:32:43.733+0000][1][safepoint    ] Total time for which application threads were stopped: 0.0001244 seconds, Stopping threads took: 0.0000355 seconds
[2020-01-13T13:32:44.733+0000][1][safepoint    ] Application time: 1.0001634 seconds
[2020-01-13T13:32:44.734+0000][1][safepoint    ] Entering safepoint region: Cleanup
[2020-01-13T13:32:44.734+0000][1][safepoint    ] Leaving safepoint region
[2020-01-13T13:32:44.734+0000][1][safepoint    ] Total time for which application threads were stopped: 0.0001940 seconds, Stopping threads took: 0.0001162 seconds
[2020-01-13T13:32:45.734+0000][1][safepoint    ] Application time: 1.0001644 seconds
[2020-01-13T13:32:45.735+0000][1][safepoint    ] Entering safepoint region: Cleanup
[2020-01-13T13:32:45.735+0000][1][safepoint    ] Leaving safepoint region
[2020-01-13T13:32:45.735+0000][1][safepoint    ] Total time for which application threads were stopped: 0.0001419 seconds, Stopping threads took: 0.0000378 seconds
[2020-01-13T13:32:46.735+0000][1][safepoint    ] Application time: 1.0001500 seconds
[2020-01-13T13:32:46.735+0000][1][safepoint    ] Entering safepoint region: Cleanup
[2020-01-13T13:32:46.735+0000][1][safepoint    ] Leaving safepoint region
[2020-01-13T13:32:46.735+0000][1][safepoint    ] Total time for which application threads were stopped: 0.0001972 seconds, Stopping threads took: 0.0000369 seconds
[2020-01-13T13:32:47.735+0000][1][safepoint    ] Application time: 1.0001490 seconds
[2020-01-13T13:32:47.735+0000][1][safepoint    ] Entering safepoint region: Cleanup
[2020-01-13T13:32:47.735+0000][1][safepoint    ] Leaving safepoint region
[2020-01-13T13:32:47.735+0000][1][safepoint    ] Total time for which application threads were stopped: 0.0001060 seconds, Stopping threads took: 0.0000282 seconds
[2020-01-13T13:32:48.736+0000][1][safepoint    ] Application time: 1.0001559 seconds
[2020-01-13T13:32:48.736+0000][1][safepoint    ] Entering safepoint region: Cleanup
[2020-01-13T13:32:48.736+0000][1][safepoint    ] Leaving safepoint region
[2020-01-13T13:32:48.736+0000][1][safepoint    ] Total time for which application threads were stopped: 0.0000999 seconds, Stopping threads took: 0.0000281 seconds
[2020-01-13T13:32:49.736+0000][1][safepoint    ] Application time: 1.0003751 seconds
[2020-01-13T13:32:49.736+0000][1][safepoint    ] Entering safepoint region: Cleanup
[2020-01-13T13:32:49.736+0000][1][safepoint    ] Leaving safepoint region
[2020-01-13T13:32:49.736+0000][1][safepoint    ] Total time for which application threads were stopped: 0.0001217 seconds, Stopping threads took: 0.0000295 seconds
[2020-01-13T13:32:50.737+0000][1][safepoint    ] Application time: 1.0001616 seconds
[2020-01-13T13:32:50.737+0000][1][safepoint    ] Entering safepoint region: Cleanup
[2020-01-13T13:32:50.737+0000][1][safepoint    ] Leaving safepoint region
[2020-01-13T13:32:50.737+0000][1][safepoint    ] Total time for which application threads were stopped: 0.0001201 seconds, Stopping threads took: 0.0000351 seconds
[2020-01-13T13:32:51.737+0000][1][safepoint    ] Application time: 1.0001734 seconds
[2020-01-13T13:32:51.737+0000][1][safepoint    ] Entering safepoint region: Cleanup
[2020-01-13T13:32:51.737+0000][1][safepoint    ] Leaving safepoint region
[2020-01-13T13:32:51.737+0000][1][safepoint    ] Total time for which application threads were stopped: 0.0001157 seconds, Stopping threads took: 0.0000343 seconds
[2020-01-13T13:32:52.737+0000][1][safepoint    ] Application time: 1.0001695 seconds
[2020-01-13T13:32:52.737+0000][1][safepoint    ] Entering safepoint region: Cleanup
[2020-01-13T13:32:52.738+0000][1][safepoint    ] Leaving safepoint region
[2020-01-13T13:32:52.738+0000][1][safepoint    ] Total time for which application threads were stopped: 0.0001322 seconds, Stopping threads took: 0.0000639 seconds
[2020-01-13T13:32:53.738+0000][1][safepoint    ] Application time: 1.0001152 seconds
[2020-01-13T13:32:53.738+0000][1][safepoint    ] Entering safepoint region: Cleanup
[2020-01-13T13:32:53.738+0000][1][safepoint    ] Leaving safepoint region
[2020-01-13T13:32:53.738+0000][1][safepoint    ] Total time for which application threads were stopped: 0.0001065 seconds, Stopping threads took: 0.0000277 seconds
[2020-01-13T13:32:54.738+0000][1][safepoint    ] Application time: 1.0002047 seconds
[2020-01-13T13:32:54.738+0000][1][safepoint    ] Entering safepoint region: Cleanup
[2020-01-13T13:32:54.738+0000][1][safepoint    ] Leaving safepoint region
[2020-01-13T13:32:54.738+0000][1][safepoint    ] Total time for which application threads were stopped: 0.0001255 seconds, Stopping threads took: 0.0000385 seconds
[2020-01-13T13:32:55.738+0000][1][safepoint    ] Application time: 1.0001542 seconds
[2020-01-13T13:32:55.739+0000][1][safepoint    ] Entering safepoint region: Cleanup
[2020-01-13T13:32:55.739+0000][1][safepoint    ] Leaving safepoint region
[2020-01-13T13:32:55.739+0000][1][safepoint    ] Total time for which application threads were stopped: 0.0001011 seconds, Stopping threads took: 0.0000273 seconds
[2020-01-13T13:32:56.739+0000][1][safepoint    ] Application time: 1.0001732 seconds
[2020-01-13T13:32:56.739+0000][1][safepoint    ] Entering safepoint region: Cleanup
[2020-01-13T13:32:56.739+0000][1][safepoint    ] Leaving safepoint region
[2020-01-13T13:32:56.739+0000][1][safepoint    ] Total time for which application threads were stopped: 0.0001280 seconds, Stopping threads took: 0.0000265 seconds
[2020-01-13T13:32:57.739+0000][1][safepoint    ] Application time: 1.0001610 seconds
[2020-01-13T13:32:57.739+0000][1][safepoint    ] Entering safepoint region: Cleanup
[2020-01-13T13:32:57.739+0000][1][safepoint    ] Leaving safepoint region
[2020-01-13T13:32:57.739+0000][1][safepoint    ] Total time for which application threads were stopped: 0.0001239 seconds, Stopping threads took: 0.0000323 seconds
[2020-01-13T13:32:58.740+0000][1][safepoint    ] Application time: 1.0001552 seconds
[2020-01-13T13:32:58.740+0000][1][safepoint    ] Entering safepoint region: Cleanup
[2020-01-13T13:32:58.740+0000][1][safepoint    ] Leaving safepoint region
[2020-01-13T13:32:58.740+0000][1][safepoint    ] Total time for which application threads were stopped: 0.0001121 seconds, Stopping threads took: 0.0000299 seconds
[2020-01-13T13:32:59.740+0000][1][safepoint    ] Application time: 1.0002535 seconds
[2020-01-13T13:32:59.741+0000][1][safepoint    ] Entering safepoint region: Cleanup
[2020-01-13T13:32:59.741+0000][1][safepoint    ] Leaving safepoint region
[2020-01-13T13:32:59.741+0000][1][safepoint    ] Total time for which application threads were stopped: 0.0001471 seconds, Stopping threads took: 0.0000618 seconds
[2020-01-13T13:33:00.741+0000][1][safepoint    ] Application time: 1.0001672 seconds
[2020-01-13T13:33:00.741+0000][1][safepoint    ] Entering safepoint region: Cleanup
[2020-01-13T13:33:00.742+0000][1][safepoint    ] Leaving safepoint region
[2020-01-13T13:33:00.742+0000][1][safepoint    ] Total time for which application threads were stopped: 0.0001054 seconds, Stopping threads took: 0.0000301 seconds
[2020-01-13T13:33:01.742+0000][1][safepoint    ] Application time: 1.0001966 seconds
[2020-01-13T13:33:01.742+0000][1][safepoint    ] Entering safepoint region: Cleanup
[2020-01-13T13:33:01.742+0000][1][safepoint    ] Leaving safepoint region
[2020-01-13T13:33:01.742+0000][1][safepoint    ] Total time for which application threads were stopped: 0.0000965 seconds, Stopping threads took: 0.0000279 seconds
[2020-01-13T13:33:02.742+0000][1][safepoint    ] Application time: 1.0001593 seconds
[2020-01-13T13:33:02.742+0000][1][safepoint    ] Entering safepoint region: Cleanup
[2020-01-13T13:33:02.742+0000][1][safepoint    ] Leaving safepoint region
[2020-01-13T13:33:02.742+0000][1][safepoint    ] Total time for which application threads were stopped: 0.0001118 seconds, Stopping threads took: 0.0000332 seconds
[2020-01-13T13:33:03.742+0000][1][safepoint    ] Application time: 1.0001141 seconds
[2020-01-13T13:33:03.742+0000][1][safepoint    ] Entering safepoint region: Cleanup
[2020-01-13T13:33:03.743+0000][1][safepoint    ] Leaving safepoint region
[2020-01-13T13:33:03.743+0000][1][safepoint    ] Total time for which application threads were stopped: 0.0001110 seconds, Stopping threads took: 0.0000405 seconds
[2020-01-13T13:33:04.743+0000][1][safepoint    ] Application time: 1.0001452 seconds
[2020-01-13T13:33:04.744+0000][1][safepoint    ] Entering safepoint region: Cleanup
[2020-01-13T13:33:04.744+0000][1][safepoint    ] Leaving safepoint region
[2020-01-13T13:33:04.744+0000][1][safepoint    ] Total time for which application threads were stopped: 0.0001206 seconds, Stopping threads took: 0.0000503 seconds
[2020-01-13T13:33:05.744+0000][1][safepoint    ] Application time: 1.0001500 seconds
[2020-01-13T13:33:05.744+0000][1][safepoint    ] Entering safepoint region: Cleanup
[2020-01-13T13:33:05.744+0000][1][safepoint    ] Leaving safepoint region
[2020-01-13T13:33:05.744+0000][1][safepoint    ] Total time for which application threads were stopped: 0.0001013 seconds, Stopping threads took: 0.0000254 seconds
[2020-01-13T13:33:06.744+0000][1][safepoint    ] Application time: 1.0001611 seconds
[2020-01-13T13:33:06.744+0000][1][safepoint    ] Entering safepoint region: Cleanup
[2020-01-13T13:33:06.745+0000][1][safepoint    ] Leaving safepoint region
[2020-01-13T13:33:06.745+0000][1][safepoint    ] Total time for which application threads were stopped: 0.0001259 seconds, Stopping threads took: 0.0000269 seconds
[2020-01-13T13:33:07.745+0000][1][safepoint    ] Application time: 1.0001485 seconds
[2020-01-13T13:33:07.745+0000][1][safepoint    ] Entering safepoint region: Cleanup
[2020-01-13T13:33:07.745+0000][1][safepoint    ] Leaving safepoint region
[2020-01-13T13:33:07.745+0000][1][safepoint    ] Total time for which application threads were stopped: 0.0001032 seconds, Stopping threads took: 0.0000273 seconds
[2020-01-13T13:33:08.745+0000][1][safepoint    ] Application time: 1.0004785 seconds
[2020-01-13T13:33:08.746+0000][1][safepoint    ] Entering safepoint region: Cleanup
[2020-01-13T13:33:08.746+0000][1][safepoint    ] Leaving safepoint region
[2020-01-13T13:33:08.746+0000][1][safepoint    ] Total time for which application threads were stopped: 0.0003368 seconds, Stopping threads took: 0.0002396 seconds
[2020-01-13T13:33:09.746+0000][1][safepoint    ] Application time: 1.0002706 seconds
[2020-01-13T13:33:09.747+0000][1][safepoint    ] Entering safepoint region: Cleanup
[2020-01-13T13:33:09.747+0000][1][safepoint    ] Leaving safepoint region
[2020-01-13T13:33:09.747+0000][1][safepoint    ] Total time for which application threads were stopped: 0.0001567 seconds, Stopping threads took: 0.0000714 seconds
[2020-01-13T13:33:10.747+0000][1][safepoint    ] Application time: 1.0001549 seconds
[2020-01-13T13:33:10.748+0000][1][safepoint    ] Entering safepoint region: Cleanup
[2020-01-13T13:33:10.748+0000][1][safepoint    ] Leaving safepoint region
[2020-01-13T13:33:10.748+0000][1][safepoint    ] Total time for which application threads were stopped: 0.0000998 seconds, Stopping threads took: 0.0000283 seconds
[2020-01-13T13:33:11.748+0000][1][safepoint    ] Application time: 1.0003369 seconds
[2020-01-13T13:33:11.748+0000][1][safepoint    ] Entering safepoint region: Cleanup
[2020-01-13T13:33:11.748+0000][1][safepoint    ] Leaving safepoint region
[2020-01-13T13:33:11.748+0000][1][safepoint    ] Total time for which application threads were stopped: 0.0001400 seconds, Stopping threads took: 0.0000472 seconds
[2020-01-13T13:33:11.968+0000][1][safepoint    ] Application time: 0.2198028 seconds
[2020-01-13T13:33:11.968+0000][1][safepoint    ] Entering safepoint region: GenCollectForAllocation
[2020-01-13T13:33:11.968+0000][1][gc,start     ] GC(55) Pause Young (Allocation Failure)
[2020-01-13T13:33:11.968+0000][1][gc,task      ] GC(55) Using 1 workers of 1 for evacuation
[2020-01-13T13:33:11.975+0000][1][gc,age       ] GC(55) Desired survivor size 4358144 bytes, new threshold 6 (max threshold 6)
[2020-01-13T13:33:11.975+0000][1][gc,age       ] GC(55) Age table with threshold 6 (max threshold 6)
[2020-01-13T13:33:11.975+0000][1][gc,age       ] GC(55) - age   1:     704344 bytes,     704344 total
[2020-01-13T13:33:11.975+0000][1][gc,age       ] GC(55) - age   2:       2368 bytes,     706712 total
[2020-01-13T13:33:11.975+0000][1][gc,age       ] GC(55) - age   3:       3024 bytes,     709736 total
[2020-01-13T13:33:11.975+0000][1][gc,age       ] GC(55) - age   4:       2920 bytes,     712656 total
[2020-01-13T13:33:11.975+0000][1][gc,age       ] GC(55) - age   5:       2432 bytes,     715088 total
[2020-01-13T13:33:11.975+0000][1][gc,age       ] GC(55) - age   6:       2496 bytes,     717584 total
[2020-01-13T13:33:11.975+0000][1][gc,heap      ] GC(55) ParNew: 68896K->1077K(76672K)
[2020-01-13T13:33:11.975+0000][1][gc,heap      ] GC(55) CMS: 67731K->67733K(176960K)
[2020-01-13T13:33:11.975+0000][1][gc,metaspace ] GC(55) Metaspace: 66260K->66260K(1110016K)
[2020-01-13T13:33:11.975+0000][1][gc           ] GC(55) Pause Young (Allocation Failure) 133M->67M(247M) 7.261ms
[2020-01-13T13:33:11.976+0000][1][gc,cpu       ] GC(55) User=0.01s Sys=0.00s Real=0.01s
[2020-01-13T13:33:11.976+0000][1][safepoint    ] Leaving safepoint region
[2020-01-13T13:33:11.976+0000][1][safepoint    ] Total time for which application threads were stopped: 0.0075384 seconds, Stopping threads took: 0.0000430 seconds
[2020-01-13T13:33:12.977+0000][1][safepoint    ] Application time: 1.0016321 seconds
[2020-01-13T13:33:12.977+0000][1][safepoint    ] Entering safepoint region: Cleanup
[2020-01-13T13:33:12.977+0000][1][safepoint    ] Leaving safepoint region
[2020-01-13T13:33:12.977+0000][1][safepoint    ] Total time for which application threads were stopped: 0.0001841 seconds, Stopping threads took: 0.0000311 seconds
[2020-01-13T13:33:13.978+0000][1][safepoint    ] Application time: 1.0001340 seconds
[2020-01-13T13:33:13.978+0000][1][safepoint    ] Entering safepoint region: Cleanup
[2020-01-13T13:33:13.978+0000][1][safepoint    ] Leaving safepoint region
[2020-01-13T13:33:13.978+0000][1][safepoint    ] Total time for which application threads were stopped: 0.0001068 seconds, Stopping threads took: 0.0000280 seconds
[2020-01-13T13:33:14.978+0000][1][safepoint    ] Application time: 1.0001495 seconds
[2020-01-13T13:33:14.980+0000][1][safepoint    ] Entering safepoint region: Cleanup
[2020-01-13T13:33:14.980+0000][1][safepoint    ] Leaving safepoint region
[2020-01-13T13:33:14.980+0000][1][safepoint    ] Total time for which application threads were stopped: 0.0001481 seconds, Stopping threads took: 0.0000719 seconds
[2020-01-13T13:33:15.980+0000][1][safepoint    ] Application time: 1.0001366 seconds
[2020-01-13T13:33:15.980+0000][1][safepoint    ] Entering safepoint region: Cleanup
[2020-01-13T13:33:15.980+0000][1][safepoint    ] Leaving safepoint region
[2020-01-13T13:33:15.980+0000][1][safepoint    ] Total time for which application threads were stopped: 0.0001213 seconds, Stopping threads took: 0.0000342 seconds
[2020-01-13T13:33:16.980+0000][1][safepoint    ] Application time: 1.0001420 seconds
[2020-01-13T13:33:16.980+0000][1][safepoint    ] Entering safepoint region: Cleanup
[2020-01-13T13:33:16.980+0000][1][safepoint    ] Leaving safepoint region
[2020-01-13T13:33:16.980+0000][1][safepoint    ] Total time for which application threads were stopped: 0.0001167 seconds, Stopping threads took: 0.0000332 seconds
[2020-01-13T13:33:17.981+0000][1][safepoint    ] Application time: 1.0000897 seconds
[2020-01-13T13:33:17.981+0000][1][safepoint    ] Entering safepoint region: Cleanup
[2020-01-13T13:33:17.981+0000][1][safepoint    ] Leaving safepoint region
[2020-01-13T13:33:17.981+0000][1][safepoint    ] Total time for which application threads were stopped: 0.0001101 seconds, Stopping threads took: 0.0000314 seconds
[2020-01-13T13:33:18.981+0000][1][safepoint    ] Application time: 1.0001547 seconds
[2020-01-13T13:33:18.981+0000][1][safepoint    ] Entering safepoint region: Cleanup
[2020-01-13T13:33:18.981+0000][1][safepoint    ] Leaving safepoint region
[2020-01-13T13:33:18.981+0000][1][safepoint    ] Total time for which application threads were stopped: 0.0001292 seconds, Stopping threads took: 0.0000335 seconds
[2020-01-13T13:33:19.981+0000][1][safepoint    ] Application time: 1.0001605 seconds
[2020-01-13T13:33:19.981+0000][1][safepoint    ] Entering safepoint region: Cleanup
[2020-01-13T13:33:19.981+0000][1][safepoint    ] Leaving safepoint region
[2020-01-13T13:33:19.981+0000][1][safepoint    ] Total time for which application threads were stopped: 0.0001066 seconds, Stopping threads took: 0.0000275 seconds
[2020-01-13T13:33:20.982+0000][1][safepoint    ] Application time: 1.0001657 seconds
[2020-01-13T13:33:20.982+0000][1][safepoint    ] Entering safepoint region: Cleanup
[2020-01-13T13:33:20.982+0000][1][safepoint    ] Leaving safepoint region
[2020-01-13T13:33:20.982+0000][1][safepoint    ] Total time for which application threads were stopped: 0.0001478 seconds, Stopping threads took: 0.0000441 seconds
[2020-01-13T13:33:21.982+0000][1][safepoint    ] Application time: 1.0001660 seconds
[2020-01-13T13:33:21.982+0000][1][safepoint    ] Entering safepoint region: Cleanup
[2020-01-13T13:33:21.982+0000][1][safepoint    ] Leaving safepoint region
[2020-01-13T13:33:21.982+0000][1][safepoint    ] Total time for which application threads were stopped: 0.0001029 seconds, Stopping threads took: 0.0000310 seconds
[2020-01-13T13:33:22.983+0000][1][safepoint    ] Application time: 1.0001634 seconds
[2020-01-13T13:33:22.983+0000][1][safepoint    ] Entering safepoint region: Cleanup
[2020-01-13T13:33:22.983+0000][1][safepoint    ] Leaving safepoint region
[2020-01-13T13:33:22.983+0000][1][safepoint    ] Total time for which application threads were stopped: 0.0001208 seconds, Stopping threads took: 0.0000349 seconds
[2020-01-13T13:33:23.983+0000][1][safepoint    ] Application time: 1.0001484 seconds
[2020-01-13T13:33:23.984+0000][1][safepoint    ] Entering safepoint region: Cleanup
[2020-01-13T13:33:23.984+0000][1][safepoint    ] Leaving safepoint region
[2020-01-13T13:33:23.984+0000][1][safepoint    ] Total time for which application threads were stopped: 0.0001045 seconds, Stopping threads took: 0.0000376 seconds
[2020-01-13T13:33:24.984+0000][1][safepoint    ] Application time: 1.0001598 seconds
[2020-01-13T13:33:24.984+0000][1][safepoint    ] Entering safepoint region: Cleanup
[2020-01-13T13:33:24.984+0000][1][safepoint    ] Leaving safepoint region
[2020-01-13T13:33:24.984+0000][1][safepoint    ] Total time for which application threads were stopped: 0.0001186 seconds, Stopping threads took: 0.0000326 seconds
[2020-01-13T13:33:25.984+0000][1][safepoint    ] Application time: 1.0001433 seconds
[2020-01-13T13:33:25.984+0000][1][safepoint    ] Entering safepoint region: Cleanup
[2020-01-13T13:33:25.984+0000][1][safepoint    ] Leaving safepoint region
[2020-01-13T13:33:25.984+0000][1][safepoint    ] Total time for which application threads were stopped: 0.0001225 seconds, Stopping threads took: 0.0000321 seconds
[2020-01-13T13:33:26.985+0000][1][safepoint    ] Application time: 1.0001504 seconds
[2020-01-13T13:33:26.985+0000][1][safepoint    ] Entering safepoint region: Cleanup
[2020-01-13T13:33:26.985+0000][1][safepoint    ] Leaving safepoint region
[2020-01-13T13:33:26.985+0000][1][safepoint    ] Total time for which application threads were stopped: 0.0001559 seconds, Stopping threads took: 0.0000592 seconds
[2020-01-13T13:33:27.985+0000][1][safepoint    ] Application time: 1.0001454 seconds
[2020-01-13T13:33:27.985+0000][1][safepoint    ] Entering safepoint region: Cleanup
[2020-01-13T13:33:27.985+0000][1][safepoint    ] Leaving safepoint region
[2020-01-13T13:33:27.985+0000][1][safepoint    ] Total time for which application threads were stopped: 0.0000939 seconds, Stopping threads took: 0.0000261 seconds
[2020-01-13T13:33:28.985+0000][1][safepoint    ] Application time: 1.0001506 seconds
[2020-01-13T13:33:28.987+0000][1][safepoint    ] Entering safepoint region: Cleanup
[2020-01-13T13:33:28.987+0000][1][safepoint    ] Leaving safepoint region
[2020-01-13T13:33:28.987+0000][1][safepoint    ] Total time for which application threads were stopped: 0.0001173 seconds, Stopping threads took: 0.0000467 seconds
[2020-01-13T13:33:29.987+0000][1][safepoint    ] Application time: 1.0001480 seconds
[2020-01-13T13:33:29.987+0000][1][safepoint    ] Entering safepoint region: Cleanup
[2020-01-13T13:33:29.987+0000][1][safepoint    ] Leaving safepoint region
[2020-01-13T13:33:29.987+0000][1][safepoint    ] Total time for which application threads were stopped: 0.0001572 seconds, Stopping threads took: 0.0000302 seconds
[2020-01-13T13:33:30.987+0000][1][safepoint    ] Application time: 1.0001461 seconds
[2020-01-13T13:33:30.987+0000][1][safepoint    ] Entering safepoint region: Cleanup
[2020-01-13T13:33:30.987+0000][1][safepoint    ] Leaving safepoint region
[2020-01-13T13:33:30.987+0000][1][safepoint    ] Total time for which application threads were stopped: 0.0001208 seconds, Stopping threads took: 0.0000278 seconds
[2020-01-13T13:33:31.988+0000][1][safepoint    ] Application time: 1.0001359 seconds
[2020-01-13T13:33:31.988+0000][1][safepoint    ] Entering safepoint region: Cleanup
[2020-01-13T13:33:31.988+0000][1][safepoint    ] Leaving safepoint region
[2020-01-13T13:33:31.988+0000][1][safepoint    ] Total time for which application threads were stopped: 0.0001810 seconds, Stopping threads took: 0.0000287 seconds
[2020-01-13T13:33:32.988+0000][1][safepoint    ] Application time: 1.0001461 seconds
[2020-01-13T13:33:32.988+0000][1][safepoint    ] Entering safepoint region: Cleanup
[2020-01-13T13:33:32.988+0000][1][safepoint    ] Leaving safepoint region
[2020-01-13T13:33:32.988+0000][1][safepoint    ] Total time for which application threads were stopped: 0.0001086 seconds, Stopping threads took: 0.0000330 seconds
[2020-01-13T13:33:33.988+0000][1][safepoint    ] Application time: 1.0001468 seconds
[2020-01-13T13:33:33.989+0000][1][safepoint    ] Entering safepoint region: Cleanup
[2020-01-13T13:33:33.989+0000][1][safepoint    ] Leaving safepoint region
[2020-01-13T13:33:33.989+0000][1][safepoint    ] Total time for which application threads were stopped: 0.0001139 seconds, Stopping threads took: 0.0000427 seconds
[2020-01-13T13:33:34.989+0000][1][safepoint    ] Application time: 1.0001496 seconds
[2020-01-13T13:33:34.990+0000][1][safepoint    ] Entering safepoint region: Cleanup
[2020-01-13T13:33:34.990+0000][1][safepoint    ] Leaving safepoint region
[2020-01-13T13:33:34.990+0000][1][safepoint    ] Total time for which application threads were stopped: 0.0001098 seconds, Stopping threads took: 0.0000299 seconds
[2020-01-13T13:33:35.990+0000][1][safepoint    ] Application time: 1.0001835 seconds
[2020-01-13T13:33:35.990+0000][1][safepoint    ] Entering safepoint region: Cleanup
[2020-01-13T13:33:35.990+0000][1][safepoint    ] Leaving safepoint region
[2020-01-13T13:33:35.990+0000][1][safepoint    ] Total time for which application threads were stopped: 0.0001198 seconds, Stopping threads took: 0.0000378 seconds
[2020-01-13T13:33:36.990+0000][1][safepoint    ] Application time: 1.0001476 seconds
[2020-01-13T13:33:36.990+0000][1][safepoint    ] Entering safepoint region: Cleanup
[2020-01-13T13:33:36.990+0000][1][safepoint    ] Leaving safepoint region
[2020-01-13T13:33:36.990+0000][1][safepoint    ] Total time for which application threads were stopped: 0.0001194 seconds, Stopping threads took: 0.0000261 seconds
[2020-01-13T13:33:37.991+0000][1][safepoint    ] Application time: 1.0001374 seconds
[2020-01-13T13:33:37.991+0000][1][safepoint    ] Entering safepoint region: Cleanup
[2020-01-13T13:33:37.991+0000][1][safepoint    ] Leaving safepoint region
[2020-01-13T13:33:37.991+0000][1][safepoint    ] Total time for which application threads were stopped: 0.0001414 seconds, Stopping threads took: 0.0000361 seconds
[2020-01-13T13:33:38.991+0000][1][safepoint    ] Application time: 1.0001216 seconds
[2020-01-13T13:33:38.992+0000][1][safepoint    ] Entering safepoint region: Cleanup
[2020-01-13T13:33:38.992+0000][1][safepoint    ] Leaving safepoint region
[2020-01-13T13:33:38.992+0000][1][safepoint    ] Total time for which application threads were stopped: 0.0001207 seconds, Stopping threads took: 0.0000422 seconds
[2020-01-13T13:33:39.992+0000][1][safepoint    ] Application time: 1.0001256 seconds
[2020-01-13T13:33:39.992+0000][1][safepoint    ] Entering safepoint region: Cleanup
[2020-01-13T13:33:39.992+0000][1][safepoint    ] Leaving safepoint region
[2020-01-13T13:33:39.992+0000][1][safepoint    ] Total time for which application threads were stopped: 0.0000953 seconds, Stopping threads took: 0.0000263 seconds
[2020-01-13T13:33:40.992+0000][1][safepoint    ] Application time: 1.0001532 seconds
[2020-01-13T13:33:40.992+0000][1][safepoint    ] Entering safepoint region: Cleanup
[2020-01-13T13:33:40.993+0000][1][safepoint    ] Leaving safepoint region
[2020-01-13T13:33:40.993+0000][1][safepoint    ] Total time for which application threads were stopped: 0.0001364 seconds, Stopping threads took: 0.0000426 seconds
[2020-01-13T13:33:41.993+0000][1][safepoint    ] Application time: 1.0001059 seconds
[2020-01-13T13:33:41.993+0000][1][safepoint    ] Entering safepoint region: Cleanup
[2020-01-13T13:33:41.993+0000][1][safepoint    ] Leaving safepoint region
[2020-01-13T13:33:41.993+0000][1][safepoint    ] Total time for which application threads were stopped: 0.0001122 seconds, Stopping threads took: 0.0000304 seconds
[2020-01-13T13:33:42.993+0000][1][safepoint    ] Application time: 1.0000864 seconds
[2020-01-13T13:33:42.993+0000][1][safepoint    ] Entering safepoint region: Cleanup
[2020-01-13T13:33:42.993+0000][1][safepoint    ] Leaving safepoint region
[2020-01-13T13:33:42.993+0000][1][safepoint    ] Total time for which application threads were stopped: 0.0001047 seconds, Stopping threads took: 0.0000255 seconds
[2020-01-13T13:33:43.993+0000][1][safepoint    ] Application time: 1.0001788 seconds
[2020-01-13T13:33:43.995+0000][1][safepoint    ] Entering safepoint region: Cleanup
[2020-01-13T13:33:43.995+0000][1][safepoint    ] Leaving safepoint region
[2020-01-13T13:33:43.995+0000][1][safepoint    ] Total time for which application threads were stopped: 0.0001647 seconds, Stopping threads took: 0.0000657 seconds
[2020-01-13T13:33:44.995+0000][1][safepoint    ] Application time: 1.0000994 seconds
[2020-01-13T13:33:44.995+0000][1][safepoint    ] Entering safepoint region: Cleanup
[2020-01-13T13:33:44.995+0000][1][safepoint    ] Leaving safepoint region
[2020-01-13T13:33:44.995+0000][1][safepoint    ] Total time for which application threads were stopped: 0.0001372 seconds, Stopping threads took: 0.0000345 seconds
[2020-01-13T13:33:45.995+0000][1][safepoint    ] Application time: 1.0001717 seconds
[2020-01-13T13:33:45.995+0000][1][safepoint    ] Entering safepoint region: Cleanup
[2020-01-13T13:33:45.996+0000][1][safepoint    ] Leaving safepoint region
[2020-01-13T13:33:45.996+0000][1][safepoint    ] Total time for which application threads were stopped: 0.0001722 seconds, Stopping threads took: 0.0000582 seconds
[2020-01-13T13:33:46.996+0000][1][safepoint    ] Application time: 1.0001561 seconds
[2020-01-13T13:33:46.996+0000][1][safepoint    ] Entering safepoint region: Cleanup
[2020-01-13T13:33:46.996+0000][1][safepoint    ] Leaving safepoint region
[2020-01-13T13:33:46.996+0000][1][safepoint    ] Total time for which application threads were stopped: 0.0001188 seconds, Stopping threads took: 0.0000416 seconds
[2020-01-13T13:33:47.996+0000][1][safepoint    ] Application time: 1.0001781 seconds
[2020-01-13T13:33:47.996+0000][1][safepoint    ] Entering safepoint region: Cleanup
[2020-01-13T13:33:47.996+0000][1][safepoint    ] Leaving safepoint region
[2020-01-13T13:33:47.996+0000][1][safepoint    ] Total time for which application threads were stopped: 0.0001161 seconds, Stopping threads took: 0.0000288 seconds
[2020-01-13T13:33:48.997+0000][1][safepoint    ] Application time: 1.0001612 seconds
[2020-01-13T13:33:48.997+0000][1][safepoint    ] Entering safepoint region: Cleanup
[2020-01-13T13:33:48.997+0000][1][safepoint    ] Leaving safepoint region
[2020-01-13T13:33:48.997+0000][1][safepoint    ] Total time for which application threads were stopped: 0.0001238 seconds, Stopping threads took: 0.0000354 seconds
[2020-01-13T13:33:49.997+0000][1][safepoint    ] Application time: 1.0001320 seconds
[2020-01-13T13:33:49.997+0000][1][safepoint    ] Entering safepoint region: Cleanup
[2020-01-13T13:33:49.997+0000][1][safepoint    ] Leaving safepoint region
[2020-01-13T13:33:49.997+0000][1][safepoint    ] Total time for which application threads were stopped: 0.0001360 seconds, Stopping threads took: 0.0000318 seconds
[2020-01-13T13:33:50.997+0000][1][safepoint    ] Application time: 1.0001590 seconds
[2020-01-13T13:33:50.997+0000][1][safepoint    ] Entering safepoint region: Cleanup
[2020-01-13T13:33:50.998+0000][1][safepoint    ] Leaving safepoint region
[2020-01-13T13:33:50.998+0000][1][safepoint    ] Total time for which application threads were stopped: 0.0000944 seconds, Stopping threads took: 0.0000282 seconds
[2020-01-13T13:33:51.998+0000][1][safepoint    ] Application time: 1.0001463 seconds
[2020-01-13T13:33:51.998+0000][1][safepoint    ] Entering safepoint region: Cleanup
[2020-01-13T13:33:51.998+0000][1][safepoint    ] Leaving safepoint region
[2020-01-13T13:33:51.998+0000][1][safepoint    ] Total time for which application threads were stopped: 0.0001107 seconds, Stopping threads took: 0.0000361 seconds
[2020-01-13T13:33:52.998+0000][1][safepoint    ] Application time: 1.0001606 seconds
[2020-01-13T13:33:52.998+0000][1][safepoint    ] Entering safepoint region: Cleanup
[2020-01-13T13:33:52.998+0000][1][safepoint    ] Leaving safepoint region
[2020-01-13T13:33:52.998+0000][1][safepoint    ] Total time for which application threads were stopped: 0.0001040 seconds, Stopping threads took: 0.0000283 seconds
[2020-01-13T13:33:53.998+0000][1][safepoint    ] Application time: 1.0001639 seconds
[2020-01-13T13:33:54.001+0000][1][safepoint    ] Entering safepoint region: Cleanup
[2020-01-13T13:33:54.001+0000][1][safepoint    ] Leaving safepoint region
[2020-01-13T13:33:54.001+0000][1][safepoint    ] Total time for which application threads were stopped: 0.0001593 seconds, Stopping threads took: 0.0000771 seconds
[2020-01-13T13:33:55.001+0000][1][safepoint    ] Application time: 1.0001471 seconds
[2020-01-13T13:33:55.001+0000][1][safepoint    ] Entering safepoint region: Cleanup
[2020-01-13T13:33:55.001+0000][1][safepoint    ] Leaving safepoint region
[2020-01-13T13:33:55.001+0000][1][safepoint    ] Total time for which application threads were stopped: 0.0001994 seconds, Stopping threads took: 0.0001284 seconds
[2020-01-13T13:33:56.002+0000][1][safepoint    ] Application time: 1.0001629 seconds
[2020-01-13T13:33:56.002+0000][1][safepoint    ] Entering safepoint region: Cleanup
[2020-01-13T13:33:56.002+0000][1][safepoint    ] Leaving safepoint region
[2020-01-13T13:33:56.002+0000][1][safepoint    ] Total time for which application threads were stopped: 0.0001506 seconds, Stopping threads took: 0.0000439 seconds
[2020-01-13T13:33:57.002+0000][1][safepoint    ] Application time: 1.0001555 seconds
[2020-01-13T13:33:57.002+0000][1][safepoint    ] Entering safepoint region: Cleanup
[2020-01-13T13:33:57.002+0000][1][safepoint    ] Leaving safepoint region
[2020-01-13T13:33:57.002+0000][1][safepoint    ] Total time for which application threads were stopped: 0.0001849 seconds, Stopping threads took: 0.0000574 seconds
[2020-01-13T13:33:58.002+0000][1][safepoint    ] Application time: 1.0001546 seconds
[2020-01-13T13:33:58.003+0000][1][safepoint    ] Entering safepoint region: Cleanup
[2020-01-13T13:33:58.003+0000][1][safepoint    ] Leaving safepoint region
[2020-01-13T13:33:58.003+0000][1][safepoint    ] Total time for which application threads were stopped: 0.0001088 seconds, Stopping threads took: 0.0000295 seconds
[2020-01-13T13:33:59.003+0000][1][safepoint    ] Application time: 1.0001662 seconds
[2020-01-13T13:33:59.004+0000][1][safepoint    ] Entering safepoint region: Cleanup
[2020-01-13T13:33:59.004+0000][1][safepoint    ] Leaving safepoint region
[2020-01-13T13:33:59.004+0000][1][safepoint    ] Total time for which application threads were stopped: 0.0001582 seconds, Stopping threads took: 0.0000698 seconds
[2020-01-13T13:34:00.004+0000][1][safepoint    ] Application time: 1.0001608 seconds
[2020-01-13T13:34:00.004+0000][1][safepoint    ] Entering safepoint region: Cleanup
[2020-01-13T13:34:00.004+0000][1][safepoint    ] Leaving safepoint region
[2020-01-13T13:34:00.004+0000][1][safepoint    ] Total time for which application threads were stopped: 0.0001370 seconds, Stopping threads took: 0.0000532 seconds
[2020-01-13T13:34:01.005+0000][1][safepoint    ] Application time: 1.0001651 seconds
[2020-01-13T13:34:01.005+0000][1][safepoint    ] Entering safepoint region: Cleanup
[2020-01-13T13:34:01.005+0000][1][safepoint    ] Leaving safepoint region
[2020-01-13T13:34:01.005+0000][1][safepoint    ] Total time for which application threads were stopped: 0.0001212 seconds, Stopping threads took: 0.0000358 seconds
[2020-01-13T13:34:02.005+0000][1][safepoint    ] Application time: 1.0001463 seconds
[2020-01-13T13:34:02.005+0000][1][safepoint    ] Entering safepoint region: Cleanup
[2020-01-13T13:34:02.005+0000][1][safepoint    ] Leaving safepoint region
[2020-01-13T13:34:02.005+0000][1][safepoint    ] Total time for which application threads were stopped: 0.0001102 seconds, Stopping threads took: 0.0000289 seconds
[2020-01-13T13:34:03.005+0000][1][safepoint    ] Application time: 1.0001778 seconds
[2020-01-13T13:34:03.005+0000][1][safepoint    ] Entering safepoint region: Cleanup
[2020-01-13T13:34:03.006+0000][1][safepoint    ] Leaving safepoint region
[2020-01-13T13:34:03.006+0000][1][safepoint    ] Total time for which application threads were stopped: 0.0001345 seconds, Stopping threads took: 0.0000467 seconds
[2020-01-13T13:34:04.006+0000][1][safepoint    ] Application time: 1.0005415 seconds
[2020-01-13T13:34:04.007+0000][1][safepoint    ] Entering safepoint region: Cleanup
[2020-01-13T13:34:04.007+0000][1][safepoint    ] Leaving safepoint region
[2020-01-13T13:34:04.007+0000][1][safepoint    ] Total time for which application threads were stopped: 0.0001376 seconds, Stopping threads took: 0.0000517 seconds
[2020-01-13T13:34:05.008+0000][1][safepoint    ] Application time: 1.0001527 seconds
[2020-01-13T13:34:05.008+0000][1][safepoint    ] Entering safepoint region: Cleanup
[2020-01-13T13:34:05.008+0000][1][safepoint    ] Leaving safepoint region
[2020-01-13T13:34:05.008+0000][1][safepoint    ] Total time for which application threads were stopped: 0.0000995 seconds, Stopping threads took: 0.0000289 seconds
[2020-01-13T13:34:06.008+0000][1][safepoint    ] Application time: 1.0001369 seconds
[2020-01-13T13:34:06.008+0000][1][safepoint    ] Entering safepoint region: Cleanup
[2020-01-13T13:34:06.008+0000][1][safepoint    ] Leaving safepoint region
[2020-01-13T13:34:06.008+0000][1][safepoint    ] Total time for which application threads were stopped: 0.0001180 seconds, Stopping threads took: 0.0000352 seconds
[2020-01-13T13:34:07.008+0000][1][safepoint    ] Application time: 1.0001788 seconds
[2020-01-13T13:34:07.008+0000][1][safepoint    ] Entering safepoint region: Cleanup
[2020-01-13T13:34:07.009+0000][1][safepoint    ] Leaving safepoint region
[2020-01-13T13:34:07.009+0000][1][safepoint    ] Total time for which application threads were stopped: 0.0001128 seconds, Stopping threads took: 0.0000408 seconds
[2020-01-13T13:34:08.009+0000][1][safepoint    ] Application time: 1.0001626 seconds
[2020-01-13T13:34:08.009+0000][1][safepoint    ] Entering safepoint region: Cleanup
[2020-01-13T13:34:08.009+0000][1][safepoint    ] Leaving safepoint region
[2020-01-13T13:34:08.009+0000][1][safepoint    ] Total time for which application threads were stopped: 0.0001257 seconds, Stopping threads took: 0.0000372 seconds
[2020-01-13T13:34:09.009+0000][1][safepoint    ] Application time: 1.0001563 seconds
[2020-01-13T13:34:09.010+0000][1][safepoint    ] Entering safepoint region: Cleanup
[2020-01-13T13:34:09.010+0000][1][safepoint    ] Leaving safepoint region
[2020-01-13T13:34:09.010+0000][1][safepoint    ] Total time for which application threads were stopped: 0.0001719 seconds, Stopping threads took: 0.0000758 seconds
[2020-01-13T13:34:29.014+0000][1][safepoint    ] Application time: 20.0030737 seconds
[2020-01-13T13:34:29.014+0000][1][safepoint    ] Entering safepoint region: Cleanup
[2020-01-13T13:34:29.014+0000][1][safepoint    ] Leaving safepoint region
[2020-01-13T13:34:29.014+0000][1][safepoint    ] Total time for which application threads were stopped: 0.0001514 seconds, Stopping threads took: 0.0000429 seconds
[2020-01-13T13:34:46.021+0000][1][safepoint    ] Application time: 17.0068849 seconds
[2020-01-13T13:34:46.021+0000][1][safepoint    ] Entering safepoint region: GenCollectForAllocation
[2020-01-13T13:34:46.021+0000][1][gc,start     ] GC(56) Pause Young (Allocation Failure)
[2020-01-13T13:34:46.021+0000][1][gc,task      ] GC(56) Using 1 workers of 1 for evacuation
[2020-01-13T13:34:46.026+0000][1][gc,age       ] GC(56) Desired survivor size 4358144 bytes, new threshold 6 (max threshold 6)
[2020-01-13T13:34:46.026+0000][1][gc,age       ] GC(56) Age table with threshold 6 (max threshold 6)
[2020-01-13T13:34:46.026+0000][1][gc,age       ] GC(56) - age   1:     378192 bytes,     378192 total
[2020-01-13T13:34:46.026+0000][1][gc,age       ] GC(56) - age   2:       2712 bytes,     380904 total
[2020-01-13T13:34:46.026+0000][1][gc,age       ] GC(56) - age   3:       2368 bytes,     383272 total
[2020-01-13T13:34:46.026+0000][1][gc,age       ] GC(56) - age   4:       3024 bytes,     386296 total
[2020-01-13T13:34:46.026+0000][1][gc,age       ] GC(56) - age   5:       2920 bytes,     389216 total
[2020-01-13T13:34:46.026+0000][1][gc,age       ] GC(56) - age   6:       2432 bytes,     391648 total
[2020-01-13T13:34:46.026+0000][1][gc,heap      ] GC(56) ParNew: 69237K->660K(76672K)
[2020-01-13T13:34:46.026+0000][1][gc,heap      ] GC(56) CMS: 67733K->67736K(176960K)
[2020-01-13T13:34:46.026+0000][1][gc,metaspace ] GC(56) Metaspace: 66281K->66281K(1110016K)
[2020-01-13T13:34:46.026+0000][1][gc           ] GC(56) Pause Young (Allocation Failure) 133M->66M(247M) 4.948ms
[2020-01-13T13:34:46.026+0000][1][gc,cpu       ] GC(56) User=0.01s Sys=0.00s Real=0.00s
[2020-01-13T13:34:46.026+0000][1][safepoint    ] Leaving safepoint region
[2020-01-13T13:34:46.026+0000][1][safepoint    ] Total time for which application threads were stopped: 0.0051533 seconds, Stopping threads took: 0.0000281 seconds
[2020-01-13T13:35:08.030+0000][1][safepoint    ] Application time: 22.0037590 seconds
[2020-01-13T13:35:08.030+0000][1][safepoint    ] Entering safepoint region: Cleanup
[2020-01-13T13:35:08.030+0000][1][safepoint    ] Leaving safepoint region
[2020-01-13T13:35:08.030+0000][1][safepoint    ] Total time for which application threads were stopped: 0.0001520 seconds, Stopping threads took: 0.0000542 seconds
[2020-01-13T13:35:09.030+0000][1][safepoint    ] Application time: 1.0001629 seconds
[2020-01-13T13:35:09.030+0000][1][safepoint    ] Entering safepoint region: Cleanup
[2020-01-13T13:35:09.030+0000][1][safepoint    ] Leaving safepoint region
[2020-01-13T13:35:09.030+0000][1][safepoint    ] Total time for which application threads were stopped: 0.0001436 seconds, Stopping threads took: 0.0000430 seconds
[2020-01-13T13:35:24.032+0000][1][safepoint    ] Application time: 15.0020952 seconds
[2020-01-13T13:35:24.033+0000][1][safepoint    ] Entering safepoint region: Cleanup
[2020-01-13T13:35:24.034+0000][1][safepoint    ] Leaving safepoint region
[2020-01-13T13:35:24.034+0000][1][safepoint    ] Total time for which application threads were stopped: 0.0002247 seconds, Stopping threads took: 0.0001149 seconds
[2020-01-13T13:35:25.034+0000][1][safepoint    ] Application time: 1.0000871 seconds
[2020-01-13T13:35:25.034+0000][1][safepoint    ] Entering safepoint region: Cleanup
[2020-01-13T13:35:25.034+0000][1][safepoint    ] Leaving safepoint region
[2020-01-13T13:35:25.034+0000][1][safepoint    ] Total time for which application threads were stopped: 0.0001039 seconds, Stopping threads took: 0.0000378 seconds
[2020-01-13T13:35:26.034+0000][1][safepoint    ] Application time: 1.0000898 seconds
[2020-01-13T13:35:26.036+0000][1][safepoint    ] Entering safepoint region: Cleanup
[2020-01-13T13:35:26.036+0000][1][safepoint    ] Leaving safepoint region
[2020-01-13T13:35:26.036+0000][1][safepoint    ] Total time for which application threads were stopped: 0.0022478 seconds, Stopping threads took: 0.0021812 seconds
[2020-01-13T13:35:27.036+0000][1][safepoint    ] Application time: 1.0001284 seconds
[2020-01-13T13:35:27.036+0000][1][safepoint    ] Entering safepoint region: Cleanup
[2020-01-13T13:35:27.037+0000][1][safepoint    ] Leaving safepoint region
[2020-01-13T13:35:27.037+0000][1][safepoint    ] Total time for which application threads were stopped: 0.0000951 seconds, Stopping threads took: 0.0000281 seconds
[2020-01-13T13:35:28.037+0000][1][safepoint    ] Application time: 1.0000930 seconds
[2020-01-13T13:35:28.037+0000][1][safepoint    ] Entering safepoint region: Cleanup
[2020-01-13T13:35:28.037+0000][1][safepoint    ] Leaving safepoint region
[2020-01-13T13:35:28.037+0000][1][safepoint    ] Total time for which application threads were stopped: 0.0000950 seconds, Stopping threads took: 0.0000217 seconds
[2020-01-13T13:35:29.037+0000][1][safepoint    ] Application time: 1.0000940 seconds
[2020-01-13T13:35:29.038+0000][1][safepoint    ] Entering safepoint region: Cleanup
[2020-01-13T13:35:29.038+0000][1][safepoint    ] Leaving safepoint region
[2020-01-13T13:35:29.038+0000][1][safepoint    ] Total time for which application threads were stopped: 0.0001471 seconds, Stopping threads took: 0.0000681 seconds
[2020-01-13T13:35:30.038+0000][1][safepoint    ] Application time: 1.0001083 seconds
[2020-01-13T13:35:30.038+0000][1][safepoint    ] Entering safepoint region: Cleanup
[2020-01-13T13:35:30.039+0000][1][safepoint    ] Leaving safepoint region
[2020-01-13T13:35:30.039+0000][1][safepoint    ] Total time for which application threads were stopped: 0.0003053 seconds, Stopping threads took: 0.0000290 seconds
[2020-01-13T13:35:31.039+0000][1][safepoint    ] Application time: 1.0001490 seconds
[2020-01-13T13:35:31.039+0000][1][safepoint    ] Entering safepoint region: Cleanup
[2020-01-13T13:35:31.039+0000][1][safepoint    ] Leaving safepoint region
[2020-01-13T13:35:31.039+0000][1][safepoint    ] Total time for which application threads were stopped: 0.0000839 seconds, Stopping threads took: 0.0000210 seconds
[2020-01-13T13:35:32.039+0000][1][safepoint    ] Application time: 1.0000781 seconds
[2020-01-13T13:35:32.039+0000][1][safepoint    ] Entering safepoint region: Cleanup
[2020-01-13T13:35:32.039+0000][1][safepoint    ] Leaving safepoint region
[2020-01-13T13:35:32.039+0000][1][safepoint    ] Total time for which application threads were stopped: 0.0001397 seconds, Stopping threads took: 0.0000409 seconds
[2020-01-13T13:35:33.039+0000][1][safepoint    ] Application time: 1.0001204 seconds
[2020-01-13T13:35:33.039+0000][1][safepoint    ] Entering safepoint region: Cleanup
[2020-01-13T13:35:33.039+0000][1][safepoint    ] Leaving safepoint region
[2020-01-13T13:35:33.039+0000][1][safepoint    ] Total time for which application threads were stopped: 0.0000888 seconds, Stopping threads took: 0.0000213 seconds
[2020-01-13T13:35:34.040+0000][1][safepoint    ] Application time: 1.0001699 seconds
[2020-01-13T13:35:34.041+0000][1][safepoint    ] Entering safepoint region: Cleanup
[2020-01-13T13:35:34.041+0000][1][safepoint    ] Leaving safepoint region
[2020-01-13T13:35:34.041+0000][1][safepoint    ] Total time for which application threads were stopped: 0.0001503 seconds, Stopping threads took: 0.0000499 seconds
[2020-01-13T13:35:35.041+0000][1][safepoint    ] Application time: 1.0001240 seconds
[2020-01-13T13:35:35.041+0000][1][safepoint    ] Entering safepoint region: Cleanup
[2020-01-13T13:35:35.041+0000][1][safepoint    ] Leaving safepoint region
[2020-01-13T13:35:35.041+0000][1][safepoint    ] Total time for which application threads were stopped: 0.0001146 seconds, Stopping threads took: 0.0000315 seconds
[2020-01-13T13:35:36.041+0000][1][safepoint    ] Application time: 1.0001423 seconds
[2020-01-13T13:35:36.041+0000][1][safepoint    ] Entering safepoint region: Cleanup
[2020-01-13T13:35:36.041+0000][1][safepoint    ] Leaving safepoint region
[2020-01-13T13:35:36.041+0000][1][safepoint    ] Total time for which application threads were stopped: 0.0001181 seconds, Stopping threads took: 0.0000481 seconds
[2020-01-13T13:35:37.042+0000][1][safepoint    ] Application time: 1.0001143 seconds
[2020-01-13T13:35:37.042+0000][1][safepoint    ] Entering safepoint region: Cleanup
[2020-01-13T13:35:37.042+0000][1][safepoint    ] Leaving safepoint region
[2020-01-13T13:35:37.042+0000][1][safepoint    ] Total time for which application threads were stopped: 0.0001056 seconds, Stopping threads took: 0.0000233 seconds
[2020-01-13T13:35:38.042+0000][1][safepoint    ] Application time: 1.0001214 seconds
[2020-01-13T13:35:38.042+0000][1][safepoint    ] Entering safepoint region: Cleanup
[2020-01-13T13:35:38.042+0000][1][safepoint    ] Leaving safepoint region
[2020-01-13T13:35:38.042+0000][1][safepoint    ] Total time for which application threads were stopped: 0.0001336 seconds, Stopping threads took: 0.0000501 seconds
[2020-01-13T13:35:39.042+0000][1][safepoint    ] Application time: 1.0001148 seconds
[2020-01-13T13:35:39.044+0000][1][safepoint    ] Entering safepoint region: Cleanup
[2020-01-13T13:35:39.044+0000][1][safepoint    ] Leaving safepoint region
[2020-01-13T13:35:39.044+0000][1][safepoint    ] Total time for which application threads were stopped: 0.0001484 seconds, Stopping threads took: 0.0000631 seconds
[2020-01-13T13:35:40.044+0000][1][safepoint    ] Application time: 1.0001004 seconds
[2020-01-13T13:35:40.044+0000][1][safepoint    ] Entering safepoint region: Cleanup
[2020-01-13T13:35:40.044+0000][1][safepoint    ] Leaving safepoint region
[2020-01-13T13:35:40.044+0000][1][safepoint    ] Total time for which application threads were stopped: 0.0001036 seconds, Stopping threads took: 0.0000255 seconds
[2020-01-13T13:35:41.044+0000][1][safepoint    ] Application time: 1.0001172 seconds
[2020-01-13T13:35:41.044+0000][1][safepoint    ] Entering safepoint region: Cleanup
[2020-01-13T13:35:41.044+0000][1][safepoint    ] Leaving safepoint region
[2020-01-13T13:35:41.044+0000][1][safepoint    ] Total time for which application threads were stopped: 0.0001005 seconds, Stopping threads took: 0.0000235 seconds
[2020-01-13T13:35:42.044+0000][1][safepoint    ] Application time: 1.0001087 seconds
[2020-01-13T13:35:42.045+0000][1][safepoint    ] Entering safepoint region: Cleanup
[2020-01-13T13:35:42.045+0000][1][safepoint    ] Leaving safepoint region
[2020-01-13T13:35:42.045+0000][1][safepoint    ] Total time for which application threads were stopped: 0.0000892 seconds, Stopping threads took: 0.0000224 seconds
[2020-01-13T13:35:43.045+0000][1][safepoint    ] Application time: 1.0000996 seconds
[2020-01-13T13:35:43.045+0000][1][safepoint    ] Entering safepoint region: Cleanup
[2020-01-13T13:35:43.045+0000][1][safepoint    ] Leaving safepoint region
[2020-01-13T13:35:43.045+0000][1][safepoint    ] Total time for which application threads were stopped: 0.0000959 seconds, Stopping threads took: 0.0000201 seconds
[2020-01-13T13:35:44.043+0000][1][safepoint    ] Application time: 0.9980096 seconds
[2020-01-13T13:35:44.044+0000][1][safepoint    ] Entering safepoint region: GenCollectForAllocation
[2020-01-13T13:35:44.044+0000][1][gc,start     ] GC(57) Pause Young (Allocation Failure)
[2020-01-13T13:35:44.044+0000][1][gc,task      ] GC(57) Using 1 workers of 1 for evacuation
[2020-01-13T13:35:44.049+0000][1][gc,age       ] GC(57) Desired survivor size 4358144 bytes, new threshold 6 (max threshold 6)
[2020-01-13T13:35:44.049+0000][1][gc,age       ] GC(57) Age table with threshold 6 (max threshold 6)
[2020-01-13T13:35:44.049+0000][1][gc,age       ] GC(57) - age   1:     529592 bytes,     529592 total
[2020-01-13T13:35:44.049+0000][1][gc,age       ] GC(57) - age   2:       6752 bytes,     536344 total
[2020-01-13T13:35:44.049+0000][1][gc,age       ] GC(57) - age   3:       2712 bytes,     539056 total
[2020-01-13T13:35:44.049+0000][1][gc,age       ] GC(57) - age   4:       2368 bytes,     541424 total
[2020-01-13T13:35:44.049+0000][1][gc,age       ] GC(57) - age   5:       3024 bytes,     544448 total
[2020-01-13T13:35:44.049+0000][1][gc,age       ] GC(57) - age   6:       2920 bytes,     547368 total
[2020-01-13T13:35:44.049+0000][1][gc,heap      ] GC(57) ParNew: 68756K->617K(76672K)
[2020-01-13T13:35:44.049+0000][1][gc,heap      ] GC(57) CMS: 67736K->67738K(176960K)
[2020-01-13T13:35:44.049+0000][1][gc,metaspace ] GC(57) Metaspace: 66284K->66284K(1110016K)
[2020-01-13T13:35:44.049+0000][1][gc           ] GC(57) Pause Young (Allocation Failure) 133M->66M(247M) 5.128ms
[2020-01-13T13:35:44.049+0000][1][gc,cpu       ] GC(57) User=0.01s Sys=0.00s Real=0.00s
[2020-01-13T13:35:44.049+0000][1][safepoint    ] Leaving safepoint region
[2020-01-13T13:35:44.049+0000][1][safepoint    ] Total time for which application threads were stopped: 0.0053237 seconds, Stopping threads took: 0.0000380 seconds
[2020-01-13T13:35:45.050+0000][1][safepoint    ] Application time: 1.0007051 seconds
[2020-01-13T13:35:45.050+0000][1][safepoint    ] Entering safepoint region: Cleanup
[2020-01-13T13:35:45.050+0000][1][safepoint    ] Leaving safepoint region
[2020-01-13T13:35:45.050+0000][1][safepoint    ] Total time for which application threads were stopped: 0.0001024 seconds, Stopping threads took: 0.0000299 seconds
[2020-01-13T13:35:46.050+0000][1][safepoint    ] Application time: 1.0001195 seconds
[2020-01-13T13:35:46.050+0000][1][safepoint    ] Entering safepoint region: Cleanup
[2020-01-13T13:35:46.050+0000][1][safepoint    ] Leaving safepoint region
[2020-01-13T13:35:46.050+0000][1][safepoint    ] Total time for which application threads were stopped: 0.0001361 seconds, Stopping threads took: 0.0000435 seconds
[2020-01-13T13:35:47.051+0000][1][safepoint    ] Application time: 1.0000945 seconds
[2020-01-13T13:35:47.051+0000][1][safepoint    ] Entering safepoint region: Cleanup
[2020-01-13T13:35:47.051+0000][1][safepoint    ] Leaving safepoint region
[2020-01-13T13:35:47.051+0000][1][safepoint    ] Total time for which application threads were stopped: 0.0001068 seconds, Stopping threads took: 0.0000278 seconds
[2020-01-13T13:35:48.051+0000][1][safepoint    ] Application time: 1.0001010 seconds
[2020-01-13T13:35:48.051+0000][1][safepoint    ] Entering safepoint region: Cleanup
[2020-01-13T13:35:48.051+0000][1][safepoint    ] Leaving safepoint region
[2020-01-13T13:35:48.051+0000][1][safepoint    ] Total time for which application threads were stopped: 0.0001178 seconds, Stopping threads took: 0.0000326 seconds
[2020-01-13T13:35:49.051+0000][1][safepoint    ] Application time: 1.0001370 seconds
[2020-01-13T13:35:49.051+0000][1][safepoint    ] Entering safepoint region: Cleanup
[2020-01-13T13:35:49.051+0000][1][safepoint    ] Leaving safepoint region
[2020-01-13T13:35:49.051+0000][1][safepoint    ] Total time for which application threads were stopped: 0.0001566 seconds, Stopping threads took: 0.0000437 seconds
[2020-01-13T13:35:50.052+0000][1][safepoint    ] Application time: 1.0001946 seconds
[2020-01-13T13:35:50.052+0000][1][safepoint    ] Entering safepoint region: Cleanup
[2020-01-13T13:35:50.052+0000][1][safepoint    ] Leaving safepoint region
[2020-01-13T13:35:50.052+0000][1][safepoint    ] Total time for which application threads were stopped: 0.0001208 seconds, Stopping threads took: 0.0000298 seconds
[2020-01-13T13:35:51.052+0000][1][safepoint    ] Application time: 1.0001138 seconds
[2020-01-13T13:35:51.052+0000][1][safepoint    ] Entering safepoint region: Cleanup
[2020-01-13T13:35:51.052+0000][1][safepoint    ] Leaving safepoint region
[2020-01-13T13:35:51.052+0000][1][safepoint    ] Total time for which application threads were stopped: 0.0001151 seconds, Stopping threads took: 0.0000321 seconds
[2020-01-13T13:35:52.052+0000][1][safepoint    ] Application time: 1.0001462 seconds
[2020-01-13T13:35:52.052+0000][1][safepoint    ] Entering safepoint region: Cleanup
[2020-01-13T13:35:52.052+0000][1][safepoint    ] Leaving safepoint region
[2020-01-13T13:35:52.053+0000][1][safepoint    ] Total time for which application threads were stopped: 0.0001230 seconds, Stopping threads took: 0.0000363 seconds
[2020-01-13T13:35:53.053+0000][1][safepoint    ] Application time: 1.0001324 seconds
[2020-01-13T13:35:53.053+0000][1][safepoint    ] Entering safepoint region: Cleanup
[2020-01-13T13:35:53.053+0000][1][safepoint    ] Leaving safepoint region
[2020-01-13T13:35:53.053+0000][1][safepoint    ] Total time for which application threads were stopped: 0.0002416 seconds, Stopping threads took: 0.0001203 seconds
[2020-01-13T13:35:54.053+0000][1][safepoint    ] Application time: 1.0001269 seconds
[2020-01-13T13:35:54.054+0000][1][safepoint    ] Entering safepoint region: Cleanup
[2020-01-13T13:35:54.055+0000][1][safepoint    ] Leaving safepoint region
[2020-01-13T13:35:54.055+0000][1][safepoint    ] Total time for which application threads were stopped: 0.0002915 seconds, Stopping threads took: 0.0001845 seconds
[2020-01-13T13:35:55.055+0000][1][safepoint    ] Application time: 1.0002074 seconds
[2020-01-13T13:35:55.056+0000][1][safepoint    ] Entering safepoint region: Cleanup
[2020-01-13T13:35:55.056+0000][1][safepoint    ] Leaving safepoint region
[2020-01-13T13:35:55.056+0000][1][safepoint    ] Total time for which application threads were stopped: 0.0001277 seconds, Stopping threads took: 0.0000508 seconds
[2020-01-13T13:35:56.056+0000][1][safepoint    ] Application time: 1.0001408 seconds
[2020-01-13T13:35:56.056+0000][1][safepoint    ] Entering safepoint region: Cleanup
[2020-01-13T13:35:56.056+0000][1][safepoint    ] Leaving safepoint region
[2020-01-13T13:35:56.056+0000][1][safepoint    ] Total time for which application threads were stopped: 0.0001218 seconds, Stopping threads took: 0.0000340 seconds
[2020-01-13T13:35:57.056+0000][1][safepoint    ] Application time: 1.0001858 seconds
[2020-01-13T13:35:57.056+0000][1][safepoint    ] Entering safepoint region: Cleanup
[2020-01-13T13:35:57.057+0000][1][safepoint    ] Leaving safepoint region
[2020-01-13T13:35:57.057+0000][1][safepoint    ] Total time for which application threads were stopped: 0.0001185 seconds, Stopping threads took: 0.0000289 seconds
[2020-01-13T13:35:58.057+0000][1][safepoint    ] Application time: 1.0001318 seconds
[2020-01-13T13:35:58.057+0000][1][safepoint    ] Entering safepoint region: Cleanup
[2020-01-13T13:35:58.057+0000][1][safepoint    ] Leaving safepoint region
[2020-01-13T13:35:58.057+0000][1][safepoint    ] Total time for which application threads were stopped: 0.0001130 seconds, Stopping threads took: 0.0000423 seconds
[2020-01-13T13:35:59.057+0000][1][safepoint    ] Application time: 1.0002912 seconds
[2020-01-13T13:35:59.058+0000][1][safepoint    ] Entering safepoint region: Cleanup
[2020-01-13T13:35:59.058+0000][1][safepoint    ] Leaving safepoint region
[2020-01-13T13:35:59.058+0000][1][safepoint    ] Total time for which application threads were stopped: 0.0001495 seconds, Stopping threads took: 0.0000514 seconds
[2020-01-13T13:36:00.058+0000][1][safepoint    ] Application time: 1.0001405 seconds
[2020-01-13T13:36:00.059+0000][1][safepoint    ] Entering safepoint region: Cleanup
[2020-01-13T13:36:00.059+0000][1][safepoint    ] Leaving safepoint region
[2020-01-13T13:36:00.059+0000][1][safepoint    ] Total time for which application threads were stopped: 0.0001307 seconds, Stopping threads took: 0.0000507 seconds
[2020-01-13T13:36:01.059+0000][1][safepoint    ] Application time: 1.0001382 seconds
[2020-01-13T13:36:01.059+0000][1][safepoint    ] Entering safepoint region: Cleanup
[2020-01-13T13:36:01.059+0000][1][safepoint    ] Leaving safepoint region
[2020-01-13T13:36:01.059+0000][1][safepoint    ] Total time for which application threads were stopped: 0.0001093 seconds, Stopping threads took: 0.0000284 seconds
[2020-01-13T13:36:02.059+0000][1][safepoint    ] Application time: 1.0002853 seconds
[2020-01-13T13:36:02.059+0000][1][safepoint    ] Entering safepoint region: Cleanup
[2020-01-13T13:36:02.059+0000][1][safepoint    ] Leaving safepoint region
[2020-01-13T13:36:02.059+0000][1][safepoint    ] Total time for which application threads were stopped: 0.0001160 seconds, Stopping threads took: 0.0000274 seconds
[2020-01-13T13:36:03.060+0000][1][safepoint    ] Application time: 1.0001597 seconds
[2020-01-13T13:36:03.060+0000][1][safepoint    ] Entering safepoint region: Cleanup
[2020-01-13T13:36:03.060+0000][1][safepoint    ] Leaving safepoint region
[2020-01-13T13:36:03.060+0000][1][safepoint    ] Total time for which application threads were stopped: 0.0002274 seconds, Stopping threads took: 0.0000267 seconds
[2020-01-13T13:36:04.064+0000][1][safepoint    ] Application time: 1.0043529 seconds
[2020-01-13T13:36:04.065+0000][1][safepoint    ] Entering safepoint region: Cleanup
[2020-01-13T13:36:04.065+0000][1][safepoint    ] Leaving safepoint region
[2020-01-13T13:36:04.065+0000][1][safepoint    ] Total time for which application threads were stopped: 0.0002807 seconds, Stopping threads took: 0.0002233 seconds
[2020-01-13T13:36:05.065+0000][1][safepoint    ] Application time: 1.0001368 seconds
[2020-01-13T13:36:05.065+0000][1][safepoint    ] Entering safepoint region: Cleanup
[2020-01-13T13:36:05.065+0000][1][safepoint    ] Leaving safepoint region
[2020-01-13T13:36:05.065+0000][1][safepoint    ] Total time for which application threads were stopped: 0.0001251 seconds, Stopping threads took: 0.0000278 seconds
[2020-01-13T13:36:08.065+0000][1][safepoint    ] Application time: 3.0003392 seconds
[2020-01-13T13:36:08.065+0000][1][safepoint    ] Entering safepoint region: Cleanup
[2020-01-13T13:36:08.066+0000][1][safepoint    ] Leaving safepoint region
[2020-01-13T13:36:08.066+0000][1][safepoint    ] Total time for which application threads were stopped: 0.0001333 seconds, Stopping threads took: 0.0000436 seconds
[2020-01-13T13:36:23.059+0000][1][safepoint    ] Application time: 14.9936306 seconds
[2020-01-13T13:36:23.061+0000][1][safepoint    ] Entering safepoint region: GenCollectForAllocation
[2020-01-13T13:36:23.061+0000][1][gc,start     ] GC(58) Pause Young (Allocation Failure)
[2020-01-13T13:36:23.061+0000][1][gc,task      ] GC(58) Using 1 workers of 1 for evacuation
[2020-01-13T13:36:23.067+0000][1][gc,age       ] GC(58) Desired survivor size 4358144 bytes, new threshold 6 (max threshold 6)
[2020-01-13T13:36:23.067+0000][1][gc,age       ] GC(58) Age table with threshold 6 (max threshold 6)
[2020-01-13T13:36:23.067+0000][1][gc,age       ] GC(58) - age   1:     619760 bytes,     619760 total
[2020-01-13T13:36:23.067+0000][1][gc,age       ] GC(58) - age   2:       5944 bytes,     625704 total
[2020-01-13T13:36:23.067+0000][1][gc,age       ] GC(58) - age   3:       6656 bytes,     632360 total
[2020-01-13T13:36:23.067+0000][1][gc,age       ] GC(58) - age   4:       2712 bytes,     635072 total
[2020-01-13T13:36:23.067+0000][1][gc,age       ] GC(58) - age   5:       2368 bytes,     637440 total
[2020-01-13T13:36:23.067+0000][1][gc,age       ] GC(58) - age   6:       3024 bytes,     640464 total
[2020-01-13T13:36:23.067+0000][1][gc,heap      ] GC(58) ParNew: 68777K->956K(76672K)
[2020-01-13T13:36:23.067+0000][1][gc,heap      ] GC(58) CMS: 67738K->67741K(176960K)
[2020-01-13T13:36:23.067+0000][1][gc,metaspace ] GC(58) Metaspace: 66284K->66284K(1110016K)
[2020-01-13T13:36:23.067+0000][1][gc           ] GC(58) Pause Young (Allocation Failure) 133M->67M(247M) 5.735ms
[2020-01-13T13:36:23.067+0000][1][gc,cpu       ] GC(58) User=0.01s Sys=0.00s Real=0.00s
[2020-01-13T13:36:23.067+0000][1][safepoint    ] Leaving safepoint region
[2020-01-13T13:36:23.067+0000][1][safepoint    ] Total time for which application threads were stopped: 0.0080018 seconds, Stopping threads took: 0.0020413 seconds
[2020-01-13T13:37:00.073+0000][1][safepoint    ] Application time: 37.0059815 seconds
[2020-01-13T13:37:00.073+0000][1][safepoint    ] Entering safepoint region: GenCollectForAllocation
[2020-01-13T13:37:00.073+0000][1][gc,start     ] GC(59) Pause Young (Allocation Failure)
[2020-01-13T13:37:00.074+0000][1][gc,task      ] GC(59) Using 1 workers of 1 for evacuation
[2020-01-13T13:37:00.079+0000][1][gc,age       ] GC(59) Desired survivor size 4358144 bytes, new threshold 6 (max threshold 6)
[2020-01-13T13:37:00.079+0000][1][gc,age       ] GC(59) Age table with threshold 6 (max threshold 6)
[2020-01-13T13:37:00.079+0000][1][gc,age       ] GC(59) - age   1:     703392 bytes,     703392 total
[2020-01-13T13:37:00.079+0000][1][gc,age       ] GC(59) - age   2:       2496 bytes,     705888 total
[2020-01-13T13:37:00.079+0000][1][gc,age       ] GC(59) - age   3:       5944 bytes,     711832 total
[2020-01-13T13:37:00.079+0000][1][gc,age       ] GC(59) - age   4:       6656 bytes,     718488 total
[2020-01-13T13:37:00.079+0000][1][gc,age       ] GC(59) - age   5:       2712 bytes,     721200 total
[2020-01-13T13:37:00.079+0000][1][gc,age       ] GC(59) - age   6:       2368 bytes,     723568 total
[2020-01-13T13:37:00.079+0000][1][gc,heap      ] GC(59) ParNew: 69116K->1177K(76672K)
[2020-01-13T13:37:00.079+0000][1][gc,heap      ] GC(59) CMS: 67741K->67744K(176960K)
[2020-01-13T13:37:00.079+0000][1][gc,metaspace ] GC(59) Metaspace: 66289K->66289K(1110016K)
[2020-01-13T13:37:00.079+0000][1][gc           ] GC(59) Pause Young (Allocation Failure) 133M->67M(247M) 5.836ms
[2020-01-13T13:37:00.079+0000][1][gc,cpu       ] GC(59) User=0.00s Sys=0.00s Real=0.01s
[2020-01-13T13:37:00.079+0000][1][safepoint    ] Leaving safepoint region
[2020-01-13T13:37:00.079+0000][1][safepoint    ] Total time for which application threads were stopped: 0.0060660 seconds, Stopping threads took: 0.0000309 seconds
[2020-01-13T13:37:01.081+0000][1][safepoint    ] Application time: 1.0018104 seconds
[2020-01-13T13:37:01.081+0000][1][safepoint    ] Entering safepoint region: Cleanup
[2020-01-13T13:37:01.081+0000][1][safepoint    ] Leaving safepoint region
[2020-01-13T13:37:01.081+0000][1][safepoint    ] Total time for which application threads were stopped: 0.0001121 seconds, Stopping threads took: 0.0000386 seconds
[2020-01-13T13:37:03.082+0000][1][safepoint    ] Application time: 2.0002806 seconds
[2020-01-13T13:37:03.082+0000][1][safepoint    ] Entering safepoint region: Cleanup
[2020-01-13T13:37:03.082+0000][1][safepoint    ] Leaving safepoint region
[2020-01-13T13:37:03.082+0000][1][safepoint    ] Total time for which application threads were stopped: 0.0000964 seconds, Stopping threads took: 0.0000223 seconds
[2020-01-13T13:37:03.148+0000][1][safepoint    ] Application time: 0.0659583 seconds
[2020-01-13T13:37:03.148+0000][1][safepoint    ] Entering safepoint region: RevokeBias
[2020-01-13T13:37:03.148+0000][1][safepoint    ] Leaving safepoint region
[2020-01-13T13:37:03.148+0000][1][safepoint    ] Total time for which application threads were stopped: 0.0000853 seconds, Stopping threads took: 0.0000218 seconds
[2020-01-13T13:37:03.148+0000][1][safepoint    ] Application time: 0.0001679 seconds
[2020-01-13T13:37:03.148+0000][1][safepoint    ] Entering safepoint region: RevokeBias
[2020-01-13T13:37:03.148+0000][1][safepoint    ] Leaving safepoint region
[2020-01-13T13:37:03.148+0000][1][safepoint    ] Total time for which application threads were stopped: 0.0000469 seconds, Stopping threads took: 0.0000162 seconds
[2020-01-13T13:37:03.149+0000][1][safepoint    ] Application time: 0.0012266 seconds
[2020-01-13T13:37:03.151+0000][1][safepoint    ] Entering safepoint region: RevokeBias
[2020-01-13T13:37:03.151+0000][1][safepoint    ] Leaving safepoint region
[2020-01-13T13:37:03.151+0000][1][safepoint    ] Total time for which application threads were stopped: 0.0020866 seconds, Stopping threads took: 0.0020204 seconds
[2020-01-13T13:37:03.152+0000][1][safepoint    ] Application time: 0.0003834 seconds
[2020-01-13T13:37:03.152+0000][1][safepoint    ] Entering safepoint region: RevokeBias
[2020-01-13T13:37:03.152+0000][1][safepoint    ] Leaving safepoint region
[2020-01-13T13:37:03.152+0000][1][safepoint    ] Total time for which application threads were stopped: 0.0000629 seconds, Stopping threads took: 0.0000160 seconds
[2020-01-13T13:37:03.154+0000][1][safepoint    ] Application time: 0.0023478 seconds
[2020-01-13T13:37:03.154+0000][1][safepoint    ] Entering safepoint region: RevokeBias
[2020-01-13T13:37:03.154+0000][1][safepoint    ] Leaving safepoint region
[2020-01-13T13:37:03.154+0000][1][safepoint    ] Total time for which application threads were stopped: 0.0000809 seconds, Stopping threads took: 0.0000286 seconds
[2020-01-13T13:37:03.155+0000][1][safepoint    ] Application time: 0.0006350 seconds
[2020-01-13T13:37:03.156+0000][1][safepoint    ] Entering safepoint region: RevokeBias
[2020-01-13T13:37:03.156+0000][1][safepoint    ] Leaving safepoint region
[2020-01-13T13:37:03.156+0000][1][safepoint    ] Total time for which application threads were stopped: 0.0006802 seconds, Stopping threads took: 0.0006183 seconds
[2020-01-13T13:37:03.157+0000][1][safepoint    ] Application time: 0.0008259 seconds
[2020-01-13T13:37:03.157+0000][1][safepoint    ] Entering safepoint region: RevokeBias
[2020-01-13T13:37:03.157+0000][1][safepoint    ] Leaving safepoint region
[2020-01-13T13:37:03.157+0000][1][safepoint    ] Total time for which application threads were stopped: 0.0002207 seconds, Stopping threads took: 0.0001865 seconds
[2020-01-13T13:37:03.159+0000][1][safepoint    ] Application time: 0.0022991 seconds
[2020-01-13T13:37:03.161+0000][1][safepoint    ] Entering safepoint region: RevokeBias
[2020-01-13T13:37:03.161+0000][1][safepoint    ] Leaving safepoint region
[2020-01-13T13:37:03.161+0000][1][safepoint    ] Total time for which application threads were stopped: 0.0021508 seconds, Stopping threads took: 0.0020658 seconds
[2020-01-13T13:37:03.162+0000][1][safepoint    ] Application time: 0.0003041 seconds
[2020-01-13T13:37:03.162+0000][1][safepoint    ] Entering safepoint region: RevokeBias
[2020-01-13T13:37:03.162+0000][1][safepoint    ] Leaving safepoint region
[2020-01-13T13:37:03.162+0000][1][safepoint    ] Total time for which application threads were stopped: 0.0000672 seconds, Stopping threads took: 0.0000138 seconds
[2020-01-13T13:37:03.164+0000][1][safepoint    ] Application time: 0.0017736 seconds
[2020-01-13T13:37:03.164+0000][1][safepoint    ] Entering safepoint region: RevokeBias
[2020-01-13T13:37:03.164+0000][1][safepoint    ] Leaving safepoint region
[2020-01-13T13:37:03.164+0000][1][safepoint    ] Total time for which application threads were stopped: 0.0001304 seconds, Stopping threads took: 0.0000614 seconds
[2020-01-13T13:37:03.166+0000][1][safepoint    ] Application time: 0.0026679 seconds
[2020-01-13T13:37:03.166+0000][1][safepoint    ] Entering safepoint region: RevokeBias
[2020-01-13T13:37:03.166+0000][1][safepoint    ] Leaving safepoint region
[2020-01-13T13:37:03.166+0000][1][safepoint    ] Total time for which application threads were stopped: 0.0000905 seconds, Stopping threads took: 0.0000326 seconds
[2020-01-13T13:37:03.193+0000][1][safepoint    ] Application time: 0.0266756 seconds
[2020-01-13T13:37:03.193+0000][1][safepoint    ] Entering safepoint region: RevokeBias
[2020-01-13T13:37:03.193+0000][1][safepoint    ] Leaving safepoint region
[2020-01-13T13:37:03.193+0000][1][safepoint    ] Total time for which application threads were stopped: 0.0001225 seconds, Stopping threads took: 0.0000160 seconds
[2020-01-13T13:37:03.194+0000][1][safepoint    ] Application time: 0.0005303 seconds
[2020-01-13T13:37:03.194+0000][1][safepoint    ] Entering safepoint region: RevokeBias
[2020-01-13T13:37:03.194+0000][1][safepoint    ] Leaving safepoint region
[2020-01-13T13:37:03.194+0000][1][safepoint    ] Total time for which application threads were stopped: 0.0000510 seconds, Stopping threads took: 0.0000114 seconds
[2020-01-13T13:37:03.194+0000][1][safepoint    ] Application time: 0.0000334 seconds
[2020-01-13T13:37:03.194+0000][1][safepoint    ] Entering safepoint region: RevokeBias
[2020-01-13T13:37:03.194+0000][1][safepoint    ] Leaving safepoint region
[2020-01-13T13:37:03.194+0000][1][safepoint    ] Total time for which application threads were stopped: 0.0000369 seconds, Stopping threads took: 0.0000214 seconds
[2020-01-13T13:37:03.199+0000][1][safepoint    ] Application time: 0.0051860 seconds
[2020-01-13T13:37:03.199+0000][1][safepoint    ] Entering safepoint region: RevokeBias
[2020-01-13T13:37:03.199+0000][1][safepoint    ] Leaving safepoint region
[2020-01-13T13:37:03.199+0000][1][safepoint    ] Total time for which application threads were stopped: 0.0001061 seconds, Stopping threads took: 0.0000324 seconds
[2020-01-13T13:37:03.207+0000][1][safepoint    ] Application time: 0.0079136 seconds
[2020-01-13T13:37:03.209+0000][1][safepoint    ] Entering safepoint region: RevokeBias
[2020-01-13T13:37:03.209+0000][1][safepoint    ] Leaving safepoint region
[2020-01-13T13:37:03.209+0000][1][safepoint    ] Total time for which application threads were stopped: 0.0017396 seconds, Stopping threads took: 0.0016095 seconds
[2020-01-13T13:37:03.214+0000][1][safepoint    ] Application time: 0.0048624 seconds
[2020-01-13T13:37:03.214+0000][1][safepoint    ] Entering safepoint region: RevokeBias
[2020-01-13T13:37:03.214+0000][1][safepoint    ] Leaving safepoint region
[2020-01-13T13:37:03.214+0000][1][safepoint    ] Total time for which application threads were stopped: 0.0001095 seconds, Stopping threads took: 0.0000533 seconds
[2020-01-13T13:37:03.225+0000][1][safepoint    ] Application time: 0.0111082 seconds
[2020-01-13T13:37:03.225+0000][1][safepoint    ] Entering safepoint region: RevokeBias
[2020-01-13T13:37:03.225+0000][1][safepoint    ] Leaving safepoint region
[2020-01-13T13:37:03.225+0000][1][safepoint    ] Total time for which application threads were stopped: 0.0001699 seconds, Stopping threads took: 0.0000999 seconds
[2020-01-13T13:37:03.226+0000][1][safepoint    ] Application time: 0.0010385 seconds
[2020-01-13T13:37:03.227+0000][1][safepoint    ] Entering safepoint region: RevokeBias
[2020-01-13T13:37:03.227+0000][1][safepoint    ] Leaving safepoint region
[2020-01-13T13:37:03.227+0000][1][safepoint    ] Total time for which application threads were stopped: 0.0000547 seconds, Stopping threads took: 0.0000111 seconds
[2020-01-13T13:37:03.232+0000][1][safepoint    ] Application time: 0.0053520 seconds
[2020-01-13T13:37:03.232+0000][1][safepoint    ] Entering safepoint region: RevokeBias
[2020-01-13T13:37:03.232+0000][1][safepoint    ] Leaving safepoint region
[2020-01-13T13:37:03.232+0000][1][safepoint    ] Total time for which application threads were stopped: 0.0002528 seconds, Stopping threads took: 0.0002021 seconds
[2020-01-13T13:37:03.232+0000][1][safepoint    ] Application time: 0.0000492 seconds
[2020-01-13T13:37:03.232+0000][1][safepoint    ] Entering safepoint region: RevokeBias
[2020-01-13T13:37:03.232+0000][1][safepoint    ] Leaving safepoint region
[2020-01-13T13:37:03.232+0000][1][safepoint    ] Total time for which application threads were stopped: 0.0000207 seconds, Stopping threads took: 0.0000063 seconds
[2020-01-13T13:37:03.232+0000][1][safepoint    ] Application time: 0.0000243 seconds
[2020-01-13T13:37:03.232+0000][1][safepoint    ] Entering safepoint region: RevokeBias
[2020-01-13T13:37:03.232+0000][1][safepoint    ] Leaving safepoint region
[2020-01-13T13:37:03.232+0000][1][safepoint    ] Total time for which application threads were stopped: 0.0000200 seconds, Stopping threads took: 0.0000057 seconds
[2020-01-13T13:37:03.254+0000][1][safepoint    ] Application time: 0.0211671 seconds
[2020-01-13T13:37:03.254+0000][1][safepoint    ] Entering safepoint region: RevokeBias
[2020-01-13T13:37:03.254+0000][1][safepoint    ] Leaving safepoint region
[2020-01-13T13:37:03.254+0000][1][safepoint    ] Total time for which application threads were stopped: 0.0001299 seconds, Stopping threads took: 0.0000368 seconds
[2020-01-13T13:37:03.254+0000][1][safepoint    ] Application time: 0.0000703 seconds
[2020-01-13T13:37:03.254+0000][1][safepoint    ] Entering safepoint region: RevokeBias
[2020-01-13T13:37:03.254+0000][1][safepoint    ] Leaving safepoint region
[2020-01-13T13:37:03.254+0000][1][safepoint    ] Total time for which application threads were stopped: 0.0000340 seconds, Stopping threads took: 0.0000132 seconds
[2020-01-13T13:37:03.254+0000][1][safepoint    ] Application time: 0.0000290 seconds
[2020-01-13T13:37:03.254+0000][1][safepoint    ] Entering safepoint region: RevokeBias
[2020-01-13T13:37:03.254+0000][1][safepoint    ] Leaving safepoint region
[2020-01-13T13:37:03.254+0000][1][safepoint    ] Total time for which application threads were stopped: 0.0000394 seconds, Stopping threads took: 0.0000124 seconds
[2020-01-13T13:37:03.258+0000][1][safepoint    ] Application time: 0.0040166 seconds
[2020-01-13T13:37:03.258+0000][1][safepoint    ] Entering safepoint region: RevokeBias
[2020-01-13T13:37:03.258+0000][1][safepoint    ] Leaving safepoint region
[2020-01-13T13:37:03.258+0000][1][safepoint    ] Total time for which application threads were stopped: 0.0001067 seconds, Stopping threads took: 0.0000243 seconds
[2020-01-13T13:37:03.259+0000][1][safepoint    ] Application time: 0.0008447 seconds
[2020-01-13T13:37:03.259+0000][1][safepoint    ] Entering safepoint region: RevokeBias
[2020-01-13T13:37:03.259+0000][1][safepoint    ] Leaving safepoint region
[2020-01-13T13:37:03.259+0000][1][safepoint    ] Total time for which application threads were stopped: 0.0000533 seconds, Stopping threads took: 0.0000185 seconds
[2020-01-13T13:37:03.260+0000][1][safepoint    ] Application time: 0.0006951 seconds
[2020-01-13T13:37:03.260+0000][1][safepoint    ] Entering safepoint region: RevokeBias
[2020-01-13T13:37:03.260+0000][1][safepoint    ] Leaving safepoint region
[2020-01-13T13:37:03.260+0000][1][safepoint    ] Total time for which application threads were stopped: 0.0000691 seconds, Stopping threads took: 0.0000260 seconds
[2020-01-13T13:37:03.260+0000][1][safepoint    ] Application time: 0.0002355 seconds
[2020-01-13T13:37:03.260+0000][1][safepoint    ] Entering safepoint region: RevokeBias
[2020-01-13T13:37:03.260+0000][1][safepoint    ] Leaving safepoint region
[2020-01-13T13:37:03.260+0000][1][safepoint    ] Total time for which application threads were stopped: 0.0000337 seconds, Stopping threads took: 0.0000147 seconds
[2020-01-13T13:37:03.261+0000][1][safepoint    ] Application time: 0.0013468 seconds
[2020-01-13T13:37:03.261+0000][1][safepoint    ] Entering safepoint region: RevokeBias
[2020-01-13T13:37:03.262+0000][1][safepoint    ] Leaving safepoint region
[2020-01-13T13:37:03.262+0000][1][safepoint    ] Total time for which application threads were stopped: 0.0000430 seconds, Stopping threads took: 0.0000155 seconds
[2020-01-13T13:37:03.264+0000][1][safepoint    ] Application time: 0.0027092 seconds
[2020-01-13T13:37:03.264+0000][1][safepoint    ] Entering safepoint region: RevokeBias
[2020-01-13T13:37:03.264+0000][1][safepoint    ] Leaving safepoint region
[2020-01-13T13:37:03.264+0000][1][safepoint    ] Total time for which application threads were stopped: 0.0000417 seconds, Stopping threads took: 0.0000174 seconds
[2020-01-13T13:37:03.264+0000][1][safepoint    ] Application time: 0.0001400 seconds
[2020-01-13T13:37:03.264+0000][1][safepoint    ] Entering safepoint region: RevokeBias
[2020-01-13T13:37:03.264+0000][1][safepoint    ] Leaving safepoint region
[2020-01-13T13:37:03.264+0000][1][safepoint    ] Total time for which application threads were stopped: 0.0000262 seconds, Stopping threads took: 0.0000131 seconds
[2020-01-13T13:37:03.265+0000][1][safepoint    ] Application time: 0.0000875 seconds
[2020-01-13T13:37:03.265+0000][1][safepoint    ] Entering safepoint region: RevokeBias
[2020-01-13T13:37:03.265+0000][1][safepoint    ] Leaving safepoint region
[2020-01-13T13:37:03.265+0000][1][safepoint    ] Total time for which application threads were stopped: 0.0000275 seconds, Stopping threads took: 0.0000124 seconds
[2020-01-13T13:37:03.265+0000][1][safepoint    ] Application time: 0.0001003 seconds
[2020-01-13T13:37:03.265+0000][1][safepoint    ] Entering safepoint region: RevokeBias
[2020-01-13T13:37:03.265+0000][1][safepoint    ] Leaving safepoint region
[2020-01-13T13:37:03.265+0000][1][safepoint    ] Total time for which application threads were stopped: 0.0000237 seconds, Stopping threads took: 0.0000126 seconds
[2020-01-13T13:37:03.268+0000][1][safepoint    ] Application time: 0.0036874 seconds
[2020-01-13T13:37:03.268+0000][1][safepoint    ] Entering safepoint region: RevokeBias
[2020-01-13T13:37:03.269+0000][1][safepoint    ] Leaving safepoint region
[2020-01-13T13:37:03.269+0000][1][safepoint    ] Total time for which application threads were stopped: 0.0000687 seconds, Stopping threads took: 0.0000167 seconds
[2020-01-13T13:37:03.269+0000][1][safepoint    ] Application time: 0.0002449 seconds
[2020-01-13T13:37:03.269+0000][1][safepoint    ] Entering safepoint region: RevokeBias
[2020-01-13T13:37:03.269+0000][1][safepoint    ] Leaving safepoint region
[2020-01-13T13:37:03.269+0000][1][safepoint    ] Total time for which application threads were stopped: 0.0001458 seconds, Stopping threads took: 0.0001226 seconds
[2020-01-13T13:37:03.281+0000][1][gc,heap,exit ] Heap
[2020-01-13T13:37:03.281+0000][1][gc,heap,exit ]  par new generation   total 76672K, used 12711K [0x00000000f0000000, 0x00000000f5330000, 0x00000000f5330000)
[2020-01-13T13:37:03.281+0000][1][gc,heap,exit ]   eden space 68160K,  16% used [0x00000000f0000000, 0x00000000f0b43780, 0x00000000f4290000)
[2020-01-13T13:37:03.281+0000][1][gc,heap,exit ]   from space 8512K,  13% used [0x00000000f4290000, 0x00000000f43b64c0, 0x00000000f4ae0000)
[2020-01-13T13:37:03.281+0000][1][gc,heap,exit ]   to   space 8512K,   0% used [0x00000000f4ae0000, 0x00000000f4ae0000, 0x00000000f5330000)
[2020-01-13T13:37:03.281+0000][1][gc,heap,exit ]  concurrent mark-sweep generation total 176960K, used 67744K [0x00000000f5330000, 0x0000000100000000, 0x0000000100000000)
[2020-01-13T13:37:03.281+0000][1][gc,heap,exit ]  Metaspace       used 66434K, capacity 71316K, committed 71396K, reserved 1110016K
[2020-01-13T13:37:03.281+0000][1][gc,heap,exit ]   class space    used 8816K, capacity 10848K, committed 10900K, reserved 1048576K
[2020-01-13T13:37:03.281+0000][1][safepoint    ] Application time: 0.0123224 seconds
[2020-01-13T13:37:03.281+0000][1][safepoint    ] Entering safepoint region: Exit
