[2020-01-13T13:38:59.329+0000][1][gc] Using Concurrent Mark Sweep
[2020-01-13T13:38:59.329+0000][1][gc,heap,coops] Heap address: 0x00000000f0000000, size: 256 MB, Compressed Oops mode: 32-bit
[2020-01-13T13:38:59.411+0000][1][safepoint    ] Entering safepoint region: EnableBiasedLocking
[2020-01-13T13:38:59.411+0000][1][safepoint    ] Leaving safepoint region
[2020-01-13T13:38:59.411+0000][1][safepoint    ] Total time for which application threads were stopped: 0.0021672 seconds, Stopping threads took: 0.0020726 seconds
[2020-01-13T13:38:59.421+0000][1][safepoint    ] Application time: 0.0093840 seconds
[2020-01-13T13:38:59.421+0000][1][safepoint    ] Entering safepoint region: RevokeBias
[2020-01-13T13:38:59.421+0000][1][safepoint    ] Leaving safepoint region
[2020-01-13T13:38:59.421+0000][1][safepoint    ] Total time for which application threads were stopped: 0.0001097 seconds, Stopping threads took: 0.0000292 seconds
[2020-01-13T13:38:59.450+0000][1][safepoint    ] Application time: 0.0286690 seconds
[2020-01-13T13:38:59.450+0000][1][safepoint    ] Entering safepoint region: Deoptimize
[2020-01-13T13:38:59.450+0000][1][safepoint    ] Leaving safepoint region
[2020-01-13T13:38:59.450+0000][1][safepoint    ] Total time for which application threads were stopped: 0.0000778 seconds, Stopping threads took: 0.0000219 seconds
[2020-01-13T13:38:59.675+0000][1][safepoint    ] Application time: 0.2253568 seconds
[2020-01-13T13:38:59.675+0000][1][safepoint    ] Entering safepoint region: Deoptimize
[2020-01-13T13:38:59.675+0000][1][safepoint    ] Leaving safepoint region
[2020-01-13T13:38:59.675+0000][1][safepoint    ] Total time for which application threads were stopped: 0.0001850 seconds, Stopping threads took: 0.0000736 seconds
[2020-01-13T13:39:00.287+0000][1][safepoint    ] Application time: 0.6115841 seconds
[2020-01-13T13:39:00.287+0000][1][safepoint    ] Entering safepoint region: Deoptimize
[2020-01-13T13:39:00.287+0000][1][safepoint    ] Leaving safepoint region
[2020-01-13T13:39:00.287+0000][1][safepoint    ] Total time for which application threads were stopped: 0.0003325 seconds, Stopping threads took: 0.0000301 seconds
[2020-01-13T13:39:00.360+0000][1][safepoint    ] Application time: 0.0726640 seconds
[2020-01-13T13:39:00.360+0000][1][safepoint    ] Entering safepoint region: Deoptimize
[2020-01-13T13:39:00.360+0000][1][safepoint    ] Leaving safepoint region
[2020-01-13T13:39:00.360+0000][1][safepoint    ] Total time for which application threads were stopped: 0.0002043 seconds, Stopping threads took: 0.0000213 seconds
[2020-01-13T13:39:00.413+0000][1][safepoint    ] Application time: 0.0524956 seconds
[2020-01-13T13:39:00.413+0000][1][safepoint    ] Entering safepoint region: Deoptimize
[2020-01-13T13:39:00.413+0000][1][safepoint    ] Leaving safepoint region
[2020-01-13T13:39:00.413+0000][1][safepoint    ] Total time for which application threads were stopped: 0.0004547 seconds, Stopping threads took: 0.0001566 seconds
[2020-01-13T13:39:00.450+0000][1][safepoint    ] Application time: 0.0366451 seconds
[2020-01-13T13:39:00.450+0000][1][safepoint    ] Entering safepoint region: Deoptimize
[2020-01-13T13:39:00.450+0000][1][safepoint    ] Leaving safepoint region
[2020-01-13T13:39:00.450+0000][1][safepoint    ] Total time for which application threads were stopped: 0.0003001 seconds, Stopping threads took: 0.0000514 seconds
[2020-01-13T13:39:01.375+0000][1][safepoint    ] Application time: 0.9246297 seconds
[2020-01-13T13:39:01.375+0000][1][safepoint    ] Entering safepoint region: Deoptimize
[2020-01-13T13:39:01.375+0000][1][safepoint    ] Leaving safepoint region
[2020-01-13T13:39:01.375+0000][1][safepoint    ] Total time for which application threads were stopped: 0.0003631 seconds, Stopping threads took: 0.0000360 seconds
[2020-01-13T13:39:02.009+0000][1][safepoint    ] Application time: 0.6332172 seconds
[2020-01-13T13:39:02.009+0000][1][safepoint    ] Entering safepoint region: Deoptimize
[2020-01-13T13:39:02.009+0000][1][safepoint    ] Leaving safepoint region
[2020-01-13T13:39:02.009+0000][1][safepoint    ] Total time for which application threads were stopped: 0.0004909 seconds, Stopping threads took: 0.0000687 seconds
[2020-01-13T13:39:02.251+0000][1][safepoint    ] Application time: 0.2422087 seconds
[2020-01-13T13:39:02.251+0000][1][safepoint    ] Entering safepoint region: Deoptimize
[2020-01-13T13:39:02.252+0000][1][safepoint    ] Leaving safepoint region
[2020-01-13T13:39:02.252+0000][1][safepoint    ] Total time for which application threads were stopped: 0.0003881 seconds, Stopping threads took: 0.0000210 seconds
[2020-01-13T13:39:02.253+0000][1][safepoint    ] Application time: 0.0016692 seconds
[2020-01-13T13:39:02.255+0000][1][safepoint    ] Entering safepoint region: Deoptimize
[2020-01-13T13:39:02.255+0000][1][safepoint    ] Leaving safepoint region
[2020-01-13T13:39:02.255+0000][1][safepoint    ] Total time for which application threads were stopped: 0.0014809 seconds, Stopping threads took: 0.0011900 seconds
[2020-01-13T13:39:02.321+0000][1][safepoint    ] Application time: 0.0657230 seconds
[2020-01-13T13:39:02.321+0000][1][safepoint    ] Entering safepoint region: Deoptimize
[2020-01-13T13:39:02.321+0000][1][safepoint    ] Leaving safepoint region
[2020-01-13T13:39:02.321+0000][1][safepoint    ] Total time for which application threads were stopped: 0.0003485 seconds, Stopping threads took: 0.0000212 seconds
[2020-01-13T13:39:02.340+0000][1][safepoint    ] Application time: 0.0184402 seconds
[2020-01-13T13:39:02.340+0000][1][safepoint    ] Entering safepoint region: Deoptimize
[2020-01-13T13:39:02.340+0000][1][safepoint    ] Leaving safepoint region
[2020-01-13T13:39:02.340+0000][1][safepoint    ] Total time for which application threads were stopped: 0.0003696 seconds, Stopping threads took: 0.0000203 seconds
[2020-01-13T13:39:02.363+0000][1][safepoint    ] Application time: 0.0229943 seconds
[2020-01-13T13:39:02.363+0000][1][safepoint    ] Entering safepoint region: RevokeBias
[2020-01-13T13:39:02.363+0000][1][safepoint    ] Leaving safepoint region
[2020-01-13T13:39:02.363+0000][1][safepoint    ] Total time for which application threads were stopped: 0.0000933 seconds, Stopping threads took: 0.0000490 seconds
[2020-01-13T13:39:02.367+0000][1][safepoint    ] Application time: 0.0042668 seconds
[2020-01-13T13:39:02.368+0000][1][safepoint    ] Entering safepoint region: RevokeBias
[2020-01-13T13:39:02.368+0000][1][safepoint    ] Leaving safepoint region
[2020-01-13T13:39:02.368+0000][1][safepoint    ] Total time for which application threads were stopped: 0.0002747 seconds, Stopping threads took: 0.0001877 seconds
[2020-01-13T13:39:02.368+0000][1][safepoint    ] Application time: 0.0000615 seconds
[2020-01-13T13:39:02.368+0000][1][safepoint    ] Entering safepoint region: RevokeBias
[2020-01-13T13:39:02.368+0000][1][safepoint    ] Leaving safepoint region
[2020-01-13T13:39:02.368+0000][1][safepoint    ] Total time for which application threads were stopped: 0.0000398 seconds, Stopping threads took: 0.0000128 seconds
[2020-01-13T13:39:02.368+0000][1][safepoint    ] Application time: 0.0001271 seconds
[2020-01-13T13:39:02.368+0000][1][safepoint    ] Entering safepoint region: RevokeBias
[2020-01-13T13:39:02.368+0000][1][safepoint    ] Leaving safepoint region
[2020-01-13T13:39:02.368+0000][1][safepoint    ] Total time for which application threads were stopped: 0.0000391 seconds, Stopping threads took: 0.0000133 seconds
[2020-01-13T13:39:02.383+0000][1][safepoint    ] Application time: 0.0150770 seconds
[2020-01-13T13:39:02.383+0000][1][safepoint    ] Entering safepoint region: Deoptimize
[2020-01-13T13:39:02.383+0000][1][safepoint    ] Leaving safepoint region
[2020-01-13T13:39:02.383+0000][1][safepoint    ] Total time for which application threads were stopped: 0.0003764 seconds, Stopping threads took: 0.0000211 seconds
[2020-01-13T13:39:02.663+0000][1][safepoint    ] Application time: 0.2793984 seconds
[2020-01-13T13:39:02.663+0000][1][safepoint    ] Entering safepoint region: GenCollectForAllocation
[2020-01-13T13:39:02.663+0000][1][gc,start     ] GC(0) Pause Young (Allocation Failure)
[2020-01-13T13:39:02.663+0000][1][gc,task      ] GC(0) Using 1 workers of 1 for evacuation
[2020-01-13T13:39:02.690+0000][1][gc,age       ] GC(0) Desired survivor size 4358144 bytes, new threshold 1 (max threshold 6)
[2020-01-13T13:39:02.690+0000][1][gc,age       ] GC(0) Age table with threshold 1 (max threshold 6)
[2020-01-13T13:39:02.690+0000][1][gc,age       ] GC(0) - age   1:    6327464 bytes,    6327464 total
[2020-01-13T13:39:02.690+0000][1][gc,heap      ] GC(0) ParNew: 68160K->6208K(76672K)
[2020-01-13T13:39:02.690+0000][1][gc,heap      ] GC(0) CMS: 0K->0K(176960K)
[2020-01-13T13:39:02.690+0000][1][gc,metaspace ] GC(0) Metaspace: 12167K->12167K(1060864K)
[2020-01-13T13:39:02.690+0000][1][gc           ] GC(0) Pause Young (Allocation Failure) 66M->6M(247M) 27.139ms
[2020-01-13T13:39:02.690+0000][1][gc,cpu       ] GC(0) User=0.03s Sys=0.00s Real=0.03s
[2020-01-13T13:39:02.690+0000][1][safepoint    ] Leaving safepoint region
[2020-01-13T13:39:02.690+0000][1][safepoint    ] Total time for which application threads were stopped: 0.0273170 seconds, Stopping threads took: 0.0000240 seconds
[2020-01-13T13:39:02.700+0000][1][safepoint    ] Application time: 0.0100966 seconds
[2020-01-13T13:39:02.700+0000][1][safepoint    ] Entering safepoint region: RevokeBias
[2020-01-13T13:39:02.701+0000][1][safepoint    ] Leaving safepoint region
[2020-01-13T13:39:02.701+0000][1][safepoint    ] Total time for which application threads were stopped: 0.0001415 seconds, Stopping threads took: 0.0000747 seconds
[2020-01-13T13:39:02.701+0000][1][safepoint    ] Application time: 0.0000979 seconds
[2020-01-13T13:39:02.701+0000][1][safepoint    ] Entering safepoint region: RevokeBias
[2020-01-13T13:39:02.701+0000][1][safepoint    ] Leaving safepoint region
[2020-01-13T13:39:02.701+0000][1][safepoint    ] Total time for which application threads were stopped: 0.0000265 seconds, Stopping threads took: 0.0000058 seconds
[2020-01-13T13:39:02.701+0000][1][safepoint    ] Application time: 0.0000309 seconds
[2020-01-13T13:39:02.701+0000][1][safepoint    ] Entering safepoint region: RevokeBias
[2020-01-13T13:39:02.701+0000][1][safepoint    ] Leaving safepoint region
[2020-01-13T13:39:02.701+0000][1][safepoint    ] Total time for which application threads were stopped: 0.0000212 seconds, Stopping threads took: 0.0000050 seconds
[2020-01-13T13:39:02.701+0000][1][safepoint    ] Application time: 0.0000145 seconds
[2020-01-13T13:39:02.701+0000][1][safepoint    ] Entering safepoint region: RevokeBias
[2020-01-13T13:39:02.701+0000][1][safepoint    ] Leaving safepoint region
[2020-01-13T13:39:02.701+0000][1][safepoint    ] Total time for which application threads were stopped: 0.0000203 seconds, Stopping threads took: 0.0000049 seconds
[2020-01-13T13:39:02.701+0000][1][safepoint    ] Application time: 0.0000170 seconds
[2020-01-13T13:39:02.701+0000][1][safepoint    ] Entering safepoint region: RevokeBias
[2020-01-13T13:39:02.701+0000][1][safepoint    ] Leaving safepoint region
[2020-01-13T13:39:02.701+0000][1][safepoint    ] Total time for which application threads were stopped: 0.0000203 seconds, Stopping threads took: 0.0000049 seconds
[2020-01-13T13:39:02.701+0000][1][safepoint    ] Application time: 0.0000140 seconds
[2020-01-13T13:39:02.701+0000][1][safepoint    ] Entering safepoint region: RevokeBias
[2020-01-13T13:39:02.701+0000][1][safepoint    ] Leaving safepoint region
[2020-01-13T13:39:02.701+0000][1][safepoint    ] Total time for which application threads were stopped: 0.0000198 seconds, Stopping threads took: 0.0000048 seconds
[2020-01-13T13:39:02.701+0000][1][safepoint    ] Application time: 0.0000166 seconds
[2020-01-13T13:39:02.701+0000][1][safepoint    ] Entering safepoint region: RevokeBias
[2020-01-13T13:39:02.701+0000][1][safepoint    ] Leaving safepoint region
[2020-01-13T13:39:02.701+0000][1][safepoint    ] Total time for which application threads were stopped: 0.0000203 seconds, Stopping threads took: 0.0000049 seconds
[2020-01-13T13:39:02.701+0000][1][safepoint    ] Application time: 0.0004337 seconds
[2020-01-13T13:39:02.701+0000][1][safepoint    ] Entering safepoint region: RevokeBias
[2020-01-13T13:39:02.702+0000][1][safepoint    ] Leaving safepoint region
[2020-01-13T13:39:02.702+0000][1][safepoint    ] Total time for which application threads were stopped: 0.0001443 seconds, Stopping threads took: 0.0000850 seconds
[2020-01-13T13:39:02.702+0000][1][safepoint    ] Application time: 0.0000581 seconds
[2020-01-13T13:39:02.702+0000][1][safepoint    ] Entering safepoint region: RevokeBias
[2020-01-13T13:39:02.702+0000][1][safepoint    ] Leaving safepoint region
[2020-01-13T13:39:02.702+0000][1][safepoint    ] Total time for which application threads were stopped: 0.0000340 seconds, Stopping threads took: 0.0000055 seconds
[2020-01-13T13:39:02.702+0000][1][safepoint    ] Application time: 0.0000152 seconds
[2020-01-13T13:39:02.702+0000][1][safepoint    ] Entering safepoint region: RevokeBias
[2020-01-13T13:39:02.702+0000][1][safepoint    ] Leaving safepoint region
[2020-01-13T13:39:02.702+0000][1][safepoint    ] Total time for which application threads were stopped: 0.0000277 seconds, Stopping threads took: 0.0000050 seconds
[2020-01-13T13:39:02.702+0000][1][safepoint    ] Application time: 0.0000172 seconds
[2020-01-13T13:39:02.702+0000][1][safepoint    ] Entering safepoint region: RevokeBias
[2020-01-13T13:39:02.702+0000][1][safepoint    ] Leaving safepoint region
[2020-01-13T13:39:02.702+0000][1][safepoint    ] Total time for which application threads were stopped: 0.0000280 seconds, Stopping threads took: 0.0000048 seconds
[2020-01-13T13:39:02.702+0000][1][safepoint    ] Application time: 0.0000142 seconds
[2020-01-13T13:39:02.702+0000][1][safepoint    ] Entering safepoint region: RevokeBias
[2020-01-13T13:39:02.702+0000][1][safepoint    ] Leaving safepoint region
[2020-01-13T13:39:02.702+0000][1][safepoint    ] Total time for which application threads were stopped: 0.0000275 seconds, Stopping threads took: 0.0000047 seconds
[2020-01-13T13:39:02.702+0000][1][safepoint    ] Application time: 0.0005780 seconds
[2020-01-13T13:39:02.702+0000][1][safepoint    ] Entering safepoint region: RevokeBias
[2020-01-13T13:39:02.702+0000][1][safepoint    ] Leaving safepoint region
[2020-01-13T13:39:02.702+0000][1][safepoint    ] Total time for which application threads were stopped: 0.0000667 seconds, Stopping threads took: 0.0000113 seconds
[2020-01-13T13:39:02.703+0000][1][safepoint    ] Application time: 0.0005697 seconds
[2020-01-13T13:39:02.704+0000][1][safepoint    ] Entering safepoint region: RevokeBias
[2020-01-13T13:39:02.704+0000][1][safepoint    ] Leaving safepoint region
[2020-01-13T13:39:02.704+0000][1][safepoint    ] Total time for which application threads were stopped: 0.0005729 seconds, Stopping threads took: 0.0005298 seconds
[2020-01-13T13:39:02.704+0000][1][safepoint    ] Application time: 0.0000345 seconds
[2020-01-13T13:39:02.704+0000][1][safepoint    ] Entering safepoint region: RevokeBias
[2020-01-13T13:39:02.704+0000][1][safepoint    ] Leaving safepoint region
[2020-01-13T13:39:02.704+0000][1][safepoint    ] Total time for which application threads were stopped: 0.0000231 seconds, Stopping threads took: 0.0000053 seconds
[2020-01-13T13:39:02.704+0000][1][safepoint    ] Application time: 0.0000150 seconds
[2020-01-13T13:39:02.704+0000][1][safepoint    ] Entering safepoint region: RevokeBias
[2020-01-13T13:39:02.704+0000][1][safepoint    ] Leaving safepoint region
[2020-01-13T13:39:02.704+0000][1][safepoint    ] Total time for which application threads were stopped: 0.0000204 seconds, Stopping threads took: 0.0000051 seconds
[2020-01-13T13:39:02.704+0000][1][safepoint    ] Application time: 0.0000175 seconds
[2020-01-13T13:39:02.704+0000][1][safepoint    ] Entering safepoint region: RevokeBias
[2020-01-13T13:39:02.704+0000][1][safepoint    ] Leaving safepoint region
[2020-01-13T13:39:02.704+0000][1][safepoint    ] Total time for which application threads were stopped: 0.0000203 seconds, Stopping threads took: 0.0000048 seconds
[2020-01-13T13:39:02.704+0000][1][safepoint    ] Application time: 0.0000140 seconds
[2020-01-13T13:39:02.704+0000][1][safepoint    ] Entering safepoint region: RevokeBias
[2020-01-13T13:39:02.704+0000][1][safepoint    ] Leaving safepoint region
[2020-01-13T13:39:02.704+0000][1][safepoint    ] Total time for which application threads were stopped: 0.0000293 seconds, Stopping threads took: 0.0000135 seconds
[2020-01-13T13:39:02.704+0000][1][safepoint    ] Application time: 0.0000311 seconds
[2020-01-13T13:39:02.704+0000][1][safepoint    ] Entering safepoint region: RevokeBias
[2020-01-13T13:39:02.704+0000][1][safepoint    ] Leaving safepoint region
[2020-01-13T13:39:02.704+0000][1][safepoint    ] Total time for which application threads were stopped: 0.0000204 seconds, Stopping threads took: 0.0000050 seconds
[2020-01-13T13:39:02.704+0000][1][safepoint    ] Application time: 0.0000137 seconds
[2020-01-13T13:39:02.704+0000][1][safepoint    ] Entering safepoint region: RevokeBias
[2020-01-13T13:39:02.704+0000][1][safepoint    ] Leaving safepoint region
[2020-01-13T13:39:02.704+0000][1][safepoint    ] Total time for which application threads were stopped: 0.0000197 seconds, Stopping threads took: 0.0000049 seconds
[2020-01-13T13:39:02.704+0000][1][safepoint    ] Application time: 0.0000165 seconds
[2020-01-13T13:39:02.704+0000][1][safepoint    ] Entering safepoint region: RevokeBias
[2020-01-13T13:39:02.704+0000][1][safepoint    ] Leaving safepoint region
[2020-01-13T13:39:02.704+0000][1][safepoint    ] Total time for which application threads were stopped: 0.0000200 seconds, Stopping threads took: 0.0000049 seconds
[2020-01-13T13:39:02.704+0000][1][safepoint    ] Application time: 0.0000262 seconds
[2020-01-13T13:39:02.704+0000][1][safepoint    ] Entering safepoint region: RevokeBias
[2020-01-13T13:39:02.704+0000][1][safepoint    ] Leaving safepoint region
[2020-01-13T13:39:02.704+0000][1][safepoint    ] Total time for which application threads were stopped: 0.0000202 seconds, Stopping threads took: 0.0000048 seconds
[2020-01-13T13:39:02.704+0000][1][safepoint    ] Application time: 0.0003004 seconds
[2020-01-13T13:39:02.704+0000][1][safepoint    ] Entering safepoint region: RevokeBias
[2020-01-13T13:39:02.704+0000][1][safepoint    ] Leaving safepoint region
[2020-01-13T13:39:02.704+0000][1][safepoint    ] Total time for which application threads were stopped: 0.0000343 seconds, Stopping threads took: 0.0000063 seconds
[2020-01-13T13:39:02.704+0000][1][safepoint    ] Application time: 0.0000181 seconds
[2020-01-13T13:39:02.704+0000][1][safepoint    ] Entering safepoint region: RevokeBias
[2020-01-13T13:39:02.704+0000][1][safepoint    ] Leaving safepoint region
[2020-01-13T13:39:02.704+0000][1][safepoint    ] Total time for which application threads were stopped: 0.0000215 seconds, Stopping threads took: 0.0000049 seconds
[2020-01-13T13:39:02.707+0000][1][safepoint    ] Application time: 0.0029760 seconds
[2020-01-13T13:39:02.707+0000][1][safepoint    ] Entering safepoint region: RevokeBias
[2020-01-13T13:39:02.708+0000][1][safepoint    ] Leaving safepoint region
[2020-01-13T13:39:02.708+0000][1][safepoint    ] Total time for which application threads were stopped: 0.0000863 seconds, Stopping threads took: 0.0000532 seconds
[2020-01-13T13:39:02.708+0000][1][safepoint    ] Application time: 0.0000259 seconds
[2020-01-13T13:39:02.708+0000][1][safepoint    ] Entering safepoint region: RevokeBias
[2020-01-13T13:39:02.708+0000][1][safepoint    ] Leaving safepoint region
[2020-01-13T13:39:02.708+0000][1][safepoint    ] Total time for which application threads were stopped: 0.0000241 seconds, Stopping threads took: 0.0000059 seconds
[2020-01-13T13:39:02.708+0000][1][safepoint    ] Application time: 0.0000232 seconds
[2020-01-13T13:39:02.708+0000][1][safepoint    ] Entering safepoint region: RevokeBias
[2020-01-13T13:39:02.708+0000][1][safepoint    ] Leaving safepoint region
[2020-01-13T13:39:02.708+0000][1][safepoint    ] Total time for which application threads were stopped: 0.0000229 seconds, Stopping threads took: 0.0000057 seconds
[2020-01-13T13:39:02.708+0000][1][safepoint    ] Application time: 0.0000191 seconds
[2020-01-13T13:39:02.708+0000][1][safepoint    ] Entering safepoint region: RevokeBias
[2020-01-13T13:39:02.708+0000][1][safepoint    ] Leaving safepoint region
[2020-01-13T13:39:02.708+0000][1][safepoint    ] Total time for which application threads were stopped: 0.0000302 seconds, Stopping threads took: 0.0000139 seconds
[2020-01-13T13:39:03.523+0000][1][safepoint    ] Application time: 0.8157703 seconds
[2020-01-13T13:39:03.524+0000][1][safepoint    ] Entering safepoint region: RevokeBias
[2020-01-13T13:39:03.524+0000][1][safepoint    ] Leaving safepoint region
[2020-01-13T13:39:03.524+0000][1][safepoint    ] Total time for which application threads were stopped: 0.0002896 seconds, Stopping threads took: 0.0000409 seconds
[2020-01-13T13:39:03.838+0000][1][safepoint    ] Application time: 0.3145492 seconds
[2020-01-13T13:39:03.839+0000][1][safepoint    ] Entering safepoint region: GenCollectForAllocation
[2020-01-13T13:39:03.839+0000][1][gc,start     ] GC(1) Pause Young (Allocation Failure)
[2020-01-13T13:39:03.839+0000][1][gc,task      ] GC(1) Using 1 workers of 1 for evacuation
[2020-01-13T13:39:03.890+0000][1][gc,age       ] GC(1) Desired survivor size 4358144 bytes, new threshold 6 (max threshold 6)
[2020-01-13T13:39:03.890+0000][1][gc,age       ] GC(1) Age table with threshold 6 (max threshold 6)
[2020-01-13T13:39:03.890+0000][1][gc,age       ] GC(1) - age   1:    2758872 bytes,    2758872 total
[2020-01-13T13:39:03.890+0000][1][gc,heap      ] GC(1) ParNew: 74368K->4067K(76672K)
[2020-01-13T13:39:03.890+0000][1][gc,heap      ] GC(1) CMS: 0K->6641K(176960K)
[2020-01-13T13:39:03.890+0000][1][gc,metaspace ] GC(1) Metaspace: 14781K->14781K(1062912K)
[2020-01-13T13:39:03.890+0000][1][gc           ] GC(1) Pause Young (Allocation Failure) 72M->10M(247M) 51.162ms
[2020-01-13T13:39:03.890+0000][1][gc,cpu       ] GC(1) User=0.05s Sys=0.00s Real=0.06s
[2020-01-13T13:39:03.890+0000][1][safepoint    ] Leaving safepoint region
[2020-01-13T13:39:03.890+0000][1][safepoint    ] Total time for which application threads were stopped: 0.0513912 seconds, Stopping threads took: 0.0000706 seconds
[2020-01-13T13:39:03.901+0000][1][safepoint    ] Application time: 0.0115163 seconds
[2020-01-13T13:39:03.902+0000][1][safepoint    ] Entering safepoint region: BulkRevokeBias
[2020-01-13T13:39:03.902+0000][1][safepoint    ] Leaving safepoint region
[2020-01-13T13:39:03.902+0000][1][safepoint    ] Total time for which application threads were stopped: 0.0002990 seconds, Stopping threads took: 0.0001227 seconds
[2020-01-13T13:39:03.902+0000][1][safepoint    ] Application time: 0.0000773 seconds
[2020-01-13T13:39:03.902+0000][1][safepoint    ] Entering safepoint region: RevokeBias
[2020-01-13T13:39:03.902+0000][1][safepoint    ] Leaving safepoint region
[2020-01-13T13:39:03.902+0000][1][safepoint    ] Total time for which application threads were stopped: 0.0000526 seconds, Stopping threads took: 0.0000059 seconds
[2020-01-13T13:39:03.902+0000][1][safepoint    ] Application time: 0.0000262 seconds
[2020-01-13T13:39:03.902+0000][1][safepoint    ] Entering safepoint region: RevokeBias
[2020-01-13T13:39:03.902+0000][1][safepoint    ] Leaving safepoint region
[2020-01-13T13:39:03.902+0000][1][safepoint    ] Total time for which application threads were stopped: 0.0000467 seconds, Stopping threads took: 0.0000050 seconds
[2020-01-13T13:39:03.902+0000][1][safepoint    ] Application time: 0.0000150 seconds
[2020-01-13T13:39:03.902+0000][1][safepoint    ] Entering safepoint region: RevokeBias
[2020-01-13T13:39:03.902+0000][1][safepoint    ] Leaving safepoint region
[2020-01-13T13:39:03.902+0000][1][safepoint    ] Total time for which application threads were stopped: 0.0000588 seconds, Stopping threads took: 0.0000050 seconds
[2020-01-13T13:39:03.902+0000][1][safepoint    ] Application time: 0.0000633 seconds
[2020-01-13T13:39:03.902+0000][1][safepoint    ] Entering safepoint region: RevokeBias
[2020-01-13T13:39:03.902+0000][1][safepoint    ] Leaving safepoint region
[2020-01-13T13:39:03.902+0000][1][safepoint    ] Total time for which application threads were stopped: 0.0000555 seconds, Stopping threads took: 0.0000051 seconds
[2020-01-13T13:39:03.902+0000][1][safepoint    ] Application time: 0.0000215 seconds
[2020-01-13T13:39:03.902+0000][1][safepoint    ] Entering safepoint region: RevokeBias
[2020-01-13T13:39:03.902+0000][1][safepoint    ] Leaving safepoint region
[2020-01-13T13:39:03.902+0000][1][safepoint    ] Total time for which application threads were stopped: 0.0000703 seconds, Stopping threads took: 0.0000076 seconds
[2020-01-13T13:39:03.902+0000][1][safepoint    ] Application time: 0.0000269 seconds
[2020-01-13T13:39:03.902+0000][1][safepoint    ] Entering safepoint region: RevokeBias
[2020-01-13T13:39:03.902+0000][1][safepoint    ] Leaving safepoint region
[2020-01-13T13:39:03.902+0000][1][safepoint    ] Total time for which application threads were stopped: 0.0000723 seconds, Stopping threads took: 0.0000053 seconds
[2020-01-13T13:39:03.902+0000][1][safepoint    ] Application time: 0.0000145 seconds
[2020-01-13T13:39:03.902+0000][1][safepoint    ] Entering safepoint region: RevokeBias
[2020-01-13T13:39:03.902+0000][1][safepoint    ] Leaving safepoint region
[2020-01-13T13:39:03.902+0000][1][safepoint    ] Total time for which application threads were stopped: 0.0000461 seconds, Stopping threads took: 0.0000048 seconds
[2020-01-13T13:39:03.902+0000][1][safepoint    ] Application time: 0.0000176 seconds
[2020-01-13T13:39:03.902+0000][1][safepoint    ] Entering safepoint region: BulkRevokeBias
[2020-01-13T13:39:03.903+0000][1][safepoint    ] Leaving safepoint region
[2020-01-13T13:39:03.903+0000][1][safepoint    ] Total time for which application threads were stopped: 0.0000708 seconds, Stopping threads took: 0.0000049 seconds
[2020-01-13T13:39:03.903+0000][1][safepoint    ] Application time: 0.0000147 seconds
[2020-01-13T13:39:03.903+0000][1][safepoint    ] Entering safepoint region: RevokeBias
[2020-01-13T13:39:03.903+0000][1][safepoint    ] Leaving safepoint region
[2020-01-13T13:39:03.903+0000][1][safepoint    ] Total time for which application threads were stopped: 0.0000467 seconds, Stopping threads took: 0.0000048 seconds
[2020-01-13T13:39:03.903+0000][1][safepoint    ] Application time: 0.0000173 seconds
[2020-01-13T13:39:03.903+0000][1][safepoint    ] Entering safepoint region: BulkRevokeBias
[2020-01-13T13:39:03.903+0000][1][safepoint    ] Leaving safepoint region
[2020-01-13T13:39:03.903+0000][1][safepoint    ] Total time for which application threads were stopped: 0.0000558 seconds, Stopping threads took: 0.0000048 seconds
[2020-01-13T13:39:04.245+0000][1][safepoint    ] Application time: 0.3420807 seconds
[2020-01-13T13:39:04.245+0000][1][safepoint    ] Entering safepoint region: GenCollectForAllocation
[2020-01-13T13:39:04.245+0000][1][gc,start     ] GC(2) Pause Young (Allocation Failure)
[2020-01-13T13:39:04.245+0000][1][gc,task      ] GC(2) Using 1 workers of 1 for evacuation
[2020-01-13T13:39:04.270+0000][1][gc,age       ] GC(2) Desired survivor size 4358144 bytes, new threshold 6 (max threshold 6)
[2020-01-13T13:39:04.270+0000][1][gc,age       ] GC(2) Age table with threshold 6 (max threshold 6)
[2020-01-13T13:39:04.270+0000][1][gc,age       ] GC(2) - age   1:    2781072 bytes,    2781072 total
[2020-01-13T13:39:04.270+0000][1][gc,age       ] GC(2) - age   2:    1169976 bytes,    3951048 total
[2020-01-13T13:39:04.270+0000][1][gc,heap      ] GC(2) ParNew: 72227K->6074K(76672K)
[2020-01-13T13:39:04.270+0000][1][gc,heap      ] GC(2) CMS: 6641K->6641K(176960K)
[2020-01-13T13:39:04.270+0000][1][gc,metaspace ] GC(2) Metaspace: 14907K->14907K(1062912K)
[2020-01-13T13:39:04.270+0000][1][gc           ] GC(2) Pause Young (Allocation Failure) 77M->12M(247M) 25.524ms
[2020-01-13T13:39:04.270+0000][1][gc,cpu       ] GC(2) User=0.02s Sys=0.00s Real=0.03s
[2020-01-13T13:39:04.271+0000][1][safepoint    ] Leaving safepoint region
[2020-01-13T13:39:04.271+0000][1][safepoint    ] Total time for which application threads were stopped: 0.0256983 seconds, Stopping threads took: 0.0000252 seconds
[2020-01-13T13:39:04.278+0000][1][safepoint    ] Application time: 0.0078164 seconds
[2020-01-13T13:39:04.278+0000][1][safepoint    ] Entering safepoint region: RevokeBias
[2020-01-13T13:39:04.278+0000][1][safepoint    ] Leaving safepoint region
[2020-01-13T13:39:04.278+0000][1][safepoint    ] Total time for which application threads were stopped: 0.0000901 seconds, Stopping threads took: 0.0000229 seconds
[2020-01-13T13:39:04.279+0000][1][safepoint    ] Application time: 0.0000366 seconds
[2020-01-13T13:39:04.279+0000][1][safepoint    ] Entering safepoint region: RevokeBias
[2020-01-13T13:39:04.279+0000][1][safepoint    ] Leaving safepoint region
[2020-01-13T13:39:04.279+0000][1][safepoint    ] Total time for which application threads were stopped: 0.0000418 seconds, Stopping threads took: 0.0000081 seconds
[2020-01-13T13:39:04.281+0000][1][safepoint    ] Application time: 0.0020981 seconds
[2020-01-13T13:39:04.281+0000][1][safepoint    ] Entering safepoint region: RevokeBias
[2020-01-13T13:39:04.281+0000][1][safepoint    ] Leaving safepoint region
[2020-01-13T13:39:04.281+0000][1][safepoint    ] Total time for which application threads were stopped: 0.0000560 seconds, Stopping threads took: 0.0000230 seconds
[2020-01-13T13:39:04.281+0000][1][safepoint    ] Application time: 0.0000197 seconds
[2020-01-13T13:39:04.281+0000][1][safepoint    ] Entering safepoint region: RevokeBias
[2020-01-13T13:39:04.281+0000][1][safepoint    ] Leaving safepoint region
[2020-01-13T13:39:04.281+0000][1][safepoint    ] Total time for which application threads were stopped: 0.0000208 seconds, Stopping threads took: 0.0000052 seconds
[2020-01-13T13:39:04.281+0000][1][safepoint    ] Application time: 0.0000176 seconds
[2020-01-13T13:39:04.281+0000][1][safepoint    ] Entering safepoint region: RevokeBias
[2020-01-13T13:39:04.281+0000][1][safepoint    ] Leaving safepoint region
[2020-01-13T13:39:04.281+0000][1][safepoint    ] Total time for which application threads were stopped: 0.0000189 seconds, Stopping threads took: 0.0000050 seconds
[2020-01-13T13:39:04.281+0000][1][safepoint    ] Application time: 0.0000143 seconds
[2020-01-13T13:39:04.281+0000][1][safepoint    ] Entering safepoint region: RevokeBias
[2020-01-13T13:39:04.281+0000][1][safepoint    ] Leaving safepoint region
[2020-01-13T13:39:04.281+0000][1][safepoint    ] Total time for which application threads were stopped: 0.0000182 seconds, Stopping threads took: 0.0000048 seconds
[2020-01-13T13:39:04.600+0000][1][safepoint    ] Application time: 0.3195826 seconds
[2020-01-13T13:39:04.601+0000][1][safepoint    ] Entering safepoint region: Deoptimize
[2020-01-13T13:39:04.601+0000][1][safepoint    ] Leaving safepoint region
[2020-01-13T13:39:04.601+0000][1][safepoint    ] Total time for which application threads were stopped: 0.0006077 seconds, Stopping threads took: 0.0000245 seconds
[2020-01-13T13:39:04.602+0000][1][safepoint    ] Application time: 0.0004454 seconds
[2020-01-13T13:39:04.602+0000][1][safepoint    ] Entering safepoint region: Deoptimize
[2020-01-13T13:39:04.602+0000][1][safepoint    ] Leaving safepoint region
[2020-01-13T13:39:04.602+0000][1][safepoint    ] Total time for which application threads were stopped: 0.0003690 seconds, Stopping threads took: 0.0000177 seconds
[2020-01-13T13:39:05.129+0000][1][safepoint    ] Application time: 0.5275056 seconds
[2020-01-13T13:39:05.130+0000][1][safepoint    ] Entering safepoint region: GenCollectForAllocation
[2020-01-13T13:39:05.130+0000][1][gc,start     ] GC(3) Pause Young (Allocation Failure)
[2020-01-13T13:39:05.130+0000][1][gc,task      ] GC(3) Using 1 workers of 1 for evacuation
[2020-01-13T13:39:05.148+0000][1][gc,age       ] GC(3) Desired survivor size 4358144 bytes, new threshold 3 (max threshold 6)
[2020-01-13T13:39:05.148+0000][1][gc,age       ] GC(3) Age table with threshold 3 (max threshold 6)
[2020-01-13T13:39:05.148+0000][1][gc,age       ] GC(3) - age   1:    3384696 bytes,    3384696 total
[2020-01-13T13:39:05.148+0000][1][gc,age       ] GC(3) - age   2:     294280 bytes,    3678976 total
[2020-01-13T13:39:05.148+0000][1][gc,age       ] GC(3) - age   3:    1166568 bytes,    4845544 total
[2020-01-13T13:39:05.148+0000][1][gc,heap      ] GC(3) ParNew: 74234K->7312K(76672K)
[2020-01-13T13:39:05.148+0000][1][gc,heap      ] GC(3) CMS: 6641K->6641K(176960K)
[2020-01-13T13:39:05.148+0000][1][gc,metaspace ] GC(3) Metaspace: 18389K->18389K(1067008K)
[2020-01-13T13:39:05.152+0000][1][gc           ] GC(3) Pause Young (Allocation Failure) 78M->13M(247M) 18.653ms
[2020-01-13T13:39:05.152+0000][1][gc,cpu       ] GC(3) User=0.03s Sys=0.00s Real=0.02s
[2020-01-13T13:39:05.152+0000][1][safepoint    ] Leaving safepoint region
[2020-01-13T13:39:05.152+0000][1][safepoint    ] Total time for which application threads were stopped: 0.0229123 seconds, Stopping threads took: 0.0000192 seconds
[2020-01-13T13:39:05.158+0000][1][safepoint    ] Application time: 0.0058986 seconds
[2020-01-13T13:39:05.158+0000][1][safepoint    ] Entering safepoint region: BulkRevokeBias
[2020-01-13T13:39:05.159+0000][1][safepoint    ] Leaving safepoint region
[2020-01-13T13:39:05.159+0000][1][safepoint    ] Total time for which application threads were stopped: 0.0001903 seconds, Stopping threads took: 0.0000583 seconds
[2020-01-13T13:39:05.159+0000][1][safepoint    ] Application time: 0.0006833 seconds
[2020-01-13T13:39:05.159+0000][1][safepoint    ] Entering safepoint region: RevokeBias
[2020-01-13T13:39:05.159+0000][1][safepoint    ] Leaving safepoint region
[2020-01-13T13:39:05.159+0000][1][safepoint    ] Total time for which application threads were stopped: 0.0000757 seconds, Stopping threads took: 0.0000079 seconds
[2020-01-13T13:39:05.159+0000][1][safepoint    ] Application time: 0.0000384 seconds
[2020-01-13T13:39:05.159+0000][1][safepoint    ] Entering safepoint region: RevokeBias
[2020-01-13T13:39:05.159+0000][1][safepoint    ] Leaving safepoint region
[2020-01-13T13:39:05.159+0000][1][safepoint    ] Total time for which application threads were stopped: 0.0000325 seconds, Stopping threads took: 0.0000052 seconds
[2020-01-13T13:39:05.159+0000][1][safepoint    ] Application time: 0.0000146 seconds
[2020-01-13T13:39:05.159+0000][1][safepoint    ] Entering safepoint region: RevokeBias
[2020-01-13T13:39:05.159+0000][1][safepoint    ] Leaving safepoint region
[2020-01-13T13:39:05.159+0000][1][safepoint    ] Total time for which application threads were stopped: 0.0000300 seconds, Stopping threads took: 0.0000051 seconds
[2020-01-13T13:39:05.160+0000][1][safepoint    ] Application time: 0.0000175 seconds
[2020-01-13T13:39:05.160+0000][1][safepoint    ] Entering safepoint region: RevokeBias
[2020-01-13T13:39:05.160+0000][1][safepoint    ] Leaving safepoint region
[2020-01-13T13:39:05.160+0000][1][safepoint    ] Total time for which application threads were stopped: 0.0000295 seconds, Stopping threads took: 0.0000048 seconds
[2020-01-13T13:39:05.160+0000][1][safepoint    ] Application time: 0.0000142 seconds
[2020-01-13T13:39:05.160+0000][1][safepoint    ] Entering safepoint region: RevokeBias
[2020-01-13T13:39:05.160+0000][1][safepoint    ] Leaving safepoint region
[2020-01-13T13:39:05.160+0000][1][safepoint    ] Total time for which application threads were stopped: 0.0000290 seconds, Stopping threads took: 0.0000047 seconds
[2020-01-13T13:39:05.160+0000][1][safepoint    ] Application time: 0.0000163 seconds
[2020-01-13T13:39:05.160+0000][1][safepoint    ] Entering safepoint region: RevokeBias
[2020-01-13T13:39:05.160+0000][1][safepoint    ] Leaving safepoint region
[2020-01-13T13:39:05.160+0000][1][safepoint    ] Total time for which application threads were stopped: 0.0000295 seconds, Stopping threads took: 0.0000047 seconds
[2020-01-13T13:39:05.160+0000][1][safepoint    ] Application time: 0.0000137 seconds
[2020-01-13T13:39:05.160+0000][1][safepoint    ] Entering safepoint region: RevokeBias
[2020-01-13T13:39:05.160+0000][1][safepoint    ] Leaving safepoint region
[2020-01-13T13:39:05.160+0000][1][safepoint    ] Total time for which application threads were stopped: 0.0000290 seconds, Stopping threads took: 0.0000047 seconds
[2020-01-13T13:39:05.161+0000][1][safepoint    ] Application time: 0.0012831 seconds
[2020-01-13T13:39:05.161+0000][1][safepoint    ] Entering safepoint region: RevokeBias
[2020-01-13T13:39:05.161+0000][1][safepoint    ] Leaving safepoint region
[2020-01-13T13:39:05.161+0000][1][safepoint    ] Total time for which application threads were stopped: 0.0001293 seconds, Stopping threads took: 0.0000610 seconds
[2020-01-13T13:39:05.161+0000][1][safepoint    ] Application time: 0.0000247 seconds
[2020-01-13T13:39:05.161+0000][1][safepoint    ] Entering safepoint region: RevokeBias
[2020-01-13T13:39:05.161+0000][1][safepoint    ] Leaving safepoint region
[2020-01-13T13:39:05.161+0000][1][safepoint    ] Total time for which application threads were stopped: 0.0000439 seconds, Stopping threads took: 0.0000052 seconds
[2020-01-13T13:39:05.161+0000][1][safepoint    ] Application time: 0.0000219 seconds
[2020-01-13T13:39:05.161+0000][1][safepoint    ] Entering safepoint region: RevokeBias
[2020-01-13T13:39:05.161+0000][1][safepoint    ] Leaving safepoint region
[2020-01-13T13:39:05.161+0000][1][safepoint    ] Total time for which application threads were stopped: 0.0000407 seconds, Stopping threads took: 0.0000049 seconds
[2020-01-13T13:39:05.161+0000][1][safepoint    ] Application time: 0.0000329 seconds
[2020-01-13T13:39:05.161+0000][1][safepoint    ] Entering safepoint region: RevokeBias
[2020-01-13T13:39:05.161+0000][1][safepoint    ] Leaving safepoint region
[2020-01-13T13:39:05.161+0000][1][safepoint    ] Total time for which application threads were stopped: 0.0000408 seconds, Stopping threads took: 0.0000049 seconds
[2020-01-13T13:39:05.162+0000][1][safepoint    ] Application time: 0.0002446 seconds
[2020-01-13T13:39:05.162+0000][1][safepoint    ] Entering safepoint region: RevokeBias
[2020-01-13T13:39:05.162+0000][1][safepoint    ] Leaving safepoint region
[2020-01-13T13:39:05.162+0000][1][safepoint    ] Total time for which application threads were stopped: 0.0000602 seconds, Stopping threads took: 0.0000072 seconds
[2020-01-13T13:39:05.162+0000][1][safepoint    ] Application time: 0.0000277 seconds
[2020-01-13T13:39:05.162+0000][1][safepoint    ] Entering safepoint region: RevokeBias
[2020-01-13T13:39:05.162+0000][1][safepoint    ] Leaving safepoint region
[2020-01-13T13:39:05.162+0000][1][safepoint    ] Total time for which application threads were stopped: 0.0000418 seconds, Stopping threads took: 0.0000049 seconds
[2020-01-13T13:39:05.162+0000][1][safepoint    ] Application time: 0.0000142 seconds
[2020-01-13T13:39:05.162+0000][1][safepoint    ] Entering safepoint region: RevokeBias
[2020-01-13T13:39:05.162+0000][1][safepoint    ] Leaving safepoint region
[2020-01-13T13:39:05.162+0000][1][safepoint    ] Total time for which application threads were stopped: 0.0000404 seconds, Stopping threads took: 0.0000048 seconds
[2020-01-13T13:39:05.162+0000][1][safepoint    ] Application time: 0.0004277 seconds
[2020-01-13T13:39:05.162+0000][1][safepoint    ] Entering safepoint region: RevokeBias
[2020-01-13T13:39:05.162+0000][1][safepoint    ] Leaving safepoint region
[2020-01-13T13:39:05.162+0000][1][safepoint    ] Total time for which application threads were stopped: 0.0000873 seconds, Stopping threads took: 0.0000392 seconds
[2020-01-13T13:39:05.162+0000][1][safepoint    ] Application time: 0.0000195 seconds
[2020-01-13T13:39:05.162+0000][1][safepoint    ] Entering safepoint region: RevokeBias
[2020-01-13T13:39:05.163+0000][1][safepoint    ] Leaving safepoint region
[2020-01-13T13:39:05.163+0000][1][safepoint    ] Total time for which application threads were stopped: 0.0000393 seconds, Stopping threads took: 0.0000050 seconds
[2020-01-13T13:39:05.163+0000][1][safepoint    ] Application time: 0.0000164 seconds
[2020-01-13T13:39:05.163+0000][1][safepoint    ] Entering safepoint region: RevokeBias
[2020-01-13T13:39:05.163+0000][1][safepoint    ] Leaving safepoint region
[2020-01-13T13:39:05.163+0000][1][safepoint    ] Total time for which application threads were stopped: 0.0000384 seconds, Stopping threads took: 0.0000050 seconds
[2020-01-13T13:39:05.163+0000][1][safepoint    ] Application time: 0.0000140 seconds
[2020-01-13T13:39:05.163+0000][1][safepoint    ] Entering safepoint region: RevokeBias
[2020-01-13T13:39:05.163+0000][1][safepoint    ] Leaving safepoint region
[2020-01-13T13:39:05.163+0000][1][safepoint    ] Total time for which application threads were stopped: 0.0000464 seconds, Stopping threads took: 0.0000127 seconds
[2020-01-13T13:39:05.163+0000][1][safepoint    ] Application time: 0.0000161 seconds
[2020-01-13T13:39:05.163+0000][1][safepoint    ] Entering safepoint region: RevokeBias
[2020-01-13T13:39:05.163+0000][1][safepoint    ] Leaving safepoint region
[2020-01-13T13:39:05.163+0000][1][safepoint    ] Total time for which application threads were stopped: 0.0000378 seconds, Stopping threads took: 0.0000047 seconds
[2020-01-13T13:39:05.163+0000][1][safepoint    ] Application time: 0.0000139 seconds
[2020-01-13T13:39:05.163+0000][1][safepoint    ] Entering safepoint region: RevokeBias
[2020-01-13T13:39:05.163+0000][1][safepoint    ] Leaving safepoint region
[2020-01-13T13:39:05.163+0000][1][safepoint    ] Total time for which application threads were stopped: 0.0000385 seconds, Stopping threads took: 0.0000048 seconds
[2020-01-13T13:39:05.390+0000][1][safepoint    ] Application time: 0.2273269 seconds
[2020-01-13T13:39:05.390+0000][1][safepoint    ] Entering safepoint region: GenCollectForAllocation
[2020-01-13T13:39:05.390+0000][1][gc,start     ] GC(4) Pause Young (Allocation Failure)
[2020-01-13T13:39:05.390+0000][1][gc,task      ] GC(4) Using 1 workers of 1 for evacuation
[2020-01-13T13:39:05.412+0000][1][gc,age       ] GC(4) Desired survivor size 4358144 bytes, new threshold 2 (max threshold 6)
[2020-01-13T13:39:05.412+0000][1][gc,age       ] GC(4) Age table with threshold 2 (max threshold 6)
[2020-01-13T13:39:05.412+0000][1][gc,age       ] GC(4) - age   1:    1147032 bytes,    1147032 total
[2020-01-13T13:39:05.412+0000][1][gc,age       ] GC(4) - age   2:    3253384 bytes,    4400416 total
[2020-01-13T13:39:05.412+0000][1][gc,age       ] GC(4) - age   3:     293752 bytes,    4694168 total
[2020-01-13T13:39:05.412+0000][1][gc,heap      ] GC(4) ParNew: 75472K->8512K(76672K)
[2020-01-13T13:39:05.412+0000][1][gc,heap      ] GC(4) CMS: 6641K->7797K(176960K)
[2020-01-13T13:39:05.412+0000][1][gc,metaspace ] GC(4) Metaspace: 18587K->18587K(1067008K)
[2020-01-13T13:39:05.412+0000][1][gc           ] GC(4) Pause Young (Allocation Failure) 80M->15M(247M) 21.484ms
[2020-01-13T13:39:05.412+0000][1][gc,cpu       ] GC(4) User=0.02s Sys=0.00s Real=0.02s
[2020-01-13T13:39:05.412+0000][1][safepoint    ] Leaving safepoint region
[2020-01-13T13:39:05.412+0000][1][safepoint    ] Total time for which application threads were stopped: 0.0216467 seconds, Stopping threads took: 0.0000271 seconds
[2020-01-13T13:39:05.419+0000][1][safepoint    ] Application time: 0.0072794 seconds
[2020-01-13T13:39:05.422+0000][1][safepoint    ] Entering safepoint region: RevokeBias
[2020-01-13T13:39:05.423+0000][1][safepoint    ] Leaving safepoint region
[2020-01-13T13:39:05.423+0000][1][safepoint    ] Total time for which application threads were stopped: 0.0033801 seconds, Stopping threads took: 0.0032286 seconds
[2020-01-13T13:39:05.425+0000][1][safepoint    ] Application time: 0.0028100 seconds
[2020-01-13T13:39:05.427+0000][1][safepoint    ] Entering safepoint region: RevokeBias
[2020-01-13T13:39:05.427+0000][1][safepoint    ] Leaving safepoint region
[2020-01-13T13:39:05.427+0000][1][safepoint    ] Total time for which application threads were stopped: 0.0016988 seconds, Stopping threads took: 0.0015912 seconds
[2020-01-13T13:39:05.427+0000][1][safepoint    ] Application time: 0.0000366 seconds
[2020-01-13T13:39:05.427+0000][1][safepoint    ] Entering safepoint region: RevokeBias
[2020-01-13T13:39:05.427+0000][1][safepoint    ] Leaving safepoint region
[2020-01-13T13:39:05.427+0000][1][safepoint    ] Total time for which application threads were stopped: 0.0000392 seconds, Stopping threads took: 0.0000045 seconds
[2020-01-13T13:39:05.427+0000][1][safepoint    ] Application time: 0.0000124 seconds
[2020-01-13T13:39:05.427+0000][1][safepoint    ] Entering safepoint region: RevokeBias
[2020-01-13T13:39:05.427+0000][1][safepoint    ] Leaving safepoint region
[2020-01-13T13:39:05.427+0000][1][safepoint    ] Total time for which application threads were stopped: 0.0000458 seconds, Stopping threads took: 0.0000045 seconds
[2020-01-13T13:39:05.471+0000][1][safepoint    ] Application time: 0.0439733 seconds
[2020-01-13T13:39:05.471+0000][1][safepoint    ] Entering safepoint region: Deoptimize
[2020-01-13T13:39:05.472+0000][1][safepoint    ] Leaving safepoint region
[2020-01-13T13:39:05.472+0000][1][safepoint    ] Total time for which application threads were stopped: 0.0005238 seconds, Stopping threads took: 0.0000285 seconds
[2020-01-13T13:39:05.581+0000][1][safepoint    ] Application time: 0.1095652 seconds
[2020-01-13T13:39:05.586+0000][1][safepoint    ] Entering safepoint region: Deoptimize
[2020-01-13T13:39:05.586+0000][1][safepoint    ] Leaving safepoint region
[2020-01-13T13:39:05.586+0000][1][safepoint    ] Total time for which application threads were stopped: 0.0050753 seconds, Stopping threads took: 0.0044633 seconds
[2020-01-13T13:39:05.864+0000][1][safepoint    ] Application time: 0.2770505 seconds
[2020-01-13T13:39:05.864+0000][1][safepoint    ] Entering safepoint region: GenCollectForAllocation
[2020-01-13T13:39:05.864+0000][1][gc,start     ] GC(5) Pause Young (Allocation Failure)
[2020-01-13T13:39:05.864+0000][1][gc,task      ] GC(5) Using 1 workers of 1 for evacuation
[2020-01-13T13:39:05.880+0000][1][gc,age       ] GC(5) Desired survivor size 4358144 bytes, new threshold 6 (max threshold 6)
[2020-01-13T13:39:05.880+0000][1][gc,age       ] GC(5) Age table with threshold 6 (max threshold 6)
[2020-01-13T13:39:05.880+0000][1][gc,age       ] GC(5) - age   1:    2164192 bytes,    2164192 total
[2020-01-13T13:39:05.880+0000][1][gc,age       ] GC(5) - age   2:     517320 bytes,    2681512 total
[2020-01-13T13:39:05.881+0000][1][gc,heap      ] GC(5) ParNew: 76672K->2833K(76672K)
[2020-01-13T13:39:05.881+0000][1][gc,heap      ] GC(5) CMS: 7797K->11288K(176960K)
[2020-01-13T13:39:05.881+0000][1][gc,metaspace ] GC(5) Metaspace: 18827K->18827K(1067008K)
[2020-01-13T13:39:05.881+0000][1][gc           ] GC(5) Pause Young (Allocation Failure) 82M->13M(247M) 16.850ms
[2020-01-13T13:39:05.881+0000][1][gc,cpu       ] GC(5) User=0.01s Sys=0.00s Real=0.02s
[2020-01-13T13:39:05.881+0000][1][safepoint    ] Leaving safepoint region
[2020-01-13T13:39:05.881+0000][1][safepoint    ] Total time for which application threads were stopped: 0.0170070 seconds, Stopping threads took: 0.0000222 seconds
[2020-01-13T13:39:05.891+0000][1][safepoint    ] Application time: 0.0107394 seconds
[2020-01-13T13:39:05.895+0000][1][safepoint    ] Entering safepoint region: RevokeBias
[2020-01-13T13:39:05.896+0000][1][safepoint    ] Leaving safepoint region
[2020-01-13T13:39:05.896+0000][1][safepoint    ] Total time for which application threads were stopped: 0.0041378 seconds, Stopping threads took: 0.0040272 seconds
[2020-01-13T13:39:05.896+0000][1][safepoint    ] Application time: 0.0000378 seconds
[2020-01-13T13:39:05.896+0000][1][safepoint    ] Entering safepoint region: RevokeBias
[2020-01-13T13:39:05.896+0000][1][safepoint    ] Leaving safepoint region
[2020-01-13T13:39:05.896+0000][1][safepoint    ] Total time for which application threads were stopped: 0.0000309 seconds, Stopping threads took: 0.0000051 seconds
[2020-01-13T13:39:05.896+0000][1][safepoint    ] Application time: 0.0000323 seconds
[2020-01-13T13:39:05.896+0000][1][safepoint    ] Entering safepoint region: RevokeBias
[2020-01-13T13:39:05.896+0000][1][safepoint    ] Leaving safepoint region
[2020-01-13T13:39:05.896+0000][1][safepoint    ] Total time for which application threads were stopped: 0.0000240 seconds, Stopping threads took: 0.0000043 seconds
[2020-01-13T13:39:05.896+0000][1][safepoint    ] Application time: 0.0000127 seconds
[2020-01-13T13:39:05.896+0000][1][safepoint    ] Entering safepoint region: RevokeBias
[2020-01-13T13:39:05.896+0000][1][safepoint    ] Leaving safepoint region
[2020-01-13T13:39:05.896+0000][1][safepoint    ] Total time for which application threads were stopped: 0.0000222 seconds, Stopping threads took: 0.0000041 seconds
[2020-01-13T13:39:05.896+0000][1][safepoint    ] Application time: 0.0000184 seconds
[2020-01-13T13:39:05.896+0000][1][safepoint    ] Entering safepoint region: RevokeBias
[2020-01-13T13:39:05.896+0000][1][safepoint    ] Leaving safepoint region
[2020-01-13T13:39:05.896+0000][1][safepoint    ] Total time for which application threads were stopped: 0.0000234 seconds, Stopping threads took: 0.0000041 seconds
[2020-01-13T13:39:05.896+0000][1][safepoint    ] Application time: 0.0000122 seconds
[2020-01-13T13:39:05.896+0000][1][safepoint    ] Entering safepoint region: RevokeBias
[2020-01-13T13:39:05.896+0000][1][safepoint    ] Leaving safepoint region
[2020-01-13T13:39:05.896+0000][1][safepoint    ] Total time for which application threads were stopped: 0.0000220 seconds, Stopping threads took: 0.0000039 seconds
[2020-01-13T13:39:06.141+0000][1][safepoint    ] Application time: 0.2454114 seconds
[2020-01-13T13:39:06.141+0000][1][safepoint    ] Entering safepoint region: RevokeBias
[2020-01-13T13:39:06.141+0000][1][safepoint    ] Leaving safepoint region
[2020-01-13T13:39:06.141+0000][1][safepoint    ] Total time for which application threads were stopped: 0.0001108 seconds, Stopping threads took: 0.0000110 seconds
[2020-01-13T13:39:06.155+0000][1][safepoint    ] Application time: 0.0134083 seconds
[2020-01-13T13:39:06.155+0000][1][safepoint    ] Entering safepoint region: GenCollectForAllocation
[2020-01-13T13:39:06.155+0000][1][gc,start     ] GC(6) Pause Young (Allocation Failure)
[2020-01-13T13:39:06.155+0000][1][gc,task      ] GC(6) Using 1 workers of 1 for evacuation
[2020-01-13T13:39:06.161+0000][1][gc,age       ] GC(6) Desired survivor size 4358144 bytes, new threshold 6 (max threshold 6)
[2020-01-13T13:39:06.161+0000][1][gc,age       ] GC(6) Age table with threshold 6 (max threshold 6)
[2020-01-13T13:39:06.161+0000][1][gc,age       ] GC(6) - age   1:     497792 bytes,     497792 total
[2020-01-13T13:39:06.161+0000][1][gc,age       ] GC(6) - age   2:    2151120 bytes,    2648912 total
[2020-01-13T13:39:06.161+0000][1][gc,age       ] GC(6) - age   3:     517320 bytes,    3166232 total
[2020-01-13T13:39:06.161+0000][1][gc,heap      ] GC(6) ParNew: 70789K->5344K(76672K)
[2020-01-13T13:39:06.161+0000][1][gc,heap      ] GC(6) CMS: 11288K->11288K(176960K)
[2020-01-13T13:39:06.161+0000][1][gc,metaspace ] GC(6) Metaspace: 19157K->19157K(1067008K)
[2020-01-13T13:39:06.161+0000][1][gc           ] GC(6) Pause Young (Allocation Failure) 80M->16M(247M) 5.976ms
[2020-01-13T13:39:06.161+0000][1][gc,cpu       ] GC(6) User=0.00s Sys=0.00s Real=0.01s
[2020-01-13T13:39:06.161+0000][1][safepoint    ] Leaving safepoint region
[2020-01-13T13:39:06.161+0000][1][safepoint    ] Total time for which application threads were stopped: 0.0061376 seconds, Stopping threads took: 0.0000262 seconds
[2020-01-13T13:39:06.169+0000][1][safepoint    ] Application time: 0.0083469 seconds
[2020-01-13T13:39:06.172+0000][1][safepoint    ] Entering safepoint region: BulkRevokeBias
[2020-01-13T13:39:06.172+0000][1][safepoint    ] Leaving safepoint region
[2020-01-13T13:39:06.172+0000][1][safepoint    ] Total time for which application threads were stopped: 0.0027438 seconds, Stopping threads took: 0.0025939 seconds
[2020-01-13T13:39:06.172+0000][1][safepoint    ] Application time: 0.0000429 seconds
[2020-01-13T13:39:06.172+0000][1][safepoint    ] Entering safepoint region: BulkRevokeBias
[2020-01-13T13:39:06.172+0000][1][safepoint    ] Leaving safepoint region
[2020-01-13T13:39:06.172+0000][1][safepoint    ] Total time for which application threads were stopped: 0.0000462 seconds, Stopping threads took: 0.0000068 seconds
[2020-01-13T13:39:06.410+0000][1][safepoint    ] Application time: 0.2379859 seconds
[2020-01-13T13:39:06.417+0000][1][safepoint    ] Entering safepoint region: GenCollectForAllocation
[2020-01-13T13:39:06.418+0000][1][gc,start     ] GC(7) Pause Young (Allocation Failure)
[2020-01-13T13:39:06.418+0000][1][gc,task      ] GC(7) Using 1 workers of 1 for evacuation
[2020-01-13T13:39:06.440+0000][1][gc,age       ] GC(7) Desired survivor size 4358144 bytes, new threshold 3 (max threshold 6)
[2020-01-13T13:39:06.440+0000][1][gc,age       ] GC(7) Age table with threshold 3 (max threshold 6)
[2020-01-13T13:39:06.440+0000][1][gc,age       ] GC(7) - age   1:    3284096 bytes,    3284096 total
[2020-01-13T13:39:06.440+0000][1][gc,age       ] GC(7) - age   2:     216168 bytes,    3500264 total
[2020-01-13T13:39:06.440+0000][1][gc,age       ] GC(7) - age   3:    2151096 bytes,    5651360 total
[2020-01-13T13:39:06.440+0000][1][gc,age       ] GC(7) - age   4:     517320 bytes,    6168680 total
[2020-01-13T13:39:06.440+0000][1][gc,heap      ] GC(7) ParNew: 73504K->8512K(76672K)
[2020-01-13T13:39:06.440+0000][1][gc,heap      ] GC(7) CMS: 11288K->11288K(176960K)
[2020-01-13T13:39:06.440+0000][1][gc,metaspace ] GC(7) Metaspace: 19483K->19483K(1067008K)
[2020-01-13T13:39:06.440+0000][1][gc           ] GC(7) Pause Young (Allocation Failure) 82M->19M(247M) 22.827ms
[2020-01-13T13:39:06.440+0000][1][gc,cpu       ] GC(7) User=0.02s Sys=0.00s Real=0.03s
[2020-01-13T13:39:06.440+0000][1][safepoint    ] Leaving safepoint region
[2020-01-13T13:39:06.440+0000][1][safepoint    ] Total time for which application threads were stopped: 0.0301251 seconds, Stopping threads took: 0.0071383 seconds
[2020-01-13T13:39:06.648+0000][1][safepoint    ] Application time: 0.2075586 seconds
[2020-01-13T13:39:06.648+0000][1][safepoint    ] Entering safepoint region: CollectForMetadataAllocation
[2020-01-13T13:39:06.648+0000][1][safepoint    ] Leaving safepoint region
[2020-01-13T13:39:06.648+0000][1][safepoint    ] Total time for which application threads were stopped: 0.0003289 seconds, Stopping threads took: 0.0000399 seconds
[2020-01-13T13:39:06.956+0000][1][safepoint    ] Application time: 0.3077405 seconds
[2020-01-13T13:39:06.956+0000][1][safepoint    ] Entering safepoint region: GenCollectForAllocation
[2020-01-13T13:39:06.956+0000][1][gc,start     ] GC(8) Pause Young (Allocation Failure)
[2020-01-13T13:39:06.956+0000][1][gc,task      ] GC(8) Using 1 workers of 1 for evacuation
[2020-01-13T13:39:06.973+0000][1][gc,age       ] GC(8) Desired survivor size 4358144 bytes, new threshold 6 (max threshold 6)
[2020-01-13T13:39:06.973+0000][1][gc,age       ] GC(8) Age table with threshold 6 (max threshold 6)
[2020-01-13T13:39:06.973+0000][1][gc,age       ] GC(8) - age   1:    2106000 bytes,    2106000 total
[2020-01-13T13:39:06.973+0000][1][gc,age       ] GC(8) - age   2:    1295688 bytes,    3401688 total
[2020-01-13T13:39:06.973+0000][1][gc,age       ] GC(8) - age   3:     216024 bytes,    3617712 total
[2020-01-13T13:39:06.973+0000][1][gc,heap      ] GC(8) ParNew: 76672K->5264K(76672K)
[2020-01-13T13:39:06.973+0000][1][gc,heap      ] GC(8) CMS: 11288K->13913K(176960K)
[2020-01-13T13:39:06.973+0000][1][gc,metaspace ] GC(8) Metaspace: 20292K->20292K(1069056K)
[2020-01-13T13:39:06.973+0000][1][gc           ] GC(8) Pause Young (Allocation Failure) 85M->18M(247M) 16.965ms
[2020-01-13T13:39:06.973+0000][1][gc,cpu       ] GC(8) User=0.02s Sys=0.00s Real=0.02s
[2020-01-13T13:39:06.973+0000][1][safepoint    ] Leaving safepoint region
[2020-01-13T13:39:06.973+0000][1][safepoint    ] Total time for which application threads were stopped: 0.0171367 seconds, Stopping threads took: 0.0000262 seconds
[2020-01-13T13:39:06.984+0000][1][safepoint    ] Application time: 0.0110660 seconds
[2020-01-13T13:39:06.985+0000][1][safepoint    ] Entering safepoint region: CMS_Initial_Mark
[2020-01-13T13:39:06.985+0000][1][gc,start     ] GC(9) Pause Initial Mark
[2020-01-13T13:39:06.988+0000][1][gc           ] GC(9) Pause Initial Mark 24M->24M(247M) 2.992ms
[2020-01-13T13:39:06.988+0000][1][gc,cpu       ] GC(9) User=0.01s Sys=0.00s Real=0.00s
[2020-01-13T13:39:06.988+0000][1][safepoint    ] Leaving safepoint region
[2020-01-13T13:39:06.988+0000][1][safepoint    ] Total time for which application threads were stopped: 0.0039469 seconds, Stopping threads took: 0.0008221 seconds
[2020-01-13T13:39:06.992+0000][1][gc           ] GC(9) Concurrent Mark
[2020-01-13T13:39:07.031+0000][1][gc           ] GC(9) Concurrent Mark 38.300ms
[2020-01-13T13:39:07.031+0000][1][gc,cpu       ] GC(9) User=0.04s Sys=0.00s Real=0.04s
[2020-01-13T13:39:07.031+0000][1][gc           ] GC(9) Concurrent Preclean
[2020-01-13T13:39:07.031+0000][1][gc           ] GC(9) Concurrent Preclean 0.502ms
[2020-01-13T13:39:07.031+0000][1][gc,cpu       ] GC(9) User=0.00s Sys=0.00s Real=0.00s
[2020-01-13T13:39:07.031+0000][1][gc           ] GC(9) Concurrent Abortable Preclean
[2020-01-13T13:39:07.104+0000][1][safepoint    ] Application time: 0.1157205 seconds
[2020-01-13T13:39:07.107+0000][1][safepoint    ] Entering safepoint region: CollectForMetadataAllocation
[2020-01-13T13:39:07.108+0000][1][safepoint    ] Leaving safepoint region
[2020-01-13T13:39:07.108+0000][1][safepoint    ] Total time for which application threads were stopped: 0.0034908 seconds, Stopping threads took: 0.0032680 seconds
[2020-01-13T13:39:07.220+0000][1][safepoint    ] Application time: 0.1120247 seconds
[2020-01-13T13:39:07.220+0000][1][safepoint    ] Entering safepoint region: GenCollectForAllocation
[2020-01-13T13:39:07.220+0000][1][gc,start     ] GC(10) Pause Young (Allocation Failure)
[2020-01-13T13:39:07.220+0000][1][gc,task      ] GC(10) Using 1 workers of 1 for evacuation
[2020-01-13T13:39:07.229+0000][1][gc,age       ] GC(10) Desired survivor size 4358144 bytes, new threshold 6 (max threshold 6)
[2020-01-13T13:39:07.230+0000][1][gc,age       ] GC(10) Age table with threshold 6 (max threshold 6)
[2020-01-13T13:39:07.230+0000][1][gc,age       ] GC(10) - age   1:     634936 bytes,     634936 total
[2020-01-13T13:39:07.230+0000][1][gc,age       ] GC(10) - age   2:     619760 bytes,    1254696 total
[2020-01-13T13:39:07.230+0000][1][gc,age       ] GC(10) - age   3:    1295568 bytes,    2550264 total
[2020-01-13T13:39:07.230+0000][1][gc,age       ] GC(10) - age   4:     216024 bytes,    2766288 total
[2020-01-13T13:39:07.230+0000][1][gc,heap      ] GC(10) ParNew: 73424K->3965K(76672K)
[2020-01-13T13:39:07.230+0000][1][gc,heap      ] GC(10) CMS: 13913K->13913K(176960K)
[2020-01-13T13:39:07.230+0000][1][gc,metaspace ] GC(10) Metaspace: 20401K->20401K(1069056K)
[2020-01-13T13:39:07.230+0000][1][gc           ] GC(10) Pause Young (Allocation Failure) 85M->17M(247M) 9.804ms
[2020-01-13T13:39:07.230+0000][1][gc,cpu       ] GC(10) User=0.01s Sys=0.00s Real=0.01s
[2020-01-13T13:39:07.230+0000][1][safepoint    ] Leaving safepoint region
[2020-01-13T13:39:07.230+0000][1][safepoint    ] Total time for which application threads were stopped: 0.0099516 seconds, Stopping threads took: 0.0000288 seconds
[2020-01-13T13:39:07.449+0000][1][safepoint    ] Application time: 0.2192299 seconds
[2020-01-13T13:39:07.449+0000][1][safepoint    ] Entering safepoint region: GenCollectForAllocation
[2020-01-13T13:39:07.449+0000][1][gc,start     ] GC(11) Pause Young (Allocation Failure)
[2020-01-13T13:39:07.450+0000][1][gc,task      ] GC(11) Using 1 workers of 1 for evacuation
[2020-01-13T13:39:07.460+0000][1][gc,age       ] GC(11) Desired survivor size 4358144 bytes, new threshold 5 (max threshold 6)
[2020-01-13T13:39:07.460+0000][1][gc,age       ] GC(11) Age table with threshold 5 (max threshold 6)
[2020-01-13T13:39:07.460+0000][1][gc,age       ] GC(11) - age   1:    2263752 bytes,    2263752 total
[2020-01-13T13:39:07.460+0000][1][gc,age       ] GC(11) - age   2:     135208 bytes,    2398960 total
[2020-01-13T13:39:07.460+0000][1][gc,age       ] GC(11) - age   3:     619712 bytes,    3018672 total
[2020-01-13T13:39:07.460+0000][1][gc,age       ] GC(11) - age   4:    1295464 bytes,    4314136 total
[2020-01-13T13:39:07.460+0000][1][gc,age       ] GC(11) - age   5:     215880 bytes,    4530016 total
[2020-01-13T13:39:07.460+0000][1][gc,heap      ] GC(11) ParNew: 72125K->6035K(76672K)
[2020-01-13T13:39:07.460+0000][1][gc,heap      ] GC(11) CMS: 13913K->13913K(176960K)
[2020-01-13T13:39:07.460+0000][1][gc,metaspace ] GC(11) Metaspace: 20475K->20475K(1069056K)
[2020-01-13T13:39:07.460+0000][1][gc           ] GC(11) Pause Young (Allocation Failure) 84M->19M(247M) 10.669ms
[2020-01-13T13:39:07.460+0000][1][gc,cpu       ] GC(11) User=0.01s Sys=0.00s Real=0.01s
[2020-01-13T13:39:07.460+0000][1][safepoint    ] Leaving safepoint region
[2020-01-13T13:39:07.460+0000][1][safepoint    ] Total time for which application threads were stopped: 0.0113036 seconds, Stopping threads took: 0.0004794 seconds
[2020-01-13T13:39:07.467+0000][1][gc           ] GC(9) Concurrent Abortable Preclean 436.083ms
[2020-01-13T13:39:07.467+0000][1][gc,cpu       ] GC(9) User=0.42s Sys=0.01s Real=0.43s
[2020-01-13T13:39:07.471+0000][1][safepoint    ] Application time: 0.0111066 seconds
[2020-01-13T13:39:07.471+0000][1][safepoint    ] Entering safepoint region: CMS_Final_Remark
[2020-01-13T13:39:07.472+0000][1][gc,start     ] GC(9) Pause Remark
[2020-01-13T13:39:07.486+0000][1][gc           ] GC(9) Pause Remark 22M->22M(247M) 14.487ms
[2020-01-13T13:39:07.486+0000][1][gc,cpu       ] GC(9) User=0.01s Sys=0.00s Real=0.01s
[2020-01-13T13:39:07.486+0000][1][safepoint    ] Leaving safepoint region
[2020-01-13T13:39:07.486+0000][1][safepoint    ] Total time for which application threads were stopped: 0.0147145 seconds, Stopping threads took: 0.0000580 seconds
[2020-01-13T13:39:07.498+0000][1][gc           ] GC(9) Concurrent Sweep
[2020-01-13T13:39:07.503+0000][1][gc           ] GC(9) Concurrent Sweep 4.780ms
[2020-01-13T13:39:07.503+0000][1][gc,cpu       ] GC(9) User=0.01s Sys=0.00s Real=0.01s
[2020-01-13T13:39:07.503+0000][1][gc           ] GC(9) Concurrent Reset
[2020-01-13T13:39:07.507+0000][1][gc           ] GC(9) Concurrent Reset 3.511ms
[2020-01-13T13:39:07.507+0000][1][gc,cpu       ] GC(9) User=0.00s Sys=0.00s Real=0.00s
[2020-01-13T13:39:07.507+0000][1][gc,heap      ] GC(9) Old: 13913K->13886K(176960K)
[2020-01-13T13:39:07.664+0000][1][safepoint    ] Application time: 0.1781698 seconds
[2020-01-13T13:39:07.664+0000][1][safepoint    ] Entering safepoint region: Deoptimize
[2020-01-13T13:39:07.666+0000][1][safepoint    ] Leaving safepoint region
[2020-01-13T13:39:07.666+0000][1][safepoint    ] Total time for which application threads were stopped: 0.0011987 seconds, Stopping threads took: 0.0000255 seconds
[2020-01-13T13:39:08.360+0000][1][safepoint    ] Application time: 0.6944877 seconds
[2020-01-13T13:39:08.360+0000][1][safepoint    ] Entering safepoint region: GenCollectForAllocation
[2020-01-13T13:39:08.360+0000][1][gc,start     ] GC(12) Pause Young (Allocation Failure)
[2020-01-13T13:39:08.361+0000][1][gc,task      ] GC(12) Using 1 workers of 1 for evacuation
[2020-01-13T13:39:08.380+0000][1][gc,age       ] GC(12) Desired survivor size 4358144 bytes, new threshold 6 (max threshold 6)
[2020-01-13T13:39:08.380+0000][1][gc,age       ] GC(12) Age table with threshold 6 (max threshold 6)
[2020-01-13T13:39:08.380+0000][1][gc,age       ] GC(12) - age   1:    1194872 bytes,    1194872 total
[2020-01-13T13:39:08.380+0000][1][gc,age       ] GC(12) - age   2:     262528 bytes,    1457400 total
[2020-01-13T13:39:08.380+0000][1][gc,age       ] GC(12) - age   3:     135096 bytes,    1592496 total
[2020-01-13T13:39:08.380+0000][1][gc,age       ] GC(12) - age   4:     619616 bytes,    2212112 total
[2020-01-13T13:39:08.380+0000][1][gc,age       ] GC(12) - age   5:    1295400 bytes,    3507512 total
[2020-01-13T13:39:08.380+0000][1][gc,heap      ] GC(12) ParNew: 74195K->4072K(76672K)
[2020-01-13T13:39:08.380+0000][1][gc,heap      ] GC(12) CMS: 13886K->14104K(176960K)
[2020-01-13T13:39:08.380+0000][1][gc,metaspace ] GC(12) Metaspace: 23488K->23488K(1071104K)
[2020-01-13T13:39:08.380+0000][1][gc           ] GC(12) Pause Young (Allocation Failure) 86M->17M(247M) 19.362ms
[2020-01-13T13:39:08.380+0000][1][gc,cpu       ] GC(12) User=0.02s Sys=0.00s Real=0.02s
[2020-01-13T13:39:08.380+0000][1][safepoint    ] Leaving safepoint region
[2020-01-13T13:39:08.380+0000][1][safepoint    ] Total time for which application threads were stopped: 0.0198125 seconds, Stopping threads took: 0.0000250 seconds
[2020-01-13T13:39:08.385+0000][1][safepoint    ] Application time: 0.0047258 seconds
[2020-01-13T13:39:08.385+0000][1][safepoint    ] Entering safepoint region: RevokeBias
[2020-01-13T13:39:08.385+0000][1][safepoint    ] Leaving safepoint region
[2020-01-13T13:39:08.385+0000][1][safepoint    ] Total time for which application threads were stopped: 0.0001203 seconds, Stopping threads took: 0.0000225 seconds
[2020-01-13T13:39:08.660+0000][1][safepoint    ] Application time: 0.2755714 seconds
[2020-01-13T13:39:08.660+0000][1][safepoint    ] Entering safepoint region: Deoptimize
[2020-01-13T13:39:08.661+0000][1][safepoint    ] Leaving safepoint region
[2020-01-13T13:39:08.661+0000][1][safepoint    ] Total time for which application threads were stopped: 0.0005996 seconds, Stopping threads took: 0.0000266 seconds
[2020-01-13T13:39:08.699+0000][1][safepoint    ] Application time: 0.0377063 seconds
[2020-01-13T13:39:08.699+0000][1][safepoint    ] Entering safepoint region: Deoptimize
[2020-01-13T13:39:08.699+0000][1][safepoint    ] Leaving safepoint region
[2020-01-13T13:39:08.699+0000][1][safepoint    ] Total time for which application threads were stopped: 0.0006228 seconds, Stopping threads took: 0.0000244 seconds
[2020-01-13T13:39:08.714+0000][1][safepoint    ] Application time: 0.0141560 seconds
[2020-01-13T13:39:08.714+0000][1][safepoint    ] Entering safepoint region: RevokeBias
[2020-01-13T13:39:08.714+0000][1][safepoint    ] Leaving safepoint region
[2020-01-13T13:39:08.714+0000][1][safepoint    ] Total time for which application threads were stopped: 0.0000877 seconds, Stopping threads took: 0.0000243 seconds
[2020-01-13T13:39:08.714+0000][1][safepoint    ] Application time: 0.0000797 seconds
[2020-01-13T13:39:08.714+0000][1][safepoint    ] Entering safepoint region: RevokeBias
[2020-01-13T13:39:08.714+0000][1][safepoint    ] Leaving safepoint region
[2020-01-13T13:39:08.714+0000][1][safepoint    ] Total time for which application threads were stopped: 0.0000296 seconds, Stopping threads took: 0.0000125 seconds
[2020-01-13T13:39:09.714+0000][1][safepoint    ] Application time: 1.0000926 seconds
[2020-01-13T13:39:09.716+0000][1][safepoint    ] Entering safepoint region: Cleanup
[2020-01-13T13:39:09.716+0000][1][safepoint    ] Leaving safepoint region
[2020-01-13T13:39:09.716+0000][1][safepoint    ] Total time for which application threads were stopped: 0.0023997 seconds, Stopping threads took: 0.0020207 seconds
[2020-01-13T13:39:10.042+0000][1][safepoint    ] Application time: 0.3256461 seconds
[2020-01-13T13:39:10.042+0000][1][safepoint    ] Entering safepoint region: GenCollectForAllocation
[2020-01-13T13:39:10.042+0000][1][gc,start     ] GC(13) Pause Young (Allocation Failure)
[2020-01-13T13:39:10.042+0000][1][gc,task      ] GC(13) Using 1 workers of 1 for evacuation
[2020-01-13T13:39:10.161+0000][1][gc,age       ] GC(13) Desired survivor size 4358144 bytes, new threshold 1 (max threshold 6)
[2020-01-13T13:39:10.161+0000][1][gc,age       ] GC(13) Age table with threshold 1 (max threshold 6)
[2020-01-13T13:39:10.161+0000][1][gc,age       ] GC(13) - age   1:    5858424 bytes,    5858424 total
[2020-01-13T13:39:10.161+0000][1][gc,age       ] GC(13) - age   2:     628744 bytes,    6487168 total
[2020-01-13T13:39:10.161+0000][1][gc,age       ] GC(13) - age   3:     253400 bytes,    6740568 total
[2020-01-13T13:39:10.161+0000][1][gc,age       ] GC(13) - age   4:     127152 bytes,    6867720 total
[2020-01-13T13:39:10.161+0000][1][gc,age       ] GC(13) - age   5:     563656 bytes,    7431376 total
[2020-01-13T13:39:10.161+0000][1][gc,age       ] GC(13) - age   6:    1284784 bytes,    8716160 total
[2020-01-13T13:39:10.161+0000][1][gc,heap      ] GC(13) ParNew: 72232K->8512K(76672K)
[2020-01-13T13:39:10.161+0000][1][gc,heap      ] GC(13) CMS: 14104K->22554K(176960K)
[2020-01-13T13:39:10.161+0000][1][gc,metaspace ] GC(13) Metaspace: 26905K->26905K(1075200K)
[2020-01-13T13:39:10.161+0000][1][gc           ] GC(13) Pause Young (Allocation Failure) 84M->30M(247M) 119.023ms
[2020-01-13T13:39:10.161+0000][1][gc,cpu       ] GC(13) User=0.12s Sys=0.00s Real=0.12s
[2020-01-13T13:39:10.161+0000][1][safepoint    ] Leaving safepoint region
[2020-01-13T13:39:10.161+0000][1][safepoint    ] Total time for which application threads were stopped: 0.1191895 seconds, Stopping threads took: 0.0000285 seconds
[2020-01-13T13:39:10.312+0000][1][safepoint    ] Application time: 0.1502556 seconds
[2020-01-13T13:39:10.312+0000][1][safepoint    ] Entering safepoint region: RevokeBias
[2020-01-13T13:39:10.312+0000][1][safepoint    ] Leaving safepoint region
[2020-01-13T13:39:10.312+0000][1][safepoint    ] Total time for which application threads were stopped: 0.0001081 seconds, Stopping threads took: 0.0000257 seconds
[2020-01-13T13:39:11.103+0000][1][safepoint    ] Application time: 0.7908889 seconds
[2020-01-13T13:39:11.103+0000][1][safepoint    ] Entering safepoint region: GenCollectForAllocation
[2020-01-13T13:39:11.103+0000][1][gc,start     ] GC(14) Pause Young (Allocation Failure)
[2020-01-13T13:39:11.103+0000][1][gc,task      ] GC(14) Using 1 workers of 1 for evacuation
[2020-01-13T13:39:11.263+0000][1][gc,age       ] GC(14) Desired survivor size 4358144 bytes, new threshold 1 (max threshold 6)
[2020-01-13T13:39:11.263+0000][1][gc,age       ] GC(14) Age table with threshold 1 (max threshold 6)
[2020-01-13T13:39:11.263+0000][1][gc,age       ] GC(14) - age   1:    8716136 bytes,    8716136 total
[2020-01-13T13:39:11.263+0000][1][gc,heap      ] GC(14) ParNew: 76672K->8512K(76672K)
[2020-01-13T13:39:11.263+0000][1][gc,heap      ] GC(14) CMS: 22554K->35388K(176960K)
[2020-01-13T13:39:11.263+0000][1][gc,metaspace ] GC(14) Metaspace: 27055K->27055K(1075200K)
[2020-01-13T13:39:11.263+0000][1][gc           ] GC(14) Pause Young (Allocation Failure) 96M->42M(247M) 160.418ms
[2020-01-13T13:39:11.263+0000][1][gc,cpu       ] GC(14) User=0.15s Sys=0.00s Real=0.16s
[2020-01-13T13:39:11.263+0000][1][safepoint    ] Leaving safepoint region
[2020-01-13T13:39:11.263+0000][1][safepoint    ] Total time for which application threads were stopped: 0.1606189 seconds, Stopping threads took: 0.0000319 seconds
[2020-01-13T13:39:12.315+0000][1][safepoint    ] Application time: 1.0515872 seconds
[2020-01-13T13:39:12.318+0000][1][safepoint    ] Entering safepoint region: RevokeBias
[2020-01-13T13:39:12.319+0000][1][safepoint    ] Leaving safepoint region
[2020-01-13T13:39:12.319+0000][1][safepoint    ] Total time for which application threads were stopped: 0.0037720 seconds, Stopping threads took: 0.0034972 seconds
[2020-01-13T13:39:12.459+0000][1][safepoint    ] Application time: 0.1403120 seconds
[2020-01-13T13:39:12.462+0000][1][safepoint    ] Entering safepoint region: GenCollectForAllocation
[2020-01-13T13:39:12.463+0000][1][gc,start     ] GC(15) Pause Young (Allocation Failure)
[2020-01-13T13:39:12.463+0000][1][gc,task      ] GC(15) Using 1 workers of 1 for evacuation
[2020-01-13T13:39:12.570+0000][1][gc,age       ] GC(15) Desired survivor size 4358144 bytes, new threshold 1 (max threshold 6)
[2020-01-13T13:39:12.570+0000][1][gc,age       ] GC(15) Age table with threshold 1 (max threshold 6)
[2020-01-13T13:39:12.570+0000][1][gc,age       ] GC(15) - age   1:    8716072 bytes,    8716072 total
[2020-01-13T13:39:12.570+0000][1][gc,heap      ] GC(15) ParNew: 76672K->8512K(76672K)
[2020-01-13T13:39:12.570+0000][1][gc,heap      ] GC(15) CMS: 35388K->45679K(176960K)
[2020-01-13T13:39:12.570+0000][1][gc,metaspace ] GC(15) Metaspace: 29580K->29580K(1077248K)
[2020-01-13T13:39:12.570+0000][1][gc           ] GC(15) Pause Young (Allocation Failure) 109M->52M(247M) 107.405ms
[2020-01-13T13:39:12.570+0000][1][gc,cpu       ] GC(15) User=0.10s Sys=0.00s Real=0.11s
[2020-01-13T13:39:12.570+0000][1][safepoint    ] Leaving safepoint region
[2020-01-13T13:39:12.570+0000][1][safepoint    ] Total time for which application threads were stopped: 0.1109027 seconds, Stopping threads took: 0.0033268 seconds
[2020-01-13T13:39:13.265+0000][1][safepoint    ] Application time: 0.6950955 seconds
[2020-01-13T13:39:13.266+0000][1][safepoint    ] Entering safepoint region: GenCollectForAllocation
[2020-01-13T13:39:13.266+0000][1][gc,start     ] GC(16) Pause Young (Allocation Failure)
[2020-01-13T13:39:13.266+0000][1][gc,task      ] GC(16) Using 1 workers of 1 for evacuation
[2020-01-13T13:39:13.328+0000][1][gc,age       ] GC(16) Desired survivor size 4358144 bytes, new threshold 6 (max threshold 6)
[2020-01-13T13:39:13.328+0000][1][gc,age       ] GC(16) Age table with threshold 6 (max threshold 6)
[2020-01-13T13:39:13.328+0000][1][gc,age       ] GC(16) - age   1:    1192744 bytes,    1192744 total
[2020-01-13T13:39:13.328+0000][1][gc,heap      ] GC(16) ParNew: 76672K->8434K(76672K)
[2020-01-13T13:39:13.328+0000][1][gc,heap      ] GC(16) CMS: 45679K->54258K(176960K)
[2020-01-13T13:39:13.328+0000][1][gc,metaspace ] GC(16) Metaspace: 32824K->32824K(1079296K)
[2020-01-13T13:39:13.328+0000][1][gc           ] GC(16) Pause Young (Allocation Failure) 119M->61M(247M) 61.590ms
[2020-01-13T13:39:13.328+0000][1][gc,cpu       ] GC(16) User=0.06s Sys=0.00s Real=0.06s
[2020-01-13T13:39:13.328+0000][1][safepoint    ] Leaving safepoint region
[2020-01-13T13:39:13.328+0000][1][safepoint    ] Total time for which application threads were stopped: 0.0629275 seconds, Stopping threads took: 0.0011055 seconds
[2020-01-13T13:39:13.796+0000][1][safepoint    ] Application time: 0.4683875 seconds
[2020-01-13T13:39:13.797+0000][1][safepoint    ] Entering safepoint region: CollectForMetadataAllocation
[2020-01-13T13:39:13.797+0000][1][safepoint    ] Leaving safepoint region
[2020-01-13T13:39:13.797+0000][1][safepoint    ] Total time for which application threads were stopped: 0.0002369 seconds, Stopping threads took: 0.0000262 seconds
[2020-01-13T13:39:13.866+0000][1][safepoint    ] Application time: 0.0690134 seconds
[2020-01-13T13:39:13.866+0000][1][safepoint    ] Entering safepoint region: CollectForMetadataAllocation
[2020-01-13T13:39:13.866+0000][1][safepoint    ] Leaving safepoint region
[2020-01-13T13:39:13.866+0000][1][safepoint    ] Total time for which application threads were stopped: 0.0001864 seconds, Stopping threads took: 0.0000271 seconds
[2020-01-13T13:39:13.926+0000][1][safepoint    ] Application time: 0.0603959 seconds
[2020-01-13T13:39:13.926+0000][1][safepoint    ] Entering safepoint region: CollectForMetadataAllocation
[2020-01-13T13:39:13.927+0000][1][safepoint    ] Leaving safepoint region
[2020-01-13T13:39:13.927+0000][1][safepoint    ] Total time for which application threads were stopped: 0.0002484 seconds, Stopping threads took: 0.0000252 seconds
[2020-01-13T13:39:13.955+0000][1][safepoint    ] Application time: 0.0281111 seconds
[2020-01-13T13:39:13.957+0000][1][safepoint    ] Entering safepoint region: CollectForMetadataAllocation
[2020-01-13T13:39:13.957+0000][1][safepoint    ] Leaving safepoint region
[2020-01-13T13:39:13.957+0000][1][safepoint    ] Total time for which application threads were stopped: 0.0023249 seconds, Stopping threads took: 0.0020619 seconds
[2020-01-13T13:39:13.993+0000][1][safepoint    ] Application time: 0.0355950 seconds
[2020-01-13T13:39:13.993+0000][1][safepoint    ] Entering safepoint region: CollectForMetadataAllocation
[2020-01-13T13:39:13.993+0000][1][safepoint    ] Leaving safepoint region
[2020-01-13T13:39:13.993+0000][1][safepoint    ] Total time for which application threads were stopped: 0.0002449 seconds, Stopping threads took: 0.0000320 seconds
[2020-01-13T13:39:14.019+0000][1][safepoint    ] Application time: 0.0259704 seconds
[2020-01-13T13:39:14.019+0000][1][safepoint    ] Entering safepoint region: CollectForMetadataAllocation
[2020-01-13T13:39:14.019+0000][1][safepoint    ] Leaving safepoint region
[2020-01-13T13:39:14.019+0000][1][safepoint    ] Total time for which application threads were stopped: 0.0002497 seconds, Stopping threads took: 0.0000266 seconds
[2020-01-13T13:39:14.079+0000][1][safepoint    ] Application time: 0.0599843 seconds
[2020-01-13T13:39:14.079+0000][1][safepoint    ] Entering safepoint region: CollectForMetadataAllocation
[2020-01-13T13:39:14.080+0000][1][safepoint    ] Leaving safepoint region
[2020-01-13T13:39:14.080+0000][1][safepoint    ] Total time for which application threads were stopped: 0.0001732 seconds, Stopping threads took: 0.0000248 seconds
[2020-01-13T13:39:14.120+0000][1][safepoint    ] Application time: 0.0403378 seconds
[2020-01-13T13:39:14.120+0000][1][safepoint    ] Entering safepoint region: CollectForMetadataAllocation
[2020-01-13T13:39:14.120+0000][1][safepoint    ] Leaving safepoint region
[2020-01-13T13:39:14.120+0000][1][safepoint    ] Total time for which application threads were stopped: 0.0002478 seconds, Stopping threads took: 0.0000271 seconds
[2020-01-13T13:39:14.163+0000][1][safepoint    ] Application time: 0.0426879 seconds
[2020-01-13T13:39:14.166+0000][1][safepoint    ] Entering safepoint region: CollectForMetadataAllocation
[2020-01-13T13:39:14.167+0000][1][safepoint    ] Leaving safepoint region
[2020-01-13T13:39:14.167+0000][1][safepoint    ] Total time for which application threads were stopped: 0.0035701 seconds, Stopping threads took: 0.0034118 seconds
[2020-01-13T13:39:14.222+0000][1][safepoint    ] Application time: 0.0555543 seconds
[2020-01-13T13:39:14.222+0000][1][safepoint    ] Entering safepoint region: CollectForMetadataAllocation
[2020-01-13T13:39:14.222+0000][1][safepoint    ] Leaving safepoint region
[2020-01-13T13:39:14.222+0000][1][safepoint    ] Total time for which application threads were stopped: 0.0002490 seconds, Stopping threads took: 0.0000228 seconds
[2020-01-13T13:39:14.245+0000][1][safepoint    ] Application time: 0.0229087 seconds
[2020-01-13T13:39:14.249+0000][1][safepoint    ] Entering safepoint region: RevokeBias
[2020-01-13T13:39:14.250+0000][1][safepoint    ] Leaving safepoint region
[2020-01-13T13:39:14.250+0000][1][safepoint    ] Total time for which application threads were stopped: 0.0041614 seconds, Stopping threads took: 0.0040189 seconds
[2020-01-13T13:39:14.259+0000][1][safepoint    ] Application time: 0.0098592 seconds
[2020-01-13T13:39:14.259+0000][1][safepoint    ] Entering safepoint region: CollectForMetadataAllocation
[2020-01-13T13:39:14.260+0000][1][safepoint    ] Leaving safepoint region
[2020-01-13T13:39:14.260+0000][1][safepoint    ] Total time for which application threads were stopped: 0.0002206 seconds, Stopping threads took: 0.0000244 seconds
[2020-01-13T13:39:14.289+0000][1][safepoint    ] Application time: 0.0290278 seconds
[2020-01-13T13:39:14.289+0000][1][safepoint    ] Entering safepoint region: RevokeBias
[2020-01-13T13:39:14.289+0000][1][safepoint    ] Leaving safepoint region
[2020-01-13T13:39:14.289+0000][1][safepoint    ] Total time for which application threads were stopped: 0.0001500 seconds, Stopping threads took: 0.0000330 seconds
[2020-01-13T13:39:14.294+0000][1][safepoint    ] Application time: 0.0048226 seconds
[2020-01-13T13:39:14.294+0000][1][safepoint    ] Entering safepoint region: RevokeBias
[2020-01-13T13:39:14.294+0000][1][safepoint    ] Leaving safepoint region
[2020-01-13T13:39:14.294+0000][1][safepoint    ] Total time for which application threads were stopped: 0.0001408 seconds, Stopping threads took: 0.0000273 seconds
[2020-01-13T13:39:14.323+0000][1][safepoint    ] Application time: 0.0287547 seconds
[2020-01-13T13:39:14.325+0000][1][safepoint    ] Entering safepoint region: CollectForMetadataAllocation
[2020-01-13T13:39:14.325+0000][1][safepoint    ] Leaving safepoint region
[2020-01-13T13:39:14.325+0000][1][safepoint    ] Total time for which application threads were stopped: 0.0025040 seconds, Stopping threads took: 0.0022864 seconds
[2020-01-13T13:39:14.378+0000][1][safepoint    ] Application time: 0.0532017 seconds
[2020-01-13T13:39:14.378+0000][1][safepoint    ] Entering safepoint region: CollectForMetadataAllocation
[2020-01-13T13:39:14.379+0000][1][safepoint    ] Leaving safepoint region
[2020-01-13T13:39:14.379+0000][1][safepoint    ] Total time for which application threads were stopped: 0.0002268 seconds, Stopping threads took: 0.0000231 seconds
[2020-01-13T13:39:14.423+0000][1][safepoint    ] Application time: 0.0447192 seconds
[2020-01-13T13:39:14.423+0000][1][safepoint    ] Entering safepoint region: CollectForMetadataAllocation
[2020-01-13T13:39:14.424+0000][1][safepoint    ] Leaving safepoint region
[2020-01-13T13:39:14.424+0000][1][safepoint    ] Total time for which application threads were stopped: 0.0001874 seconds, Stopping threads took: 0.0000245 seconds
[2020-01-13T13:39:14.492+0000][1][safepoint    ] Application time: 0.0682547 seconds
[2020-01-13T13:39:14.494+0000][1][safepoint    ] Entering safepoint region: CollectForMetadataAllocation
[2020-01-13T13:39:14.494+0000][1][safepoint    ] Leaving safepoint region
[2020-01-13T13:39:14.494+0000][1][safepoint    ] Total time for which application threads were stopped: 0.0022809 seconds, Stopping threads took: 0.0020198 seconds
[2020-01-13T13:39:14.530+0000][1][safepoint    ] Application time: 0.0361101 seconds
[2020-01-13T13:39:14.530+0000][1][safepoint    ] Entering safepoint region: CollectForMetadataAllocation
[2020-01-13T13:39:14.531+0000][1][safepoint    ] Leaving safepoint region
[2020-01-13T13:39:14.531+0000][1][safepoint    ] Total time for which application threads were stopped: 0.0003092 seconds, Stopping threads took: 0.0000323 seconds
[2020-01-13T13:39:14.588+0000][1][safepoint    ] Application time: 0.0575288 seconds
[2020-01-13T13:39:14.588+0000][1][safepoint    ] Entering safepoint region: CollectForMetadataAllocation
[2020-01-13T13:39:14.589+0000][1][safepoint    ] Leaving safepoint region
[2020-01-13T13:39:14.589+0000][1][safepoint    ] Total time for which application threads were stopped: 0.0002292 seconds, Stopping threads took: 0.0000275 seconds
[2020-01-13T13:39:14.639+0000][1][safepoint    ] Application time: 0.0501008 seconds
[2020-01-13T13:39:14.642+0000][1][safepoint    ] Entering safepoint region: CollectForMetadataAllocation
[2020-01-13T13:39:14.643+0000][1][safepoint    ] Leaving safepoint region
[2020-01-13T13:39:14.643+0000][1][safepoint    ] Total time for which application threads were stopped: 0.0038734 seconds, Stopping threads took: 0.0036491 seconds
[2020-01-13T13:39:14.682+0000][1][safepoint    ] Application time: 0.0393764 seconds
[2020-01-13T13:39:14.685+0000][1][safepoint    ] Entering safepoint region: CollectForMetadataAllocation
[2020-01-13T13:39:14.686+0000][1][safepoint    ] Leaving safepoint region
[2020-01-13T13:39:14.686+0000][1][safepoint    ] Total time for which application threads were stopped: 0.0036240 seconds, Stopping threads took: 0.0033965 seconds
[2020-01-13T13:39:14.740+0000][1][safepoint    ] Application time: 0.0547800 seconds
[2020-01-13T13:39:14.741+0000][1][safepoint    ] Entering safepoint region: CollectForMetadataAllocation
[2020-01-13T13:39:14.741+0000][1][safepoint    ] Leaving safepoint region
[2020-01-13T13:39:14.741+0000][1][safepoint    ] Total time for which application threads were stopped: 0.0002516 seconds, Stopping threads took: 0.0000235 seconds
[2020-01-13T13:39:14.775+0000][1][safepoint    ] Application time: 0.0339492 seconds
[2020-01-13T13:39:14.775+0000][1][safepoint    ] Entering safepoint region: GenCollectForAllocation
[2020-01-13T13:39:14.775+0000][1][gc,start     ] GC(17) Pause Young (Allocation Failure)
[2020-01-13T13:39:14.775+0000][1][gc,task      ] GC(17) Using 1 workers of 1 for evacuation
[2020-01-13T13:39:14.799+0000][1][gc,age       ] GC(17) Desired survivor size 4358144 bytes, new threshold 6 (max threshold 6)
[2020-01-13T13:39:14.799+0000][1][gc,age       ] GC(17) Age table with threshold 6 (max threshold 6)
[2020-01-13T13:39:14.799+0000][1][gc,age       ] GC(17) - age   1:    2869144 bytes,    2869144 total
[2020-01-13T13:39:14.799+0000][1][gc,age       ] GC(17) - age   2:    1134400 bytes,    4003544 total
[2020-01-13T13:39:14.799+0000][1][gc,heap      ] GC(17) ParNew: 76585K->4654K(76672K)
[2020-01-13T13:39:14.799+0000][1][gc,heap      ] GC(17) CMS: 54258K->54258K(176960K)
[2020-01-13T13:39:14.799+0000][1][gc,metaspace ] GC(17) Metaspace: 39623K->39623K(1085440K)
[2020-01-13T13:39:14.799+0000][1][gc           ] GC(17) Pause Young (Allocation Failure) 127M->57M(247M) 24.436ms
[2020-01-13T13:39:14.799+0000][1][gc,cpu       ] GC(17) User=0.02s Sys=0.00s Real=0.03s
[2020-01-13T13:39:14.799+0000][1][safepoint    ] Leaving safepoint region
[2020-01-13T13:39:14.799+0000][1][safepoint    ] Total time for which application threads were stopped: 0.0246116 seconds, Stopping threads took: 0.0000343 seconds
[2020-01-13T13:39:14.808+0000][1][safepoint    ] Application time: 0.0089468 seconds
[2020-01-13T13:39:14.810+0000][1][safepoint    ] Entering safepoint region: CMS_Initial_Mark
[2020-01-13T13:39:14.810+0000][1][gc,start     ] GC(18) Pause Initial Mark
[2020-01-13T13:39:14.815+0000][1][gc           ] GC(18) Pause Initial Mark 60M->60M(247M) 5.373ms
[2020-01-13T13:39:14.815+0000][1][gc,cpu       ] GC(18) User=0.01s Sys=0.00s Real=0.00s
[2020-01-13T13:39:14.815+0000][1][safepoint    ] Leaving safepoint region
[2020-01-13T13:39:14.815+0000][1][safepoint    ] Total time for which application threads were stopped: 0.0069807 seconds, Stopping threads took: 0.0014533 seconds
[2020-01-13T13:39:14.819+0000][1][gc           ] GC(18) Concurrent Mark
[2020-01-13T13:39:14.824+0000][1][safepoint    ] Application time: 0.0089830 seconds
[2020-01-13T13:39:14.824+0000][1][safepoint    ] Entering safepoint region: CollectForMetadataAllocation
[2020-01-13T13:39:14.825+0000][1][safepoint    ] Leaving safepoint region
[2020-01-13T13:39:14.825+0000][1][safepoint    ] Total time for which application threads were stopped: 0.0002352 seconds, Stopping threads took: 0.0000151 seconds
[2020-01-13T13:39:14.898+0000][1][safepoint    ] Application time: 0.0734583 seconds
[2020-01-13T13:39:14.898+0000][1][safepoint    ] Entering safepoint region: CollectForMetadataAllocation
[2020-01-13T13:39:14.898+0000][1][safepoint    ] Leaving safepoint region
[2020-01-13T13:39:14.898+0000][1][safepoint    ] Total time for which application threads were stopped: 0.0002580 seconds, Stopping threads took: 0.0000249 seconds
[2020-01-13T13:39:15.016+0000][1][safepoint    ] Application time: 0.1179511 seconds
[2020-01-13T13:39:15.016+0000][1][safepoint    ] Entering safepoint region: CollectForMetadataAllocation
[2020-01-13T13:39:15.017+0000][1][safepoint    ] Leaving safepoint region
[2020-01-13T13:39:15.017+0000][1][safepoint    ] Total time for which application threads were stopped: 0.0003286 seconds, Stopping threads took: 0.0000373 seconds
[2020-01-13T13:39:15.021+0000][1][gc           ] GC(18) Concurrent Mark 201.609ms
[2020-01-13T13:39:15.021+0000][1][gc,cpu       ] GC(18) User=0.19s Sys=0.01s Real=0.21s
[2020-01-13T13:39:15.021+0000][1][gc           ] GC(18) Concurrent Preclean
[2020-01-13T13:39:15.022+0000][1][gc           ] GC(18) Concurrent Preclean 1.239ms
[2020-01-13T13:39:15.022+0000][1][gc,cpu       ] GC(18) User=0.00s Sys=0.00s Real=0.00s
[2020-01-13T13:39:15.022+0000][1][gc           ] GC(18) Concurrent Abortable Preclean
[2020-01-13T13:39:15.141+0000][1][safepoint    ] Application time: 0.1245879 seconds
[2020-01-13T13:39:15.141+0000][1][safepoint    ] Entering safepoint region: CollectForMetadataAllocation
[2020-01-13T13:39:15.142+0000][1][safepoint    ] Leaving safepoint region
[2020-01-13T13:39:15.142+0000][1][safepoint    ] Total time for which application threads were stopped: 0.0001962 seconds, Stopping threads took: 0.0000157 seconds
[2020-01-13T13:39:15.250+0000][1][safepoint    ] Application time: 0.1080732 seconds
[2020-01-13T13:39:15.250+0000][1][safepoint    ] Entering safepoint region: CollectForMetadataAllocation
[2020-01-13T13:39:15.250+0000][1][safepoint    ] Leaving safepoint region
[2020-01-13T13:39:15.250+0000][1][safepoint    ] Total time for which application threads were stopped: 0.0002618 seconds, Stopping threads took: 0.0000289 seconds
[2020-01-13T13:39:15.354+0000][1][safepoint    ] Application time: 0.1041609 seconds
[2020-01-13T13:39:15.355+0000][1][safepoint    ] Entering safepoint region: CollectForMetadataAllocation
[2020-01-13T13:39:15.356+0000][1][safepoint    ] Leaving safepoint region
[2020-01-13T13:39:15.356+0000][1][safepoint    ] Total time for which application threads were stopped: 0.0013661 seconds, Stopping threads took: 0.0011587 seconds
[2020-01-13T13:39:15.439+0000][1][safepoint    ] Application time: 0.0837686 seconds
[2020-01-13T13:39:15.442+0000][1][safepoint    ] Entering safepoint region: RevokeBias
[2020-01-13T13:39:15.442+0000][1][safepoint    ] Leaving safepoint region
[2020-01-13T13:39:15.442+0000][1][safepoint    ] Total time for which application threads were stopped: 0.0023475 seconds, Stopping threads took: 0.0021949 seconds
[2020-01-13T13:39:15.449+0000][1][safepoint    ] Application time: 0.0076091 seconds
[2020-01-13T13:39:15.449+0000][1][safepoint    ] Entering safepoint region: CollectForMetadataAllocation
[2020-01-13T13:39:15.450+0000][1][safepoint    ] Leaving safepoint region
[2020-01-13T13:39:15.450+0000][1][safepoint    ] Total time for which application threads were stopped: 0.0001634 seconds, Stopping threads took: 0.0000117 seconds
[2020-01-13T13:39:15.512+0000][1][safepoint    ] Application time: 0.0623644 seconds
[2020-01-13T13:39:15.514+0000][1][safepoint    ] Entering safepoint region: CollectForMetadataAllocation
[2020-01-13T13:39:15.515+0000][1][safepoint    ] Leaving safepoint region
[2020-01-13T13:39:15.515+0000][1][safepoint    ] Total time for which application threads were stopped: 0.0027111 seconds, Stopping threads took: 0.0024148 seconds
[2020-01-13T13:39:16.364+0000][1][safepoint    ] Application time: 0.8494533 seconds
[2020-01-13T13:39:16.366+0000][1][safepoint    ] Entering safepoint region: CollectForMetadataAllocation
[2020-01-13T13:39:16.366+0000][1][safepoint    ] Leaving safepoint region
[2020-01-13T13:39:16.366+0000][1][safepoint    ] Total time for which application threads were stopped: 0.0019612 seconds, Stopping threads took: 0.0017101 seconds
[2020-01-13T13:39:17.012+0000][1][safepoint    ] Application time: 0.6455725 seconds
[2020-01-13T13:39:17.012+0000][1][safepoint    ] Entering safepoint region: CollectForMetadataAllocation
[2020-01-13T13:39:17.016+0000][1][safepoint    ] Leaving safepoint region
[2020-01-13T13:39:17.016+0000][1][safepoint    ] Total time for which application threads were stopped: 0.0046989 seconds, Stopping threads took: 0.0004226 seconds
[2020-01-13T13:39:17.073+0000][1][safepoint    ] Application time: 0.0566539 seconds
[2020-01-13T13:39:17.073+0000][1][safepoint    ] Entering safepoint region: CollectForMetadataAllocation
[2020-01-13T13:39:17.073+0000][1][safepoint    ] Leaving safepoint region
[2020-01-13T13:39:17.073+0000][1][safepoint    ] Total time for which application threads were stopped: 0.0001921 seconds, Stopping threads took: 0.0000126 seconds
[2020-01-13T13:39:17.342+0000][1][gc           ] GC(18) Concurrent Abortable Preclean 2319.693ms
[2020-01-13T13:39:17.342+0000][1][gc,cpu       ] GC(18) User=2.28s Sys=0.02s Real=2.32s
[2020-01-13T13:39:17.342+0000][1][safepoint    ] Application time: 0.2683245 seconds
[2020-01-13T13:39:17.346+0000][1][safepoint    ] Entering safepoint region: CMS_Final_Remark
[2020-01-13T13:39:17.346+0000][1][gc,start     ] GC(18) Pause Remark
[2020-01-13T13:39:17.411+0000][1][gc           ] GC(18) Pause Remark 98M->98M(247M) 65.757ms
[2020-01-13T13:39:17.412+0000][1][gc,cpu       ] GC(18) User=0.07s Sys=0.00s Real=0.07s
[2020-01-13T13:39:17.412+0000][1][safepoint    ] Leaving safepoint region
[2020-01-13T13:39:17.412+0000][1][safepoint    ] Total time for which application threads were stopped: 0.0698041 seconds, Stopping threads took: 0.0038122 seconds
[2020-01-13T13:39:17.423+0000][1][gc           ] GC(18) Concurrent Sweep
[2020-01-13T13:39:17.504+0000][1][gc           ] GC(18) Concurrent Sweep 80.431ms
[2020-01-13T13:39:17.504+0000][1][gc,cpu       ] GC(18) User=0.07s Sys=0.01s Real=0.08s
[2020-01-13T13:39:17.504+0000][1][gc           ] GC(18) Concurrent Reset
[2020-01-13T13:39:17.504+0000][1][gc           ] GC(18) Concurrent Reset 0.410ms
[2020-01-13T13:39:17.504+0000][1][gc,cpu       ] GC(18) User=0.00s Sys=0.00s Real=0.00s
[2020-01-13T13:39:17.504+0000][1][gc,heap      ] GC(18) Old: 54258K->54044K(176960K)
[2020-01-13T13:39:17.967+0000][1][safepoint    ] Application time: 0.5557258 seconds
[2020-01-13T13:39:17.971+0000][1][safepoint    ] Entering safepoint region: GenCollectForAllocation
[2020-01-13T13:39:17.972+0000][1][gc,start     ] GC(19) Pause Young (Allocation Failure)
[2020-01-13T13:39:17.973+0000][1][gc,task      ] GC(19) Using 1 workers of 1 for evacuation
[2020-01-13T13:39:18.009+0000][1][gc,age       ] GC(19) Desired survivor size 4358144 bytes, new threshold 2 (max threshold 6)
[2020-01-13T13:39:18.009+0000][1][gc,age       ] GC(19) Age table with threshold 2 (max threshold 6)
[2020-01-13T13:39:18.009+0000][1][gc,age       ] GC(19) - age   1:    2537040 bytes,    2537040 total
[2020-01-13T13:39:18.009+0000][1][gc,age       ] GC(19) - age   2:    2794176 bytes,    5331216 total
[2020-01-13T13:39:18.009+0000][1][gc,age       ] GC(19) - age   3:    1132800 bytes,    6464016 total
[2020-01-13T13:39:18.009+0000][1][gc,heap      ] GC(19) ParNew: 72814K->7028K(76672K)
[2020-01-13T13:39:18.009+0000][1][gc,heap      ] GC(19) CMS: 54044K->54044K(176960K)
[2020-01-13T13:39:18.009+0000][1][gc,metaspace ] GC(19) Metaspace: 44569K->44569K(1089536K)
[2020-01-13T13:39:18.009+0000][1][gc           ] GC(19) Pause Young (Allocation Failure) 123M->59M(247M) 36.772ms
[2020-01-13T13:39:18.009+0000][1][gc,cpu       ] GC(19) User=0.04s Sys=0.01s Real=0.03s
[2020-01-13T13:39:18.009+0000][1][safepoint    ] Leaving safepoint region
[2020-01-13T13:39:18.009+0000][1][safepoint    ] Total time for which application threads were stopped: 0.0419702 seconds, Stopping threads took: 0.0039441 seconds
[2020-01-13T13:39:18.081+0000][1][safepoint    ] Application time: 0.0714072 seconds
[2020-01-13T13:39:18.081+0000][1][safepoint    ] Entering safepoint region: RevokeBias
[2020-01-13T13:39:18.081+0000][1][safepoint    ] Leaving safepoint region
[2020-01-13T13:39:18.081+0000][1][safepoint    ] Total time for which application threads were stopped: 0.0001079 seconds, Stopping threads took: 0.0000250 seconds
[2020-01-13T13:39:18.085+0000][1][safepoint    ] Application time: 0.0045729 seconds
[2020-01-13T13:39:18.086+0000][1][safepoint    ] Entering safepoint region: RevokeBias
[2020-01-13T13:39:18.086+0000][1][safepoint    ] Leaving safepoint region
[2020-01-13T13:39:18.086+0000][1][safepoint    ] Total time for which application threads were stopped: 0.0000980 seconds, Stopping threads took: 0.0000221 seconds
[2020-01-13T13:39:18.090+0000][1][safepoint    ] Application time: 0.0048542 seconds
[2020-01-13T13:39:18.090+0000][1][safepoint    ] Entering safepoint region: RevokeBias
[2020-01-13T13:39:18.091+0000][1][safepoint    ] Leaving safepoint region
[2020-01-13T13:39:18.091+0000][1][safepoint    ] Total time for which application threads were stopped: 0.0001061 seconds, Stopping threads took: 0.0000200 seconds
[2020-01-13T13:39:18.496+0000][1][safepoint    ] Application time: 0.4058965 seconds
[2020-01-13T13:39:18.497+0000][1][safepoint    ] Entering safepoint region: RevokeBias
[2020-01-13T13:39:18.497+0000][1][safepoint    ] Leaving safepoint region
[2020-01-13T13:39:18.497+0000][1][safepoint    ] Total time for which application threads were stopped: 0.0009310 seconds, Stopping threads took: 0.0003080 seconds
[2020-01-13T13:39:18.498+0000][1][safepoint    ] Application time: 0.0000607 seconds
[2020-01-13T13:39:18.498+0000][1][safepoint    ] Entering safepoint region: RevokeBias
[2020-01-13T13:39:18.498+0000][1][safepoint    ] Leaving safepoint region
[2020-01-13T13:39:18.498+0000][1][safepoint    ] Total time for which application threads were stopped: 0.0000469 seconds, Stopping threads took: 0.0000067 seconds
[2020-01-13T13:39:18.498+0000][1][safepoint    ] Application time: 0.0001888 seconds
[2020-01-13T13:39:18.498+0000][1][safepoint    ] Entering safepoint region: RevokeBias
[2020-01-13T13:39:18.498+0000][1][safepoint    ] Leaving safepoint region
[2020-01-13T13:39:18.498+0000][1][safepoint    ] Total time for which application threads were stopped: 0.0000519 seconds, Stopping threads took: 0.0000071 seconds
[2020-01-13T13:39:18.498+0000][1][safepoint    ] Application time: 0.0000282 seconds
[2020-01-13T13:39:18.498+0000][1][safepoint    ] Entering safepoint region: RevokeBias
[2020-01-13T13:39:18.498+0000][1][safepoint    ] Leaving safepoint region
[2020-01-13T13:39:18.498+0000][1][safepoint    ] Total time for which application threads were stopped: 0.0000304 seconds, Stopping threads took: 0.0000053 seconds
[2020-01-13T13:39:18.613+0000][1][safepoint    ] Application time: 0.1145892 seconds
[2020-01-13T13:39:18.618+0000][1][safepoint    ] Entering safepoint region: RevokeBias
[2020-01-13T13:39:18.618+0000][1][safepoint    ] Leaving safepoint region
[2020-01-13T13:39:18.618+0000][1][safepoint    ] Total time for which application threads were stopped: 0.0051042 seconds, Stopping threads took: 0.0049651 seconds
[2020-01-13T13:39:18.618+0000][1][safepoint    ] Application time: 0.0001484 seconds
[2020-01-13T13:39:18.618+0000][1][safepoint    ] Entering safepoint region: RevokeBias
[2020-01-13T13:39:18.618+0000][1][safepoint    ] Leaving safepoint region
[2020-01-13T13:39:18.618+0000][1][safepoint    ] Total time for which application threads were stopped: 0.0000580 seconds, Stopping threads took: 0.0000078 seconds
[2020-01-13T13:39:18.618+0000][1][safepoint    ] Application time: 0.0000275 seconds
[2020-01-13T13:39:18.618+0000][1][safepoint    ] Entering safepoint region: RevokeBias
[2020-01-13T13:39:18.618+0000][1][safepoint    ] Leaving safepoint region
[2020-01-13T13:39:18.618+0000][1][safepoint    ] Total time for which application threads were stopped: 0.0000311 seconds, Stopping threads took: 0.0000052 seconds
[2020-01-13T13:39:18.618+0000][1][safepoint    ] Application time: 0.0001195 seconds
[2020-01-13T13:39:18.618+0000][1][safepoint    ] Entering safepoint region: RevokeBias
[2020-01-13T13:39:18.618+0000][1][safepoint    ] Leaving safepoint region
[2020-01-13T13:39:18.618+0000][1][safepoint    ] Total time for which application threads were stopped: 0.0000439 seconds, Stopping threads took: 0.0000064 seconds
[2020-01-13T13:39:18.619+0000][1][safepoint    ] Application time: 0.0007498 seconds
[2020-01-13T13:39:18.619+0000][1][safepoint    ] Entering safepoint region: RevokeBias
[2020-01-13T13:39:18.619+0000][1][safepoint    ] Leaving safepoint region
[2020-01-13T13:39:18.619+0000][1][safepoint    ] Total time for which application threads were stopped: 0.0000924 seconds, Stopping threads took: 0.0000209 seconds
[2020-01-13T13:39:18.619+0000][1][safepoint    ] Application time: 0.0000697 seconds
[2020-01-13T13:39:18.619+0000][1][safepoint    ] Entering safepoint region: RevokeBias
[2020-01-13T13:39:18.619+0000][1][safepoint    ] Leaving safepoint region
[2020-01-13T13:39:18.619+0000][1][safepoint    ] Total time for which application threads were stopped: 0.0000411 seconds, Stopping threads took: 0.0000062 seconds
[2020-01-13T13:39:18.619+0000][1][safepoint    ] Application time: 0.0000199 seconds
[2020-01-13T13:39:18.619+0000][1][safepoint    ] Entering safepoint region: RevokeBias
[2020-01-13T13:39:18.619+0000][1][safepoint    ] Leaving safepoint region
[2020-01-13T13:39:18.619+0000][1][safepoint    ] Total time for which application threads were stopped: 0.0000286 seconds, Stopping threads took: 0.0000052 seconds
[2020-01-13T13:39:18.619+0000][1][safepoint    ] Application time: 0.0001829 seconds
[2020-01-13T13:39:18.619+0000][1][safepoint    ] Entering safepoint region: RevokeBias
[2020-01-13T13:39:18.619+0000][1][safepoint    ] Leaving safepoint region
[2020-01-13T13:39:18.619+0000][1][safepoint    ] Total time for which application threads were stopped: 0.0000438 seconds, Stopping threads took: 0.0000066 seconds
[2020-01-13T13:39:18.619+0000][1][safepoint    ] Application time: 0.0000237 seconds
[2020-01-13T13:39:18.620+0000][1][safepoint    ] Entering safepoint region: RevokeBias
[2020-01-13T13:39:18.620+0000][1][safepoint    ] Leaving safepoint region
[2020-01-13T13:39:18.620+0000][1][safepoint    ] Total time for which application threads were stopped: 0.0000292 seconds, Stopping threads took: 0.0000054 seconds
[2020-01-13T13:39:18.620+0000][1][safepoint    ] Application time: 0.0000196 seconds
[2020-01-13T13:39:18.620+0000][1][safepoint    ] Entering safepoint region: RevokeBias
[2020-01-13T13:39:18.620+0000][1][safepoint    ] Leaving safepoint region
[2020-01-13T13:39:18.620+0000][1][safepoint    ] Total time for which application threads were stopped: 0.0000421 seconds, Stopping threads took: 0.0000052 seconds
[2020-01-13T13:39:18.620+0000][1][safepoint    ] Application time: 0.0000199 seconds
[2020-01-13T13:39:18.620+0000][1][safepoint    ] Entering safepoint region: RevokeBias
[2020-01-13T13:39:18.620+0000][1][safepoint    ] Leaving safepoint region
[2020-01-13T13:39:18.620+0000][1][safepoint    ] Total time for which application threads were stopped: 0.0000287 seconds, Stopping threads took: 0.0000052 seconds
[2020-01-13T13:39:18.620+0000][1][safepoint    ] Application time: 0.0000193 seconds
[2020-01-13T13:39:18.620+0000][1][safepoint    ] Entering safepoint region: RevokeBias
[2020-01-13T13:39:18.620+0000][1][safepoint    ] Leaving safepoint region
[2020-01-13T13:39:18.620+0000][1][safepoint    ] Total time for which application threads were stopped: 0.0000276 seconds, Stopping threads took: 0.0000052 seconds
[2020-01-13T13:39:18.620+0000][1][safepoint    ] Application time: 0.0000199 seconds
[2020-01-13T13:39:18.620+0000][1][safepoint    ] Entering safepoint region: RevokeBias
[2020-01-13T13:39:18.620+0000][1][safepoint    ] Leaving safepoint region
[2020-01-13T13:39:18.620+0000][1][safepoint    ] Total time for which application threads were stopped: 0.0000517 seconds, Stopping threads took: 0.0000064 seconds
[2020-01-13T13:39:18.620+0000][1][safepoint    ] Application time: 0.0000232 seconds
[2020-01-13T13:39:18.620+0000][1][safepoint    ] Entering safepoint region: RevokeBias
[2020-01-13T13:39:18.620+0000][1][safepoint    ] Leaving safepoint region
[2020-01-13T13:39:18.620+0000][1][safepoint    ] Total time for which application threads were stopped: 0.0000294 seconds, Stopping threads took: 0.0000054 seconds
[2020-01-13T13:39:18.620+0000][1][safepoint    ] Application time: 0.0000214 seconds
[2020-01-13T13:39:18.620+0000][1][safepoint    ] Entering safepoint region: RevokeBias
[2020-01-13T13:39:18.620+0000][1][safepoint    ] Leaving safepoint region
[2020-01-13T13:39:18.620+0000][1][safepoint    ] Total time for which application threads were stopped: 0.0000275 seconds, Stopping threads took: 0.0000051 seconds
[2020-01-13T13:39:18.620+0000][1][safepoint    ] Application time: 0.0000199 seconds
[2020-01-13T13:39:18.620+0000][1][safepoint    ] Entering safepoint region: RevokeBias
[2020-01-13T13:39:18.620+0000][1][safepoint    ] Leaving safepoint region
[2020-01-13T13:39:18.620+0000][1][safepoint    ] Total time for which application threads were stopped: 0.0000276 seconds, Stopping threads took: 0.0000052 seconds
[2020-01-13T13:39:18.620+0000][1][safepoint    ] Application time: 0.0000195 seconds
[2020-01-13T13:39:18.620+0000][1][safepoint    ] Entering safepoint region: RevokeBias
[2020-01-13T13:39:18.620+0000][1][safepoint    ] Leaving safepoint region
[2020-01-13T13:39:18.620+0000][1][safepoint    ] Total time for which application threads were stopped: 0.0000505 seconds, Stopping threads took: 0.0000059 seconds
[2020-01-13T13:39:18.620+0000][1][safepoint    ] Application time: 0.0000238 seconds
[2020-01-13T13:39:18.620+0000][1][safepoint    ] Entering safepoint region: RevokeBias
[2020-01-13T13:39:18.620+0000][1][safepoint    ] Leaving safepoint region
[2020-01-13T13:39:18.620+0000][1][safepoint    ] Total time for which application threads were stopped: 0.0000291 seconds, Stopping threads took: 0.0000054 seconds
[2020-01-13T13:39:18.620+0000][1][safepoint    ] Application time: 0.0000247 seconds
[2020-01-13T13:39:18.620+0000][1][safepoint    ] Entering safepoint region: RevokeBias
[2020-01-13T13:39:18.620+0000][1][safepoint    ] Leaving safepoint region
[2020-01-13T13:39:18.620+0000][1][safepoint    ] Total time for which application threads were stopped: 0.0000278 seconds, Stopping threads took: 0.0000053 seconds
[2020-01-13T13:39:18.620+0000][1][safepoint    ] Application time: 0.0000201 seconds
[2020-01-13T13:39:18.620+0000][1][safepoint    ] Entering safepoint region: RevokeBias
[2020-01-13T13:39:18.620+0000][1][safepoint    ] Leaving safepoint region
[2020-01-13T13:39:18.620+0000][1][safepoint    ] Total time for which application threads were stopped: 0.0000275 seconds, Stopping threads took: 0.0000052 seconds
[2020-01-13T13:39:18.620+0000][1][safepoint    ] Application time: 0.0000202 seconds
[2020-01-13T13:39:18.620+0000][1][safepoint    ] Entering safepoint region: RevokeBias
[2020-01-13T13:39:18.620+0000][1][safepoint    ] Leaving safepoint region
[2020-01-13T13:39:18.620+0000][1][safepoint    ] Total time for which application threads were stopped: 0.0000483 seconds, Stopping threads took: 0.0000053 seconds
[2020-01-13T13:39:18.620+0000][1][safepoint    ] Application time: 0.0000230 seconds
[2020-01-13T13:39:18.620+0000][1][safepoint    ] Entering safepoint region: RevokeBias
[2020-01-13T13:39:18.620+0000][1][safepoint    ] Leaving safepoint region
[2020-01-13T13:39:18.620+0000][1][safepoint    ] Total time for which application threads were stopped: 0.0000285 seconds, Stopping threads took: 0.0000052 seconds
[2020-01-13T13:39:18.620+0000][1][safepoint    ] Application time: 0.0000194 seconds
[2020-01-13T13:39:18.620+0000][1][safepoint    ] Entering safepoint region: RevokeBias
[2020-01-13T13:39:18.620+0000][1][safepoint    ] Leaving safepoint region
[2020-01-13T13:39:18.620+0000][1][safepoint    ] Total time for which application threads were stopped: 0.0000276 seconds, Stopping threads took: 0.0000052 seconds
[2020-01-13T13:39:18.620+0000][1][safepoint    ] Application time: 0.0000234 seconds
[2020-01-13T13:39:18.621+0000][1][safepoint    ] Entering safepoint region: RevokeBias
[2020-01-13T13:39:18.621+0000][1][safepoint    ] Leaving safepoint region
[2020-01-13T13:39:18.621+0000][1][safepoint    ] Total time for which application threads were stopped: 0.0000276 seconds, Stopping threads took: 0.0000051 seconds
[2020-01-13T13:39:18.621+0000][1][safepoint    ] Application time: 0.0000204 seconds
[2020-01-13T13:39:18.621+0000][1][safepoint    ] Entering safepoint region: RevokeBias
[2020-01-13T13:39:18.621+0000][1][safepoint    ] Leaving safepoint region
[2020-01-13T13:39:18.621+0000][1][safepoint    ] Total time for which application threads were stopped: 0.0000274 seconds, Stopping threads took: 0.0000052 seconds
[2020-01-13T13:39:18.621+0000][1][safepoint    ] Application time: 0.0000245 seconds
[2020-01-13T13:39:18.621+0000][1][safepoint    ] Entering safepoint region: RevokeBias
[2020-01-13T13:39:18.621+0000][1][safepoint    ] Leaving safepoint region
[2020-01-13T13:39:18.621+0000][1][safepoint    ] Total time for which application threads were stopped: 0.0000283 seconds, Stopping threads took: 0.0000053 seconds
[2020-01-13T13:39:18.621+0000][1][safepoint    ] Application time: 0.0000203 seconds
[2020-01-13T13:39:18.621+0000][1][safepoint    ] Entering safepoint region: BulkRevokeBias
[2020-01-13T13:39:18.621+0000][1][safepoint    ] Leaving safepoint region
[2020-01-13T13:39:18.621+0000][1][safepoint    ] Total time for which application threads were stopped: 0.0001125 seconds, Stopping threads took: 0.0000054 seconds
[2020-01-13T13:39:18.621+0000][1][safepoint    ] Application time: 0.0001667 seconds
[2020-01-13T13:39:18.621+0000][1][safepoint    ] Entering safepoint region: RevokeBias
[2020-01-13T13:39:18.621+0000][1][safepoint    ] Leaving safepoint region
[2020-01-13T13:39:18.621+0000][1][safepoint    ] Total time for which application threads were stopped: 0.0000519 seconds, Stopping threads took: 0.0000066 seconds
[2020-01-13T13:39:18.621+0000][1][safepoint    ] Application time: 0.0000782 seconds
[2020-01-13T13:39:18.621+0000][1][safepoint    ] Entering safepoint region: RevokeBias
[2020-01-13T13:39:18.621+0000][1][safepoint    ] Leaving safepoint region
[2020-01-13T13:39:18.621+0000][1][safepoint    ] Total time for which application threads were stopped: 0.0000419 seconds, Stopping threads took: 0.0000059 seconds
[2020-01-13T13:39:18.621+0000][1][safepoint    ] Application time: 0.0000755 seconds
[2020-01-13T13:39:18.621+0000][1][safepoint    ] Entering safepoint region: RevokeBias
[2020-01-13T13:39:18.621+0000][1][safepoint    ] Leaving safepoint region
[2020-01-13T13:39:18.621+0000][1][safepoint    ] Total time for which application threads were stopped: 0.0000331 seconds, Stopping threads took: 0.0000053 seconds
[2020-01-13T13:39:18.621+0000][1][safepoint    ] Application time: 0.0000529 seconds
[2020-01-13T13:39:18.621+0000][1][safepoint    ] Entering safepoint region: RevokeBias
[2020-01-13T13:39:18.621+0000][1][safepoint    ] Leaving safepoint region
[2020-01-13T13:39:18.621+0000][1][safepoint    ] Total time for which application threads were stopped: 0.0000305 seconds, Stopping threads took: 0.0000053 seconds
[2020-01-13T13:39:18.621+0000][1][safepoint    ] Application time: 0.0000613 seconds
[2020-01-13T13:39:18.621+0000][1][safepoint    ] Entering safepoint region: RevokeBias
[2020-01-13T13:39:18.621+0000][1][safepoint    ] Leaving safepoint region
[2020-01-13T13:39:18.622+0000][1][safepoint    ] Total time for which application threads were stopped: 0.0000321 seconds, Stopping threads took: 0.0000052 seconds
[2020-01-13T13:39:18.622+0000][1][safepoint    ] Application time: 0.0000311 seconds
[2020-01-13T13:39:18.622+0000][1][safepoint    ] Entering safepoint region: RevokeBias
[2020-01-13T13:39:18.622+0000][1][safepoint    ] Leaving safepoint region
[2020-01-13T13:39:18.622+0000][1][safepoint    ] Total time for which application threads were stopped: 0.0000320 seconds, Stopping threads took: 0.0000051 seconds
[2020-01-13T13:39:18.622+0000][1][safepoint    ] Application time: 0.0001396 seconds
[2020-01-13T13:39:18.622+0000][1][safepoint    ] Entering safepoint region: RevokeBias
[2020-01-13T13:39:18.622+0000][1][safepoint    ] Leaving safepoint region
[2020-01-13T13:39:18.622+0000][1][safepoint    ] Total time for which application threads were stopped: 0.0000318 seconds, Stopping threads took: 0.0000053 seconds
[2020-01-13T13:39:18.622+0000][1][safepoint    ] Application time: 0.0000275 seconds
[2020-01-13T13:39:18.622+0000][1][safepoint    ] Entering safepoint region: RevokeBias
[2020-01-13T13:39:18.622+0000][1][safepoint    ] Leaving safepoint region
[2020-01-13T13:39:18.622+0000][1][safepoint    ] Total time for which application threads were stopped: 0.0000521 seconds, Stopping threads took: 0.0000051 seconds
[2020-01-13T13:39:18.622+0000][1][safepoint    ] Application time: 0.0003694 seconds
[2020-01-13T13:39:18.622+0000][1][safepoint    ] Entering safepoint region: RevokeBias
[2020-01-13T13:39:18.622+0000][1][safepoint    ] Leaving safepoint region
[2020-01-13T13:39:18.622+0000][1][safepoint    ] Total time for which application threads were stopped: 0.0000537 seconds, Stopping threads took: 0.0000077 seconds
[2020-01-13T13:39:18.622+0000][1][safepoint    ] Application time: 0.0000661 seconds
[2020-01-13T13:39:18.622+0000][1][safepoint    ] Entering safepoint region: RevokeBias
[2020-01-13T13:39:18.622+0000][1][safepoint    ] Leaving safepoint region
[2020-01-13T13:39:18.622+0000][1][safepoint    ] Total time for which application threads were stopped: 0.0000346 seconds, Stopping threads took: 0.0000056 seconds
[2020-01-13T13:39:18.623+0000][1][safepoint    ] Application time: 0.0001343 seconds
[2020-01-13T13:39:18.623+0000][1][safepoint    ] Entering safepoint region: RevokeBias
[2020-01-13T13:39:18.623+0000][1][safepoint    ] Leaving safepoint region
[2020-01-13T13:39:18.623+0000][1][safepoint    ] Total time for which application threads were stopped: 0.0000480 seconds, Stopping threads took: 0.0000054 seconds
[2020-01-13T13:39:18.623+0000][1][safepoint    ] Application time: 0.0000373 seconds
[2020-01-13T13:39:18.623+0000][1][safepoint    ] Entering safepoint region: RevokeBias
[2020-01-13T13:39:18.623+0000][1][safepoint    ] Leaving safepoint region
[2020-01-13T13:39:18.623+0000][1][safepoint    ] Total time for which application threads were stopped: 0.0000306 seconds, Stopping threads took: 0.0000052 seconds
[2020-01-13T13:39:18.623+0000][1][safepoint    ] Application time: 0.0000194 seconds
[2020-01-13T13:39:18.623+0000][1][safepoint    ] Entering safepoint region: RevokeBias
[2020-01-13T13:39:18.623+0000][1][safepoint    ] Leaving safepoint region
[2020-01-13T13:39:18.623+0000][1][safepoint    ] Total time for which application threads were stopped: 0.0000274 seconds, Stopping threads took: 0.0000051 seconds
[2020-01-13T13:39:18.623+0000][1][safepoint    ] Application time: 0.0000190 seconds
[2020-01-13T13:39:18.623+0000][1][safepoint    ] Entering safepoint region: RevokeBias
[2020-01-13T13:39:18.623+0000][1][safepoint    ] Leaving safepoint region
[2020-01-13T13:39:18.623+0000][1][safepoint    ] Total time for which application threads were stopped: 0.0000271 seconds, Stopping threads took: 0.0000051 seconds
[2020-01-13T13:39:18.623+0000][1][safepoint    ] Application time: 0.0002944 seconds
[2020-01-13T13:39:18.623+0000][1][safepoint    ] Entering safepoint region: RevokeBias
[2020-01-13T13:39:18.623+0000][1][safepoint    ] Leaving safepoint region
[2020-01-13T13:39:18.623+0000][1][safepoint    ] Total time for which application threads were stopped: 0.0000442 seconds, Stopping threads took: 0.0000081 seconds
[2020-01-13T13:39:18.623+0000][1][safepoint    ] Application time: 0.0001859 seconds
[2020-01-13T13:39:18.623+0000][1][safepoint    ] Entering safepoint region: RevokeBias
[2020-01-13T13:39:18.623+0000][1][safepoint    ] Leaving safepoint region
[2020-01-13T13:39:18.623+0000][1][safepoint    ] Total time for which application threads were stopped: 0.0000605 seconds, Stopping threads took: 0.0000350 seconds
[2020-01-13T13:39:18.623+0000][1][safepoint    ] Application time: 0.0000227 seconds
[2020-01-13T13:39:18.623+0000][1][safepoint    ] Entering safepoint region: RevokeBias
[2020-01-13T13:39:18.623+0000][1][safepoint    ] Leaving safepoint region
[2020-01-13T13:39:18.623+0000][1][safepoint    ] Total time for which application threads were stopped: 0.0000237 seconds, Stopping threads took: 0.0000053 seconds
[2020-01-13T13:39:18.624+0000][1][safepoint    ] Application time: 0.0000209 seconds
[2020-01-13T13:39:18.624+0000][1][safepoint    ] Entering safepoint region: RevokeBias
[2020-01-13T13:39:18.624+0000][1][safepoint    ] Leaving safepoint region
[2020-01-13T13:39:18.624+0000][1][safepoint    ] Total time for which application threads were stopped: 0.0000234 seconds, Stopping threads took: 0.0000052 seconds
[2020-01-13T13:39:18.624+0000][1][safepoint    ] Application time: 0.0000187 seconds
[2020-01-13T13:39:18.624+0000][1][safepoint    ] Entering safepoint region: RevokeBias
[2020-01-13T13:39:18.624+0000][1][safepoint    ] Leaving safepoint region
[2020-01-13T13:39:18.624+0000][1][safepoint    ] Total time for which application threads were stopped: 0.0000378 seconds, Stopping threads took: 0.0000051 seconds
[2020-01-13T13:39:18.624+0000][1][safepoint    ] Application time: 0.0000203 seconds
[2020-01-13T13:39:18.624+0000][1][safepoint    ] Entering safepoint region: BulkRevokeBias
[2020-01-13T13:39:18.624+0000][1][safepoint    ] Leaving safepoint region
[2020-01-13T13:39:18.624+0000][1][safepoint    ] Total time for which application threads were stopped: 0.0000788 seconds, Stopping threads took: 0.0000053 seconds
[2020-01-13T13:39:18.625+0000][1][safepoint    ] Application time: 0.0015026 seconds
[2020-01-13T13:39:18.625+0000][1][safepoint    ] Entering safepoint region: RevokeBias
[2020-01-13T13:39:18.625+0000][1][safepoint    ] Leaving safepoint region
[2020-01-13T13:39:18.625+0000][1][safepoint    ] Total time for which application threads were stopped: 0.0000907 seconds, Stopping threads took: 0.0000229 seconds
[2020-01-13T13:39:18.626+0000][1][safepoint    ] Application time: 0.0002816 seconds
[2020-01-13T13:39:18.626+0000][1][safepoint    ] Entering safepoint region: RevokeBias
[2020-01-13T13:39:18.626+0000][1][safepoint    ] Leaving safepoint region
[2020-01-13T13:39:18.626+0000][1][safepoint    ] Total time for which application threads were stopped: 0.0000427 seconds, Stopping threads took: 0.0000066 seconds
[2020-01-13T13:39:18.626+0000][1][safepoint    ] Application time: 0.0001697 seconds
[2020-01-13T13:39:18.626+0000][1][safepoint    ] Entering safepoint region: RevokeBias
[2020-01-13T13:39:18.626+0000][1][safepoint    ] Leaving safepoint region
[2020-01-13T13:39:18.626+0000][1][safepoint    ] Total time for which application threads were stopped: 0.0000341 seconds, Stopping threads took: 0.0000065 seconds
[2020-01-13T13:39:18.626+0000][1][safepoint    ] Application time: 0.0004110 seconds
[2020-01-13T13:39:18.626+0000][1][safepoint    ] Entering safepoint region: RevokeBias
[2020-01-13T13:39:18.626+0000][1][safepoint    ] Leaving safepoint region
[2020-01-13T13:39:18.626+0000][1][safepoint    ] Total time for which application threads were stopped: 0.0000438 seconds, Stopping threads took: 0.0000079 seconds
[2020-01-13T13:39:18.627+0000][1][safepoint    ] Application time: 0.0004143 seconds
[2020-01-13T13:39:18.627+0000][1][safepoint    ] Entering safepoint region: RevokeBias
[2020-01-13T13:39:18.627+0000][1][safepoint    ] Leaving safepoint region
[2020-01-13T13:39:18.627+0000][1][safepoint    ] Total time for which application threads were stopped: 0.0000401 seconds, Stopping threads took: 0.0000073 seconds
[2020-01-13T13:39:18.627+0000][1][safepoint    ] Application time: 0.0001201 seconds
[2020-01-13T13:39:18.627+0000][1][safepoint    ] Entering safepoint region: RevokeBias
[2020-01-13T13:39:18.627+0000][1][safepoint    ] Leaving safepoint region
[2020-01-13T13:39:18.627+0000][1][safepoint    ] Total time for which application threads were stopped: 0.0000357 seconds, Stopping threads took: 0.0000066 seconds
[2020-01-13T13:39:18.627+0000][1][safepoint    ] Application time: 0.0000961 seconds
[2020-01-13T13:39:18.627+0000][1][safepoint    ] Entering safepoint region: RevokeBias
[2020-01-13T13:39:18.627+0000][1][safepoint    ] Leaving safepoint region
[2020-01-13T13:39:18.627+0000][1][safepoint    ] Total time for which application threads were stopped: 0.0000941 seconds, Stopping threads took: 0.0000636 seconds
[2020-01-13T13:39:18.627+0000][1][safepoint    ] Application time: 0.0000276 seconds
[2020-01-13T13:39:18.627+0000][1][safepoint    ] Entering safepoint region: RevokeBias
[2020-01-13T13:39:18.627+0000][1][safepoint    ] Leaving safepoint region
[2020-01-13T13:39:18.627+0000][1][safepoint    ] Total time for which application threads were stopped: 0.0000254 seconds, Stopping threads took: 0.0000054 seconds
[2020-01-13T13:39:18.627+0000][1][safepoint    ] Application time: 0.0000220 seconds
[2020-01-13T13:39:18.627+0000][1][safepoint    ] Entering safepoint region: RevokeBias
[2020-01-13T13:39:18.627+0000][1][safepoint    ] Leaving safepoint region
[2020-01-13T13:39:18.627+0000][1][safepoint    ] Total time for which application threads were stopped: 0.0000254 seconds, Stopping threads took: 0.0000052 seconds
[2020-01-13T13:39:18.627+0000][1][safepoint    ] Application time: 0.0000196 seconds
[2020-01-13T13:39:18.627+0000][1][safepoint    ] Entering safepoint region: RevokeBias
[2020-01-13T13:39:18.627+0000][1][safepoint    ] Leaving safepoint region
[2020-01-13T13:39:18.627+0000][1][safepoint    ] Total time for which application threads were stopped: 0.0000244 seconds, Stopping threads took: 0.0000051 seconds
[2020-01-13T13:39:18.627+0000][1][safepoint    ] Application time: 0.0000195 seconds
[2020-01-13T13:39:18.627+0000][1][safepoint    ] Entering safepoint region: RevokeBias
[2020-01-13T13:39:18.627+0000][1][safepoint    ] Leaving safepoint region
[2020-01-13T13:39:18.627+0000][1][safepoint    ] Total time for which application threads were stopped: 0.0000240 seconds, Stopping threads took: 0.0000050 seconds
[2020-01-13T13:39:18.628+0000][1][safepoint    ] Application time: 0.0000196 seconds
[2020-01-13T13:39:18.628+0000][1][safepoint    ] Entering safepoint region: RevokeBias
[2020-01-13T13:39:18.628+0000][1][safepoint    ] Leaving safepoint region
[2020-01-13T13:39:18.628+0000][1][safepoint    ] Total time for which application threads were stopped: 0.0000240 seconds, Stopping threads took: 0.0000050 seconds
[2020-01-13T13:39:18.628+0000][1][safepoint    ] Application time: 0.0000191 seconds
[2020-01-13T13:39:18.628+0000][1][safepoint    ] Entering safepoint region: RevokeBias
[2020-01-13T13:39:18.628+0000][1][safepoint    ] Leaving safepoint region
[2020-01-13T13:39:18.628+0000][1][safepoint    ] Total time for which application threads were stopped: 0.0000359 seconds, Stopping threads took: 0.0000050 seconds
[2020-01-13T13:39:18.628+0000][1][safepoint    ] Application time: 0.0000222 seconds
[2020-01-13T13:39:18.628+0000][1][safepoint    ] Entering safepoint region: RevokeBias
[2020-01-13T13:39:18.628+0000][1][safepoint    ] Leaving safepoint region
[2020-01-13T13:39:18.628+0000][1][safepoint    ] Total time for which application threads were stopped: 0.0000245 seconds, Stopping threads took: 0.0000052 seconds
[2020-01-13T13:39:18.628+0000][1][safepoint    ] Application time: 0.0000194 seconds
[2020-01-13T13:39:18.628+0000][1][safepoint    ] Entering safepoint region: RevokeBias
[2020-01-13T13:39:18.628+0000][1][safepoint    ] Leaving safepoint region
[2020-01-13T13:39:18.628+0000][1][safepoint    ] Total time for which application threads were stopped: 0.0000238 seconds, Stopping threads took: 0.0000051 seconds
[2020-01-13T13:39:18.628+0000][1][safepoint    ] Application time: 0.0000194 seconds
[2020-01-13T13:39:18.628+0000][1][safepoint    ] Entering safepoint region: RevokeBias
[2020-01-13T13:39:18.628+0000][1][safepoint    ] Leaving safepoint region
[2020-01-13T13:39:18.628+0000][1][safepoint    ] Total time for which application threads were stopped: 0.0000239 seconds, Stopping threads took: 0.0000050 seconds
[2020-01-13T13:39:18.628+0000][1][safepoint    ] Application time: 0.0000190 seconds
[2020-01-13T13:39:18.628+0000][1][safepoint    ] Entering safepoint region: RevokeBias
[2020-01-13T13:39:18.628+0000][1][safepoint    ] Leaving safepoint region
[2020-01-13T13:39:18.628+0000][1][safepoint    ] Total time for which application threads were stopped: 0.0000240 seconds, Stopping threads took: 0.0000052 seconds
[2020-01-13T13:39:18.628+0000][1][safepoint    ] Application time: 0.0000195 seconds
[2020-01-13T13:39:18.628+0000][1][safepoint    ] Entering safepoint region: RevokeBias
[2020-01-13T13:39:18.628+0000][1][safepoint    ] Leaving safepoint region
[2020-01-13T13:39:18.628+0000][1][safepoint    ] Total time for which application threads were stopped: 0.0000239 seconds, Stopping threads took: 0.0000050 seconds
[2020-01-13T13:39:18.628+0000][1][safepoint    ] Application time: 0.0000194 seconds
[2020-01-13T13:39:18.628+0000][1][safepoint    ] Entering safepoint region: RevokeBias
[2020-01-13T13:39:18.628+0000][1][safepoint    ] Leaving safepoint region
[2020-01-13T13:39:18.628+0000][1][safepoint    ] Total time for which application threads were stopped: 0.0000239 seconds, Stopping threads took: 0.0000051 seconds
[2020-01-13T13:39:18.628+0000][1][safepoint    ] Application time: 0.0000332 seconds
[2020-01-13T13:39:18.628+0000][1][safepoint    ] Entering safepoint region: RevokeBias
[2020-01-13T13:39:18.628+0000][1][safepoint    ] Leaving safepoint region
[2020-01-13T13:39:18.628+0000][1][safepoint    ] Total time for which application threads were stopped: 0.0000276 seconds, Stopping threads took: 0.0000057 seconds
[2020-01-13T13:39:18.628+0000][1][safepoint    ] Application time: 0.0000206 seconds
[2020-01-13T13:39:18.628+0000][1][safepoint    ] Entering safepoint region: RevokeBias
[2020-01-13T13:39:18.628+0000][1][safepoint    ] Leaving safepoint region
[2020-01-13T13:39:18.628+0000][1][safepoint    ] Total time for which application threads were stopped: 0.0000241 seconds, Stopping threads took: 0.0000051 seconds
[2020-01-13T13:39:18.628+0000][1][safepoint    ] Application time: 0.0000195 seconds
[2020-01-13T13:39:18.628+0000][1][safepoint    ] Entering safepoint region: RevokeBias
[2020-01-13T13:39:18.628+0000][1][safepoint    ] Leaving safepoint region
[2020-01-13T13:39:18.628+0000][1][safepoint    ] Total time for which application threads were stopped: 0.0000239 seconds, Stopping threads took: 0.0000051 seconds
[2020-01-13T13:39:18.628+0000][1][safepoint    ] Application time: 0.0002463 seconds
[2020-01-13T13:39:18.628+0000][1][safepoint    ] Entering safepoint region: RevokeBias
[2020-01-13T13:39:18.628+0000][1][safepoint    ] Leaving safepoint region
[2020-01-13T13:39:18.628+0000][1][safepoint    ] Total time for which application threads were stopped: 0.0000376 seconds, Stopping threads took: 0.0000071 seconds
[2020-01-13T13:39:18.628+0000][1][safepoint    ] Application time: 0.0000243 seconds
[2020-01-13T13:39:18.628+0000][1][safepoint    ] Entering safepoint region: RevokeBias
[2020-01-13T13:39:18.628+0000][1][safepoint    ] Leaving safepoint region
[2020-01-13T13:39:18.629+0000][1][safepoint    ] Total time for which application threads were stopped: 0.0000236 seconds, Stopping threads took: 0.0000053 seconds
[2020-01-13T13:39:18.629+0000][1][safepoint    ] Application time: 0.0000158 seconds
[2020-01-13T13:39:18.629+0000][1][safepoint    ] Entering safepoint region: RevokeBias
[2020-01-13T13:39:18.629+0000][1][safepoint    ] Leaving safepoint region
[2020-01-13T13:39:18.629+0000][1][safepoint    ] Total time for which application threads were stopped: 0.0000219 seconds, Stopping threads took: 0.0000051 seconds
[2020-01-13T13:39:18.629+0000][1][safepoint    ] Application time: 0.0000161 seconds
[2020-01-13T13:39:18.629+0000][1][safepoint    ] Entering safepoint region: BulkRevokeBias
[2020-01-13T13:39:18.629+0000][1][safepoint    ] Leaving safepoint region
[2020-01-13T13:39:18.629+0000][1][safepoint    ] Total time for which application threads were stopped: 0.0001074 seconds, Stopping threads took: 0.0000053 seconds
[2020-01-13T13:39:18.632+0000][1][safepoint    ] Application time: 0.0036731 seconds
[2020-01-13T13:39:18.637+0000][1][safepoint    ] Entering safepoint region: RevokeBias
[2020-01-13T13:39:18.637+0000][1][safepoint    ] Leaving safepoint region
[2020-01-13T13:39:18.637+0000][1][safepoint    ] Total time for which application threads were stopped: 0.0044790 seconds, Stopping threads took: 0.0043724 seconds
[2020-01-13T13:39:18.639+0000][1][safepoint    ] Application time: 0.0017040 seconds
[2020-01-13T13:39:18.639+0000][1][safepoint    ] Entering safepoint region: RevokeBias
[2020-01-13T13:39:18.639+0000][1][safepoint    ] Leaving safepoint region
[2020-01-13T13:39:18.639+0000][1][safepoint    ] Total time for which application threads were stopped: 0.0001065 seconds, Stopping threads took: 0.0000224 seconds
[2020-01-13T13:39:18.639+0000][1][safepoint    ] Application time: 0.0000380 seconds
[2020-01-13T13:39:18.639+0000][1][safepoint    ] Entering safepoint region: RevokeBias
[2020-01-13T13:39:18.639+0000][1][safepoint    ] Leaving safepoint region
[2020-01-13T13:39:18.639+0000][1][safepoint    ] Total time for which application threads were stopped: 0.0000458 seconds, Stopping threads took: 0.0000129 seconds
[2020-01-13T13:39:18.639+0000][1][safepoint    ] Application time: 0.0005150 seconds
[2020-01-13T13:39:18.639+0000][1][safepoint    ] Entering safepoint region: RevokeBias
[2020-01-13T13:39:18.639+0000][1][safepoint    ] Leaving safepoint region
[2020-01-13T13:39:18.639+0000][1][safepoint    ] Total time for which application threads were stopped: 0.0000917 seconds, Stopping threads took: 0.0000173 seconds
[2020-01-13T13:39:18.640+0000][1][safepoint    ] Application time: 0.0000331 seconds
[2020-01-13T13:39:18.640+0000][1][safepoint    ] Entering safepoint region: RevokeBias
[2020-01-13T13:39:18.640+0000][1][safepoint    ] Leaving safepoint region
[2020-01-13T13:39:18.640+0000][1][safepoint    ] Total time for which application threads were stopped: 0.0000452 seconds, Stopping threads took: 0.0000131 seconds
[2020-01-13T13:39:18.642+0000][1][safepoint    ] Application time: 0.0022896 seconds
[2020-01-13T13:39:18.642+0000][1][safepoint    ] Entering safepoint region: RevokeBias
[2020-01-13T13:39:18.642+0000][1][safepoint    ] Leaving safepoint region
[2020-01-13T13:39:18.642+0000][1][safepoint    ] Total time for which application threads were stopped: 0.0001456 seconds, Stopping threads took: 0.0000703 seconds
[2020-01-13T13:39:18.643+0000][1][safepoint    ] Application time: 0.0010881 seconds
[2020-01-13T13:39:18.643+0000][1][safepoint    ] Entering safepoint region: RevokeBias
[2020-01-13T13:39:18.643+0000][1][safepoint    ] Leaving safepoint region
[2020-01-13T13:39:18.643+0000][1][safepoint    ] Total time for which application threads were stopped: 0.0000918 seconds, Stopping threads took: 0.0000082 seconds
[2020-01-13T13:39:18.643+0000][1][safepoint    ] Application time: 0.0000294 seconds
[2020-01-13T13:39:18.643+0000][1][safepoint    ] Entering safepoint region: RevokeBias
[2020-01-13T13:39:18.643+0000][1][safepoint    ] Leaving safepoint region
[2020-01-13T13:39:18.643+0000][1][safepoint    ] Total time for which application threads were stopped: 0.0000868 seconds, Stopping threads took: 0.0000255 seconds
[2020-01-13T13:39:18.644+0000][1][safepoint    ] Application time: 0.0006521 seconds
[2020-01-13T13:39:18.644+0000][1][safepoint    ] Entering safepoint region: RevokeBias
[2020-01-13T13:39:18.644+0000][1][safepoint    ] Leaving safepoint region
[2020-01-13T13:39:18.644+0000][1][safepoint    ] Total time for which application threads were stopped: 0.0000648 seconds, Stopping threads took: 0.0000218 seconds
[2020-01-13T13:39:18.648+0000][1][safepoint    ] Application time: 0.0043401 seconds
[2020-01-13T13:39:18.649+0000][1][safepoint    ] Entering safepoint region: RevokeBias
[2020-01-13T13:39:18.649+0000][1][safepoint    ] Leaving safepoint region
[2020-01-13T13:39:18.649+0000][1][safepoint    ] Total time for which application threads were stopped: 0.0009406 seconds, Stopping threads took: 0.0008998 seconds
[2020-01-13T13:39:18.658+0000][1][safepoint    ] Application time: 0.0087545 seconds
[2020-01-13T13:39:18.658+0000][1][safepoint    ] Entering safepoint region: RevokeBias
[2020-01-13T13:39:18.658+0000][1][safepoint    ] Leaving safepoint region
[2020-01-13T13:39:18.658+0000][1][safepoint    ] Total time for which application threads were stopped: 0.0000687 seconds, Stopping threads took: 0.0000247 seconds
[2020-01-13T13:39:18.782+0000][1][safepoint    ] Application time: 0.1236099 seconds
[2020-01-13T13:39:18.786+0000][1][safepoint    ] Entering safepoint region: RevokeBias
[2020-01-13T13:39:18.786+0000][1][safepoint    ] Leaving safepoint region
[2020-01-13T13:39:18.786+0000][1][safepoint    ] Total time for which application threads were stopped: 0.0039393 seconds, Stopping threads took: 0.0038616 seconds
[2020-01-13T13:39:19.351+0000][1][safepoint    ] Application time: 0.5647462 seconds
[2020-01-13T13:39:19.351+0000][1][safepoint    ] Entering safepoint region: RevokeBias
[2020-01-13T13:39:19.351+0000][1][safepoint    ] Leaving safepoint region
[2020-01-13T13:39:19.351+0000][1][safepoint    ] Total time for which application threads were stopped: 0.0001439 seconds, Stopping threads took: 0.0000360 seconds
[2020-01-13T13:39:19.351+0000][1][safepoint    ] Application time: 0.0002229 seconds
[2020-01-13T13:39:19.351+0000][1][safepoint    ] Entering safepoint region: RevokeBias
[2020-01-13T13:39:19.351+0000][1][safepoint    ] Leaving safepoint region
[2020-01-13T13:39:19.351+0000][1][safepoint    ] Total time for which application threads were stopped: 0.0000420 seconds, Stopping threads took: 0.0000166 seconds
[2020-01-13T13:39:19.393+0000][1][safepoint    ] Application time: 0.0422985 seconds
[2020-01-13T13:39:19.397+0000][1][safepoint    ] Entering safepoint region: GenCollectForAllocation
[2020-01-13T13:39:19.397+0000][1][gc,start     ] GC(20) Pause Young (Allocation Failure)
[2020-01-13T13:39:19.398+0000][1][gc,task      ] GC(20) Using 1 workers of 1 for evacuation
[2020-01-13T13:39:19.464+0000][1][gc,age       ] GC(20) Desired survivor size 4358144 bytes, new threshold 2 (max threshold 6)
[2020-01-13T13:39:19.464+0000][1][gc,age       ] GC(20) Age table with threshold 2 (max threshold 6)
[2020-01-13T13:39:19.464+0000][1][gc,age       ] GC(20) - age   1:    2170928 bytes,    2170928 total
[2020-01-13T13:39:19.464+0000][1][gc,age       ] GC(20) - age   2:    2477920 bytes,    4648848 total
[2020-01-13T13:39:19.464+0000][1][gc,heap      ] GC(20) ParNew: 75188K->5612K(76672K)
[2020-01-13T13:39:19.464+0000][1][gc,heap      ] GC(20) CMS: 54044K->57961K(176960K)
[2020-01-13T13:39:19.464+0000][1][gc,metaspace ] GC(20) Metaspace: 50061K->50061K(1095680K)
[2020-01-13T13:39:19.464+0000][1][gc           ] GC(20) Pause Young (Allocation Failure) 126M->62M(247M) 66.928ms
[2020-01-13T13:39:19.464+0000][1][gc,cpu       ] GC(20) User=0.07s Sys=0.00s Real=0.07s
[2020-01-13T13:39:19.464+0000][1][safepoint    ] Leaving safepoint region
[2020-01-13T13:39:19.464+0000][1][safepoint    ] Total time for which application threads were stopped: 0.0710207 seconds, Stopping threads took: 0.0039242 seconds
[2020-01-13T13:39:19.466+0000][1][safepoint    ] Application time: 0.0013852 seconds
[2020-01-13T13:39:19.466+0000][1][safepoint    ] Entering safepoint region: RevokeBias
[2020-01-13T13:39:19.466+0000][1][safepoint    ] Leaving safepoint region
[2020-01-13T13:39:19.466+0000][1][safepoint    ] Total time for which application threads were stopped: 0.0001429 seconds, Stopping threads took: 0.0000146 seconds
[2020-01-13T13:39:19.468+0000][1][safepoint    ] Application time: 0.0023264 seconds
[2020-01-13T13:39:19.468+0000][1][safepoint    ] Entering safepoint region: RevokeBias
[2020-01-13T13:39:19.469+0000][1][safepoint    ] Leaving safepoint region
[2020-01-13T13:39:19.469+0000][1][safepoint    ] Total time for which application threads were stopped: 0.0001198 seconds, Stopping threads took: 0.0000210 seconds
[2020-01-13T13:39:19.469+0000][1][safepoint    ] Application time: 0.0000215 seconds
[2020-01-13T13:39:19.469+0000][1][safepoint    ] Entering safepoint region: RevokeBias
[2020-01-13T13:39:19.469+0000][1][safepoint    ] Leaving safepoint region
[2020-01-13T13:39:19.469+0000][1][safepoint    ] Total time for which application threads were stopped: 0.0000549 seconds, Stopping threads took: 0.0000058 seconds
[2020-01-13T13:39:19.469+0000][1][safepoint    ] Application time: 0.0000191 seconds
[2020-01-13T13:39:19.469+0000][1][safepoint    ] Entering safepoint region: RevokeBias
[2020-01-13T13:39:19.469+0000][1][safepoint    ] Leaving safepoint region
[2020-01-13T13:39:19.469+0000][1][safepoint    ] Total time for which application threads were stopped: 0.0000332 seconds, Stopping threads took: 0.0000056 seconds
[2020-01-13T13:39:19.469+0000][1][safepoint    ] Application time: 0.0000177 seconds
[2020-01-13T13:39:19.469+0000][1][safepoint    ] Entering safepoint region: RevokeBias
[2020-01-13T13:39:19.469+0000][1][safepoint    ] Leaving safepoint region
[2020-01-13T13:39:19.469+0000][1][safepoint    ] Total time for which application threads were stopped: 0.0000319 seconds, Stopping threads took: 0.0000053 seconds
[2020-01-13T13:39:19.469+0000][1][safepoint    ] Application time: 0.0000175 seconds
[2020-01-13T13:39:19.469+0000][1][safepoint    ] Entering safepoint region: RevokeBias
[2020-01-13T13:39:19.469+0000][1][safepoint    ] Leaving safepoint region
[2020-01-13T13:39:19.469+0000][1][safepoint    ] Total time for which application threads were stopped: 0.0000315 seconds, Stopping threads took: 0.0000054 seconds
[2020-01-13T13:39:19.469+0000][1][safepoint    ] Application time: 0.0000153 seconds
[2020-01-13T13:39:19.469+0000][1][safepoint    ] Entering safepoint region: RevokeBias
[2020-01-13T13:39:19.469+0000][1][safepoint    ] Leaving safepoint region
[2020-01-13T13:39:19.469+0000][1][safepoint    ] Total time for which application threads were stopped: 0.0000319 seconds, Stopping threads took: 0.0000054 seconds
[2020-01-13T13:39:19.469+0000][1][safepoint    ] Application time: 0.0000147 seconds
[2020-01-13T13:39:19.469+0000][1][safepoint    ] Entering safepoint region: RevokeBias
[2020-01-13T13:39:19.469+0000][1][safepoint    ] Leaving safepoint region
[2020-01-13T13:39:19.469+0000][1][safepoint    ] Total time for which application threads were stopped: 0.0000315 seconds, Stopping threads took: 0.0000053 seconds
[2020-01-13T13:39:19.469+0000][1][safepoint    ] Application time: 0.0000144 seconds
[2020-01-13T13:39:19.469+0000][1][safepoint    ] Entering safepoint region: RevokeBias
[2020-01-13T13:39:19.469+0000][1][safepoint    ] Leaving safepoint region
[2020-01-13T13:39:19.469+0000][1][safepoint    ] Total time for which application threads were stopped: 0.0000314 seconds, Stopping threads took: 0.0000053 seconds
[2020-01-13T13:39:19.469+0000][1][safepoint    ] Application time: 0.0000164 seconds
[2020-01-13T13:39:19.469+0000][1][safepoint    ] Entering safepoint region: RevokeBias
[2020-01-13T13:39:19.469+0000][1][safepoint    ] Leaving safepoint region
[2020-01-13T13:39:19.469+0000][1][safepoint    ] Total time for which application threads were stopped: 0.0000329 seconds, Stopping threads took: 0.0000056 seconds
[2020-01-13T13:39:19.469+0000][1][safepoint    ] Application time: 0.0000153 seconds
[2020-01-13T13:39:19.469+0000][1][safepoint    ] Entering safepoint region: RevokeBias
[2020-01-13T13:39:19.469+0000][1][safepoint    ] Leaving safepoint region
[2020-01-13T13:39:19.469+0000][1][safepoint    ] Total time for which application threads were stopped: 0.0000318 seconds, Stopping threads took: 0.0000053 seconds
[2020-01-13T13:39:19.471+0000][1][safepoint    ] Application time: 0.0022635 seconds
[2020-01-13T13:39:19.474+0000][1][safepoint    ] Entering safepoint region: RevokeBias
[2020-01-13T13:39:19.475+0000][1][safepoint    ] Leaving safepoint region
[2020-01-13T13:39:19.475+0000][1][safepoint    ] Total time for which application threads were stopped: 0.0032246 seconds, Stopping threads took: 0.0031046 seconds
[2020-01-13T13:39:19.475+0000][1][safepoint    ] Application time: 0.0000345 seconds
[2020-01-13T13:39:19.475+0000][1][safepoint    ] Entering safepoint region: RevokeBias
[2020-01-13T13:39:19.475+0000][1][safepoint    ] Leaving safepoint region
[2020-01-13T13:39:19.475+0000][1][safepoint    ] Total time for which application threads were stopped: 0.0000364 seconds, Stopping threads took: 0.0000056 seconds
[2020-01-13T13:39:19.475+0000][1][safepoint    ] Application time: 0.0000163 seconds
[2020-01-13T13:39:19.475+0000][1][safepoint    ] Entering safepoint region: BulkRevokeBias
[2020-01-13T13:39:19.475+0000][1][safepoint    ] Leaving safepoint region
[2020-01-13T13:39:19.475+0000][1][safepoint    ] Total time for which application threads were stopped: 0.0000892 seconds, Stopping threads took: 0.0000046 seconds
[2020-01-13T13:39:19.479+0000][1][safepoint    ] Application time: 0.0038260 seconds
[2020-01-13T13:39:19.481+0000][1][safepoint    ] Entering safepoint region: RevokeBias
[2020-01-13T13:39:19.481+0000][1][safepoint    ] Leaving safepoint region
[2020-01-13T13:39:19.481+0000][1][safepoint    ] Total time for which application threads were stopped: 0.0027719 seconds, Stopping threads took: 0.0027029 seconds
[2020-01-13T13:39:20.426+0000][1][safepoint    ] Application time: 0.9445208 seconds
[2020-01-13T13:39:20.426+0000][1][safepoint    ] Entering safepoint region: RevokeBias
[2020-01-13T13:39:20.427+0000][1][safepoint    ] Leaving safepoint region
[2020-01-13T13:39:20.427+0000][1][safepoint    ] Total time for which application threads were stopped: 0.0008926 seconds, Stopping threads took: 0.0000810 seconds
[2020-01-13T13:39:20.427+0000][1][safepoint    ] Application time: 0.0000487 seconds
[2020-01-13T13:39:20.427+0000][1][safepoint    ] Entering safepoint region: RevokeBias
[2020-01-13T13:39:20.427+0000][1][safepoint    ] Leaving safepoint region
[2020-01-13T13:39:20.427+0000][1][safepoint    ] Total time for which application threads were stopped: 0.0000574 seconds, Stopping threads took: 0.0000074 seconds
[2020-01-13T13:39:20.486+0000][1][safepoint    ] Application time: 0.0586332 seconds
[2020-01-13T13:39:20.489+0000][1][safepoint    ] Entering safepoint region: RevokeBias
[2020-01-13T13:39:20.490+0000][1][safepoint    ] Leaving safepoint region
[2020-01-13T13:39:20.490+0000][1][safepoint    ] Total time for which application threads were stopped: 0.0038931 seconds, Stopping threads took: 0.0037922 seconds
[2020-01-13T13:39:20.490+0000][1][safepoint    ] Application time: 0.0000455 seconds
[2020-01-13T13:39:20.490+0000][1][safepoint    ] Entering safepoint region: RevokeBias
[2020-01-13T13:39:20.490+0000][1][safepoint    ] Leaving safepoint region
[2020-01-13T13:39:20.490+0000][1][safepoint    ] Total time for which application threads were stopped: 0.0000313 seconds, Stopping threads took: 0.0000133 seconds
[2020-01-13T13:39:20.490+0000][1][safepoint    ] Application time: 0.0000547 seconds
[2020-01-13T13:39:20.490+0000][1][safepoint    ] Entering safepoint region: RevokeBias
[2020-01-13T13:39:20.490+0000][1][safepoint    ] Leaving safepoint region
[2020-01-13T13:39:20.490+0000][1][safepoint    ] Total time for which application threads were stopped: 0.0000256 seconds, Stopping threads took: 0.0000114 seconds
[2020-01-13T13:39:20.898+0000][1][safepoint    ] Application time: 0.4079776 seconds
[2020-01-13T13:39:20.898+0000][1][safepoint    ] Entering safepoint region: Deoptimize
[2020-01-13T13:39:20.899+0000][1][safepoint    ] Leaving safepoint region
[2020-01-13T13:39:20.899+0000][1][safepoint    ] Total time for which application threads were stopped: 0.0014925 seconds, Stopping threads took: 0.0000257 seconds
[2020-01-13T13:39:20.981+0000][1][safepoint    ] Application time: 0.0819198 seconds
[2020-01-13T13:39:20.981+0000][1][safepoint    ] Entering safepoint region: RevokeBias
[2020-01-13T13:39:20.981+0000][1][safepoint    ] Leaving safepoint region
[2020-01-13T13:39:20.981+0000][1][safepoint    ] Total time for which application threads were stopped: 0.0001740 seconds, Stopping threads took: 0.0000566 seconds
[2020-01-13T13:39:20.982+0000][1][safepoint    ] Application time: 0.0009540 seconds
[2020-01-13T13:39:20.982+0000][1][safepoint    ] Entering safepoint region: RevokeBias
[2020-01-13T13:39:20.983+0000][1][safepoint    ] Leaving safepoint region
[2020-01-13T13:39:20.983+0000][1][safepoint    ] Total time for which application threads were stopped: 0.0000804 seconds, Stopping threads took: 0.0000285 seconds
[2020-01-13T13:39:20.983+0000][1][safepoint    ] Application time: 0.0001161 seconds
[2020-01-13T13:39:20.983+0000][1][safepoint    ] Entering safepoint region: RevokeBias
[2020-01-13T13:39:20.983+0000][1][safepoint    ] Leaving safepoint region
[2020-01-13T13:39:20.983+0000][1][safepoint    ] Total time for which application threads were stopped: 0.0000405 seconds, Stopping threads took: 0.0000139 seconds
[2020-01-13T13:39:20.989+0000][1][safepoint    ] Application time: 0.0064975 seconds
[2020-01-13T13:39:20.989+0000][1][safepoint    ] Entering safepoint region: RevokeBias
[2020-01-13T13:39:20.989+0000][1][safepoint    ] Leaving safepoint region
[2020-01-13T13:39:20.989+0000][1][safepoint    ] Total time for which application threads were stopped: 0.0001191 seconds, Stopping threads took: 0.0000285 seconds
[2020-01-13T13:39:21.439+0000][1][safepoint    ] Application time: 0.4499833 seconds
[2020-01-13T13:39:21.439+0000][1][safepoint    ] Entering safepoint region: GenCollectForAllocation
[2020-01-13T13:39:21.441+0000][1][gc,start     ] GC(21) Pause Young (Allocation Failure)
[2020-01-13T13:39:21.442+0000][1][gc,task      ] GC(21) Using 1 workers of 1 for evacuation
[2020-01-13T13:39:21.509+0000][1][gc,age       ] GC(21) Desired survivor size 4358144 bytes, new threshold 2 (max threshold 6)
[2020-01-13T13:39:21.509+0000][1][gc,age       ] GC(21) Age table with threshold 2 (max threshold 6)
[2020-01-13T13:39:21.509+0000][1][gc,age       ] GC(21) - age   1:    2998560 bytes,    2998560 total
[2020-01-13T13:39:21.509+0000][1][gc,age       ] GC(21) - age   2:    2121752 bytes,    5120312 total
[2020-01-13T13:39:21.509+0000][1][gc,heap      ] GC(21) ParNew: 73772K->8512K(76672K)
[2020-01-13T13:39:21.509+0000][1][gc,heap      ] GC(21) CMS: 57961K->60476K(176960K)
[2020-01-13T13:39:21.509+0000][1][gc,metaspace ] GC(21) Metaspace: 57789K->57789K(1101824K)
[2020-01-13T13:39:21.509+0000][1][gc           ] GC(21) Pause Young (Allocation Failure) 128M->67M(247M) 67.928ms
[2020-01-13T13:39:21.509+0000][1][gc,cpu       ] GC(21) User=0.06s Sys=0.00s Real=0.07s
[2020-01-13T13:39:21.509+0000][1][safepoint    ] Leaving safepoint region
[2020-01-13T13:39:21.509+0000][1][safepoint    ] Total time for which application threads were stopped: 0.0700565 seconds, Stopping threads took: 0.0000244 seconds
[2020-01-13T13:39:21.520+0000][1][safepoint    ] Application time: 0.0101291 seconds
[2020-01-13T13:39:21.520+0000][1][safepoint    ] Entering safepoint region: RevokeBias
[2020-01-13T13:39:21.520+0000][1][safepoint    ] Leaving safepoint region
[2020-01-13T13:39:21.520+0000][1][safepoint    ] Total time for which application threads were stopped: 0.0001819 seconds, Stopping threads took: 0.0001125 seconds
[2020-01-13T13:39:21.591+0000][1][safepoint    ] Application time: 0.0710714 seconds
[2020-01-13T13:39:21.591+0000][1][safepoint    ] Entering safepoint region: Deoptimize
[2020-01-13T13:39:21.592+0000][1][safepoint    ] Leaving safepoint region
[2020-01-13T13:39:21.592+0000][1][safepoint    ] Total time for which application threads were stopped: 0.0009227 seconds, Stopping threads took: 0.0000269 seconds
[2020-01-13T13:39:22.522+0000][1][safepoint    ] Application time: 0.9300970 seconds
[2020-01-13T13:39:22.522+0000][1][safepoint    ] Entering safepoint region: RevokeBias
[2020-01-13T13:39:22.522+0000][1][safepoint    ] Leaving safepoint region
[2020-01-13T13:39:22.522+0000][1][safepoint    ] Total time for which application threads were stopped: 0.0001737 seconds, Stopping threads took: 0.0000326 seconds
[2020-01-13T13:39:22.638+0000][1][safepoint    ] Application time: 0.1158967 seconds
[2020-01-13T13:39:22.638+0000][1][safepoint    ] Entering safepoint region: BulkRevokeBias
[2020-01-13T13:39:22.638+0000][1][safepoint    ] Leaving safepoint region
[2020-01-13T13:39:22.638+0000][1][safepoint    ] Total time for which application threads were stopped: 0.0002677 seconds, Stopping threads took: 0.0000279 seconds
[2020-01-13T13:39:22.879+0000][1][safepoint    ] Application time: 0.2409311 seconds
[2020-01-13T13:39:22.879+0000][1][safepoint    ] Entering safepoint region: Deoptimize
[2020-01-13T13:39:22.880+0000][1][safepoint    ] Leaving safepoint region
[2020-01-13T13:39:22.880+0000][1][safepoint    ] Total time for which application threads were stopped: 0.0008629 seconds, Stopping threads took: 0.0000449 seconds
[2020-01-13T13:39:22.895+0000][1][safepoint    ] Application time: 0.0148576 seconds
[2020-01-13T13:39:22.895+0000][1][safepoint    ] Entering safepoint region: RevokeBias
[2020-01-13T13:39:22.895+0000][1][safepoint    ] Leaving safepoint region
[2020-01-13T13:39:22.895+0000][1][safepoint    ] Total time for which application threads were stopped: 0.0001785 seconds, Stopping threads took: 0.0000292 seconds
[2020-01-13T13:39:22.896+0000][1][safepoint    ] Application time: 0.0006053 seconds
[2020-01-13T13:39:22.896+0000][1][safepoint    ] Entering safepoint region: RevokeBias
[2020-01-13T13:39:22.896+0000][1][safepoint    ] Leaving safepoint region
[2020-01-13T13:39:22.896+0000][1][safepoint    ] Total time for which application threads were stopped: 0.0000939 seconds, Stopping threads took: 0.0000272 seconds
[2020-01-13T13:39:22.897+0000][1][safepoint    ] Application time: 0.0011307 seconds
[2020-01-13T13:39:22.897+0000][1][safepoint    ] Entering safepoint region: RevokeBias
[2020-01-13T13:39:22.897+0000][1][safepoint    ] Leaving safepoint region
[2020-01-13T13:39:22.897+0000][1][safepoint    ] Total time for which application threads were stopped: 0.0001182 seconds, Stopping threads took: 0.0000313 seconds
[2020-01-13T13:39:22.898+0000][1][safepoint    ] Application time: 0.0006142 seconds
[2020-01-13T13:39:22.898+0000][1][safepoint    ] Entering safepoint region: RevokeBias
[2020-01-13T13:39:22.898+0000][1][safepoint    ] Leaving safepoint region
[2020-01-13T13:39:22.898+0000][1][safepoint    ] Total time for which application threads were stopped: 0.0000896 seconds, Stopping threads took: 0.0000257 seconds
[2020-01-13T13:39:22.898+0000][1][safepoint    ] Application time: 0.0000450 seconds
[2020-01-13T13:39:22.898+0000][1][safepoint    ] Entering safepoint region: RevokeBias
[2020-01-13T13:39:22.898+0000][1][safepoint    ] Leaving safepoint region
[2020-01-13T13:39:22.898+0000][1][safepoint    ] Total time for which application threads were stopped: 0.0000663 seconds, Stopping threads took: 0.0000186 seconds
[2020-01-13T13:39:22.899+0000][1][safepoint    ] Application time: 0.0002858 seconds
[2020-01-13T13:39:22.899+0000][1][safepoint    ] Entering safepoint region: RevokeBias
[2020-01-13T13:39:22.899+0000][1][safepoint    ] Leaving safepoint region
[2020-01-13T13:39:22.899+0000][1][safepoint    ] Total time for which application threads were stopped: 0.0000965 seconds, Stopping threads took: 0.0000224 seconds
[2020-01-13T13:39:22.899+0000][1][safepoint    ] Application time: 0.0002617 seconds
[2020-01-13T13:39:22.899+0000][1][safepoint    ] Entering safepoint region: RevokeBias
[2020-01-13T13:39:22.899+0000][1][safepoint    ] Leaving safepoint region
[2020-01-13T13:39:22.899+0000][1][safepoint    ] Total time for which application threads were stopped: 0.0000704 seconds, Stopping threads took: 0.0000236 seconds
[2020-01-13T13:39:22.899+0000][1][safepoint    ] Application time: 0.0002472 seconds
[2020-01-13T13:39:22.899+0000][1][safepoint    ] Entering safepoint region: RevokeBias
[2020-01-13T13:39:22.899+0000][1][safepoint    ] Leaving safepoint region
[2020-01-13T13:39:22.899+0000][1][safepoint    ] Total time for which application threads were stopped: 0.0000943 seconds, Stopping threads took: 0.0000242 seconds
[2020-01-13T13:39:22.899+0000][1][safepoint    ] Application time: 0.0000423 seconds
[2020-01-13T13:39:22.899+0000][1][safepoint    ] Entering safepoint region: RevokeBias
[2020-01-13T13:39:22.899+0000][1][safepoint    ] Leaving safepoint region
[2020-01-13T13:39:22.899+0000][1][safepoint    ] Total time for which application threads were stopped: 0.0000736 seconds, Stopping threads took: 0.0000194 seconds
[2020-01-13T13:39:22.900+0000][1][safepoint    ] Application time: 0.0007267 seconds
[2020-01-13T13:39:22.900+0000][1][safepoint    ] Entering safepoint region: RevokeBias
[2020-01-13T13:39:22.900+0000][1][safepoint    ] Leaving safepoint region
[2020-01-13T13:39:22.900+0000][1][safepoint    ] Total time for which application threads were stopped: 0.0000518 seconds, Stopping threads took: 0.0000188 seconds
[2020-01-13T13:39:22.901+0000][1][safepoint    ] Application time: 0.0010735 seconds
[2020-01-13T13:39:22.901+0000][1][safepoint    ] Entering safepoint region: RevokeBias
[2020-01-13T13:39:22.901+0000][1][safepoint    ] Leaving safepoint region
[2020-01-13T13:39:22.901+0000][1][safepoint    ] Total time for which application threads were stopped: 0.0000573 seconds, Stopping threads took: 0.0000182 seconds
[2020-01-13T13:39:22.902+0000][1][safepoint    ] Application time: 0.0000838 seconds
[2020-01-13T13:39:22.902+0000][1][safepoint    ] Entering safepoint region: RevokeBias
[2020-01-13T13:39:22.902+0000][1][safepoint    ] Leaving safepoint region
[2020-01-13T13:39:22.902+0000][1][safepoint    ] Total time for which application threads were stopped: 0.0000386 seconds, Stopping threads took: 0.0000134 seconds
[2020-01-13T13:39:22.905+0000][1][safepoint    ] Application time: 0.0029910 seconds
[2020-01-13T13:39:22.905+0000][1][safepoint    ] Entering safepoint region: Deoptimize
[2020-01-13T13:39:22.905+0000][1][safepoint    ] Leaving safepoint region
[2020-01-13T13:39:22.905+0000][1][safepoint    ] Total time for which application threads were stopped: 0.0007978 seconds, Stopping threads took: 0.0000260 seconds
[2020-01-13T13:39:23.005+0000][1][safepoint    ] Application time: 0.0993767 seconds
[2020-01-13T13:39:23.008+0000][1][safepoint    ] Entering safepoint region: RevokeBias
[2020-01-13T13:39:23.008+0000][1][safepoint    ] Leaving safepoint region
[2020-01-13T13:39:23.008+0000][1][safepoint    ] Total time for which application threads were stopped: 0.0030672 seconds, Stopping threads took: 0.0029256 seconds
[2020-01-13T13:39:23.008+0000][1][safepoint    ] Application time: 0.0005000 seconds
[2020-01-13T13:39:23.008+0000][1][safepoint    ] Entering safepoint region: RevokeBias
[2020-01-13T13:39:23.009+0000][1][safepoint    ] Leaving safepoint region
[2020-01-13T13:39:23.009+0000][1][safepoint    ] Total time for which application threads were stopped: 0.0001050 seconds, Stopping threads took: 0.0000160 seconds
[2020-01-13T13:39:23.009+0000][1][safepoint    ] Application time: 0.0000484 seconds
[2020-01-13T13:39:23.009+0000][1][safepoint    ] Entering safepoint region: RevokeBias
[2020-01-13T13:39:23.009+0000][1][safepoint    ] Leaving safepoint region
[2020-01-13T13:39:23.009+0000][1][safepoint    ] Total time for which application threads were stopped: 0.0000593 seconds, Stopping threads took: 0.0000096 seconds
[2020-01-13T13:39:23.011+0000][1][safepoint    ] Application time: 0.0020115 seconds
[2020-01-13T13:39:23.013+0000][1][safepoint    ] Entering safepoint region: RevokeBias
[2020-01-13T13:39:23.013+0000][1][safepoint    ] Leaving safepoint region
[2020-01-13T13:39:23.013+0000][1][safepoint    ] Total time for which application threads were stopped: 0.0022390 seconds, Stopping threads took: 0.0021718 seconds
[2020-01-13T13:39:23.017+0000][1][safepoint    ] Application time: 0.0042305 seconds
[2020-01-13T13:39:23.017+0000][1][safepoint    ] Entering safepoint region: RevokeBias
[2020-01-13T13:39:23.017+0000][1][safepoint    ] Leaving safepoint region
[2020-01-13T13:39:23.017+0000][1][safepoint    ] Total time for which application threads were stopped: 0.0001185 seconds, Stopping threads took: 0.0000309 seconds
[2020-01-13T13:39:23.018+0000][1][safepoint    ] Application time: 0.0002701 seconds
[2020-01-13T13:39:23.018+0000][1][safepoint    ] Entering safepoint region: RevokeBias
[2020-01-13T13:39:23.018+0000][1][safepoint    ] Leaving safepoint region
[2020-01-13T13:39:23.018+0000][1][safepoint    ] Total time for which application threads were stopped: 0.0000604 seconds, Stopping threads took: 0.0000080 seconds
[2020-01-13T13:39:23.018+0000][1][safepoint    ] Application time: 0.0006505 seconds
[2020-01-13T13:39:23.018+0000][1][safepoint    ] Entering safepoint region: RevokeBias
[2020-01-13T13:39:23.019+0000][1][safepoint    ] Leaving safepoint region
[2020-01-13T13:39:23.019+0000][1][safepoint    ] Total time for which application threads were stopped: 0.0001732 seconds, Stopping threads took: 0.0000873 seconds
[2020-01-13T13:39:23.019+0000][1][safepoint    ] Application time: 0.0003485 seconds
[2020-01-13T13:39:23.019+0000][1][safepoint    ] Entering safepoint region: RevokeBias
[2020-01-13T13:39:23.019+0000][1][safepoint    ] Leaving safepoint region
[2020-01-13T13:39:23.019+0000][1][safepoint    ] Total time for which application threads were stopped: 0.0000539 seconds, Stopping threads took: 0.0000078 seconds
[2020-01-13T13:39:23.019+0000][1][safepoint    ] Application time: 0.0002267 seconds
[2020-01-13T13:39:23.019+0000][1][safepoint    ] Entering safepoint region: RevokeBias
[2020-01-13T13:39:23.019+0000][1][safepoint    ] Leaving safepoint region
[2020-01-13T13:39:23.019+0000][1][safepoint    ] Total time for which application threads were stopped: 0.0000468 seconds, Stopping threads took: 0.0000065 seconds
[2020-01-13T13:39:23.024+0000][1][safepoint    ] Application time: 0.0049018 seconds
[2020-01-13T13:39:23.027+0000][1][safepoint    ] Entering safepoint region: RevokeBias
[2020-01-13T13:39:23.027+0000][1][safepoint    ] Leaving safepoint region
[2020-01-13T13:39:23.027+0000][1][safepoint    ] Total time for which application threads were stopped: 0.0032387 seconds, Stopping threads took: 0.0031702 seconds
[2020-01-13T13:39:23.045+0000][1][safepoint    ] Application time: 0.0178887 seconds
[2020-01-13T13:39:23.047+0000][1][safepoint    ] Entering safepoint region: RevokeBias
[2020-01-13T13:39:23.047+0000][1][safepoint    ] Leaving safepoint region
[2020-01-13T13:39:23.047+0000][1][safepoint    ] Total time for which application threads were stopped: 0.0020911 seconds, Stopping threads took: 0.0020116 seconds
[2020-01-13T13:39:23.051+0000][1][safepoint    ] Application time: 0.0030555 seconds
[2020-01-13T13:39:23.051+0000][1][safepoint    ] Entering safepoint region: RevokeBias
[2020-01-13T13:39:23.051+0000][1][safepoint    ] Leaving safepoint region
[2020-01-13T13:39:23.051+0000][1][safepoint    ] Total time for which application threads were stopped: 0.0001876 seconds, Stopping threads took: 0.0001002 seconds
[2020-01-13T13:39:23.051+0000][1][safepoint    ] Application time: 0.0000384 seconds
[2020-01-13T13:39:23.051+0000][1][safepoint    ] Entering safepoint region: RevokeBias
[2020-01-13T13:39:23.051+0000][1][safepoint    ] Leaving safepoint region
[2020-01-13T13:39:23.051+0000][1][safepoint    ] Total time for which application threads were stopped: 0.0000483 seconds, Stopping threads took: 0.0000069 seconds
[2020-01-13T13:39:23.053+0000][1][safepoint    ] Application time: 0.0020276 seconds
[2020-01-13T13:39:23.053+0000][1][safepoint    ] Entering safepoint region: RevokeBias
[2020-01-13T13:39:23.053+0000][1][safepoint    ] Leaving safepoint region
[2020-01-13T13:39:23.053+0000][1][safepoint    ] Total time for which application threads were stopped: 0.0000717 seconds, Stopping threads took: 0.0000130 seconds
[2020-01-13T13:39:23.053+0000][1][safepoint    ] Application time: 0.0001029 seconds
[2020-01-13T13:39:23.053+0000][1][safepoint    ] Entering safepoint region: RevokeBias
[2020-01-13T13:39:23.053+0000][1][safepoint    ] Leaving safepoint region
[2020-01-13T13:39:23.053+0000][1][safepoint    ] Total time for which application threads were stopped: 0.0000274 seconds, Stopping threads took: 0.0000062 seconds
[2020-01-13T13:39:23.053+0000][1][safepoint    ] Application time: 0.0000560 seconds
[2020-01-13T13:39:23.053+0000][1][safepoint    ] Entering safepoint region: RevokeBias
[2020-01-13T13:39:23.053+0000][1][safepoint    ] Leaving safepoint region
[2020-01-13T13:39:23.053+0000][1][safepoint    ] Total time for which application threads were stopped: 0.0000247 seconds, Stopping threads took: 0.0000056 seconds
[2020-01-13T13:39:23.054+0000][1][safepoint    ] Application time: 0.0004314 seconds
[2020-01-13T13:39:23.054+0000][1][safepoint    ] Entering safepoint region: RevokeBias
[2020-01-13T13:39:23.054+0000][1][safepoint    ] Leaving safepoint region
[2020-01-13T13:39:23.054+0000][1][safepoint    ] Total time for which application threads were stopped: 0.0000740 seconds, Stopping threads took: 0.0000197 seconds
[2020-01-13T13:39:23.054+0000][1][safepoint    ] Application time: 0.0000271 seconds
[2020-01-13T13:39:23.054+0000][1][safepoint    ] Entering safepoint region: RevokeBias
[2020-01-13T13:39:23.054+0000][1][safepoint    ] Leaving safepoint region
[2020-01-13T13:39:23.054+0000][1][safepoint    ] Total time for which application threads were stopped: 0.0000371 seconds, Stopping threads took: 0.0000125 seconds
[2020-01-13T13:39:23.054+0000][1][safepoint    ] Application time: 0.0000285 seconds
[2020-01-13T13:39:23.054+0000][1][safepoint    ] Entering safepoint region: RevokeBias
[2020-01-13T13:39:23.054+0000][1][safepoint    ] Leaving safepoint region
[2020-01-13T13:39:23.054+0000][1][safepoint    ] Total time for which application threads were stopped: 0.0000385 seconds, Stopping threads took: 0.0000140 seconds
[2020-01-13T13:39:23.060+0000][1][safepoint    ] Application time: 0.0063861 seconds
[2020-01-13T13:39:23.060+0000][1][safepoint    ] Entering safepoint region: RevokeBias
[2020-01-13T13:39:23.060+0000][1][safepoint    ] Leaving safepoint region
[2020-01-13T13:39:23.060+0000][1][safepoint    ] Total time for which application threads were stopped: 0.0001022 seconds, Stopping threads took: 0.0000264 seconds
[2020-01-13T13:39:23.061+0000][1][safepoint    ] Application time: 0.0000613 seconds
[2020-01-13T13:39:23.061+0000][1][safepoint    ] Entering safepoint region: RevokeBias
[2020-01-13T13:39:23.061+0000][1][safepoint    ] Leaving safepoint region
[2020-01-13T13:39:23.061+0000][1][safepoint    ] Total time for which application threads were stopped: 0.0000437 seconds, Stopping threads took: 0.0000133 seconds
[2020-01-13T13:39:23.067+0000][1][safepoint    ] Application time: 0.0065524 seconds
[2020-01-13T13:39:23.067+0000][1][safepoint    ] Entering safepoint region: RevokeBias
[2020-01-13T13:39:23.067+0000][1][safepoint    ] Leaving safepoint region
[2020-01-13T13:39:23.067+0000][1][safepoint    ] Total time for which application threads were stopped: 0.0001078 seconds, Stopping threads took: 0.0000289 seconds
[2020-01-13T13:39:23.067+0000][1][safepoint    ] Application time: 0.0001473 seconds
[2020-01-13T13:39:23.067+0000][1][safepoint    ] Entering safepoint region: RevokeBias
[2020-01-13T13:39:23.068+0000][1][safepoint    ] Leaving safepoint region
[2020-01-13T13:39:23.068+0000][1][safepoint    ] Total time for which application threads were stopped: 0.0000683 seconds, Stopping threads took: 0.0000146 seconds
[2020-01-13T13:39:23.068+0000][1][safepoint    ] Application time: 0.0002153 seconds
[2020-01-13T13:39:23.068+0000][1][safepoint    ] Entering safepoint region: RevokeBias
[2020-01-13T13:39:23.068+0000][1][safepoint    ] Leaving safepoint region
[2020-01-13T13:39:23.068+0000][1][safepoint    ] Total time for which application threads were stopped: 0.0000512 seconds, Stopping threads took: 0.0000155 seconds
[2020-01-13T13:39:23.068+0000][1][safepoint    ] Application time: 0.0000284 seconds
[2020-01-13T13:39:23.068+0000][1][safepoint    ] Entering safepoint region: RevokeBias
[2020-01-13T13:39:23.068+0000][1][safepoint    ] Leaving safepoint region
[2020-01-13T13:39:23.068+0000][1][safepoint    ] Total time for which application threads were stopped: 0.0000381 seconds, Stopping threads took: 0.0000126 seconds
[2020-01-13T13:39:23.071+0000][1][safepoint    ] Application time: 0.0028501 seconds
[2020-01-13T13:39:23.074+0000][1][safepoint    ] Entering safepoint region: RevokeBias
[2020-01-13T13:39:23.074+0000][1][safepoint    ] Leaving safepoint region
[2020-01-13T13:39:23.074+0000][1][safepoint    ] Total time for which application threads were stopped: 0.0036764 seconds, Stopping threads took: 0.0035968 seconds
[2020-01-13T13:39:23.076+0000][1][safepoint    ] Application time: 0.0014551 seconds
[2020-01-13T13:39:23.076+0000][1][safepoint    ] Entering safepoint region: RevokeBias
[2020-01-13T13:39:23.076+0000][1][safepoint    ] Leaving safepoint region
[2020-01-13T13:39:23.076+0000][1][safepoint    ] Total time for which application threads were stopped: 0.0000899 seconds, Stopping threads took: 0.0000243 seconds
[2020-01-13T13:39:23.094+0000][1][safepoint    ] Application time: 0.0182888 seconds
[2020-01-13T13:39:23.095+0000][1][safepoint    ] Entering safepoint region: RevokeBias
[2020-01-13T13:39:23.095+0000][1][safepoint    ] Leaving safepoint region
[2020-01-13T13:39:23.095+0000][1][safepoint    ] Total time for which application threads were stopped: 0.0002166 seconds, Stopping threads took: 0.0001385 seconds
[2020-01-13T13:39:23.120+0000][1][safepoint    ] Application time: 0.0254969 seconds
[2020-01-13T13:39:23.120+0000][1][safepoint    ] Entering safepoint region: RevokeBias
[2020-01-13T13:39:23.120+0000][1][safepoint    ] Leaving safepoint region
[2020-01-13T13:39:23.120+0000][1][safepoint    ] Total time for which application threads were stopped: 0.0001181 seconds, Stopping threads took: 0.0000294 seconds
[2020-01-13T13:39:23.128+0000][1][safepoint    ] Application time: 0.0073731 seconds
[2020-01-13T13:39:23.128+0000][1][safepoint    ] Entering safepoint region: RevokeBias
[2020-01-13T13:39:23.128+0000][1][safepoint    ] Leaving safepoint region
[2020-01-13T13:39:23.128+0000][1][safepoint    ] Total time for which application threads were stopped: 0.0001085 seconds, Stopping threads took: 0.0000263 seconds
[2020-01-13T13:39:23.128+0000][1][safepoint    ] Application time: 0.0000376 seconds
[2020-01-13T13:39:23.128+0000][1][safepoint    ] Entering safepoint region: RevokeBias
[2020-01-13T13:39:23.128+0000][1][safepoint    ] Leaving safepoint region
[2020-01-13T13:39:23.128+0000][1][safepoint    ] Total time for which application threads were stopped: 0.0000392 seconds, Stopping threads took: 0.0000128 seconds
[2020-01-13T13:39:23.153+0000][1][safepoint    ] Application time: 0.0255556 seconds
[2020-01-13T13:39:23.154+0000][1][safepoint    ] Entering safepoint region: RevokeBias
[2020-01-13T13:39:23.154+0000][1][safepoint    ] Leaving safepoint region
[2020-01-13T13:39:23.154+0000][1][safepoint    ] Total time for which application threads were stopped: 0.0001073 seconds, Stopping threads took: 0.0000294 seconds
[2020-01-13T13:39:23.231+0000][1][safepoint    ] Application time: 0.0768858 seconds
[2020-01-13T13:39:23.231+0000][1][safepoint    ] Entering safepoint region: RevokeBias
[2020-01-13T13:39:23.231+0000][1][safepoint    ] Leaving safepoint region
[2020-01-13T13:39:23.231+0000][1][safepoint    ] Total time for which application threads were stopped: 0.0001396 seconds, Stopping threads took: 0.0000609 seconds
[2020-01-13T13:39:23.231+0000][1][safepoint    ] Application time: 0.0002807 seconds
[2020-01-13T13:39:23.231+0000][1][safepoint    ] Entering safepoint region: RevokeBias
[2020-01-13T13:39:23.231+0000][1][safepoint    ] Leaving safepoint region
[2020-01-13T13:39:23.231+0000][1][safepoint    ] Total time for which application threads were stopped: 0.0000557 seconds, Stopping threads took: 0.0000155 seconds
[2020-01-13T13:39:23.231+0000][1][safepoint    ] Application time: 0.0000444 seconds
[2020-01-13T13:39:23.231+0000][1][safepoint    ] Entering safepoint region: RevokeBias
[2020-01-13T13:39:23.231+0000][1][safepoint    ] Leaving safepoint region
[2020-01-13T13:39:23.231+0000][1][safepoint    ] Total time for which application threads were stopped: 0.0000393 seconds, Stopping threads took: 0.0000129 seconds
[2020-01-13T13:39:23.231+0000][1][safepoint    ] Application time: 0.0000259 seconds
[2020-01-13T13:39:23.231+0000][1][safepoint    ] Entering safepoint region: RevokeBias
[2020-01-13T13:39:23.231+0000][1][safepoint    ] Leaving safepoint region
[2020-01-13T13:39:23.231+0000][1][safepoint    ] Total time for which application threads were stopped: 0.0000370 seconds, Stopping threads took: 0.0000126 seconds
[2020-01-13T13:39:23.232+0000][1][safepoint    ] Application time: 0.0003122 seconds
[2020-01-13T13:39:23.232+0000][1][safepoint    ] Entering safepoint region: RevokeBias
[2020-01-13T13:39:23.232+0000][1][safepoint    ] Leaving safepoint region
[2020-01-13T13:39:23.232+0000][1][safepoint    ] Total time for which application threads were stopped: 0.0000711 seconds, Stopping threads took: 0.0000217 seconds
[2020-01-13T13:39:23.281+0000][1][safepoint    ] Application time: 0.0494381 seconds
[2020-01-13T13:39:23.281+0000][1][safepoint    ] Entering safepoint region: RevokeBias
[2020-01-13T13:39:23.281+0000][1][safepoint    ] Leaving safepoint region
[2020-01-13T13:39:23.281+0000][1][safepoint    ] Total time for which application threads were stopped: 0.0001306 seconds, Stopping threads took: 0.0000443 seconds
[2020-01-13T13:39:23.283+0000][1][safepoint    ] Application time: 0.0015258 seconds
[2020-01-13T13:39:23.283+0000][1][safepoint    ] Entering safepoint region: RevokeBias
[2020-01-13T13:39:23.283+0000][1][safepoint    ] Leaving safepoint region
[2020-01-13T13:39:23.283+0000][1][safepoint    ] Total time for which application threads were stopped: 0.0001302 seconds, Stopping threads took: 0.0000306 seconds
[2020-01-13T13:39:23.333+0000][1][safepoint    ] Application time: 0.0499864 seconds
[2020-01-13T13:39:23.338+0000][1][safepoint    ] Entering safepoint region: RevokeBias
[2020-01-13T13:39:23.339+0000][1][safepoint    ] Leaving safepoint region
[2020-01-13T13:39:23.339+0000][1][safepoint    ] Total time for which application threads were stopped: 0.0055765 seconds, Stopping threads took: 0.0054236 seconds
[2020-01-13T13:39:23.340+0000][1][safepoint    ] Application time: 0.0012216 seconds
[2020-01-13T13:39:23.340+0000][1][safepoint    ] Entering safepoint region: RevokeBias
[2020-01-13T13:39:23.340+0000][1][safepoint    ] Leaving safepoint region
[2020-01-13T13:39:23.340+0000][1][safepoint    ] Total time for which application threads were stopped: 0.0000884 seconds, Stopping threads took: 0.0000275 seconds
[2020-01-13T13:39:23.340+0000][1][safepoint    ] Application time: 0.0000768 seconds
[2020-01-13T13:39:23.340+0000][1][safepoint    ] Entering safepoint region: RevokeBias
[2020-01-13T13:39:23.340+0000][1][safepoint    ] Leaving safepoint region
[2020-01-13T13:39:23.340+0000][1][safepoint    ] Total time for which application threads were stopped: 0.0000314 seconds, Stopping threads took: 0.0000117 seconds
[2020-01-13T13:39:23.340+0000][1][safepoint    ] Application time: 0.0003072 seconds
[2020-01-13T13:39:23.340+0000][1][safepoint    ] Entering safepoint region: RevokeBias
[2020-01-13T13:39:23.340+0000][1][safepoint    ] Leaving safepoint region
[2020-01-13T13:39:23.340+0000][1][safepoint    ] Total time for which application threads were stopped: 0.0000477 seconds, Stopping threads took: 0.0000175 seconds
[2020-01-13T13:39:23.340+0000][1][safepoint    ] Application time: 0.0000285 seconds
[2020-01-13T13:39:23.340+0000][1][safepoint    ] Entering safepoint region: RevokeBias
[2020-01-13T13:39:23.340+0000][1][safepoint    ] Leaving safepoint region
[2020-01-13T13:39:23.340+0000][1][safepoint    ] Total time for which application threads were stopped: 0.0000386 seconds, Stopping threads took: 0.0000048 seconds
[2020-01-13T13:39:23.341+0000][1][safepoint    ] Application time: 0.0000393 seconds
[2020-01-13T13:39:23.341+0000][1][safepoint    ] Entering safepoint region: RevokeBias
[2020-01-13T13:39:23.341+0000][1][safepoint    ] Leaving safepoint region
[2020-01-13T13:39:23.341+0000][1][safepoint    ] Total time for which application threads were stopped: 0.0000222 seconds, Stopping threads took: 0.0000049 seconds
[2020-01-13T13:39:23.341+0000][1][safepoint    ] Application time: 0.0002149 seconds
[2020-01-13T13:39:23.341+0000][1][safepoint    ] Entering safepoint region: RevokeBias
[2020-01-13T13:39:23.341+0000][1][safepoint    ] Leaving safepoint region
[2020-01-13T13:39:23.341+0000][1][safepoint    ] Total time for which application threads were stopped: 0.0000345 seconds, Stopping threads took: 0.0000067 seconds
[2020-01-13T13:39:23.341+0000][1][safepoint    ] Application time: 0.0004548 seconds
[2020-01-13T13:39:23.341+0000][1][safepoint    ] Entering safepoint region: RevokeBias
[2020-01-13T13:39:23.341+0000][1][safepoint    ] Leaving safepoint region
[2020-01-13T13:39:23.341+0000][1][safepoint    ] Total time for which application threads were stopped: 0.0000713 seconds, Stopping threads took: 0.0000105 seconds
[2020-01-13T13:39:23.344+0000][1][safepoint    ] Application time: 0.0025655 seconds
[2020-01-13T13:39:23.344+0000][1][safepoint    ] Entering safepoint region: RevokeBias
[2020-01-13T13:39:23.344+0000][1][safepoint    ] Leaving safepoint region
[2020-01-13T13:39:23.344+0000][1][safepoint    ] Total time for which application threads were stopped: 0.0001012 seconds, Stopping threads took: 0.0000287 seconds
[2020-01-13T13:39:23.344+0000][1][safepoint    ] Application time: 0.0000477 seconds
[2020-01-13T13:39:23.344+0000][1][safepoint    ] Entering safepoint region: RevokeBias
[2020-01-13T13:39:23.344+0000][1][safepoint    ] Leaving safepoint region
[2020-01-13T13:39:23.344+0000][1][safepoint    ] Total time for which application threads were stopped: 0.0000354 seconds, Stopping threads took: 0.0000061 seconds
[2020-01-13T13:39:23.344+0000][1][safepoint    ] Application time: 0.0002660 seconds
[2020-01-13T13:39:23.344+0000][1][safepoint    ] Entering safepoint region: RevokeBias
[2020-01-13T13:39:23.345+0000][1][safepoint    ] Leaving safepoint region
[2020-01-13T13:39:23.345+0000][1][safepoint    ] Total time for which application threads were stopped: 0.0000829 seconds, Stopping threads took: 0.0000099 seconds
[2020-01-13T13:39:23.345+0000][1][safepoint    ] Application time: 0.0002303 seconds
[2020-01-13T13:39:23.345+0000][1][safepoint    ] Entering safepoint region: RevokeBias
[2020-01-13T13:39:23.345+0000][1][safepoint    ] Leaving safepoint region
[2020-01-13T13:39:23.345+0000][1][safepoint    ] Total time for which application threads were stopped: 0.0000572 seconds, Stopping threads took: 0.0000089 seconds
[2020-01-13T13:39:23.346+0000][1][safepoint    ] Application time: 0.0006607 seconds
[2020-01-13T13:39:23.346+0000][1][safepoint    ] Entering safepoint region: RevokeBias
[2020-01-13T13:39:23.346+0000][1][safepoint    ] Leaving safepoint region
[2020-01-13T13:39:23.346+0000][1][safepoint    ] Total time for which application threads were stopped: 0.0000786 seconds, Stopping threads took: 0.0000260 seconds
[2020-01-13T13:39:23.346+0000][1][safepoint    ] Application time: 0.0005888 seconds
[2020-01-13T13:39:23.346+0000][1][safepoint    ] Entering safepoint region: RevokeBias
[2020-01-13T13:39:23.346+0000][1][safepoint    ] Leaving safepoint region
[2020-01-13T13:39:23.346+0000][1][safepoint    ] Total time for which application threads were stopped: 0.0000480 seconds, Stopping threads took: 0.0000188 seconds
[2020-01-13T13:39:23.347+0000][1][safepoint    ] Application time: 0.0008642 seconds
[2020-01-13T13:39:23.347+0000][1][safepoint    ] Entering safepoint region: RevokeBias
[2020-01-13T13:39:23.347+0000][1][safepoint    ] Leaving safepoint region
[2020-01-13T13:39:23.347+0000][1][safepoint    ] Total time for which application threads were stopped: 0.0000556 seconds, Stopping threads took: 0.0000260 seconds
[2020-01-13T13:39:23.347+0000][1][safepoint    ] Application time: 0.0001693 seconds
[2020-01-13T13:39:23.347+0000][1][safepoint    ] Entering safepoint region: RevokeBias
[2020-01-13T13:39:23.347+0000][1][safepoint    ] Leaving safepoint region
[2020-01-13T13:39:23.347+0000][1][safepoint    ] Total time for which application threads were stopped: 0.0000565 seconds, Stopping threads took: 0.0000191 seconds
[2020-01-13T13:39:23.347+0000][1][safepoint    ] Application time: 0.0000503 seconds
[2020-01-13T13:39:23.348+0000][1][safepoint    ] Entering safepoint region: RevokeBias
[2020-01-13T13:39:23.348+0000][1][safepoint    ] Leaving safepoint region
[2020-01-13T13:39:23.348+0000][1][safepoint    ] Total time for which application threads were stopped: 0.0000343 seconds, Stopping threads took: 0.0000060 seconds
[2020-01-13T13:39:23.348+0000][1][safepoint    ] Application time: 0.0002117 seconds
[2020-01-13T13:39:23.348+0000][1][safepoint    ] Entering safepoint region: RevokeBias
[2020-01-13T13:39:23.348+0000][1][safepoint    ] Leaving safepoint region
[2020-01-13T13:39:23.348+0000][1][safepoint    ] Total time for which application threads were stopped: 0.0000514 seconds, Stopping threads took: 0.0000184 seconds
[2020-01-13T13:39:23.349+0000][1][safepoint    ] Application time: 0.0015400 seconds
[2020-01-13T13:39:23.349+0000][1][safepoint    ] Entering safepoint region: RevokeBias
[2020-01-13T13:39:23.349+0000][1][safepoint    ] Leaving safepoint region
[2020-01-13T13:39:23.349+0000][1][safepoint    ] Total time for which application threads were stopped: 0.0000645 seconds, Stopping threads took: 0.0000240 seconds
[2020-01-13T13:39:23.350+0000][1][safepoint    ] Application time: 0.0000618 seconds
[2020-01-13T13:39:23.350+0000][1][safepoint    ] Entering safepoint region: RevokeBias
[2020-01-13T13:39:23.350+0000][1][safepoint    ] Leaving safepoint region
[2020-01-13T13:39:23.350+0000][1][safepoint    ] Total time for which application threads were stopped: 0.0000302 seconds, Stopping threads took: 0.0000060 seconds
[2020-01-13T13:39:23.350+0000][1][safepoint    ] Application time: 0.0001571 seconds
[2020-01-13T13:39:23.350+0000][1][safepoint    ] Entering safepoint region: RevokeBias
[2020-01-13T13:39:23.350+0000][1][safepoint    ] Leaving safepoint region
[2020-01-13T13:39:23.350+0000][1][safepoint    ] Total time for which application threads were stopped: 0.0000401 seconds, Stopping threads took: 0.0000147 seconds
[2020-01-13T13:39:23.350+0000][1][safepoint    ] Application time: 0.0000679 seconds
[2020-01-13T13:39:23.350+0000][1][safepoint    ] Entering safepoint region: RevokeBias
[2020-01-13T13:39:23.350+0000][1][safepoint    ] Leaving safepoint region
[2020-01-13T13:39:23.350+0000][1][safepoint    ] Total time for which application threads were stopped: 0.0000386 seconds, Stopping threads took: 0.0000158 seconds
[2020-01-13T13:39:23.350+0000][1][safepoint    ] Application time: 0.0004514 seconds
[2020-01-13T13:39:23.350+0000][1][safepoint    ] Entering safepoint region: RevokeBias
[2020-01-13T13:39:23.350+0000][1][safepoint    ] Leaving safepoint region
[2020-01-13T13:39:23.350+0000][1][safepoint    ] Total time for which application threads were stopped: 0.0000615 seconds, Stopping threads took: 0.0000109 seconds
[2020-01-13T13:39:23.351+0000][1][safepoint    ] Application time: 0.0000709 seconds
[2020-01-13T13:39:23.351+0000][1][safepoint    ] Entering safepoint region: RevokeBias
[2020-01-13T13:39:23.351+0000][1][safepoint    ] Leaving safepoint region
[2020-01-13T13:39:23.351+0000][1][safepoint    ] Total time for which application threads were stopped: 0.0000618 seconds, Stopping threads took: 0.0000246 seconds
[2020-01-13T13:39:23.351+0000][1][safepoint    ] Application time: 0.0000350 seconds
[2020-01-13T13:39:23.351+0000][1][safepoint    ] Entering safepoint region: BulkRevokeBias
[2020-01-13T13:39:23.351+0000][1][safepoint    ] Leaving safepoint region
[2020-01-13T13:39:23.351+0000][1][safepoint    ] Total time for which application threads were stopped: 0.0002405 seconds, Stopping threads took: 0.0000234 seconds
[2020-01-13T13:39:23.351+0000][1][safepoint    ] Application time: 0.0002266 seconds
[2020-01-13T13:39:23.351+0000][1][safepoint    ] Entering safepoint region: RevokeBias
[2020-01-13T13:39:23.351+0000][1][safepoint    ] Leaving safepoint region
[2020-01-13T13:39:23.351+0000][1][safepoint    ] Total time for which application threads were stopped: 0.0000620 seconds, Stopping threads took: 0.0000103 seconds
[2020-01-13T13:39:23.351+0000][1][safepoint    ] Application time: 0.0001191 seconds
[2020-01-13T13:39:23.351+0000][1][safepoint    ] Entering safepoint region: RevokeBias
[2020-01-13T13:39:23.351+0000][1][safepoint    ] Leaving safepoint region
[2020-01-13T13:39:23.351+0000][1][safepoint    ] Total time for which application threads were stopped: 0.0000608 seconds, Stopping threads took: 0.0000133 seconds
[2020-01-13T13:39:23.352+0000][1][safepoint    ] Application time: 0.0009842 seconds
[2020-01-13T13:39:23.352+0000][1][safepoint    ] Entering safepoint region: RevokeBias
[2020-01-13T13:39:23.352+0000][1][safepoint    ] Leaving safepoint region
[2020-01-13T13:39:23.353+0000][1][safepoint    ] Total time for which application threads were stopped: 0.0001005 seconds, Stopping threads took: 0.0000317 seconds
[2020-01-13T13:39:23.353+0000][1][safepoint    ] Application time: 0.0000959 seconds
[2020-01-13T13:39:23.353+0000][1][safepoint    ] Entering safepoint region: RevokeBias
[2020-01-13T13:39:23.353+0000][1][safepoint    ] Leaving safepoint region
[2020-01-13T13:39:23.353+0000][1][safepoint    ] Total time for which application threads were stopped: 0.0000361 seconds, Stopping threads took: 0.0000071 seconds
[2020-01-13T13:39:23.353+0000][1][safepoint    ] Application time: 0.0001271 seconds
[2020-01-13T13:39:23.353+0000][1][safepoint    ] Entering safepoint region: RevokeBias
[2020-01-13T13:39:23.353+0000][1][safepoint    ] Leaving safepoint region
[2020-01-13T13:39:23.353+0000][1][safepoint    ] Total time for which application threads were stopped: 0.0000333 seconds, Stopping threads took: 0.0000065 seconds
[2020-01-13T13:39:23.353+0000][1][safepoint    ] Application time: 0.0003199 seconds
[2020-01-13T13:39:23.353+0000][1][safepoint    ] Entering safepoint region: RevokeBias
[2020-01-13T13:39:23.353+0000][1][safepoint    ] Leaving safepoint region
[2020-01-13T13:39:23.353+0000][1][safepoint    ] Total time for which application threads were stopped: 0.0000509 seconds, Stopping threads took: 0.0000196 seconds
[2020-01-13T13:39:23.355+0000][1][safepoint    ] Application time: 0.0018520 seconds
[2020-01-13T13:39:23.355+0000][1][safepoint    ] Entering safepoint region: RevokeBias
[2020-01-13T13:39:23.355+0000][1][safepoint    ] Leaving safepoint region
[2020-01-13T13:39:23.355+0000][1][safepoint    ] Total time for which application threads were stopped: 0.0000612 seconds, Stopping threads took: 0.0000237 seconds
[2020-01-13T13:39:23.355+0000][1][safepoint    ] Application time: 0.0001884 seconds
[2020-01-13T13:39:23.355+0000][1][safepoint    ] Entering safepoint region: RevokeBias
[2020-01-13T13:39:23.355+0000][1][safepoint    ] Leaving safepoint region
[2020-01-13T13:39:23.355+0000][1][safepoint    ] Total time for which application threads were stopped: 0.0000452 seconds, Stopping threads took: 0.0000161 seconds
[2020-01-13T13:39:23.356+0000][1][safepoint    ] Application time: 0.0001583 seconds
[2020-01-13T13:39:23.356+0000][1][safepoint    ] Entering safepoint region: RevokeBias
[2020-01-13T13:39:23.356+0000][1][safepoint    ] Leaving safepoint region
[2020-01-13T13:39:23.356+0000][1][safepoint    ] Total time for which application threads were stopped: 0.0000551 seconds, Stopping threads took: 0.0000266 seconds
[2020-01-13T13:39:23.356+0000][1][safepoint    ] Application time: 0.0001411 seconds
[2020-01-13T13:39:23.356+0000][1][safepoint    ] Entering safepoint region: RevokeBias
[2020-01-13T13:39:23.356+0000][1][safepoint    ] Leaving safepoint region
[2020-01-13T13:39:23.356+0000][1][safepoint    ] Total time for which application threads were stopped: 0.0000425 seconds, Stopping threads took: 0.0000153 seconds
[2020-01-13T13:39:23.356+0000][1][safepoint    ] Application time: 0.0004999 seconds
[2020-01-13T13:39:23.356+0000][1][safepoint    ] Entering safepoint region: RevokeBias
[2020-01-13T13:39:23.356+0000][1][safepoint    ] Leaving safepoint region
[2020-01-13T13:39:23.356+0000][1][safepoint    ] Total time for which application threads were stopped: 0.0000581 seconds, Stopping threads took: 0.0000221 seconds
[2020-01-13T13:39:23.357+0000][1][safepoint    ] Application time: 0.0009944 seconds
[2020-01-13T13:39:23.357+0000][1][safepoint    ] Entering safepoint region: RevokeBias
[2020-01-13T13:39:23.357+0000][1][safepoint    ] Leaving safepoint region
[2020-01-13T13:39:23.357+0000][1][safepoint    ] Total time for which application threads were stopped: 0.0000699 seconds, Stopping threads took: 0.0000220 seconds
[2020-01-13T13:39:23.359+0000][1][safepoint    ] Application time: 0.0011098 seconds
[2020-01-13T13:39:23.360+0000][1][safepoint    ] Entering safepoint region: RevokeBias
[2020-01-13T13:39:23.361+0000][1][safepoint    ] Leaving safepoint region
[2020-01-13T13:39:23.361+0000][1][safepoint    ] Total time for which application threads were stopped: 0.0018781 seconds, Stopping threads took: 0.0018152 seconds
[2020-01-13T13:39:23.362+0000][1][safepoint    ] Application time: 0.0010871 seconds
[2020-01-13T13:39:23.362+0000][1][safepoint    ] Entering safepoint region: RevokeBias
[2020-01-13T13:39:23.362+0000][1][safepoint    ] Leaving safepoint region
[2020-01-13T13:39:23.362+0000][1][safepoint    ] Total time for which application threads were stopped: 0.0005378 seconds, Stopping threads took: 0.0004912 seconds
[2020-01-13T13:39:23.362+0000][1][safepoint    ] Application time: 0.0002214 seconds
[2020-01-13T13:39:23.362+0000][1][safepoint    ] Entering safepoint region: RevokeBias
[2020-01-13T13:39:23.362+0000][1][safepoint    ] Leaving safepoint region
[2020-01-13T13:39:23.362+0000][1][safepoint    ] Total time for which application threads were stopped: 0.0000395 seconds, Stopping threads took: 0.0000072 seconds
[2020-01-13T13:39:23.363+0000][1][safepoint    ] Application time: 0.0004955 seconds
[2020-01-13T13:39:23.363+0000][1][safepoint    ] Entering safepoint region: RevokeBias
[2020-01-13T13:39:23.363+0000][1][safepoint    ] Leaving safepoint region
[2020-01-13T13:39:23.363+0000][1][safepoint    ] Total time for which application threads were stopped: 0.0000513 seconds, Stopping threads took: 0.0000187 seconds
[2020-01-13T13:39:23.363+0000][1][safepoint    ] Application time: 0.0001320 seconds
[2020-01-13T13:39:23.363+0000][1][safepoint    ] Entering safepoint region: RevokeBias
[2020-01-13T13:39:23.363+0000][1][safepoint    ] Leaving safepoint region
[2020-01-13T13:39:23.363+0000][1][safepoint    ] Total time for which application threads were stopped: 0.0000492 seconds, Stopping threads took: 0.0000207 seconds
[2020-01-13T13:39:23.363+0000][1][safepoint    ] Application time: 0.0001907 seconds
[2020-01-13T13:39:23.363+0000][1][safepoint    ] Entering safepoint region: RevokeBias
[2020-01-13T13:39:23.363+0000][1][safepoint    ] Leaving safepoint region
[2020-01-13T13:39:23.363+0000][1][safepoint    ] Total time for which application threads were stopped: 0.0000425 seconds, Stopping threads took: 0.0000169 seconds
[2020-01-13T13:39:23.364+0000][1][safepoint    ] Application time: 0.0010074 seconds
[2020-01-13T13:39:23.365+0000][1][safepoint    ] Entering safepoint region: RevokeBias
[2020-01-13T13:39:23.365+0000][1][safepoint    ] Leaving safepoint region
[2020-01-13T13:39:23.365+0000][1][safepoint    ] Total time for which application threads were stopped: 0.0000625 seconds, Stopping threads took: 0.0000309 seconds
[2020-01-13T13:39:23.365+0000][1][safepoint    ] Application time: 0.0007536 seconds
[2020-01-13T13:39:23.365+0000][1][safepoint    ] Entering safepoint region: RevokeBias
[2020-01-13T13:39:23.365+0000][1][safepoint    ] Leaving safepoint region
[2020-01-13T13:39:23.365+0000][1][safepoint    ] Total time for which application threads were stopped: 0.0000577 seconds, Stopping threads took: 0.0000240 seconds
[2020-01-13T13:39:23.366+0000][1][safepoint    ] Application time: 0.0001576 seconds
[2020-01-13T13:39:23.366+0000][1][safepoint    ] Entering safepoint region: RevokeBias
[2020-01-13T13:39:23.366+0000][1][safepoint    ] Leaving safepoint region
[2020-01-13T13:39:23.366+0000][1][safepoint    ] Total time for which application threads were stopped: 0.0000414 seconds, Stopping threads took: 0.0000147 seconds
[2020-01-13T13:39:23.366+0000][1][safepoint    ] Application time: 0.0000717 seconds
[2020-01-13T13:39:23.366+0000][1][safepoint    ] Entering safepoint region: RevokeBias
[2020-01-13T13:39:23.366+0000][1][safepoint    ] Leaving safepoint region
[2020-01-13T13:39:23.366+0000][1][safepoint    ] Total time for which application threads were stopped: 0.0000367 seconds, Stopping threads took: 0.0000137 seconds
[2020-01-13T13:39:23.366+0000][1][safepoint    ] Application time: 0.0000995 seconds
[2020-01-13T13:39:23.366+0000][1][safepoint    ] Entering safepoint region: RevokeBias
[2020-01-13T13:39:23.366+0000][1][safepoint    ] Leaving safepoint region
[2020-01-13T13:39:23.366+0000][1][safepoint    ] Total time for which application threads were stopped: 0.0000419 seconds, Stopping threads took: 0.0000168 seconds
[2020-01-13T13:39:23.367+0000][1][safepoint    ] Application time: 0.0010271 seconds
[2020-01-13T13:39:23.368+0000][1][safepoint    ] Entering safepoint region: RevokeBias
[2020-01-13T13:39:23.368+0000][1][safepoint    ] Leaving safepoint region
[2020-01-13T13:39:23.368+0000][1][safepoint    ] Total time for which application threads were stopped: 0.0014735 seconds, Stopping threads took: 0.0014231 seconds
[2020-01-13T13:39:23.369+0000][1][safepoint    ] Application time: 0.0002807 seconds
[2020-01-13T13:39:23.369+0000][1][safepoint    ] Entering safepoint region: RevokeBias
[2020-01-13T13:39:23.369+0000][1][safepoint    ] Leaving safepoint region
[2020-01-13T13:39:23.369+0000][1][safepoint    ] Total time for which application threads were stopped: 0.0000598 seconds, Stopping threads took: 0.0000208 seconds
[2020-01-13T13:39:23.370+0000][1][safepoint    ] Application time: 0.0007709 seconds
[2020-01-13T13:39:23.370+0000][1][safepoint    ] Entering safepoint region: RevokeBias
[2020-01-13T13:39:23.370+0000][1][safepoint    ] Leaving safepoint region
[2020-01-13T13:39:23.370+0000][1][safepoint    ] Total time for which application threads were stopped: 0.0000794 seconds, Stopping threads took: 0.0000230 seconds
[2020-01-13T13:39:23.370+0000][1][safepoint    ] Application time: 0.0006952 seconds
[2020-01-13T13:39:23.370+0000][1][safepoint    ] Entering safepoint region: RevokeBias
[2020-01-13T13:39:23.370+0000][1][safepoint    ] Leaving safepoint region
[2020-01-13T13:39:23.370+0000][1][safepoint    ] Total time for which application threads were stopped: 0.0000567 seconds, Stopping threads took: 0.0000227 seconds
[2020-01-13T13:39:23.371+0000][1][safepoint    ] Application time: 0.0002840 seconds
[2020-01-13T13:39:23.371+0000][1][safepoint    ] Entering safepoint region: RevokeBias
[2020-01-13T13:39:23.371+0000][1][safepoint    ] Leaving safepoint region
[2020-01-13T13:39:23.371+0000][1][safepoint    ] Total time for which application threads were stopped: 0.0000516 seconds, Stopping threads took: 0.0000192 seconds
[2020-01-13T13:39:23.372+0000][1][safepoint    ] Application time: 0.0007051 seconds
[2020-01-13T13:39:23.373+0000][1][safepoint    ] Entering safepoint region: RevokeBias
[2020-01-13T13:39:23.373+0000][1][safepoint    ] Leaving safepoint region
[2020-01-13T13:39:23.373+0000][1][safepoint    ] Total time for which application threads were stopped: 0.0011834 seconds, Stopping threads took: 0.0011366 seconds
[2020-01-13T13:39:23.373+0000][1][safepoint    ] Application time: 0.0001791 seconds
[2020-01-13T13:39:23.373+0000][1][safepoint    ] Entering safepoint region: RevokeBias
[2020-01-13T13:39:23.373+0000][1][safepoint    ] Leaving safepoint region
[2020-01-13T13:39:23.373+0000][1][safepoint    ] Total time for which application threads were stopped: 0.0000447 seconds, Stopping threads took: 0.0000076 seconds
[2020-01-13T13:39:23.373+0000][1][safepoint    ] Application time: 0.0000561 seconds
[2020-01-13T13:39:23.373+0000][1][safepoint    ] Entering safepoint region: RevokeBias
[2020-01-13T13:39:23.373+0000][1][safepoint    ] Leaving safepoint region
[2020-01-13T13:39:23.373+0000][1][safepoint    ] Total time for which application threads were stopped: 0.0000831 seconds, Stopping threads took: 0.0000058 seconds
[2020-01-13T13:39:23.374+0000][1][safepoint    ] Application time: 0.0012603 seconds
[2020-01-13T13:39:23.375+0000][1][safepoint    ] Entering safepoint region: RevokeBias
[2020-01-13T13:39:23.375+0000][1][safepoint    ] Leaving safepoint region
[2020-01-13T13:39:23.375+0000][1][safepoint    ] Total time for which application threads were stopped: 0.0010165 seconds, Stopping threads took: 0.0009703 seconds
[2020-01-13T13:39:23.378+0000][1][safepoint    ] Application time: 0.0028190 seconds
[2020-01-13T13:39:23.378+0000][1][safepoint    ] Entering safepoint region: RevokeBias
[2020-01-13T13:39:23.378+0000][1][safepoint    ] Leaving safepoint region
[2020-01-13T13:39:23.378+0000][1][safepoint    ] Total time for which application threads were stopped: 0.0000957 seconds, Stopping threads took: 0.0000256 seconds
[2020-01-13T13:39:23.379+0000][1][safepoint    ] Application time: 0.0010047 seconds
[2020-01-13T13:39:23.379+0000][1][safepoint    ] Entering safepoint region: BulkRevokeBias
[2020-01-13T13:39:23.380+0000][1][safepoint    ] Leaving safepoint region
[2020-01-13T13:39:23.380+0000][1][safepoint    ] Total time for which application threads were stopped: 0.0002049 seconds, Stopping threads took: 0.0000094 seconds
[2020-01-13T13:39:23.399+0000][1][safepoint    ] Application time: 0.0197580 seconds
[2020-01-13T13:39:23.403+0000][1][safepoint    ] Entering safepoint region: BulkRevokeBias
[2020-01-13T13:39:23.404+0000][1][safepoint    ] Leaving safepoint region
[2020-01-13T13:39:23.404+0000][1][safepoint    ] Total time for which application threads were stopped: 0.0042892 seconds, Stopping threads took: 0.0040129 seconds
[2020-01-13T13:39:23.407+0000][1][safepoint    ] Application time: 0.0029783 seconds
[2020-01-13T13:39:23.407+0000][1][safepoint    ] Entering safepoint region: RevokeBias
[2020-01-13T13:39:23.407+0000][1][safepoint    ] Leaving safepoint region
[2020-01-13T13:39:23.407+0000][1][safepoint    ] Total time for which application threads were stopped: 0.0001158 seconds, Stopping threads took: 0.0000242 seconds
[2020-01-13T13:39:23.409+0000][1][safepoint    ] Application time: 0.0026512 seconds
[2020-01-13T13:39:23.410+0000][1][safepoint    ] Entering safepoint region: RevokeBias
[2020-01-13T13:39:23.410+0000][1][safepoint    ] Leaving safepoint region
[2020-01-13T13:39:23.410+0000][1][safepoint    ] Total time for which application threads were stopped: 0.0000770 seconds, Stopping threads took: 0.0000240 seconds
[2020-01-13T13:39:23.410+0000][1][safepoint    ] Application time: 0.0003362 seconds
[2020-01-13T13:39:23.410+0000][1][safepoint    ] Entering safepoint region: RevokeBias
[2020-01-13T13:39:23.410+0000][1][safepoint    ] Leaving safepoint region
[2020-01-13T13:39:23.410+0000][1][safepoint    ] Total time for which application threads were stopped: 0.0000542 seconds, Stopping threads took: 0.0000142 seconds
[2020-01-13T13:39:23.421+0000][1][safepoint    ] Application time: 0.0105608 seconds
[2020-01-13T13:39:23.421+0000][1][safepoint    ] Entering safepoint region: RevokeBias
[2020-01-13T13:39:23.421+0000][1][safepoint    ] Leaving safepoint region
[2020-01-13T13:39:23.421+0000][1][safepoint    ] Total time for which application threads were stopped: 0.0001063 seconds, Stopping threads took: 0.0000350 seconds
[2020-01-13T13:39:23.421+0000][1][safepoint    ] Application time: 0.0001929 seconds
[2020-01-13T13:39:23.421+0000][1][safepoint    ] Entering safepoint region: RevokeBias
[2020-01-13T13:39:23.421+0000][1][safepoint    ] Leaving safepoint region
[2020-01-13T13:39:23.421+0000][1][safepoint    ] Total time for which application threads were stopped: 0.0000348 seconds, Stopping threads took: 0.0000074 seconds
[2020-01-13T13:39:23.421+0000][1][safepoint    ] Application time: 0.0000963 seconds
[2020-01-13T13:39:23.421+0000][1][safepoint    ] Entering safepoint region: RevokeBias
[2020-01-13T13:39:23.421+0000][1][safepoint    ] Leaving safepoint region
[2020-01-13T13:39:23.421+0000][1][safepoint    ] Total time for which application threads were stopped: 0.0000286 seconds, Stopping threads took: 0.0000066 seconds
[2020-01-13T13:39:23.421+0000][1][safepoint    ] Application time: 0.0000880 seconds
[2020-01-13T13:39:23.421+0000][1][safepoint    ] Entering safepoint region: RevokeBias
[2020-01-13T13:39:23.421+0000][1][safepoint    ] Leaving safepoint region
[2020-01-13T13:39:23.421+0000][1][safepoint    ] Total time for which application threads were stopped: 0.0000278 seconds, Stopping threads took: 0.0000064 seconds
[2020-01-13T13:39:23.421+0000][1][safepoint    ] Application time: 0.0000847 seconds
[2020-01-13T13:39:23.421+0000][1][safepoint    ] Entering safepoint region: RevokeBias
[2020-01-13T13:39:23.421+0000][1][safepoint    ] Leaving safepoint region
[2020-01-13T13:39:23.421+0000][1][safepoint    ] Total time for which application threads were stopped: 0.0000633 seconds, Stopping threads took: 0.0000063 seconds
[2020-01-13T13:39:23.421+0000][1][safepoint    ] Application time: 0.0001081 seconds
[2020-01-13T13:39:23.421+0000][1][safepoint    ] Entering safepoint region: RevokeBias
[2020-01-13T13:39:23.422+0000][1][safepoint    ] Leaving safepoint region
[2020-01-13T13:39:23.422+0000][1][safepoint    ] Total time for which application threads were stopped: 0.0000303 seconds, Stopping threads took: 0.0000069 seconds
[2020-01-13T13:39:23.422+0000][1][safepoint    ] Application time: 0.0000894 seconds
[2020-01-13T13:39:23.422+0000][1][safepoint    ] Entering safepoint region: RevokeBias
[2020-01-13T13:39:23.422+0000][1][safepoint    ] Leaving safepoint region
[2020-01-13T13:39:23.422+0000][1][safepoint    ] Total time for which application threads were stopped: 0.0000280 seconds, Stopping threads took: 0.0000062 seconds
[2020-01-13T13:39:23.425+0000][1][safepoint    ] Application time: 0.0037468 seconds
[2020-01-13T13:39:23.425+0000][1][safepoint    ] Entering safepoint region: RevokeBias
[2020-01-13T13:39:23.426+0000][1][safepoint    ] Leaving safepoint region
[2020-01-13T13:39:23.426+0000][1][safepoint    ] Total time for which application threads were stopped: 0.0000747 seconds, Stopping threads took: 0.0000189 seconds
[2020-01-13T13:39:23.426+0000][1][safepoint    ] Application time: 0.0008892 seconds
[2020-01-13T13:39:23.426+0000][1][safepoint    ] Entering safepoint region: RevokeBias
[2020-01-13T13:39:23.426+0000][1][safepoint    ] Leaving safepoint region
[2020-01-13T13:39:23.426+0000][1][safepoint    ] Total time for which application threads were stopped: 0.0000625 seconds, Stopping threads took: 0.0000168 seconds
[2020-01-13T13:39:23.427+0000][1][safepoint    ] Application time: 0.0005939 seconds
[2020-01-13T13:39:23.427+0000][1][safepoint    ] Entering safepoint region: RevokeBias
[2020-01-13T13:39:23.427+0000][1][safepoint    ] Leaving safepoint region
[2020-01-13T13:39:23.427+0000][1][safepoint    ] Total time for which application threads were stopped: 0.0000449 seconds, Stopping threads took: 0.0000155 seconds
[2020-01-13T13:39:23.427+0000][1][safepoint    ] Application time: 0.0003100 seconds
[2020-01-13T13:39:23.427+0000][1][safepoint    ] Entering safepoint region: RevokeBias
[2020-01-13T13:39:23.428+0000][1][safepoint    ] Leaving safepoint region
[2020-01-13T13:39:23.428+0000][1][safepoint    ] Total time for which application threads were stopped: 0.0000491 seconds, Stopping threads took: 0.0000243 seconds
[2020-01-13T13:39:23.428+0000][1][safepoint    ] Application time: 0.0000982 seconds
[2020-01-13T13:39:23.428+0000][1][safepoint    ] Entering safepoint region: RevokeBias
[2020-01-13T13:39:23.428+0000][1][safepoint    ] Leaving safepoint region
[2020-01-13T13:39:23.428+0000][1][safepoint    ] Total time for which application threads were stopped: 0.0000313 seconds, Stopping threads took: 0.0000125 seconds
[2020-01-13T13:39:23.611+0000][1][safepoint    ] Application time: 0.1830055 seconds
[2020-01-13T13:39:23.611+0000][1][safepoint    ] Entering safepoint region: RevokeBias
[2020-01-13T13:39:23.611+0000][1][safepoint    ] Leaving safepoint region
[2020-01-13T13:39:23.611+0000][1][safepoint    ] Total time for which application threads were stopped: 0.0000957 seconds, Stopping threads took: 0.0000173 seconds
[2020-01-13T13:39:23.611+0000][1][safepoint    ] Application time: 0.0000401 seconds
[2020-01-13T13:39:23.611+0000][1][safepoint    ] Entering safepoint region: RevokeBias
[2020-01-13T13:39:23.611+0000][1][safepoint    ] Leaving safepoint region
[2020-01-13T13:39:23.611+0000][1][safepoint    ] Total time for which application threads were stopped: 0.0000222 seconds, Stopping threads took: 0.0000051 seconds
[2020-01-13T13:39:23.611+0000][1][safepoint    ] Application time: 0.0000185 seconds
[2020-01-13T13:39:23.611+0000][1][safepoint    ] Entering safepoint region: RevokeBias
[2020-01-13T13:39:23.611+0000][1][safepoint    ] Leaving safepoint region
[2020-01-13T13:39:23.611+0000][1][safepoint    ] Total time for which application threads were stopped: 0.0000199 seconds, Stopping threads took: 0.0000048 seconds
[2020-01-13T13:39:23.611+0000][1][safepoint    ] Application time: 0.0000181 seconds
[2020-01-13T13:39:23.611+0000][1][safepoint    ] Entering safepoint region: RevokeBias
[2020-01-13T13:39:23.611+0000][1][safepoint    ] Leaving safepoint region
[2020-01-13T13:39:23.611+0000][1][safepoint    ] Total time for which application threads were stopped: 0.0000198 seconds, Stopping threads took: 0.0000050 seconds
[2020-01-13T13:39:23.611+0000][1][safepoint    ] Application time: 0.0000186 seconds
[2020-01-13T13:39:23.611+0000][1][safepoint    ] Entering safepoint region: RevokeBias
[2020-01-13T13:39:23.611+0000][1][safepoint    ] Leaving safepoint region
[2020-01-13T13:39:23.611+0000][1][safepoint    ] Total time for which application threads were stopped: 0.0000196 seconds, Stopping threads took: 0.0000047 seconds
[2020-01-13T13:39:23.611+0000][1][safepoint    ] Application time: 0.0000213 seconds
[2020-01-13T13:39:23.611+0000][1][safepoint    ] Entering safepoint region: RevokeBias
[2020-01-13T13:39:23.611+0000][1][safepoint    ] Leaving safepoint region
[2020-01-13T13:39:23.611+0000][1][safepoint    ] Total time for which application threads were stopped: 0.0000194 seconds, Stopping threads took: 0.0000046 seconds
[2020-01-13T13:39:23.611+0000][1][safepoint    ] Application time: 0.0000187 seconds
[2020-01-13T13:39:23.611+0000][1][safepoint    ] Entering safepoint region: RevokeBias
[2020-01-13T13:39:23.611+0000][1][safepoint    ] Leaving safepoint region
[2020-01-13T13:39:23.611+0000][1][safepoint    ] Total time for which application threads were stopped: 0.0000194 seconds, Stopping threads took: 0.0000046 seconds
[2020-01-13T13:39:23.611+0000][1][safepoint    ] Application time: 0.0000215 seconds
[2020-01-13T13:39:23.611+0000][1][safepoint    ] Entering safepoint region: RevokeBias
[2020-01-13T13:39:23.611+0000][1][safepoint    ] Leaving safepoint region
[2020-01-13T13:39:23.611+0000][1][safepoint    ] Total time for which application threads were stopped: 0.0000195 seconds, Stopping threads took: 0.0000046 seconds
[2020-01-13T13:39:24.004+0000][1][safepoint    ] Application time: 0.3927224 seconds
[2020-01-13T13:39:24.004+0000][1][safepoint    ] Entering safepoint region: RevokeBias
[2020-01-13T13:39:24.004+0000][1][safepoint    ] Leaving safepoint region
[2020-01-13T13:39:24.004+0000][1][safepoint    ] Total time for which application threads were stopped: 0.0001038 seconds, Stopping threads took: 0.0000327 seconds
[2020-01-13T13:39:24.005+0000][1][safepoint    ] Application time: 0.0007425 seconds
[2020-01-13T13:39:24.005+0000][1][safepoint    ] Entering safepoint region: RevokeBias
[2020-01-13T13:39:24.005+0000][1][safepoint    ] Leaving safepoint region
[2020-01-13T13:39:24.005+0000][1][safepoint    ] Total time for which application threads were stopped: 0.0000591 seconds, Stopping threads took: 0.0000105 seconds
[2020-01-13T13:39:24.005+0000][1][safepoint    ] Application time: 0.0003226 seconds
[2020-01-13T13:39:24.005+0000][1][safepoint    ] Entering safepoint region: RevokeBias
[2020-01-13T13:39:24.005+0000][1][safepoint    ] Leaving safepoint region
[2020-01-13T13:39:24.005+0000][1][safepoint    ] Total time for which application threads were stopped: 0.0000864 seconds, Stopping threads took: 0.0000136 seconds
[2020-01-13T13:39:24.006+0000][1][safepoint    ] Application time: 0.0003554 seconds
[2020-01-13T13:39:24.006+0000][1][safepoint    ] Entering safepoint region: RevokeBias
[2020-01-13T13:39:24.006+0000][1][safepoint    ] Leaving safepoint region
[2020-01-13T13:39:24.006+0000][1][safepoint    ] Total time for which application threads were stopped: 0.0000451 seconds, Stopping threads took: 0.0000087 seconds
[2020-01-13T13:39:24.092+0000][1][safepoint    ] Application time: 0.0858748 seconds
[2020-01-13T13:39:24.092+0000][1][safepoint    ] Entering safepoint region: RevokeBias
[2020-01-13T13:39:24.092+0000][1][safepoint    ] Leaving safepoint region
[2020-01-13T13:39:24.092+0000][1][safepoint    ] Total time for which application threads were stopped: 0.0001440 seconds, Stopping threads took: 0.0000302 seconds
[2020-01-13T13:39:24.148+0000][1][safepoint    ] Application time: 0.0565017 seconds
[2020-01-13T13:39:24.151+0000][1][safepoint    ] Entering safepoint region: RevokeBias
[2020-01-13T13:39:24.151+0000][1][safepoint    ] Leaving safepoint region
[2020-01-13T13:39:24.151+0000][1][safepoint    ] Total time for which application threads were stopped: 0.0024145 seconds, Stopping threads took: 0.0023166 seconds
[2020-01-13T13:39:24.151+0000][1][safepoint    ] Application time: 0.0005443 seconds
[2020-01-13T13:39:24.151+0000][1][safepoint    ] Entering safepoint region: RevokeBias
[2020-01-13T13:39:24.151+0000][1][safepoint    ] Leaving safepoint region
[2020-01-13T13:39:24.151+0000][1][safepoint    ] Total time for which application threads were stopped: 0.0000676 seconds, Stopping threads took: 0.0000103 seconds
[2020-01-13T13:39:24.152+0000][1][safepoint    ] Application time: 0.0005313 seconds
[2020-01-13T13:39:24.152+0000][1][safepoint    ] Entering safepoint region: RevokeBias
[2020-01-13T13:39:24.152+0000][1][safepoint    ] Leaving safepoint region
[2020-01-13T13:39:24.152+0000][1][safepoint    ] Total time for which application threads were stopped: 0.0000459 seconds, Stopping threads took: 0.0000088 seconds
[2020-01-13T13:39:24.153+0000][1][safepoint    ] Application time: 0.0006576 seconds
[2020-01-13T13:39:24.153+0000][1][safepoint    ] Entering safepoint region: RevokeBias
[2020-01-13T13:39:24.153+0000][1][safepoint    ] Leaving safepoint region
[2020-01-13T13:39:24.153+0000][1][safepoint    ] Total time for which application threads were stopped: 0.0000460 seconds, Stopping threads took: 0.0000111 seconds
[2020-01-13T13:39:24.153+0000][1][safepoint    ] Application time: 0.0002042 seconds
[2020-01-13T13:39:24.153+0000][1][safepoint    ] Entering safepoint region: RevokeBias
[2020-01-13T13:39:24.153+0000][1][safepoint    ] Leaving safepoint region
[2020-01-13T13:39:24.153+0000][1][safepoint    ] Total time for which application threads were stopped: 0.0000343 seconds, Stopping threads took: 0.0000061 seconds
[2020-01-13T13:39:24.153+0000][1][safepoint    ] Application time: 0.0001283 seconds
[2020-01-13T13:39:24.153+0000][1][safepoint    ] Entering safepoint region: RevokeBias
[2020-01-13T13:39:24.153+0000][1][safepoint    ] Leaving safepoint region
[2020-01-13T13:39:24.153+0000][1][safepoint    ] Total time for which application threads were stopped: 0.0000426 seconds, Stopping threads took: 0.0000154 seconds
[2020-01-13T13:39:24.153+0000][1][safepoint    ] Application time: 0.0002771 seconds
[2020-01-13T13:39:24.154+0000][1][safepoint    ] Entering safepoint region: RevokeBias
[2020-01-13T13:39:24.154+0000][1][safepoint    ] Leaving safepoint region
[2020-01-13T13:39:24.154+0000][1][safepoint    ] Total time for which application threads were stopped: 0.0000432 seconds, Stopping threads took: 0.0000066 seconds
[2020-01-13T13:39:24.154+0000][1][safepoint    ] Application time: 0.0001228 seconds
[2020-01-13T13:39:24.154+0000][1][safepoint    ] Entering safepoint region: RevokeBias
[2020-01-13T13:39:24.154+0000][1][safepoint    ] Leaving safepoint region
[2020-01-13T13:39:24.154+0000][1][safepoint    ] Total time for which application threads were stopped: 0.0000412 seconds, Stopping threads took: 0.0000058 seconds
[2020-01-13T13:39:24.154+0000][1][safepoint    ] Application time: 0.0007618 seconds
[2020-01-13T13:39:24.155+0000][1][safepoint    ] Entering safepoint region: RevokeBias
[2020-01-13T13:39:24.155+0000][1][safepoint    ] Leaving safepoint region
[2020-01-13T13:39:24.155+0000][1][safepoint    ] Total time for which application threads were stopped: 0.0000404 seconds, Stopping threads took: 0.0000076 seconds
[2020-01-13T13:39:24.155+0000][1][safepoint    ] Application time: 0.0001502 seconds
[2020-01-13T13:39:24.155+0000][1][safepoint    ] Entering safepoint region: RevokeBias
[2020-01-13T13:39:24.155+0000][1][safepoint    ] Leaving safepoint region
[2020-01-13T13:39:24.155+0000][1][safepoint    ] Total time for which application threads were stopped: 0.0000449 seconds, Stopping threads took: 0.0000059 seconds
[2020-01-13T13:39:24.155+0000][1][safepoint    ] Application time: 0.0001371 seconds
[2020-01-13T13:39:24.155+0000][1][safepoint    ] Entering safepoint region: RevokeBias
[2020-01-13T13:39:24.155+0000][1][safepoint    ] Leaving safepoint region
[2020-01-13T13:39:24.155+0000][1][safepoint    ] Total time for which application threads were stopped: 0.0000338 seconds, Stopping threads took: 0.0000061 seconds
[2020-01-13T13:39:24.155+0000][1][safepoint    ] Application time: 0.0001104 seconds
[2020-01-13T13:39:24.155+0000][1][safepoint    ] Entering safepoint region: RevokeBias
[2020-01-13T13:39:24.155+0000][1][safepoint    ] Leaving safepoint region
[2020-01-13T13:39:24.155+0000][1][safepoint    ] Total time for which application threads were stopped: 0.0000304 seconds, Stopping threads took: 0.0000055 seconds
[2020-01-13T13:39:24.156+0000][1][safepoint    ] Application time: 0.0004178 seconds
[2020-01-13T13:39:24.156+0000][1][safepoint    ] Entering safepoint region: RevokeBias
[2020-01-13T13:39:24.156+0000][1][safepoint    ] Leaving safepoint region
[2020-01-13T13:39:24.156+0000][1][safepoint    ] Total time for which application threads were stopped: 0.0000444 seconds, Stopping threads took: 0.0000088 seconds
[2020-01-13T13:39:24.156+0000][1][safepoint    ] Application time: 0.0008122 seconds
[2020-01-13T13:39:24.156+0000][1][safepoint    ] Entering safepoint region: RevokeBias
[2020-01-13T13:39:24.156+0000][1][safepoint    ] Leaving safepoint region
[2020-01-13T13:39:24.156+0000][1][safepoint    ] Total time for which application threads were stopped: 0.0000624 seconds, Stopping threads took: 0.0000087 seconds
[2020-01-13T13:39:24.157+0000][1][safepoint    ] Application time: 0.0002647 seconds
[2020-01-13T13:39:24.157+0000][1][safepoint    ] Entering safepoint region: RevokeBias
[2020-01-13T13:39:24.157+0000][1][safepoint    ] Leaving safepoint region
[2020-01-13T13:39:24.157+0000][1][safepoint    ] Total time for which application threads were stopped: 0.0002133 seconds, Stopping threads took: 0.0000106 seconds
[2020-01-13T13:39:24.159+0000][1][safepoint    ] Application time: 0.0024081 seconds
[2020-01-13T13:39:24.160+0000][1][safepoint    ] Entering safepoint region: RevokeBias
[2020-01-13T13:39:24.160+0000][1][safepoint    ] Leaving safepoint region
[2020-01-13T13:39:24.160+0000][1][safepoint    ] Total time for which application threads were stopped: 0.0002036 seconds, Stopping threads took: 0.0001163 seconds
[2020-01-13T13:39:24.160+0000][1][safepoint    ] Application time: 0.0003139 seconds
[2020-01-13T13:39:24.160+0000][1][safepoint    ] Entering safepoint region: RevokeBias
[2020-01-13T13:39:24.160+0000][1][safepoint    ] Leaving safepoint region
[2020-01-13T13:39:24.160+0000][1][safepoint    ] Total time for which application threads were stopped: 0.0000804 seconds, Stopping threads took: 0.0000087 seconds
[2020-01-13T13:39:24.163+0000][1][safepoint    ] Application time: 0.0025638 seconds
[2020-01-13T13:39:24.163+0000][1][safepoint    ] Entering safepoint region: RevokeBias
[2020-01-13T13:39:24.163+0000][1][safepoint    ] Leaving safepoint region
[2020-01-13T13:39:24.163+0000][1][safepoint    ] Total time for which application threads were stopped: 0.0005597 seconds, Stopping threads took: 0.0004861 seconds
[2020-01-13T13:39:24.173+0000][1][safepoint    ] Application time: 0.0095559 seconds
[2020-01-13T13:39:24.174+0000][1][safepoint    ] Entering safepoint region: BulkRevokeBias
[2020-01-13T13:39:24.175+0000][1][safepoint    ] Leaving safepoint region
[2020-01-13T13:39:24.175+0000][1][safepoint    ] Total time for which application threads were stopped: 0.0019553 seconds, Stopping threads took: 0.0017039 seconds
[2020-01-13T13:39:24.175+0000][1][safepoint    ] Application time: 0.0002440 seconds
[2020-01-13T13:39:24.175+0000][1][safepoint    ] Entering safepoint region: RevokeBias
[2020-01-13T13:39:24.175+0000][1][safepoint    ] Leaving safepoint region
[2020-01-13T13:39:24.175+0000][1][safepoint    ] Total time for which application threads were stopped: 0.0000567 seconds, Stopping threads took: 0.0000073 seconds
[2020-01-13T13:39:24.176+0000][1][safepoint    ] Application time: 0.0004640 seconds
[2020-01-13T13:39:24.176+0000][1][safepoint    ] Entering safepoint region: RevokeBias
[2020-01-13T13:39:24.176+0000][1][safepoint    ] Leaving safepoint region
[2020-01-13T13:39:24.176+0000][1][safepoint    ] Total time for which application threads were stopped: 0.0000622 seconds, Stopping threads took: 0.0000085 seconds
[2020-01-13T13:39:24.178+0000][1][safepoint    ] Application time: 0.0021768 seconds
[2020-01-13T13:39:24.178+0000][1][safepoint    ] Entering safepoint region: RevokeBias
[2020-01-13T13:39:24.178+0000][1][safepoint    ] Leaving safepoint region
[2020-01-13T13:39:24.178+0000][1][safepoint    ] Total time for which application threads were stopped: 0.0000685 seconds, Stopping threads took: 0.0000096 seconds
[2020-01-13T13:39:24.178+0000][1][safepoint    ] Application time: 0.0002148 seconds
[2020-01-13T13:39:24.178+0000][1][safepoint    ] Entering safepoint region: RevokeBias
[2020-01-13T13:39:24.178+0000][1][safepoint    ] Leaving safepoint region
[2020-01-13T13:39:24.178+0000][1][safepoint    ] Total time for which application threads were stopped: 0.0000480 seconds, Stopping threads took: 0.0000068 seconds
[2020-01-13T13:39:24.179+0000][1][safepoint    ] Application time: 0.0013320 seconds
[2020-01-13T13:39:24.180+0000][1][safepoint    ] Entering safepoint region: RevokeBias
[2020-01-13T13:39:24.180+0000][1][safepoint    ] Leaving safepoint region
[2020-01-13T13:39:24.180+0000][1][safepoint    ] Total time for which application threads were stopped: 0.0000463 seconds, Stopping threads took: 0.0000102 seconds
[2020-01-13T13:39:24.186+0000][1][safepoint    ] Application time: 0.0060265 seconds
[2020-01-13T13:39:24.186+0000][1][safepoint    ] Entering safepoint region: RevokeBias
[2020-01-13T13:39:24.186+0000][1][safepoint    ] Leaving safepoint region
[2020-01-13T13:39:24.186+0000][1][safepoint    ] Total time for which application threads were stopped: 0.0001015 seconds, Stopping threads took: 0.0000334 seconds
[2020-01-13T13:39:24.186+0000][1][safepoint    ] Application time: 0.0002018 seconds
[2020-01-13T13:39:24.186+0000][1][safepoint    ] Entering safepoint region: RevokeBias
[2020-01-13T13:39:24.186+0000][1][safepoint    ] Leaving safepoint region
[2020-01-13T13:39:24.186+0000][1][safepoint    ] Total time for which application threads were stopped: 0.0000567 seconds, Stopping threads took: 0.0000282 seconds
[2020-01-13T13:39:24.186+0000][1][safepoint    ] Application time: 0.0000857 seconds
[2020-01-13T13:39:24.186+0000][1][safepoint    ] Entering safepoint region: RevokeBias
[2020-01-13T13:39:24.186+0000][1][safepoint    ] Leaving safepoint region
[2020-01-13T13:39:24.186+0000][1][safepoint    ] Total time for which application threads were stopped: 0.0000322 seconds, Stopping threads took: 0.0000120 seconds
[2020-01-13T13:39:24.186+0000][1][safepoint    ] Application time: 0.0000701 seconds
[2020-01-13T13:39:24.186+0000][1][safepoint    ] Entering safepoint region: RevokeBias
[2020-01-13T13:39:24.186+0000][1][safepoint    ] Leaving safepoint region
[2020-01-13T13:39:24.186+0000][1][safepoint    ] Total time for which application threads were stopped: 0.0000302 seconds, Stopping threads took: 0.0000118 seconds
[2020-01-13T13:39:24.186+0000][1][safepoint    ] Application time: 0.0001029 seconds
[2020-01-13T13:39:24.186+0000][1][safepoint    ] Entering safepoint region: RevokeBias
[2020-01-13T13:39:24.186+0000][1][safepoint    ] Leaving safepoint region
[2020-01-13T13:39:24.186+0000][1][safepoint    ] Total time for which application threads were stopped: 0.0000484 seconds, Stopping threads took: 0.0000189 seconds
[2020-01-13T13:39:24.187+0000][1][safepoint    ] Application time: 0.0001140 seconds
[2020-01-13T13:39:24.187+0000][1][safepoint    ] Entering safepoint region: BulkRevokeBias
[2020-01-13T13:39:24.187+0000][1][safepoint    ] Leaving safepoint region
[2020-01-13T13:39:24.187+0000][1][safepoint    ] Total time for which application threads were stopped: 0.0002125 seconds, Stopping threads took: 0.0000124 seconds
[2020-01-13T13:39:25.005+0000][1][safepoint    ] Application time: 0.8179541 seconds
[2020-01-13T13:39:25.005+0000][1][safepoint    ] Entering safepoint region: BulkRevokeBias
[2020-01-13T13:39:25.005+0000][1][safepoint    ] Leaving safepoint region
[2020-01-13T13:39:25.005+0000][1][safepoint    ] Total time for which application threads were stopped: 0.0004771 seconds, Stopping threads took: 0.0000426 seconds
[2020-01-13T13:39:25.006+0000][1][safepoint    ] Application time: 0.0008393 seconds
[2020-01-13T13:39:25.006+0000][1][safepoint    ] Entering safepoint region: RevokeBias
[2020-01-13T13:39:25.006+0000][1][safepoint    ] Leaving safepoint region
[2020-01-13T13:39:25.006+0000][1][safepoint    ] Total time for which application threads were stopped: 0.0000618 seconds, Stopping threads took: 0.0000122 seconds
[2020-01-13T13:39:25.136+0000][1][safepoint    ] Application time: 0.1294559 seconds
[2020-01-13T13:39:25.136+0000][1][safepoint    ] Entering safepoint region: RevokeBias
[2020-01-13T13:39:25.136+0000][1][safepoint    ] Leaving safepoint region
[2020-01-13T13:39:25.136+0000][1][safepoint    ] Total time for which application threads were stopped: 0.0001574 seconds, Stopping threads took: 0.0000483 seconds
[2020-01-13T13:39:25.136+0000][1][safepoint    ] Application time: 0.0005500 seconds
[2020-01-13T13:39:25.136+0000][1][safepoint    ] Entering safepoint region: RevokeBias
[2020-01-13T13:39:25.137+0000][1][safepoint    ] Leaving safepoint region
[2020-01-13T13:39:25.137+0000][1][safepoint    ] Total time for which application threads were stopped: 0.0000722 seconds, Stopping threads took: 0.0000193 seconds
[2020-01-13T13:39:25.137+0000][1][safepoint    ] Application time: 0.0001708 seconds
[2020-01-13T13:39:25.137+0000][1][safepoint    ] Entering safepoint region: RevokeBias
[2020-01-13T13:39:25.137+0000][1][safepoint    ] Leaving safepoint region
[2020-01-13T13:39:25.137+0000][1][safepoint    ] Total time for which application threads were stopped: 0.0000527 seconds, Stopping threads took: 0.0000166 seconds
[2020-01-13T13:39:25.137+0000][1][safepoint    ] Application time: 0.0001362 seconds
[2020-01-13T13:39:25.137+0000][1][safepoint    ] Entering safepoint region: RevokeBias
[2020-01-13T13:39:25.137+0000][1][safepoint    ] Leaving safepoint region
[2020-01-13T13:39:25.137+0000][1][safepoint    ] Total time for which application threads were stopped: 0.0000618 seconds, Stopping threads took: 0.0000310 seconds
[2020-01-13T13:39:25.137+0000][1][safepoint    ] Application time: 0.0001337 seconds
[2020-01-13T13:39:25.137+0000][1][safepoint    ] Entering safepoint region: RevokeBias
[2020-01-13T13:39:25.137+0000][1][safepoint    ] Leaving safepoint region
[2020-01-13T13:39:25.137+0000][1][safepoint    ] Total time for which application threads were stopped: 0.0000449 seconds, Stopping threads took: 0.0000154 seconds
[2020-01-13T13:39:25.137+0000][1][safepoint    ] Application time: 0.0001245 seconds
[2020-01-13T13:39:25.137+0000][1][safepoint    ] Entering safepoint region: RevokeBias
[2020-01-13T13:39:25.137+0000][1][safepoint    ] Leaving safepoint region
[2020-01-13T13:39:25.137+0000][1][safepoint    ] Total time for which application threads were stopped: 0.0000610 seconds, Stopping threads took: 0.0000168 seconds
[2020-01-13T13:39:25.139+0000][1][safepoint    ] Application time: 0.0011237 seconds
[2020-01-13T13:39:25.140+0000][1][safepoint    ] Entering safepoint region: RevokeBias
[2020-01-13T13:39:25.140+0000][1][safepoint    ] Leaving safepoint region
[2020-01-13T13:39:25.140+0000][1][safepoint    ] Total time for which application threads were stopped: 0.0012370 seconds, Stopping threads took: 0.0011922 seconds
[2020-01-13T13:39:25.141+0000][1][safepoint    ] Application time: 0.0014439 seconds
[2020-01-13T13:39:25.142+0000][1][safepoint    ] Entering safepoint region: RevokeBias
[2020-01-13T13:39:25.142+0000][1][safepoint    ] Leaving safepoint region
[2020-01-13T13:39:25.142+0000][1][safepoint    ] Total time for which application threads were stopped: 0.0004109 seconds, Stopping threads took: 0.0003709 seconds
[2020-01-13T13:39:25.144+0000][1][safepoint    ] Application time: 0.0018937 seconds
[2020-01-13T13:39:25.144+0000][1][safepoint    ] Entering safepoint region: RevokeBias
[2020-01-13T13:39:25.144+0000][1][safepoint    ] Leaving safepoint region
[2020-01-13T13:39:25.144+0000][1][safepoint    ] Total time for which application threads were stopped: 0.0006748 seconds, Stopping threads took: 0.0006252 seconds
[2020-01-13T13:39:25.147+0000][1][safepoint    ] Application time: 0.0023178 seconds
[2020-01-13T13:39:25.148+0000][1][safepoint    ] Entering safepoint region: RevokeBias
[2020-01-13T13:39:25.148+0000][1][safepoint    ] Leaving safepoint region
[2020-01-13T13:39:25.148+0000][1][safepoint    ] Total time for which application threads were stopped: 0.0010932 seconds, Stopping threads took: 0.0009873 seconds
[2020-01-13T13:39:25.148+0000][1][safepoint    ] Application time: 0.0002430 seconds
[2020-01-13T13:39:25.148+0000][1][safepoint    ] Entering safepoint region: RevokeBias
[2020-01-13T13:39:25.148+0000][1][safepoint    ] Leaving safepoint region
[2020-01-13T13:39:25.148+0000][1][safepoint    ] Total time for which application threads were stopped: 0.0000835 seconds, Stopping threads took: 0.0000093 seconds
[2020-01-13T13:39:25.148+0000][1][safepoint    ] Application time: 0.0001869 seconds
[2020-01-13T13:39:25.148+0000][1][safepoint    ] Entering safepoint region: RevokeBias
[2020-01-13T13:39:25.148+0000][1][safepoint    ] Leaving safepoint region
[2020-01-13T13:39:25.148+0000][1][safepoint    ] Total time for which application threads were stopped: 0.0000513 seconds, Stopping threads took: 0.0000082 seconds
[2020-01-13T13:39:25.149+0000][1][safepoint    ] Application time: 0.0001962 seconds
[2020-01-13T13:39:25.149+0000][1][safepoint    ] Entering safepoint region: RevokeBias
[2020-01-13T13:39:25.149+0000][1][safepoint    ] Leaving safepoint region
[2020-01-13T13:39:25.149+0000][1][safepoint    ] Total time for which application threads were stopped: 0.0000583 seconds, Stopping threads took: 0.0000117 seconds
[2020-01-13T13:39:25.164+0000][1][safepoint    ] Application time: 0.0154013 seconds
[2020-01-13T13:39:25.164+0000][1][safepoint    ] Entering safepoint region: RevokeBias
[2020-01-13T13:39:25.164+0000][1][safepoint    ] Leaving safepoint region
[2020-01-13T13:39:25.164+0000][1][safepoint    ] Total time for which application threads were stopped: 0.0001160 seconds, Stopping threads took: 0.0000407 seconds
[2020-01-13T13:39:25.164+0000][1][safepoint    ] Application time: 0.0001914 seconds
[2020-01-13T13:39:25.164+0000][1][safepoint    ] Entering safepoint region: RevokeBias
[2020-01-13T13:39:25.164+0000][1][safepoint    ] Leaving safepoint region
[2020-01-13T13:39:25.164+0000][1][safepoint    ] Total time for which application threads were stopped: 0.0000646 seconds, Stopping threads took: 0.0000160 seconds
[2020-01-13T13:39:25.165+0000][1][safepoint    ] Application time: 0.0001015 seconds
[2020-01-13T13:39:25.165+0000][1][safepoint    ] Entering safepoint region: RevokeBias
[2020-01-13T13:39:25.165+0000][1][safepoint    ] Leaving safepoint region
[2020-01-13T13:39:25.165+0000][1][safepoint    ] Total time for which application threads were stopped: 0.0000385 seconds, Stopping threads took: 0.0000144 seconds
[2020-01-13T13:39:25.165+0000][1][safepoint    ] Application time: 0.0000818 seconds
[2020-01-13T13:39:25.165+0000][1][safepoint    ] Entering safepoint region: RevokeBias
[2020-01-13T13:39:25.165+0000][1][safepoint    ] Leaving safepoint region
[2020-01-13T13:39:25.165+0000][1][safepoint    ] Total time for which application threads were stopped: 0.0000367 seconds, Stopping threads took: 0.0000140 seconds
[2020-01-13T13:39:25.165+0000][1][safepoint    ] Application time: 0.0000765 seconds
[2020-01-13T13:39:25.165+0000][1][safepoint    ] Entering safepoint region: RevokeBias
[2020-01-13T13:39:25.165+0000][1][safepoint    ] Leaving safepoint region
[2020-01-13T13:39:25.165+0000][1][safepoint    ] Total time for which application threads were stopped: 0.0000354 seconds, Stopping threads took: 0.0000136 seconds
[2020-01-13T13:39:25.165+0000][1][safepoint    ] Application time: 0.0000812 seconds
[2020-01-13T13:39:25.165+0000][1][safepoint    ] Entering safepoint region: RevokeBias
[2020-01-13T13:39:25.165+0000][1][safepoint    ] Leaving safepoint region
[2020-01-13T13:39:25.165+0000][1][safepoint    ] Total time for which application threads were stopped: 0.0000359 seconds, Stopping threads took: 0.0000141 seconds
[2020-01-13T13:39:25.166+0000][1][safepoint    ] Application time: 0.0010331 seconds
[2020-01-13T13:39:25.166+0000][1][safepoint    ] Entering safepoint region: RevokeBias
[2020-01-13T13:39:25.166+0000][1][safepoint    ] Leaving safepoint region
[2020-01-13T13:39:25.166+0000][1][safepoint    ] Total time for which application threads were stopped: 0.0000543 seconds, Stopping threads took: 0.0000214 seconds
[2020-01-13T13:39:25.166+0000][1][safepoint    ] Application time: 0.0001503 seconds
[2020-01-13T13:39:25.166+0000][1][safepoint    ] Entering safepoint region: RevokeBias
[2020-01-13T13:39:25.166+0000][1][safepoint    ] Leaving safepoint region
[2020-01-13T13:39:25.166+0000][1][safepoint    ] Total time for which application threads were stopped: 0.0001626 seconds, Stopping threads took: 0.0001187 seconds
[2020-01-13T13:39:25.167+0000][1][safepoint    ] Application time: 0.0001099 seconds
[2020-01-13T13:39:25.167+0000][1][safepoint    ] Entering safepoint region: RevokeBias
[2020-01-13T13:39:25.167+0000][1][safepoint    ] Leaving safepoint region
[2020-01-13T13:39:25.167+0000][1][safepoint    ] Total time for which application threads were stopped: 0.0000410 seconds, Stopping threads took: 0.0000185 seconds
[2020-01-13T13:39:25.167+0000][1][safepoint    ] Application time: 0.0008726 seconds
[2020-01-13T13:39:25.168+0000][1][safepoint    ] Entering safepoint region: RevokeBias
[2020-01-13T13:39:25.168+0000][1][safepoint    ] Leaving safepoint region
[2020-01-13T13:39:25.168+0000][1][safepoint    ] Total time for which application threads were stopped: 0.0000800 seconds, Stopping threads took: 0.0000494 seconds
[2020-01-13T13:39:25.168+0000][1][safepoint    ] Application time: 0.0004267 seconds
[2020-01-13T13:39:25.168+0000][1][safepoint    ] Entering safepoint region: RevokeBias
[2020-01-13T13:39:25.168+0000][1][safepoint    ] Leaving safepoint region
[2020-01-13T13:39:25.168+0000][1][safepoint    ] Total time for which application threads were stopped: 0.0000759 seconds, Stopping threads took: 0.0000349 seconds
[2020-01-13T13:39:25.168+0000][1][safepoint    ] Application time: 0.0001410 seconds
[2020-01-13T13:39:25.168+0000][1][safepoint    ] Entering safepoint region: RevokeBias
[2020-01-13T13:39:25.168+0000][1][safepoint    ] Leaving safepoint region
[2020-01-13T13:39:25.168+0000][1][safepoint    ] Total time for which application threads were stopped: 0.0001109 seconds, Stopping threads took: 0.0000314 seconds
[2020-01-13T13:39:26.006+0000][1][safepoint    ] Application time: 0.8373041 seconds
[2020-01-13T13:39:26.006+0000][1][safepoint    ] Entering safepoint region: RevokeBias
[2020-01-13T13:39:26.006+0000][1][safepoint    ] Leaving safepoint region
[2020-01-13T13:39:26.006+0000][1][safepoint    ] Total time for which application threads were stopped: 0.0001219 seconds, Stopping threads took: 0.0000341 seconds
[2020-01-13T13:39:26.136+0000][1][safepoint    ] Application time: 0.1296138 seconds
[2020-01-13T13:39:26.136+0000][1][safepoint    ] Entering safepoint region: RevokeBias
[2020-01-13T13:39:26.136+0000][1][safepoint    ] Leaving safepoint region
[2020-01-13T13:39:26.136+0000][1][safepoint    ] Total time for which application threads were stopped: 0.0006169 seconds, Stopping threads took: 0.0004844 seconds
[2020-01-13T13:39:26.136+0000][1][safepoint    ] Application time: 0.0003141 seconds
[2020-01-13T13:39:26.137+0000][1][safepoint    ] Entering safepoint region: RevokeBias
[2020-01-13T13:39:26.137+0000][1][safepoint    ] Leaving safepoint region
[2020-01-13T13:39:26.137+0000][1][safepoint    ] Total time for which application threads were stopped: 0.0000848 seconds, Stopping threads took: 0.0000103 seconds
[2020-01-13T13:39:26.137+0000][1][safepoint    ] Application time: 0.0001724 seconds
[2020-01-13T13:39:26.137+0000][1][safepoint    ] Entering safepoint region: RevokeBias
[2020-01-13T13:39:26.137+0000][1][safepoint    ] Leaving safepoint region
[2020-01-13T13:39:26.137+0000][1][safepoint    ] Total time for which application threads were stopped: 0.0000743 seconds, Stopping threads took: 0.0000122 seconds
[2020-01-13T13:39:26.137+0000][1][safepoint    ] Application time: 0.0001473 seconds
[2020-01-13T13:39:26.137+0000][1][safepoint    ] Entering safepoint region: RevokeBias
[2020-01-13T13:39:26.137+0000][1][safepoint    ] Leaving safepoint region
[2020-01-13T13:39:26.137+0000][1][safepoint    ] Total time for which application threads were stopped: 0.0000602 seconds, Stopping threads took: 0.0000073 seconds
[2020-01-13T13:39:26.137+0000][1][safepoint    ] Application time: 0.0003935 seconds
[2020-01-13T13:39:26.138+0000][1][safepoint    ] Entering safepoint region: RevokeBias
[2020-01-13T13:39:26.138+0000][1][safepoint    ] Leaving safepoint region
[2020-01-13T13:39:26.138+0000][1][safepoint    ] Total time for which application threads were stopped: 0.0000848 seconds, Stopping threads took: 0.0000419 seconds
[2020-01-13T13:39:26.139+0000][1][safepoint    ] Application time: 0.0011081 seconds
[2020-01-13T13:39:26.139+0000][1][safepoint    ] Entering safepoint region: BulkRevokeBias
[2020-01-13T13:39:26.139+0000][1][safepoint    ] Leaving safepoint region
[2020-01-13T13:39:26.139+0000][1][safepoint    ] Total time for which application threads were stopped: 0.0004022 seconds, Stopping threads took: 0.0000612 seconds
[2020-01-13T13:39:26.140+0000][1][safepoint    ] Application time: 0.0005746 seconds
[2020-01-13T13:39:26.140+0000][1][safepoint    ] Entering safepoint region: RevokeBias
[2020-01-13T13:39:26.140+0000][1][safepoint    ] Leaving safepoint region
[2020-01-13T13:39:26.140+0000][1][safepoint    ] Total time for which application threads were stopped: 0.0000603 seconds, Stopping threads took: 0.0000239 seconds
[2020-01-13T13:39:26.156+0000][1][safepoint    ] Application time: 0.0158881 seconds
[2020-01-13T13:39:26.156+0000][1][safepoint    ] Entering safepoint region: RevokeBias
[2020-01-13T13:39:26.156+0000][1][safepoint    ] Leaving safepoint region
[2020-01-13T13:39:26.156+0000][1][safepoint    ] Total time for which application threads were stopped: 0.0001000 seconds, Stopping threads took: 0.0000264 seconds
[2020-01-13T13:39:26.156+0000][1][safepoint    ] Application time: 0.0001897 seconds
[2020-01-13T13:39:26.156+0000][1][safepoint    ] Entering safepoint region: RevokeBias
[2020-01-13T13:39:26.156+0000][1][safepoint    ] Leaving safepoint region
[2020-01-13T13:39:26.156+0000][1][safepoint    ] Total time for which application threads were stopped: 0.0000541 seconds, Stopping threads took: 0.0000184 seconds
[2020-01-13T13:39:26.156+0000][1][safepoint    ] Application time: 0.0000946 seconds
[2020-01-13T13:39:26.156+0000][1][safepoint    ] Entering safepoint region: RevokeBias
[2020-01-13T13:39:26.156+0000][1][safepoint    ] Leaving safepoint region
[2020-01-13T13:39:26.156+0000][1][safepoint    ] Total time for which application threads were stopped: 0.0000382 seconds, Stopping threads took: 0.0000143 seconds
[2020-01-13T13:39:26.156+0000][1][safepoint    ] Application time: 0.0001076 seconds
[2020-01-13T13:39:26.156+0000][1][safepoint    ] Entering safepoint region: RevokeBias
[2020-01-13T13:39:26.156+0000][1][safepoint    ] Leaving safepoint region
[2020-01-13T13:39:26.156+0000][1][safepoint    ] Total time for which application threads were stopped: 0.0000716 seconds, Stopping threads took: 0.0000328 seconds
[2020-01-13T13:39:26.157+0000][1][safepoint    ] Application time: 0.0001014 seconds
[2020-01-13T13:39:26.157+0000][1][safepoint    ] Entering safepoint region: RevokeBias
[2020-01-13T13:39:26.157+0000][1][safepoint    ] Leaving safepoint region
[2020-01-13T13:39:26.157+0000][1][safepoint    ] Total time for which application threads were stopped: 0.0000388 seconds, Stopping threads took: 0.0000146 seconds
[2020-01-13T13:39:26.157+0000][1][safepoint    ] Application time: 0.0000770 seconds
[2020-01-13T13:39:26.157+0000][1][safepoint    ] Entering safepoint region: BulkRevokeBias
[2020-01-13T13:39:26.157+0000][1][safepoint    ] Leaving safepoint region
[2020-01-13T13:39:26.157+0000][1][safepoint    ] Total time for which application threads were stopped: 0.0005463 seconds, Stopping threads took: 0.0000136 seconds
[2020-01-13T13:39:28.157+0000][1][safepoint    ] Application time: 2.0001554 seconds
[2020-01-13T13:39:28.159+0000][1][safepoint    ] Entering safepoint region: Cleanup
[2020-01-13T13:39:28.160+0000][1][safepoint    ] Leaving safepoint region
[2020-01-13T13:39:28.160+0000][1][safepoint    ] Total time for which application threads were stopped: 0.0021377 seconds, Stopping threads took: 0.0020105 seconds
[2020-01-13T13:39:28.226+0000][1][safepoint    ] Application time: 0.0662901 seconds
[2020-01-13T13:39:28.226+0000][1][safepoint    ] Entering safepoint region: RevokeBias
[2020-01-13T13:39:28.226+0000][1][safepoint    ] Leaving safepoint region
[2020-01-13T13:39:28.226+0000][1][safepoint    ] Total time for which application threads were stopped: 0.0001358 seconds, Stopping threads took: 0.0000182 seconds
[2020-01-13T13:39:28.226+0000][1][safepoint    ] Application time: 0.0000867 seconds
[2020-01-13T13:39:28.226+0000][1][safepoint    ] Entering safepoint region: RevokeBias
[2020-01-13T13:39:28.226+0000][1][safepoint    ] Leaving safepoint region
[2020-01-13T13:39:28.226+0000][1][safepoint    ] Total time for which application threads were stopped: 0.0000682 seconds, Stopping threads took: 0.0000068 seconds
[2020-01-13T13:39:29.227+0000][1][safepoint    ] Application time: 1.0001640 seconds
[2020-01-13T13:39:29.227+0000][1][safepoint    ] Entering safepoint region: Cleanup
[2020-01-13T13:39:29.227+0000][1][safepoint    ] Leaving safepoint region
[2020-01-13T13:39:29.227+0000][1][safepoint    ] Total time for which application threads were stopped: 0.0001477 seconds, Stopping threads took: 0.0000349 seconds
[2020-01-13T13:39:30.143+0000][1][safepoint    ] Application time: 0.9164108 seconds
[2020-01-13T13:39:30.143+0000][1][safepoint    ] Entering safepoint region: GenCollectForAllocation
[2020-01-13T13:39:30.143+0000][1][gc,start     ] GC(22) Pause Young (Allocation Failure)
[2020-01-13T13:39:30.143+0000][1][gc,task      ] GC(22) Using 1 workers of 1 for evacuation
[2020-01-13T13:39:30.181+0000][1][gc,age       ] GC(22) Desired survivor size 4358144 bytes, new threshold 2 (max threshold 6)
[2020-01-13T13:39:30.181+0000][1][gc,age       ] GC(22) Age table with threshold 2 (max threshold 6)
[2020-01-13T13:39:30.181+0000][1][gc,age       ] GC(22) - age   1:    2568128 bytes,    2568128 total
[2020-01-13T13:39:30.181+0000][1][gc,age       ] GC(22) - age   2:    2662696 bytes,    5230824 total
[2020-01-13T13:39:30.181+0000][1][gc,heap      ] GC(22) ParNew: 76672K->6154K(76672K)
[2020-01-13T13:39:30.181+0000][1][gc,heap      ] GC(22) CMS: 60476K->62547K(176960K)
[2020-01-13T13:39:30.181+0000][1][gc,metaspace ] GC(22) Metaspace: 64551K->64551K(1107968K)
[2020-01-13T13:39:30.181+0000][1][gc           ] GC(22) Pause Young (Allocation Failure) 133M->67M(247M) 37.349ms
[2020-01-13T13:39:30.181+0000][1][gc,cpu       ] GC(22) User=0.03s Sys=0.00s Real=0.04s
[2020-01-13T13:39:30.181+0000][1][safepoint    ] Leaving safepoint region
[2020-01-13T13:39:30.181+0000][1][safepoint    ] Total time for which application threads were stopped: 0.0376021 seconds, Stopping threads took: 0.0000362 seconds
[2020-01-13T13:39:31.193+0000][1][safepoint    ] Application time: 1.0122407 seconds
[2020-01-13T13:39:31.193+0000][1][safepoint    ] Entering safepoint region: Cleanup
[2020-01-13T13:39:31.193+0000][1][safepoint    ] Leaving safepoint region
[2020-01-13T13:39:31.193+0000][1][safepoint    ] Total time for which application threads were stopped: 0.0001362 seconds, Stopping threads took: 0.0000287 seconds
[2020-01-13T13:39:32.193+0000][1][safepoint    ] Application time: 1.0002237 seconds
[2020-01-13T13:39:32.194+0000][1][safepoint    ] Entering safepoint region: Cleanup
[2020-01-13T13:39:32.194+0000][1][safepoint    ] Leaving safepoint region
[2020-01-13T13:39:32.194+0000][1][safepoint    ] Total time for which application threads were stopped: 0.0001306 seconds, Stopping threads took: 0.0000289 seconds
[2020-01-13T13:39:33.194+0000][1][safepoint    ] Application time: 1.0001824 seconds
[2020-01-13T13:39:33.194+0000][1][safepoint    ] Entering safepoint region: Cleanup
[2020-01-13T13:39:33.194+0000][1][safepoint    ] Leaving safepoint region
[2020-01-13T13:39:33.194+0000][1][safepoint    ] Total time for which application threads were stopped: 0.0001621 seconds, Stopping threads took: 0.0000407 seconds
[2020-01-13T13:39:34.194+0000][1][safepoint    ] Application time: 1.0001591 seconds
[2020-01-13T13:39:34.194+0000][1][safepoint    ] Entering safepoint region: Cleanup
[2020-01-13T13:39:34.195+0000][1][safepoint    ] Leaving safepoint region
[2020-01-13T13:39:34.195+0000][1][safepoint    ] Total time for which application threads were stopped: 0.0001317 seconds, Stopping threads took: 0.0000350 seconds
[2020-01-13T13:39:35.195+0000][1][safepoint    ] Application time: 1.0001775 seconds
[2020-01-13T13:39:35.195+0000][1][safepoint    ] Entering safepoint region: Cleanup
[2020-01-13T13:39:35.195+0000][1][safepoint    ] Leaving safepoint region
[2020-01-13T13:39:35.195+0000][1][safepoint    ] Total time for which application threads were stopped: 0.0001105 seconds, Stopping threads took: 0.0000288 seconds
[2020-01-13T13:39:36.195+0000][1][safepoint    ] Application time: 1.0004616 seconds
[2020-01-13T13:39:36.197+0000][1][safepoint    ] Entering safepoint region: Cleanup
[2020-01-13T13:39:36.197+0000][1][safepoint    ] Leaving safepoint region
[2020-01-13T13:39:36.197+0000][1][safepoint    ] Total time for which application threads were stopped: 0.0002856 seconds, Stopping threads took: 0.0001432 seconds
[2020-01-13T13:39:37.197+0000][1][safepoint    ] Application time: 1.0001602 seconds
[2020-01-13T13:39:37.197+0000][1][safepoint    ] Entering safepoint region: Cleanup
[2020-01-13T13:39:37.197+0000][1][safepoint    ] Leaving safepoint region
[2020-01-13T13:39:37.197+0000][1][safepoint    ] Total time for which application threads were stopped: 0.0001989 seconds, Stopping threads took: 0.0000380 seconds
[2020-01-13T13:39:38.197+0000][1][safepoint    ] Application time: 1.0001608 seconds
[2020-01-13T13:39:38.197+0000][1][safepoint    ] Entering safepoint region: Cleanup
[2020-01-13T13:39:38.198+0000][1][safepoint    ] Leaving safepoint region
[2020-01-13T13:39:38.198+0000][1][safepoint    ] Total time for which application threads were stopped: 0.0001305 seconds, Stopping threads took: 0.0000276 seconds
[2020-01-13T13:39:39.198+0000][1][safepoint    ] Application time: 1.0001569 seconds
[2020-01-13T13:39:39.198+0000][1][safepoint    ] Entering safepoint region: Cleanup
[2020-01-13T13:39:39.198+0000][1][safepoint    ] Leaving safepoint region
[2020-01-13T13:39:39.198+0000][1][safepoint    ] Total time for which application threads were stopped: 0.0001486 seconds, Stopping threads took: 0.0000467 seconds
[2020-01-13T13:39:40.198+0000][1][safepoint    ] Application time: 1.0001258 seconds
[2020-01-13T13:39:40.198+0000][1][safepoint    ] Entering safepoint region: Cleanup
[2020-01-13T13:39:40.198+0000][1][safepoint    ] Leaving safepoint region
[2020-01-13T13:39:40.198+0000][1][safepoint    ] Total time for which application threads were stopped: 0.0001521 seconds, Stopping threads took: 0.0000288 seconds
[2020-01-13T13:39:41.199+0000][1][safepoint    ] Application time: 1.0001444 seconds
[2020-01-13T13:39:41.199+0000][1][safepoint    ] Entering safepoint region: Cleanup
[2020-01-13T13:39:41.200+0000][1][safepoint    ] Leaving safepoint region
[2020-01-13T13:39:41.200+0000][1][safepoint    ] Total time for which application threads were stopped: 0.0001525 seconds, Stopping threads took: 0.0000415 seconds
[2020-01-13T13:39:42.200+0000][1][safepoint    ] Application time: 1.0001612 seconds
[2020-01-13T13:39:42.200+0000][1][safepoint    ] Entering safepoint region: Cleanup
[2020-01-13T13:39:42.200+0000][1][safepoint    ] Leaving safepoint region
[2020-01-13T13:39:42.200+0000][1][safepoint    ] Total time for which application threads were stopped: 0.0001226 seconds, Stopping threads took: 0.0000333 seconds
[2020-01-13T13:39:43.200+0000][1][safepoint    ] Application time: 1.0001484 seconds
[2020-01-13T13:39:43.200+0000][1][safepoint    ] Entering safepoint region: Cleanup
[2020-01-13T13:39:43.200+0000][1][safepoint    ] Leaving safepoint region
[2020-01-13T13:39:43.200+0000][1][safepoint    ] Total time for which application threads were stopped: 0.0001729 seconds, Stopping threads took: 0.0000376 seconds
[2020-01-13T13:39:44.201+0000][1][safepoint    ] Application time: 1.0001557 seconds
[2020-01-13T13:39:44.201+0000][1][safepoint    ] Entering safepoint region: Cleanup
[2020-01-13T13:39:44.201+0000][1][safepoint    ] Leaving safepoint region
[2020-01-13T13:39:44.201+0000][1][safepoint    ] Total time for which application threads were stopped: 0.0001482 seconds, Stopping threads took: 0.0000333 seconds
[2020-01-13T13:39:45.201+0000][1][safepoint    ] Application time: 1.0001782 seconds
[2020-01-13T13:39:45.201+0000][1][safepoint    ] Entering safepoint region: Cleanup
[2020-01-13T13:39:45.201+0000][1][safepoint    ] Leaving safepoint region
[2020-01-13T13:39:45.201+0000][1][safepoint    ] Total time for which application threads were stopped: 0.0001447 seconds, Stopping threads took: 0.0000373 seconds
[2020-01-13T13:39:46.201+0000][1][safepoint    ] Application time: 1.0001937 seconds
[2020-01-13T13:39:46.203+0000][1][safepoint    ] Entering safepoint region: Cleanup
[2020-01-13T13:39:46.203+0000][1][safepoint    ] Leaving safepoint region
[2020-01-13T13:39:46.203+0000][1][safepoint    ] Total time for which application threads were stopped: 0.0001816 seconds, Stopping threads took: 0.0000810 seconds
[2020-01-13T13:39:47.203+0000][1][safepoint    ] Application time: 1.0001548 seconds
[2020-01-13T13:39:47.203+0000][1][safepoint    ] Entering safepoint region: Cleanup
[2020-01-13T13:39:47.203+0000][1][safepoint    ] Leaving safepoint region
[2020-01-13T13:39:47.203+0000][1][safepoint    ] Total time for which application threads were stopped: 0.0001406 seconds, Stopping threads took: 0.0000345 seconds
[2020-01-13T13:39:48.203+0000][1][safepoint    ] Application time: 1.0001501 seconds
[2020-01-13T13:39:48.203+0000][1][safepoint    ] Entering safepoint region: Cleanup
[2020-01-13T13:39:48.203+0000][1][safepoint    ] Leaving safepoint region
[2020-01-13T13:39:48.203+0000][1][safepoint    ] Total time for which application threads were stopped: 0.0001444 seconds, Stopping threads took: 0.0000443 seconds
[2020-01-13T13:39:49.204+0000][1][safepoint    ] Application time: 1.0001459 seconds
[2020-01-13T13:39:49.204+0000][1][safepoint    ] Entering safepoint region: Cleanup
[2020-01-13T13:39:49.204+0000][1][safepoint    ] Leaving safepoint region
[2020-01-13T13:39:49.204+0000][1][safepoint    ] Total time for which application threads were stopped: 0.0001184 seconds, Stopping threads took: 0.0000335 seconds
[2020-01-13T13:39:50.204+0000][1][safepoint    ] Application time: 1.0001503 seconds
[2020-01-13T13:39:50.204+0000][1][safepoint    ] Entering safepoint region: Cleanup
[2020-01-13T13:39:50.204+0000][1][safepoint    ] Leaving safepoint region
[2020-01-13T13:39:50.204+0000][1][safepoint    ] Total time for which application threads were stopped: 0.0001324 seconds, Stopping threads took: 0.0000364 seconds
[2020-01-13T13:39:52.204+0000][1][safepoint    ] Application time: 2.0002817 seconds
[2020-01-13T13:39:52.205+0000][1][safepoint    ] Entering safepoint region: Cleanup
[2020-01-13T13:39:52.205+0000][1][safepoint    ] Leaving safepoint region
[2020-01-13T13:39:52.205+0000][1][safepoint    ] Total time for which application threads were stopped: 0.0001471 seconds, Stopping threads took: 0.0000305 seconds
[2020-01-13T13:39:53.056+0000][1][safepoint    ] Application time: 0.8518131 seconds
[2020-01-13T13:39:53.057+0000][1][safepoint    ] Entering safepoint region: RevokeBias
[2020-01-13T13:39:53.057+0000][1][safepoint    ] Leaving safepoint region
[2020-01-13T13:39:53.057+0000][1][safepoint    ] Total time for which application threads were stopped: 0.0002055 seconds, Stopping threads took: 0.0000343 seconds
[2020-01-13T13:39:54.057+0000][1][safepoint    ] Application time: 1.0001565 seconds
[2020-01-13T13:39:54.057+0000][1][safepoint    ] Entering safepoint region: Cleanup
[2020-01-13T13:39:54.057+0000][1][safepoint    ] Leaving safepoint region
[2020-01-13T13:39:54.057+0000][1][safepoint    ] Total time for which application threads were stopped: 0.0002049 seconds, Stopping threads took: 0.0000302 seconds
[2020-01-13T13:39:55.057+0000][1][safepoint    ] Application time: 1.0001609 seconds
[2020-01-13T13:39:55.057+0000][1][safepoint    ] Entering safepoint region: Cleanup
[2020-01-13T13:39:55.058+0000][1][safepoint    ] Leaving safepoint region
[2020-01-13T13:39:55.058+0000][1][safepoint    ] Total time for which application threads were stopped: 0.0001602 seconds, Stopping threads took: 0.0000277 seconds
[2020-01-13T13:39:56.058+0000][1][safepoint    ] Application time: 1.0001724 seconds
[2020-01-13T13:39:56.058+0000][1][safepoint    ] Entering safepoint region: Cleanup
[2020-01-13T13:39:56.058+0000][1][safepoint    ] Leaving safepoint region
[2020-01-13T13:39:56.058+0000][1][safepoint    ] Total time for which application threads were stopped: 0.0001510 seconds, Stopping threads took: 0.0000349 seconds
[2020-01-13T13:39:57.058+0000][1][safepoint    ] Application time: 1.0001280 seconds
[2020-01-13T13:39:57.058+0000][1][safepoint    ] Entering safepoint region: Cleanup
[2020-01-13T13:39:57.058+0000][1][safepoint    ] Leaving safepoint region
[2020-01-13T13:39:57.058+0000][1][safepoint    ] Total time for which application threads were stopped: 0.0001456 seconds, Stopping threads took: 0.0000325 seconds
[2020-01-13T13:39:58.058+0000][1][safepoint    ] Application time: 1.0000941 seconds
[2020-01-13T13:39:58.059+0000][1][safepoint    ] Entering safepoint region: Cleanup
[2020-01-13T13:39:58.059+0000][1][safepoint    ] Leaving safepoint region
[2020-01-13T13:39:58.059+0000][1][safepoint    ] Total time for which application threads were stopped: 0.0001357 seconds, Stopping threads took: 0.0000267 seconds
[2020-01-13T13:39:59.059+0000][1][safepoint    ] Application time: 1.0001501 seconds
[2020-01-13T13:39:59.059+0000][1][safepoint    ] Entering safepoint region: Cleanup
[2020-01-13T13:39:59.059+0000][1][safepoint    ] Leaving safepoint region
[2020-01-13T13:39:59.059+0000][1][safepoint    ] Total time for which application threads were stopped: 0.0001784 seconds, Stopping threads took: 0.0000389 seconds
[2020-01-13T13:40:00.059+0000][1][safepoint    ] Application time: 1.0001500 seconds
[2020-01-13T13:40:00.059+0000][1][safepoint    ] Entering safepoint region: Cleanup
[2020-01-13T13:40:00.059+0000][1][safepoint    ] Leaving safepoint region
[2020-01-13T13:40:00.059+0000][1][safepoint    ] Total time for which application threads were stopped: 0.0001669 seconds, Stopping threads took: 0.0000423 seconds
[2020-01-13T13:40:01.060+0000][1][safepoint    ] Application time: 1.0001235 seconds
[2020-01-13T13:40:01.060+0000][1][safepoint    ] Entering safepoint region: Cleanup
[2020-01-13T13:40:01.060+0000][1][safepoint    ] Leaving safepoint region
[2020-01-13T13:40:01.060+0000][1][safepoint    ] Total time for which application threads were stopped: 0.0001406 seconds, Stopping threads took: 0.0000326 seconds
[2020-01-13T13:40:02.060+0000][1][safepoint    ] Application time: 1.0001082 seconds
[2020-01-13T13:40:02.060+0000][1][safepoint    ] Entering safepoint region: Cleanup
[2020-01-13T13:40:02.060+0000][1][safepoint    ] Leaving safepoint region
[2020-01-13T13:40:02.060+0000][1][safepoint    ] Total time for which application threads were stopped: 0.0001505 seconds, Stopping threads took: 0.0000361 seconds
[2020-01-13T13:40:02.373+0000][1][safepoint    ] Application time: 0.3129512 seconds
[2020-01-13T13:40:02.373+0000][1][safepoint    ] Entering safepoint region: RevokeBias
[2020-01-13T13:40:02.373+0000][1][safepoint    ] Leaving safepoint region
[2020-01-13T13:40:02.373+0000][1][safepoint    ] Total time for which application threads were stopped: 0.0001584 seconds, Stopping threads took: 0.0000202 seconds
[2020-01-13T13:40:03.374+0000][1][safepoint    ] Application time: 1.0001649 seconds
[2020-01-13T13:40:03.374+0000][1][safepoint    ] Entering safepoint region: Cleanup
[2020-01-13T13:40:03.374+0000][1][safepoint    ] Leaving safepoint region
[2020-01-13T13:40:03.374+0000][1][safepoint    ] Total time for which application threads were stopped: 0.0001777 seconds, Stopping threads took: 0.0000416 seconds
[2020-01-13T13:40:04.374+0000][1][safepoint    ] Application time: 1.0001378 seconds
[2020-01-13T13:40:04.374+0000][1][safepoint    ] Entering safepoint region: Cleanup
[2020-01-13T13:40:04.374+0000][1][safepoint    ] Leaving safepoint region
[2020-01-13T13:40:04.374+0000][1][safepoint    ] Total time for which application threads were stopped: 0.0001522 seconds, Stopping threads took: 0.0000289 seconds
[2020-01-13T13:40:05.374+0000][1][safepoint    ] Application time: 1.0001598 seconds
[2020-01-13T13:40:05.374+0000][1][safepoint    ] Entering safepoint region: Cleanup
[2020-01-13T13:40:05.375+0000][1][safepoint    ] Leaving safepoint region
[2020-01-13T13:40:05.375+0000][1][safepoint    ] Total time for which application threads were stopped: 0.0001647 seconds, Stopping threads took: 0.0000307 seconds
[2020-01-13T13:40:06.165+0000][1][safepoint    ] Application time: 0.7904668 seconds
[2020-01-13T13:40:06.165+0000][1][safepoint    ] Entering safepoint region: GenCollectForAllocation
[2020-01-13T13:40:06.165+0000][1][gc,start     ] GC(23) Pause Young (Allocation Failure)
[2020-01-13T13:40:06.165+0000][1][gc,task      ] GC(23) Using 1 workers of 1 for evacuation
[2020-01-13T13:40:06.196+0000][1][gc,age       ] GC(23) Desired survivor size 4358144 bytes, new threshold 6 (max threshold 6)
[2020-01-13T13:40:06.197+0000][1][gc,age       ] GC(23) Age table with threshold 6 (max threshold 6)
[2020-01-13T13:40:06.197+0000][1][gc,age       ] GC(23) - age   1:     725304 bytes,     725304 total
[2020-01-13T13:40:06.197+0000][1][gc,age       ] GC(23) - age   2:    2339192 bytes,    3064496 total
[2020-01-13T13:40:06.197+0000][1][gc,heap      ] GC(23) ParNew: 74297K->4600K(76672K)
[2020-01-13T13:40:06.197+0000][1][gc,heap      ] GC(23) CMS: 62547K->65251K(176960K)
[2020-01-13T13:40:06.197+0000][1][gc,metaspace ] GC(23) Metaspace: 65305K->65305K(1110016K)
[2020-01-13T13:40:06.197+0000][1][gc           ] GC(23) Pause Young (Allocation Failure) 133M->68M(247M) 31.305ms
[2020-01-13T13:40:06.197+0000][1][gc,cpu       ] GC(23) User=0.03s Sys=0.00s Real=0.03s
[2020-01-13T13:40:06.197+0000][1][safepoint    ] Leaving safepoint region
[2020-01-13T13:40:06.197+0000][1][safepoint    ] Total time for which application threads were stopped: 0.0315035 seconds, Stopping threads took: 0.0000275 seconds
[2020-01-13T13:40:08.199+0000][1][safepoint    ] Application time: 2.0026711 seconds
[2020-01-13T13:40:08.199+0000][1][safepoint    ] Entering safepoint region: Cleanup
[2020-01-13T13:40:08.200+0000][1][safepoint    ] Leaving safepoint region
[2020-01-13T13:40:08.200+0000][1][safepoint    ] Total time for which application threads were stopped: 0.0001459 seconds, Stopping threads took: 0.0000317 seconds
[2020-01-13T13:40:09.200+0000][1][safepoint    ] Application time: 1.0001393 seconds
[2020-01-13T13:40:09.200+0000][1][safepoint    ] Entering safepoint region: Cleanup
[2020-01-13T13:40:09.200+0000][1][safepoint    ] Leaving safepoint region
[2020-01-13T13:40:09.200+0000][1][safepoint    ] Total time for which application threads were stopped: 0.0002137 seconds, Stopping threads took: 0.0000319 seconds
[2020-01-13T13:40:10.200+0000][1][safepoint    ] Application time: 1.0001432 seconds
[2020-01-13T13:40:10.200+0000][1][safepoint    ] Entering safepoint region: Cleanup
[2020-01-13T13:40:10.200+0000][1][safepoint    ] Leaving safepoint region
[2020-01-13T13:40:10.200+0000][1][safepoint    ] Total time for which application threads were stopped: 0.0002312 seconds, Stopping threads took: 0.0000299 seconds
[2020-01-13T13:40:11.201+0000][1][safepoint    ] Application time: 1.0001522 seconds
[2020-01-13T13:40:11.201+0000][1][safepoint    ] Entering safepoint region: Cleanup
[2020-01-13T13:40:11.201+0000][1][safepoint    ] Leaving safepoint region
[2020-01-13T13:40:11.201+0000][1][safepoint    ] Total time for which application threads were stopped: 0.0001264 seconds, Stopping threads took: 0.0000339 seconds
[2020-01-13T13:40:12.201+0000][1][safepoint    ] Application time: 1.0001401 seconds
[2020-01-13T13:40:12.201+0000][1][safepoint    ] Entering safepoint region: Cleanup
[2020-01-13T13:40:12.201+0000][1][safepoint    ] Leaving safepoint region
[2020-01-13T13:40:12.201+0000][1][safepoint    ] Total time for which application threads were stopped: 0.0001873 seconds, Stopping threads took: 0.0000368 seconds
[2020-01-13T13:40:13.201+0000][1][safepoint    ] Application time: 1.0001584 seconds
[2020-01-13T13:40:13.201+0000][1][safepoint    ] Entering safepoint region: Cleanup
[2020-01-13T13:40:13.202+0000][1][safepoint    ] Leaving safepoint region
[2020-01-13T13:40:13.202+0000][1][safepoint    ] Total time for which application threads were stopped: 0.0001681 seconds, Stopping threads took: 0.0000336 seconds
[2020-01-13T13:40:14.202+0000][1][safepoint    ] Application time: 1.0001364 seconds
[2020-01-13T13:40:14.202+0000][1][safepoint    ] Entering safepoint region: Cleanup
[2020-01-13T13:40:14.202+0000][1][safepoint    ] Leaving safepoint region
[2020-01-13T13:40:14.202+0000][1][safepoint    ] Total time for which application threads were stopped: 0.0001668 seconds, Stopping threads took: 0.0000394 seconds
[2020-01-13T13:40:15.202+0000][1][safepoint    ] Application time: 1.0001292 seconds
[2020-01-13T13:40:15.202+0000][1][safepoint    ] Entering safepoint region: Cleanup
[2020-01-13T13:40:15.202+0000][1][safepoint    ] Leaving safepoint region
[2020-01-13T13:40:15.202+0000][1][safepoint    ] Total time for which application threads were stopped: 0.0001263 seconds, Stopping threads took: 0.0000241 seconds
[2020-01-13T13:40:16.202+0000][1][safepoint    ] Application time: 1.0001099 seconds
[2020-01-13T13:40:16.203+0000][1][safepoint    ] Entering safepoint region: Cleanup
[2020-01-13T13:40:16.204+0000][1][safepoint    ] Leaving safepoint region
[2020-01-13T13:40:16.204+0000][1][safepoint    ] Total time for which application threads were stopped: 0.0001336 seconds, Stopping threads took: 0.0000380 seconds
[2020-01-13T13:40:17.204+0000][1][safepoint    ] Application time: 1.0001407 seconds
[2020-01-13T13:40:17.204+0000][1][safepoint    ] Entering safepoint region: Cleanup
[2020-01-13T13:40:17.204+0000][1][safepoint    ] Leaving safepoint region
[2020-01-13T13:40:17.204+0000][1][safepoint    ] Total time for which application threads were stopped: 0.0001316 seconds, Stopping threads took: 0.0000298 seconds
[2020-01-13T13:40:18.204+0000][1][safepoint    ] Application time: 1.0001563 seconds
[2020-01-13T13:40:18.204+0000][1][safepoint    ] Entering safepoint region: Cleanup
[2020-01-13T13:40:18.204+0000][1][safepoint    ] Leaving safepoint region
[2020-01-13T13:40:18.204+0000][1][safepoint    ] Total time for which application threads were stopped: 0.0001333 seconds, Stopping threads took: 0.0000277 seconds
[2020-01-13T13:40:19.204+0000][1][safepoint    ] Application time: 1.0001023 seconds
[2020-01-13T13:40:19.204+0000][1][safepoint    ] Entering safepoint region: Cleanup
[2020-01-13T13:40:19.205+0000][1][safepoint    ] Leaving safepoint region
[2020-01-13T13:40:19.205+0000][1][safepoint    ] Total time for which application threads were stopped: 0.0001001 seconds, Stopping threads took: 0.0000231 seconds
[2020-01-13T13:40:20.205+0000][1][safepoint    ] Application time: 1.0001380 seconds
[2020-01-13T13:40:20.205+0000][1][safepoint    ] Entering safepoint region: Cleanup
[2020-01-13T13:40:20.205+0000][1][safepoint    ] Leaving safepoint region
[2020-01-13T13:40:20.205+0000][1][safepoint    ] Total time for which application threads were stopped: 0.0001559 seconds, Stopping threads took: 0.0000312 seconds
[2020-01-13T13:40:21.205+0000][1][safepoint    ] Application time: 1.0001583 seconds
[2020-01-13T13:40:21.205+0000][1][safepoint    ] Entering safepoint region: Cleanup
[2020-01-13T13:40:21.205+0000][1][safepoint    ] Leaving safepoint region
[2020-01-13T13:40:21.205+0000][1][safepoint    ] Total time for which application threads were stopped: 0.0002524 seconds, Stopping threads took: 0.0001698 seconds
[2020-01-13T13:40:22.206+0000][1][safepoint    ] Application time: 1.0001173 seconds
[2020-01-13T13:40:22.206+0000][1][safepoint    ] Entering safepoint region: Cleanup
[2020-01-13T13:40:22.206+0000][1][safepoint    ] Leaving safepoint region
[2020-01-13T13:40:22.206+0000][1][safepoint    ] Total time for which application threads were stopped: 0.0001317 seconds, Stopping threads took: 0.0000310 seconds
[2020-01-13T13:40:23.206+0000][1][safepoint    ] Application time: 1.0001483 seconds
[2020-01-13T13:40:23.206+0000][1][safepoint    ] Entering safepoint region: Cleanup
[2020-01-13T13:40:23.206+0000][1][safepoint    ] Leaving safepoint region
[2020-01-13T13:40:23.206+0000][1][safepoint    ] Total time for which application threads were stopped: 0.0001148 seconds, Stopping threads took: 0.0000286 seconds
[2020-01-13T13:40:24.206+0000][1][safepoint    ] Application time: 1.0001338 seconds
[2020-01-13T13:40:24.207+0000][1][safepoint    ] Entering safepoint region: Cleanup
[2020-01-13T13:40:24.207+0000][1][safepoint    ] Leaving safepoint region
[2020-01-13T13:40:24.207+0000][1][safepoint    ] Total time for which application threads were stopped: 0.0001819 seconds, Stopping threads took: 0.0000527 seconds
[2020-01-13T13:40:25.208+0000][1][safepoint    ] Application time: 1.0001466 seconds
[2020-01-13T13:40:25.208+0000][1][safepoint    ] Entering safepoint region: Cleanup
[2020-01-13T13:40:25.208+0000][1][safepoint    ] Leaving safepoint region
[2020-01-13T13:40:25.208+0000][1][safepoint    ] Total time for which application threads were stopped: 0.0001637 seconds, Stopping threads took: 0.0000335 seconds
[2020-01-13T13:40:26.208+0000][1][safepoint    ] Application time: 1.0001136 seconds
[2020-01-13T13:40:26.208+0000][1][safepoint    ] Entering safepoint region: Cleanup
[2020-01-13T13:40:26.208+0000][1][safepoint    ] Leaving safepoint region
[2020-01-13T13:40:26.208+0000][1][safepoint    ] Total time for which application threads were stopped: 0.0001452 seconds, Stopping threads took: 0.0000338 seconds
[2020-01-13T13:40:27.209+0000][1][safepoint    ] Application time: 1.0004519 seconds
[2020-01-13T13:40:27.209+0000][1][safepoint    ] Entering safepoint region: Cleanup
[2020-01-13T13:40:27.209+0000][1][safepoint    ] Leaving safepoint region
[2020-01-13T13:40:27.209+0000][1][safepoint    ] Total time for which application threads were stopped: 0.0001673 seconds, Stopping threads took: 0.0000334 seconds
[2020-01-13T13:40:28.209+0000][1][safepoint    ] Application time: 1.0001652 seconds
[2020-01-13T13:40:28.209+0000][1][safepoint    ] Entering safepoint region: Cleanup
[2020-01-13T13:40:28.209+0000][1][safepoint    ] Leaving safepoint region
[2020-01-13T13:40:28.209+0000][1][safepoint    ] Total time for which application threads were stopped: 0.0001648 seconds, Stopping threads took: 0.0000339 seconds
[2020-01-13T13:40:29.210+0000][1][safepoint    ] Application time: 1.0001632 seconds
[2020-01-13T13:40:29.211+0000][1][safepoint    ] Entering safepoint region: Cleanup
[2020-01-13T13:40:29.211+0000][1][safepoint    ] Leaving safepoint region
[2020-01-13T13:40:29.211+0000][1][safepoint    ] Total time for which application threads were stopped: 0.0001446 seconds, Stopping threads took: 0.0000473 seconds
[2020-01-13T13:40:30.211+0000][1][safepoint    ] Application time: 1.0001594 seconds
[2020-01-13T13:40:30.211+0000][1][safepoint    ] Entering safepoint region: Cleanup
[2020-01-13T13:40:30.211+0000][1][safepoint    ] Leaving safepoint region
[2020-01-13T13:40:30.211+0000][1][safepoint    ] Total time for which application threads were stopped: 0.0001154 seconds, Stopping threads took: 0.0000288 seconds
[2020-01-13T13:40:31.211+0000][1][safepoint    ] Application time: 1.0000875 seconds
[2020-01-13T13:40:31.211+0000][1][safepoint    ] Entering safepoint region: Cleanup
[2020-01-13T13:40:31.211+0000][1][safepoint    ] Leaving safepoint region
[2020-01-13T13:40:31.211+0000][1][safepoint    ] Total time for which application threads were stopped: 0.0001872 seconds, Stopping threads took: 0.0000772 seconds
[2020-01-13T13:40:32.212+0000][1][safepoint    ] Application time: 1.0001461 seconds
[2020-01-13T13:40:32.212+0000][1][safepoint    ] Entering safepoint region: Cleanup
[2020-01-13T13:40:32.212+0000][1][safepoint    ] Leaving safepoint region
[2020-01-13T13:40:32.212+0000][1][safepoint    ] Total time for which application threads were stopped: 0.0001508 seconds, Stopping threads took: 0.0000359 seconds
[2020-01-13T13:40:33.212+0000][1][safepoint    ] Application time: 1.0001599 seconds
[2020-01-13T13:40:33.212+0000][1][safepoint    ] Entering safepoint region: Cleanup
[2020-01-13T13:40:33.212+0000][1][safepoint    ] Leaving safepoint region
[2020-01-13T13:40:33.212+0000][1][safepoint    ] Total time for which application threads were stopped: 0.0001318 seconds, Stopping threads took: 0.0000280 seconds
[2020-01-13T13:40:34.212+0000][1][safepoint    ] Application time: 1.0001705 seconds
[2020-01-13T13:40:34.213+0000][1][safepoint    ] Entering safepoint region: Cleanup
[2020-01-13T13:40:34.213+0000][1][safepoint    ] Leaving safepoint region
[2020-01-13T13:40:34.213+0000][1][safepoint    ] Total time for which application threads were stopped: 0.0001653 seconds, Stopping threads took: 0.0000475 seconds
[2020-01-13T13:40:36.214+0000][1][safepoint    ] Application time: 2.0003450 seconds
[2020-01-13T13:40:36.214+0000][1][safepoint    ] Entering safepoint region: Cleanup
[2020-01-13T13:40:36.214+0000][1][safepoint    ] Leaving safepoint region
[2020-01-13T13:40:36.214+0000][1][safepoint    ] Total time for which application threads were stopped: 0.0001633 seconds, Stopping threads took: 0.0000351 seconds
[2020-01-13T13:40:37.214+0000][1][safepoint    ] Application time: 1.0001491 seconds
[2020-01-13T13:40:37.214+0000][1][safepoint    ] Entering safepoint region: Cleanup
[2020-01-13T13:40:37.214+0000][1][safepoint    ] Leaving safepoint region
[2020-01-13T13:40:37.214+0000][1][safepoint    ] Total time for which application threads were stopped: 0.0001453 seconds, Stopping threads took: 0.0000411 seconds
[2020-01-13T13:40:38.215+0000][1][safepoint    ] Application time: 1.0002322 seconds
[2020-01-13T13:40:38.215+0000][1][safepoint    ] Entering safepoint region: Cleanup
[2020-01-13T13:40:38.215+0000][1][safepoint    ] Leaving safepoint region
[2020-01-13T13:40:38.215+0000][1][safepoint    ] Total time for which application threads were stopped: 0.0001371 seconds, Stopping threads took: 0.0000307 seconds
[2020-01-13T13:40:39.215+0000][1][safepoint    ] Application time: 1.0000913 seconds
[2020-01-13T13:40:39.216+0000][1][safepoint    ] Entering safepoint region: Cleanup
[2020-01-13T13:40:39.216+0000][1][safepoint    ] Leaving safepoint region
[2020-01-13T13:40:39.216+0000][1][safepoint    ] Total time for which application threads were stopped: 0.0001761 seconds, Stopping threads took: 0.0000463 seconds
[2020-01-13T13:40:40.217+0000][1][safepoint    ] Application time: 1.0001117 seconds
[2020-01-13T13:40:40.217+0000][1][safepoint    ] Entering safepoint region: Cleanup
[2020-01-13T13:40:40.217+0000][1][safepoint    ] Leaving safepoint region
[2020-01-13T13:40:40.217+0000][1][safepoint    ] Total time for which application threads were stopped: 0.0001473 seconds, Stopping threads took: 0.0000328 seconds
[2020-01-13T13:40:41.217+0000][1][safepoint    ] Application time: 1.0001686 seconds
[2020-01-13T13:40:41.217+0000][1][safepoint    ] Entering safepoint region: Cleanup
[2020-01-13T13:40:41.217+0000][1][safepoint    ] Leaving safepoint region
[2020-01-13T13:40:41.217+0000][1][safepoint    ] Total time for which application threads were stopped: 0.0001861 seconds, Stopping threads took: 0.0000387 seconds
[2020-01-13T13:40:42.217+0000][1][safepoint    ] Application time: 1.0001579 seconds
[2020-01-13T13:40:42.217+0000][1][safepoint    ] Entering safepoint region: Cleanup
[2020-01-13T13:40:42.218+0000][1][safepoint    ] Leaving safepoint region
[2020-01-13T13:40:42.218+0000][1][safepoint    ] Total time for which application threads were stopped: 0.0001549 seconds, Stopping threads took: 0.0000379 seconds
[2020-01-13T13:40:43.174+0000][1][safepoint    ] Application time: 0.9560566 seconds
[2020-01-13T13:40:43.174+0000][1][safepoint    ] Entering safepoint region: GenCollectForAllocation
[2020-01-13T13:40:43.174+0000][1][gc,start     ] GC(24) Pause Young (Allocation Failure)
[2020-01-13T13:40:43.174+0000][1][gc,task      ] GC(24) Using 1 workers of 1 for evacuation
[2020-01-13T13:40:43.192+0000][1][gc,age       ] GC(24) Desired survivor size 4358144 bytes, new threshold 6 (max threshold 6)
[2020-01-13T13:40:43.192+0000][1][gc,age       ] GC(24) Age table with threshold 6 (max threshold 6)
[2020-01-13T13:40:43.192+0000][1][gc,age       ] GC(24) - age   1:     721296 bytes,     721296 total
[2020-01-13T13:40:43.192+0000][1][gc,age       ] GC(24) - age   2:     129296 bytes,     850592 total
[2020-01-13T13:40:43.192+0000][1][gc,age       ] GC(24) - age   3:    2339144 bytes,    3189736 total
[2020-01-13T13:40:43.192+0000][1][gc,heap      ] GC(24) ParNew: 72733K->3394K(76672K)
[2020-01-13T13:40:43.192+0000][1][gc,heap      ] GC(24) CMS: 65251K->65251K(176960K)
[2020-01-13T13:40:43.192+0000][1][gc,metaspace ] GC(24) Metaspace: 65420K->65420K(1110016K)
[2020-01-13T13:40:43.192+0000][1][gc           ] GC(24) Pause Young (Allocation Failure) 134M->67M(247M) 18.445ms
[2020-01-13T13:40:43.192+0000][1][gc,cpu       ] GC(24) User=0.02s Sys=0.00s Real=0.02s
[2020-01-13T13:40:43.192+0000][1][safepoint    ] Leaving safepoint region
[2020-01-13T13:40:43.192+0000][1][safepoint    ] Total time for which application threads were stopped: 0.0186769 seconds, Stopping threads took: 0.0000325 seconds
[2020-01-13T13:40:44.194+0000][1][safepoint    ] Application time: 1.0016291 seconds
[2020-01-13T13:40:44.194+0000][1][safepoint    ] Entering safepoint region: Cleanup
[2020-01-13T13:40:44.194+0000][1][safepoint    ] Leaving safepoint region
[2020-01-13T13:40:44.194+0000][1][safepoint    ] Total time for which application threads were stopped: 0.0001603 seconds, Stopping threads took: 0.0000498 seconds
[2020-01-13T13:40:45.194+0000][1][safepoint    ] Application time: 1.0001091 seconds
[2020-01-13T13:40:45.195+0000][1][safepoint    ] Entering safepoint region: Cleanup
[2020-01-13T13:40:45.195+0000][1][safepoint    ] Leaving safepoint region
[2020-01-13T13:40:45.195+0000][1][safepoint    ] Total time for which application threads were stopped: 0.0001278 seconds, Stopping threads took: 0.0000319 seconds
[2020-01-13T13:40:46.195+0000][1][safepoint    ] Application time: 1.0001517 seconds
[2020-01-13T13:40:46.195+0000][1][safepoint    ] Entering safepoint region: Cleanup
[2020-01-13T13:40:46.195+0000][1][safepoint    ] Leaving safepoint region
[2020-01-13T13:40:46.195+0000][1][safepoint    ] Total time for which application threads were stopped: 0.0001633 seconds, Stopping threads took: 0.0000568 seconds
[2020-01-13T13:40:47.195+0000][1][safepoint    ] Application time: 1.0001000 seconds
[2020-01-13T13:40:47.195+0000][1][safepoint    ] Entering safepoint region: Cleanup
[2020-01-13T13:40:47.195+0000][1][safepoint    ] Leaving safepoint region
[2020-01-13T13:40:47.195+0000][1][safepoint    ] Total time for which application threads were stopped: 0.0001800 seconds, Stopping threads took: 0.0000340 seconds
[2020-01-13T13:40:48.196+0000][1][safepoint    ] Application time: 1.0001105 seconds
[2020-01-13T13:40:48.196+0000][1][safepoint    ] Entering safepoint region: Cleanup
[2020-01-13T13:40:48.196+0000][1][safepoint    ] Leaving safepoint region
[2020-01-13T13:40:48.196+0000][1][safepoint    ] Total time for which application threads were stopped: 0.0001099 seconds, Stopping threads took: 0.0000240 seconds
[2020-01-13T13:40:49.196+0000][1][safepoint    ] Application time: 1.0001584 seconds
[2020-01-13T13:40:49.196+0000][1][safepoint    ] Entering safepoint region: Cleanup
[2020-01-13T13:40:49.196+0000][1][safepoint    ] Leaving safepoint region
[2020-01-13T13:40:49.196+0000][1][safepoint    ] Total time for which application threads were stopped: 0.0001533 seconds, Stopping threads took: 0.0000392 seconds
[2020-01-13T13:40:50.196+0000][1][safepoint    ] Application time: 1.0002159 seconds
[2020-01-13T13:40:50.196+0000][1][safepoint    ] Entering safepoint region: Cleanup
[2020-01-13T13:40:50.196+0000][1][safepoint    ] Leaving safepoint region
[2020-01-13T13:40:50.197+0000][1][safepoint    ] Total time for which application threads were stopped: 0.0001306 seconds, Stopping threads took: 0.0000291 seconds
[2020-01-13T13:40:51.197+0000][1][safepoint    ] Application time: 1.0001496 seconds
[2020-01-13T13:40:51.197+0000][1][safepoint    ] Entering safepoint region: Cleanup
[2020-01-13T13:40:51.197+0000][1][safepoint    ] Leaving safepoint region
[2020-01-13T13:40:51.197+0000][1][safepoint    ] Total time for which application threads were stopped: 0.0001158 seconds, Stopping threads took: 0.0000284 seconds
[2020-01-13T13:40:54.197+0000][1][safepoint    ] Application time: 3.0004062 seconds
[2020-01-13T13:40:54.197+0000][1][safepoint    ] Entering safepoint region: Cleanup
[2020-01-13T13:40:54.197+0000][1][safepoint    ] Leaving safepoint region
[2020-01-13T13:40:54.197+0000][1][safepoint    ] Total time for which application threads were stopped: 0.0001419 seconds, Stopping threads took: 0.0000354 seconds
[2020-01-13T13:40:58.198+0000][1][safepoint    ] Application time: 4.0005172 seconds
[2020-01-13T13:40:58.198+0000][1][safepoint    ] Entering safepoint region: Cleanup
[2020-01-13T13:40:58.198+0000][1][safepoint    ] Leaving safepoint region
[2020-01-13T13:40:58.198+0000][1][safepoint    ] Total time for which application threads were stopped: 0.0001324 seconds, Stopping threads took: 0.0000293 seconds
[2020-01-13T13:41:02.199+0000][1][safepoint    ] Application time: 4.0005573 seconds
[2020-01-13T13:41:02.199+0000][1][safepoint    ] Entering safepoint region: Cleanup
[2020-01-13T13:41:02.199+0000][1][safepoint    ] Leaving safepoint region
[2020-01-13T13:41:02.199+0000][1][safepoint    ] Total time for which application threads were stopped: 0.0001869 seconds, Stopping threads took: 0.0000284 seconds
[2020-01-13T13:41:03.199+0000][1][safepoint    ] Application time: 1.0001092 seconds
[2020-01-13T13:41:03.199+0000][1][safepoint    ] Entering safepoint region: Cleanup
[2020-01-13T13:41:03.199+0000][1][safepoint    ] Leaving safepoint region
[2020-01-13T13:41:03.199+0000][1][safepoint    ] Total time for which application threads were stopped: 0.0001426 seconds, Stopping threads took: 0.0000351 seconds
[2020-01-13T13:41:07.200+0000][1][safepoint    ] Application time: 4.0006043 seconds
[2020-01-13T13:41:07.200+0000][1][safepoint    ] Entering safepoint region: Cleanup
[2020-01-13T13:41:07.200+0000][1][safepoint    ] Leaving safepoint region
[2020-01-13T13:41:07.200+0000][1][safepoint    ] Total time for which application threads were stopped: 0.0001621 seconds, Stopping threads took: 0.0000387 seconds
[2020-01-13T13:41:10.201+0000][1][safepoint    ] Application time: 3.0004339 seconds
[2020-01-13T13:41:10.201+0000][1][safepoint    ] Entering safepoint region: Cleanup
[2020-01-13T13:41:10.201+0000][1][safepoint    ] Leaving safepoint region
[2020-01-13T13:41:10.201+0000][1][safepoint    ] Total time for which application threads were stopped: 0.0001441 seconds, Stopping threads took: 0.0000280 seconds
[2020-01-13T13:41:11.201+0000][1][safepoint    ] Application time: 1.0001650 seconds
[2020-01-13T13:41:11.201+0000][1][safepoint    ] Entering safepoint region: Cleanup
[2020-01-13T13:41:11.201+0000][1][safepoint    ] Leaving safepoint region
[2020-01-13T13:41:11.201+0000][1][safepoint    ] Total time for which application threads were stopped: 0.0001795 seconds, Stopping threads took: 0.0000391 seconds
[2020-01-13T13:41:12.202+0000][1][safepoint    ] Application time: 1.0001587 seconds
[2020-01-13T13:41:12.202+0000][1][safepoint    ] Entering safepoint region: Cleanup
[2020-01-13T13:41:12.202+0000][1][safepoint    ] Leaving safepoint region
[2020-01-13T13:41:12.202+0000][1][safepoint    ] Total time for which application threads were stopped: 0.0001463 seconds, Stopping threads took: 0.0000355 seconds
[2020-01-13T13:41:16.202+0000][1][safepoint    ] Application time: 4.0004701 seconds
[2020-01-13T13:41:16.203+0000][1][safepoint    ] Entering safepoint region: Cleanup
[2020-01-13T13:41:16.203+0000][1][safepoint    ] Leaving safepoint region
[2020-01-13T13:41:16.203+0000][1][safepoint    ] Total time for which application threads were stopped: 0.0001539 seconds, Stopping threads took: 0.0000423 seconds
[2020-01-13T13:41:18.204+0000][1][safepoint    ] Application time: 2.0002659 seconds
[2020-01-13T13:41:18.204+0000][1][safepoint    ] Entering safepoint region: Cleanup
[2020-01-13T13:41:18.204+0000][1][safepoint    ] Leaving safepoint region
[2020-01-13T13:41:18.204+0000][1][safepoint    ] Total time for which application threads were stopped: 0.0001576 seconds, Stopping threads took: 0.0000422 seconds
[2020-01-13T13:41:20.204+0000][1][safepoint    ] Application time: 2.0002957 seconds
[2020-01-13T13:41:20.204+0000][1][safepoint    ] Entering safepoint region: Cleanup
[2020-01-13T13:41:20.204+0000][1][safepoint    ] Leaving safepoint region
[2020-01-13T13:41:20.204+0000][1][safepoint    ] Total time for which application threads were stopped: 0.0001348 seconds, Stopping threads took: 0.0000288 seconds
[2020-01-13T13:41:21.190+0000][1][safepoint    ] Application time: 0.9853392 seconds
[2020-01-13T13:41:21.190+0000][1][safepoint    ] Entering safepoint region: GenCollectForAllocation
[2020-01-13T13:41:21.190+0000][1][gc,start     ] GC(25) Pause Young (Allocation Failure)
[2020-01-13T13:41:21.190+0000][1][gc,task      ] GC(25) Using 1 workers of 1 for evacuation
[2020-01-13T13:41:21.206+0000][1][gc,age       ] GC(25) Desired survivor size 4358144 bytes, new threshold 6 (max threshold 6)
[2020-01-13T13:41:21.206+0000][1][gc,age       ] GC(25) Age table with threshold 6 (max threshold 6)
[2020-01-13T13:41:21.206+0000][1][gc,age       ] GC(25) - age   1:     602464 bytes,     602464 total
[2020-01-13T13:41:21.206+0000][1][gc,age       ] GC(25) - age   2:      25592 bytes,     628056 total
[2020-01-13T13:41:21.206+0000][1][gc,age       ] GC(25) - age   3:     129296 bytes,     757352 total
[2020-01-13T13:41:21.206+0000][1][gc,age       ] GC(25) - age   4:    2339144 bytes,    3096496 total
[2020-01-13T13:41:21.206+0000][1][gc,heap      ] GC(25) ParNew: 71495K->3184K(76672K)
[2020-01-13T13:41:21.206+0000][1][gc,heap      ] GC(25) CMS: 65251K->65251K(176960K)
[2020-01-13T13:41:21.206+0000][1][gc,metaspace ] GC(25) Metaspace: 65588K->65588K(1110016K)
[2020-01-13T13:41:21.206+0000][1][gc           ] GC(25) Pause Young (Allocation Failure) 133M->66M(247M) 16.264ms
[2020-01-13T13:41:21.206+0000][1][gc,cpu       ] GC(25) User=0.01s Sys=0.00s Real=0.01s
[2020-01-13T13:41:21.206+0000][1][safepoint    ] Leaving safepoint region
[2020-01-13T13:41:21.206+0000][1][safepoint    ] Total time for which application threads were stopped: 0.0164532 seconds, Stopping threads took: 0.0000275 seconds
[2020-01-13T13:41:23.208+0000][1][safepoint    ] Application time: 2.0014310 seconds
[2020-01-13T13:41:23.208+0000][1][safepoint    ] Entering safepoint region: Cleanup
[2020-01-13T13:41:23.208+0000][1][safepoint    ] Leaving safepoint region
[2020-01-13T13:41:23.208+0000][1][safepoint    ] Total time for which application threads were stopped: 0.0001352 seconds, Stopping threads took: 0.0000408 seconds
[2020-01-13T13:41:26.208+0000][1][safepoint    ] Application time: 3.0003959 seconds
[2020-01-13T13:41:26.208+0000][1][safepoint    ] Entering safepoint region: Cleanup
[2020-01-13T13:41:26.209+0000][1][safepoint    ] Leaving safepoint region
[2020-01-13T13:41:26.209+0000][1][safepoint    ] Total time for which application threads were stopped: 0.0001785 seconds, Stopping threads took: 0.0000309 seconds
[2020-01-13T13:41:27.209+0000][1][safepoint    ] Application time: 1.0001358 seconds
[2020-01-13T13:41:27.209+0000][1][safepoint    ] Entering safepoint region: Cleanup
[2020-01-13T13:41:27.209+0000][1][safepoint    ] Leaving safepoint region
[2020-01-13T13:41:27.209+0000][1][safepoint    ] Total time for which application threads were stopped: 0.0001543 seconds, Stopping threads took: 0.0000269 seconds
[2020-01-13T13:41:28.209+0000][1][safepoint    ] Application time: 1.0001628 seconds
[2020-01-13T13:41:28.209+0000][1][safepoint    ] Entering safepoint region: Cleanup
[2020-01-13T13:41:28.209+0000][1][safepoint    ] Leaving safepoint region
[2020-01-13T13:41:28.209+0000][1][safepoint    ] Total time for which application threads were stopped: 0.0002076 seconds, Stopping threads took: 0.0000264 seconds
[2020-01-13T13:41:29.210+0000][1][safepoint    ] Application time: 1.0001614 seconds
[2020-01-13T13:41:29.211+0000][1][safepoint    ] Entering safepoint region: Cleanup
[2020-01-13T13:41:29.211+0000][1][safepoint    ] Leaving safepoint region
[2020-01-13T13:41:29.211+0000][1][safepoint    ] Total time for which application threads were stopped: 0.0001464 seconds, Stopping threads took: 0.0000497 seconds
[2020-01-13T13:41:30.211+0000][1][safepoint    ] Application time: 1.0000895 seconds
[2020-01-13T13:41:30.211+0000][1][safepoint    ] Entering safepoint region: Cleanup
[2020-01-13T13:41:30.211+0000][1][safepoint    ] Leaving safepoint region
[2020-01-13T13:41:30.211+0000][1][safepoint    ] Total time for which application threads were stopped: 0.0001473 seconds, Stopping threads took: 0.0000323 seconds
[2020-01-13T13:41:31.211+0000][1][safepoint    ] Application time: 1.0001554 seconds
[2020-01-13T13:41:31.211+0000][1][safepoint    ] Entering safepoint region: Cleanup
[2020-01-13T13:41:31.212+0000][1][safepoint    ] Leaving safepoint region
[2020-01-13T13:41:31.212+0000][1][safepoint    ] Total time for which application threads were stopped: 0.0001352 seconds, Stopping threads took: 0.0000282 seconds
[2020-01-13T13:41:33.212+0000][1][safepoint    ] Application time: 2.0002845 seconds
[2020-01-13T13:41:33.212+0000][1][safepoint    ] Entering safepoint region: Cleanup
[2020-01-13T13:41:33.212+0000][1][safepoint    ] Leaving safepoint region
[2020-01-13T13:41:33.212+0000][1][safepoint    ] Total time for which application threads were stopped: 0.0001543 seconds, Stopping threads took: 0.0000529 seconds
[2020-01-13T13:41:36.212+0000][1][safepoint    ] Application time: 3.0003719 seconds
[2020-01-13T13:41:36.212+0000][1][safepoint    ] Entering safepoint region: Cleanup
[2020-01-13T13:41:36.213+0000][1][safepoint    ] Leaving safepoint region
[2020-01-13T13:41:36.213+0000][1][safepoint    ] Total time for which application threads were stopped: 0.0001085 seconds, Stopping threads took: 0.0000297 seconds
[2020-01-13T13:41:37.213+0000][1][safepoint    ] Application time: 1.0001462 seconds
[2020-01-13T13:41:37.213+0000][1][safepoint    ] Entering safepoint region: Cleanup
[2020-01-13T13:41:37.213+0000][1][safepoint    ] Leaving safepoint region
[2020-01-13T13:41:37.213+0000][1][safepoint    ] Total time for which application threads were stopped: 0.0001171 seconds, Stopping threads took: 0.0000276 seconds
[2020-01-13T13:41:38.213+0000][1][safepoint    ] Application time: 1.0000890 seconds
[2020-01-13T13:41:38.213+0000][1][safepoint    ] Entering safepoint region: Cleanup
[2020-01-13T13:41:38.213+0000][1][safepoint    ] Leaving safepoint region
[2020-01-13T13:41:38.213+0000][1][safepoint    ] Total time for which application threads were stopped: 0.0001013 seconds, Stopping threads took: 0.0000259 seconds
[2020-01-13T13:41:39.213+0000][1][safepoint    ] Application time: 1.0001614 seconds
[2020-01-13T13:41:39.213+0000][1][safepoint    ] Entering safepoint region: Cleanup
[2020-01-13T13:41:39.214+0000][1][safepoint    ] Leaving safepoint region
[2020-01-13T13:41:39.214+0000][1][safepoint    ] Total time for which application threads were stopped: 0.0001152 seconds, Stopping threads took: 0.0000336 seconds
[2020-01-13T13:41:40.214+0000][1][safepoint    ] Application time: 1.0001460 seconds
[2020-01-13T13:41:40.214+0000][1][safepoint    ] Entering safepoint region: Cleanup
[2020-01-13T13:41:40.214+0000][1][safepoint    ] Leaving safepoint region
[2020-01-13T13:41:40.214+0000][1][safepoint    ] Total time for which application threads were stopped: 0.0001268 seconds, Stopping threads took: 0.0000295 seconds
[2020-01-13T13:41:41.214+0000][1][safepoint    ] Application time: 1.0001971 seconds
[2020-01-13T13:41:41.214+0000][1][safepoint    ] Entering safepoint region: Cleanup
[2020-01-13T13:41:41.214+0000][1][safepoint    ] Leaving safepoint region
[2020-01-13T13:41:41.214+0000][1][safepoint    ] Total time for which application threads were stopped: 0.0001285 seconds, Stopping threads took: 0.0000330 seconds
[2020-01-13T13:41:42.214+0000][1][safepoint    ] Application time: 1.0000859 seconds
[2020-01-13T13:41:42.215+0000][1][safepoint    ] Entering safepoint region: Cleanup
[2020-01-13T13:41:42.215+0000][1][safepoint    ] Leaving safepoint region
[2020-01-13T13:41:42.215+0000][1][safepoint    ] Total time for which application threads were stopped: 0.0000939 seconds, Stopping threads took: 0.0000241 seconds
[2020-01-13T13:41:43.215+0000][1][safepoint    ] Application time: 1.0001113 seconds
[2020-01-13T13:41:43.215+0000][1][safepoint    ] Entering safepoint region: Cleanup
[2020-01-13T13:41:43.215+0000][1][safepoint    ] Leaving safepoint region
[2020-01-13T13:41:43.215+0000][1][safepoint    ] Total time for which application threads were stopped: 0.0001749 seconds, Stopping threads took: 0.0000462 seconds
[2020-01-13T13:41:44.215+0000][1][safepoint    ] Application time: 1.0001525 seconds
[2020-01-13T13:41:44.215+0000][1][safepoint    ] Entering safepoint region: Cleanup
[2020-01-13T13:41:44.215+0000][1][safepoint    ] Leaving safepoint region
[2020-01-13T13:41:44.215+0000][1][safepoint    ] Total time for which application threads were stopped: 0.0001275 seconds, Stopping threads took: 0.0000342 seconds
[2020-01-13T13:41:45.215+0000][1][safepoint    ] Application time: 1.0001636 seconds
[2020-01-13T13:41:45.216+0000][1][safepoint    ] Entering safepoint region: Cleanup
[2020-01-13T13:41:45.217+0000][1][safepoint    ] Leaving safepoint region
[2020-01-13T13:41:45.217+0000][1][safepoint    ] Total time for which application threads were stopped: 0.0001428 seconds, Stopping threads took: 0.0000544 seconds
[2020-01-13T13:41:46.217+0000][1][safepoint    ] Application time: 1.0001494 seconds
[2020-01-13T13:41:46.217+0000][1][safepoint    ] Entering safepoint region: Cleanup
[2020-01-13T13:41:46.217+0000][1][safepoint    ] Leaving safepoint region
[2020-01-13T13:41:46.217+0000][1][safepoint    ] Total time for which application threads were stopped: 0.0001065 seconds, Stopping threads took: 0.0000288 seconds
[2020-01-13T13:41:47.217+0000][1][safepoint    ] Application time: 1.0001336 seconds
[2020-01-13T13:41:47.217+0000][1][safepoint    ] Entering safepoint region: Cleanup
[2020-01-13T13:41:47.217+0000][1][safepoint    ] Leaving safepoint region
[2020-01-13T13:41:47.217+0000][1][safepoint    ] Total time for which application threads were stopped: 0.0000951 seconds, Stopping threads took: 0.0000237 seconds
[2020-01-13T13:41:48.217+0000][1][safepoint    ] Application time: 1.0001596 seconds
[2020-01-13T13:41:48.218+0000][1][safepoint    ] Entering safepoint region: Cleanup
[2020-01-13T13:41:48.218+0000][1][safepoint    ] Leaving safepoint region
[2020-01-13T13:41:48.218+0000][1][safepoint    ] Total time for which application threads were stopped: 0.0001251 seconds, Stopping threads took: 0.0000302 seconds
[2020-01-13T13:41:49.218+0000][1][safepoint    ] Application time: 1.0001758 seconds
[2020-01-13T13:41:49.218+0000][1][safepoint    ] Entering safepoint region: Cleanup
[2020-01-13T13:41:49.218+0000][1][safepoint    ] Leaving safepoint region
[2020-01-13T13:41:49.218+0000][1][safepoint    ] Total time for which application threads were stopped: 0.0001126 seconds, Stopping threads took: 0.0000283 seconds
[2020-01-13T13:41:50.218+0000][1][safepoint    ] Application time: 1.0001400 seconds
[2020-01-13T13:41:50.218+0000][1][safepoint    ] Entering safepoint region: Cleanup
[2020-01-13T13:41:50.218+0000][1][safepoint    ] Leaving safepoint region
[2020-01-13T13:41:50.218+0000][1][safepoint    ] Total time for which application threads were stopped: 0.0001460 seconds, Stopping threads took: 0.0000316 seconds
[2020-01-13T13:41:51.218+0000][1][safepoint    ] Application time: 1.0000970 seconds
[2020-01-13T13:41:51.219+0000][1][safepoint    ] Entering safepoint region: Cleanup
[2020-01-13T13:41:51.219+0000][1][safepoint    ] Leaving safepoint region
[2020-01-13T13:41:51.219+0000][1][safepoint    ] Total time for which application threads were stopped: 0.0001555 seconds, Stopping threads took: 0.0000373 seconds
[2020-01-13T13:41:52.219+0000][1][safepoint    ] Application time: 1.0000862 seconds
[2020-01-13T13:41:52.219+0000][1][safepoint    ] Entering safepoint region: Cleanup
[2020-01-13T13:41:52.219+0000][1][safepoint    ] Leaving safepoint region
[2020-01-13T13:41:52.219+0000][1][safepoint    ] Total time for which application threads were stopped: 0.0001329 seconds, Stopping threads took: 0.0000234 seconds
[2020-01-13T13:41:53.219+0000][1][safepoint    ] Application time: 1.0001551 seconds
[2020-01-13T13:41:53.219+0000][1][safepoint    ] Entering safepoint region: Cleanup
[2020-01-13T13:41:53.219+0000][1][safepoint    ] Leaving safepoint region
[2020-01-13T13:41:53.219+0000][1][safepoint    ] Total time for which application threads were stopped: 0.0001642 seconds, Stopping threads took: 0.0000400 seconds
[2020-01-13T13:41:54.220+0000][1][safepoint    ] Application time: 1.0001453 seconds
[2020-01-13T13:41:54.220+0000][1][safepoint    ] Entering safepoint region: Cleanup
[2020-01-13T13:41:54.220+0000][1][safepoint    ] Leaving safepoint region
[2020-01-13T13:41:54.220+0000][1][safepoint    ] Total time for which application threads were stopped: 0.0001061 seconds, Stopping threads took: 0.0000282 seconds
[2020-01-13T13:41:55.220+0000][1][safepoint    ] Application time: 1.0001289 seconds
[2020-01-13T13:41:55.220+0000][1][safepoint    ] Entering safepoint region: Cleanup
[2020-01-13T13:41:55.220+0000][1][safepoint    ] Leaving safepoint region
[2020-01-13T13:41:55.220+0000][1][safepoint    ] Total time for which application threads were stopped: 0.0001224 seconds, Stopping threads took: 0.0000266 seconds
[2020-01-13T13:41:56.220+0000][1][safepoint    ] Application time: 1.0000993 seconds
[2020-01-13T13:41:56.220+0000][1][safepoint    ] Entering safepoint region: Cleanup
[2020-01-13T13:41:56.220+0000][1][safepoint    ] Leaving safepoint region
[2020-01-13T13:41:56.220+0000][1][safepoint    ] Total time for which application threads were stopped: 0.0001467 seconds, Stopping threads took: 0.0000316 seconds
[2020-01-13T13:41:57.221+0000][1][safepoint    ] Application time: 1.0001639 seconds
[2020-01-13T13:41:57.221+0000][1][safepoint    ] Entering safepoint region: Cleanup
[2020-01-13T13:41:57.221+0000][1][safepoint    ] Leaving safepoint region
[2020-01-13T13:41:57.221+0000][1][safepoint    ] Total time for which application threads were stopped: 0.0001303 seconds, Stopping threads took: 0.0000280 seconds
[2020-01-13T13:41:58.221+0000][1][safepoint    ] Application time: 1.0001671 seconds
[2020-01-13T13:41:58.221+0000][1][safepoint    ] Entering safepoint region: Cleanup
[2020-01-13T13:41:58.221+0000][1][safepoint    ] Leaving safepoint region
[2020-01-13T13:41:58.221+0000][1][safepoint    ] Total time for which application threads were stopped: 0.0001352 seconds, Stopping threads took: 0.0000349 seconds
[2020-01-13T13:41:59.148+0000][1][safepoint    ] Application time: 0.9266128 seconds
[2020-01-13T13:41:59.149+0000][1][safepoint    ] Entering safepoint region: GenCollectForAllocation
[2020-01-13T13:41:59.149+0000][1][gc,start     ] GC(26) Pause Young (Allocation Failure)
[2020-01-13T13:41:59.149+0000][1][gc,task      ] GC(26) Using 1 workers of 1 for evacuation
[2020-01-13T13:41:59.165+0000][1][gc,age       ] GC(26) Desired survivor size 4358144 bytes, new threshold 6 (max threshold 6)
[2020-01-13T13:41:59.165+0000][1][gc,age       ] GC(26) Age table with threshold 6 (max threshold 6)
[2020-01-13T13:41:59.165+0000][1][gc,age       ] GC(26) - age   1:     602128 bytes,     602128 total
[2020-01-13T13:41:59.165+0000][1][gc,age       ] GC(26) - age   2:       4672 bytes,     606800 total
[2020-01-13T13:41:59.165+0000][1][gc,age       ] GC(26) - age   3:      25400 bytes,     632200 total
[2020-01-13T13:41:59.165+0000][1][gc,age       ] GC(26) - age   4:     129296 bytes,     761496 total
[2020-01-13T13:41:59.165+0000][1][gc,age       ] GC(26) - age   5:    2339144 bytes,    3100640 total
[2020-01-13T13:41:59.165+0000][1][gc,heap      ] GC(26) ParNew: 71322K->3064K(76672K)
[2020-01-13T13:41:59.165+0000][1][gc,heap      ] GC(26) CMS: 65251K->65251K(176960K)
[2020-01-13T13:41:59.165+0000][1][gc,metaspace ] GC(26) Metaspace: 65693K->65693K(1110016K)
[2020-01-13T13:41:59.165+0000][1][gc           ] GC(26) Pause Young (Allocation Failure) 133M->66M(247M) 16.328ms
[2020-01-13T13:41:59.165+0000][1][gc,cpu       ] GC(26) User=0.02s Sys=0.00s Real=0.02s
[2020-01-13T13:41:59.166+0000][1][safepoint    ] Leaving safepoint region
[2020-01-13T13:41:59.166+0000][1][safepoint    ] Total time for which application threads were stopped: 0.0166508 seconds, Stopping threads took: 0.0000952 seconds
[2020-01-13T13:42:00.167+0000][1][safepoint    ] Application time: 1.0011292 seconds
[2020-01-13T13:42:00.167+0000][1][safepoint    ] Entering safepoint region: Cleanup
[2020-01-13T13:42:00.167+0000][1][safepoint    ] Leaving safepoint region
[2020-01-13T13:42:00.167+0000][1][safepoint    ] Total time for which application threads were stopped: 0.0001562 seconds, Stopping threads took: 0.0000401 seconds
[2020-01-13T13:42:01.167+0000][1][safepoint    ] Application time: 1.0001063 seconds
[2020-01-13T13:42:01.167+0000][1][safepoint    ] Entering safepoint region: Cleanup
[2020-01-13T13:42:01.167+0000][1][safepoint    ] Leaving safepoint region
[2020-01-13T13:42:01.167+0000][1][safepoint    ] Total time for which application threads were stopped: 0.0001297 seconds, Stopping threads took: 0.0000295 seconds
[2020-01-13T13:42:02.167+0000][1][safepoint    ] Application time: 1.0001725 seconds
[2020-01-13T13:42:02.167+0000][1][safepoint    ] Entering safepoint region: Cleanup
[2020-01-13T13:42:02.168+0000][1][safepoint    ] Leaving safepoint region
[2020-01-13T13:42:02.168+0000][1][safepoint    ] Total time for which application threads were stopped: 0.0001371 seconds, Stopping threads took: 0.0000345 seconds
[2020-01-13T13:42:03.168+0000][1][safepoint    ] Application time: 1.0001184 seconds
[2020-01-13T13:42:03.168+0000][1][safepoint    ] Entering safepoint region: Cleanup
[2020-01-13T13:42:03.168+0000][1][safepoint    ] Leaving safepoint region
[2020-01-13T13:42:03.168+0000][1][safepoint    ] Total time for which application threads were stopped: 0.0001260 seconds, Stopping threads took: 0.0000281 seconds
[2020-01-13T13:42:04.168+0000][1][safepoint    ] Application time: 1.0001294 seconds
[2020-01-13T13:42:04.169+0000][1][safepoint    ] Entering safepoint region: Cleanup
[2020-01-13T13:42:04.169+0000][1][safepoint    ] Leaving safepoint region
[2020-01-13T13:42:04.169+0000][1][safepoint    ] Total time for which application threads were stopped: 0.0001942 seconds, Stopping threads took: 0.0000564 seconds
[2020-01-13T13:42:05.169+0000][1][safepoint    ] Application time: 1.0000942 seconds
[2020-01-13T13:42:05.169+0000][1][safepoint    ] Entering safepoint region: Cleanup
[2020-01-13T13:42:05.169+0000][1][safepoint    ] Leaving safepoint region
[2020-01-13T13:42:05.170+0000][1][safepoint    ] Total time for which application threads were stopped: 0.0001181 seconds, Stopping threads took: 0.0000267 seconds
[2020-01-13T13:42:06.170+0000][1][safepoint    ] Application time: 1.0001106 seconds
[2020-01-13T13:42:06.170+0000][1][safepoint    ] Entering safepoint region: Cleanup
[2020-01-13T13:42:06.170+0000][1][safepoint    ] Leaving safepoint region
[2020-01-13T13:42:06.170+0000][1][safepoint    ] Total time for which application threads were stopped: 0.0001155 seconds, Stopping threads took: 0.0000340 seconds
[2020-01-13T13:42:07.170+0000][1][safepoint    ] Application time: 1.0001187 seconds
[2020-01-13T13:42:07.170+0000][1][safepoint    ] Entering safepoint region: Cleanup
[2020-01-13T13:42:07.170+0000][1][safepoint    ] Leaving safepoint region
[2020-01-13T13:42:07.170+0000][1][safepoint    ] Total time for which application threads were stopped: 0.0001279 seconds, Stopping threads took: 0.0000287 seconds
[2020-01-13T13:42:08.170+0000][1][safepoint    ] Application time: 1.0001141 seconds
[2020-01-13T13:42:08.170+0000][1][safepoint    ] Entering safepoint region: Cleanup
[2020-01-13T13:42:08.170+0000][1][safepoint    ] Leaving safepoint region
[2020-01-13T13:42:08.170+0000][1][safepoint    ] Total time for which application threads were stopped: 0.0001369 seconds, Stopping threads took: 0.0000362 seconds
[2020-01-13T13:42:09.171+0000][1][safepoint    ] Application time: 1.0001208 seconds
[2020-01-13T13:42:09.171+0000][1][safepoint    ] Entering safepoint region: Cleanup
[2020-01-13T13:42:09.172+0000][1][safepoint    ] Leaving safepoint region
[2020-01-13T13:42:09.172+0000][1][safepoint    ] Total time for which application threads were stopped: 0.0001368 seconds, Stopping threads took: 0.0000498 seconds
[2020-01-13T13:42:10.172+0000][1][safepoint    ] Application time: 1.0001221 seconds
[2020-01-13T13:42:10.172+0000][1][safepoint    ] Entering safepoint region: Cleanup
[2020-01-13T13:42:10.172+0000][1][safepoint    ] Leaving safepoint region
[2020-01-13T13:42:10.172+0000][1][safepoint    ] Total time for which application threads were stopped: 0.0001198 seconds, Stopping threads took: 0.0000282 seconds
[2020-01-13T13:42:11.172+0000][1][safepoint    ] Application time: 1.0001216 seconds
[2020-01-13T13:42:11.172+0000][1][safepoint    ] Entering safepoint region: Cleanup
[2020-01-13T13:42:11.172+0000][1][safepoint    ] Leaving safepoint region
[2020-01-13T13:42:11.172+0000][1][safepoint    ] Total time for which application threads were stopped: 0.0001632 seconds, Stopping threads took: 0.0000379 seconds
[2020-01-13T13:42:12.173+0000][1][safepoint    ] Application time: 1.0001625 seconds
[2020-01-13T13:42:12.173+0000][1][safepoint    ] Entering safepoint region: Cleanup
[2020-01-13T13:42:12.173+0000][1][safepoint    ] Leaving safepoint region
[2020-01-13T13:42:12.173+0000][1][safepoint    ] Total time for which application threads were stopped: 0.0001217 seconds, Stopping threads took: 0.0000313 seconds
[2020-01-13T13:42:13.114+0000][1][safepoint    ] Application time: 0.9410958 seconds
[2020-01-13T13:42:13.114+0000][1][safepoint    ] Entering safepoint region: RevokeBias
[2020-01-13T13:42:13.114+0000][1][safepoint    ] Leaving safepoint region
[2020-01-13T13:42:13.114+0000][1][safepoint    ] Total time for which application threads were stopped: 0.0001598 seconds, Stopping threads took: 0.0000242 seconds
[2020-01-13T13:42:13.114+0000][1][safepoint    ] Application time: 0.0001020 seconds
[2020-01-13T13:42:13.114+0000][1][safepoint    ] Entering safepoint region: RevokeBias
[2020-01-13T13:42:13.114+0000][1][safepoint    ] Leaving safepoint region
[2020-01-13T13:42:13.114+0000][1][safepoint    ] Total time for which application threads were stopped: 0.0000550 seconds, Stopping threads took: 0.0000073 seconds
[2020-01-13T13:42:13.114+0000][1][safepoint    ] Application time: 0.0000406 seconds
[2020-01-13T13:42:13.114+0000][1][safepoint    ] Entering safepoint region: RevokeBias
[2020-01-13T13:42:13.114+0000][1][safepoint    ] Leaving safepoint region
[2020-01-13T13:42:13.114+0000][1][safepoint    ] Total time for which application threads were stopped: 0.0000572 seconds, Stopping threads took: 0.0000060 seconds
[2020-01-13T13:42:13.115+0000][1][safepoint    ] Application time: 0.0003509 seconds
[2020-01-13T13:42:13.115+0000][1][safepoint    ] Entering safepoint region: RevokeBias
[2020-01-13T13:42:13.115+0000][1][safepoint    ] Leaving safepoint region
[2020-01-13T13:42:13.115+0000][1][safepoint    ] Total time for which application threads were stopped: 0.0000596 seconds, Stopping threads took: 0.0000177 seconds
[2020-01-13T13:42:14.113+0000][1][safepoint    ] Application time: 0.9986133 seconds
[2020-01-13T13:42:14.114+0000][1][safepoint    ] Entering safepoint region: RevokeBias
[2020-01-13T13:42:14.114+0000][1][safepoint    ] Leaving safepoint region
[2020-01-13T13:42:14.114+0000][1][safepoint    ] Total time for which application threads were stopped: 0.0006351 seconds, Stopping threads took: 0.0005049 seconds
[2020-01-13T13:42:14.114+0000][1][safepoint    ] Application time: 0.0001456 seconds
[2020-01-13T13:42:14.114+0000][1][safepoint    ] Entering safepoint region: RevokeBias
[2020-01-13T13:42:14.114+0000][1][safepoint    ] Leaving safepoint region
[2020-01-13T13:42:14.114+0000][1][safepoint    ] Total time for which application threads were stopped: 0.0000764 seconds, Stopping threads took: 0.0000087 seconds
[2020-01-13T13:42:14.114+0000][1][safepoint    ] Application time: 0.0000251 seconds
[2020-01-13T13:42:14.114+0000][1][safepoint    ] Entering safepoint region: RevokeBias
[2020-01-13T13:42:14.114+0000][1][safepoint    ] Leaving safepoint region
[2020-01-13T13:42:14.114+0000][1][safepoint    ] Total time for which application threads were stopped: 0.0000318 seconds, Stopping threads took: 0.0000059 seconds
[2020-01-13T13:42:15.113+0000][1][safepoint    ] Application time: 0.9984128 seconds
[2020-01-13T13:42:15.113+0000][1][safepoint    ] Entering safepoint region: RevokeBias
[2020-01-13T13:42:15.113+0000][1][safepoint    ] Leaving safepoint region
[2020-01-13T13:42:15.113+0000][1][safepoint    ] Total time for which application threads were stopped: 0.0001081 seconds, Stopping threads took: 0.0000169 seconds
[2020-01-13T13:42:15.113+0000][1][safepoint    ] Application time: 0.0001040 seconds
[2020-01-13T13:42:15.113+0000][1][safepoint    ] Entering safepoint region: RevokeBias
[2020-01-13T13:42:15.113+0000][1][safepoint    ] Leaving safepoint region
[2020-01-13T13:42:15.113+0000][1][safepoint    ] Total time for which application threads were stopped: 0.0000348 seconds, Stopping threads took: 0.0000070 seconds
[2020-01-13T13:42:15.113+0000][1][safepoint    ] Application time: 0.0000224 seconds
[2020-01-13T13:42:15.113+0000][1][safepoint    ] Entering safepoint region: RevokeBias
[2020-01-13T13:42:15.113+0000][1][safepoint    ] Leaving safepoint region
[2020-01-13T13:42:15.113+0000][1][safepoint    ] Total time for which application threads were stopped: 0.0000279 seconds, Stopping threads took: 0.0000065 seconds
[2020-01-13T13:42:16.113+0000][1][safepoint    ] Application time: 0.9998263 seconds
[2020-01-13T13:42:16.113+0000][1][safepoint    ] Entering safepoint region: RevokeBias
[2020-01-13T13:42:16.113+0000][1][safepoint    ] Leaving safepoint region
[2020-01-13T13:42:16.113+0000][1][safepoint    ] Total time for which application threads were stopped: 0.0001043 seconds, Stopping threads took: 0.0000183 seconds
[2020-01-13T13:42:16.113+0000][1][safepoint    ] Application time: 0.0000430 seconds
[2020-01-13T13:42:16.113+0000][1][safepoint    ] Entering safepoint region: RevokeBias
[2020-01-13T13:42:16.113+0000][1][safepoint    ] Leaving safepoint region
[2020-01-13T13:42:16.113+0000][1][safepoint    ] Total time for which application threads were stopped: 0.0000299 seconds, Stopping threads took: 0.0000063 seconds
[2020-01-13T13:42:16.113+0000][1][safepoint    ] Application time: 0.0000210 seconds
[2020-01-13T13:42:16.113+0000][1][safepoint    ] Entering safepoint region: RevokeBias
[2020-01-13T13:42:16.113+0000][1][safepoint    ] Leaving safepoint region
[2020-01-13T13:42:16.113+0000][1][safepoint    ] Total time for which application threads were stopped: 0.0000293 seconds, Stopping threads took: 0.0000070 seconds
[2020-01-13T13:42:17.114+0000][1][safepoint    ] Application time: 1.0009430 seconds
[2020-01-13T13:42:17.114+0000][1][safepoint    ] Entering safepoint region: Cleanup
[2020-01-13T13:42:17.115+0000][1][safepoint    ] Leaving safepoint region
[2020-01-13T13:42:17.115+0000][1][safepoint    ] Total time for which application threads were stopped: 0.0001623 seconds, Stopping threads took: 0.0000681 seconds
[2020-01-13T13:42:17.115+0000][1][safepoint    ] Application time: 0.0003788 seconds
[2020-01-13T13:42:17.115+0000][1][safepoint    ] Entering safepoint region: RevokeBias
[2020-01-13T13:42:17.115+0000][1][safepoint    ] Leaving safepoint region
[2020-01-13T13:42:17.115+0000][1][safepoint    ] Total time for which application threads were stopped: 0.0000730 seconds, Stopping threads took: 0.0000107 seconds
[2020-01-13T13:42:17.115+0000][1][safepoint    ] Application time: 0.0000357 seconds
[2020-01-13T13:42:17.115+0000][1][safepoint    ] Entering safepoint region: RevokeBias
[2020-01-13T13:42:17.115+0000][1][safepoint    ] Leaving safepoint region
[2020-01-13T13:42:17.115+0000][1][safepoint    ] Total time for which application threads were stopped: 0.0000467 seconds, Stopping threads took: 0.0000061 seconds
[2020-01-13T13:42:17.115+0000][1][safepoint    ] Application time: 0.0000260 seconds
[2020-01-13T13:42:17.115+0000][1][safepoint    ] Entering safepoint region: RevokeBias
[2020-01-13T13:42:17.115+0000][1][safepoint    ] Leaving safepoint region
[2020-01-13T13:42:17.115+0000][1][safepoint    ] Total time for which application threads were stopped: 0.0000290 seconds, Stopping threads took: 0.0000063 seconds
[2020-01-13T13:42:18.115+0000][1][safepoint    ] Application time: 0.9994053 seconds
[2020-01-13T13:42:18.115+0000][1][safepoint    ] Entering safepoint region: RevokeBias
[2020-01-13T13:42:18.115+0000][1][safepoint    ] Leaving safepoint region
[2020-01-13T13:42:18.115+0000][1][safepoint    ] Total time for which application threads were stopped: 0.0001275 seconds, Stopping threads took: 0.0000175 seconds
[2020-01-13T13:42:18.115+0000][1][safepoint    ] Application time: 0.0000530 seconds
[2020-01-13T13:42:18.115+0000][1][safepoint    ] Entering safepoint region: RevokeBias
[2020-01-13T13:42:18.115+0000][1][safepoint    ] Leaving safepoint region
[2020-01-13T13:42:18.115+0000][1][safepoint    ] Total time for which application threads were stopped: 0.0001266 seconds, Stopping threads took: 0.0000127 seconds
[2020-01-13T13:42:18.115+0000][1][safepoint    ] Application time: 0.0000289 seconds
[2020-01-13T13:42:18.115+0000][1][safepoint    ] Entering safepoint region: RevokeBias
[2020-01-13T13:42:18.115+0000][1][safepoint    ] Leaving safepoint region
[2020-01-13T13:42:18.115+0000][1][safepoint    ] Total time for which application threads were stopped: 0.0000326 seconds, Stopping threads took: 0.0000069 seconds
[2020-01-13T13:42:19.114+0000][1][safepoint    ] Application time: 0.9990903 seconds
[2020-01-13T13:42:19.114+0000][1][safepoint    ] Entering safepoint region: RevokeBias
[2020-01-13T13:42:19.114+0000][1][safepoint    ] Leaving safepoint region
[2020-01-13T13:42:19.114+0000][1][safepoint    ] Total time for which application threads were stopped: 0.0001309 seconds, Stopping threads took: 0.0000167 seconds
[2020-01-13T13:42:19.114+0000][1][safepoint    ] Application time: 0.0000387 seconds
[2020-01-13T13:42:19.114+0000][1][safepoint    ] Entering safepoint region: RevokeBias
[2020-01-13T13:42:19.114+0000][1][safepoint    ] Leaving safepoint region
[2020-01-13T13:42:19.114+0000][1][safepoint    ] Total time for which application threads were stopped: 0.0000303 seconds, Stopping threads took: 0.0000061 seconds
[2020-01-13T13:42:19.114+0000][1][safepoint    ] Application time: 0.0000210 seconds
[2020-01-13T13:42:19.114+0000][1][safepoint    ] Entering safepoint region: RevokeBias
[2020-01-13T13:42:19.115+0000][1][safepoint    ] Leaving safepoint region
[2020-01-13T13:42:19.115+0000][1][safepoint    ] Total time for which application threads were stopped: 0.0000250 seconds, Stopping threads took: 0.0000058 seconds
[2020-01-13T13:42:20.115+0000][1][safepoint    ] Application time: 1.0001504 seconds
[2020-01-13T13:42:20.115+0000][1][safepoint    ] Entering safepoint region: Cleanup
[2020-01-13T13:42:20.115+0000][1][safepoint    ] Leaving safepoint region
[2020-01-13T13:42:20.115+0000][1][safepoint    ] Total time for which application threads were stopped: 0.0001299 seconds, Stopping threads took: 0.0000385 seconds
[2020-01-13T13:42:20.116+0000][1][safepoint    ] Application time: 0.0007910 seconds
[2020-01-13T13:42:20.116+0000][1][safepoint    ] Entering safepoint region: RevokeBias
[2020-01-13T13:42:20.116+0000][1][safepoint    ] Leaving safepoint region
[2020-01-13T13:42:20.116+0000][1][safepoint    ] Total time for which application threads were stopped: 0.0000741 seconds, Stopping threads took: 0.0000119 seconds
[2020-01-13T13:42:20.116+0000][1][safepoint    ] Application time: 0.0000323 seconds
[2020-01-13T13:42:20.116+0000][1][safepoint    ] Entering safepoint region: RevokeBias
[2020-01-13T13:42:20.116+0000][1][safepoint    ] Leaving safepoint region
[2020-01-13T13:42:20.116+0000][1][safepoint    ] Total time for which application threads were stopped: 0.0000287 seconds, Stopping threads took: 0.0000058 seconds
[2020-01-13T13:42:20.116+0000][1][safepoint    ] Application time: 0.0000202 seconds
[2020-01-13T13:42:20.116+0000][1][safepoint    ] Entering safepoint region: RevokeBias
[2020-01-13T13:42:20.116+0000][1][safepoint    ] Leaving safepoint region
[2020-01-13T13:42:20.116+0000][1][safepoint    ] Total time for which application threads were stopped: 0.0000262 seconds, Stopping threads took: 0.0000061 seconds
[2020-01-13T13:42:21.115+0000][1][safepoint    ] Application time: 0.9987260 seconds
[2020-01-13T13:42:21.115+0000][1][safepoint    ] Entering safepoint region: RevokeBias
[2020-01-13T13:42:21.115+0000][1][safepoint    ] Leaving safepoint region
[2020-01-13T13:42:21.115+0000][1][safepoint    ] Total time for which application threads were stopped: 0.0001159 seconds, Stopping threads took: 0.0000213 seconds
[2020-01-13T13:42:21.115+0000][1][safepoint    ] Application time: 0.0000529 seconds
[2020-01-13T13:42:21.115+0000][1][safepoint    ] Entering safepoint region: RevokeBias
[2020-01-13T13:42:21.115+0000][1][safepoint    ] Leaving safepoint region
[2020-01-13T13:42:21.115+0000][1][safepoint    ] Total time for which application threads were stopped: 0.0000321 seconds, Stopping threads took: 0.0000064 seconds
[2020-01-13T13:42:21.115+0000][1][safepoint    ] Application time: 0.0000212 seconds
[2020-01-13T13:42:21.115+0000][1][safepoint    ] Entering safepoint region: RevokeBias
[2020-01-13T13:42:21.115+0000][1][safepoint    ] Leaving safepoint region
[2020-01-13T13:42:21.115+0000][1][safepoint    ] Total time for which application threads were stopped: 0.0000262 seconds, Stopping threads took: 0.0000065 seconds
[2020-01-13T13:42:22.115+0000][1][safepoint    ] Application time: 1.0003083 seconds
[2020-01-13T13:42:22.115+0000][1][safepoint    ] Entering safepoint region: Cleanup
[2020-01-13T13:42:22.116+0000][1][safepoint    ] Leaving safepoint region
[2020-01-13T13:42:22.116+0000][1][safepoint    ] Total time for which application threads were stopped: 0.0001109 seconds, Stopping threads took: 0.0000255 seconds
[2020-01-13T13:42:22.116+0000][1][safepoint    ] Application time: 0.0000866 seconds
[2020-01-13T13:42:22.116+0000][1][safepoint    ] Entering safepoint region: RevokeBias
[2020-01-13T13:42:22.116+0000][1][safepoint    ] Leaving safepoint region
[2020-01-13T13:42:22.116+0000][1][safepoint    ] Total time for which application threads were stopped: 0.0000604 seconds, Stopping threads took: 0.0000093 seconds
[2020-01-13T13:42:22.116+0000][1][safepoint    ] Application time: 0.0000375 seconds
[2020-01-13T13:42:22.116+0000][1][safepoint    ] Entering safepoint region: RevokeBias
[2020-01-13T13:42:22.116+0000][1][safepoint    ] Leaving safepoint region
[2020-01-13T13:42:22.116+0000][1][safepoint    ] Total time for which application threads were stopped: 0.0000444 seconds, Stopping threads took: 0.0000086 seconds
[2020-01-13T13:42:22.116+0000][1][safepoint    ] Application time: 0.0000429 seconds
[2020-01-13T13:42:22.116+0000][1][safepoint    ] Entering safepoint region: RevokeBias
[2020-01-13T13:42:22.116+0000][1][safepoint    ] Leaving safepoint region
[2020-01-13T13:42:22.116+0000][1][safepoint    ] Total time for which application threads were stopped: 0.0000408 seconds, Stopping threads took: 0.0000088 seconds
[2020-01-13T13:42:23.116+0000][1][safepoint    ] Application time: 1.0004377 seconds
[2020-01-13T13:42:23.117+0000][1][safepoint    ] Entering safepoint region: Cleanup
[2020-01-13T13:42:23.117+0000][1][safepoint    ] Leaving safepoint region
[2020-01-13T13:42:23.117+0000][1][safepoint    ] Total time for which application threads were stopped: 0.0002145 seconds, Stopping threads took: 0.0001056 seconds
[2020-01-13T13:42:23.117+0000][1][safepoint    ] Application time: 0.0004855 seconds
[2020-01-13T13:42:23.117+0000][1][safepoint    ] Entering safepoint region: RevokeBias
[2020-01-13T13:42:23.117+0000][1][safepoint    ] Leaving safepoint region
[2020-01-13T13:42:23.117+0000][1][safepoint    ] Total time for which application threads were stopped: 0.0000902 seconds, Stopping threads took: 0.0000151 seconds
[2020-01-13T13:42:23.117+0000][1][safepoint    ] Application time: 0.0000438 seconds
[2020-01-13T13:42:23.117+0000][1][safepoint    ] Entering safepoint region: RevokeBias
[2020-01-13T13:42:23.117+0000][1][safepoint    ] Leaving safepoint region
[2020-01-13T13:42:23.117+0000][1][safepoint    ] Total time for which application threads were stopped: 0.0000737 seconds, Stopping threads took: 0.0000317 seconds
[2020-01-13T13:42:23.117+0000][1][safepoint    ] Application time: 0.0000302 seconds
[2020-01-13T13:42:23.117+0000][1][safepoint    ] Entering safepoint region: RevokeBias
[2020-01-13T13:42:23.117+0000][1][safepoint    ] Leaving safepoint region
[2020-01-13T13:42:23.117+0000][1][safepoint    ] Total time for which application threads were stopped: 0.0000417 seconds, Stopping threads took: 0.0000089 seconds
[2020-01-13T13:42:24.116+0000][1][safepoint    ] Application time: 0.9986459 seconds
[2020-01-13T13:42:24.116+0000][1][safepoint    ] Entering safepoint region: RevokeBias
[2020-01-13T13:42:24.116+0000][1][safepoint    ] Leaving safepoint region
[2020-01-13T13:42:24.116+0000][1][safepoint    ] Total time for which application threads were stopped: 0.0001232 seconds, Stopping threads took: 0.0000167 seconds
[2020-01-13T13:42:24.116+0000][1][safepoint    ] Application time: 0.0000645 seconds
[2020-01-13T13:42:24.116+0000][1][safepoint    ] Entering safepoint region: RevokeBias
[2020-01-13T13:42:24.116+0000][1][safepoint    ] Leaving safepoint region
[2020-01-13T13:42:24.116+0000][1][safepoint    ] Total time for which application threads were stopped: 0.0000627 seconds, Stopping threads took: 0.0000077 seconds
[2020-01-13T13:42:24.116+0000][1][safepoint    ] Application time: 0.0000275 seconds
[2020-01-13T13:42:24.116+0000][1][safepoint    ] Entering safepoint region: RevokeBias
[2020-01-13T13:42:24.117+0000][1][safepoint    ] Leaving safepoint region
[2020-01-13T13:42:24.117+0000][1][safepoint    ] Total time for which application threads were stopped: 0.0000293 seconds, Stopping threads took: 0.0000062 seconds
[2020-01-13T13:42:25.117+0000][1][safepoint    ] Application time: 1.0007327 seconds
[2020-01-13T13:42:25.117+0000][1][safepoint    ] Entering safepoint region: Cleanup
[2020-01-13T13:42:25.117+0000][1][safepoint    ] Leaving safepoint region
[2020-01-13T13:42:25.117+0000][1][safepoint    ] Total time for which application threads were stopped: 0.0000960 seconds, Stopping threads took: 0.0000227 seconds
[2020-01-13T13:42:25.118+0000][1][safepoint    ] Application time: 0.0000729 seconds
[2020-01-13T13:42:25.118+0000][1][safepoint    ] Entering safepoint region: RevokeBias
[2020-01-13T13:42:25.118+0000][1][safepoint    ] Leaving safepoint region
[2020-01-13T13:42:25.118+0000][1][safepoint    ] Total time for which application threads were stopped: 0.0000632 seconds, Stopping threads took: 0.0000063 seconds
[2020-01-13T13:42:25.118+0000][1][safepoint    ] Application time: 0.0000430 seconds
[2020-01-13T13:42:25.118+0000][1][safepoint    ] Entering safepoint region: RevokeBias
[2020-01-13T13:42:25.118+0000][1][safepoint    ] Leaving safepoint region
[2020-01-13T13:42:25.118+0000][1][safepoint    ] Total time for which application threads were stopped: 0.0000334 seconds, Stopping threads took: 0.0000069 seconds
[2020-01-13T13:42:25.118+0000][1][safepoint    ] Application time: 0.0000275 seconds
[2020-01-13T13:42:25.118+0000][1][safepoint    ] Entering safepoint region: RevokeBias
[2020-01-13T13:42:25.118+0000][1][safepoint    ] Leaving safepoint region
[2020-01-13T13:42:25.118+0000][1][safepoint    ] Total time for which application threads were stopped: 0.0000456 seconds, Stopping threads took: 0.0000093 seconds
[2020-01-13T13:42:26.117+0000][1][safepoint    ] Application time: 0.9987038 seconds
[2020-01-13T13:42:26.117+0000][1][safepoint    ] Entering safepoint region: RevokeBias
[2020-01-13T13:42:26.117+0000][1][safepoint    ] Leaving safepoint region
[2020-01-13T13:42:26.117+0000][1][safepoint    ] Total time for which application threads were stopped: 0.0001443 seconds, Stopping threads took: 0.0000186 seconds
[2020-01-13T13:42:26.117+0000][1][safepoint    ] Application time: 0.0000573 seconds
[2020-01-13T13:42:26.117+0000][1][safepoint    ] Entering safepoint region: RevokeBias
[2020-01-13T13:42:26.117+0000][1][safepoint    ] Leaving safepoint region
[2020-01-13T13:42:26.117+0000][1][safepoint    ] Total time for which application threads were stopped: 0.0000830 seconds, Stopping threads took: 0.0000188 seconds
[2020-01-13T13:42:26.117+0000][1][safepoint    ] Application time: 0.0000334 seconds
[2020-01-13T13:42:26.117+0000][1][safepoint    ] Entering safepoint region: RevokeBias
[2020-01-13T13:42:26.117+0000][1][safepoint    ] Leaving safepoint region
[2020-01-13T13:42:26.117+0000][1][safepoint    ] Total time for which application threads were stopped: 0.0000334 seconds, Stopping threads took: 0.0000080 seconds
[2020-01-13T13:42:27.117+0000][1][safepoint    ] Application time: 1.0002837 seconds
[2020-01-13T13:42:27.117+0000][1][safepoint    ] Entering safepoint region: Cleanup
[2020-01-13T13:42:27.118+0000][1][safepoint    ] Leaving safepoint region
[2020-01-13T13:42:27.118+0000][1][safepoint    ] Total time for which application threads were stopped: 0.0001314 seconds, Stopping threads took: 0.0000473 seconds
[2020-01-13T13:42:27.118+0000][1][safepoint    ] Application time: 0.0000806 seconds
[2020-01-13T13:42:27.118+0000][1][safepoint    ] Entering safepoint region: RevokeBias
[2020-01-13T13:42:27.118+0000][1][safepoint    ] Leaving safepoint region
[2020-01-13T13:42:27.118+0000][1][safepoint    ] Total time for which application threads were stopped: 0.0000643 seconds, Stopping threads took: 0.0000069 seconds
[2020-01-13T13:42:27.118+0000][1][safepoint    ] Application time: 0.0000320 seconds
[2020-01-13T13:42:27.118+0000][1][safepoint    ] Entering safepoint region: RevokeBias
[2020-01-13T13:42:27.118+0000][1][safepoint    ] Leaving safepoint region
[2020-01-13T13:42:27.118+0000][1][safepoint    ] Total time for which application threads were stopped: 0.0000301 seconds, Stopping threads took: 0.0000061 seconds
[2020-01-13T13:42:27.118+0000][1][safepoint    ] Application time: 0.0000206 seconds
[2020-01-13T13:42:27.118+0000][1][safepoint    ] Entering safepoint region: RevokeBias
[2020-01-13T13:42:27.118+0000][1][safepoint    ] Leaving safepoint region
[2020-01-13T13:42:27.118+0000][1][safepoint    ] Total time for which application threads were stopped: 0.0000248 seconds, Stopping threads took: 0.0000058 seconds
[2020-01-13T13:42:28.117+0000][1][safepoint    ] Application time: 0.9994353 seconds
[2020-01-13T13:42:28.117+0000][1][safepoint    ] Entering safepoint region: RevokeBias
[2020-01-13T13:42:28.118+0000][1][safepoint    ] Leaving safepoint region
[2020-01-13T13:42:28.118+0000][1][safepoint    ] Total time for which application threads were stopped: 0.0001470 seconds, Stopping threads took: 0.0000258 seconds
[2020-01-13T13:42:28.118+0000][1][safepoint    ] Application time: 0.0000568 seconds
[2020-01-13T13:42:28.118+0000][1][safepoint    ] Entering safepoint region: RevokeBias
[2020-01-13T13:42:28.118+0000][1][safepoint    ] Leaving safepoint region
[2020-01-13T13:42:28.118+0000][1][safepoint    ] Total time for which application threads were stopped: 0.0000700 seconds, Stopping threads took: 0.0000108 seconds
[2020-01-13T13:42:28.118+0000][1][safepoint    ] Application time: 0.0004346 seconds
[2020-01-13T13:42:28.118+0000][1][safepoint    ] Entering safepoint region: RevokeBias
[2020-01-13T13:42:28.118+0000][1][safepoint    ] Leaving safepoint region
[2020-01-13T13:42:28.118+0000][1][safepoint    ] Total time for which application threads were stopped: 0.0000926 seconds, Stopping threads took: 0.0000196 seconds
[2020-01-13T13:42:29.118+0000][1][safepoint    ] Application time: 1.0000744 seconds
[2020-01-13T13:42:29.120+0000][1][safepoint    ] Entering safepoint region: Cleanup
[2020-01-13T13:42:29.120+0000][1][safepoint    ] Leaving safepoint region
[2020-01-13T13:42:29.120+0000][1][safepoint    ] Total time for which application threads were stopped: 0.0001463 seconds, Stopping threads took: 0.0000586 seconds
[2020-01-13T13:42:29.120+0000][1][safepoint    ] Application time: 0.0000122 seconds
[2020-01-13T13:42:29.120+0000][1][safepoint    ] Entering safepoint region: RevokeBias
[2020-01-13T13:42:29.120+0000][1][safepoint    ] Leaving safepoint region
[2020-01-13T13:42:29.120+0000][1][safepoint    ] Total time for which application threads were stopped: 0.0000602 seconds, Stopping threads took: 0.0000087 seconds
[2020-01-13T13:42:29.120+0000][1][safepoint    ] Application time: 0.0000554 seconds
[2020-01-13T13:42:29.120+0000][1][safepoint    ] Entering safepoint region: RevokeBias
[2020-01-13T13:42:29.120+0000][1][safepoint    ] Leaving safepoint region
[2020-01-13T13:42:29.120+0000][1][safepoint    ] Total time for which application threads were stopped: 0.0000436 seconds, Stopping threads took: 0.0000088 seconds
[2020-01-13T13:42:29.120+0000][1][safepoint    ] Application time: 0.0000276 seconds
[2020-01-13T13:42:29.120+0000][1][safepoint    ] Entering safepoint region: RevokeBias
[2020-01-13T13:42:29.120+0000][1][safepoint    ] Leaving safepoint region
[2020-01-13T13:42:29.120+0000][1][safepoint    ] Total time for which application threads were stopped: 0.0000629 seconds, Stopping threads took: 0.0000085 seconds
[2020-01-13T13:42:30.118+0000][1][safepoint    ] Application time: 0.9977733 seconds
[2020-01-13T13:42:30.118+0000][1][safepoint    ] Entering safepoint region: RevokeBias
[2020-01-13T13:42:30.118+0000][1][safepoint    ] Leaving safepoint region
[2020-01-13T13:42:30.118+0000][1][safepoint    ] Total time for which application threads were stopped: 0.0003151 seconds, Stopping threads took: 0.0000273 seconds
[2020-01-13T13:42:30.118+0000][1][safepoint    ] Application time: 0.0000524 seconds
[2020-01-13T13:42:30.118+0000][1][safepoint    ] Entering safepoint region: RevokeBias
[2020-01-13T13:42:30.118+0000][1][safepoint    ] Leaving safepoint region
[2020-01-13T13:42:30.118+0000][1][safepoint    ] Total time for which application threads were stopped: 0.0000705 seconds, Stopping threads took: 0.0000078 seconds
[2020-01-13T13:42:30.118+0000][1][safepoint    ] Application time: 0.0000226 seconds
[2020-01-13T13:42:30.118+0000][1][safepoint    ] Entering safepoint region: RevokeBias
[2020-01-13T13:42:30.118+0000][1][safepoint    ] Leaving safepoint region
[2020-01-13T13:42:30.118+0000][1][safepoint    ] Total time for which application threads were stopped: 0.0000268 seconds, Stopping threads took: 0.0000058 seconds
[2020-01-13T13:42:31.118+0000][1][safepoint    ] Application time: 0.9997082 seconds
[2020-01-13T13:42:31.118+0000][1][safepoint    ] Entering safepoint region: RevokeBias
[2020-01-13T13:42:31.118+0000][1][safepoint    ] Leaving safepoint region
[2020-01-13T13:42:31.118+0000][1][safepoint    ] Total time for which application threads were stopped: 0.0001109 seconds, Stopping threads took: 0.0000160 seconds
[2020-01-13T13:42:31.118+0000][1][safepoint    ] Application time: 0.0000383 seconds
[2020-01-13T13:42:31.118+0000][1][safepoint    ] Entering safepoint region: RevokeBias
[2020-01-13T13:42:31.118+0000][1][safepoint    ] Leaving safepoint region
[2020-01-13T13:42:31.118+0000][1][safepoint    ] Total time for which application threads were stopped: 0.0000486 seconds, Stopping threads took: 0.0000095 seconds
[2020-01-13T13:42:31.118+0000][1][safepoint    ] Application time: 0.0000225 seconds
[2020-01-13T13:42:31.118+0000][1][safepoint    ] Entering safepoint region: RevokeBias
[2020-01-13T13:42:31.119+0000][1][safepoint    ] Leaving safepoint region
[2020-01-13T13:42:31.119+0000][1][safepoint    ] Total time for which application threads were stopped: 0.0000272 seconds, Stopping threads took: 0.0000059 seconds
[2020-01-13T13:42:32.119+0000][1][safepoint    ] Application time: 1.0001794 seconds
[2020-01-13T13:42:32.119+0000][1][safepoint    ] Entering safepoint region: BulkRevokeBias
[2020-01-13T13:42:32.119+0000][1][safepoint    ] Leaving safepoint region
[2020-01-13T13:42:32.119+0000][1][safepoint    ] Total time for which application threads were stopped: 0.0002725 seconds, Stopping threads took: 0.0000180 seconds
[2020-01-13T13:42:32.119+0000][1][safepoint    ] Application time: 0.0000486 seconds
[2020-01-13T13:42:32.119+0000][1][safepoint    ] Entering safepoint region: BulkRevokeBias
[2020-01-13T13:42:32.119+0000][1][safepoint    ] Leaving safepoint region
[2020-01-13T13:42:32.119+0000][1][safepoint    ] Total time for which application threads were stopped: 0.0001081 seconds, Stopping threads took: 0.0000074 seconds
[2020-01-13T13:42:32.119+0000][1][safepoint    ] Application time: 0.0000246 seconds
[2020-01-13T13:42:32.119+0000][1][safepoint    ] Entering safepoint region: BulkRevokeBias
[2020-01-13T13:42:32.119+0000][1][safepoint    ] Leaving safepoint region
[2020-01-13T13:42:32.119+0000][1][safepoint    ] Total time for which application threads were stopped: 0.0001186 seconds, Stopping threads took: 0.0000064 seconds
[2020-01-13T13:42:33.119+0000][1][safepoint    ] Application time: 0.9994664 seconds
[2020-01-13T13:42:33.119+0000][1][safepoint    ] Entering safepoint region: RevokeBias
[2020-01-13T13:42:33.119+0000][1][safepoint    ] Leaving safepoint region
[2020-01-13T13:42:33.119+0000][1][safepoint    ] Total time for which application threads were stopped: 0.0001242 seconds, Stopping threads took: 0.0000297 seconds
[2020-01-13T13:42:33.119+0000][1][safepoint    ] Application time: 0.0000357 seconds
[2020-01-13T13:42:33.119+0000][1][safepoint    ] Entering safepoint region: RevokeBias
[2020-01-13T13:42:33.119+0000][1][safepoint    ] Leaving safepoint region
[2020-01-13T13:42:33.119+0000][1][safepoint    ] Total time for which application threads were stopped: 0.0000488 seconds, Stopping threads took: 0.0000066 seconds
[2020-01-13T13:42:33.119+0000][1][safepoint    ] Application time: 0.0000491 seconds
[2020-01-13T13:42:33.119+0000][1][safepoint    ] Entering safepoint region: RevokeBias
[2020-01-13T13:42:33.119+0000][1][safepoint    ] Leaving safepoint region
[2020-01-13T13:42:33.119+0000][1][safepoint    ] Total time for which application threads were stopped: 0.0000328 seconds, Stopping threads took: 0.0000068 seconds
[2020-01-13T13:42:34.119+0000][1][safepoint    ] Application time: 1.0001631 seconds
[2020-01-13T13:42:34.120+0000][1][safepoint    ] Entering safepoint region: Cleanup
[2020-01-13T13:42:34.121+0000][1][safepoint    ] Leaving safepoint region
[2020-01-13T13:42:34.121+0000][1][safepoint    ] Total time for which application threads were stopped: 0.0001506 seconds, Stopping threads took: 0.0000381 seconds
[2020-01-13T13:42:34.121+0000][1][safepoint    ] Application time: 0.0000111 seconds
[2020-01-13T13:42:34.121+0000][1][safepoint    ] Entering safepoint region: RevokeBias
[2020-01-13T13:42:34.121+0000][1][safepoint    ] Leaving safepoint region
[2020-01-13T13:42:34.121+0000][1][safepoint    ] Total time for which application threads were stopped: 0.0000665 seconds, Stopping threads took: 0.0000095 seconds
[2020-01-13T13:42:34.121+0000][1][safepoint    ] Application time: 0.0001204 seconds
[2020-01-13T13:42:34.121+0000][1][safepoint    ] Entering safepoint region: RevokeBias
[2020-01-13T13:42:34.121+0000][1][safepoint    ] Leaving safepoint region
[2020-01-13T13:42:34.121+0000][1][safepoint    ] Total time for which application threads were stopped: 0.0000563 seconds, Stopping threads took: 0.0000106 seconds
[2020-01-13T13:42:34.121+0000][1][safepoint    ] Application time: 0.0000291 seconds
[2020-01-13T13:42:34.121+0000][1][safepoint    ] Entering safepoint region: RevokeBias
[2020-01-13T13:42:34.121+0000][1][safepoint    ] Leaving safepoint region
[2020-01-13T13:42:34.121+0000][1][safepoint    ] Total time for which application threads were stopped: 0.0000448 seconds, Stopping threads took: 0.0000089 seconds
[2020-01-13T13:42:35.120+0000][1][safepoint    ] Application time: 0.9995044 seconds
[2020-01-13T13:42:35.121+0000][1][safepoint    ] Entering safepoint region: RevokeBias
[2020-01-13T13:42:35.121+0000][1][safepoint    ] Leaving safepoint region
[2020-01-13T13:42:35.121+0000][1][safepoint    ] Total time for which application threads were stopped: 0.0002474 seconds, Stopping threads took: 0.0001301 seconds
[2020-01-13T13:42:35.121+0000][1][safepoint    ] Application time: 0.0000587 seconds
[2020-01-13T13:42:35.121+0000][1][safepoint    ] Entering safepoint region: RevokeBias
[2020-01-13T13:42:35.121+0000][1][safepoint    ] Leaving safepoint region
[2020-01-13T13:42:35.121+0000][1][safepoint    ] Total time for which application threads were stopped: 0.0000577 seconds, Stopping threads took: 0.0000095 seconds
[2020-01-13T13:42:35.121+0000][1][safepoint    ] Application time: 0.0000250 seconds
[2020-01-13T13:42:35.121+0000][1][safepoint    ] Entering safepoint region: RevokeBias
[2020-01-13T13:42:35.121+0000][1][safepoint    ] Leaving safepoint region
[2020-01-13T13:42:35.121+0000][1][safepoint    ] Total time for which application threads were stopped: 0.0000405 seconds, Stopping threads took: 0.0000061 seconds
[2020-01-13T13:42:36.121+0000][1][safepoint    ] Application time: 1.0001370 seconds
[2020-01-13T13:42:36.121+0000][1][safepoint    ] Entering safepoint region: Cleanup
[2020-01-13T13:42:36.121+0000][1][safepoint    ] Leaving safepoint region
[2020-01-13T13:42:36.121+0000][1][safepoint    ] Total time for which application threads were stopped: 0.0001581 seconds, Stopping threads took: 0.0000290 seconds
[2020-01-13T13:42:37.122+0000][1][safepoint    ] Application time: 1.0009947 seconds
[2020-01-13T13:42:37.123+0000][1][safepoint    ] Entering safepoint region: Cleanup
[2020-01-13T13:42:37.123+0000][1][safepoint    ] Leaving safepoint region
[2020-01-13T13:42:37.123+0000][1][safepoint    ] Total time for which application threads were stopped: 0.0001495 seconds, Stopping threads took: 0.0000291 seconds
[2020-01-13T13:42:38.123+0000][1][safepoint    ] Application time: 1.0001213 seconds
[2020-01-13T13:42:38.123+0000][1][safepoint    ] Entering safepoint region: Cleanup
[2020-01-13T13:42:38.123+0000][1][safepoint    ] Leaving safepoint region
[2020-01-13T13:42:38.123+0000][1][safepoint    ] Total time for which application threads were stopped: 0.0001326 seconds, Stopping threads took: 0.0000266 seconds
[2020-01-13T13:42:39.123+0000][1][safepoint    ] Application time: 1.0001043 seconds
[2020-01-13T13:42:39.124+0000][1][safepoint    ] Entering safepoint region: Cleanup
[2020-01-13T13:42:39.124+0000][1][safepoint    ] Leaving safepoint region
[2020-01-13T13:42:39.124+0000][1][safepoint    ] Total time for which application threads were stopped: 0.0001161 seconds, Stopping threads took: 0.0000350 seconds
[2020-01-13T13:42:40.124+0000][1][safepoint    ] Application time: 1.0001160 seconds
[2020-01-13T13:42:40.124+0000][1][safepoint    ] Entering safepoint region: Cleanup
[2020-01-13T13:42:40.124+0000][1][safepoint    ] Leaving safepoint region
[2020-01-13T13:42:40.124+0000][1][safepoint    ] Total time for which application threads were stopped: 0.0001693 seconds, Stopping threads took: 0.0000258 seconds
[2020-01-13T13:42:41.125+0000][1][safepoint    ] Application time: 1.0001322 seconds
[2020-01-13T13:42:41.125+0000][1][safepoint    ] Entering safepoint region: Cleanup
[2020-01-13T13:42:41.125+0000][1][safepoint    ] Leaving safepoint region
[2020-01-13T13:42:41.125+0000][1][safepoint    ] Total time for which application threads were stopped: 0.0001082 seconds, Stopping threads took: 0.0000250 seconds
[2020-01-13T13:42:42.125+0000][1][safepoint    ] Application time: 1.0001016 seconds
[2020-01-13T13:42:42.125+0000][1][safepoint    ] Entering safepoint region: Cleanup
[2020-01-13T13:42:42.125+0000][1][safepoint    ] Leaving safepoint region
[2020-01-13T13:42:42.125+0000][1][safepoint    ] Total time for which application threads were stopped: 0.0001270 seconds, Stopping threads took: 0.0000240 seconds
[2020-01-13T13:42:43.125+0000][1][safepoint    ] Application time: 1.0000959 seconds
[2020-01-13T13:42:43.125+0000][1][safepoint    ] Entering safepoint region: Cleanup
[2020-01-13T13:42:43.125+0000][1][safepoint    ] Leaving safepoint region
[2020-01-13T13:42:43.125+0000][1][safepoint    ] Total time for which application threads were stopped: 0.0001338 seconds, Stopping threads took: 0.0000225 seconds
[2020-01-13T13:42:44.125+0000][1][safepoint    ] Application time: 1.0001072 seconds
[2020-01-13T13:42:44.127+0000][1][safepoint    ] Entering safepoint region: Cleanup
[2020-01-13T13:42:44.127+0000][1][safepoint    ] Leaving safepoint region
[2020-01-13T13:42:44.127+0000][1][safepoint    ] Total time for which application threads were stopped: 0.0001331 seconds, Stopping threads took: 0.0000478 seconds
[2020-01-13T13:42:45.127+0000][1][safepoint    ] Application time: 1.0001200 seconds
[2020-01-13T13:42:45.127+0000][1][safepoint    ] Entering safepoint region: Cleanup
[2020-01-13T13:42:45.127+0000][1][safepoint    ] Leaving safepoint region
[2020-01-13T13:42:45.127+0000][1][safepoint    ] Total time for which application threads were stopped: 0.0001454 seconds, Stopping threads took: 0.0000339 seconds
[2020-01-13T13:42:46.128+0000][1][safepoint    ] Application time: 1.0001170 seconds
[2020-01-13T13:42:46.128+0000][1][safepoint    ] Entering safepoint region: Cleanup
[2020-01-13T13:42:46.128+0000][1][safepoint    ] Leaving safepoint region
[2020-01-13T13:42:46.128+0000][1][safepoint    ] Total time for which application threads were stopped: 0.0001093 seconds, Stopping threads took: 0.0000232 seconds
[2020-01-13T13:42:47.128+0000][1][safepoint    ] Application time: 1.0000888 seconds
[2020-01-13T13:42:47.128+0000][1][safepoint    ] Entering safepoint region: Cleanup
[2020-01-13T13:42:47.128+0000][1][safepoint    ] Leaving safepoint region
[2020-01-13T13:42:47.128+0000][1][safepoint    ] Total time for which application threads were stopped: 0.0001197 seconds, Stopping threads took: 0.0000346 seconds
[2020-01-13T13:42:48.128+0000][1][safepoint    ] Application time: 1.0000921 seconds
[2020-01-13T13:42:48.128+0000][1][safepoint    ] Entering safepoint region: Cleanup
[2020-01-13T13:42:48.128+0000][1][safepoint    ] Leaving safepoint region
[2020-01-13T13:42:48.128+0000][1][safepoint    ] Total time for which application threads were stopped: 0.0001620 seconds, Stopping threads took: 0.0000469 seconds
[2020-01-13T13:42:49.128+0000][1][safepoint    ] Application time: 1.0001331 seconds
[2020-01-13T13:42:49.129+0000][1][safepoint    ] Entering safepoint region: Cleanup
[2020-01-13T13:42:49.129+0000][1][safepoint    ] Leaving safepoint region
[2020-01-13T13:42:49.129+0000][1][safepoint    ] Total time for which application threads were stopped: 0.0001155 seconds, Stopping threads took: 0.0000271 seconds
[2020-01-13T13:42:50.129+0000][1][safepoint    ] Application time: 1.0000932 seconds
[2020-01-13T13:42:50.129+0000][1][safepoint    ] Entering safepoint region: Cleanup
[2020-01-13T13:42:50.129+0000][1][safepoint    ] Leaving safepoint region
[2020-01-13T13:42:50.129+0000][1][safepoint    ] Total time for which application threads were stopped: 0.0001185 seconds, Stopping threads took: 0.0000279 seconds
[2020-01-13T13:42:51.129+0000][1][safepoint    ] Application time: 1.0000867 seconds
[2020-01-13T13:42:51.129+0000][1][safepoint    ] Entering safepoint region: Cleanup
[2020-01-13T13:42:51.129+0000][1][safepoint    ] Leaving safepoint region
[2020-01-13T13:42:51.129+0000][1][safepoint    ] Total time for which application threads were stopped: 0.0001187 seconds, Stopping threads took: 0.0000285 seconds
[2020-01-13T13:42:52.129+0000][1][safepoint    ] Application time: 1.0000882 seconds
[2020-01-13T13:42:52.129+0000][1][safepoint    ] Entering safepoint region: Cleanup
[2020-01-13T13:42:52.129+0000][1][safepoint    ] Leaving safepoint region
[2020-01-13T13:42:52.129+0000][1][safepoint    ] Total time for which application threads were stopped: 0.0001266 seconds, Stopping threads took: 0.0000286 seconds
[2020-01-13T13:42:53.130+0000][1][safepoint    ] Application time: 1.0000760 seconds
[2020-01-13T13:42:53.130+0000][1][safepoint    ] Entering safepoint region: Cleanup
[2020-01-13T13:42:53.130+0000][1][safepoint    ] Leaving safepoint region
[2020-01-13T13:42:53.130+0000][1][safepoint    ] Total time for which application threads were stopped: 0.0001579 seconds, Stopping threads took: 0.0000743 seconds
[2020-01-13T13:42:54.130+0000][1][safepoint    ] Application time: 1.0000891 seconds
[2020-01-13T13:42:54.130+0000][1][safepoint    ] Entering safepoint region: Cleanup
[2020-01-13T13:42:54.130+0000][1][safepoint    ] Leaving safepoint region
[2020-01-13T13:42:54.130+0000][1][safepoint    ] Total time for which application threads were stopped: 0.0001604 seconds, Stopping threads took: 0.0000219 seconds
[2020-01-13T13:42:54.170+0000][1][safepoint    ] Application time: 0.0395664 seconds
[2020-01-13T13:42:54.170+0000][1][safepoint    ] Entering safepoint region: GenCollectForAllocation
[2020-01-13T13:42:54.170+0000][1][gc,start     ] GC(27) Pause Young (Allocation Failure)
[2020-01-13T13:42:54.170+0000][1][gc,task      ] GC(27) Using 1 workers of 1 for evacuation
[2020-01-13T13:42:54.187+0000][1][gc,age       ] GC(27) Desired survivor size 4358144 bytes, new threshold 6 (max threshold 6)
[2020-01-13T13:42:54.187+0000][1][gc,age       ] GC(27) Age table with threshold 6 (max threshold 6)
[2020-01-13T13:42:54.187+0000][1][gc,age       ] GC(27) - age   1:     372448 bytes,     372448 total
[2020-01-13T13:42:54.187+0000][1][gc,age       ] GC(27) - age   2:       7672 bytes,     380120 total
[2020-01-13T13:42:54.187+0000][1][gc,age       ] GC(27) - age   3:       4576 bytes,     384696 total
[2020-01-13T13:42:54.187+0000][1][gc,age       ] GC(27) - age   4:      25400 bytes,     410096 total
[2020-01-13T13:42:54.187+0000][1][gc,age       ] GC(27) - age   5:     128976 bytes,     539072 total
[2020-01-13T13:42:54.187+0000][1][gc,age       ] GC(27) - age   6:    2167664 bytes,    2706736 total
[2020-01-13T13:42:54.187+0000][1][gc,heap      ] GC(27) ParNew: 71224K->3037K(76672K)
[2020-01-13T13:42:54.187+0000][1][gc,heap      ] GC(27) CMS: 65251K->65251K(176960K)
[2020-01-13T13:42:54.187+0000][1][gc,metaspace ] GC(27) Metaspace: 65801K->65801K(1110016K)
[2020-01-13T13:42:54.187+0000][1][gc           ] GC(27) Pause Young (Allocation Failure) 133M->66M(247M) 16.996ms
[2020-01-13T13:42:54.187+0000][1][gc,cpu       ] GC(27) User=0.01s Sys=0.00s Real=0.01s
[2020-01-13T13:42:54.187+0000][1][safepoint    ] Leaving safepoint region
[2020-01-13T13:42:54.187+0000][1][safepoint    ] Total time for which application threads were stopped: 0.0172521 seconds, Stopping threads took: 0.0000533 seconds
[2020-01-13T13:42:55.188+0000][1][safepoint    ] Application time: 1.0012860 seconds
[2020-01-13T13:42:55.188+0000][1][safepoint    ] Entering safepoint region: Cleanup
[2020-01-13T13:42:55.188+0000][1][safepoint    ] Leaving safepoint region
[2020-01-13T13:42:55.189+0000][1][safepoint    ] Total time for which application threads were stopped: 0.0001431 seconds, Stopping threads took: 0.0000356 seconds
[2020-01-13T13:42:56.189+0000][1][safepoint    ] Application time: 1.0001388 seconds
[2020-01-13T13:42:56.189+0000][1][safepoint    ] Entering safepoint region: Cleanup
[2020-01-13T13:42:56.189+0000][1][safepoint    ] Leaving safepoint region
[2020-01-13T13:42:56.189+0000][1][safepoint    ] Total time for which application threads were stopped: 0.0001319 seconds, Stopping threads took: 0.0000305 seconds
[2020-01-13T13:42:57.189+0000][1][safepoint    ] Application time: 1.0001656 seconds
[2020-01-13T13:42:57.189+0000][1][safepoint    ] Entering safepoint region: Cleanup
[2020-01-13T13:42:57.189+0000][1][safepoint    ] Leaving safepoint region
[2020-01-13T13:42:57.189+0000][1][safepoint    ] Total time for which application threads were stopped: 0.0001516 seconds, Stopping threads took: 0.0000526 seconds
[2020-01-13T13:42:58.189+0000][1][safepoint    ] Application time: 1.0001673 seconds
[2020-01-13T13:42:58.190+0000][1][safepoint    ] Entering safepoint region: Cleanup
[2020-01-13T13:42:58.190+0000][1][safepoint    ] Leaving safepoint region
[2020-01-13T13:42:58.190+0000][1][safepoint    ] Total time for which application threads were stopped: 0.0001367 seconds, Stopping threads took: 0.0000319 seconds
[2020-01-13T13:42:59.190+0000][1][safepoint    ] Application time: 1.0001438 seconds
[2020-01-13T13:42:59.191+0000][1][safepoint    ] Entering safepoint region: Cleanup
[2020-01-13T13:42:59.191+0000][1][safepoint    ] Leaving safepoint region
[2020-01-13T13:42:59.191+0000][1][safepoint    ] Total time for which application threads were stopped: 0.0001521 seconds, Stopping threads took: 0.0000593 seconds
[2020-01-13T13:43:00.191+0000][1][safepoint    ] Application time: 1.0001494 seconds
[2020-01-13T13:43:00.191+0000][1][safepoint    ] Entering safepoint region: Cleanup
[2020-01-13T13:43:00.191+0000][1][safepoint    ] Leaving safepoint region
[2020-01-13T13:43:00.191+0000][1][safepoint    ] Total time for which application threads were stopped: 0.0001689 seconds, Stopping threads took: 0.0000337 seconds
[2020-01-13T13:43:01.192+0000][1][safepoint    ] Application time: 1.0001453 seconds
[2020-01-13T13:43:01.192+0000][1][safepoint    ] Entering safepoint region: Cleanup
[2020-01-13T13:43:01.192+0000][1][safepoint    ] Leaving safepoint region
[2020-01-13T13:43:01.192+0000][1][safepoint    ] Total time for which application threads were stopped: 0.0001170 seconds, Stopping threads took: 0.0000347 seconds
[2020-01-13T13:43:02.192+0000][1][safepoint    ] Application time: 1.0001532 seconds
[2020-01-13T13:43:02.192+0000][1][safepoint    ] Entering safepoint region: Cleanup
[2020-01-13T13:43:02.192+0000][1][safepoint    ] Leaving safepoint region
[2020-01-13T13:43:02.192+0000][1][safepoint    ] Total time for which application threads were stopped: 0.0001066 seconds, Stopping threads took: 0.0000287 seconds
[2020-01-13T13:43:03.192+0000][1][safepoint    ] Application time: 1.0001531 seconds
[2020-01-13T13:43:03.192+0000][1][safepoint    ] Entering safepoint region: Cleanup
[2020-01-13T13:43:03.192+0000][1][safepoint    ] Leaving safepoint region
[2020-01-13T13:43:03.192+0000][1][safepoint    ] Total time for which application threads were stopped: 0.0001295 seconds, Stopping threads took: 0.0000364 seconds
[2020-01-13T13:43:04.193+0000][1][safepoint    ] Application time: 1.0001544 seconds
[2020-01-13T13:43:04.194+0000][1][safepoint    ] Entering safepoint region: Cleanup
[2020-01-13T13:43:04.194+0000][1][safepoint    ] Leaving safepoint region
[2020-01-13T13:43:04.194+0000][1][safepoint    ] Total time for which application threads were stopped: 0.0001543 seconds, Stopping threads took: 0.0000753 seconds
[2020-01-13T13:43:05.194+0000][1][safepoint    ] Application time: 1.0001548 seconds
[2020-01-13T13:43:05.194+0000][1][safepoint    ] Entering safepoint region: Cleanup
[2020-01-13T13:43:05.194+0000][1][safepoint    ] Leaving safepoint region
[2020-01-13T13:43:05.194+0000][1][safepoint    ] Total time for which application threads were stopped: 0.0001271 seconds, Stopping threads took: 0.0000335 seconds
[2020-01-13T13:43:06.194+0000][1][safepoint    ] Application time: 1.0001624 seconds
[2020-01-13T13:43:06.195+0000][1][safepoint    ] Entering safepoint region: Cleanup
[2020-01-13T13:43:06.195+0000][1][safepoint    ] Leaving safepoint region
[2020-01-13T13:43:06.195+0000][1][safepoint    ] Total time for which application threads were stopped: 0.0001338 seconds, Stopping threads took: 0.0000373 seconds
[2020-01-13T13:43:07.195+0000][1][safepoint    ] Application time: 1.0001552 seconds
[2020-01-13T13:43:07.195+0000][1][safepoint    ] Entering safepoint region: Cleanup
[2020-01-13T13:43:07.195+0000][1][safepoint    ] Leaving safepoint region
[2020-01-13T13:43:07.195+0000][1][safepoint    ] Total time for which application threads were stopped: 0.0001394 seconds, Stopping threads took: 0.0000371 seconds
[2020-01-13T13:43:08.195+0000][1][safepoint    ] Application time: 1.0001280 seconds
[2020-01-13T13:43:08.195+0000][1][safepoint    ] Entering safepoint region: Cleanup
[2020-01-13T13:43:08.195+0000][1][safepoint    ] Leaving safepoint region
[2020-01-13T13:43:08.195+0000][1][safepoint    ] Total time for which application threads were stopped: 0.0001460 seconds, Stopping threads took: 0.0000342 seconds
[2020-01-13T13:43:09.196+0000][1][safepoint    ] Application time: 1.0001091 seconds
[2020-01-13T13:43:09.196+0000][1][safepoint    ] Entering safepoint region: Cleanup
[2020-01-13T13:43:09.197+0000][1][safepoint    ] Leaving safepoint region
[2020-01-13T13:43:09.197+0000][1][safepoint    ] Total time for which application threads were stopped: 0.0001393 seconds, Stopping threads took: 0.0000453 seconds
[2020-01-13T13:43:10.197+0000][1][safepoint    ] Application time: 1.0001547 seconds
[2020-01-13T13:43:10.197+0000][1][safepoint    ] Entering safepoint region: Cleanup
[2020-01-13T13:43:10.197+0000][1][safepoint    ] Leaving safepoint region
[2020-01-13T13:43:10.197+0000][1][safepoint    ] Total time for which application threads were stopped: 0.0001536 seconds, Stopping threads took: 0.0000511 seconds
[2020-01-13T13:43:11.197+0000][1][safepoint    ] Application time: 1.0002696 seconds
[2020-01-13T13:43:11.197+0000][1][safepoint    ] Entering safepoint region: Cleanup
[2020-01-13T13:43:11.198+0000][1][safepoint    ] Leaving safepoint region
[2020-01-13T13:43:11.198+0000][1][safepoint    ] Total time for which application threads were stopped: 0.0002022 seconds, Stopping threads took: 0.0000364 seconds
[2020-01-13T13:43:12.198+0000][1][safepoint    ] Application time: 1.0001545 seconds
[2020-01-13T13:43:12.198+0000][1][safepoint    ] Entering safepoint region: Cleanup
[2020-01-13T13:43:12.198+0000][1][safepoint    ] Leaving safepoint region
[2020-01-13T13:43:12.198+0000][1][safepoint    ] Total time for which application threads were stopped: 0.0001481 seconds, Stopping threads took: 0.0000516 seconds
[2020-01-13T13:43:13.198+0000][1][safepoint    ] Application time: 1.0001433 seconds
[2020-01-13T13:43:13.198+0000][1][safepoint    ] Entering safepoint region: Cleanup
[2020-01-13T13:43:13.198+0000][1][safepoint    ] Leaving safepoint region
[2020-01-13T13:43:13.198+0000][1][safepoint    ] Total time for which application threads were stopped: 0.0001532 seconds, Stopping threads took: 0.0000280 seconds
[2020-01-13T13:43:14.199+0000][1][safepoint    ] Application time: 1.0001446 seconds
[2020-01-13T13:43:14.200+0000][1][safepoint    ] Entering safepoint region: Cleanup
[2020-01-13T13:43:14.200+0000][1][safepoint    ] Leaving safepoint region
[2020-01-13T13:43:14.200+0000][1][safepoint    ] Total time for which application threads were stopped: 0.0001610 seconds, Stopping threads took: 0.0000565 seconds
[2020-01-13T13:43:15.200+0000][1][safepoint    ] Application time: 1.0001627 seconds
[2020-01-13T13:43:15.200+0000][1][safepoint    ] Entering safepoint region: Cleanup
[2020-01-13T13:43:15.200+0000][1][safepoint    ] Leaving safepoint region
[2020-01-13T13:43:15.200+0000][1][safepoint    ] Total time for which application threads were stopped: 0.0001538 seconds, Stopping threads took: 0.0000378 seconds
[2020-01-13T13:43:16.200+0000][1][safepoint    ] Application time: 1.0001443 seconds
[2020-01-13T13:43:16.200+0000][1][safepoint    ] Entering safepoint region: Cleanup
[2020-01-13T13:43:16.200+0000][1][safepoint    ] Leaving safepoint region
[2020-01-13T13:43:16.200+0000][1][safepoint    ] Total time for which application threads were stopped: 0.0001322 seconds, Stopping threads took: 0.0000317 seconds
[2020-01-13T13:43:17.201+0000][1][safepoint    ] Application time: 1.0001459 seconds
[2020-01-13T13:43:17.201+0000][1][safepoint    ] Entering safepoint region: Cleanup
[2020-01-13T13:43:17.201+0000][1][safepoint    ] Leaving safepoint region
[2020-01-13T13:43:17.201+0000][1][safepoint    ] Total time for which application threads were stopped: 0.0001200 seconds, Stopping threads took: 0.0000329 seconds
[2020-01-13T13:43:18.201+0000][1][safepoint    ] Application time: 1.0001630 seconds
[2020-01-13T13:43:18.201+0000][1][safepoint    ] Entering safepoint region: Cleanup
[2020-01-13T13:43:18.201+0000][1][safepoint    ] Leaving safepoint region
[2020-01-13T13:43:18.201+0000][1][safepoint    ] Total time for which application threads were stopped: 0.0001368 seconds, Stopping threads took: 0.0000382 seconds
[2020-01-13T13:43:19.201+0000][1][safepoint    ] Application time: 1.0001473 seconds
[2020-01-13T13:43:19.201+0000][1][safepoint    ] Entering safepoint region: Cleanup
[2020-01-13T13:43:19.202+0000][1][safepoint    ] Leaving safepoint region
[2020-01-13T13:43:19.202+0000][1][safepoint    ] Total time for which application threads were stopped: 0.0001126 seconds, Stopping threads took: 0.0000305 seconds
[2020-01-13T13:43:20.202+0000][1][safepoint    ] Application time: 1.0001554 seconds
[2020-01-13T13:43:20.202+0000][1][safepoint    ] Entering safepoint region: Cleanup
[2020-01-13T13:43:20.202+0000][1][safepoint    ] Leaving safepoint region
[2020-01-13T13:43:20.202+0000][1][safepoint    ] Total time for which application threads were stopped: 0.0001315 seconds, Stopping threads took: 0.0000395 seconds
[2020-01-13T13:43:21.202+0000][1][safepoint    ] Application time: 1.0001551 seconds
[2020-01-13T13:43:21.202+0000][1][safepoint    ] Entering safepoint region: Cleanup
[2020-01-13T13:43:21.202+0000][1][safepoint    ] Leaving safepoint region
[2020-01-13T13:43:21.202+0000][1][safepoint    ] Total time for which application threads were stopped: 0.0001159 seconds, Stopping threads took: 0.0000282 seconds
[2020-01-13T13:43:22.202+0000][1][safepoint    ] Application time: 1.0001387 seconds
[2020-01-13T13:43:22.203+0000][1][safepoint    ] Entering safepoint region: Cleanup
[2020-01-13T13:43:22.203+0000][1][safepoint    ] Leaving safepoint region
[2020-01-13T13:43:22.203+0000][1][safepoint    ] Total time for which application threads were stopped: 0.0001217 seconds, Stopping threads took: 0.0000283 seconds
[2020-01-13T13:43:23.203+0000][1][safepoint    ] Application time: 1.0001215 seconds
[2020-01-13T13:43:23.203+0000][1][safepoint    ] Entering safepoint region: Cleanup
[2020-01-13T13:43:23.203+0000][1][safepoint    ] Leaving safepoint region
[2020-01-13T13:43:23.203+0000][1][safepoint    ] Total time for which application threads were stopped: 0.0001408 seconds, Stopping threads took: 0.0000350 seconds
[2020-01-13T13:43:24.203+0000][1][safepoint    ] Application time: 1.0001199 seconds
[2020-01-13T13:43:24.203+0000][1][safepoint    ] Entering safepoint region: Cleanup
[2020-01-13T13:43:24.203+0000][1][safepoint    ] Leaving safepoint region
[2020-01-13T13:43:24.203+0000][1][safepoint    ] Total time for which application threads were stopped: 0.0001217 seconds, Stopping threads took: 0.0000299 seconds
[2020-01-13T13:43:25.203+0000][1][safepoint    ] Application time: 1.0001401 seconds
[2020-01-13T13:43:25.204+0000][1][safepoint    ] Entering safepoint region: Cleanup
[2020-01-13T13:43:25.204+0000][1][safepoint    ] Leaving safepoint region
[2020-01-13T13:43:25.204+0000][1][safepoint    ] Total time for which application threads were stopped: 0.0001064 seconds, Stopping threads took: 0.0000291 seconds
[2020-01-13T13:43:26.204+0000][1][safepoint    ] Application time: 1.0001611 seconds
[2020-01-13T13:43:26.204+0000][1][safepoint    ] Entering safepoint region: Cleanup
[2020-01-13T13:43:26.204+0000][1][safepoint    ] Leaving safepoint region
[2020-01-13T13:43:26.204+0000][1][safepoint    ] Total time for which application threads were stopped: 0.0001195 seconds, Stopping threads took: 0.0000308 seconds
[2020-01-13T13:43:27.204+0000][1][safepoint    ] Application time: 1.0001624 seconds
[2020-01-13T13:43:27.204+0000][1][safepoint    ] Entering safepoint region: Cleanup
[2020-01-13T13:43:27.204+0000][1][safepoint    ] Leaving safepoint region
[2020-01-13T13:43:27.204+0000][1][safepoint    ] Total time for which application threads were stopped: 0.0001381 seconds, Stopping threads took: 0.0000381 seconds
[2020-01-13T13:43:28.205+0000][1][safepoint    ] Application time: 1.0001646 seconds
[2020-01-13T13:43:28.205+0000][1][safepoint    ] Entering safepoint region: Cleanup
[2020-01-13T13:43:28.205+0000][1][safepoint    ] Leaving safepoint region
[2020-01-13T13:43:28.205+0000][1][safepoint    ] Total time for which application threads were stopped: 0.0001357 seconds, Stopping threads took: 0.0000352 seconds
[2020-01-13T13:43:29.205+0000][1][safepoint    ] Application time: 1.0001490 seconds
[2020-01-13T13:43:29.206+0000][1][safepoint    ] Entering safepoint region: Cleanup
[2020-01-13T13:43:29.206+0000][1][safepoint    ] Leaving safepoint region
[2020-01-13T13:43:29.206+0000][1][safepoint    ] Total time for which application threads were stopped: 0.0001469 seconds, Stopping threads took: 0.0000515 seconds
[2020-01-13T13:43:30.206+0000][1][safepoint    ] Application time: 1.0001224 seconds
[2020-01-13T13:43:30.206+0000][1][safepoint    ] Entering safepoint region: Cleanup
[2020-01-13T13:43:30.206+0000][1][safepoint    ] Leaving safepoint region
[2020-01-13T13:43:30.206+0000][1][safepoint    ] Total time for which application threads were stopped: 0.0001683 seconds, Stopping threads took: 0.0000366 seconds
[2020-01-13T13:43:31.207+0000][1][safepoint    ] Application time: 1.0001460 seconds
[2020-01-13T13:43:31.207+0000][1][safepoint    ] Entering safepoint region: Cleanup
[2020-01-13T13:43:31.207+0000][1][safepoint    ] Leaving safepoint region
[2020-01-13T13:43:31.207+0000][1][safepoint    ] Total time for which application threads were stopped: 0.0001239 seconds, Stopping threads took: 0.0000349 seconds
[2020-01-13T13:43:32.207+0000][1][safepoint    ] Application time: 1.0001613 seconds
[2020-01-13T13:43:32.207+0000][1][safepoint    ] Entering safepoint region: Cleanup
[2020-01-13T13:43:32.207+0000][1][safepoint    ] Leaving safepoint region
[2020-01-13T13:43:32.207+0000][1][safepoint    ] Total time for which application threads were stopped: 0.0001627 seconds, Stopping threads took: 0.0000526 seconds
[2020-01-13T13:43:32.231+0000][1][safepoint    ] Application time: 0.0239337 seconds
[2020-01-13T13:43:32.231+0000][1][safepoint    ] Entering safepoint region: GenCollectForAllocation
[2020-01-13T13:43:32.231+0000][1][gc,start     ] GC(28) Pause Young (Allocation Failure)
[2020-01-13T13:43:32.231+0000][1][gc,task      ] GC(28) Using 1 workers of 1 for evacuation
[2020-01-13T13:43:32.260+0000][1][gc,age       ] GC(28) Desired survivor size 4358144 bytes, new threshold 6 (max threshold 6)
[2020-01-13T13:43:32.260+0000][1][gc,age       ] GC(28) Age table with threshold 6 (max threshold 6)
[2020-01-13T13:43:32.260+0000][1][gc,age       ] GC(28) - age   1:     620544 bytes,     620544 total
[2020-01-13T13:43:32.260+0000][1][gc,age       ] GC(28) - age   2:      10712 bytes,     631256 total
[2020-01-13T13:43:32.260+0000][1][gc,age       ] GC(28) - age   3:       7672 bytes,     638928 total
[2020-01-13T13:43:32.260+0000][1][gc,age       ] GC(28) - age   4:       4576 bytes,     643504 total
[2020-01-13T13:43:32.260+0000][1][gc,age       ] GC(28) - age   5:      25400 bytes,     668904 total
[2020-01-13T13:43:32.260+0000][1][gc,age       ] GC(28) - age   6:     128528 bytes,     797432 total
[2020-01-13T13:43:32.260+0000][1][gc,heap      ] GC(28) ParNew: 71163K->2741K(76672K)
[2020-01-13T13:43:32.260+0000][1][gc,heap      ] GC(28) CMS: 65251K->67430K(176960K)
[2020-01-13T13:43:32.260+0000][1][gc,metaspace ] GC(28) Metaspace: 65824K->65824K(1110016K)
[2020-01-13T13:43:32.260+0000][1][gc           ] GC(28) Pause Young (Allocation Failure) 133M->68M(247M) 28.420ms
[2020-01-13T13:43:32.260+0000][1][gc,cpu       ] GC(28) User=0.03s Sys=0.00s Real=0.03s
[2020-01-13T13:43:32.260+0000][1][safepoint    ] Leaving safepoint region
[2020-01-13T13:43:32.260+0000][1][safepoint    ] Total time for which application threads were stopped: 0.0286741 seconds, Stopping threads took: 0.0000477 seconds
[2020-01-13T13:43:33.261+0000][1][safepoint    ] Application time: 1.0008684 seconds
[2020-01-13T13:43:33.261+0000][1][safepoint    ] Entering safepoint region: Cleanup
[2020-01-13T13:43:33.261+0000][1][safepoint    ] Leaving safepoint region
[2020-01-13T13:43:33.261+0000][1][safepoint    ] Total time for which application threads were stopped: 0.0000929 seconds, Stopping threads took: 0.0000249 seconds
[2020-01-13T13:43:34.261+0000][1][safepoint    ] Application time: 1.0001076 seconds
[2020-01-13T13:43:34.262+0000][1][safepoint    ] Entering safepoint region: Cleanup
[2020-01-13T13:43:34.262+0000][1][safepoint    ] Leaving safepoint region
[2020-01-13T13:43:34.262+0000][1][safepoint    ] Total time for which application threads were stopped: 0.0001675 seconds, Stopping threads took: 0.0000930 seconds
[2020-01-13T13:43:35.262+0000][1][safepoint    ] Application time: 1.0001832 seconds
[2020-01-13T13:43:35.262+0000][1][safepoint    ] Entering safepoint region: Cleanup
[2020-01-13T13:43:35.262+0000][1][safepoint    ] Leaving safepoint region
[2020-01-13T13:43:35.262+0000][1][safepoint    ] Total time for which application threads were stopped: 0.0001039 seconds, Stopping threads took: 0.0000289 seconds
[2020-01-13T13:43:36.263+0000][1][safepoint    ] Application time: 1.0001085 seconds
[2020-01-13T13:43:36.263+0000][1][safepoint    ] Entering safepoint region: Cleanup
[2020-01-13T13:43:36.263+0000][1][safepoint    ] Leaving safepoint region
[2020-01-13T13:43:36.263+0000][1][safepoint    ] Total time for which application threads were stopped: 0.0000985 seconds, Stopping threads took: 0.0000290 seconds
[2020-01-13T13:43:37.263+0000][1][safepoint    ] Application time: 1.0001754 seconds
[2020-01-13T13:43:37.263+0000][1][safepoint    ] Entering safepoint region: Cleanup
[2020-01-13T13:43:37.263+0000][1][safepoint    ] Leaving safepoint region
[2020-01-13T13:43:37.263+0000][1][safepoint    ] Total time for which application threads were stopped: 0.0001334 seconds, Stopping threads took: 0.0000360 seconds
[2020-01-13T13:43:38.263+0000][1][safepoint    ] Application time: 1.0002517 seconds
[2020-01-13T13:43:38.264+0000][1][safepoint    ] Entering safepoint region: Cleanup
[2020-01-13T13:43:38.264+0000][1][safepoint    ] Leaving safepoint region
[2020-01-13T13:43:38.264+0000][1][safepoint    ] Total time for which application threads were stopped: 0.0001473 seconds, Stopping threads took: 0.0000534 seconds
[2020-01-13T13:43:39.264+0000][1][safepoint    ] Application time: 1.0001680 seconds
[2020-01-13T13:43:39.265+0000][1][safepoint    ] Entering safepoint region: Cleanup
[2020-01-13T13:43:39.265+0000][1][safepoint    ] Leaving safepoint region
[2020-01-13T13:43:39.265+0000][1][safepoint    ] Total time for which application threads were stopped: 0.0001594 seconds, Stopping threads took: 0.0000529 seconds
[2020-01-13T13:43:40.265+0000][1][safepoint    ] Application time: 1.0000471 seconds
[2020-01-13T13:43:40.265+0000][1][safepoint    ] Entering safepoint region: Cleanup
[2020-01-13T13:43:40.265+0000][1][safepoint    ] Leaving safepoint region
[2020-01-13T13:43:40.265+0000][1][safepoint    ] Total time for which application threads were stopped: 0.0001210 seconds, Stopping threads took: 0.0000290 seconds
[2020-01-13T13:43:41.266+0000][1][safepoint    ] Application time: 1.0002016 seconds
[2020-01-13T13:43:41.266+0000][1][safepoint    ] Entering safepoint region: Cleanup
[2020-01-13T13:43:41.266+0000][1][safepoint    ] Leaving safepoint region
[2020-01-13T13:43:41.266+0000][1][safepoint    ] Total time for which application threads were stopped: 0.0001576 seconds, Stopping threads took: 0.0000524 seconds
[2020-01-13T13:43:42.266+0000][1][safepoint    ] Application time: 1.0002247 seconds
[2020-01-13T13:43:42.266+0000][1][safepoint    ] Entering safepoint region: Cleanup
[2020-01-13T13:43:42.266+0000][1][safepoint    ] Leaving safepoint region
[2020-01-13T13:43:42.266+0000][1][safepoint    ] Total time for which application threads were stopped: 0.0001452 seconds, Stopping threads took: 0.0000353 seconds
[2020-01-13T13:43:43.267+0000][1][safepoint    ] Application time: 1.0001537 seconds
[2020-01-13T13:43:43.267+0000][1][safepoint    ] Entering safepoint region: Cleanup
[2020-01-13T13:43:43.267+0000][1][safepoint    ] Leaving safepoint region
[2020-01-13T13:43:43.267+0000][1][safepoint    ] Total time for which application threads were stopped: 0.0002086 seconds, Stopping threads took: 0.0000350 seconds
[2020-01-13T13:43:44.267+0000][1][safepoint    ] Application time: 1.0001227 seconds
[2020-01-13T13:43:44.268+0000][1][safepoint    ] Entering safepoint region: Cleanup
[2020-01-13T13:43:44.268+0000][1][safepoint    ] Leaving safepoint region
[2020-01-13T13:43:44.268+0000][1][safepoint    ] Total time for which application threads were stopped: 0.0001366 seconds, Stopping threads took: 0.0000498 seconds
[2020-01-13T13:43:45.268+0000][1][safepoint    ] Application time: 1.0001809 seconds
[2020-01-13T13:43:45.268+0000][1][safepoint    ] Entering safepoint region: Cleanup
[2020-01-13T13:43:45.269+0000][1][safepoint    ] Leaving safepoint region
[2020-01-13T13:43:45.269+0000][1][safepoint    ] Total time for which application threads were stopped: 0.0001293 seconds, Stopping threads took: 0.0000321 seconds
[2020-01-13T13:43:46.269+0000][1][safepoint    ] Application time: 1.0001829 seconds
[2020-01-13T13:43:46.269+0000][1][safepoint    ] Entering safepoint region: Cleanup
[2020-01-13T13:43:46.269+0000][1][safepoint    ] Leaving safepoint region
[2020-01-13T13:43:46.269+0000][1][safepoint    ] Total time for which application threads were stopped: 0.0001099 seconds, Stopping threads took: 0.0000266 seconds
[2020-01-13T13:43:47.269+0000][1][safepoint    ] Application time: 1.0001631 seconds
[2020-01-13T13:43:47.269+0000][1][safepoint    ] Entering safepoint region: Cleanup
[2020-01-13T13:43:47.269+0000][1][safepoint    ] Leaving safepoint region
[2020-01-13T13:43:47.269+0000][1][safepoint    ] Total time for which application threads were stopped: 0.0001522 seconds, Stopping threads took: 0.0000392 seconds
[2020-01-13T13:43:48.270+0000][1][safepoint    ] Application time: 1.0000884 seconds
[2020-01-13T13:43:48.270+0000][1][safepoint    ] Entering safepoint region: Cleanup
[2020-01-13T13:43:48.270+0000][1][safepoint    ] Leaving safepoint region
[2020-01-13T13:43:48.270+0000][1][safepoint    ] Total time for which application threads were stopped: 0.0001273 seconds, Stopping threads took: 0.0000407 seconds
[2020-01-13T13:43:49.270+0000][1][safepoint    ] Application time: 1.0001152 seconds
[2020-01-13T13:43:49.270+0000][1][safepoint    ] Entering safepoint region: Cleanup
[2020-01-13T13:43:49.270+0000][1][safepoint    ] Leaving safepoint region
[2020-01-13T13:43:49.270+0000][1][safepoint    ] Total time for which application threads were stopped: 0.0001034 seconds, Stopping threads took: 0.0000283 seconds
[2020-01-13T13:43:50.270+0000][1][safepoint    ] Application time: 1.0001379 seconds
[2020-01-13T13:43:50.270+0000][1][safepoint    ] Entering safepoint region: Cleanup
[2020-01-13T13:43:50.270+0000][1][safepoint    ] Leaving safepoint region
[2020-01-13T13:43:50.270+0000][1][safepoint    ] Total time for which application threads were stopped: 0.0001303 seconds, Stopping threads took: 0.0000294 seconds
[2020-01-13T13:43:51.270+0000][1][safepoint    ] Application time: 1.0001315 seconds
[2020-01-13T13:43:51.271+0000][1][safepoint    ] Entering safepoint region: Cleanup
[2020-01-13T13:43:51.271+0000][1][safepoint    ] Leaving safepoint region
[2020-01-13T13:43:51.271+0000][1][safepoint    ] Total time for which application threads were stopped: 0.0001105 seconds, Stopping threads took: 0.0000315 seconds
[2020-01-13T13:43:52.271+0000][1][safepoint    ] Application time: 1.0001227 seconds
[2020-01-13T13:43:52.271+0000][1][safepoint    ] Entering safepoint region: Cleanup
[2020-01-13T13:43:52.271+0000][1][safepoint    ] Leaving safepoint region
[2020-01-13T13:43:52.271+0000][1][safepoint    ] Total time for which application threads were stopped: 0.0001163 seconds, Stopping threads took: 0.0000289 seconds
[2020-01-13T13:43:53.271+0000][1][safepoint    ] Application time: 1.0001380 seconds
[2020-01-13T13:43:53.271+0000][1][safepoint    ] Entering safepoint region: Cleanup
[2020-01-13T13:43:53.271+0000][1][safepoint    ] Leaving safepoint region
[2020-01-13T13:43:53.271+0000][1][safepoint    ] Total time for which application threads were stopped: 0.0001534 seconds, Stopping threads took: 0.0000273 seconds
[2020-01-13T13:43:54.272+0000][1][safepoint    ] Application time: 1.0001462 seconds
[2020-01-13T13:43:54.272+0000][1][safepoint    ] Entering safepoint region: Cleanup
[2020-01-13T13:43:54.272+0000][1][safepoint    ] Leaving safepoint region
[2020-01-13T13:43:54.272+0000][1][safepoint    ] Total time for which application threads were stopped: 0.0001168 seconds, Stopping threads took: 0.0000316 seconds
[2020-01-13T13:43:55.272+0000][1][safepoint    ] Application time: 1.0001337 seconds
[2020-01-13T13:43:55.272+0000][1][safepoint    ] Entering safepoint region: Cleanup
[2020-01-13T13:43:55.272+0000][1][safepoint    ] Leaving safepoint region
[2020-01-13T13:43:55.272+0000][1][safepoint    ] Total time for which application threads were stopped: 0.0001266 seconds, Stopping threads took: 0.0000330 seconds
[2020-01-13T13:43:56.272+0000][1][safepoint    ] Application time: 1.0000965 seconds
[2020-01-13T13:43:56.272+0000][1][safepoint    ] Entering safepoint region: Cleanup
[2020-01-13T13:43:56.272+0000][1][safepoint    ] Leaving safepoint region
[2020-01-13T13:43:56.272+0000][1][safepoint    ] Total time for which application threads were stopped: 0.0000968 seconds, Stopping threads took: 0.0000266 seconds
[2020-01-13T13:43:57.272+0000][1][safepoint    ] Application time: 1.0000811 seconds
[2020-01-13T13:43:57.272+0000][1][safepoint    ] Entering safepoint region: Cleanup
[2020-01-13T13:43:57.273+0000][1][safepoint    ] Leaving safepoint region
[2020-01-13T13:43:57.273+0000][1][safepoint    ] Total time for which application threads were stopped: 0.0000959 seconds, Stopping threads took: 0.0000276 seconds
[2020-01-13T13:43:58.273+0000][1][safepoint    ] Application time: 1.0001306 seconds
[2020-01-13T13:43:58.273+0000][1][safepoint    ] Entering safepoint region: Cleanup
[2020-01-13T13:43:58.273+0000][1][safepoint    ] Leaving safepoint region
[2020-01-13T13:43:58.273+0000][1][safepoint    ] Total time for which application threads were stopped: 0.0001609 seconds, Stopping threads took: 0.0000681 seconds
[2020-01-13T13:43:59.273+0000][1][safepoint    ] Application time: 1.0001585 seconds
[2020-01-13T13:43:59.274+0000][1][safepoint    ] Entering safepoint region: Cleanup
[2020-01-13T13:43:59.274+0000][1][safepoint    ] Leaving safepoint region
[2020-01-13T13:43:59.275+0000][1][safepoint    ] Total time for which application threads were stopped: 0.0001959 seconds, Stopping threads took: 0.0001076 seconds
[2020-01-13T13:44:00.275+0000][1][safepoint    ] Application time: 1.0001343 seconds
[2020-01-13T13:44:00.275+0000][1][safepoint    ] Entering safepoint region: Cleanup
[2020-01-13T13:44:00.275+0000][1][safepoint    ] Leaving safepoint region
[2020-01-13T13:44:00.275+0000][1][safepoint    ] Total time for which application threads were stopped: 0.0001051 seconds, Stopping threads took: 0.0000275 seconds
[2020-01-13T13:44:01.276+0000][1][safepoint    ] Application time: 1.0010096 seconds
[2020-01-13T13:44:01.276+0000][1][safepoint    ] Entering safepoint region: Cleanup
[2020-01-13T13:44:01.276+0000][1][safepoint    ] Leaving safepoint region
[2020-01-13T13:44:01.276+0000][1][safepoint    ] Total time for which application threads were stopped: 0.0001245 seconds, Stopping threads took: 0.0000325 seconds
[2020-01-13T13:44:02.276+0000][1][safepoint    ] Application time: 1.0001196 seconds
[2020-01-13T13:44:02.276+0000][1][safepoint    ] Entering safepoint region: Cleanup
[2020-01-13T13:44:02.276+0000][1][safepoint    ] Leaving safepoint region
[2020-01-13T13:44:02.276+0000][1][safepoint    ] Total time for which application threads were stopped: 0.0002254 seconds, Stopping threads took: 0.0001253 seconds
[2020-01-13T13:44:03.277+0000][1][safepoint    ] Application time: 1.0001331 seconds
[2020-01-13T13:44:03.277+0000][1][safepoint    ] Entering safepoint region: Cleanup
[2020-01-13T13:44:03.277+0000][1][safepoint    ] Leaving safepoint region
[2020-01-13T13:44:03.277+0000][1][safepoint    ] Total time for which application threads were stopped: 0.0001133 seconds, Stopping threads took: 0.0000327 seconds
[2020-01-13T13:44:04.277+0000][1][safepoint    ] Application time: 1.0001782 seconds
[2020-01-13T13:44:04.278+0000][1][safepoint    ] Entering safepoint region: Cleanup
[2020-01-13T13:44:04.278+0000][1][safepoint    ] Leaving safepoint region
[2020-01-13T13:44:04.278+0000][1][safepoint    ] Total time for which application threads were stopped: 0.0001503 seconds, Stopping threads took: 0.0000619 seconds
[2020-01-13T13:44:05.278+0000][1][safepoint    ] Application time: 1.0001813 seconds
[2020-01-13T13:44:05.278+0000][1][safepoint    ] Entering safepoint region: Cleanup
[2020-01-13T13:44:05.278+0000][1][safepoint    ] Leaving safepoint region
[2020-01-13T13:44:05.278+0000][1][safepoint    ] Total time for which application threads were stopped: 0.0000949 seconds, Stopping threads took: 0.0000297 seconds
[2020-01-13T13:44:06.279+0000][1][safepoint    ] Application time: 1.0002083 seconds
[2020-01-13T13:44:06.279+0000][1][safepoint    ] Entering safepoint region: Cleanup
[2020-01-13T13:44:06.279+0000][1][safepoint    ] Leaving safepoint region
[2020-01-13T13:44:06.279+0000][1][safepoint    ] Total time for which application threads were stopped: 0.0001176 seconds, Stopping threads took: 0.0000376 seconds
[2020-01-13T13:44:07.279+0000][1][safepoint    ] Application time: 1.0001604 seconds
[2020-01-13T13:44:07.279+0000][1][safepoint    ] Entering safepoint region: Cleanup
[2020-01-13T13:44:07.279+0000][1][safepoint    ] Leaving safepoint region
[2020-01-13T13:44:07.279+0000][1][safepoint    ] Total time for which application threads were stopped: 0.0001195 seconds, Stopping threads took: 0.0000359 seconds
[2020-01-13T13:44:08.279+0000][1][safepoint    ] Application time: 1.0001631 seconds
[2020-01-13T13:44:08.280+0000][1][safepoint    ] Entering safepoint region: Cleanup
[2020-01-13T13:44:08.280+0000][1][safepoint    ] Leaving safepoint region
[2020-01-13T13:44:08.280+0000][1][safepoint    ] Total time for which application threads were stopped: 0.0001267 seconds, Stopping threads took: 0.0000467 seconds
[2020-01-13T13:44:09.280+0000][1][safepoint    ] Application time: 1.0001681 seconds
[2020-01-13T13:44:09.281+0000][1][safepoint    ] Entering safepoint region: Cleanup
[2020-01-13T13:44:09.281+0000][1][safepoint    ] Leaving safepoint region
[2020-01-13T13:44:09.281+0000][1][safepoint    ] Total time for which application threads were stopped: 0.0001755 seconds, Stopping threads took: 0.0000791 seconds
[2020-01-13T13:44:10.196+0000][1][safepoint    ] Application time: 0.9146468 seconds
[2020-01-13T13:44:10.196+0000][1][safepoint    ] Entering safepoint region: GenCollectForAllocation
[2020-01-13T13:44:10.196+0000][1][gc,start     ] GC(29) Pause Young (Allocation Failure)
[2020-01-13T13:44:10.196+0000][1][gc,task      ] GC(29) Using 1 workers of 1 for evacuation
[2020-01-13T13:44:10.203+0000][1][gc,age       ] GC(29) Desired survivor size 4358144 bytes, new threshold 6 (max threshold 6)
[2020-01-13T13:44:10.203+0000][1][gc,age       ] GC(29) Age table with threshold 6 (max threshold 6)
[2020-01-13T13:44:10.203+0000][1][gc,age       ] GC(29) - age   1:     607712 bytes,     607712 total
[2020-01-13T13:44:10.203+0000][1][gc,age       ] GC(29) - age   2:       6896 bytes,     614608 total
[2020-01-13T13:44:10.203+0000][1][gc,age       ] GC(29) - age   3:      10712 bytes,     625320 total
[2020-01-13T13:44:10.203+0000][1][gc,age       ] GC(29) - age   4:       7672 bytes,     632992 total
[2020-01-13T13:44:10.203+0000][1][gc,age       ] GC(29) - age   5:       4576 bytes,     637568 total
[2020-01-13T13:44:10.203+0000][1][gc,age       ] GC(29) - age   6:      25400 bytes,     662968 total
[2020-01-13T13:44:10.203+0000][1][gc,heap      ] GC(29) ParNew: 70901K->880K(76672K)
[2020-01-13T13:44:10.203+0000][1][gc,heap      ] GC(29) CMS: 67430K->67557K(176960K)
[2020-01-13T13:44:10.203+0000][1][gc,metaspace ] GC(29) Metaspace: 65947K->65947K(1110016K)
[2020-01-13T13:44:10.203+0000][1][gc           ] GC(29) Pause Young (Allocation Failure) 135M->66M(247M) 7.432ms
[2020-01-13T13:44:10.203+0000][1][gc,cpu       ] GC(29) User=0.01s Sys=0.00s Real=0.01s
[2020-01-13T13:44:10.203+0000][1][safepoint    ] Leaving safepoint region
[2020-01-13T13:44:10.203+0000][1][safepoint    ] Total time for which application threads were stopped: 0.0076682 seconds, Stopping threads took: 0.0000395 seconds
[2020-01-13T13:44:11.204+0000][1][safepoint    ] Application time: 1.0009926 seconds
[2020-01-13T13:44:11.204+0000][1][safepoint    ] Entering safepoint region: Cleanup
[2020-01-13T13:44:11.205+0000][1][safepoint    ] Leaving safepoint region
[2020-01-13T13:44:11.205+0000][1][safepoint    ] Total time for which application threads were stopped: 0.0001395 seconds, Stopping threads took: 0.0000294 seconds
[2020-01-13T13:44:12.205+0000][1][safepoint    ] Application time: 1.0001292 seconds
[2020-01-13T13:44:12.205+0000][1][safepoint    ] Entering safepoint region: Cleanup
[2020-01-13T13:44:12.205+0000][1][safepoint    ] Leaving safepoint region
[2020-01-13T13:44:12.205+0000][1][safepoint    ] Total time for which application threads were stopped: 0.0001255 seconds, Stopping threads took: 0.0000334 seconds
[2020-01-13T13:44:13.205+0000][1][safepoint    ] Application time: 1.0001786 seconds
[2020-01-13T13:44:13.205+0000][1][safepoint    ] Entering safepoint region: Cleanup
[2020-01-13T13:44:13.205+0000][1][safepoint    ] Leaving safepoint region
[2020-01-13T13:44:13.205+0000][1][safepoint    ] Total time for which application threads were stopped: 0.0001476 seconds, Stopping threads took: 0.0000292 seconds
[2020-01-13T13:44:14.205+0000][1][safepoint    ] Application time: 1.0001433 seconds
[2020-01-13T13:44:14.206+0000][1][safepoint    ] Entering safepoint region: Cleanup
[2020-01-13T13:44:14.206+0000][1][safepoint    ] Leaving safepoint region
[2020-01-13T13:44:14.206+0000][1][safepoint    ] Total time for which application threads were stopped: 0.0001447 seconds, Stopping threads took: 0.0000304 seconds
[2020-01-13T13:44:15.206+0000][1][safepoint    ] Application time: 1.0001584 seconds
[2020-01-13T13:44:15.206+0000][1][safepoint    ] Entering safepoint region: Cleanup
[2020-01-13T13:44:15.206+0000][1][safepoint    ] Leaving safepoint region
[2020-01-13T13:44:15.206+0000][1][safepoint    ] Total time for which application threads were stopped: 0.0001397 seconds, Stopping threads took: 0.0000392 seconds
[2020-01-13T13:44:16.206+0000][1][safepoint    ] Application time: 1.0001475 seconds
[2020-01-13T13:44:16.206+0000][1][safepoint    ] Entering safepoint region: Cleanup
[2020-01-13T13:44:16.206+0000][1][safepoint    ] Leaving safepoint region
[2020-01-13T13:44:16.206+0000][1][safepoint    ] Total time for which application threads were stopped: 0.0001311 seconds, Stopping threads took: 0.0000358 seconds
[2020-01-13T13:44:17.207+0000][1][safepoint    ] Application time: 1.0001950 seconds
[2020-01-13T13:44:17.207+0000][1][safepoint    ] Entering safepoint region: Cleanup
[2020-01-13T13:44:17.207+0000][1][safepoint    ] Leaving safepoint region
[2020-01-13T13:44:17.207+0000][1][safepoint    ] Total time for which application threads were stopped: 0.0001601 seconds, Stopping threads took: 0.0000361 seconds
[2020-01-13T13:44:18.207+0000][1][safepoint    ] Application time: 1.0001309 seconds
[2020-01-13T13:44:18.207+0000][1][safepoint    ] Entering safepoint region: Cleanup
[2020-01-13T13:44:18.207+0000][1][safepoint    ] Leaving safepoint region
[2020-01-13T13:44:18.207+0000][1][safepoint    ] Total time for which application threads were stopped: 0.0001275 seconds, Stopping threads took: 0.0000360 seconds
[2020-01-13T13:44:19.207+0000][1][safepoint    ] Application time: 1.0001457 seconds
[2020-01-13T13:44:19.208+0000][1][safepoint    ] Entering safepoint region: Cleanup
[2020-01-13T13:44:19.208+0000][1][safepoint    ] Leaving safepoint region
[2020-01-13T13:44:19.208+0000][1][safepoint    ] Total time for which application threads were stopped: 0.0001431 seconds, Stopping threads took: 0.0000346 seconds
[2020-01-13T13:44:20.208+0000][1][safepoint    ] Application time: 1.0001472 seconds
[2020-01-13T13:44:20.208+0000][1][safepoint    ] Entering safepoint region: Cleanup
[2020-01-13T13:44:20.208+0000][1][safepoint    ] Leaving safepoint region
[2020-01-13T13:44:20.208+0000][1][safepoint    ] Total time for which application threads were stopped: 0.0001126 seconds, Stopping threads took: 0.0000308 seconds
[2020-01-13T13:44:21.208+0000][1][safepoint    ] Application time: 1.0001474 seconds
[2020-01-13T13:44:21.208+0000][1][safepoint    ] Entering safepoint region: Cleanup
[2020-01-13T13:44:21.208+0000][1][safepoint    ] Leaving safepoint region
[2020-01-13T13:44:21.208+0000][1][safepoint    ] Total time for which application threads were stopped: 0.0001387 seconds, Stopping threads took: 0.0000296 seconds
[2020-01-13T13:44:22.209+0000][1][safepoint    ] Application time: 1.0001278 seconds
[2020-01-13T13:44:22.209+0000][1][safepoint    ] Entering safepoint region: Cleanup
[2020-01-13T13:44:22.209+0000][1][safepoint    ] Leaving safepoint region
[2020-01-13T13:44:22.209+0000][1][safepoint    ] Total time for which application threads were stopped: 0.0002388 seconds, Stopping threads took: 0.0001286 seconds
[2020-01-13T13:44:23.209+0000][1][safepoint    ] Application time: 1.0001702 seconds
[2020-01-13T13:44:23.209+0000][1][safepoint    ] Entering safepoint region: Cleanup
[2020-01-13T13:44:23.209+0000][1][safepoint    ] Leaving safepoint region
[2020-01-13T13:44:23.209+0000][1][safepoint    ] Total time for which application threads were stopped: 0.0001164 seconds, Stopping threads took: 0.0000315 seconds
[2020-01-13T13:44:24.209+0000][1][safepoint    ] Application time: 1.0001793 seconds
[2020-01-13T13:44:24.209+0000][1][safepoint    ] Entering safepoint region: Cleanup
[2020-01-13T13:44:24.210+0000][1][safepoint    ] Leaving safepoint region
[2020-01-13T13:44:24.210+0000][1][safepoint    ] Total time for which application threads were stopped: 0.0001479 seconds, Stopping threads took: 0.0000310 seconds
[2020-01-13T13:44:25.210+0000][1][safepoint    ] Application time: 1.0001701 seconds
[2020-01-13T13:44:25.210+0000][1][safepoint    ] Entering safepoint region: Cleanup
[2020-01-13T13:44:25.210+0000][1][safepoint    ] Leaving safepoint region
[2020-01-13T13:44:25.210+0000][1][safepoint    ] Total time for which application threads were stopped: 0.0001298 seconds, Stopping threads took: 0.0000331 seconds
[2020-01-13T13:44:26.210+0000][1][safepoint    ] Application time: 1.0001415 seconds
[2020-01-13T13:44:26.210+0000][1][safepoint    ] Entering safepoint region: Cleanup
[2020-01-13T13:44:26.210+0000][1][safepoint    ] Leaving safepoint region
[2020-01-13T13:44:26.210+0000][1][safepoint    ] Total time for which application threads were stopped: 0.0001525 seconds, Stopping threads took: 0.0000353 seconds
[2020-01-13T13:44:30.211+0000][1][safepoint    ] Application time: 4.0005795 seconds
[2020-01-13T13:44:30.211+0000][1][safepoint    ] Entering safepoint region: Cleanup
[2020-01-13T13:44:30.211+0000][1][safepoint    ] Leaving safepoint region
[2020-01-13T13:44:30.211+0000][1][safepoint    ] Total time for which application threads were stopped: 0.0001379 seconds, Stopping threads took: 0.0000390 seconds
[2020-01-13T13:44:31.211+0000][1][safepoint    ] Application time: 1.0001772 seconds
[2020-01-13T13:44:31.211+0000][1][safepoint    ] Entering safepoint region: Cleanup
[2020-01-13T13:44:31.212+0000][1][safepoint    ] Leaving safepoint region
[2020-01-13T13:44:31.212+0000][1][safepoint    ] Total time for which application threads were stopped: 0.0001833 seconds, Stopping threads took: 0.0000368 seconds
[2020-01-13T13:44:32.212+0000][1][safepoint    ] Application time: 1.0001447 seconds
[2020-01-13T13:44:32.212+0000][1][safepoint    ] Entering safepoint region: Cleanup
[2020-01-13T13:44:32.212+0000][1][safepoint    ] Leaving safepoint region
[2020-01-13T13:44:32.212+0000][1][safepoint    ] Total time for which application threads were stopped: 0.0001165 seconds, Stopping threads took: 0.0000291 seconds
[2020-01-13T13:44:33.212+0000][1][safepoint    ] Application time: 1.0001611 seconds
[2020-01-13T13:44:33.212+0000][1][safepoint    ] Entering safepoint region: Cleanup
[2020-01-13T13:44:33.212+0000][1][safepoint    ] Leaving safepoint region
[2020-01-13T13:44:33.212+0000][1][safepoint    ] Total time for which application threads were stopped: 0.0001359 seconds, Stopping threads took: 0.0000291 seconds
[2020-01-13T13:44:34.213+0000][1][safepoint    ] Application time: 1.0001638 seconds
[2020-01-13T13:44:34.213+0000][1][safepoint    ] Entering safepoint region: Cleanup
[2020-01-13T13:44:34.213+0000][1][safepoint    ] Leaving safepoint region
[2020-01-13T13:44:34.213+0000][1][safepoint    ] Total time for which application threads were stopped: 0.0001204 seconds, Stopping threads took: 0.0000302 seconds
[2020-01-13T13:44:35.213+0000][1][safepoint    ] Application time: 1.0001225 seconds
[2020-01-13T13:44:35.213+0000][1][safepoint    ] Entering safepoint region: Cleanup
[2020-01-13T13:44:35.213+0000][1][safepoint    ] Leaving safepoint region
[2020-01-13T13:44:35.213+0000][1][safepoint    ] Total time for which application threads were stopped: 0.0001084 seconds, Stopping threads took: 0.0000279 seconds
[2020-01-13T13:44:36.213+0000][1][safepoint    ] Application time: 1.0001307 seconds
[2020-01-13T13:44:36.213+0000][1][safepoint    ] Entering safepoint region: Cleanup
[2020-01-13T13:44:36.213+0000][1][safepoint    ] Leaving safepoint region
[2020-01-13T13:44:36.213+0000][1][safepoint    ] Total time for which application threads were stopped: 0.0001357 seconds, Stopping threads took: 0.0000348 seconds
[2020-01-13T13:44:37.213+0000][1][safepoint    ] Application time: 1.0001243 seconds
[2020-01-13T13:44:37.214+0000][1][safepoint    ] Entering safepoint region: Cleanup
[2020-01-13T13:44:37.214+0000][1][safepoint    ] Leaving safepoint region
[2020-01-13T13:44:37.214+0000][1][safepoint    ] Total time for which application threads were stopped: 0.0001282 seconds, Stopping threads took: 0.0000338 seconds
[2020-01-13T13:44:38.214+0000][1][safepoint    ] Application time: 1.0001125 seconds
[2020-01-13T13:44:38.214+0000][1][safepoint    ] Entering safepoint region: Cleanup
[2020-01-13T13:44:38.214+0000][1][safepoint    ] Leaving safepoint region
[2020-01-13T13:44:38.214+0000][1][safepoint    ] Total time for which application threads were stopped: 0.0001009 seconds, Stopping threads took: 0.0000255 seconds
[2020-01-13T13:44:39.214+0000][1][safepoint    ] Application time: 1.0000795 seconds
[2020-01-13T13:44:39.214+0000][1][safepoint    ] Entering safepoint region: Cleanup
[2020-01-13T13:44:39.214+0000][1][safepoint    ] Leaving safepoint region
[2020-01-13T13:44:39.214+0000][1][safepoint    ] Total time for which application threads were stopped: 0.0001079 seconds, Stopping threads took: 0.0000336 seconds
[2020-01-13T13:44:40.214+0000][1][safepoint    ] Application time: 1.0001369 seconds
[2020-01-13T13:44:40.215+0000][1][safepoint    ] Entering safepoint region: Cleanup
[2020-01-13T13:44:40.215+0000][1][safepoint    ] Leaving safepoint region
[2020-01-13T13:44:40.215+0000][1][safepoint    ] Total time for which application threads were stopped: 0.0002037 seconds, Stopping threads took: 0.0000925 seconds
[2020-01-13T13:44:41.216+0000][1][safepoint    ] Application time: 1.0001483 seconds
[2020-01-13T13:44:41.216+0000][1][safepoint    ] Entering safepoint region: Cleanup
[2020-01-13T13:44:41.216+0000][1][safepoint    ] Leaving safepoint region
[2020-01-13T13:44:41.216+0000][1][safepoint    ] Total time for which application threads were stopped: 0.0001176 seconds, Stopping threads took: 0.0000302 seconds
[2020-01-13T13:44:42.216+0000][1][safepoint    ] Application time: 1.0001171 seconds
[2020-01-13T13:44:42.216+0000][1][safepoint    ] Entering safepoint region: Cleanup
[2020-01-13T13:44:42.216+0000][1][safepoint    ] Leaving safepoint region
[2020-01-13T13:44:42.216+0000][1][safepoint    ] Total time for which application threads were stopped: 0.0001210 seconds, Stopping threads took: 0.0000270 seconds
[2020-01-13T13:44:43.216+0000][1][safepoint    ] Application time: 1.0002057 seconds
[2020-01-13T13:44:43.216+0000][1][safepoint    ] Entering safepoint region: Cleanup
[2020-01-13T13:44:43.217+0000][1][safepoint    ] Leaving safepoint region
[2020-01-13T13:44:43.217+0000][1][safepoint    ] Total time for which application threads were stopped: 0.0001300 seconds, Stopping threads took: 0.0000374 seconds
[2020-01-13T13:44:44.217+0000][1][safepoint    ] Application time: 1.0000933 seconds
[2020-01-13T13:44:44.217+0000][1][safepoint    ] Entering safepoint region: Cleanup
[2020-01-13T13:44:44.217+0000][1][safepoint    ] Leaving safepoint region
[2020-01-13T13:44:44.217+0000][1][safepoint    ] Total time for which application threads were stopped: 0.0001110 seconds, Stopping threads took: 0.0000279 seconds
[2020-01-13T13:44:45.217+0000][1][safepoint    ] Application time: 1.0001287 seconds
[2020-01-13T13:44:45.218+0000][1][safepoint    ] Entering safepoint region: Cleanup
[2020-01-13T13:44:45.218+0000][1][safepoint    ] Leaving safepoint region
[2020-01-13T13:44:45.218+0000][1][safepoint    ] Total time for which application threads were stopped: 0.0001918 seconds, Stopping threads took: 0.0000509 seconds
[2020-01-13T13:44:46.218+0000][1][safepoint    ] Application time: 1.0001868 seconds
[2020-01-13T13:44:46.219+0000][1][safepoint    ] Entering safepoint region: Cleanup
[2020-01-13T13:44:46.219+0000][1][safepoint    ] Leaving safepoint region
[2020-01-13T13:44:46.219+0000][1][safepoint    ] Total time for which application threads were stopped: 0.0001645 seconds, Stopping threads took: 0.0000369 seconds
[2020-01-13T13:44:47.219+0000][1][safepoint    ] Application time: 1.0001304 seconds
[2020-01-13T13:44:47.219+0000][1][safepoint    ] Entering safepoint region: Cleanup
[2020-01-13T13:44:47.219+0000][1][safepoint    ] Leaving safepoint region
[2020-01-13T13:44:47.219+0000][1][safepoint    ] Total time for which application threads were stopped: 0.0001275 seconds, Stopping threads took: 0.0000375 seconds
[2020-01-13T13:44:47.852+0000][1][safepoint    ] Application time: 0.6331948 seconds
[2020-01-13T13:44:47.852+0000][1][safepoint    ] Entering safepoint region: GenCollectForAllocation
[2020-01-13T13:44:47.852+0000][1][gc,start     ] GC(30) Pause Young (Allocation Failure)
[2020-01-13T13:44:47.852+0000][1][gc,task      ] GC(30) Using 1 workers of 1 for evacuation
[2020-01-13T13:44:47.858+0000][1][gc,age       ] GC(30) Desired survivor size 4358144 bytes, new threshold 6 (max threshold 6)
[2020-01-13T13:44:47.858+0000][1][gc,age       ] GC(30) Age table with threshold 6 (max threshold 6)
[2020-01-13T13:44:47.858+0000][1][gc,age       ] GC(30) - age   1:     599296 bytes,     599296 total
[2020-01-13T13:44:47.858+0000][1][gc,age       ] GC(30) - age   2:      22448 bytes,     621744 total
[2020-01-13T13:44:47.858+0000][1][gc,age       ] GC(30) - age   3:       6608 bytes,     628352 total
[2020-01-13T13:44:47.858+0000][1][gc,age       ] GC(30) - age   4:      10712 bytes,     639064 total
[2020-01-13T13:44:47.858+0000][1][gc,age       ] GC(30) - age   5:       7672 bytes,     646736 total
[2020-01-13T13:44:47.858+0000][1][gc,age       ] GC(30) - age   6:       4576 bytes,     651312 total
[2020-01-13T13:44:47.859+0000][1][gc,heap      ] GC(30) ParNew: 69040K->705K(76672K)
[2020-01-13T13:44:47.859+0000][1][gc,heap      ] GC(30) CMS: 67557K->67582K(176960K)
[2020-01-13T13:44:47.859+0000][1][gc,metaspace ] GC(30) Metaspace: 65953K->65953K(1110016K)
[2020-01-13T13:44:47.859+0000][1][gc           ] GC(30) Pause Young (Allocation Failure) 133M->66M(247M) 6.139ms
[2020-01-13T13:44:47.859+0000][1][gc,cpu       ] GC(30) User=0.00s Sys=0.00s Real=0.00s
[2020-01-13T13:44:47.859+0000][1][safepoint    ] Leaving safepoint region
[2020-01-13T13:44:47.859+0000][1][safepoint    ] Total time for which application threads were stopped: 0.0063708 seconds, Stopping threads took: 0.0000318 seconds
[2020-01-13T13:44:48.860+0000][1][safepoint    ] Application time: 1.0013343 seconds
[2020-01-13T13:44:48.860+0000][1][safepoint    ] Entering safepoint region: Cleanup
[2020-01-13T13:44:48.860+0000][1][safepoint    ] Leaving safepoint region
[2020-01-13T13:44:48.860+0000][1][safepoint    ] Total time for which application threads were stopped: 0.0001601 seconds, Stopping threads took: 0.0000767 seconds
[2020-01-13T13:44:49.860+0000][1][safepoint    ] Application time: 1.0001384 seconds
[2020-01-13T13:44:49.860+0000][1][safepoint    ] Entering safepoint region: Cleanup
[2020-01-13T13:44:49.861+0000][1][safepoint    ] Leaving safepoint region
[2020-01-13T13:44:49.861+0000][1][safepoint    ] Total time for which application threads were stopped: 0.0001302 seconds, Stopping threads took: 0.0000333 seconds
[2020-01-13T13:44:50.861+0000][1][safepoint    ] Application time: 1.0001507 seconds
[2020-01-13T13:44:50.861+0000][1][safepoint    ] Entering safepoint region: Cleanup
[2020-01-13T13:44:50.861+0000][1][safepoint    ] Leaving safepoint region
[2020-01-13T13:44:50.861+0000][1][safepoint    ] Total time for which application threads were stopped: 0.0001074 seconds, Stopping threads took: 0.0000294 seconds
[2020-01-13T13:44:51.861+0000][1][safepoint    ] Application time: 1.0001614 seconds
[2020-01-13T13:44:51.861+0000][1][safepoint    ] Entering safepoint region: Cleanup
[2020-01-13T13:44:51.861+0000][1][safepoint    ] Leaving safepoint region
[2020-01-13T13:44:51.861+0000][1][safepoint    ] Total time for which application threads were stopped: 0.0000960 seconds, Stopping threads took: 0.0000265 seconds
[2020-01-13T13:44:52.861+0000][1][safepoint    ] Application time: 1.0001107 seconds
[2020-01-13T13:44:52.862+0000][1][safepoint    ] Entering safepoint region: Cleanup
[2020-01-13T13:44:52.862+0000][1][safepoint    ] Leaving safepoint region
[2020-01-13T13:44:52.862+0000][1][safepoint    ] Total time for which application threads were stopped: 0.0007971 seconds, Stopping threads took: 0.0007195 seconds
[2020-01-13T13:44:53.862+0000][1][safepoint    ] Application time: 1.0001524 seconds
[2020-01-13T13:44:53.863+0000][1][safepoint    ] Entering safepoint region: Cleanup
[2020-01-13T13:44:53.863+0000][1][safepoint    ] Leaving safepoint region
[2020-01-13T13:44:53.864+0000][1][safepoint    ] Total time for which application threads were stopped: 0.0001326 seconds, Stopping threads took: 0.0000508 seconds
[2020-01-13T13:44:54.864+0000][1][safepoint    ] Application time: 1.0001496 seconds
[2020-01-13T13:44:54.864+0000][1][safepoint    ] Entering safepoint region: Cleanup
[2020-01-13T13:44:54.864+0000][1][safepoint    ] Leaving safepoint region
[2020-01-13T13:44:54.864+0000][1][safepoint    ] Total time for which application threads were stopped: 0.0001078 seconds, Stopping threads took: 0.0000297 seconds
[2020-01-13T13:44:55.864+0000][1][safepoint    ] Application time: 1.0001597 seconds
[2020-01-13T13:44:55.864+0000][1][safepoint    ] Entering safepoint region: Cleanup
[2020-01-13T13:44:55.864+0000][1][safepoint    ] Leaving safepoint region
[2020-01-13T13:44:55.864+0000][1][safepoint    ] Total time for which application threads were stopped: 0.0001533 seconds, Stopping threads took: 0.0000380 seconds
[2020-01-13T13:44:56.865+0000][1][safepoint    ] Application time: 1.0001724 seconds
[2020-01-13T13:44:56.865+0000][1][safepoint    ] Entering safepoint region: Cleanup
[2020-01-13T13:44:56.865+0000][1][safepoint    ] Leaving safepoint region
[2020-01-13T13:44:56.865+0000][1][safepoint    ] Total time for which application threads were stopped: 0.0001076 seconds, Stopping threads took: 0.0000446 seconds
[2020-01-13T13:44:57.865+0000][1][safepoint    ] Application time: 1.0006344 seconds
[2020-01-13T13:44:57.865+0000][1][safepoint    ] Entering safepoint region: Cleanup
[2020-01-13T13:44:57.866+0000][1][safepoint    ] Leaving safepoint region
[2020-01-13T13:44:57.866+0000][1][safepoint    ] Total time for which application threads were stopped: 0.0001442 seconds, Stopping threads took: 0.0000616 seconds
[2020-01-13T13:44:58.866+0000][1][safepoint    ] Application time: 1.0001556 seconds
[2020-01-13T13:44:58.867+0000][1][safepoint    ] Entering safepoint region: Cleanup
[2020-01-13T13:44:58.867+0000][1][safepoint    ] Leaving safepoint region
[2020-01-13T13:44:58.867+0000][1][safepoint    ] Total time for which application threads were stopped: 0.0001293 seconds, Stopping threads took: 0.0000446 seconds
[2020-01-13T13:44:59.867+0000][1][safepoint    ] Application time: 1.0001770 seconds
[2020-01-13T13:44:59.867+0000][1][safepoint    ] Entering safepoint region: Cleanup
[2020-01-13T13:44:59.867+0000][1][safepoint    ] Leaving safepoint region
[2020-01-13T13:44:59.867+0000][1][safepoint    ] Total time for which application threads were stopped: 0.0001271 seconds, Stopping threads took: 0.0000300 seconds
[2020-01-13T13:45:00.867+0000][1][safepoint    ] Application time: 1.0001631 seconds
[2020-01-13T13:45:00.867+0000][1][safepoint    ] Entering safepoint region: Cleanup
[2020-01-13T13:45:00.867+0000][1][safepoint    ] Leaving safepoint region
[2020-01-13T13:45:00.867+0000][1][safepoint    ] Total time for which application threads were stopped: 0.0001080 seconds, Stopping threads took: 0.0000379 seconds
[2020-01-13T13:45:01.868+0000][1][safepoint    ] Application time: 1.0001600 seconds
[2020-01-13T13:45:01.868+0000][1][safepoint    ] Entering safepoint region: Cleanup
[2020-01-13T13:45:01.868+0000][1][safepoint    ] Leaving safepoint region
[2020-01-13T13:45:01.868+0000][1][safepoint    ] Total time for which application threads were stopped: 0.0002188 seconds, Stopping threads took: 0.0000397 seconds
[2020-01-13T13:45:02.868+0000][1][safepoint    ] Application time: 1.0004015 seconds
[2020-01-13T13:45:02.869+0000][1][safepoint    ] Entering safepoint region: Cleanup
[2020-01-13T13:45:02.869+0000][1][safepoint    ] Leaving safepoint region
[2020-01-13T13:45:02.869+0000][1][safepoint    ] Total time for which application threads were stopped: 0.0001971 seconds, Stopping threads took: 0.0001031 seconds
[2020-01-13T13:45:03.869+0000][1][safepoint    ] Application time: 1.0001530 seconds
[2020-01-13T13:45:03.870+0000][1][safepoint    ] Entering safepoint region: Cleanup
[2020-01-13T13:45:03.870+0000][1][safepoint    ] Leaving safepoint region
[2020-01-13T13:45:03.870+0000][1][safepoint    ] Total time for which application threads were stopped: 0.0001789 seconds, Stopping threads took: 0.0000520 seconds
[2020-01-13T13:45:04.870+0000][1][safepoint    ] Application time: 1.0001621 seconds
[2020-01-13T13:45:04.870+0000][1][safepoint    ] Entering safepoint region: Cleanup
[2020-01-13T13:45:04.870+0000][1][safepoint    ] Leaving safepoint region
[2020-01-13T13:45:04.870+0000][1][safepoint    ] Total time for which application threads were stopped: 0.0001215 seconds, Stopping threads took: 0.0000288 seconds
[2020-01-13T13:45:05.871+0000][1][safepoint    ] Application time: 1.0002209 seconds
[2020-01-13T13:45:05.871+0000][1][safepoint    ] Entering safepoint region: Cleanup
[2020-01-13T13:45:05.871+0000][1][safepoint    ] Leaving safepoint region
[2020-01-13T13:45:05.871+0000][1][safepoint    ] Total time for which application threads were stopped: 0.0001237 seconds, Stopping threads took: 0.0000370 seconds
[2020-01-13T13:45:06.871+0000][1][safepoint    ] Application time: 1.0001513 seconds
[2020-01-13T13:45:06.871+0000][1][safepoint    ] Entering safepoint region: Cleanup
[2020-01-13T13:45:06.871+0000][1][safepoint    ] Leaving safepoint region
[2020-01-13T13:45:06.871+0000][1][safepoint    ] Total time for which application threads were stopped: 0.0001260 seconds, Stopping threads took: 0.0000374 seconds
[2020-01-13T13:45:07.871+0000][1][safepoint    ] Application time: 1.0001304 seconds
[2020-01-13T13:45:07.872+0000][1][safepoint    ] Entering safepoint region: Cleanup
[2020-01-13T13:45:07.872+0000][1][safepoint    ] Leaving safepoint region
[2020-01-13T13:45:07.872+0000][1][safepoint    ] Total time for which application threads were stopped: 0.0001522 seconds, Stopping threads took: 0.0000370 seconds
[2020-01-13T13:45:08.872+0000][1][safepoint    ] Application time: 1.0000931 seconds
[2020-01-13T13:45:08.873+0000][1][safepoint    ] Entering safepoint region: Cleanup
[2020-01-13T13:45:08.873+0000][1][safepoint    ] Leaving safepoint region
[2020-01-13T13:45:08.873+0000][1][safepoint    ] Total time for which application threads were stopped: 0.0001333 seconds, Stopping threads took: 0.0000496 seconds
[2020-01-13T13:45:09.873+0000][1][safepoint    ] Application time: 1.0001592 seconds
[2020-01-13T13:45:09.873+0000][1][safepoint    ] Entering safepoint region: Cleanup
[2020-01-13T13:45:09.873+0000][1][safepoint    ] Leaving safepoint region
[2020-01-13T13:45:09.873+0000][1][safepoint    ] Total time for which application threads were stopped: 0.0001302 seconds, Stopping threads took: 0.0000290 seconds
[2020-01-13T13:45:10.873+0000][1][safepoint    ] Application time: 1.0001646 seconds
[2020-01-13T13:45:10.873+0000][1][safepoint    ] Entering safepoint region: Cleanup
[2020-01-13T13:45:10.874+0000][1][safepoint    ] Leaving safepoint region
[2020-01-13T13:45:10.874+0000][1][safepoint    ] Total time for which application threads were stopped: 0.0001437 seconds, Stopping threads took: 0.0000338 seconds
[2020-01-13T13:45:11.874+0000][1][safepoint    ] Application time: 1.0001729 seconds
[2020-01-13T13:45:11.874+0000][1][safepoint    ] Entering safepoint region: Cleanup
[2020-01-13T13:45:11.874+0000][1][safepoint    ] Leaving safepoint region
[2020-01-13T13:45:11.874+0000][1][safepoint    ] Total time for which application threads were stopped: 0.0001022 seconds, Stopping threads took: 0.0000359 seconds
[2020-01-13T13:45:12.874+0000][1][safepoint    ] Application time: 1.0001601 seconds
[2020-01-13T13:45:12.874+0000][1][safepoint    ] Entering safepoint region: Cleanup
[2020-01-13T13:45:12.874+0000][1][safepoint    ] Leaving safepoint region
[2020-01-13T13:45:12.874+0000][1][safepoint    ] Total time for which application threads were stopped: 0.0001690 seconds, Stopping threads took: 0.0000568 seconds
[2020-01-13T13:45:13.875+0000][1][safepoint    ] Application time: 1.0002052 seconds
[2020-01-13T13:45:13.876+0000][1][safepoint    ] Entering safepoint region: Cleanup
[2020-01-13T13:45:13.876+0000][1][safepoint    ] Leaving safepoint region
[2020-01-13T13:45:13.876+0000][1][safepoint    ] Total time for which application threads were stopped: 0.0001264 seconds, Stopping threads took: 0.0000493 seconds
[2020-01-13T13:45:14.876+0000][1][safepoint    ] Application time: 1.0001524 seconds
[2020-01-13T13:45:14.876+0000][1][safepoint    ] Entering safepoint region: Cleanup
[2020-01-13T13:45:14.876+0000][1][safepoint    ] Leaving safepoint region
[2020-01-13T13:45:14.876+0000][1][safepoint    ] Total time for which application threads were stopped: 0.0000951 seconds, Stopping threads took: 0.0000280 seconds
[2020-01-13T13:45:15.876+0000][1][safepoint    ] Application time: 1.0001474 seconds
[2020-01-13T13:45:15.876+0000][1][safepoint    ] Entering safepoint region: Cleanup
[2020-01-13T13:45:15.876+0000][1][safepoint    ] Leaving safepoint region
[2020-01-13T13:45:15.876+0000][1][safepoint    ] Total time for which application threads were stopped: 0.0001020 seconds, Stopping threads took: 0.0000289 seconds
[2020-01-13T13:45:16.877+0000][1][safepoint    ] Application time: 1.0001880 seconds
[2020-01-13T13:45:16.877+0000][1][safepoint    ] Entering safepoint region: Cleanup
[2020-01-13T13:45:16.877+0000][1][safepoint    ] Leaving safepoint region
[2020-01-13T13:45:16.877+0000][1][safepoint    ] Total time for which application threads were stopped: 0.0000991 seconds, Stopping threads took: 0.0000295 seconds
[2020-01-13T13:45:17.877+0000][1][safepoint    ] Application time: 1.0000973 seconds
[2020-01-13T13:45:17.877+0000][1][safepoint    ] Entering safepoint region: Cleanup
[2020-01-13T13:45:17.877+0000][1][safepoint    ] Leaving safepoint region
[2020-01-13T13:45:17.877+0000][1][safepoint    ] Total time for which application threads were stopped: 0.0000970 seconds, Stopping threads took: 0.0000302 seconds
[2020-01-13T13:45:18.877+0000][1][safepoint    ] Application time: 1.0001586 seconds
[2020-01-13T13:45:18.877+0000][1][safepoint    ] Entering safepoint region: Cleanup
[2020-01-13T13:45:18.877+0000][1][safepoint    ] Leaving safepoint region
[2020-01-13T13:45:18.877+0000][1][safepoint    ] Total time for which application threads were stopped: 0.0001425 seconds, Stopping threads took: 0.0000345 seconds
[2020-01-13T13:45:19.878+0000][1][safepoint    ] Application time: 1.0001482 seconds
[2020-01-13T13:45:19.878+0000][1][safepoint    ] Entering safepoint region: Cleanup
[2020-01-13T13:45:19.878+0000][1][safepoint    ] Leaving safepoint region
[2020-01-13T13:45:19.878+0000][1][safepoint    ] Total time for which application threads were stopped: 0.0001122 seconds, Stopping threads took: 0.0000274 seconds
[2020-01-13T13:45:20.878+0000][1][safepoint    ] Application time: 1.0001505 seconds
[2020-01-13T13:45:20.878+0000][1][safepoint    ] Entering safepoint region: Cleanup
[2020-01-13T13:45:20.878+0000][1][safepoint    ] Leaving safepoint region
[2020-01-13T13:45:20.878+0000][1][safepoint    ] Total time for which application threads were stopped: 0.0000948 seconds, Stopping threads took: 0.0000270 seconds
[2020-01-13T13:45:21.878+0000][1][safepoint    ] Application time: 1.0001445 seconds
[2020-01-13T13:45:21.878+0000][1][safepoint    ] Entering safepoint region: Cleanup
[2020-01-13T13:45:21.878+0000][1][safepoint    ] Leaving safepoint region
[2020-01-13T13:45:21.878+0000][1][safepoint    ] Total time for which application threads were stopped: 0.0001141 seconds, Stopping threads took: 0.0000268 seconds
[2020-01-13T13:45:22.879+0000][1][safepoint    ] Application time: 1.0001481 seconds
[2020-01-13T13:45:22.879+0000][1][safepoint    ] Entering safepoint region: Cleanup
[2020-01-13T13:45:22.879+0000][1][safepoint    ] Leaving safepoint region
[2020-01-13T13:45:22.879+0000][1][safepoint    ] Total time for which application threads were stopped: 0.0001012 seconds, Stopping threads took: 0.0000281 seconds
[2020-01-13T13:45:23.879+0000][1][safepoint    ] Application time: 1.0001332 seconds
[2020-01-13T13:45:23.880+0000][1][safepoint    ] Entering safepoint region: Cleanup
[2020-01-13T13:45:23.880+0000][1][safepoint    ] Leaving safepoint region
[2020-01-13T13:45:23.880+0000][1][safepoint    ] Total time for which application threads were stopped: 0.0001812 seconds, Stopping threads took: 0.0000547 seconds
[2020-01-13T13:45:24.880+0000][1][safepoint    ] Application time: 1.0001245 seconds
[2020-01-13T13:45:24.880+0000][1][safepoint    ] Entering safepoint region: Cleanup
[2020-01-13T13:45:24.881+0000][1][safepoint    ] Leaving safepoint region
[2020-01-13T13:45:24.881+0000][1][safepoint    ] Total time for which application threads were stopped: 0.0001319 seconds, Stopping threads took: 0.0000329 seconds
[2020-01-13T13:45:25.265+0000][1][safepoint    ] Application time: 0.3845114 seconds
[2020-01-13T13:45:25.265+0000][1][safepoint    ] Entering safepoint region: GenCollectForAllocation
[2020-01-13T13:45:25.265+0000][1][gc,start     ] GC(31) Pause Young (Allocation Failure)
[2020-01-13T13:45:25.265+0000][1][gc,task      ] GC(31) Using 1 workers of 1 for evacuation
[2020-01-13T13:45:25.271+0000][1][gc,age       ] GC(31) Desired survivor size 4358144 bytes, new threshold 6 (max threshold 6)
[2020-01-13T13:45:25.271+0000][1][gc,age       ] GC(31) Age table with threshold 6 (max threshold 6)
[2020-01-13T13:45:25.271+0000][1][gc,age       ] GC(31) - age   1:     600704 bytes,     600704 total
[2020-01-13T13:45:25.271+0000][1][gc,age       ] GC(31) - age   2:       4824 bytes,     605528 total
[2020-01-13T13:45:25.271+0000][1][gc,age       ] GC(31) - age   3:      22448 bytes,     627976 total
[2020-01-13T13:45:25.271+0000][1][gc,age       ] GC(31) - age   4:       6608 bytes,     634584 total
[2020-01-13T13:45:25.271+0000][1][gc,age       ] GC(31) - age   5:      10320 bytes,     644904 total
[2020-01-13T13:45:25.271+0000][1][gc,age       ] GC(31) - age   6:       7672 bytes,     652576 total
[2020-01-13T13:45:25.271+0000][1][gc,heap      ] GC(31) ParNew: 68865K->653K(76672K)
[2020-01-13T13:45:25.271+0000][1][gc,heap      ] GC(31) CMS: 67582K->67587K(176960K)
[2020-01-13T13:45:25.271+0000][1][gc,metaspace ] GC(31) Metaspace: 65988K->65988K(1110016K)
[2020-01-13T13:45:25.271+0000][1][gc           ] GC(31) Pause Young (Allocation Failure) 133M->66M(247M) 5.634ms
[2020-01-13T13:45:25.271+0000][1][gc,cpu       ] GC(31) User=0.00s Sys=0.00s Real=0.01s
[2020-01-13T13:45:25.271+0000][1][safepoint    ] Leaving safepoint region
[2020-01-13T13:45:25.271+0000][1][safepoint    ] Total time for which application threads were stopped: 0.0058788 seconds, Stopping threads took: 0.0000345 seconds
[2020-01-13T13:45:26.272+0000][1][safepoint    ] Application time: 1.0011681 seconds
[2020-01-13T13:45:26.272+0000][1][safepoint    ] Entering safepoint region: Cleanup
[2020-01-13T13:45:26.272+0000][1][safepoint    ] Leaving safepoint region
[2020-01-13T13:45:26.272+0000][1][safepoint    ] Total time for which application threads were stopped: 0.0001386 seconds, Stopping threads took: 0.0000482 seconds
[2020-01-13T13:45:27.273+0000][1][safepoint    ] Application time: 1.0001434 seconds
[2020-01-13T13:45:27.273+0000][1][safepoint    ] Entering safepoint region: Cleanup
[2020-01-13T13:45:27.273+0000][1][safepoint    ] Leaving safepoint region
[2020-01-13T13:45:27.273+0000][1][safepoint    ] Total time for which application threads were stopped: 0.0001339 seconds, Stopping threads took: 0.0000358 seconds
[2020-01-13T13:45:28.273+0000][1][safepoint    ] Application time: 1.0001581 seconds
[2020-01-13T13:45:28.273+0000][1][safepoint    ] Entering safepoint region: Cleanup
[2020-01-13T13:45:28.273+0000][1][safepoint    ] Leaving safepoint region
[2020-01-13T13:45:28.273+0000][1][safepoint    ] Total time for which application threads were stopped: 0.0002636 seconds, Stopping threads took: 0.0001525 seconds
[2020-01-13T13:45:29.273+0000][1][safepoint    ] Application time: 1.0001372 seconds
[2020-01-13T13:45:29.274+0000][1][safepoint    ] Entering safepoint region: Cleanup
[2020-01-13T13:45:29.274+0000][1][safepoint    ] Leaving safepoint region
[2020-01-13T13:45:29.274+0000][1][safepoint    ] Total time for which application threads were stopped: 0.0001433 seconds, Stopping threads took: 0.0000331 seconds
[2020-01-13T13:45:30.274+0000][1][safepoint    ] Application time: 1.0001363 seconds
[2020-01-13T13:45:30.274+0000][1][safepoint    ] Entering safepoint region: Cleanup
[2020-01-13T13:45:30.274+0000][1][safepoint    ] Leaving safepoint region
[2020-01-13T13:45:30.274+0000][1][safepoint    ] Total time for which application threads were stopped: 0.0001431 seconds, Stopping threads took: 0.0000323 seconds
[2020-01-13T13:45:31.274+0000][1][safepoint    ] Application time: 1.0001377 seconds
[2020-01-13T13:45:31.274+0000][1][safepoint    ] Entering safepoint region: Cleanup
[2020-01-13T13:45:31.274+0000][1][safepoint    ] Leaving safepoint region
[2020-01-13T13:45:31.274+0000][1][safepoint    ] Total time for which application threads were stopped: 0.0001355 seconds, Stopping threads took: 0.0000326 seconds
[2020-01-13T13:45:32.275+0000][1][safepoint    ] Application time: 1.0001078 seconds
[2020-01-13T13:45:32.275+0000][1][safepoint    ] Entering safepoint region: Cleanup
[2020-01-13T13:45:32.275+0000][1][safepoint    ] Leaving safepoint region
[2020-01-13T13:45:32.275+0000][1][safepoint    ] Total time for which application threads were stopped: 0.0000943 seconds, Stopping threads took: 0.0000236 seconds
[2020-01-13T13:45:33.275+0000][1][safepoint    ] Application time: 1.0000818 seconds
[2020-01-13T13:45:33.275+0000][1][safepoint    ] Entering safepoint region: Cleanup
[2020-01-13T13:45:33.275+0000][1][safepoint    ] Leaving safepoint region
[2020-01-13T13:45:33.275+0000][1][safepoint    ] Total time for which application threads were stopped: 0.0000901 seconds, Stopping threads took: 0.0000297 seconds
[2020-01-13T13:45:34.275+0000][1][safepoint    ] Application time: 1.0000829 seconds
[2020-01-13T13:45:34.275+0000][1][safepoint    ] Entering safepoint region: Cleanup
[2020-01-13T13:45:34.275+0000][1][safepoint    ] Leaving safepoint region
[2020-01-13T13:45:34.275+0000][1][safepoint    ] Total time for which application threads were stopped: 0.0001101 seconds, Stopping threads took: 0.0000237 seconds
[2020-01-13T13:45:35.275+0000][1][safepoint    ] Application time: 1.0001219 seconds
[2020-01-13T13:45:35.275+0000][1][safepoint    ] Entering safepoint region: Cleanup
[2020-01-13T13:45:35.275+0000][1][safepoint    ] Leaving safepoint region
[2020-01-13T13:45:35.275+0000][1][safepoint    ] Total time for which application threads were stopped: 0.0001180 seconds, Stopping threads took: 0.0000371 seconds
[2020-01-13T13:45:36.276+0000][1][safepoint    ] Application time: 1.0001140 seconds
[2020-01-13T13:45:36.276+0000][1][safepoint    ] Entering safepoint region: Cleanup
[2020-01-13T13:45:36.276+0000][1][safepoint    ] Leaving safepoint region
[2020-01-13T13:45:36.276+0000][1][safepoint    ] Total time for which application threads were stopped: 0.0000869 seconds, Stopping threads took: 0.0000227 seconds
[2020-01-13T13:45:37.276+0000][1][safepoint    ] Application time: 1.0001064 seconds
[2020-01-13T13:45:37.276+0000][1][safepoint    ] Entering safepoint region: Cleanup
[2020-01-13T13:45:37.276+0000][1][safepoint    ] Leaving safepoint region
[2020-01-13T13:45:37.276+0000][1][safepoint    ] Total time for which application threads were stopped: 0.0001151 seconds, Stopping threads took: 0.0000309 seconds
[2020-01-13T13:45:37.984+0000][1][safepoint    ] Application time: 0.7076827 seconds
[2020-01-13T13:45:37.984+0000][1][safepoint    ] Entering safepoint region: RevokeBias
[2020-01-13T13:45:37.984+0000][1][safepoint    ] Leaving safepoint region
[2020-01-13T13:45:37.984+0000][1][safepoint    ] Total time for which application threads were stopped: 0.0001194 seconds, Stopping threads took: 0.0000506 seconds
[2020-01-13T13:45:37.984+0000][1][safepoint    ] Application time: 0.0000946 seconds
[2020-01-13T13:45:37.984+0000][1][safepoint    ] Entering safepoint region: RevokeBias
[2020-01-13T13:45:37.984+0000][1][safepoint    ] Leaving safepoint region
[2020-01-13T13:45:37.984+0000][1][safepoint    ] Total time for which application threads were stopped: 0.0000358 seconds, Stopping threads took: 0.0000151 seconds
[2020-01-13T13:45:37.985+0000][1][safepoint    ] Application time: 0.0012380 seconds
[2020-01-13T13:45:37.987+0000][1][safepoint    ] Entering safepoint region: RevokeBias
[2020-01-13T13:45:37.987+0000][1][safepoint    ] Leaving safepoint region
[2020-01-13T13:45:37.987+0000][1][safepoint    ] Total time for which application threads were stopped: 0.0021155 seconds, Stopping threads took: 0.0020484 seconds
[2020-01-13T13:45:37.988+0000][1][safepoint    ] Application time: 0.0001964 seconds
[2020-01-13T13:45:37.988+0000][1][safepoint    ] Entering safepoint region: RevokeBias
[2020-01-13T13:45:37.988+0000][1][safepoint    ] Leaving safepoint region
[2020-01-13T13:45:37.988+0000][1][safepoint    ] Total time for which application threads were stopped: 0.0000452 seconds, Stopping threads took: 0.0000096 seconds
[2020-01-13T13:45:37.990+0000][1][safepoint    ] Application time: 0.0019961 seconds
[2020-01-13T13:45:37.990+0000][1][safepoint    ] Entering safepoint region: RevokeBias
[2020-01-13T13:45:37.990+0000][1][safepoint    ] Leaving safepoint region
[2020-01-13T13:45:37.990+0000][1][safepoint    ] Total time for which application threads were stopped: 0.0000871 seconds, Stopping threads took: 0.0000221 seconds
[2020-01-13T13:45:37.990+0000][1][safepoint    ] Application time: 0.0004340 seconds
[2020-01-13T13:45:37.991+0000][1][safepoint    ] Entering safepoint region: RevokeBias
[2020-01-13T13:45:37.991+0000][1][safepoint    ] Leaving safepoint region
[2020-01-13T13:45:37.991+0000][1][safepoint    ] Total time for which application threads were stopped: 0.0007604 seconds, Stopping threads took: 0.0006799 seconds
[2020-01-13T13:45:37.992+0000][1][safepoint    ] Application time: 0.0007812 seconds
[2020-01-13T13:45:37.992+0000][1][safepoint    ] Entering safepoint region: RevokeBias
[2020-01-13T13:45:37.992+0000][1][safepoint    ] Leaving safepoint region
[2020-01-13T13:45:37.992+0000][1][safepoint    ] Total time for which application threads were stopped: 0.0002274 seconds, Stopping threads took: 0.0001879 seconds
[2020-01-13T13:45:37.994+0000][1][safepoint    ] Application time: 0.0017762 seconds
[2020-01-13T13:45:37.995+0000][1][safepoint    ] Entering safepoint region: RevokeBias
[2020-01-13T13:45:37.995+0000][1][safepoint    ] Leaving safepoint region
[2020-01-13T13:45:37.995+0000][1][safepoint    ] Total time for which application threads were stopped: 0.0015597 seconds, Stopping threads took: 0.0014980 seconds
[2020-01-13T13:45:37.996+0000][1][safepoint    ] Application time: 0.0008224 seconds
[2020-01-13T13:45:37.998+0000][1][safepoint    ] Entering safepoint region: RevokeBias
[2020-01-13T13:45:37.998+0000][1][safepoint    ] Leaving safepoint region
[2020-01-13T13:45:37.998+0000][1][safepoint    ] Total time for which application threads were stopped: 0.0015765 seconds, Stopping threads took: 0.0015002 seconds
[2020-01-13T13:45:37.998+0000][1][safepoint    ] Application time: 0.0003752 seconds
[2020-01-13T13:45:37.998+0000][1][safepoint    ] Entering safepoint region: RevokeBias
[2020-01-13T13:45:37.998+0000][1][safepoint    ] Leaving safepoint region
[2020-01-13T13:45:37.998+0000][1][safepoint    ] Total time for which application threads were stopped: 0.0000967 seconds, Stopping threads took: 0.0000238 seconds
[2020-01-13T13:45:37.999+0000][1][safepoint    ] Application time: 0.0004386 seconds
[2020-01-13T13:45:38.001+0000][1][safepoint    ] Entering safepoint region: RevokeBias
[2020-01-13T13:45:38.001+0000][1][safepoint    ] Leaving safepoint region
[2020-01-13T13:45:38.001+0000][1][safepoint    ] Total time for which application threads were stopped: 0.0020825 seconds, Stopping threads took: 0.0020219 seconds
[2020-01-13T13:45:38.004+0000][1][safepoint    ] Application time: 0.0034303 seconds
[2020-01-13T13:45:38.004+0000][1][safepoint    ] Entering safepoint region: RevokeBias
[2020-01-13T13:45:38.005+0000][1][safepoint    ] Leaving safepoint region
[2020-01-13T13:45:38.005+0000][1][safepoint    ] Total time for which application threads were stopped: 0.0001664 seconds, Stopping threads took: 0.0001004 seconds
[2020-01-13T13:45:38.222+0000][1][safepoint    ] Application time: 0.2176099 seconds
[2020-01-13T13:45:38.222+0000][1][safepoint    ] Entering safepoint region: RevokeBias
[2020-01-13T13:45:38.222+0000][1][safepoint    ] Leaving safepoint region
[2020-01-13T13:45:38.222+0000][1][safepoint    ] Total time for which application threads were stopped: 0.0001974 seconds, Stopping threads took: 0.0000186 seconds
[2020-01-13T13:45:38.226+0000][1][safepoint    ] Application time: 0.0036272 seconds
[2020-01-13T13:45:38.226+0000][1][safepoint    ] Entering safepoint region: RevokeBias
[2020-01-13T13:45:38.226+0000][1][safepoint    ] Leaving safepoint region
[2020-01-13T13:45:38.226+0000][1][safepoint    ] Total time for which application threads were stopped: 0.0000955 seconds, Stopping threads took: 0.0000194 seconds
[2020-01-13T13:45:38.226+0000][1][safepoint    ] Application time: 0.0002388 seconds
[2020-01-13T13:45:38.226+0000][1][safepoint    ] Entering safepoint region: RevokeBias
[2020-01-13T13:45:38.226+0000][1][safepoint    ] Leaving safepoint region
[2020-01-13T13:45:38.226+0000][1][safepoint    ] Total time for which application threads were stopped: 0.0000480 seconds, Stopping threads took: 0.0000114 seconds
[2020-01-13T13:45:38.227+0000][1][safepoint    ] Application time: 0.0005898 seconds
[2020-01-13T13:45:38.227+0000][1][safepoint    ] Entering safepoint region: RevokeBias
[2020-01-13T13:45:38.227+0000][1][safepoint    ] Leaving safepoint region
[2020-01-13T13:45:38.227+0000][1][safepoint    ] Total time for which application threads were stopped: 0.0000681 seconds, Stopping threads took: 0.0000247 seconds
[2020-01-13T13:45:38.229+0000][1][safepoint    ] Application time: 0.0016903 seconds
[2020-01-13T13:45:38.229+0000][1][safepoint    ] Entering safepoint region: RevokeBias
[2020-01-13T13:45:38.229+0000][1][safepoint    ] Leaving safepoint region
[2020-01-13T13:45:38.229+0000][1][safepoint    ] Total time for which application threads were stopped: 0.0001103 seconds, Stopping threads took: 0.0000568 seconds
[2020-01-13T13:45:38.232+0000][1][safepoint    ] Application time: 0.0025840 seconds
[2020-01-13T13:45:38.232+0000][1][safepoint    ] Entering safepoint region: RevokeBias
[2020-01-13T13:45:38.232+0000][1][safepoint    ] Leaving safepoint region
[2020-01-13T13:45:38.232+0000][1][safepoint    ] Total time for which application threads were stopped: 0.0007283 seconds, Stopping threads took: 0.0006318 seconds
[2020-01-13T13:45:38.233+0000][1][safepoint    ] Application time: 0.0010316 seconds
[2020-01-13T13:45:38.234+0000][1][safepoint    ] Entering safepoint region: RevokeBias
[2020-01-13T13:45:38.234+0000][1][safepoint    ] Leaving safepoint region
[2020-01-13T13:45:38.234+0000][1][safepoint    ] Total time for which application threads were stopped: 0.0002045 seconds, Stopping threads took: 0.0001586 seconds
[2020-01-13T13:45:38.234+0000][1][safepoint    ] Application time: 0.0000379 seconds
[2020-01-13T13:45:38.234+0000][1][safepoint    ] Entering safepoint region: RevokeBias
[2020-01-13T13:45:38.234+0000][1][safepoint    ] Leaving safepoint region
[2020-01-13T13:45:38.234+0000][1][safepoint    ] Total time for which application threads were stopped: 0.0000256 seconds, Stopping threads took: 0.0000067 seconds
[2020-01-13T13:45:38.234+0000][1][safepoint    ] Application time: 0.0000231 seconds
[2020-01-13T13:45:38.234+0000][1][safepoint    ] Entering safepoint region: RevokeBias
[2020-01-13T13:45:38.234+0000][1][safepoint    ] Leaving safepoint region
[2020-01-13T13:45:38.234+0000][1][safepoint    ] Total time for which application threads were stopped: 0.0000239 seconds, Stopping threads took: 0.0000060 seconds
[2020-01-13T13:45:38.237+0000][1][safepoint    ] Application time: 0.0029661 seconds
[2020-01-13T13:45:38.237+0000][1][safepoint    ] Entering safepoint region: RevokeBias
[2020-01-13T13:45:38.237+0000][1][safepoint    ] Leaving safepoint region
[2020-01-13T13:45:38.237+0000][1][safepoint    ] Total time for which application threads were stopped: 0.0001254 seconds, Stopping threads took: 0.0000475 seconds
[2020-01-13T13:45:38.245+0000][1][safepoint    ] Application time: 0.0083812 seconds
[2020-01-13T13:45:38.245+0000][1][safepoint    ] Entering safepoint region: RevokeBias
[2020-01-13T13:45:38.245+0000][1][safepoint    ] Leaving safepoint region
[2020-01-13T13:45:38.245+0000][1][safepoint    ] Total time for which application threads were stopped: 0.0000892 seconds, Stopping threads took: 0.0000348 seconds
[2020-01-13T13:45:38.277+0000][1][safepoint    ] Application time: 0.0319779 seconds
[2020-01-13T13:45:38.277+0000][1][safepoint    ] Entering safepoint region: RevokeBias
[2020-01-13T13:45:38.278+0000][1][safepoint    ] Leaving safepoint region
[2020-01-13T13:45:38.278+0000][1][safepoint    ] Total time for which application threads were stopped: 0.0001027 seconds, Stopping threads took: 0.0000306 seconds
[2020-01-13T13:45:38.278+0000][1][safepoint    ] Application time: 0.0000598 seconds
[2020-01-13T13:45:38.278+0000][1][safepoint    ] Entering safepoint region: RevokeBias
[2020-01-13T13:45:38.278+0000][1][safepoint    ] Leaving safepoint region
[2020-01-13T13:45:38.278+0000][1][safepoint    ] Total time for which application threads were stopped: 0.0000334 seconds, Stopping threads took: 0.0000127 seconds
[2020-01-13T13:45:38.278+0000][1][safepoint    ] Application time: 0.0000341 seconds
[2020-01-13T13:45:38.278+0000][1][safepoint    ] Entering safepoint region: RevokeBias
[2020-01-13T13:45:38.278+0000][1][safepoint    ] Leaving safepoint region
[2020-01-13T13:45:38.278+0000][1][safepoint    ] Total time for which application threads were stopped: 0.0000308 seconds, Stopping threads took: 0.0000123 seconds
[2020-01-13T13:45:38.280+0000][1][safepoint    ] Application time: 0.0021047 seconds
[2020-01-13T13:45:38.280+0000][1][safepoint    ] Entering safepoint region: RevokeBias
[2020-01-13T13:45:38.280+0000][1][safepoint    ] Leaving safepoint region
[2020-01-13T13:45:38.280+0000][1][safepoint    ] Total time for which application threads were stopped: 0.0000921 seconds, Stopping threads took: 0.0000242 seconds
[2020-01-13T13:45:38.281+0000][1][safepoint    ] Application time: 0.0007749 seconds
[2020-01-13T13:45:38.281+0000][1][safepoint    ] Entering safepoint region: RevokeBias
[2020-01-13T13:45:38.281+0000][1][safepoint    ] Leaving safepoint region
[2020-01-13T13:45:38.281+0000][1][safepoint    ] Total time for which application threads were stopped: 0.0000515 seconds, Stopping threads took: 0.0000175 seconds
[2020-01-13T13:45:38.281+0000][1][safepoint    ] Application time: 0.0005687 seconds
[2020-01-13T13:45:38.281+0000][1][safepoint    ] Entering safepoint region: RevokeBias
[2020-01-13T13:45:38.281+0000][1][safepoint    ] Leaving safepoint region
[2020-01-13T13:45:38.281+0000][1][safepoint    ] Total time for which application threads were stopped: 0.0000506 seconds, Stopping threads took: 0.0000173 seconds
[2020-01-13T13:45:38.282+0000][1][safepoint    ] Application time: 0.0002146 seconds
[2020-01-13T13:45:38.282+0000][1][safepoint    ] Entering safepoint region: RevokeBias
[2020-01-13T13:45:38.282+0000][1][safepoint    ] Leaving safepoint region
[2020-01-13T13:45:38.282+0000][1][safepoint    ] Total time for which application threads were stopped: 0.0000347 seconds, Stopping threads took: 0.0000142 seconds
[2020-01-13T13:45:38.287+0000][1][safepoint    ] Application time: 0.0050410 seconds
[2020-01-13T13:45:38.287+0000][1][safepoint    ] Entering safepoint region: RevokeBias
[2020-01-13T13:45:38.287+0000][1][safepoint    ] Leaving safepoint region
[2020-01-13T13:45:38.287+0000][1][safepoint    ] Total time for which application threads were stopped: 0.0000666 seconds, Stopping threads took: 0.0000199 seconds
[2020-01-13T13:45:38.291+0000][1][safepoint    ] Application time: 0.0036691 seconds
[2020-01-13T13:45:38.291+0000][1][safepoint    ] Entering safepoint region: RevokeBias
[2020-01-13T13:45:38.291+0000][1][safepoint    ] Leaving safepoint region
[2020-01-13T13:45:38.291+0000][1][safepoint    ] Total time for which application threads were stopped: 0.0000663 seconds, Stopping threads took: 0.0000256 seconds
[2020-01-13T13:45:38.291+0000][1][safepoint    ] Application time: 0.0001736 seconds
[2020-01-13T13:45:38.291+0000][1][safepoint    ] Entering safepoint region: RevokeBias
[2020-01-13T13:45:38.291+0000][1][safepoint    ] Leaving safepoint region
[2020-01-13T13:45:38.291+0000][1][safepoint    ] Total time for which application threads were stopped: 0.0000440 seconds, Stopping threads took: 0.0000198 seconds
[2020-01-13T13:45:38.291+0000][1][safepoint    ] Application time: 0.0001245 seconds
[2020-01-13T13:45:38.291+0000][1][safepoint    ] Entering safepoint region: RevokeBias
[2020-01-13T13:45:38.291+0000][1][safepoint    ] Leaving safepoint region
[2020-01-13T13:45:38.291+0000][1][safepoint    ] Total time for which application threads were stopped: 0.0000415 seconds, Stopping threads took: 0.0000181 seconds
[2020-01-13T13:45:38.291+0000][1][safepoint    ] Application time: 0.0000627 seconds
[2020-01-13T13:45:38.291+0000][1][safepoint    ] Entering safepoint region: RevokeBias
[2020-01-13T13:45:38.291+0000][1][safepoint    ] Leaving safepoint region
[2020-01-13T13:45:38.291+0000][1][safepoint    ] Total time for which application threads were stopped: 0.0000336 seconds, Stopping threads took: 0.0000174 seconds
[2020-01-13T13:45:38.297+0000][1][safepoint    ] Application time: 0.0056348 seconds
[2020-01-13T13:45:38.297+0000][1][safepoint    ] Entering safepoint region: RevokeBias
[2020-01-13T13:45:38.297+0000][1][safepoint    ] Leaving safepoint region
[2020-01-13T13:45:38.297+0000][1][safepoint    ] Total time for which application threads were stopped: 0.0001184 seconds, Stopping threads took: 0.0000404 seconds
[2020-01-13T13:45:38.297+0000][1][safepoint    ] Application time: 0.0003254 seconds
[2020-01-13T13:45:38.297+0000][1][safepoint    ] Entering safepoint region: RevokeBias
[2020-01-13T13:45:38.297+0000][1][safepoint    ] Leaving safepoint region
[2020-01-13T13:45:38.297+0000][1][safepoint    ] Total time for which application threads were stopped: 0.0000666 seconds, Stopping threads took: 0.0000255 seconds
[2020-01-13T13:45:38.307+0000][1][gc,heap,exit ] Heap
[2020-01-13T13:45:38.307+0000][1][gc,heap,exit ]  par new generation   total 76672K, used 30144K [0x00000000f0000000, 0x00000000f5330000, 0x00000000f5330000)
[2020-01-13T13:45:38.307+0000][1][gc,heap,exit ]   eden space 68160K,  43% used [0x00000000f0000000, 0x00000000f1cccc60, 0x00000000f4290000)
[2020-01-13T13:45:38.307+0000][1][gc,heap,exit ]   from space 8512K,   7% used [0x00000000f4290000, 0x00000000f43335b8, 0x00000000f4ae0000)
[2020-01-13T13:45:38.307+0000][1][gc,heap,exit ]   to   space 8512K,   0% used [0x00000000f4ae0000, 0x00000000f4ae0000, 0x00000000f5330000)
[2020-01-13T13:45:38.307+0000][1][gc,heap,exit ]  concurrent mark-sweep generation total 176960K, used 67587K [0x00000000f5330000, 0x0000000100000000, 0x0000000100000000)
[2020-01-13T13:45:38.307+0000][1][gc,heap,exit ]  Metaspace       used 66158K, capacity 71038K, committed 71264K, reserved 1110016K
[2020-01-13T13:45:38.307+0000][1][gc,heap,exit ]   class space    used 8814K, capacity 10850K, committed 10952K, reserved 1048576K
[2020-01-13T13:45:38.307+0000][1][safepoint    ] Application time: 0.0093720 seconds
[2020-01-13T13:45:38.307+0000][1][safepoint    ] Entering safepoint region: Exit
