[2020-01-13T13:57:02.510+0000][1][gc] Using Concurrent Mark Sweep
[2020-01-13T13:57:02.510+0000][1][gc,heap,coops] Heap address: 0x00000000f0000000, size: 256 MB, Compressed Oops mode: 32-bit
[2020-01-13T13:57:02.590+0000][1][safepoint    ] Entering safepoint region: EnableBiasedLocking
[2020-01-13T13:57:02.590+0000][1][safepoint    ] Leaving safepoint region
[2020-01-13T13:57:02.590+0000][1][safepoint    ] Total time for which application threads were stopped: 0.0021603 seconds, Stopping threads took: 0.0020685 seconds
[2020-01-13T13:57:02.597+0000][1][safepoint    ] Application time: 0.0067706 seconds
[2020-01-13T13:57:02.597+0000][1][safepoint    ] Entering safepoint region: RevokeBias
[2020-01-13T13:57:02.597+0000][1][safepoint    ] Leaving safepoint region
[2020-01-13T13:57:02.597+0000][1][safepoint    ] Total time for which application threads were stopped: 0.0000887 seconds, Stopping threads took: 0.0000350 seconds
[2020-01-13T13:57:02.621+0000][1][safepoint    ] Application time: 0.0241566 seconds
[2020-01-13T13:57:02.621+0000][1][safepoint    ] Entering safepoint region: Deoptimize
[2020-01-13T13:57:02.621+0000][1][safepoint    ] Leaving safepoint region
[2020-01-13T13:57:02.621+0000][1][safepoint    ] Total time for which application threads were stopped: 0.0000879 seconds, Stopping threads took: 0.0000217 seconds
[2020-01-13T13:57:02.855+0000][1][safepoint    ] Application time: 0.2335298 seconds
[2020-01-13T13:57:02.855+0000][1][safepoint    ] Entering safepoint region: Deoptimize
[2020-01-13T13:57:02.855+0000][1][safepoint    ] Leaving safepoint region
[2020-01-13T13:57:02.855+0000][1][safepoint    ] Total time for which application threads were stopped: 0.0001423 seconds, Stopping threads took: 0.0000216 seconds
[2020-01-13T13:57:03.478+0000][1][safepoint    ] Application time: 0.6225099 seconds
[2020-01-13T13:57:03.478+0000][1][safepoint    ] Entering safepoint region: Deoptimize
[2020-01-13T13:57:03.479+0000][1][safepoint    ] Leaving safepoint region
[2020-01-13T13:57:03.479+0000][1][safepoint    ] Total time for which application threads were stopped: 0.0009802 seconds, Stopping threads took: 0.0007251 seconds
[2020-01-13T13:57:03.547+0000][1][safepoint    ] Application time: 0.0688198 seconds
[2020-01-13T13:57:03.548+0000][1][safepoint    ] Entering safepoint region: Deoptimize
[2020-01-13T13:57:03.548+0000][1][safepoint    ] Leaving safepoint region
[2020-01-13T13:57:03.548+0000][1][safepoint    ] Total time for which application threads were stopped: 0.0001836 seconds, Stopping threads took: 0.0000215 seconds
[2020-01-13T13:57:03.619+0000][1][safepoint    ] Application time: 0.0717064 seconds
[2020-01-13T13:57:03.619+0000][1][safepoint    ] Entering safepoint region: Deoptimize
[2020-01-13T13:57:03.620+0000][1][safepoint    ] Leaving safepoint region
[2020-01-13T13:57:03.620+0000][1][safepoint    ] Total time for which application threads were stopped: 0.0002081 seconds, Stopping threads took: 0.0000186 seconds
[2020-01-13T13:57:03.652+0000][1][safepoint    ] Application time: 0.0324801 seconds
[2020-01-13T13:57:03.652+0000][1][safepoint    ] Entering safepoint region: Deoptimize
[2020-01-13T13:57:03.652+0000][1][safepoint    ] Leaving safepoint region
[2020-01-13T13:57:03.652+0000][1][safepoint    ] Total time for which application threads were stopped: 0.0002389 seconds, Stopping threads took: 0.0000341 seconds
[2020-01-13T13:57:04.543+0000][1][safepoint    ] Application time: 0.8900947 seconds
[2020-01-13T13:57:04.543+0000][1][safepoint    ] Entering safepoint region: Deoptimize
[2020-01-13T13:57:04.543+0000][1][safepoint    ] Leaving safepoint region
[2020-01-13T13:57:04.543+0000][1][safepoint    ] Total time for which application threads were stopped: 0.0003318 seconds, Stopping threads took: 0.0000196 seconds
[2020-01-13T13:57:05.458+0000][1][safepoint    ] Application time: 0.9153093 seconds
[2020-01-13T13:57:05.459+0000][1][safepoint    ] Entering safepoint region: Deoptimize
[2020-01-13T13:57:05.459+0000][1][safepoint    ] Leaving safepoint region
[2020-01-13T13:57:05.459+0000][1][safepoint    ] Total time for which application threads were stopped: 0.0009649 seconds, Stopping threads took: 0.0004805 seconds
[2020-01-13T13:57:05.740+0000][1][safepoint    ] Application time: 0.2812037 seconds
[2020-01-13T13:57:05.741+0000][1][safepoint    ] Entering safepoint region: Deoptimize
[2020-01-13T13:57:05.741+0000][1][safepoint    ] Leaving safepoint region
[2020-01-13T13:57:05.741+0000][1][safepoint    ] Total time for which application threads were stopped: 0.0004459 seconds, Stopping threads took: 0.0000348 seconds
[2020-01-13T13:57:05.741+0000][1][safepoint    ] Application time: 0.0002668 seconds
[2020-01-13T13:57:05.741+0000][1][safepoint    ] Entering safepoint region: Deoptimize
[2020-01-13T13:57:05.741+0000][1][safepoint    ] Leaving safepoint region
[2020-01-13T13:57:05.741+0000][1][safepoint    ] Total time for which application threads were stopped: 0.0002226 seconds, Stopping threads took: 0.0000176 seconds
[2020-01-13T13:57:05.800+0000][1][safepoint    ] Application time: 0.0585363 seconds
[2020-01-13T13:57:05.800+0000][1][safepoint    ] Entering safepoint region: Deoptimize
[2020-01-13T13:57:05.800+0000][1][safepoint    ] Leaving safepoint region
[2020-01-13T13:57:05.800+0000][1][safepoint    ] Total time for which application threads were stopped: 0.0003748 seconds, Stopping threads took: 0.0000232 seconds
[2020-01-13T13:57:05.819+0000][1][safepoint    ] Application time: 0.0183193 seconds
[2020-01-13T13:57:05.819+0000][1][safepoint    ] Entering safepoint region: Deoptimize
[2020-01-13T13:57:05.819+0000][1][safepoint    ] Leaving safepoint region
[2020-01-13T13:57:05.819+0000][1][safepoint    ] Total time for which application threads were stopped: 0.0005146 seconds, Stopping threads took: 0.0000394 seconds
[2020-01-13T13:57:05.856+0000][1][safepoint    ] Application time: 0.0364316 seconds
[2020-01-13T13:57:05.856+0000][1][safepoint    ] Entering safepoint region: RevokeBias
[2020-01-13T13:57:05.856+0000][1][safepoint    ] Leaving safepoint region
[2020-01-13T13:57:05.856+0000][1][safepoint    ] Total time for which application threads were stopped: 0.0001603 seconds, Stopping threads took: 0.0000444 seconds
[2020-01-13T13:57:05.856+0000][1][safepoint    ] Application time: 0.0000406 seconds
[2020-01-13T13:57:05.856+0000][1][safepoint    ] Entering safepoint region: RevokeBias
[2020-01-13T13:57:05.856+0000][1][safepoint    ] Leaving safepoint region
[2020-01-13T13:57:05.856+0000][1][safepoint    ] Total time for which application threads were stopped: 0.0000470 seconds, Stopping threads took: 0.0000156 seconds
[2020-01-13T13:57:05.856+0000][1][safepoint    ] Application time: 0.0000756 seconds
[2020-01-13T13:57:05.856+0000][1][safepoint    ] Entering safepoint region: RevokeBias
[2020-01-13T13:57:05.856+0000][1][safepoint    ] Leaving safepoint region
[2020-01-13T13:57:05.856+0000][1][safepoint    ] Total time for which application threads were stopped: 0.0000428 seconds, Stopping threads took: 0.0000150 seconds
[2020-01-13T13:57:05.856+0000][1][safepoint    ] Application time: 0.0002161 seconds
[2020-01-13T13:57:05.856+0000][1][safepoint    ] Entering safepoint region: RevokeBias
[2020-01-13T13:57:05.857+0000][1][safepoint    ] Leaving safepoint region
[2020-01-13T13:57:05.857+0000][1][safepoint    ] Total time for which application threads were stopped: 0.0000609 seconds, Stopping threads took: 0.0000201 seconds
[2020-01-13T13:57:05.870+0000][1][safepoint    ] Application time: 0.0136857 seconds
[2020-01-13T13:57:05.870+0000][1][safepoint    ] Entering safepoint region: Deoptimize
[2020-01-13T13:57:05.871+0000][1][safepoint    ] Leaving safepoint region
[2020-01-13T13:57:05.871+0000][1][safepoint    ] Total time for which application threads were stopped: 0.0003868 seconds, Stopping threads took: 0.0000247 seconds
[2020-01-13T13:57:05.971+0000][1][safepoint    ] Application time: 0.1003222 seconds
[2020-01-13T13:57:05.971+0000][1][safepoint    ] Entering safepoint region: RevokeBias
[2020-01-13T13:57:05.971+0000][1][safepoint    ] Leaving safepoint region
[2020-01-13T13:57:05.971+0000][1][safepoint    ] Total time for which application threads were stopped: 0.0000910 seconds, Stopping threads took: 0.0000236 seconds
[2020-01-13T13:57:06.266+0000][1][safepoint    ] Application time: 0.2952268 seconds
[2020-01-13T13:57:06.267+0000][1][safepoint    ] Entering safepoint region: GenCollectForAllocation
[2020-01-13T13:57:06.267+0000][1][gc,start     ] GC(0) Pause Young (Allocation Failure)
[2020-01-13T13:57:06.267+0000][1][gc,task      ] GC(0) Using 1 workers of 1 for evacuation
[2020-01-13T13:57:06.286+0000][1][gc,age       ] GC(0) Desired survivor size 4358144 bytes, new threshold 1 (max threshold 6)
[2020-01-13T13:57:06.286+0000][1][gc,age       ] GC(0) Age table with threshold 1 (max threshold 6)
[2020-01-13T13:57:06.286+0000][1][gc,age       ] GC(0) - age   1:    6451312 bytes,    6451312 total
[2020-01-13T13:57:06.286+0000][1][gc,heap      ] GC(0) ParNew: 68160K->6334K(76672K)
[2020-01-13T13:57:06.286+0000][1][gc,heap      ] GC(0) CMS: 0K->0K(176960K)
[2020-01-13T13:57:06.286+0000][1][gc,metaspace ] GC(0) Metaspace: 12750K->12750K(1060864K)
[2020-01-13T13:57:06.286+0000][1][gc           ] GC(0) Pause Young (Allocation Failure) 66M->6M(247M) 19.170ms
[2020-01-13T13:57:06.286+0000][1][gc,cpu       ] GC(0) User=0.02s Sys=0.00s Real=0.02s
[2020-01-13T13:57:06.286+0000][1][safepoint    ] Leaving safepoint region
[2020-01-13T13:57:06.286+0000][1][safepoint    ] Total time for which application threads were stopped: 0.0193813 seconds, Stopping threads took: 0.0000436 seconds
[2020-01-13T13:57:06.290+0000][1][safepoint    ] Application time: 0.0038983 seconds
[2020-01-13T13:57:06.290+0000][1][safepoint    ] Entering safepoint region: RevokeBias
[2020-01-13T13:57:06.290+0000][1][safepoint    ] Leaving safepoint region
[2020-01-13T13:57:06.290+0000][1][safepoint    ] Total time for which application threads were stopped: 0.0001193 seconds, Stopping threads took: 0.0000198 seconds
[2020-01-13T13:57:06.294+0000][1][safepoint    ] Application time: 0.0044123 seconds
[2020-01-13T13:57:06.294+0000][1][safepoint    ] Entering safepoint region: RevokeBias
[2020-01-13T13:57:06.295+0000][1][safepoint    ] Leaving safepoint region
[2020-01-13T13:57:06.295+0000][1][safepoint    ] Total time for which application threads were stopped: 0.0001305 seconds, Stopping threads took: 0.0000697 seconds
[2020-01-13T13:57:06.295+0000][1][safepoint    ] Application time: 0.0000497 seconds
[2020-01-13T13:57:06.295+0000][1][safepoint    ] Entering safepoint region: RevokeBias
[2020-01-13T13:57:06.295+0000][1][safepoint    ] Leaving safepoint region
[2020-01-13T13:57:06.295+0000][1][safepoint    ] Total time for which application threads were stopped: 0.0000303 seconds, Stopping threads took: 0.0000068 seconds
[2020-01-13T13:57:06.295+0000][1][safepoint    ] Application time: 0.0000168 seconds
[2020-01-13T13:57:06.295+0000][1][safepoint    ] Entering safepoint region: RevokeBias
[2020-01-13T13:57:06.295+0000][1][safepoint    ] Leaving safepoint region
[2020-01-13T13:57:06.295+0000][1][safepoint    ] Total time for which application threads were stopped: 0.0000273 seconds, Stopping threads took: 0.0000063 seconds
[2020-01-13T13:57:06.295+0000][1][safepoint    ] Application time: 0.0000211 seconds
[2020-01-13T13:57:06.295+0000][1][safepoint    ] Entering safepoint region: RevokeBias
[2020-01-13T13:57:06.295+0000][1][safepoint    ] Leaving safepoint region
[2020-01-13T13:57:06.295+0000][1][safepoint    ] Total time for which application threads were stopped: 0.0000276 seconds, Stopping threads took: 0.0000064 seconds
[2020-01-13T13:57:06.295+0000][1][safepoint    ] Application time: 0.0000161 seconds
[2020-01-13T13:57:06.295+0000][1][safepoint    ] Entering safepoint region: RevokeBias
[2020-01-13T13:57:06.295+0000][1][safepoint    ] Leaving safepoint region
[2020-01-13T13:57:06.295+0000][1][safepoint    ] Total time for which application threads were stopped: 0.0000268 seconds, Stopping threads took: 0.0000062 seconds
[2020-01-13T13:57:06.295+0000][1][safepoint    ] Application time: 0.0000206 seconds
[2020-01-13T13:57:06.295+0000][1][safepoint    ] Entering safepoint region: RevokeBias
[2020-01-13T13:57:06.295+0000][1][safepoint    ] Leaving safepoint region
[2020-01-13T13:57:06.295+0000][1][safepoint    ] Total time for which application threads were stopped: 0.0000395 seconds, Stopping threads took: 0.0000179 seconds
[2020-01-13T13:57:06.295+0000][1][safepoint    ] Application time: 0.0000166 seconds
[2020-01-13T13:57:06.295+0000][1][safepoint    ] Entering safepoint region: RevokeBias
[2020-01-13T13:57:06.295+0000][1][safepoint    ] Leaving safepoint region
[2020-01-13T13:57:06.295+0000][1][safepoint    ] Total time for which application threads were stopped: 0.0000365 seconds, Stopping threads took: 0.0000063 seconds
[2020-01-13T13:57:06.295+0000][1][safepoint    ] Application time: 0.0000342 seconds
[2020-01-13T13:57:06.295+0000][1][safepoint    ] Entering safepoint region: RevokeBias
[2020-01-13T13:57:06.295+0000][1][safepoint    ] Leaving safepoint region
[2020-01-13T13:57:06.295+0000][1][safepoint    ] Total time for which application threads were stopped: 0.0000463 seconds, Stopping threads took: 0.0000133 seconds
[2020-01-13T13:57:06.295+0000][1][safepoint    ] Application time: 0.0000191 seconds
[2020-01-13T13:57:06.295+0000][1][safepoint    ] Entering safepoint region: RevokeBias
[2020-01-13T13:57:06.295+0000][1][safepoint    ] Leaving safepoint region
[2020-01-13T13:57:06.295+0000][1][safepoint    ] Total time for which application threads were stopped: 0.0000280 seconds, Stopping threads took: 0.0000064 seconds
[2020-01-13T13:57:06.295+0000][1][safepoint    ] Application time: 0.0000384 seconds
[2020-01-13T13:57:06.295+0000][1][safepoint    ] Entering safepoint region: RevokeBias
[2020-01-13T13:57:06.295+0000][1][safepoint    ] Leaving safepoint region
[2020-01-13T13:57:06.295+0000][1][safepoint    ] Total time for which application threads were stopped: 0.0000278 seconds, Stopping threads took: 0.0000061 seconds
[2020-01-13T13:57:06.296+0000][1][safepoint    ] Application time: 0.0011860 seconds
[2020-01-13T13:57:06.297+0000][1][safepoint    ] Entering safepoint region: RevokeBias
[2020-01-13T13:57:06.297+0000][1][safepoint    ] Leaving safepoint region
[2020-01-13T13:57:06.297+0000][1][safepoint    ] Total time for which application threads were stopped: 0.0005045 seconds, Stopping threads took: 0.0004398 seconds
[2020-01-13T13:57:06.297+0000][1][safepoint    ] Application time: 0.0000425 seconds
[2020-01-13T13:57:06.297+0000][1][safepoint    ] Entering safepoint region: RevokeBias
[2020-01-13T13:57:06.297+0000][1][safepoint    ] Leaving safepoint region
[2020-01-13T13:57:06.297+0000][1][safepoint    ] Total time for which application threads were stopped: 0.0000672 seconds, Stopping threads took: 0.0000067 seconds
[2020-01-13T13:57:06.297+0000][1][safepoint    ] Application time: 0.0003250 seconds
[2020-01-13T13:57:06.297+0000][1][safepoint    ] Entering safepoint region: RevokeBias
[2020-01-13T13:57:06.297+0000][1][safepoint    ] Leaving safepoint region
[2020-01-13T13:57:06.297+0000][1][safepoint    ] Total time for which application threads were stopped: 0.0000702 seconds, Stopping threads took: 0.0000310 seconds
[2020-01-13T13:57:06.297+0000][1][safepoint    ] Application time: 0.0000365 seconds
[2020-01-13T13:57:06.297+0000][1][safepoint    ] Entering safepoint region: RevokeBias
[2020-01-13T13:57:06.298+0000][1][safepoint    ] Leaving safepoint region
[2020-01-13T13:57:06.298+0000][1][safepoint    ] Total time for which application threads were stopped: 0.0000274 seconds, Stopping threads took: 0.0000065 seconds
[2020-01-13T13:57:06.298+0000][1][safepoint    ] Application time: 0.0000165 seconds
[2020-01-13T13:57:06.298+0000][1][safepoint    ] Entering safepoint region: RevokeBias
[2020-01-13T13:57:06.298+0000][1][safepoint    ] Leaving safepoint region
[2020-01-13T13:57:06.298+0000][1][safepoint    ] Total time for which application threads were stopped: 0.0000241 seconds, Stopping threads took: 0.0000062 seconds
[2020-01-13T13:57:06.298+0000][1][safepoint    ] Application time: 0.0000316 seconds
[2020-01-13T13:57:06.298+0000][1][safepoint    ] Entering safepoint region: RevokeBias
[2020-01-13T13:57:06.298+0000][1][safepoint    ] Leaving safepoint region
[2020-01-13T13:57:06.298+0000][1][safepoint    ] Total time for which application threads were stopped: 0.0000344 seconds, Stopping threads took: 0.0000152 seconds
[2020-01-13T13:57:06.298+0000][1][safepoint    ] Application time: 0.0000165 seconds
[2020-01-13T13:57:06.298+0000][1][safepoint    ] Entering safepoint region: RevokeBias
[2020-01-13T13:57:06.298+0000][1][safepoint    ] Leaving safepoint region
[2020-01-13T13:57:06.298+0000][1][safepoint    ] Total time for which application threads were stopped: 0.0000242 seconds, Stopping threads took: 0.0000063 seconds
[2020-01-13T13:57:06.298+0000][1][safepoint    ] Application time: 0.0000209 seconds
[2020-01-13T13:57:06.298+0000][1][safepoint    ] Entering safepoint region: RevokeBias
[2020-01-13T13:57:06.298+0000][1][safepoint    ] Leaving safepoint region
[2020-01-13T13:57:06.298+0000][1][safepoint    ] Total time for which application threads were stopped: 0.0000242 seconds, Stopping threads took: 0.0000061 seconds
[2020-01-13T13:57:06.298+0000][1][safepoint    ] Application time: 0.0000160 seconds
[2020-01-13T13:57:06.298+0000][1][safepoint    ] Entering safepoint region: RevokeBias
[2020-01-13T13:57:06.298+0000][1][safepoint    ] Leaving safepoint region
[2020-01-13T13:57:06.298+0000][1][safepoint    ] Total time for which application threads were stopped: 0.0000241 seconds, Stopping threads took: 0.0000061 seconds
[2020-01-13T13:57:06.298+0000][1][safepoint    ] Application time: 0.0000198 seconds
[2020-01-13T13:57:06.298+0000][1][safepoint    ] Entering safepoint region: RevokeBias
[2020-01-13T13:57:06.298+0000][1][safepoint    ] Leaving safepoint region
[2020-01-13T13:57:06.298+0000][1][safepoint    ] Total time for which application threads were stopped: 0.0000242 seconds, Stopping threads took: 0.0000061 seconds
[2020-01-13T13:57:06.298+0000][1][safepoint    ] Application time: 0.0000161 seconds
[2020-01-13T13:57:06.298+0000][1][safepoint    ] Entering safepoint region: RevokeBias
[2020-01-13T13:57:06.298+0000][1][safepoint    ] Leaving safepoint region
[2020-01-13T13:57:06.298+0000][1][safepoint    ] Total time for which application threads were stopped: 0.0000238 seconds, Stopping threads took: 0.0000061 seconds
[2020-01-13T13:57:06.298+0000][1][safepoint    ] Application time: 0.0000988 seconds
[2020-01-13T13:57:06.298+0000][1][safepoint    ] Entering safepoint region: RevokeBias
[2020-01-13T13:57:06.298+0000][1][safepoint    ] Leaving safepoint region
[2020-01-13T13:57:06.298+0000][1][safepoint    ] Total time for which application threads were stopped: 0.0000464 seconds, Stopping threads took: 0.0000168 seconds
[2020-01-13T13:57:06.298+0000][1][safepoint    ] Application time: 0.0000349 seconds
[2020-01-13T13:57:06.298+0000][1][safepoint    ] Entering safepoint region: RevokeBias
[2020-01-13T13:57:06.298+0000][1][safepoint    ] Leaving safepoint region
[2020-01-13T13:57:06.298+0000][1][safepoint    ] Total time for which application threads were stopped: 0.0000263 seconds, Stopping threads took: 0.0000064 seconds
[2020-01-13T13:57:06.298+0000][1][safepoint    ] Application time: 0.0000236 seconds
[2020-01-13T13:57:06.298+0000][1][safepoint    ] Entering safepoint region: RevokeBias
[2020-01-13T13:57:06.298+0000][1][safepoint    ] Leaving safepoint region
[2020-01-13T13:57:06.298+0000][1][safepoint    ] Total time for which application threads were stopped: 0.0000247 seconds, Stopping threads took: 0.0000062 seconds
[2020-01-13T13:57:06.298+0000][1][safepoint    ] Application time: 0.0000164 seconds
[2020-01-13T13:57:06.298+0000][1][safepoint    ] Entering safepoint region: RevokeBias
[2020-01-13T13:57:06.298+0000][1][safepoint    ] Leaving safepoint region
[2020-01-13T13:57:06.298+0000][1][safepoint    ] Total time for which application threads were stopped: 0.0000240 seconds, Stopping threads took: 0.0000061 seconds
[2020-01-13T13:57:06.299+0000][1][safepoint    ] Application time: 0.0002707 seconds
[2020-01-13T13:57:06.299+0000][1][safepoint    ] Entering safepoint region: RevokeBias
[2020-01-13T13:57:06.299+0000][1][safepoint    ] Leaving safepoint region
[2020-01-13T13:57:06.299+0000][1][safepoint    ] Total time for which application threads were stopped: 0.0000369 seconds, Stopping threads took: 0.0000134 seconds
[2020-01-13T13:57:06.299+0000][1][safepoint    ] Application time: 0.0000184 seconds
[2020-01-13T13:57:06.299+0000][1][safepoint    ] Entering safepoint region: RevokeBias
[2020-01-13T13:57:06.299+0000][1][safepoint    ] Leaving safepoint region
[2020-01-13T13:57:06.299+0000][1][safepoint    ] Total time for which application threads were stopped: 0.0000246 seconds, Stopping threads took: 0.0000060 seconds
[2020-01-13T13:57:06.299+0000][1][safepoint    ] Application time: 0.0000222 seconds
[2020-01-13T13:57:06.299+0000][1][safepoint    ] Entering safepoint region: RevokeBias
[2020-01-13T13:57:06.299+0000][1][safepoint    ] Leaving safepoint region
[2020-01-13T13:57:06.299+0000][1][safepoint    ] Total time for which application threads were stopped: 0.0000245 seconds, Stopping threads took: 0.0000062 seconds
[2020-01-13T13:57:06.299+0000][1][safepoint    ] Application time: 0.0000164 seconds
[2020-01-13T13:57:06.299+0000][1][safepoint    ] Entering safepoint region: RevokeBias
[2020-01-13T13:57:06.299+0000][1][safepoint    ] Leaving safepoint region
[2020-01-13T13:57:06.299+0000][1][safepoint    ] Total time for which application threads were stopped: 0.0000239 seconds, Stopping threads took: 0.0000061 seconds
[2020-01-13T13:57:06.715+0000][1][safepoint    ] Application time: 0.4159498 seconds
[2020-01-13T13:57:06.717+0000][1][safepoint    ] Entering safepoint region: Deoptimize
[2020-01-13T13:57:06.718+0000][1][safepoint    ] Leaving safepoint region
[2020-01-13T13:57:06.718+0000][1][safepoint    ] Total time for which application threads were stopped: 0.0031320 seconds, Stopping threads took: 0.0025714 seconds
[2020-01-13T13:57:07.156+0000][1][safepoint    ] Application time: 0.4382622 seconds
[2020-01-13T13:57:07.160+0000][1][safepoint    ] Entering safepoint region: RevokeBias
[2020-01-13T13:57:07.161+0000][1][safepoint    ] Leaving safepoint region
[2020-01-13T13:57:07.161+0000][1][safepoint    ] Total time for which application threads were stopped: 0.0044586 seconds, Stopping threads took: 0.0043053 seconds
[2020-01-13T13:57:07.467+0000][1][safepoint    ] Application time: 0.3061457 seconds
[2020-01-13T13:57:07.467+0000][1][safepoint    ] Entering safepoint region: GenCollectForAllocation
[2020-01-13T13:57:07.467+0000][1][gc,start     ] GC(1) Pause Young (Allocation Failure)
[2020-01-13T13:57:07.467+0000][1][gc,task      ] GC(1) Using 1 workers of 1 for evacuation
[2020-01-13T13:57:07.519+0000][1][gc,age       ] GC(1) Desired survivor size 4358144 bytes, new threshold 6 (max threshold 6)
[2020-01-13T13:57:07.519+0000][1][gc,age       ] GC(1) Age table with threshold 6 (max threshold 6)
[2020-01-13T13:57:07.519+0000][1][gc,age       ] GC(1) - age   1:    2808512 bytes,    2808512 total
[2020-01-13T13:57:07.520+0000][1][gc,heap      ] GC(1) ParNew: 74494K->4229K(76672K)
[2020-01-13T13:57:07.520+0000][1][gc,heap      ] GC(1) CMS: 0K->6790K(176960K)
[2020-01-13T13:57:07.520+0000][1][gc,metaspace ] GC(1) Metaspace: 14907K->14907K(1062912K)
[2020-01-13T13:57:07.520+0000][1][gc           ] GC(1) Pause Young (Allocation Failure) 72M->10M(247M) 52.525ms
[2020-01-13T13:57:07.520+0000][1][gc,cpu       ] GC(1) User=0.05s Sys=0.00s Real=0.06s
[2020-01-13T13:57:07.520+0000][1][safepoint    ] Leaving safepoint region
[2020-01-13T13:57:07.520+0000][1][safepoint    ] Total time for which application threads were stopped: 0.0527246 seconds, Stopping threads took: 0.0000337 seconds
[2020-01-13T13:57:07.530+0000][1][safepoint    ] Application time: 0.0107871 seconds
[2020-01-13T13:57:07.530+0000][1][safepoint    ] Entering safepoint region: BulkRevokeBias
[2020-01-13T13:57:07.531+0000][1][safepoint    ] Leaving safepoint region
[2020-01-13T13:57:07.531+0000][1][safepoint    ] Total time for which application threads were stopped: 0.0001873 seconds, Stopping threads took: 0.0000366 seconds
[2020-01-13T13:57:07.531+0000][1][safepoint    ] Application time: 0.0000844 seconds
[2020-01-13T13:57:07.531+0000][1][safepoint    ] Entering safepoint region: RevokeBias
[2020-01-13T13:57:07.531+0000][1][safepoint    ] Leaving safepoint region
[2020-01-13T13:57:07.531+0000][1][safepoint    ] Total time for which application threads were stopped: 0.0000386 seconds, Stopping threads took: 0.0000053 seconds
[2020-01-13T13:57:07.533+0000][1][safepoint    ] Application time: 0.0026250 seconds
[2020-01-13T13:57:07.533+0000][1][safepoint    ] Entering safepoint region: RevokeBias
[2020-01-13T13:57:07.534+0000][1][safepoint    ] Leaving safepoint region
[2020-01-13T13:57:07.534+0000][1][safepoint    ] Total time for which application threads were stopped: 0.0000726 seconds, Stopping threads took: 0.0000096 seconds
[2020-01-13T13:57:07.534+0000][1][safepoint    ] Application time: 0.0000215 seconds
[2020-01-13T13:57:07.534+0000][1][safepoint    ] Entering safepoint region: RevokeBias
[2020-01-13T13:57:07.534+0000][1][safepoint    ] Leaving safepoint region
[2020-01-13T13:57:07.534+0000][1][safepoint    ] Total time for which application threads were stopped: 0.0000224 seconds, Stopping threads took: 0.0000043 seconds
[2020-01-13T13:57:07.534+0000][1][safepoint    ] Application time: 0.0000168 seconds
[2020-01-13T13:57:07.534+0000][1][safepoint    ] Entering safepoint region: RevokeBias
[2020-01-13T13:57:07.534+0000][1][safepoint    ] Leaving safepoint region
[2020-01-13T13:57:07.534+0000][1][safepoint    ] Total time for which application threads were stopped: 0.0000205 seconds, Stopping threads took: 0.0000041 seconds
[2020-01-13T13:57:07.534+0000][1][safepoint    ] Application time: 0.0000120 seconds
[2020-01-13T13:57:07.534+0000][1][safepoint    ] Entering safepoint region: RevokeBias
[2020-01-13T13:57:07.534+0000][1][safepoint    ] Leaving safepoint region
[2020-01-13T13:57:07.534+0000][1][safepoint    ] Total time for which application threads were stopped: 0.0000193 seconds, Stopping threads took: 0.0000040 seconds
[2020-01-13T13:57:07.534+0000][1][safepoint    ] Application time: 0.0000152 seconds
[2020-01-13T13:57:07.534+0000][1][safepoint    ] Entering safepoint region: BulkRevokeBias
[2020-01-13T13:57:07.534+0000][1][safepoint    ] Leaving safepoint region
[2020-01-13T13:57:07.534+0000][1][safepoint    ] Total time for which application threads were stopped: 0.0000558 seconds, Stopping threads took: 0.0000040 seconds
[2020-01-13T13:57:07.534+0000][1][safepoint    ] Application time: 0.0000132 seconds
[2020-01-13T13:57:07.534+0000][1][safepoint    ] Entering safepoint region: RevokeBias
[2020-01-13T13:57:07.534+0000][1][safepoint    ] Leaving safepoint region
[2020-01-13T13:57:07.534+0000][1][safepoint    ] Total time for which application threads were stopped: 0.0000216 seconds, Stopping threads took: 0.0000039 seconds
[2020-01-13T13:57:07.534+0000][1][safepoint    ] Application time: 0.0000154 seconds
[2020-01-13T13:57:07.534+0000][1][safepoint    ] Entering safepoint region: BulkRevokeBias
[2020-01-13T13:57:07.534+0000][1][safepoint    ] Leaving safepoint region
[2020-01-13T13:57:07.534+0000][1][safepoint    ] Total time for which application threads were stopped: 0.0000314 seconds, Stopping threads took: 0.0000039 seconds
[2020-01-13T13:57:07.866+0000][1][safepoint    ] Application time: 0.3323332 seconds
[2020-01-13T13:57:07.870+0000][1][safepoint    ] Entering safepoint region: GenCollectForAllocation
[2020-01-13T13:57:07.871+0000][1][gc,start     ] GC(2) Pause Young (Allocation Failure)
[2020-01-13T13:57:07.871+0000][1][gc,task      ] GC(2) Using 1 workers of 1 for evacuation
[2020-01-13T13:57:07.888+0000][1][gc,age       ] GC(2) Desired survivor size 4358144 bytes, new threshold 6 (max threshold 6)
[2020-01-13T13:57:07.888+0000][1][gc,age       ] GC(2) Age table with threshold 6 (max threshold 6)
[2020-01-13T13:57:07.888+0000][1][gc,age       ] GC(2) - age   1:    2846384 bytes,    2846384 total
[2020-01-13T13:57:07.888+0000][1][gc,age       ] GC(2) - age   2:    1084920 bytes,    3931304 total
[2020-01-13T13:57:07.888+0000][1][gc,heap      ] GC(2) ParNew: 72389K->6228K(76672K)
[2020-01-13T13:57:07.888+0000][1][gc,heap      ] GC(2) CMS: 6790K->6790K(176960K)
[2020-01-13T13:57:07.888+0000][1][gc,metaspace ] GC(2) Metaspace: 15026K->15026K(1062912K)
[2020-01-13T13:57:07.888+0000][1][gc           ] GC(2) Pause Young (Allocation Failure) 77M->12M(247M) 17.535ms
[2020-01-13T13:57:07.888+0000][1][gc,cpu       ] GC(2) User=0.02s Sys=0.00s Real=0.01s
[2020-01-13T13:57:07.888+0000][1][safepoint    ] Leaving safepoint region
[2020-01-13T13:57:07.888+0000][1][safepoint    ] Total time for which application threads were stopped: 0.0218856 seconds, Stopping threads took: 0.0041646 seconds
[2020-01-13T13:57:07.896+0000][1][safepoint    ] Application time: 0.0081655 seconds
[2020-01-13T13:57:07.896+0000][1][safepoint    ] Entering safepoint region: RevokeBias
[2020-01-13T13:57:07.896+0000][1][safepoint    ] Leaving safepoint region
[2020-01-13T13:57:07.896+0000][1][safepoint    ] Total time for which application threads were stopped: 0.0001215 seconds, Stopping threads took: 0.0000441 seconds
[2020-01-13T13:57:07.897+0000][1][safepoint    ] Application time: 0.0008662 seconds
[2020-01-13T13:57:07.897+0000][1][safepoint    ] Entering safepoint region: RevokeBias
[2020-01-13T13:57:07.897+0000][1][safepoint    ] Leaving safepoint region
[2020-01-13T13:57:07.897+0000][1][safepoint    ] Total time for which application threads were stopped: 0.0000964 seconds, Stopping threads took: 0.0000120 seconds
[2020-01-13T13:57:07.898+0000][1][safepoint    ] Application time: 0.0009058 seconds
[2020-01-13T13:57:07.898+0000][1][safepoint    ] Entering safepoint region: RevokeBias
[2020-01-13T13:57:07.898+0000][1][safepoint    ] Leaving safepoint region
[2020-01-13T13:57:07.898+0000][1][safepoint    ] Total time for which application threads were stopped: 0.0000815 seconds, Stopping threads took: 0.0000102 seconds
[2020-01-13T13:57:07.899+0000][1][safepoint    ] Application time: 0.0000212 seconds
[2020-01-13T13:57:07.899+0000][1][safepoint    ] Entering safepoint region: RevokeBias
[2020-01-13T13:57:07.899+0000][1][safepoint    ] Leaving safepoint region
[2020-01-13T13:57:07.899+0000][1][safepoint    ] Total time for which application threads were stopped: 0.0000302 seconds, Stopping threads took: 0.0000051 seconds
[2020-01-13T13:57:07.899+0000][1][safepoint    ] Application time: 0.0000185 seconds
[2020-01-13T13:57:07.899+0000][1][safepoint    ] Entering safepoint region: RevokeBias
[2020-01-13T13:57:07.899+0000][1][safepoint    ] Leaving safepoint region
[2020-01-13T13:57:07.899+0000][1][safepoint    ] Total time for which application threads were stopped: 0.0000274 seconds, Stopping threads took: 0.0000047 seconds
[2020-01-13T13:57:07.899+0000][1][safepoint    ] Application time: 0.0000142 seconds
[2020-01-13T13:57:07.899+0000][1][safepoint    ] Entering safepoint region: RevokeBias
[2020-01-13T13:57:07.899+0000][1][safepoint    ] Leaving safepoint region
[2020-01-13T13:57:07.899+0000][1][safepoint    ] Total time for which application threads were stopped: 0.0000455 seconds, Stopping threads took: 0.0000048 seconds
[2020-01-13T13:57:08.256+0000][1][safepoint    ] Application time: 0.3570644 seconds
[2020-01-13T13:57:08.256+0000][1][safepoint    ] Entering safepoint region: Deoptimize
[2020-01-13T13:57:08.257+0000][1][safepoint    ] Leaving safepoint region
[2020-01-13T13:57:08.257+0000][1][safepoint    ] Total time for which application threads were stopped: 0.0007660 seconds, Stopping threads took: 0.0000407 seconds
[2020-01-13T13:57:08.257+0000][1][safepoint    ] Application time: 0.0005004 seconds
[2020-01-13T13:57:08.257+0000][1][safepoint    ] Entering safepoint region: Deoptimize
[2020-01-13T13:57:08.258+0000][1][safepoint    ] Leaving safepoint region
[2020-01-13T13:57:08.258+0000][1][safepoint    ] Total time for which application threads were stopped: 0.0005018 seconds, Stopping threads took: 0.0000213 seconds
[2020-01-13T13:57:08.645+0000][1][safepoint    ] Application time: 0.3871047 seconds
[2020-01-13T13:57:08.645+0000][1][safepoint    ] Entering safepoint region: RevokeBias
[2020-01-13T13:57:08.645+0000][1][safepoint    ] Leaving safepoint region
[2020-01-13T13:57:08.645+0000][1][safepoint    ] Total time for which application threads were stopped: 0.0001775 seconds, Stopping threads took: 0.0000342 seconds
[2020-01-13T13:57:08.653+0000][1][safepoint    ] Application time: 0.0082613 seconds
[2020-01-13T13:57:08.653+0000][1][safepoint    ] Entering safepoint region: RevokeBias
[2020-01-13T13:57:08.653+0000][1][safepoint    ] Leaving safepoint region
[2020-01-13T13:57:08.653+0000][1][safepoint    ] Total time for which application threads were stopped: 0.0001129 seconds, Stopping threads took: 0.0000220 seconds
[2020-01-13T13:57:08.777+0000][1][safepoint    ] Application time: 0.1235660 seconds
[2020-01-13T13:57:08.778+0000][1][safepoint    ] Entering safepoint region: GenCollectForAllocation
[2020-01-13T13:57:08.778+0000][1][gc,start     ] GC(3) Pause Young (Allocation Failure)
[2020-01-13T13:57:08.778+0000][1][gc,task      ] GC(3) Using 1 workers of 1 for evacuation
[2020-01-13T13:57:08.797+0000][1][gc,age       ] GC(3) Desired survivor size 4358144 bytes, new threshold 3 (max threshold 6)
[2020-01-13T13:57:08.797+0000][1][gc,age       ] GC(3) Age table with threshold 3 (max threshold 6)
[2020-01-13T13:57:08.797+0000][1][gc,age       ] GC(3) - age   1:    3517464 bytes,    3517464 total
[2020-01-13T13:57:08.797+0000][1][gc,age       ] GC(3) - age   2:     318784 bytes,    3836248 total
[2020-01-13T13:57:08.797+0000][1][gc,age       ] GC(3) - age   3:    1082744 bytes,    4918992 total
[2020-01-13T13:57:08.798+0000][1][gc,heap      ] GC(3) ParNew: 74388K->7322K(76672K)
[2020-01-13T13:57:08.798+0000][1][gc,heap      ] GC(3) CMS: 6790K->6790K(176960K)
[2020-01-13T13:57:08.798+0000][1][gc,metaspace ] GC(3) Metaspace: 18497K->18497K(1067008K)
[2020-01-13T13:57:08.798+0000][1][gc           ] GC(3) Pause Young (Allocation Failure) 79M->13M(247M) 19.128ms
[2020-01-13T13:57:08.798+0000][1][gc,cpu       ] GC(3) User=0.02s Sys=0.00s Real=0.02s
[2020-01-13T13:57:08.798+0000][1][safepoint    ] Leaving safepoint region
[2020-01-13T13:57:08.798+0000][1][safepoint    ] Total time for which application threads were stopped: 0.0206336 seconds, Stopping threads took: 0.0013721 seconds
[2020-01-13T13:57:08.802+0000][1][safepoint    ] Application time: 0.0047235 seconds
[2020-01-13T13:57:08.803+0000][1][safepoint    ] Entering safepoint region: BulkRevokeBias
[2020-01-13T13:57:08.804+0000][1][safepoint    ] Leaving safepoint region
[2020-01-13T13:57:08.804+0000][1][safepoint    ] Total time for which application threads were stopped: 0.0011211 seconds, Stopping threads took: 0.0009788 seconds
[2020-01-13T13:57:08.804+0000][1][safepoint    ] Application time: 0.0006752 seconds
[2020-01-13T13:57:08.804+0000][1][safepoint    ] Entering safepoint region: RevokeBias
[2020-01-13T13:57:08.804+0000][1][safepoint    ] Leaving safepoint region
[2020-01-13T13:57:08.804+0000][1][safepoint    ] Total time for which application threads were stopped: 0.0000526 seconds, Stopping threads took: 0.0000072 seconds
[2020-01-13T13:57:08.804+0000][1][safepoint    ] Application time: 0.0000394 seconds
[2020-01-13T13:57:08.804+0000][1][safepoint    ] Entering safepoint region: RevokeBias
[2020-01-13T13:57:08.804+0000][1][safepoint    ] Leaving safepoint region
[2020-01-13T13:57:08.804+0000][1][safepoint    ] Total time for which application threads were stopped: 0.0000433 seconds, Stopping threads took: 0.0000041 seconds
[2020-01-13T13:57:08.807+0000][1][safepoint    ] Application time: 0.0030039 seconds
[2020-01-13T13:57:08.807+0000][1][safepoint    ] Entering safepoint region: RevokeBias
[2020-01-13T13:57:08.807+0000][1][safepoint    ] Leaving safepoint region
[2020-01-13T13:57:08.807+0000][1][safepoint    ] Total time for which application threads were stopped: 0.0000718 seconds, Stopping threads took: 0.0000102 seconds
[2020-01-13T13:57:08.807+0000][1][safepoint    ] Application time: 0.0000354 seconds
[2020-01-13T13:57:08.808+0000][1][safepoint    ] Entering safepoint region: RevokeBias
[2020-01-13T13:57:08.808+0000][1][safepoint    ] Leaving safepoint region
[2020-01-13T13:57:08.808+0000][1][safepoint    ] Total time for which application threads were stopped: 0.0000438 seconds, Stopping threads took: 0.0000194 seconds
[2020-01-13T13:57:08.808+0000][1][safepoint    ] Application time: 0.0000153 seconds
[2020-01-13T13:57:08.808+0000][1][safepoint    ] Entering safepoint region: RevokeBias
[2020-01-13T13:57:08.808+0000][1][safepoint    ] Leaving safepoint region
[2020-01-13T13:57:08.808+0000][1][safepoint    ] Total time for which application threads were stopped: 0.0000242 seconds, Stopping threads took: 0.0000049 seconds
[2020-01-13T13:57:08.808+0000][1][safepoint    ] Application time: 0.0000172 seconds
[2020-01-13T13:57:08.808+0000][1][safepoint    ] Entering safepoint region: RevokeBias
[2020-01-13T13:57:08.808+0000][1][safepoint    ] Leaving safepoint region
[2020-01-13T13:57:08.808+0000][1][safepoint    ] Total time for which application threads were stopped: 0.0000244 seconds, Stopping threads took: 0.0000048 seconds
[2020-01-13T13:57:08.808+0000][1][safepoint    ] Application time: 0.0000141 seconds
[2020-01-13T13:57:08.808+0000][1][safepoint    ] Entering safepoint region: RevokeBias
[2020-01-13T13:57:08.808+0000][1][safepoint    ] Leaving safepoint region
[2020-01-13T13:57:08.808+0000][1][safepoint    ] Total time for which application threads were stopped: 0.0000238 seconds, Stopping threads took: 0.0000048 seconds
[2020-01-13T13:57:08.809+0000][1][safepoint    ] Application time: 0.0014004 seconds
[2020-01-13T13:57:08.809+0000][1][safepoint    ] Entering safepoint region: RevokeBias
[2020-01-13T13:57:08.809+0000][1][safepoint    ] Leaving safepoint region
[2020-01-13T13:57:08.809+0000][1][safepoint    ] Total time for which application threads were stopped: 0.0000599 seconds, Stopping threads took: 0.0000098 seconds
[2020-01-13T13:57:08.809+0000][1][safepoint    ] Application time: 0.0000255 seconds
[2020-01-13T13:57:08.809+0000][1][safepoint    ] Entering safepoint region: RevokeBias
[2020-01-13T13:57:08.809+0000][1][safepoint    ] Leaving safepoint region
[2020-01-13T13:57:08.809+0000][1][safepoint    ] Total time for which application threads were stopped: 0.0000277 seconds, Stopping threads took: 0.0000051 seconds
[2020-01-13T13:57:08.809+0000][1][safepoint    ] Application time: 0.0000398 seconds
[2020-01-13T13:57:08.809+0000][1][safepoint    ] Entering safepoint region: RevokeBias
[2020-01-13T13:57:08.809+0000][1][safepoint    ] Leaving safepoint region
[2020-01-13T13:57:08.809+0000][1][safepoint    ] Total time for which application threads were stopped: 0.0000490 seconds, Stopping threads took: 0.0000049 seconds
[2020-01-13T13:57:08.809+0000][1][safepoint    ] Application time: 0.0000147 seconds
[2020-01-13T13:57:08.809+0000][1][safepoint    ] Entering safepoint region: RevokeBias
[2020-01-13T13:57:08.809+0000][1][safepoint    ] Leaving safepoint region
[2020-01-13T13:57:08.809+0000][1][safepoint    ] Total time for which application threads were stopped: 0.0000243 seconds, Stopping threads took: 0.0000048 seconds
[2020-01-13T13:57:08.810+0000][1][safepoint    ] Application time: 0.0002313 seconds
[2020-01-13T13:57:08.810+0000][1][safepoint    ] Entering safepoint region: RevokeBias
[2020-01-13T13:57:08.810+0000][1][safepoint    ] Leaving safepoint region
[2020-01-13T13:57:08.810+0000][1][safepoint    ] Total time for which application threads were stopped: 0.0000431 seconds, Stopping threads took: 0.0000073 seconds
[2020-01-13T13:57:08.810+0000][1][safepoint    ] Application time: 0.0000198 seconds
[2020-01-13T13:57:08.810+0000][1][safepoint    ] Entering safepoint region: RevokeBias
[2020-01-13T13:57:08.810+0000][1][safepoint    ] Leaving safepoint region
[2020-01-13T13:57:08.810+0000][1][safepoint    ] Total time for which application threads were stopped: 0.0000264 seconds, Stopping threads took: 0.0000049 seconds
[2020-01-13T13:57:08.810+0000][1][safepoint    ] Application time: 0.0000196 seconds
[2020-01-13T13:57:08.810+0000][1][safepoint    ] Entering safepoint region: RevokeBias
[2020-01-13T13:57:08.810+0000][1][safepoint    ] Leaving safepoint region
[2020-01-13T13:57:08.810+0000][1][safepoint    ] Total time for which application threads were stopped: 0.0000330 seconds, Stopping threads took: 0.0000127 seconds
[2020-01-13T13:57:08.810+0000][1][safepoint    ] Application time: 0.0000140 seconds
[2020-01-13T13:57:08.810+0000][1][safepoint    ] Entering safepoint region: RevokeBias
[2020-01-13T13:57:08.810+0000][1][safepoint    ] Leaving safepoint region
[2020-01-13T13:57:08.810+0000][1][safepoint    ] Total time for which application threads were stopped: 0.0000238 seconds, Stopping threads took: 0.0000047 seconds
[2020-01-13T13:57:08.810+0000][1][safepoint    ] Application time: 0.0000154 seconds
[2020-01-13T13:57:08.810+0000][1][safepoint    ] Entering safepoint region: RevokeBias
[2020-01-13T13:57:08.810+0000][1][safepoint    ] Leaving safepoint region
[2020-01-13T13:57:08.810+0000][1][safepoint    ] Total time for which application threads were stopped: 0.0000245 seconds, Stopping threads took: 0.0000047 seconds
[2020-01-13T13:57:08.810+0000][1][safepoint    ] Application time: 0.0000141 seconds
[2020-01-13T13:57:08.810+0000][1][safepoint    ] Entering safepoint region: RevokeBias
[2020-01-13T13:57:08.810+0000][1][safepoint    ] Leaving safepoint region
[2020-01-13T13:57:08.810+0000][1][safepoint    ] Total time for which application threads were stopped: 0.0000239 seconds, Stopping threads took: 0.0000048 seconds
[2020-01-13T13:57:08.810+0000][1][safepoint    ] Application time: 0.0000157 seconds
[2020-01-13T13:57:08.810+0000][1][safepoint    ] Entering safepoint region: RevokeBias
[2020-01-13T13:57:08.810+0000][1][safepoint    ] Leaving safepoint region
[2020-01-13T13:57:08.810+0000][1][safepoint    ] Total time for which application threads were stopped: 0.0000240 seconds, Stopping threads took: 0.0000047 seconds
[2020-01-13T13:57:08.810+0000][1][safepoint    ] Application time: 0.0000156 seconds
[2020-01-13T13:57:08.810+0000][1][safepoint    ] Entering safepoint region: RevokeBias
[2020-01-13T13:57:08.810+0000][1][safepoint    ] Leaving safepoint region
[2020-01-13T13:57:08.810+0000][1][safepoint    ] Total time for which application threads were stopped: 0.0000359 seconds, Stopping threads took: 0.0000048 seconds
[2020-01-13T13:57:08.810+0000][1][safepoint    ] Application time: 0.0000142 seconds
[2020-01-13T13:57:08.810+0000][1][safepoint    ] Entering safepoint region: RevokeBias
[2020-01-13T13:57:08.810+0000][1][safepoint    ] Leaving safepoint region
[2020-01-13T13:57:08.810+0000][1][safepoint    ] Total time for which application threads were stopped: 0.0000243 seconds, Stopping threads took: 0.0000049 seconds
[2020-01-13T13:57:08.865+0000][1][safepoint    ] Application time: 0.0549149 seconds
[2020-01-13T13:57:08.865+0000][1][safepoint    ] Entering safepoint region: RevokeBias
[2020-01-13T13:57:08.865+0000][1][safepoint    ] Leaving safepoint region
[2020-01-13T13:57:08.865+0000][1][safepoint    ] Total time for which application threads were stopped: 0.0000903 seconds, Stopping threads took: 0.0000223 seconds
[2020-01-13T13:57:08.871+0000][1][safepoint    ] Application time: 0.0058236 seconds
[2020-01-13T13:57:08.871+0000][1][safepoint    ] Entering safepoint region: RevokeBias
[2020-01-13T13:57:08.871+0000][1][safepoint    ] Leaving safepoint region
[2020-01-13T13:57:08.871+0000][1][safepoint    ] Total time for which application threads were stopped: 0.0003599 seconds, Stopping threads took: 0.0002836 seconds
[2020-01-13T13:57:08.979+0000][1][safepoint    ] Application time: 0.1070690 seconds
[2020-01-13T13:57:08.979+0000][1][safepoint    ] Entering safepoint region: RevokeBias
[2020-01-13T13:57:08.979+0000][1][safepoint    ] Leaving safepoint region
[2020-01-13T13:57:08.979+0000][1][safepoint    ] Total time for which application threads were stopped: 0.0000975 seconds, Stopping threads took: 0.0000229 seconds
[2020-01-13T13:57:08.995+0000][1][safepoint    ] Application time: 0.0165119 seconds
[2020-01-13T13:57:08.995+0000][1][safepoint    ] Entering safepoint region: RevokeBias
[2020-01-13T13:57:08.995+0000][1][safepoint    ] Leaving safepoint region
[2020-01-13T13:57:08.995+0000][1][safepoint    ] Total time for which application threads were stopped: 0.0001023 seconds, Stopping threads took: 0.0000295 seconds
[2020-01-13T13:57:08.997+0000][1][safepoint    ] Application time: 0.0018812 seconds
[2020-01-13T13:57:08.997+0000][1][safepoint    ] Entering safepoint region: RevokeBias
[2020-01-13T13:57:08.997+0000][1][safepoint    ] Leaving safepoint region
[2020-01-13T13:57:08.997+0000][1][safepoint    ] Total time for which application threads were stopped: 0.0001896 seconds, Stopping threads took: 0.0001315 seconds
[2020-01-13T13:57:09.045+0000][1][safepoint    ] Application time: 0.0474839 seconds
[2020-01-13T13:57:09.045+0000][1][safepoint    ] Entering safepoint region: GenCollectForAllocation
[2020-01-13T13:57:09.045+0000][1][gc,start     ] GC(4) Pause Young (Allocation Failure)
[2020-01-13T13:57:09.045+0000][1][gc,task      ] GC(4) Using 1 workers of 1 for evacuation
[2020-01-13T13:57:09.074+0000][1][gc,age       ] GC(4) Desired survivor size 4358144 bytes, new threshold 2 (max threshold 6)
[2020-01-13T13:57:09.074+0000][1][gc,age       ] GC(4) Age table with threshold 2 (max threshold 6)
[2020-01-13T13:57:09.074+0000][1][gc,age       ] GC(4) - age   1:    1202864 bytes,    1202864 total
[2020-01-13T13:57:09.074+0000][1][gc,age       ] GC(4) - age   2:    3304832 bytes,    4507696 total
[2020-01-13T13:57:09.074+0000][1][gc,age       ] GC(4) - age   3:     318256 bytes,    4825952 total
[2020-01-13T13:57:09.074+0000][1][gc,heap      ] GC(4) ParNew: 75482K->8512K(76672K)
[2020-01-13T13:57:09.074+0000][1][gc,heap      ] GC(4) CMS: 6790K->7862K(176960K)
[2020-01-13T13:57:09.074+0000][1][gc,metaspace ] GC(4) Metaspace: 18702K->18702K(1067008K)
[2020-01-13T13:57:09.074+0000][1][gc           ] GC(4) Pause Young (Allocation Failure) 80M->15M(247M) 28.621ms
[2020-01-13T13:57:09.074+0000][1][gc,cpu       ] GC(4) User=0.03s Sys=0.00s Real=0.03s
[2020-01-13T13:57:09.074+0000][1][safepoint    ] Leaving safepoint region
[2020-01-13T13:57:09.074+0000][1][safepoint    ] Total time for which application threads were stopped: 0.0287996 seconds, Stopping threads took: 0.0000320 seconds
[2020-01-13T13:57:09.078+0000][1][safepoint    ] Application time: 0.0045908 seconds
[2020-01-13T13:57:09.079+0000][1][safepoint    ] Entering safepoint region: RevokeBias
[2020-01-13T13:57:09.079+0000][1][safepoint    ] Leaving safepoint region
[2020-01-13T13:57:09.079+0000][1][safepoint    ] Total time for which application threads were stopped: 0.0005496 seconds, Stopping threads took: 0.0004022 seconds
[2020-01-13T13:57:09.079+0000][1][safepoint    ] Application time: 0.0000344 seconds
[2020-01-13T13:57:09.079+0000][1][safepoint    ] Entering safepoint region: RevokeBias
[2020-01-13T13:57:09.079+0000][1][safepoint    ] Leaving safepoint region
[2020-01-13T13:57:09.079+0000][1][safepoint    ] Total time for which application threads were stopped: 0.0000626 seconds, Stopping threads took: 0.0000053 seconds
[2020-01-13T13:57:09.079+0000][1][safepoint    ] Application time: 0.0000312 seconds
[2020-01-13T13:57:09.079+0000][1][safepoint    ] Entering safepoint region: RevokeBias
[2020-01-13T13:57:09.079+0000][1][safepoint    ] Leaving safepoint region
[2020-01-13T13:57:09.079+0000][1][safepoint    ] Total time for which application threads were stopped: 0.0000455 seconds, Stopping threads took: 0.0000048 seconds
[2020-01-13T13:57:09.079+0000][1][safepoint    ] Application time: 0.0000144 seconds
[2020-01-13T13:57:09.079+0000][1][safepoint    ] Entering safepoint region: RevokeBias
[2020-01-13T13:57:09.079+0000][1][safepoint    ] Leaving safepoint region
[2020-01-13T13:57:09.079+0000][1][safepoint    ] Total time for which application threads were stopped: 0.0000440 seconds, Stopping threads took: 0.0000048 seconds
[2020-01-13T13:57:09.113+0000][1][safepoint    ] Application time: 0.0342308 seconds
[2020-01-13T13:57:09.115+0000][1][safepoint    ] Entering safepoint region: RevokeBias
[2020-01-13T13:57:09.115+0000][1][safepoint    ] Leaving safepoint region
[2020-01-13T13:57:09.115+0000][1][safepoint    ] Total time for which application threads were stopped: 0.0014392 seconds, Stopping threads took: 0.0013129 seconds
[2020-01-13T13:57:09.121+0000][1][safepoint    ] Application time: 0.0059320 seconds
[2020-01-13T13:57:09.121+0000][1][safepoint    ] Entering safepoint region: RevokeBias
[2020-01-13T13:57:09.121+0000][1][safepoint    ] Leaving safepoint region
[2020-01-13T13:57:09.121+0000][1][safepoint    ] Total time for which application threads were stopped: 0.0001098 seconds, Stopping threads took: 0.0000239 seconds
[2020-01-13T13:57:09.133+0000][1][safepoint    ] Application time: 0.0118246 seconds
[2020-01-13T13:57:09.133+0000][1][safepoint    ] Entering safepoint region: Deoptimize
[2020-01-13T13:57:09.133+0000][1][safepoint    ] Leaving safepoint region
[2020-01-13T13:57:09.134+0000][1][safepoint    ] Total time for which application threads were stopped: 0.0006030 seconds, Stopping threads took: 0.0000252 seconds
[2020-01-13T13:57:09.225+0000][1][safepoint    ] Application time: 0.0919666 seconds
[2020-01-13T13:57:09.226+0000][1][safepoint    ] Entering safepoint region: Deoptimize
[2020-01-13T13:57:09.226+0000][1][safepoint    ] Leaving safepoint region
[2020-01-13T13:57:09.226+0000][1][safepoint    ] Total time for which application threads were stopped: 0.0006756 seconds, Stopping threads took: 0.0000377 seconds
[2020-01-13T13:57:09.237+0000][1][safepoint    ] Application time: 0.0109282 seconds
[2020-01-13T13:57:09.239+0000][1][safepoint    ] Entering safepoint region: RevokeBias
[2020-01-13T13:57:09.239+0000][1][safepoint    ] Leaving safepoint region
[2020-01-13T13:57:09.239+0000][1][safepoint    ] Total time for which application threads were stopped: 0.0021834 seconds, Stopping threads took: 0.0020601 seconds
[2020-01-13T13:57:09.244+0000][1][safepoint    ] Application time: 0.0049667 seconds
[2020-01-13T13:57:09.244+0000][1][safepoint    ] Entering safepoint region: RevokeBias
[2020-01-13T13:57:09.244+0000][1][safepoint    ] Leaving safepoint region
[2020-01-13T13:57:09.245+0000][1][safepoint    ] Total time for which application threads were stopped: 0.0001037 seconds, Stopping threads took: 0.0000233 seconds
[2020-01-13T13:57:09.477+0000][1][safepoint    ] Application time: 0.2324782 seconds
[2020-01-13T13:57:09.477+0000][1][safepoint    ] Entering safepoint region: GenCollectForAllocation
[2020-01-13T13:57:09.477+0000][1][gc,start     ] GC(5) Pause Young (Allocation Failure)
[2020-01-13T13:57:09.477+0000][1][gc,task      ] GC(5) Using 1 workers of 1 for evacuation
[2020-01-13T13:57:09.504+0000][1][gc,age       ] GC(5) Desired survivor size 4358144 bytes, new threshold 6 (max threshold 6)
[2020-01-13T13:57:09.504+0000][1][gc,age       ] GC(5) Age table with threshold 6 (max threshold 6)
[2020-01-13T13:57:09.504+0000][1][gc,age       ] GC(5) - age   1:    2169600 bytes,    2169600 total
[2020-01-13T13:57:09.504+0000][1][gc,age       ] GC(5) - age   2:     442592 bytes,    2612192 total
[2020-01-13T13:57:09.504+0000][1][gc,heap      ] GC(5) ParNew: 76672K->2895K(76672K)
[2020-01-13T13:57:09.504+0000][1][gc,heap      ] GC(5) CMS: 7862K->11431K(176960K)
[2020-01-13T13:57:09.504+0000][1][gc,metaspace ] GC(5) Metaspace: 18971K->18971K(1067008K)
[2020-01-13T13:57:09.504+0000][1][gc           ] GC(5) Pause Young (Allocation Failure) 82M->13M(247M) 26.594ms
[2020-01-13T13:57:09.504+0000][1][gc,cpu       ] GC(5) User=0.02s Sys=0.00s Real=0.03s
[2020-01-13T13:57:09.504+0000][1][safepoint    ] Leaving safepoint region
[2020-01-13T13:57:09.504+0000][1][safepoint    ] Total time for which application threads were stopped: 0.0267657 seconds, Stopping threads took: 0.0000264 seconds
[2020-01-13T13:57:09.512+0000][1][safepoint    ] Application time: 0.0079623 seconds
[2020-01-13T13:57:09.512+0000][1][safepoint    ] Entering safepoint region: RevokeBias
[2020-01-13T13:57:09.512+0000][1][safepoint    ] Leaving safepoint region
[2020-01-13T13:57:09.512+0000][1][safepoint    ] Total time for which application threads were stopped: 0.0001619 seconds, Stopping threads took: 0.0000309 seconds
[2020-01-13T13:57:09.512+0000][1][safepoint    ] Application time: 0.0000384 seconds
[2020-01-13T13:57:09.512+0000][1][safepoint    ] Entering safepoint region: RevokeBias
[2020-01-13T13:57:09.512+0000][1][safepoint    ] Leaving safepoint region
[2020-01-13T13:57:09.512+0000][1][safepoint    ] Total time for which application threads were stopped: 0.0000725 seconds, Stopping threads took: 0.0000084 seconds
[2020-01-13T13:57:09.512+0000][1][safepoint    ] Application time: 0.0000328 seconds
[2020-01-13T13:57:09.512+0000][1][safepoint    ] Entering safepoint region: RevokeBias
[2020-01-13T13:57:09.512+0000][1][safepoint    ] Leaving safepoint region
[2020-01-13T13:57:09.512+0000][1][safepoint    ] Total time for which application threads were stopped: 0.0000571 seconds, Stopping threads took: 0.0000070 seconds
[2020-01-13T13:57:09.512+0000][1][safepoint    ] Application time: 0.0000197 seconds
[2020-01-13T13:57:09.512+0000][1][safepoint    ] Entering safepoint region: RevokeBias
[2020-01-13T13:57:09.512+0000][1][safepoint    ] Leaving safepoint region
[2020-01-13T13:57:09.512+0000][1][safepoint    ] Total time for which application threads were stopped: 0.0000722 seconds, Stopping threads took: 0.0000226 seconds
[2020-01-13T13:57:09.512+0000][1][safepoint    ] Application time: 0.0000298 seconds
[2020-01-13T13:57:09.512+0000][1][safepoint    ] Entering safepoint region: RevokeBias
[2020-01-13T13:57:09.512+0000][1][safepoint    ] Leaving safepoint region
[2020-01-13T13:57:09.512+0000][1][safepoint    ] Total time for which application threads were stopped: 0.0000546 seconds, Stopping threads took: 0.0000070 seconds
[2020-01-13T13:57:09.513+0000][1][safepoint    ] Application time: 0.0000207 seconds
[2020-01-13T13:57:09.513+0000][1][safepoint    ] Entering safepoint region: RevokeBias
[2020-01-13T13:57:09.513+0000][1][safepoint    ] Leaving safepoint region
[2020-01-13T13:57:09.513+0000][1][safepoint    ] Total time for which application threads were stopped: 0.0000548 seconds, Stopping threads took: 0.0000075 seconds
[2020-01-13T13:57:09.764+0000][1][safepoint    ] Application time: 0.2512442 seconds
[2020-01-13T13:57:09.764+0000][1][safepoint    ] Entering safepoint region: RevokeBias
[2020-01-13T13:57:09.764+0000][1][safepoint    ] Leaving safepoint region
[2020-01-13T13:57:09.764+0000][1][safepoint    ] Total time for which application threads were stopped: 0.0001038 seconds, Stopping threads took: 0.0000251 seconds
[2020-01-13T13:57:09.764+0000][1][safepoint    ] Application time: 0.0001755 seconds
[2020-01-13T13:57:09.764+0000][1][safepoint    ] Entering safepoint region: BulkRevokeBias
[2020-01-13T13:57:09.764+0000][1][safepoint    ] Leaving safepoint region
[2020-01-13T13:57:09.764+0000][1][safepoint    ] Total time for which application threads were stopped: 0.0001213 seconds, Stopping threads took: 0.0000144 seconds
[2020-01-13T13:57:09.782+0000][1][safepoint    ] Application time: 0.0177193 seconds
[2020-01-13T13:57:09.782+0000][1][safepoint    ] Entering safepoint region: GenCollectForAllocation
[2020-01-13T13:57:09.782+0000][1][gc,start     ] GC(6) Pause Young (Allocation Failure)
[2020-01-13T13:57:09.782+0000][1][gc,task      ] GC(6) Using 1 workers of 1 for evacuation
[2020-01-13T13:57:09.794+0000][1][gc,age       ] GC(6) Desired survivor size 4358144 bytes, new threshold 6 (max threshold 6)
[2020-01-13T13:57:09.794+0000][1][gc,age       ] GC(6) Age table with threshold 6 (max threshold 6)
[2020-01-13T13:57:09.794+0000][1][gc,age       ] GC(6) - age   1:     491488 bytes,     491488 total
[2020-01-13T13:57:09.794+0000][1][gc,age       ] GC(6) - age   2:    2156408 bytes,    2647896 total
[2020-01-13T13:57:09.794+0000][1][gc,age       ] GC(6) - age   3:     442592 bytes,    3090488 total
[2020-01-13T13:57:09.794+0000][1][gc,heap      ] GC(6) ParNew: 70605K->5274K(76672K)
[2020-01-13T13:57:09.794+0000][1][gc,heap      ] GC(6) CMS: 11431K->11431K(176960K)
[2020-01-13T13:57:09.794+0000][1][gc,metaspace ] GC(6) Metaspace: 19275K->19275K(1067008K)
[2020-01-13T13:57:09.794+0000][1][gc           ] GC(6) Pause Young (Allocation Failure) 80M->16M(247M) 11.578ms
[2020-01-13T13:57:09.794+0000][1][gc,cpu       ] GC(6) User=0.01s Sys=0.00s Real=0.01s
[2020-01-13T13:57:09.794+0000][1][safepoint    ] Leaving safepoint region
[2020-01-13T13:57:09.794+0000][1][safepoint    ] Total time for which application threads were stopped: 0.0117910 seconds, Stopping threads took: 0.0000389 seconds
[2020-01-13T13:57:09.799+0000][1][safepoint    ] Application time: 0.0054682 seconds
[2020-01-13T13:57:09.806+0000][1][safepoint    ] Entering safepoint region: BulkRevokeBias
[2020-01-13T13:57:09.806+0000][1][safepoint    ] Leaving safepoint region
[2020-01-13T13:57:09.806+0000][1][safepoint    ] Total time for which application threads were stopped: 0.0069918 seconds, Stopping threads took: 0.0068265 seconds
[2020-01-13T13:57:10.076+0000][1][safepoint    ] Application time: 0.2699346 seconds
[2020-01-13T13:57:10.076+0000][1][safepoint    ] Entering safepoint region: GenCollectForAllocation
[2020-01-13T13:57:10.076+0000][1][gc,start     ] GC(7) Pause Young (Allocation Failure)
[2020-01-13T13:57:10.077+0000][1][gc,task      ] GC(7) Using 1 workers of 1 for evacuation
[2020-01-13T13:57:10.099+0000][1][gc,age       ] GC(7) Desired survivor size 4358144 bytes, new threshold 3 (max threshold 6)
[2020-01-13T13:57:10.099+0000][1][gc,age       ] GC(7) Age table with threshold 3 (max threshold 6)
[2020-01-13T13:57:10.099+0000][1][gc,age       ] GC(7) - age   1:    3245992 bytes,    3245992 total
[2020-01-13T13:57:10.099+0000][1][gc,age       ] GC(7) - age   2:     209840 bytes,    3455832 total
[2020-01-13T13:57:10.099+0000][1][gc,age       ] GC(7) - age   3:    2156384 bytes,    5612216 total
[2020-01-13T13:57:10.099+0000][1][gc,age       ] GC(7) - age   4:     442592 bytes,    6054808 total
[2020-01-13T13:57:10.099+0000][1][gc,heap      ] GC(7) ParNew: 73434K->7164K(76672K)
[2020-01-13T13:57:10.099+0000][1][gc,heap      ] GC(7) CMS: 11431K->11431K(176960K)
[2020-01-13T13:57:10.099+0000][1][gc,metaspace ] GC(7) Metaspace: 19600K->19600K(1067008K)
[2020-01-13T13:57:10.099+0000][1][gc           ] GC(7) Pause Young (Allocation Failure) 82M->18M(247M) 22.215ms
[2020-01-13T13:57:10.099+0000][1][gc,cpu       ] GC(7) User=0.02s Sys=0.00s Real=0.02s
[2020-01-13T13:57:10.099+0000][1][safepoint    ] Leaving safepoint region
[2020-01-13T13:57:10.099+0000][1][safepoint    ] Total time for which application threads were stopped: 0.0223790 seconds, Stopping threads took: 0.0000262 seconds
[2020-01-13T13:57:10.241+0000][1][safepoint    ] Application time: 0.1422721 seconds
[2020-01-13T13:57:10.244+0000][1][safepoint    ] Entering safepoint region: CollectForMetadataAllocation
[2020-01-13T13:57:10.245+0000][1][safepoint    ] Leaving safepoint region
[2020-01-13T13:57:10.245+0000][1][safepoint    ] Total time for which application threads were stopped: 0.0036021 seconds, Stopping threads took: 0.0033094 seconds
[2020-01-13T13:57:10.299+0000][1][safepoint    ] Application time: 0.0546038 seconds
[2020-01-13T13:57:10.303+0000][1][safepoint    ] Entering safepoint region: CollectForMetadataAllocation
[2020-01-13T13:57:10.304+0000][1][safepoint    ] Leaving safepoint region
[2020-01-13T13:57:10.304+0000][1][safepoint    ] Total time for which application threads were stopped: 0.0042553 seconds, Stopping threads took: 0.0040349 seconds
[2020-01-13T13:57:10.495+0000][1][safepoint    ] Application time: 0.1909843 seconds
[2020-01-13T13:57:10.495+0000][1][safepoint    ] Entering safepoint region: GenCollectForAllocation
[2020-01-13T13:57:10.495+0000][1][gc,start     ] GC(8) Pause Young (Allocation Failure)
[2020-01-13T13:57:10.495+0000][1][gc,task      ] GC(8) Using 1 workers of 1 for evacuation
[2020-01-13T13:57:10.510+0000][1][gc,age       ] GC(8) Desired survivor size 4358144 bytes, new threshold 6 (max threshold 6)
[2020-01-13T13:57:10.510+0000][1][gc,age       ] GC(8) Age table with threshold 6 (max threshold 6)
[2020-01-13T13:57:10.510+0000][1][gc,age       ] GC(8) - age   1:    2129272 bytes,    2129272 total
[2020-01-13T13:57:10.510+0000][1][gc,age       ] GC(8) - age   2:    1295712 bytes,    3424984 total
[2020-01-13T13:57:10.510+0000][1][gc,age       ] GC(8) - age   3:     209696 bytes,    3634680 total
[2020-01-13T13:57:10.510+0000][1][gc,heap      ] GC(8) ParNew: 75324K->4882K(76672K)
[2020-01-13T13:57:10.510+0000][1][gc,heap      ] GC(8) CMS: 11431K->13984K(176960K)
[2020-01-13T13:57:10.510+0000][1][gc,metaspace ] GC(8) Metaspace: 20411K->20411K(1069056K)
[2020-01-13T13:57:10.510+0000][1][gc           ] GC(8) Pause Young (Allocation Failure) 84M->18M(247M) 14.978ms
[2020-01-13T13:57:10.510+0000][1][gc,cpu       ] GC(8) User=0.01s Sys=0.00s Real=0.02s
[2020-01-13T13:57:10.510+0000][1][safepoint    ] Leaving safepoint region
[2020-01-13T13:57:10.510+0000][1][safepoint    ] Total time for which application threads were stopped: 0.0151652 seconds, Stopping threads took: 0.0000627 seconds
[2020-01-13T13:57:10.518+0000][1][safepoint    ] Application time: 0.0085210 seconds
[2020-01-13T13:57:10.519+0000][1][safepoint    ] Entering safepoint region: CMS_Initial_Mark
[2020-01-13T13:57:10.519+0000][1][gc,start     ] GC(9) Pause Initial Mark
[2020-01-13T13:57:10.522+0000][1][gc           ] GC(9) Pause Initial Mark 23M->23M(247M) 3.041ms
[2020-01-13T13:57:10.523+0000][1][gc,cpu       ] GC(9) User=0.00s Sys=0.00s Real=0.00s
[2020-01-13T13:57:10.523+0000][1][safepoint    ] Leaving safepoint region
[2020-01-13T13:57:10.523+0000][1][safepoint    ] Total time for which application threads were stopped: 0.0041656 seconds, Stopping threads took: 0.0010034 seconds
[2020-01-13T13:57:10.530+0000][1][gc           ] GC(9) Concurrent Mark
[2020-01-13T13:57:10.565+0000][1][gc           ] GC(9) Concurrent Mark 34.960ms
[2020-01-13T13:57:10.565+0000][1][gc,cpu       ] GC(9) User=0.04s Sys=0.00s Real=0.03s
[2020-01-13T13:57:10.565+0000][1][gc           ] GC(9) Concurrent Preclean
[2020-01-13T13:57:10.565+0000][1][gc           ] GC(9) Concurrent Preclean 0.464ms
[2020-01-13T13:57:10.565+0000][1][gc,cpu       ] GC(9) User=0.00s Sys=0.00s Real=0.00s
[2020-01-13T13:57:10.565+0000][1][gc           ] GC(9) Concurrent Abortable Preclean
[2020-01-13T13:57:10.765+0000][1][safepoint    ] Application time: 0.2420454 seconds
[2020-01-13T13:57:10.766+0000][1][safepoint    ] Entering safepoint region: GenCollectForAllocation
[2020-01-13T13:57:10.766+0000][1][gc,start     ] GC(10) Pause Young (Allocation Failure)
[2020-01-13T13:57:10.766+0000][1][gc,task      ] GC(10) Using 1 workers of 1 for evacuation
[2020-01-13T13:57:10.771+0000][1][gc,age       ] GC(10) Desired survivor size 4358144 bytes, new threshold 6 (max threshold 6)
[2020-01-13T13:57:10.771+0000][1][gc,age       ] GC(10) Age table with threshold 6 (max threshold 6)
[2020-01-13T13:57:10.771+0000][1][gc,age       ] GC(10) - age   1:     661480 bytes,     661480 total
[2020-01-13T13:57:10.771+0000][1][gc,age       ] GC(10) - age   2:     619904 bytes,    1281384 total
[2020-01-13T13:57:10.771+0000][1][gc,age       ] GC(10) - age   3:    1295592 bytes,    2576976 total
[2020-01-13T13:57:10.771+0000][1][gc,age       ] GC(10) - age   4:     209696 bytes,    2786672 total
[2020-01-13T13:57:10.771+0000][1][gc,heap      ] GC(10) ParNew: 73042K->3882K(76672K)
[2020-01-13T13:57:10.771+0000][1][gc,heap      ] GC(10) CMS: 13984K->13984K(176960K)
[2020-01-13T13:57:10.771+0000][1][gc,metaspace ] GC(10) Metaspace: 20523K->20523K(1069056K)
[2020-01-13T13:57:10.771+0000][1][gc           ] GC(10) Pause Young (Allocation Failure) 84M->17M(247M) 5.646ms
[2020-01-13T13:57:10.771+0000][1][gc,cpu       ] GC(10) User=0.01s Sys=0.00s Real=0.01s
[2020-01-13T13:57:10.771+0000][1][safepoint    ] Leaving safepoint region
[2020-01-13T13:57:10.771+0000][1][safepoint    ] Total time for which application threads were stopped: 0.0066981 seconds, Stopping threads took: 0.0009134 seconds
[2020-01-13T13:57:10.994+0000][1][safepoint    ] Application time: 0.2221517 seconds
[2020-01-13T13:57:10.994+0000][1][safepoint    ] Entering safepoint region: GenCollectForAllocation
[2020-01-13T13:57:10.994+0000][1][gc,start     ] GC(11) Pause Young (Allocation Failure)
[2020-01-13T13:57:10.994+0000][1][gc,task      ] GC(11) Using 1 workers of 1 for evacuation
[2020-01-13T13:57:11.013+0000][1][gc,age       ] GC(11) Desired survivor size 4358144 bytes, new threshold 5 (max threshold 6)
[2020-01-13T13:57:11.013+0000][1][gc,age       ] GC(11) Age table with threshold 5 (max threshold 6)
[2020-01-13T13:57:11.013+0000][1][gc,age       ] GC(11) - age   1:    2206648 bytes,    2206648 total
[2020-01-13T13:57:11.013+0000][1][gc,age       ] GC(11) - age   2:     135208 bytes,    2341856 total
[2020-01-13T13:57:11.013+0000][1][gc,age       ] GC(11) - age   3:     619856 bytes,    2961712 total
[2020-01-13T13:57:11.013+0000][1][gc,age       ] GC(11) - age   4:    1295488 bytes,    4257200 total
[2020-01-13T13:57:11.013+0000][1][gc,age       ] GC(11) - age   5:     209552 bytes,    4466752 total
[2020-01-13T13:57:11.013+0000][1][gc,heap      ] GC(11) ParNew: 72042K->6023K(76672K)
[2020-01-13T13:57:11.013+0000][1][gc,heap      ] GC(11) CMS: 13984K->13984K(176960K)
[2020-01-13T13:57:11.013+0000][1][gc,metaspace ] GC(11) Metaspace: 20604K->20604K(1069056K)
[2020-01-13T13:57:11.013+0000][1][gc           ] GC(11) Pause Young (Allocation Failure) 84M->19M(247M) 19.390ms
[2020-01-13T13:57:11.013+0000][1][gc,cpu       ] GC(11) User=0.02s Sys=0.00s Real=0.02s
[2020-01-13T13:57:11.013+0000][1][safepoint    ] Leaving safepoint region
[2020-01-13T13:57:11.013+0000][1][safepoint    ] Total time for which application threads were stopped: 0.0195618 seconds, Stopping threads took: 0.0000278 seconds
[2020-01-13T13:57:11.013+0000][1][gc           ] GC(9) Concurrent Abortable Preclean 447.989ms
[2020-01-13T13:57:11.013+0000][1][gc,cpu       ] GC(9) User=0.43s Sys=0.01s Real=0.45s
[2020-01-13T13:57:11.017+0000][1][safepoint    ] Application time: 0.0042277 seconds
[2020-01-13T13:57:11.017+0000][1][safepoint    ] Entering safepoint region: CMS_Final_Remark
[2020-01-13T13:57:11.017+0000][1][gc,start     ] GC(9) Pause Remark
[2020-01-13T13:57:11.039+0000][1][gc           ] GC(9) Pause Remark 22M->22M(247M) 21.173ms
[2020-01-13T13:57:11.039+0000][1][gc,cpu       ] GC(9) User=0.03s Sys=0.00s Real=0.02s
[2020-01-13T13:57:11.039+0000][1][safepoint    ] Leaving safepoint region
[2020-01-13T13:57:11.039+0000][1][safepoint    ] Total time for which application threads were stopped: 0.0213619 seconds, Stopping threads took: 0.0000291 seconds
[2020-01-13T13:57:11.049+0000][1][gc           ] GC(9) Concurrent Sweep
[2020-01-13T13:57:11.054+0000][1][gc           ] GC(9) Concurrent Sweep 4.688ms
[2020-01-13T13:57:11.054+0000][1][gc,cpu       ] GC(9) User=0.00s Sys=0.00s Real=0.00s
[2020-01-13T13:57:11.054+0000][1][gc           ] GC(9) Concurrent Reset
[2020-01-13T13:57:11.055+0000][1][gc           ] GC(9) Concurrent Reset 0.413ms
[2020-01-13T13:57:11.055+0000][1][gc,cpu       ] GC(9) User=0.00s Sys=0.00s Real=0.00s
[2020-01-13T13:57:11.055+0000][1][gc,heap      ] GC(9) Old: 13984K->13956K(176960K)
[2020-01-13T13:57:11.212+0000][1][safepoint    ] Application time: 0.1730622 seconds
[2020-01-13T13:57:11.212+0000][1][safepoint    ] Entering safepoint region: Deoptimize
[2020-01-13T13:57:11.213+0000][1][safepoint    ] Leaving safepoint region
[2020-01-13T13:57:11.213+0000][1][safepoint    ] Total time for which application threads were stopped: 0.0010883 seconds, Stopping threads took: 0.0000218 seconds
[2020-01-13T13:57:11.818+0000][1][safepoint    ] Application time: 0.6050566 seconds
[2020-01-13T13:57:11.819+0000][1][safepoint    ] Entering safepoint region: GenCollectForAllocation
[2020-01-13T13:57:11.820+0000][1][gc,start     ] GC(12) Pause Young (Allocation Failure)
[2020-01-13T13:57:11.820+0000][1][gc,task      ] GC(12) Using 1 workers of 1 for evacuation
[2020-01-13T13:57:11.839+0000][1][gc,age       ] GC(12) Desired survivor size 4358144 bytes, new threshold 6 (max threshold 6)
[2020-01-13T13:57:11.839+0000][1][gc,age       ] GC(12) Age table with threshold 6 (max threshold 6)
[2020-01-13T13:57:11.839+0000][1][gc,age       ] GC(12) - age   1:    1205632 bytes,    1205632 total
[2020-01-13T13:57:11.839+0000][1][gc,age       ] GC(12) - age   2:     264112 bytes,    1469744 total
[2020-01-13T13:57:11.839+0000][1][gc,age       ] GC(12) - age   3:     135096 bytes,    1604840 total
[2020-01-13T13:57:11.839+0000][1][gc,age       ] GC(12) - age   4:     619760 bytes,    2224600 total
[2020-01-13T13:57:11.839+0000][1][gc,age       ] GC(12) - age   5:    1295424 bytes,    3520024 total
[2020-01-13T13:57:11.839+0000][1][gc,heap      ] GC(12) ParNew: 74183K->4024K(76672K)
[2020-01-13T13:57:11.839+0000][1][gc,heap      ] GC(12) CMS: 13956K->14168K(176960K)
[2020-01-13T13:57:11.839+0000][1][gc,metaspace ] GC(12) Metaspace: 23631K->23631K(1071104K)
[2020-01-13T13:57:11.839+0000][1][gc           ] GC(12) Pause Young (Allocation Failure) 86M->17M(247M) 19.204ms
[2020-01-13T13:57:11.839+0000][1][gc,cpu       ] GC(12) User=0.02s Sys=0.00s Real=0.01s
[2020-01-13T13:57:11.839+0000][1][safepoint    ] Leaving safepoint region
[2020-01-13T13:57:11.839+0000][1][safepoint    ] Total time for which application threads were stopped: 0.0196594 seconds, Stopping threads took: 0.0000426 seconds
[2020-01-13T13:57:12.117+0000][1][safepoint    ] Application time: 0.2778958 seconds
[2020-01-13T13:57:12.117+0000][1][safepoint    ] Entering safepoint region: Deoptimize
[2020-01-13T13:57:12.118+0000][1][safepoint    ] Leaving safepoint region
[2020-01-13T13:57:12.118+0000][1][safepoint    ] Total time for which application threads were stopped: 0.0006547 seconds, Stopping threads took: 0.0000253 seconds
[2020-01-13T13:57:12.143+0000][1][safepoint    ] Application time: 0.0255504 seconds
[2020-01-13T13:57:12.143+0000][1][safepoint    ] Entering safepoint region: Deoptimize
[2020-01-13T13:57:12.144+0000][1][safepoint    ] Leaving safepoint region
[2020-01-13T13:57:12.144+0000][1][safepoint    ] Total time for which application threads were stopped: 0.0005965 seconds, Stopping threads took: 0.0000368 seconds
[2020-01-13T13:57:12.156+0000][1][safepoint    ] Application time: 0.0118535 seconds
[2020-01-13T13:57:12.156+0000][1][safepoint    ] Entering safepoint region: Deoptimize
[2020-01-13T13:57:12.156+0000][1][safepoint    ] Leaving safepoint region
[2020-01-13T13:57:12.156+0000][1][safepoint    ] Total time for which application threads were stopped: 0.0006299 seconds, Stopping threads took: 0.0000223 seconds
[2020-01-13T13:57:13.156+0000][1][safepoint    ] Application time: 1.0000805 seconds
[2020-01-13T13:57:13.156+0000][1][safepoint    ] Entering safepoint region: Cleanup
[2020-01-13T13:57:13.157+0000][1][safepoint    ] Leaving safepoint region
[2020-01-13T13:57:13.157+0000][1][safepoint    ] Total time for which application threads were stopped: 0.0003645 seconds, Stopping threads took: 0.0000176 seconds
[2020-01-13T13:57:13.573+0000][1][safepoint    ] Application time: 0.4160468 seconds
[2020-01-13T13:57:13.573+0000][1][safepoint    ] Entering safepoint region: GenCollectForAllocation
[2020-01-13T13:57:13.573+0000][1][gc,start     ] GC(13) Pause Young (Allocation Failure)
[2020-01-13T13:57:13.573+0000][1][gc,task      ] GC(13) Using 1 workers of 1 for evacuation
[2020-01-13T13:57:13.661+0000][1][gc,age       ] GC(13) Desired survivor size 4358144 bytes, new threshold 1 (max threshold 6)
[2020-01-13T13:57:13.661+0000][1][gc,age       ] GC(13) Age table with threshold 1 (max threshold 6)
[2020-01-13T13:57:13.661+0000][1][gc,age       ] GC(13) - age   1:    5842160 bytes,    5842160 total
[2020-01-13T13:57:13.661+0000][1][gc,age       ] GC(13) - age   2:     644712 bytes,    6486872 total
[2020-01-13T13:57:13.661+0000][1][gc,age       ] GC(13) - age   3:     253600 bytes,    6740472 total
[2020-01-13T13:57:13.661+0000][1][gc,age       ] GC(13) - age   4:     127152 bytes,    6867624 total
[2020-01-13T13:57:13.661+0000][1][gc,age       ] GC(13) - age   5:     563800 bytes,    7431424 total
[2020-01-13T13:57:13.661+0000][1][gc,age       ] GC(13) - age   6:    1284784 bytes,    8716208 total
[2020-01-13T13:57:13.661+0000][1][gc,heap      ] GC(13) ParNew: 72184K->8512K(76672K)
[2020-01-13T13:57:13.661+0000][1][gc,heap      ] GC(13) CMS: 14168K->22646K(176960K)
[2020-01-13T13:57:13.661+0000][1][gc,metaspace ] GC(13) Metaspace: 27050K->27050K(1075200K)
[2020-01-13T13:57:13.661+0000][1][gc           ] GC(13) Pause Young (Allocation Failure) 84M->30M(247M) 87.661ms
[2020-01-13T13:57:13.661+0000][1][gc,cpu       ] GC(13) User=0.09s Sys=0.00s Real=0.09s
[2020-01-13T13:57:13.661+0000][1][safepoint    ] Leaving safepoint region
[2020-01-13T13:57:13.661+0000][1][safepoint    ] Total time for which application threads were stopped: 0.0878644 seconds, Stopping threads took: 0.0000366 seconds
[2020-01-13T13:57:13.922+0000][1][safepoint    ] Application time: 0.2608616 seconds
[2020-01-13T13:57:13.922+0000][1][safepoint    ] Entering safepoint region: RevokeBias
[2020-01-13T13:57:13.922+0000][1][safepoint    ] Leaving safepoint region
[2020-01-13T13:57:13.922+0000][1][safepoint    ] Total time for which application threads were stopped: 0.0001478 seconds, Stopping threads took: 0.0000672 seconds
[2020-01-13T13:57:14.682+0000][1][safepoint    ] Application time: 0.7602856 seconds
[2020-01-13T13:57:14.685+0000][1][safepoint    ] Entering safepoint region: GenCollectForAllocation
[2020-01-13T13:57:14.685+0000][1][gc,start     ] GC(14) Pause Young (Allocation Failure)
[2020-01-13T13:57:14.686+0000][1][gc,task      ] GC(14) Using 1 workers of 1 for evacuation
[2020-01-13T13:57:14.820+0000][1][gc,age       ] GC(14) Desired survivor size 4358144 bytes, new threshold 1 (max threshold 6)
[2020-01-13T13:57:14.820+0000][1][gc,age       ] GC(14) Age table with threshold 1 (max threshold 6)
[2020-01-13T13:57:14.820+0000][1][gc,age       ] GC(14) - age   1:    8716200 bytes,    8716200 total
[2020-01-13T13:57:14.820+0000][1][gc,heap      ] GC(14) ParNew: 76672K->8512K(76672K)
[2020-01-13T13:57:14.820+0000][1][gc,heap      ] GC(14) CMS: 22646K->35410K(176960K)
[2020-01-13T13:57:14.820+0000][1][gc,metaspace ] GC(14) Metaspace: 27173K->27173K(1075200K)
[2020-01-13T13:57:14.820+0000][1][gc           ] GC(14) Pause Young (Allocation Failure) 96M->42M(247M) 134.159ms
[2020-01-13T13:57:14.820+0000][1][gc,cpu       ] GC(14) User=0.14s Sys=0.00s Real=0.14s
[2020-01-13T13:57:14.820+0000][1][safepoint    ] Leaving safepoint region
[2020-01-13T13:57:14.820+0000][1][safepoint    ] Total time for which application threads were stopped: 0.1375328 seconds, Stopping threads took: 0.0032134 seconds
[2020-01-13T13:57:15.830+0000][1][safepoint    ] Application time: 1.0099982 seconds
[2020-01-13T13:57:15.830+0000][1][safepoint    ] Entering safepoint region: Cleanup
[2020-01-13T13:57:15.830+0000][1][safepoint    ] Leaving safepoint region
[2020-01-13T13:57:15.830+0000][1][safepoint    ] Total time for which application threads were stopped: 0.0001522 seconds, Stopping threads took: 0.0000288 seconds
[2020-01-13T13:57:15.971+0000][1][safepoint    ] Application time: 0.1409992 seconds
[2020-01-13T13:57:15.974+0000][1][safepoint    ] Entering safepoint region: GenCollectForAllocation
[2020-01-13T13:57:15.975+0000][1][gc,start     ] GC(15) Pause Young (Allocation Failure)
[2020-01-13T13:57:15.975+0000][1][gc,task      ] GC(15) Using 1 workers of 1 for evacuation
[2020-01-13T13:57:16.100+0000][1][gc,age       ] GC(15) Desired survivor size 4358144 bytes, new threshold 1 (max threshold 6)
[2020-01-13T13:57:16.100+0000][1][gc,age       ] GC(15) Age table with threshold 1 (max threshold 6)
[2020-01-13T13:57:16.101+0000][1][gc,age       ] GC(15) - age   1:    8715408 bytes,    8715408 total
[2020-01-13T13:57:16.101+0000][1][gc,heap      ] GC(15) ParNew: 76672K->8512K(76672K)
[2020-01-13T13:57:16.101+0000][1][gc,heap      ] GC(15) CMS: 35410K->45704K(176960K)
[2020-01-13T13:57:16.101+0000][1][gc,metaspace ] GC(15) Metaspace: 29627K->29627K(1077248K)
[2020-01-13T13:57:16.101+0000][1][gc           ] GC(15) Pause Young (Allocation Failure) 109M->52M(247M) 126.086ms
[2020-01-13T13:57:16.101+0000][1][gc,cpu       ] GC(15) User=0.13s Sys=0.00s Real=0.13s
[2020-01-13T13:57:16.101+0000][1][safepoint    ] Leaving safepoint region
[2020-01-13T13:57:16.101+0000][1][safepoint    ] Total time for which application threads were stopped: 0.1296776 seconds, Stopping threads took: 0.0034451 seconds
[2020-01-13T13:57:16.824+0000][1][safepoint    ] Application time: 0.7238042 seconds
[2020-01-13T13:57:16.826+0000][1][safepoint    ] Entering safepoint region: GenCollectForAllocation
[2020-01-13T13:57:16.826+0000][1][gc,start     ] GC(16) Pause Young (Allocation Failure)
[2020-01-13T13:57:16.826+0000][1][gc,task      ] GC(16) Using 1 workers of 1 for evacuation
[2020-01-13T13:57:16.902+0000][1][gc,age       ] GC(16) Desired survivor size 4358144 bytes, new threshold 6 (max threshold 6)
[2020-01-13T13:57:16.902+0000][1][gc,age       ] GC(16) Age table with threshold 6 (max threshold 6)
[2020-01-13T13:57:16.902+0000][1][gc,age       ] GC(16) - age   1:    1213984 bytes,    1213984 total
[2020-01-13T13:57:16.902+0000][1][gc,heap      ] GC(16) ParNew: 76672K->8434K(76672K)
[2020-01-13T13:57:16.902+0000][1][gc,heap      ] GC(16) CMS: 45704K->54279K(176960K)
[2020-01-13T13:57:16.902+0000][1][gc,metaspace ] GC(16) Metaspace: 32921K->32921K(1079296K)
[2020-01-13T13:57:16.902+0000][1][gc           ] GC(16) Pause Young (Allocation Failure) 119M->61M(247M) 76.088ms
[2020-01-13T13:57:16.902+0000][1][gc,cpu       ] GC(16) User=0.07s Sys=0.00s Real=0.08s
[2020-01-13T13:57:16.902+0000][1][safepoint    ] Leaving safepoint region
[2020-01-13T13:57:16.902+0000][1][safepoint    ] Total time for which application threads were stopped: 0.0763223 seconds, Stopping threads took: 0.0000481 seconds
[2020-01-13T13:57:17.452+0000][1][safepoint    ] Application time: 0.5502612 seconds
[2020-01-13T13:57:17.454+0000][1][safepoint    ] Entering safepoint region: CollectForMetadataAllocation
[2020-01-13T13:57:17.454+0000][1][safepoint    ] Leaving safepoint region
[2020-01-13T13:57:17.454+0000][1][safepoint    ] Total time for which application threads were stopped: 0.0016345 seconds, Stopping threads took: 0.0013464 seconds
[2020-01-13T13:57:17.526+0000][1][safepoint    ] Application time: 0.0718860 seconds
[2020-01-13T13:57:17.526+0000][1][safepoint    ] Entering safepoint region: CollectForMetadataAllocation
[2020-01-13T13:57:17.526+0000][1][safepoint    ] Leaving safepoint region
[2020-01-13T13:57:17.526+0000][1][safepoint    ] Total time for which application threads were stopped: 0.0002774 seconds, Stopping threads took: 0.0000311 seconds
[2020-01-13T13:57:17.568+0000][1][safepoint    ] Application time: 0.0412311 seconds
[2020-01-13T13:57:17.571+0000][1][safepoint    ] Entering safepoint region: CollectForMetadataAllocation
[2020-01-13T13:57:17.571+0000][1][safepoint    ] Leaving safepoint region
[2020-01-13T13:57:17.571+0000][1][safepoint    ] Total time for which application threads were stopped: 0.0034285 seconds, Stopping threads took: 0.0032044 seconds
[2020-01-13T13:57:17.609+0000][1][safepoint    ] Application time: 0.0382297 seconds
[2020-01-13T13:57:17.609+0000][1][safepoint    ] Entering safepoint region: CollectForMetadataAllocation
[2020-01-13T13:57:17.610+0000][1][safepoint    ] Leaving safepoint region
[2020-01-13T13:57:17.610+0000][1][safepoint    ] Total time for which application threads were stopped: 0.0001891 seconds, Stopping threads took: 0.0000304 seconds
[2020-01-13T13:57:17.667+0000][1][safepoint    ] Application time: 0.0570163 seconds
[2020-01-13T13:57:17.668+0000][1][safepoint    ] Entering safepoint region: CollectForMetadataAllocation
[2020-01-13T13:57:17.669+0000][1][safepoint    ] Leaving safepoint region
[2020-01-13T13:57:17.669+0000][1][safepoint    ] Total time for which application threads were stopped: 0.0018316 seconds, Stopping threads took: 0.0015834 seconds
[2020-01-13T13:57:17.716+0000][1][safepoint    ] Application time: 0.0477471 seconds
[2020-01-13T13:57:17.716+0000][1][safepoint    ] Entering safepoint region: CollectForMetadataAllocation
[2020-01-13T13:57:17.717+0000][1][safepoint    ] Leaving safepoint region
[2020-01-13T13:57:17.717+0000][1][safepoint    ] Total time for which application threads were stopped: 0.0001826 seconds, Stopping threads took: 0.0000269 seconds
[2020-01-13T13:57:17.742+0000][1][safepoint    ] Application time: 0.0255976 seconds
[2020-01-13T13:57:17.749+0000][1][safepoint    ] Entering safepoint region: CollectForMetadataAllocation
[2020-01-13T13:57:17.750+0000][1][safepoint    ] Leaving safepoint region
[2020-01-13T13:57:17.750+0000][1][safepoint    ] Total time for which application threads were stopped: 0.0074317 seconds, Stopping threads took: 0.0072388 seconds
[2020-01-13T13:57:17.795+0000][1][safepoint    ] Application time: 0.0456329 seconds
[2020-01-13T13:57:17.799+0000][1][safepoint    ] Entering safepoint region: CollectForMetadataAllocation
[2020-01-13T13:57:17.800+0000][1][safepoint    ] Leaving safepoint region
[2020-01-13T13:57:17.800+0000][1][safepoint    ] Total time for which application threads were stopped: 0.0043482 seconds, Stopping threads took: 0.0040970 seconds
[2020-01-13T13:57:17.846+0000][1][safepoint    ] Application time: 0.0462060 seconds
[2020-01-13T13:57:17.846+0000][1][safepoint    ] Entering safepoint region: CollectForMetadataAllocation
[2020-01-13T13:57:17.846+0000][1][safepoint    ] Leaving safepoint region
[2020-01-13T13:57:17.846+0000][1][safepoint    ] Total time for which application threads were stopped: 0.0002544 seconds, Stopping threads took: 0.0000248 seconds
[2020-01-13T13:57:17.896+0000][1][safepoint    ] Application time: 0.0501027 seconds
[2020-01-13T13:57:17.896+0000][1][safepoint    ] Entering safepoint region: RevokeBias
[2020-01-13T13:57:17.897+0000][1][safepoint    ] Leaving safepoint region
[2020-01-13T13:57:17.897+0000][1][safepoint    ] Total time for which application threads were stopped: 0.0001640 seconds, Stopping threads took: 0.0000247 seconds
[2020-01-13T13:57:17.901+0000][1][safepoint    ] Application time: 0.0041050 seconds
[2020-01-13T13:57:17.901+0000][1][safepoint    ] Entering safepoint region: CollectForMetadataAllocation
[2020-01-13T13:57:17.902+0000][1][safepoint    ] Leaving safepoint region
[2020-01-13T13:57:17.902+0000][1][safepoint    ] Total time for which application threads were stopped: 0.0009152 seconds, Stopping threads took: 0.0006972 seconds
[2020-01-13T13:57:17.965+0000][1][safepoint    ] Application time: 0.0636492 seconds
[2020-01-13T13:57:17.968+0000][1][safepoint    ] Entering safepoint region: CollectForMetadataAllocation
[2020-01-13T13:57:17.969+0000][1][safepoint    ] Leaving safepoint region
[2020-01-13T13:57:17.969+0000][1][safepoint    ] Total time for which application threads were stopped: 0.0033188 seconds, Stopping threads took: 0.0030814 seconds
[2020-01-13T13:57:18.047+0000][1][safepoint    ] Application time: 0.0787878 seconds
[2020-01-13T13:57:18.047+0000][1][safepoint    ] Entering safepoint region: CollectForMetadataAllocation
[2020-01-13T13:57:18.048+0000][1][safepoint    ] Leaving safepoint region
[2020-01-13T13:57:18.048+0000][1][safepoint    ] Total time for which application threads were stopped: 0.0002429 seconds, Stopping threads took: 0.0000223 seconds
[2020-01-13T13:57:18.101+0000][1][safepoint    ] Application time: 0.0536440 seconds
[2020-01-13T13:57:18.101+0000][1][safepoint    ] Entering safepoint region: CollectForMetadataAllocation
[2020-01-13T13:57:18.102+0000][1][safepoint    ] Leaving safepoint region
[2020-01-13T13:57:18.102+0000][1][safepoint    ] Total time for which application threads were stopped: 0.0002610 seconds, Stopping threads took: 0.0000268 seconds
[2020-01-13T13:57:18.154+0000][1][safepoint    ] Application time: 0.0525991 seconds
[2020-01-13T13:57:18.154+0000][1][safepoint    ] Entering safepoint region: CollectForMetadataAllocation
[2020-01-13T13:57:18.155+0000][1][safepoint    ] Leaving safepoint region
[2020-01-13T13:57:18.155+0000][1][safepoint    ] Total time for which application threads were stopped: 0.0002611 seconds, Stopping threads took: 0.0000461 seconds
[2020-01-13T13:57:18.190+0000][1][safepoint    ] Application time: 0.0355497 seconds
[2020-01-13T13:57:18.190+0000][1][safepoint    ] Entering safepoint region: CollectForMetadataAllocation
[2020-01-13T13:57:18.190+0000][1][safepoint    ] Leaving safepoint region
[2020-01-13T13:57:18.190+0000][1][safepoint    ] Total time for which application threads were stopped: 0.0002717 seconds, Stopping threads took: 0.0000260 seconds
[2020-01-13T13:57:18.234+0000][1][safepoint    ] Application time: 0.0436738 seconds
[2020-01-13T13:57:18.236+0000][1][safepoint    ] Entering safepoint region: CollectForMetadataAllocation
[2020-01-13T13:57:18.236+0000][1][safepoint    ] Leaving safepoint region
[2020-01-13T13:57:18.236+0000][1][safepoint    ] Total time for which application threads were stopped: 0.0021074 seconds, Stopping threads took: 0.0018316 seconds
[2020-01-13T13:57:18.281+0000][1][safepoint    ] Application time: 0.0449409 seconds
[2020-01-13T13:57:18.284+0000][1][safepoint    ] Entering safepoint region: CollectForMetadataAllocation
[2020-01-13T13:57:18.285+0000][1][safepoint    ] Leaving safepoint region
[2020-01-13T13:57:18.285+0000][1][safepoint    ] Total time for which application threads were stopped: 0.0033073 seconds, Stopping threads took: 0.0030960 seconds
[2020-01-13T13:57:18.330+0000][1][safepoint    ] Application time: 0.0449210 seconds
[2020-01-13T13:57:18.332+0000][1][safepoint    ] Entering safepoint region: CollectForMetadataAllocation
[2020-01-13T13:57:18.332+0000][1][safepoint    ] Leaving safepoint region
[2020-01-13T13:57:18.332+0000][1][safepoint    ] Total time for which application threads were stopped: 0.0021729 seconds, Stopping threads took: 0.0019682 seconds
[2020-01-13T13:57:18.373+0000][1][safepoint    ] Application time: 0.0410034 seconds
[2020-01-13T13:57:18.376+0000][1][safepoint    ] Entering safepoint region: CollectForMetadataAllocation
[2020-01-13T13:57:18.377+0000][1][safepoint    ] Leaving safepoint region
[2020-01-13T13:57:18.377+0000][1][safepoint    ] Total time for which application threads were stopped: 0.0037502 seconds, Stopping threads took: 0.0035926 seconds
[2020-01-13T13:57:18.402+0000][1][safepoint    ] Application time: 0.0254596 seconds
[2020-01-13T13:57:18.402+0000][1][safepoint    ] Entering safepoint region: CollectForMetadataAllocation
[2020-01-13T13:57:18.402+0000][1][safepoint    ] Leaving safepoint region
[2020-01-13T13:57:18.402+0000][1][safepoint    ] Total time for which application threads were stopped: 0.0001578 seconds, Stopping threads took: 0.0000272 seconds
[2020-01-13T13:57:18.410+0000][1][safepoint    ] Application time: 0.0073898 seconds
[2020-01-13T13:57:18.410+0000][1][safepoint    ] Entering safepoint region: GenCollectForAllocation
[2020-01-13T13:57:18.410+0000][1][gc,start     ] GC(17) Pause Young (Allocation Failure)
[2020-01-13T13:57:18.410+0000][1][gc,task      ] GC(17) Using 1 workers of 1 for evacuation
[2020-01-13T13:57:18.435+0000][1][gc,age       ] GC(17) Desired survivor size 4358144 bytes, new threshold 6 (max threshold 6)
[2020-01-13T13:57:18.435+0000][1][gc,age       ] GC(17) Age table with threshold 6 (max threshold 6)
[2020-01-13T13:57:18.435+0000][1][gc,age       ] GC(17) - age   1:    2848056 bytes,    2848056 total
[2020-01-13T13:57:18.435+0000][1][gc,age       ] GC(17) - age   2:    1154272 bytes,    4002328 total
[2020-01-13T13:57:18.435+0000][1][gc,heap      ] GC(17) ParNew: 76594K->4661K(76672K)
[2020-01-13T13:57:18.435+0000][1][gc,heap      ] GC(17) CMS: 54279K->54279K(176960K)
[2020-01-13T13:57:18.435+0000][1][gc,metaspace ] GC(17) Metaspace: 39627K->39627K(1085440K)
[2020-01-13T13:57:18.435+0000][1][gc           ] GC(17) Pause Young (Allocation Failure) 127M->57M(247M) 25.533ms
[2020-01-13T13:57:18.435+0000][1][gc,cpu       ] GC(17) User=0.02s Sys=0.00s Real=0.02s
[2020-01-13T13:57:18.435+0000][1][safepoint    ] Leaving safepoint region
[2020-01-13T13:57:18.435+0000][1][safepoint    ] Total time for which application threads were stopped: 0.0256896 seconds, Stopping threads took: 0.0000239 seconds
[2020-01-13T13:57:18.444+0000][1][safepoint    ] Application time: 0.0089855 seconds
[2020-01-13T13:57:18.447+0000][1][safepoint    ] Entering safepoint region: CMS_Initial_Mark
[2020-01-13T13:57:18.447+0000][1][gc,start     ] GC(18) Pause Initial Mark
[2020-01-13T13:57:18.452+0000][1][gc           ] GC(18) Pause Initial Mark 58M->58M(247M) 4.585ms
[2020-01-13T13:57:18.452+0000][1][gc,cpu       ] GC(18) User=0.01s Sys=0.00s Real=0.01s
[2020-01-13T13:57:18.452+0000][1][safepoint    ] Leaving safepoint region
[2020-01-13T13:57:18.452+0000][1][safepoint    ] Total time for which application threads were stopped: 0.0077457 seconds, Stopping threads took: 0.0030238 seconds
[2020-01-13T13:57:18.457+0000][1][gc           ] GC(18) Concurrent Mark
[2020-01-13T13:57:18.566+0000][1][safepoint    ] Application time: 0.1142253 seconds
[2020-01-13T13:57:18.566+0000][1][safepoint    ] Entering safepoint region: CollectForMetadataAllocation
[2020-01-13T13:57:18.567+0000][1][safepoint    ] Leaving safepoint region
[2020-01-13T13:57:18.567+0000][1][safepoint    ] Total time for which application threads were stopped: 0.0001923 seconds, Stopping threads took: 0.0000273 seconds
[2020-01-13T13:57:18.593+0000][1][safepoint    ] Application time: 0.0267579 seconds
[2020-01-13T13:57:18.593+0000][1][safepoint    ] Entering safepoint region: RevokeBias
[2020-01-13T13:57:18.594+0000][1][safepoint    ] Leaving safepoint region
[2020-01-13T13:57:18.594+0000][1][safepoint    ] Total time for which application threads were stopped: 0.0001129 seconds, Stopping threads took: 0.0000150 seconds
[2020-01-13T13:57:18.643+0000][1][gc           ] GC(18) Concurrent Mark 185.569ms
[2020-01-13T13:57:18.643+0000][1][gc,cpu       ] GC(18) User=0.18s Sys=0.01s Real=0.19s
[2020-01-13T13:57:18.643+0000][1][gc           ] GC(18) Concurrent Preclean
[2020-01-13T13:57:18.644+0000][1][gc           ] GC(18) Concurrent Preclean 1.204ms
[2020-01-13T13:57:18.644+0000][1][gc,cpu       ] GC(18) User=0.00s Sys=0.00s Real=0.00s
[2020-01-13T13:57:18.644+0000][1][gc           ] GC(18) Concurrent Abortable Preclean
[2020-01-13T13:57:18.680+0000][1][safepoint    ] Application time: 0.0868285 seconds
[2020-01-13T13:57:18.680+0000][1][safepoint    ] Entering safepoint region: CollectForMetadataAllocation
[2020-01-13T13:57:18.681+0000][1][safepoint    ] Leaving safepoint region
[2020-01-13T13:57:18.681+0000][1][safepoint    ] Total time for which application threads were stopped: 0.0002356 seconds, Stopping threads took: 0.0000154 seconds
[2020-01-13T13:57:18.767+0000][1][safepoint    ] Application time: 0.0863914 seconds
[2020-01-13T13:57:18.770+0000][1][safepoint    ] Entering safepoint region: CollectForMetadataAllocation
[2020-01-13T13:57:18.771+0000][1][safepoint    ] Leaving safepoint region
[2020-01-13T13:57:18.771+0000][1][safepoint    ] Total time for which application threads were stopped: 0.0035298 seconds, Stopping threads took: 0.0032863 seconds
[2020-01-13T13:57:18.911+0000][1][safepoint    ] Application time: 0.1407087 seconds
[2020-01-13T13:57:18.912+0000][1][safepoint    ] Entering safepoint region: CollectForMetadataAllocation
[2020-01-13T13:57:18.913+0000][1][safepoint    ] Leaving safepoint region
[2020-01-13T13:57:18.913+0000][1][safepoint    ] Total time for which application threads were stopped: 0.0013596 seconds, Stopping threads took: 0.0010922 seconds
[2020-01-13T13:57:18.979+0000][1][safepoint    ] Application time: 0.0665808 seconds
[2020-01-13T13:57:18.979+0000][1][safepoint    ] Entering safepoint region: CollectForMetadataAllocation
[2020-01-13T13:57:18.980+0000][1][safepoint    ] Leaving safepoint region
[2020-01-13T13:57:18.980+0000][1][safepoint    ] Total time for which application threads were stopped: 0.0002427 seconds, Stopping threads took: 0.0000158 seconds
[2020-01-13T13:57:19.079+0000][1][safepoint    ] Application time: 0.0988370 seconds
[2020-01-13T13:57:19.079+0000][1][safepoint    ] Entering safepoint region: CollectForMetadataAllocation
[2020-01-13T13:57:19.079+0000][1][safepoint    ] Leaving safepoint region
[2020-01-13T13:57:19.079+0000][1][safepoint    ] Total time for which application threads were stopped: 0.0002483 seconds, Stopping threads took: 0.0000139 seconds
[2020-01-13T13:57:19.100+0000][1][safepoint    ] Application time: 0.0210807 seconds
[2020-01-13T13:57:19.101+0000][1][safepoint    ] Entering safepoint region: RevokeBias
[2020-01-13T13:57:19.101+0000][1][safepoint    ] Leaving safepoint region
[2020-01-13T13:57:19.101+0000][1][safepoint    ] Total time for which application threads were stopped: 0.0010329 seconds, Stopping threads took: 0.0009596 seconds
[2020-01-13T13:57:19.152+0000][1][safepoint    ] Application time: 0.0513777 seconds
[2020-01-13T13:57:19.152+0000][1][safepoint    ] Entering safepoint region: CollectForMetadataAllocation
[2020-01-13T13:57:19.153+0000][1][safepoint    ] Leaving safepoint region
[2020-01-13T13:57:19.153+0000][1][safepoint    ] Total time for which application threads were stopped: 0.0002620 seconds, Stopping threads took: 0.0000182 seconds
[2020-01-13T13:57:20.153+0000][1][safepoint    ] Application time: 1.0001002 seconds
[2020-01-13T13:57:20.155+0000][1][safepoint    ] Entering safepoint region: Cleanup
[2020-01-13T13:57:20.155+0000][1][safepoint    ] Leaving safepoint region
[2020-01-13T13:57:20.155+0000][1][safepoint    ] Total time for which application threads were stopped: 0.0020288 seconds, Stopping threads took: 0.0019649 seconds
[2020-01-13T13:57:20.496+0000][1][safepoint    ] Application time: 0.3406626 seconds
[2020-01-13T13:57:20.496+0000][1][safepoint    ] Entering safepoint region: RevokeBias
[2020-01-13T13:57:20.496+0000][1][safepoint    ] Leaving safepoint region
[2020-01-13T13:57:20.496+0000][1][safepoint    ] Total time for which application threads were stopped: 0.0001158 seconds, Stopping threads took: 0.0000256 seconds
[2020-01-13T13:57:20.789+0000][1][safepoint    ] Application time: 0.2933583 seconds
[2020-01-13T13:57:20.789+0000][1][safepoint    ] Entering safepoint region: CollectForMetadataAllocation
[2020-01-13T13:57:20.789+0000][1][safepoint    ] Leaving safepoint region
[2020-01-13T13:57:20.789+0000][1][safepoint    ] Total time for which application threads were stopped: 0.0002685 seconds, Stopping threads took: 0.0000336 seconds
[2020-01-13T13:57:21.303+0000][1][safepoint    ] Application time: 0.5136311 seconds
[2020-01-13T13:57:21.303+0000][1][safepoint    ] Entering safepoint region: CollectForMetadataAllocation
[2020-01-13T13:57:21.303+0000][1][safepoint    ] Leaving safepoint region
[2020-01-13T13:57:21.303+0000][1][safepoint    ] Total time for which application threads were stopped: 0.0003143 seconds, Stopping threads took: 0.0000355 seconds
[2020-01-13T13:57:21.364+0000][1][safepoint    ] Application time: 0.0610435 seconds
[2020-01-13T13:57:21.365+0000][1][safepoint    ] Entering safepoint region: CollectForMetadataAllocation
[2020-01-13T13:57:21.365+0000][1][safepoint    ] Leaving safepoint region
[2020-01-13T13:57:21.365+0000][1][safepoint    ] Total time for which application threads were stopped: 0.0003452 seconds, Stopping threads took: 0.0000906 seconds
[2020-01-13T13:57:21.803+0000][1][gc           ] GC(18) Concurrent Abortable Preclean 3158.397ms
[2020-01-13T13:57:21.803+0000][1][gc,cpu       ] GC(18) User=3.11s Sys=0.03s Real=3.16s
[2020-01-13T13:57:21.803+0000][1][safepoint    ] Application time: 0.4379302 seconds
[2020-01-13T13:57:21.808+0000][1][safepoint    ] Entering safepoint region: CMS_Final_Remark
[2020-01-13T13:57:21.809+0000][1][gc,start     ] GC(18) Pause Remark
[2020-01-13T13:57:21.883+0000][1][gc           ] GC(18) Pause Remark 100M->100M(247M) 74.515ms
[2020-01-13T13:57:21.883+0000][1][gc,cpu       ] GC(18) User=0.08s Sys=0.00s Real=0.08s
[2020-01-13T13:57:21.883+0000][1][safepoint    ] Leaving safepoint region
[2020-01-13T13:57:21.883+0000][1][safepoint    ] Total time for which application threads were stopped: 0.0805031 seconds, Stopping threads took: 0.0057480 seconds
[2020-01-13T13:57:21.899+0000][1][gc           ] GC(18) Concurrent Sweep
[2020-01-13T13:57:21.970+0000][1][gc           ] GC(18) Concurrent Sweep 70.284ms
[2020-01-13T13:57:21.970+0000][1][gc,cpu       ] GC(18) User=0.07s Sys=0.00s Real=0.07s
[2020-01-13T13:57:21.970+0000][1][gc           ] GC(18) Concurrent Reset
[2020-01-13T13:57:21.970+0000][1][gc           ] GC(18) Concurrent Reset 0.413ms
[2020-01-13T13:57:21.970+0000][1][gc,cpu       ] GC(18) User=0.00s Sys=0.00s Real=0.00s
[2020-01-13T13:57:21.970+0000][1][gc,heap      ] GC(18) Old: 54279K->54064K(176960K)
[2020-01-13T13:57:21.971+0000][1][safepoint    ] Application time: 0.0872139 seconds
[2020-01-13T13:57:21.971+0000][1][safepoint    ] Entering safepoint region: RevokeBias
[2020-01-13T13:57:21.972+0000][1][safepoint    ] Leaving safepoint region
[2020-01-13T13:57:21.972+0000][1][safepoint    ] Total time for which application threads were stopped: 0.0011060 seconds, Stopping threads took: 0.0000242 seconds
[2020-01-13T13:57:22.426+0000][1][safepoint    ] Application time: 0.4539933 seconds
[2020-01-13T13:57:22.429+0000][1][safepoint    ] Entering safepoint region: GenCollectForAllocation
[2020-01-13T13:57:22.429+0000][1][gc,start     ] GC(19) Pause Young (Allocation Failure)
[2020-01-13T13:57:22.430+0000][1][gc,task      ] GC(19) Using 1 workers of 1 for evacuation
[2020-01-13T13:57:22.471+0000][1][gc,age       ] GC(19) Desired survivor size 4358144 bytes, new threshold 2 (max threshold 6)
[2020-01-13T13:57:22.471+0000][1][gc,age       ] GC(19) Age table with threshold 2 (max threshold 6)
[2020-01-13T13:57:22.471+0000][1][gc,age       ] GC(19) - age   1:    3000336 bytes,    3000336 total
[2020-01-13T13:57:22.471+0000][1][gc,age       ] GC(19) - age   2:    2773256 bytes,    5773592 total
[2020-01-13T13:57:22.471+0000][1][gc,age       ] GC(19) - age   3:    1152640 bytes,    6926232 total
[2020-01-13T13:57:22.471+0000][1][gc,heap      ] GC(19) ParNew: 72821K->7028K(76672K)
[2020-01-13T13:57:22.471+0000][1][gc,heap      ] GC(19) CMS: 54064K->54064K(176960K)
[2020-01-13T13:57:22.471+0000][1][gc,metaspace ] GC(19) Metaspace: 44758K->44758K(1091584K)
[2020-01-13T13:57:22.471+0000][1][gc           ] GC(19) Pause Young (Allocation Failure) 123M->59M(247M) 41.745ms
[2020-01-13T13:57:22.471+0000][1][gc,cpu       ] GC(19) User=0.04s Sys=0.00s Real=0.04s
[2020-01-13T13:57:22.471+0000][1][safepoint    ] Leaving safepoint region
[2020-01-13T13:57:22.471+0000][1][safepoint    ] Total time for which application threads were stopped: 0.0456127 seconds, Stopping threads took: 0.0036961 seconds
[2020-01-13T13:57:22.482+0000][1][safepoint    ] Application time: 0.0108445 seconds
[2020-01-13T13:57:22.485+0000][1][safepoint    ] Entering safepoint region: RevokeBias
[2020-01-13T13:57:22.485+0000][1][safepoint    ] Leaving safepoint region
[2020-01-13T13:57:22.485+0000][1][safepoint    ] Total time for which application threads were stopped: 0.0033061 seconds, Stopping threads took: 0.0032067 seconds
[2020-01-13T13:57:22.490+0000][1][safepoint    ] Application time: 0.0048149 seconds
[2020-01-13T13:57:22.490+0000][1][safepoint    ] Entering safepoint region: RevokeBias
[2020-01-13T13:57:22.490+0000][1][safepoint    ] Leaving safepoint region
[2020-01-13T13:57:22.490+0000][1][safepoint    ] Total time for which application threads were stopped: 0.0001023 seconds, Stopping threads took: 0.0000231 seconds
[2020-01-13T13:57:22.645+0000][1][safepoint    ] Application time: 0.1548936 seconds
[2020-01-13T13:57:22.647+0000][1][safepoint    ] Entering safepoint region: RevokeBias
[2020-01-13T13:57:22.648+0000][1][safepoint    ] Leaving safepoint region
[2020-01-13T13:57:22.648+0000][1][safepoint    ] Total time for which application threads were stopped: 0.0021126 seconds, Stopping threads took: 0.0020339 seconds
[2020-01-13T13:57:22.899+0000][1][safepoint    ] Application time: 0.2510170 seconds
[2020-01-13T13:57:22.901+0000][1][safepoint    ] Entering safepoint region: RevokeBias
[2020-01-13T13:57:22.901+0000][1][safepoint    ] Leaving safepoint region
[2020-01-13T13:57:22.901+0000][1][safepoint    ] Total time for which application threads were stopped: 0.0028563 seconds, Stopping threads took: 0.0021922 seconds
[2020-01-13T13:57:22.904+0000][1][safepoint    ] Application time: 0.0028982 seconds
[2020-01-13T13:57:22.909+0000][1][safepoint    ] Entering safepoint region: RevokeBias
[2020-01-13T13:57:22.909+0000][1][safepoint    ] Leaving safepoint region
[2020-01-13T13:57:22.910+0000][1][safepoint    ] Total time for which application threads were stopped: 0.0051085 seconds, Stopping threads took: 0.0050015 seconds
[2020-01-13T13:57:22.910+0000][1][safepoint    ] Application time: 0.0002729 seconds
[2020-01-13T13:57:22.910+0000][1][safepoint    ] Entering safepoint region: RevokeBias
[2020-01-13T13:57:22.910+0000][1][safepoint    ] Leaving safepoint region
[2020-01-13T13:57:22.910+0000][1][safepoint    ] Total time for which application threads were stopped: 0.0000743 seconds, Stopping threads took: 0.0000102 seconds
[2020-01-13T13:57:22.910+0000][1][safepoint    ] Application time: 0.0000350 seconds
[2020-01-13T13:57:22.910+0000][1][safepoint    ] Entering safepoint region: RevokeBias
[2020-01-13T13:57:22.910+0000][1][safepoint    ] Leaving safepoint region
[2020-01-13T13:57:22.910+0000][1][safepoint    ] Total time for which application threads were stopped: 0.0000328 seconds, Stopping threads took: 0.0000055 seconds
[2020-01-13T13:57:23.013+0000][1][safepoint    ] Application time: 0.1026013 seconds
[2020-01-13T13:57:23.015+0000][1][safepoint    ] Entering safepoint region: RevokeBias
[2020-01-13T13:57:23.015+0000][1][safepoint    ] Leaving safepoint region
[2020-01-13T13:57:23.015+0000][1][safepoint    ] Total time for which application threads were stopped: 0.0021532 seconds, Stopping threads took: 0.0020129 seconds
[2020-01-13T13:57:23.017+0000][1][safepoint    ] Application time: 0.0021366 seconds
[2020-01-13T13:57:23.017+0000][1][safepoint    ] Entering safepoint region: RevokeBias
[2020-01-13T13:57:23.017+0000][1][safepoint    ] Leaving safepoint region
[2020-01-13T13:57:23.017+0000][1][safepoint    ] Total time for which application threads were stopped: 0.0000895 seconds, Stopping threads took: 0.0000234 seconds
[2020-01-13T13:57:23.017+0000][1][safepoint    ] Application time: 0.0000347 seconds
[2020-01-13T13:57:23.017+0000][1][safepoint    ] Entering safepoint region: RevokeBias
[2020-01-13T13:57:23.017+0000][1][safepoint    ] Leaving safepoint region
[2020-01-13T13:57:23.017+0000][1][safepoint    ] Total time for which application threads were stopped: 0.0000306 seconds, Stopping threads took: 0.0000054 seconds
[2020-01-13T13:57:23.017+0000][1][safepoint    ] Application time: 0.0001098 seconds
[2020-01-13T13:57:23.017+0000][1][safepoint    ] Entering safepoint region: RevokeBias
[2020-01-13T13:57:23.017+0000][1][safepoint    ] Leaving safepoint region
[2020-01-13T13:57:23.017+0000][1][safepoint    ] Total time for which application threads were stopped: 0.0000463 seconds, Stopping threads took: 0.0000094 seconds
[2020-01-13T13:57:23.018+0000][1][safepoint    ] Application time: 0.0006136 seconds
[2020-01-13T13:57:23.018+0000][1][safepoint    ] Entering safepoint region: RevokeBias
[2020-01-13T13:57:23.018+0000][1][safepoint    ] Leaving safepoint region
[2020-01-13T13:57:23.018+0000][1][safepoint    ] Total time for which application threads were stopped: 0.0000503 seconds, Stopping threads took: 0.0000077 seconds
[2020-01-13T13:57:23.018+0000][1][safepoint    ] Application time: 0.0000562 seconds
[2020-01-13T13:57:23.018+0000][1][safepoint    ] Entering safepoint region: RevokeBias
[2020-01-13T13:57:23.018+0000][1][safepoint    ] Leaving safepoint region
[2020-01-13T13:57:23.018+0000][1][safepoint    ] Total time for which application threads were stopped: 0.0000286 seconds, Stopping threads took: 0.0000055 seconds
[2020-01-13T13:57:23.018+0000][1][safepoint    ] Application time: 0.0001571 seconds
[2020-01-13T13:57:23.018+0000][1][safepoint    ] Entering safepoint region: RevokeBias
[2020-01-13T13:57:23.018+0000][1][safepoint    ] Leaving safepoint region
[2020-01-13T13:57:23.018+0000][1][safepoint    ] Total time for which application threads were stopped: 0.0000352 seconds, Stopping threads took: 0.0000057 seconds
[2020-01-13T13:57:23.019+0000][1][safepoint    ] Application time: 0.0002193 seconds
[2020-01-13T13:57:23.019+0000][1][safepoint    ] Entering safepoint region: RevokeBias
[2020-01-13T13:57:23.019+0000][1][safepoint    ] Leaving safepoint region
[2020-01-13T13:57:23.019+0000][1][safepoint    ] Total time for which application threads were stopped: 0.0000467 seconds, Stopping threads took: 0.0000065 seconds
[2020-01-13T13:57:23.019+0000][1][safepoint    ] Application time: 0.0000232 seconds
[2020-01-13T13:57:23.019+0000][1][safepoint    ] Entering safepoint region: RevokeBias
[2020-01-13T13:57:23.019+0000][1][safepoint    ] Leaving safepoint region
[2020-01-13T13:57:23.019+0000][1][safepoint    ] Total time for which application threads were stopped: 0.0000295 seconds, Stopping threads took: 0.0000052 seconds
[2020-01-13T13:57:23.019+0000][1][safepoint    ] Application time: 0.0000196 seconds
[2020-01-13T13:57:23.019+0000][1][safepoint    ] Entering safepoint region: RevokeBias
[2020-01-13T13:57:23.019+0000][1][safepoint    ] Leaving safepoint region
[2020-01-13T13:57:23.019+0000][1][safepoint    ] Total time for which application threads were stopped: 0.0000408 seconds, Stopping threads took: 0.0000172 seconds
[2020-01-13T13:57:23.019+0000][1][safepoint    ] Application time: 0.0000207 seconds
[2020-01-13T13:57:23.019+0000][1][safepoint    ] Entering safepoint region: RevokeBias
[2020-01-13T13:57:23.019+0000][1][safepoint    ] Leaving safepoint region
[2020-01-13T13:57:23.019+0000][1][safepoint    ] Total time for which application threads were stopped: 0.0000271 seconds, Stopping threads took: 0.0000050 seconds
[2020-01-13T13:57:23.019+0000][1][safepoint    ] Application time: 0.0000196 seconds
[2020-01-13T13:57:23.019+0000][1][safepoint    ] Entering safepoint region: RevokeBias
[2020-01-13T13:57:23.019+0000][1][safepoint    ] Leaving safepoint region
[2020-01-13T13:57:23.019+0000][1][safepoint    ] Total time for which application threads were stopped: 0.0000269 seconds, Stopping threads took: 0.0000049 seconds
[2020-01-13T13:57:23.019+0000][1][safepoint    ] Application time: 0.0000196 seconds
[2020-01-13T13:57:23.019+0000][1][safepoint    ] Entering safepoint region: RevokeBias
[2020-01-13T13:57:23.019+0000][1][safepoint    ] Leaving safepoint region
[2020-01-13T13:57:23.019+0000][1][safepoint    ] Total time for which application threads were stopped: 0.0000385 seconds, Stopping threads took: 0.0000050 seconds
[2020-01-13T13:57:23.019+0000][1][safepoint    ] Application time: 0.0000286 seconds
[2020-01-13T13:57:23.019+0000][1][safepoint    ] Entering safepoint region: RevokeBias
[2020-01-13T13:57:23.019+0000][1][safepoint    ] Leaving safepoint region
[2020-01-13T13:57:23.019+0000][1][safepoint    ] Total time for which application threads were stopped: 0.0000292 seconds, Stopping threads took: 0.0000052 seconds
[2020-01-13T13:57:23.019+0000][1][safepoint    ] Application time: 0.0000205 seconds
[2020-01-13T13:57:23.019+0000][1][safepoint    ] Entering safepoint region: RevokeBias
[2020-01-13T13:57:23.019+0000][1][safepoint    ] Leaving safepoint region
[2020-01-13T13:57:23.019+0000][1][safepoint    ] Total time for which application threads were stopped: 0.0000271 seconds, Stopping threads took: 0.0000051 seconds
[2020-01-13T13:57:23.019+0000][1][safepoint    ] Application time: 0.0000200 seconds
[2020-01-13T13:57:23.019+0000][1][safepoint    ] Entering safepoint region: RevokeBias
[2020-01-13T13:57:23.019+0000][1][safepoint    ] Leaving safepoint region
[2020-01-13T13:57:23.019+0000][1][safepoint    ] Total time for which application threads were stopped: 0.0000269 seconds, Stopping threads took: 0.0000050 seconds
[2020-01-13T13:57:23.019+0000][1][safepoint    ] Application time: 0.0000200 seconds
[2020-01-13T13:57:23.019+0000][1][safepoint    ] Entering safepoint region: RevokeBias
[2020-01-13T13:57:23.019+0000][1][safepoint    ] Leaving safepoint region
[2020-01-13T13:57:23.019+0000][1][safepoint    ] Total time for which application threads were stopped: 0.0000267 seconds, Stopping threads took: 0.0000049 seconds
[2020-01-13T13:57:23.019+0000][1][safepoint    ] Application time: 0.0000249 seconds
[2020-01-13T13:57:23.019+0000][1][safepoint    ] Entering safepoint region: RevokeBias
[2020-01-13T13:57:23.019+0000][1][safepoint    ] Leaving safepoint region
[2020-01-13T13:57:23.019+0000][1][safepoint    ] Total time for which application threads were stopped: 0.0000269 seconds, Stopping threads took: 0.0000050 seconds
[2020-01-13T13:57:23.019+0000][1][safepoint    ] Application time: 0.0000197 seconds
[2020-01-13T13:57:23.019+0000][1][safepoint    ] Entering safepoint region: RevokeBias
[2020-01-13T13:57:23.019+0000][1][safepoint    ] Leaving safepoint region
[2020-01-13T13:57:23.019+0000][1][safepoint    ] Total time for which application threads were stopped: 0.0000268 seconds, Stopping threads took: 0.0000050 seconds
[2020-01-13T13:57:23.019+0000][1][safepoint    ] Application time: 0.0000204 seconds
[2020-01-13T13:57:23.019+0000][1][safepoint    ] Entering safepoint region: RevokeBias
[2020-01-13T13:57:23.019+0000][1][safepoint    ] Leaving safepoint region
[2020-01-13T13:57:23.019+0000][1][safepoint    ] Total time for which application threads were stopped: 0.0000457 seconds, Stopping threads took: 0.0000049 seconds
[2020-01-13T13:57:23.019+0000][1][safepoint    ] Application time: 0.0000293 seconds
[2020-01-13T13:57:23.019+0000][1][safepoint    ] Entering safepoint region: RevokeBias
[2020-01-13T13:57:23.019+0000][1][safepoint    ] Leaving safepoint region
[2020-01-13T13:57:23.019+0000][1][safepoint    ] Total time for which application threads were stopped: 0.0000440 seconds, Stopping threads took: 0.0000081 seconds
[2020-01-13T13:57:23.019+0000][1][safepoint    ] Application time: 0.0000282 seconds
[2020-01-13T13:57:23.019+0000][1][safepoint    ] Entering safepoint region: RevokeBias
[2020-01-13T13:57:23.020+0000][1][safepoint    ] Leaving safepoint region
[2020-01-13T13:57:23.020+0000][1][safepoint    ] Total time for which application threads were stopped: 0.0000444 seconds, Stopping threads took: 0.0000081 seconds
[2020-01-13T13:57:23.020+0000][1][safepoint    ] Application time: 0.0000331 seconds
[2020-01-13T13:57:23.020+0000][1][safepoint    ] Entering safepoint region: RevokeBias
[2020-01-13T13:57:23.020+0000][1][safepoint    ] Leaving safepoint region
[2020-01-13T13:57:23.020+0000][1][safepoint    ] Total time for which application threads were stopped: 0.0000294 seconds, Stopping threads took: 0.0000052 seconds
[2020-01-13T13:57:23.020+0000][1][safepoint    ] Application time: 0.0000253 seconds
[2020-01-13T13:57:23.020+0000][1][safepoint    ] Entering safepoint region: RevokeBias
[2020-01-13T13:57:23.020+0000][1][safepoint    ] Leaving safepoint region
[2020-01-13T13:57:23.020+0000][1][safepoint    ] Total time for which application threads were stopped: 0.0000270 seconds, Stopping threads took: 0.0000049 seconds
[2020-01-13T13:57:23.020+0000][1][safepoint    ] Application time: 0.0000336 seconds
[2020-01-13T13:57:23.020+0000][1][safepoint    ] Entering safepoint region: RevokeBias
[2020-01-13T13:57:23.020+0000][1][safepoint    ] Leaving safepoint region
[2020-01-13T13:57:23.020+0000][1][safepoint    ] Total time for which application threads were stopped: 0.0000273 seconds, Stopping threads took: 0.0000050 seconds
[2020-01-13T13:57:23.020+0000][1][safepoint    ] Application time: 0.0000203 seconds
[2020-01-13T13:57:23.020+0000][1][safepoint    ] Entering safepoint region: BulkRevokeBias
[2020-01-13T13:57:23.020+0000][1][safepoint    ] Leaving safepoint region
[2020-01-13T13:57:23.020+0000][1][safepoint    ] Total time for which application threads were stopped: 0.0001031 seconds, Stopping threads took: 0.0000050 seconds
[2020-01-13T13:57:23.020+0000][1][safepoint    ] Application time: 0.0004581 seconds
[2020-01-13T13:57:23.020+0000][1][safepoint    ] Entering safepoint region: RevokeBias
[2020-01-13T13:57:23.020+0000][1][safepoint    ] Leaving safepoint region
[2020-01-13T13:57:23.020+0000][1][safepoint    ] Total time for which application threads were stopped: 0.0000587 seconds, Stopping threads took: 0.0000067 seconds
[2020-01-13T13:57:23.020+0000][1][safepoint    ] Application time: 0.0000870 seconds
[2020-01-13T13:57:23.021+0000][1][safepoint    ] Entering safepoint region: RevokeBias
[2020-01-13T13:57:23.021+0000][1][safepoint    ] Leaving safepoint region
[2020-01-13T13:57:23.021+0000][1][safepoint    ] Total time for which application threads were stopped: 0.0000523 seconds, Stopping threads took: 0.0000083 seconds
[2020-01-13T13:57:23.021+0000][1][safepoint    ] Application time: 0.0000937 seconds
[2020-01-13T13:57:23.021+0000][1][safepoint    ] Entering safepoint region: RevokeBias
[2020-01-13T13:57:23.021+0000][1][safepoint    ] Leaving safepoint region
[2020-01-13T13:57:23.021+0000][1][safepoint    ] Total time for which application threads were stopped: 0.0000502 seconds, Stopping threads took: 0.0000182 seconds
[2020-01-13T13:57:23.021+0000][1][safepoint    ] Application time: 0.0000910 seconds
[2020-01-13T13:57:23.021+0000][1][safepoint    ] Entering safepoint region: RevokeBias
[2020-01-13T13:57:23.021+0000][1][safepoint    ] Leaving safepoint region
[2020-01-13T13:57:23.021+0000][1][safepoint    ] Total time for which application threads were stopped: 0.0000518 seconds, Stopping threads took: 0.0000053 seconds
[2020-01-13T13:57:23.024+0000][1][safepoint    ] Application time: 0.0035597 seconds
[2020-01-13T13:57:23.024+0000][1][safepoint    ] Entering safepoint region: RevokeBias
[2020-01-13T13:57:23.025+0000][1][safepoint    ] Leaving safepoint region
[2020-01-13T13:57:23.025+0000][1][safepoint    ] Total time for which application threads were stopped: 0.0001245 seconds, Stopping threads took: 0.0000111 seconds
[2020-01-13T13:57:23.025+0000][1][safepoint    ] Application time: 0.0000533 seconds
[2020-01-13T13:57:23.025+0000][1][safepoint    ] Entering safepoint region: RevokeBias
[2020-01-13T13:57:23.025+0000][1][safepoint    ] Leaving safepoint region
[2020-01-13T13:57:23.025+0000][1][safepoint    ] Total time for which application threads were stopped: 0.0000743 seconds, Stopping threads took: 0.0000053 seconds
[2020-01-13T13:57:23.025+0000][1][safepoint    ] Application time: 0.0001567 seconds
[2020-01-13T13:57:23.025+0000][1][safepoint    ] Entering safepoint region: RevokeBias
[2020-01-13T13:57:23.025+0000][1][safepoint    ] Leaving safepoint region
[2020-01-13T13:57:23.025+0000][1][safepoint    ] Total time for which application threads were stopped: 0.0000538 seconds, Stopping threads took: 0.0000058 seconds
[2020-01-13T13:57:23.025+0000][1][safepoint    ] Application time: 0.0000376 seconds
[2020-01-13T13:57:23.025+0000][1][safepoint    ] Entering safepoint region: RevokeBias
[2020-01-13T13:57:23.025+0000][1][safepoint    ] Leaving safepoint region
[2020-01-13T13:57:23.025+0000][1][safepoint    ] Total time for which application threads were stopped: 0.0000502 seconds, Stopping threads took: 0.0000055 seconds
[2020-01-13T13:57:23.026+0000][1][safepoint    ] Application time: 0.0004405 seconds
[2020-01-13T13:57:23.026+0000][1][safepoint    ] Entering safepoint region: RevokeBias
[2020-01-13T13:57:23.026+0000][1][safepoint    ] Leaving safepoint region
[2020-01-13T13:57:23.026+0000][1][safepoint    ] Total time for which application threads were stopped: 0.0000567 seconds, Stopping threads took: 0.0000084 seconds
[2020-01-13T13:57:23.026+0000][1][safepoint    ] Application time: 0.0000237 seconds
[2020-01-13T13:57:23.026+0000][1][safepoint    ] Entering safepoint region: RevokeBias
[2020-01-13T13:57:23.026+0000][1][safepoint    ] Leaving safepoint region
[2020-01-13T13:57:23.026+0000][1][safepoint    ] Total time for which application threads were stopped: 0.0000302 seconds, Stopping threads took: 0.0000053 seconds
[2020-01-13T13:57:23.026+0000][1][safepoint    ] Application time: 0.0000349 seconds
[2020-01-13T13:57:23.026+0000][1][safepoint    ] Entering safepoint region: RevokeBias
[2020-01-13T13:57:23.026+0000][1][safepoint    ] Leaving safepoint region
[2020-01-13T13:57:23.026+0000][1][safepoint    ] Total time for which application threads were stopped: 0.0000293 seconds, Stopping threads took: 0.0000052 seconds
[2020-01-13T13:57:23.026+0000][1][safepoint    ] Application time: 0.0000202 seconds
[2020-01-13T13:57:23.026+0000][1][safepoint    ] Entering safepoint region: RevokeBias
[2020-01-13T13:57:23.026+0000][1][safepoint    ] Leaving safepoint region
[2020-01-13T13:57:23.026+0000][1][safepoint    ] Total time for which application threads were stopped: 0.0000280 seconds, Stopping threads took: 0.0000050 seconds
[2020-01-13T13:57:23.026+0000][1][safepoint    ] Application time: 0.0000152 seconds
[2020-01-13T13:57:23.026+0000][1][safepoint    ] Entering safepoint region: RevokeBias
[2020-01-13T13:57:23.026+0000][1][safepoint    ] Leaving safepoint region
[2020-01-13T13:57:23.026+0000][1][safepoint    ] Total time for which application threads were stopped: 0.0000280 seconds, Stopping threads took: 0.0000050 seconds
[2020-01-13T13:57:23.026+0000][1][safepoint    ] Application time: 0.0000149 seconds
[2020-01-13T13:57:23.026+0000][1][safepoint    ] Entering safepoint region: RevokeBias
[2020-01-13T13:57:23.026+0000][1][safepoint    ] Leaving safepoint region
[2020-01-13T13:57:23.026+0000][1][safepoint    ] Total time for which application threads were stopped: 0.0000391 seconds, Stopping threads took: 0.0000050 seconds
[2020-01-13T13:57:23.026+0000][1][safepoint    ] Application time: 0.0000222 seconds
[2020-01-13T13:57:23.026+0000][1][safepoint    ] Entering safepoint region: RevokeBias
[2020-01-13T13:57:23.026+0000][1][safepoint    ] Leaving safepoint region
[2020-01-13T13:57:23.026+0000][1][safepoint    ] Total time for which application threads were stopped: 0.0000439 seconds, Stopping threads took: 0.0000080 seconds
[2020-01-13T13:57:23.026+0000][1][safepoint    ] Application time: 0.0000220 seconds
[2020-01-13T13:57:23.026+0000][1][safepoint    ] Entering safepoint region: RevokeBias
[2020-01-13T13:57:23.026+0000][1][safepoint    ] Leaving safepoint region
[2020-01-13T13:57:23.026+0000][1][safepoint    ] Total time for which application threads were stopped: 0.0000372 seconds, Stopping threads took: 0.0000081 seconds
[2020-01-13T13:57:23.026+0000][1][safepoint    ] Application time: 0.0000161 seconds
[2020-01-13T13:57:23.026+0000][1][safepoint    ] Entering safepoint region: RevokeBias
[2020-01-13T13:57:23.026+0000][1][safepoint    ] Leaving safepoint region
[2020-01-13T13:57:23.026+0000][1][safepoint    ] Total time for which application threads were stopped: 0.0000281 seconds, Stopping threads took: 0.0000050 seconds
[2020-01-13T13:57:23.026+0000][1][safepoint    ] Application time: 0.0000150 seconds
[2020-01-13T13:57:23.026+0000][1][safepoint    ] Entering safepoint region: RevokeBias
[2020-01-13T13:57:23.026+0000][1][safepoint    ] Leaving safepoint region
[2020-01-13T13:57:23.026+0000][1][safepoint    ] Total time for which application threads were stopped: 0.0000278 seconds, Stopping threads took: 0.0000050 seconds
[2020-01-13T13:57:23.026+0000][1][safepoint    ] Application time: 0.0000154 seconds
[2020-01-13T13:57:23.026+0000][1][safepoint    ] Entering safepoint region: RevokeBias
[2020-01-13T13:57:23.026+0000][1][safepoint    ] Leaving safepoint region
[2020-01-13T13:57:23.026+0000][1][safepoint    ] Total time for which application threads were stopped: 0.0000273 seconds, Stopping threads took: 0.0000050 seconds
[2020-01-13T13:57:23.026+0000][1][safepoint    ] Application time: 0.0000150 seconds
[2020-01-13T13:57:23.026+0000][1][safepoint    ] Entering safepoint region: RevokeBias
[2020-01-13T13:57:23.026+0000][1][safepoint    ] Leaving safepoint region
[2020-01-13T13:57:23.026+0000][1][safepoint    ] Total time for which application threads were stopped: 0.0000274 seconds, Stopping threads took: 0.0000049 seconds
[2020-01-13T13:57:23.026+0000][1][safepoint    ] Application time: 0.0000166 seconds
[2020-01-13T13:57:23.026+0000][1][safepoint    ] Entering safepoint region: RevokeBias
[2020-01-13T13:57:23.026+0000][1][safepoint    ] Leaving safepoint region
[2020-01-13T13:57:23.026+0000][1][safepoint    ] Total time for which application threads were stopped: 0.0000283 seconds, Stopping threads took: 0.0000052 seconds
[2020-01-13T13:57:23.026+0000][1][safepoint    ] Application time: 0.0000156 seconds
[2020-01-13T13:57:23.026+0000][1][safepoint    ] Entering safepoint region: RevokeBias
[2020-01-13T13:57:23.026+0000][1][safepoint    ] Leaving safepoint region
[2020-01-13T13:57:23.026+0000][1][safepoint    ] Total time for which application threads were stopped: 0.0000275 seconds, Stopping threads took: 0.0000050 seconds
[2020-01-13T13:57:23.026+0000][1][safepoint    ] Application time: 0.0000165 seconds
[2020-01-13T13:57:23.026+0000][1][safepoint    ] Entering safepoint region: BulkRevokeBias
[2020-01-13T13:57:23.027+0000][1][safepoint    ] Leaving safepoint region
[2020-01-13T13:57:23.027+0000][1][safepoint    ] Total time for which application threads were stopped: 0.0001384 seconds, Stopping threads took: 0.0000051 seconds
[2020-01-13T13:57:23.027+0000][1][safepoint    ] Application time: 0.0008755 seconds
[2020-01-13T13:57:23.027+0000][1][safepoint    ] Entering safepoint region: RevokeBias
[2020-01-13T13:57:23.028+0000][1][safepoint    ] Leaving safepoint region
[2020-01-13T13:57:23.028+0000][1][safepoint    ] Total time for which application threads were stopped: 0.0000934 seconds, Stopping threads took: 0.0000077 seconds
[2020-01-13T13:57:23.028+0000][1][safepoint    ] Application time: 0.0001146 seconds
[2020-01-13T13:57:23.028+0000][1][safepoint    ] Entering safepoint region: RevokeBias
[2020-01-13T13:57:23.028+0000][1][safepoint    ] Leaving safepoint region
[2020-01-13T13:57:23.028+0000][1][safepoint    ] Total time for which application threads were stopped: 0.0000431 seconds, Stopping threads took: 0.0000061 seconds
[2020-01-13T13:57:23.030+0000][1][safepoint    ] Application time: 0.0025867 seconds
[2020-01-13T13:57:23.030+0000][1][safepoint    ] Entering safepoint region: RevokeBias
[2020-01-13T13:57:23.030+0000][1][safepoint    ] Leaving safepoint region
[2020-01-13T13:57:23.030+0000][1][safepoint    ] Total time for which application threads were stopped: 0.0000923 seconds, Stopping threads took: 0.0000284 seconds
[2020-01-13T13:57:23.031+0000][1][safepoint    ] Application time: 0.0000411 seconds
[2020-01-13T13:57:23.031+0000][1][safepoint    ] Entering safepoint region: RevokeBias
[2020-01-13T13:57:23.031+0000][1][safepoint    ] Leaving safepoint region
[2020-01-13T13:57:23.031+0000][1][safepoint    ] Total time for which application threads were stopped: 0.0000369 seconds, Stopping threads took: 0.0000054 seconds
[2020-01-13T13:57:23.031+0000][1][safepoint    ] Application time: 0.0000197 seconds
[2020-01-13T13:57:23.031+0000][1][safepoint    ] Entering safepoint region: RevokeBias
[2020-01-13T13:57:23.031+0000][1][safepoint    ] Leaving safepoint region
[2020-01-13T13:57:23.031+0000][1][safepoint    ] Total time for which application threads were stopped: 0.0000305 seconds, Stopping threads took: 0.0000050 seconds
[2020-01-13T13:57:23.031+0000][1][safepoint    ] Application time: 0.0000145 seconds
[2020-01-13T13:57:23.031+0000][1][safepoint    ] Entering safepoint region: RevokeBias
[2020-01-13T13:57:23.031+0000][1][safepoint    ] Leaving safepoint region
[2020-01-13T13:57:23.031+0000][1][safepoint    ] Total time for which application threads were stopped: 0.0000300 seconds, Stopping threads took: 0.0000051 seconds
[2020-01-13T13:57:23.031+0000][1][safepoint    ] Application time: 0.0003288 seconds
[2020-01-13T13:57:23.031+0000][1][safepoint    ] Entering safepoint region: RevokeBias
[2020-01-13T13:57:23.031+0000][1][safepoint    ] Leaving safepoint region
[2020-01-13T13:57:23.031+0000][1][safepoint    ] Total time for which application threads were stopped: 0.0000544 seconds, Stopping threads took: 0.0000069 seconds
[2020-01-13T13:57:23.031+0000][1][safepoint    ] Application time: 0.0001069 seconds
[2020-01-13T13:57:23.031+0000][1][safepoint    ] Entering safepoint region: RevokeBias
[2020-01-13T13:57:23.031+0000][1][safepoint    ] Leaving safepoint region
[2020-01-13T13:57:23.031+0000][1][safepoint    ] Total time for which application threads were stopped: 0.0000390 seconds, Stopping threads took: 0.0000056 seconds
[2020-01-13T13:57:23.031+0000][1][safepoint    ] Application time: 0.0001208 seconds
[2020-01-13T13:57:23.031+0000][1][safepoint    ] Entering safepoint region: RevokeBias
[2020-01-13T13:57:23.031+0000][1][safepoint    ] Leaving safepoint region
[2020-01-13T13:57:23.031+0000][1][safepoint    ] Total time for which application threads were stopped: 0.0000671 seconds, Stopping threads took: 0.0000087 seconds
[2020-01-13T13:57:23.032+0000][1][safepoint    ] Application time: 0.0003277 seconds
[2020-01-13T13:57:23.032+0000][1][safepoint    ] Entering safepoint region: RevokeBias
[2020-01-13T13:57:23.032+0000][1][safepoint    ] Leaving safepoint region
[2020-01-13T13:57:23.032+0000][1][safepoint    ] Total time for which application threads were stopped: 0.0000473 seconds, Stopping threads took: 0.0000064 seconds
[2020-01-13T13:57:23.032+0000][1][safepoint    ] Application time: 0.0002727 seconds
[2020-01-13T13:57:23.032+0000][1][safepoint    ] Entering safepoint region: RevokeBias
[2020-01-13T13:57:23.032+0000][1][safepoint    ] Leaving safepoint region
[2020-01-13T13:57:23.032+0000][1][safepoint    ] Total time for which application threads were stopped: 0.0000469 seconds, Stopping threads took: 0.0000065 seconds
[2020-01-13T13:57:23.032+0000][1][safepoint    ] Application time: 0.0002162 seconds
[2020-01-13T13:57:23.032+0000][1][safepoint    ] Entering safepoint region: RevokeBias
[2020-01-13T13:57:23.032+0000][1][safepoint    ] Leaving safepoint region
[2020-01-13T13:57:23.032+0000][1][safepoint    ] Total time for which application threads were stopped: 0.0000512 seconds, Stopping threads took: 0.0000066 seconds
[2020-01-13T13:57:23.033+0000][1][safepoint    ] Application time: 0.0001030 seconds
[2020-01-13T13:57:23.033+0000][1][safepoint    ] Entering safepoint region: RevokeBias
[2020-01-13T13:57:23.033+0000][1][safepoint    ] Leaving safepoint region
[2020-01-13T13:57:23.033+0000][1][safepoint    ] Total time for which application threads were stopped: 0.0000406 seconds, Stopping threads took: 0.0000061 seconds
[2020-01-13T13:57:23.033+0000][1][safepoint    ] Application time: 0.0000262 seconds
[2020-01-13T13:57:23.033+0000][1][safepoint    ] Entering safepoint region: RevokeBias
[2020-01-13T13:57:23.033+0000][1][safepoint    ] Leaving safepoint region
[2020-01-13T13:57:23.033+0000][1][safepoint    ] Total time for which application threads were stopped: 0.0000451 seconds, Stopping threads took: 0.0000051 seconds
[2020-01-13T13:57:23.033+0000][1][safepoint    ] Application time: 0.0001673 seconds
[2020-01-13T13:57:23.033+0000][1][safepoint    ] Entering safepoint region: RevokeBias
[2020-01-13T13:57:23.033+0000][1][safepoint    ] Leaving safepoint region
[2020-01-13T13:57:23.033+0000][1][safepoint    ] Total time for which application threads were stopped: 0.0000473 seconds, Stopping threads took: 0.0000066 seconds
[2020-01-13T13:57:23.033+0000][1][safepoint    ] Application time: 0.0002710 seconds
[2020-01-13T13:57:23.033+0000][1][safepoint    ] Entering safepoint region: RevokeBias
[2020-01-13T13:57:23.033+0000][1][safepoint    ] Leaving safepoint region
[2020-01-13T13:57:23.033+0000][1][safepoint    ] Total time for which application threads were stopped: 0.0000507 seconds, Stopping threads took: 0.0000068 seconds
[2020-01-13T13:57:23.033+0000][1][safepoint    ] Application time: 0.0000588 seconds
[2020-01-13T13:57:23.033+0000][1][safepoint    ] Entering safepoint region: RevokeBias
[2020-01-13T13:57:23.033+0000][1][safepoint    ] Leaving safepoint region
[2020-01-13T13:57:23.033+0000][1][safepoint    ] Total time for which application threads were stopped: 0.0000343 seconds, Stopping threads took: 0.0000055 seconds
[2020-01-13T13:57:23.035+0000][1][safepoint    ] Application time: 0.0011743 seconds
[2020-01-13T13:57:23.038+0000][1][safepoint    ] Entering safepoint region: RevokeBias
[2020-01-13T13:57:23.039+0000][1][safepoint    ] Leaving safepoint region
[2020-01-13T13:57:23.039+0000][1][safepoint    ] Total time for which application threads were stopped: 0.0039684 seconds, Stopping threads took: 0.0038111 seconds
[2020-01-13T13:57:23.041+0000][1][safepoint    ] Application time: 0.0028256 seconds
[2020-01-13T13:57:23.042+0000][1][safepoint    ] Entering safepoint region: RevokeBias
[2020-01-13T13:57:23.042+0000][1][safepoint    ] Leaving safepoint region
[2020-01-13T13:57:23.042+0000][1][safepoint    ] Total time for which application threads were stopped: 0.0002157 seconds, Stopping threads took: 0.0001075 seconds
[2020-01-13T13:57:23.042+0000][1][safepoint    ] Application time: 0.0000525 seconds
[2020-01-13T13:57:23.042+0000][1][safepoint    ] Entering safepoint region: RevokeBias
[2020-01-13T13:57:23.042+0000][1][safepoint    ] Leaving safepoint region
[2020-01-13T13:57:23.042+0000][1][safepoint    ] Total time for which application threads were stopped: 0.0000463 seconds, Stopping threads took: 0.0000059 seconds
[2020-01-13T13:57:23.044+0000][1][safepoint    ] Application time: 0.0025803 seconds
[2020-01-13T13:57:23.045+0000][1][safepoint    ] Entering safepoint region: RevokeBias
[2020-01-13T13:57:23.046+0000][1][safepoint    ] Leaving safepoint region
[2020-01-13T13:57:23.046+0000][1][safepoint    ] Total time for which application threads were stopped: 0.0012001 seconds, Stopping threads took: 0.0011104 seconds
[2020-01-13T13:57:23.046+0000][1][safepoint    ] Application time: 0.0000461 seconds
[2020-01-13T13:57:23.046+0000][1][safepoint    ] Entering safepoint region: RevokeBias
[2020-01-13T13:57:23.046+0000][1][safepoint    ] Leaving safepoint region
[2020-01-13T13:57:23.046+0000][1][safepoint    ] Total time for which application threads were stopped: 0.0000457 seconds, Stopping threads took: 0.0000059 seconds
[2020-01-13T13:57:23.046+0000][1][safepoint    ] Application time: 0.0001954 seconds
[2020-01-13T13:57:23.046+0000][1][safepoint    ] Entering safepoint region: RevokeBias
[2020-01-13T13:57:23.046+0000][1][safepoint    ] Leaving safepoint region
[2020-01-13T13:57:23.046+0000][1][safepoint    ] Total time for which application threads were stopped: 0.0000345 seconds, Stopping threads took: 0.0000060 seconds
[2020-01-13T13:57:23.878+0000][1][safepoint    ] Application time: 0.8321273 seconds
[2020-01-13T13:57:23.881+0000][1][safepoint    ] Entering safepoint region: RevokeBias
[2020-01-13T13:57:23.882+0000][1][safepoint    ] Leaving safepoint region
[2020-01-13T13:57:23.882+0000][1][safepoint    ] Total time for which application threads were stopped: 0.0034877 seconds, Stopping threads took: 0.0033259 seconds
[2020-01-13T13:57:23.884+0000][1][safepoint    ] Application time: 0.0028690 seconds
[2020-01-13T13:57:23.889+0000][1][safepoint    ] Entering safepoint region: GenCollectForAllocation
[2020-01-13T13:57:23.889+0000][1][gc,start     ] GC(20) Pause Young (Allocation Failure)
[2020-01-13T13:57:23.889+0000][1][gc,task      ] GC(20) Using 1 workers of 1 for evacuation
[2020-01-13T13:57:23.958+0000][1][gc,age       ] GC(20) Desired survivor size 4358144 bytes, new threshold 2 (max threshold 6)
[2020-01-13T13:57:23.960+0000][1][gc,age       ] GC(20) Age table with threshold 2 (max threshold 6)
[2020-01-13T13:57:23.960+0000][1][gc,age       ] GC(20) - age   1:    1797264 bytes,    1797264 total
[2020-01-13T13:57:23.960+0000][1][gc,age       ] GC(20) - age   2:    2888648 bytes,    4685912 total
[2020-01-13T13:57:23.960+0000][1][gc,heap      ] GC(20) ParNew: 75188K->5951K(76672K)
[2020-01-13T13:57:23.960+0000][1][gc,heap      ] GC(20) CMS: 54064K->58005K(176960K)
[2020-01-13T13:57:23.960+0000][1][gc,metaspace ] GC(20) Metaspace: 50423K->50423K(1095680K)
[2020-01-13T13:57:23.960+0000][1][gc           ] GC(20) Pause Young (Allocation Failure) 126M->62M(247M) 70.991ms
[2020-01-13T13:57:23.960+0000][1][gc,cpu       ] GC(20) User=0.07s Sys=0.00s Real=0.08s
[2020-01-13T13:57:23.960+0000][1][safepoint    ] Leaving safepoint region
[2020-01-13T13:57:23.960+0000][1][safepoint    ] Total time for which application threads were stopped: 0.0752224 seconds, Stopping threads took: 0.0040593 seconds
[2020-01-13T13:57:23.966+0000][1][safepoint    ] Application time: 0.0065876 seconds
[2020-01-13T13:57:23.970+0000][1][safepoint    ] Entering safepoint region: RevokeBias
[2020-01-13T13:57:23.971+0000][1][safepoint    ] Leaving safepoint region
[2020-01-13T13:57:23.971+0000][1][safepoint    ] Total time for which application threads were stopped: 0.0041420 seconds, Stopping threads took: 0.0040425 seconds
[2020-01-13T13:57:23.971+0000][1][safepoint    ] Application time: 0.0001772 seconds
[2020-01-13T13:57:23.971+0000][1][safepoint    ] Entering safepoint region: BulkRevokeBias
[2020-01-13T13:57:23.971+0000][1][safepoint    ] Leaving safepoint region
[2020-01-13T13:57:23.971+0000][1][safepoint    ] Total time for which application threads were stopped: 0.0004023 seconds, Stopping threads took: 0.0000226 seconds
[2020-01-13T13:57:24.090+0000][1][safepoint    ] Application time: 0.1184512 seconds
[2020-01-13T13:57:24.090+0000][1][safepoint    ] Entering safepoint region: RevokeBias
[2020-01-13T13:57:24.090+0000][1][safepoint    ] Leaving safepoint region
[2020-01-13T13:57:24.090+0000][1][safepoint    ] Total time for which application threads were stopped: 0.0002962 seconds, Stopping threads took: 0.0000584 seconds
[2020-01-13T13:57:24.090+0000][1][safepoint    ] Application time: 0.0000523 seconds
[2020-01-13T13:57:24.090+0000][1][safepoint    ] Entering safepoint region: RevokeBias
[2020-01-13T13:57:24.090+0000][1][safepoint    ] Leaving safepoint region
[2020-01-13T13:57:24.090+0000][1][safepoint    ] Total time for which application threads were stopped: 0.0000687 seconds, Stopping threads took: 0.0000090 seconds
[2020-01-13T13:57:24.865+0000][1][safepoint    ] Application time: 0.7750762 seconds
[2020-01-13T13:57:24.865+0000][1][safepoint    ] Entering safepoint region: RevokeBias
[2020-01-13T13:57:24.866+0000][1][safepoint    ] Leaving safepoint region
[2020-01-13T13:57:24.866+0000][1][safepoint    ] Total time for which application threads were stopped: 0.0008177 seconds, Stopping threads took: 0.0000271 seconds
[2020-01-13T13:57:24.978+0000][1][safepoint    ] Application time: 0.1116685 seconds
[2020-01-13T13:57:24.979+0000][1][safepoint    ] Entering safepoint region: RevokeBias
[2020-01-13T13:57:24.979+0000][1][safepoint    ] Leaving safepoint region
[2020-01-13T13:57:24.979+0000][1][safepoint    ] Total time for which application threads were stopped: 0.0012084 seconds, Stopping threads took: 0.0011184 seconds
[2020-01-13T13:57:24.979+0000][1][safepoint    ] Application time: 0.0000556 seconds
[2020-01-13T13:57:24.980+0000][1][safepoint    ] Entering safepoint region: RevokeBias
[2020-01-13T13:57:24.980+0000][1][safepoint    ] Leaving safepoint region
[2020-01-13T13:57:24.980+0000][1][safepoint    ] Total time for which application threads were stopped: 0.0010543 seconds, Stopping threads took: 0.0010277 seconds
[2020-01-13T13:57:24.980+0000][1][safepoint    ] Application time: 0.0000628 seconds
[2020-01-13T13:57:24.980+0000][1][safepoint    ] Entering safepoint region: RevokeBias
[2020-01-13T13:57:24.980+0000][1][safepoint    ] Leaving safepoint region
[2020-01-13T13:57:24.980+0000][1][safepoint    ] Total time for which application threads were stopped: 0.0000218 seconds, Stopping threads took: 0.0000061 seconds
[2020-01-13T13:57:25.408+0000][1][safepoint    ] Application time: 0.4275462 seconds
[2020-01-13T13:57:25.408+0000][1][safepoint    ] Entering safepoint region: Deoptimize
[2020-01-13T13:57:25.410+0000][1][safepoint    ] Leaving safepoint region
[2020-01-13T13:57:25.410+0000][1][safepoint    ] Total time for which application threads were stopped: 0.0020260 seconds, Stopping threads took: 0.0005698 seconds
[2020-01-13T13:57:25.525+0000][1][safepoint    ] Application time: 0.1154267 seconds
[2020-01-13T13:57:25.525+0000][1][safepoint    ] Entering safepoint region: RevokeBias
[2020-01-13T13:57:25.526+0000][1][safepoint    ] Leaving safepoint region
[2020-01-13T13:57:25.526+0000][1][safepoint    ] Total time for which application threads were stopped: 0.0002201 seconds, Stopping threads took: 0.0000907 seconds
[2020-01-13T13:57:25.530+0000][1][safepoint    ] Application time: 0.0049189 seconds
[2020-01-13T13:57:25.530+0000][1][safepoint    ] Entering safepoint region: RevokeBias
[2020-01-13T13:57:25.531+0000][1][safepoint    ] Leaving safepoint region
[2020-01-13T13:57:25.531+0000][1][safepoint    ] Total time for which application threads were stopped: 0.0001065 seconds, Stopping threads took: 0.0000255 seconds
[2020-01-13T13:57:25.531+0000][1][safepoint    ] Application time: 0.0001473 seconds
[2020-01-13T13:57:25.531+0000][1][safepoint    ] Entering safepoint region: RevokeBias
[2020-01-13T13:57:25.531+0000][1][safepoint    ] Leaving safepoint region
[2020-01-13T13:57:25.531+0000][1][safepoint    ] Total time for which application threads were stopped: 0.0000611 seconds, Stopping threads took: 0.0000261 seconds
[2020-01-13T13:57:25.535+0000][1][safepoint    ] Application time: 0.0042337 seconds
[2020-01-13T13:57:25.535+0000][1][safepoint    ] Entering safepoint region: RevokeBias
[2020-01-13T13:57:25.535+0000][1][safepoint    ] Leaving safepoint region
[2020-01-13T13:57:25.535+0000][1][safepoint    ] Total time for which application threads were stopped: 0.0003464 seconds, Stopping threads took: 0.0002686 seconds
[2020-01-13T13:57:25.984+0000][1][safepoint    ] Application time: 0.4482458 seconds
[2020-01-13T13:57:25.987+0000][1][safepoint    ] Entering safepoint region: RevokeBias
[2020-01-13T13:57:25.989+0000][1][safepoint    ] Leaving safepoint region
[2020-01-13T13:57:25.989+0000][1][safepoint    ] Total time for which application threads were stopped: 0.0054241 seconds, Stopping threads took: 0.0037362 seconds
[2020-01-13T13:57:26.208+0000][1][safepoint    ] Application time: 0.2189536 seconds
[2020-01-13T13:57:26.208+0000][1][safepoint    ] Entering safepoint region: Deoptimize
[2020-01-13T13:57:26.209+0000][1][safepoint    ] Leaving safepoint region
[2020-01-13T13:57:26.209+0000][1][safepoint    ] Total time for which application threads were stopped: 0.0011186 seconds, Stopping threads took: 0.0000358 seconds
[2020-01-13T13:57:26.382+0000][1][safepoint    ] Application time: 0.1722343 seconds
[2020-01-13T13:57:26.382+0000][1][safepoint    ] Entering safepoint region: GenCollectForAllocation
[2020-01-13T13:57:26.382+0000][1][gc,start     ] GC(21) Pause Young (Allocation Failure)
[2020-01-13T13:57:26.382+0000][1][gc,task      ] GC(21) Using 1 workers of 1 for evacuation
[2020-01-13T13:57:26.432+0000][1][gc,age       ] GC(21) Desired survivor size 4358144 bytes, new threshold 2 (max threshold 6)
[2020-01-13T13:57:26.432+0000][1][gc,age       ] GC(21) Age table with threshold 2 (max threshold 6)
[2020-01-13T13:57:26.432+0000][1][gc,age       ] GC(21) - age   1:    3255456 bytes,    3255456 total
[2020-01-13T13:57:26.432+0000][1][gc,age       ] GC(21) - age   2:    1743408 bytes,    4998864 total
[2020-01-13T13:57:26.432+0000][1][gc,heap      ] GC(21) ParNew: 74111K->4919K(76672K)
[2020-01-13T13:57:26.432+0000][1][gc,heap      ] GC(21) CMS: 58005K->60920K(176960K)
[2020-01-13T13:57:26.432+0000][1][gc,metaspace ] GC(21) Metaspace: 58515K->58515K(1103872K)
[2020-01-13T13:57:26.432+0000][1][gc           ] GC(21) Pause Young (Allocation Failure) 129M->64M(247M) 50.399ms
[2020-01-13T13:57:26.432+0000][1][gc,cpu       ] GC(21) User=0.05s Sys=0.00s Real=0.05s
[2020-01-13T13:57:26.432+0000][1][safepoint    ] Leaving safepoint region
[2020-01-13T13:57:26.432+0000][1][safepoint    ] Total time for which application threads were stopped: 0.0506458 seconds, Stopping threads took: 0.0000529 seconds
[2020-01-13T13:57:26.441+0000][1][safepoint    ] Application time: 0.0089322 seconds
[2020-01-13T13:57:26.441+0000][1][safepoint    ] Entering safepoint region: RevokeBias
[2020-01-13T13:57:26.441+0000][1][safepoint    ] Leaving safepoint region
[2020-01-13T13:57:26.441+0000][1][safepoint    ] Total time for which application threads were stopped: 0.0001177 seconds, Stopping threads took: 0.0000181 seconds
[2020-01-13T13:57:26.441+0000][1][safepoint    ] Application time: 0.0000290 seconds
[2020-01-13T13:57:26.441+0000][1][safepoint    ] Entering safepoint region: RevokeBias
[2020-01-13T13:57:26.441+0000][1][safepoint    ] Leaving safepoint region
[2020-01-13T13:57:26.441+0000][1][safepoint    ] Total time for which application threads were stopped: 0.0000394 seconds, Stopping threads took: 0.0000084 seconds
[2020-01-13T13:57:26.441+0000][1][safepoint    ] Application time: 0.0000386 seconds
[2020-01-13T13:57:26.441+0000][1][safepoint    ] Entering safepoint region: RevokeBias
[2020-01-13T13:57:26.442+0000][1][safepoint    ] Leaving safepoint region
[2020-01-13T13:57:26.442+0000][1][safepoint    ] Total time for which application threads were stopped: 0.0000517 seconds, Stopping threads took: 0.0000084 seconds
[2020-01-13T13:57:26.474+0000][1][safepoint    ] Application time: 0.0327376 seconds
[2020-01-13T13:57:26.478+0000][1][safepoint    ] Entering safepoint region: RevokeBias
[2020-01-13T13:57:26.479+0000][1][safepoint    ] Leaving safepoint region
[2020-01-13T13:57:26.479+0000][1][safepoint    ] Total time for which application threads were stopped: 0.0042100 seconds, Stopping threads took: 0.0040897 seconds
[2020-01-13T13:57:26.661+0000][1][safepoint    ] Application time: 0.1826800 seconds
[2020-01-13T13:57:26.661+0000][1][safepoint    ] Entering safepoint region: RevokeBias
[2020-01-13T13:57:26.661+0000][1][safepoint    ] Leaving safepoint region
[2020-01-13T13:57:26.661+0000][1][safepoint    ] Total time for which application threads were stopped: 0.0001455 seconds, Stopping threads took: 0.0000420 seconds
[2020-01-13T13:57:26.749+0000][1][safepoint    ] Application time: 0.0871850 seconds
[2020-01-13T13:57:26.749+0000][1][safepoint    ] Entering safepoint region: RevokeBias
[2020-01-13T13:57:26.749+0000][1][safepoint    ] Leaving safepoint region
[2020-01-13T13:57:26.749+0000][1][safepoint    ] Total time for which application threads were stopped: 0.0001116 seconds, Stopping threads took: 0.0000257 seconds
[2020-01-13T13:57:26.993+0000][1][safepoint    ] Application time: 0.2438432 seconds
[2020-01-13T13:57:26.995+0000][1][safepoint    ] Entering safepoint region: RevokeBias
[2020-01-13T13:57:26.995+0000][1][safepoint    ] Leaving safepoint region
[2020-01-13T13:57:26.995+0000][1][safepoint    ] Total time for which application threads were stopped: 0.0026572 seconds, Stopping threads took: 0.0025646 seconds
[2020-01-13T13:57:27.280+0000][1][safepoint    ] Application time: 0.2842670 seconds
[2020-01-13T13:57:27.283+0000][1][safepoint    ] Entering safepoint region: BulkRevokeBias
[2020-01-13T13:57:27.284+0000][1][safepoint    ] Leaving safepoint region
[2020-01-13T13:57:27.284+0000][1][safepoint    ] Total time for which application threads were stopped: 0.0039283 seconds, Stopping threads took: 0.0037042 seconds
[2020-01-13T13:57:27.406+0000][1][safepoint    ] Application time: 0.1224789 seconds
[2020-01-13T13:57:27.407+0000][1][safepoint    ] Entering safepoint region: RevokeBias
[2020-01-13T13:57:27.407+0000][1][safepoint    ] Leaving safepoint region
[2020-01-13T13:57:27.407+0000][1][safepoint    ] Total time for which application threads were stopped: 0.0013150 seconds, Stopping threads took: 0.0012265 seconds
[2020-01-13T13:57:27.408+0000][1][safepoint    ] Application time: 0.0001285 seconds
[2020-01-13T13:57:27.408+0000][1][safepoint    ] Entering safepoint region: RevokeBias
[2020-01-13T13:57:27.408+0000][1][safepoint    ] Leaving safepoint region
[2020-01-13T13:57:27.408+0000][1][safepoint    ] Total time for which application threads were stopped: 0.0000334 seconds, Stopping threads took: 0.0000129 seconds
[2020-01-13T13:57:27.408+0000][1][safepoint    ] Application time: 0.0000422 seconds
[2020-01-13T13:57:27.408+0000][1][safepoint    ] Entering safepoint region: RevokeBias
[2020-01-13T13:57:27.408+0000][1][safepoint    ] Leaving safepoint region
[2020-01-13T13:57:27.408+0000][1][safepoint    ] Total time for which application threads were stopped: 0.0000268 seconds, Stopping threads took: 0.0000109 seconds
[2020-01-13T13:57:27.408+0000][1][safepoint    ] Application time: 0.0000966 seconds
[2020-01-13T13:57:27.408+0000][1][safepoint    ] Entering safepoint region: RevokeBias
[2020-01-13T13:57:27.408+0000][1][safepoint    ] Leaving safepoint region
[2020-01-13T13:57:27.408+0000][1][safepoint    ] Total time for which application threads were stopped: 0.0000271 seconds, Stopping threads took: 0.0000110 seconds
[2020-01-13T13:57:27.408+0000][1][safepoint    ] Application time: 0.0000490 seconds
[2020-01-13T13:57:27.408+0000][1][safepoint    ] Entering safepoint region: RevokeBias
[2020-01-13T13:57:27.408+0000][1][safepoint    ] Leaving safepoint region
[2020-01-13T13:57:27.408+0000][1][safepoint    ] Total time for which application threads were stopped: 0.0000365 seconds, Stopping threads took: 0.0000106 seconds
[2020-01-13T13:57:27.408+0000][1][safepoint    ] Application time: 0.0000674 seconds
[2020-01-13T13:57:27.408+0000][1][safepoint    ] Entering safepoint region: RevokeBias
[2020-01-13T13:57:27.408+0000][1][safepoint    ] Leaving safepoint region
[2020-01-13T13:57:27.408+0000][1][safepoint    ] Total time for which application threads were stopped: 0.0000933 seconds, Stopping threads took: 0.0000106 seconds
[2020-01-13T13:57:27.408+0000][1][safepoint    ] Application time: 0.0000382 seconds
[2020-01-13T13:57:27.408+0000][1][safepoint    ] Entering safepoint region: RevokeBias
[2020-01-13T13:57:27.408+0000][1][safepoint    ] Leaving safepoint region
[2020-01-13T13:57:27.408+0000][1][safepoint    ] Total time for which application threads were stopped: 0.0000282 seconds, Stopping threads took: 0.0000106 seconds
[2020-01-13T13:57:27.408+0000][1][safepoint    ] Application time: 0.0000593 seconds
[2020-01-13T13:57:27.408+0000][1][safepoint    ] Entering safepoint region: RevokeBias
[2020-01-13T13:57:27.408+0000][1][safepoint    ] Leaving safepoint region
[2020-01-13T13:57:27.408+0000][1][safepoint    ] Total time for which application threads were stopped: 0.0000258 seconds, Stopping threads took: 0.0000104 seconds
[2020-01-13T13:57:27.408+0000][1][safepoint    ] Application time: 0.0001311 seconds
[2020-01-13T13:57:27.408+0000][1][safepoint    ] Entering safepoint region: RevokeBias
[2020-01-13T13:57:27.408+0000][1][safepoint    ] Leaving safepoint region
[2020-01-13T13:57:27.408+0000][1][safepoint    ] Total time for which application threads were stopped: 0.0000268 seconds, Stopping threads took: 0.0000107 seconds
[2020-01-13T13:57:27.408+0000][1][safepoint    ] Application time: 0.0000376 seconds
[2020-01-13T13:57:27.408+0000][1][safepoint    ] Entering safepoint region: RevokeBias
[2020-01-13T13:57:27.409+0000][1][safepoint    ] Leaving safepoint region
[2020-01-13T13:57:27.409+0000][1][safepoint    ] Total time for which application threads were stopped: 0.0000258 seconds, Stopping threads took: 0.0000104 seconds
[2020-01-13T13:57:27.409+0000][1][safepoint    ] Application time: 0.0001282 seconds
[2020-01-13T13:57:27.409+0000][1][safepoint    ] Entering safepoint region: RevokeBias
[2020-01-13T13:57:27.409+0000][1][safepoint    ] Leaving safepoint region
[2020-01-13T13:57:27.409+0000][1][safepoint    ] Total time for which application threads were stopped: 0.0000264 seconds, Stopping threads took: 0.0000108 seconds
[2020-01-13T13:57:27.409+0000][1][safepoint    ] Application time: 0.0000643 seconds
[2020-01-13T13:57:27.409+0000][1][safepoint    ] Entering safepoint region: RevokeBias
[2020-01-13T13:57:27.409+0000][1][safepoint    ] Leaving safepoint region
[2020-01-13T13:57:27.409+0000][1][safepoint    ] Total time for which application threads were stopped: 0.0000259 seconds, Stopping threads took: 0.0000104 seconds
[2020-01-13T13:57:27.409+0000][1][safepoint    ] Application time: 0.0000360 seconds
[2020-01-13T13:57:27.409+0000][1][safepoint    ] Entering safepoint region: BulkRevokeBias
[2020-01-13T13:57:27.409+0000][1][safepoint    ] Leaving safepoint region
[2020-01-13T13:57:27.409+0000][1][safepoint    ] Total time for which application threads were stopped: 0.0001573 seconds, Stopping threads took: 0.0000104 seconds
[2020-01-13T13:57:27.554+0000][1][safepoint    ] Application time: 0.1453552 seconds
[2020-01-13T13:57:27.554+0000][1][safepoint    ] Entering safepoint region: Deoptimize
[2020-01-13T13:57:27.555+0000][1][safepoint    ] Leaving safepoint region
[2020-01-13T13:57:27.555+0000][1][safepoint    ] Total time for which application threads were stopped: 0.0007547 seconds, Stopping threads took: 0.0000364 seconds
[2020-01-13T13:57:27.573+0000][1][safepoint    ] Application time: 0.0176953 seconds
[2020-01-13T13:57:27.573+0000][1][safepoint    ] Entering safepoint region: RevokeBias
[2020-01-13T13:57:27.573+0000][1][safepoint    ] Leaving safepoint region
[2020-01-13T13:57:27.573+0000][1][safepoint    ] Total time for which application threads were stopped: 0.0002666 seconds, Stopping threads took: 0.0001090 seconds
[2020-01-13T13:57:27.574+0000][1][safepoint    ] Application time: 0.0006048 seconds
[2020-01-13T13:57:27.574+0000][1][safepoint    ] Entering safepoint region: RevokeBias
[2020-01-13T13:57:27.574+0000][1][safepoint    ] Leaving safepoint region
[2020-01-13T13:57:27.574+0000][1][safepoint    ] Total time for which application threads were stopped: 0.0000767 seconds, Stopping threads took: 0.0000270 seconds
[2020-01-13T13:57:27.578+0000][1][safepoint    ] Application time: 0.0038389 seconds
[2020-01-13T13:57:27.578+0000][1][safepoint    ] Entering safepoint region: RevokeBias
[2020-01-13T13:57:27.578+0000][1][safepoint    ] Leaving safepoint region
[2020-01-13T13:57:27.578+0000][1][safepoint    ] Total time for which application threads were stopped: 0.0000829 seconds, Stopping threads took: 0.0000288 seconds
[2020-01-13T13:57:27.579+0000][1][safepoint    ] Application time: 0.0015736 seconds
[2020-01-13T13:57:27.579+0000][1][safepoint    ] Entering safepoint region: RevokeBias
[2020-01-13T13:57:27.580+0000][1][safepoint    ] Leaving safepoint region
[2020-01-13T13:57:27.580+0000][1][safepoint    ] Total time for which application threads were stopped: 0.0000858 seconds, Stopping threads took: 0.0000222 seconds
[2020-01-13T13:57:27.580+0000][1][safepoint    ] Application time: 0.0000406 seconds
[2020-01-13T13:57:27.580+0000][1][safepoint    ] Entering safepoint region: RevokeBias
[2020-01-13T13:57:27.580+0000][1][safepoint    ] Leaving safepoint region
[2020-01-13T13:57:27.580+0000][1][safepoint    ] Total time for which application threads were stopped: 0.0000443 seconds, Stopping threads took: 0.0000137 seconds
[2020-01-13T13:57:27.580+0000][1][safepoint    ] Application time: 0.0002132 seconds
[2020-01-13T13:57:27.580+0000][1][safepoint    ] Entering safepoint region: RevokeBias
[2020-01-13T13:57:27.580+0000][1][safepoint    ] Leaving safepoint region
[2020-01-13T13:57:27.580+0000][1][safepoint    ] Total time for which application threads were stopped: 0.0000505 seconds, Stopping threads took: 0.0000151 seconds
[2020-01-13T13:57:27.580+0000][1][safepoint    ] Application time: 0.0002069 seconds
[2020-01-13T13:57:27.580+0000][1][safepoint    ] Entering safepoint region: RevokeBias
[2020-01-13T13:57:27.580+0000][1][safepoint    ] Leaving safepoint region
[2020-01-13T13:57:27.580+0000][1][safepoint    ] Total time for which application threads were stopped: 0.0000436 seconds, Stopping threads took: 0.0000145 seconds
[2020-01-13T13:57:27.581+0000][1][safepoint    ] Application time: 0.0003436 seconds
[2020-01-13T13:57:27.581+0000][1][safepoint    ] Entering safepoint region: RevokeBias
[2020-01-13T13:57:27.581+0000][1][safepoint    ] Leaving safepoint region
[2020-01-13T13:57:27.581+0000][1][safepoint    ] Total time for which application threads were stopped: 0.0000789 seconds, Stopping threads took: 0.0000190 seconds
[2020-01-13T13:57:27.581+0000][1][safepoint    ] Application time: 0.0000309 seconds
[2020-01-13T13:57:27.581+0000][1][safepoint    ] Entering safepoint region: RevokeBias
[2020-01-13T13:57:27.581+0000][1][safepoint    ] Leaving safepoint region
[2020-01-13T13:57:27.581+0000][1][safepoint    ] Total time for which application threads were stopped: 0.0007528 seconds, Stopping threads took: 0.0006972 seconds
[2020-01-13T13:57:27.582+0000][1][safepoint    ] Application time: 0.0006519 seconds
[2020-01-13T13:57:27.582+0000][1][safepoint    ] Entering safepoint region: RevokeBias
[2020-01-13T13:57:27.582+0000][1][safepoint    ] Leaving safepoint region
[2020-01-13T13:57:27.582+0000][1][safepoint    ] Total time for which application threads were stopped: 0.0000647 seconds, Stopping threads took: 0.0000182 seconds
[2020-01-13T13:57:27.583+0000][1][safepoint    ] Application time: 0.0010595 seconds
[2020-01-13T13:57:27.583+0000][1][safepoint    ] Entering safepoint region: RevokeBias
[2020-01-13T13:57:27.583+0000][1][safepoint    ] Leaving safepoint region
[2020-01-13T13:57:27.583+0000][1][safepoint    ] Total time for which application threads were stopped: 0.0002051 seconds, Stopping threads took: 0.0001325 seconds
[2020-01-13T13:57:27.585+0000][1][safepoint    ] Application time: 0.0019923 seconds
[2020-01-13T13:57:27.585+0000][1][safepoint    ] Entering safepoint region: RevokeBias
[2020-01-13T13:57:27.586+0000][1][safepoint    ] Leaving safepoint region
[2020-01-13T13:57:27.586+0000][1][safepoint    ] Total time for which application threads were stopped: 0.0000742 seconds, Stopping threads took: 0.0000211 seconds
[2020-01-13T13:57:27.589+0000][1][safepoint    ] Application time: 0.0032893 seconds
[2020-01-13T13:57:27.590+0000][1][safepoint    ] Entering safepoint region: Deoptimize
[2020-01-13T13:57:27.590+0000][1][safepoint    ] Leaving safepoint region
[2020-01-13T13:57:27.590+0000][1][safepoint    ] Total time for which application threads were stopped: 0.0014882 seconds, Stopping threads took: 0.0006836 seconds
[2020-01-13T13:57:27.647+0000][1][safepoint    ] Application time: 0.0564713 seconds
[2020-01-13T13:57:27.649+0000][1][safepoint    ] Entering safepoint region: RevokeBias
[2020-01-13T13:57:27.650+0000][1][safepoint    ] Leaving safepoint region
[2020-01-13T13:57:27.650+0000][1][safepoint    ] Total time for which application threads were stopped: 0.0026385 seconds, Stopping threads took: 0.0025294 seconds
[2020-01-13T13:57:27.650+0000][1][safepoint    ] Application time: 0.0004159 seconds
[2020-01-13T13:57:27.650+0000][1][safepoint    ] Entering safepoint region: RevokeBias
[2020-01-13T13:57:27.650+0000][1][safepoint    ] Leaving safepoint region
[2020-01-13T13:57:27.650+0000][1][safepoint    ] Total time for which application threads were stopped: 0.0001113 seconds, Stopping threads took: 0.0000244 seconds
[2020-01-13T13:57:27.651+0000][1][safepoint    ] Application time: 0.0005838 seconds
[2020-01-13T13:57:27.651+0000][1][safepoint    ] Entering safepoint region: RevokeBias
[2020-01-13T13:57:27.651+0000][1][safepoint    ] Leaving safepoint region
[2020-01-13T13:57:27.651+0000][1][safepoint    ] Total time for which application threads were stopped: 0.0000783 seconds, Stopping threads took: 0.0000097 seconds
[2020-01-13T13:57:27.652+0000][1][safepoint    ] Application time: 0.0015936 seconds
[2020-01-13T13:57:27.652+0000][1][safepoint    ] Entering safepoint region: RevokeBias
[2020-01-13T13:57:27.652+0000][1][safepoint    ] Leaving safepoint region
[2020-01-13T13:57:27.652+0000][1][safepoint    ] Total time for which application threads were stopped: 0.0000850 seconds, Stopping threads took: 0.0000272 seconds
[2020-01-13T13:57:27.660+0000][1][safepoint    ] Application time: 0.0078878 seconds
[2020-01-13T13:57:27.660+0000][1][safepoint    ] Entering safepoint region: RevokeBias
[2020-01-13T13:57:27.660+0000][1][safepoint    ] Leaving safepoint region
[2020-01-13T13:57:27.660+0000][1][safepoint    ] Total time for which application threads were stopped: 0.0000783 seconds, Stopping threads took: 0.0000229 seconds
[2020-01-13T13:57:28.253+0000][1][safepoint    ] Application time: 0.5922250 seconds
[2020-01-13T13:57:28.253+0000][1][safepoint    ] Entering safepoint region: RevokeBias
[2020-01-13T13:57:28.253+0000][1][safepoint    ] Leaving safepoint region
[2020-01-13T13:57:28.253+0000][1][safepoint    ] Total time for which application threads were stopped: 0.0001111 seconds, Stopping threads took: 0.0000285 seconds
[2020-01-13T13:57:28.253+0000][1][safepoint    ] Application time: 0.0000840 seconds
[2020-01-13T13:57:28.253+0000][1][safepoint    ] Entering safepoint region: RevokeBias
[2020-01-13T13:57:28.253+0000][1][safepoint    ] Leaving safepoint region
[2020-01-13T13:57:28.253+0000][1][safepoint    ] Total time for which application threads were stopped: 0.0000607 seconds, Stopping threads took: 0.0000073 seconds
[2020-01-13T13:57:28.253+0000][1][safepoint    ] Application time: 0.0000410 seconds
[2020-01-13T13:57:28.253+0000][1][safepoint    ] Entering safepoint region: RevokeBias
[2020-01-13T13:57:28.253+0000][1][safepoint    ] Leaving safepoint region
[2020-01-13T13:57:28.253+0000][1][safepoint    ] Total time for which application threads were stopped: 0.0000424 seconds, Stopping threads took: 0.0000062 seconds
[2020-01-13T13:57:28.253+0000][1][safepoint    ] Application time: 0.0000244 seconds
[2020-01-13T13:57:28.253+0000][1][safepoint    ] Entering safepoint region: RevokeBias
[2020-01-13T13:57:28.253+0000][1][safepoint    ] Leaving safepoint region
[2020-01-13T13:57:28.253+0000][1][safepoint    ] Total time for which application threads were stopped: 0.0000234 seconds, Stopping threads took: 0.0000055 seconds
[2020-01-13T13:57:28.253+0000][1][safepoint    ] Application time: 0.0000233 seconds
[2020-01-13T13:57:28.253+0000][1][safepoint    ] Entering safepoint region: RevokeBias
[2020-01-13T13:57:28.253+0000][1][safepoint    ] Leaving safepoint region
[2020-01-13T13:57:28.253+0000][1][safepoint    ] Total time for which application threads were stopped: 0.0000229 seconds, Stopping threads took: 0.0000054 seconds
[2020-01-13T13:57:28.253+0000][1][safepoint    ] Application time: 0.0000267 seconds
[2020-01-13T13:57:28.253+0000][1][safepoint    ] Entering safepoint region: RevokeBias
[2020-01-13T13:57:28.253+0000][1][safepoint    ] Leaving safepoint region
[2020-01-13T13:57:28.253+0000][1][safepoint    ] Total time for which application threads were stopped: 0.0000238 seconds, Stopping threads took: 0.0000058 seconds
[2020-01-13T13:57:28.253+0000][1][safepoint    ] Application time: 0.0000242 seconds
[2020-01-13T13:57:28.253+0000][1][safepoint    ] Entering safepoint region: RevokeBias
[2020-01-13T13:57:28.253+0000][1][safepoint    ] Leaving safepoint region
[2020-01-13T13:57:28.253+0000][1][safepoint    ] Total time for which application threads were stopped: 0.0000226 seconds, Stopping threads took: 0.0000053 seconds
[2020-01-13T13:57:28.253+0000][1][safepoint    ] Application time: 0.0000264 seconds
[2020-01-13T13:57:28.253+0000][1][safepoint    ] Entering safepoint region: RevokeBias
[2020-01-13T13:57:28.253+0000][1][safepoint    ] Leaving safepoint region
[2020-01-13T13:57:28.253+0000][1][safepoint    ] Total time for which application threads were stopped: 0.0000224 seconds, Stopping threads took: 0.0000052 seconds
[2020-01-13T13:57:29.254+0000][1][safepoint    ] Application time: 1.0001111 seconds
[2020-01-13T13:57:29.254+0000][1][safepoint    ] Entering safepoint region: Cleanup
[2020-01-13T13:57:29.254+0000][1][safepoint    ] Leaving safepoint region
[2020-01-13T13:57:29.254+0000][1][safepoint    ] Total time for which application threads were stopped: 0.0000838 seconds, Stopping threads took: 0.0000239 seconds
[2020-01-13T13:57:30.649+0000][1][safepoint    ] Application time: 1.3957038 seconds
[2020-01-13T13:57:30.650+0000][1][safepoint    ] Entering safepoint region: Cleanup
[2020-01-13T13:57:30.650+0000][1][safepoint    ] Leaving safepoint region
[2020-01-13T13:57:30.650+0000][1][safepoint    ] Total time for which application threads were stopped: 0.0002059 seconds, Stopping threads took: 0.0000241 seconds
[2020-01-13T13:57:30.654+0000][1][safepoint    ] Application time: 0.0042274 seconds
[2020-01-13T13:57:30.654+0000][1][safepoint    ] Entering safepoint region: RevokeBias
[2020-01-13T13:57:30.654+0000][1][safepoint    ] Leaving safepoint region
[2020-01-13T13:57:30.654+0000][1][safepoint    ] Total time for which application threads were stopped: 0.0001371 seconds, Stopping threads took: 0.0000435 seconds
[2020-01-13T13:57:31.654+0000][1][safepoint    ] Application time: 1.0001754 seconds
[2020-01-13T13:57:31.654+0000][1][safepoint    ] Entering safepoint region: Cleanup
[2020-01-13T13:57:31.655+0000][1][safepoint    ] Leaving safepoint region
[2020-01-13T13:57:31.655+0000][1][safepoint    ] Total time for which application threads were stopped: 0.0001785 seconds, Stopping threads took: 0.0000260 seconds
[2020-01-13T13:57:32.649+0000][1][safepoint    ] Application time: 0.9943919 seconds
[2020-01-13T13:57:32.649+0000][1][safepoint    ] Entering safepoint region: RevokeBias
[2020-01-13T13:57:32.649+0000][1][safepoint    ] Leaving safepoint region
[2020-01-13T13:57:32.649+0000][1][safepoint    ] Total time for which application threads were stopped: 0.0001405 seconds, Stopping threads took: 0.0000423 seconds
[2020-01-13T13:57:32.649+0000][1][safepoint    ] Application time: 0.0000626 seconds
[2020-01-13T13:57:32.649+0000][1][safepoint    ] Entering safepoint region: RevokeBias
[2020-01-13T13:57:32.649+0000][1][safepoint    ] Leaving safepoint region
[2020-01-13T13:57:32.649+0000][1][safepoint    ] Total time for which application threads were stopped: 0.0000345 seconds, Stopping threads took: 0.0000065 seconds
[2020-01-13T13:57:33.649+0000][1][safepoint    ] Application time: 1.0000404 seconds
[2020-01-13T13:57:33.649+0000][1][safepoint    ] Entering safepoint region: Cleanup
[2020-01-13T13:57:33.650+0000][1][safepoint    ] Leaving safepoint region
[2020-01-13T13:57:33.650+0000][1][safepoint    ] Total time for which application threads were stopped: 0.0001073 seconds, Stopping threads took: 0.0000558 seconds
[2020-01-13T13:57:34.650+0000][1][safepoint    ] Application time: 1.0000863 seconds
[2020-01-13T13:57:34.650+0000][1][safepoint    ] Entering safepoint region: Cleanup
[2020-01-13T13:57:34.650+0000][1][safepoint    ] Leaving safepoint region
[2020-01-13T13:57:34.650+0000][1][safepoint    ] Total time for which application threads were stopped: 0.0000880 seconds, Stopping threads took: 0.0000237 seconds
[2020-01-13T13:57:35.650+0000][1][safepoint    ] Application time: 1.0000794 seconds
[2020-01-13T13:57:35.650+0000][1][safepoint    ] Entering safepoint region: Cleanup
[2020-01-13T13:57:35.650+0000][1][safepoint    ] Leaving safepoint region
[2020-01-13T13:57:35.650+0000][1][safepoint    ] Total time for which application threads were stopped: 0.0001000 seconds, Stopping threads took: 0.0000377 seconds
[2020-01-13T13:57:36.650+0000][1][safepoint    ] Application time: 1.0000907 seconds
[2020-01-13T13:57:36.650+0000][1][safepoint    ] Entering safepoint region: Cleanup
[2020-01-13T13:57:36.650+0000][1][safepoint    ] Leaving safepoint region
[2020-01-13T13:57:36.650+0000][1][safepoint    ] Total time for which application threads were stopped: 0.0000816 seconds, Stopping threads took: 0.0000230 seconds
[2020-01-13T13:57:37.658+0000][1][safepoint    ] Application time: 1.0075903 seconds
[2020-01-13T13:57:37.658+0000][1][safepoint    ] Entering safepoint region: Cleanup
[2020-01-13T13:57:37.658+0000][1][safepoint    ] Leaving safepoint region
[2020-01-13T13:57:37.658+0000][1][safepoint    ] Total time for which application threads were stopped: 0.0001680 seconds, Stopping threads took: 0.0000570 seconds
[2020-01-13T13:57:38.659+0000][1][safepoint    ] Application time: 1.0001176 seconds
[2020-01-13T13:57:38.659+0000][1][safepoint    ] Entering safepoint region: Cleanup
[2020-01-13T13:57:38.659+0000][1][safepoint    ] Leaving safepoint region
[2020-01-13T13:57:38.659+0000][1][safepoint    ] Total time for which application threads were stopped: 0.0001084 seconds, Stopping threads took: 0.0000246 seconds
[2020-01-13T13:57:39.659+0000][1][safepoint    ] Application time: 1.0001144 seconds
[2020-01-13T13:57:39.659+0000][1][safepoint    ] Entering safepoint region: Cleanup
[2020-01-13T13:57:39.659+0000][1][safepoint    ] Leaving safepoint region
[2020-01-13T13:57:39.659+0000][1][safepoint    ] Total time for which application threads were stopped: 0.0000914 seconds, Stopping threads took: 0.0000243 seconds
[2020-01-13T13:57:40.659+0000][1][safepoint    ] Application time: 1.0001121 seconds
[2020-01-13T13:57:40.660+0000][1][safepoint    ] Entering safepoint region: Cleanup
[2020-01-13T13:57:40.660+0000][1][safepoint    ] Leaving safepoint region
[2020-01-13T13:57:40.660+0000][1][safepoint    ] Total time for which application threads were stopped: 0.0001044 seconds, Stopping threads took: 0.0000474 seconds
[2020-01-13T13:57:41.661+0000][1][safepoint    ] Application time: 1.0000976 seconds
[2020-01-13T13:57:41.661+0000][1][safepoint    ] Entering safepoint region: Cleanup
[2020-01-13T13:57:41.661+0000][1][safepoint    ] Leaving safepoint region
[2020-01-13T13:57:41.661+0000][1][safepoint    ] Total time for which application threads were stopped: 0.0001250 seconds, Stopping threads took: 0.0000339 seconds
[2020-01-13T13:57:42.661+0000][1][safepoint    ] Application time: 1.0001124 seconds
[2020-01-13T13:57:42.661+0000][1][safepoint    ] Entering safepoint region: Cleanup
[2020-01-13T13:57:42.661+0000][1][safepoint    ] Leaving safepoint region
[2020-01-13T13:57:42.661+0000][1][safepoint    ] Total time for which application threads were stopped: 0.0001017 seconds, Stopping threads took: 0.0000245 seconds
[2020-01-13T13:57:43.661+0000][1][safepoint    ] Application time: 1.0002388 seconds
[2020-01-13T13:57:43.661+0000][1][safepoint    ] Entering safepoint region: Cleanup
[2020-01-13T13:57:43.661+0000][1][safepoint    ] Leaving safepoint region
[2020-01-13T13:57:43.661+0000][1][safepoint    ] Total time for which application threads were stopped: 0.0000915 seconds, Stopping threads took: 0.0000265 seconds
[2020-01-13T13:57:44.662+0000][1][safepoint    ] Application time: 1.0001439 seconds
[2020-01-13T13:57:44.662+0000][1][safepoint    ] Entering safepoint region: Cleanup
[2020-01-13T13:57:44.662+0000][1][safepoint    ] Leaving safepoint region
[2020-01-13T13:57:44.662+0000][1][safepoint    ] Total time for which application threads were stopped: 0.0000979 seconds, Stopping threads took: 0.0000257 seconds
[2020-01-13T13:57:45.662+0000][1][safepoint    ] Application time: 1.0001395 seconds
[2020-01-13T13:57:45.663+0000][1][safepoint    ] Entering safepoint region: Cleanup
[2020-01-13T13:57:45.663+0000][1][safepoint    ] Leaving safepoint region
[2020-01-13T13:57:45.663+0000][1][safepoint    ] Total time for which application threads were stopped: 0.0001336 seconds, Stopping threads took: 0.0000588 seconds
[2020-01-13T13:57:46.663+0000][1][safepoint    ] Application time: 1.0001882 seconds
[2020-01-13T13:57:46.663+0000][1][safepoint    ] Entering safepoint region: Cleanup
[2020-01-13T13:57:46.663+0000][1][safepoint    ] Leaving safepoint region
[2020-01-13T13:57:46.663+0000][1][safepoint    ] Total time for which application threads were stopped: 0.0001459 seconds, Stopping threads took: 0.0000436 seconds
[2020-01-13T13:57:47.664+0000][1][safepoint    ] Application time: 1.0004246 seconds
[2020-01-13T13:57:47.664+0000][1][safepoint    ] Entering safepoint region: Cleanup
[2020-01-13T13:57:47.664+0000][1][safepoint    ] Leaving safepoint region
[2020-01-13T13:57:47.664+0000][1][safepoint    ] Total time for which application threads were stopped: 0.0004286 seconds, Stopping threads took: 0.0003394 seconds
[2020-01-13T13:57:48.665+0000][1][safepoint    ] Application time: 1.0001285 seconds
[2020-01-13T13:57:48.665+0000][1][safepoint    ] Entering safepoint region: Cleanup
[2020-01-13T13:57:48.665+0000][1][safepoint    ] Leaving safepoint region
[2020-01-13T13:57:48.665+0000][1][safepoint    ] Total time for which application threads were stopped: 0.0001002 seconds, Stopping threads took: 0.0000267 seconds
[2020-01-13T13:57:49.665+0000][1][safepoint    ] Application time: 1.0001398 seconds
[2020-01-13T13:57:49.665+0000][1][safepoint    ] Entering safepoint region: Cleanup
[2020-01-13T13:57:49.665+0000][1][safepoint    ] Leaving safepoint region
[2020-01-13T13:57:49.665+0000][1][safepoint    ] Total time for which application threads were stopped: 0.0001075 seconds, Stopping threads took: 0.0000318 seconds
[2020-01-13T13:57:50.665+0000][1][safepoint    ] Application time: 1.0001684 seconds
[2020-01-13T13:57:50.665+0000][1][safepoint    ] Entering safepoint region: Cleanup
[2020-01-13T13:57:50.665+0000][1][safepoint    ] Leaving safepoint region
[2020-01-13T13:57:50.665+0000][1][safepoint    ] Total time for which application threads were stopped: 0.0001374 seconds, Stopping threads took: 0.0000519 seconds
[2020-01-13T13:57:51.666+0000][1][safepoint    ] Application time: 1.0000853 seconds
[2020-01-13T13:57:51.666+0000][1][safepoint    ] Entering safepoint region: Cleanup
[2020-01-13T13:57:51.666+0000][1][safepoint    ] Leaving safepoint region
[2020-01-13T13:57:51.666+0000][1][safepoint    ] Total time for which application threads were stopped: 0.0000883 seconds, Stopping threads took: 0.0000228 seconds
[2020-01-13T13:57:52.666+0000][1][safepoint    ] Application time: 1.0001781 seconds
[2020-01-13T13:57:52.666+0000][1][safepoint    ] Entering safepoint region: Cleanup
[2020-01-13T13:57:52.666+0000][1][safepoint    ] Leaving safepoint region
[2020-01-13T13:57:52.666+0000][1][safepoint    ] Total time for which application threads were stopped: 0.0001102 seconds, Stopping threads took: 0.0000277 seconds
[2020-01-13T13:57:53.666+0000][1][safepoint    ] Application time: 1.0001638 seconds
[2020-01-13T13:57:53.666+0000][1][safepoint    ] Entering safepoint region: Cleanup
[2020-01-13T13:57:53.666+0000][1][safepoint    ] Leaving safepoint region
[2020-01-13T13:57:53.666+0000][1][safepoint    ] Total time for which application threads were stopped: 0.0001231 seconds, Stopping threads took: 0.0000446 seconds
[2020-01-13T13:57:54.667+0000][1][safepoint    ] Application time: 1.0001728 seconds
[2020-01-13T13:57:54.667+0000][1][safepoint    ] Entering safepoint region: Cleanup
[2020-01-13T13:57:54.667+0000][1][safepoint    ] Leaving safepoint region
[2020-01-13T13:57:54.667+0000][1][safepoint    ] Total time for which application threads were stopped: 0.0001228 seconds, Stopping threads took: 0.0000320 seconds
[2020-01-13T13:57:55.667+0000][1][safepoint    ] Application time: 1.0001575 seconds
[2020-01-13T13:57:55.667+0000][1][safepoint    ] Entering safepoint region: Cleanup
[2020-01-13T13:57:55.667+0000][1][safepoint    ] Leaving safepoint region
[2020-01-13T13:57:55.667+0000][1][safepoint    ] Total time for which application threads were stopped: 0.0000880 seconds, Stopping threads took: 0.0000247 seconds
[2020-01-13T13:57:56.667+0000][1][safepoint    ] Application time: 1.0001515 seconds
[2020-01-13T13:57:56.668+0000][1][safepoint    ] Entering safepoint region: Cleanup
[2020-01-13T13:57:56.668+0000][1][safepoint    ] Leaving safepoint region
[2020-01-13T13:57:56.668+0000][1][safepoint    ] Total time for which application threads were stopped: 0.0001221 seconds, Stopping threads took: 0.0000414 seconds
[2020-01-13T13:57:57.670+0000][1][safepoint    ] Application time: 1.0025112 seconds
[2020-01-13T13:57:57.671+0000][1][safepoint    ] Entering safepoint region: Cleanup
[2020-01-13T13:57:57.671+0000][1][safepoint    ] Leaving safepoint region
[2020-01-13T13:57:57.671+0000][1][safepoint    ] Total time for which application threads were stopped: 0.0002130 seconds, Stopping threads took: 0.0001000 seconds
[2020-01-13T13:57:57.695+0000][1][safepoint    ] Application time: 0.0240299 seconds
[2020-01-13T13:57:57.695+0000][1][safepoint    ] Entering safepoint region: RevokeBias
[2020-01-13T13:57:57.695+0000][1][safepoint    ] Leaving safepoint region
[2020-01-13T13:57:57.695+0000][1][safepoint    ] Total time for which application threads were stopped: 0.0001709 seconds, Stopping threads took: 0.0000656 seconds
[2020-01-13T13:57:57.698+0000][1][safepoint    ] Application time: 0.0034585 seconds
[2020-01-13T13:57:57.699+0000][1][safepoint    ] Entering safepoint region: RevokeBias
[2020-01-13T13:57:57.699+0000][1][safepoint    ] Leaving safepoint region
[2020-01-13T13:57:57.699+0000][1][safepoint    ] Total time for which application threads were stopped: 0.0001326 seconds, Stopping threads took: 0.0000313 seconds
[2020-01-13T13:57:57.699+0000][1][safepoint    ] Application time: 0.0000924 seconds
[2020-01-13T13:57:57.699+0000][1][safepoint    ] Entering safepoint region: RevokeBias
[2020-01-13T13:57:57.699+0000][1][safepoint    ] Leaving safepoint region
[2020-01-13T13:57:57.699+0000][1][safepoint    ] Total time for which application threads were stopped: 0.0000788 seconds, Stopping threads took: 0.0000186 seconds
[2020-01-13T13:57:57.699+0000][1][safepoint    ] Application time: 0.0004004 seconds
[2020-01-13T13:57:57.699+0000][1][safepoint    ] Entering safepoint region: RevokeBias
[2020-01-13T13:57:57.699+0000][1][safepoint    ] Leaving safepoint region
[2020-01-13T13:57:57.699+0000][1][safepoint    ] Total time for which application threads were stopped: 0.0001025 seconds, Stopping threads took: 0.0000233 seconds
[2020-01-13T13:57:57.699+0000][1][safepoint    ] Application time: 0.0000755 seconds
[2020-01-13T13:57:57.699+0000][1][safepoint    ] Entering safepoint region: RevokeBias
[2020-01-13T13:57:57.700+0000][1][safepoint    ] Leaving safepoint region
[2020-01-13T13:57:57.700+0000][1][safepoint    ] Total time for which application threads were stopped: 0.0000571 seconds, Stopping threads took: 0.0000179 seconds
[2020-01-13T13:57:58.700+0000][1][safepoint    ] Application time: 1.0001597 seconds
[2020-01-13T13:57:58.700+0000][1][safepoint    ] Entering safepoint region: Cleanup
[2020-01-13T13:57:58.700+0000][1][safepoint    ] Leaving safepoint region
[2020-01-13T13:57:58.700+0000][1][safepoint    ] Total time for which application threads were stopped: 0.0001536 seconds, Stopping threads took: 0.0000547 seconds
[2020-01-13T13:57:59.700+0000][1][safepoint    ] Application time: 1.0001594 seconds
[2020-01-13T13:57:59.701+0000][1][safepoint    ] Entering safepoint region: Cleanup
[2020-01-13T13:57:59.701+0000][1][safepoint    ] Leaving safepoint region
[2020-01-13T13:57:59.701+0000][1][safepoint    ] Total time for which application threads were stopped: 0.0001247 seconds, Stopping threads took: 0.0000446 seconds
[2020-01-13T13:58:00.702+0000][1][safepoint    ] Application time: 1.0001522 seconds
[2020-01-13T13:58:00.702+0000][1][safepoint    ] Entering safepoint region: Cleanup
[2020-01-13T13:58:00.702+0000][1][safepoint    ] Leaving safepoint region
[2020-01-13T13:58:00.702+0000][1][safepoint    ] Total time for which application threads were stopped: 0.0001105 seconds, Stopping threads took: 0.0000292 seconds
[2020-01-13T13:58:02.702+0000][1][safepoint    ] Application time: 2.0002850 seconds
[2020-01-13T13:58:02.702+0000][1][safepoint    ] Entering safepoint region: Cleanup
[2020-01-13T13:58:02.702+0000][1][safepoint    ] Leaving safepoint region
[2020-01-13T13:58:02.702+0000][1][safepoint    ] Total time for which application threads were stopped: 0.0001322 seconds, Stopping threads took: 0.0000291 seconds
[2020-01-13T13:58:04.703+0000][1][safepoint    ] Application time: 2.0003405 seconds
[2020-01-13T13:58:04.704+0000][1][safepoint    ] Entering safepoint region: Cleanup
[2020-01-13T13:58:04.704+0000][1][safepoint    ] Leaving safepoint region
[2020-01-13T13:58:04.704+0000][1][safepoint    ] Total time for which application threads were stopped: 0.0001807 seconds, Stopping threads took: 0.0000980 seconds
[2020-01-13T13:58:05.858+0000][1][safepoint    ] Application time: 1.1545177 seconds
[2020-01-13T13:58:05.858+0000][1][safepoint    ] Entering safepoint region: RevokeBias
[2020-01-13T13:58:05.858+0000][1][safepoint    ] Leaving safepoint region
[2020-01-13T13:58:05.858+0000][1][safepoint    ] Total time for which application threads were stopped: 0.0000853 seconds, Stopping threads took: 0.0000186 seconds
[2020-01-13T13:58:06.859+0000][1][safepoint    ] Application time: 1.0001344 seconds
[2020-01-13T13:58:06.859+0000][1][safepoint    ] Entering safepoint region: Cleanup
[2020-01-13T13:58:06.859+0000][1][safepoint    ] Leaving safepoint region
[2020-01-13T13:58:06.859+0000][1][safepoint    ] Total time for which application threads were stopped: 0.0001254 seconds, Stopping threads took: 0.0000387 seconds
[2020-01-13T13:58:07.859+0000][1][safepoint    ] Application time: 1.0001120 seconds
[2020-01-13T13:58:07.859+0000][1][safepoint    ] Entering safepoint region: Cleanup
[2020-01-13T13:58:07.859+0000][1][safepoint    ] Leaving safepoint region
[2020-01-13T13:58:07.859+0000][1][safepoint    ] Total time for which application threads were stopped: 0.0001086 seconds, Stopping threads took: 0.0000281 seconds
[2020-01-13T13:58:09.859+0000][1][safepoint    ] Application time: 2.0002350 seconds
[2020-01-13T13:58:09.860+0000][1][safepoint    ] Entering safepoint region: Cleanup
[2020-01-13T13:58:09.861+0000][1][safepoint    ] Leaving safepoint region
[2020-01-13T13:58:09.861+0000][1][safepoint    ] Total time for which application threads were stopped: 0.0002156 seconds, Stopping threads took: 0.0000588 seconds
[2020-01-13T13:58:10.861+0000][1][safepoint    ] Application time: 1.0001408 seconds
[2020-01-13T13:58:10.861+0000][1][safepoint    ] Entering safepoint region: Cleanup
[2020-01-13T13:58:10.861+0000][1][safepoint    ] Leaving safepoint region
[2020-01-13T13:58:10.861+0000][1][safepoint    ] Total time for which application threads were stopped: 0.0001396 seconds, Stopping threads took: 0.0000406 seconds
[2020-01-13T13:58:12.861+0000][1][safepoint    ] Application time: 2.0002596 seconds
[2020-01-13T13:58:12.861+0000][1][safepoint    ] Entering safepoint region: Cleanup
[2020-01-13T13:58:12.861+0000][1][safepoint    ] Leaving safepoint region
[2020-01-13T13:58:12.861+0000][1][safepoint    ] Total time for which application threads were stopped: 0.0001262 seconds, Stopping threads took: 0.0000396 seconds
[2020-01-13T13:58:13.862+0000][1][safepoint    ] Application time: 1.0001592 seconds
[2020-01-13T13:58:13.862+0000][1][safepoint    ] Entering safepoint region: Cleanup
[2020-01-13T13:58:13.862+0000][1][safepoint    ] Leaving safepoint region
[2020-01-13T13:58:13.862+0000][1][safepoint    ] Total time for which application threads were stopped: 0.0001223 seconds, Stopping threads took: 0.0000462 seconds
[2020-01-13T13:58:16.655+0000][1][safepoint    ] Application time: 2.7932847 seconds
[2020-01-13T13:58:16.655+0000][1][safepoint    ] Entering safepoint region: Cleanup
[2020-01-13T13:58:16.655+0000][1][safepoint    ] Leaving safepoint region
[2020-01-13T13:58:16.655+0000][1][safepoint    ] Total time for which application threads were stopped: 0.0002512 seconds, Stopping threads took: 0.0000250 seconds
[2020-01-13T13:58:18.336+0000][1][safepoint    ] Application time: 1.6810274 seconds
[2020-01-13T13:58:18.337+0000][1][safepoint    ] Entering safepoint region: Cleanup
[2020-01-13T13:58:18.337+0000][1][safepoint    ] Leaving safepoint region
[2020-01-13T13:58:18.337+0000][1][safepoint    ] Total time for which application threads were stopped: 0.0001195 seconds, Stopping threads took: 0.0000282 seconds
[2020-01-13T13:58:19.337+0000][1][safepoint    ] Application time: 1.0001589 seconds
[2020-01-13T13:58:19.337+0000][1][safepoint    ] Entering safepoint region: Cleanup
[2020-01-13T13:58:19.337+0000][1][safepoint    ] Leaving safepoint region
[2020-01-13T13:58:19.337+0000][1][safepoint    ] Total time for which application threads were stopped: 0.0001059 seconds, Stopping threads took: 0.0000396 seconds
[2020-01-13T13:58:20.337+0000][1][safepoint    ] Application time: 1.0001579 seconds
[2020-01-13T13:58:20.337+0000][1][safepoint    ] Entering safepoint region: Cleanup
[2020-01-13T13:58:20.337+0000][1][safepoint    ] Leaving safepoint region
[2020-01-13T13:58:20.337+0000][1][safepoint    ] Total time for which application threads were stopped: 0.0001716 seconds, Stopping threads took: 0.0000832 seconds
[2020-01-13T13:58:21.338+0000][1][safepoint    ] Application time: 1.0001699 seconds
[2020-01-13T13:58:21.338+0000][1][safepoint    ] Entering safepoint region: Cleanup
[2020-01-13T13:58:21.338+0000][1][safepoint    ] Leaving safepoint region
[2020-01-13T13:58:21.338+0000][1][safepoint    ] Total time for which application threads were stopped: 0.0000976 seconds, Stopping threads took: 0.0000273 seconds
[2020-01-13T13:58:22.338+0000][1][safepoint    ] Application time: 1.0001686 seconds
[2020-01-13T13:58:22.338+0000][1][safepoint    ] Entering safepoint region: Cleanup
[2020-01-13T13:58:22.338+0000][1][safepoint    ] Leaving safepoint region
[2020-01-13T13:58:22.338+0000][1][safepoint    ] Total time for which application threads were stopped: 0.0002039 seconds, Stopping threads took: 0.0000321 seconds
[2020-01-13T13:58:23.338+0000][1][safepoint    ] Application time: 1.0001484 seconds
[2020-01-13T13:58:23.339+0000][1][safepoint    ] Entering safepoint region: Cleanup
[2020-01-13T13:58:23.339+0000][1][safepoint    ] Leaving safepoint region
[2020-01-13T13:58:23.339+0000][1][safepoint    ] Total time for which application threads were stopped: 0.0001009 seconds, Stopping threads took: 0.0000264 seconds
[2020-01-13T13:58:24.339+0000][1][safepoint    ] Application time: 1.0001529 seconds
[2020-01-13T13:58:24.340+0000][1][safepoint    ] Entering safepoint region: Cleanup
[2020-01-13T13:58:24.340+0000][1][safepoint    ] Leaving safepoint region
[2020-01-13T13:58:24.340+0000][1][safepoint    ] Total time for which application threads were stopped: 0.0001017 seconds, Stopping threads took: 0.0000340 seconds
[2020-01-13T13:58:25.340+0000][1][safepoint    ] Application time: 1.0001642 seconds
[2020-01-13T13:58:25.340+0000][1][safepoint    ] Entering safepoint region: Cleanup
[2020-01-13T13:58:25.340+0000][1][safepoint    ] Leaving safepoint region
[2020-01-13T13:58:25.340+0000][1][safepoint    ] Total time for which application threads were stopped: 0.0001451 seconds, Stopping threads took: 0.0000438 seconds
[2020-01-13T13:58:26.340+0000][1][safepoint    ] Application time: 1.0001580 seconds
[2020-01-13T13:58:26.340+0000][1][safepoint    ] Entering safepoint region: Cleanup
[2020-01-13T13:58:26.340+0000][1][safepoint    ] Leaving safepoint region
[2020-01-13T13:58:26.340+0000][1][safepoint    ] Total time for which application threads were stopped: 0.0000895 seconds, Stopping threads took: 0.0000266 seconds
[2020-01-13T13:58:27.331+0000][1][safepoint    ] Application time: 0.9904880 seconds
[2020-01-13T13:58:27.331+0000][1][safepoint    ] Entering safepoint region: GenCollectForAllocation
[2020-01-13T13:58:27.331+0000][1][gc,start     ] GC(22) Pause Young (Allocation Failure)
[2020-01-13T13:58:27.331+0000][1][gc,task      ] GC(22) Using 1 workers of 1 for evacuation
[2020-01-13T13:58:27.361+0000][1][gc,age       ] GC(22) Desired survivor size 4358144 bytes, new threshold 2 (max threshold 6)
[2020-01-13T13:58:27.361+0000][1][gc,age       ] GC(22) Age table with threshold 2 (max threshold 6)
[2020-01-13T13:58:27.361+0000][1][gc,age       ] GC(22) - age   1:    1878720 bytes,    1878720 total
[2020-01-13T13:58:27.361+0000][1][gc,age       ] GC(22) - age   2:    2901616 bytes,    4780336 total
[2020-01-13T13:58:27.361+0000][1][gc,heap      ] GC(22) ParNew: 73079K->4891K(76672K)
[2020-01-13T13:58:27.361+0000][1][gc,heap      ] GC(22) CMS: 60920K->62651K(176960K)
[2020-01-13T13:58:27.361+0000][1][gc,metaspace ] GC(22) Metaspace: 63685K->63685K(1107968K)
[2020-01-13T13:58:27.361+0000][1][gc           ] GC(22) Pause Young (Allocation Failure) 130M->65M(247M) 29.880ms
[2020-01-13T13:58:27.361+0000][1][gc,cpu       ] GC(22) User=0.03s Sys=0.00s Real=0.03s
[2020-01-13T13:58:27.361+0000][1][safepoint    ] Leaving safepoint region
[2020-01-13T13:58:27.361+0000][1][safepoint    ] Total time for which application threads were stopped: 0.0300805 seconds, Stopping threads took: 0.0000326 seconds
[2020-01-13T13:58:28.367+0000][1][safepoint    ] Application time: 1.0059167 seconds
[2020-01-13T13:58:28.367+0000][1][safepoint    ] Entering safepoint region: Cleanup
[2020-01-13T13:58:28.367+0000][1][safepoint    ] Leaving safepoint region
[2020-01-13T13:58:28.367+0000][1][safepoint    ] Total time for which application threads were stopped: 0.0001051 seconds, Stopping threads took: 0.0000315 seconds
[2020-01-13T13:58:29.367+0000][1][safepoint    ] Application time: 1.0001130 seconds
[2020-01-13T13:58:29.369+0000][1][safepoint    ] Entering safepoint region: Cleanup
[2020-01-13T13:58:29.369+0000][1][safepoint    ] Leaving safepoint region
[2020-01-13T13:58:29.369+0000][1][safepoint    ] Total time for which application threads were stopped: 0.0001127 seconds, Stopping threads took: 0.0000459 seconds
[2020-01-13T13:58:30.369+0000][1][safepoint    ] Application time: 1.0001045 seconds
[2020-01-13T13:58:30.371+0000][1][safepoint    ] Entering safepoint region: Cleanup
[2020-01-13T13:58:30.371+0000][1][safepoint    ] Leaving safepoint region
[2020-01-13T13:58:30.371+0000][1][safepoint    ] Total time for which application threads were stopped: 0.0020723 seconds, Stopping threads took: 0.0019580 seconds
[2020-01-13T13:58:31.371+0000][1][safepoint    ] Application time: 1.0001859 seconds
[2020-01-13T13:58:31.371+0000][1][safepoint    ] Entering safepoint region: Cleanup
[2020-01-13T13:58:31.371+0000][1][safepoint    ] Leaving safepoint region
[2020-01-13T13:58:31.371+0000][1][safepoint    ] Total time for which application threads were stopped: 0.0001307 seconds, Stopping threads took: 0.0000266 seconds
[2020-01-13T13:58:32.371+0000][1][safepoint    ] Application time: 1.0000915 seconds
[2020-01-13T13:58:32.372+0000][1][safepoint    ] Entering safepoint region: Cleanup
[2020-01-13T13:58:32.372+0000][1][safepoint    ] Leaving safepoint region
[2020-01-13T13:58:32.372+0000][1][safepoint    ] Total time for which application threads were stopped: 0.0001192 seconds, Stopping threads took: 0.0000421 seconds
[2020-01-13T13:58:33.372+0000][1][safepoint    ] Application time: 1.0001520 seconds
[2020-01-13T13:58:33.372+0000][1][safepoint    ] Entering safepoint region: Cleanup
[2020-01-13T13:58:33.372+0000][1][safepoint    ] Leaving safepoint region
[2020-01-13T13:58:33.372+0000][1][safepoint    ] Total time for which application threads were stopped: 0.0001195 seconds, Stopping threads took: 0.0000349 seconds
[2020-01-13T13:58:34.372+0000][1][safepoint    ] Application time: 1.0001557 seconds
[2020-01-13T13:58:34.373+0000][1][safepoint    ] Entering safepoint region: Cleanup
[2020-01-13T13:58:34.373+0000][1][safepoint    ] Leaving safepoint region
[2020-01-13T13:58:34.373+0000][1][safepoint    ] Total time for which application threads were stopped: 0.0001445 seconds, Stopping threads took: 0.0000513 seconds
[2020-01-13T13:58:35.374+0000][1][safepoint    ] Application time: 1.0001443 seconds
[2020-01-13T13:58:35.374+0000][1][safepoint    ] Entering safepoint region: Cleanup
[2020-01-13T13:58:35.374+0000][1][safepoint    ] Leaving safepoint region
[2020-01-13T13:58:35.374+0000][1][safepoint    ] Total time for which application threads were stopped: 0.0001059 seconds, Stopping threads took: 0.0000260 seconds
[2020-01-13T13:58:36.374+0000][1][safepoint    ] Application time: 1.0002181 seconds
[2020-01-13T13:58:36.374+0000][1][safepoint    ] Entering safepoint region: Cleanup
[2020-01-13T13:58:36.374+0000][1][safepoint    ] Leaving safepoint region
[2020-01-13T13:58:36.374+0000][1][safepoint    ] Total time for which application threads were stopped: 0.0001162 seconds, Stopping threads took: 0.0000440 seconds
[2020-01-13T13:58:37.374+0000][1][safepoint    ] Application time: 1.0001007 seconds
[2020-01-13T13:58:37.376+0000][1][safepoint    ] Entering safepoint region: Cleanup
[2020-01-13T13:58:37.376+0000][1][safepoint    ] Leaving safepoint region
[2020-01-13T13:58:37.376+0000][1][safepoint    ] Total time for which application threads were stopped: 0.0020997 seconds, Stopping threads took: 0.0019895 seconds
[2020-01-13T13:58:38.377+0000][1][safepoint    ] Application time: 1.0001759 seconds
[2020-01-13T13:58:38.377+0000][1][safepoint    ] Entering safepoint region: Cleanup
[2020-01-13T13:58:38.377+0000][1][safepoint    ] Leaving safepoint region
[2020-01-13T13:58:38.377+0000][1][safepoint    ] Total time for which application threads were stopped: 0.0001207 seconds, Stopping threads took: 0.0000276 seconds
[2020-01-13T13:58:39.377+0000][1][safepoint    ] Application time: 1.0001591 seconds
[2020-01-13T13:58:39.378+0000][1][safepoint    ] Entering safepoint region: Cleanup
[2020-01-13T13:58:39.378+0000][1][safepoint    ] Leaving safepoint region
[2020-01-13T13:58:39.378+0000][1][safepoint    ] Total time for which application threads were stopped: 0.0001249 seconds, Stopping threads took: 0.0000465 seconds
[2020-01-13T13:58:40.378+0000][1][safepoint    ] Application time: 1.0001515 seconds
[2020-01-13T13:58:40.378+0000][1][safepoint    ] Entering safepoint region: Cleanup
[2020-01-13T13:58:40.379+0000][1][safepoint    ] Leaving safepoint region
[2020-01-13T13:58:40.379+0000][1][safepoint    ] Total time for which application threads were stopped: 0.0001324 seconds, Stopping threads took: 0.0000371 seconds
[2020-01-13T13:58:41.379+0000][1][safepoint    ] Application time: 1.0002400 seconds
[2020-01-13T13:58:41.379+0000][1][safepoint    ] Entering safepoint region: Cleanup
[2020-01-13T13:58:41.379+0000][1][safepoint    ] Leaving safepoint region
[2020-01-13T13:58:41.379+0000][1][safepoint    ] Total time for which application threads were stopped: 0.0001175 seconds, Stopping threads took: 0.0000320 seconds
[2020-01-13T13:58:42.379+0000][1][safepoint    ] Application time: 1.0002051 seconds
[2020-01-13T13:58:42.379+0000][1][safepoint    ] Entering safepoint region: Cleanup
[2020-01-13T13:58:42.379+0000][1][safepoint    ] Leaving safepoint region
[2020-01-13T13:58:42.379+0000][1][safepoint    ] Total time for which application threads were stopped: 0.0001451 seconds, Stopping threads took: 0.0000557 seconds
[2020-01-13T13:58:43.380+0000][1][safepoint    ] Application time: 1.0001578 seconds
[2020-01-13T13:58:43.380+0000][1][safepoint    ] Entering safepoint region: Cleanup
[2020-01-13T13:58:43.380+0000][1][safepoint    ] Leaving safepoint region
[2020-01-13T13:58:43.380+0000][1][safepoint    ] Total time for which application threads were stopped: 0.0001093 seconds, Stopping threads took: 0.0000295 seconds
[2020-01-13T13:58:44.380+0000][1][safepoint    ] Application time: 1.0001666 seconds
[2020-01-13T13:58:44.381+0000][1][safepoint    ] Entering safepoint region: Cleanup
[2020-01-13T13:58:44.381+0000][1][safepoint    ] Leaving safepoint region
[2020-01-13T13:58:44.381+0000][1][safepoint    ] Total time for which application threads were stopped: 0.0001729 seconds, Stopping threads took: 0.0000798 seconds
[2020-01-13T13:58:45.381+0000][1][safepoint    ] Application time: 1.0001568 seconds
[2020-01-13T13:58:45.381+0000][1][safepoint    ] Entering safepoint region: Cleanup
[2020-01-13T13:58:45.381+0000][1][safepoint    ] Leaving safepoint region
[2020-01-13T13:58:45.381+0000][1][safepoint    ] Total time for which application threads were stopped: 0.0000989 seconds, Stopping threads took: 0.0000267 seconds
[2020-01-13T13:58:46.382+0000][1][safepoint    ] Application time: 1.0001538 seconds
[2020-01-13T13:58:46.382+0000][1][safepoint    ] Entering safepoint region: Cleanup
[2020-01-13T13:58:46.382+0000][1][safepoint    ] Leaving safepoint region
[2020-01-13T13:58:46.382+0000][1][safepoint    ] Total time for which application threads were stopped: 0.0001325 seconds, Stopping threads took: 0.0000377 seconds
[2020-01-13T13:58:47.382+0000][1][safepoint    ] Application time: 1.0001630 seconds
[2020-01-13T13:58:47.382+0000][1][safepoint    ] Entering safepoint region: Cleanup
[2020-01-13T13:58:47.382+0000][1][safepoint    ] Leaving safepoint region
[2020-01-13T13:58:47.382+0000][1][safepoint    ] Total time for which application threads were stopped: 0.0001440 seconds, Stopping threads took: 0.0000354 seconds
[2020-01-13T13:58:48.382+0000][1][safepoint    ] Application time: 1.0001762 seconds
[2020-01-13T13:58:48.383+0000][1][safepoint    ] Entering safepoint region: Cleanup
[2020-01-13T13:58:48.383+0000][1][safepoint    ] Leaving safepoint region
[2020-01-13T13:58:48.383+0000][1][safepoint    ] Total time for which application threads were stopped: 0.0001168 seconds, Stopping threads took: 0.0000361 seconds
[2020-01-13T13:58:49.383+0000][1][safepoint    ] Application time: 1.0002111 seconds
[2020-01-13T13:58:49.383+0000][1][safepoint    ] Entering safepoint region: Cleanup
[2020-01-13T13:58:49.383+0000][1][safepoint    ] Leaving safepoint region
[2020-01-13T13:58:49.383+0000][1][safepoint    ] Total time for which application threads were stopped: 0.0001240 seconds, Stopping threads took: 0.0000282 seconds
[2020-01-13T13:58:50.383+0000][1][safepoint    ] Application time: 1.0001640 seconds
[2020-01-13T13:58:50.383+0000][1][safepoint    ] Entering safepoint region: Cleanup
[2020-01-13T13:58:50.384+0000][1][safepoint    ] Leaving safepoint region
[2020-01-13T13:58:50.384+0000][1][safepoint    ] Total time for which application threads were stopped: 0.0001961 seconds, Stopping threads took: 0.0000351 seconds
[2020-01-13T13:58:51.384+0000][1][safepoint    ] Application time: 1.0001532 seconds
[2020-01-13T13:58:51.384+0000][1][safepoint    ] Entering safepoint region: Cleanup
[2020-01-13T13:58:51.384+0000][1][safepoint    ] Leaving safepoint region
[2020-01-13T13:58:51.384+0000][1][safepoint    ] Total time for which application threads were stopped: 0.0001316 seconds, Stopping threads took: 0.0000447 seconds
[2020-01-13T13:58:52.384+0000][1][safepoint    ] Application time: 1.0001585 seconds
[2020-01-13T13:58:52.384+0000][1][safepoint    ] Entering safepoint region: Cleanup
[2020-01-13T13:58:52.384+0000][1][safepoint    ] Leaving safepoint region
[2020-01-13T13:58:52.384+0000][1][safepoint    ] Total time for which application threads were stopped: 0.0001135 seconds, Stopping threads took: 0.0000270 seconds
[2020-01-13T13:58:53.384+0000][1][safepoint    ] Application time: 1.0001576 seconds
[2020-01-13T13:58:53.385+0000][1][safepoint    ] Entering safepoint region: Cleanup
[2020-01-13T13:58:53.385+0000][1][safepoint    ] Leaving safepoint region
[2020-01-13T13:58:53.385+0000][1][safepoint    ] Total time for which application threads were stopped: 0.0000974 seconds, Stopping threads took: 0.0000261 seconds
[2020-01-13T13:58:54.385+0000][1][safepoint    ] Application time: 1.0001466 seconds
[2020-01-13T13:58:54.386+0000][1][safepoint    ] Entering safepoint region: Cleanup
[2020-01-13T13:58:54.386+0000][1][safepoint    ] Leaving safepoint region
[2020-01-13T13:58:54.386+0000][1][safepoint    ] Total time for which application threads were stopped: 0.0001111 seconds, Stopping threads took: 0.0000380 seconds
[2020-01-13T13:58:55.386+0000][1][safepoint    ] Application time: 1.0001280 seconds
[2020-01-13T13:58:55.386+0000][1][safepoint    ] Entering safepoint region: Cleanup
[2020-01-13T13:58:55.386+0000][1][safepoint    ] Leaving safepoint region
[2020-01-13T13:58:55.386+0000][1][safepoint    ] Total time for which application threads were stopped: 0.0001144 seconds, Stopping threads took: 0.0000306 seconds
[2020-01-13T13:58:56.386+0000][1][safepoint    ] Application time: 1.0002051 seconds
[2020-01-13T13:58:56.386+0000][1][safepoint    ] Entering safepoint region: Cleanup
[2020-01-13T13:58:56.387+0000][1][safepoint    ] Leaving safepoint region
[2020-01-13T13:58:56.387+0000][1][safepoint    ] Total time for which application threads were stopped: 0.0001062 seconds, Stopping threads took: 0.0000294 seconds
[2020-01-13T13:58:57.387+0000][1][safepoint    ] Application time: 1.0001587 seconds
[2020-01-13T13:58:57.387+0000][1][safepoint    ] Entering safepoint region: Cleanup
[2020-01-13T13:58:57.387+0000][1][safepoint    ] Leaving safepoint region
[2020-01-13T13:58:57.387+0000][1][safepoint    ] Total time for which application threads were stopped: 0.0000975 seconds, Stopping threads took: 0.0000266 seconds
[2020-01-13T13:58:58.387+0000][1][safepoint    ] Application time: 1.0001663 seconds
[2020-01-13T13:58:58.387+0000][1][safepoint    ] Entering safepoint region: Cleanup
[2020-01-13T13:58:58.387+0000][1][safepoint    ] Leaving safepoint region
[2020-01-13T13:58:58.387+0000][1][safepoint    ] Total time for which application threads were stopped: 0.0002672 seconds, Stopping threads took: 0.0000501 seconds
[2020-01-13T13:58:59.388+0000][1][safepoint    ] Application time: 1.0001643 seconds
[2020-01-13T13:58:59.389+0000][1][safepoint    ] Entering safepoint region: Cleanup
[2020-01-13T13:58:59.389+0000][1][safepoint    ] Leaving safepoint region
[2020-01-13T13:58:59.389+0000][1][safepoint    ] Total time for which application threads were stopped: 0.0001669 seconds, Stopping threads took: 0.0000728 seconds
[2020-01-13T13:59:00.389+0000][1][safepoint    ] Application time: 1.0001687 seconds
[2020-01-13T13:59:00.389+0000][1][safepoint    ] Entering safepoint region: Cleanup
[2020-01-13T13:59:00.389+0000][1][safepoint    ] Leaving safepoint region
[2020-01-13T13:59:00.389+0000][1][safepoint    ] Total time for which application threads were stopped: 0.0001067 seconds, Stopping threads took: 0.0000289 seconds
[2020-01-13T13:59:01.390+0000][1][safepoint    ] Application time: 1.0001314 seconds
[2020-01-13T13:59:01.390+0000][1][safepoint    ] Entering safepoint region: Cleanup
[2020-01-13T13:59:01.390+0000][1][safepoint    ] Leaving safepoint region
[2020-01-13T13:59:01.390+0000][1][safepoint    ] Total time for which application threads were stopped: 0.0001393 seconds, Stopping threads took: 0.0000498 seconds
[2020-01-13T13:59:02.390+0000][1][safepoint    ] Application time: 1.0001430 seconds
[2020-01-13T13:59:02.390+0000][1][safepoint    ] Entering safepoint region: Cleanup
[2020-01-13T13:59:02.390+0000][1][safepoint    ] Leaving safepoint region
[2020-01-13T13:59:02.390+0000][1][safepoint    ] Total time for which application threads were stopped: 0.0001810 seconds, Stopping threads took: 0.0000291 seconds
[2020-01-13T13:59:03.390+0000][1][safepoint    ] Application time: 1.0001530 seconds
[2020-01-13T13:59:03.390+0000][1][safepoint    ] Entering safepoint region: Cleanup
[2020-01-13T13:59:03.391+0000][1][safepoint    ] Leaving safepoint region
[2020-01-13T13:59:03.391+0000][1][safepoint    ] Total time for which application threads were stopped: 0.0001279 seconds, Stopping threads took: 0.0000328 seconds
[2020-01-13T13:59:04.391+0000][1][safepoint    ] Application time: 1.0001589 seconds
[2020-01-13T13:59:04.392+0000][1][safepoint    ] Entering safepoint region: Cleanup
[2020-01-13T13:59:04.392+0000][1][safepoint    ] Leaving safepoint region
[2020-01-13T13:59:04.392+0000][1][safepoint    ] Total time for which application threads were stopped: 0.0001417 seconds, Stopping threads took: 0.0000646 seconds
[2020-01-13T13:59:05.392+0000][1][safepoint    ] Application time: 1.0001711 seconds
[2020-01-13T13:59:05.392+0000][1][safepoint    ] Entering safepoint region: Cleanup
[2020-01-13T13:59:05.392+0000][1][safepoint    ] Leaving safepoint region
[2020-01-13T13:59:05.392+0000][1][safepoint    ] Total time for which application threads were stopped: 0.0001072 seconds, Stopping threads took: 0.0000293 seconds
[2020-01-13T13:59:06.393+0000][1][safepoint    ] Application time: 1.0002073 seconds
[2020-01-13T13:59:06.393+0000][1][safepoint    ] Entering safepoint region: Cleanup
[2020-01-13T13:59:06.393+0000][1][safepoint    ] Leaving safepoint region
[2020-01-13T13:59:06.393+0000][1][safepoint    ] Total time for which application threads were stopped: 0.0001106 seconds, Stopping threads took: 0.0000289 seconds
[2020-01-13T13:59:07.393+0000][1][safepoint    ] Application time: 1.0001484 seconds
[2020-01-13T13:59:07.393+0000][1][safepoint    ] Entering safepoint region: Cleanup
[2020-01-13T13:59:07.393+0000][1][safepoint    ] Leaving safepoint region
[2020-01-13T13:59:07.393+0000][1][safepoint    ] Total time for which application threads were stopped: 0.0000943 seconds, Stopping threads took: 0.0000272 seconds
[2020-01-13T13:59:08.393+0000][1][safepoint    ] Application time: 1.0001501 seconds
[2020-01-13T13:59:08.393+0000][1][safepoint    ] Entering safepoint region: Cleanup
[2020-01-13T13:59:08.393+0000][1][safepoint    ] Leaving safepoint region
[2020-01-13T13:59:08.393+0000][1][safepoint    ] Total time for which application threads were stopped: 0.0001305 seconds, Stopping threads took: 0.0000483 seconds
[2020-01-13T13:59:09.395+0000][1][safepoint    ] Application time: 1.0016001 seconds
[2020-01-13T13:59:09.395+0000][1][safepoint    ] Entering safepoint region: Cleanup
[2020-01-13T13:59:09.395+0000][1][safepoint    ] Leaving safepoint region
[2020-01-13T13:59:09.395+0000][1][safepoint    ] Total time for which application threads were stopped: 0.0001345 seconds, Stopping threads took: 0.0000324 seconds
[2020-01-13T13:59:10.395+0000][1][safepoint    ] Application time: 1.0001665 seconds
[2020-01-13T13:59:10.396+0000][1][safepoint    ] Entering safepoint region: Cleanup
[2020-01-13T13:59:10.396+0000][1][safepoint    ] Leaving safepoint region
[2020-01-13T13:59:10.396+0000][1][safepoint    ] Total time for which application threads were stopped: 0.0001404 seconds, Stopping threads took: 0.0000379 seconds
[2020-01-13T13:59:11.396+0000][1][safepoint    ] Application time: 1.0001600 seconds
[2020-01-13T13:59:11.396+0000][1][safepoint    ] Entering safepoint region: Cleanup
[2020-01-13T13:59:11.396+0000][1][safepoint    ] Leaving safepoint region
[2020-01-13T13:59:11.396+0000][1][safepoint    ] Total time for which application threads were stopped: 0.0002166 seconds, Stopping threads took: 0.0001167 seconds
[2020-01-13T13:59:12.396+0000][1][safepoint    ] Application time: 1.0001607 seconds
[2020-01-13T13:59:12.396+0000][1][safepoint    ] Entering safepoint region: Cleanup
[2020-01-13T13:59:12.397+0000][1][safepoint    ] Leaving safepoint region
[2020-01-13T13:59:12.397+0000][1][safepoint    ] Total time for which application threads were stopped: 0.0000981 seconds, Stopping threads took: 0.0000271 seconds
[2020-01-13T13:59:13.397+0000][1][safepoint    ] Application time: 1.0001084 seconds
[2020-01-13T13:59:13.397+0000][1][safepoint    ] Entering safepoint region: Cleanup
[2020-01-13T13:59:13.397+0000][1][safepoint    ] Leaving safepoint region
[2020-01-13T13:59:13.397+0000][1][safepoint    ] Total time for which application threads were stopped: 0.0001318 seconds, Stopping threads took: 0.0000450 seconds
[2020-01-13T13:59:14.397+0000][1][safepoint    ] Application time: 1.0001928 seconds
[2020-01-13T13:59:14.397+0000][1][safepoint    ] Entering safepoint region: Cleanup
[2020-01-13T13:59:14.397+0000][1][safepoint    ] Leaving safepoint region
[2020-01-13T13:59:14.397+0000][1][safepoint    ] Total time for which application threads were stopped: 0.0001674 seconds, Stopping threads took: 0.0000406 seconds
[2020-01-13T13:59:15.397+0000][1][safepoint    ] Application time: 1.0001641 seconds
[2020-01-13T13:59:15.398+0000][1][safepoint    ] Entering safepoint region: Cleanup
[2020-01-13T13:59:15.398+0000][1][safepoint    ] Leaving safepoint region
[2020-01-13T13:59:15.398+0000][1][safepoint    ] Total time for which application threads were stopped: 0.0001222 seconds, Stopping threads took: 0.0000328 seconds
[2020-01-13T13:59:16.398+0000][1][safepoint    ] Application time: 1.0001452 seconds
[2020-01-13T13:59:16.398+0000][1][safepoint    ] Entering safepoint region: Cleanup
[2020-01-13T13:59:16.398+0000][1][safepoint    ] Leaving safepoint region
[2020-01-13T13:59:16.398+0000][1][safepoint    ] Total time for which application threads were stopped: 0.0001043 seconds, Stopping threads took: 0.0000270 seconds
[2020-01-13T13:59:17.398+0000][1][safepoint    ] Application time: 1.0000887 seconds
[2020-01-13T13:59:17.398+0000][1][safepoint    ] Entering safepoint region: Cleanup
[2020-01-13T13:59:17.398+0000][1][safepoint    ] Leaving safepoint region
[2020-01-13T13:59:17.398+0000][1][safepoint    ] Total time for which application threads were stopped: 0.0001203 seconds, Stopping threads took: 0.0000349 seconds
[2020-01-13T13:59:18.398+0000][1][safepoint    ] Application time: 1.0001517 seconds
[2020-01-13T13:59:18.399+0000][1][safepoint    ] Entering safepoint region: Cleanup
[2020-01-13T13:59:18.399+0000][1][safepoint    ] Leaving safepoint region
[2020-01-13T13:59:18.399+0000][1][safepoint    ] Total time for which application threads were stopped: 0.0000982 seconds, Stopping threads took: 0.0000267 seconds
[2020-01-13T13:59:19.399+0000][1][safepoint    ] Application time: 1.0001583 seconds
[2020-01-13T13:59:19.399+0000][1][safepoint    ] Entering safepoint region: Cleanup
[2020-01-13T13:59:19.399+0000][1][safepoint    ] Leaving safepoint region
[2020-01-13T13:59:19.399+0000][1][safepoint    ] Total time for which application threads were stopped: 0.0001087 seconds, Stopping threads took: 0.0000334 seconds
[2020-01-13T13:59:20.399+0000][1][safepoint    ] Application time: 1.0001502 seconds
[2020-01-13T13:59:20.399+0000][1][safepoint    ] Entering safepoint region: Cleanup
[2020-01-13T13:59:20.399+0000][1][safepoint    ] Leaving safepoint region
[2020-01-13T13:59:20.399+0000][1][safepoint    ] Total time for which application threads were stopped: 0.0000971 seconds, Stopping threads took: 0.0000270 seconds
[2020-01-13T13:59:21.400+0000][1][safepoint    ] Application time: 1.0002182 seconds
[2020-01-13T13:59:21.400+0000][1][safepoint    ] Entering safepoint region: Cleanup
[2020-01-13T13:59:21.400+0000][1][safepoint    ] Leaving safepoint region
[2020-01-13T13:59:21.400+0000][1][safepoint    ] Total time for which application threads were stopped: 0.0001769 seconds, Stopping threads took: 0.0000364 seconds
[2020-01-13T13:59:22.400+0000][1][safepoint    ] Application time: 1.0001521 seconds
[2020-01-13T13:59:22.400+0000][1][safepoint    ] Entering safepoint region: Cleanup
[2020-01-13T13:59:22.400+0000][1][safepoint    ] Leaving safepoint region
[2020-01-13T13:59:22.400+0000][1][safepoint    ] Total time for which application threads were stopped: 0.0001088 seconds, Stopping threads took: 0.0000269 seconds
[2020-01-13T13:59:23.400+0000][1][safepoint    ] Application time: 1.0001555 seconds
[2020-01-13T13:59:23.400+0000][1][safepoint    ] Entering safepoint region: Cleanup
[2020-01-13T13:59:23.400+0000][1][safepoint    ] Leaving safepoint region
[2020-01-13T13:59:23.400+0000][1][safepoint    ] Total time for which application threads were stopped: 0.0000934 seconds, Stopping threads took: 0.0000262 seconds
[2020-01-13T13:59:24.401+0000][1][safepoint    ] Application time: 1.0001722 seconds
[2020-01-13T13:59:24.402+0000][1][safepoint    ] Entering safepoint region: Cleanup
[2020-01-13T13:59:24.402+0000][1][safepoint    ] Leaving safepoint region
[2020-01-13T13:59:24.402+0000][1][safepoint    ] Total time for which application threads were stopped: 0.0001214 seconds, Stopping threads took: 0.0000500 seconds
[2020-01-13T13:59:25.402+0000][1][safepoint    ] Application time: 1.0001588 seconds
[2020-01-13T13:59:25.402+0000][1][safepoint    ] Entering safepoint region: Cleanup
[2020-01-13T13:59:25.402+0000][1][safepoint    ] Leaving safepoint region
[2020-01-13T13:59:25.402+0000][1][safepoint    ] Total time for which application threads were stopped: 0.0000985 seconds, Stopping threads took: 0.0000265 seconds
[2020-01-13T13:59:26.402+0000][1][safepoint    ] Application time: 1.0001582 seconds
[2020-01-13T13:59:26.402+0000][1][safepoint    ] Entering safepoint region: Cleanup
[2020-01-13T13:59:26.403+0000][1][safepoint    ] Leaving safepoint region
[2020-01-13T13:59:26.403+0000][1][safepoint    ] Total time for which application threads were stopped: 0.0001700 seconds, Stopping threads took: 0.0000279 seconds
[2020-01-13T13:59:27.403+0000][1][safepoint    ] Application time: 1.0001504 seconds
[2020-01-13T13:59:27.403+0000][1][safepoint    ] Entering safepoint region: Cleanup
[2020-01-13T13:59:27.403+0000][1][safepoint    ] Leaving safepoint region
[2020-01-13T13:59:27.403+0000][1][safepoint    ] Total time for which application threads were stopped: 0.0001029 seconds, Stopping threads took: 0.0000270 seconds
[2020-01-13T13:59:28.403+0000][1][safepoint    ] Application time: 1.0001576 seconds
[2020-01-13T13:59:28.403+0000][1][safepoint    ] Entering safepoint region: Cleanup
[2020-01-13T13:59:28.403+0000][1][safepoint    ] Leaving safepoint region
[2020-01-13T13:59:28.403+0000][1][safepoint    ] Total time for which application threads were stopped: 0.0001420 seconds, Stopping threads took: 0.0000448 seconds
[2020-01-13T13:59:29.404+0000][1][safepoint    ] Application time: 1.0001535 seconds
[2020-01-13T13:59:29.405+0000][1][safepoint    ] Entering safepoint region: Cleanup
[2020-01-13T13:59:29.405+0000][1][safepoint    ] Leaving safepoint region
[2020-01-13T13:59:29.405+0000][1][safepoint    ] Total time for which application threads were stopped: 0.0001109 seconds, Stopping threads took: 0.0000389 seconds
[2020-01-13T13:59:30.405+0000][1][safepoint    ] Application time: 1.0001550 seconds
[2020-01-13T13:59:30.405+0000][1][safepoint    ] Entering safepoint region: Cleanup
[2020-01-13T13:59:30.405+0000][1][safepoint    ] Leaving safepoint region
[2020-01-13T13:59:30.405+0000][1][safepoint    ] Total time for which application threads were stopped: 0.0000993 seconds, Stopping threads took: 0.0000286 seconds
[2020-01-13T13:59:31.405+0000][1][safepoint    ] Application time: 1.0001552 seconds
[2020-01-13T13:59:31.405+0000][1][safepoint    ] Entering safepoint region: Cleanup
[2020-01-13T13:59:31.405+0000][1][safepoint    ] Leaving safepoint region
[2020-01-13T13:59:31.405+0000][1][safepoint    ] Total time for which application threads were stopped: 0.0001463 seconds, Stopping threads took: 0.0000264 seconds
[2020-01-13T13:59:32.406+0000][1][safepoint    ] Application time: 1.0000900 seconds
[2020-01-13T13:59:32.406+0000][1][safepoint    ] Entering safepoint region: Cleanup
[2020-01-13T13:59:32.406+0000][1][safepoint    ] Leaving safepoint region
[2020-01-13T13:59:32.406+0000][1][safepoint    ] Total time for which application threads were stopped: 0.0001250 seconds, Stopping threads took: 0.0000305 seconds
[2020-01-13T13:59:33.406+0000][1][safepoint    ] Application time: 1.0001412 seconds
[2020-01-13T13:59:33.406+0000][1][safepoint    ] Entering safepoint region: Cleanup
[2020-01-13T13:59:33.406+0000][1][safepoint    ] Leaving safepoint region
[2020-01-13T13:59:33.406+0000][1][safepoint    ] Total time for which application threads were stopped: 0.0001195 seconds, Stopping threads took: 0.0000281 seconds
[2020-01-13T13:59:34.406+0000][1][safepoint    ] Application time: 1.0001490 seconds
[2020-01-13T13:59:34.407+0000][1][safepoint    ] Entering safepoint region: Cleanup
[2020-01-13T13:59:34.407+0000][1][safepoint    ] Leaving safepoint region
[2020-01-13T13:59:34.407+0000][1][safepoint    ] Total time for which application threads were stopped: 0.0001916 seconds, Stopping threads took: 0.0000693 seconds
[2020-01-13T13:59:35.408+0000][1][safepoint    ] Application time: 1.0001543 seconds
[2020-01-13T13:59:35.408+0000][1][safepoint    ] Entering safepoint region: Cleanup
[2020-01-13T13:59:35.408+0000][1][safepoint    ] Leaving safepoint region
[2020-01-13T13:59:35.408+0000][1][safepoint    ] Total time for which application threads were stopped: 0.0001182 seconds, Stopping threads took: 0.0000333 seconds
[2020-01-13T13:59:36.408+0000][1][safepoint    ] Application time: 1.0001642 seconds
[2020-01-13T13:59:36.408+0000][1][safepoint    ] Entering safepoint region: Cleanup
[2020-01-13T13:59:36.408+0000][1][safepoint    ] Leaving safepoint region
[2020-01-13T13:59:36.408+0000][1][safepoint    ] Total time for which application threads were stopped: 0.0001359 seconds, Stopping threads took: 0.0000373 seconds
[2020-01-13T13:59:37.408+0000][1][safepoint    ] Application time: 1.0001916 seconds
[2020-01-13T13:59:37.408+0000][1][safepoint    ] Entering safepoint region: Cleanup
[2020-01-13T13:59:37.409+0000][1][safepoint    ] Leaving safepoint region
[2020-01-13T13:59:37.409+0000][1][safepoint    ] Total time for which application threads were stopped: 0.0001135 seconds, Stopping threads took: 0.0000293 seconds
[2020-01-13T13:59:38.409+0000][1][safepoint    ] Application time: 1.0001353 seconds
[2020-01-13T13:59:38.409+0000][1][safepoint    ] Entering safepoint region: Cleanup
[2020-01-13T13:59:38.409+0000][1][safepoint    ] Leaving safepoint region
[2020-01-13T13:59:38.409+0000][1][safepoint    ] Total time for which application threads were stopped: 0.0001647 seconds, Stopping threads took: 0.0000494 seconds
[2020-01-13T13:59:39.409+0000][1][safepoint    ] Application time: 1.0001644 seconds
[2020-01-13T13:59:39.409+0000][1][safepoint    ] Entering safepoint region: Cleanup
[2020-01-13T13:59:39.409+0000][1][safepoint    ] Leaving safepoint region
[2020-01-13T13:59:39.409+0000][1][safepoint    ] Total time for which application threads were stopped: 0.0001564 seconds, Stopping threads took: 0.0000686 seconds
[2020-01-13T13:59:40.410+0000][1][safepoint    ] Application time: 1.0001651 seconds
[2020-01-13T13:59:40.410+0000][1][safepoint    ] Entering safepoint region: Cleanup
[2020-01-13T13:59:40.410+0000][1][safepoint    ] Leaving safepoint region
[2020-01-13T13:59:40.410+0000][1][safepoint    ] Total time for which application threads were stopped: 0.0000983 seconds, Stopping threads took: 0.0000266 seconds
[2020-01-13T13:59:41.410+0000][1][safepoint    ] Application time: 1.0001642 seconds
[2020-01-13T13:59:41.410+0000][1][safepoint    ] Entering safepoint region: Cleanup
[2020-01-13T13:59:41.410+0000][1][safepoint    ] Leaving safepoint region
[2020-01-13T13:59:41.410+0000][1][safepoint    ] Total time for which application threads were stopped: 0.0001521 seconds, Stopping threads took: 0.0000355 seconds
[2020-01-13T13:59:42.410+0000][1][safepoint    ] Application time: 1.0002696 seconds
[2020-01-13T13:59:42.410+0000][1][safepoint    ] Entering safepoint region: Cleanup
[2020-01-13T13:59:42.411+0000][1][safepoint    ] Leaving safepoint region
[2020-01-13T13:59:42.411+0000][1][safepoint    ] Total time for which application threads were stopped: 0.0001229 seconds, Stopping threads took: 0.0000338 seconds
[2020-01-13T13:59:43.411+0000][1][safepoint    ] Application time: 1.0001623 seconds
[2020-01-13T13:59:43.412+0000][1][safepoint    ] Entering safepoint region: Cleanup
[2020-01-13T13:59:43.412+0000][1][safepoint    ] Leaving safepoint region
[2020-01-13T13:59:43.413+0000][1][safepoint    ] Total time for which application threads were stopped: 0.0001315 seconds, Stopping threads took: 0.0000593 seconds
[2020-01-13T13:59:44.413+0000][1][safepoint    ] Application time: 1.0001551 seconds
[2020-01-13T13:59:44.413+0000][1][safepoint    ] Entering safepoint region: Cleanup
[2020-01-13T13:59:44.413+0000][1][safepoint    ] Leaving safepoint region
[2020-01-13T13:59:44.413+0000][1][safepoint    ] Total time for which application threads were stopped: 0.0000977 seconds, Stopping threads took: 0.0000267 seconds
[2020-01-13T13:59:45.413+0000][1][safepoint    ] Application time: 1.0001641 seconds
[2020-01-13T13:59:45.413+0000][1][safepoint    ] Entering safepoint region: Cleanup
[2020-01-13T13:59:45.413+0000][1][safepoint    ] Leaving safepoint region
[2020-01-13T13:59:45.413+0000][1][safepoint    ] Total time for which application threads were stopped: 0.0001073 seconds, Stopping threads took: 0.0000318 seconds
[2020-01-13T13:59:46.413+0000][1][safepoint    ] Application time: 1.0001505 seconds
[2020-01-13T13:59:46.413+0000][1][safepoint    ] Entering safepoint region: Cleanup
[2020-01-13T13:59:46.414+0000][1][safepoint    ] Leaving safepoint region
[2020-01-13T13:59:46.414+0000][1][safepoint    ] Total time for which application threads were stopped: 0.0001244 seconds, Stopping threads took: 0.0000399 seconds
[2020-01-13T13:59:47.414+0000][1][safepoint    ] Application time: 1.0001771 seconds
[2020-01-13T13:59:47.414+0000][1][safepoint    ] Entering safepoint region: Cleanup
[2020-01-13T13:59:47.414+0000][1][safepoint    ] Leaving safepoint region
[2020-01-13T13:59:47.414+0000][1][safepoint    ] Total time for which application threads were stopped: 0.0001306 seconds, Stopping threads took: 0.0000337 seconds
[2020-01-13T13:59:47.906+0000][1][safepoint    ] Application time: 0.4923100 seconds
[2020-01-13T13:59:47.906+0000][1][safepoint    ] Entering safepoint region: RevokeBias
[2020-01-13T13:59:47.906+0000][1][safepoint    ] Leaving safepoint region
[2020-01-13T13:59:47.906+0000][1][safepoint    ] Total time for which application threads were stopped: 0.0001032 seconds, Stopping threads took: 0.0000255 seconds
[2020-01-13T13:59:47.907+0000][1][safepoint    ] Application time: 0.0000802 seconds
[2020-01-13T13:59:47.907+0000][1][safepoint    ] Entering safepoint region: RevokeBias
[2020-01-13T13:59:47.907+0000][1][safepoint    ] Leaving safepoint region
[2020-01-13T13:59:47.907+0000][1][safepoint    ] Total time for which application threads were stopped: 0.0000303 seconds, Stopping threads took: 0.0000134 seconds
[2020-01-13T13:59:47.910+0000][1][safepoint    ] Application time: 0.0038259 seconds
[2020-01-13T13:59:47.912+0000][1][safepoint    ] Entering safepoint region: RevokeBias
[2020-01-13T13:59:47.913+0000][1][safepoint    ] Leaving safepoint region
[2020-01-13T13:59:47.913+0000][1][safepoint    ] Total time for which application threads were stopped: 0.0021175 seconds, Stopping threads took: 0.0020534 seconds
[2020-01-13T13:59:47.918+0000][1][safepoint    ] Application time: 0.0049901 seconds
[2020-01-13T13:59:47.918+0000][1][safepoint    ] Entering safepoint region: RevokeBias
[2020-01-13T13:59:47.918+0000][1][safepoint    ] Leaving safepoint region
[2020-01-13T13:59:47.918+0000][1][safepoint    ] Total time for which application threads were stopped: 0.0000849 seconds, Stopping threads took: 0.0000169 seconds
[2020-01-13T13:59:47.925+0000][1][safepoint    ] Application time: 0.0070584 seconds
[2020-01-13T13:59:47.926+0000][1][safepoint    ] Entering safepoint region: RevokeBias
[2020-01-13T13:59:47.926+0000][1][safepoint    ] Leaving safepoint region
[2020-01-13T13:59:47.926+0000][1][safepoint    ] Total time for which application threads were stopped: 0.0009130 seconds, Stopping threads took: 0.0008336 seconds
[2020-01-13T13:59:47.927+0000][1][safepoint    ] Application time: 0.0016561 seconds
[2020-01-13T13:59:47.927+0000][1][safepoint    ] Entering safepoint region: RevokeBias
[2020-01-13T13:59:47.928+0000][1][safepoint    ] Leaving safepoint region
[2020-01-13T13:59:47.928+0000][1][safepoint    ] Total time for which application threads were stopped: 0.0001659 seconds, Stopping threads took: 0.0001018 seconds
[2020-01-13T13:59:47.932+0000][1][safepoint    ] Application time: 0.0039889 seconds
[2020-01-13T13:59:47.933+0000][1][safepoint    ] Entering safepoint region: RevokeBias
[2020-01-13T13:59:47.933+0000][1][safepoint    ] Leaving safepoint region
[2020-01-13T13:59:47.933+0000][1][safepoint    ] Total time for which application threads were stopped: 0.0011005 seconds, Stopping threads took: 0.0010179 seconds
[2020-01-13T13:59:47.933+0000][1][safepoint    ] Application time: 0.0004525 seconds
[2020-01-13T13:59:47.933+0000][1][safepoint    ] Entering safepoint region: RevokeBias
[2020-01-13T13:59:47.933+0000][1][safepoint    ] Leaving safepoint region
[2020-01-13T13:59:47.933+0000][1][safepoint    ] Total time for which application threads were stopped: 0.0001110 seconds, Stopping threads took: 0.0000755 seconds
[2020-01-13T13:59:47.933+0000][1][safepoint    ] Application time: 0.0000840 seconds
[2020-01-13T13:59:47.933+0000][1][safepoint    ] Entering safepoint region: RevokeBias
[2020-01-13T13:59:47.933+0000][1][safepoint    ] Leaving safepoint region
[2020-01-13T13:59:47.933+0000][1][safepoint    ] Total time for which application threads were stopped: 0.0001015 seconds, Stopping threads took: 0.0000716 seconds
[2020-01-13T13:59:47.935+0000][1][safepoint    ] Application time: 0.0012630 seconds
[2020-01-13T13:59:47.935+0000][1][safepoint    ] Entering safepoint region: RevokeBias
[2020-01-13T13:59:47.935+0000][1][safepoint    ] Leaving safepoint region
[2020-01-13T13:59:47.935+0000][1][safepoint    ] Total time for which application threads were stopped: 0.0000662 seconds, Stopping threads took: 0.0000221 seconds
[2020-01-13T13:59:47.936+0000][1][safepoint    ] Application time: 0.0013112 seconds
[2020-01-13T13:59:47.936+0000][1][safepoint    ] Entering safepoint region: RevokeBias
[2020-01-13T13:59:47.936+0000][1][safepoint    ] Leaving safepoint region
[2020-01-13T13:59:47.936+0000][1][safepoint    ] Total time for which application threads were stopped: 0.0000420 seconds, Stopping threads took: 0.0000100 seconds
[2020-01-13T13:59:47.937+0000][1][safepoint    ] Application time: 0.0009244 seconds
[2020-01-13T13:59:47.937+0000][1][safepoint    ] Entering safepoint region: RevokeBias
[2020-01-13T13:59:47.937+0000][1][safepoint    ] Leaving safepoint region
[2020-01-13T13:59:47.937+0000][1][safepoint    ] Total time for which application threads were stopped: 0.0000357 seconds, Stopping threads took: 0.0000090 seconds
[2020-01-13T13:59:48.040+0000][1][safepoint    ] Application time: 0.1024688 seconds
[2020-01-13T13:59:48.040+0000][1][safepoint    ] Entering safepoint region: RevokeBias
[2020-01-13T13:59:48.040+0000][1][safepoint    ] Leaving safepoint region
[2020-01-13T13:59:48.040+0000][1][safepoint    ] Total time for which application threads were stopped: 0.0001261 seconds, Stopping threads took: 0.0000222 seconds
[2020-01-13T13:59:48.042+0000][1][safepoint    ] Application time: 0.0016960 seconds
[2020-01-13T13:59:48.042+0000][1][safepoint    ] Entering safepoint region: RevokeBias
[2020-01-13T13:59:48.042+0000][1][safepoint    ] Leaving safepoint region
[2020-01-13T13:59:48.042+0000][1][safepoint    ] Total time for which application threads were stopped: 0.0003181 seconds, Stopping threads took: 0.0002415 seconds
[2020-01-13T13:59:48.042+0000][1][safepoint    ] Application time: 0.0000583 seconds
[2020-01-13T13:59:48.042+0000][1][safepoint    ] Entering safepoint region: RevokeBias
[2020-01-13T13:59:48.042+0000][1][safepoint    ] Leaving safepoint region
[2020-01-13T13:59:48.042+0000][1][safepoint    ] Total time for which application threads were stopped: 0.0001088 seconds, Stopping threads took: 0.0000844 seconds
[2020-01-13T13:59:48.043+0000][1][safepoint    ] Application time: 0.0004255 seconds
[2020-01-13T13:59:48.043+0000][1][safepoint    ] Entering safepoint region: RevokeBias
[2020-01-13T13:59:48.043+0000][1][safepoint    ] Leaving safepoint region
[2020-01-13T13:59:48.043+0000][1][safepoint    ] Total time for which application threads were stopped: 0.0000553 seconds, Stopping threads took: 0.0000284 seconds
[2020-01-13T13:59:48.044+0000][1][safepoint    ] Application time: 0.0015055 seconds
[2020-01-13T13:59:48.044+0000][1][safepoint    ] Entering safepoint region: RevokeBias
[2020-01-13T13:59:48.044+0000][1][safepoint    ] Leaving safepoint region
[2020-01-13T13:59:48.044+0000][1][safepoint    ] Total time for which application threads were stopped: 0.0000414 seconds, Stopping threads took: 0.0000101 seconds
[2020-01-13T13:59:48.044+0000][1][safepoint    ] Application time: 0.0000373 seconds
[2020-01-13T13:59:48.044+0000][1][safepoint    ] Entering safepoint region: RevokeBias
[2020-01-13T13:59:48.044+0000][1][safepoint    ] Leaving safepoint region
[2020-01-13T13:59:48.044+0000][1][safepoint    ] Total time for which application threads were stopped: 0.0000213 seconds, Stopping threads took: 0.0000054 seconds
[2020-01-13T13:59:48.044+0000][1][safepoint    ] Application time: 0.0000264 seconds
[2020-01-13T13:59:48.044+0000][1][safepoint    ] Entering safepoint region: RevokeBias
[2020-01-13T13:59:48.044+0000][1][safepoint    ] Leaving safepoint region
[2020-01-13T13:59:48.044+0000][1][safepoint    ] Total time for which application threads were stopped: 0.0000209 seconds, Stopping threads took: 0.0000055 seconds
[2020-01-13T13:59:48.046+0000][1][safepoint    ] Application time: 0.0017453 seconds
[2020-01-13T13:59:48.046+0000][1][safepoint    ] Entering safepoint region: RevokeBias
[2020-01-13T13:59:48.046+0000][1][safepoint    ] Leaving safepoint region
[2020-01-13T13:59:48.046+0000][1][safepoint    ] Total time for which application threads were stopped: 0.0000416 seconds, Stopping threads took: 0.0000100 seconds
[2020-01-13T13:59:48.047+0000][1][safepoint    ] Application time: 0.0006986 seconds
[2020-01-13T13:59:48.047+0000][1][safepoint    ] Entering safepoint region: RevokeBias
[2020-01-13T13:59:48.047+0000][1][safepoint    ] Leaving safepoint region
[2020-01-13T13:59:48.047+0000][1][safepoint    ] Total time for which application threads were stopped: 0.0000493 seconds, Stopping threads took: 0.0000083 seconds
[2020-01-13T13:59:48.049+0000][1][safepoint    ] Application time: 0.0017272 seconds
[2020-01-13T13:59:48.049+0000][1][safepoint    ] Entering safepoint region: RevokeBias
[2020-01-13T13:59:48.049+0000][1][safepoint    ] Leaving safepoint region
[2020-01-13T13:59:48.049+0000][1][safepoint    ] Total time for which application threads were stopped: 0.0001626 seconds, Stopping threads took: 0.0001103 seconds
[2020-01-13T13:59:48.051+0000][1][safepoint    ] Application time: 0.0023269 seconds
[2020-01-13T13:59:48.051+0000][1][safepoint    ] Entering safepoint region: RevokeBias
[2020-01-13T13:59:48.051+0000][1][safepoint    ] Leaving safepoint region
[2020-01-13T13:59:48.051+0000][1][safepoint    ] Total time for which application threads were stopped: 0.0000548 seconds, Stopping threads took: 0.0000202 seconds
[2020-01-13T13:59:48.052+0000][1][safepoint    ] Application time: 0.0012341 seconds
[2020-01-13T13:59:48.054+0000][1][safepoint    ] Entering safepoint region: RevokeBias
[2020-01-13T13:59:48.055+0000][1][safepoint    ] Leaving safepoint region
[2020-01-13T13:59:48.055+0000][1][safepoint    ] Total time for which application threads were stopped: 0.0020524 seconds, Stopping threads took: 0.0020222 seconds
[2020-01-13T13:59:48.055+0000][1][safepoint    ] Application time: 0.0003436 seconds
[2020-01-13T13:59:48.056+0000][1][safepoint    ] Entering safepoint region: RevokeBias
[2020-01-13T13:59:48.056+0000][1][safepoint    ] Leaving safepoint region
[2020-01-13T13:59:48.056+0000][1][safepoint    ] Total time for which application threads were stopped: 0.0015369 seconds, Stopping threads took: 0.0014970 seconds
[2020-01-13T13:59:48.057+0000][1][safepoint    ] Application time: 0.0003202 seconds
[2020-01-13T13:59:48.057+0000][1][safepoint    ] Entering safepoint region: RevokeBias
[2020-01-13T13:59:48.057+0000][1][safepoint    ] Leaving safepoint region
[2020-01-13T13:59:48.057+0000][1][safepoint    ] Total time for which application threads were stopped: 0.0000554 seconds, Stopping threads took: 0.0000067 seconds
[2020-01-13T13:59:48.057+0000][1][safepoint    ] Application time: 0.0001281 seconds
[2020-01-13T13:59:48.057+0000][1][safepoint    ] Entering safepoint region: RevokeBias
[2020-01-13T13:59:48.057+0000][1][safepoint    ] Leaving safepoint region
[2020-01-13T13:59:48.057+0000][1][safepoint    ] Total time for which application threads were stopped: 0.0000529 seconds, Stopping threads took: 0.0000231 seconds
[2020-01-13T13:59:48.057+0000][1][safepoint    ] Application time: 0.0000606 seconds
[2020-01-13T13:59:48.057+0000][1][safepoint    ] Entering safepoint region: RevokeBias
[2020-01-13T13:59:48.057+0000][1][safepoint    ] Leaving safepoint region
[2020-01-13T13:59:48.057+0000][1][safepoint    ] Total time for which application threads were stopped: 0.0000466 seconds, Stopping threads took: 0.0000074 seconds
[2020-01-13T13:59:48.059+0000][1][safepoint    ] Application time: 0.0020091 seconds
[2020-01-13T13:59:48.059+0000][1][safepoint    ] Entering safepoint region: RevokeBias
[2020-01-13T13:59:48.059+0000][1][safepoint    ] Leaving safepoint region
[2020-01-13T13:59:48.059+0000][1][safepoint    ] Total time for which application threads were stopped: 0.0000462 seconds, Stopping threads took: 0.0000210 seconds
[2020-01-13T13:59:48.087+0000][1][safepoint    ] Application time: 0.0273435 seconds
[2020-01-13T13:59:48.087+0000][1][safepoint    ] Entering safepoint region: RevokeBias
[2020-01-13T13:59:48.087+0000][1][safepoint    ] Leaving safepoint region
[2020-01-13T13:59:48.087+0000][1][safepoint    ] Total time for which application threads were stopped: 0.0001028 seconds, Stopping threads took: 0.0000343 seconds
[2020-01-13T13:59:48.087+0000][1][safepoint    ] Application time: 0.0000598 seconds
[2020-01-13T13:59:48.087+0000][1][safepoint    ] Entering safepoint region: RevokeBias
[2020-01-13T13:59:48.087+0000][1][safepoint    ] Leaving safepoint region
[2020-01-13T13:59:48.087+0000][1][safepoint    ] Total time for which application threads were stopped: 0.0000319 seconds, Stopping threads took: 0.0000130 seconds
[2020-01-13T13:59:48.087+0000][1][safepoint    ] Application time: 0.0000278 seconds
[2020-01-13T13:59:48.087+0000][1][safepoint    ] Entering safepoint region: RevokeBias
[2020-01-13T13:59:48.087+0000][1][safepoint    ] Leaving safepoint region
[2020-01-13T13:59:48.087+0000][1][safepoint    ] Total time for which application threads were stopped: 0.0000303 seconds, Stopping threads took: 0.0000128 seconds
[2020-01-13T13:59:48.089+0000][1][safepoint    ] Application time: 0.0016240 seconds
[2020-01-13T13:59:48.089+0000][1][safepoint    ] Entering safepoint region: RevokeBias
[2020-01-13T13:59:48.089+0000][1][safepoint    ] Leaving safepoint region
[2020-01-13T13:59:48.089+0000][1][safepoint    ] Total time for which application threads were stopped: 0.0000718 seconds, Stopping threads took: 0.0000204 seconds
[2020-01-13T13:59:48.089+0000][1][safepoint    ] Application time: 0.0007408 seconds
[2020-01-13T13:59:48.089+0000][1][safepoint    ] Entering safepoint region: RevokeBias
[2020-01-13T13:59:48.089+0000][1][safepoint    ] Leaving safepoint region
[2020-01-13T13:59:48.089+0000][1][safepoint    ] Total time for which application threads were stopped: 0.0000619 seconds, Stopping threads took: 0.0000181 seconds
[2020-01-13T13:59:48.090+0000][1][safepoint    ] Application time: 0.0004914 seconds
[2020-01-13T13:59:48.090+0000][1][safepoint    ] Entering safepoint region: RevokeBias
[2020-01-13T13:59:48.090+0000][1][safepoint    ] Leaving safepoint region
[2020-01-13T13:59:48.090+0000][1][safepoint    ] Total time for which application threads were stopped: 0.0000633 seconds, Stopping threads took: 0.0000320 seconds
[2020-01-13T13:59:48.090+0000][1][safepoint    ] Application time: 0.0002016 seconds
[2020-01-13T13:59:48.090+0000][1][safepoint    ] Entering safepoint region: RevokeBias
[2020-01-13T13:59:48.090+0000][1][safepoint    ] Leaving safepoint region
[2020-01-13T13:59:48.090+0000][1][safepoint    ] Total time for which application threads were stopped: 0.0000320 seconds, Stopping threads took: 0.0000141 seconds
[2020-01-13T13:59:48.091+0000][1][safepoint    ] Application time: 0.0005050 seconds
[2020-01-13T13:59:48.091+0000][1][safepoint    ] Entering safepoint region: RevokeBias
[2020-01-13T13:59:48.091+0000][1][safepoint    ] Leaving safepoint region
[2020-01-13T13:59:48.091+0000][1][safepoint    ] Total time for which application threads were stopped: 0.0000407 seconds, Stopping threads took: 0.0000155 seconds
[2020-01-13T13:59:48.092+0000][1][safepoint    ] Application time: 0.0012957 seconds
[2020-01-13T13:59:48.092+0000][1][safepoint    ] Entering safepoint region: RevokeBias
[2020-01-13T13:59:48.092+0000][1][safepoint    ] Leaving safepoint region
[2020-01-13T13:59:48.092+0000][1][safepoint    ] Total time for which application threads were stopped: 0.0000360 seconds, Stopping threads took: 0.0000165 seconds
[2020-01-13T13:59:48.092+0000][1][safepoint    ] Application time: 0.0001347 seconds
[2020-01-13T13:59:48.092+0000][1][safepoint    ] Entering safepoint region: RevokeBias
[2020-01-13T13:59:48.092+0000][1][safepoint    ] Leaving safepoint region
[2020-01-13T13:59:48.092+0000][1][safepoint    ] Total time for which application threads were stopped: 0.0000262 seconds, Stopping threads took: 0.0000135 seconds
[2020-01-13T13:59:48.092+0000][1][safepoint    ] Application time: 0.0000776 seconds
[2020-01-13T13:59:48.092+0000][1][safepoint    ] Entering safepoint region: RevokeBias
[2020-01-13T13:59:48.093+0000][1][safepoint    ] Leaving safepoint region
[2020-01-13T13:59:48.093+0000][1][safepoint    ] Total time for which application threads were stopped: 0.0000250 seconds, Stopping threads took: 0.0000124 seconds
[2020-01-13T13:59:48.093+0000][1][safepoint    ] Application time: 0.0000473 seconds
[2020-01-13T13:59:48.093+0000][1][safepoint    ] Entering safepoint region: RevokeBias
[2020-01-13T13:59:48.093+0000][1][safepoint    ] Leaving safepoint region
[2020-01-13T13:59:48.093+0000][1][safepoint    ] Total time for which application threads were stopped: 0.0000222 seconds, Stopping threads took: 0.0000122 seconds
[2020-01-13T13:59:48.095+0000][1][safepoint    ] Application time: 0.0022356 seconds
[2020-01-13T13:59:48.095+0000][1][safepoint    ] Entering safepoint region: RevokeBias
[2020-01-13T13:59:48.095+0000][1][safepoint    ] Leaving safepoint region
[2020-01-13T13:59:48.095+0000][1][safepoint    ] Total time for which application threads were stopped: 0.0000542 seconds, Stopping threads took: 0.0000178 seconds
[2020-01-13T13:59:48.095+0000][1][safepoint    ] Application time: 0.0000339 seconds
[2020-01-13T13:59:48.095+0000][1][safepoint    ] Entering safepoint region: RevokeBias
[2020-01-13T13:59:48.095+0000][1][safepoint    ] Leaving safepoint region
[2020-01-13T13:59:48.095+0000][1][safepoint    ] Total time for which application threads were stopped: 0.0000293 seconds, Stopping threads took: 0.0000125 seconds
[2020-01-13T13:59:48.095+0000][1][safepoint    ] Application time: 0.0000244 seconds
[2020-01-13T13:59:48.095+0000][1][safepoint    ] Entering safepoint region: RevokeBias
[2020-01-13T13:59:48.095+0000][1][safepoint    ] Leaving safepoint region
[2020-01-13T13:59:48.095+0000][1][safepoint    ] Total time for which application threads were stopped: 0.0000444 seconds, Stopping threads took: 0.0000124 seconds
[2020-01-13T13:59:48.095+0000][1][safepoint    ] Application time: 0.0003979 seconds
[2020-01-13T13:59:48.096+0000][1][safepoint    ] Entering safepoint region: RevokeBias
[2020-01-13T13:59:48.096+0000][1][safepoint    ] Leaving safepoint region
[2020-01-13T13:59:48.096+0000][1][safepoint    ] Total time for which application threads were stopped: 0.0000406 seconds, Stopping threads took: 0.0000156 seconds
[2020-01-13T13:59:48.100+0000][1][gc,heap,exit ] Heap
[2020-01-13T13:59:48.100+0000][1][gc,heap,exit ]  par new generation   total 76672K, used 47987K [0x00000000f0000000, 0x00000000f5330000, 0x00000000f5330000)
[2020-01-13T13:59:48.100+0000][1][gc,heap,exit ]   eden space 68160K,  63% used [0x00000000f0000000, 0x00000000f2a162a0, 0x00000000f4290000)
[2020-01-13T13:59:48.100+0000][1][gc,heap,exit ]   from space 8512K,  57% used [0x00000000f4ae0000, 0x00000000f4fa6d08, 0x00000000f5330000)
[2020-01-13T13:59:48.100+0000][1][gc,heap,exit ]   to   space 8512K,   0% used [0x00000000f4290000, 0x00000000f4290000, 0x00000000f4ae0000)
[2020-01-13T13:59:48.100+0000][1][gc,heap,exit ]  concurrent mark-sweep generation total 176960K, used 62651K [0x00000000f5330000, 0x0000000100000000, 0x0000000100000000)
[2020-01-13T13:59:48.100+0000][1][gc,heap,exit ]  Metaspace       used 63979K, capacity 68798K, committed 68832K, reserved 1107968K
[2020-01-13T13:59:48.100+0000][1][gc,heap,exit ]   class space    used 8680K, capacity 10673K, committed 10692K, reserved 1048576K
[2020-01-13T13:59:48.101+0000][1][safepoint    ] Application time: 0.0050012 seconds
[2020-01-13T13:59:48.101+0000][1][safepoint    ] Entering safepoint region: Exit
