[2020-01-13T13:59:49.332+0000][1][gc] Using Concurrent Mark Sweep
[2020-01-13T13:59:49.332+0000][1][gc,heap,coops] Heap address: 0x00000000f0000000, size: 256 MB, Compressed Oops mode: 32-bit
[2020-01-13T13:59:49.421+0000][1][safepoint    ] Entering safepoint region: EnableBiasedLocking
[2020-01-13T13:59:49.421+0000][1][safepoint    ] Leaving safepoint region
[2020-01-13T13:59:49.421+0000][1][safepoint    ] Total time for which application threads were stopped: 0.0028266 seconds, Stopping threads took: 0.0027006 seconds
[2020-01-13T13:59:49.434+0000][1][safepoint    ] Application time: 0.0118122 seconds
[2020-01-13T13:59:49.434+0000][1][safepoint    ] Entering safepoint region: RevokeBias
[2020-01-13T13:59:49.434+0000][1][safepoint    ] Leaving safepoint region
[2020-01-13T13:59:49.434+0000][1][safepoint    ] Total time for which application threads were stopped: 0.0000991 seconds, Stopping threads took: 0.0000273 seconds
[2020-01-13T13:59:49.464+0000][1][safepoint    ] Application time: 0.0300604 seconds
[2020-01-13T13:59:49.464+0000][1][safepoint    ] Entering safepoint region: Deoptimize
[2020-01-13T13:59:49.464+0000][1][safepoint    ] Leaving safepoint region
[2020-01-13T13:59:49.464+0000][1][safepoint    ] Total time for which application threads were stopped: 0.0000984 seconds, Stopping threads took: 0.0000312 seconds
[2020-01-13T13:59:49.695+0000][1][safepoint    ] Application time: 0.2306828 seconds
[2020-01-13T13:59:49.695+0000][1][safepoint    ] Entering safepoint region: Deoptimize
[2020-01-13T13:59:49.695+0000][1][safepoint    ] Leaving safepoint region
[2020-01-13T13:59:49.695+0000][1][safepoint    ] Total time for which application threads were stopped: 0.0001921 seconds, Stopping threads took: 0.0000272 seconds
[2020-01-13T13:59:50.383+0000][1][safepoint    ] Application time: 0.6878719 seconds
[2020-01-13T13:59:50.383+0000][1][safepoint    ] Entering safepoint region: Deoptimize
[2020-01-13T13:59:50.383+0000][1][safepoint    ] Leaving safepoint region
[2020-01-13T13:59:50.383+0000][1][safepoint    ] Total time for which application threads were stopped: 0.0002495 seconds, Stopping threads took: 0.0000179 seconds
[2020-01-13T13:59:50.449+0000][1][safepoint    ] Application time: 0.0660050 seconds
[2020-01-13T13:59:50.450+0000][1][safepoint    ] Entering safepoint region: Deoptimize
[2020-01-13T13:59:50.450+0000][1][safepoint    ] Leaving safepoint region
[2020-01-13T13:59:50.450+0000][1][safepoint    ] Total time for which application threads were stopped: 0.0005856 seconds, Stopping threads took: 0.0004027 seconds
[2020-01-13T13:59:50.526+0000][1][safepoint    ] Application time: 0.0758978 seconds
[2020-01-13T13:59:50.526+0000][1][safepoint    ] Entering safepoint region: Deoptimize
[2020-01-13T13:59:50.526+0000][1][safepoint    ] Leaving safepoint region
[2020-01-13T13:59:50.526+0000][1][safepoint    ] Total time for which application threads were stopped: 0.0002612 seconds, Stopping threads took: 0.0000273 seconds
[2020-01-13T13:59:50.557+0000][1][safepoint    ] Application time: 0.0305028 seconds
[2020-01-13T13:59:50.557+0000][1][safepoint    ] Entering safepoint region: Deoptimize
[2020-01-13T13:59:50.557+0000][1][safepoint    ] Leaving safepoint region
[2020-01-13T13:59:50.557+0000][1][safepoint    ] Total time for which application threads were stopped: 0.0002718 seconds, Stopping threads took: 0.0000275 seconds
[2020-01-13T13:59:51.557+0000][1][safepoint    ] Application time: 1.0001355 seconds
[2020-01-13T13:59:51.557+0000][1][safepoint    ] Entering safepoint region: Cleanup
[2020-01-13T13:59:51.557+0000][1][safepoint    ] Leaving safepoint region
[2020-01-13T13:59:51.557+0000][1][safepoint    ] Total time for which application threads were stopped: 0.0001582 seconds, Stopping threads took: 0.0000184 seconds
[2020-01-13T13:59:51.638+0000][1][safepoint    ] Application time: 0.0806723 seconds
[2020-01-13T13:59:51.638+0000][1][safepoint    ] Entering safepoint region: Deoptimize
[2020-01-13T13:59:51.638+0000][1][safepoint    ] Leaving safepoint region
[2020-01-13T13:59:51.638+0000][1][safepoint    ] Total time for which application threads were stopped: 0.0003222 seconds, Stopping threads took: 0.0000272 seconds
[2020-01-13T13:59:52.486+0000][1][safepoint    ] Application time: 0.8480126 seconds
[2020-01-13T13:59:52.486+0000][1][safepoint    ] Entering safepoint region: Deoptimize
[2020-01-13T13:59:52.487+0000][1][safepoint    ] Leaving safepoint region
[2020-01-13T13:59:52.487+0000][1][safepoint    ] Total time for which application threads were stopped: 0.0004965 seconds, Stopping threads took: 0.0000737 seconds
[2020-01-13T13:59:52.757+0000][1][safepoint    ] Application time: 0.2702803 seconds
[2020-01-13T13:59:52.758+0000][1][safepoint    ] Entering safepoint region: Deoptimize
[2020-01-13T13:59:52.759+0000][1][safepoint    ] Leaving safepoint region
[2020-01-13T13:59:52.759+0000][1][safepoint    ] Total time for which application threads were stopped: 0.0015067 seconds, Stopping threads took: 0.0011422 seconds
[2020-01-13T13:59:52.759+0000][1][safepoint    ] Application time: 0.0001534 seconds
[2020-01-13T13:59:52.759+0000][1][safepoint    ] Entering safepoint region: Deoptimize
[2020-01-13T13:59:52.759+0000][1][safepoint    ] Leaving safepoint region
[2020-01-13T13:59:52.759+0000][1][safepoint    ] Total time for which application threads were stopped: 0.0001681 seconds, Stopping threads took: 0.0000183 seconds
[2020-01-13T13:59:52.809+0000][1][safepoint    ] Application time: 0.0502175 seconds
[2020-01-13T13:59:52.809+0000][1][safepoint    ] Entering safepoint region: Deoptimize
[2020-01-13T13:59:52.810+0000][1][safepoint    ] Leaving safepoint region
[2020-01-13T13:59:52.810+0000][1][safepoint    ] Total time for which application threads were stopped: 0.0003191 seconds, Stopping threads took: 0.0000207 seconds
[2020-01-13T13:59:52.824+0000][1][safepoint    ] Application time: 0.0144635 seconds
[2020-01-13T13:59:52.824+0000][1][safepoint    ] Entering safepoint region: Deoptimize
[2020-01-13T13:59:52.825+0000][1][safepoint    ] Leaving safepoint region
[2020-01-13T13:59:52.825+0000][1][safepoint    ] Total time for which application threads were stopped: 0.0003928 seconds, Stopping threads took: 0.0000222 seconds
[2020-01-13T13:59:52.854+0000][1][safepoint    ] Application time: 0.0291593 seconds
[2020-01-13T13:59:52.854+0000][1][safepoint    ] Entering safepoint region: RevokeBias
[2020-01-13T13:59:52.854+0000][1][safepoint    ] Leaving safepoint region
[2020-01-13T13:59:52.854+0000][1][safepoint    ] Total time for which application threads were stopped: 0.0006518 seconds, Stopping threads took: 0.0005723 seconds
[2020-01-13T13:59:52.855+0000][1][safepoint    ] Application time: 0.0009064 seconds
[2020-01-13T13:59:52.857+0000][1][safepoint    ] Entering safepoint region: RevokeBias
[2020-01-13T13:59:52.857+0000][1][safepoint    ] Leaving safepoint region
[2020-01-13T13:59:52.857+0000][1][safepoint    ] Total time for which application threads were stopped: 0.0011783 seconds, Stopping threads took: 0.0011234 seconds
[2020-01-13T13:59:52.857+0000][1][safepoint    ] Application time: 0.0000924 seconds
[2020-01-13T13:59:52.857+0000][1][safepoint    ] Entering safepoint region: RevokeBias
[2020-01-13T13:59:52.857+0000][1][safepoint    ] Leaving safepoint region
[2020-01-13T13:59:52.857+0000][1][safepoint    ] Total time for which application threads were stopped: 0.0000449 seconds, Stopping threads took: 0.0000170 seconds
[2020-01-13T13:59:52.857+0000][1][safepoint    ] Application time: 0.0002053 seconds
[2020-01-13T13:59:52.857+0000][1][safepoint    ] Entering safepoint region: RevokeBias
[2020-01-13T13:59:52.857+0000][1][safepoint    ] Leaving safepoint region
[2020-01-13T13:59:52.857+0000][1][safepoint    ] Total time for which application threads were stopped: 0.0001601 seconds, Stopping threads took: 0.0000200 seconds
[2020-01-13T13:59:52.858+0000][1][safepoint    ] Application time: 0.0005797 seconds
[2020-01-13T13:59:52.858+0000][1][safepoint    ] Entering safepoint region: RevokeBias
[2020-01-13T13:59:52.858+0000][1][safepoint    ] Leaving safepoint region
[2020-01-13T13:59:52.858+0000][1][safepoint    ] Total time for which application threads were stopped: 0.0000803 seconds, Stopping threads took: 0.0000253 seconds
[2020-01-13T13:59:52.879+0000][1][safepoint    ] Application time: 0.0211872 seconds
[2020-01-13T13:59:52.879+0000][1][safepoint    ] Entering safepoint region: Deoptimize
[2020-01-13T13:59:52.880+0000][1][safepoint    ] Leaving safepoint region
[2020-01-13T13:59:52.880+0000][1][safepoint    ] Total time for which application threads were stopped: 0.0004740 seconds, Stopping threads took: 0.0000309 seconds
[2020-01-13T13:59:52.983+0000][1][safepoint    ] Application time: 0.1034804 seconds
[2020-01-13T13:59:52.983+0000][1][safepoint    ] Entering safepoint region: RevokeBias
[2020-01-13T13:59:52.983+0000][1][safepoint    ] Leaving safepoint region
[2020-01-13T13:59:52.983+0000][1][safepoint    ] Total time for which application threads were stopped: 0.0001095 seconds, Stopping threads took: 0.0000314 seconds
[2020-01-13T13:59:53.271+0000][1][safepoint    ] Application time: 0.2879598 seconds
[2020-01-13T13:59:53.271+0000][1][safepoint    ] Entering safepoint region: GenCollectForAllocation
[2020-01-13T13:59:53.271+0000][1][gc,start     ] GC(0) Pause Young (Allocation Failure)
[2020-01-13T13:59:53.271+0000][1][gc,task      ] GC(0) Using 1 workers of 1 for evacuation
[2020-01-13T13:59:53.291+0000][1][gc,age       ] GC(0) Desired survivor size 4358144 bytes, new threshold 1 (max threshold 6)
[2020-01-13T13:59:53.291+0000][1][gc,age       ] GC(0) Age table with threshold 1 (max threshold 6)
[2020-01-13T13:59:53.291+0000][1][gc,age       ] GC(0) - age   1:    6443056 bytes,    6443056 total
[2020-01-13T13:59:53.291+0000][1][gc,heap      ] GC(0) ParNew: 68160K->6324K(76672K)
[2020-01-13T13:59:53.291+0000][1][gc,heap      ] GC(0) CMS: 0K->0K(176960K)
[2020-01-13T13:59:53.291+0000][1][gc,metaspace ] GC(0) Metaspace: 12675K->12675K(1060864K)
[2020-01-13T13:59:53.291+0000][1][gc           ] GC(0) Pause Young (Allocation Failure) 66M->6M(247M) 19.735ms
[2020-01-13T13:59:53.291+0000][1][gc,cpu       ] GC(0) User=0.02s Sys=0.00s Real=0.02s
[2020-01-13T13:59:53.291+0000][1][safepoint    ] Leaving safepoint region
[2020-01-13T13:59:53.291+0000][1][safepoint    ] Total time for which application threads were stopped: 0.0199420 seconds, Stopping threads took: 0.0000265 seconds
[2020-01-13T13:59:53.299+0000][1][safepoint    ] Application time: 0.0081724 seconds
[2020-01-13T13:59:53.300+0000][1][safepoint    ] Entering safepoint region: RevokeBias
[2020-01-13T13:59:53.300+0000][1][safepoint    ] Leaving safepoint region
[2020-01-13T13:59:53.300+0000][1][safepoint    ] Total time for which application threads were stopped: 0.0007763 seconds, Stopping threads took: 0.0006863 seconds
[2020-01-13T13:59:53.300+0000][1][safepoint    ] Application time: 0.0000862 seconds
[2020-01-13T13:59:53.300+0000][1][safepoint    ] Entering safepoint region: RevokeBias
[2020-01-13T13:59:53.300+0000][1][safepoint    ] Leaving safepoint region
[2020-01-13T13:59:53.300+0000][1][safepoint    ] Total time for which application threads were stopped: 0.0000304 seconds, Stopping threads took: 0.0000058 seconds
[2020-01-13T13:59:53.300+0000][1][safepoint    ] Application time: 0.0000487 seconds
[2020-01-13T13:59:53.300+0000][1][safepoint    ] Entering safepoint region: RevokeBias
[2020-01-13T13:59:53.300+0000][1][safepoint    ] Leaving safepoint region
[2020-01-13T13:59:53.300+0000][1][safepoint    ] Total time for which application threads were stopped: 0.0000275 seconds, Stopping threads took: 0.0000051 seconds
[2020-01-13T13:59:53.303+0000][1][safepoint    ] Application time: 0.0026033 seconds
[2020-01-13T13:59:53.303+0000][1][safepoint    ] Entering safepoint region: RevokeBias
[2020-01-13T13:59:53.303+0000][1][safepoint    ] Leaving safepoint region
[2020-01-13T13:59:53.303+0000][1][safepoint    ] Total time for which application threads were stopped: 0.0000803 seconds, Stopping threads took: 0.0000242 seconds
[2020-01-13T13:59:53.303+0000][1][safepoint    ] Application time: 0.0000425 seconds
[2020-01-13T13:59:53.303+0000][1][safepoint    ] Entering safepoint region: RevokeBias
[2020-01-13T13:59:53.303+0000][1][safepoint    ] Leaving safepoint region
[2020-01-13T13:59:53.303+0000][1][safepoint    ] Total time for which application threads were stopped: 0.0000340 seconds, Stopping threads took: 0.0000145 seconds
[2020-01-13T13:59:53.303+0000][1][safepoint    ] Application time: 0.0000152 seconds
[2020-01-13T13:59:53.303+0000][1][safepoint    ] Entering safepoint region: RevokeBias
[2020-01-13T13:59:53.303+0000][1][safepoint    ] Leaving safepoint region
[2020-01-13T13:59:53.303+0000][1][safepoint    ] Total time for which application threads were stopped: 0.0000356 seconds, Stopping threads took: 0.0000047 seconds
[2020-01-13T13:59:53.303+0000][1][safepoint    ] Application time: 0.0000325 seconds
[2020-01-13T13:59:53.303+0000][1][safepoint    ] Entering safepoint region: RevokeBias
[2020-01-13T13:59:53.303+0000][1][safepoint    ] Leaving safepoint region
[2020-01-13T13:59:53.303+0000][1][safepoint    ] Total time for which application threads were stopped: 0.0000648 seconds, Stopping threads took: 0.0000086 seconds
[2020-01-13T13:59:53.303+0000][1][safepoint    ] Application time: 0.0000170 seconds
[2020-01-13T13:59:53.303+0000][1][safepoint    ] Entering safepoint region: RevokeBias
[2020-01-13T13:59:53.303+0000][1][safepoint    ] Leaving safepoint region
[2020-01-13T13:59:53.303+0000][1][safepoint    ] Total time for which application threads were stopped: 0.0000221 seconds, Stopping threads took: 0.0000048 seconds
[2020-01-13T13:59:53.303+0000][1][safepoint    ] Application time: 0.0000190 seconds
[2020-01-13T13:59:53.303+0000][1][safepoint    ] Entering safepoint region: RevokeBias
[2020-01-13T13:59:53.303+0000][1][safepoint    ] Leaving safepoint region
[2020-01-13T13:59:53.303+0000][1][safepoint    ] Total time for which application threads were stopped: 0.0000212 seconds, Stopping threads took: 0.0000047 seconds
[2020-01-13T13:59:53.303+0000][1][safepoint    ] Application time: 0.0000145 seconds
[2020-01-13T13:59:53.303+0000][1][safepoint    ] Entering safepoint region: RevokeBias
[2020-01-13T13:59:53.303+0000][1][safepoint    ] Leaving safepoint region
[2020-01-13T13:59:53.304+0000][1][safepoint    ] Total time for which application threads were stopped: 0.0000208 seconds, Stopping threads took: 0.0000048 seconds
[2020-01-13T13:59:53.305+0000][1][safepoint    ] Application time: 0.0018686 seconds
[2020-01-13T13:59:53.306+0000][1][safepoint    ] Entering safepoint region: RevokeBias
[2020-01-13T13:59:53.307+0000][1][safepoint    ] Leaving safepoint region
[2020-01-13T13:59:53.307+0000][1][safepoint    ] Total time for which application threads were stopped: 0.0011438 seconds, Stopping threads took: 0.0010954 seconds
[2020-01-13T13:59:53.307+0000][1][safepoint    ] Application time: 0.0000289 seconds
[2020-01-13T13:59:53.307+0000][1][safepoint    ] Entering safepoint region: RevokeBias
[2020-01-13T13:59:53.307+0000][1][safepoint    ] Leaving safepoint region
[2020-01-13T13:59:53.307+0000][1][safepoint    ] Total time for which application threads were stopped: 0.0000213 seconds, Stopping threads took: 0.0000053 seconds
[2020-01-13T13:59:53.307+0000][1][safepoint    ] Application time: 0.0000262 seconds
[2020-01-13T13:59:53.307+0000][1][safepoint    ] Entering safepoint region: RevokeBias
[2020-01-13T13:59:53.307+0000][1][safepoint    ] Leaving safepoint region
[2020-01-13T13:59:53.307+0000][1][safepoint    ] Total time for which application threads were stopped: 0.0000190 seconds, Stopping threads took: 0.0000048 seconds
[2020-01-13T13:59:53.307+0000][1][safepoint    ] Application time: 0.0000144 seconds
[2020-01-13T13:59:53.307+0000][1][safepoint    ] Entering safepoint region: RevokeBias
[2020-01-13T13:59:53.307+0000][1][safepoint    ] Leaving safepoint region
[2020-01-13T13:59:53.307+0000][1][safepoint    ] Total time for which application threads were stopped: 0.0000184 seconds, Stopping threads took: 0.0000049 seconds
[2020-01-13T13:59:53.307+0000][1][safepoint    ] Application time: 0.0000367 seconds
[2020-01-13T13:59:53.307+0000][1][safepoint    ] Entering safepoint region: RevokeBias
[2020-01-13T13:59:53.307+0000][1][safepoint    ] Leaving safepoint region
[2020-01-13T13:59:53.307+0000][1][safepoint    ] Total time for which application threads were stopped: 0.0000308 seconds, Stopping threads took: 0.0000159 seconds
[2020-01-13T13:59:53.307+0000][1][safepoint    ] Application time: 0.0000148 seconds
[2020-01-13T13:59:53.307+0000][1][safepoint    ] Entering safepoint region: RevokeBias
[2020-01-13T13:59:53.307+0000][1][safepoint    ] Leaving safepoint region
[2020-01-13T13:59:53.307+0000][1][safepoint    ] Total time for which application threads were stopped: 0.0000262 seconds, Stopping threads took: 0.0000072 seconds
[2020-01-13T13:59:53.307+0000][1][safepoint    ] Application time: 0.0000491 seconds
[2020-01-13T13:59:53.307+0000][1][safepoint    ] Entering safepoint region: RevokeBias
[2020-01-13T13:59:53.307+0000][1][safepoint    ] Leaving safepoint region
[2020-01-13T13:59:53.307+0000][1][safepoint    ] Total time for which application threads were stopped: 0.0000211 seconds, Stopping threads took: 0.0000049 seconds
[2020-01-13T13:59:53.307+0000][1][safepoint    ] Application time: 0.0000149 seconds
[2020-01-13T13:59:53.307+0000][1][safepoint    ] Entering safepoint region: RevokeBias
[2020-01-13T13:59:53.307+0000][1][safepoint    ] Leaving safepoint region
[2020-01-13T13:59:53.307+0000][1][safepoint    ] Total time for which application threads were stopped: 0.0000182 seconds, Stopping threads took: 0.0000047 seconds
[2020-01-13T13:59:53.307+0000][1][safepoint    ] Application time: 0.0000178 seconds
[2020-01-13T13:59:53.307+0000][1][safepoint    ] Entering safepoint region: RevokeBias
[2020-01-13T13:59:53.307+0000][1][safepoint    ] Leaving safepoint region
[2020-01-13T13:59:53.307+0000][1][safepoint    ] Total time for which application threads were stopped: 0.0000182 seconds, Stopping threads took: 0.0000047 seconds
[2020-01-13T13:59:53.307+0000][1][safepoint    ] Application time: 0.0000142 seconds
[2020-01-13T13:59:53.307+0000][1][safepoint    ] Entering safepoint region: RevokeBias
[2020-01-13T13:59:53.307+0000][1][safepoint    ] Leaving safepoint region
[2020-01-13T13:59:53.307+0000][1][safepoint    ] Total time for which application threads were stopped: 0.0000179 seconds, Stopping threads took: 0.0000047 seconds
[2020-01-13T13:59:53.307+0000][1][safepoint    ] Application time: 0.0000170 seconds
[2020-01-13T13:59:53.307+0000][1][safepoint    ] Entering safepoint region: RevokeBias
[2020-01-13T13:59:53.307+0000][1][safepoint    ] Leaving safepoint region
[2020-01-13T13:59:53.307+0000][1][safepoint    ] Total time for which application threads were stopped: 0.0000182 seconds, Stopping threads took: 0.0000047 seconds
[2020-01-13T13:59:53.307+0000][1][safepoint    ] Application time: 0.0000142 seconds
[2020-01-13T13:59:53.307+0000][1][safepoint    ] Entering safepoint region: RevokeBias
[2020-01-13T13:59:53.307+0000][1][safepoint    ] Leaving safepoint region
[2020-01-13T13:59:53.307+0000][1][safepoint    ] Total time for which application threads were stopped: 0.0000180 seconds, Stopping threads took: 0.0000047 seconds
[2020-01-13T13:59:53.307+0000][1][safepoint    ] Application time: 0.0000818 seconds
[2020-01-13T13:59:53.307+0000][1][safepoint    ] Entering safepoint region: RevokeBias
[2020-01-13T13:59:53.307+0000][1][safepoint    ] Leaving safepoint region
[2020-01-13T13:59:53.307+0000][1][safepoint    ] Total time for which application threads were stopped: 0.0000213 seconds, Stopping threads took: 0.0000050 seconds
[2020-01-13T13:59:53.307+0000][1][safepoint    ] Application time: 0.0000151 seconds
[2020-01-13T13:59:53.307+0000][1][safepoint    ] Entering safepoint region: RevokeBias
[2020-01-13T13:59:53.307+0000][1][safepoint    ] Leaving safepoint region
[2020-01-13T13:59:53.307+0000][1][safepoint    ] Total time for which application threads were stopped: 0.0000182 seconds, Stopping threads took: 0.0000047 seconds
[2020-01-13T13:59:53.307+0000][1][safepoint    ] Application time: 0.0000295 seconds
[2020-01-13T13:59:53.307+0000][1][safepoint    ] Entering safepoint region: RevokeBias
[2020-01-13T13:59:53.307+0000][1][safepoint    ] Leaving safepoint region
[2020-01-13T13:59:53.307+0000][1][safepoint    ] Total time for which application threads were stopped: 0.0000254 seconds, Stopping threads took: 0.0000108 seconds
[2020-01-13T13:59:53.307+0000][1][safepoint    ] Application time: 0.0000145 seconds
[2020-01-13T13:59:53.307+0000][1][safepoint    ] Entering safepoint region: RevokeBias
[2020-01-13T13:59:53.307+0000][1][safepoint    ] Leaving safepoint region
[2020-01-13T13:59:53.307+0000][1][safepoint    ] Total time for which application threads were stopped: 0.0000181 seconds, Stopping threads took: 0.0000047 seconds
[2020-01-13T13:59:53.308+0000][1][safepoint    ] Application time: 0.0008041 seconds
[2020-01-13T13:59:53.308+0000][1][safepoint    ] Entering safepoint region: RevokeBias
[2020-01-13T13:59:53.308+0000][1][safepoint    ] Leaving safepoint region
[2020-01-13T13:59:53.308+0000][1][safepoint    ] Total time for which application threads were stopped: 0.0000420 seconds, Stopping threads took: 0.0000080 seconds
[2020-01-13T13:59:53.308+0000][1][safepoint    ] Application time: 0.0000241 seconds
[2020-01-13T13:59:53.308+0000][1][safepoint    ] Entering safepoint region: RevokeBias
[2020-01-13T13:59:53.308+0000][1][safepoint    ] Leaving safepoint region
[2020-01-13T13:59:53.308+0000][1][safepoint    ] Total time for which application threads were stopped: 0.0000422 seconds, Stopping threads took: 0.0000248 seconds
[2020-01-13T13:59:53.308+0000][1][safepoint    ] Application time: 0.0000294 seconds
[2020-01-13T13:59:53.308+0000][1][safepoint    ] Entering safepoint region: RevokeBias
[2020-01-13T13:59:53.308+0000][1][safepoint    ] Leaving safepoint region
[2020-01-13T13:59:53.308+0000][1][safepoint    ] Total time for which application threads were stopped: 0.0000191 seconds, Stopping threads took: 0.0000048 seconds
[2020-01-13T13:59:53.308+0000][1][safepoint    ] Application time: 0.0000149 seconds
[2020-01-13T13:59:53.308+0000][1][safepoint    ] Entering safepoint region: RevokeBias
[2020-01-13T13:59:53.308+0000][1][safepoint    ] Leaving safepoint region
[2020-01-13T13:59:53.308+0000][1][safepoint    ] Total time for which application threads were stopped: 0.0000182 seconds, Stopping threads took: 0.0000047 seconds
[2020-01-13T13:59:53.752+0000][1][safepoint    ] Application time: 0.4436325 seconds
[2020-01-13T13:59:53.752+0000][1][safepoint    ] Entering safepoint region: Deoptimize
[2020-01-13T13:59:53.753+0000][1][safepoint    ] Leaving safepoint region
[2020-01-13T13:59:53.753+0000][1][safepoint    ] Total time for which application threads were stopped: 0.0006756 seconds, Stopping threads took: 0.0000300 seconds
[2020-01-13T13:59:54.113+0000][1][safepoint    ] Application time: 0.3601080 seconds
[2020-01-13T13:59:54.115+0000][1][safepoint    ] Entering safepoint region: RevokeBias
[2020-01-13T13:59:54.116+0000][1][safepoint    ] Leaving safepoint region
[2020-01-13T13:59:54.116+0000][1][safepoint    ] Total time for which application threads were stopped: 0.0025582 seconds, Stopping threads took: 0.0023990 seconds
[2020-01-13T13:59:54.417+0000][1][safepoint    ] Application time: 0.3017699 seconds
[2020-01-13T13:59:54.418+0000][1][safepoint    ] Entering safepoint region: GenCollectForAllocation
[2020-01-13T13:59:54.419+0000][1][gc,start     ] GC(1) Pause Young (Allocation Failure)
[2020-01-13T13:59:54.419+0000][1][gc,task      ] GC(1) Using 1 workers of 1 for evacuation
[2020-01-13T13:59:54.477+0000][1][gc,age       ] GC(1) Desired survivor size 4358144 bytes, new threshold 6 (max threshold 6)
[2020-01-13T13:59:54.477+0000][1][gc,age       ] GC(1) Age table with threshold 6 (max threshold 6)
[2020-01-13T13:59:54.477+0000][1][gc,age       ] GC(1) - age   1:    2785616 bytes,    2785616 total
[2020-01-13T13:59:54.477+0000][1][gc,heap      ] GC(1) ParNew: 74484K->4207K(76672K)
[2020-01-13T13:59:54.477+0000][1][gc,heap      ] GC(1) CMS: 0K->6782K(176960K)
[2020-01-13T13:59:54.477+0000][1][gc,metaspace ] GC(1) Metaspace: 14900K->14900K(1062912K)
[2020-01-13T13:59:54.477+0000][1][gc           ] GC(1) Pause Young (Allocation Failure) 72M->10M(247M) 58.761ms
[2020-01-13T13:59:54.477+0000][1][gc,cpu       ] GC(1) User=0.06s Sys=0.00s Real=0.06s
[2020-01-13T13:59:54.477+0000][1][safepoint    ] Leaving safepoint region
[2020-01-13T13:59:54.477+0000][1][safepoint    ] Total time for which application threads were stopped: 0.0599584 seconds, Stopping threads took: 0.0010013 seconds
[2020-01-13T13:59:54.488+0000][1][safepoint    ] Application time: 0.0110017 seconds
[2020-01-13T13:59:54.490+0000][1][safepoint    ] Entering safepoint region: BulkRevokeBias
[2020-01-13T13:59:54.490+0000][1][safepoint    ] Leaving safepoint region
[2020-01-13T13:59:54.490+0000][1][safepoint    ] Total time for which application threads were stopped: 0.0016266 seconds, Stopping threads took: 0.0014935 seconds
[2020-01-13T13:59:54.490+0000][1][safepoint    ] Application time: 0.0000822 seconds
[2020-01-13T13:59:54.490+0000][1][safepoint    ] Entering safepoint region: RevokeBias
[2020-01-13T13:59:54.490+0000][1][safepoint    ] Leaving safepoint region
[2020-01-13T13:59:54.490+0000][1][safepoint    ] Total time for which application threads were stopped: 0.0000268 seconds, Stopping threads took: 0.0000061 seconds
[2020-01-13T13:59:54.490+0000][1][safepoint    ] Application time: 0.0000495 seconds
[2020-01-13T13:59:54.490+0000][1][safepoint    ] Entering safepoint region: RevokeBias
[2020-01-13T13:59:54.490+0000][1][safepoint    ] Leaving safepoint region
[2020-01-13T13:59:54.490+0000][1][safepoint    ] Total time for which application threads were stopped: 0.0000229 seconds, Stopping threads took: 0.0000051 seconds
[2020-01-13T13:59:54.490+0000][1][safepoint    ] Application time: 0.0000151 seconds
[2020-01-13T13:59:54.490+0000][1][safepoint    ] Entering safepoint region: RevokeBias
[2020-01-13T13:59:54.490+0000][1][safepoint    ] Leaving safepoint region
[2020-01-13T13:59:54.490+0000][1][safepoint    ] Total time for which application threads were stopped: 0.0000215 seconds, Stopping threads took: 0.0000048 seconds
[2020-01-13T13:59:54.490+0000][1][safepoint    ] Application time: 0.0000176 seconds
[2020-01-13T13:59:54.490+0000][1][safepoint    ] Entering safepoint region: RevokeBias
[2020-01-13T13:59:54.490+0000][1][safepoint    ] Leaving safepoint region
[2020-01-13T13:59:54.490+0000][1][safepoint    ] Total time for which application threads were stopped: 0.0000409 seconds, Stopping threads took: 0.0000047 seconds
[2020-01-13T13:59:54.490+0000][1][safepoint    ] Application time: 0.0000151 seconds
[2020-01-13T13:59:54.490+0000][1][safepoint    ] Entering safepoint region: RevokeBias
[2020-01-13T13:59:54.490+0000][1][safepoint    ] Leaving safepoint region
[2020-01-13T13:59:54.490+0000][1][safepoint    ] Total time for which application threads were stopped: 0.0000214 seconds, Stopping threads took: 0.0000048 seconds
[2020-01-13T13:59:54.490+0000][1][safepoint    ] Application time: 0.0000176 seconds
[2020-01-13T13:59:54.490+0000][1][safepoint    ] Entering safepoint region: BulkRevokeBias
[2020-01-13T13:59:54.490+0000][1][safepoint    ] Leaving safepoint region
[2020-01-13T13:59:54.490+0000][1][safepoint    ] Total time for which application threads were stopped: 0.0000397 seconds, Stopping threads took: 0.0000047 seconds
[2020-01-13T13:59:54.490+0000][1][safepoint    ] Application time: 0.0000147 seconds
[2020-01-13T13:59:54.490+0000][1][safepoint    ] Entering safepoint region: RevokeBias
[2020-01-13T13:59:54.490+0000][1][safepoint    ] Leaving safepoint region
[2020-01-13T13:59:54.491+0000][1][safepoint    ] Total time for which application threads were stopped: 0.0000216 seconds, Stopping threads took: 0.0000049 seconds
[2020-01-13T13:59:54.491+0000][1][safepoint    ] Application time: 0.0000178 seconds
[2020-01-13T13:59:54.491+0000][1][safepoint    ] Entering safepoint region: BulkRevokeBias
[2020-01-13T13:59:54.491+0000][1][safepoint    ] Leaving safepoint region
[2020-01-13T13:59:54.491+0000][1][safepoint    ] Total time for which application threads were stopped: 0.0000329 seconds, Stopping threads took: 0.0000049 seconds
[2020-01-13T13:59:54.853+0000][1][safepoint    ] Application time: 0.3619496 seconds
[2020-01-13T13:59:54.853+0000][1][safepoint    ] Entering safepoint region: GenCollectForAllocation
[2020-01-13T13:59:54.853+0000][1][gc,start     ] GC(2) Pause Young (Allocation Failure)
[2020-01-13T13:59:54.854+0000][1][gc,task      ] GC(2) Using 1 workers of 1 for evacuation
[2020-01-13T13:59:54.880+0000][1][gc,age       ] GC(2) Desired survivor size 4358144 bytes, new threshold 6 (max threshold 6)
[2020-01-13T13:59:54.880+0000][1][gc,age       ] GC(2) Age table with threshold 6 (max threshold 6)
[2020-01-13T13:59:54.880+0000][1][gc,age       ] GC(2) - age   1:    2842840 bytes,    2842840 total
[2020-01-13T13:59:54.880+0000][1][gc,age       ] GC(2) - age   2:    1106096 bytes,    3948936 total
[2020-01-13T13:59:54.880+0000][1][gc,heap      ] GC(2) ParNew: 72367K->6184K(76672K)
[2020-01-13T13:59:54.880+0000][1][gc,heap      ] GC(2) CMS: 6782K->6782K(176960K)
[2020-01-13T13:59:54.880+0000][1][gc,metaspace ] GC(2) Metaspace: 15020K->15020K(1062912K)
[2020-01-13T13:59:54.880+0000][1][gc           ] GC(2) Pause Young (Allocation Failure) 77M->12M(247M) 26.754ms
[2020-01-13T13:59:54.880+0000][1][gc,cpu       ] GC(2) User=0.02s Sys=0.00s Real=0.03s
[2020-01-13T13:59:54.880+0000][1][safepoint    ] Leaving safepoint region
[2020-01-13T13:59:54.880+0000][1][safepoint    ] Total time for which application threads were stopped: 0.0277089 seconds, Stopping threads took: 0.0007854 seconds
[2020-01-13T13:59:54.884+0000][1][safepoint    ] Application time: 0.0040556 seconds
[2020-01-13T13:59:54.885+0000][1][safepoint    ] Entering safepoint region: RevokeBias
[2020-01-13T13:59:54.885+0000][1][safepoint    ] Leaving safepoint region
[2020-01-13T13:59:54.885+0000][1][safepoint    ] Total time for which application threads were stopped: 0.0010500 seconds, Stopping threads took: 0.0009710 seconds
[2020-01-13T13:59:54.885+0000][1][safepoint    ] Application time: 0.0000331 seconds
[2020-01-13T13:59:54.885+0000][1][safepoint    ] Entering safepoint region: RevokeBias
[2020-01-13T13:59:54.886+0000][1][safepoint    ] Leaving safepoint region
[2020-01-13T13:59:54.886+0000][1][safepoint    ] Total time for which application threads were stopped: 0.0000389 seconds, Stopping threads took: 0.0000060 seconds
[2020-01-13T13:59:54.888+0000][1][safepoint    ] Application time: 0.0020328 seconds
[2020-01-13T13:59:54.888+0000][1][safepoint    ] Entering safepoint region: RevokeBias
[2020-01-13T13:59:54.888+0000][1][safepoint    ] Leaving safepoint region
[2020-01-13T13:59:54.888+0000][1][safepoint    ] Total time for which application threads were stopped: 0.0000652 seconds, Stopping threads took: 0.0000232 seconds
[2020-01-13T13:59:54.888+0000][1][safepoint    ] Application time: 0.0000216 seconds
[2020-01-13T13:59:54.888+0000][1][safepoint    ] Entering safepoint region: RevokeBias
[2020-01-13T13:59:54.888+0000][1][safepoint    ] Leaving safepoint region
[2020-01-13T13:59:54.888+0000][1][safepoint    ] Total time for which application threads were stopped: 0.0000220 seconds, Stopping threads took: 0.0000050 seconds
[2020-01-13T13:59:54.888+0000][1][safepoint    ] Application time: 0.0000236 seconds
[2020-01-13T13:59:54.888+0000][1][safepoint    ] Entering safepoint region: RevokeBias
[2020-01-13T13:59:54.888+0000][1][safepoint    ] Leaving safepoint region
[2020-01-13T13:59:54.888+0000][1][safepoint    ] Total time for which application threads were stopped: 0.0000286 seconds, Stopping threads took: 0.0000074 seconds
[2020-01-13T13:59:54.888+0000][1][safepoint    ] Application time: 0.0000189 seconds
[2020-01-13T13:59:54.888+0000][1][safepoint    ] Entering safepoint region: RevokeBias
[2020-01-13T13:59:54.888+0000][1][safepoint    ] Leaving safepoint region
[2020-01-13T13:59:54.888+0000][1][safepoint    ] Total time for which application threads were stopped: 0.0000280 seconds, Stopping threads took: 0.0000070 seconds
[2020-01-13T13:59:55.253+0000][1][safepoint    ] Application time: 0.3652618 seconds
[2020-01-13T13:59:55.253+0000][1][safepoint    ] Entering safepoint region: Deoptimize
[2020-01-13T13:59:55.254+0000][1][safepoint    ] Leaving safepoint region
[2020-01-13T13:59:55.254+0000][1][safepoint    ] Total time for which application threads were stopped: 0.0006638 seconds, Stopping threads took: 0.0000356 seconds
[2020-01-13T13:59:55.254+0000][1][safepoint    ] Application time: 0.0005041 seconds
[2020-01-13T13:59:55.256+0000][1][safepoint    ] Entering safepoint region: Deoptimize
[2020-01-13T13:59:55.257+0000][1][safepoint    ] Leaving safepoint region
[2020-01-13T13:59:55.257+0000][1][safepoint    ] Total time for which application threads were stopped: 0.0024939 seconds, Stopping threads took: 0.0020216 seconds
[2020-01-13T13:59:55.834+0000][1][safepoint    ] Application time: 0.5775710 seconds
[2020-01-13T13:59:55.834+0000][1][safepoint    ] Entering safepoint region: GenCollectForAllocation
[2020-01-13T13:59:55.835+0000][1][gc,start     ] GC(3) Pause Young (Allocation Failure)
[2020-01-13T13:59:55.835+0000][1][gc,task      ] GC(3) Using 1 workers of 1 for evacuation
[2020-01-13T13:59:55.849+0000][1][gc,age       ] GC(3) Desired survivor size 4358144 bytes, new threshold 3 (max threshold 6)
[2020-01-13T13:59:55.849+0000][1][gc,age       ] GC(3) Age table with threshold 3 (max threshold 6)
[2020-01-13T13:59:55.849+0000][1][gc,age       ] GC(3) - age   1:    3236952 bytes,    3236952 total
[2020-01-13T13:59:55.850+0000][1][gc,age       ] GC(3) - age   2:     318968 bytes,    3555920 total
[2020-01-13T13:59:55.850+0000][1][gc,age       ] GC(3) - age   3:    1104152 bytes,    4660072 total
[2020-01-13T13:59:55.850+0000][1][gc,heap      ] GC(3) ParNew: 74344K->7336K(76672K)
[2020-01-13T13:59:55.850+0000][1][gc,heap      ] GC(3) CMS: 6782K->6782K(176960K)
[2020-01-13T13:59:55.850+0000][1][gc,metaspace ] GC(3) Metaspace: 18447K->18447K(1067008K)
[2020-01-13T13:59:55.850+0000][1][gc           ] GC(3) Pause Young (Allocation Failure) 79M->13M(247M) 14.898ms
[2020-01-13T13:59:55.850+0000][1][gc,cpu       ] GC(3) User=0.01s Sys=0.00s Real=0.02s
[2020-01-13T13:59:55.850+0000][1][safepoint    ] Leaving safepoint region
[2020-01-13T13:59:55.850+0000][1][safepoint    ] Total time for which application threads were stopped: 0.0151377 seconds, Stopping threads took: 0.0000249 seconds
[2020-01-13T13:59:55.863+0000][1][safepoint    ] Application time: 0.0129648 seconds
[2020-01-13T13:59:55.863+0000][1][safepoint    ] Entering safepoint region: BulkRevokeBias
[2020-01-13T13:59:55.863+0000][1][safepoint    ] Leaving safepoint region
[2020-01-13T13:59:55.863+0000][1][safepoint    ] Total time for which application threads were stopped: 0.0002054 seconds, Stopping threads took: 0.0000328 seconds
[2020-01-13T13:59:55.864+0000][1][safepoint    ] Application time: 0.0007081 seconds
[2020-01-13T13:59:55.864+0000][1][safepoint    ] Entering safepoint region: RevokeBias
[2020-01-13T13:59:55.864+0000][1][safepoint    ] Leaving safepoint region
[2020-01-13T13:59:55.864+0000][1][safepoint    ] Total time for which application threads were stopped: 0.0000726 seconds, Stopping threads took: 0.0000083 seconds
[2020-01-13T13:59:55.864+0000][1][safepoint    ] Application time: 0.0000420 seconds
[2020-01-13T13:59:55.864+0000][1][safepoint    ] Entering safepoint region: RevokeBias
[2020-01-13T13:59:55.864+0000][1][safepoint    ] Leaving safepoint region
[2020-01-13T13:59:55.864+0000][1][safepoint    ] Total time for which application threads were stopped: 0.0000323 seconds, Stopping threads took: 0.0000049 seconds
[2020-01-13T13:59:55.864+0000][1][safepoint    ] Application time: 0.0000154 seconds
[2020-01-13T13:59:55.864+0000][1][safepoint    ] Entering safepoint region: RevokeBias
[2020-01-13T13:59:55.864+0000][1][safepoint    ] Leaving safepoint region
[2020-01-13T13:59:55.864+0000][1][safepoint    ] Total time for which application threads were stopped: 0.0000318 seconds, Stopping threads took: 0.0000068 seconds
[2020-01-13T13:59:55.864+0000][1][safepoint    ] Application time: 0.0000189 seconds
[2020-01-13T13:59:55.864+0000][1][safepoint    ] Entering safepoint region: RevokeBias
[2020-01-13T13:59:55.864+0000][1][safepoint    ] Leaving safepoint region
[2020-01-13T13:59:55.864+0000][1][safepoint    ] Total time for which application threads were stopped: 0.0000415 seconds, Stopping threads took: 0.0000161 seconds
[2020-01-13T13:59:55.864+0000][1][safepoint    ] Application time: 0.0000152 seconds
[2020-01-13T13:59:55.864+0000][1][safepoint    ] Entering safepoint region: RevokeBias
[2020-01-13T13:59:55.864+0000][1][safepoint    ] Leaving safepoint region
[2020-01-13T13:59:55.864+0000][1][safepoint    ] Total time for which application threads were stopped: 0.0000280 seconds, Stopping threads took: 0.0000047 seconds
[2020-01-13T13:59:55.864+0000][1][safepoint    ] Application time: 0.0000172 seconds
[2020-01-13T13:59:55.864+0000][1][safepoint    ] Entering safepoint region: RevokeBias
[2020-01-13T13:59:55.864+0000][1][safepoint    ] Leaving safepoint region
[2020-01-13T13:59:55.864+0000][1][safepoint    ] Total time for which application threads were stopped: 0.0000286 seconds, Stopping threads took: 0.0000047 seconds
[2020-01-13T13:59:55.864+0000][1][safepoint    ] Application time: 0.0000143 seconds
[2020-01-13T13:59:55.864+0000][1][safepoint    ] Entering safepoint region: RevokeBias
[2020-01-13T13:59:55.864+0000][1][safepoint    ] Leaving safepoint region
[2020-01-13T13:59:55.864+0000][1][safepoint    ] Total time for which application threads were stopped: 0.0000277 seconds, Stopping threads took: 0.0000047 seconds
[2020-01-13T13:59:55.864+0000][1][safepoint    ] Application time: 0.0000165 seconds
[2020-01-13T13:59:55.864+0000][1][safepoint    ] Entering safepoint region: RevokeBias
[2020-01-13T13:59:55.864+0000][1][safepoint    ] Leaving safepoint region
[2020-01-13T13:59:55.864+0000][1][safepoint    ] Total time for which application threads were stopped: 0.0000283 seconds, Stopping threads took: 0.0000046 seconds
[2020-01-13T13:59:55.864+0000][1][safepoint    ] Application time: 0.0000147 seconds
[2020-01-13T13:59:55.864+0000][1][safepoint    ] Entering safepoint region: RevokeBias
[2020-01-13T13:59:55.864+0000][1][safepoint    ] Leaving safepoint region
[2020-01-13T13:59:55.864+0000][1][safepoint    ] Total time for which application threads were stopped: 0.0000280 seconds, Stopping threads took: 0.0000047 seconds
[2020-01-13T13:59:55.864+0000][1][safepoint    ] Application time: 0.0000170 seconds
[2020-01-13T13:59:55.864+0000][1][safepoint    ] Entering safepoint region: RevokeBias
[2020-01-13T13:59:55.864+0000][1][safepoint    ] Leaving safepoint region
[2020-01-13T13:59:55.864+0000][1][safepoint    ] Total time for which application threads were stopped: 0.0000282 seconds, Stopping threads took: 0.0000046 seconds
[2020-01-13T13:59:55.864+0000][1][safepoint    ] Application time: 0.0000142 seconds
[2020-01-13T13:59:55.864+0000][1][safepoint    ] Entering safepoint region: RevokeBias
[2020-01-13T13:59:55.864+0000][1][safepoint    ] Leaving safepoint region
[2020-01-13T13:59:55.864+0000][1][safepoint    ] Total time for which application threads were stopped: 0.0000280 seconds, Stopping threads took: 0.0000047 seconds
[2020-01-13T13:59:55.866+0000][1][safepoint    ] Application time: 0.0013243 seconds
[2020-01-13T13:59:55.866+0000][1][safepoint    ] Entering safepoint region: RevokeBias
[2020-01-13T13:59:55.866+0000][1][safepoint    ] Leaving safepoint region
[2020-01-13T13:59:55.866+0000][1][safepoint    ] Total time for which application threads were stopped: 0.0000668 seconds, Stopping threads took: 0.0000089 seconds
[2020-01-13T13:59:55.866+0000][1][safepoint    ] Application time: 0.0000277 seconds
[2020-01-13T13:59:55.866+0000][1][safepoint    ] Entering safepoint region: RevokeBias
[2020-01-13T13:59:55.866+0000][1][safepoint    ] Leaving safepoint region
[2020-01-13T13:59:55.866+0000][1][safepoint    ] Total time for which application threads were stopped: 0.0000312 seconds, Stopping threads took: 0.0000050 seconds
[2020-01-13T13:59:55.866+0000][1][safepoint    ] Application time: 0.0000543 seconds
[2020-01-13T13:59:55.866+0000][1][safepoint    ] Entering safepoint region: RevokeBias
[2020-01-13T13:59:55.866+0000][1][safepoint    ] Leaving safepoint region
[2020-01-13T13:59:55.866+0000][1][safepoint    ] Total time for which application threads were stopped: 0.0000374 seconds, Stopping threads took: 0.0000115 seconds
[2020-01-13T13:59:55.866+0000][1][safepoint    ] Application time: 0.0000153 seconds
[2020-01-13T13:59:55.866+0000][1][safepoint    ] Entering safepoint region: RevokeBias
[2020-01-13T13:59:55.866+0000][1][safepoint    ] Leaving safepoint region
[2020-01-13T13:59:55.866+0000][1][safepoint    ] Total time for which application threads were stopped: 0.0000280 seconds, Stopping threads took: 0.0000047 seconds
[2020-01-13T13:59:55.867+0000][1][safepoint    ] Application time: 0.0006536 seconds
[2020-01-13T13:59:55.867+0000][1][safepoint    ] Entering safepoint region: RevokeBias
[2020-01-13T13:59:55.867+0000][1][safepoint    ] Leaving safepoint region
[2020-01-13T13:59:55.867+0000][1][safepoint    ] Total time for which application threads were stopped: 0.0000811 seconds, Stopping threads took: 0.0000162 seconds
[2020-01-13T13:59:55.867+0000][1][safepoint    ] Application time: 0.0000301 seconds
[2020-01-13T13:59:55.867+0000][1][safepoint    ] Entering safepoint region: RevokeBias
[2020-01-13T13:59:55.867+0000][1][safepoint    ] Leaving safepoint region
[2020-01-13T13:59:55.867+0000][1][safepoint    ] Total time for which application threads were stopped: 0.0000333 seconds, Stopping threads took: 0.0000050 seconds
[2020-01-13T13:59:55.867+0000][1][safepoint    ] Application time: 0.0000149 seconds
[2020-01-13T13:59:55.867+0000][1][safepoint    ] Entering safepoint region: RevokeBias
[2020-01-13T13:59:55.867+0000][1][safepoint    ] Leaving safepoint region
[2020-01-13T13:59:55.867+0000][1][safepoint    ] Total time for which application threads were stopped: 0.0000458 seconds, Stopping threads took: 0.0000048 seconds
[2020-01-13T13:59:55.867+0000][1][safepoint    ] Application time: 0.0000173 seconds
[2020-01-13T13:59:55.867+0000][1][safepoint    ] Entering safepoint region: RevokeBias
[2020-01-13T13:59:55.867+0000][1][safepoint    ] Leaving safepoint region
[2020-01-13T13:59:55.867+0000][1][safepoint    ] Total time for which application threads were stopped: 0.0000302 seconds, Stopping threads took: 0.0000049 seconds
[2020-01-13T13:59:55.867+0000][1][safepoint    ] Application time: 0.0000145 seconds
[2020-01-13T13:59:55.867+0000][1][safepoint    ] Entering safepoint region: RevokeBias
[2020-01-13T13:59:55.867+0000][1][safepoint    ] Leaving safepoint region
[2020-01-13T13:59:55.867+0000][1][safepoint    ] Total time for which application threads were stopped: 0.0000291 seconds, Stopping threads took: 0.0000047 seconds
[2020-01-13T13:59:56.133+0000][1][safepoint    ] Application time: 0.2656770 seconds
[2020-01-13T13:59:56.133+0000][1][safepoint    ] Entering safepoint region: GenCollectForAllocation
[2020-01-13T13:59:56.133+0000][1][gc,start     ] GC(4) Pause Young (Allocation Failure)
[2020-01-13T13:59:56.133+0000][1][gc,task      ] GC(4) Using 1 workers of 1 for evacuation
[2020-01-13T13:59:56.157+0000][1][gc,age       ] GC(4) Desired survivor size 4358144 bytes, new threshold 3 (max threshold 6)
[2020-01-13T13:59:56.157+0000][1][gc,age       ] GC(4) Age table with threshold 3 (max threshold 6)
[2020-01-13T13:59:56.157+0000][1][gc,age       ] GC(4) - age   1:    1009400 bytes,    1009400 total
[2020-01-13T13:59:56.157+0000][1][gc,age       ] GC(4) - age   2:    3199176 bytes,    4208576 total
[2020-01-13T13:59:56.157+0000][1][gc,age       ] GC(4) - age   3:     318440 bytes,    4527016 total
[2020-01-13T13:59:56.157+0000][1][gc,heap      ] GC(4) ParNew: 75496K->8512K(76672K)
[2020-01-13T13:59:56.157+0000][1][gc,heap      ] GC(4) CMS: 6782K->7875K(176960K)
[2020-01-13T13:59:56.157+0000][1][gc,metaspace ] GC(4) Metaspace: 18731K->18731K(1067008K)
[2020-01-13T13:59:56.157+0000][1][gc           ] GC(4) Pause Young (Allocation Failure) 80M->16M(247M) 23.331ms
[2020-01-13T13:59:56.157+0000][1][gc,cpu       ] GC(4) User=0.02s Sys=0.00s Real=0.02s
[2020-01-13T13:59:56.157+0000][1][safepoint    ] Leaving safepoint region
[2020-01-13T13:59:56.157+0000][1][safepoint    ] Total time for which application threads were stopped: 0.0242044 seconds, Stopping threads took: 0.0006997 seconds
[2020-01-13T13:59:56.165+0000][1][safepoint    ] Application time: 0.0084769 seconds
[2020-01-13T13:59:56.166+0000][1][safepoint    ] Entering safepoint region: RevokeBias
[2020-01-13T13:59:56.166+0000][1][safepoint    ] Leaving safepoint region
[2020-01-13T13:59:56.166+0000][1][safepoint    ] Total time for which application threads were stopped: 0.0009135 seconds, Stopping threads took: 0.0008332 seconds
[2020-01-13T13:59:56.166+0000][1][safepoint    ] Application time: 0.0000348 seconds
[2020-01-13T13:59:56.166+0000][1][safepoint    ] Entering safepoint region: RevokeBias
[2020-01-13T13:59:56.166+0000][1][safepoint    ] Leaving safepoint region
[2020-01-13T13:59:56.166+0000][1][safepoint    ] Total time for which application threads were stopped: 0.0000397 seconds, Stopping threads took: 0.0000060 seconds
[2020-01-13T13:59:56.166+0000][1][safepoint    ] Application time: 0.0000269 seconds
[2020-01-13T13:59:56.166+0000][1][safepoint    ] Entering safepoint region: RevokeBias
[2020-01-13T13:59:56.166+0000][1][safepoint    ] Leaving safepoint region
[2020-01-13T13:59:56.166+0000][1][safepoint    ] Total time for which application threads were stopped: 0.0000329 seconds, Stopping threads took: 0.0000049 seconds
[2020-01-13T13:59:56.166+0000][1][safepoint    ] Application time: 0.0000143 seconds
[2020-01-13T13:59:56.167+0000][1][safepoint    ] Entering safepoint region: RevokeBias
[2020-01-13T13:59:56.167+0000][1][safepoint    ] Leaving safepoint region
[2020-01-13T13:59:56.167+0000][1][safepoint    ] Total time for which application threads were stopped: 0.0000319 seconds, Stopping threads took: 0.0000047 seconds
[2020-01-13T13:59:56.219+0000][1][safepoint    ] Application time: 0.0524749 seconds
[2020-01-13T13:59:56.219+0000][1][safepoint    ] Entering safepoint region: Deoptimize
[2020-01-13T13:59:56.220+0000][1][safepoint    ] Leaving safepoint region
[2020-01-13T13:59:56.220+0000][1][safepoint    ] Total time for which application threads were stopped: 0.0007933 seconds, Stopping threads took: 0.0002900 seconds
[2020-01-13T13:59:56.312+0000][1][safepoint    ] Application time: 0.0920313 seconds
[2020-01-13T13:59:56.312+0000][1][safepoint    ] Entering safepoint region: Deoptimize
[2020-01-13T13:59:56.313+0000][1][safepoint    ] Leaving safepoint region
[2020-01-13T13:59:56.313+0000][1][safepoint    ] Total time for which application threads were stopped: 0.0006267 seconds, Stopping threads took: 0.0000432 seconds
[2020-01-13T13:59:56.494+0000][1][safepoint    ] Application time: 0.1815105 seconds
[2020-01-13T13:59:56.494+0000][1][safepoint    ] Entering safepoint region: GenCollectForAllocation
[2020-01-13T13:59:56.494+0000][1][gc,start     ] GC(5) Pause Young (Allocation Failure)
[2020-01-13T13:59:56.494+0000][1][gc,task      ] GC(5) Using 1 workers of 1 for evacuation
[2020-01-13T13:59:56.513+0000][1][gc,age       ] GC(5) Desired survivor size 4358144 bytes, new threshold 3 (max threshold 6)
[2020-01-13T13:59:56.513+0000][1][gc,age       ] GC(5) Age table with threshold 3 (max threshold 6)
[2020-01-13T13:59:56.513+0000][1][gc,age       ] GC(5) - age   1:    2152888 bytes,    2152888 total
[2020-01-13T13:59:56.513+0000][1][gc,age       ] GC(5) - age   2:     550144 bytes,    2703032 total
[2020-01-13T13:59:56.513+0000][1][gc,age       ] GC(5) - age   3:    3199152 bytes,    5902184 total
[2020-01-13T13:59:56.513+0000][1][gc,heap      ] GC(5) ParNew: 76672K->8217K(76672K)
[2020-01-13T13:59:56.513+0000][1][gc,heap      ] GC(5) CMS: 7875K->8190K(176960K)
[2020-01-13T13:59:56.513+0000][1][gc,metaspace ] GC(5) Metaspace: 18910K->18910K(1067008K)
[2020-01-13T13:59:56.513+0000][1][gc           ] GC(5) Pause Young (Allocation Failure) 82M->16M(247M) 18.771ms
[2020-01-13T13:59:56.513+0000][1][gc,cpu       ] GC(5) User=0.02s Sys=0.00s Real=0.02s
[2020-01-13T13:59:56.513+0000][1][safepoint    ] Leaving safepoint region
[2020-01-13T13:59:56.513+0000][1][safepoint    ] Total time for which application threads were stopped: 0.0189572 seconds, Stopping threads took: 0.0000261 seconds
[2020-01-13T13:59:56.527+0000][1][safepoint    ] Application time: 0.0142494 seconds
[2020-01-13T13:59:56.528+0000][1][safepoint    ] Entering safepoint region: RevokeBias
[2020-01-13T13:59:56.528+0000][1][safepoint    ] Leaving safepoint region
[2020-01-13T13:59:56.528+0000][1][safepoint    ] Total time for which application threads were stopped: 0.0010377 seconds, Stopping threads took: 0.0009177 seconds
[2020-01-13T13:59:56.531+0000][1][safepoint    ] Application time: 0.0029452 seconds
[2020-01-13T13:59:56.531+0000][1][safepoint    ] Entering safepoint region: RevokeBias
[2020-01-13T13:59:56.532+0000][1][safepoint    ] Leaving safepoint region
[2020-01-13T13:59:56.532+0000][1][safepoint    ] Total time for which application threads were stopped: 0.0001421 seconds, Stopping threads took: 0.0000377 seconds
[2020-01-13T13:59:56.532+0000][1][safepoint    ] Application time: 0.0000444 seconds
[2020-01-13T13:59:56.532+0000][1][safepoint    ] Entering safepoint region: RevokeBias
[2020-01-13T13:59:56.532+0000][1][safepoint    ] Leaving safepoint region
[2020-01-13T13:59:56.532+0000][1][safepoint    ] Total time for which application threads were stopped: 0.0000488 seconds, Stopping threads took: 0.0000052 seconds
[2020-01-13T13:59:56.532+0000][1][safepoint    ] Application time: 0.0000828 seconds
[2020-01-13T13:59:56.532+0000][1][safepoint    ] Entering safepoint region: RevokeBias
[2020-01-13T13:59:56.532+0000][1][safepoint    ] Leaving safepoint region
[2020-01-13T13:59:56.532+0000][1][safepoint    ] Total time for which application threads were stopped: 0.0000757 seconds, Stopping threads took: 0.0000199 seconds
[2020-01-13T13:59:56.532+0000][1][safepoint    ] Application time: 0.0000309 seconds
[2020-01-13T13:59:56.532+0000][1][safepoint    ] Entering safepoint region: RevokeBias
[2020-01-13T13:59:56.532+0000][1][safepoint    ] Leaving safepoint region
[2020-01-13T13:59:56.532+0000][1][safepoint    ] Total time for which application threads were stopped: 0.0000613 seconds, Stopping threads took: 0.0000079 seconds
[2020-01-13T13:59:56.532+0000][1][safepoint    ] Application time: 0.0000170 seconds
[2020-01-13T13:59:56.532+0000][1][safepoint    ] Entering safepoint region: RevokeBias
[2020-01-13T13:59:56.532+0000][1][safepoint    ] Leaving safepoint region
[2020-01-13T13:59:56.532+0000][1][safepoint    ] Total time for which application threads were stopped: 0.0000442 seconds, Stopping threads took: 0.0000051 seconds
[2020-01-13T13:59:56.799+0000][1][safepoint    ] Application time: 0.2667681 seconds
[2020-01-13T13:59:56.799+0000][1][safepoint    ] Entering safepoint region: RevokeBias
[2020-01-13T13:59:56.799+0000][1][safepoint    ] Leaving safepoint region
[2020-01-13T13:59:56.799+0000][1][safepoint    ] Total time for which application threads were stopped: 0.0001277 seconds, Stopping threads took: 0.0000326 seconds
[2020-01-13T13:59:56.799+0000][1][safepoint    ] Application time: 0.0002160 seconds
[2020-01-13T13:59:56.802+0000][1][safepoint    ] Entering safepoint region: BulkRevokeBias
[2020-01-13T13:59:56.803+0000][1][safepoint    ] Leaving safepoint region
[2020-01-13T13:59:56.803+0000][1][safepoint    ] Total time for which application threads were stopped: 0.0033518 seconds, Stopping threads took: 0.0031901 seconds
[2020-01-13T13:59:56.812+0000][1][safepoint    ] Application time: 0.0097005 seconds
[2020-01-13T13:59:56.812+0000][1][safepoint    ] Entering safepoint region: GenCollectForAllocation
[2020-01-13T13:59:56.812+0000][1][gc,start     ] GC(6) Pause Young (Allocation Failure)
[2020-01-13T13:59:56.813+0000][1][gc,task      ] GC(6) Using 1 workers of 1 for evacuation
[2020-01-13T13:59:56.838+0000][1][gc,age       ] GC(6) Desired survivor size 4358144 bytes, new threshold 6 (max threshold 6)
[2020-01-13T13:59:56.838+0000][1][gc,age       ] GC(6) Age table with threshold 6 (max threshold 6)
[2020-01-13T13:59:56.838+0000][1][gc,age       ] GC(6) - age   1:     243120 bytes,     243120 total
[2020-01-13T13:59:56.838+0000][1][gc,age       ] GC(6) - age   2:    2134320 bytes,    2377440 total
[2020-01-13T13:59:56.838+0000][1][gc,age       ] GC(6) - age   3:     549976 bytes,    2927416 total
[2020-01-13T13:59:56.838+0000][1][gc,heap      ] GC(6) ParNew: 76377K->5007K(76672K)
[2020-01-13T13:59:56.838+0000][1][gc,heap      ] GC(6) CMS: 8190K->11335K(176960K)
[2020-01-13T13:59:56.838+0000][1][gc,metaspace ] GC(6) Metaspace: 19275K->19275K(1067008K)
[2020-01-13T13:59:56.838+0000][1][gc           ] GC(6) Pause Young (Allocation Failure) 82M->15M(247M) 25.337ms
[2020-01-13T13:59:56.838+0000][1][gc,cpu       ] GC(6) User=0.03s Sys=0.00s Real=0.02s
[2020-01-13T13:59:56.838+0000][1][safepoint    ] Leaving safepoint region
[2020-01-13T13:59:56.838+0000][1][safepoint    ] Total time for which application threads were stopped: 0.0255172 seconds, Stopping threads took: 0.0000336 seconds
[2020-01-13T13:59:56.839+0000][1][safepoint    ] Application time: 0.0013840 seconds
[2020-01-13T13:59:56.839+0000][1][safepoint    ] Entering safepoint region: BulkRevokeBias
[2020-01-13T13:59:56.839+0000][1][safepoint    ] Leaving safepoint region
[2020-01-13T13:59:56.839+0000][1][safepoint    ] Total time for which application threads were stopped: 0.0001739 seconds, Stopping threads took: 0.0000165 seconds
[2020-01-13T13:59:57.107+0000][1][safepoint    ] Application time: 0.2676262 seconds
[2020-01-13T13:59:57.107+0000][1][safepoint    ] Entering safepoint region: GenCollectForAllocation
[2020-01-13T13:59:57.107+0000][1][gc,start     ] GC(7) Pause Young (Allocation Failure)
[2020-01-13T13:59:57.107+0000][1][gc,task      ] GC(7) Using 1 workers of 1 for evacuation
[2020-01-13T13:59:57.133+0000][1][gc,age       ] GC(7) Desired survivor size 4358144 bytes, new threshold 3 (max threshold 6)
[2020-01-13T13:59:57.134+0000][1][gc,age       ] GC(7) Age table with threshold 3 (max threshold 6)
[2020-01-13T13:59:57.134+0000][1][gc,age       ] GC(7) - age   1:    3181360 bytes,    3181360 total
[2020-01-13T13:59:57.134+0000][1][gc,age       ] GC(7) - age   2:     231432 bytes,    3412792 total
[2020-01-13T13:59:57.134+0000][1][gc,age       ] GC(7) - age   3:    2134296 bytes,    5547088 total
[2020-01-13T13:59:57.134+0000][1][gc,age       ] GC(7) - age   4:     549976 bytes,    6097064 total
[2020-01-13T13:59:57.134+0000][1][gc,heap      ] GC(7) ParNew: 73167K->6971K(76672K)
[2020-01-13T13:59:57.134+0000][1][gc,heap      ] GC(7) CMS: 11335K->11335K(176960K)
[2020-01-13T13:59:57.134+0000][1][gc,metaspace ] GC(7) Metaspace: 19616K->19616K(1067008K)
[2020-01-13T13:59:57.134+0000][1][gc           ] GC(7) Pause Young (Allocation Failure) 82M->17M(247M) 26.323ms
[2020-01-13T13:59:57.134+0000][1][gc,cpu       ] GC(7) User=0.03s Sys=0.00s Real=0.03s
[2020-01-13T13:59:57.134+0000][1][safepoint    ] Leaving safepoint region
[2020-01-13T13:59:57.134+0000][1][safepoint    ] Total time for which application threads were stopped: 0.0264787 seconds, Stopping threads took: 0.0000270 seconds
[2020-01-13T13:59:57.267+0000][1][safepoint    ] Application time: 0.1329462 seconds
[2020-01-13T13:59:57.270+0000][1][safepoint    ] Entering safepoint region: CollectForMetadataAllocation
[2020-01-13T13:59:57.271+0000][1][safepoint    ] Leaving safepoint region
[2020-01-13T13:59:57.271+0000][1][safepoint    ] Total time for which application threads were stopped: 0.0040494 seconds, Stopping threads took: 0.0037756 seconds
[2020-01-13T13:59:57.332+0000][1][safepoint    ] Application time: 0.0615951 seconds
[2020-01-13T13:59:57.333+0000][1][safepoint    ] Entering safepoint region: CollectForMetadataAllocation
[2020-01-13T13:59:57.334+0000][1][safepoint    ] Leaving safepoint region
[2020-01-13T13:59:57.334+0000][1][safepoint    ] Total time for which application threads were stopped: 0.0012720 seconds, Stopping threads took: 0.0010310 seconds
[2020-01-13T13:59:57.552+0000][1][safepoint    ] Application time: 0.2188239 seconds
[2020-01-13T13:59:57.554+0000][1][safepoint    ] Entering safepoint region: GenCollectForAllocation
[2020-01-13T13:59:57.554+0000][1][gc,start     ] GC(8) Pause Young (Allocation Failure)
[2020-01-13T13:59:57.554+0000][1][gc,task      ] GC(8) Using 1 workers of 1 for evacuation
[2020-01-13T13:59:57.570+0000][1][gc,age       ] GC(8) Desired survivor size 4358144 bytes, new threshold 6 (max threshold 6)
[2020-01-13T13:59:57.570+0000][1][gc,age       ] GC(8) Age table with threshold 6 (max threshold 6)
[2020-01-13T13:59:57.570+0000][1][gc,age       ] GC(8) - age   1:    2083224 bytes,    2083224 total
[2020-01-13T13:59:57.570+0000][1][gc,age       ] GC(8) - age   2:    1297304 bytes,    3380528 total
[2020-01-13T13:59:57.570+0000][1][gc,age       ] GC(8) - age   3:     231288 bytes,    3611816 total
[2020-01-13T13:59:57.570+0000][1][gc,heap      ] GC(8) ParNew: 75131K->5046K(76672K)
[2020-01-13T13:59:57.570+0000][1][gc,heap      ] GC(8) CMS: 11335K->13976K(176960K)
[2020-01-13T13:59:57.570+0000][1][gc,metaspace ] GC(8) Metaspace: 20424K->20424K(1069056K)
[2020-01-13T13:59:57.571+0000][1][gc           ] GC(8) Pause Young (Allocation Failure) 84M->18M(247M) 16.660ms
[2020-01-13T13:59:57.571+0000][1][gc,cpu       ] GC(8) User=0.02s Sys=0.00s Real=0.02s
[2020-01-13T13:59:57.571+0000][1][safepoint    ] Leaving safepoint region
[2020-01-13T13:59:57.571+0000][1][safepoint    ] Total time for which application threads were stopped: 0.0180454 seconds, Stopping threads took: 0.0012221 seconds
[2020-01-13T13:59:57.580+0000][1][safepoint    ] Application time: 0.0097981 seconds
[2020-01-13T13:59:57.580+0000][1][safepoint    ] Entering safepoint region: CMS_Initial_Mark
[2020-01-13T13:59:57.581+0000][1][gc,start     ] GC(9) Pause Initial Mark
[2020-01-13T13:59:57.584+0000][1][gc           ] GC(9) Pause Initial Mark 21M->21M(247M) 3.103ms
[2020-01-13T13:59:57.584+0000][1][gc,cpu       ] GC(9) User=0.00s Sys=0.00s Real=0.00s
[2020-01-13T13:59:57.584+0000][1][safepoint    ] Leaving safepoint region
[2020-01-13T13:59:57.584+0000][1][safepoint    ] Total time for which application threads were stopped: 0.0033631 seconds, Stopping threads took: 0.0001057 seconds
[2020-01-13T13:59:57.592+0000][1][gc           ] GC(9) Concurrent Mark
[2020-01-13T13:59:57.642+0000][1][gc           ] GC(9) Concurrent Mark 49.736ms
[2020-01-13T13:59:57.642+0000][1][gc,cpu       ] GC(9) User=0.05s Sys=0.00s Real=0.05s
[2020-01-13T13:59:57.642+0000][1][gc           ] GC(9) Concurrent Preclean
[2020-01-13T13:59:57.643+0000][1][gc           ] GC(9) Concurrent Preclean 0.627ms
[2020-01-13T13:59:57.643+0000][1][gc,cpu       ] GC(9) User=0.00s Sys=0.00s Real=0.00s
[2020-01-13T13:59:57.643+0000][1][gc           ] GC(9) Concurrent Abortable Preclean
[2020-01-13T13:59:57.880+0000][1][safepoint    ] Application time: 0.2963264 seconds
[2020-01-13T13:59:57.883+0000][1][safepoint    ] Entering safepoint region: GenCollectForAllocation
[2020-01-13T13:59:57.883+0000][1][gc,start     ] GC(10) Pause Young (Allocation Failure)
[2020-01-13T13:59:57.884+0000][1][gc,task      ] GC(10) Using 1 workers of 1 for evacuation
[2020-01-13T13:59:57.889+0000][1][gc,age       ] GC(10) Desired survivor size 4358144 bytes, new threshold 6 (max threshold 6)
[2020-01-13T13:59:57.889+0000][1][gc,age       ] GC(10) Age table with threshold 6 (max threshold 6)
[2020-01-13T13:59:57.889+0000][1][gc,age       ] GC(10) - age   1:     374712 bytes,     374712 total
[2020-01-13T13:59:57.889+0000][1][gc,age       ] GC(10) - age   2:     619704 bytes,     994416 total
[2020-01-13T13:59:57.889+0000][1][gc,age       ] GC(10) - age   3:    1297184 bytes,    2291600 total
[2020-01-13T13:59:57.889+0000][1][gc,age       ] GC(10) - age   4:     231288 bytes,    2522888 total
[2020-01-13T13:59:57.889+0000][1][gc,heap      ] GC(10) ParNew: 73206K->3907K(76672K)
[2020-01-13T13:59:57.889+0000][1][gc,heap      ] GC(10) CMS: 13976K->13976K(176960K)
[2020-01-13T13:59:57.889+0000][1][gc,metaspace ] GC(10) Metaspace: 20536K->20536K(1069056K)
[2020-01-13T13:59:57.889+0000][1][gc           ] GC(10) Pause Young (Allocation Failure) 85M->17M(247M) 5.172ms
[2020-01-13T13:59:57.889+0000][1][gc,cpu       ] GC(10) User=0.00s Sys=0.00s Real=0.00s
[2020-01-13T13:59:57.889+0000][1][safepoint    ] Leaving safepoint region
[2020-01-13T13:59:57.889+0000][1][safepoint    ] Total time for which application threads were stopped: 0.0085627 seconds, Stopping threads took: 0.0032498 seconds
[2020-01-13T13:59:58.140+0000][1][safepoint    ] Application time: 0.2508086 seconds
[2020-01-13T13:59:58.140+0000][1][safepoint    ] Entering safepoint region: GenCollectForAllocation
[2020-01-13T13:59:58.140+0000][1][gc,start     ] GC(11) Pause Young (Allocation Failure)
[2020-01-13T13:59:58.140+0000][1][gc,task      ] GC(11) Using 1 workers of 1 for evacuation
[2020-01-13T13:59:58.151+0000][1][gc           ] GC(9) Concurrent Abortable Preclean 508.328ms
[2020-01-13T13:59:58.151+0000][1][gc,cpu       ] GC(9) User=0.49s Sys=0.02s Real=0.51s
[2020-01-13T13:59:58.157+0000][1][gc,age       ] GC(11) Desired survivor size 4358144 bytes, new threshold 6 (max threshold 6)
[2020-01-13T13:59:58.157+0000][1][gc,age       ] GC(11) Age table with threshold 6 (max threshold 6)
[2020-01-13T13:59:58.157+0000][1][gc,age       ] GC(11) - age   1:    2047936 bytes,    2047936 total
[2020-01-13T13:59:58.157+0000][1][gc,age       ] GC(11) - age   2:     135312 bytes,    2183248 total
[2020-01-13T13:59:58.157+0000][1][gc,age       ] GC(11) - age   3:     619656 bytes,    2802904 total
[2020-01-13T13:59:58.157+0000][1][gc,age       ] GC(11) - age   4:    1297080 bytes,    4099984 total
[2020-01-13T13:59:58.157+0000][1][gc,age       ] GC(11) - age   5:     231120 bytes,    4331104 total
[2020-01-13T13:59:58.157+0000][1][gc,heap      ] GC(11) ParNew: 72067K->5649K(76672K)
[2020-01-13T13:59:58.157+0000][1][gc,heap      ] GC(11) CMS: 13976K->13976K(176960K)
[2020-01-13T13:59:58.157+0000][1][gc,metaspace ] GC(11) Metaspace: 20614K->20614K(1069056K)
[2020-01-13T13:59:58.157+0000][1][gc           ] GC(11) Pause Young (Allocation Failure) 84M->19M(247M) 17.495ms
[2020-01-13T13:59:58.157+0000][1][gc,cpu       ] GC(11) User=0.01s Sys=0.01s Real=0.01s
[2020-01-13T13:59:58.157+0000][1][safepoint    ] Leaving safepoint region
[2020-01-13T13:59:58.157+0000][1][safepoint    ] Total time for which application threads were stopped: 0.0176521 seconds, Stopping threads took: 0.0000277 seconds
[2020-01-13T13:59:58.162+0000][1][safepoint    ] Application time: 0.0048645 seconds
[2020-01-13T13:59:58.163+0000][1][safepoint    ] Entering safepoint region: CMS_Final_Remark
[2020-01-13T13:59:58.163+0000][1][gc,start     ] GC(9) Pause Remark
[2020-01-13T13:59:58.182+0000][1][gc           ] GC(9) Pause Remark 21M->21M(247M) 18.238ms
[2020-01-13T13:59:58.182+0000][1][gc,cpu       ] GC(9) User=0.02s Sys=0.00s Real=0.02s
[2020-01-13T13:59:58.182+0000][1][safepoint    ] Leaving safepoint region
[2020-01-13T13:59:58.182+0000][1][safepoint    ] Total time for which application threads were stopped: 0.0196414 seconds, Stopping threads took: 0.0012310 seconds
[2020-01-13T13:59:58.199+0000][1][gc           ] GC(9) Concurrent Sweep
[2020-01-13T13:59:58.204+0000][1][gc           ] GC(9) Concurrent Sweep 4.971ms
[2020-01-13T13:59:58.204+0000][1][gc,cpu       ] GC(9) User=0.01s Sys=0.00s Real=0.00s
[2020-01-13T13:59:58.204+0000][1][gc           ] GC(9) Concurrent Reset
[2020-01-13T13:59:58.205+0000][1][gc           ] GC(9) Concurrent Reset 0.437ms
[2020-01-13T13:59:58.205+0000][1][gc,cpu       ] GC(9) User=0.00s Sys=0.00s Real=0.00s
[2020-01-13T13:59:58.205+0000][1][gc,heap      ] GC(9) Old: 13976K->13950K(176960K)
[2020-01-13T13:59:58.385+0000][1][safepoint    ] Application time: 0.2030826 seconds
[2020-01-13T13:59:58.388+0000][1][safepoint    ] Entering safepoint region: Deoptimize
[2020-01-13T13:59:58.390+0000][1][safepoint    ] Leaving safepoint region
[2020-01-13T13:59:58.390+0000][1][safepoint    ] Total time for which application threads were stopped: 0.0045994 seconds, Stopping threads took: 0.0034739 seconds
[2020-01-13T13:59:59.045+0000][1][safepoint    ] Application time: 0.6553424 seconds
[2020-01-13T13:59:59.046+0000][1][safepoint    ] Entering safepoint region: GenCollectForAllocation
[2020-01-13T13:59:59.046+0000][1][gc,start     ] GC(12) Pause Young (Allocation Failure)
[2020-01-13T13:59:59.047+0000][1][gc,task      ] GC(12) Using 1 workers of 1 for evacuation
[2020-01-13T13:59:59.070+0000][1][gc,age       ] GC(12) Desired survivor size 4358144 bytes, new threshold 6 (max threshold 6)
[2020-01-13T13:59:59.070+0000][1][gc,age       ] GC(12) Age table with threshold 6 (max threshold 6)
[2020-01-13T13:59:59.070+0000][1][gc,age       ] GC(12) - age   1:    1127664 bytes,    1127664 total
[2020-01-13T13:59:59.070+0000][1][gc,age       ] GC(12) - age   2:     262936 bytes,    1390600 total
[2020-01-13T13:59:59.070+0000][1][gc,age       ] GC(12) - age   3:     135200 bytes,    1525800 total
[2020-01-13T13:59:59.070+0000][1][gc,age       ] GC(12) - age   4:     619560 bytes,    2145360 total
[2020-01-13T13:59:59.070+0000][1][gc,age       ] GC(12) - age   5:    1297016 bytes,    3442376 total
[2020-01-13T13:59:59.070+0000][1][gc,age       ] GC(12) - age   6:     230856 bytes,    3673232 total
[2020-01-13T13:59:59.070+0000][1][gc,heap      ] GC(12) ParNew: 73809K->3878K(76672K)
[2020-01-13T13:59:59.070+0000][1][gc,heap      ] GC(12) CMS: 13950K->13950K(176960K)
[2020-01-13T13:59:59.070+0000][1][gc,metaspace ] GC(12) Metaspace: 23507K->23507K(1071104K)
[2020-01-13T13:59:59.070+0000][1][gc           ] GC(12) Pause Young (Allocation Failure) 85M->17M(247M) 23.426ms
[2020-01-13T13:59:59.070+0000][1][gc,cpu       ] GC(12) User=0.02s Sys=0.00s Real=0.03s
[2020-01-13T13:59:59.070+0000][1][safepoint    ] Leaving safepoint region
[2020-01-13T13:59:59.070+0000][1][safepoint    ] Total time for which application threads were stopped: 0.0238319 seconds, Stopping threads took: 0.0000295 seconds
[2020-01-13T13:59:59.414+0000][1][safepoint    ] Application time: 0.3436619 seconds
[2020-01-13T13:59:59.414+0000][1][safepoint    ] Entering safepoint region: Deoptimize
[2020-01-13T13:59:59.414+0000][1][safepoint    ] Leaving safepoint region
[2020-01-13T13:59:59.414+0000][1][safepoint    ] Total time for which application threads were stopped: 0.0006894 seconds, Stopping threads took: 0.0000379 seconds
[2020-01-13T13:59:59.441+0000][1][safepoint    ] Application time: 0.0268974 seconds
[2020-01-13T13:59:59.445+0000][1][safepoint    ] Entering safepoint region: Deoptimize
[2020-01-13T13:59:59.446+0000][1][safepoint    ] Leaving safepoint region
[2020-01-13T13:59:59.446+0000][1][safepoint    ] Total time for which application threads were stopped: 0.0046749 seconds, Stopping threads took: 0.0040576 seconds
[2020-01-13T13:59:59.457+0000][1][safepoint    ] Application time: 0.0107057 seconds
[2020-01-13T13:59:59.457+0000][1][safepoint    ] Entering safepoint region: Deoptimize
[2020-01-13T13:59:59.457+0000][1][safepoint    ] Leaving safepoint region
[2020-01-13T13:59:59.457+0000][1][safepoint    ] Total time for which application threads were stopped: 0.0006473 seconds, Stopping threads took: 0.0000230 seconds
[2020-01-13T14:00:00.458+0000][1][safepoint    ] Application time: 1.0001081 seconds
[2020-01-13T14:00:00.460+0000][1][safepoint    ] Entering safepoint region: Cleanup
[2020-01-13T14:00:00.460+0000][1][safepoint    ] Leaving safepoint region
[2020-01-13T14:00:00.460+0000][1][safepoint    ] Total time for which application threads were stopped: 0.0023563 seconds, Stopping threads took: 0.0019777 seconds
[2020-01-13T14:00:00.654+0000][1][safepoint    ] Application time: 0.1940532 seconds
[2020-01-13T14:00:00.656+0000][1][safepoint    ] Entering safepoint region: RevokeBias
[2020-01-13T14:00:00.656+0000][1][safepoint    ] Leaving safepoint region
[2020-01-13T14:00:00.656+0000][1][safepoint    ] Total time for which application threads were stopped: 0.0021866 seconds, Stopping threads took: 0.0020389 seconds
[2020-01-13T14:00:01.068+0000][1][safepoint    ] Application time: 0.4116874 seconds
[2020-01-13T14:00:01.068+0000][1][safepoint    ] Entering safepoint region: GenCollectForAllocation
[2020-01-13T14:00:01.068+0000][1][gc,start     ] GC(13) Pause Young (Allocation Failure)
[2020-01-13T14:00:01.068+0000][1][gc,task      ] GC(13) Using 1 workers of 1 for evacuation
[2020-01-13T14:00:01.193+0000][1][gc,age       ] GC(13) Desired survivor size 4358144 bytes, new threshold 1 (max threshold 6)
[2020-01-13T14:00:01.193+0000][1][gc,age       ] GC(13) Age table with threshold 1 (max threshold 6)
[2020-01-13T14:00:01.194+0000][1][gc,age       ] GC(13) - age   1:    5898944 bytes,    5898944 total
[2020-01-13T14:00:01.194+0000][1][gc,age       ] GC(13) - age   2:     584712 bytes,    6483656 total
[2020-01-13T14:00:01.194+0000][1][gc,age       ] GC(13) - age   3:     253432 bytes,    6737088 total
[2020-01-13T14:00:01.194+0000][1][gc,age       ] GC(13) - age   4:     127152 bytes,    6864240 total
[2020-01-13T14:00:01.194+0000][1][gc,age       ] GC(13) - age   5:     563800 bytes,    7428040 total
[2020-01-13T14:00:01.194+0000][1][gc,age       ] GC(13) - age   6:    1288184 bytes,    8716224 total
[2020-01-13T14:00:01.194+0000][1][gc,heap      ] GC(13) ParNew: 72038K->8512K(76672K)
[2020-01-13T14:00:01.194+0000][1][gc,heap      ] GC(13) CMS: 13950K->22909K(176960K)
[2020-01-13T14:00:01.194+0000][1][gc,metaspace ] GC(13) Metaspace: 27069K->27069K(1075200K)
[2020-01-13T14:00:01.194+0000][1][gc           ] GC(13) Pause Young (Allocation Failure) 83M->30M(247M) 125.471ms
[2020-01-13T14:00:01.194+0000][1][gc,cpu       ] GC(13) User=0.13s Sys=0.00s Real=0.13s
[2020-01-13T14:00:01.194+0000][1][safepoint    ] Leaving safepoint region
[2020-01-13T14:00:01.194+0000][1][safepoint    ] Total time for which application threads were stopped: 0.1256569 seconds, Stopping threads took: 0.0000293 seconds
[2020-01-13T14:00:02.204+0000][1][safepoint    ] Application time: 1.0098958 seconds
[2020-01-13T14:00:02.204+0000][1][safepoint    ] Entering safepoint region: Cleanup
[2020-01-13T14:00:02.204+0000][1][safepoint    ] Leaving safepoint region
[2020-01-13T14:00:02.204+0000][1][safepoint    ] Total time for which application threads were stopped: 0.0003277 seconds, Stopping threads took: 0.0002474 seconds
[2020-01-13T14:00:02.486+0000][1][safepoint    ] Application time: 0.2816997 seconds
[2020-01-13T14:00:02.486+0000][1][safepoint    ] Entering safepoint region: GenCollectForAllocation
[2020-01-13T14:00:02.486+0000][1][gc,start     ] GC(14) Pause Young (Allocation Failure)
[2020-01-13T14:00:02.486+0000][1][gc,task      ] GC(14) Using 1 workers of 1 for evacuation
[2020-01-13T14:00:02.658+0000][1][gc,age       ] GC(14) Desired survivor size 4358144 bytes, new threshold 1 (max threshold 6)
[2020-01-13T14:00:02.658+0000][1][gc,age       ] GC(14) Age table with threshold 1 (max threshold 6)
[2020-01-13T14:00:02.658+0000][1][gc,age       ] GC(14) - age   1:    8716248 bytes,    8716248 total
[2020-01-13T14:00:02.658+0000][1][gc,heap      ] GC(14) ParNew: 76672K->8512K(76672K)
[2020-01-13T14:00:02.658+0000][1][gc,heap      ] GC(14) CMS: 22909K->35180K(176960K)
[2020-01-13T14:00:02.658+0000][1][gc,metaspace ] GC(14) Metaspace: 27196K->27196K(1075200K)
[2020-01-13T14:00:02.658+0000][1][gc           ] GC(14) Pause Young (Allocation Failure) 97M->42M(247M) 172.149ms
[2020-01-13T14:00:02.658+0000][1][gc,cpu       ] GC(14) User=0.17s Sys=0.00s Real=0.17s
[2020-01-13T14:00:02.658+0000][1][safepoint    ] Leaving safepoint region
[2020-01-13T14:00:02.658+0000][1][safepoint    ] Total time for which application threads were stopped: 0.1723362 seconds, Stopping threads took: 0.0000323 seconds
[2020-01-13T14:00:03.666+0000][1][safepoint    ] Application time: 1.0082902 seconds
[2020-01-13T14:00:03.671+0000][1][safepoint    ] Entering safepoint region: Cleanup
[2020-01-13T14:00:03.671+0000][1][safepoint    ] Leaving safepoint region
[2020-01-13T14:00:03.671+0000][1][safepoint    ] Total time for which application threads were stopped: 0.0047903 seconds, Stopping threads took: 0.0047162 seconds
[2020-01-13T14:00:04.034+0000][1][safepoint    ] Application time: 0.3630813 seconds
[2020-01-13T14:00:04.034+0000][1][safepoint    ] Entering safepoint region: GenCollectForAllocation
[2020-01-13T14:00:04.035+0000][1][gc,start     ] GC(15) Pause Young (Allocation Failure)
[2020-01-13T14:00:04.035+0000][1][gc,task      ] GC(15) Using 1 workers of 1 for evacuation
[2020-01-13T14:00:04.116+0000][1][gc,age       ] GC(15) Desired survivor size 4358144 bytes, new threshold 1 (max threshold 6)
[2020-01-13T14:00:04.118+0000][1][gc,age       ] GC(15) Age table with threshold 1 (max threshold 6)
[2020-01-13T14:00:04.118+0000][1][gc,age       ] GC(15) - age   1:    8716216 bytes,    8716216 total
[2020-01-13T14:00:04.118+0000][1][gc,heap      ] GC(15) ParNew: 76672K->8512K(76672K)
[2020-01-13T14:00:04.118+0000][1][gc,heap      ] GC(15) CMS: 35180K->45680K(176960K)
[2020-01-13T14:00:04.118+0000][1][gc,metaspace ] GC(15) Metaspace: 29375K->29375K(1077248K)
[2020-01-13T14:00:04.118+0000][1][gc           ] GC(15) Pause Young (Allocation Failure) 109M->52M(247M) 83.586ms
[2020-01-13T14:00:04.118+0000][1][gc,cpu       ] GC(15) User=0.08s Sys=0.00s Real=0.08s
[2020-01-13T14:00:04.118+0000][1][safepoint    ] Leaving safepoint region
[2020-01-13T14:00:04.118+0000][1][safepoint    ] Total time for which application threads were stopped: 0.0838444 seconds, Stopping threads took: 0.0000337 seconds
[2020-01-13T14:00:05.093+0000][1][safepoint    ] Application time: 0.9746330 seconds
[2020-01-13T14:00:05.093+0000][1][safepoint    ] Entering safepoint region: GenCollectForAllocation
[2020-01-13T14:00:05.093+0000][1][gc,start     ] GC(16) Pause Young (Allocation Failure)
[2020-01-13T14:00:05.093+0000][1][gc,task      ] GC(16) Using 1 workers of 1 for evacuation
[2020-01-13T14:00:05.131+0000][1][gc,age       ] GC(16) Desired survivor size 4358144 bytes, new threshold 6 (max threshold 6)
[2020-01-13T14:00:05.131+0000][1][gc,age       ] GC(16) Age table with threshold 6 (max threshold 6)
[2020-01-13T14:00:05.131+0000][1][gc,age       ] GC(16) - age   1:    1279432 bytes,    1279432 total
[2020-01-13T14:00:05.131+0000][1][gc,heap      ] GC(16) ParNew: 76672K->8436K(76672K)
[2020-01-13T14:00:05.131+0000][1][gc,heap      ] GC(16) CMS: 45680K->54259K(176960K)
[2020-01-13T14:00:05.131+0000][1][gc,metaspace ] GC(16) Metaspace: 32952K->32952K(1079296K)
[2020-01-13T14:00:05.132+0000][1][gc           ] GC(16) Pause Young (Allocation Failure) 119M->61M(247M) 38.360ms
[2020-01-13T14:00:05.132+0000][1][gc,cpu       ] GC(16) User=0.04s Sys=0.00s Real=0.04s
[2020-01-13T14:00:05.132+0000][1][safepoint    ] Leaving safepoint region
[2020-01-13T14:00:05.132+0000][1][safepoint    ] Total time for which application threads were stopped: 0.0386065 seconds, Stopping threads took: 0.0000627 seconds
[2020-01-13T14:00:05.772+0000][1][safepoint    ] Application time: 0.6402602 seconds
[2020-01-13T14:00:05.775+0000][1][safepoint    ] Entering safepoint region: CollectForMetadataAllocation
[2020-01-13T14:00:05.776+0000][1][safepoint    ] Leaving safepoint region
[2020-01-13T14:00:05.776+0000][1][safepoint    ] Total time for which application threads were stopped: 0.0038485 seconds, Stopping threads took: 0.0035220 seconds
[2020-01-13T14:00:05.853+0000][1][safepoint    ] Application time: 0.0770561 seconds
[2020-01-13T14:00:05.856+0000][1][safepoint    ] Entering safepoint region: CollectForMetadataAllocation
[2020-01-13T14:00:05.857+0000][1][safepoint    ] Leaving safepoint region
[2020-01-13T14:00:05.857+0000][1][safepoint    ] Total time for which application threads were stopped: 0.0038108 seconds, Stopping threads took: 0.0035553 seconds
[2020-01-13T14:00:05.900+0000][1][safepoint    ] Application time: 0.0437892 seconds
[2020-01-13T14:00:05.901+0000][1][safepoint    ] Entering safepoint region: CollectForMetadataAllocation
[2020-01-13T14:00:05.901+0000][1][safepoint    ] Leaving safepoint region
[2020-01-13T14:00:05.901+0000][1][safepoint    ] Total time for which application threads were stopped: 0.0005069 seconds, Stopping threads took: 0.0002890 seconds
[2020-01-13T14:00:05.939+0000][1][safepoint    ] Application time: 0.0378437 seconds
[2020-01-13T14:00:05.939+0000][1][safepoint    ] Entering safepoint region: CollectForMetadataAllocation
[2020-01-13T14:00:05.939+0000][1][safepoint    ] Leaving safepoint region
[2020-01-13T14:00:05.939+0000][1][safepoint    ] Total time for which application threads were stopped: 0.0005377 seconds, Stopping threads took: 0.0003483 seconds
[2020-01-13T14:00:05.991+0000][1][safepoint    ] Application time: 0.0511771 seconds
[2020-01-13T14:00:05.991+0000][1][safepoint    ] Entering safepoint region: CollectForMetadataAllocation
[2020-01-13T14:00:05.991+0000][1][safepoint    ] Leaving safepoint region
[2020-01-13T14:00:05.991+0000][1][safepoint    ] Total time for which application threads were stopped: 0.0002375 seconds, Stopping threads took: 0.0000239 seconds
[2020-01-13T14:00:06.051+0000][1][safepoint    ] Application time: 0.0598494 seconds
[2020-01-13T14:00:06.054+0000][1][safepoint    ] Entering safepoint region: CollectForMetadataAllocation
[2020-01-13T14:00:06.055+0000][1][safepoint    ] Leaving safepoint region
[2020-01-13T14:00:06.055+0000][1][safepoint    ] Total time for which application threads were stopped: 0.0038208 seconds, Stopping threads took: 0.0035857 seconds
[2020-01-13T14:00:06.103+0000][1][safepoint    ] Application time: 0.0485792 seconds
[2020-01-13T14:00:06.103+0000][1][safepoint    ] Entering safepoint region: CollectForMetadataAllocation
[2020-01-13T14:00:06.104+0000][1][safepoint    ] Leaving safepoint region
[2020-01-13T14:00:06.104+0000][1][safepoint    ] Total time for which application threads were stopped: 0.0002835 seconds, Stopping threads took: 0.0000427 seconds
[2020-01-13T14:00:06.180+0000][1][safepoint    ] Application time: 0.0766832 seconds
[2020-01-13T14:00:06.180+0000][1][safepoint    ] Entering safepoint region: CollectForMetadataAllocation
[2020-01-13T14:00:06.181+0000][1][safepoint    ] Leaving safepoint region
[2020-01-13T14:00:06.181+0000][1][safepoint    ] Total time for which application threads were stopped: 0.0001681 seconds, Stopping threads took: 0.0000137 seconds
[2020-01-13T14:00:06.230+0000][1][safepoint    ] Application time: 0.0499529 seconds
[2020-01-13T14:00:06.231+0000][1][safepoint    ] Entering safepoint region: CollectForMetadataAllocation
[2020-01-13T14:00:06.231+0000][1][safepoint    ] Leaving safepoint region
[2020-01-13T14:00:06.231+0000][1][safepoint    ] Total time for which application threads were stopped: 0.0002552 seconds, Stopping threads took: 0.0000356 seconds
[2020-01-13T14:00:06.266+0000][1][safepoint    ] Application time: 0.0356856 seconds
[2020-01-13T14:00:06.267+0000][1][safepoint    ] Entering safepoint region: RevokeBias
[2020-01-13T14:00:06.267+0000][1][safepoint    ] Leaving safepoint region
[2020-01-13T14:00:06.267+0000][1][safepoint    ] Total time for which application threads were stopped: 0.0001852 seconds, Stopping threads took: 0.0000416 seconds
[2020-01-13T14:00:06.276+0000][1][safepoint    ] Application time: 0.0093118 seconds
[2020-01-13T14:00:06.279+0000][1][safepoint    ] Entering safepoint region: CollectForMetadataAllocation
[2020-01-13T14:00:06.280+0000][1][safepoint    ] Leaving safepoint region
[2020-01-13T14:00:06.280+0000][1][safepoint    ] Total time for which application threads were stopped: 0.0035730 seconds, Stopping threads took: 0.0033236 seconds
[2020-01-13T14:00:06.338+0000][1][safepoint    ] Application time: 0.0588164 seconds
[2020-01-13T14:00:06.339+0000][1][safepoint    ] Entering safepoint region: CollectForMetadataAllocation
[2020-01-13T14:00:06.339+0000][1][safepoint    ] Leaving safepoint region
[2020-01-13T14:00:06.339+0000][1][safepoint    ] Total time for which application threads were stopped: 0.0001851 seconds, Stopping threads took: 0.0000377 seconds
[2020-01-13T14:00:06.393+0000][1][safepoint    ] Application time: 0.0540688 seconds
[2020-01-13T14:00:06.393+0000][1][safepoint    ] Entering safepoint region: CollectForMetadataAllocation
[2020-01-13T14:00:06.393+0000][1][safepoint    ] Leaving safepoint region
[2020-01-13T14:00:06.393+0000][1][safepoint    ] Total time for which application threads were stopped: 0.0003272 seconds, Stopping threads took: 0.0000368 seconds
[2020-01-13T14:00:06.447+0000][1][safepoint    ] Application time: 0.0536439 seconds
[2020-01-13T14:00:06.450+0000][1][safepoint    ] Entering safepoint region: CollectForMetadataAllocation
[2020-01-13T14:00:06.451+0000][1][safepoint    ] Leaving safepoint region
[2020-01-13T14:00:06.451+0000][1][safepoint    ] Total time for which application threads were stopped: 0.0037995 seconds, Stopping threads took: 0.0035496 seconds
[2020-01-13T14:00:06.495+0000][1][safepoint    ] Application time: 0.0442094 seconds
[2020-01-13T14:00:06.495+0000][1][safepoint    ] Entering safepoint region: CollectForMetadataAllocation
[2020-01-13T14:00:06.495+0000][1][safepoint    ] Leaving safepoint region
[2020-01-13T14:00:06.495+0000][1][safepoint    ] Total time for which application threads were stopped: 0.0003039 seconds, Stopping threads took: 0.0000364 seconds
[2020-01-13T14:00:06.542+0000][1][safepoint    ] Application time: 0.0465877 seconds
[2020-01-13T14:00:06.545+0000][1][safepoint    ] Entering safepoint region: CollectForMetadataAllocation
[2020-01-13T14:00:06.546+0000][1][safepoint    ] Leaving safepoint region
[2020-01-13T14:00:06.546+0000][1][safepoint    ] Total time for which application threads were stopped: 0.0037413 seconds, Stopping threads took: 0.0035137 seconds
[2020-01-13T14:00:06.604+0000][1][safepoint    ] Application time: 0.0580728 seconds
[2020-01-13T14:00:06.607+0000][1][safepoint    ] Entering safepoint region: CollectForMetadataAllocation
[2020-01-13T14:00:06.608+0000][1][safepoint    ] Leaving safepoint region
[2020-01-13T14:00:06.608+0000][1][safepoint    ] Total time for which application threads were stopped: 0.0039016 seconds, Stopping threads took: 0.0036559 seconds
[2020-01-13T14:00:06.668+0000][1][safepoint    ] Application time: 0.0601314 seconds
[2020-01-13T14:00:06.668+0000][1][safepoint    ] Entering safepoint region: CollectForMetadataAllocation
[2020-01-13T14:00:06.668+0000][1][safepoint    ] Leaving safepoint region
[2020-01-13T14:00:06.668+0000][1][safepoint    ] Total time for which application threads were stopped: 0.0002425 seconds, Stopping threads took: 0.0000264 seconds
[2020-01-13T14:00:06.696+0000][1][safepoint    ] Application time: 0.0277938 seconds
[2020-01-13T14:00:06.696+0000][1][safepoint    ] Entering safepoint region: GenCollectForAllocation
[2020-01-13T14:00:06.696+0000][1][gc,start     ] GC(17) Pause Young (Allocation Failure)
[2020-01-13T14:00:06.696+0000][1][gc,task      ] GC(17) Using 1 workers of 1 for evacuation
[2020-01-13T14:00:06.732+0000][1][gc,age       ] GC(17) Desired survivor size 4358144 bytes, new threshold 6 (max threshold 6)
[2020-01-13T14:00:06.732+0000][1][gc,age       ] GC(17) Age table with threshold 6 (max threshold 6)
[2020-01-13T14:00:06.732+0000][1][gc,age       ] GC(17) - age   1:    2746696 bytes,    2746696 total
[2020-01-13T14:00:06.732+0000][1][gc,age       ] GC(17) - age   2:    1218032 bytes,    3964728 total
[2020-01-13T14:00:06.732+0000][1][gc,heap      ] GC(17) ParNew: 76596K->4686K(76672K)
[2020-01-13T14:00:06.732+0000][1][gc,heap      ] GC(17) CMS: 54259K->54259K(176960K)
[2020-01-13T14:00:06.732+0000][1][gc,metaspace ] GC(17) Metaspace: 39080K->39080K(1085440K)
[2020-01-13T14:00:06.733+0000][1][gc           ] GC(17) Pause Young (Allocation Failure) 127M->57M(247M) 36.479ms
[2020-01-13T14:00:06.733+0000][1][gc,cpu       ] GC(17) User=0.04s Sys=0.00s Real=0.04s
[2020-01-13T14:00:06.733+0000][1][safepoint    ] Leaving safepoint region
[2020-01-13T14:00:06.733+0000][1][safepoint    ] Total time for which application threads were stopped: 0.0366448 seconds, Stopping threads took: 0.0000272 seconds
[2020-01-13T14:00:06.742+0000][1][safepoint    ] Application time: 0.0093174 seconds
[2020-01-13T14:00:06.742+0000][1][safepoint    ] Entering safepoint region: CMS_Initial_Mark
[2020-01-13T14:00:06.742+0000][1][gc,start     ] GC(18) Pause Initial Mark
[2020-01-13T14:00:06.747+0000][1][gc           ] GC(18) Pause Initial Mark 58M->58M(247M) 5.182ms
[2020-01-13T14:00:06.747+0000][1][gc,cpu       ] GC(18) User=0.00s Sys=0.00s Real=0.00s
[2020-01-13T14:00:06.747+0000][1][safepoint    ] Leaving safepoint region
[2020-01-13T14:00:06.747+0000][1][safepoint    ] Total time for which application threads were stopped: 0.0053524 seconds, Stopping threads took: 0.0000307 seconds
[2020-01-13T14:00:06.755+0000][1][gc           ] GC(18) Concurrent Mark
[2020-01-13T14:00:06.762+0000][1][safepoint    ] Application time: 0.0148789 seconds
[2020-01-13T14:00:06.762+0000][1][safepoint    ] Entering safepoint region: CollectForMetadataAllocation
[2020-01-13T14:00:06.763+0000][1][safepoint    ] Leaving safepoint region
[2020-01-13T14:00:06.763+0000][1][safepoint    ] Total time for which application threads were stopped: 0.0002888 seconds, Stopping threads took: 0.0000308 seconds
[2020-01-13T14:00:06.879+0000][1][safepoint    ] Application time: 0.1163559 seconds
[2020-01-13T14:00:06.879+0000][1][safepoint    ] Entering safepoint region: CollectForMetadataAllocation
[2020-01-13T14:00:06.879+0000][1][safepoint    ] Leaving safepoint region
[2020-01-13T14:00:06.879+0000][1][safepoint    ] Total time for which application threads were stopped: 0.0001955 seconds, Stopping threads took: 0.0000331 seconds
[2020-01-13T14:00:06.960+0000][1][gc           ] GC(18) Concurrent Mark 205.633ms
[2020-01-13T14:00:06.961+0000][1][gc,cpu       ] GC(18) User=0.20s Sys=0.01s Real=0.21s
[2020-01-13T14:00:06.961+0000][1][gc           ] GC(18) Concurrent Preclean
[2020-01-13T14:00:06.964+0000][1][gc           ] GC(18) Concurrent Preclean 3.852ms
[2020-01-13T14:00:06.964+0000][1][gc,cpu       ] GC(18) User=0.00s Sys=0.00s Real=0.00s
[2020-01-13T14:00:06.964+0000][1][gc           ] GC(18) Concurrent Abortable Preclean
[2020-01-13T14:00:06.980+0000][1][safepoint    ] Application time: 0.1012135 seconds
[2020-01-13T14:00:06.980+0000][1][safepoint    ] Entering safepoint region: CollectForMetadataAllocation
[2020-01-13T14:00:06.981+0000][1][safepoint    ] Leaving safepoint region
[2020-01-13T14:00:06.981+0000][1][safepoint    ] Total time for which application threads were stopped: 0.0002729 seconds, Stopping threads took: 0.0000134 seconds
[2020-01-13T14:00:07.064+0000][1][safepoint    ] Application time: 0.0837682 seconds
[2020-01-13T14:00:07.065+0000][1][safepoint    ] Entering safepoint region: CollectForMetadataAllocation
[2020-01-13T14:00:07.065+0000][1][safepoint    ] Leaving safepoint region
[2020-01-13T14:00:07.065+0000][1][safepoint    ] Total time for which application threads were stopped: 0.0001979 seconds, Stopping threads took: 0.0000269 seconds
[2020-01-13T14:00:07.168+0000][1][safepoint    ] Application time: 0.1029662 seconds
[2020-01-13T14:00:07.168+0000][1][safepoint    ] Entering safepoint region: CollectForMetadataAllocation
[2020-01-13T14:00:07.168+0000][1][safepoint    ] Leaving safepoint region
[2020-01-13T14:00:07.168+0000][1][safepoint    ] Total time for which application threads were stopped: 0.0002595 seconds, Stopping threads took: 0.0000248 seconds
[2020-01-13T14:00:07.281+0000][1][safepoint    ] Application time: 0.1131246 seconds
[2020-01-13T14:00:07.281+0000][1][safepoint    ] Entering safepoint region: CollectForMetadataAllocation
[2020-01-13T14:00:07.281+0000][1][safepoint    ] Leaving safepoint region
[2020-01-13T14:00:07.281+0000][1][safepoint    ] Total time for which application threads were stopped: 0.0002760 seconds, Stopping threads took: 0.0000252 seconds
[2020-01-13T14:00:07.394+0000][1][safepoint    ] Application time: 0.1129006 seconds
[2020-01-13T14:00:07.394+0000][1][safepoint    ] Entering safepoint region: CollectForMetadataAllocation
[2020-01-13T14:00:07.395+0000][1][safepoint    ] Leaving safepoint region
[2020-01-13T14:00:07.395+0000][1][safepoint    ] Total time for which application threads were stopped: 0.0003097 seconds, Stopping threads took: 0.0000168 seconds
[2020-01-13T14:00:07.474+0000][1][safepoint    ] Application time: 0.0796179 seconds
[2020-01-13T14:00:07.474+0000][1][safepoint    ] Entering safepoint region: CollectForMetadataAllocation
[2020-01-13T14:00:07.475+0000][1][safepoint    ] Leaving safepoint region
[2020-01-13T14:00:07.475+0000][1][safepoint    ] Total time for which application threads were stopped: 0.0002497 seconds, Stopping threads took: 0.0000159 seconds
[2020-01-13T14:00:07.558+0000][1][safepoint    ] Application time: 0.0836935 seconds
[2020-01-13T14:00:07.558+0000][1][safepoint    ] Entering safepoint region: CollectForMetadataAllocation
[2020-01-13T14:00:07.559+0000][1][safepoint    ] Leaving safepoint region
[2020-01-13T14:00:07.559+0000][1][safepoint    ] Total time for which application threads were stopped: 0.0002482 seconds, Stopping threads took: 0.0000140 seconds
[2020-01-13T14:00:07.603+0000][1][safepoint    ] Application time: 0.0440994 seconds
[2020-01-13T14:00:07.603+0000][1][safepoint    ] Entering safepoint region: RevokeBias
[2020-01-13T14:00:07.603+0000][1][safepoint    ] Leaving safepoint region
[2020-01-13T14:00:07.603+0000][1][safepoint    ] Total time for which application threads were stopped: 0.0002047 seconds, Stopping threads took: 0.0001552 seconds
[2020-01-13T14:00:07.609+0000][1][safepoint    ] Application time: 0.0063214 seconds
[2020-01-13T14:00:07.610+0000][1][safepoint    ] Entering safepoint region: RevokeBias
[2020-01-13T14:00:07.610+0000][1][safepoint    ] Leaving safepoint region
[2020-01-13T14:00:07.610+0000][1][safepoint    ] Total time for which application threads were stopped: 0.0010027 seconds, Stopping threads took: 0.0009190 seconds
[2020-01-13T14:00:07.611+0000][1][safepoint    ] Application time: 0.0000731 seconds
[2020-01-13T14:00:07.611+0000][1][safepoint    ] Entering safepoint region: RevokeBias
[2020-01-13T14:00:07.611+0000][1][safepoint    ] Leaving safepoint region
[2020-01-13T14:00:07.611+0000][1][safepoint    ] Total time for which application threads were stopped: 0.0000318 seconds, Stopping threads took: 0.0000053 seconds
[2020-01-13T14:00:07.655+0000][1][safepoint    ] Application time: 0.0447685 seconds
[2020-01-13T14:00:07.655+0000][1][safepoint    ] Entering safepoint region: CollectForMetadataAllocation
[2020-01-13T14:00:07.656+0000][1][safepoint    ] Leaving safepoint region
[2020-01-13T14:00:07.656+0000][1][safepoint    ] Total time for which application threads were stopped: 0.0002759 seconds, Stopping threads took: 0.0000183 seconds
[2020-01-13T14:00:08.657+0000][1][safepoint    ] Application time: 1.0016608 seconds
[2020-01-13T14:00:08.661+0000][1][safepoint    ] Entering safepoint region: Cleanup
[2020-01-13T14:00:08.661+0000][1][safepoint    ] Leaving safepoint region
[2020-01-13T14:00:08.661+0000][1][safepoint    ] Total time for which application threads were stopped: 0.0038584 seconds, Stopping threads took: 0.0037839 seconds
[2020-01-13T14:00:08.984+0000][1][safepoint    ] Application time: 0.3230497 seconds
[2020-01-13T14:00:08.984+0000][1][safepoint    ] Entering safepoint region: CollectForMetadataAllocation
[2020-01-13T14:00:08.985+0000][1][safepoint    ] Leaving safepoint region
[2020-01-13T14:00:08.985+0000][1][safepoint    ] Total time for which application threads were stopped: 0.0002542 seconds, Stopping threads took: 0.0000199 seconds
[2020-01-13T14:00:09.719+0000][1][safepoint    ] Application time: 0.7346818 seconds
[2020-01-13T14:00:09.719+0000][1][safepoint    ] Entering safepoint region: CollectForMetadataAllocation
[2020-01-13T14:00:09.720+0000][1][safepoint    ] Leaving safepoint region
[2020-01-13T14:00:09.720+0000][1][safepoint    ] Total time for which application threads were stopped: 0.0003692 seconds, Stopping threads took: 0.0000148 seconds
[2020-01-13T14:00:09.781+0000][1][safepoint    ] Application time: 0.0615618 seconds
[2020-01-13T14:00:09.781+0000][1][safepoint    ] Entering safepoint region: CollectForMetadataAllocation
[2020-01-13T14:00:09.782+0000][1][safepoint    ] Leaving safepoint region
[2020-01-13T14:00:09.782+0000][1][safepoint    ] Total time for which application threads were stopped: 0.0002660 seconds, Stopping threads took: 0.0000447 seconds
[2020-01-13T14:00:09.854+0000][1][gc           ] GC(18) Concurrent Abortable Preclean 2885.827ms
[2020-01-13T14:00:09.854+0000][1][gc,cpu       ] GC(18) User=2.84s Sys=0.03s Real=2.89s
[2020-01-13T14:00:09.854+0000][1][safepoint    ] Application time: 0.0727848 seconds
[2020-01-13T14:00:09.860+0000][1][safepoint    ] Entering safepoint region: CMS_Final_Remark
[2020-01-13T14:00:09.860+0000][1][gc,start     ] GC(18) Pause Remark
[2020-01-13T14:00:09.898+0000][1][gc           ] GC(18) Pause Remark 91M->91M(247M) 38.127ms
[2020-01-13T14:00:09.898+0000][1][gc,cpu       ] GC(18) User=0.03s Sys=0.00s Real=0.03s
[2020-01-13T14:00:09.898+0000][1][safepoint    ] Leaving safepoint region
[2020-01-13T14:00:09.898+0000][1][safepoint    ] Total time for which application threads were stopped: 0.0433901 seconds, Stopping threads took: 0.0050743 seconds
[2020-01-13T14:00:09.911+0000][1][gc           ] GC(18) Concurrent Sweep
[2020-01-13T14:00:09.999+0000][1][gc           ] GC(18) Concurrent Sweep 87.399ms
[2020-01-13T14:00:09.999+0000][1][gc,cpu       ] GC(18) User=0.08s Sys=0.00s Real=0.08s
[2020-01-13T14:00:09.999+0000][1][gc           ] GC(18) Concurrent Reset
[2020-01-13T14:00:09.999+0000][1][gc           ] GC(18) Concurrent Reset 0.380ms
[2020-01-13T14:00:09.999+0000][1][gc,cpu       ] GC(18) User=0.00s Sys=0.00s Real=0.00s
[2020-01-13T14:00:09.999+0000][1][gc,heap      ] GC(18) Old: 54259K->54043K(176960K)
[2020-01-13T14:00:10.664+0000][1][safepoint    ] Application time: 0.7666044 seconds
[2020-01-13T14:00:10.665+0000][1][safepoint    ] Entering safepoint region: GenCollectForAllocation
[2020-01-13T14:00:10.666+0000][1][gc,start     ] GC(19) Pause Young (Allocation Failure)
[2020-01-13T14:00:10.666+0000][1][gc,task      ] GC(19) Using 1 workers of 1 for evacuation
[2020-01-13T14:00:10.713+0000][1][gc,age       ] GC(19) Desired survivor size 4358144 bytes, new threshold 2 (max threshold 6)
[2020-01-13T14:00:10.713+0000][1][gc,age       ] GC(19) Age table with threshold 2 (max threshold 6)
[2020-01-13T14:00:10.713+0000][1][gc,age       ] GC(19) - age   1:    2603280 bytes,    2603280 total
[2020-01-13T14:00:10.713+0000][1][gc,age       ] GC(19) - age   2:    2677048 bytes,    5280328 total
[2020-01-13T14:00:10.713+0000][1][gc,age       ] GC(19) - age   3:    1216144 bytes,    6496472 total
[2020-01-13T14:00:10.713+0000][1][gc,heap      ] GC(19) ParNew: 72846K->6979K(76672K)
[2020-01-13T14:00:10.713+0000][1][gc,heap      ] GC(19) CMS: 54043K->54043K(176960K)
[2020-01-13T14:00:10.713+0000][1][gc,metaspace ] GC(19) Metaspace: 44468K->44468K(1089536K)
[2020-01-13T14:00:10.713+0000][1][gc           ] GC(19) Pause Young (Allocation Failure) 123M->59M(247M) 47.744ms
[2020-01-13T14:00:10.713+0000][1][gc,cpu       ] GC(19) User=0.04s Sys=0.00s Real=0.05s
[2020-01-13T14:00:10.714+0000][1][safepoint    ] Leaving safepoint region
[2020-01-13T14:00:10.714+0000][1][safepoint    ] Total time for which application threads were stopped: 0.0490018 seconds, Stopping threads took: 0.0000323 seconds
[2020-01-13T14:00:10.856+0000][1][safepoint    ] Application time: 0.1425014 seconds
[2020-01-13T14:00:10.856+0000][1][safepoint    ] Entering safepoint region: RevokeBias
[2020-01-13T14:00:10.856+0000][1][safepoint    ] Leaving safepoint region
[2020-01-13T14:00:10.856+0000][1][safepoint    ] Total time for which application threads were stopped: 0.0001276 seconds, Stopping threads took: 0.0000268 seconds
[2020-01-13T14:00:10.861+0000][1][safepoint    ] Application time: 0.0050350 seconds
[2020-01-13T14:00:10.862+0000][1][safepoint    ] Entering safepoint region: RevokeBias
[2020-01-13T14:00:10.863+0000][1][safepoint    ] Leaving safepoint region
[2020-01-13T14:00:10.863+0000][1][safepoint    ] Total time for which application threads were stopped: 0.0013396 seconds, Stopping threads took: 0.0011881 seconds
[2020-01-13T14:00:11.295+0000][1][safepoint    ] Application time: 0.4319178 seconds
[2020-01-13T14:00:11.297+0000][1][safepoint    ] Entering safepoint region: RevokeBias
[2020-01-13T14:00:11.298+0000][1][safepoint    ] Leaving safepoint region
[2020-01-13T14:00:11.298+0000][1][safepoint    ] Total time for which application threads were stopped: 0.0035249 seconds, Stopping threads took: 0.0028426 seconds
[2020-01-13T14:00:11.298+0000][1][safepoint    ] Application time: 0.0000735 seconds
[2020-01-13T14:00:11.298+0000][1][safepoint    ] Entering safepoint region: RevokeBias
[2020-01-13T14:00:11.298+0000][1][safepoint    ] Leaving safepoint region
[2020-01-13T14:00:11.298+0000][1][safepoint    ] Total time for which application threads were stopped: 0.0001153 seconds, Stopping threads took: 0.0000167 seconds
[2020-01-13T14:00:11.299+0000][1][safepoint    ] Application time: 0.0002829 seconds
[2020-01-13T14:00:11.299+0000][1][safepoint    ] Entering safepoint region: RevokeBias
[2020-01-13T14:00:11.299+0000][1][safepoint    ] Leaving safepoint region
[2020-01-13T14:00:11.299+0000][1][safepoint    ] Total time for which application threads were stopped: 0.0000907 seconds, Stopping threads took: 0.0000196 seconds
[2020-01-13T14:00:11.299+0000][1][safepoint    ] Application time: 0.0000466 seconds
[2020-01-13T14:00:11.299+0000][1][safepoint    ] Entering safepoint region: RevokeBias
[2020-01-13T14:00:11.299+0000][1][safepoint    ] Leaving safepoint region
[2020-01-13T14:00:11.299+0000][1][safepoint    ] Total time for which application threads were stopped: 0.0000695 seconds, Stopping threads took: 0.0000181 seconds
[2020-01-13T14:00:11.417+0000][1][safepoint    ] Application time: 0.1185959 seconds
[2020-01-13T14:00:11.423+0000][1][safepoint    ] Entering safepoint region: RevokeBias
[2020-01-13T14:00:11.424+0000][1][safepoint    ] Leaving safepoint region
[2020-01-13T14:00:11.424+0000][1][safepoint    ] Total time for which application threads were stopped: 0.0060263 seconds, Stopping threads took: 0.0059006 seconds
[2020-01-13T14:00:11.424+0000][1][safepoint    ] Application time: 0.0001241 seconds
[2020-01-13T14:00:11.424+0000][1][safepoint    ] Entering safepoint region: RevokeBias
[2020-01-13T14:00:11.424+0000][1][safepoint    ] Leaving safepoint region
[2020-01-13T14:00:11.424+0000][1][safepoint    ] Total time for which application threads were stopped: 0.0000400 seconds, Stopping threads took: 0.0000067 seconds
[2020-01-13T14:00:11.424+0000][1][safepoint    ] Application time: 0.0000253 seconds
[2020-01-13T14:00:11.424+0000][1][safepoint    ] Entering safepoint region: RevokeBias
[2020-01-13T14:00:11.424+0000][1][safepoint    ] Leaving safepoint region
[2020-01-13T14:00:11.424+0000][1][safepoint    ] Total time for which application threads were stopped: 0.0000234 seconds, Stopping threads took: 0.0000045 seconds
[2020-01-13T14:00:11.424+0000][1][safepoint    ] Application time: 0.0001068 seconds
[2020-01-13T14:00:11.424+0000][1][safepoint    ] Entering safepoint region: RevokeBias
[2020-01-13T14:00:11.424+0000][1][safepoint    ] Leaving safepoint region
[2020-01-13T14:00:11.424+0000][1][safepoint    ] Total time for which application threads were stopped: 0.0000265 seconds, Stopping threads took: 0.0000048 seconds
[2020-01-13T14:00:11.425+0000][1][safepoint    ] Application time: 0.0007168 seconds
[2020-01-13T14:00:11.425+0000][1][safepoint    ] Entering safepoint region: RevokeBias
[2020-01-13T14:00:11.425+0000][1][safepoint    ] Leaving safepoint region
[2020-01-13T14:00:11.425+0000][1][safepoint    ] Total time for which application threads were stopped: 0.0000546 seconds, Stopping threads took: 0.0000078 seconds
[2020-01-13T14:00:11.425+0000][1][safepoint    ] Application time: 0.0000506 seconds
[2020-01-13T14:00:11.425+0000][1][safepoint    ] Entering safepoint region: RevokeBias
[2020-01-13T14:00:11.425+0000][1][safepoint    ] Leaving safepoint region
[2020-01-13T14:00:11.425+0000][1][safepoint    ] Total time for which application threads were stopped: 0.0000253 seconds, Stopping threads took: 0.0000046 seconds
[2020-01-13T14:00:11.425+0000][1][safepoint    ] Application time: 0.0001541 seconds
[2020-01-13T14:00:11.425+0000][1][safepoint    ] Entering safepoint region: RevokeBias
[2020-01-13T14:00:11.425+0000][1][safepoint    ] Leaving safepoint region
[2020-01-13T14:00:11.425+0000][1][safepoint    ] Total time for which application threads were stopped: 0.0000544 seconds, Stopping threads took: 0.0000244 seconds
[2020-01-13T14:00:11.425+0000][1][safepoint    ] Application time: 0.0000298 seconds
[2020-01-13T14:00:11.425+0000][1][safepoint    ] Entering safepoint region: RevokeBias
[2020-01-13T14:00:11.425+0000][1][safepoint    ] Leaving safepoint region
[2020-01-13T14:00:11.425+0000][1][safepoint    ] Total time for which application threads were stopped: 0.0000519 seconds, Stopping threads took: 0.0000077 seconds
[2020-01-13T14:00:11.425+0000][1][safepoint    ] Application time: 0.0000223 seconds
[2020-01-13T14:00:11.425+0000][1][safepoint    ] Entering safepoint region: RevokeBias
[2020-01-13T14:00:11.425+0000][1][safepoint    ] Leaving safepoint region
[2020-01-13T14:00:11.425+0000][1][safepoint    ] Total time for which application threads were stopped: 0.0000271 seconds, Stopping threads took: 0.0000052 seconds
[2020-01-13T14:00:11.425+0000][1][safepoint    ] Application time: 0.0000187 seconds
[2020-01-13T14:00:11.425+0000][1][safepoint    ] Entering safepoint region: RevokeBias
[2020-01-13T14:00:11.425+0000][1][safepoint    ] Leaving safepoint region
[2020-01-13T14:00:11.425+0000][1][safepoint    ] Total time for which application threads were stopped: 0.0000248 seconds, Stopping threads took: 0.0000051 seconds
[2020-01-13T14:00:11.425+0000][1][safepoint    ] Application time: 0.0000198 seconds
[2020-01-13T14:00:11.425+0000][1][safepoint    ] Entering safepoint region: RevokeBias
[2020-01-13T14:00:11.425+0000][1][safepoint    ] Leaving safepoint region
[2020-01-13T14:00:11.425+0000][1][safepoint    ] Total time for which application threads were stopped: 0.0000249 seconds, Stopping threads took: 0.0000050 seconds
[2020-01-13T14:00:11.425+0000][1][safepoint    ] Application time: 0.0000193 seconds
[2020-01-13T14:00:11.425+0000][1][safepoint    ] Entering safepoint region: RevokeBias
[2020-01-13T14:00:11.425+0000][1][safepoint    ] Leaving safepoint region
[2020-01-13T14:00:11.425+0000][1][safepoint    ] Total time for which application threads were stopped: 0.0000272 seconds, Stopping threads took: 0.0000068 seconds
[2020-01-13T14:00:11.425+0000][1][safepoint    ] Application time: 0.0000352 seconds
[2020-01-13T14:00:11.425+0000][1][safepoint    ] Entering safepoint region: RevokeBias
[2020-01-13T14:00:11.425+0000][1][safepoint    ] Leaving safepoint region
[2020-01-13T14:00:11.425+0000][1][safepoint    ] Total time for which application threads were stopped: 0.0000476 seconds, Stopping threads took: 0.0000129 seconds
[2020-01-13T14:00:11.425+0000][1][safepoint    ] Application time: 0.0000242 seconds
[2020-01-13T14:00:11.425+0000][1][safepoint    ] Entering safepoint region: RevokeBias
[2020-01-13T14:00:11.426+0000][1][safepoint    ] Leaving safepoint region
[2020-01-13T14:00:11.426+0000][1][safepoint    ] Total time for which application threads were stopped: 0.0000415 seconds, Stopping threads took: 0.0000053 seconds
[2020-01-13T14:00:11.426+0000][1][safepoint    ] Application time: 0.0000234 seconds
[2020-01-13T14:00:11.426+0000][1][safepoint    ] Entering safepoint region: RevokeBias
[2020-01-13T14:00:11.426+0000][1][safepoint    ] Leaving safepoint region
[2020-01-13T14:00:11.426+0000][1][safepoint    ] Total time for which application threads were stopped: 0.0000280 seconds, Stopping threads took: 0.0000053 seconds
[2020-01-13T14:00:11.426+0000][1][safepoint    ] Application time: 0.0000202 seconds
[2020-01-13T14:00:11.426+0000][1][safepoint    ] Entering safepoint region: RevokeBias
[2020-01-13T14:00:11.426+0000][1][safepoint    ] Leaving safepoint region
[2020-01-13T14:00:11.426+0000][1][safepoint    ] Total time for which application threads were stopped: 0.0000250 seconds, Stopping threads took: 0.0000053 seconds
[2020-01-13T14:00:11.426+0000][1][safepoint    ] Application time: 0.0000208 seconds
[2020-01-13T14:00:11.426+0000][1][safepoint    ] Entering safepoint region: RevokeBias
[2020-01-13T14:00:11.426+0000][1][safepoint    ] Leaving safepoint region
[2020-01-13T14:00:11.426+0000][1][safepoint    ] Total time for which application threads were stopped: 0.0000247 seconds, Stopping threads took: 0.0000050 seconds
[2020-01-13T14:00:11.426+0000][1][safepoint    ] Application time: 0.0000256 seconds
[2020-01-13T14:00:11.426+0000][1][safepoint    ] Entering safepoint region: RevokeBias
[2020-01-13T14:00:11.426+0000][1][safepoint    ] Leaving safepoint region
[2020-01-13T14:00:11.426+0000][1][safepoint    ] Total time for which application threads were stopped: 0.0000308 seconds, Stopping threads took: 0.0000051 seconds
[2020-01-13T14:00:11.426+0000][1][safepoint    ] Application time: 0.0000202 seconds
[2020-01-13T14:00:11.426+0000][1][safepoint    ] Entering safepoint region: RevokeBias
[2020-01-13T14:00:11.426+0000][1][safepoint    ] Leaving safepoint region
[2020-01-13T14:00:11.426+0000][1][safepoint    ] Total time for which application threads were stopped: 0.0000251 seconds, Stopping threads took: 0.0000051 seconds
[2020-01-13T14:00:11.426+0000][1][safepoint    ] Application time: 0.0000193 seconds
[2020-01-13T14:00:11.426+0000][1][safepoint    ] Entering safepoint region: RevokeBias
[2020-01-13T14:00:11.426+0000][1][safepoint    ] Leaving safepoint region
[2020-01-13T14:00:11.426+0000][1][safepoint    ] Total time for which application threads were stopped: 0.0000246 seconds, Stopping threads took: 0.0000050 seconds
[2020-01-13T14:00:11.426+0000][1][safepoint    ] Application time: 0.0000223 seconds
[2020-01-13T14:00:11.426+0000][1][safepoint    ] Entering safepoint region: RevokeBias
[2020-01-13T14:00:11.426+0000][1][safepoint    ] Leaving safepoint region
[2020-01-13T14:00:11.426+0000][1][safepoint    ] Total time for which application threads were stopped: 0.0000248 seconds, Stopping threads took: 0.0000051 seconds
[2020-01-13T14:00:11.426+0000][1][safepoint    ] Application time: 0.0000201 seconds
[2020-01-13T14:00:11.426+0000][1][safepoint    ] Entering safepoint region: RevokeBias
[2020-01-13T14:00:11.426+0000][1][safepoint    ] Leaving safepoint region
[2020-01-13T14:00:11.426+0000][1][safepoint    ] Total time for which application threads were stopped: 0.0000246 seconds, Stopping threads took: 0.0000050 seconds
[2020-01-13T14:00:11.426+0000][1][safepoint    ] Application time: 0.0000227 seconds
[2020-01-13T14:00:11.426+0000][1][safepoint    ] Entering safepoint region: RevokeBias
[2020-01-13T14:00:11.426+0000][1][safepoint    ] Leaving safepoint region
[2020-01-13T14:00:11.426+0000][1][safepoint    ] Total time for which application threads were stopped: 0.0000248 seconds, Stopping threads took: 0.0000051 seconds
[2020-01-13T14:00:11.426+0000][1][safepoint    ] Application time: 0.0000204 seconds
[2020-01-13T14:00:11.426+0000][1][safepoint    ] Entering safepoint region: RevokeBias
[2020-01-13T14:00:11.426+0000][1][safepoint    ] Leaving safepoint region
[2020-01-13T14:00:11.426+0000][1][safepoint    ] Total time for which application threads were stopped: 0.0000246 seconds, Stopping threads took: 0.0000050 seconds
[2020-01-13T14:00:11.426+0000][1][safepoint    ] Application time: 0.0000241 seconds
[2020-01-13T14:00:11.426+0000][1][safepoint    ] Entering safepoint region: RevokeBias
[2020-01-13T14:00:11.426+0000][1][safepoint    ] Leaving safepoint region
[2020-01-13T14:00:11.426+0000][1][safepoint    ] Total time for which application threads were stopped: 0.0000245 seconds, Stopping threads took: 0.0000050 seconds
[2020-01-13T14:00:11.426+0000][1][safepoint    ] Application time: 0.0000207 seconds
[2020-01-13T14:00:11.426+0000][1][safepoint    ] Entering safepoint region: BulkRevokeBias
[2020-01-13T14:00:11.426+0000][1][safepoint    ] Leaving safepoint region
[2020-01-13T14:00:11.426+0000][1][safepoint    ] Total time for which application threads were stopped: 0.0001191 seconds, Stopping threads took: 0.0000051 seconds
[2020-01-13T14:00:11.427+0000][1][safepoint    ] Application time: 0.0002796 seconds
[2020-01-13T14:00:11.427+0000][1][safepoint    ] Entering safepoint region: RevokeBias
[2020-01-13T14:00:11.427+0000][1][safepoint    ] Leaving safepoint region
[2020-01-13T14:00:11.427+0000][1][safepoint    ] Total time for which application threads were stopped: 0.0000570 seconds, Stopping threads took: 0.0000079 seconds
[2020-01-13T14:00:11.427+0000][1][safepoint    ] Application time: 0.0000662 seconds
[2020-01-13T14:00:11.427+0000][1][safepoint    ] Entering safepoint region: RevokeBias
[2020-01-13T14:00:11.427+0000][1][safepoint    ] Leaving safepoint region
[2020-01-13T14:00:11.427+0000][1][safepoint    ] Total time for which application threads were stopped: 0.0000373 seconds, Stopping threads took: 0.0000052 seconds
[2020-01-13T14:00:11.427+0000][1][safepoint    ] Application time: 0.0000769 seconds
[2020-01-13T14:00:11.427+0000][1][safepoint    ] Entering safepoint region: RevokeBias
[2020-01-13T14:00:11.427+0000][1][safepoint    ] Leaving safepoint region
[2020-01-13T14:00:11.427+0000][1][safepoint    ] Total time for which application threads were stopped: 0.0000272 seconds, Stopping threads took: 0.0000053 seconds
[2020-01-13T14:00:11.427+0000][1][safepoint    ] Application time: 0.0000343 seconds
[2020-01-13T14:00:11.427+0000][1][safepoint    ] Entering safepoint region: RevokeBias
[2020-01-13T14:00:11.427+0000][1][safepoint    ] Leaving safepoint region
[2020-01-13T14:00:11.427+0000][1][safepoint    ] Total time for which application threads were stopped: 0.0000250 seconds, Stopping threads took: 0.0000051 seconds
[2020-01-13T14:00:11.427+0000][1][safepoint    ] Application time: 0.0000643 seconds
[2020-01-13T14:00:11.427+0000][1][safepoint    ] Entering safepoint region: RevokeBias
[2020-01-13T14:00:11.427+0000][1][safepoint    ] Leaving safepoint region
[2020-01-13T14:00:11.427+0000][1][safepoint    ] Total time for which application threads were stopped: 0.0000292 seconds, Stopping threads took: 0.0000051 seconds
[2020-01-13T14:00:11.427+0000][1][safepoint    ] Application time: 0.0000332 seconds
[2020-01-13T14:00:11.427+0000][1][safepoint    ] Entering safepoint region: RevokeBias
[2020-01-13T14:00:11.427+0000][1][safepoint    ] Leaving safepoint region
[2020-01-13T14:00:11.427+0000][1][safepoint    ] Total time for which application threads were stopped: 0.0000294 seconds, Stopping threads took: 0.0000051 seconds
[2020-01-13T14:00:11.427+0000][1][safepoint    ] Application time: 0.0001241 seconds
[2020-01-13T14:00:11.427+0000][1][safepoint    ] Entering safepoint region: RevokeBias
[2020-01-13T14:00:11.427+0000][1][safepoint    ] Leaving safepoint region
[2020-01-13T14:00:11.427+0000][1][safepoint    ] Total time for which application threads were stopped: 0.0000469 seconds, Stopping threads took: 0.0000052 seconds
[2020-01-13T14:00:11.427+0000][1][safepoint    ] Application time: 0.0000262 seconds
[2020-01-13T14:00:11.427+0000][1][safepoint    ] Entering safepoint region: RevokeBias
[2020-01-13T14:00:11.427+0000][1][safepoint    ] Leaving safepoint region
[2020-01-13T14:00:11.427+0000][1][safepoint    ] Total time for which application threads were stopped: 0.0000299 seconds, Stopping threads took: 0.0000057 seconds
[2020-01-13T14:00:11.428+0000][1][safepoint    ] Application time: 0.0003671 seconds
[2020-01-13T14:00:11.428+0000][1][safepoint    ] Entering safepoint region: RevokeBias
[2020-01-13T14:00:11.428+0000][1][safepoint    ] Leaving safepoint region
[2020-01-13T14:00:11.428+0000][1][safepoint    ] Total time for which application threads were stopped: 0.0000518 seconds, Stopping threads took: 0.0000078 seconds
[2020-01-13T14:00:11.428+0000][1][safepoint    ] Application time: 0.0000562 seconds
[2020-01-13T14:00:11.428+0000][1][safepoint    ] Entering safepoint region: RevokeBias
[2020-01-13T14:00:11.428+0000][1][safepoint    ] Leaving safepoint region
[2020-01-13T14:00:11.428+0000][1][safepoint    ] Total time for which application threads were stopped: 0.0000294 seconds, Stopping threads took: 0.0000053 seconds
[2020-01-13T14:00:11.428+0000][1][safepoint    ] Application time: 0.0001340 seconds
[2020-01-13T14:00:11.428+0000][1][safepoint    ] Entering safepoint region: RevokeBias
[2020-01-13T14:00:11.428+0000][1][safepoint    ] Leaving safepoint region
[2020-01-13T14:00:11.428+0000][1][safepoint    ] Total time for which application threads were stopped: 0.0000936 seconds, Stopping threads took: 0.0000057 seconds
[2020-01-13T14:00:11.428+0000][1][safepoint    ] Application time: 0.0000507 seconds
[2020-01-13T14:00:11.428+0000][1][safepoint    ] Entering safepoint region: RevokeBias
[2020-01-13T14:00:11.428+0000][1][safepoint    ] Leaving safepoint region
[2020-01-13T14:00:11.428+0000][1][safepoint    ] Total time for which application threads were stopped: 0.0000358 seconds, Stopping threads took: 0.0000054 seconds
[2020-01-13T14:00:11.428+0000][1][safepoint    ] Application time: 0.0000218 seconds
[2020-01-13T14:00:11.428+0000][1][safepoint    ] Entering safepoint region: RevokeBias
[2020-01-13T14:00:11.428+0000][1][safepoint    ] Leaving safepoint region
[2020-01-13T14:00:11.428+0000][1][safepoint    ] Total time for which application threads were stopped: 0.0000252 seconds, Stopping threads took: 0.0000051 seconds
[2020-01-13T14:00:11.428+0000][1][safepoint    ] Application time: 0.0000328 seconds
[2020-01-13T14:00:11.428+0000][1][safepoint    ] Entering safepoint region: RevokeBias
[2020-01-13T14:00:11.428+0000][1][safepoint    ] Leaving safepoint region
[2020-01-13T14:00:11.428+0000][1][safepoint    ] Total time for which application threads were stopped: 0.0000247 seconds, Stopping threads took: 0.0000050 seconds
[2020-01-13T14:00:11.429+0000][1][safepoint    ] Application time: 0.0003148 seconds
[2020-01-13T14:00:11.429+0000][1][safepoint    ] Entering safepoint region: RevokeBias
[2020-01-13T14:00:11.429+0000][1][safepoint    ] Leaving safepoint region
[2020-01-13T14:00:11.429+0000][1][safepoint    ] Total time for which application threads were stopped: 0.0000389 seconds, Stopping threads took: 0.0000071 seconds
[2020-01-13T14:00:11.429+0000][1][safepoint    ] Application time: 0.0002423 seconds
[2020-01-13T14:00:11.429+0000][1][safepoint    ] Entering safepoint region: RevokeBias
[2020-01-13T14:00:11.429+0000][1][safepoint    ] Leaving safepoint region
[2020-01-13T14:00:11.429+0000][1][safepoint    ] Total time for which application threads were stopped: 0.0000388 seconds, Stopping threads took: 0.0000055 seconds
[2020-01-13T14:00:11.429+0000][1][safepoint    ] Application time: 0.0001308 seconds
[2020-01-13T14:00:11.429+0000][1][safepoint    ] Entering safepoint region: RevokeBias
[2020-01-13T14:00:11.429+0000][1][safepoint    ] Leaving safepoint region
[2020-01-13T14:00:11.429+0000][1][safepoint    ] Total time for which application threads were stopped: 0.0000393 seconds, Stopping threads took: 0.0000055 seconds
[2020-01-13T14:00:11.430+0000][1][safepoint    ] Application time: 0.0002370 seconds
[2020-01-13T14:00:11.430+0000][1][safepoint    ] Entering safepoint region: RevokeBias
[2020-01-13T14:00:11.430+0000][1][safepoint    ] Leaving safepoint region
[2020-01-13T14:00:11.430+0000][1][safepoint    ] Total time for which application threads were stopped: 0.0000625 seconds, Stopping threads took: 0.0000069 seconds
[2020-01-13T14:00:11.430+0000][1][safepoint    ] Application time: 0.0003588 seconds
[2020-01-13T14:00:11.430+0000][1][safepoint    ] Entering safepoint region: RevokeBias
[2020-01-13T14:00:11.430+0000][1][safepoint    ] Leaving safepoint region
[2020-01-13T14:00:11.430+0000][1][safepoint    ] Total time for which application threads were stopped: 0.0000460 seconds, Stopping threads took: 0.0000074 seconds
[2020-01-13T14:00:11.430+0000][1][safepoint    ] Application time: 0.0004094 seconds
[2020-01-13T14:00:11.430+0000][1][safepoint    ] Entering safepoint region: RevokeBias
[2020-01-13T14:00:11.431+0000][1][safepoint    ] Leaving safepoint region
[2020-01-13T14:00:11.431+0000][1][safepoint    ] Total time for which application threads were stopped: 0.0000708 seconds, Stopping threads took: 0.0000223 seconds
[2020-01-13T14:00:11.431+0000][1][safepoint    ] Application time: 0.0001275 seconds
[2020-01-13T14:00:11.431+0000][1][safepoint    ] Entering safepoint region: RevokeBias
[2020-01-13T14:00:11.431+0000][1][safepoint    ] Leaving safepoint region
[2020-01-13T14:00:11.431+0000][1][safepoint    ] Total time for which application threads were stopped: 0.0000566 seconds, Stopping threads took: 0.0000217 seconds
[2020-01-13T14:00:11.431+0000][1][safepoint    ] Application time: 0.0000975 seconds
[2020-01-13T14:00:11.431+0000][1][safepoint    ] Entering safepoint region: RevokeBias
[2020-01-13T14:00:11.431+0000][1][safepoint    ] Leaving safepoint region
[2020-01-13T14:00:11.431+0000][1][safepoint    ] Total time for which application threads were stopped: 0.0000412 seconds, Stopping threads took: 0.0000054 seconds
[2020-01-13T14:00:11.431+0000][1][safepoint    ] Application time: 0.0000330 seconds
[2020-01-13T14:00:11.431+0000][1][safepoint    ] Entering safepoint region: RevokeBias
[2020-01-13T14:00:11.431+0000][1][safepoint    ] Leaving safepoint region
[2020-01-13T14:00:11.431+0000][1][safepoint    ] Total time for which application threads were stopped: 0.0000247 seconds, Stopping threads took: 0.0000051 seconds
[2020-01-13T14:00:11.431+0000][1][safepoint    ] Application time: 0.0000214 seconds
[2020-01-13T14:00:11.431+0000][1][safepoint    ] Entering safepoint region: RevokeBias
[2020-01-13T14:00:11.431+0000][1][safepoint    ] Leaving safepoint region
[2020-01-13T14:00:11.431+0000][1][safepoint    ] Total time for which application threads were stopped: 0.0000242 seconds, Stopping threads took: 0.0000051 seconds
[2020-01-13T14:00:11.431+0000][1][safepoint    ] Application time: 0.0000195 seconds
[2020-01-13T14:00:11.431+0000][1][safepoint    ] Entering safepoint region: RevokeBias
[2020-01-13T14:00:11.431+0000][1][safepoint    ] Leaving safepoint region
[2020-01-13T14:00:11.431+0000][1][safepoint    ] Total time for which application threads were stopped: 0.0000237 seconds, Stopping threads took: 0.0000051 seconds
[2020-01-13T14:00:11.431+0000][1][safepoint    ] Application time: 0.0000194 seconds
[2020-01-13T14:00:11.431+0000][1][safepoint    ] Entering safepoint region: RevokeBias
[2020-01-13T14:00:11.431+0000][1][safepoint    ] Leaving safepoint region
[2020-01-13T14:00:11.431+0000][1][safepoint    ] Total time for which application threads were stopped: 0.0000237 seconds, Stopping threads took: 0.0000050 seconds
[2020-01-13T14:00:11.431+0000][1][safepoint    ] Application time: 0.0000202 seconds
[2020-01-13T14:00:11.431+0000][1][safepoint    ] Entering safepoint region: RevokeBias
[2020-01-13T14:00:11.431+0000][1][safepoint    ] Leaving safepoint region
[2020-01-13T14:00:11.431+0000][1][safepoint    ] Total time for which application threads were stopped: 0.0000237 seconds, Stopping threads took: 0.0000050 seconds
[2020-01-13T14:00:11.431+0000][1][safepoint    ] Application time: 0.0000196 seconds
[2020-01-13T14:00:11.431+0000][1][safepoint    ] Entering safepoint region: RevokeBias
[2020-01-13T14:00:11.431+0000][1][safepoint    ] Leaving safepoint region
[2020-01-13T14:00:11.431+0000][1][safepoint    ] Total time for which application threads were stopped: 0.0000234 seconds, Stopping threads took: 0.0000051 seconds
[2020-01-13T14:00:11.431+0000][1][safepoint    ] Application time: 0.0000210 seconds
[2020-01-13T14:00:11.431+0000][1][safepoint    ] Entering safepoint region: RevokeBias
[2020-01-13T14:00:11.431+0000][1][safepoint    ] Leaving safepoint region
[2020-01-13T14:00:11.431+0000][1][safepoint    ] Total time for which application threads were stopped: 0.0000234 seconds, Stopping threads took: 0.0000050 seconds
[2020-01-13T14:00:11.431+0000][1][safepoint    ] Application time: 0.0000333 seconds
[2020-01-13T14:00:11.431+0000][1][safepoint    ] Entering safepoint region: RevokeBias
[2020-01-13T14:00:11.431+0000][1][safepoint    ] Leaving safepoint region
[2020-01-13T14:00:11.431+0000][1][safepoint    ] Total time for which application threads were stopped: 0.0000242 seconds, Stopping threads took: 0.0000052 seconds
[2020-01-13T14:00:11.431+0000][1][safepoint    ] Application time: 0.0000318 seconds
[2020-01-13T14:00:11.431+0000][1][safepoint    ] Entering safepoint region: RevokeBias
[2020-01-13T14:00:11.431+0000][1][safepoint    ] Leaving safepoint region
[2020-01-13T14:00:11.431+0000][1][safepoint    ] Total time for which application threads were stopped: 0.0000241 seconds, Stopping threads took: 0.0000051 seconds
[2020-01-13T14:00:11.431+0000][1][safepoint    ] Application time: 0.0000198 seconds
[2020-01-13T14:00:11.431+0000][1][safepoint    ] Entering safepoint region: RevokeBias
[2020-01-13T14:00:11.431+0000][1][safepoint    ] Leaving safepoint region
[2020-01-13T14:00:11.431+0000][1][safepoint    ] Total time for which application threads were stopped: 0.0000279 seconds, Stopping threads took: 0.0000050 seconds
[2020-01-13T14:00:11.432+0000][1][safepoint    ] Application time: 0.0000206 seconds
[2020-01-13T14:00:11.432+0000][1][safepoint    ] Entering safepoint region: RevokeBias
[2020-01-13T14:00:11.432+0000][1][safepoint    ] Leaving safepoint region
[2020-01-13T14:00:11.432+0000][1][safepoint    ] Total time for which application threads were stopped: 0.0000238 seconds, Stopping threads took: 0.0000051 seconds
[2020-01-13T14:00:11.432+0000][1][safepoint    ] Application time: 0.0000323 seconds
[2020-01-13T14:00:11.432+0000][1][safepoint    ] Entering safepoint region: RevokeBias
[2020-01-13T14:00:11.432+0000][1][safepoint    ] Leaving safepoint region
[2020-01-13T14:00:11.432+0000][1][safepoint    ] Total time for which application threads were stopped: 0.0000364 seconds, Stopping threads took: 0.0000057 seconds
[2020-01-13T14:00:11.432+0000][1][safepoint    ] Application time: 0.0000262 seconds
[2020-01-13T14:00:11.432+0000][1][safepoint    ] Entering safepoint region: RevokeBias
[2020-01-13T14:00:11.432+0000][1][safepoint    ] Leaving safepoint region
[2020-01-13T14:00:11.432+0000][1][safepoint    ] Total time for which application threads were stopped: 0.0000277 seconds, Stopping threads took: 0.0000056 seconds
[2020-01-13T14:00:11.432+0000][1][safepoint    ] Application time: 0.0000201 seconds
[2020-01-13T14:00:11.432+0000][1][safepoint    ] Entering safepoint region: RevokeBias
[2020-01-13T14:00:11.432+0000][1][safepoint    ] Leaving safepoint region
[2020-01-13T14:00:11.432+0000][1][safepoint    ] Total time for which application threads were stopped: 0.0000238 seconds, Stopping threads took: 0.0000051 seconds
[2020-01-13T14:00:11.432+0000][1][safepoint    ] Application time: 0.0000196 seconds
[2020-01-13T14:00:11.432+0000][1][safepoint    ] Entering safepoint region: RevokeBias
[2020-01-13T14:00:11.432+0000][1][safepoint    ] Leaving safepoint region
[2020-01-13T14:00:11.432+0000][1][safepoint    ] Total time for which application threads were stopped: 0.0000239 seconds, Stopping threads took: 0.0000050 seconds
[2020-01-13T14:00:11.432+0000][1][safepoint    ] Application time: 0.0000199 seconds
[2020-01-13T14:00:11.432+0000][1][safepoint    ] Entering safepoint region: RevokeBias
[2020-01-13T14:00:11.432+0000][1][safepoint    ] Leaving safepoint region
[2020-01-13T14:00:11.432+0000][1][safepoint    ] Total time for which application threads were stopped: 0.0000237 seconds, Stopping threads took: 0.0000051 seconds
[2020-01-13T14:00:11.432+0000][1][safepoint    ] Application time: 0.0000213 seconds
[2020-01-13T14:00:11.432+0000][1][safepoint    ] Entering safepoint region: RevokeBias
[2020-01-13T14:00:11.432+0000][1][safepoint    ] Leaving safepoint region
[2020-01-13T14:00:11.432+0000][1][safepoint    ] Total time for which application threads were stopped: 0.0000237 seconds, Stopping threads took: 0.0000051 seconds
[2020-01-13T14:00:11.432+0000][1][safepoint    ] Application time: 0.0000204 seconds
[2020-01-13T14:00:11.432+0000][1][safepoint    ] Entering safepoint region: RevokeBias
[2020-01-13T14:00:11.432+0000][1][safepoint    ] Leaving safepoint region
[2020-01-13T14:00:11.432+0000][1][safepoint    ] Total time for which application threads were stopped: 0.0000321 seconds, Stopping threads took: 0.0000051 seconds
[2020-01-13T14:00:11.432+0000][1][safepoint    ] Application time: 0.0000215 seconds
[2020-01-13T14:00:11.432+0000][1][safepoint    ] Entering safepoint region: BulkRevokeBias
[2020-01-13T14:00:11.432+0000][1][safepoint    ] Leaving safepoint region
[2020-01-13T14:00:11.432+0000][1][safepoint    ] Total time for which application threads were stopped: 0.0001054 seconds, Stopping threads took: 0.0000052 seconds
[2020-01-13T14:00:11.434+0000][1][safepoint    ] Application time: 0.0022222 seconds
[2020-01-13T14:00:11.435+0000][1][safepoint    ] Entering safepoint region: RevokeBias
[2020-01-13T14:00:11.435+0000][1][safepoint    ] Leaving safepoint region
[2020-01-13T14:00:11.435+0000][1][safepoint    ] Total time for which application threads were stopped: 0.0003462 seconds, Stopping threads took: 0.0002459 seconds
[2020-01-13T14:00:11.435+0000][1][safepoint    ] Application time: 0.0002587 seconds
[2020-01-13T14:00:11.435+0000][1][safepoint    ] Entering safepoint region: RevokeBias
[2020-01-13T14:00:11.435+0000][1][safepoint    ] Leaving safepoint region
[2020-01-13T14:00:11.435+0000][1][safepoint    ] Total time for which application threads were stopped: 0.0000613 seconds, Stopping threads took: 0.0000067 seconds
[2020-01-13T14:00:11.437+0000][1][safepoint    ] Application time: 0.0014316 seconds
[2020-01-13T14:00:11.437+0000][1][safepoint    ] Entering safepoint region: RevokeBias
[2020-01-13T14:00:11.437+0000][1][safepoint    ] Leaving safepoint region
[2020-01-13T14:00:11.437+0000][1][safepoint    ] Total time for which application threads were stopped: 0.0000872 seconds, Stopping threads took: 0.0000231 seconds
[2020-01-13T14:00:11.438+0000][1][safepoint    ] Application time: 0.0010325 seconds
[2020-01-13T14:00:11.438+0000][1][safepoint    ] Entering safepoint region: RevokeBias
[2020-01-13T14:00:11.438+0000][1][safepoint    ] Leaving safepoint region
[2020-01-13T14:00:11.438+0000][1][safepoint    ] Total time for which application threads were stopped: 0.0001189 seconds, Stopping threads took: 0.0000178 seconds
[2020-01-13T14:00:11.438+0000][1][safepoint    ] Application time: 0.0000349 seconds
[2020-01-13T14:00:11.438+0000][1][safepoint    ] Entering safepoint region: RevokeBias
[2020-01-13T14:00:11.438+0000][1][safepoint    ] Leaving safepoint region
[2020-01-13T14:00:11.438+0000][1][safepoint    ] Total time for which application threads were stopped: 0.0000571 seconds, Stopping threads took: 0.0000146 seconds
[2020-01-13T14:00:11.445+0000][1][safepoint    ] Application time: 0.0075760 seconds
[2020-01-13T14:00:11.448+0000][1][safepoint    ] Entering safepoint region: RevokeBias
[2020-01-13T14:00:11.449+0000][1][safepoint    ] Leaving safepoint region
[2020-01-13T14:00:11.449+0000][1][safepoint    ] Total time for which application threads were stopped: 0.0030760 seconds, Stopping threads took: 0.0028897 seconds
[2020-01-13T14:00:11.449+0000][1][safepoint    ] Application time: 0.0000618 seconds
[2020-01-13T14:00:11.449+0000][1][safepoint    ] Entering safepoint region: RevokeBias
[2020-01-13T14:00:11.449+0000][1][safepoint    ] Leaving safepoint region
[2020-01-13T14:00:11.449+0000][1][safepoint    ] Total time for which application threads were stopped: 0.0000839 seconds, Stopping threads took: 0.0000203 seconds
[2020-01-13T14:00:11.449+0000][1][safepoint    ] Application time: 0.0003134 seconds
[2020-01-13T14:00:11.449+0000][1][safepoint    ] Entering safepoint region: RevokeBias
[2020-01-13T14:00:11.449+0000][1][safepoint    ] Leaving safepoint region
[2020-01-13T14:00:11.449+0000][1][safepoint    ] Total time for which application threads were stopped: 0.0000973 seconds, Stopping threads took: 0.0000221 seconds
[2020-01-13T14:00:11.591+0000][1][safepoint    ] Application time: 0.1418998 seconds
[2020-01-13T14:00:11.591+0000][1][safepoint    ] Entering safepoint region: RevokeBias
[2020-01-13T14:00:11.591+0000][1][safepoint    ] Leaving safepoint region
[2020-01-13T14:00:11.591+0000][1][safepoint    ] Total time for which application threads were stopped: 0.0001030 seconds, Stopping threads took: 0.0000296 seconds
[2020-01-13T14:00:12.175+0000][1][safepoint    ] Application time: 0.5837787 seconds
[2020-01-13T14:00:12.175+0000][1][safepoint    ] Entering safepoint region: GenCollectForAllocation
[2020-01-13T14:00:12.175+0000][1][gc,start     ] GC(20) Pause Young (Allocation Failure)
[2020-01-13T14:00:12.175+0000][1][gc,task      ] GC(20) Using 1 workers of 1 for evacuation
[2020-01-13T14:00:12.247+0000][1][gc,age       ] GC(20) Desired survivor size 4358144 bytes, new threshold 2 (max threshold 6)
[2020-01-13T14:00:12.247+0000][1][gc,age       ] GC(20) Age table with threshold 2 (max threshold 6)
[2020-01-13T14:00:12.247+0000][1][gc,age       ] GC(20) - age   1:    2190544 bytes,    2190544 total
[2020-01-13T14:00:12.247+0000][1][gc,age       ] GC(20) - age   2:    2523056 bytes,    4713600 total
[2020-01-13T14:00:12.247+0000][1][gc,heap      ] GC(20) ParNew: 75139K->5630K(76672K)
[2020-01-13T14:00:12.247+0000][1][gc,heap      ] GC(20) CMS: 54043K->57951K(176960K)
[2020-01-13T14:00:12.247+0000][1][gc,metaspace ] GC(20) Metaspace: 49810K->49810K(1095680K)
[2020-01-13T14:00:12.247+0000][1][gc           ] GC(20) Pause Young (Allocation Failure) 126M->62M(247M) 71.373ms
[2020-01-13T14:00:12.247+0000][1][gc,cpu       ] GC(20) User=0.07s Sys=0.00s Real=0.07s
[2020-01-13T14:00:12.247+0000][1][safepoint    ] Leaving safepoint region
[2020-01-13T14:00:12.247+0000][1][safepoint    ] Total time for which application threads were stopped: 0.0715745 seconds, Stopping threads took: 0.0000437 seconds
[2020-01-13T14:00:12.273+0000][1][safepoint    ] Application time: 0.0259387 seconds
[2020-01-13T14:00:12.273+0000][1][safepoint    ] Entering safepoint region: RevokeBias
[2020-01-13T14:00:12.273+0000][1][safepoint    ] Leaving safepoint region
[2020-01-13T14:00:12.273+0000][1][safepoint    ] Total time for which application threads were stopped: 0.0000920 seconds, Stopping threads took: 0.0000275 seconds
[2020-01-13T14:00:12.273+0000][1][safepoint    ] Application time: 0.0000318 seconds
[2020-01-13T14:00:12.273+0000][1][safepoint    ] Entering safepoint region: RevokeBias
[2020-01-13T14:00:12.273+0000][1][safepoint    ] Leaving safepoint region
[2020-01-13T14:00:12.273+0000][1][safepoint    ] Total time for which application threads were stopped: 0.0000241 seconds, Stopping threads took: 0.0000056 seconds
[2020-01-13T14:00:12.273+0000][1][safepoint    ] Application time: 0.0000197 seconds
[2020-01-13T14:00:12.273+0000][1][safepoint    ] Entering safepoint region: RevokeBias
[2020-01-13T14:00:12.273+0000][1][safepoint    ] Leaving safepoint region
[2020-01-13T14:00:12.273+0000][1][safepoint    ] Total time for which application threads were stopped: 0.0000203 seconds, Stopping threads took: 0.0000054 seconds
[2020-01-13T14:00:12.273+0000][1][safepoint    ] Application time: 0.0000193 seconds
[2020-01-13T14:00:12.273+0000][1][safepoint    ] Entering safepoint region: RevokeBias
[2020-01-13T14:00:12.273+0000][1][safepoint    ] Leaving safepoint region
[2020-01-13T14:00:12.273+0000][1][safepoint    ] Total time for which application threads were stopped: 0.0000314 seconds, Stopping threads took: 0.0000052 seconds
[2020-01-13T14:00:12.273+0000][1][safepoint    ] Application time: 0.0000263 seconds
[2020-01-13T14:00:12.273+0000][1][safepoint    ] Entering safepoint region: RevokeBias
[2020-01-13T14:00:12.273+0000][1][safepoint    ] Leaving safepoint region
[2020-01-13T14:00:12.273+0000][1][safepoint    ] Total time for which application threads were stopped: 0.0000235 seconds, Stopping threads took: 0.0000059 seconds
[2020-01-13T14:00:12.273+0000][1][safepoint    ] Application time: 0.0000205 seconds
[2020-01-13T14:00:12.273+0000][1][safepoint    ] Entering safepoint region: BulkRevokeBias
[2020-01-13T14:00:12.273+0000][1][safepoint    ] Leaving safepoint region
[2020-01-13T14:00:12.273+0000][1][safepoint    ] Total time for which application threads were stopped: 0.0001533 seconds, Stopping threads took: 0.0000053 seconds
[2020-01-13T14:00:12.281+0000][1][safepoint    ] Application time: 0.0074034 seconds
[2020-01-13T14:00:12.281+0000][1][safepoint    ] Entering safepoint region: RevokeBias
[2020-01-13T14:00:12.281+0000][1][safepoint    ] Leaving safepoint region
[2020-01-13T14:00:12.281+0000][1][safepoint    ] Total time for which application threads were stopped: 0.0003567 seconds, Stopping threads took: 0.0002935 seconds
[2020-01-13T14:00:12.597+0000][1][safepoint    ] Application time: 0.3161014 seconds
[2020-01-13T14:00:12.598+0000][1][safepoint    ] Entering safepoint region: RevokeBias
[2020-01-13T14:00:12.598+0000][1][safepoint    ] Leaving safepoint region
[2020-01-13T14:00:12.598+0000][1][safepoint    ] Total time for which application threads were stopped: 0.0006161 seconds, Stopping threads took: 0.0004861 seconds
[2020-01-13T14:00:12.598+0000][1][safepoint    ] Application time: 0.0000476 seconds
[2020-01-13T14:00:12.598+0000][1][safepoint    ] Entering safepoint region: RevokeBias
[2020-01-13T14:00:12.598+0000][1][safepoint    ] Leaving safepoint region
[2020-01-13T14:00:12.598+0000][1][safepoint    ] Total time for which application threads were stopped: 0.0000470 seconds, Stopping threads took: 0.0000072 seconds
[2020-01-13T14:00:13.264+0000][1][safepoint    ] Application time: 0.6657517 seconds
[2020-01-13T14:00:13.264+0000][1][safepoint    ] Entering safepoint region: RevokeBias
[2020-01-13T14:00:13.264+0000][1][safepoint    ] Leaving safepoint region
[2020-01-13T14:00:13.264+0000][1][safepoint    ] Total time for which application threads were stopped: 0.0002759 seconds, Stopping threads took: 0.0000287 seconds
[2020-01-13T14:00:13.288+0000][1][safepoint    ] Application time: 0.0236315 seconds
[2020-01-13T14:00:13.294+0000][1][safepoint    ] Entering safepoint region: RevokeBias
[2020-01-13T14:00:13.295+0000][1][safepoint    ] Leaving safepoint region
[2020-01-13T14:00:13.295+0000][1][safepoint    ] Total time for which application threads were stopped: 0.0069686 seconds, Stopping threads took: 0.0062552 seconds
[2020-01-13T14:00:13.295+0000][1][safepoint    ] Application time: 0.0000492 seconds
[2020-01-13T14:00:13.295+0000][1][safepoint    ] Entering safepoint region: RevokeBias
[2020-01-13T14:00:13.295+0000][1][safepoint    ] Leaving safepoint region
[2020-01-13T14:00:13.295+0000][1][safepoint    ] Total time for which application threads were stopped: 0.0000401 seconds, Stopping threads took: 0.0000071 seconds
[2020-01-13T14:00:13.295+0000][1][safepoint    ] Application time: 0.0000517 seconds
[2020-01-13T14:00:13.295+0000][1][safepoint    ] Entering safepoint region: RevokeBias
[2020-01-13T14:00:13.295+0000][1][safepoint    ] Leaving safepoint region
[2020-01-13T14:00:13.295+0000][1][safepoint    ] Total time for which application threads were stopped: 0.0000187 seconds, Stopping threads took: 0.0000047 seconds
[2020-01-13T14:00:13.864+0000][1][safepoint    ] Application time: 0.5687104 seconds
[2020-01-13T14:00:13.864+0000][1][safepoint    ] Entering safepoint region: Deoptimize
[2020-01-13T14:00:13.866+0000][1][safepoint    ] Leaving safepoint region
[2020-01-13T14:00:13.866+0000][1][safepoint    ] Total time for which application threads were stopped: 0.0019826 seconds, Stopping threads took: 0.0001151 seconds
[2020-01-13T14:00:13.984+0000][1][safepoint    ] Application time: 0.1183678 seconds
[2020-01-13T14:00:13.984+0000][1][safepoint    ] Entering safepoint region: RevokeBias
[2020-01-13T14:00:13.984+0000][1][safepoint    ] Leaving safepoint region
[2020-01-13T14:00:13.984+0000][1][safepoint    ] Total time for which application threads were stopped: 0.0004024 seconds, Stopping threads took: 0.0002508 seconds
[2020-01-13T14:00:13.986+0000][1][safepoint    ] Application time: 0.0019957 seconds
[2020-01-13T14:00:13.986+0000][1][safepoint    ] Entering safepoint region: RevokeBias
[2020-01-13T14:00:13.987+0000][1][safepoint    ] Leaving safepoint region
[2020-01-13T14:00:13.987+0000][1][safepoint    ] Total time for which application threads were stopped: 0.0000818 seconds, Stopping threads took: 0.0000198 seconds
[2020-01-13T14:00:13.987+0000][1][safepoint    ] Application time: 0.0001055 seconds
[2020-01-13T14:00:13.987+0000][1][safepoint    ] Entering safepoint region: RevokeBias
[2020-01-13T14:00:13.987+0000][1][safepoint    ] Leaving safepoint region
[2020-01-13T14:00:13.987+0000][1][safepoint    ] Total time for which application threads were stopped: 0.0000427 seconds, Stopping threads took: 0.0000138 seconds
[2020-01-13T14:00:13.995+0000][1][safepoint    ] Application time: 0.0079443 seconds
[2020-01-13T14:00:13.995+0000][1][safepoint    ] Entering safepoint region: RevokeBias
[2020-01-13T14:00:13.995+0000][1][safepoint    ] Leaving safepoint region
[2020-01-13T14:00:13.995+0000][1][safepoint    ] Total time for which application threads were stopped: 0.0001011 seconds, Stopping threads took: 0.0000273 seconds
[2020-01-13T14:00:14.301+0000][1][safepoint    ] Application time: 0.3062827 seconds
[2020-01-13T14:00:14.303+0000][1][safepoint    ] Entering safepoint region: RevokeBias
[2020-01-13T14:00:14.305+0000][1][safepoint    ] Leaving safepoint region
[2020-01-13T14:00:14.305+0000][1][safepoint    ] Total time for which application threads were stopped: 0.0037076 seconds, Stopping threads took: 0.0020063 seconds
[2020-01-13T14:00:14.390+0000][1][safepoint    ] Application time: 0.0846649 seconds
[2020-01-13T14:00:14.390+0000][1][safepoint    ] Entering safepoint region: GenCollectForAllocation
[2020-01-13T14:00:14.390+0000][1][gc,start     ] GC(21) Pause Young (Allocation Failure)
[2020-01-13T14:00:14.390+0000][1][gc,task      ] GC(21) Using 1 workers of 1 for evacuation
[2020-01-13T14:00:14.431+0000][1][gc,age       ] GC(21) Desired survivor size 4358144 bytes, new threshold 2 (max threshold 6)
[2020-01-13T14:00:14.431+0000][1][gc,age       ] GC(21) Age table with threshold 2 (max threshold 6)
[2020-01-13T14:00:14.431+0000][1][gc,age       ] GC(21) - age   1:    2726136 bytes,    2726136 total
[2020-01-13T14:00:14.431+0000][1][gc,age       ] GC(21) - age   2:    2131840 bytes,    4857976 total
[2020-01-13T14:00:14.431+0000][1][gc,heap      ] GC(21) ParNew: 73790K->4859K(76672K)
[2020-01-13T14:00:14.431+0000][1][gc,heap      ] GC(21) CMS: 57951K->60511K(176960K)
[2020-01-13T14:00:14.431+0000][1][gc,metaspace ] GC(21) Metaspace: 57719K->57719K(1101824K)
[2020-01-13T14:00:14.431+0000][1][gc           ] GC(21) Pause Young (Allocation Failure) 128M->63M(247M) 41.734ms
[2020-01-13T14:00:14.431+0000][1][gc,cpu       ] GC(21) User=0.04s Sys=0.00s Real=0.04s
[2020-01-13T14:00:14.432+0000][1][safepoint    ] Leaving safepoint region
[2020-01-13T14:00:14.432+0000][1][safepoint    ] Total time for which application threads were stopped: 0.0419119 seconds, Stopping threads took: 0.0000303 seconds
[2020-01-13T14:00:14.631+0000][1][safepoint    ] Application time: 0.1993129 seconds
[2020-01-13T14:00:14.631+0000][1][safepoint    ] Entering safepoint region: Deoptimize
[2020-01-13T14:00:14.632+0000][1][safepoint    ] Leaving safepoint region
[2020-01-13T14:00:14.632+0000][1][safepoint    ] Total time for which application threads were stopped: 0.0008329 seconds, Stopping threads took: 0.0000302 seconds
[2020-01-13T14:00:14.643+0000][1][safepoint    ] Application time: 0.0116791 seconds
[2020-01-13T14:00:14.645+0000][1][safepoint    ] Entering safepoint region: RevokeBias
[2020-01-13T14:00:14.645+0000][1][safepoint    ] Leaving safepoint region
[2020-01-13T14:00:14.645+0000][1][safepoint    ] Total time for which application threads were stopped: 0.0014432 seconds, Stopping threads took: 0.0013549 seconds
[2020-01-13T14:00:14.645+0000][1][safepoint    ] Application time: 0.0000443 seconds
[2020-01-13T14:00:14.645+0000][1][safepoint    ] Entering safepoint region: RevokeBias
[2020-01-13T14:00:14.645+0000][1][safepoint    ] Leaving safepoint region
[2020-01-13T14:00:14.645+0000][1][safepoint    ] Total time for which application threads were stopped: 0.0000314 seconds, Stopping threads took: 0.0000124 seconds
[2020-01-13T14:00:15.310+0000][1][safepoint    ] Application time: 0.6646410 seconds
[2020-01-13T14:00:15.311+0000][1][safepoint    ] Entering safepoint region: RevokeBias
[2020-01-13T14:00:15.311+0000][1][safepoint    ] Leaving safepoint region
[2020-01-13T14:00:15.311+0000][1][safepoint    ] Total time for which application threads were stopped: 0.0011596 seconds, Stopping threads took: 0.0010433 seconds
[2020-01-13T14:00:15.373+0000][1][safepoint    ] Application time: 0.0617262 seconds
[2020-01-13T14:00:15.373+0000][1][safepoint    ] Entering safepoint region: RevokeBias
[2020-01-13T14:00:15.373+0000][1][safepoint    ] Leaving safepoint region
[2020-01-13T14:00:15.373+0000][1][safepoint    ] Total time for which application threads were stopped: 0.0001009 seconds, Stopping threads took: 0.0000293 seconds
[2020-01-13T14:00:15.734+0000][1][safepoint    ] Application time: 0.3611778 seconds
[2020-01-13T14:00:15.737+0000][1][safepoint    ] Entering safepoint region: BulkRevokeBias
[2020-01-13T14:00:15.738+0000][1][safepoint    ] Leaving safepoint region
[2020-01-13T14:00:15.738+0000][1][safepoint    ] Total time for which application threads were stopped: 0.0037156 seconds, Stopping threads took: 0.0034640 seconds
[2020-01-13T14:00:15.865+0000][1][safepoint    ] Application time: 0.1271133 seconds
[2020-01-13T14:00:15.865+0000][1][safepoint    ] Entering safepoint region: RevokeBias
[2020-01-13T14:00:15.865+0000][1][safepoint    ] Leaving safepoint region
[2020-01-13T14:00:15.865+0000][1][safepoint    ] Total time for which application threads were stopped: 0.0001157 seconds, Stopping threads took: 0.0000279 seconds
[2020-01-13T14:00:15.865+0000][1][safepoint    ] Application time: 0.0000986 seconds
[2020-01-13T14:00:15.865+0000][1][safepoint    ] Entering safepoint region: RevokeBias
[2020-01-13T14:00:15.865+0000][1][safepoint    ] Leaving safepoint region
[2020-01-13T14:00:15.865+0000][1][safepoint    ] Total time for which application threads were stopped: 0.0000356 seconds, Stopping threads took: 0.0000134 seconds
[2020-01-13T14:00:15.865+0000][1][safepoint    ] Application time: 0.0000436 seconds
[2020-01-13T14:00:15.865+0000][1][safepoint    ] Entering safepoint region: RevokeBias
[2020-01-13T14:00:15.865+0000][1][safepoint    ] Leaving safepoint region
[2020-01-13T14:00:15.865+0000][1][safepoint    ] Total time for which application threads were stopped: 0.0000318 seconds, Stopping threads took: 0.0000129 seconds
[2020-01-13T14:00:15.870+0000][1][safepoint    ] Application time: 0.0052962 seconds
[2020-01-13T14:00:15.871+0000][1][safepoint    ] Entering safepoint region: RevokeBias
[2020-01-13T14:00:15.871+0000][1][safepoint    ] Leaving safepoint region
[2020-01-13T14:00:15.871+0000][1][safepoint    ] Total time for which application threads were stopped: 0.0001042 seconds, Stopping threads took: 0.0000260 seconds
[2020-01-13T14:00:15.871+0000][1][safepoint    ] Application time: 0.0000590 seconds
[2020-01-13T14:00:15.871+0000][1][safepoint    ] Entering safepoint region: RevokeBias
[2020-01-13T14:00:15.871+0000][1][safepoint    ] Leaving safepoint region
[2020-01-13T14:00:15.871+0000][1][safepoint    ] Total time for which application threads were stopped: 0.0000303 seconds, Stopping threads took: 0.0000117 seconds
[2020-01-13T14:00:15.871+0000][1][safepoint    ] Application time: 0.0000973 seconds
[2020-01-13T14:00:15.871+0000][1][safepoint    ] Entering safepoint region: RevokeBias
[2020-01-13T14:00:15.871+0000][1][safepoint    ] Leaving safepoint region
[2020-01-13T14:00:15.871+0000][1][safepoint    ] Total time for which application threads were stopped: 0.0000289 seconds, Stopping threads took: 0.0000111 seconds
[2020-01-13T14:00:15.871+0000][1][safepoint    ] Application time: 0.0000517 seconds
[2020-01-13T14:00:15.871+0000][1][safepoint    ] Entering safepoint region: RevokeBias
[2020-01-13T14:00:15.871+0000][1][safepoint    ] Leaving safepoint region
[2020-01-13T14:00:15.871+0000][1][safepoint    ] Total time for which application threads were stopped: 0.0000266 seconds, Stopping threads took: 0.0000107 seconds
[2020-01-13T14:00:15.871+0000][1][safepoint    ] Application time: 0.0000420 seconds
[2020-01-13T14:00:15.871+0000][1][safepoint    ] Entering safepoint region: RevokeBias
[2020-01-13T14:00:15.871+0000][1][safepoint    ] Leaving safepoint region
[2020-01-13T14:00:15.871+0000][1][safepoint    ] Total time for which application threads were stopped: 0.0000263 seconds, Stopping threads took: 0.0000107 seconds
[2020-01-13T14:00:15.871+0000][1][safepoint    ] Application time: 0.0000453 seconds
[2020-01-13T14:00:15.871+0000][1][safepoint    ] Entering safepoint region: RevokeBias
[2020-01-13T14:00:15.871+0000][1][safepoint    ] Leaving safepoint region
[2020-01-13T14:00:15.871+0000][1][safepoint    ] Total time for which application threads were stopped: 0.0000262 seconds, Stopping threads took: 0.0000108 seconds
[2020-01-13T14:00:15.871+0000][1][safepoint    ] Application time: 0.0000298 seconds
[2020-01-13T14:00:15.871+0000][1][safepoint    ] Entering safepoint region: RevokeBias
[2020-01-13T14:00:15.871+0000][1][safepoint    ] Leaving safepoint region
[2020-01-13T14:00:15.871+0000][1][safepoint    ] Total time for which application threads were stopped: 0.0000266 seconds, Stopping threads took: 0.0000111 seconds
[2020-01-13T14:00:15.871+0000][1][safepoint    ] Application time: 0.0000267 seconds
[2020-01-13T14:00:15.871+0000][1][safepoint    ] Entering safepoint region: RevokeBias
[2020-01-13T14:00:15.871+0000][1][safepoint    ] Leaving safepoint region
[2020-01-13T14:00:15.871+0000][1][safepoint    ] Total time for which application threads were stopped: 0.0000258 seconds, Stopping threads took: 0.0000105 seconds
[2020-01-13T14:00:15.871+0000][1][safepoint    ] Application time: 0.0001109 seconds
[2020-01-13T14:00:15.871+0000][1][safepoint    ] Entering safepoint region: RevokeBias
[2020-01-13T14:00:15.871+0000][1][safepoint    ] Leaving safepoint region
[2020-01-13T14:00:15.871+0000][1][safepoint    ] Total time for which application threads were stopped: 0.0000287 seconds, Stopping threads took: 0.0000115 seconds
[2020-01-13T14:00:15.871+0000][1][safepoint    ] Application time: 0.0000366 seconds
[2020-01-13T14:00:15.871+0000][1][safepoint    ] Entering safepoint region: RevokeBias
[2020-01-13T14:00:15.871+0000][1][safepoint    ] Leaving safepoint region
[2020-01-13T14:00:15.871+0000][1][safepoint    ] Total time for which application threads were stopped: 0.0000259 seconds, Stopping threads took: 0.0000105 seconds
[2020-01-13T14:00:15.872+0000][1][safepoint    ] Application time: 0.0000515 seconds
[2020-01-13T14:00:15.872+0000][1][safepoint    ] Entering safepoint region: RevokeBias
[2020-01-13T14:00:15.872+0000][1][safepoint    ] Leaving safepoint region
[2020-01-13T14:00:15.872+0000][1][safepoint    ] Total time for which application threads were stopped: 0.0000260 seconds, Stopping threads took: 0.0000106 seconds
[2020-01-13T14:00:15.872+0000][1][safepoint    ] Application time: 0.0000469 seconds
[2020-01-13T14:00:15.872+0000][1][safepoint    ] Entering safepoint region: RevokeBias
[2020-01-13T14:00:15.872+0000][1][safepoint    ] Leaving safepoint region
[2020-01-13T14:00:15.872+0000][1][safepoint    ] Total time for which application threads were stopped: 0.0000260 seconds, Stopping threads took: 0.0000106 seconds
[2020-01-13T14:00:15.872+0000][1][safepoint    ] Application time: 0.0000463 seconds
[2020-01-13T14:00:15.872+0000][1][safepoint    ] Entering safepoint region: BulkRevokeBias
[2020-01-13T14:00:15.872+0000][1][safepoint    ] Leaving safepoint region
[2020-01-13T14:00:15.872+0000][1][safepoint    ] Total time for which application threads were stopped: 0.0002655 seconds, Stopping threads took: 0.0000106 seconds
[2020-01-13T14:00:15.980+0000][1][safepoint    ] Application time: 0.1084165 seconds
[2020-01-13T14:00:15.980+0000][1][safepoint    ] Entering safepoint region: Deoptimize
[2020-01-13T14:00:15.981+0000][1][safepoint    ] Leaving safepoint region
[2020-01-13T14:00:15.981+0000][1][safepoint    ] Total time for which application threads were stopped: 0.0009776 seconds, Stopping threads took: 0.0000273 seconds
[2020-01-13T14:00:16.001+0000][1][safepoint    ] Application time: 0.0194400 seconds
[2020-01-13T14:00:16.001+0000][1][safepoint    ] Entering safepoint region: RevokeBias
[2020-01-13T14:00:16.001+0000][1][safepoint    ] Leaving safepoint region
[2020-01-13T14:00:16.001+0000][1][safepoint    ] Total time for which application threads were stopped: 0.0001511 seconds, Stopping threads took: 0.0000409 seconds
[2020-01-13T14:00:16.005+0000][1][safepoint    ] Application time: 0.0040014 seconds
[2020-01-13T14:00:16.005+0000][1][safepoint    ] Entering safepoint region: RevokeBias
[2020-01-13T14:00:16.005+0000][1][safepoint    ] Leaving safepoint region
[2020-01-13T14:00:16.005+0000][1][safepoint    ] Total time for which application threads were stopped: 0.0001137 seconds, Stopping threads took: 0.0000276 seconds
[2020-01-13T14:00:16.006+0000][1][safepoint    ] Application time: 0.0010507 seconds
[2020-01-13T14:00:16.006+0000][1][safepoint    ] Entering safepoint region: RevokeBias
[2020-01-13T14:00:16.006+0000][1][safepoint    ] Leaving safepoint region
[2020-01-13T14:00:16.006+0000][1][safepoint    ] Total time for which application threads were stopped: 0.0000912 seconds, Stopping threads took: 0.0000237 seconds
[2020-01-13T14:00:16.007+0000][1][safepoint    ] Application time: 0.0005705 seconds
[2020-01-13T14:00:16.007+0000][1][safepoint    ] Entering safepoint region: RevokeBias
[2020-01-13T14:00:16.007+0000][1][safepoint    ] Leaving safepoint region
[2020-01-13T14:00:16.007+0000][1][safepoint    ] Total time for which application threads were stopped: 0.0000758 seconds, Stopping threads took: 0.0000173 seconds
[2020-01-13T14:00:16.007+0000][1][safepoint    ] Application time: 0.0000389 seconds
[2020-01-13T14:00:16.007+0000][1][safepoint    ] Entering safepoint region: RevokeBias
[2020-01-13T14:00:16.007+0000][1][safepoint    ] Leaving safepoint region
[2020-01-13T14:00:16.007+0000][1][safepoint    ] Total time for which application threads were stopped: 0.0000428 seconds, Stopping threads took: 0.0000132 seconds
[2020-01-13T14:00:16.007+0000][1][safepoint    ] Application time: 0.0002332 seconds
[2020-01-13T14:00:16.007+0000][1][safepoint    ] Entering safepoint region: RevokeBias
[2020-01-13T14:00:16.008+0000][1][safepoint    ] Leaving safepoint region
[2020-01-13T14:00:16.008+0000][1][safepoint    ] Total time for which application threads were stopped: 0.0000554 seconds, Stopping threads took: 0.0000161 seconds
[2020-01-13T14:00:16.008+0000][1][safepoint    ] Application time: 0.0002101 seconds
[2020-01-13T14:00:16.008+0000][1][safepoint    ] Entering safepoint region: RevokeBias
[2020-01-13T14:00:16.008+0000][1][safepoint    ] Leaving safepoint region
[2020-01-13T14:00:16.008+0000][1][safepoint    ] Total time for which application threads were stopped: 0.0000446 seconds, Stopping threads took: 0.0000149 seconds
[2020-01-13T14:00:16.008+0000][1][safepoint    ] Application time: 0.0002229 seconds
[2020-01-13T14:00:16.008+0000][1][safepoint    ] Entering safepoint region: RevokeBias
[2020-01-13T14:00:16.008+0000][1][safepoint    ] Leaving safepoint region
[2020-01-13T14:00:16.008+0000][1][safepoint    ] Total time for which application threads were stopped: 0.0000661 seconds, Stopping threads took: 0.0000146 seconds
[2020-01-13T14:00:16.008+0000][1][safepoint    ] Application time: 0.0000456 seconds
[2020-01-13T14:00:16.008+0000][1][safepoint    ] Entering safepoint region: RevokeBias
[2020-01-13T14:00:16.008+0000][1][safepoint    ] Leaving safepoint region
[2020-01-13T14:00:16.008+0000][1][safepoint    ] Total time for which application threads were stopped: 0.0000514 seconds, Stopping threads took: 0.0000194 seconds
[2020-01-13T14:00:16.009+0000][1][safepoint    ] Application time: 0.0006876 seconds
[2020-01-13T14:00:16.009+0000][1][safepoint    ] Entering safepoint region: RevokeBias
[2020-01-13T14:00:16.009+0000][1][safepoint    ] Leaving safepoint region
[2020-01-13T14:00:16.009+0000][1][safepoint    ] Total time for which application threads were stopped: 0.0000769 seconds, Stopping threads took: 0.0000380 seconds
[2020-01-13T14:00:16.014+0000][1][safepoint    ] Application time: 0.0049380 seconds
[2020-01-13T14:00:16.014+0000][1][safepoint    ] Entering safepoint region: RevokeBias
[2020-01-13T14:00:16.014+0000][1][safepoint    ] Leaving safepoint region
[2020-01-13T14:00:16.014+0000][1][safepoint    ] Total time for which application threads were stopped: 0.0001142 seconds, Stopping threads took: 0.0000242 seconds
[2020-01-13T14:00:16.014+0000][1][safepoint    ] Application time: 0.0000793 seconds
[2020-01-13T14:00:16.014+0000][1][safepoint    ] Entering safepoint region: RevokeBias
[2020-01-13T14:00:16.014+0000][1][safepoint    ] Leaving safepoint region
[2020-01-13T14:00:16.014+0000][1][safepoint    ] Total time for which application threads were stopped: 0.0000426 seconds, Stopping threads took: 0.0000136 seconds
[2020-01-13T14:00:16.018+0000][1][safepoint    ] Application time: 0.0035392 seconds
[2020-01-13T14:00:16.018+0000][1][safepoint    ] Entering safepoint region: Deoptimize
[2020-01-13T14:00:16.019+0000][1][safepoint    ] Leaving safepoint region
[2020-01-13T14:00:16.019+0000][1][safepoint    ] Total time for which application threads were stopped: 0.0010856 seconds, Stopping threads took: 0.0001252 seconds
[2020-01-13T14:00:16.097+0000][1][safepoint    ] Application time: 0.0776422 seconds
[2020-01-13T14:00:16.101+0000][1][safepoint    ] Entering safepoint region: RevokeBias
[2020-01-13T14:00:16.101+0000][1][safepoint    ] Leaving safepoint region
[2020-01-13T14:00:16.101+0000][1][safepoint    ] Total time for which application threads were stopped: 0.0045116 seconds, Stopping threads took: 0.0043976 seconds
[2020-01-13T14:00:16.102+0000][1][safepoint    ] Application time: 0.0007306 seconds
[2020-01-13T14:00:16.102+0000][1][safepoint    ] Entering safepoint region: RevokeBias
[2020-01-13T14:00:16.102+0000][1][safepoint    ] Leaving safepoint region
[2020-01-13T14:00:16.102+0000][1][safepoint    ] Total time for which application threads were stopped: 0.0001303 seconds, Stopping threads took: 0.0000177 seconds
[2020-01-13T14:00:16.102+0000][1][safepoint    ] Application time: 0.0000605 seconds
[2020-01-13T14:00:16.102+0000][1][safepoint    ] Entering safepoint region: RevokeBias
[2020-01-13T14:00:16.102+0000][1][safepoint    ] Leaving safepoint region
[2020-01-13T14:00:16.102+0000][1][safepoint    ] Total time for which application threads were stopped: 0.0000532 seconds, Stopping threads took: 0.0000065 seconds
[2020-01-13T14:00:16.104+0000][1][safepoint    ] Application time: 0.0018073 seconds
[2020-01-13T14:00:16.104+0000][1][safepoint    ] Entering safepoint region: RevokeBias
[2020-01-13T14:00:16.104+0000][1][safepoint    ] Leaving safepoint region
[2020-01-13T14:00:16.104+0000][1][safepoint    ] Total time for which application threads were stopped: 0.0000944 seconds, Stopping threads took: 0.0000304 seconds
[2020-01-13T14:00:16.130+0000][1][safepoint    ] Application time: 0.0254746 seconds
[2020-01-13T14:00:16.131+0000][1][safepoint    ] Entering safepoint region: RevokeBias
[2020-01-13T14:00:16.131+0000][1][safepoint    ] Leaving safepoint region
[2020-01-13T14:00:16.131+0000][1][safepoint    ] Total time for which application threads were stopped: 0.0012471 seconds, Stopping threads took: 0.0011386 seconds
[2020-01-13T14:00:16.701+0000][1][safepoint    ] Application time: 0.5703020 seconds
[2020-01-13T14:00:16.701+0000][1][safepoint    ] Entering safepoint region: RevokeBias
[2020-01-13T14:00:16.701+0000][1][safepoint    ] Leaving safepoint region
[2020-01-13T14:00:16.701+0000][1][safepoint    ] Total time for which application threads were stopped: 0.0001346 seconds, Stopping threads took: 0.0000179 seconds
[2020-01-13T14:00:16.701+0000][1][safepoint    ] Application time: 0.0000465 seconds
[2020-01-13T14:00:16.701+0000][1][safepoint    ] Entering safepoint region: RevokeBias
[2020-01-13T14:00:16.702+0000][1][safepoint    ] Leaving safepoint region
[2020-01-13T14:00:16.702+0000][1][safepoint    ] Total time for which application threads were stopped: 0.0000506 seconds, Stopping threads took: 0.0000199 seconds
[2020-01-13T14:00:16.702+0000][1][safepoint    ] Application time: 0.0000267 seconds
[2020-01-13T14:00:16.702+0000][1][safepoint    ] Entering safepoint region: RevokeBias
[2020-01-13T14:00:16.702+0000][1][safepoint    ] Leaving safepoint region
[2020-01-13T14:00:16.702+0000][1][safepoint    ] Total time for which application threads were stopped: 0.0000242 seconds, Stopping threads took: 0.0000058 seconds
[2020-01-13T14:00:16.702+0000][1][safepoint    ] Application time: 0.0000222 seconds
[2020-01-13T14:00:16.702+0000][1][safepoint    ] Entering safepoint region: RevokeBias
[2020-01-13T14:00:16.702+0000][1][safepoint    ] Leaving safepoint region
[2020-01-13T14:00:16.702+0000][1][safepoint    ] Total time for which application threads were stopped: 0.0000233 seconds, Stopping threads took: 0.0000056 seconds
[2020-01-13T14:00:16.702+0000][1][safepoint    ] Application time: 0.0000228 seconds
[2020-01-13T14:00:16.702+0000][1][safepoint    ] Entering safepoint region: RevokeBias
[2020-01-13T14:00:16.702+0000][1][safepoint    ] Leaving safepoint region
[2020-01-13T14:00:16.702+0000][1][safepoint    ] Total time for which application threads were stopped: 0.0000241 seconds, Stopping threads took: 0.0000061 seconds
[2020-01-13T14:00:16.702+0000][1][safepoint    ] Application time: 0.0000270 seconds
[2020-01-13T14:00:16.702+0000][1][safepoint    ] Entering safepoint region: RevokeBias
[2020-01-13T14:00:16.702+0000][1][safepoint    ] Leaving safepoint region
[2020-01-13T14:00:16.702+0000][1][safepoint    ] Total time for which application threads were stopped: 0.0000230 seconds, Stopping threads took: 0.0000055 seconds
[2020-01-13T14:00:16.702+0000][1][safepoint    ] Application time: 0.0000224 seconds
[2020-01-13T14:00:16.702+0000][1][safepoint    ] Entering safepoint region: RevokeBias
[2020-01-13T14:00:16.702+0000][1][safepoint    ] Leaving safepoint region
[2020-01-13T14:00:16.702+0000][1][safepoint    ] Total time for which application threads were stopped: 0.0000228 seconds, Stopping threads took: 0.0000054 seconds
[2020-01-13T14:00:16.702+0000][1][safepoint    ] Application time: 0.0000277 seconds
[2020-01-13T14:00:16.702+0000][1][safepoint    ] Entering safepoint region: RevokeBias
[2020-01-13T14:00:16.702+0000][1][safepoint    ] Leaving safepoint region
[2020-01-13T14:00:16.702+0000][1][safepoint    ] Total time for which application threads were stopped: 0.0000278 seconds, Stopping threads took: 0.0000089 seconds
[2020-01-13T14:00:17.702+0000][1][safepoint    ] Application time: 1.0001032 seconds
[2020-01-13T14:00:17.702+0000][1][safepoint    ] Entering safepoint region: Cleanup
[2020-01-13T14:00:17.702+0000][1][safepoint    ] Leaving safepoint region
[2020-01-13T14:00:17.702+0000][1][safepoint    ] Total time for which application threads were stopped: 0.0001022 seconds, Stopping threads took: 0.0000259 seconds
[2020-01-13T14:00:18.703+0000][1][safepoint    ] Application time: 1.0008253 seconds
[2020-01-13T14:00:18.703+0000][1][safepoint    ] Entering safepoint region: Cleanup
[2020-01-13T14:00:18.703+0000][1][safepoint    ] Leaving safepoint region
[2020-01-13T14:00:18.703+0000][1][safepoint    ] Total time for which application threads were stopped: 0.0000991 seconds, Stopping threads took: 0.0000287 seconds
[2020-01-13T14:00:19.110+0000][1][safepoint    ] Application time: 0.4067047 seconds
[2020-01-13T14:00:19.110+0000][1][safepoint    ] Entering safepoint region: RevokeBias
[2020-01-13T14:00:19.110+0000][1][safepoint    ] Leaving safepoint region
[2020-01-13T14:00:19.110+0000][1][safepoint    ] Total time for which application threads were stopped: 0.0001086 seconds, Stopping threads took: 0.0000327 seconds
[2020-01-13T14:00:20.110+0000][1][safepoint    ] Application time: 1.0003626 seconds
[2020-01-13T14:00:20.111+0000][1][safepoint    ] Entering safepoint region: Cleanup
[2020-01-13T14:00:20.111+0000][1][safepoint    ] Leaving safepoint region
[2020-01-13T14:00:20.111+0000][1][safepoint    ] Total time for which application threads were stopped: 0.0001406 seconds, Stopping threads took: 0.0000404 seconds
[2020-01-13T14:00:21.010+0000][1][safepoint    ] Application time: 0.8990266 seconds
[2020-01-13T14:00:21.010+0000][1][safepoint    ] Entering safepoint region: RevokeBias
[2020-01-13T14:00:21.010+0000][1][safepoint    ] Leaving safepoint region
[2020-01-13T14:00:21.010+0000][1][safepoint    ] Total time for which application threads were stopped: 0.0001202 seconds, Stopping threads took: 0.0000199 seconds
[2020-01-13T14:00:21.010+0000][1][safepoint    ] Application time: 0.0000579 seconds
[2020-01-13T14:00:21.010+0000][1][safepoint    ] Entering safepoint region: RevokeBias
[2020-01-13T14:00:21.010+0000][1][safepoint    ] Leaving safepoint region
[2020-01-13T14:00:21.010+0000][1][safepoint    ] Total time for which application threads were stopped: 0.0000328 seconds, Stopping threads took: 0.0000062 seconds
[2020-01-13T14:00:22.010+0000][1][safepoint    ] Application time: 1.0001674 seconds
[2020-01-13T14:00:22.010+0000][1][safepoint    ] Entering safepoint region: Cleanup
[2020-01-13T14:00:22.010+0000][1][safepoint    ] Leaving safepoint region
[2020-01-13T14:00:22.010+0000][1][safepoint    ] Total time for which application threads were stopped: 0.0001135 seconds, Stopping threads took: 0.0000282 seconds
[2020-01-13T14:00:23.011+0000][1][safepoint    ] Application time: 1.0001561 seconds
[2020-01-13T14:00:23.011+0000][1][safepoint    ] Entering safepoint region: Cleanup
[2020-01-13T14:00:23.011+0000][1][safepoint    ] Leaving safepoint region
[2020-01-13T14:00:23.011+0000][1][safepoint    ] Total time for which application threads were stopped: 0.0001220 seconds, Stopping threads took: 0.0000338 seconds
[2020-01-13T14:00:26.011+0000][1][safepoint    ] Application time: 3.0004383 seconds
[2020-01-13T14:00:26.011+0000][1][safepoint    ] Entering safepoint region: Cleanup
[2020-01-13T14:00:26.011+0000][1][safepoint    ] Leaving safepoint region
[2020-01-13T14:00:26.011+0000][1][safepoint    ] Total time for which application threads were stopped: 0.0001270 seconds, Stopping threads took: 0.0000272 seconds
[2020-01-13T14:00:27.012+0000][1][safepoint    ] Application time: 1.0001651 seconds
[2020-01-13T14:00:27.012+0000][1][safepoint    ] Entering safepoint region: Cleanup
[2020-01-13T14:00:27.012+0000][1][safepoint    ] Leaving safepoint region
[2020-01-13T14:00:27.012+0000][1][safepoint    ] Total time for which application threads were stopped: 0.0001085 seconds, Stopping threads took: 0.0000339 seconds
[2020-01-13T14:00:28.012+0000][1][safepoint    ] Application time: 1.0001566 seconds
[2020-01-13T14:00:28.012+0000][1][safepoint    ] Entering safepoint region: Cleanup
[2020-01-13T14:00:28.012+0000][1][safepoint    ] Leaving safepoint region
[2020-01-13T14:00:28.012+0000][1][safepoint    ] Total time for which application threads were stopped: 0.0001344 seconds, Stopping threads took: 0.0000405 seconds
[2020-01-13T14:00:31.013+0000][1][safepoint    ] Application time: 3.0004082 seconds
[2020-01-13T14:00:31.013+0000][1][safepoint    ] Entering safepoint region: Cleanup
[2020-01-13T14:00:31.013+0000][1][safepoint    ] Leaving safepoint region
[2020-01-13T14:00:31.013+0000][1][safepoint    ] Total time for which application threads were stopped: 0.0001049 seconds, Stopping threads took: 0.0000402 seconds
[2020-01-13T14:00:32.013+0000][1][safepoint    ] Application time: 1.0001538 seconds
[2020-01-13T14:00:32.013+0000][1][safepoint    ] Entering safepoint region: Cleanup
[2020-01-13T14:00:32.013+0000][1][safepoint    ] Leaving safepoint region
[2020-01-13T14:00:32.013+0000][1][safepoint    ] Total time for which application threads were stopped: 0.0001130 seconds, Stopping threads took: 0.0000409 seconds
[2020-01-13T14:00:41.014+0000][1][safepoint    ] Application time: 9.0014419 seconds
[2020-01-13T14:00:41.015+0000][1][safepoint    ] Entering safepoint region: Cleanup
[2020-01-13T14:00:41.015+0000][1][safepoint    ] Leaving safepoint region
[2020-01-13T14:00:41.015+0000][1][safepoint    ] Total time for which application threads were stopped: 0.0001330 seconds, Stopping threads took: 0.0000318 seconds
[2020-01-13T14:00:42.015+0000][1][safepoint    ] Application time: 1.0001590 seconds
[2020-01-13T14:00:42.015+0000][1][safepoint    ] Entering safepoint region: Cleanup
[2020-01-13T14:00:42.015+0000][1][safepoint    ] Leaving safepoint region
[2020-01-13T14:00:42.015+0000][1][safepoint    ] Total time for which application threads were stopped: 0.0001257 seconds, Stopping threads took: 0.0000480 seconds
[2020-01-13T14:00:43.015+0000][1][safepoint    ] Application time: 1.0001489 seconds
[2020-01-13T14:00:43.015+0000][1][safepoint    ] Entering safepoint region: Cleanup
[2020-01-13T14:00:43.015+0000][1][safepoint    ] Leaving safepoint region
[2020-01-13T14:00:43.015+0000][1][safepoint    ] Total time for which application threads were stopped: 0.0001112 seconds, Stopping threads took: 0.0000287 seconds
[2020-01-13T14:00:46.016+0000][1][safepoint    ] Application time: 3.0004256 seconds
[2020-01-13T14:00:46.016+0000][1][safepoint    ] Entering safepoint region: Cleanup
[2020-01-13T14:00:46.016+0000][1][safepoint    ] Leaving safepoint region
[2020-01-13T14:00:46.016+0000][1][safepoint    ] Total time for which application threads were stopped: 0.0001457 seconds, Stopping threads took: 0.0000588 seconds
[2020-01-13T14:00:46.160+0000][1][safepoint    ] Application time: 0.1441543 seconds
[2020-01-13T14:00:46.160+0000][1][safepoint    ] Entering safepoint region: RevokeBias
[2020-01-13T14:00:46.160+0000][1][safepoint    ] Leaving safepoint region
[2020-01-13T14:00:46.160+0000][1][safepoint    ] Total time for which application threads were stopped: 0.0001974 seconds, Stopping threads took: 0.0000525 seconds
[2020-01-13T14:00:46.161+0000][1][safepoint    ] Application time: 0.0001499 seconds
[2020-01-13T14:00:46.161+0000][1][safepoint    ] Entering safepoint region: RevokeBias
[2020-01-13T14:00:46.161+0000][1][safepoint    ] Leaving safepoint region
[2020-01-13T14:00:46.161+0000][1][safepoint    ] Total time for which application threads were stopped: 0.0000761 seconds, Stopping threads took: 0.0000214 seconds
[2020-01-13T14:00:46.161+0000][1][safepoint    ] Application time: 0.0000841 seconds
[2020-01-13T14:00:46.161+0000][1][safepoint    ] Entering safepoint region: RevokeBias
[2020-01-13T14:00:46.161+0000][1][safepoint    ] Leaving safepoint region
[2020-01-13T14:00:46.161+0000][1][safepoint    ] Total time for which application threads were stopped: 0.0000582 seconds, Stopping threads took: 0.0000189 seconds
[2020-01-13T14:00:46.161+0000][1][safepoint    ] Application time: 0.0003654 seconds
[2020-01-13T14:00:46.164+0000][1][safepoint    ] Entering safepoint region: RevokeBias
[2020-01-13T14:00:46.164+0000][1][safepoint    ] Leaving safepoint region
[2020-01-13T14:00:46.164+0000][1][safepoint    ] Total time for which application threads were stopped: 0.0023874 seconds, Stopping threads took: 0.0023270 seconds
[2020-01-13T14:00:46.164+0000][1][safepoint    ] Application time: 0.0000972 seconds
[2020-01-13T14:00:46.164+0000][1][safepoint    ] Entering safepoint region: RevokeBias
[2020-01-13T14:00:46.164+0000][1][safepoint    ] Leaving safepoint region
[2020-01-13T14:00:46.164+0000][1][safepoint    ] Total time for which application threads were stopped: 0.0000361 seconds, Stopping threads took: 0.0000122 seconds
[2020-01-13T14:00:47.164+0000][1][safepoint    ] Application time: 1.0001547 seconds
[2020-01-13T14:00:47.164+0000][1][safepoint    ] Entering safepoint region: Cleanup
[2020-01-13T14:00:47.164+0000][1][safepoint    ] Leaving safepoint region
[2020-01-13T14:00:47.164+0000][1][safepoint    ] Total time for which application threads were stopped: 0.0001206 seconds, Stopping threads took: 0.0000276 seconds
[2020-01-13T14:00:48.164+0000][1][safepoint    ] Application time: 1.0001661 seconds
[2020-01-13T14:00:48.164+0000][1][safepoint    ] Entering safepoint region: Cleanup
[2020-01-13T14:00:48.165+0000][1][safepoint    ] Leaving safepoint region
[2020-01-13T14:00:48.165+0000][1][safepoint    ] Total time for which application threads were stopped: 0.0001320 seconds, Stopping threads took: 0.0000621 seconds
[2020-01-13T14:00:49.165+0000][1][safepoint    ] Application time: 1.0001499 seconds
[2020-01-13T14:00:49.165+0000][1][safepoint    ] Entering safepoint region: Cleanup
[2020-01-13T14:00:49.165+0000][1][safepoint    ] Leaving safepoint region
[2020-01-13T14:00:49.165+0000][1][safepoint    ] Total time for which application threads were stopped: 0.0001010 seconds, Stopping threads took: 0.0000315 seconds
[2020-01-13T14:00:50.751+0000][1][safepoint    ] Application time: 1.5864901 seconds
[2020-01-13T14:00:50.751+0000][1][safepoint    ] Entering safepoint region: GenCollectForAllocation
[2020-01-13T14:00:50.752+0000][1][gc,start     ] GC(22) Pause Young (Allocation Failure)
[2020-01-13T14:00:50.752+0000][1][gc,task      ] GC(22) Using 1 workers of 1 for evacuation
[2020-01-13T14:00:50.787+0000][1][gc,age       ] GC(22) Desired survivor size 4358144 bytes, new threshold 2 (max threshold 6)
[2020-01-13T14:00:50.787+0000][1][gc,age       ] GC(22) Age table with threshold 2 (max threshold 6)
[2020-01-13T14:00:50.787+0000][1][gc,age       ] GC(22) - age   1:    2433536 bytes,    2433536 total
[2020-01-13T14:00:50.787+0000][1][gc,age       ] GC(22) - age   2:    2419184 bytes,    4852720 total
[2020-01-13T14:00:50.787+0000][1][gc,heap      ] GC(22) ParNew: 73019K->4773K(76672K)
[2020-01-13T14:00:50.787+0000][1][gc,heap      ] GC(22) CMS: 60511K->62614K(176960K)
[2020-01-13T14:00:50.787+0000][1][gc,metaspace ] GC(22) Metaspace: 63688K->63688K(1107968K)
[2020-01-13T14:00:50.787+0000][1][gc           ] GC(22) Pause Young (Allocation Failure) 130M->65M(247M) 35.601ms
[2020-01-13T14:00:50.787+0000][1][gc,cpu       ] GC(22) User=0.04s Sys=0.00s Real=0.03s
[2020-01-13T14:00:50.787+0000][1][safepoint    ] Leaving safepoint region
[2020-01-13T14:00:50.787+0000][1][safepoint    ] Total time for which application threads were stopped: 0.0358070 seconds, Stopping threads took: 0.0000341 seconds
[2020-01-13T14:00:52.859+0000][1][safepoint    ] Application time: 2.0715549 seconds
[2020-01-13T14:00:52.859+0000][1][safepoint    ] Entering safepoint region: RevokeBias
[2020-01-13T14:00:52.859+0000][1][safepoint    ] Leaving safepoint region
[2020-01-13T14:00:52.859+0000][1][safepoint    ] Total time for which application threads were stopped: 0.0000900 seconds, Stopping threads took: 0.0000208 seconds
[2020-01-13T14:00:53.859+0000][1][safepoint    ] Application time: 1.0001234 seconds
[2020-01-13T14:00:53.859+0000][1][safepoint    ] Entering safepoint region: Cleanup
[2020-01-13T14:00:53.859+0000][1][safepoint    ] Leaving safepoint region
[2020-01-13T14:00:53.859+0000][1][safepoint    ] Total time for which application threads were stopped: 0.0001890 seconds, Stopping threads took: 0.0000348 seconds
[2020-01-13T14:00:55.860+0000][1][safepoint    ] Application time: 2.0003059 seconds
[2020-01-13T14:00:55.860+0000][1][safepoint    ] Entering safepoint region: Cleanup
[2020-01-13T14:00:55.860+0000][1][safepoint    ] Leaving safepoint region
[2020-01-13T14:00:55.860+0000][1][safepoint    ] Total time for which application threads were stopped: 0.0001366 seconds, Stopping threads took: 0.0000349 seconds
[2020-01-13T14:00:58.860+0000][1][safepoint    ] Application time: 3.0004436 seconds
[2020-01-13T14:00:58.861+0000][1][safepoint    ] Entering safepoint region: Cleanup
[2020-01-13T14:00:58.861+0000][1][safepoint    ] Leaving safepoint region
[2020-01-13T14:00:58.861+0000][1][safepoint    ] Total time for which application threads were stopped: 0.0001215 seconds, Stopping threads took: 0.0000436 seconds
[2020-01-13T14:00:59.861+0000][1][safepoint    ] Application time: 1.0001237 seconds
[2020-01-13T14:00:59.861+0000][1][safepoint    ] Entering safepoint region: Cleanup
[2020-01-13T14:00:59.861+0000][1][safepoint    ] Leaving safepoint region
[2020-01-13T14:00:59.861+0000][1][safepoint    ] Total time for which application threads were stopped: 0.0001404 seconds, Stopping threads took: 0.0000350 seconds
[2020-01-13T14:01:00.861+0000][1][safepoint    ] Application time: 1.0001264 seconds
[2020-01-13T14:01:00.861+0000][1][safepoint    ] Entering safepoint region: Cleanup
[2020-01-13T14:01:00.861+0000][1][safepoint    ] Leaving safepoint region
[2020-01-13T14:01:00.861+0000][1][safepoint    ] Total time for which application threads were stopped: 0.0001315 seconds, Stopping threads took: 0.0000292 seconds
[2020-01-13T14:01:01.861+0000][1][safepoint    ] Application time: 1.0001164 seconds
[2020-01-13T14:01:01.862+0000][1][safepoint    ] Entering safepoint region: Cleanup
[2020-01-13T14:01:01.862+0000][1][safepoint    ] Leaving safepoint region
[2020-01-13T14:01:01.862+0000][1][safepoint    ] Total time for which application threads were stopped: 0.0001115 seconds, Stopping threads took: 0.0000273 seconds
[2020-01-13T14:01:04.862+0000][1][safepoint    ] Application time: 3.0004728 seconds
[2020-01-13T14:01:04.863+0000][1][safepoint    ] Entering safepoint region: Cleanup
[2020-01-13T14:01:04.863+0000][1][safepoint    ] Leaving safepoint region
[2020-01-13T14:01:04.863+0000][1][safepoint    ] Total time for which application threads were stopped: 0.0002030 seconds, Stopping threads took: 0.0000790 seconds
[2020-01-13T14:01:05.864+0000][1][safepoint    ] Application time: 1.0001573 seconds
[2020-01-13T14:01:05.864+0000][1][safepoint    ] Entering safepoint region: Cleanup
[2020-01-13T14:01:05.864+0000][1][safepoint    ] Leaving safepoint region
[2020-01-13T14:01:05.864+0000][1][safepoint    ] Total time for which application threads were stopped: 0.0001123 seconds, Stopping threads took: 0.0000264 seconds
[2020-01-13T14:01:06.864+0000][1][safepoint    ] Application time: 1.0001648 seconds
[2020-01-13T14:01:06.864+0000][1][safepoint    ] Entering safepoint region: Cleanup
[2020-01-13T14:01:06.864+0000][1][safepoint    ] Leaving safepoint region
[2020-01-13T14:01:06.864+0000][1][safepoint    ] Total time for which application threads were stopped: 0.0001364 seconds, Stopping threads took: 0.0000347 seconds
[2020-01-13T14:01:16.866+0000][1][safepoint    ] Application time: 10.0015092 seconds
[2020-01-13T14:01:16.866+0000][1][safepoint    ] Entering safepoint region: Cleanup
[2020-01-13T14:01:16.866+0000][1][safepoint    ] Leaving safepoint region
[2020-01-13T14:01:16.866+0000][1][safepoint    ] Total time for which application threads were stopped: 0.0001227 seconds, Stopping threads took: 0.0000331 seconds
[2020-01-13T14:01:17.866+0000][1][safepoint    ] Application time: 1.0002602 seconds
[2020-01-13T14:01:17.866+0000][1][safepoint    ] Entering safepoint region: Cleanup
[2020-01-13T14:01:17.866+0000][1][safepoint    ] Leaving safepoint region
[2020-01-13T14:01:17.866+0000][1][safepoint    ] Total time for which application threads were stopped: 0.0001407 seconds, Stopping threads took: 0.0000330 seconds
[2020-01-13T14:01:19.193+0000][1][safepoint    ] Application time: 1.3270555 seconds
[2020-01-13T14:01:19.194+0000][1][safepoint    ] Entering safepoint region: RevokeBias
[2020-01-13T14:01:19.194+0000][1][safepoint    ] Leaving safepoint region
[2020-01-13T14:01:19.194+0000][1][safepoint    ] Total time for which application threads were stopped: 0.0001275 seconds, Stopping threads took: 0.0000431 seconds
[2020-01-13T14:01:19.201+0000][1][safepoint    ] Application time: 0.0068566 seconds
[2020-01-13T14:01:19.203+0000][1][safepoint    ] Entering safepoint region: RevokeBias
[2020-01-13T14:01:19.203+0000][1][safepoint    ] Leaving safepoint region
[2020-01-13T14:01:19.203+0000][1][safepoint    ] Total time for which application threads were stopped: 0.0021750 seconds, Stopping threads took: 0.0020558 seconds
[2020-01-13T14:01:19.203+0000][1][safepoint    ] Application time: 0.0000743 seconds
[2020-01-13T14:01:19.203+0000][1][safepoint    ] Entering safepoint region: RevokeBias
[2020-01-13T14:01:19.203+0000][1][safepoint    ] Leaving safepoint region
[2020-01-13T14:01:19.203+0000][1][safepoint    ] Total time for which application threads were stopped: 0.0000616 seconds, Stopping threads took: 0.0000140 seconds
[2020-01-13T14:01:19.203+0000][1][safepoint    ] Application time: 0.0002754 seconds
[2020-01-13T14:01:19.203+0000][1][safepoint    ] Entering safepoint region: RevokeBias
[2020-01-13T14:01:19.203+0000][1][safepoint    ] Leaving safepoint region
[2020-01-13T14:01:19.203+0000][1][safepoint    ] Total time for which application threads were stopped: 0.0001233 seconds, Stopping threads took: 0.0000121 seconds
[2020-01-13T14:01:19.203+0000][1][safepoint    ] Application time: 0.0000991 seconds
[2020-01-13T14:01:19.203+0000][1][safepoint    ] Entering safepoint region: RevokeBias
[2020-01-13T14:01:19.204+0000][1][safepoint    ] Leaving safepoint region
[2020-01-13T14:01:19.204+0000][1][safepoint    ] Total time for which application threads were stopped: 0.0000682 seconds, Stopping threads took: 0.0000065 seconds
[2020-01-13T14:01:19.205+0000][1][safepoint    ] Application time: 0.0014015 seconds
[2020-01-13T14:01:19.205+0000][1][safepoint    ] Entering safepoint region: RevokeBias
[2020-01-13T14:01:19.205+0000][1][safepoint    ] Leaving safepoint region
[2020-01-13T14:01:19.205+0000][1][safepoint    ] Total time for which application threads were stopped: 0.0000660 seconds, Stopping threads took: 0.0000128 seconds
[2020-01-13T14:01:19.205+0000][1][safepoint    ] Application time: 0.0000926 seconds
[2020-01-13T14:01:19.205+0000][1][safepoint    ] Entering safepoint region: RevokeBias
[2020-01-13T14:01:19.205+0000][1][safepoint    ] Leaving safepoint region
[2020-01-13T14:01:19.205+0000][1][safepoint    ] Total time for which application threads were stopped: 0.0000770 seconds, Stopping threads took: 0.0000104 seconds
[2020-01-13T14:01:19.205+0000][1][safepoint    ] Application time: 0.0000249 seconds
[2020-01-13T14:01:19.205+0000][1][safepoint    ] Entering safepoint region: RevokeBias
[2020-01-13T14:01:19.205+0000][1][safepoint    ] Leaving safepoint region
[2020-01-13T14:01:19.205+0000][1][safepoint    ] Total time for which application threads were stopped: 0.0000241 seconds, Stopping threads took: 0.0000057 seconds
[2020-01-13T14:01:19.205+0000][1][safepoint    ] Application time: 0.0001141 seconds
[2020-01-13T14:01:19.205+0000][1][safepoint    ] Entering safepoint region: RevokeBias
[2020-01-13T14:01:19.205+0000][1][safepoint    ] Leaving safepoint region
[2020-01-13T14:01:19.205+0000][1][safepoint    ] Total time for which application threads were stopped: 0.0000619 seconds, Stopping threads took: 0.0000076 seconds
[2020-01-13T14:01:19.206+0000][1][safepoint    ] Application time: 0.0000326 seconds
[2020-01-13T14:01:19.206+0000][1][safepoint    ] Entering safepoint region: RevokeBias
[2020-01-13T14:01:19.206+0000][1][safepoint    ] Leaving safepoint region
[2020-01-13T14:01:19.206+0000][1][safepoint    ] Total time for which application threads were stopped: 0.0000258 seconds, Stopping threads took: 0.0000059 seconds
[2020-01-13T14:01:19.212+0000][1][safepoint    ] Application time: 0.0060971 seconds
[2020-01-13T14:01:19.212+0000][1][safepoint    ] Entering safepoint region: RevokeBias
[2020-01-13T14:01:19.212+0000][1][safepoint    ] Leaving safepoint region
[2020-01-13T14:01:19.212+0000][1][safepoint    ] Total time for which application threads were stopped: 0.0001043 seconds, Stopping threads took: 0.0000435 seconds
[2020-01-13T14:01:19.213+0000][1][safepoint    ] Application time: 0.0010949 seconds
[2020-01-13T14:01:19.213+0000][1][safepoint    ] Entering safepoint region: RevokeBias
[2020-01-13T14:01:19.213+0000][1][safepoint    ] Leaving safepoint region
[2020-01-13T14:01:19.213+0000][1][safepoint    ] Total time for which application threads were stopped: 0.0000858 seconds, Stopping threads took: 0.0000322 seconds
[2020-01-13T14:01:19.213+0000][1][safepoint    ] Application time: 0.0000939 seconds
[2020-01-13T14:01:19.213+0000][1][safepoint    ] Entering safepoint region: RevokeBias
[2020-01-13T14:01:19.213+0000][1][safepoint    ] Leaving safepoint region
[2020-01-13T14:01:19.213+0000][1][safepoint    ] Total time for which application threads were stopped: 0.0000874 seconds, Stopping threads took: 0.0000065 seconds
[2020-01-13T14:01:19.213+0000][1][safepoint    ] Application time: 0.0000375 seconds
[2020-01-13T14:01:19.213+0000][1][safepoint    ] Entering safepoint region: RevokeBias
[2020-01-13T14:01:19.213+0000][1][safepoint    ] Leaving safepoint region
[2020-01-13T14:01:19.213+0000][1][safepoint    ] Total time for which application threads were stopped: 0.0000597 seconds, Stopping threads took: 0.0000196 seconds
[2020-01-13T14:01:19.216+0000][1][safepoint    ] Application time: 0.0022330 seconds
[2020-01-13T14:01:19.216+0000][1][safepoint    ] Entering safepoint region: RevokeBias
[2020-01-13T14:01:19.216+0000][1][safepoint    ] Leaving safepoint region
[2020-01-13T14:01:19.216+0000][1][safepoint    ] Total time for which application threads were stopped: 0.0000935 seconds, Stopping threads took: 0.0000242 seconds
[2020-01-13T14:01:19.216+0000][1][safepoint    ] Application time: 0.0000284 seconds
[2020-01-13T14:01:19.216+0000][1][safepoint    ] Entering safepoint region: RevokeBias
[2020-01-13T14:01:19.216+0000][1][safepoint    ] Leaving safepoint region
[2020-01-13T14:01:19.216+0000][1][safepoint    ] Total time for which application threads were stopped: 0.0000448 seconds, Stopping threads took: 0.0000131 seconds
[2020-01-13T14:01:19.216+0000][1][safepoint    ] Application time: 0.0000254 seconds
[2020-01-13T14:01:19.216+0000][1][safepoint    ] Entering safepoint region: RevokeBias
[2020-01-13T14:01:19.216+0000][1][safepoint    ] Leaving safepoint region
[2020-01-13T14:01:19.216+0000][1][safepoint    ] Total time for which application threads were stopped: 0.0000345 seconds, Stopping threads took: 0.0000129 seconds
[2020-01-13T14:01:19.222+0000][1][safepoint    ] Application time: 0.0063873 seconds
[2020-01-13T14:01:19.222+0000][1][safepoint    ] Entering safepoint region: RevokeBias
[2020-01-13T14:01:19.222+0000][1][safepoint    ] Leaving safepoint region
[2020-01-13T14:01:19.222+0000][1][safepoint    ] Total time for which application threads were stopped: 0.0001872 seconds, Stopping threads took: 0.0000432 seconds
[2020-01-13T14:01:19.224+0000][1][safepoint    ] Application time: 0.0013444 seconds
[2020-01-13T14:01:19.224+0000][1][safepoint    ] Entering safepoint region: RevokeBias
[2020-01-13T14:01:19.224+0000][1][safepoint    ] Leaving safepoint region
[2020-01-13T14:01:19.224+0000][1][safepoint    ] Total time for which application threads were stopped: 0.0001381 seconds, Stopping threads took: 0.0000286 seconds
[2020-01-13T14:01:19.225+0000][1][safepoint    ] Application time: 0.0007549 seconds
[2020-01-13T14:01:19.227+0000][1][safepoint    ] Entering safepoint region: RevokeBias
[2020-01-13T14:01:19.227+0000][1][safepoint    ] Leaving safepoint region
[2020-01-13T14:01:19.227+0000][1][safepoint    ] Total time for which application threads were stopped: 0.0021513 seconds, Stopping threads took: 0.0020482 seconds
[2020-01-13T14:01:19.228+0000][1][safepoint    ] Application time: 0.0012561 seconds
[2020-01-13T14:01:19.228+0000][1][safepoint    ] Entering safepoint region: RevokeBias
[2020-01-13T14:01:19.228+0000][1][safepoint    ] Leaving safepoint region
[2020-01-13T14:01:19.228+0000][1][safepoint    ] Total time for which application threads were stopped: 0.0001197 seconds, Stopping threads took: 0.0000141 seconds
[2020-01-13T14:01:19.234+0000][1][safepoint    ] Application time: 0.0055410 seconds
[2020-01-13T14:01:19.234+0000][1][safepoint    ] Entering safepoint region: RevokeBias
[2020-01-13T14:01:19.234+0000][1][safepoint    ] Leaving safepoint region
[2020-01-13T14:01:19.234+0000][1][safepoint    ] Total time for which application threads were stopped: 0.0002320 seconds, Stopping threads took: 0.0000373 seconds
[2020-01-13T14:01:19.237+0000][1][safepoint    ] Application time: 0.0030485 seconds
[2020-01-13T14:01:19.237+0000][1][safepoint    ] Entering safepoint region: RevokeBias
[2020-01-13T14:01:19.237+0000][1][safepoint    ] Leaving safepoint region
[2020-01-13T14:01:19.237+0000][1][safepoint    ] Total time for which application threads were stopped: 0.0001103 seconds, Stopping threads took: 0.0000346 seconds
[2020-01-13T14:01:19.237+0000][1][safepoint    ] Application time: 0.0000570 seconds
[2020-01-13T14:01:19.237+0000][1][safepoint    ] Entering safepoint region: RevokeBias
[2020-01-13T14:01:19.237+0000][1][safepoint    ] Leaving safepoint region
[2020-01-13T14:01:19.237+0000][1][safepoint    ] Total time for which application threads were stopped: 0.0000344 seconds, Stopping threads took: 0.0000135 seconds
[2020-01-13T14:01:19.284+0000][1][safepoint    ] Application time: 0.0468597 seconds
[2020-01-13T14:01:19.284+0000][1][safepoint    ] Entering safepoint region: RevokeBias
[2020-01-13T14:01:19.285+0000][1][safepoint    ] Leaving safepoint region
[2020-01-13T14:01:19.285+0000][1][safepoint    ] Total time for which application threads were stopped: 0.0002348 seconds, Stopping threads took: 0.0000283 seconds
[2020-01-13T14:01:19.330+0000][1][safepoint    ] Application time: 0.0454649 seconds
[2020-01-13T14:01:19.333+0000][1][safepoint    ] Entering safepoint region: RevokeBias
[2020-01-13T14:01:19.334+0000][1][safepoint    ] Leaving safepoint region
[2020-01-13T14:01:19.334+0000][1][safepoint    ] Total time for which application threads were stopped: 0.0033798 seconds, Stopping threads took: 0.0032665 seconds
[2020-01-13T14:01:19.336+0000][1][safepoint    ] Application time: 0.0026407 seconds
[2020-01-13T14:01:19.336+0000][1][safepoint    ] Entering safepoint region: RevokeBias
[2020-01-13T14:01:19.336+0000][1][safepoint    ] Leaving safepoint region
[2020-01-13T14:01:19.336+0000][1][safepoint    ] Total time for which application threads were stopped: 0.0001377 seconds, Stopping threads took: 0.0000387 seconds
[2020-01-13T14:01:19.336+0000][1][safepoint    ] Application time: 0.0000530 seconds
[2020-01-13T14:01:19.336+0000][1][safepoint    ] Entering safepoint region: RevokeBias
[2020-01-13T14:01:19.336+0000][1][safepoint    ] Leaving safepoint region
[2020-01-13T14:01:19.336+0000][1][safepoint    ] Total time for which application threads were stopped: 0.0000415 seconds, Stopping threads took: 0.0000149 seconds
[2020-01-13T14:01:19.337+0000][1][safepoint    ] Application time: 0.0003480 seconds
[2020-01-13T14:01:19.337+0000][1][safepoint    ] Entering safepoint region: RevokeBias
[2020-01-13T14:01:19.337+0000][1][safepoint    ] Leaving safepoint region
[2020-01-13T14:01:19.337+0000][1][safepoint    ] Total time for which application threads were stopped: 0.0000603 seconds, Stopping threads took: 0.0000245 seconds
[2020-01-13T14:01:19.337+0000][1][safepoint    ] Application time: 0.0001562 seconds
[2020-01-13T14:01:19.337+0000][1][safepoint    ] Entering safepoint region: RevokeBias
[2020-01-13T14:01:19.337+0000][1][safepoint    ] Leaving safepoint region
[2020-01-13T14:01:19.337+0000][1][safepoint    ] Total time for which application threads were stopped: 0.0000582 seconds, Stopping threads took: 0.0000064 seconds
[2020-01-13T14:01:19.337+0000][1][safepoint    ] Application time: 0.0000256 seconds
[2020-01-13T14:01:19.337+0000][1][safepoint    ] Entering safepoint region: RevokeBias
[2020-01-13T14:01:19.337+0000][1][safepoint    ] Leaving safepoint region
[2020-01-13T14:01:19.337+0000][1][safepoint    ] Total time for which application threads were stopped: 0.0000352 seconds, Stopping threads took: 0.0000179 seconds
[2020-01-13T14:01:19.337+0000][1][safepoint    ] Application time: 0.0001884 seconds
[2020-01-13T14:01:19.337+0000][1][safepoint    ] Entering safepoint region: BulkRevokeBias
[2020-01-13T14:01:19.338+0000][1][safepoint    ] Leaving safepoint region
[2020-01-13T14:01:19.338+0000][1][safepoint    ] Total time for which application threads were stopped: 0.0002136 seconds, Stopping threads took: 0.0000180 seconds
[2020-01-13T14:01:19.338+0000][1][safepoint    ] Application time: 0.0002943 seconds
[2020-01-13T14:01:19.338+0000][1][safepoint    ] Entering safepoint region: RevokeBias
[2020-01-13T14:01:19.338+0000][1][safepoint    ] Leaving safepoint region
[2020-01-13T14:01:19.338+0000][1][safepoint    ] Total time for which application threads were stopped: 0.0000574 seconds, Stopping threads took: 0.0000270 seconds
[2020-01-13T14:01:19.338+0000][1][safepoint    ] Application time: 0.0000471 seconds
[2020-01-13T14:01:19.338+0000][1][safepoint    ] Entering safepoint region: RevokeBias
[2020-01-13T14:01:19.338+0000][1][safepoint    ] Leaving safepoint region
[2020-01-13T14:01:19.338+0000][1][safepoint    ] Total time for which application threads were stopped: 0.0000459 seconds, Stopping threads took: 0.0000059 seconds
[2020-01-13T14:01:19.338+0000][1][safepoint    ] Application time: 0.0000431 seconds
[2020-01-13T14:01:19.338+0000][1][safepoint    ] Entering safepoint region: RevokeBias
[2020-01-13T14:01:19.338+0000][1][safepoint    ] Leaving safepoint region
[2020-01-13T14:01:19.338+0000][1][safepoint    ] Total time for which application threads were stopped: 0.0000380 seconds, Stopping threads took: 0.0000176 seconds
[2020-01-13T14:01:19.338+0000][1][safepoint    ] Application time: 0.0000395 seconds
[2020-01-13T14:01:19.338+0000][1][safepoint    ] Entering safepoint region: RevokeBias
[2020-01-13T14:01:19.338+0000][1][safepoint    ] Leaving safepoint region
[2020-01-13T14:01:19.338+0000][1][safepoint    ] Total time for which application threads were stopped: 0.0000685 seconds, Stopping threads took: 0.0000190 seconds
[2020-01-13T14:01:19.341+0000][1][safepoint    ] Application time: 0.0027667 seconds
[2020-01-13T14:01:19.341+0000][1][safepoint    ] Entering safepoint region: RevokeBias
[2020-01-13T14:01:19.341+0000][1][safepoint    ] Leaving safepoint region
[2020-01-13T14:01:19.341+0000][1][safepoint    ] Total time for which application threads were stopped: 0.0000839 seconds, Stopping threads took: 0.0000235 seconds
[2020-01-13T14:01:19.342+0000][1][safepoint    ] Application time: 0.0007295 seconds
[2020-01-13T14:01:19.343+0000][1][safepoint    ] Entering safepoint region: RevokeBias
[2020-01-13T14:01:19.343+0000][1][safepoint    ] Leaving safepoint region
[2020-01-13T14:01:19.344+0000][1][safepoint    ] Total time for which application threads were stopped: 0.0015315 seconds, Stopping threads took: 0.0014692 seconds
[2020-01-13T14:01:19.344+0000][1][safepoint    ] Application time: 0.0005806 seconds
[2020-01-13T14:01:19.344+0000][1][safepoint    ] Entering safepoint region: RevokeBias
[2020-01-13T14:01:19.344+0000][1][safepoint    ] Leaving safepoint region
[2020-01-13T14:01:19.344+0000][1][safepoint    ] Total time for which application threads were stopped: 0.0001293 seconds, Stopping threads took: 0.0000276 seconds
[2020-01-13T14:01:19.403+0000][1][safepoint    ] Application time: 0.0587451 seconds
[2020-01-13T14:01:19.403+0000][1][safepoint    ] Entering safepoint region: RevokeBias
[2020-01-13T14:01:19.403+0000][1][safepoint    ] Leaving safepoint region
[2020-01-13T14:01:19.403+0000][1][safepoint    ] Total time for which application threads were stopped: 0.0001116 seconds, Stopping threads took: 0.0000379 seconds
[2020-01-13T14:01:19.404+0000][1][safepoint    ] Application time: 0.0004242 seconds
[2020-01-13T14:01:19.404+0000][1][safepoint    ] Entering safepoint region: RevokeBias
[2020-01-13T14:01:19.404+0000][1][safepoint    ] Leaving safepoint region
[2020-01-13T14:01:19.404+0000][1][safepoint    ] Total time for which application threads were stopped: 0.0000890 seconds, Stopping threads took: 0.0000220 seconds
[2020-01-13T14:01:19.429+0000][1][safepoint    ] Application time: 0.0254465 seconds
[2020-01-13T14:01:19.429+0000][1][safepoint    ] Entering safepoint region: RevokeBias
[2020-01-13T14:01:19.429+0000][1][safepoint    ] Leaving safepoint region
[2020-01-13T14:01:19.429+0000][1][safepoint    ] Total time for which application threads were stopped: 0.0001276 seconds, Stopping threads took: 0.0000324 seconds
[2020-01-13T14:01:19.429+0000][1][safepoint    ] Application time: 0.0000423 seconds
[2020-01-13T14:01:19.429+0000][1][safepoint    ] Entering safepoint region: RevokeBias
[2020-01-13T14:01:19.429+0000][1][safepoint    ] Leaving safepoint region
[2020-01-13T14:01:19.429+0000][1][safepoint    ] Total time for which application threads were stopped: 0.0000366 seconds, Stopping threads took: 0.0000135 seconds
[2020-01-13T14:01:19.443+0000][1][safepoint    ] Application time: 0.0135372 seconds
[2020-01-13T14:01:19.443+0000][1][safepoint    ] Entering safepoint region: RevokeBias
[2020-01-13T14:01:19.443+0000][1][safepoint    ] Leaving safepoint region
[2020-01-13T14:01:19.443+0000][1][safepoint    ] Total time for which application threads were stopped: 0.0001230 seconds, Stopping threads took: 0.0000303 seconds
[2020-01-13T14:01:19.459+0000][1][safepoint    ] Application time: 0.0158990 seconds
[2020-01-13T14:01:19.460+0000][1][safepoint    ] Entering safepoint region: RevokeBias
[2020-01-13T14:01:19.460+0000][1][safepoint    ] Leaving safepoint region
[2020-01-13T14:01:19.460+0000][1][safepoint    ] Total time for which application threads were stopped: 0.0013685 seconds, Stopping threads took: 0.0012799 seconds
[2020-01-13T14:01:19.461+0000][1][safepoint    ] Application time: 0.0000513 seconds
[2020-01-13T14:01:19.461+0000][1][safepoint    ] Entering safepoint region: RevokeBias
[2020-01-13T14:01:19.461+0000][1][safepoint    ] Leaving safepoint region
[2020-01-13T14:01:19.461+0000][1][safepoint    ] Total time for which application threads were stopped: 0.0000441 seconds, Stopping threads took: 0.0000150 seconds
[2020-01-13T14:01:19.518+0000][1][safepoint    ] Application time: 0.0569654 seconds
[2020-01-13T14:01:19.518+0000][1][safepoint    ] Entering safepoint region: RevokeBias
[2020-01-13T14:01:19.519+0000][1][safepoint    ] Leaving safepoint region
[2020-01-13T14:01:19.519+0000][1][safepoint    ] Total time for which application threads were stopped: 0.0009977 seconds, Stopping threads took: 0.0009128 seconds
[2020-01-13T14:01:19.549+0000][1][safepoint    ] Application time: 0.0306881 seconds
[2020-01-13T14:01:19.549+0000][1][safepoint    ] Entering safepoint region: Deoptimize
[2020-01-13T14:01:19.550+0000][1][safepoint    ] Leaving safepoint region
[2020-01-13T14:01:19.550+0000][1][safepoint    ] Total time for which application threads were stopped: 0.0010785 seconds, Stopping threads took: 0.0001014 seconds
[2020-01-13T14:01:19.571+0000][1][safepoint    ] Application time: 0.0203478 seconds
[2020-01-13T14:01:19.571+0000][1][safepoint    ] Entering safepoint region: RevokeBias
[2020-01-13T14:01:19.571+0000][1][safepoint    ] Leaving safepoint region
[2020-01-13T14:01:19.571+0000][1][safepoint    ] Total time for which application threads were stopped: 0.0001122 seconds, Stopping threads took: 0.0000297 seconds
[2020-01-13T14:01:19.571+0000][1][safepoint    ] Application time: 0.0001508 seconds
[2020-01-13T14:01:19.571+0000][1][safepoint    ] Entering safepoint region: RevokeBias
[2020-01-13T14:01:19.571+0000][1][safepoint    ] Leaving safepoint region
[2020-01-13T14:01:19.571+0000][1][safepoint    ] Total time for which application threads were stopped: 0.0000436 seconds, Stopping threads took: 0.0000146 seconds
[2020-01-13T14:01:20.120+0000][1][safepoint    ] Application time: 0.5486850 seconds
[2020-01-13T14:01:20.120+0000][1][safepoint    ] Entering safepoint region: RevokeBias
[2020-01-13T14:01:20.120+0000][1][safepoint    ] Leaving safepoint region
[2020-01-13T14:01:20.120+0000][1][safepoint    ] Total time for which application threads were stopped: 0.0001171 seconds, Stopping threads took: 0.0000423 seconds
[2020-01-13T14:01:20.121+0000][1][safepoint    ] Application time: 0.0006151 seconds
[2020-01-13T14:01:20.121+0000][1][safepoint    ] Entering safepoint region: RevokeBias
[2020-01-13T14:01:20.121+0000][1][safepoint    ] Leaving safepoint region
[2020-01-13T14:01:20.121+0000][1][safepoint    ] Total time for which application threads were stopped: 0.0000674 seconds, Stopping threads took: 0.0000143 seconds
[2020-01-13T14:01:20.121+0000][1][safepoint    ] Application time: 0.0000488 seconds
[2020-01-13T14:01:20.121+0000][1][safepoint    ] Entering safepoint region: RevokeBias
[2020-01-13T14:01:20.121+0000][1][safepoint    ] Leaving safepoint region
[2020-01-13T14:01:20.121+0000][1][safepoint    ] Total time for which application threads were stopped: 0.0000264 seconds, Stopping threads took: 0.0000059 seconds
[2020-01-13T14:01:20.122+0000][1][safepoint    ] Application time: 0.0013586 seconds
[2020-01-13T14:01:20.122+0000][1][safepoint    ] Entering safepoint region: RevokeBias
[2020-01-13T14:01:20.122+0000][1][safepoint    ] Leaving safepoint region
[2020-01-13T14:01:20.122+0000][1][safepoint    ] Total time for which application threads were stopped: 0.0000692 seconds, Stopping threads took: 0.0000218 seconds
[2020-01-13T14:01:20.122+0000][1][safepoint    ] Application time: 0.0002053 seconds
[2020-01-13T14:01:20.123+0000][1][safepoint    ] Entering safepoint region: RevokeBias
[2020-01-13T14:01:20.123+0000][1][safepoint    ] Leaving safepoint region
[2020-01-13T14:01:20.123+0000][1][safepoint    ] Total time for which application threads were stopped: 0.0000395 seconds, Stopping threads took: 0.0000150 seconds
[2020-01-13T14:01:21.355+0000][1][safepoint    ] Application time: 1.2329013 seconds
[2020-01-13T14:01:21.356+0000][1][safepoint    ] Entering safepoint region: Cleanup
[2020-01-13T14:01:21.356+0000][1][safepoint    ] Leaving safepoint region
[2020-01-13T14:01:21.356+0000][1][safepoint    ] Total time for which application threads were stopped: 0.0002235 seconds, Stopping threads took: 0.0000279 seconds
[2020-01-13T14:01:26.356+0000][1][safepoint    ] Application time: 5.0006139 seconds
[2020-01-13T14:01:26.357+0000][1][safepoint    ] Entering safepoint region: Cleanup
[2020-01-13T14:01:26.357+0000][1][safepoint    ] Leaving safepoint region
[2020-01-13T14:01:26.357+0000][1][safepoint    ] Total time for which application threads were stopped: 0.0001763 seconds, Stopping threads took: 0.0000715 seconds
[2020-01-13T14:01:28.357+0000][1][safepoint    ] Application time: 2.0002727 seconds
[2020-01-13T14:01:28.357+0000][1][safepoint    ] Entering safepoint region: Cleanup
[2020-01-13T14:01:28.357+0000][1][safepoint    ] Leaving safepoint region
[2020-01-13T14:01:28.357+0000][1][safepoint    ] Total time for which application threads were stopped: 0.0001059 seconds, Stopping threads took: 0.0000288 seconds
[2020-01-13T14:01:29.357+0000][1][safepoint    ] Application time: 1.0001354 seconds
[2020-01-13T14:01:29.357+0000][1][safepoint    ] Entering safepoint region: Cleanup
[2020-01-13T14:01:29.357+0000][1][safepoint    ] Leaving safepoint region
[2020-01-13T14:01:29.358+0000][1][safepoint    ] Total time for which application threads were stopped: 0.0002011 seconds, Stopping threads took: 0.0000831 seconds
[2020-01-13T14:01:31.358+0000][1][safepoint    ] Application time: 2.0002638 seconds
[2020-01-13T14:01:31.358+0000][1][safepoint    ] Entering safepoint region: Cleanup
[2020-01-13T14:01:31.358+0000][1][safepoint    ] Leaving safepoint region
[2020-01-13T14:01:31.358+0000][1][safepoint    ] Total time for which application threads were stopped: 0.0001040 seconds, Stopping threads took: 0.0000283 seconds
[2020-01-13T14:01:32.358+0000][1][safepoint    ] Application time: 1.0001570 seconds
[2020-01-13T14:01:32.358+0000][1][safepoint    ] Entering safepoint region: Cleanup
[2020-01-13T14:01:32.358+0000][1][safepoint    ] Leaving safepoint region
[2020-01-13T14:01:32.358+0000][1][safepoint    ] Total time for which application threads were stopped: 0.0002576 seconds, Stopping threads took: 0.0000296 seconds
[2020-01-13T14:01:33.359+0000][1][safepoint    ] Application time: 1.0001157 seconds
[2020-01-13T14:01:33.359+0000][1][safepoint    ] Entering safepoint region: Cleanup
[2020-01-13T14:01:33.359+0000][1][safepoint    ] Leaving safepoint region
[2020-01-13T14:01:33.359+0000][1][safepoint    ] Total time for which application threads were stopped: 0.0001349 seconds, Stopping threads took: 0.0000305 seconds
[2020-01-13T14:01:40.360+0000][1][safepoint    ] Application time: 7.0010258 seconds
[2020-01-13T14:01:40.360+0000][1][safepoint    ] Entering safepoint region: Cleanup
[2020-01-13T14:01:40.360+0000][1][safepoint    ] Leaving safepoint region
[2020-01-13T14:01:40.360+0000][1][safepoint    ] Total time for which application threads were stopped: 0.0001439 seconds, Stopping threads took: 0.0000368 seconds
[2020-01-13T14:01:43.361+0000][1][safepoint    ] Application time: 3.0004498 seconds
[2020-01-13T14:01:43.361+0000][1][safepoint    ] Entering safepoint region: Cleanup
[2020-01-13T14:01:43.361+0000][1][safepoint    ] Leaving safepoint region
[2020-01-13T14:01:43.361+0000][1][safepoint    ] Total time for which application threads were stopped: 0.0001327 seconds, Stopping threads took: 0.0000339 seconds
[2020-01-13T14:01:46.361+0000][1][safepoint    ] Application time: 3.0004446 seconds
[2020-01-13T14:01:46.361+0000][1][safepoint    ] Entering safepoint region: Cleanup
[2020-01-13T14:01:46.361+0000][1][safepoint    ] Leaving safepoint region
[2020-01-13T14:01:46.361+0000][1][safepoint    ] Total time for which application threads were stopped: 0.0001901 seconds, Stopping threads took: 0.0000359 seconds
[2020-01-13T14:01:46.927+0000][1][safepoint    ] Application time: 0.5658458 seconds
[2020-01-13T14:01:46.927+0000][1][safepoint    ] Entering safepoint region: RevokeBias
[2020-01-13T14:01:46.928+0000][1][safepoint    ] Leaving safepoint region
[2020-01-13T14:01:46.928+0000][1][safepoint    ] Total time for which application threads were stopped: 0.0001839 seconds, Stopping threads took: 0.0000455 seconds
[2020-01-13T14:01:46.928+0000][1][safepoint    ] Application time: 0.0001074 seconds
[2020-01-13T14:01:46.928+0000][1][safepoint    ] Entering safepoint region: RevokeBias
[2020-01-13T14:01:46.928+0000][1][safepoint    ] Leaving safepoint region
[2020-01-13T14:01:46.928+0000][1][safepoint    ] Total time for which application threads were stopped: 0.0000615 seconds, Stopping threads took: 0.0000123 seconds
[2020-01-13T14:01:46.928+0000][1][safepoint    ] Application time: 0.0003296 seconds
[2020-01-13T14:01:46.928+0000][1][safepoint    ] Entering safepoint region: RevokeBias
[2020-01-13T14:01:46.928+0000][1][safepoint    ] Leaving safepoint region
[2020-01-13T14:01:46.928+0000][1][safepoint    ] Total time for which application threads were stopped: 0.0000391 seconds, Stopping threads took: 0.0000086 seconds
[2020-01-13T14:01:46.928+0000][1][safepoint    ] Application time: 0.0000427 seconds
[2020-01-13T14:01:46.928+0000][1][safepoint    ] Entering safepoint region: RevokeBias
[2020-01-13T14:01:46.928+0000][1][safepoint    ] Leaving safepoint region
[2020-01-13T14:01:46.928+0000][1][safepoint    ] Total time for which application threads were stopped: 0.0000267 seconds, Stopping threads took: 0.0000058 seconds
[2020-01-13T14:01:47.928+0000][1][safepoint    ] Application time: 1.0001631 seconds
[2020-01-13T14:01:47.929+0000][1][safepoint    ] Entering safepoint region: Cleanup
[2020-01-13T14:01:47.929+0000][1][safepoint    ] Leaving safepoint region
[2020-01-13T14:01:47.929+0000][1][safepoint    ] Total time for which application threads were stopped: 0.0001329 seconds, Stopping threads took: 0.0000335 seconds
[2020-01-13T14:01:56.930+0000][1][safepoint    ] Application time: 9.0015048 seconds
[2020-01-13T14:01:56.930+0000][1][safepoint    ] Entering safepoint region: Cleanup
[2020-01-13T14:01:56.930+0000][1][safepoint    ] Leaving safepoint region
[2020-01-13T14:01:56.930+0000][1][safepoint    ] Total time for which application threads were stopped: 0.0001601 seconds, Stopping threads took: 0.0000342 seconds
[2020-01-13T14:02:01.931+0000][1][safepoint    ] Application time: 5.0007964 seconds
[2020-01-13T14:02:01.931+0000][1][safepoint    ] Entering safepoint region: Cleanup
[2020-01-13T14:02:01.931+0000][1][safepoint    ] Leaving safepoint region
[2020-01-13T14:02:01.931+0000][1][safepoint    ] Total time for which application threads were stopped: 0.0001706 seconds, Stopping threads took: 0.0000424 seconds
[2020-01-13T14:02:07.933+0000][1][safepoint    ] Application time: 6.0010834 seconds
[2020-01-13T14:02:07.933+0000][1][safepoint    ] Entering safepoint region: Cleanup
[2020-01-13T14:02:07.933+0000][1][safepoint    ] Leaving safepoint region
[2020-01-13T14:02:07.933+0000][1][safepoint    ] Total time for which application threads were stopped: 0.0001418 seconds, Stopping threads took: 0.0000267 seconds
[2020-01-13T14:02:08.933+0000][1][safepoint    ] Application time: 1.0001819 seconds
[2020-01-13T14:02:08.933+0000][1][safepoint    ] Entering safepoint region: Cleanup
[2020-01-13T14:02:08.933+0000][1][safepoint    ] Leaving safepoint region
[2020-01-13T14:02:08.933+0000][1][safepoint    ] Total time for which application threads were stopped: 0.0001686 seconds, Stopping threads took: 0.0000399 seconds
[2020-01-13T14:02:14.934+0000][1][safepoint    ] Application time: 6.0009032 seconds
[2020-01-13T14:02:14.934+0000][1][safepoint    ] Entering safepoint region: Cleanup
[2020-01-13T14:02:14.934+0000][1][safepoint    ] Leaving safepoint region
[2020-01-13T14:02:14.934+0000][1][safepoint    ] Total time for which application threads were stopped: 0.0001310 seconds, Stopping threads took: 0.0000315 seconds
[2020-01-13T14:02:20.935+0000][1][safepoint    ] Application time: 6.0009951 seconds
[2020-01-13T14:02:20.935+0000][1][safepoint    ] Entering safepoint region: Cleanup
[2020-01-13T14:02:20.936+0000][1][safepoint    ] Leaving safepoint region
[2020-01-13T14:02:20.936+0000][1][safepoint    ] Total time for which application threads were stopped: 0.0001841 seconds, Stopping threads took: 0.0000368 seconds
[2020-01-13T14:02:21.936+0000][1][safepoint    ] Application time: 1.0001588 seconds
[2020-01-13T14:02:21.936+0000][1][safepoint    ] Entering safepoint region: Cleanup
[2020-01-13T14:02:21.936+0000][1][safepoint    ] Leaving safepoint region
[2020-01-13T14:02:21.936+0000][1][safepoint    ] Total time for which application threads were stopped: 0.0001558 seconds, Stopping threads took: 0.0000369 seconds
[2020-01-13T14:02:24.936+0000][1][safepoint    ] Application time: 3.0004466 seconds
[2020-01-13T14:02:24.937+0000][1][safepoint    ] Entering safepoint region: Cleanup
[2020-01-13T14:02:24.937+0000][1][safepoint    ] Leaving safepoint region
[2020-01-13T14:02:24.937+0000][1][safepoint    ] Total time for which application threads were stopped: 0.0001220 seconds, Stopping threads took: 0.0000298 seconds
[2020-01-13T14:02:25.937+0000][1][safepoint    ] Application time: 1.0001604 seconds
[2020-01-13T14:02:25.937+0000][1][safepoint    ] Entering safepoint region: Cleanup
[2020-01-13T14:02:25.937+0000][1][safepoint    ] Leaving safepoint region
[2020-01-13T14:02:25.937+0000][1][safepoint    ] Total time for which application threads were stopped: 0.0002204 seconds, Stopping threads took: 0.0000345 seconds
[2020-01-13T14:02:26.937+0000][1][safepoint    ] Application time: 1.0001074 seconds
[2020-01-13T14:02:26.937+0000][1][safepoint    ] Entering safepoint region: Cleanup
[2020-01-13T14:02:26.937+0000][1][safepoint    ] Leaving safepoint region
[2020-01-13T14:02:26.937+0000][1][safepoint    ] Total time for which application threads were stopped: 0.0001343 seconds, Stopping threads took: 0.0000373 seconds
[2020-01-13T14:02:35.939+0000][1][safepoint    ] Application time: 9.0014435 seconds
[2020-01-13T14:02:35.939+0000][1][safepoint    ] Entering safepoint region: Cleanup
[2020-01-13T14:02:35.939+0000][1][safepoint    ] Leaving safepoint region
[2020-01-13T14:02:35.939+0000][1][safepoint    ] Total time for which application threads were stopped: 0.0001276 seconds, Stopping threads took: 0.0000467 seconds
[2020-01-13T14:02:36.939+0000][1][safepoint    ] Application time: 1.0001631 seconds
[2020-01-13T14:02:36.939+0000][1][safepoint    ] Entering safepoint region: Cleanup
[2020-01-13T14:02:36.940+0000][1][safepoint    ] Leaving safepoint region
[2020-01-13T14:02:36.940+0000][1][safepoint    ] Total time for which application threads were stopped: 0.0001709 seconds, Stopping threads took: 0.0000505 seconds
[2020-01-13T14:02:42.940+0000][1][safepoint    ] Application time: 6.0008133 seconds
[2020-01-13T14:02:42.940+0000][1][safepoint    ] Entering safepoint region: Cleanup
[2020-01-13T14:02:42.941+0000][1][safepoint    ] Leaving safepoint region
[2020-01-13T14:02:42.941+0000][1][safepoint    ] Total time for which application threads were stopped: 0.0002423 seconds, Stopping threads took: 0.0001155 seconds
[2020-01-13T14:02:43.941+0000][1][safepoint    ] Application time: 1.0001708 seconds
[2020-01-13T14:02:43.941+0000][1][safepoint    ] Entering safepoint region: Cleanup
[2020-01-13T14:02:43.941+0000][1][safepoint    ] Leaving safepoint region
[2020-01-13T14:02:43.941+0000][1][safepoint    ] Total time for which application threads were stopped: 0.0001153 seconds, Stopping threads took: 0.0000271 seconds
[2020-01-13T14:02:46.942+0000][1][safepoint    ] Application time: 3.0005299 seconds
[2020-01-13T14:02:46.942+0000][1][safepoint    ] Entering safepoint region: Cleanup
[2020-01-13T14:02:46.942+0000][1][safepoint    ] Leaving safepoint region
[2020-01-13T14:02:46.942+0000][1][safepoint    ] Total time for which application threads were stopped: 0.0001214 seconds, Stopping threads took: 0.0000269 seconds
[2020-01-13T14:02:51.943+0000][1][safepoint    ] Application time: 5.0007305 seconds
[2020-01-13T14:02:51.943+0000][1][safepoint    ] Entering safepoint region: Cleanup
[2020-01-13T14:02:51.943+0000][1][safepoint    ] Leaving safepoint region
[2020-01-13T14:02:51.943+0000][1][safepoint    ] Total time for which application threads were stopped: 0.0001270 seconds, Stopping threads took: 0.0000349 seconds
[2020-01-13T14:02:52.943+0000][1][safepoint    ] Application time: 1.0000964 seconds
[2020-01-13T14:02:52.943+0000][1][safepoint    ] Entering safepoint region: Cleanup
[2020-01-13T14:02:52.943+0000][1][safepoint    ] Leaving safepoint region
[2020-01-13T14:02:52.943+0000][1][safepoint    ] Total time for which application threads were stopped: 0.0001204 seconds, Stopping threads took: 0.0000282 seconds
[2020-01-13T14:02:53.943+0000][1][safepoint    ] Application time: 1.0001680 seconds
[2020-01-13T14:02:53.943+0000][1][safepoint    ] Entering safepoint region: Cleanup
[2020-01-13T14:02:53.943+0000][1][safepoint    ] Leaving safepoint region
[2020-01-13T14:02:53.943+0000][1][safepoint    ] Total time for which application threads were stopped: 0.0001246 seconds, Stopping threads took: 0.0000301 seconds
[2020-01-13T14:02:56.944+0000][1][safepoint    ] Application time: 3.0005081 seconds
[2020-01-13T14:02:56.944+0000][1][safepoint    ] Entering safepoint region: Cleanup
[2020-01-13T14:02:56.944+0000][1][safepoint    ] Leaving safepoint region
[2020-01-13T14:02:56.944+0000][1][safepoint    ] Total time for which application threads were stopped: 0.0001773 seconds, Stopping threads took: 0.0000445 seconds
[2020-01-13T14:03:04.946+0000][1][safepoint    ] Application time: 8.0013147 seconds
[2020-01-13T14:03:04.946+0000][1][safepoint    ] Entering safepoint region: Cleanup
[2020-01-13T14:03:04.946+0000][1][safepoint    ] Leaving safepoint region
[2020-01-13T14:03:04.946+0000][1][safepoint    ] Total time for which application threads were stopped: 0.0001339 seconds, Stopping threads took: 0.0000261 seconds
[2020-01-13T14:03:05.905+0000][1][safepoint    ] Application time: 0.9591027 seconds
[2020-01-13T14:03:05.905+0000][1][safepoint    ] Entering safepoint region: GenCollectForAllocation
[2020-01-13T14:03:05.905+0000][1][gc,start     ] GC(23) Pause Young (Allocation Failure)
[2020-01-13T14:03:05.905+0000][1][gc,task      ] GC(23) Using 1 workers of 1 for evacuation
[2020-01-13T14:03:05.931+0000][1][gc,age       ] GC(23) Desired survivor size 4358144 bytes, new threshold 6 (max threshold 6)
[2020-01-13T14:03:05.931+0000][1][gc,age       ] GC(23) Age table with threshold 6 (max threshold 6)
[2020-01-13T14:03:05.931+0000][1][gc,age       ] GC(23) - age   1:     388992 bytes,     388992 total
[2020-01-13T14:03:05.931+0000][1][gc,age       ] GC(23) - age   2:    2369832 bytes,    2758824 total
[2020-01-13T14:03:05.931+0000][1][gc,heap      ] GC(23) ParNew: 72933K->4747K(76672K)
[2020-01-13T14:03:05.931+0000][1][gc,heap      ] GC(23) CMS: 62614K->65056K(176960K)
[2020-01-13T14:03:05.931+0000][1][gc,metaspace ] GC(23) Metaspace: 65603K->65603K(1110016K)
[2020-01-13T14:03:05.931+0000][1][gc           ] GC(23) Pause Young (Allocation Failure) 132M->68M(247M) 26.164ms
[2020-01-13T14:03:05.931+0000][1][gc,cpu       ] GC(23) User=0.03s Sys=0.00s Real=0.03s
[2020-01-13T14:03:05.931+0000][1][safepoint    ] Leaving safepoint region
[2020-01-13T14:03:05.931+0000][1][safepoint    ] Total time for which application threads were stopped: 0.0263814 seconds, Stopping threads took: 0.0000499 seconds
[2020-01-13T14:03:12.933+0000][1][safepoint    ] Application time: 7.0019912 seconds
[2020-01-13T14:03:12.933+0000][1][safepoint    ] Entering safepoint region: Cleanup
[2020-01-13T14:03:12.934+0000][1][safepoint    ] Leaving safepoint region
[2020-01-13T14:03:12.934+0000][1][safepoint    ] Total time for which application threads were stopped: 0.0001459 seconds, Stopping threads took: 0.0000501 seconds
[2020-01-13T14:03:17.934+0000][1][safepoint    ] Application time: 5.0007318 seconds
[2020-01-13T14:03:17.934+0000][1][safepoint    ] Entering safepoint region: Cleanup
[2020-01-13T14:03:17.934+0000][1][safepoint    ] Leaving safepoint region
[2020-01-13T14:03:17.935+0000][1][safepoint    ] Total time for which application threads were stopped: 0.0001388 seconds, Stopping threads took: 0.0000306 seconds
[2020-01-13T14:03:26.936+0000][1][safepoint    ] Application time: 9.0014945 seconds
[2020-01-13T14:03:26.936+0000][1][safepoint    ] Entering safepoint region: Cleanup
[2020-01-13T14:03:26.936+0000][1][safepoint    ] Leaving safepoint region
[2020-01-13T14:03:26.936+0000][1][safepoint    ] Total time for which application threads were stopped: 0.0001130 seconds, Stopping threads took: 0.0000292 seconds
[2020-01-13T14:03:27.936+0000][1][safepoint    ] Application time: 1.0001547 seconds
[2020-01-13T14:03:27.936+0000][1][safepoint    ] Entering safepoint region: Cleanup
[2020-01-13T14:03:27.937+0000][1][safepoint    ] Leaving safepoint region
[2020-01-13T14:03:27.937+0000][1][safepoint    ] Total time for which application threads were stopped: 0.0001521 seconds, Stopping threads took: 0.0000335 seconds
[2020-01-13T14:03:30.937+0000][1][safepoint    ] Application time: 3.0004489 seconds
[2020-01-13T14:03:30.937+0000][1][safepoint    ] Entering safepoint region: Cleanup
[2020-01-13T14:03:30.937+0000][1][safepoint    ] Leaving safepoint region
[2020-01-13T14:03:30.937+0000][1][safepoint    ] Total time for which application threads were stopped: 0.0001314 seconds, Stopping threads took: 0.0000389 seconds
[2020-01-13T14:03:35.938+0000][1][safepoint    ] Application time: 5.0007732 seconds
[2020-01-13T14:03:35.939+0000][1][safepoint    ] Entering safepoint region: Cleanup
[2020-01-13T14:03:35.939+0000][1][safepoint    ] Leaving safepoint region
[2020-01-13T14:03:35.939+0000][1][safepoint    ] Total time for which application threads were stopped: 0.0001654 seconds, Stopping threads took: 0.0000543 seconds
[2020-01-13T14:03:46.941+0000][1][safepoint    ] Application time: 11.0017099 seconds
[2020-01-13T14:03:46.941+0000][1][safepoint    ] Entering safepoint region: Cleanup
[2020-01-13T14:03:46.941+0000][1][safepoint    ] Leaving safepoint region
[2020-01-13T14:03:46.941+0000][1][safepoint    ] Total time for which application threads were stopped: 0.0002864 seconds, Stopping threads took: 0.0001701 seconds
[2020-01-13T14:04:07.944+0000][1][safepoint    ] Application time: 21.0031336 seconds
[2020-01-13T14:04:07.945+0000][1][safepoint    ] Entering safepoint region: Cleanup
[2020-01-13T14:04:07.945+0000][1][safepoint    ] Leaving safepoint region
[2020-01-13T14:04:07.945+0000][1][safepoint    ] Total time for which application threads were stopped: 0.0001359 seconds, Stopping threads took: 0.0000452 seconds
[2020-01-13T14:04:30.948+0000][1][safepoint    ] Application time: 23.0034549 seconds
[2020-01-13T14:04:30.948+0000][1][safepoint    ] Entering safepoint region: Cleanup
[2020-01-13T14:04:30.948+0000][1][safepoint    ] Leaving safepoint region
[2020-01-13T14:04:30.948+0000][1][safepoint    ] Total time for which application threads were stopped: 0.0001673 seconds, Stopping threads took: 0.0000443 seconds
[2020-01-13T14:04:36.949+0000][1][safepoint    ] Application time: 6.0008971 seconds
[2020-01-13T14:04:36.949+0000][1][safepoint    ] Entering safepoint region: Cleanup
[2020-01-13T14:04:36.949+0000][1][safepoint    ] Leaving safepoint region
[2020-01-13T14:04:36.949+0000][1][safepoint    ] Total time for which application threads were stopped: 0.0001292 seconds, Stopping threads took: 0.0000365 seconds
[2020-01-13T14:04:38.950+0000][1][safepoint    ] Application time: 2.0003620 seconds
[2020-01-13T14:04:38.950+0000][1][safepoint    ] Entering safepoint region: Cleanup
[2020-01-13T14:04:38.950+0000][1][safepoint    ] Leaving safepoint region
[2020-01-13T14:04:38.950+0000][1][safepoint    ] Total time for which application threads were stopped: 0.0001201 seconds, Stopping threads took: 0.0000287 seconds
[2020-01-13T14:04:40.950+0000][1][safepoint    ] Application time: 2.0003127 seconds
[2020-01-13T14:04:40.950+0000][1][safepoint    ] Entering safepoint region: Cleanup
[2020-01-13T14:04:40.951+0000][1][safepoint    ] Leaving safepoint region
[2020-01-13T14:04:40.951+0000][1][safepoint    ] Total time for which application threads were stopped: 0.0002137 seconds, Stopping threads took: 0.0000288 seconds
[2020-01-13T14:05:10.955+0000][1][safepoint    ] Application time: 30.0043001 seconds
[2020-01-13T14:05:10.955+0000][1][safepoint    ] Entering safepoint region: Cleanup
[2020-01-13T14:05:10.955+0000][1][safepoint    ] Leaving safepoint region
[2020-01-13T14:05:10.955+0000][1][safepoint    ] Total time for which application threads were stopped: 0.0001447 seconds, Stopping threads took: 0.0000430 seconds
[2020-01-13T14:05:36.960+0000][1][safepoint    ] Application time: 26.0049154 seconds
[2020-01-13T14:05:36.960+0000][1][safepoint    ] Entering safepoint region: Cleanup
[2020-01-13T14:05:36.960+0000][1][safepoint    ] Leaving safepoint region
[2020-01-13T14:05:36.960+0000][1][safepoint    ] Total time for which application threads were stopped: 0.0001642 seconds, Stopping threads took: 0.0000508 seconds
[2020-01-13T14:05:37.961+0000][1][safepoint    ] Application time: 1.0001642 seconds
[2020-01-13T14:05:37.961+0000][1][safepoint    ] Entering safepoint region: Cleanup
[2020-01-13T14:05:37.961+0000][1][safepoint    ] Leaving safepoint region
[2020-01-13T14:05:37.961+0000][1][safepoint    ] Total time for which application threads were stopped: 0.0001262 seconds, Stopping threads took: 0.0000308 seconds
[2020-01-13T14:05:40.961+0000][1][safepoint    ] Application time: 3.0005237 seconds
[2020-01-13T14:05:40.962+0000][1][safepoint    ] Entering safepoint region: Cleanup
[2020-01-13T14:05:40.962+0000][1][safepoint    ] Leaving safepoint region
[2020-01-13T14:05:40.962+0000][1][safepoint    ] Total time for which application threads were stopped: 0.0001622 seconds, Stopping threads took: 0.0000426 seconds
[2020-01-13T14:05:41.962+0000][1][safepoint    ] Application time: 1.0002037 seconds
[2020-01-13T14:05:41.962+0000][1][safepoint    ] Entering safepoint region: Cleanup
[2020-01-13T14:05:41.962+0000][1][safepoint    ] Leaving safepoint region
[2020-01-13T14:05:41.962+0000][1][safepoint    ] Total time for which application threads were stopped: 0.0001476 seconds, Stopping threads took: 0.0000383 seconds
[2020-01-13T14:05:45.963+0000][1][safepoint    ] Application time: 4.0007897 seconds
[2020-01-13T14:05:45.963+0000][1][safepoint    ] Entering safepoint region: Cleanup
[2020-01-13T14:05:45.963+0000][1][safepoint    ] Leaving safepoint region
[2020-01-13T14:05:45.963+0000][1][safepoint    ] Total time for which application threads were stopped: 0.0001413 seconds, Stopping threads took: 0.0000292 seconds
[2020-01-13T14:05:46.031+0000][1][safepoint    ] Application time: 0.0674185 seconds
[2020-01-13T14:05:46.031+0000][1][safepoint    ] Entering safepoint region: GenCollectForAllocation
[2020-01-13T14:05:46.031+0000][1][gc,start     ] GC(24) Pause Young (Allocation Failure)
[2020-01-13T14:05:46.031+0000][1][gc,task      ] GC(24) Using 1 workers of 1 for evacuation
[2020-01-13T14:05:46.048+0000][1][gc,age       ] GC(24) Desired survivor size 4358144 bytes, new threshold 6 (max threshold 6)
[2020-01-13T14:05:46.048+0000][1][gc,age       ] GC(24) Age table with threshold 6 (max threshold 6)
[2020-01-13T14:05:46.048+0000][1][gc,age       ] GC(24) - age   1:       6168 bytes,       6168 total
[2020-01-13T14:05:46.048+0000][1][gc,age       ] GC(24) - age   2:     382720 bytes,     388888 total
[2020-01-13T14:05:46.048+0000][1][gc,age       ] GC(24) - age   3:    2192168 bytes,    2581056 total
[2020-01-13T14:05:46.048+0000][1][gc,heap      ] GC(24) ParNew: 72907K->4394K(76672K)
[2020-01-13T14:05:46.048+0000][1][gc,heap      ] GC(24) CMS: 65056K->65056K(176960K)
[2020-01-13T14:05:46.049+0000][1][gc,metaspace ] GC(24) Metaspace: 65729K->65729K(1110016K)
[2020-01-13T14:05:46.049+0000][1][gc           ] GC(24) Pause Young (Allocation Failure) 134M->67M(247M) 17.774ms
[2020-01-13T14:05:46.049+0000][1][gc,cpu       ] GC(24) User=0.01s Sys=0.00s Real=0.01s
[2020-01-13T14:05:46.049+0000][1][safepoint    ] Leaving safepoint region
[2020-01-13T14:05:46.049+0000][1][safepoint    ] Total time for which application threads were stopped: 0.0179823 seconds, Stopping threads took: 0.0000326 seconds
[2020-01-13T14:05:59.052+0000][1][safepoint    ] Application time: 13.0032802 seconds
[2020-01-13T14:05:59.052+0000][1][safepoint    ] Entering safepoint region: Cleanup
[2020-01-13T14:05:59.052+0000][1][safepoint    ] Leaving safepoint region
[2020-01-13T14:05:59.052+0000][1][safepoint    ] Total time for which application threads were stopped: 0.0001272 seconds, Stopping threads took: 0.0000371 seconds
[2020-01-13T14:06:07.054+0000][1][safepoint    ] Application time: 8.0015078 seconds
[2020-01-13T14:06:07.054+0000][1][safepoint    ] Entering safepoint region: Cleanup
[2020-01-13T14:06:07.054+0000][1][safepoint    ] Leaving safepoint region
[2020-01-13T14:06:07.054+0000][1][safepoint    ] Total time for which application threads were stopped: 0.0001304 seconds, Stopping threads took: 0.0000467 seconds
[2020-01-13T14:06:17.056+0000][1][safepoint    ] Application time: 10.0025336 seconds
[2020-01-13T14:06:17.057+0000][1][safepoint    ] Entering safepoint region: Cleanup
[2020-01-13T14:06:17.057+0000][1][safepoint    ] Leaving safepoint region
[2020-01-13T14:06:17.057+0000][1][safepoint    ] Total time for which application threads were stopped: 0.0001534 seconds, Stopping threads took: 0.0000434 seconds
[2020-01-13T14:06:21.057+0000][1][safepoint    ] Application time: 4.0005948 seconds
[2020-01-13T14:06:21.057+0000][1][safepoint    ] Entering safepoint region: Cleanup
[2020-01-13T14:06:21.057+0000][1][safepoint    ] Leaving safepoint region
[2020-01-13T14:06:21.057+0000][1][safepoint    ] Total time for which application threads were stopped: 0.0001577 seconds, Stopping threads took: 0.0000552 seconds
[2020-01-13T14:06:30.059+0000][1][safepoint    ] Application time: 9.0011644 seconds
[2020-01-13T14:06:30.059+0000][1][safepoint    ] Entering safepoint region: Cleanup
[2020-01-13T14:06:30.059+0000][1][safepoint    ] Leaving safepoint region
[2020-01-13T14:06:30.059+0000][1][safepoint    ] Total time for which application threads were stopped: 0.0001678 seconds, Stopping threads took: 0.0000660 seconds
[2020-01-13T14:06:41.061+0000][1][safepoint    ] Application time: 11.0015926 seconds
[2020-01-13T14:06:41.061+0000][1][safepoint    ] Entering safepoint region: Cleanup
[2020-01-13T14:06:41.061+0000][1][safepoint    ] Leaving safepoint region
[2020-01-13T14:06:41.061+0000][1][safepoint    ] Total time for which application threads were stopped: 0.0001202 seconds, Stopping threads took: 0.0000318 seconds
[2020-01-13T14:07:02.064+0000][1][safepoint    ] Application time: 21.0032690 seconds
[2020-01-13T14:07:02.064+0000][1][safepoint    ] Entering safepoint region: Cleanup
[2020-01-13T14:07:02.064+0000][1][safepoint    ] Leaving safepoint region
[2020-01-13T14:07:02.064+0000][1][safepoint    ] Total time for which application threads were stopped: 0.0001367 seconds, Stopping threads took: 0.0000507 seconds
[2020-01-13T14:07:05.271+0000][1][safepoint    ] Application time: 3.2066897 seconds
[2020-01-13T14:07:05.271+0000][1][safepoint    ] Entering safepoint region: RevokeBias
[2020-01-13T14:07:05.271+0000][1][safepoint    ] Leaving safepoint region
[2020-01-13T14:07:05.271+0000][1][safepoint    ] Total time for which application threads were stopped: 0.0001238 seconds, Stopping threads took: 0.0000272 seconds
[2020-01-13T14:07:05.271+0000][1][safepoint    ] Application time: 0.0000996 seconds
[2020-01-13T14:07:05.271+0000][1][safepoint    ] Entering safepoint region: RevokeBias
[2020-01-13T14:07:05.271+0000][1][safepoint    ] Leaving safepoint region
[2020-01-13T14:07:05.271+0000][1][safepoint    ] Total time for which application threads were stopped: 0.0000472 seconds, Stopping threads took: 0.0000146 seconds
[2020-01-13T14:07:05.271+0000][1][safepoint    ] Application time: 0.0000575 seconds
[2020-01-13T14:07:05.271+0000][1][safepoint    ] Entering safepoint region: RevokeBias
[2020-01-13T14:07:05.271+0000][1][safepoint    ] Leaving safepoint region
[2020-01-13T14:07:05.271+0000][1][safepoint    ] Total time for which application threads were stopped: 0.0000550 seconds, Stopping threads took: 0.0000304 seconds
[2020-01-13T14:07:05.283+0000][1][safepoint    ] Application time: 0.0119819 seconds
[2020-01-13T14:07:05.283+0000][1][safepoint    ] Entering safepoint region: RevokeBias
[2020-01-13T14:07:05.284+0000][1][safepoint    ] Leaving safepoint region
[2020-01-13T14:07:05.284+0000][1][safepoint    ] Total time for which application threads were stopped: 0.0001855 seconds, Stopping threads took: 0.0000603 seconds
[2020-01-13T14:07:05.284+0000][1][safepoint    ] Application time: 0.0000916 seconds
[2020-01-13T14:07:05.284+0000][1][safepoint    ] Entering safepoint region: RevokeBias
[2020-01-13T14:07:05.284+0000][1][safepoint    ] Leaving safepoint region
[2020-01-13T14:07:05.284+0000][1][safepoint    ] Total time for which application threads were stopped: 0.0000680 seconds, Stopping threads took: 0.0000221 seconds
[2020-01-13T14:07:05.346+0000][1][safepoint    ] Application time: 0.0621120 seconds
[2020-01-13T14:07:05.346+0000][1][safepoint    ] Entering safepoint region: RevokeBias
[2020-01-13T14:07:05.346+0000][1][safepoint    ] Leaving safepoint region
[2020-01-13T14:07:05.346+0000][1][safepoint    ] Total time for which application threads were stopped: 0.0001448 seconds, Stopping threads took: 0.0000371 seconds
[2020-01-13T14:07:06.346+0000][1][safepoint    ] Application time: 1.0001743 seconds
[2020-01-13T14:07:06.346+0000][1][safepoint    ] Entering safepoint region: Cleanup
[2020-01-13T14:07:06.347+0000][1][safepoint    ] Leaving safepoint region
[2020-01-13T14:07:06.347+0000][1][safepoint    ] Total time for which application threads were stopped: 0.0001681 seconds, Stopping threads took: 0.0000516 seconds
[2020-01-13T14:07:07.347+0000][1][safepoint    ] Application time: 1.0001919 seconds
[2020-01-13T14:07:07.347+0000][1][safepoint    ] Entering safepoint region: Cleanup
[2020-01-13T14:07:07.347+0000][1][safepoint    ] Leaving safepoint region
[2020-01-13T14:07:07.347+0000][1][safepoint    ] Total time for which application threads were stopped: 0.0001276 seconds, Stopping threads took: 0.0000341 seconds
[2020-01-13T14:07:13.348+0000][1][safepoint    ] Application time: 6.0011591 seconds
[2020-01-13T14:07:13.348+0000][1][safepoint    ] Entering safepoint region: Cleanup
[2020-01-13T14:07:13.348+0000][1][safepoint    ] Leaving safepoint region
[2020-01-13T14:07:13.348+0000][1][safepoint    ] Total time for which application threads were stopped: 0.0002201 seconds, Stopping threads took: 0.0000405 seconds
[2020-01-13T14:07:16.349+0000][1][safepoint    ] Application time: 3.0004724 seconds
[2020-01-13T14:07:16.349+0000][1][safepoint    ] Entering safepoint region: Cleanup
[2020-01-13T14:07:16.349+0000][1][safepoint    ] Leaving safepoint region
[2020-01-13T14:07:16.349+0000][1][safepoint    ] Total time for which application threads were stopped: 0.0001300 seconds, Stopping threads took: 0.0000306 seconds
[2020-01-13T14:07:40.353+0000][1][safepoint    ] Application time: 24.0035925 seconds
[2020-01-13T14:07:40.353+0000][1][safepoint    ] Entering safepoint region: Cleanup
[2020-01-13T14:07:40.353+0000][1][safepoint    ] Leaving safepoint region
[2020-01-13T14:07:40.353+0000][1][safepoint    ] Total time for which application threads were stopped: 0.0001452 seconds, Stopping threads took: 0.0000526 seconds
[2020-01-13T14:07:57.356+0000][1][safepoint    ] Application time: 17.0027114 seconds
[2020-01-13T14:07:57.356+0000][1][safepoint    ] Entering safepoint region: Cleanup
[2020-01-13T14:07:57.356+0000][1][safepoint    ] Leaving safepoint region
[2020-01-13T14:07:57.356+0000][1][safepoint    ] Total time for which application threads were stopped: 0.0001589 seconds, Stopping threads took: 0.0000356 seconds
[2020-01-13T14:08:07.357+0000][1][safepoint    ] Application time: 10.0013642 seconds
[2020-01-13T14:08:07.357+0000][1][safepoint    ] Entering safepoint region: Cleanup
[2020-01-13T14:08:07.358+0000][1][safepoint    ] Leaving safepoint region
[2020-01-13T14:08:07.358+0000][1][safepoint    ] Total time for which application threads were stopped: 0.0001450 seconds, Stopping threads took: 0.0000437 seconds
[2020-01-13T14:08:10.924+0000][1][safepoint    ] Application time: 3.5669674 seconds
[2020-01-13T14:08:10.925+0000][1][safepoint    ] Entering safepoint region: RevokeBias
[2020-01-13T14:08:10.925+0000][1][safepoint    ] Leaving safepoint region
[2020-01-13T14:08:10.925+0000][1][safepoint    ] Total time for which application threads were stopped: 0.0002285 seconds, Stopping threads took: 0.0001120 seconds
[2020-01-13T14:08:10.940+0000][1][safepoint    ] Application time: 0.0147325 seconds
[2020-01-13T14:08:10.942+0000][1][safepoint    ] Entering safepoint region: RevokeBias
[2020-01-13T14:08:10.943+0000][1][safepoint    ] Leaving safepoint region
[2020-01-13T14:08:10.943+0000][1][safepoint    ] Total time for which application threads were stopped: 0.0030016 seconds, Stopping threads took: 0.0028773 seconds
[2020-01-13T14:08:10.943+0000][1][safepoint    ] Application time: 0.0001450 seconds
[2020-01-13T14:08:10.943+0000][1][safepoint    ] Entering safepoint region: RevokeBias
[2020-01-13T14:08:10.943+0000][1][safepoint    ] Leaving safepoint region
[2020-01-13T14:08:10.943+0000][1][safepoint    ] Total time for which application threads were stopped: 0.0000484 seconds, Stopping threads took: 0.0000073 seconds
[2020-01-13T14:08:10.943+0000][1][safepoint    ] Application time: 0.0002760 seconds
[2020-01-13T14:08:10.943+0000][1][safepoint    ] Entering safepoint region: RevokeBias
[2020-01-13T14:08:10.943+0000][1][safepoint    ] Leaving safepoint region
[2020-01-13T14:08:10.943+0000][1][safepoint    ] Total time for which application threads were stopped: 0.0000440 seconds, Stopping threads took: 0.0000075 seconds
[2020-01-13T14:08:10.943+0000][1][safepoint    ] Application time: 0.0000361 seconds
[2020-01-13T14:08:10.943+0000][1][safepoint    ] Entering safepoint region: RevokeBias
[2020-01-13T14:08:10.943+0000][1][safepoint    ] Leaving safepoint region
[2020-01-13T14:08:10.943+0000][1][safepoint    ] Total time for which application threads were stopped: 0.0000267 seconds, Stopping threads took: 0.0000051 seconds
[2020-01-13T14:08:10.945+0000][1][safepoint    ] Application time: 0.0022834 seconds
[2020-01-13T14:08:10.946+0000][1][safepoint    ] Entering safepoint region: RevokeBias
[2020-01-13T14:08:10.946+0000][1][safepoint    ] Leaving safepoint region
[2020-01-13T14:08:10.946+0000][1][safepoint    ] Total time for which application threads were stopped: 0.0001324 seconds, Stopping threads took: 0.0000286 seconds
[2020-01-13T14:08:11.934+0000][1][safepoint    ] Application time: 0.9878957 seconds
[2020-01-13T14:08:11.934+0000][1][safepoint    ] Entering safepoint region: RevokeBias
[2020-01-13T14:08:11.935+0000][1][safepoint    ] Leaving safepoint region
[2020-01-13T14:08:11.935+0000][1][safepoint    ] Total time for which application threads were stopped: 0.0001622 seconds, Stopping threads took: 0.0000366 seconds
[2020-01-13T14:08:21.149+0000][1][safepoint    ] Application time: 9.2143114 seconds
[2020-01-13T14:08:21.149+0000][1][safepoint    ] Entering safepoint region: GenCollectForAllocation
[2020-01-13T14:08:21.149+0000][1][gc,start     ] GC(25) Pause Young (Allocation Failure)
[2020-01-13T14:08:21.149+0000][1][gc,task      ] GC(25) Using 1 workers of 1 for evacuation
[2020-01-13T14:08:21.164+0000][1][gc,age       ] GC(25) Desired survivor size 4358144 bytes, new threshold 6 (max threshold 6)
[2020-01-13T14:08:21.164+0000][1][gc,age       ] GC(25) Age table with threshold 6 (max threshold 6)
[2020-01-13T14:08:21.164+0000][1][gc,age       ] GC(25) - age   1:      76904 bytes,      76904 total
[2020-01-13T14:08:21.164+0000][1][gc,age       ] GC(25) - age   2:       3224 bytes,      80128 total
[2020-01-13T14:08:21.164+0000][1][gc,age       ] GC(25) - age   3:     367712 bytes,     447840 total
[2020-01-13T14:08:21.164+0000][1][gc,age       ] GC(25) - age   4:    2187264 bytes,    2635104 total
[2020-01-13T14:08:21.164+0000][1][gc,heap      ] GC(25) ParNew: 72554K->2989K(76672K)
[2020-01-13T14:08:21.164+0000][1][gc,heap      ] GC(25) CMS: 65056K->65056K(176960K)
[2020-01-13T14:08:21.164+0000][1][gc,metaspace ] GC(25) Metaspace: 65972K->65972K(1110016K)
[2020-01-13T14:08:21.164+0000][1][gc           ] GC(25) Pause Young (Allocation Failure) 134M->66M(247M) 14.533ms
[2020-01-13T14:08:21.164+0000][1][gc,cpu       ] GC(25) User=0.02s Sys=0.00s Real=0.02s
[2020-01-13T14:08:21.164+0000][1][safepoint    ] Leaving safepoint region
[2020-01-13T14:08:21.164+0000][1][safepoint    ] Total time for which application threads were stopped: 0.0148086 seconds, Stopping threads took: 0.0000452 seconds
[2020-01-13T14:08:29.168+0000][1][safepoint    ] Application time: 8.0038123 seconds
[2020-01-13T14:08:29.168+0000][1][safepoint    ] Entering safepoint region: Cleanup
[2020-01-13T14:08:29.168+0000][1][safepoint    ] Leaving safepoint region
[2020-01-13T14:08:29.168+0000][1][safepoint    ] Total time for which application threads were stopped: 0.0001554 seconds, Stopping threads took: 0.0000382 seconds
[2020-01-13T14:08:49.171+0000][1][safepoint    ] Application time: 20.0028489 seconds
[2020-01-13T14:08:49.171+0000][1][safepoint    ] Entering safepoint region: Cleanup
[2020-01-13T14:08:49.171+0000][1][safepoint    ] Leaving safepoint region
[2020-01-13T14:08:49.171+0000][1][safepoint    ] Total time for which application threads were stopped: 0.0001507 seconds, Stopping threads took: 0.0000507 seconds
[2020-01-13T14:08:51.171+0000][1][safepoint    ] Application time: 2.0002997 seconds
[2020-01-13T14:08:51.171+0000][1][safepoint    ] Entering safepoint region: Cleanup
[2020-01-13T14:08:51.171+0000][1][safepoint    ] Leaving safepoint region
[2020-01-13T14:08:51.171+0000][1][safepoint    ] Total time for which application threads were stopped: 0.0001307 seconds, Stopping threads took: 0.0000297 seconds
[2020-01-13T14:08:56.172+0000][1][safepoint    ] Application time: 5.0007516 seconds
[2020-01-13T14:08:56.172+0000][1][safepoint    ] Entering safepoint region: Cleanup
[2020-01-13T14:08:56.172+0000][1][safepoint    ] Leaving safepoint region
[2020-01-13T14:08:56.173+0000][1][safepoint    ] Total time for which application threads were stopped: 0.0001579 seconds, Stopping threads took: 0.0000430 seconds
[2020-01-13T14:08:57.173+0000][1][safepoint    ] Application time: 1.0001471 seconds
[2020-01-13T14:08:57.173+0000][1][safepoint    ] Entering safepoint region: Cleanup
[2020-01-13T14:08:57.173+0000][1][safepoint    ] Leaving safepoint region
[2020-01-13T14:08:57.173+0000][1][safepoint    ] Total time for which application threads were stopped: 0.0001670 seconds, Stopping threads took: 0.0000385 seconds
[2020-01-13T14:09:12.175+0000][1][safepoint    ] Application time: 15.0021919 seconds
[2020-01-13T14:09:12.175+0000][1][safepoint    ] Entering safepoint region: Cleanup
[2020-01-13T14:09:12.175+0000][1][safepoint    ] Leaving safepoint region
[2020-01-13T14:09:12.175+0000][1][safepoint    ] Total time for which application threads were stopped: 0.0001706 seconds, Stopping threads took: 0.0000569 seconds
[2020-01-13T14:09:17.176+0000][1][safepoint    ] Application time: 5.0007121 seconds
[2020-01-13T14:09:17.176+0000][1][safepoint    ] Entering safepoint region: Cleanup
[2020-01-13T14:09:17.176+0000][1][safepoint    ] Leaving safepoint region
[2020-01-13T14:09:17.176+0000][1][safepoint    ] Total time for which application threads were stopped: 0.0001753 seconds, Stopping threads took: 0.0000369 seconds
[2020-01-13T14:09:47.181+0000][1][safepoint    ] Application time: 30.0047893 seconds
[2020-01-13T14:09:47.181+0000][1][safepoint    ] Entering safepoint region: Cleanup
[2020-01-13T14:09:47.181+0000][1][safepoint    ] Leaving safepoint region
[2020-01-13T14:09:47.181+0000][1][safepoint    ] Total time for which application threads were stopped: 0.0001812 seconds, Stopping threads took: 0.0000565 seconds
[2020-01-13T14:09:50.182+0000][1][safepoint    ] Application time: 3.0004709 seconds
[2020-01-13T14:09:50.182+0000][1][safepoint    ] Entering safepoint region: Cleanup
[2020-01-13T14:09:50.182+0000][1][safepoint    ] Leaving safepoint region
[2020-01-13T14:09:50.182+0000][1][safepoint    ] Total time for which application threads were stopped: 0.0001203 seconds, Stopping threads took: 0.0000372 seconds
[2020-01-13T14:10:10.185+0000][1][safepoint    ] Application time: 20.0030650 seconds
[2020-01-13T14:10:10.185+0000][1][safepoint    ] Entering safepoint region: Cleanup
[2020-01-13T14:10:10.185+0000][1][safepoint    ] Leaving safepoint region
[2020-01-13T14:10:10.185+0000][1][safepoint    ] Total time for which application threads were stopped: 0.0001593 seconds, Stopping threads took: 0.0000500 seconds
[2020-01-13T14:10:12.186+0000][1][safepoint    ] Application time: 2.0003064 seconds
[2020-01-13T14:10:12.186+0000][1][safepoint    ] Entering safepoint region: Cleanup
[2020-01-13T14:10:12.186+0000][1][safepoint    ] Leaving safepoint region
[2020-01-13T14:10:12.186+0000][1][safepoint    ] Total time for which application threads were stopped: 0.0001779 seconds, Stopping threads took: 0.0000302 seconds
[2020-01-13T14:10:14.186+0000][1][safepoint    ] Application time: 2.0003460 seconds
[2020-01-13T14:10:14.186+0000][1][safepoint    ] Entering safepoint region: Cleanup
[2020-01-13T14:10:14.187+0000][1][safepoint    ] Leaving safepoint region
[2020-01-13T14:10:14.187+0000][1][safepoint    ] Total time for which application threads were stopped: 0.0001491 seconds, Stopping threads took: 0.0000383 seconds
[2020-01-13T14:10:34.189+0000][1][safepoint    ] Application time: 20.0027797 seconds
[2020-01-13T14:10:34.189+0000][1][safepoint    ] Entering safepoint region: Cleanup
[2020-01-13T14:10:34.190+0000][1][safepoint    ] Leaving safepoint region
[2020-01-13T14:10:34.190+0000][1][safepoint    ] Total time for which application threads were stopped: 0.0001614 seconds, Stopping threads took: 0.0000519 seconds
[2020-01-13T14:10:56.470+0000][1][safepoint    ] Application time: 22.2800285 seconds
[2020-01-13T14:10:56.470+0000][1][safepoint    ] Entering safepoint region: GenCollectForAllocation
[2020-01-13T14:10:56.470+0000][1][gc,start     ] GC(26) Pause Young (Allocation Failure)
[2020-01-13T14:10:56.470+0000][1][gc,task      ] GC(26) Using 1 workers of 1 for evacuation
[2020-01-13T14:10:56.488+0000][1][gc,age       ] GC(26) Desired survivor size 4358144 bytes, new threshold 6 (max threshold 6)
[2020-01-13T14:10:56.488+0000][1][gc,age       ] GC(26) Age table with threshold 6 (max threshold 6)
[2020-01-13T14:10:56.488+0000][1][gc,age       ] GC(26) - age   1:       6152 bytes,       6152 total
[2020-01-13T14:10:56.488+0000][1][gc,age       ] GC(26) - age   2:      69320 bytes,      75472 total
[2020-01-13T14:10:56.488+0000][1][gc,age       ] GC(26) - age   3:       3224 bytes,      78696 total
[2020-01-13T14:10:56.488+0000][1][gc,age       ] GC(26) - age   4:     367712 bytes,     446408 total
[2020-01-13T14:10:56.488+0000][1][gc,age       ] GC(26) - age   5:    2187264 bytes,    2633672 total
[2020-01-13T14:10:56.488+0000][1][gc,heap      ] GC(26) ParNew: 71149K->4607K(76672K)
[2020-01-13T14:10:56.488+0000][1][gc,heap      ] GC(26) CMS: 65056K->65056K(176960K)
[2020-01-13T14:10:56.488+0000][1][gc,metaspace ] GC(26) Metaspace: 66035K->66035K(1110016K)
[2020-01-13T14:10:56.488+0000][1][gc           ] GC(26) Pause Young (Allocation Failure) 133M->68M(247M) 18.143ms
[2020-01-13T14:10:56.488+0000][1][gc,cpu       ] GC(26) User=0.02s Sys=0.00s Real=0.01s
[2020-01-13T14:10:56.488+0000][1][safepoint    ] Leaving safepoint region
[2020-01-13T14:10:56.488+0000][1][safepoint    ] Total time for which application threads were stopped: 0.0184721 seconds, Stopping threads took: 0.0000765 seconds
[2020-01-13T14:10:57.494+0000][1][safepoint    ] Application time: 1.0057481 seconds
[2020-01-13T14:10:57.494+0000][1][safepoint    ] Entering safepoint region: Cleanup
[2020-01-13T14:10:57.494+0000][1][safepoint    ] Leaving safepoint region
[2020-01-13T14:10:57.494+0000][1][safepoint    ] Total time for which application threads were stopped: 0.0001294 seconds, Stopping threads took: 0.0000398 seconds
[2020-01-13T14:11:24.503+0000][1][safepoint    ] Application time: 27.0089197 seconds
[2020-01-13T14:11:24.503+0000][1][safepoint    ] Entering safepoint region: Cleanup
[2020-01-13T14:11:24.503+0000][1][safepoint    ] Leaving safepoint region
[2020-01-13T14:11:24.503+0000][1][safepoint    ] Total time for which application threads were stopped: 0.0001723 seconds, Stopping threads took: 0.0000667 seconds
[2020-01-13T14:12:07.510+0000][1][safepoint    ] Application time: 43.0061033 seconds
[2020-01-13T14:12:07.510+0000][1][safepoint    ] Entering safepoint region: Cleanup
[2020-01-13T14:12:07.510+0000][1][safepoint    ] Leaving safepoint region
[2020-01-13T14:12:07.510+0000][1][safepoint    ] Total time for which application threads were stopped: 0.0001775 seconds, Stopping threads took: 0.0000640 seconds
[2020-01-13T14:12:08.510+0000][1][safepoint    ] Application time: 1.0001629 seconds
[2020-01-13T14:12:08.510+0000][1][safepoint    ] Entering safepoint region: Cleanup
[2020-01-13T14:12:08.510+0000][1][safepoint    ] Leaving safepoint region
[2020-01-13T14:12:08.510+0000][1][safepoint    ] Total time for which application threads were stopped: 0.0001337 seconds, Stopping threads took: 0.0000338 seconds
[2020-01-13T14:12:10.511+0000][1][safepoint    ] Application time: 2.0003195 seconds
[2020-01-13T14:12:10.511+0000][1][safepoint    ] Entering safepoint region: Cleanup
[2020-01-13T14:12:10.511+0000][1][safepoint    ] Leaving safepoint region
[2020-01-13T14:12:10.511+0000][1][safepoint    ] Total time for which application threads were stopped: 0.0001675 seconds, Stopping threads took: 0.0000417 seconds
[2020-01-13T14:12:32.259+0000][1][safepoint    ] Application time: 21.7479764 seconds
[2020-01-13T14:12:32.259+0000][1][safepoint    ] Entering safepoint region: RevokeBias
[2020-01-13T14:12:32.259+0000][1][safepoint    ] Leaving safepoint region
[2020-01-13T14:12:32.259+0000][1][safepoint    ] Total time for which application threads were stopped: 0.0001423 seconds, Stopping threads took: 0.0000395 seconds
[2020-01-13T14:12:32.259+0000][1][safepoint    ] Application time: 0.0001043 seconds
[2020-01-13T14:12:32.259+0000][1][safepoint    ] Entering safepoint region: RevokeBias
[2020-01-13T14:12:32.259+0000][1][safepoint    ] Leaving safepoint region
[2020-01-13T14:12:32.259+0000][1][safepoint    ] Total time for which application threads were stopped: 0.0000516 seconds, Stopping threads took: 0.0000185 seconds
[2020-01-13T14:12:32.262+0000][1][safepoint    ] Application time: 0.0025595 seconds
[2020-01-13T14:12:32.264+0000][1][safepoint    ] Entering safepoint region: RevokeBias
[2020-01-13T14:12:32.264+0000][1][safepoint    ] Leaving safepoint region
[2020-01-13T14:12:32.264+0000][1][safepoint    ] Total time for which application threads were stopped: 0.0023459 seconds, Stopping threads took: 0.0022555 seconds
[2020-01-13T14:12:32.264+0000][1][safepoint    ] Application time: 0.0003078 seconds
[2020-01-13T14:12:32.264+0000][1][safepoint    ] Entering safepoint region: RevokeBias
[2020-01-13T14:12:32.264+0000][1][safepoint    ] Leaving safepoint region
[2020-01-13T14:12:32.265+0000][1][safepoint    ] Total time for which application threads were stopped: 0.0000678 seconds, Stopping threads took: 0.0000167 seconds
[2020-01-13T14:12:32.267+0000][1][safepoint    ] Application time: 0.0023853 seconds
[2020-01-13T14:12:32.267+0000][1][safepoint    ] Entering safepoint region: RevokeBias
[2020-01-13T14:12:32.267+0000][1][safepoint    ] Leaving safepoint region
[2020-01-13T14:12:32.267+0000][1][safepoint    ] Total time for which application threads were stopped: 0.0000978 seconds, Stopping threads took: 0.0000326 seconds
[2020-01-13T14:12:32.269+0000][1][safepoint    ] Application time: 0.0022536 seconds
[2020-01-13T14:12:32.269+0000][1][safepoint    ] Entering safepoint region: RevokeBias
[2020-01-13T14:12:32.270+0000][1][safepoint    ] Leaving safepoint region
[2020-01-13T14:12:32.270+0000][1][safepoint    ] Total time for which application threads were stopped: 0.0001937 seconds, Stopping threads took: 0.0001206 seconds
[2020-01-13T14:12:32.271+0000][1][safepoint    ] Application time: 0.0016721 seconds
[2020-01-13T14:12:32.271+0000][1][safepoint    ] Entering safepoint region: RevokeBias
[2020-01-13T14:12:32.271+0000][1][safepoint    ] Leaving safepoint region
[2020-01-13T14:12:32.271+0000][1][safepoint    ] Total time for which application threads were stopped: 0.0001410 seconds, Stopping threads took: 0.0000307 seconds
[2020-01-13T14:12:32.274+0000][1][safepoint    ] Application time: 0.0027625 seconds
[2020-01-13T14:12:32.276+0000][1][safepoint    ] Entering safepoint region: RevokeBias
[2020-01-13T14:12:32.276+0000][1][safepoint    ] Leaving safepoint region
[2020-01-13T14:12:32.276+0000][1][safepoint    ] Total time for which application threads were stopped: 0.0021995 seconds, Stopping threads took: 0.0020611 seconds
[2020-01-13T14:12:32.279+0000][1][safepoint    ] Application time: 0.0020726 seconds
[2020-01-13T14:12:32.279+0000][1][safepoint    ] Entering safepoint region: RevokeBias
[2020-01-13T14:12:32.279+0000][1][safepoint    ] Leaving safepoint region
[2020-01-13T14:12:32.279+0000][1][safepoint    ] Total time for which application threads were stopped: 0.0001199 seconds, Stopping threads took: 0.0000351 seconds
[2020-01-13T14:12:32.282+0000][1][safepoint    ] Application time: 0.0029515 seconds
[2020-01-13T14:12:32.282+0000][1][safepoint    ] Entering safepoint region: RevokeBias
[2020-01-13T14:12:32.282+0000][1][safepoint    ] Leaving safepoint region
[2020-01-13T14:12:32.282+0000][1][safepoint    ] Total time for which application threads were stopped: 0.0001189 seconds, Stopping threads took: 0.0000396 seconds
[2020-01-13T14:12:32.752+0000][1][safepoint    ] Application time: 0.4706610 seconds
[2020-01-13T14:12:32.753+0000][1][safepoint    ] Entering safepoint region: RevokeBias
[2020-01-13T14:12:32.753+0000][1][safepoint    ] Leaving safepoint region
[2020-01-13T14:12:32.753+0000][1][safepoint    ] Total time for which application threads were stopped: 0.0001277 seconds, Stopping threads took: 0.0000261 seconds
[2020-01-13T14:12:32.754+0000][1][safepoint    ] Application time: 0.0009567 seconds
[2020-01-13T14:12:32.754+0000][1][safepoint    ] Entering safepoint region: RevokeBias
[2020-01-13T14:12:32.754+0000][1][safepoint    ] Leaving safepoint region
[2020-01-13T14:12:32.754+0000][1][safepoint    ] Total time for which application threads were stopped: 0.0000896 seconds, Stopping threads took: 0.0000268 seconds
[2020-01-13T14:12:32.754+0000][1][safepoint    ] Application time: 0.0003286 seconds
[2020-01-13T14:12:32.754+0000][1][safepoint    ] Entering safepoint region: RevokeBias
[2020-01-13T14:12:32.754+0000][1][safepoint    ] Leaving safepoint region
[2020-01-13T14:12:32.754+0000][1][safepoint    ] Total time for which application threads were stopped: 0.0000484 seconds, Stopping threads took: 0.0000185 seconds
[2020-01-13T14:12:32.754+0000][1][safepoint    ] Application time: 0.0000493 seconds
[2020-01-13T14:12:32.754+0000][1][safepoint    ] Entering safepoint region: RevokeBias
[2020-01-13T14:12:32.754+0000][1][safepoint    ] Leaving safepoint region
[2020-01-13T14:12:32.754+0000][1][safepoint    ] Total time for which application threads were stopped: 0.0000343 seconds, Stopping threads took: 0.0000154 seconds
[2020-01-13T14:12:32.754+0000][1][safepoint    ] Application time: 0.0001418 seconds
[2020-01-13T14:12:32.754+0000][1][safepoint    ] Entering safepoint region: RevokeBias
[2020-01-13T14:12:32.754+0000][1][safepoint    ] Leaving safepoint region
[2020-01-13T14:12:32.754+0000][1][safepoint    ] Total time for which application threads were stopped: 0.0000541 seconds, Stopping threads took: 0.0000220 seconds
[2020-01-13T14:12:32.768+0000][1][safepoint    ] Application time: 0.0134592 seconds
[2020-01-13T14:12:32.768+0000][1][safepoint    ] Entering safepoint region: RevokeBias
[2020-01-13T14:12:32.768+0000][1][safepoint    ] Leaving safepoint region
[2020-01-13T14:12:32.768+0000][1][safepoint    ] Total time for which application threads were stopped: 0.0001670 seconds, Stopping threads took: 0.0000574 seconds
[2020-01-13T14:12:32.770+0000][1][safepoint    ] Application time: 0.0016947 seconds
[2020-01-13T14:12:32.770+0000][1][safepoint    ] Entering safepoint region: RevokeBias
[2020-01-13T14:12:32.770+0000][1][safepoint    ] Leaving safepoint region
[2020-01-13T14:12:32.770+0000][1][safepoint    ] Total time for which application threads were stopped: 0.0000684 seconds, Stopping threads took: 0.0000135 seconds
[2020-01-13T14:12:32.771+0000][1][safepoint    ] Application time: 0.0011911 seconds
[2020-01-13T14:12:32.772+0000][1][safepoint    ] Entering safepoint region: RevokeBias
[2020-01-13T14:12:32.772+0000][1][safepoint    ] Leaving safepoint region
[2020-01-13T14:12:32.772+0000][1][safepoint    ] Total time for which application threads were stopped: 0.0005023 seconds, Stopping threads took: 0.0004295 seconds
[2020-01-13T14:12:32.776+0000][1][safepoint    ] Application time: 0.0046881 seconds
[2020-01-13T14:12:32.776+0000][1][safepoint    ] Entering safepoint region: RevokeBias
[2020-01-13T14:12:32.777+0000][1][safepoint    ] Leaving safepoint region
[2020-01-13T14:12:32.777+0000][1][safepoint    ] Total time for which application threads were stopped: 0.0001132 seconds, Stopping threads took: 0.0000471 seconds
[2020-01-13T14:12:32.791+0000][1][safepoint    ] Application time: 0.0143663 seconds
[2020-01-13T14:12:32.791+0000][1][safepoint    ] Entering safepoint region: RevokeBias
[2020-01-13T14:12:32.791+0000][1][safepoint    ] Leaving safepoint region
[2020-01-13T14:12:32.791+0000][1][safepoint    ] Total time for which application threads were stopped: 0.0001456 seconds, Stopping threads took: 0.0000436 seconds
[2020-01-13T14:12:32.794+0000][1][safepoint    ] Application time: 0.0025460 seconds
[2020-01-13T14:12:32.794+0000][1][safepoint    ] Entering safepoint region: RevokeBias
[2020-01-13T14:12:32.794+0000][1][safepoint    ] Leaving safepoint region
[2020-01-13T14:12:32.794+0000][1][safepoint    ] Total time for which application threads were stopped: 0.0000885 seconds, Stopping threads took: 0.0000266 seconds
[2020-01-13T14:12:32.806+0000][1][safepoint    ] Application time: 0.0125141 seconds
[2020-01-13T14:12:32.806+0000][1][safepoint    ] Entering safepoint region: RevokeBias
[2020-01-13T14:12:32.807+0000][1][safepoint    ] Leaving safepoint region
[2020-01-13T14:12:32.807+0000][1][safepoint    ] Total time for which application threads were stopped: 0.0002761 seconds, Stopping threads took: 0.0001502 seconds
[2020-01-13T14:12:32.807+0000][1][safepoint    ] Application time: 0.0000769 seconds
[2020-01-13T14:12:32.807+0000][1][safepoint    ] Entering safepoint region: RevokeBias
[2020-01-13T14:12:32.807+0000][1][safepoint    ] Leaving safepoint region
[2020-01-13T14:12:32.807+0000][1][safepoint    ] Total time for which application threads were stopped: 0.0000441 seconds, Stopping threads took: 0.0000106 seconds
[2020-01-13T14:12:32.807+0000][1][safepoint    ] Application time: 0.0000308 seconds
[2020-01-13T14:12:32.807+0000][1][safepoint    ] Entering safepoint region: RevokeBias
[2020-01-13T14:12:32.807+0000][1][safepoint    ] Leaving safepoint region
[2020-01-13T14:12:32.807+0000][1][safepoint    ] Total time for which application threads were stopped: 0.0000218 seconds, Stopping threads took: 0.0000055 seconds
[2020-01-13T14:12:32.819+0000][1][safepoint    ] Application time: 0.0125535 seconds
[2020-01-13T14:12:32.819+0000][1][safepoint    ] Entering safepoint region: RevokeBias
[2020-01-13T14:12:32.820+0000][1][safepoint    ] Leaving safepoint region
[2020-01-13T14:12:32.820+0000][1][safepoint    ] Total time for which application threads were stopped: 0.0001194 seconds, Stopping threads took: 0.0000359 seconds
[2020-01-13T14:12:32.820+0000][1][safepoint    ] Application time: 0.0000748 seconds
[2020-01-13T14:12:32.820+0000][1][safepoint    ] Entering safepoint region: RevokeBias
[2020-01-13T14:12:32.820+0000][1][safepoint    ] Leaving safepoint region
[2020-01-13T14:12:32.820+0000][1][safepoint    ] Total time for which application threads were stopped: 0.0000350 seconds, Stopping threads took: 0.0000138 seconds
[2020-01-13T14:12:32.820+0000][1][safepoint    ] Application time: 0.0000300 seconds
[2020-01-13T14:12:32.820+0000][1][safepoint    ] Entering safepoint region: RevokeBias
[2020-01-13T14:12:32.820+0000][1][safepoint    ] Leaving safepoint region
[2020-01-13T14:12:32.820+0000][1][safepoint    ] Total time for which application threads were stopped: 0.0000323 seconds, Stopping threads took: 0.0000127 seconds
[2020-01-13T14:12:32.821+0000][1][safepoint    ] Application time: 0.0016884 seconds
[2020-01-13T14:12:32.822+0000][1][safepoint    ] Entering safepoint region: RevokeBias
[2020-01-13T14:12:32.822+0000][1][safepoint    ] Leaving safepoint region
[2020-01-13T14:12:32.822+0000][1][safepoint    ] Total time for which application threads were stopped: 0.0000979 seconds, Stopping threads took: 0.0000221 seconds
[2020-01-13T14:12:32.822+0000][1][safepoint    ] Application time: 0.0008546 seconds
[2020-01-13T14:12:32.823+0000][1][safepoint    ] Entering safepoint region: RevokeBias
[2020-01-13T14:12:32.823+0000][1][safepoint    ] Leaving safepoint region
[2020-01-13T14:12:32.823+0000][1][safepoint    ] Total time for which application threads were stopped: 0.0000526 seconds, Stopping threads took: 0.0000174 seconds
[2020-01-13T14:12:32.823+0000][1][safepoint    ] Application time: 0.0005425 seconds
[2020-01-13T14:12:32.823+0000][1][safepoint    ] Entering safepoint region: RevokeBias
[2020-01-13T14:12:32.823+0000][1][safepoint    ] Leaving safepoint region
[2020-01-13T14:12:32.823+0000][1][safepoint    ] Total time for which application threads were stopped: 0.0000522 seconds, Stopping threads took: 0.0000184 seconds
[2020-01-13T14:12:32.823+0000][1][safepoint    ] Application time: 0.0002669 seconds
[2020-01-13T14:12:32.823+0000][1][safepoint    ] Entering safepoint region: RevokeBias
[2020-01-13T14:12:32.823+0000][1][safepoint    ] Leaving safepoint region
[2020-01-13T14:12:32.823+0000][1][safepoint    ] Total time for which application threads were stopped: 0.0000352 seconds, Stopping threads took: 0.0000147 seconds
[2020-01-13T14:12:32.825+0000][1][safepoint    ] Application time: 0.0017483 seconds
[2020-01-13T14:12:32.825+0000][1][safepoint    ] Entering safepoint region: RevokeBias
[2020-01-13T14:12:32.825+0000][1][safepoint    ] Leaving safepoint region
[2020-01-13T14:12:32.825+0000][1][safepoint    ] Total time for which application threads were stopped: 0.0000706 seconds, Stopping threads took: 0.0000166 seconds
[2020-01-13T14:12:32.829+0000][1][safepoint    ] Application time: 0.0031746 seconds
[2020-01-13T14:12:32.829+0000][1][safepoint    ] Entering safepoint region: RevokeBias
[2020-01-13T14:12:32.829+0000][1][safepoint    ] Leaving safepoint region
[2020-01-13T14:12:32.829+0000][1][safepoint    ] Total time for which application threads were stopped: 0.0000845 seconds, Stopping threads took: 0.0000197 seconds
[2020-01-13T14:12:32.830+0000][1][safepoint    ] Application time: 0.0010743 seconds
[2020-01-13T14:12:32.830+0000][1][safepoint    ] Entering safepoint region: RevokeBias
[2020-01-13T14:12:32.830+0000][1][safepoint    ] Leaving safepoint region
[2020-01-13T14:12:32.830+0000][1][safepoint    ] Total time for which application threads were stopped: 0.0000576 seconds, Stopping threads took: 0.0000227 seconds
[2020-01-13T14:12:32.830+0000][1][safepoint    ] Application time: 0.0001165 seconds
[2020-01-13T14:12:32.830+0000][1][safepoint    ] Entering safepoint region: RevokeBias
[2020-01-13T14:12:32.830+0000][1][safepoint    ] Leaving safepoint region
[2020-01-13T14:12:32.830+0000][1][safepoint    ] Total time for which application threads were stopped: 0.0000379 seconds, Stopping threads took: 0.0000165 seconds
[2020-01-13T14:12:32.833+0000][1][safepoint    ] Application time: 0.0029020 seconds
[2020-01-13T14:12:32.833+0000][1][safepoint    ] Entering safepoint region: RevokeBias
[2020-01-13T14:12:32.833+0000][1][safepoint    ] Leaving safepoint region
[2020-01-13T14:12:32.833+0000][1][safepoint    ] Total time for which application threads were stopped: 0.0000653 seconds, Stopping threads took: 0.0000214 seconds
[2020-01-13T14:12:32.833+0000][1][safepoint    ] Application time: 0.0000386 seconds
[2020-01-13T14:12:32.833+0000][1][safepoint    ] Entering safepoint region: RevokeBias
[2020-01-13T14:12:32.833+0000][1][safepoint    ] Leaving safepoint region
[2020-01-13T14:12:32.833+0000][1][safepoint    ] Total time for which application threads were stopped: 0.0000279 seconds, Stopping threads took: 0.0000126 seconds
[2020-01-13T14:12:32.833+0000][1][safepoint    ] Application time: 0.0000323 seconds
[2020-01-13T14:12:32.833+0000][1][safepoint    ] Entering safepoint region: RevokeBias
[2020-01-13T14:12:32.833+0000][1][safepoint    ] Leaving safepoint region
[2020-01-13T14:12:32.833+0000][1][safepoint    ] Total time for which application threads were stopped: 0.0000371 seconds, Stopping threads took: 0.0000178 seconds
[2020-01-13T14:12:32.834+0000][1][safepoint    ] Application time: 0.0003995 seconds
[2020-01-13T14:12:32.834+0000][1][safepoint    ] Entering safepoint region: RevokeBias
[2020-01-13T14:12:32.834+0000][1][safepoint    ] Leaving safepoint region
[2020-01-13T14:12:32.834+0000][1][safepoint    ] Total time for which application threads were stopped: 0.0000610 seconds, Stopping threads took: 0.0000262 seconds
[2020-01-13T14:12:32.839+0000][1][gc,heap,exit ] Heap
[2020-01-13T14:12:32.839+0000][1][gc,heap,exit ]  par new generation   total 76672K, used 51756K [0x00000000f0000000, 0x00000000f5330000, 0x00000000f5330000)
[2020-01-13T14:12:32.839+0000][1][gc,heap,exit ]   eden space 68160K,  69% used [0x00000000f0000000, 0x00000000f2e0b4a0, 0x00000000f4290000)
[2020-01-13T14:12:32.839+0000][1][gc,heap,exit ]   from space 8512K,  54% used [0x00000000f4ae0000, 0x00000000f4f5fd10, 0x00000000f5330000)
[2020-01-13T14:12:32.839+0000][1][gc,heap,exit ]   to   space 8512K,   0% used [0x00000000f4290000, 0x00000000f4290000, 0x00000000f4ae0000)
[2020-01-13T14:12:32.839+0000][1][gc,heap,exit ]  concurrent mark-sweep generation total 176960K, used 65056K [0x00000000f5330000, 0x0000000100000000, 0x0000000100000000)
[2020-01-13T14:12:32.840+0000][1][gc,heap,exit ]  Metaspace       used 66200K, capacity 71061K, committed 71344K, reserved 1110016K
[2020-01-13T14:12:32.840+0000][1][gc,heap,exit ]   class space    used 8926K, capacity 10975K, committed 11072K, reserved 1048576K
[2020-01-13T14:12:32.840+0000][1][safepoint    ] Application time: 0.0059860 seconds
[2020-01-13T14:12:32.840+0000][1][safepoint    ] Entering safepoint region: Exit
