[2020-01-13T13:45:39.651+0000][1][gc] Using Concurrent Mark Sweep
[2020-01-13T13:45:39.652+0000][1][gc,heap,coops] Heap address: 0x00000000f0000000, size: 256 MB, Compressed Oops mode: 32-bit
[2020-01-13T13:45:39.739+0000][1][safepoint    ] Entering safepoint region: EnableBiasedLocking
[2020-01-13T13:45:39.739+0000][1][safepoint    ] Leaving safepoint region
[2020-01-13T13:45:39.739+0000][1][safepoint    ] Total time for which application threads were stopped: 0.0021632 seconds, Stopping threads took: 0.0020701 seconds
[2020-01-13T13:45:39.748+0000][1][safepoint    ] Application time: 0.0084950 seconds
[2020-01-13T13:45:39.748+0000][1][safepoint    ] Entering safepoint region: RevokeBias
[2020-01-13T13:45:39.748+0000][1][safepoint    ] Leaving safepoint region
[2020-01-13T13:45:39.748+0000][1][safepoint    ] Total time for which application threads were stopped: 0.0000803 seconds, Stopping threads took: 0.0000207 seconds
[2020-01-13T13:45:39.774+0000][1][safepoint    ] Application time: 0.0259570 seconds
[2020-01-13T13:45:39.774+0000][1][safepoint    ] Entering safepoint region: Deoptimize
[2020-01-13T13:45:39.774+0000][1][safepoint    ] Leaving safepoint region
[2020-01-13T13:45:39.774+0000][1][safepoint    ] Total time for which application threads were stopped: 0.0000813 seconds, Stopping threads took: 0.0000214 seconds
[2020-01-13T13:45:39.942+0000][1][safepoint    ] Application time: 0.1677409 seconds
[2020-01-13T13:45:39.943+0000][1][safepoint    ] Entering safepoint region: RevokeBias
[2020-01-13T13:45:39.943+0000][1][safepoint    ] Leaving safepoint region
[2020-01-13T13:45:39.943+0000][1][safepoint    ] Total time for which application threads were stopped: 0.0013591 seconds, Stopping threads took: 0.0011949 seconds
[2020-01-13T13:45:39.952+0000][1][safepoint    ] Application time: 0.0086357 seconds
[2020-01-13T13:45:39.952+0000][1][safepoint    ] Entering safepoint region: RevokeBias
[2020-01-13T13:45:39.952+0000][1][safepoint    ] Leaving safepoint region
[2020-01-13T13:45:39.952+0000][1][safepoint    ] Total time for which application threads were stopped: 0.0000686 seconds, Stopping threads took: 0.0000175 seconds
[2020-01-13T13:45:40.049+0000][1][safepoint    ] Application time: 0.0971621 seconds
[2020-01-13T13:45:40.049+0000][1][safepoint    ] Entering safepoint region: Deoptimize
[2020-01-13T13:45:40.050+0000][1][safepoint    ] Leaving safepoint region
[2020-01-13T13:45:40.050+0000][1][safepoint    ] Total time for which application threads were stopped: 0.0001231 seconds, Stopping threads took: 0.0000272 seconds
[2020-01-13T13:45:40.781+0000][1][safepoint    ] Application time: 0.7310168 seconds
[2020-01-13T13:45:40.781+0000][1][safepoint    ] Entering safepoint region: Deoptimize
[2020-01-13T13:45:40.782+0000][1][safepoint    ] Leaving safepoint region
[2020-01-13T13:45:40.782+0000][1][safepoint    ] Total time for which application threads were stopped: 0.0011436 seconds, Stopping threads took: 0.0007906 seconds
[2020-01-13T13:45:40.858+0000][1][safepoint    ] Application time: 0.0766558 seconds
[2020-01-13T13:45:40.858+0000][1][safepoint    ] Entering safepoint region: Deoptimize
[2020-01-13T13:45:40.859+0000][1][safepoint    ] Leaving safepoint region
[2020-01-13T13:45:40.859+0000][1][safepoint    ] Total time for which application threads were stopped: 0.0001914 seconds, Stopping threads took: 0.0000230 seconds
[2020-01-13T13:45:40.933+0000][1][safepoint    ] Application time: 0.0743633 seconds
[2020-01-13T13:45:40.934+0000][1][safepoint    ] Entering safepoint region: Deoptimize
[2020-01-13T13:45:40.935+0000][1][safepoint    ] Leaving safepoint region
[2020-01-13T13:45:40.935+0000][1][safepoint    ] Total time for which application threads were stopped: 0.0015763 seconds, Stopping threads took: 0.0013022 seconds
[2020-01-13T13:45:40.964+0000][1][safepoint    ] Application time: 0.0295148 seconds
[2020-01-13T13:45:40.965+0000][1][safepoint    ] Entering safepoint region: Deoptimize
[2020-01-13T13:45:40.966+0000][1][safepoint    ] Leaving safepoint region
[2020-01-13T13:45:40.966+0000][1][safepoint    ] Total time for which application threads were stopped: 0.0013707 seconds, Stopping threads took: 0.0011617 seconds
[2020-01-13T13:45:41.895+0000][1][safepoint    ] Application time: 0.9295655 seconds
[2020-01-13T13:45:41.895+0000][1][safepoint    ] Entering safepoint region: Deoptimize
[2020-01-13T13:45:41.896+0000][1][safepoint    ] Leaving safepoint region
[2020-01-13T13:45:41.896+0000][1][safepoint    ] Total time for which application threads were stopped: 0.0003327 seconds, Stopping threads took: 0.0000198 seconds
[2020-01-13T13:45:42.635+0000][1][safepoint    ] Application time: 0.7392946 seconds
[2020-01-13T13:45:42.635+0000][1][safepoint    ] Entering safepoint region: Deoptimize
[2020-01-13T13:45:42.635+0000][1][safepoint    ] Leaving safepoint region
[2020-01-13T13:45:42.635+0000][1][safepoint    ] Total time for which application threads were stopped: 0.0004106 seconds, Stopping threads took: 0.0000241 seconds
[2020-01-13T13:45:42.908+0000][1][safepoint    ] Application time: 0.2722808 seconds
[2020-01-13T13:45:42.908+0000][1][safepoint    ] Entering safepoint region: Deoptimize
[2020-01-13T13:45:42.908+0000][1][safepoint    ] Leaving safepoint region
[2020-01-13T13:45:42.908+0000][1][safepoint    ] Total time for which application threads were stopped: 0.0004123 seconds, Stopping threads took: 0.0000206 seconds
[2020-01-13T13:45:42.909+0000][1][safepoint    ] Application time: 0.0005909 seconds
[2020-01-13T13:45:42.909+0000][1][safepoint    ] Entering safepoint region: Deoptimize
[2020-01-13T13:45:42.909+0000][1][safepoint    ] Leaving safepoint region
[2020-01-13T13:45:42.909+0000][1][safepoint    ] Total time for which application threads were stopped: 0.0002356 seconds, Stopping threads took: 0.0000161 seconds
[2020-01-13T13:45:42.965+0000][1][safepoint    ] Application time: 0.0558144 seconds
[2020-01-13T13:45:42.965+0000][1][safepoint    ] Entering safepoint region: Deoptimize
[2020-01-13T13:45:42.965+0000][1][safepoint    ] Leaving safepoint region
[2020-01-13T13:45:42.965+0000][1][safepoint    ] Total time for which application threads were stopped: 0.0003379 seconds, Stopping threads took: 0.0000224 seconds
[2020-01-13T13:45:42.982+0000][1][safepoint    ] Application time: 0.0170671 seconds
[2020-01-13T13:45:42.982+0000][1][safepoint    ] Entering safepoint region: Deoptimize
[2020-01-13T13:45:42.983+0000][1][safepoint    ] Leaving safepoint region
[2020-01-13T13:45:42.983+0000][1][safepoint    ] Total time for which application threads were stopped: 0.0003988 seconds, Stopping threads took: 0.0000234 seconds
[2020-01-13T13:45:43.015+0000][1][safepoint    ] Application time: 0.0322158 seconds
[2020-01-13T13:45:43.015+0000][1][safepoint    ] Entering safepoint region: RevokeBias
[2020-01-13T13:45:43.016+0000][1][safepoint    ] Leaving safepoint region
[2020-01-13T13:45:43.016+0000][1][safepoint    ] Total time for which application threads were stopped: 0.0006492 seconds, Stopping threads took: 0.0005071 seconds
[2020-01-13T13:45:43.017+0000][1][safepoint    ] Application time: 0.0018695 seconds
[2020-01-13T13:45:43.017+0000][1][safepoint    ] Entering safepoint region: RevokeBias
[2020-01-13T13:45:43.018+0000][1][safepoint    ] Leaving safepoint region
[2020-01-13T13:45:43.018+0000][1][safepoint    ] Total time for which application threads were stopped: 0.0001585 seconds, Stopping threads took: 0.0000697 seconds
[2020-01-13T13:45:43.018+0000][1][safepoint    ] Application time: 0.0008085 seconds
[2020-01-13T13:45:43.018+0000][1][safepoint    ] Entering safepoint region: RevokeBias
[2020-01-13T13:45:43.018+0000][1][safepoint    ] Leaving safepoint region
[2020-01-13T13:45:43.018+0000][1][safepoint    ] Total time for which application threads were stopped: 0.0000727 seconds, Stopping threads took: 0.0000267 seconds
[2020-01-13T13:45:43.019+0000][1][safepoint    ] Application time: 0.0001837 seconds
[2020-01-13T13:45:43.019+0000][1][safepoint    ] Entering safepoint region: RevokeBias
[2020-01-13T13:45:43.019+0000][1][safepoint    ] Leaving safepoint region
[2020-01-13T13:45:43.019+0000][1][safepoint    ] Total time for which application threads were stopped: 0.0000494 seconds, Stopping threads took: 0.0000179 seconds
[2020-01-13T13:45:43.027+0000][1][safepoint    ] Application time: 0.0082440 seconds
[2020-01-13T13:45:43.027+0000][1][safepoint    ] Entering safepoint region: Deoptimize
[2020-01-13T13:45:43.027+0000][1][safepoint    ] Leaving safepoint region
[2020-01-13T13:45:43.028+0000][1][safepoint    ] Total time for which application threads were stopped: 0.0004527 seconds, Stopping threads took: 0.0000275 seconds
[2020-01-13T13:45:43.329+0000][1][safepoint    ] Application time: 0.3019064 seconds
[2020-01-13T13:45:43.330+0000][1][safepoint    ] Entering safepoint region: GenCollectForAllocation
[2020-01-13T13:45:43.330+0000][1][gc,start     ] GC(0) Pause Young (Allocation Failure)
[2020-01-13T13:45:43.330+0000][1][gc,task      ] GC(0) Using 1 workers of 1 for evacuation
[2020-01-13T13:45:43.359+0000][1][gc,age       ] GC(0) Desired survivor size 4358144 bytes, new threshold 1 (max threshold 6)
[2020-01-13T13:45:43.359+0000][1][gc,age       ] GC(0) Age table with threshold 1 (max threshold 6)
[2020-01-13T13:45:43.359+0000][1][gc,age       ] GC(0) - age   1:    6368392 bytes,    6368392 total
[2020-01-13T13:45:43.359+0000][1][gc,heap      ] GC(0) ParNew: 68160K->6248K(76672K)
[2020-01-13T13:45:43.359+0000][1][gc,heap      ] GC(0) CMS: 0K->0K(176960K)
[2020-01-13T13:45:43.359+0000][1][gc,metaspace ] GC(0) Metaspace: 12277K->12277K(1060864K)
[2020-01-13T13:45:43.359+0000][1][gc           ] GC(0) Pause Young (Allocation Failure) 66M->6M(247M) 28.577ms
[2020-01-13T13:45:43.359+0000][1][gc,cpu       ] GC(0) User=0.03s Sys=0.00s Real=0.02s
[2020-01-13T13:45:43.359+0000][1][safepoint    ] Leaving safepoint region
[2020-01-13T13:45:43.359+0000][1][safepoint    ] Total time for which application threads were stopped: 0.0292444 seconds, Stopping threads took: 0.0005075 seconds
[2020-01-13T13:45:43.369+0000][1][safepoint    ] Application time: 0.0106140 seconds
[2020-01-13T13:45:43.370+0000][1][safepoint    ] Entering safepoint region: RevokeBias
[2020-01-13T13:45:43.370+0000][1][safepoint    ] Leaving safepoint region
[2020-01-13T13:45:43.370+0000][1][safepoint    ] Total time for which application threads were stopped: 0.0010815 seconds, Stopping threads took: 0.0009860 seconds
[2020-01-13T13:45:43.371+0000][1][safepoint    ] Application time: 0.0000834 seconds
[2020-01-13T13:45:43.371+0000][1][safepoint    ] Entering safepoint region: RevokeBias
[2020-01-13T13:45:43.371+0000][1][safepoint    ] Leaving safepoint region
[2020-01-13T13:45:43.371+0000][1][safepoint    ] Total time for which application threads were stopped: 0.0000357 seconds, Stopping threads took: 0.0000061 seconds
[2020-01-13T13:45:43.371+0000][1][safepoint    ] Application time: 0.0000267 seconds
[2020-01-13T13:45:43.371+0000][1][safepoint    ] Entering safepoint region: RevokeBias
[2020-01-13T13:45:43.371+0000][1][safepoint    ] Leaving safepoint region
[2020-01-13T13:45:43.371+0000][1][safepoint    ] Total time for which application threads were stopped: 0.0000467 seconds, Stopping threads took: 0.0000051 seconds
[2020-01-13T13:45:43.371+0000][1][safepoint    ] Application time: 0.0000149 seconds
[2020-01-13T13:45:43.371+0000][1][safepoint    ] Entering safepoint region: RevokeBias
[2020-01-13T13:45:43.371+0000][1][safepoint    ] Leaving safepoint region
[2020-01-13T13:45:43.371+0000][1][safepoint    ] Total time for which application threads were stopped: 0.0000295 seconds, Stopping threads took: 0.0000050 seconds
[2020-01-13T13:45:43.371+0000][1][safepoint    ] Application time: 0.0000177 seconds
[2020-01-13T13:45:43.371+0000][1][safepoint    ] Entering safepoint region: RevokeBias
[2020-01-13T13:45:43.371+0000][1][safepoint    ] Leaving safepoint region
[2020-01-13T13:45:43.371+0000][1][safepoint    ] Total time for which application threads were stopped: 0.0000294 seconds, Stopping threads took: 0.0000049 seconds
[2020-01-13T13:45:43.371+0000][1][safepoint    ] Application time: 0.0000140 seconds
[2020-01-13T13:45:43.371+0000][1][safepoint    ] Entering safepoint region: RevokeBias
[2020-01-13T13:45:43.371+0000][1][safepoint    ] Leaving safepoint region
[2020-01-13T13:45:43.371+0000][1][safepoint    ] Total time for which application threads were stopped: 0.0000415 seconds, Stopping threads took: 0.0000166 seconds
[2020-01-13T13:45:43.371+0000][1][safepoint    ] Application time: 0.0000168 seconds
[2020-01-13T13:45:43.371+0000][1][safepoint    ] Entering safepoint region: RevokeBias
[2020-01-13T13:45:43.371+0000][1][safepoint    ] Leaving safepoint region
[2020-01-13T13:45:43.371+0000][1][safepoint    ] Total time for which application threads were stopped: 0.0000295 seconds, Stopping threads took: 0.0000049 seconds
[2020-01-13T13:45:43.371+0000][1][safepoint    ] Application time: 0.0000138 seconds
[2020-01-13T13:45:43.371+0000][1][safepoint    ] Entering safepoint region: RevokeBias
[2020-01-13T13:45:43.371+0000][1][safepoint    ] Leaving safepoint region
[2020-01-13T13:45:43.371+0000][1][safepoint    ] Total time for which application threads were stopped: 0.0000288 seconds, Stopping threads took: 0.0000048 seconds
[2020-01-13T13:45:43.371+0000][1][safepoint    ] Application time: 0.0000173 seconds
[2020-01-13T13:45:43.371+0000][1][safepoint    ] Entering safepoint region: RevokeBias
[2020-01-13T13:45:43.371+0000][1][safepoint    ] Leaving safepoint region
[2020-01-13T13:45:43.371+0000][1][safepoint    ] Total time for which application threads were stopped: 0.0000293 seconds, Stopping threads took: 0.0000049 seconds
[2020-01-13T13:45:43.371+0000][1][safepoint    ] Application time: 0.0000138 seconds
[2020-01-13T13:45:43.371+0000][1][safepoint    ] Entering safepoint region: RevokeBias
[2020-01-13T13:45:43.371+0000][1][safepoint    ] Leaving safepoint region
[2020-01-13T13:45:43.371+0000][1][safepoint    ] Total time for which application threads were stopped: 0.0000287 seconds, Stopping threads took: 0.0000048 seconds
[2020-01-13T13:45:43.373+0000][1][safepoint    ] Application time: 0.0015920 seconds
[2020-01-13T13:45:43.373+0000][1][safepoint    ] Entering safepoint region: RevokeBias
[2020-01-13T13:45:43.373+0000][1][safepoint    ] Leaving safepoint region
[2020-01-13T13:45:43.373+0000][1][safepoint    ] Total time for which application threads were stopped: 0.0000924 seconds, Stopping threads took: 0.0000248 seconds
[2020-01-13T13:45:43.373+0000][1][safepoint    ] Application time: 0.0000294 seconds
[2020-01-13T13:45:43.373+0000][1][safepoint    ] Entering safepoint region: RevokeBias
[2020-01-13T13:45:43.373+0000][1][safepoint    ] Leaving safepoint region
[2020-01-13T13:45:43.373+0000][1][safepoint    ] Total time for which application threads were stopped: 0.0000285 seconds, Stopping threads took: 0.0000051 seconds
[2020-01-13T13:45:43.373+0000][1][safepoint    ] Application time: 0.0000296 seconds
[2020-01-13T13:45:43.373+0000][1][safepoint    ] Entering safepoint region: RevokeBias
[2020-01-13T13:45:43.373+0000][1][safepoint    ] Leaving safepoint region
[2020-01-13T13:45:43.373+0000][1][safepoint    ] Total time for which application threads were stopped: 0.0000258 seconds, Stopping threads took: 0.0000050 seconds
[2020-01-13T13:45:43.373+0000][1][safepoint    ] Application time: 0.0000140 seconds
[2020-01-13T13:45:43.373+0000][1][safepoint    ] Entering safepoint region: RevokeBias
[2020-01-13T13:45:43.373+0000][1][safepoint    ] Leaving safepoint region
[2020-01-13T13:45:43.373+0000][1][safepoint    ] Total time for which application threads were stopped: 0.0000247 seconds, Stopping threads took: 0.0000048 seconds
[2020-01-13T13:45:43.373+0000][1][safepoint    ] Application time: 0.0000324 seconds
[2020-01-13T13:45:43.373+0000][1][safepoint    ] Entering safepoint region: RevokeBias
[2020-01-13T13:45:43.373+0000][1][safepoint    ] Leaving safepoint region
[2020-01-13T13:45:43.373+0000][1][safepoint    ] Total time for which application threads were stopped: 0.0000252 seconds, Stopping threads took: 0.0000048 seconds
[2020-01-13T13:45:43.373+0000][1][safepoint    ] Application time: 0.0000143 seconds
[2020-01-13T13:45:43.373+0000][1][safepoint    ] Entering safepoint region: RevokeBias
[2020-01-13T13:45:43.373+0000][1][safepoint    ] Leaving safepoint region
[2020-01-13T13:45:43.373+0000][1][safepoint    ] Total time for which application threads were stopped: 0.0000335 seconds, Stopping threads took: 0.0000132 seconds
[2020-01-13T13:45:43.373+0000][1][safepoint    ] Application time: 0.0000169 seconds
[2020-01-13T13:45:43.373+0000][1][safepoint    ] Entering safepoint region: RevokeBias
[2020-01-13T13:45:43.373+0000][1][safepoint    ] Leaving safepoint region
[2020-01-13T13:45:43.373+0000][1][safepoint    ] Total time for which application threads were stopped: 0.0000251 seconds, Stopping threads took: 0.0000049 seconds
[2020-01-13T13:45:43.373+0000][1][safepoint    ] Application time: 0.0000139 seconds
[2020-01-13T13:45:43.373+0000][1][safepoint    ] Entering safepoint region: RevokeBias
[2020-01-13T13:45:43.373+0000][1][safepoint    ] Leaving safepoint region
[2020-01-13T13:45:43.373+0000][1][safepoint    ] Total time for which application threads were stopped: 0.0000244 seconds, Stopping threads took: 0.0000048 seconds
[2020-01-13T13:45:43.373+0000][1][safepoint    ] Application time: 0.0000167 seconds
[2020-01-13T13:45:43.373+0000][1][safepoint    ] Entering safepoint region: RevokeBias
[2020-01-13T13:45:43.373+0000][1][safepoint    ] Leaving safepoint region
[2020-01-13T13:45:43.373+0000][1][safepoint    ] Total time for which application threads were stopped: 0.0000249 seconds, Stopping threads took: 0.0000048 seconds
[2020-01-13T13:45:43.373+0000][1][safepoint    ] Application time: 0.0000138 seconds
[2020-01-13T13:45:43.373+0000][1][safepoint    ] Entering safepoint region: RevokeBias
[2020-01-13T13:45:43.373+0000][1][safepoint    ] Leaving safepoint region
[2020-01-13T13:45:43.373+0000][1][safepoint    ] Total time for which application threads were stopped: 0.0000241 seconds, Stopping threads took: 0.0000048 seconds
[2020-01-13T13:45:43.373+0000][1][safepoint    ] Application time: 0.0000321 seconds
[2020-01-13T13:45:43.373+0000][1][safepoint    ] Entering safepoint region: RevokeBias
[2020-01-13T13:45:43.373+0000][1][safepoint    ] Leaving safepoint region
[2020-01-13T13:45:43.373+0000][1][safepoint    ] Total time for which application threads were stopped: 0.0000262 seconds, Stopping threads took: 0.0000051 seconds
[2020-01-13T13:45:43.373+0000][1][safepoint    ] Application time: 0.0000141 seconds
[2020-01-13T13:45:43.373+0000][1][safepoint    ] Entering safepoint region: RevokeBias
[2020-01-13T13:45:43.373+0000][1][safepoint    ] Leaving safepoint region
[2020-01-13T13:45:43.373+0000][1][safepoint    ] Total time for which application threads were stopped: 0.0000243 seconds, Stopping threads took: 0.0000048 seconds
[2020-01-13T13:45:43.373+0000][1][safepoint    ] Application time: 0.0000165 seconds
[2020-01-13T13:45:43.373+0000][1][safepoint    ] Entering safepoint region: RevokeBias
[2020-01-13T13:45:43.373+0000][1][safepoint    ] Leaving safepoint region
[2020-01-13T13:45:43.373+0000][1][safepoint    ] Total time for which application threads were stopped: 0.0000250 seconds, Stopping threads took: 0.0000049 seconds
[2020-01-13T13:45:43.373+0000][1][safepoint    ] Application time: 0.0000142 seconds
[2020-01-13T13:45:43.373+0000][1][safepoint    ] Entering safepoint region: RevokeBias
[2020-01-13T13:45:43.374+0000][1][safepoint    ] Leaving safepoint region
[2020-01-13T13:45:43.374+0000][1][safepoint    ] Total time for which application threads were stopped: 0.0000242 seconds, Stopping threads took: 0.0000048 seconds
[2020-01-13T13:45:43.374+0000][1][safepoint    ] Application time: 0.0002838 seconds
[2020-01-13T13:45:43.374+0000][1][safepoint    ] Entering safepoint region: RevokeBias
[2020-01-13T13:45:43.374+0000][1][safepoint    ] Leaving safepoint region
[2020-01-13T13:45:43.374+0000][1][safepoint    ] Total time for which application threads were stopped: 0.0000318 seconds, Stopping threads took: 0.0000054 seconds
[2020-01-13T13:45:43.374+0000][1][safepoint    ] Application time: 0.0000158 seconds
[2020-01-13T13:45:43.374+0000][1][safepoint    ] Entering safepoint region: RevokeBias
[2020-01-13T13:45:43.374+0000][1][safepoint    ] Leaving safepoint region
[2020-01-13T13:45:43.374+0000][1][safepoint    ] Total time for which application threads were stopped: 0.0000306 seconds, Stopping threads took: 0.0000100 seconds
[2020-01-13T13:45:43.374+0000][1][safepoint    ] Application time: 0.0000260 seconds
[2020-01-13T13:45:43.374+0000][1][safepoint    ] Entering safepoint region: RevokeBias
[2020-01-13T13:45:43.374+0000][1][safepoint    ] Leaving safepoint region
[2020-01-13T13:45:43.374+0000][1][safepoint    ] Total time for which application threads were stopped: 0.0000255 seconds, Stopping threads took: 0.0000051 seconds
[2020-01-13T13:45:43.374+0000][1][safepoint    ] Application time: 0.0000140 seconds
[2020-01-13T13:45:43.374+0000][1][safepoint    ] Entering safepoint region: RevokeBias
[2020-01-13T13:45:43.374+0000][1][safepoint    ] Leaving safepoint region
[2020-01-13T13:45:43.374+0000][1][safepoint    ] Total time for which application threads were stopped: 0.0000244 seconds, Stopping threads took: 0.0000048 seconds
[2020-01-13T13:45:43.385+0000][1][safepoint    ] Application time: 0.0109303 seconds
[2020-01-13T13:45:43.385+0000][1][safepoint    ] Entering safepoint region: RevokeBias
[2020-01-13T13:45:43.385+0000][1][safepoint    ] Leaving safepoint region
[2020-01-13T13:45:43.385+0000][1][safepoint    ] Total time for which application threads were stopped: 0.0000951 seconds, Stopping threads took: 0.0000290 seconds
[2020-01-13T13:45:43.943+0000][1][safepoint    ] Application time: 0.5581932 seconds
[2020-01-13T13:45:43.943+0000][1][safepoint    ] Entering safepoint region: Deoptimize
[2020-01-13T13:45:43.944+0000][1][safepoint    ] Leaving safepoint region
[2020-01-13T13:45:43.944+0000][1][safepoint    ] Total time for which application threads were stopped: 0.0005510 seconds, Stopping threads took: 0.0000236 seconds
[2020-01-13T13:45:44.235+0000][1][safepoint    ] Application time: 0.2908112 seconds
[2020-01-13T13:45:44.235+0000][1][safepoint    ] Entering safepoint region: RevokeBias
[2020-01-13T13:45:44.235+0000][1][safepoint    ] Leaving safepoint region
[2020-01-13T13:45:44.235+0000][1][safepoint    ] Total time for which application threads were stopped: 0.0001407 seconds, Stopping threads took: 0.0000281 seconds
[2020-01-13T13:45:44.280+0000][1][safepoint    ] Application time: 0.0452286 seconds
[2020-01-13T13:45:44.280+0000][1][safepoint    ] Entering safepoint region: RevokeBias
[2020-01-13T13:45:44.281+0000][1][safepoint    ] Leaving safepoint region
[2020-01-13T13:45:44.281+0000][1][safepoint    ] Total time for which application threads were stopped: 0.0003859 seconds, Stopping threads took: 0.0003019 seconds
[2020-01-13T13:45:44.590+0000][1][safepoint    ] Application time: 0.3095372 seconds
[2020-01-13T13:45:44.597+0000][1][safepoint    ] Entering safepoint region: GenCollectForAllocation
[2020-01-13T13:45:44.598+0000][1][gc,start     ] GC(1) Pause Young (Allocation Failure)
[2020-01-13T13:45:44.598+0000][1][gc,task      ] GC(1) Using 1 workers of 1 for evacuation
[2020-01-13T13:45:44.655+0000][1][gc,age       ] GC(1) Desired survivor size 4358144 bytes, new threshold 6 (max threshold 6)
[2020-01-13T13:45:44.655+0000][1][gc,age       ] GC(1) Age table with threshold 6 (max threshold 6)
[2020-01-13T13:45:44.655+0000][1][gc,age       ] GC(1) - age   1:    2696384 bytes,    2696384 total
[2020-01-13T13:45:44.655+0000][1][gc,heap      ] GC(1) ParNew: 74408K->4146K(76672K)
[2020-01-13T13:45:44.655+0000][1][gc,heap      ] GC(1) CMS: 0K->6694K(176960K)
[2020-01-13T13:45:44.655+0000][1][gc,metaspace ] GC(1) Metaspace: 14813K->14813K(1062912K)
[2020-01-13T13:45:44.655+0000][1][gc           ] GC(1) Pause Young (Allocation Failure) 72M->10M(247M) 57.796ms
[2020-01-13T13:45:44.655+0000][1][gc,cpu       ] GC(1) User=0.06s Sys=0.00s Real=0.06s
[2020-01-13T13:45:44.655+0000][1][safepoint    ] Leaving safepoint region
[2020-01-13T13:45:44.655+0000][1][safepoint    ] Total time for which application threads were stopped: 0.0652299 seconds, Stopping threads took: 0.0072366 seconds
[2020-01-13T13:45:44.662+0000][1][safepoint    ] Application time: 0.0066369 seconds
[2020-01-13T13:45:44.662+0000][1][safepoint    ] Entering safepoint region: BulkRevokeBias
[2020-01-13T13:45:44.662+0000][1][safepoint    ] Leaving safepoint region
[2020-01-13T13:45:44.662+0000][1][safepoint    ] Total time for which application threads were stopped: 0.0003012 seconds, Stopping threads took: 0.0002090 seconds
[2020-01-13T13:45:44.666+0000][1][safepoint    ] Application time: 0.0039134 seconds
[2020-01-13T13:45:44.666+0000][1][safepoint    ] Entering safepoint region: RevokeBias
[2020-01-13T13:45:44.667+0000][1][safepoint    ] Leaving safepoint region
[2020-01-13T13:45:44.667+0000][1][safepoint    ] Total time for which application threads were stopped: 0.0001387 seconds, Stopping threads took: 0.0000731 seconds
[2020-01-13T13:45:44.667+0000][1][safepoint    ] Application time: 0.0000690 seconds
[2020-01-13T13:45:44.667+0000][1][safepoint    ] Entering safepoint region: RevokeBias
[2020-01-13T13:45:44.667+0000][1][safepoint    ] Leaving safepoint region
[2020-01-13T13:45:44.667+0000][1][safepoint    ] Total time for which application threads were stopped: 0.0000699 seconds, Stopping threads took: 0.0000230 seconds
[2020-01-13T13:45:44.667+0000][1][safepoint    ] Application time: 0.0000264 seconds
[2020-01-13T13:45:44.667+0000][1][safepoint    ] Entering safepoint region: RevokeBias
[2020-01-13T13:45:44.667+0000][1][safepoint    ] Leaving safepoint region
[2020-01-13T13:45:44.667+0000][1][safepoint    ] Total time for which application threads were stopped: 0.0000458 seconds, Stopping threads took: 0.0000052 seconds
[2020-01-13T13:45:44.667+0000][1][safepoint    ] Application time: 0.0001096 seconds
[2020-01-13T13:45:44.667+0000][1][safepoint    ] Entering safepoint region: RevokeBias
[2020-01-13T13:45:44.667+0000][1][safepoint    ] Leaving safepoint region
[2020-01-13T13:45:44.667+0000][1][safepoint    ] Total time for which application threads were stopped: 0.0000501 seconds, Stopping threads took: 0.0000104 seconds
[2020-01-13T13:45:44.667+0000][1][safepoint    ] Application time: 0.0000233 seconds
[2020-01-13T13:45:44.667+0000][1][safepoint    ] Entering safepoint region: RevokeBias
[2020-01-13T13:45:44.667+0000][1][safepoint    ] Leaving safepoint region
[2020-01-13T13:45:44.667+0000][1][safepoint    ] Total time for which application threads were stopped: 0.0000435 seconds, Stopping threads took: 0.0000072 seconds
[2020-01-13T13:45:44.667+0000][1][safepoint    ] Application time: 0.0000328 seconds
[2020-01-13T13:45:44.667+0000][1][safepoint    ] Entering safepoint region: RevokeBias
[2020-01-13T13:45:44.667+0000][1][safepoint    ] Leaving safepoint region
[2020-01-13T13:45:44.667+0000][1][safepoint    ] Total time for which application threads were stopped: 0.0000484 seconds, Stopping threads took: 0.0000072 seconds
[2020-01-13T13:45:44.667+0000][1][safepoint    ] Application time: 0.0000264 seconds
[2020-01-13T13:45:44.667+0000][1][safepoint    ] Entering safepoint region: RevokeBias
[2020-01-13T13:45:44.667+0000][1][safepoint    ] Leaving safepoint region
[2020-01-13T13:45:44.667+0000][1][safepoint    ] Total time for which application threads were stopped: 0.0000455 seconds, Stopping threads took: 0.0000140 seconds
[2020-01-13T13:45:44.667+0000][1][safepoint    ] Application time: 0.0000277 seconds
[2020-01-13T13:45:44.667+0000][1][safepoint    ] Entering safepoint region: BulkRevokeBias
[2020-01-13T13:45:44.667+0000][1][safepoint    ] Leaving safepoint region
[2020-01-13T13:45:44.667+0000][1][safepoint    ] Total time for which application threads were stopped: 0.0001299 seconds, Stopping threads took: 0.0000054 seconds
[2020-01-13T13:45:44.667+0000][1][safepoint    ] Application time: 0.0000213 seconds
[2020-01-13T13:45:44.667+0000][1][safepoint    ] Entering safepoint region: RevokeBias
[2020-01-13T13:45:44.667+0000][1][safepoint    ] Leaving safepoint region
[2020-01-13T13:45:44.667+0000][1][safepoint    ] Total time for which application threads were stopped: 0.0000320 seconds, Stopping threads took: 0.0000051 seconds
[2020-01-13T13:45:44.667+0000][1][safepoint    ] Application time: 0.0000260 seconds
[2020-01-13T13:45:44.667+0000][1][safepoint    ] Entering safepoint region: BulkRevokeBias
[2020-01-13T13:45:44.668+0000][1][safepoint    ] Leaving safepoint region
[2020-01-13T13:45:44.668+0000][1][safepoint    ] Total time for which application threads were stopped: 0.0000461 seconds, Stopping threads took: 0.0000050 seconds
[2020-01-13T13:45:45.025+0000][1][safepoint    ] Application time: 0.3570099 seconds
[2020-01-13T13:45:45.025+0000][1][safepoint    ] Entering safepoint region: GenCollectForAllocation
[2020-01-13T13:45:45.025+0000][1][gc,start     ] GC(2) Pause Young (Allocation Failure)
[2020-01-13T13:45:45.025+0000][1][gc,task      ] GC(2) Using 1 workers of 1 for evacuation
[2020-01-13T13:45:45.038+0000][1][gc,age       ] GC(2) Desired survivor size 4358144 bytes, new threshold 6 (max threshold 6)
[2020-01-13T13:45:45.039+0000][1][gc,age       ] GC(2) Age table with threshold 6 (max threshold 6)
[2020-01-13T13:45:45.039+0000][1][gc,age       ] GC(2) - age   1:    2689008 bytes,    2689008 total
[2020-01-13T13:45:45.039+0000][1][gc,age       ] GC(2) - age   2:    1157632 bytes,    3846640 total
[2020-01-13T13:45:45.039+0000][1][gc,heap      ] GC(2) ParNew: 72306K->6022K(76672K)
[2020-01-13T13:45:45.039+0000][1][gc,heap      ] GC(2) CMS: 6694K->6694K(176960K)
[2020-01-13T13:45:45.039+0000][1][gc,metaspace ] GC(2) Metaspace: 14943K->14943K(1062912K)
[2020-01-13T13:45:45.039+0000][1][gc           ] GC(2) Pause Young (Allocation Failure) 77M->12M(247M) 13.847ms
[2020-01-13T13:45:45.039+0000][1][gc,cpu       ] GC(2) User=0.01s Sys=0.00s Real=0.01s
[2020-01-13T13:45:45.039+0000][1][safepoint    ] Leaving safepoint region
[2020-01-13T13:45:45.039+0000][1][safepoint    ] Total time for which application threads were stopped: 0.0140888 seconds, Stopping threads took: 0.0000464 seconds
[2020-01-13T13:45:45.049+0000][1][safepoint    ] Application time: 0.0106531 seconds
[2020-01-13T13:45:45.050+0000][1][safepoint    ] Entering safepoint region: RevokeBias
[2020-01-13T13:45:45.050+0000][1][safepoint    ] Leaving safepoint region
[2020-01-13T13:45:45.050+0000][1][safepoint    ] Total time for which application threads were stopped: 0.0004434 seconds, Stopping threads took: 0.0003492 seconds
[2020-01-13T13:45:45.050+0000][1][safepoint    ] Application time: 0.0000422 seconds
[2020-01-13T13:45:45.050+0000][1][safepoint    ] Entering safepoint region: RevokeBias
[2020-01-13T13:45:45.050+0000][1][safepoint    ] Leaving safepoint region
[2020-01-13T13:45:45.050+0000][1][safepoint    ] Total time for which application threads were stopped: 0.0000400 seconds, Stopping threads took: 0.0000062 seconds
[2020-01-13T13:45:45.050+0000][1][safepoint    ] Application time: 0.0000622 seconds
[2020-01-13T13:45:45.050+0000][1][safepoint    ] Entering safepoint region: RevokeBias
[2020-01-13T13:45:45.050+0000][1][safepoint    ] Leaving safepoint region
[2020-01-13T13:45:45.050+0000][1][safepoint    ] Total time for which application threads were stopped: 0.0000452 seconds, Stopping threads took: 0.0000078 seconds
[2020-01-13T13:45:45.050+0000][1][safepoint    ] Application time: 0.0000207 seconds
[2020-01-13T13:45:45.050+0000][1][safepoint    ] Entering safepoint region: RevokeBias
[2020-01-13T13:45:45.050+0000][1][safepoint    ] Leaving safepoint region
[2020-01-13T13:45:45.050+0000][1][safepoint    ] Total time for which application threads were stopped: 0.0000425 seconds, Stopping threads took: 0.0000071 seconds
[2020-01-13T13:45:45.050+0000][1][safepoint    ] Application time: 0.0000239 seconds
[2020-01-13T13:45:45.050+0000][1][safepoint    ] Entering safepoint region: RevokeBias
[2020-01-13T13:45:45.050+0000][1][safepoint    ] Leaving safepoint region
[2020-01-13T13:45:45.050+0000][1][safepoint    ] Total time for which application threads were stopped: 0.0000428 seconds, Stopping threads took: 0.0000073 seconds
[2020-01-13T13:45:45.050+0000][1][safepoint    ] Application time: 0.0000196 seconds
[2020-01-13T13:45:45.050+0000][1][safepoint    ] Entering safepoint region: RevokeBias
[2020-01-13T13:45:45.050+0000][1][safepoint    ] Leaving safepoint region
[2020-01-13T13:45:45.050+0000][1][safepoint    ] Total time for which application threads were stopped: 0.0001036 seconds, Stopping threads took: 0.0000257 seconds
[2020-01-13T13:45:45.391+0000][1][safepoint    ] Application time: 0.3405148 seconds
[2020-01-13T13:45:45.391+0000][1][safepoint    ] Entering safepoint region: Deoptimize
[2020-01-13T13:45:45.392+0000][1][safepoint    ] Leaving safepoint region
[2020-01-13T13:45:45.392+0000][1][safepoint    ] Total time for which application threads were stopped: 0.0006022 seconds, Stopping threads took: 0.0000358 seconds
[2020-01-13T13:45:45.392+0000][1][safepoint    ] Application time: 0.0004955 seconds
[2020-01-13T13:45:45.395+0000][1][safepoint    ] Entering safepoint region: Deoptimize
[2020-01-13T13:45:45.396+0000][1][safepoint    ] Leaving safepoint region
[2020-01-13T13:45:45.396+0000][1][safepoint    ] Total time for which application threads were stopped: 0.0037905 seconds, Stopping threads took: 0.0033074 seconds
[2020-01-13T13:45:46.013+0000][1][safepoint    ] Application time: 0.6171452 seconds
[2020-01-13T13:45:46.013+0000][1][safepoint    ] Entering safepoint region: GenCollectForAllocation
[2020-01-13T13:45:46.013+0000][1][gc,start     ] GC(3) Pause Young (Allocation Failure)
[2020-01-13T13:45:46.013+0000][1][gc,task      ] GC(3) Using 1 workers of 1 for evacuation
[2020-01-13T13:45:46.025+0000][1][gc,age       ] GC(3) Desired survivor size 4358144 bytes, new threshold 3 (max threshold 6)
[2020-01-13T13:45:46.025+0000][1][gc,age       ] GC(3) Age table with threshold 3 (max threshold 6)
[2020-01-13T13:45:46.025+0000][1][gc,age       ] GC(3) - age   1:    3262832 bytes,    3262832 total
[2020-01-13T13:45:46.025+0000][1][gc,age       ] GC(3) - age   2:     294528 bytes,    3557360 total
[2020-01-13T13:45:46.025+0000][1][gc,age       ] GC(3) - age   3:    1154608 bytes,    4711968 total
[2020-01-13T13:45:46.025+0000][1][gc,heap      ] GC(3) ParNew: 74182K->7146K(76672K)
[2020-01-13T13:45:46.025+0000][1][gc,heap      ] GC(3) CMS: 6694K->6694K(176960K)
[2020-01-13T13:45:46.025+0000][1][gc,metaspace ] GC(3) Metaspace: 18417K->18417K(1067008K)
[2020-01-13T13:45:46.025+0000][1][gc           ] GC(3) Pause Young (Allocation Failure) 78M->13M(247M) 12.238ms
[2020-01-13T13:45:46.025+0000][1][gc,cpu       ] GC(3) User=0.01s Sys=0.00s Real=0.01s
[2020-01-13T13:45:46.025+0000][1][safepoint    ] Leaving safepoint region
[2020-01-13T13:45:46.025+0000][1][safepoint    ] Total time for which application threads were stopped: 0.0124312 seconds, Stopping threads took: 0.0000243 seconds
[2020-01-13T13:45:46.037+0000][1][safepoint    ] Application time: 0.0118405 seconds
[2020-01-13T13:45:46.037+0000][1][safepoint    ] Entering safepoint region: BulkRevokeBias
[2020-01-13T13:45:46.038+0000][1][safepoint    ] Leaving safepoint region
[2020-01-13T13:45:46.038+0000][1][safepoint    ] Total time for which application threads were stopped: 0.0002262 seconds, Stopping threads took: 0.0000524 seconds
[2020-01-13T13:45:46.039+0000][1][safepoint    ] Application time: 0.0013440 seconds
[2020-01-13T13:45:46.039+0000][1][safepoint    ] Entering safepoint region: RevokeBias
[2020-01-13T13:45:46.039+0000][1][safepoint    ] Leaving safepoint region
[2020-01-13T13:45:46.039+0000][1][safepoint    ] Total time for which application threads were stopped: 0.0000908 seconds, Stopping threads took: 0.0000299 seconds
[2020-01-13T13:45:46.040+0000][1][safepoint    ] Application time: 0.0006087 seconds
[2020-01-13T13:45:46.040+0000][1][safepoint    ] Entering safepoint region: RevokeBias
[2020-01-13T13:45:46.040+0000][1][safepoint    ] Leaving safepoint region
[2020-01-13T13:45:46.040+0000][1][safepoint    ] Total time for which application threads were stopped: 0.0000691 seconds, Stopping threads took: 0.0000198 seconds
[2020-01-13T13:45:46.040+0000][1][safepoint    ] Application time: 0.0005847 seconds
[2020-01-13T13:45:46.040+0000][1][safepoint    ] Entering safepoint region: RevokeBias
[2020-01-13T13:45:46.041+0000][1][safepoint    ] Leaving safepoint region
[2020-01-13T13:45:46.041+0000][1][safepoint    ] Total time for which application threads were stopped: 0.0001245 seconds, Stopping threads took: 0.0000642 seconds
[2020-01-13T13:45:46.041+0000][1][safepoint    ] Application time: 0.0000293 seconds
[2020-01-13T13:45:46.041+0000][1][safepoint    ] Entering safepoint region: RevokeBias
[2020-01-13T13:45:46.041+0000][1][safepoint    ] Leaving safepoint region
[2020-01-13T13:45:46.041+0000][1][safepoint    ] Total time for which application threads were stopped: 0.0000438 seconds, Stopping threads took: 0.0000056 seconds
[2020-01-13T13:45:46.041+0000][1][safepoint    ] Application time: 0.0000151 seconds
[2020-01-13T13:45:46.041+0000][1][safepoint    ] Entering safepoint region: RevokeBias
[2020-01-13T13:45:46.041+0000][1][safepoint    ] Leaving safepoint region
[2020-01-13T13:45:46.041+0000][1][safepoint    ] Total time for which application threads were stopped: 0.0000297 seconds, Stopping threads took: 0.0000049 seconds
[2020-01-13T13:45:46.041+0000][1][safepoint    ] Application time: 0.0000167 seconds
[2020-01-13T13:45:46.041+0000][1][safepoint    ] Entering safepoint region: RevokeBias
[2020-01-13T13:45:46.041+0000][1][safepoint    ] Leaving safepoint region
[2020-01-13T13:45:46.041+0000][1][safepoint    ] Total time for which application threads were stopped: 0.0000344 seconds, Stopping threads took: 0.0000049 seconds
[2020-01-13T13:45:46.041+0000][1][safepoint    ] Application time: 0.0000197 seconds
[2020-01-13T13:45:46.041+0000][1][safepoint    ] Entering safepoint region: RevokeBias
[2020-01-13T13:45:46.041+0000][1][safepoint    ] Leaving safepoint region
[2020-01-13T13:45:46.041+0000][1][safepoint    ] Total time for which application threads were stopped: 0.0000488 seconds, Stopping threads took: 0.0000076 seconds
[2020-01-13T13:45:46.041+0000][1][safepoint    ] Application time: 0.0000258 seconds
[2020-01-13T13:45:46.041+0000][1][safepoint    ] Entering safepoint region: RevokeBias
[2020-01-13T13:45:46.041+0000][1][safepoint    ] Leaving safepoint region
[2020-01-13T13:45:46.041+0000][1][safepoint    ] Total time for which application threads were stopped: 0.0000320 seconds, Stopping threads took: 0.0000052 seconds
[2020-01-13T13:45:46.041+0000][1][safepoint    ] Application time: 0.0000144 seconds
[2020-01-13T13:45:46.041+0000][1][safepoint    ] Entering safepoint region: RevokeBias
[2020-01-13T13:45:46.041+0000][1][safepoint    ] Leaving safepoint region
[2020-01-13T13:45:46.041+0000][1][safepoint    ] Total time for which application threads were stopped: 0.0000284 seconds, Stopping threads took: 0.0000050 seconds
[2020-01-13T13:45:46.041+0000][1][safepoint    ] Application time: 0.0000165 seconds
[2020-01-13T13:45:46.041+0000][1][safepoint    ] Entering safepoint region: RevokeBias
[2020-01-13T13:45:46.041+0000][1][safepoint    ] Leaving safepoint region
[2020-01-13T13:45:46.041+0000][1][safepoint    ] Total time for which application threads were stopped: 0.0000283 seconds, Stopping threads took: 0.0000049 seconds
[2020-01-13T13:45:46.041+0000][1][safepoint    ] Application time: 0.0000140 seconds
[2020-01-13T13:45:46.041+0000][1][safepoint    ] Entering safepoint region: RevokeBias
[2020-01-13T13:45:46.041+0000][1][safepoint    ] Leaving safepoint region
[2020-01-13T13:45:46.041+0000][1][safepoint    ] Total time for which application threads were stopped: 0.0000275 seconds, Stopping threads took: 0.0000049 seconds
[2020-01-13T13:45:46.043+0000][1][safepoint    ] Application time: 0.0024040 seconds
[2020-01-13T13:45:46.043+0000][1][safepoint    ] Entering safepoint region: RevokeBias
[2020-01-13T13:45:46.044+0000][1][safepoint    ] Leaving safepoint region
[2020-01-13T13:45:46.044+0000][1][safepoint    ] Total time for which application threads were stopped: 0.0001014 seconds, Stopping threads took: 0.0000517 seconds
[2020-01-13T13:45:46.044+0000][1][safepoint    ] Application time: 0.0000349 seconds
[2020-01-13T13:45:46.044+0000][1][safepoint    ] Entering safepoint region: RevokeBias
[2020-01-13T13:45:46.044+0000][1][safepoint    ] Leaving safepoint region
[2020-01-13T13:45:46.044+0000][1][safepoint    ] Total time for which application threads were stopped: 0.0000456 seconds, Stopping threads took: 0.0000148 seconds
[2020-01-13T13:45:46.044+0000][1][safepoint    ] Application time: 0.0000196 seconds
[2020-01-13T13:45:46.044+0000][1][safepoint    ] Entering safepoint region: RevokeBias
[2020-01-13T13:45:46.044+0000][1][safepoint    ] Leaving safepoint region
[2020-01-13T13:45:46.044+0000][1][safepoint    ] Total time for which application threads were stopped: 0.0000317 seconds, Stopping threads took: 0.0000049 seconds
[2020-01-13T13:45:46.044+0000][1][safepoint    ] Application time: 0.0000143 seconds
[2020-01-13T13:45:46.044+0000][1][safepoint    ] Entering safepoint region: RevokeBias
[2020-01-13T13:45:46.044+0000][1][safepoint    ] Leaving safepoint region
[2020-01-13T13:45:46.044+0000][1][safepoint    ] Total time for which application threads were stopped: 0.0000310 seconds, Stopping threads took: 0.0000050 seconds
[2020-01-13T13:45:46.044+0000][1][safepoint    ] Application time: 0.0000675 seconds
[2020-01-13T13:45:46.044+0000][1][safepoint    ] Entering safepoint region: RevokeBias
[2020-01-13T13:45:46.044+0000][1][safepoint    ] Leaving safepoint region
[2020-01-13T13:45:46.044+0000][1][safepoint    ] Total time for which application threads were stopped: 0.0000333 seconds, Stopping threads took: 0.0000053 seconds
[2020-01-13T13:45:46.044+0000][1][safepoint    ] Application time: 0.0000176 seconds
[2020-01-13T13:45:46.044+0000][1][safepoint    ] Entering safepoint region: RevokeBias
[2020-01-13T13:45:46.044+0000][1][safepoint    ] Leaving safepoint region
[2020-01-13T13:45:46.044+0000][1][safepoint    ] Total time for which application threads were stopped: 0.0000313 seconds, Stopping threads took: 0.0000049 seconds
[2020-01-13T13:45:46.044+0000][1][safepoint    ] Application time: 0.0000143 seconds
[2020-01-13T13:45:46.044+0000][1][safepoint    ] Entering safepoint region: RevokeBias
[2020-01-13T13:45:46.044+0000][1][safepoint    ] Leaving safepoint region
[2020-01-13T13:45:46.044+0000][1][safepoint    ] Total time for which application threads were stopped: 0.0000307 seconds, Stopping threads took: 0.0000049 seconds
[2020-01-13T13:45:46.044+0000][1][safepoint    ] Application time: 0.0000162 seconds
[2020-01-13T13:45:46.044+0000][1][safepoint    ] Entering safepoint region: RevokeBias
[2020-01-13T13:45:46.044+0000][1][safepoint    ] Leaving safepoint region
[2020-01-13T13:45:46.044+0000][1][safepoint    ] Total time for which application threads were stopped: 0.0000312 seconds, Stopping threads took: 0.0000048 seconds
[2020-01-13T13:45:46.044+0000][1][safepoint    ] Application time: 0.0002949 seconds
[2020-01-13T13:45:46.044+0000][1][safepoint    ] Entering safepoint region: RevokeBias
[2020-01-13T13:45:46.044+0000][1][safepoint    ] Leaving safepoint region
[2020-01-13T13:45:46.044+0000][1][safepoint    ] Total time for which application threads were stopped: 0.0000849 seconds, Stopping threads took: 0.0000420 seconds
[2020-01-13T13:45:46.289+0000][1][safepoint    ] Application time: 0.2449143 seconds
[2020-01-13T13:45:46.289+0000][1][safepoint    ] Entering safepoint region: GenCollectForAllocation
[2020-01-13T13:45:46.290+0000][1][gc,start     ] GC(4) Pause Young (Allocation Failure)
[2020-01-13T13:45:46.290+0000][1][gc,task      ] GC(4) Using 1 workers of 1 for evacuation
[2020-01-13T13:45:46.312+0000][1][gc,age       ] GC(4) Desired survivor size 4358144 bytes, new threshold 3 (max threshold 6)
[2020-01-13T13:45:46.312+0000][1][gc,age       ] GC(4) Age table with threshold 3 (max threshold 6)
[2020-01-13T13:45:46.312+0000][1][gc,age       ] GC(4) - age   1:    1082760 bytes,    1082760 total
[2020-01-13T13:45:46.312+0000][1][gc,age       ] GC(4) - age   2:    3224848 bytes,    4307608 total
[2020-01-13T13:45:46.312+0000][1][gc,age       ] GC(4) - age   3:     294000 bytes,    4601608 total
[2020-01-13T13:45:46.312+0000][1][gc,heap      ] GC(4) ParNew: 75306K->8512K(76672K)
[2020-01-13T13:45:46.312+0000][1][gc,heap      ] GC(4) CMS: 6694K->7838K(176960K)
[2020-01-13T13:45:46.312+0000][1][gc,metaspace ] GC(4) Metaspace: 18653K->18653K(1067008K)
[2020-01-13T13:45:46.312+0000][1][gc           ] GC(4) Pause Young (Allocation Failure) 80M->15M(247M) 22.888ms
[2020-01-13T13:45:46.312+0000][1][gc,cpu       ] GC(4) User=0.02s Sys=0.00s Real=0.02s
[2020-01-13T13:45:46.312+0000][1][safepoint    ] Leaving safepoint region
[2020-01-13T13:45:46.312+0000][1][safepoint    ] Total time for which application threads were stopped: 0.0230502 seconds, Stopping threads took: 0.0000251 seconds
[2020-01-13T13:45:46.317+0000][1][safepoint    ] Application time: 0.0048767 seconds
[2020-01-13T13:45:46.320+0000][1][safepoint    ] Entering safepoint region: RevokeBias
[2020-01-13T13:45:46.320+0000][1][safepoint    ] Leaving safepoint region
[2020-01-13T13:45:46.320+0000][1][safepoint    ] Total time for which application threads were stopped: 0.0027416 seconds, Stopping threads took: 0.0026355 seconds
[2020-01-13T13:45:46.320+0000][1][safepoint    ] Application time: 0.0000300 seconds
[2020-01-13T13:45:46.320+0000][1][safepoint    ] Entering safepoint region: RevokeBias
[2020-01-13T13:45:46.320+0000][1][safepoint    ] Leaving safepoint region
[2020-01-13T13:45:46.320+0000][1][safepoint    ] Total time for which application threads were stopped: 0.0000459 seconds, Stopping threads took: 0.0000047 seconds
[2020-01-13T13:45:46.320+0000][1][safepoint    ] Application time: 0.0000261 seconds
[2020-01-13T13:45:46.320+0000][1][safepoint    ] Entering safepoint region: RevokeBias
[2020-01-13T13:45:46.320+0000][1][safepoint    ] Leaving safepoint region
[2020-01-13T13:45:46.320+0000][1][safepoint    ] Total time for which application threads were stopped: 0.0000404 seconds, Stopping threads took: 0.0000043 seconds
[2020-01-13T13:45:46.320+0000][1][safepoint    ] Application time: 0.0000120 seconds
[2020-01-13T13:45:46.320+0000][1][safepoint    ] Entering safepoint region: RevokeBias
[2020-01-13T13:45:46.320+0000][1][safepoint    ] Leaving safepoint region
[2020-01-13T13:45:46.320+0000][1][safepoint    ] Total time for which application threads were stopped: 0.0000409 seconds, Stopping threads took: 0.0000050 seconds
[2020-01-13T13:45:46.357+0000][1][safepoint    ] Application time: 0.0367166 seconds
[2020-01-13T13:45:46.361+0000][1][safepoint    ] Entering safepoint region: Deoptimize
[2020-01-13T13:45:46.362+0000][1][safepoint    ] Leaving safepoint region
[2020-01-13T13:45:46.362+0000][1][safepoint    ] Total time for which application threads were stopped: 0.0048127 seconds, Stopping threads took: 0.0042664 seconds
[2020-01-13T13:45:46.438+0000][1][safepoint    ] Application time: 0.0756483 seconds
[2020-01-13T13:45:46.440+0000][1][safepoint    ] Entering safepoint region: Deoptimize
[2020-01-13T13:45:46.441+0000][1][safepoint    ] Leaving safepoint region
[2020-01-13T13:45:46.441+0000][1][safepoint    ] Total time for which application threads were stopped: 0.0031447 seconds, Stopping threads took: 0.0025696 seconds
[2020-01-13T13:45:46.634+0000][1][safepoint    ] Application time: 0.1927108 seconds
[2020-01-13T13:45:46.634+0000][1][safepoint    ] Entering safepoint region: GenCollectForAllocation
[2020-01-13T13:45:46.634+0000][1][gc,start     ] GC(5) Pause Young (Allocation Failure)
[2020-01-13T13:45:46.634+0000][1][gc,task      ] GC(5) Using 1 workers of 1 for evacuation
[2020-01-13T13:45:46.648+0000][1][gc,age       ] GC(5) Desired survivor size 4358144 bytes, new threshold 3 (max threshold 6)
[2020-01-13T13:45:46.648+0000][1][gc,age       ] GC(5) Age table with threshold 3 (max threshold 6)
[2020-01-13T13:45:46.648+0000][1][gc,age       ] GC(5) - age   1:    2155304 bytes,    2155304 total
[2020-01-13T13:45:46.648+0000][1][gc,age       ] GC(5) - age   2:     545576 bytes,    2700880 total
[2020-01-13T13:45:46.648+0000][1][gc,age       ] GC(5) - age   3:    3224824 bytes,    5925704 total
[2020-01-13T13:45:46.648+0000][1][gc,heap      ] GC(5) ParNew: 76672K->8309K(76672K)
[2020-01-13T13:45:46.648+0000][1][gc,heap      ] GC(5) CMS: 7838K->8129K(176960K)
[2020-01-13T13:45:46.648+0000][1][gc,metaspace ] GC(5) Metaspace: 18873K->18873K(1067008K)
[2020-01-13T13:45:46.648+0000][1][gc           ] GC(5) Pause Young (Allocation Failure) 82M->16M(247M) 14.324ms
[2020-01-13T13:45:46.648+0000][1][gc,cpu       ] GC(5) User=0.02s Sys=0.00s Real=0.01s
[2020-01-13T13:45:46.648+0000][1][safepoint    ] Leaving safepoint region
[2020-01-13T13:45:46.648+0000][1][safepoint    ] Total time for which application threads were stopped: 0.0145287 seconds, Stopping threads took: 0.0000364 seconds
[2020-01-13T13:45:46.654+0000][1][safepoint    ] Application time: 0.0059489 seconds
[2020-01-13T13:45:46.654+0000][1][safepoint    ] Entering safepoint region: RevokeBias
[2020-01-13T13:45:46.654+0000][1][safepoint    ] Leaving safepoint region
[2020-01-13T13:45:46.654+0000][1][safepoint    ] Total time for which application threads were stopped: 0.0001479 seconds, Stopping threads took: 0.0000176 seconds
[2020-01-13T13:45:46.655+0000][1][safepoint    ] Application time: 0.0008188 seconds
[2020-01-13T13:45:46.655+0000][1][safepoint    ] Entering safepoint region: RevokeBias
[2020-01-13T13:45:46.655+0000][1][safepoint    ] Leaving safepoint region
[2020-01-13T13:45:46.655+0000][1][safepoint    ] Total time for which application threads were stopped: 0.0001120 seconds, Stopping threads took: 0.0000136 seconds
[2020-01-13T13:45:46.658+0000][1][safepoint    ] Application time: 0.0023379 seconds
[2020-01-13T13:45:46.658+0000][1][safepoint    ] Entering safepoint region: RevokeBias
[2020-01-13T13:45:46.658+0000][1][safepoint    ] Leaving safepoint region
[2020-01-13T13:45:46.658+0000][1][safepoint    ] Total time for which application threads were stopped: 0.0001128 seconds, Stopping threads took: 0.0000271 seconds
[2020-01-13T13:45:46.658+0000][1][safepoint    ] Application time: 0.0000286 seconds
[2020-01-13T13:45:46.658+0000][1][safepoint    ] Entering safepoint region: RevokeBias
[2020-01-13T13:45:46.658+0000][1][safepoint    ] Leaving safepoint region
[2020-01-13T13:45:46.658+0000][1][safepoint    ] Total time for which application threads were stopped: 0.0000566 seconds, Stopping threads took: 0.0000081 seconds
[2020-01-13T13:45:46.658+0000][1][safepoint    ] Application time: 0.0000315 seconds
[2020-01-13T13:45:46.658+0000][1][safepoint    ] Entering safepoint region: RevokeBias
[2020-01-13T13:45:46.658+0000][1][safepoint    ] Leaving safepoint region
[2020-01-13T13:45:46.658+0000][1][safepoint    ] Total time for which application threads were stopped: 0.0000491 seconds, Stopping threads took: 0.0000080 seconds
[2020-01-13T13:45:46.659+0000][1][safepoint    ] Application time: 0.0008378 seconds
[2020-01-13T13:45:46.659+0000][1][safepoint    ] Entering safepoint region: RevokeBias
[2020-01-13T13:45:46.659+0000][1][safepoint    ] Leaving safepoint region
[2020-01-13T13:45:46.659+0000][1][safepoint    ] Total time for which application threads were stopped: 0.0000805 seconds, Stopping threads took: 0.0000100 seconds
[2020-01-13T13:45:46.904+0000][1][safepoint    ] Application time: 0.2454523 seconds
[2020-01-13T13:45:46.904+0000][1][safepoint    ] Entering safepoint region: RevokeBias
[2020-01-13T13:45:46.904+0000][1][safepoint    ] Leaving safepoint region
[2020-01-13T13:45:46.904+0000][1][safepoint    ] Total time for which application threads were stopped: 0.0000967 seconds, Stopping threads took: 0.0000259 seconds
[2020-01-13T13:45:46.915+0000][1][safepoint    ] Application time: 0.0103765 seconds
[2020-01-13T13:45:46.918+0000][1][safepoint    ] Entering safepoint region: GenCollectForAllocation
[2020-01-13T13:45:46.918+0000][1][gc,start     ] GC(6) Pause Young (Allocation Failure)
[2020-01-13T13:45:46.919+0000][1][gc,task      ] GC(6) Using 1 workers of 1 for evacuation
[2020-01-13T13:45:46.940+0000][1][gc,age       ] GC(6) Desired survivor size 4358144 bytes, new threshold 6 (max threshold 6)
[2020-01-13T13:45:46.940+0000][1][gc,age       ] GC(6) Age table with threshold 6 (max threshold 6)
[2020-01-13T13:45:46.940+0000][1][gc,age       ] GC(6) - age   1:     507904 bytes,     507904 total
[2020-01-13T13:45:46.940+0000][1][gc,age       ] GC(6) - age   2:    2142160 bytes,    2650064 total
[2020-01-13T13:45:46.940+0000][1][gc,age       ] GC(6) - age   3:     545512 bytes,    3195576 total
[2020-01-13T13:45:46.940+0000][1][gc,heap      ] GC(6) ParNew: 76469K->5032K(76672K)
[2020-01-13T13:45:46.940+0000][1][gc,heap      ] GC(6) CMS: 8129K->11299K(176960K)
[2020-01-13T13:45:46.940+0000][1][gc,metaspace ] GC(6) Metaspace: 19212K->19212K(1067008K)
[2020-01-13T13:45:46.940+0000][1][gc           ] GC(6) Pause Young (Allocation Failure) 82M->15M(247M) 21.205ms
[2020-01-13T13:45:46.940+0000][1][gc,cpu       ] GC(6) User=0.02s Sys=0.00s Real=0.03s
[2020-01-13T13:45:46.940+0000][1][safepoint    ] Leaving safepoint region
[2020-01-13T13:45:46.940+0000][1][safepoint    ] Total time for which application threads were stopped: 0.0248629 seconds, Stopping threads took: 0.0035157 seconds
[2020-01-13T13:45:46.944+0000][1][safepoint    ] Application time: 0.0046008 seconds
[2020-01-13T13:45:46.952+0000][1][safepoint    ] Entering safepoint region: BulkRevokeBias
[2020-01-13T13:45:46.952+0000][1][safepoint    ] Leaving safepoint region
[2020-01-13T13:45:46.952+0000][1][safepoint    ] Total time for which application threads were stopped: 0.0073641 seconds, Stopping threads took: 0.0072046 seconds
[2020-01-13T13:45:46.952+0000][1][safepoint    ] Application time: 0.0000456 seconds
[2020-01-13T13:45:46.952+0000][1][safepoint    ] Entering safepoint region: BulkRevokeBias
[2020-01-13T13:45:46.952+0000][1][safepoint    ] Leaving safepoint region
[2020-01-13T13:45:46.952+0000][1][safepoint    ] Total time for which application threads were stopped: 0.0000447 seconds, Stopping threads took: 0.0000056 seconds
[2020-01-13T13:45:47.221+0000][1][safepoint    ] Application time: 0.2694054 seconds
[2020-01-13T13:45:47.221+0000][1][safepoint    ] Entering safepoint region: GenCollectForAllocation
[2020-01-13T13:45:47.221+0000][1][gc,start     ] GC(7) Pause Young (Allocation Failure)
[2020-01-13T13:45:47.221+0000][1][gc,task      ] GC(7) Using 1 workers of 1 for evacuation
[2020-01-13T13:45:47.237+0000][1][gc,age       ] GC(7) Desired survivor size 4358144 bytes, new threshold 3 (max threshold 6)
[2020-01-13T13:45:47.237+0000][1][gc,age       ] GC(7) Age table with threshold 3 (max threshold 6)
[2020-01-13T13:45:47.237+0000][1][gc,age       ] GC(7) - age   1:    3239760 bytes,    3239760 total
[2020-01-13T13:45:47.237+0000][1][gc,age       ] GC(7) - age   2:     226280 bytes,    3466040 total
[2020-01-13T13:45:47.237+0000][1][gc,age       ] GC(7) - age   3:    2142136 bytes,    5608176 total
[2020-01-13T13:45:47.237+0000][1][gc,age       ] GC(7) - age   4:     545512 bytes,    6153688 total
[2020-01-13T13:45:47.237+0000][1][gc,heap      ] GC(7) ParNew: 73192K->7197K(76672K)
[2020-01-13T13:45:47.237+0000][1][gc,heap      ] GC(7) CMS: 11299K->11299K(176960K)
[2020-01-13T13:45:47.237+0000][1][gc,metaspace ] GC(7) Metaspace: 19538K->19538K(1067008K)
[2020-01-13T13:45:47.237+0000][1][gc           ] GC(7) Pause Young (Allocation Failure) 82M->18M(247M) 15.285ms
[2020-01-13T13:45:47.237+0000][1][gc,cpu       ] GC(7) User=0.02s Sys=0.00s Real=0.01s
[2020-01-13T13:45:47.237+0000][1][safepoint    ] Leaving safepoint region
[2020-01-13T13:45:47.237+0000][1][safepoint    ] Total time for which application threads were stopped: 0.0154563 seconds, Stopping threads took: 0.0000420 seconds
[2020-01-13T13:45:47.360+0000][1][safepoint    ] Application time: 0.1228711 seconds
[2020-01-13T13:45:47.363+0000][1][safepoint    ] Entering safepoint region: CollectForMetadataAllocation
[2020-01-13T13:45:47.363+0000][1][safepoint    ] Leaving safepoint region
[2020-01-13T13:45:47.363+0000][1][safepoint    ] Total time for which application threads were stopped: 0.0032320 seconds, Stopping threads took: 0.0029825 seconds
[2020-01-13T13:45:47.418+0000][1][safepoint    ] Application time: 0.0552554 seconds
[2020-01-13T13:45:47.418+0000][1][safepoint    ] Entering safepoint region: CollectForMetadataAllocation
[2020-01-13T13:45:47.418+0000][1][safepoint    ] Leaving safepoint region
[2020-01-13T13:45:47.418+0000][1][safepoint    ] Total time for which application threads were stopped: 0.0002658 seconds, Stopping threads took: 0.0000228 seconds
[2020-01-13T13:45:47.686+0000][1][safepoint    ] Application time: 0.2672341 seconds
[2020-01-13T13:45:47.686+0000][1][safepoint    ] Entering safepoint region: GenCollectForAllocation
[2020-01-13T13:45:47.686+0000][1][gc,start     ] GC(8) Pause Young (Allocation Failure)
[2020-01-13T13:45:47.686+0000][1][gc,task      ] GC(8) Using 1 workers of 1 for evacuation
[2020-01-13T13:45:47.727+0000][1][gc,age       ] GC(8) Desired survivor size 4358144 bytes, new threshold 6 (max threshold 6)
[2020-01-13T13:45:47.727+0000][1][gc,age       ] GC(8) Age table with threshold 6 (max threshold 6)
[2020-01-13T13:45:47.727+0000][1][gc,age       ] GC(8) - age   1:    2121928 bytes,    2121928 total
[2020-01-13T13:45:47.727+0000][1][gc,age       ] GC(8) - age   2:    1295688 bytes,    3417616 total
[2020-01-13T13:45:47.727+0000][1][gc,age       ] GC(8) - age   3:     226136 bytes,    3643752 total
[2020-01-13T13:45:47.727+0000][1][gc,heap      ] GC(8) ParNew: 75357K->5406K(76672K)
[2020-01-13T13:45:47.727+0000][1][gc,heap      ] GC(8) CMS: 11299K->13944K(176960K)
[2020-01-13T13:45:47.727+0000][1][gc,metaspace ] GC(8) Metaspace: 20346K->20346K(1069056K)
[2020-01-13T13:45:47.727+0000][1][gc           ] GC(8) Pause Young (Allocation Failure) 84M->18M(247M) 41.456ms
[2020-01-13T13:45:47.727+0000][1][gc,cpu       ] GC(8) User=0.04s Sys=0.00s Real=0.04s
[2020-01-13T13:45:47.727+0000][1][safepoint    ] Leaving safepoint region
[2020-01-13T13:45:47.727+0000][1][safepoint    ] Total time for which application threads were stopped: 0.0416533 seconds, Stopping threads took: 0.0000363 seconds
[2020-01-13T13:45:47.732+0000][1][safepoint    ] Application time: 0.0048892 seconds
[2020-01-13T13:45:47.733+0000][1][safepoint    ] Entering safepoint region: CMS_Initial_Mark
[2020-01-13T13:45:47.733+0000][1][gc,start     ] GC(9) Pause Initial Mark
[2020-01-13T13:45:47.741+0000][1][gc           ] GC(9) Pause Initial Mark 22M->22M(247M) 7.433ms
[2020-01-13T13:45:47.741+0000][1][gc,cpu       ] GC(9) User=0.01s Sys=0.00s Real=0.01s
[2020-01-13T13:45:47.741+0000][1][safepoint    ] Leaving safepoint region
[2020-01-13T13:45:47.741+0000][1][safepoint    ] Total time for which application threads were stopped: 0.0082924 seconds, Stopping threads took: 0.0007079 seconds
[2020-01-13T13:45:47.743+0000][1][gc           ] GC(9) Concurrent Mark
[2020-01-13T13:45:47.800+0000][1][gc           ] GC(9) Concurrent Mark 56.288ms
[2020-01-13T13:45:47.800+0000][1][gc,cpu       ] GC(9) User=0.06s Sys=0.00s Real=0.06s
[2020-01-13T13:45:47.800+0000][1][gc           ] GC(9) Concurrent Preclean
[2020-01-13T13:45:47.800+0000][1][gc           ] GC(9) Concurrent Preclean 0.663ms
[2020-01-13T13:45:47.800+0000][1][gc,cpu       ] GC(9) User=0.00s Sys=0.00s Real=0.00s
[2020-01-13T13:45:47.800+0000][1][gc           ] GC(9) Concurrent Abortable Preclean
[2020-01-13T13:45:48.099+0000][1][safepoint    ] Application time: 0.3581492 seconds
[2020-01-13T13:45:48.099+0000][1][safepoint    ] Entering safepoint region: GenCollectForAllocation
[2020-01-13T13:45:48.099+0000][1][gc,start     ] GC(10) Pause Young (Allocation Failure)
[2020-01-13T13:45:48.099+0000][1][gc,task      ] GC(10) Using 1 workers of 1 for evacuation
[2020-01-13T13:45:48.110+0000][1][gc,age       ] GC(10) Desired survivor size 4358144 bytes, new threshold 6 (max threshold 6)
[2020-01-13T13:45:48.110+0000][1][gc,age       ] GC(10) Age table with threshold 6 (max threshold 6)
[2020-01-13T13:45:48.110+0000][1][gc,age       ] GC(10) - age   1:     649744 bytes,     649744 total
[2020-01-13T13:45:48.110+0000][1][gc,age       ] GC(10) - age   2:     619736 bytes,    1269480 total
[2020-01-13T13:45:48.110+0000][1][gc,age       ] GC(10) - age   3:    1295568 bytes,    2565048 total
[2020-01-13T13:45:48.110+0000][1][gc,age       ] GC(10) - age   4:     226136 bytes,    2791184 total
[2020-01-13T13:45:48.110+0000][1][gc,heap      ] GC(10) ParNew: 73566K->4020K(76672K)
[2020-01-13T13:45:48.110+0000][1][gc,heap      ] GC(10) CMS: 13944K->13944K(176960K)
[2020-01-13T13:45:48.110+0000][1][gc,metaspace ] GC(10) Metaspace: 20458K->20458K(1069056K)
[2020-01-13T13:45:48.110+0000][1][gc           ] GC(10) Pause Young (Allocation Failure) 85M->17M(247M) 11.032ms
[2020-01-13T13:45:48.110+0000][1][gc,cpu       ] GC(10) User=0.01s Sys=0.00s Real=0.02s
[2020-01-13T13:45:48.110+0000][1][safepoint    ] Leaving safepoint region
[2020-01-13T13:45:48.110+0000][1][safepoint    ] Total time for which application threads were stopped: 0.0112216 seconds, Stopping threads took: 0.0000373 seconds
[2020-01-13T13:45:48.418+0000][1][gc           ] GC(9) Concurrent Abortable Preclean 617.763ms
[2020-01-13T13:45:48.418+0000][1][gc,cpu       ] GC(9) User=0.59s Sys=0.03s Real=0.61s
[2020-01-13T13:45:48.418+0000][1][safepoint    ] Application time: 0.3082392 seconds
[2020-01-13T13:45:48.421+0000][1][safepoint    ] Entering safepoint region: CMS_Final_Remark
[2020-01-13T13:45:48.421+0000][1][gc,start     ] GC(9) Pause Remark
[2020-01-13T13:45:48.461+0000][1][gc           ] GC(9) Pause Remark 73M->73M(247M) 39.306ms
[2020-01-13T13:45:48.461+0000][1][gc,cpu       ] GC(9) User=0.04s Sys=0.00s Real=0.04s
[2020-01-13T13:45:48.461+0000][1][safepoint    ] Leaving safepoint region
[2020-01-13T13:45:48.461+0000][1][safepoint    ] Total time for which application threads were stopped: 0.0424911 seconds, Stopping threads took: 0.0029659 seconds
[2020-01-13T13:45:48.473+0000][1][gc           ] GC(9) Concurrent Sweep
[2020-01-13T13:45:48.489+0000][1][gc           ] GC(9) Concurrent Sweep 15.297ms
[2020-01-13T13:45:48.489+0000][1][gc,cpu       ] GC(9) User=0.01s Sys=0.00s Real=0.01s
[2020-01-13T13:45:48.489+0000][1][gc           ] GC(9) Concurrent Reset
[2020-01-13T13:45:48.489+0000][1][gc           ] GC(9) Concurrent Reset 0.434ms
[2020-01-13T13:45:48.489+0000][1][gc,cpu       ] GC(9) User=0.00s Sys=0.00s Real=0.00s
[2020-01-13T13:45:48.489+0000][1][gc,heap      ] GC(9) Old: 13944K->13918K(176960K)
[2020-01-13T13:45:48.518+0000][1][safepoint    ] Application time: 0.0573245 seconds
[2020-01-13T13:45:48.518+0000][1][safepoint    ] Entering safepoint region: GenCollectForAllocation
[2020-01-13T13:45:48.519+0000][1][gc,start     ] GC(11) Pause Young (Allocation Failure)
[2020-01-13T13:45:48.519+0000][1][gc,task      ] GC(11) Using 1 workers of 1 for evacuation
[2020-01-13T13:45:48.533+0000][1][gc,age       ] GC(11) Desired survivor size 4358144 bytes, new threshold 5 (max threshold 6)
[2020-01-13T13:45:48.533+0000][1][gc,age       ] GC(11) Age table with threshold 5 (max threshold 6)
[2020-01-13T13:45:48.533+0000][1][gc,age       ] GC(11) - age   1:    2243040 bytes,    2243040 total
[2020-01-13T13:45:48.533+0000][1][gc,age       ] GC(11) - age   2:     135312 bytes,    2378352 total
[2020-01-13T13:45:48.533+0000][1][gc,age       ] GC(11) - age   3:     619592 bytes,    2997944 total
[2020-01-13T13:45:48.533+0000][1][gc,age       ] GC(11) - age   4:    1295464 bytes,    4293408 total
[2020-01-13T13:45:48.533+0000][1][gc,age       ] GC(11) - age   5:     225992 bytes,    4519400 total
[2020-01-13T13:45:48.533+0000][1][gc,heap      ] GC(11) ParNew: 72180K->6098K(76672K)
[2020-01-13T13:45:48.533+0000][1][gc,heap      ] GC(11) CMS: 13918K->13918K(176960K)
[2020-01-13T13:45:48.533+0000][1][gc,metaspace ] GC(11) Metaspace: 20533K->20533K(1069056K)
[2020-01-13T13:45:48.533+0000][1][gc           ] GC(11) Pause Young (Allocation Failure) 84M->19M(247M) 14.083ms
[2020-01-13T13:45:48.533+0000][1][gc,cpu       ] GC(11) User=0.01s Sys=0.00s Real=0.02s
[2020-01-13T13:45:48.533+0000][1][safepoint    ] Leaving safepoint region
[2020-01-13T13:45:48.533+0000][1][safepoint    ] Total time for which application threads were stopped: 0.0148711 seconds, Stopping threads took: 0.0000331 seconds
[2020-01-13T13:45:48.816+0000][1][safepoint    ] Application time: 0.2828137 seconds
[2020-01-13T13:45:48.816+0000][1][safepoint    ] Entering safepoint region: Deoptimize
[2020-01-13T13:45:48.817+0000][1][safepoint    ] Leaving safepoint region
[2020-01-13T13:45:48.817+0000][1][safepoint    ] Total time for which application threads were stopped: 0.0007484 seconds, Stopping threads took: 0.0000322 seconds
[2020-01-13T13:45:49.549+0000][1][safepoint    ] Application time: 0.7326687 seconds
[2020-01-13T13:45:49.553+0000][1][safepoint    ] Entering safepoint region: GenCollectForAllocation
[2020-01-13T13:45:49.554+0000][1][gc,start     ] GC(12) Pause Young (Allocation Failure)
[2020-01-13T13:45:49.554+0000][1][gc,task      ] GC(12) Using 1 workers of 1 for evacuation
[2020-01-13T13:45:49.573+0000][1][gc,age       ] GC(12) Desired survivor size 4358144 bytes, new threshold 6 (max threshold 6)
[2020-01-13T13:45:49.573+0000][1][gc,age       ] GC(12) Age table with threshold 6 (max threshold 6)
[2020-01-13T13:45:49.573+0000][1][gc,age       ] GC(12) - age   1:    1199752 bytes,    1199752 total
[2020-01-13T13:45:49.573+0000][1][gc,age       ] GC(12) - age   2:     262528 bytes,    1462280 total
[2020-01-13T13:45:49.573+0000][1][gc,age       ] GC(12) - age   3:     135200 bytes,    1597480 total
[2020-01-13T13:45:49.573+0000][1][gc,age       ] GC(12) - age   4:     619592 bytes,    2217072 total
[2020-01-13T13:45:49.573+0000][1][gc,age       ] GC(12) - age   5:    1295400 bytes,    3512472 total
[2020-01-13T13:45:49.573+0000][1][gc,heap      ] GC(12) ParNew: 74258K->4072K(76672K)
[2020-01-13T13:45:49.573+0000][1][gc,heap      ] GC(12) CMS: 13918K->14146K(176960K)
[2020-01-13T13:45:49.573+0000][1][gc,metaspace ] GC(12) Metaspace: 23542K->23542K(1071104K)
[2020-01-13T13:45:49.573+0000][1][gc           ] GC(12) Pause Young (Allocation Failure) 86M->17M(247M) 18.925ms
[2020-01-13T13:45:49.573+0000][1][gc,cpu       ] GC(12) User=0.02s Sys=0.00s Real=0.02s
[2020-01-13T13:45:49.573+0000][1][safepoint    ] Leaving safepoint region
[2020-01-13T13:45:49.573+0000][1][safepoint    ] Total time for which application threads were stopped: 0.0232144 seconds, Stopping threads took: 0.0038884 seconds
[2020-01-13T13:45:49.836+0000][1][safepoint    ] Application time: 0.2632791 seconds
[2020-01-13T13:45:49.839+0000][1][safepoint    ] Entering safepoint region: Deoptimize
[2020-01-13T13:45:49.840+0000][1][safepoint    ] Leaving safepoint region
[2020-01-13T13:45:49.840+0000][1][safepoint    ] Total time for which application threads were stopped: 0.0039307 seconds, Stopping threads took: 0.0033400 seconds
[2020-01-13T13:45:49.874+0000][1][safepoint    ] Application time: 0.0338980 seconds
[2020-01-13T13:45:49.874+0000][1][safepoint    ] Entering safepoint region: Deoptimize
[2020-01-13T13:45:49.875+0000][1][safepoint    ] Leaving safepoint region
[2020-01-13T13:45:49.875+0000][1][safepoint    ] Total time for which application threads were stopped: 0.0006070 seconds, Stopping threads took: 0.0000257 seconds
[2020-01-13T13:45:49.883+0000][1][safepoint    ] Application time: 0.0083051 seconds
[2020-01-13T13:45:49.883+0000][1][safepoint    ] Entering safepoint region: Deoptimize
[2020-01-13T13:45:49.884+0000][1][safepoint    ] Leaving safepoint region
[2020-01-13T13:45:49.884+0000][1][safepoint    ] Total time for which application threads were stopped: 0.0006218 seconds, Stopping threads took: 0.0000212 seconds
[2020-01-13T13:45:50.562+0000][1][safepoint    ] Application time: 0.6780520 seconds
[2020-01-13T13:45:50.562+0000][1][safepoint    ] Entering safepoint region: RevokeBias
[2020-01-13T13:45:50.562+0000][1][safepoint    ] Leaving safepoint region
[2020-01-13T13:45:50.562+0000][1][safepoint    ] Total time for which application threads were stopped: 0.0004111 seconds, Stopping threads took: 0.0000241 seconds
[2020-01-13T13:45:51.315+0000][1][safepoint    ] Application time: 0.7532246 seconds
[2020-01-13T13:45:51.319+0000][1][safepoint    ] Entering safepoint region: GenCollectForAllocation
[2020-01-13T13:45:51.320+0000][1][gc,start     ] GC(13) Pause Young (Allocation Failure)
[2020-01-13T13:45:51.320+0000][1][gc,task      ] GC(13) Using 1 workers of 1 for evacuation
[2020-01-13T13:45:51.402+0000][1][gc,age       ] GC(13) Desired survivor size 4358144 bytes, new threshold 1 (max threshold 6)
[2020-01-13T13:45:51.402+0000][1][gc,age       ] GC(13) Age table with threshold 1 (max threshold 6)
[2020-01-13T13:45:51.402+0000][1][gc,age       ] GC(13) - age   1:    5846720 bytes,    5846720 total
[2020-01-13T13:45:51.402+0000][1][gc,age       ] GC(13) - age   2:     640344 bytes,    6487064 total
[2020-01-13T13:45:51.402+0000][1][gc,age       ] GC(13) - age   3:     253400 bytes,    6740464 total
[2020-01-13T13:45:51.402+0000][1][gc,age       ] GC(13) - age   4:     127152 bytes,    6867616 total
[2020-01-13T13:45:51.402+0000][1][gc,age       ] GC(13) - age   5:     563800 bytes,    7431416 total
[2020-01-13T13:45:51.402+0000][1][gc,age       ] GC(13) - age   6:    1284784 bytes,    8716200 total
[2020-01-13T13:45:51.402+0000][1][gc,heap      ] GC(13) ParNew: 72232K->8512K(76672K)
[2020-01-13T13:45:51.402+0000][1][gc,heap      ] GC(13) CMS: 14146K->23113K(176960K)
[2020-01-13T13:45:51.402+0000][1][gc,metaspace ] GC(13) Metaspace: 27062K->27062K(1075200K)
[2020-01-13T13:45:51.403+0000][1][gc           ] GC(13) Pause Young (Allocation Failure) 84M->30M(247M) 82.986ms
[2020-01-13T13:45:51.403+0000][1][gc,cpu       ] GC(13) User=0.08s Sys=0.00s Real=0.08s
[2020-01-13T13:45:51.403+0000][1][safepoint    ] Leaving safepoint region
[2020-01-13T13:45:51.403+0000][1][safepoint    ] Total time for which application threads were stopped: 0.0872194 seconds, Stopping threads took: 0.0040545 seconds
[2020-01-13T13:45:52.364+0000][1][safepoint    ] Application time: 0.9616959 seconds
[2020-01-13T13:45:52.365+0000][1][safepoint    ] Entering safepoint region: GenCollectForAllocation
[2020-01-13T13:45:52.365+0000][1][gc,start     ] GC(14) Pause Young (Allocation Failure)
[2020-01-13T13:45:52.365+0000][1][gc,task      ] GC(14) Using 1 workers of 1 for evacuation
[2020-01-13T13:45:52.455+0000][1][gc,age       ] GC(14) Desired survivor size 4358144 bytes, new threshold 1 (max threshold 6)
[2020-01-13T13:45:52.455+0000][1][gc,age       ] GC(14) Age table with threshold 1 (max threshold 6)
[2020-01-13T13:45:52.455+0000][1][gc,age       ] GC(14) - age   1:    8716256 bytes,    8716256 total
[2020-01-13T13:45:52.455+0000][1][gc,heap      ] GC(14) ParNew: 76672K->8512K(76672K)
[2020-01-13T13:45:52.455+0000][1][gc,heap      ] GC(14) CMS: 23113K->35429K(176960K)
[2020-01-13T13:45:52.455+0000][1][gc,metaspace ] GC(14) Metaspace: 27092K->27092K(1075200K)
[2020-01-13T13:45:52.455+0000][1][gc           ] GC(14) Pause Young (Allocation Failure) 97M->42M(247M) 89.856ms
[2020-01-13T13:45:52.455+0000][1][gc,cpu       ] GC(14) User=0.09s Sys=0.00s Real=0.09s
[2020-01-13T13:45:52.455+0000][1][safepoint    ] Leaving safepoint region
[2020-01-13T13:45:52.455+0000][1][safepoint    ] Total time for which application threads were stopped: 0.0906390 seconds, Stopping threads took: 0.0006255 seconds
[2020-01-13T13:45:53.463+0000][1][safepoint    ] Application time: 1.0084490 seconds
[2020-01-13T13:45:53.468+0000][1][safepoint    ] Entering safepoint region: Cleanup
[2020-01-13T13:45:53.468+0000][1][safepoint    ] Leaving safepoint region
[2020-01-13T13:45:53.468+0000][1][safepoint    ] Total time for which application threads were stopped: 0.0045693 seconds, Stopping threads took: 0.0044491 seconds
[2020-01-13T13:45:53.664+0000][1][safepoint    ] Application time: 0.1964261 seconds
[2020-01-13T13:45:53.668+0000][1][safepoint    ] Entering safepoint region: GenCollectForAllocation
[2020-01-13T13:45:53.669+0000][1][gc,start     ] GC(15) Pause Young (Allocation Failure)
[2020-01-13T13:45:53.669+0000][1][gc,task      ] GC(15) Using 1 workers of 1 for evacuation
[2020-01-13T13:45:53.799+0000][1][gc,age       ] GC(15) Desired survivor size 4358144 bytes, new threshold 1 (max threshold 6)
[2020-01-13T13:45:53.799+0000][1][gc,age       ] GC(15) Age table with threshold 1 (max threshold 6)
[2020-01-13T13:45:53.799+0000][1][gc,age       ] GC(15) - age   1:    8716224 bytes,    8716224 total
[2020-01-13T13:45:53.799+0000][1][gc,heap      ] GC(15) ParNew: 76672K->8512K(76672K)
[2020-01-13T13:45:53.799+0000][1][gc,heap      ] GC(15) CMS: 35429K->45721K(176960K)
[2020-01-13T13:45:53.799+0000][1][gc,metaspace ] GC(15) Metaspace: 29759K->29759K(1077248K)
[2020-01-13T13:45:53.799+0000][1][gc           ] GC(15) Pause Young (Allocation Failure) 109M->52M(247M) 130.299ms
[2020-01-13T13:45:53.799+0000][1][gc,cpu       ] GC(15) User=0.13s Sys=0.00s Real=0.13s
[2020-01-13T13:45:53.799+0000][1][safepoint    ] Leaving safepoint region
[2020-01-13T13:45:53.799+0000][1][safepoint    ] Total time for which application threads were stopped: 0.1343595 seconds, Stopping threads took: 0.0038974 seconds
[2020-01-13T13:45:54.461+0000][1][safepoint    ] Application time: 0.6617773 seconds
[2020-01-13T13:45:54.461+0000][1][safepoint    ] Entering safepoint region: GenCollectForAllocation
[2020-01-13T13:45:54.461+0000][1][gc,start     ] GC(16) Pause Young (Allocation Failure)
[2020-01-13T13:45:54.461+0000][1][gc,task      ] GC(16) Using 1 workers of 1 for evacuation
[2020-01-13T13:45:54.497+0000][1][gc,age       ] GC(16) Desired survivor size 4358144 bytes, new threshold 6 (max threshold 6)
[2020-01-13T13:45:54.497+0000][1][gc,age       ] GC(16) Age table with threshold 6 (max threshold 6)
[2020-01-13T13:45:54.497+0000][1][gc,age       ] GC(16) - age   1:    1170688 bytes,    1170688 total
[2020-01-13T13:45:54.497+0000][1][gc,heap      ] GC(16) ParNew: 76672K->8435K(76672K)
[2020-01-13T13:45:54.497+0000][1][gc,heap      ] GC(16) CMS: 45721K->54305K(176960K)
[2020-01-13T13:45:54.497+0000][1][gc,metaspace ] GC(16) Metaspace: 32917K->32917K(1079296K)
[2020-01-13T13:45:54.497+0000][1][gc           ] GC(16) Pause Young (Allocation Failure) 119M->61M(247M) 36.008ms
[2020-01-13T13:45:54.497+0000][1][gc,cpu       ] GC(16) User=0.04s Sys=0.00s Real=0.03s
[2020-01-13T13:45:54.497+0000][1][safepoint    ] Leaving safepoint region
[2020-01-13T13:45:54.497+0000][1][safepoint    ] Total time for which application threads were stopped: 0.0362482 seconds, Stopping threads took: 0.0000387 seconds
[2020-01-13T13:45:54.933+0000][1][safepoint    ] Application time: 0.4362833 seconds
[2020-01-13T13:45:54.936+0000][1][safepoint    ] Entering safepoint region: CollectForMetadataAllocation
[2020-01-13T13:45:54.936+0000][1][safepoint    ] Leaving safepoint region
[2020-01-13T13:45:54.936+0000][1][safepoint    ] Total time for which application threads were stopped: 0.0028463 seconds, Stopping threads took: 0.0025559 seconds
[2020-01-13T13:45:55.036+0000][1][safepoint    ] Application time: 0.0993481 seconds
[2020-01-13T13:45:55.036+0000][1][safepoint    ] Entering safepoint region: CollectForMetadataAllocation
[2020-01-13T13:45:55.036+0000][1][safepoint    ] Leaving safepoint region
[2020-01-13T13:45:55.036+0000][1][safepoint    ] Total time for which application threads were stopped: 0.0002621 seconds, Stopping threads took: 0.0000301 seconds
[2020-01-13T13:45:55.108+0000][1][safepoint    ] Application time: 0.0717540 seconds
[2020-01-13T13:45:55.108+0000][1][safepoint    ] Entering safepoint region: CollectForMetadataAllocation
[2020-01-13T13:45:55.108+0000][1][safepoint    ] Leaving safepoint region
[2020-01-13T13:45:55.108+0000][1][safepoint    ] Total time for which application threads were stopped: 0.0004888 seconds, Stopping threads took: 0.0002563 seconds
[2020-01-13T13:45:55.150+0000][1][safepoint    ] Application time: 0.0414752 seconds
[2020-01-13T13:45:55.151+0000][1][safepoint    ] Entering safepoint region: CollectForMetadataAllocation
[2020-01-13T13:45:55.151+0000][1][safepoint    ] Leaving safepoint region
[2020-01-13T13:45:55.151+0000][1][safepoint    ] Total time for which application threads were stopped: 0.0011104 seconds, Stopping threads took: 0.0008881 seconds
[2020-01-13T13:45:55.183+0000][1][safepoint    ] Application time: 0.0322470 seconds
[2020-01-13T13:45:55.186+0000][1][safepoint    ] Entering safepoint region: CollectForMetadataAllocation
[2020-01-13T13:45:55.187+0000][1][safepoint    ] Leaving safepoint region
[2020-01-13T13:45:55.187+0000][1][safepoint    ] Total time for which application threads were stopped: 0.0034645 seconds, Stopping threads took: 0.0032203 seconds
[2020-01-13T13:45:55.235+0000][1][safepoint    ] Application time: 0.0479683 seconds
[2020-01-13T13:45:55.235+0000][1][safepoint    ] Entering safepoint region: CollectForMetadataAllocation
[2020-01-13T13:45:55.235+0000][1][safepoint    ] Leaving safepoint region
[2020-01-13T13:45:55.235+0000][1][safepoint    ] Total time for which application threads were stopped: 0.0002221 seconds, Stopping threads took: 0.0000230 seconds
[2020-01-13T13:45:55.271+0000][1][safepoint    ] Application time: 0.0365996 seconds
[2020-01-13T13:45:55.271+0000][1][safepoint    ] Entering safepoint region: CollectForMetadataAllocation
[2020-01-13T13:45:55.272+0000][1][safepoint    ] Leaving safepoint region
[2020-01-13T13:45:55.272+0000][1][safepoint    ] Total time for which application threads were stopped: 0.0002960 seconds, Stopping threads took: 0.0000662 seconds
[2020-01-13T13:45:55.325+0000][1][safepoint    ] Application time: 0.0532089 seconds
[2020-01-13T13:45:55.325+0000][1][safepoint    ] Entering safepoint region: CollectForMetadataAllocation
[2020-01-13T13:45:55.325+0000][1][safepoint    ] Leaving safepoint region
[2020-01-13T13:45:55.325+0000][1][safepoint    ] Total time for which application threads were stopped: 0.0001773 seconds, Stopping threads took: 0.0000291 seconds
[2020-01-13T13:45:55.384+0000][1][safepoint    ] Application time: 0.0592418 seconds
[2020-01-13T13:45:55.384+0000][1][safepoint    ] Entering safepoint region: CollectForMetadataAllocation
[2020-01-13T13:45:55.385+0000][1][safepoint    ] Leaving safepoint region
[2020-01-13T13:45:55.385+0000][1][safepoint    ] Total time for which application threads were stopped: 0.0002694 seconds, Stopping threads took: 0.0000315 seconds
[2020-01-13T13:45:55.441+0000][1][safepoint    ] Application time: 0.0563344 seconds
[2020-01-13T13:45:55.441+0000][1][safepoint    ] Entering safepoint region: CollectForMetadataAllocation
[2020-01-13T13:45:55.441+0000][1][safepoint    ] Leaving safepoint region
[2020-01-13T13:45:55.441+0000][1][safepoint    ] Total time for which application threads were stopped: 0.0002653 seconds, Stopping threads took: 0.0000235 seconds
[2020-01-13T13:45:55.463+0000][1][safepoint    ] Application time: 0.0216227 seconds
[2020-01-13T13:45:55.466+0000][1][safepoint    ] Entering safepoint region: RevokeBias
[2020-01-13T13:45:55.467+0000][1][safepoint    ] Leaving safepoint region
[2020-01-13T13:45:55.467+0000][1][safepoint    ] Total time for which application threads were stopped: 0.0035658 seconds, Stopping threads took: 0.0033641 seconds
[2020-01-13T13:45:55.482+0000][1][safepoint    ] Application time: 0.0154524 seconds
[2020-01-13T13:45:55.483+0000][1][safepoint    ] Entering safepoint region: CollectForMetadataAllocation
[2020-01-13T13:45:55.484+0000][1][safepoint    ] Leaving safepoint region
[2020-01-13T13:45:55.484+0000][1][safepoint    ] Total time for which application threads were stopped: 0.0015112 seconds, Stopping threads took: 0.0012604 seconds
[2020-01-13T13:45:55.526+0000][1][safepoint    ] Application time: 0.0426052 seconds
[2020-01-13T13:45:55.526+0000][1][safepoint    ] Entering safepoint region: RevokeBias
[2020-01-13T13:45:55.527+0000][1][safepoint    ] Leaving safepoint region
[2020-01-13T13:45:55.527+0000][1][safepoint    ] Total time for which application threads were stopped: 0.0002393 seconds, Stopping threads took: 0.0000721 seconds
[2020-01-13T13:45:55.552+0000][1][safepoint    ] Application time: 0.0251721 seconds
[2020-01-13T13:45:55.552+0000][1][safepoint    ] Entering safepoint region: CollectForMetadataAllocation
[2020-01-13T13:45:55.552+0000][1][safepoint    ] Leaving safepoint region
[2020-01-13T13:45:55.552+0000][1][safepoint    ] Total time for which application threads were stopped: 0.0002612 seconds, Stopping threads took: 0.0000298 seconds
[2020-01-13T13:45:55.603+0000][1][safepoint    ] Application time: 0.0510441 seconds
[2020-01-13T13:45:55.606+0000][1][safepoint    ] Entering safepoint region: CollectForMetadataAllocation
[2020-01-13T13:45:55.606+0000][1][safepoint    ] Leaving safepoint region
[2020-01-13T13:45:55.606+0000][1][safepoint    ] Total time for which application threads were stopped: 0.0030644 seconds, Stopping threads took: 0.0028672 seconds
[2020-01-13T13:45:55.689+0000][1][safepoint    ] Application time: 0.0832128 seconds
[2020-01-13T13:45:55.690+0000][1][safepoint    ] Entering safepoint region: CollectForMetadataAllocation
[2020-01-13T13:45:55.691+0000][1][safepoint    ] Leaving safepoint region
[2020-01-13T13:45:55.691+0000][1][safepoint    ] Total time for which application threads were stopped: 0.0012562 seconds, Stopping threads took: 0.0009705 seconds
[2020-01-13T13:45:55.751+0000][1][safepoint    ] Application time: 0.0598961 seconds
[2020-01-13T13:45:55.751+0000][1][safepoint    ] Entering safepoint region: CollectForMetadataAllocation
[2020-01-13T13:45:55.751+0000][1][safepoint    ] Leaving safepoint region
[2020-01-13T13:45:55.751+0000][1][safepoint    ] Total time for which application threads were stopped: 0.0002829 seconds, Stopping threads took: 0.0000264 seconds
[2020-01-13T13:45:55.792+0000][1][safepoint    ] Application time: 0.0407626 seconds
[2020-01-13T13:45:55.792+0000][1][safepoint    ] Entering safepoint region: CollectForMetadataAllocation
[2020-01-13T13:45:55.792+0000][1][safepoint    ] Leaving safepoint region
[2020-01-13T13:45:55.792+0000][1][safepoint    ] Total time for which application threads were stopped: 0.0002373 seconds, Stopping threads took: 0.0000271 seconds
[2020-01-13T13:45:55.854+0000][1][safepoint    ] Application time: 0.0619231 seconds
[2020-01-13T13:45:55.857+0000][1][safepoint    ] Entering safepoint region: CollectForMetadataAllocation
[2020-01-13T13:45:55.858+0000][1][safepoint    ] Leaving safepoint region
[2020-01-13T13:45:55.858+0000][1][safepoint    ] Total time for which application threads were stopped: 0.0036841 seconds, Stopping threads took: 0.0034028 seconds
[2020-01-13T13:45:55.897+0000][1][safepoint    ] Application time: 0.0388813 seconds
[2020-01-13T13:45:55.900+0000][1][safepoint    ] Entering safepoint region: CollectForMetadataAllocation
[2020-01-13T13:45:55.901+0000][1][safepoint    ] Leaving safepoint region
[2020-01-13T13:45:55.901+0000][1][safepoint    ] Total time for which application threads were stopped: 0.0039986 seconds, Stopping threads took: 0.0037762 seconds
[2020-01-13T13:45:55.938+0000][1][safepoint    ] Application time: 0.0378417 seconds
[2020-01-13T13:45:55.939+0000][1][safepoint    ] Entering safepoint region: CollectForMetadataAllocation
[2020-01-13T13:45:55.939+0000][1][safepoint    ] Leaving safepoint region
[2020-01-13T13:45:55.939+0000][1][safepoint    ] Total time for which application threads were stopped: 0.0002385 seconds, Stopping threads took: 0.0000371 seconds
[2020-01-13T13:45:56.002+0000][1][safepoint    ] Application time: 0.0635159 seconds
[2020-01-13T13:45:56.002+0000][1][safepoint    ] Entering safepoint region: CollectForMetadataAllocation
[2020-01-13T13:45:56.003+0000][1][safepoint    ] Leaving safepoint region
[2020-01-13T13:45:56.003+0000][1][safepoint    ] Total time for which application threads were stopped: 0.0002755 seconds, Stopping threads took: 0.0000351 seconds
[2020-01-13T13:45:56.045+0000][1][safepoint    ] Application time: 0.0421835 seconds
[2020-01-13T13:45:56.045+0000][1][safepoint    ] Entering safepoint region: CollectForMetadataAllocation
[2020-01-13T13:45:56.045+0000][1][safepoint    ] Leaving safepoint region
[2020-01-13T13:45:56.045+0000][1][safepoint    ] Total time for which application threads were stopped: 0.0002333 seconds, Stopping threads took: 0.0000265 seconds
[2020-01-13T13:45:56.109+0000][1][safepoint    ] Application time: 0.0642126 seconds
[2020-01-13T13:45:56.109+0000][1][safepoint    ] Entering safepoint region: GenCollectForAllocation
[2020-01-13T13:45:56.109+0000][1][gc,start     ] GC(17) Pause Young (Allocation Failure)
[2020-01-13T13:45:56.110+0000][1][gc,task      ] GC(17) Using 1 workers of 1 for evacuation
[2020-01-13T13:45:56.127+0000][1][gc,age       ] GC(17) Desired survivor size 4358144 bytes, new threshold 6 (max threshold 6)
[2020-01-13T13:45:56.127+0000][1][gc,age       ] GC(17) Age table with threshold 6 (max threshold 6)
[2020-01-13T13:45:56.127+0000][1][gc,age       ] GC(17) - age   1:    2919640 bytes,    2919640 total
[2020-01-13T13:45:56.127+0000][1][gc,age       ] GC(17) - age   2:    1113368 bytes,    4033008 total
[2020-01-13T13:45:56.127+0000][1][gc,heap      ] GC(17) ParNew: 76595K->4646K(76672K)
[2020-01-13T13:45:56.127+0000][1][gc,heap      ] GC(17) CMS: 54305K->54305K(176960K)
[2020-01-13T13:45:56.127+0000][1][gc,metaspace ] GC(17) Metaspace: 40003K->40003K(1085440K)
[2020-01-13T13:45:56.127+0000][1][gc           ] GC(17) Pause Young (Allocation Failure) 127M->57M(247M) 17.441ms
[2020-01-13T13:45:56.127+0000][1][gc,cpu       ] GC(17) User=0.02s Sys=0.00s Real=0.01s
[2020-01-13T13:45:56.127+0000][1][safepoint    ] Leaving safepoint region
[2020-01-13T13:45:56.127+0000][1][safepoint    ] Total time for which application threads were stopped: 0.0175905 seconds, Stopping threads took: 0.0000293 seconds
[2020-01-13T13:45:56.131+0000][1][safepoint    ] Application time: 0.0039814 seconds
[2020-01-13T13:45:56.131+0000][1][safepoint    ] Entering safepoint region: CollectForMetadataAllocation
[2020-01-13T13:45:56.131+0000][1][safepoint    ] Leaving safepoint region
[2020-01-13T13:45:56.131+0000][1][safepoint    ] Total time for which application threads were stopped: 0.0002184 seconds, Stopping threads took: 0.0000145 seconds
[2020-01-13T13:45:56.136+0000][1][safepoint    ] Application time: 0.0051133 seconds
[2020-01-13T13:45:56.141+0000][1][safepoint    ] Entering safepoint region: CMS_Initial_Mark
[2020-01-13T13:45:56.141+0000][1][gc,start     ] GC(18) Pause Initial Mark
[2020-01-13T13:45:56.146+0000][1][gc           ] GC(18) Pause Initial Mark 58M->58M(247M) 4.661ms
[2020-01-13T13:45:56.146+0000][1][gc,cpu       ] GC(18) User=0.01s Sys=0.00s Real=0.00s
[2020-01-13T13:45:56.146+0000][1][safepoint    ] Leaving safepoint region
[2020-01-13T13:45:56.146+0000][1][safepoint    ] Total time for which application threads were stopped: 0.0095102 seconds, Stopping threads took: 0.0047292 seconds
[2020-01-13T13:45:56.151+0000][1][gc           ] GC(18) Concurrent Mark
[2020-01-13T13:45:56.223+0000][1][safepoint    ] Application time: 0.0774663 seconds
[2020-01-13T13:45:56.223+0000][1][safepoint    ] Entering safepoint region: CollectForMetadataAllocation
[2020-01-13T13:45:56.224+0000][1][safepoint    ] Leaving safepoint region
[2020-01-13T13:45:56.224+0000][1][safepoint    ] Total time for which application threads were stopped: 0.0002551 seconds, Stopping threads took: 0.0000142 seconds
[2020-01-13T13:45:56.288+0000][1][safepoint    ] Application time: 0.0642234 seconds
[2020-01-13T13:45:56.288+0000][1][safepoint    ] Entering safepoint region: CollectForMetadataAllocation
[2020-01-13T13:45:56.289+0000][1][safepoint    ] Leaving safepoint region
[2020-01-13T13:45:56.289+0000][1][safepoint    ] Total time for which application threads were stopped: 0.0006555 seconds, Stopping threads took: 0.0004433 seconds
[2020-01-13T13:45:56.333+0000][1][gc           ] GC(18) Concurrent Mark 181.168ms
[2020-01-13T13:45:56.333+0000][1][gc,cpu       ] GC(18) User=0.18s Sys=0.00s Real=0.18s
[2020-01-13T13:45:56.333+0000][1][gc           ] GC(18) Concurrent Preclean
[2020-01-13T13:45:56.334+0000][1][gc           ] GC(18) Concurrent Preclean 1.069ms
[2020-01-13T13:45:56.334+0000][1][gc,cpu       ] GC(18) User=0.00s Sys=0.00s Real=0.00s
[2020-01-13T13:45:56.334+0000][1][gc           ] GC(18) Concurrent Abortable Preclean
[2020-01-13T13:45:56.408+0000][1][safepoint    ] Application time: 0.1192645 seconds
[2020-01-13T13:45:56.408+0000][1][safepoint    ] Entering safepoint region: CollectForMetadataAllocation
[2020-01-13T13:45:56.408+0000][1][safepoint    ] Leaving safepoint region
[2020-01-13T13:45:56.408+0000][1][safepoint    ] Total time for which application threads were stopped: 0.0002519 seconds, Stopping threads took: 0.0000282 seconds
[2020-01-13T13:45:56.467+0000][1][safepoint    ] Application time: 0.0591970 seconds
[2020-01-13T13:45:56.467+0000][1][safepoint    ] Entering safepoint region: CollectForMetadataAllocation
[2020-01-13T13:45:56.468+0000][1][safepoint    ] Leaving safepoint region
[2020-01-13T13:45:56.468+0000][1][safepoint    ] Total time for which application threads were stopped: 0.0002592 seconds, Stopping threads took: 0.0000297 seconds
[2020-01-13T13:45:56.592+0000][1][safepoint    ] Application time: 0.1246545 seconds
[2020-01-13T13:45:56.592+0000][1][safepoint    ] Entering safepoint region: CollectForMetadataAllocation
[2020-01-13T13:45:56.593+0000][1][safepoint    ] Leaving safepoint region
[2020-01-13T13:45:56.593+0000][1][safepoint    ] Total time for which application threads were stopped: 0.0002289 seconds, Stopping threads took: 0.0000131 seconds
[2020-01-13T13:45:56.641+0000][1][safepoint    ] Application time: 0.0483246 seconds
[2020-01-13T13:45:56.641+0000][1][safepoint    ] Entering safepoint region: RevokeBias
[2020-01-13T13:45:56.641+0000][1][safepoint    ] Leaving safepoint region
[2020-01-13T13:45:56.641+0000][1][safepoint    ] Total time for which application threads were stopped: 0.0002344 seconds, Stopping threads took: 0.0001510 seconds
[2020-01-13T13:45:56.641+0000][1][safepoint    ] Application time: 0.0000451 seconds
[2020-01-13T13:45:56.641+0000][1][safepoint    ] Entering safepoint region: RevokeBias
[2020-01-13T13:45:56.641+0000][1][safepoint    ] Leaving safepoint region
[2020-01-13T13:45:56.641+0000][1][safepoint    ] Total time for which application threads were stopped: 0.0000700 seconds, Stopping threads took: 0.0000058 seconds
[2020-01-13T13:45:56.682+0000][1][safepoint    ] Application time: 0.0409846 seconds
[2020-01-13T13:45:56.682+0000][1][safepoint    ] Entering safepoint region: CollectForMetadataAllocation
[2020-01-13T13:45:56.683+0000][1][safepoint    ] Leaving safepoint region
[2020-01-13T13:45:56.683+0000][1][safepoint    ] Total time for which application threads were stopped: 0.0002274 seconds, Stopping threads took: 0.0000135 seconds
[2020-01-13T13:45:57.685+0000][1][safepoint    ] Application time: 1.0027180 seconds
[2020-01-13T13:45:57.688+0000][1][safepoint    ] Entering safepoint region: Cleanup
[2020-01-13T13:45:57.688+0000][1][safepoint    ] Leaving safepoint region
[2020-01-13T13:45:57.688+0000][1][safepoint    ] Total time for which application threads were stopped: 0.0023271 seconds, Stopping threads took: 0.0022440 seconds
[2020-01-13T13:45:58.376+0000][1][safepoint    ] Application time: 0.6885930 seconds
[2020-01-13T13:45:58.376+0000][1][safepoint    ] Entering safepoint region: CollectForMetadataAllocation
[2020-01-13T13:45:58.377+0000][1][safepoint    ] Leaving safepoint region
[2020-01-13T13:45:58.377+0000][1][safepoint    ] Total time for which application threads were stopped: 0.0002568 seconds, Stopping threads took: 0.0000153 seconds
[2020-01-13T13:45:58.811+0000][1][safepoint    ] Application time: 0.4348218 seconds
[2020-01-13T13:45:58.812+0000][1][safepoint    ] Entering safepoint region: CollectForMetadataAllocation
[2020-01-13T13:45:58.812+0000][1][safepoint    ] Leaving safepoint region
[2020-01-13T13:45:58.812+0000][1][safepoint    ] Total time for which application threads were stopped: 0.0002596 seconds, Stopping threads took: 0.0000249 seconds
[2020-01-13T13:45:58.918+0000][1][safepoint    ] Application time: 0.1064379 seconds
[2020-01-13T13:45:58.918+0000][1][safepoint    ] Entering safepoint region: CollectForMetadataAllocation
[2020-01-13T13:45:58.921+0000][1][safepoint    ] Leaving safepoint region
[2020-01-13T13:45:58.921+0000][1][safepoint    ] Total time for which application threads were stopped: 0.0026222 seconds, Stopping threads took: 0.0000546 seconds
[2020-01-13T13:45:58.922+0000][1][safepoint    ] Application time: 0.0007460 seconds
[2020-01-13T13:45:58.922+0000][1][safepoint    ] Entering safepoint region: CollectForMetadataAllocation
[2020-01-13T13:45:58.922+0000][1][safepoint    ] Leaving safepoint region
[2020-01-13T13:45:58.922+0000][1][safepoint    ] Total time for which application threads were stopped: 0.0000626 seconds, Stopping threads took: 0.0000120 seconds
[2020-01-13T13:45:59.305+0000][1][gc           ] GC(18) Concurrent Abortable Preclean 2971.756ms
[2020-01-13T13:45:59.306+0000][1][gc,cpu       ] GC(18) User=2.92s Sys=0.03s Real=2.97s
[2020-01-13T13:45:59.306+0000][1][safepoint    ] Application time: 0.3838201 seconds
[2020-01-13T13:45:59.308+0000][1][safepoint    ] Entering safepoint region: CMS_Final_Remark
[2020-01-13T13:45:59.308+0000][1][gc,start     ] GC(18) Pause Remark
[2020-01-13T13:45:59.386+0000][1][gc           ] GC(18) Pause Remark 103M->103M(247M) 77.865ms
[2020-01-13T13:45:59.386+0000][1][gc,cpu       ] GC(18) User=0.08s Sys=0.00s Real=0.08s
[2020-01-13T13:45:59.386+0000][1][safepoint    ] Leaving safepoint region
[2020-01-13T13:45:59.386+0000][1][safepoint    ] Total time for which application threads were stopped: 0.0801066 seconds, Stopping threads took: 0.0020313 seconds
[2020-01-13T13:45:59.393+0000][1][gc           ] GC(18) Concurrent Sweep
[2020-01-13T13:45:59.461+0000][1][gc           ] GC(18) Concurrent Sweep 68.104ms
[2020-01-13T13:45:59.462+0000][1][gc,cpu       ] GC(18) User=0.06s Sys=0.00s Real=0.07s
[2020-01-13T13:45:59.462+0000][1][gc           ] GC(18) Concurrent Reset
[2020-01-13T13:45:59.465+0000][1][gc           ] GC(18) Concurrent Reset 2.998ms
[2020-01-13T13:45:59.465+0000][1][gc,cpu       ] GC(18) User=0.01s Sys=0.00s Real=0.00s
[2020-01-13T13:45:59.466+0000][1][gc,heap      ] GC(18) Old: 54305K->54092K(176960K)
[2020-01-13T13:45:59.848+0000][1][safepoint    ] Application time: 0.4618547 seconds
[2020-01-13T13:45:59.848+0000][1][safepoint    ] Entering safepoint region: RevokeBias
[2020-01-13T13:45:59.849+0000][1][safepoint    ] Leaving safepoint region
[2020-01-13T13:45:59.849+0000][1][safepoint    ] Total time for which application threads were stopped: 0.0012334 seconds, Stopping threads took: 0.0000393 seconds
[2020-01-13T13:45:59.854+0000][1][safepoint    ] Application time: 0.0046839 seconds
[2020-01-13T13:45:59.854+0000][1][safepoint    ] Entering safepoint region: RevokeBias
[2020-01-13T13:45:59.854+0000][1][safepoint    ] Leaving safepoint region
[2020-01-13T13:45:59.854+0000][1][safepoint    ] Total time for which application threads were stopped: 0.0001060 seconds, Stopping threads took: 0.0000215 seconds
[2020-01-13T13:45:59.858+0000][1][safepoint    ] Application time: 0.0038513 seconds
[2020-01-13T13:45:59.858+0000][1][safepoint    ] Entering safepoint region: RevokeBias
[2020-01-13T13:45:59.858+0000][1][safepoint    ] Leaving safepoint region
[2020-01-13T13:45:59.858+0000][1][safepoint    ] Total time for which application threads were stopped: 0.0000913 seconds, Stopping threads took: 0.0000216 seconds
[2020-01-13T13:45:59.881+0000][1][safepoint    ] Application time: 0.0234972 seconds
[2020-01-13T13:45:59.881+0000][1][safepoint    ] Entering safepoint region: GenCollectForAllocation
[2020-01-13T13:45:59.881+0000][1][gc,start     ] GC(19) Pause Young (Allocation Failure)
[2020-01-13T13:45:59.881+0000][1][gc,task      ] GC(19) Using 1 workers of 1 for evacuation
[2020-01-13T13:45:59.927+0000][1][gc,age       ] GC(19) Desired survivor size 4358144 bytes, new threshold 2 (max threshold 6)
[2020-01-13T13:45:59.927+0000][1][gc,age       ] GC(19) Age table with threshold 2 (max threshold 6)
[2020-01-13T13:45:59.927+0000][1][gc,age       ] GC(19) - age   1:    3363896 bytes,    3363896 total
[2020-01-13T13:45:59.927+0000][1][gc,age       ] GC(19) - age   2:    2833736 bytes,    6197632 total
[2020-01-13T13:45:59.927+0000][1][gc,age       ] GC(19) - age   3:    1111688 bytes,    7309320 total
[2020-01-13T13:45:59.927+0000][1][gc,heap      ] GC(19) ParNew: 72806K->8512K(76672K)
[2020-01-13T13:45:59.927+0000][1][gc,heap      ] GC(19) CMS: 54092K->54092K(176960K)
[2020-01-13T13:45:59.927+0000][1][gc,metaspace ] GC(19) Metaspace: 44936K->44936K(1091584K)
[2020-01-13T13:45:59.927+0000][1][gc           ] GC(19) Pause Young (Allocation Failure) 123M->61M(247M) 46.062ms
[2020-01-13T13:45:59.927+0000][1][gc,cpu       ] GC(19) User=0.04s Sys=0.00s Real=0.04s
[2020-01-13T13:45:59.927+0000][1][safepoint    ] Leaving safepoint region
[2020-01-13T13:45:59.927+0000][1][safepoint    ] Total time for which application threads were stopped: 0.0462204 seconds, Stopping threads took: 0.0000231 seconds
[2020-01-13T13:46:00.039+0000][1][safepoint    ] Application time: 0.1112656 seconds
[2020-01-13T13:46:00.039+0000][1][safepoint    ] Entering safepoint region: RevokeBias
[2020-01-13T13:46:00.039+0000][1][safepoint    ] Leaving safepoint region
[2020-01-13T13:46:00.039+0000][1][safepoint    ] Total time for which application threads were stopped: 0.0000926 seconds, Stopping threads took: 0.0000244 seconds
[2020-01-13T13:46:00.291+0000][1][safepoint    ] Application time: 0.2517055 seconds
[2020-01-13T13:46:00.298+0000][1][safepoint    ] Entering safepoint region: RevokeBias
[2020-01-13T13:46:00.299+0000][1][safepoint    ] Leaving safepoint region
[2020-01-13T13:46:00.299+0000][1][safepoint    ] Total time for which application threads were stopped: 0.0080936 seconds, Stopping threads took: 0.0074156 seconds
[2020-01-13T13:46:00.299+0000][1][safepoint    ] Application time: 0.0001223 seconds
[2020-01-13T13:46:00.299+0000][1][safepoint    ] Entering safepoint region: RevokeBias
[2020-01-13T13:46:00.299+0000][1][safepoint    ] Leaving safepoint region
[2020-01-13T13:46:00.299+0000][1][safepoint    ] Total time for which application threads were stopped: 0.0000795 seconds, Stopping threads took: 0.0000304 seconds
[2020-01-13T13:46:00.299+0000][1][safepoint    ] Application time: 0.0002155 seconds
[2020-01-13T13:46:00.299+0000][1][safepoint    ] Entering safepoint region: RevokeBias
[2020-01-13T13:46:00.299+0000][1][safepoint    ] Leaving safepoint region
[2020-01-13T13:46:00.299+0000][1][safepoint    ] Total time for which application threads were stopped: 0.0000390 seconds, Stopping threads took: 0.0000057 seconds
[2020-01-13T13:46:00.299+0000][1][safepoint    ] Application time: 0.0000248 seconds
[2020-01-13T13:46:00.299+0000][1][safepoint    ] Entering safepoint region: RevokeBias
[2020-01-13T13:46:00.299+0000][1][safepoint    ] Leaving safepoint region
[2020-01-13T13:46:00.299+0000][1][safepoint    ] Total time for which application threads were stopped: 0.0000387 seconds, Stopping threads took: 0.0000069 seconds
[2020-01-13T13:46:00.435+0000][1][safepoint    ] Application time: 0.1353333 seconds
[2020-01-13T13:46:00.440+0000][1][safepoint    ] Entering safepoint region: RevokeBias
[2020-01-13T13:46:00.441+0000][1][safepoint    ] Leaving safepoint region
[2020-01-13T13:46:00.441+0000][1][safepoint    ] Total time for which application threads were stopped: 0.0059173 seconds, Stopping threads took: 0.0057376 seconds
[2020-01-13T13:46:00.441+0000][1][safepoint    ] Application time: 0.0001614 seconds
[2020-01-13T13:46:00.441+0000][1][safepoint    ] Entering safepoint region: RevokeBias
[2020-01-13T13:46:00.441+0000][1][safepoint    ] Leaving safepoint region
[2020-01-13T13:46:00.441+0000][1][safepoint    ] Total time for which application threads were stopped: 0.0000959 seconds, Stopping threads took: 0.0000123 seconds
[2020-01-13T13:46:00.441+0000][1][safepoint    ] Application time: 0.0000412 seconds
[2020-01-13T13:46:00.441+0000][1][safepoint    ] Entering safepoint region: RevokeBias
[2020-01-13T13:46:00.441+0000][1][safepoint    ] Leaving safepoint region
[2020-01-13T13:46:00.441+0000][1][safepoint    ] Total time for which application threads were stopped: 0.0000518 seconds, Stopping threads took: 0.0000080 seconds
[2020-01-13T13:46:00.441+0000][1][safepoint    ] Application time: 0.0001424 seconds
[2020-01-13T13:46:00.441+0000][1][safepoint    ] Entering safepoint region: RevokeBias
[2020-01-13T13:46:00.441+0000][1][safepoint    ] Leaving safepoint region
[2020-01-13T13:46:00.441+0000][1][safepoint    ] Total time for which application threads were stopped: 0.0000604 seconds, Stopping threads took: 0.0000085 seconds
[2020-01-13T13:46:00.442+0000][1][safepoint    ] Application time: 0.0009172 seconds
[2020-01-13T13:46:00.442+0000][1][safepoint    ] Entering safepoint region: RevokeBias
[2020-01-13T13:46:00.442+0000][1][safepoint    ] Leaving safepoint region
[2020-01-13T13:46:00.442+0000][1][safepoint    ] Total time for which application threads were stopped: 0.0000952 seconds, Stopping threads took: 0.0000106 seconds
[2020-01-13T13:46:00.443+0000][1][safepoint    ] Application time: 0.0011611 seconds
[2020-01-13T13:46:00.443+0000][1][safepoint    ] Entering safepoint region: RevokeBias
[2020-01-13T13:46:00.444+0000][1][safepoint    ] Leaving safepoint region
[2020-01-13T13:46:00.444+0000][1][safepoint    ] Total time for which application threads were stopped: 0.0000988 seconds, Stopping threads took: 0.0000277 seconds
[2020-01-13T13:46:00.448+0000][1][safepoint    ] Application time: 0.0045213 seconds
[2020-01-13T13:46:00.448+0000][1][safepoint    ] Entering safepoint region: RevokeBias
[2020-01-13T13:46:00.448+0000][1][safepoint    ] Leaving safepoint region
[2020-01-13T13:46:00.448+0000][1][safepoint    ] Total time for which application threads were stopped: 0.0000990 seconds, Stopping threads took: 0.0000142 seconds
[2020-01-13T13:46:00.448+0000][1][safepoint    ] Application time: 0.0000416 seconds
[2020-01-13T13:46:00.448+0000][1][safepoint    ] Entering safepoint region: RevokeBias
[2020-01-13T13:46:00.448+0000][1][safepoint    ] Leaving safepoint region
[2020-01-13T13:46:00.448+0000][1][safepoint    ] Total time for which application threads were stopped: 0.0000752 seconds, Stopping threads took: 0.0000088 seconds
[2020-01-13T13:46:00.448+0000][1][safepoint    ] Application time: 0.0000292 seconds
[2020-01-13T13:46:00.448+0000][1][safepoint    ] Entering safepoint region: RevokeBias
[2020-01-13T13:46:00.448+0000][1][safepoint    ] Leaving safepoint region
[2020-01-13T13:46:00.448+0000][1][safepoint    ] Total time for which application threads were stopped: 0.0000474 seconds, Stopping threads took: 0.0000081 seconds
[2020-01-13T13:46:00.448+0000][1][safepoint    ] Application time: 0.0000279 seconds
[2020-01-13T13:46:00.448+0000][1][safepoint    ] Entering safepoint region: RevokeBias
[2020-01-13T13:46:00.449+0000][1][safepoint    ] Leaving safepoint region
[2020-01-13T13:46:00.449+0000][1][safepoint    ] Total time for which application threads were stopped: 0.0000442 seconds, Stopping threads took: 0.0000073 seconds
[2020-01-13T13:46:00.449+0000][1][safepoint    ] Application time: 0.0000280 seconds
[2020-01-13T13:46:00.449+0000][1][safepoint    ] Entering safepoint region: RevokeBias
[2020-01-13T13:46:00.449+0000][1][safepoint    ] Leaving safepoint region
[2020-01-13T13:46:00.449+0000][1][safepoint    ] Total time for which application threads were stopped: 0.0000455 seconds, Stopping threads took: 0.0000082 seconds
[2020-01-13T13:46:00.449+0000][1][safepoint    ] Application time: 0.0000292 seconds
[2020-01-13T13:46:00.449+0000][1][safepoint    ] Entering safepoint region: RevokeBias
[2020-01-13T13:46:00.449+0000][1][safepoint    ] Leaving safepoint region
[2020-01-13T13:46:00.449+0000][1][safepoint    ] Total time for which application threads were stopped: 0.0000423 seconds, Stopping threads took: 0.0000073 seconds
[2020-01-13T13:46:00.449+0000][1][safepoint    ] Application time: 0.0000281 seconds
[2020-01-13T13:46:00.449+0000][1][safepoint    ] Entering safepoint region: RevokeBias
[2020-01-13T13:46:00.449+0000][1][safepoint    ] Leaving safepoint region
[2020-01-13T13:46:00.449+0000][1][safepoint    ] Total time for which application threads were stopped: 0.0000419 seconds, Stopping threads took: 0.0000076 seconds
[2020-01-13T13:46:00.449+0000][1][safepoint    ] Application time: 0.0000284 seconds
[2020-01-13T13:46:00.449+0000][1][safepoint    ] Entering safepoint region: RevokeBias
[2020-01-13T13:46:00.449+0000][1][safepoint    ] Leaving safepoint region
[2020-01-13T13:46:00.449+0000][1][safepoint    ] Total time for which application threads were stopped: 0.0000428 seconds, Stopping threads took: 0.0000078 seconds
[2020-01-13T13:46:00.449+0000][1][safepoint    ] Application time: 0.0000283 seconds
[2020-01-13T13:46:00.449+0000][1][safepoint    ] Entering safepoint region: RevokeBias
[2020-01-13T13:46:00.449+0000][1][safepoint    ] Leaving safepoint region
[2020-01-13T13:46:00.449+0000][1][safepoint    ] Total time for which application threads were stopped: 0.0000435 seconds, Stopping threads took: 0.0000077 seconds
[2020-01-13T13:46:00.449+0000][1][safepoint    ] Application time: 0.0000372 seconds
[2020-01-13T13:46:00.449+0000][1][safepoint    ] Entering safepoint region: RevokeBias
[2020-01-13T13:46:00.449+0000][1][safepoint    ] Leaving safepoint region
[2020-01-13T13:46:00.449+0000][1][safepoint    ] Total time for which application threads were stopped: 0.0000455 seconds, Stopping threads took: 0.0000079 seconds
[2020-01-13T13:46:00.449+0000][1][safepoint    ] Application time: 0.0000286 seconds
[2020-01-13T13:46:00.449+0000][1][safepoint    ] Entering safepoint region: RevokeBias
[2020-01-13T13:46:00.449+0000][1][safepoint    ] Leaving safepoint region
[2020-01-13T13:46:00.449+0000][1][safepoint    ] Total time for which application threads were stopped: 0.0000431 seconds, Stopping threads took: 0.0000078 seconds
[2020-01-13T13:46:00.449+0000][1][safepoint    ] Application time: 0.0000525 seconds
[2020-01-13T13:46:00.449+0000][1][safepoint    ] Entering safepoint region: RevokeBias
[2020-01-13T13:46:00.449+0000][1][safepoint    ] Leaving safepoint region
[2020-01-13T13:46:00.449+0000][1][safepoint    ] Total time for which application threads were stopped: 0.0000468 seconds, Stopping threads took: 0.0000086 seconds
[2020-01-13T13:46:00.449+0000][1][safepoint    ] Application time: 0.0000451 seconds
[2020-01-13T13:46:00.449+0000][1][safepoint    ] Entering safepoint region: RevokeBias
[2020-01-13T13:46:00.449+0000][1][safepoint    ] Leaving safepoint region
[2020-01-13T13:46:00.449+0000][1][safepoint    ] Total time for which application threads were stopped: 0.0000455 seconds, Stopping threads took: 0.0000084 seconds
[2020-01-13T13:46:00.449+0000][1][safepoint    ] Application time: 0.0000268 seconds
[2020-01-13T13:46:00.449+0000][1][safepoint    ] Entering safepoint region: RevokeBias
[2020-01-13T13:46:00.449+0000][1][safepoint    ] Leaving safepoint region
[2020-01-13T13:46:00.449+0000][1][safepoint    ] Total time for which application threads were stopped: 0.0000437 seconds, Stopping threads took: 0.0000086 seconds
[2020-01-13T13:46:00.450+0000][1][safepoint    ] Application time: 0.0000332 seconds
[2020-01-13T13:46:00.450+0000][1][safepoint    ] Entering safepoint region: RevokeBias
[2020-01-13T13:46:00.450+0000][1][safepoint    ] Leaving safepoint region
[2020-01-13T13:46:00.450+0000][1][safepoint    ] Total time for which application threads were stopped: 0.0000456 seconds, Stopping threads took: 0.0000086 seconds
[2020-01-13T13:46:00.450+0000][1][safepoint    ] Application time: 0.0000284 seconds
[2020-01-13T13:46:00.450+0000][1][safepoint    ] Entering safepoint region: RevokeBias
[2020-01-13T13:46:00.450+0000][1][safepoint    ] Leaving safepoint region
[2020-01-13T13:46:00.450+0000][1][safepoint    ] Total time for which application threads were stopped: 0.0000417 seconds, Stopping threads took: 0.0000082 seconds
[2020-01-13T13:46:00.450+0000][1][safepoint    ] Application time: 0.0000310 seconds
[2020-01-13T13:46:00.450+0000][1][safepoint    ] Entering safepoint region: RevokeBias
[2020-01-13T13:46:00.450+0000][1][safepoint    ] Leaving safepoint region
[2020-01-13T13:46:00.450+0000][1][safepoint    ] Total time for which application threads were stopped: 0.0000419 seconds, Stopping threads took: 0.0000079 seconds
[2020-01-13T13:46:00.450+0000][1][safepoint    ] Application time: 0.0000282 seconds
[2020-01-13T13:46:00.450+0000][1][safepoint    ] Entering safepoint region: RevokeBias
[2020-01-13T13:46:00.450+0000][1][safepoint    ] Leaving safepoint region
[2020-01-13T13:46:00.450+0000][1][safepoint    ] Total time for which application threads were stopped: 0.0000424 seconds, Stopping threads took: 0.0000080 seconds
[2020-01-13T13:46:00.450+0000][1][safepoint    ] Application time: 0.0005150 seconds
[2020-01-13T13:46:00.450+0000][1][safepoint    ] Entering safepoint region: RevokeBias
[2020-01-13T13:46:00.450+0000][1][safepoint    ] Leaving safepoint region
[2020-01-13T13:46:00.450+0000][1][safepoint    ] Total time for which application threads were stopped: 0.0000761 seconds, Stopping threads took: 0.0000129 seconds
[2020-01-13T13:46:00.451+0000][1][safepoint    ] Application time: 0.0000396 seconds
[2020-01-13T13:46:00.451+0000][1][safepoint    ] Entering safepoint region: BulkRevokeBias
[2020-01-13T13:46:00.451+0000][1][safepoint    ] Leaving safepoint region
[2020-01-13T13:46:00.451+0000][1][safepoint    ] Total time for which application threads were stopped: 0.0002231 seconds, Stopping threads took: 0.0000086 seconds
[2020-01-13T13:46:00.451+0000][1][safepoint    ] Application time: 0.0002705 seconds
[2020-01-13T13:46:00.451+0000][1][safepoint    ] Entering safepoint region: RevokeBias
[2020-01-13T13:46:00.451+0000][1][safepoint    ] Leaving safepoint region
[2020-01-13T13:46:00.451+0000][1][safepoint    ] Total time for which application threads were stopped: 0.0000751 seconds, Stopping threads took: 0.0000107 seconds
[2020-01-13T13:46:00.454+0000][1][safepoint    ] Application time: 0.0033417 seconds
[2020-01-13T13:46:00.455+0000][1][safepoint    ] Entering safepoint region: RevokeBias
[2020-01-13T13:46:00.455+0000][1][safepoint    ] Leaving safepoint region
[2020-01-13T13:46:00.455+0000][1][safepoint    ] Total time for which application threads were stopped: 0.0000939 seconds, Stopping threads took: 0.0000146 seconds
[2020-01-13T13:46:00.455+0000][1][safepoint    ] Application time: 0.0002022 seconds
[2020-01-13T13:46:00.455+0000][1][safepoint    ] Entering safepoint region: RevokeBias
[2020-01-13T13:46:00.455+0000][1][safepoint    ] Leaving safepoint region
[2020-01-13T13:46:00.455+0000][1][safepoint    ] Total time for which application threads were stopped: 0.0000747 seconds, Stopping threads took: 0.0000110 seconds
[2020-01-13T13:46:00.455+0000][1][safepoint    ] Application time: 0.0001492 seconds
[2020-01-13T13:46:00.455+0000][1][safepoint    ] Entering safepoint region: RevokeBias
[2020-01-13T13:46:00.455+0000][1][safepoint    ] Leaving safepoint region
[2020-01-13T13:46:00.455+0000][1][safepoint    ] Total time for which application threads were stopped: 0.0003400 seconds, Stopping threads took: 0.0002115 seconds
[2020-01-13T13:46:00.456+0000][1][safepoint    ] Application time: 0.0001030 seconds
[2020-01-13T13:46:00.456+0000][1][safepoint    ] Entering safepoint region: RevokeBias
[2020-01-13T13:46:00.456+0000][1][safepoint    ] Leaving safepoint region
[2020-01-13T13:46:00.456+0000][1][safepoint    ] Total time for which application threads were stopped: 0.0000974 seconds, Stopping threads took: 0.0000102 seconds
[2020-01-13T13:46:00.456+0000][1][safepoint    ] Application time: 0.0000533 seconds
[2020-01-13T13:46:00.456+0000][1][safepoint    ] Entering safepoint region: RevokeBias
[2020-01-13T13:46:00.456+0000][1][safepoint    ] Leaving safepoint region
[2020-01-13T13:46:00.456+0000][1][safepoint    ] Total time for which application threads were stopped: 0.0000816 seconds, Stopping threads took: 0.0000092 seconds
[2020-01-13T13:46:00.456+0000][1][safepoint    ] Application time: 0.0001776 seconds
[2020-01-13T13:46:00.456+0000][1][safepoint    ] Entering safepoint region: RevokeBias
[2020-01-13T13:46:00.456+0000][1][safepoint    ] Leaving safepoint region
[2020-01-13T13:46:00.456+0000][1][safepoint    ] Total time for which application threads were stopped: 0.0000815 seconds, Stopping threads took: 0.0000107 seconds
[2020-01-13T13:46:00.456+0000][1][safepoint    ] Application time: 0.0000445 seconds
[2020-01-13T13:46:00.456+0000][1][safepoint    ] Entering safepoint region: RevokeBias
[2020-01-13T13:46:00.456+0000][1][safepoint    ] Leaving safepoint region
[2020-01-13T13:46:00.456+0000][1][safepoint    ] Total time for which application threads were stopped: 0.0001018 seconds, Stopping threads took: 0.0000091 seconds
[2020-01-13T13:46:00.457+0000][1][safepoint    ] Application time: 0.0004815 seconds
[2020-01-13T13:46:00.457+0000][1][safepoint    ] Entering safepoint region: RevokeBias
[2020-01-13T13:46:00.457+0000][1][safepoint    ] Leaving safepoint region
[2020-01-13T13:46:00.457+0000][1][safepoint    ] Total time for which application threads were stopped: 0.0000748 seconds, Stopping threads took: 0.0000120 seconds
[2020-01-13T13:46:00.457+0000][1][safepoint    ] Application time: 0.0000332 seconds
[2020-01-13T13:46:00.457+0000][1][safepoint    ] Entering safepoint region: RevokeBias
[2020-01-13T13:46:00.457+0000][1][safepoint    ] Leaving safepoint region
[2020-01-13T13:46:00.457+0000][1][safepoint    ] Total time for which application threads were stopped: 0.0000489 seconds, Stopping threads took: 0.0000079 seconds
[2020-01-13T13:46:00.458+0000][1][safepoint    ] Application time: 0.0008753 seconds
[2020-01-13T13:46:00.458+0000][1][safepoint    ] Entering safepoint region: RevokeBias
[2020-01-13T13:46:00.458+0000][1][safepoint    ] Leaving safepoint region
[2020-01-13T13:46:00.458+0000][1][safepoint    ] Total time for which application threads were stopped: 0.0000714 seconds, Stopping threads took: 0.0000120 seconds
[2020-01-13T13:46:00.458+0000][1][safepoint    ] Application time: 0.0000267 seconds
[2020-01-13T13:46:00.458+0000][1][safepoint    ] Entering safepoint region: RevokeBias
[2020-01-13T13:46:00.458+0000][1][safepoint    ] Leaving safepoint region
[2020-01-13T13:46:00.458+0000][1][safepoint    ] Total time for which application threads were stopped: 0.0000445 seconds, Stopping threads took: 0.0000072 seconds
[2020-01-13T13:46:00.458+0000][1][safepoint    ] Application time: 0.0000206 seconds
[2020-01-13T13:46:00.458+0000][1][safepoint    ] Entering safepoint region: RevokeBias
[2020-01-13T13:46:00.458+0000][1][safepoint    ] Leaving safepoint region
[2020-01-13T13:46:00.458+0000][1][safepoint    ] Total time for which application threads were stopped: 0.0000442 seconds, Stopping threads took: 0.0000081 seconds
[2020-01-13T13:46:00.458+0000][1][safepoint    ] Application time: 0.0000210 seconds
[2020-01-13T13:46:00.458+0000][1][safepoint    ] Entering safepoint region: RevokeBias
[2020-01-13T13:46:00.458+0000][1][safepoint    ] Leaving safepoint region
[2020-01-13T13:46:00.458+0000][1][safepoint    ] Total time for which application threads were stopped: 0.0000433 seconds, Stopping threads took: 0.0000080 seconds
[2020-01-13T13:46:00.458+0000][1][safepoint    ] Application time: 0.0000204 seconds
[2020-01-13T13:46:00.458+0000][1][safepoint    ] Entering safepoint region: RevokeBias
[2020-01-13T13:46:00.458+0000][1][safepoint    ] Leaving safepoint region
[2020-01-13T13:46:00.458+0000][1][safepoint    ] Total time for which application threads were stopped: 0.0000443 seconds, Stopping threads took: 0.0000081 seconds
[2020-01-13T13:46:00.458+0000][1][safepoint    ] Application time: 0.0000205 seconds
[2020-01-13T13:46:00.458+0000][1][safepoint    ] Entering safepoint region: RevokeBias
[2020-01-13T13:46:00.458+0000][1][safepoint    ] Leaving safepoint region
[2020-01-13T13:46:00.458+0000][1][safepoint    ] Total time for which application threads were stopped: 0.0000556 seconds, Stopping threads took: 0.0000211 seconds
[2020-01-13T13:46:00.458+0000][1][safepoint    ] Application time: 0.0000222 seconds
[2020-01-13T13:46:00.458+0000][1][safepoint    ] Entering safepoint region: RevokeBias
[2020-01-13T13:46:00.458+0000][1][safepoint    ] Leaving safepoint region
[2020-01-13T13:46:00.458+0000][1][safepoint    ] Total time for which application threads were stopped: 0.0000446 seconds, Stopping threads took: 0.0000081 seconds
[2020-01-13T13:46:00.458+0000][1][safepoint    ] Application time: 0.0000227 seconds
[2020-01-13T13:46:00.458+0000][1][safepoint    ] Entering safepoint region: RevokeBias
[2020-01-13T13:46:00.459+0000][1][safepoint    ] Leaving safepoint region
[2020-01-13T13:46:00.459+0000][1][safepoint    ] Total time for which application threads were stopped: 0.0000418 seconds, Stopping threads took: 0.0000077 seconds
[2020-01-13T13:46:00.459+0000][1][safepoint    ] Application time: 0.0000213 seconds
[2020-01-13T13:46:00.459+0000][1][safepoint    ] Entering safepoint region: RevokeBias
[2020-01-13T13:46:00.459+0000][1][safepoint    ] Leaving safepoint region
[2020-01-13T13:46:00.459+0000][1][safepoint    ] Total time for which application threads were stopped: 0.0000437 seconds, Stopping threads took: 0.0000081 seconds
[2020-01-13T13:46:00.459+0000][1][safepoint    ] Application time: 0.0000207 seconds
[2020-01-13T13:46:00.459+0000][1][safepoint    ] Entering safepoint region: RevokeBias
[2020-01-13T13:46:00.459+0000][1][safepoint    ] Leaving safepoint region
[2020-01-13T13:46:00.459+0000][1][safepoint    ] Total time for which application threads were stopped: 0.0000429 seconds, Stopping threads took: 0.0000081 seconds
[2020-01-13T13:46:00.459+0000][1][safepoint    ] Application time: 0.0000231 seconds
[2020-01-13T13:46:00.459+0000][1][safepoint    ] Entering safepoint region: RevokeBias
[2020-01-13T13:46:00.459+0000][1][safepoint    ] Leaving safepoint region
[2020-01-13T13:46:00.459+0000][1][safepoint    ] Total time for which application threads were stopped: 0.0000400 seconds, Stopping threads took: 0.0000080 seconds
[2020-01-13T13:46:00.462+0000][1][safepoint    ] Application time: 0.0035858 seconds
[2020-01-13T13:46:00.462+0000][1][safepoint    ] Entering safepoint region: RevokeBias
[2020-01-13T13:46:00.463+0000][1][safepoint    ] Leaving safepoint region
[2020-01-13T13:46:00.463+0000][1][safepoint    ] Total time for which application threads were stopped: 0.0001616 seconds, Stopping threads took: 0.0000153 seconds
[2020-01-13T13:46:00.463+0000][1][safepoint    ] Application time: 0.0000367 seconds
[2020-01-13T13:46:00.463+0000][1][safepoint    ] Entering safepoint region: BulkRevokeBias
[2020-01-13T13:46:00.463+0000][1][safepoint    ] Leaving safepoint region
[2020-01-13T13:46:00.463+0000][1][safepoint    ] Total time for which application threads were stopped: 0.0001749 seconds, Stopping threads took: 0.0000102 seconds
[2020-01-13T13:46:00.466+0000][1][safepoint    ] Application time: 0.0035448 seconds
[2020-01-13T13:46:00.466+0000][1][safepoint    ] Entering safepoint region: RevokeBias
[2020-01-13T13:46:00.467+0000][1][safepoint    ] Leaving safepoint region
[2020-01-13T13:46:00.467+0000][1][safepoint    ] Total time for which application threads were stopped: 0.0001234 seconds, Stopping threads took: 0.0000165 seconds
[2020-01-13T13:46:00.467+0000][1][safepoint    ] Application time: 0.0001164 seconds
[2020-01-13T13:46:00.467+0000][1][safepoint    ] Entering safepoint region: RevokeBias
[2020-01-13T13:46:00.467+0000][1][safepoint    ] Leaving safepoint region
[2020-01-13T13:46:00.467+0000][1][safepoint    ] Total time for which application threads were stopped: 0.0000669 seconds, Stopping threads took: 0.0000106 seconds
[2020-01-13T13:46:00.468+0000][1][safepoint    ] Application time: 0.0011383 seconds
[2020-01-13T13:46:00.468+0000][1][safepoint    ] Entering safepoint region: RevokeBias
[2020-01-13T13:46:00.468+0000][1][safepoint    ] Leaving safepoint region
[2020-01-13T13:46:00.468+0000][1][safepoint    ] Total time for which application threads were stopped: 0.0001215 seconds, Stopping threads took: 0.0000144 seconds
[2020-01-13T13:46:00.470+0000][1][safepoint    ] Application time: 0.0019036 seconds
[2020-01-13T13:46:00.470+0000][1][safepoint    ] Entering safepoint region: RevokeBias
[2020-01-13T13:46:00.470+0000][1][safepoint    ] Leaving safepoint region
[2020-01-13T13:46:00.470+0000][1][safepoint    ] Total time for which application threads were stopped: 0.0001078 seconds, Stopping threads took: 0.0000151 seconds
[2020-01-13T13:46:00.470+0000][1][safepoint    ] Application time: 0.0000369 seconds
[2020-01-13T13:46:00.470+0000][1][safepoint    ] Entering safepoint region: RevokeBias
[2020-01-13T13:46:00.470+0000][1][safepoint    ] Leaving safepoint region
[2020-01-13T13:46:00.470+0000][1][safepoint    ] Total time for which application threads were stopped: 0.0000650 seconds, Stopping threads took: 0.0000086 seconds
[2020-01-13T13:46:00.470+0000][1][safepoint    ] Application time: 0.0000425 seconds
[2020-01-13T13:46:00.470+0000][1][safepoint    ] Entering safepoint region: RevokeBias
[2020-01-13T13:46:00.470+0000][1][safepoint    ] Leaving safepoint region
[2020-01-13T13:46:00.470+0000][1][safepoint    ] Total time for which application threads were stopped: 0.0000860 seconds, Stopping threads took: 0.0000083 seconds
[2020-01-13T13:46:00.471+0000][1][safepoint    ] Application time: 0.0004046 seconds
[2020-01-13T13:46:00.471+0000][1][safepoint    ] Entering safepoint region: RevokeBias
[2020-01-13T13:46:00.471+0000][1][safepoint    ] Leaving safepoint region
[2020-01-13T13:46:00.471+0000][1][safepoint    ] Total time for which application threads were stopped: 0.0000877 seconds, Stopping threads took: 0.0000141 seconds
[2020-01-13T13:46:00.471+0000][1][safepoint    ] Application time: 0.0001580 seconds
[2020-01-13T13:46:00.471+0000][1][safepoint    ] Entering safepoint region: RevokeBias
[2020-01-13T13:46:00.471+0000][1][safepoint    ] Leaving safepoint region
[2020-01-13T13:46:00.471+0000][1][safepoint    ] Total time for which application threads were stopped: 0.0000768 seconds, Stopping threads took: 0.0000108 seconds
[2020-01-13T13:46:00.471+0000][1][safepoint    ] Application time: 0.0002024 seconds
[2020-01-13T13:46:00.471+0000][1][safepoint    ] Entering safepoint region: RevokeBias
[2020-01-13T13:46:00.471+0000][1][safepoint    ] Leaving safepoint region
[2020-01-13T13:46:00.471+0000][1][safepoint    ] Total time for which application threads were stopped: 0.0000761 seconds, Stopping threads took: 0.0000109 seconds
[2020-01-13T13:46:00.472+0000][1][safepoint    ] Application time: 0.0001122 seconds
[2020-01-13T13:46:00.472+0000][1][safepoint    ] Entering safepoint region: RevokeBias
[2020-01-13T13:46:00.472+0000][1][safepoint    ] Leaving safepoint region
[2020-01-13T13:46:00.472+0000][1][safepoint    ] Total time for which application threads were stopped: 0.0000702 seconds, Stopping threads took: 0.0000106 seconds
[2020-01-13T13:46:00.474+0000][1][safepoint    ] Application time: 0.0019010 seconds
[2020-01-13T13:46:00.474+0000][1][safepoint    ] Entering safepoint region: RevokeBias
[2020-01-13T13:46:00.474+0000][1][safepoint    ] Leaving safepoint region
[2020-01-13T13:46:00.474+0000][1][safepoint    ] Total time for which application threads were stopped: 0.0000924 seconds, Stopping threads took: 0.0000122 seconds
[2020-01-13T13:46:00.474+0000][1][safepoint    ] Application time: 0.0003541 seconds
[2020-01-13T13:46:00.474+0000][1][safepoint    ] Entering safepoint region: RevokeBias
[2020-01-13T13:46:00.474+0000][1][safepoint    ] Leaving safepoint region
[2020-01-13T13:46:00.474+0000][1][safepoint    ] Total time for which application threads were stopped: 0.0000858 seconds, Stopping threads took: 0.0000262 seconds
[2020-01-13T13:46:00.474+0000][1][safepoint    ] Application time: 0.0000770 seconds
[2020-01-13T13:46:00.474+0000][1][safepoint    ] Entering safepoint region: RevokeBias
[2020-01-13T13:46:00.474+0000][1][safepoint    ] Leaving safepoint region
[2020-01-13T13:46:00.474+0000][1][safepoint    ] Total time for which application threads were stopped: 0.0000620 seconds, Stopping threads took: 0.0000092 seconds
[2020-01-13T13:46:00.475+0000][1][safepoint    ] Application time: 0.0003001 seconds
[2020-01-13T13:46:00.475+0000][1][safepoint    ] Entering safepoint region: RevokeBias
[2020-01-13T13:46:00.475+0000][1][safepoint    ] Leaving safepoint region
[2020-01-13T13:46:00.475+0000][1][safepoint    ] Total time for which application threads were stopped: 0.0000627 seconds, Stopping threads took: 0.0000104 seconds
[2020-01-13T13:46:00.475+0000][1][safepoint    ] Application time: 0.0001366 seconds
[2020-01-13T13:46:00.475+0000][1][safepoint    ] Entering safepoint region: RevokeBias
[2020-01-13T13:46:00.475+0000][1][safepoint    ] Leaving safepoint region
[2020-01-13T13:46:00.475+0000][1][safepoint    ] Total time for which application threads were stopped: 0.0000574 seconds, Stopping threads took: 0.0000098 seconds
[2020-01-13T13:46:00.475+0000][1][safepoint    ] Application time: 0.0000382 seconds
[2020-01-13T13:46:00.475+0000][1][safepoint    ] Entering safepoint region: RevokeBias
[2020-01-13T13:46:00.475+0000][1][safepoint    ] Leaving safepoint region
[2020-01-13T13:46:00.475+0000][1][safepoint    ] Total time for which application threads were stopped: 0.0000619 seconds, Stopping threads took: 0.0000087 seconds
[2020-01-13T13:46:00.475+0000][1][safepoint    ] Application time: 0.0002585 seconds
[2020-01-13T13:46:00.475+0000][1][safepoint    ] Entering safepoint region: RevokeBias
[2020-01-13T13:46:00.475+0000][1][safepoint    ] Leaving safepoint region
[2020-01-13T13:46:00.475+0000][1][safepoint    ] Total time for which application threads were stopped: 0.0000635 seconds, Stopping threads took: 0.0000127 seconds
[2020-01-13T13:46:00.476+0000][1][safepoint    ] Application time: 0.0003277 seconds
[2020-01-13T13:46:00.476+0000][1][safepoint    ] Entering safepoint region: RevokeBias
[2020-01-13T13:46:00.476+0000][1][safepoint    ] Leaving safepoint region
[2020-01-13T13:46:00.476+0000][1][safepoint    ] Total time for which application threads were stopped: 0.0000666 seconds, Stopping threads took: 0.0000103 seconds
[2020-01-13T13:46:00.478+0000][1][safepoint    ] Application time: 0.0017703 seconds
[2020-01-13T13:46:00.478+0000][1][safepoint    ] Entering safepoint region: BulkRevokeBias
[2020-01-13T13:46:00.478+0000][1][safepoint    ] Leaving safepoint region
[2020-01-13T13:46:00.478+0000][1][safepoint    ] Total time for which application threads were stopped: 0.0001701 seconds, Stopping threads took: 0.0000122 seconds
[2020-01-13T13:46:00.478+0000][1][safepoint    ] Application time: 0.0000441 seconds
[2020-01-13T13:46:00.478+0000][1][safepoint    ] Entering safepoint region: BulkRevokeBias
[2020-01-13T13:46:00.478+0000][1][safepoint    ] Leaving safepoint region
[2020-01-13T13:46:00.478+0000][1][safepoint    ] Total time for which application threads were stopped: 0.0001147 seconds, Stopping threads took: 0.0000089 seconds
[2020-01-13T13:46:00.478+0000][1][safepoint    ] Application time: 0.0001159 seconds
[2020-01-13T13:46:00.478+0000][1][safepoint    ] Entering safepoint region: RevokeBias
[2020-01-13T13:46:00.478+0000][1][safepoint    ] Leaving safepoint region
[2020-01-13T13:46:00.478+0000][1][safepoint    ] Total time for which application threads were stopped: 0.0000559 seconds, Stopping threads took: 0.0000084 seconds
[2020-01-13T13:46:00.479+0000][1][safepoint    ] Application time: 0.0004240 seconds
[2020-01-13T13:46:00.479+0000][1][safepoint    ] Entering safepoint region: RevokeBias
[2020-01-13T13:46:00.479+0000][1][safepoint    ] Leaving safepoint region
[2020-01-13T13:46:00.479+0000][1][safepoint    ] Total time for which application threads were stopped: 0.0000806 seconds, Stopping threads took: 0.0000105 seconds
[2020-01-13T13:46:00.488+0000][1][safepoint    ] Application time: 0.0090816 seconds
[2020-01-13T13:46:00.492+0000][1][safepoint    ] Entering safepoint region: RevokeBias
[2020-01-13T13:46:00.492+0000][1][safepoint    ] Leaving safepoint region
[2020-01-13T13:46:00.492+0000][1][safepoint    ] Total time for which application threads were stopped: 0.0043428 seconds, Stopping threads took: 0.0041955 seconds
[2020-01-13T13:46:00.492+0000][1][safepoint    ] Application time: 0.0000838 seconds
[2020-01-13T13:46:00.492+0000][1][safepoint    ] Entering safepoint region: RevokeBias
[2020-01-13T13:46:00.492+0000][1][safepoint    ] Leaving safepoint region
[2020-01-13T13:46:00.492+0000][1][safepoint    ] Total time for which application threads were stopped: 0.0001097 seconds, Stopping threads took: 0.0000124 seconds
[2020-01-13T13:46:00.493+0000][1][safepoint    ] Application time: 0.0003064 seconds
[2020-01-13T13:46:00.493+0000][1][safepoint    ] Entering safepoint region: RevokeBias
[2020-01-13T13:46:00.493+0000][1][safepoint    ] Leaving safepoint region
[2020-01-13T13:46:00.493+0000][1][safepoint    ] Total time for which application threads were stopped: 0.0000833 seconds, Stopping threads took: 0.0000117 seconds
[2020-01-13T13:46:01.258+0000][1][safepoint    ] Application time: 0.7656240 seconds
[2020-01-13T13:46:01.262+0000][1][safepoint    ] Entering safepoint region: RevokeBias
[2020-01-13T13:46:01.262+0000][1][safepoint    ] Leaving safepoint region
[2020-01-13T13:46:01.262+0000][1][safepoint    ] Total time for which application threads were stopped: 0.0039825 seconds, Stopping threads took: 0.0038813 seconds
[2020-01-13T13:46:01.263+0000][1][safepoint    ] Application time: 0.0004375 seconds
[2020-01-13T13:46:01.263+0000][1][safepoint    ] Entering safepoint region: RevokeBias
[2020-01-13T13:46:01.263+0000][1][safepoint    ] Leaving safepoint region
[2020-01-13T13:46:01.263+0000][1][safepoint    ] Total time for which application threads were stopped: 0.0000652 seconds, Stopping threads took: 0.0000130 seconds
[2020-01-13T13:46:01.271+0000][1][safepoint    ] Application time: 0.0079503 seconds
[2020-01-13T13:46:01.271+0000][1][safepoint    ] Entering safepoint region: RevokeBias
[2020-01-13T13:46:01.271+0000][1][safepoint    ] Leaving safepoint region
[2020-01-13T13:46:01.271+0000][1][safepoint    ] Total time for which application threads were stopped: 0.0001071 seconds, Stopping threads took: 0.0000491 seconds
[2020-01-13T13:46:01.382+0000][1][safepoint    ] Application time: 0.1111777 seconds
[2020-01-13T13:46:01.386+0000][1][safepoint    ] Entering safepoint region: GenCollectForAllocation
[2020-01-13T13:46:01.386+0000][1][gc,start     ] GC(20) Pause Young (Allocation Failure)
[2020-01-13T13:46:01.387+0000][1][gc,task      ] GC(20) Using 1 workers of 1 for evacuation
[2020-01-13T13:46:01.451+0000][1][gc,age       ] GC(20) Desired survivor size 4358144 bytes, new threshold 2 (max threshold 6)
[2020-01-13T13:46:01.451+0000][1][gc,age       ] GC(20) Age table with threshold 2 (max threshold 6)
[2020-01-13T13:46:01.451+0000][1][gc,age       ] GC(20) - age   1:    1358712 bytes,    1358712 total
[2020-01-13T13:46:01.451+0000][1][gc,age       ] GC(20) - age   2:    3302488 bytes,    4661200 total
[2020-01-13T13:46:01.451+0000][1][gc,heap      ] GC(20) ParNew: 76672K->6237K(76672K)
[2020-01-13T13:46:01.451+0000][1][gc,heap      ] GC(20) CMS: 54092K->58028K(176960K)
[2020-01-13T13:46:01.451+0000][1][gc,metaspace ] GC(20) Metaspace: 50502K->50502K(1095680K)
[2020-01-13T13:46:01.451+0000][1][gc           ] GC(20) Pause Young (Allocation Failure) 127M->62M(247M) 64.335ms
[2020-01-13T13:46:01.451+0000][1][gc,cpu       ] GC(20) User=0.06s Sys=0.00s Real=0.07s
[2020-01-13T13:46:01.451+0000][1][safepoint    ] Leaving safepoint region
[2020-01-13T13:46:01.451+0000][1][safepoint    ] Total time for which application threads were stopped: 0.0685102 seconds, Stopping threads took: 0.0040223 seconds
[2020-01-13T13:46:01.628+0000][1][safepoint    ] Application time: 0.1772417 seconds
[2020-01-13T13:46:01.628+0000][1][safepoint    ] Entering safepoint region: RevokeBias
[2020-01-13T13:46:01.628+0000][1][safepoint    ] Leaving safepoint region
[2020-01-13T13:46:01.628+0000][1][safepoint    ] Total time for which application threads were stopped: 0.0002979 seconds, Stopping threads took: 0.0000142 seconds
[2020-01-13T13:46:01.629+0000][1][safepoint    ] Application time: 0.0000440 seconds
[2020-01-13T13:46:01.629+0000][1][safepoint    ] Entering safepoint region: RevokeBias
[2020-01-13T13:46:01.629+0000][1][safepoint    ] Leaving safepoint region
[2020-01-13T13:46:01.629+0000][1][safepoint    ] Total time for which application threads were stopped: 0.0000444 seconds, Stopping threads took: 0.0000063 seconds
[2020-01-13T13:46:01.629+0000][1][safepoint    ] Application time: 0.0004117 seconds
[2020-01-13T13:46:01.629+0000][1][safepoint    ] Entering safepoint region: RevokeBias
[2020-01-13T13:46:01.629+0000][1][safepoint    ] Leaving safepoint region
[2020-01-13T13:46:01.629+0000][1][safepoint    ] Total time for which application threads were stopped: 0.0000963 seconds, Stopping threads took: 0.0000097 seconds
[2020-01-13T13:46:01.629+0000][1][safepoint    ] Application time: 0.0000265 seconds
[2020-01-13T13:46:01.629+0000][1][safepoint    ] Entering safepoint region: RevokeBias
[2020-01-13T13:46:01.629+0000][1][safepoint    ] Leaving safepoint region
[2020-01-13T13:46:01.629+0000][1][safepoint    ] Total time for which application threads were stopped: 0.0000374 seconds, Stopping threads took: 0.0000058 seconds
[2020-01-13T13:46:01.629+0000][1][safepoint    ] Application time: 0.0000208 seconds
[2020-01-13T13:46:01.629+0000][1][safepoint    ] Entering safepoint region: RevokeBias
[2020-01-13T13:46:01.629+0000][1][safepoint    ] Leaving safepoint region
[2020-01-13T13:46:01.629+0000][1][safepoint    ] Total time for which application threads were stopped: 0.0000358 seconds, Stopping threads took: 0.0000058 seconds
[2020-01-13T13:46:01.629+0000][1][safepoint    ] Application time: 0.0000261 seconds
[2020-01-13T13:46:01.629+0000][1][safepoint    ] Entering safepoint region: RevokeBias
[2020-01-13T13:46:01.629+0000][1][safepoint    ] Leaving safepoint region
[2020-01-13T13:46:01.629+0000][1][safepoint    ] Total time for which application threads were stopped: 0.0000632 seconds, Stopping threads took: 0.0000055 seconds
[2020-01-13T13:46:01.629+0000][1][safepoint    ] Application time: 0.0000214 seconds
[2020-01-13T13:46:01.629+0000][1][safepoint    ] Entering safepoint region: RevokeBias
[2020-01-13T13:46:01.629+0000][1][safepoint    ] Leaving safepoint region
[2020-01-13T13:46:01.629+0000][1][safepoint    ] Total time for which application threads were stopped: 0.0000340 seconds, Stopping threads took: 0.0000057 seconds
[2020-01-13T13:46:01.629+0000][1][safepoint    ] Application time: 0.0000191 seconds
[2020-01-13T13:46:01.629+0000][1][safepoint    ] Entering safepoint region: RevokeBias
[2020-01-13T13:46:01.629+0000][1][safepoint    ] Leaving safepoint region
[2020-01-13T13:46:01.629+0000][1][safepoint    ] Total time for which application threads were stopped: 0.0000332 seconds, Stopping threads took: 0.0000054 seconds
[2020-01-13T13:46:01.630+0000][1][safepoint    ] Application time: 0.0000190 seconds
[2020-01-13T13:46:01.630+0000][1][safepoint    ] Entering safepoint region: RevokeBias
[2020-01-13T13:46:01.630+0000][1][safepoint    ] Leaving safepoint region
[2020-01-13T13:46:01.630+0000][1][safepoint    ] Total time for which application threads were stopped: 0.0000330 seconds, Stopping threads took: 0.0000054 seconds
[2020-01-13T13:46:01.630+0000][1][safepoint    ] Application time: 0.0000195 seconds
[2020-01-13T13:46:01.630+0000][1][safepoint    ] Entering safepoint region: RevokeBias
[2020-01-13T13:46:01.630+0000][1][safepoint    ] Leaving safepoint region
[2020-01-13T13:46:01.630+0000][1][safepoint    ] Total time for which application threads were stopped: 0.0000330 seconds, Stopping threads took: 0.0000054 seconds
[2020-01-13T13:46:01.630+0000][1][safepoint    ] Application time: 0.0000193 seconds
[2020-01-13T13:46:01.630+0000][1][safepoint    ] Entering safepoint region: RevokeBias
[2020-01-13T13:46:01.630+0000][1][safepoint    ] Leaving safepoint region
[2020-01-13T13:46:01.630+0000][1][safepoint    ] Total time for which application threads were stopped: 0.0000331 seconds, Stopping threads took: 0.0000055 seconds
[2020-01-13T13:46:01.630+0000][1][safepoint    ] Application time: 0.0000196 seconds
[2020-01-13T13:46:01.630+0000][1][safepoint    ] Entering safepoint region: RevokeBias
[2020-01-13T13:46:01.630+0000][1][safepoint    ] Leaving safepoint region
[2020-01-13T13:46:01.630+0000][1][safepoint    ] Total time for which application threads were stopped: 0.0000330 seconds, Stopping threads took: 0.0000054 seconds
[2020-01-13T13:46:01.630+0000][1][safepoint    ] Application time: 0.0000194 seconds
[2020-01-13T13:46:01.630+0000][1][safepoint    ] Entering safepoint region: RevokeBias
[2020-01-13T13:46:01.630+0000][1][safepoint    ] Leaving safepoint region
[2020-01-13T13:46:01.630+0000][1][safepoint    ] Total time for which application threads were stopped: 0.0000329 seconds, Stopping threads took: 0.0000054 seconds
[2020-01-13T13:46:01.630+0000][1][safepoint    ] Application time: 0.0000198 seconds
[2020-01-13T13:46:01.630+0000][1][safepoint    ] Entering safepoint region: RevokeBias
[2020-01-13T13:46:01.630+0000][1][safepoint    ] Leaving safepoint region
[2020-01-13T13:46:01.630+0000][1][safepoint    ] Total time for which application threads were stopped: 0.0000331 seconds, Stopping threads took: 0.0000055 seconds
[2020-01-13T13:46:01.630+0000][1][safepoint    ] Application time: 0.0000229 seconds
[2020-01-13T13:46:01.630+0000][1][safepoint    ] Entering safepoint region: RevokeBias
[2020-01-13T13:46:01.630+0000][1][safepoint    ] Leaving safepoint region
[2020-01-13T13:46:01.630+0000][1][safepoint    ] Total time for which application threads were stopped: 0.0000335 seconds, Stopping threads took: 0.0000055 seconds
[2020-01-13T13:46:01.630+0000][1][safepoint    ] Application time: 0.0000189 seconds
[2020-01-13T13:46:01.630+0000][1][safepoint    ] Entering safepoint region: RevokeBias
[2020-01-13T13:46:01.630+0000][1][safepoint    ] Leaving safepoint region
[2020-01-13T13:46:01.630+0000][1][safepoint    ] Total time for which application threads were stopped: 0.0000328 seconds, Stopping threads took: 0.0000054 seconds
[2020-01-13T13:46:01.630+0000][1][safepoint    ] Application time: 0.0000190 seconds
[2020-01-13T13:46:01.630+0000][1][safepoint    ] Entering safepoint region: RevokeBias
[2020-01-13T13:46:01.630+0000][1][safepoint    ] Leaving safepoint region
[2020-01-13T13:46:01.630+0000][1][safepoint    ] Total time for which application threads were stopped: 0.0000328 seconds, Stopping threads took: 0.0000054 seconds
[2020-01-13T13:46:01.630+0000][1][safepoint    ] Application time: 0.0000203 seconds
[2020-01-13T13:46:01.630+0000][1][safepoint    ] Entering safepoint region: RevokeBias
[2020-01-13T13:46:01.630+0000][1][safepoint    ] Leaving safepoint region
[2020-01-13T13:46:01.630+0000][1][safepoint    ] Total time for which application threads were stopped: 0.0000330 seconds, Stopping threads took: 0.0000054 seconds
[2020-01-13T13:46:01.630+0000][1][safepoint    ] Application time: 0.0000194 seconds
[2020-01-13T13:46:01.630+0000][1][safepoint    ] Entering safepoint region: RevokeBias
[2020-01-13T13:46:01.630+0000][1][safepoint    ] Leaving safepoint region
[2020-01-13T13:46:01.630+0000][1][safepoint    ] Total time for which application threads were stopped: 0.0000434 seconds, Stopping threads took: 0.0000054 seconds
[2020-01-13T13:46:01.630+0000][1][safepoint    ] Application time: 0.0000195 seconds
[2020-01-13T13:46:01.630+0000][1][safepoint    ] Entering safepoint region: BulkRevokeBias
[2020-01-13T13:46:01.631+0000][1][safepoint    ] Leaving safepoint region
[2020-01-13T13:46:01.631+0000][1][safepoint    ] Total time for which application threads were stopped: 0.0003140 seconds, Stopping threads took: 0.0000057 seconds
[2020-01-13T13:46:02.281+0000][1][safepoint    ] Application time: 0.6499998 seconds
[2020-01-13T13:46:02.281+0000][1][safepoint    ] Entering safepoint region: RevokeBias
[2020-01-13T13:46:02.281+0000][1][safepoint    ] Leaving safepoint region
[2020-01-13T13:46:02.281+0000][1][safepoint    ] Total time for which application threads were stopped: 0.0001943 seconds, Stopping threads took: 0.0000444 seconds
[2020-01-13T13:46:02.281+0000][1][safepoint    ] Application time: 0.0000347 seconds
[2020-01-13T13:46:02.281+0000][1][safepoint    ] Entering safepoint region: RevokeBias
[2020-01-13T13:46:02.281+0000][1][safepoint    ] Leaving safepoint region
[2020-01-13T13:46:02.281+0000][1][safepoint    ] Total time for which application threads were stopped: 0.0000286 seconds, Stopping threads took: 0.0000111 seconds
[2020-01-13T13:46:02.281+0000][1][safepoint    ] Application time: 0.0000455 seconds
[2020-01-13T13:46:02.281+0000][1][safepoint    ] Entering safepoint region: RevokeBias
[2020-01-13T13:46:02.281+0000][1][safepoint    ] Leaving safepoint region
[2020-01-13T13:46:02.281+0000][1][safepoint    ] Total time for which application threads were stopped: 0.0000241 seconds, Stopping threads took: 0.0000108 seconds
[2020-01-13T13:46:02.887+0000][1][safepoint    ] Application time: 0.6056999 seconds
[2020-01-13T13:46:02.887+0000][1][safepoint    ] Entering safepoint region: Deoptimize
[2020-01-13T13:46:02.889+0000][1][safepoint    ] Leaving safepoint region
[2020-01-13T13:46:02.889+0000][1][safepoint    ] Total time for which application threads were stopped: 0.0018551 seconds, Stopping threads took: 0.0000633 seconds
[2020-01-13T13:46:02.995+0000][1][safepoint    ] Application time: 0.1059428 seconds
[2020-01-13T13:46:02.995+0000][1][safepoint    ] Entering safepoint region: RevokeBias
[2020-01-13T13:46:02.995+0000][1][safepoint    ] Leaving safepoint region
[2020-01-13T13:46:02.995+0000][1][safepoint    ] Total time for which application threads were stopped: 0.0001210 seconds, Stopping threads took: 0.0000229 seconds
[2020-01-13T13:46:02.995+0000][1][safepoint    ] Application time: 0.0000783 seconds
[2020-01-13T13:46:02.995+0000][1][safepoint    ] Entering safepoint region: RevokeBias
[2020-01-13T13:46:02.995+0000][1][safepoint    ] Leaving safepoint region
[2020-01-13T13:46:02.995+0000][1][safepoint    ] Total time for which application threads were stopped: 0.0000365 seconds, Stopping threads took: 0.0000121 seconds
[2020-01-13T13:46:02.995+0000][1][safepoint    ] Application time: 0.0000693 seconds
[2020-01-13T13:46:02.995+0000][1][safepoint    ] Entering safepoint region: RevokeBias
[2020-01-13T13:46:02.995+0000][1][safepoint    ] Leaving safepoint region
[2020-01-13T13:46:02.995+0000][1][safepoint    ] Total time for which application threads were stopped: 0.0000342 seconds, Stopping threads took: 0.0000115 seconds
[2020-01-13T13:46:02.999+0000][1][safepoint    ] Application time: 0.0041443 seconds
[2020-01-13T13:46:03.002+0000][1][safepoint    ] Entering safepoint region: RevokeBias
[2020-01-13T13:46:03.003+0000][1][safepoint    ] Leaving safepoint region
[2020-01-13T13:46:03.003+0000][1][safepoint    ] Total time for which application threads were stopped: 0.0034849 seconds, Stopping threads took: 0.0033903 seconds
[2020-01-13T13:46:03.286+0000][1][safepoint    ] Application time: 0.2835781 seconds
[2020-01-13T13:46:03.288+0000][1][safepoint    ] Entering safepoint region: RevokeBias
[2020-01-13T13:46:03.290+0000][1][safepoint    ] Leaving safepoint region
[2020-01-13T13:46:03.290+0000][1][safepoint    ] Total time for which application threads were stopped: 0.0040785 seconds, Stopping threads took: 0.0021633 seconds
[2020-01-13T13:46:03.706+0000][1][safepoint    ] Application time: 0.4156378 seconds
[2020-01-13T13:46:03.706+0000][1][safepoint    ] Entering safepoint region: Deoptimize
[2020-01-13T13:46:03.707+0000][1][safepoint    ] Leaving safepoint region
[2020-01-13T13:46:03.707+0000][1][safepoint    ] Total time for which application threads were stopped: 0.0008657 seconds, Stopping threads took: 0.0000344 seconds
[2020-01-13T13:46:03.897+0000][1][safepoint    ] Application time: 0.1903142 seconds
[2020-01-13T13:46:03.897+0000][1][safepoint    ] Entering safepoint region: GenCollectForAllocation
[2020-01-13T13:46:03.897+0000][1][gc,start     ] GC(21) Pause Young (Allocation Failure)
[2020-01-13T13:46:03.898+0000][1][gc,task      ] GC(21) Using 1 workers of 1 for evacuation
[2020-01-13T13:46:03.940+0000][1][gc,age       ] GC(21) Desired survivor size 4358144 bytes, new threshold 2 (max threshold 6)
[2020-01-13T13:46:03.940+0000][1][gc,age       ] GC(21) Age table with threshold 2 (max threshold 6)
[2020-01-13T13:46:03.940+0000][1][gc,age       ] GC(21) - age   1:    3307320 bytes,    3307320 total
[2020-01-13T13:46:03.940+0000][1][gc,age       ] GC(21) - age   2:    1307408 bytes,    4614728 total
[2020-01-13T13:46:03.940+0000][1][gc,heap      ] GC(21) ParNew: 74397K->4973K(76672K)
[2020-01-13T13:46:03.940+0000][1][gc,heap      ] GC(21) CMS: 58028K->61343K(176960K)
[2020-01-13T13:46:03.940+0000][1][gc,metaspace ] GC(21) Metaspace: 58690K->58690K(1103872K)
[2020-01-13T13:46:03.940+0000][1][gc           ] GC(21) Pause Young (Allocation Failure) 129M->64M(247M) 42.701ms
[2020-01-13T13:46:03.940+0000][1][gc,cpu       ] GC(21) User=0.04s Sys=0.00s Real=0.05s
[2020-01-13T13:46:03.940+0000][1][safepoint    ] Leaving safepoint region
[2020-01-13T13:46:03.940+0000][1][safepoint    ] Total time for which application threads were stopped: 0.0429398 seconds, Stopping threads took: 0.0000576 seconds
[2020-01-13T13:46:04.300+0000][1][safepoint    ] Application time: 0.3594230 seconds
[2020-01-13T13:46:04.300+0000][1][safepoint    ] Entering safepoint region: RevokeBias
[2020-01-13T13:46:04.300+0000][1][safepoint    ] Leaving safepoint region
[2020-01-13T13:46:04.300+0000][1][safepoint    ] Total time for which application threads were stopped: 0.0001981 seconds, Stopping threads took: 0.0000750 seconds
[2020-01-13T13:46:04.738+0000][1][safepoint    ] Application time: 0.4381229 seconds
[2020-01-13T13:46:04.738+0000][1][safepoint    ] Entering safepoint region: RevokeBias
[2020-01-13T13:46:04.738+0000][1][safepoint    ] Leaving safepoint region
[2020-01-13T13:46:04.738+0000][1][safepoint    ] Total time for which application threads were stopped: 0.0001698 seconds, Stopping threads took: 0.0000465 seconds
[2020-01-13T13:46:05.012+0000][1][safepoint    ] Application time: 0.2737222 seconds
[2020-01-13T13:46:05.012+0000][1][safepoint    ] Entering safepoint region: Deoptimize
[2020-01-13T13:46:05.013+0000][1][safepoint    ] Leaving safepoint region
[2020-01-13T13:46:05.013+0000][1][safepoint    ] Total time for which application threads were stopped: 0.0011177 seconds, Stopping threads took: 0.0000424 seconds
[2020-01-13T13:46:05.031+0000][1][safepoint    ] Application time: 0.0177888 seconds
[2020-01-13T13:46:05.031+0000][1][safepoint    ] Entering safepoint region: RevokeBias
[2020-01-13T13:46:05.031+0000][1][safepoint    ] Leaving safepoint region
[2020-01-13T13:46:05.031+0000][1][safepoint    ] Total time for which application threads were stopped: 0.0001290 seconds, Stopping threads took: 0.0000262 seconds
[2020-01-13T13:46:05.032+0000][1][safepoint    ] Application time: 0.0005080 seconds
[2020-01-13T13:46:05.032+0000][1][safepoint    ] Entering safepoint region: RevokeBias
[2020-01-13T13:46:05.032+0000][1][safepoint    ] Leaving safepoint region
[2020-01-13T13:46:05.032+0000][1][safepoint    ] Total time for which application threads were stopped: 0.0000630 seconds, Stopping threads took: 0.0000197 seconds
[2020-01-13T13:46:05.033+0000][1][safepoint    ] Application time: 0.0011639 seconds
[2020-01-13T13:46:05.033+0000][1][safepoint    ] Entering safepoint region: RevokeBias
[2020-01-13T13:46:05.033+0000][1][safepoint    ] Leaving safepoint region
[2020-01-13T13:46:05.033+0000][1][safepoint    ] Total time for which application threads were stopped: 0.0000659 seconds, Stopping threads took: 0.0000252 seconds
[2020-01-13T13:46:05.035+0000][1][safepoint    ] Application time: 0.0016250 seconds
[2020-01-13T13:46:05.035+0000][1][safepoint    ] Entering safepoint region: RevokeBias
[2020-01-13T13:46:05.035+0000][1][safepoint    ] Leaving safepoint region
[2020-01-13T13:46:05.035+0000][1][safepoint    ] Total time for which application threads were stopped: 0.0000821 seconds, Stopping threads took: 0.0000256 seconds
[2020-01-13T13:46:05.035+0000][1][safepoint    ] Application time: 0.0001644 seconds
[2020-01-13T13:46:05.035+0000][1][safepoint    ] Entering safepoint region: RevokeBias
[2020-01-13T13:46:05.035+0000][1][safepoint    ] Leaving safepoint region
[2020-01-13T13:46:05.035+0000][1][safepoint    ] Total time for which application threads were stopped: 0.0000616 seconds, Stopping threads took: 0.0000154 seconds
[2020-01-13T13:46:05.035+0000][1][safepoint    ] Application time: 0.0002087 seconds
[2020-01-13T13:46:05.035+0000][1][safepoint    ] Entering safepoint region: RevokeBias
[2020-01-13T13:46:05.035+0000][1][safepoint    ] Leaving safepoint region
[2020-01-13T13:46:05.035+0000][1][safepoint    ] Total time for which application threads were stopped: 0.0000519 seconds, Stopping threads took: 0.0000147 seconds
[2020-01-13T13:46:05.035+0000][1][safepoint    ] Application time: 0.0002215 seconds
[2020-01-13T13:46:05.035+0000][1][safepoint    ] Entering safepoint region: RevokeBias
[2020-01-13T13:46:05.036+0000][1][safepoint    ] Leaving safepoint region
[2020-01-13T13:46:05.036+0000][1][safepoint    ] Total time for which application threads were stopped: 0.0000654 seconds, Stopping threads took: 0.0000212 seconds
[2020-01-13T13:46:05.036+0000][1][safepoint    ] Application time: 0.0002267 seconds
[2020-01-13T13:46:05.036+0000][1][safepoint    ] Entering safepoint region: RevokeBias
[2020-01-13T13:46:05.036+0000][1][safepoint    ] Leaving safepoint region
[2020-01-13T13:46:05.036+0000][1][safepoint    ] Total time for which application threads were stopped: 0.0000517 seconds, Stopping threads took: 0.0000152 seconds
[2020-01-13T13:46:05.036+0000][1][safepoint    ] Application time: 0.0000282 seconds
[2020-01-13T13:46:05.036+0000][1][safepoint    ] Entering safepoint region: RevokeBias
[2020-01-13T13:46:05.036+0000][1][safepoint    ] Leaving safepoint region
[2020-01-13T13:46:05.036+0000][1][safepoint    ] Total time for which application threads were stopped: 0.0000409 seconds, Stopping threads took: 0.0000127 seconds
[2020-01-13T13:46:05.037+0000][1][safepoint    ] Application time: 0.0006613 seconds
[2020-01-13T13:46:05.037+0000][1][safepoint    ] Entering safepoint region: RevokeBias
[2020-01-13T13:46:05.037+0000][1][safepoint    ] Leaving safepoint region
[2020-01-13T13:46:05.037+0000][1][safepoint    ] Total time for which application threads were stopped: 0.0000535 seconds, Stopping threads took: 0.0000179 seconds
[2020-01-13T13:46:05.038+0000][1][safepoint    ] Application time: 0.0012713 seconds
[2020-01-13T13:46:05.038+0000][1][safepoint    ] Entering safepoint region: RevokeBias
[2020-01-13T13:46:05.038+0000][1][safepoint    ] Leaving safepoint region
[2020-01-13T13:46:05.038+0000][1][safepoint    ] Total time for which application threads were stopped: 0.0000635 seconds, Stopping threads took: 0.0000192 seconds
[2020-01-13T13:46:05.038+0000][1][safepoint    ] Application time: 0.0000869 seconds
[2020-01-13T13:46:05.038+0000][1][safepoint    ] Entering safepoint region: RevokeBias
[2020-01-13T13:46:05.038+0000][1][safepoint    ] Leaving safepoint region
[2020-01-13T13:46:05.038+0000][1][safepoint    ] Total time for which application threads were stopped: 0.0000400 seconds, Stopping threads took: 0.0000133 seconds
[2020-01-13T13:46:05.042+0000][1][safepoint    ] Application time: 0.0040361 seconds
[2020-01-13T13:46:05.042+0000][1][safepoint    ] Entering safepoint region: Deoptimize
[2020-01-13T13:46:05.043+0000][1][safepoint    ] Leaving safepoint region
[2020-01-13T13:46:05.043+0000][1][safepoint    ] Total time for which application threads were stopped: 0.0009327 seconds, Stopping threads took: 0.0000665 seconds
[2020-01-13T13:46:05.122+0000][1][safepoint    ] Application time: 0.0786125 seconds
[2020-01-13T13:46:05.122+0000][1][safepoint    ] Entering safepoint region: RevokeBias
[2020-01-13T13:46:05.122+0000][1][safepoint    ] Leaving safepoint region
[2020-01-13T13:46:05.122+0000][1][safepoint    ] Total time for which application threads were stopped: 0.0001946 seconds, Stopping threads took: 0.0000911 seconds
[2020-01-13T13:46:05.125+0000][1][safepoint    ] Application time: 0.0027719 seconds
[2020-01-13T13:46:05.125+0000][1][safepoint    ] Entering safepoint region: RevokeBias
[2020-01-13T13:46:05.125+0000][1][safepoint    ] Leaving safepoint region
[2020-01-13T13:46:05.125+0000][1][safepoint    ] Total time for which application threads were stopped: 0.0001295 seconds, Stopping threads took: 0.0000366 seconds
[2020-01-13T13:46:05.125+0000][1][safepoint    ] Application time: 0.0000538 seconds
[2020-01-13T13:46:05.125+0000][1][safepoint    ] Entering safepoint region: RevokeBias
[2020-01-13T13:46:05.125+0000][1][safepoint    ] Leaving safepoint region
[2020-01-13T13:46:05.125+0000][1][safepoint    ] Total time for which application threads were stopped: 0.0000993 seconds, Stopping threads took: 0.0000395 seconds
[2020-01-13T13:46:05.132+0000][1][safepoint    ] Application time: 0.0070139 seconds
[2020-01-13T13:46:05.134+0000][1][safepoint    ] Entering safepoint region: RevokeBias
[2020-01-13T13:46:05.135+0000][1][safepoint    ] Leaving safepoint region
[2020-01-13T13:46:05.135+0000][1][safepoint    ] Total time for which application threads were stopped: 0.0022765 seconds, Stopping threads took: 0.0021345 seconds
[2020-01-13T13:46:05.140+0000][1][safepoint    ] Application time: 0.0051925 seconds
[2020-01-13T13:46:05.140+0000][1][safepoint    ] Entering safepoint region: RevokeBias
[2020-01-13T13:46:05.140+0000][1][safepoint    ] Leaving safepoint region
[2020-01-13T13:46:05.140+0000][1][safepoint    ] Total time for which application threads were stopped: 0.0001709 seconds, Stopping threads took: 0.0000739 seconds
[2020-01-13T13:46:05.140+0000][1][safepoint    ] Application time: 0.0000732 seconds
[2020-01-13T13:46:05.140+0000][1][safepoint    ] Entering safepoint region: RevokeBias
[2020-01-13T13:46:05.140+0000][1][safepoint    ] Leaving safepoint region
[2020-01-13T13:46:05.140+0000][1][safepoint    ] Total time for which application threads were stopped: 0.0000416 seconds, Stopping threads took: 0.0000072 seconds
[2020-01-13T13:46:05.140+0000][1][safepoint    ] Application time: 0.0002627 seconds
[2020-01-13T13:46:05.140+0000][1][safepoint    ] Entering safepoint region: RevokeBias
[2020-01-13T13:46:05.140+0000][1][safepoint    ] Leaving safepoint region
[2020-01-13T13:46:05.140+0000][1][safepoint    ] Total time for which application threads were stopped: 0.0000627 seconds, Stopping threads took: 0.0000080 seconds
[2020-01-13T13:46:05.140+0000][1][safepoint    ] Application time: 0.0000270 seconds
[2020-01-13T13:46:05.140+0000][1][safepoint    ] Entering safepoint region: RevokeBias
[2020-01-13T13:46:05.141+0000][1][safepoint    ] Leaving safepoint region
[2020-01-13T13:46:05.141+0000][1][safepoint    ] Total time for which application threads were stopped: 0.0000343 seconds, Stopping threads took: 0.0000058 seconds
[2020-01-13T13:46:05.141+0000][1][safepoint    ] Application time: 0.0003989 seconds
[2020-01-13T13:46:05.141+0000][1][safepoint    ] Entering safepoint region: RevokeBias
[2020-01-13T13:46:05.141+0000][1][safepoint    ] Leaving safepoint region
[2020-01-13T13:46:05.141+0000][1][safepoint    ] Total time for which application threads were stopped: 0.0000571 seconds, Stopping threads took: 0.0000090 seconds
[2020-01-13T13:46:05.141+0000][1][safepoint    ] Application time: 0.0000281 seconds
[2020-01-13T13:46:05.141+0000][1][safepoint    ] Entering safepoint region: RevokeBias
[2020-01-13T13:46:05.141+0000][1][safepoint    ] Leaving safepoint region
[2020-01-13T13:46:05.141+0000][1][safepoint    ] Total time for which application threads were stopped: 0.0000336 seconds, Stopping threads took: 0.0000059 seconds
[2020-01-13T13:46:05.150+0000][1][safepoint    ] Application time: 0.0087896 seconds
[2020-01-13T13:46:05.150+0000][1][safepoint    ] Entering safepoint region: RevokeBias
[2020-01-13T13:46:05.150+0000][1][safepoint    ] Leaving safepoint region
[2020-01-13T13:46:05.150+0000][1][safepoint    ] Total time for which application threads were stopped: 0.0004241 seconds, Stopping threads took: 0.0003164 seconds
[2020-01-13T13:46:05.175+0000][1][safepoint    ] Application time: 0.0245290 seconds
[2020-01-13T13:46:05.177+0000][1][safepoint    ] Entering safepoint region: RevokeBias
[2020-01-13T13:46:05.177+0000][1][safepoint    ] Leaving safepoint region
[2020-01-13T13:46:05.177+0000][1][safepoint    ] Total time for which application threads were stopped: 0.0021087 seconds, Stopping threads took: 0.0020083 seconds
[2020-01-13T13:46:05.177+0000][1][safepoint    ] Application time: 0.0002388 seconds
[2020-01-13T13:46:05.177+0000][1][safepoint    ] Entering safepoint region: RevokeBias
[2020-01-13T13:46:05.177+0000][1][safepoint    ] Leaving safepoint region
[2020-01-13T13:46:05.177+0000][1][safepoint    ] Total time for which application threads were stopped: 0.0000714 seconds, Stopping threads took: 0.0000083 seconds
[2020-01-13T13:46:05.177+0000][1][safepoint    ] Application time: 0.0000588 seconds
[2020-01-13T13:46:05.177+0000][1][safepoint    ] Entering safepoint region: RevokeBias
[2020-01-13T13:46:05.177+0000][1][safepoint    ] Leaving safepoint region
[2020-01-13T13:46:05.177+0000][1][safepoint    ] Total time for which application threads were stopped: 0.0000388 seconds, Stopping threads took: 0.0000137 seconds
[2020-01-13T13:46:05.178+0000][1][safepoint    ] Application time: 0.0002358 seconds
[2020-01-13T13:46:05.178+0000][1][safepoint    ] Entering safepoint region: RevokeBias
[2020-01-13T13:46:05.178+0000][1][safepoint    ] Leaving safepoint region
[2020-01-13T13:46:05.178+0000][1][safepoint    ] Total time for which application threads were stopped: 0.0000822 seconds, Stopping threads took: 0.0000287 seconds
[2020-01-13T13:46:05.179+0000][1][safepoint    ] Application time: 0.0006935 seconds
[2020-01-13T13:46:05.179+0000][1][safepoint    ] Entering safepoint region: RevokeBias
[2020-01-13T13:46:05.179+0000][1][safepoint    ] Leaving safepoint region
[2020-01-13T13:46:05.179+0000][1][safepoint    ] Total time for which application threads were stopped: 0.0001002 seconds, Stopping threads took: 0.0000443 seconds
[2020-01-13T13:46:05.181+0000][1][safepoint    ] Application time: 0.0023355 seconds
[2020-01-13T13:46:05.181+0000][1][safepoint    ] Entering safepoint region: RevokeBias
[2020-01-13T13:46:05.181+0000][1][safepoint    ] Leaving safepoint region
[2020-01-13T13:46:05.181+0000][1][safepoint    ] Total time for which application threads were stopped: 0.0000627 seconds, Stopping threads took: 0.0000107 seconds
[2020-01-13T13:46:05.181+0000][1][safepoint    ] Application time: 0.0000475 seconds
[2020-01-13T13:46:05.181+0000][1][safepoint    ] Entering safepoint region: RevokeBias
[2020-01-13T13:46:05.181+0000][1][safepoint    ] Leaving safepoint region
[2020-01-13T13:46:05.181+0000][1][safepoint    ] Total time for which application threads were stopped: 0.0000393 seconds, Stopping threads took: 0.0000146 seconds
[2020-01-13T13:46:05.181+0000][1][safepoint    ] Application time: 0.0000246 seconds
[2020-01-13T13:46:05.181+0000][1][safepoint    ] Entering safepoint region: RevokeBias
[2020-01-13T13:46:05.181+0000][1][safepoint    ] Leaving safepoint region
[2020-01-13T13:46:05.181+0000][1][safepoint    ] Total time for which application threads were stopped: 0.0000285 seconds, Stopping threads took: 0.0000059 seconds
[2020-01-13T13:46:05.186+0000][1][safepoint    ] Application time: 0.0046222 seconds
[2020-01-13T13:46:05.187+0000][1][safepoint    ] Entering safepoint region: RevokeBias
[2020-01-13T13:46:05.187+0000][1][safepoint    ] Leaving safepoint region
[2020-01-13T13:46:05.187+0000][1][safepoint    ] Total time for which application threads were stopped: 0.0015501 seconds, Stopping threads took: 0.0014473 seconds
[2020-01-13T13:46:05.188+0000][1][safepoint    ] Application time: 0.0000632 seconds
[2020-01-13T13:46:05.188+0000][1][safepoint    ] Entering safepoint region: RevokeBias
[2020-01-13T13:46:05.188+0000][1][safepoint    ] Leaving safepoint region
[2020-01-13T13:46:05.188+0000][1][safepoint    ] Total time for which application threads were stopped: 0.0000460 seconds, Stopping threads took: 0.0000157 seconds
[2020-01-13T13:46:05.197+0000][1][safepoint    ] Application time: 0.0092446 seconds
[2020-01-13T13:46:05.197+0000][1][safepoint    ] Entering safepoint region: RevokeBias
[2020-01-13T13:46:05.197+0000][1][safepoint    ] Leaving safepoint region
[2020-01-13T13:46:05.197+0000][1][safepoint    ] Total time for which application threads were stopped: 0.0001238 seconds, Stopping threads took: 0.0000292 seconds
[2020-01-13T13:46:05.197+0000][1][safepoint    ] Application time: 0.0001565 seconds
[2020-01-13T13:46:05.197+0000][1][safepoint    ] Entering safepoint region: RevokeBias
[2020-01-13T13:46:05.197+0000][1][safepoint    ] Leaving safepoint region
[2020-01-13T13:46:05.197+0000][1][safepoint    ] Total time for which application threads were stopped: 0.0000461 seconds, Stopping threads took: 0.0000157 seconds
[2020-01-13T13:46:05.197+0000][1][safepoint    ] Application time: 0.0002380 seconds
[2020-01-13T13:46:05.197+0000][1][safepoint    ] Entering safepoint region: RevokeBias
[2020-01-13T13:46:05.198+0000][1][safepoint    ] Leaving safepoint region
[2020-01-13T13:46:05.198+0000][1][safepoint    ] Total time for which application threads were stopped: 0.0000563 seconds, Stopping threads took: 0.0000172 seconds
[2020-01-13T13:46:05.198+0000][1][safepoint    ] Application time: 0.0000279 seconds
[2020-01-13T13:46:05.198+0000][1][safepoint    ] Entering safepoint region: RevokeBias
[2020-01-13T13:46:05.198+0000][1][safepoint    ] Leaving safepoint region
[2020-01-13T13:46:05.198+0000][1][safepoint    ] Total time for which application threads were stopped: 0.0000386 seconds, Stopping threads took: 0.0000134 seconds
[2020-01-13T13:46:05.208+0000][1][safepoint    ] Application time: 0.0103085 seconds
[2020-01-13T13:46:05.208+0000][1][safepoint    ] Entering safepoint region: RevokeBias
[2020-01-13T13:46:05.208+0000][1][safepoint    ] Leaving safepoint region
[2020-01-13T13:46:05.208+0000][1][safepoint    ] Total time for which application threads were stopped: 0.0000956 seconds, Stopping threads took: 0.0000205 seconds
[2020-01-13T13:46:05.209+0000][1][safepoint    ] Application time: 0.0013684 seconds
[2020-01-13T13:46:05.209+0000][1][safepoint    ] Entering safepoint region: RevokeBias
[2020-01-13T13:46:05.210+0000][1][safepoint    ] Leaving safepoint region
[2020-01-13T13:46:05.210+0000][1][safepoint    ] Total time for which application threads were stopped: 0.0000701 seconds, Stopping threads took: 0.0000256 seconds
[2020-01-13T13:46:05.212+0000][1][safepoint    ] Application time: 0.0028519 seconds
[2020-01-13T13:46:05.212+0000][1][safepoint    ] Entering safepoint region: RevokeBias
[2020-01-13T13:46:05.212+0000][1][safepoint    ] Leaving safepoint region
[2020-01-13T13:46:05.212+0000][1][safepoint    ] Total time for which application threads were stopped: 0.0000682 seconds, Stopping threads took: 0.0000207 seconds
[2020-01-13T13:46:05.266+0000][1][safepoint    ] Application time: 0.0538510 seconds
[2020-01-13T13:46:05.266+0000][1][safepoint    ] Entering safepoint region: RevokeBias
[2020-01-13T13:46:05.267+0000][1][safepoint    ] Leaving safepoint region
[2020-01-13T13:46:05.267+0000][1][safepoint    ] Total time for which application threads were stopped: 0.0001701 seconds, Stopping threads took: 0.0000503 seconds
[2020-01-13T13:46:05.282+0000][1][safepoint    ] Application time: 0.0149948 seconds
[2020-01-13T13:46:05.282+0000][1][safepoint    ] Entering safepoint region: RevokeBias
[2020-01-13T13:46:05.282+0000][1][safepoint    ] Leaving safepoint region
[2020-01-13T13:46:05.282+0000][1][safepoint    ] Total time for which application threads were stopped: 0.0008549 seconds, Stopping threads took: 0.0007366 seconds
[2020-01-13T13:46:05.283+0000][1][safepoint    ] Application time: 0.0000415 seconds
[2020-01-13T13:46:05.283+0000][1][safepoint    ] Entering safepoint region: RevokeBias
[2020-01-13T13:46:05.283+0000][1][safepoint    ] Leaving safepoint region
[2020-01-13T13:46:05.283+0000][1][safepoint    ] Total time for which application threads were stopped: 0.0000401 seconds, Stopping threads took: 0.0000138 seconds
[2020-01-13T13:46:05.318+0000][1][safepoint    ] Application time: 0.0357659 seconds
[2020-01-13T13:46:05.318+0000][1][safepoint    ] Entering safepoint region: RevokeBias
[2020-01-13T13:46:05.319+0000][1][safepoint    ] Leaving safepoint region
[2020-01-13T13:46:05.319+0000][1][safepoint    ] Total time for which application threads were stopped: 0.0001273 seconds, Stopping threads took: 0.0000323 seconds
[2020-01-13T13:46:05.363+0000][1][safepoint    ] Application time: 0.0444101 seconds
[2020-01-13T13:46:05.363+0000][1][safepoint    ] Entering safepoint region: RevokeBias
[2020-01-13T13:46:05.363+0000][1][safepoint    ] Leaving safepoint region
[2020-01-13T13:46:05.363+0000][1][safepoint    ] Total time for which application threads were stopped: 0.0001366 seconds, Stopping threads took: 0.0000368 seconds
[2020-01-13T13:46:05.382+0000][1][safepoint    ] Application time: 0.0185030 seconds
[2020-01-13T13:46:05.385+0000][1][safepoint    ] Entering safepoint region: RevokeBias
[2020-01-13T13:46:05.385+0000][1][safepoint    ] Leaving safepoint region
[2020-01-13T13:46:05.385+0000][1][safepoint    ] Total time for which application threads were stopped: 0.0038061 seconds, Stopping threads took: 0.0037134 seconds
[2020-01-13T13:46:05.386+0000][1][safepoint    ] Application time: 0.0000804 seconds
[2020-01-13T13:46:05.386+0000][1][safepoint    ] Entering safepoint region: RevokeBias
[2020-01-13T13:46:05.386+0000][1][safepoint    ] Leaving safepoint region
[2020-01-13T13:46:05.386+0000][1][safepoint    ] Total time for which application threads were stopped: 0.0000431 seconds, Stopping threads took: 0.0000143 seconds
[2020-01-13T13:46:05.386+0000][1][safepoint    ] Application time: 0.0002911 seconds
[2020-01-13T13:46:05.386+0000][1][safepoint    ] Entering safepoint region: RevokeBias
[2020-01-13T13:46:05.386+0000][1][safepoint    ] Leaving safepoint region
[2020-01-13T13:46:05.386+0000][1][safepoint    ] Total time for which application threads were stopped: 0.0000538 seconds, Stopping threads took: 0.0000160 seconds
[2020-01-13T13:46:05.386+0000][1][safepoint    ] Application time: 0.0000520 seconds
[2020-01-13T13:46:05.386+0000][1][safepoint    ] Entering safepoint region: RevokeBias
[2020-01-13T13:46:05.386+0000][1][safepoint    ] Leaving safepoint region
[2020-01-13T13:46:05.386+0000][1][safepoint    ] Total time for which application threads were stopped: 0.0000532 seconds, Stopping threads took: 0.0000134 seconds
[2020-01-13T13:46:05.386+0000][1][safepoint    ] Application time: 0.0000296 seconds
[2020-01-13T13:46:05.386+0000][1][safepoint    ] Entering safepoint region: RevokeBias
[2020-01-13T13:46:05.386+0000][1][safepoint    ] Leaving safepoint region
[2020-01-13T13:46:05.386+0000][1][safepoint    ] Total time for which application threads were stopped: 0.0000369 seconds, Stopping threads took: 0.0000130 seconds
[2020-01-13T13:46:05.387+0000][1][safepoint    ] Application time: 0.0003398 seconds
[2020-01-13T13:46:05.387+0000][1][safepoint    ] Entering safepoint region: RevokeBias
[2020-01-13T13:46:05.387+0000][1][safepoint    ] Leaving safepoint region
[2020-01-13T13:46:05.387+0000][1][safepoint    ] Total time for which application threads were stopped: 0.0000580 seconds, Stopping threads took: 0.0000164 seconds
[2020-01-13T13:46:05.388+0000][1][safepoint    ] Application time: 0.0016215 seconds
[2020-01-13T13:46:05.388+0000][1][safepoint    ] Entering safepoint region: RevokeBias
[2020-01-13T13:46:05.388+0000][1][safepoint    ] Leaving safepoint region
[2020-01-13T13:46:05.388+0000][1][safepoint    ] Total time for which application threads were stopped: 0.0000960 seconds, Stopping threads took: 0.0000122 seconds
[2020-01-13T13:46:05.391+0000][1][safepoint    ] Application time: 0.0022426 seconds
[2020-01-13T13:46:05.391+0000][1][safepoint    ] Entering safepoint region: RevokeBias
[2020-01-13T13:46:05.391+0000][1][safepoint    ] Leaving safepoint region
[2020-01-13T13:46:05.391+0000][1][safepoint    ] Total time for which application threads were stopped: 0.0000941 seconds, Stopping threads took: 0.0000266 seconds
[2020-01-13T13:46:05.391+0000][1][safepoint    ] Application time: 0.0000685 seconds
[2020-01-13T13:46:05.391+0000][1][safepoint    ] Entering safepoint region: RevokeBias
[2020-01-13T13:46:05.391+0000][1][safepoint    ] Leaving safepoint region
[2020-01-13T13:46:05.391+0000][1][safepoint    ] Total time for which application threads were stopped: 0.0000370 seconds, Stopping threads took: 0.0000138 seconds
[2020-01-13T13:46:05.423+0000][1][safepoint    ] Application time: 0.0320176 seconds
[2020-01-13T13:46:05.423+0000][1][safepoint    ] Entering safepoint region: RevokeBias
[2020-01-13T13:46:05.423+0000][1][safepoint    ] Leaving safepoint region
[2020-01-13T13:46:05.423+0000][1][safepoint    ] Total time for which application threads were stopped: 0.0001111 seconds, Stopping threads took: 0.0000326 seconds
[2020-01-13T13:46:05.431+0000][1][safepoint    ] Application time: 0.0083514 seconds
[2020-01-13T13:46:05.431+0000][1][safepoint    ] Entering safepoint region: RevokeBias
[2020-01-13T13:46:05.432+0000][1][safepoint    ] Leaving safepoint region
[2020-01-13T13:46:05.432+0000][1][safepoint    ] Total time for which application threads were stopped: 0.0001141 seconds, Stopping threads took: 0.0000225 seconds
[2020-01-13T13:46:05.436+0000][1][safepoint    ] Application time: 0.0042843 seconds
[2020-01-13T13:46:05.439+0000][1][safepoint    ] Entering safepoint region: RevokeBias
[2020-01-13T13:46:05.439+0000][1][safepoint    ] Leaving safepoint region
[2020-01-13T13:46:05.439+0000][1][safepoint    ] Total time for which application threads were stopped: 0.0035838 seconds, Stopping threads took: 0.0034878 seconds
[2020-01-13T13:46:05.441+0000][1][safepoint    ] Application time: 0.0017854 seconds
[2020-01-13T13:46:05.441+0000][1][safepoint    ] Entering safepoint region: RevokeBias
[2020-01-13T13:46:05.441+0000][1][safepoint    ] Leaving safepoint region
[2020-01-13T13:46:05.441+0000][1][safepoint    ] Total time for which application threads were stopped: 0.0001256 seconds, Stopping threads took: 0.0000324 seconds
[2020-01-13T13:46:05.489+0000][1][safepoint    ] Application time: 0.0471420 seconds
[2020-01-13T13:46:05.489+0000][1][safepoint    ] Entering safepoint region: RevokeBias
[2020-01-13T13:46:05.489+0000][1][safepoint    ] Leaving safepoint region
[2020-01-13T13:46:05.489+0000][1][safepoint    ] Total time for which application threads were stopped: 0.0001164 seconds, Stopping threads took: 0.0000331 seconds
[2020-01-13T13:46:05.490+0000][1][safepoint    ] Application time: 0.0007708 seconds
[2020-01-13T13:46:05.490+0000][1][safepoint    ] Entering safepoint region: BulkRevokeBias
[2020-01-13T13:46:05.490+0000][1][safepoint    ] Leaving safepoint region
[2020-01-13T13:46:05.490+0000][1][safepoint    ] Total time for which application threads were stopped: 0.0002315 seconds, Stopping threads took: 0.0000262 seconds
[2020-01-13T13:46:05.490+0000][1][safepoint    ] Application time: 0.0000741 seconds
[2020-01-13T13:46:05.490+0000][1][safepoint    ] Entering safepoint region: RevokeBias
[2020-01-13T13:46:05.490+0000][1][safepoint    ] Leaving safepoint region
[2020-01-13T13:46:05.490+0000][1][safepoint    ] Total time for which application threads were stopped: 0.0000533 seconds, Stopping threads took: 0.0000224 seconds
[2020-01-13T13:46:05.490+0000][1][safepoint    ] Application time: 0.0003189 seconds
[2020-01-13T13:46:05.492+0000][1][safepoint    ] Entering safepoint region: RevokeBias
[2020-01-13T13:46:05.492+0000][1][safepoint    ] Leaving safepoint region
[2020-01-13T13:46:05.492+0000][1][safepoint    ] Total time for which application threads were stopped: 0.0014745 seconds, Stopping threads took: 0.0014282 seconds
[2020-01-13T13:46:05.492+0000][1][safepoint    ] Application time: 0.0006218 seconds
[2020-01-13T13:46:05.494+0000][1][safepoint    ] Entering safepoint region: RevokeBias
[2020-01-13T13:46:05.495+0000][1][safepoint    ] Leaving safepoint region
[2020-01-13T13:46:05.495+0000][1][safepoint    ] Total time for which application threads were stopped: 0.0021606 seconds, Stopping threads took: 0.0020828 seconds
[2020-01-13T13:46:05.495+0000][1][safepoint    ] Application time: 0.0000563 seconds
[2020-01-13T13:46:05.495+0000][1][safepoint    ] Entering safepoint region: RevokeBias
[2020-01-13T13:46:05.495+0000][1][safepoint    ] Leaving safepoint region
[2020-01-13T13:46:05.495+0000][1][safepoint    ] Total time for which application threads were stopped: 0.0000284 seconds, Stopping threads took: 0.0000058 seconds
[2020-01-13T13:46:05.495+0000][1][safepoint    ] Application time: 0.0004114 seconds
[2020-01-13T13:46:05.495+0000][1][safepoint    ] Entering safepoint region: RevokeBias
[2020-01-13T13:46:05.495+0000][1][safepoint    ] Leaving safepoint region
[2020-01-13T13:46:05.495+0000][1][safepoint    ] Total time for which application threads were stopped: 0.0000594 seconds, Stopping threads took: 0.0000086 seconds
[2020-01-13T13:46:05.498+0000][1][safepoint    ] Application time: 0.0025248 seconds
[2020-01-13T13:46:05.498+0000][1][safepoint    ] Entering safepoint region: RevokeBias
[2020-01-13T13:46:05.498+0000][1][safepoint    ] Leaving safepoint region
[2020-01-13T13:46:05.498+0000][1][safepoint    ] Total time for which application threads were stopped: 0.0001159 seconds, Stopping threads took: 0.0000288 seconds
[2020-01-13T13:46:05.498+0000][1][safepoint    ] Application time: 0.0003156 seconds
[2020-01-13T13:46:05.498+0000][1][safepoint    ] Entering safepoint region: RevokeBias
[2020-01-13T13:46:05.498+0000][1][safepoint    ] Leaving safepoint region
[2020-01-13T13:46:05.498+0000][1][safepoint    ] Total time for which application threads were stopped: 0.0001788 seconds, Stopping threads took: 0.0000121 seconds
[2020-01-13T13:46:05.500+0000][1][safepoint    ] Application time: 0.0011485 seconds
[2020-01-13T13:46:05.500+0000][1][safepoint    ] Entering safepoint region: RevokeBias
[2020-01-13T13:46:05.500+0000][1][safepoint    ] Leaving safepoint region
[2020-01-13T13:46:05.500+0000][1][safepoint    ] Total time for which application threads were stopped: 0.0000785 seconds, Stopping threads took: 0.0000275 seconds
[2020-01-13T13:46:05.500+0000][1][safepoint    ] Application time: 0.0001937 seconds
[2020-01-13T13:46:05.500+0000][1][safepoint    ] Entering safepoint region: RevokeBias
[2020-01-13T13:46:05.500+0000][1][safepoint    ] Leaving safepoint region
[2020-01-13T13:46:05.500+0000][1][safepoint    ] Total time for which application threads were stopped: 0.0000412 seconds, Stopping threads took: 0.0000071 seconds
[2020-01-13T13:46:05.500+0000][1][safepoint    ] Application time: 0.0000850 seconds
[2020-01-13T13:46:05.500+0000][1][safepoint    ] Entering safepoint region: RevokeBias
[2020-01-13T13:46:05.500+0000][1][safepoint    ] Leaving safepoint region
[2020-01-13T13:46:05.500+0000][1][safepoint    ] Total time for which application threads were stopped: 0.0000470 seconds, Stopping threads took: 0.0000072 seconds
[2020-01-13T13:46:05.500+0000][1][safepoint    ] Application time: 0.0001451 seconds
[2020-01-13T13:46:05.500+0000][1][safepoint    ] Entering safepoint region: RevokeBias
[2020-01-13T13:46:05.500+0000][1][safepoint    ] Leaving safepoint region
[2020-01-13T13:46:05.500+0000][1][safepoint    ] Total time for which application threads were stopped: 0.0000380 seconds, Stopping threads took: 0.0000071 seconds
[2020-01-13T13:46:05.500+0000][1][safepoint    ] Application time: 0.0002606 seconds
[2020-01-13T13:46:05.501+0000][1][safepoint    ] Entering safepoint region: RevokeBias
[2020-01-13T13:46:05.501+0000][1][safepoint    ] Leaving safepoint region
[2020-01-13T13:46:05.501+0000][1][safepoint    ] Total time for which application threads were stopped: 0.0000374 seconds, Stopping threads took: 0.0000085 seconds
[2020-01-13T13:46:05.501+0000][1][safepoint    ] Application time: 0.0003093 seconds
[2020-01-13T13:46:05.501+0000][1][safepoint    ] Entering safepoint region: RevokeBias
[2020-01-13T13:46:05.501+0000][1][safepoint    ] Leaving safepoint region
[2020-01-13T13:46:05.501+0000][1][safepoint    ] Total time for which application threads were stopped: 0.0000410 seconds, Stopping threads took: 0.0000081 seconds
[2020-01-13T13:46:05.503+0000][1][safepoint    ] Application time: 0.0016782 seconds
[2020-01-13T13:46:05.503+0000][1][safepoint    ] Entering safepoint region: RevokeBias
[2020-01-13T13:46:05.503+0000][1][safepoint    ] Leaving safepoint region
[2020-01-13T13:46:05.503+0000][1][safepoint    ] Total time for which application threads were stopped: 0.0007952 seconds, Stopping threads took: 0.0007345 seconds
[2020-01-13T13:46:05.504+0000][1][safepoint    ] Application time: 0.0009163 seconds
[2020-01-13T13:46:05.504+0000][1][safepoint    ] Entering safepoint region: RevokeBias
[2020-01-13T13:46:05.504+0000][1][safepoint    ] Leaving safepoint region
[2020-01-13T13:46:05.504+0000][1][safepoint    ] Total time for which application threads were stopped: 0.0000524 seconds, Stopping threads took: 0.0000102 seconds
[2020-01-13T13:46:05.504+0000][1][safepoint    ] Application time: 0.0000614 seconds
[2020-01-13T13:46:05.504+0000][1][safepoint    ] Entering safepoint region: RevokeBias
[2020-01-13T13:46:05.505+0000][1][safepoint    ] Leaving safepoint region
[2020-01-13T13:46:05.505+0000][1][safepoint    ] Total time for which application threads were stopped: 0.0000320 seconds, Stopping threads took: 0.0000064 seconds
[2020-01-13T13:46:05.505+0000][1][safepoint    ] Application time: 0.0001501 seconds
[2020-01-13T13:46:05.505+0000][1][safepoint    ] Entering safepoint region: RevokeBias
[2020-01-13T13:46:05.505+0000][1][safepoint    ] Leaving safepoint region
[2020-01-13T13:46:05.505+0000][1][safepoint    ] Total time for which application threads were stopped: 0.0000370 seconds, Stopping threads took: 0.0000075 seconds
[2020-01-13T13:46:05.505+0000][1][safepoint    ] Application time: 0.0000810 seconds
[2020-01-13T13:46:05.505+0000][1][safepoint    ] Entering safepoint region: RevokeBias
[2020-01-13T13:46:05.505+0000][1][safepoint    ] Leaving safepoint region
[2020-01-13T13:46:05.505+0000][1][safepoint    ] Total time for which application threads were stopped: 0.0000309 seconds, Stopping threads took: 0.0000062 seconds
[2020-01-13T13:46:05.505+0000][1][safepoint    ] Application time: 0.0001684 seconds
[2020-01-13T13:46:05.505+0000][1][safepoint    ] Entering safepoint region: RevokeBias
[2020-01-13T13:46:05.505+0000][1][safepoint    ] Leaving safepoint region
[2020-01-13T13:46:05.505+0000][1][safepoint    ] Total time for which application threads were stopped: 0.0000608 seconds, Stopping threads took: 0.0000096 seconds
[2020-01-13T13:46:05.507+0000][1][safepoint    ] Application time: 0.0016283 seconds
[2020-01-13T13:46:05.507+0000][1][safepoint    ] Entering safepoint region: RevokeBias
[2020-01-13T13:46:05.507+0000][1][safepoint    ] Leaving safepoint region
[2020-01-13T13:46:05.507+0000][1][safepoint    ] Total time for which application threads were stopped: 0.0000768 seconds, Stopping threads took: 0.0000302 seconds
[2020-01-13T13:46:05.507+0000][1][safepoint    ] Application time: 0.0001456 seconds
[2020-01-13T13:46:05.507+0000][1][safepoint    ] Entering safepoint region: RevokeBias
[2020-01-13T13:46:05.507+0000][1][safepoint    ] Leaving safepoint region
[2020-01-13T13:46:05.507+0000][1][safepoint    ] Total time for which application threads were stopped: 0.0000412 seconds, Stopping threads took: 0.0000069 seconds
[2020-01-13T13:46:05.508+0000][1][safepoint    ] Application time: 0.0010600 seconds
[2020-01-13T13:46:05.508+0000][1][safepoint    ] Entering safepoint region: RevokeBias
[2020-01-13T13:46:05.508+0000][1][safepoint    ] Leaving safepoint region
[2020-01-13T13:46:05.508+0000][1][safepoint    ] Total time for which application threads were stopped: 0.0000597 seconds, Stopping threads took: 0.0000096 seconds
[2020-01-13T13:46:05.508+0000][1][safepoint    ] Application time: 0.0002173 seconds
[2020-01-13T13:46:05.508+0000][1][safepoint    ] Entering safepoint region: RevokeBias
[2020-01-13T13:46:05.508+0000][1][safepoint    ] Leaving safepoint region
[2020-01-13T13:46:05.508+0000][1][safepoint    ] Total time for which application threads were stopped: 0.0000592 seconds, Stopping threads took: 0.0000174 seconds
[2020-01-13T13:46:05.509+0000][1][safepoint    ] Application time: 0.0001707 seconds
[2020-01-13T13:46:05.509+0000][1][safepoint    ] Entering safepoint region: RevokeBias
[2020-01-13T13:46:05.509+0000][1][safepoint    ] Leaving safepoint region
[2020-01-13T13:46:05.509+0000][1][safepoint    ] Total time for which application threads were stopped: 0.0000607 seconds, Stopping threads took: 0.0000249 seconds
[2020-01-13T13:46:05.513+0000][1][safepoint    ] Application time: 0.0038073 seconds
[2020-01-13T13:46:05.515+0000][1][safepoint    ] Entering safepoint region: RevokeBias
[2020-01-13T13:46:05.515+0000][1][safepoint    ] Leaving safepoint region
[2020-01-13T13:46:05.515+0000][1][safepoint    ] Total time for which application threads were stopped: 0.0024795 seconds, Stopping threads took: 0.0023496 seconds
[2020-01-13T13:46:05.515+0000][1][safepoint    ] Application time: 0.0003338 seconds
[2020-01-13T13:46:05.515+0000][1][safepoint    ] Entering safepoint region: RevokeBias
[2020-01-13T13:46:05.515+0000][1][safepoint    ] Leaving safepoint region
[2020-01-13T13:46:05.515+0000][1][safepoint    ] Total time for which application threads were stopped: 0.0000627 seconds, Stopping threads took: 0.0000094 seconds
[2020-01-13T13:46:05.516+0000][1][safepoint    ] Application time: 0.0008925 seconds
[2020-01-13T13:46:05.516+0000][1][safepoint    ] Entering safepoint region: RevokeBias
[2020-01-13T13:46:05.516+0000][1][safepoint    ] Leaving safepoint region
[2020-01-13T13:46:05.516+0000][1][safepoint    ] Total time for which application threads were stopped: 0.0000685 seconds, Stopping threads took: 0.0000286 seconds
[2020-01-13T13:46:05.517+0000][1][safepoint    ] Application time: 0.0000989 seconds
[2020-01-13T13:46:05.517+0000][1][safepoint    ] Entering safepoint region: RevokeBias
[2020-01-13T13:46:05.517+0000][1][safepoint    ] Leaving safepoint region
[2020-01-13T13:46:05.517+0000][1][safepoint    ] Total time for which application threads were stopped: 0.0000257 seconds, Stopping threads took: 0.0000055 seconds
[2020-01-13T13:46:05.517+0000][1][safepoint    ] Application time: 0.0001271 seconds
[2020-01-13T13:46:05.517+0000][1][safepoint    ] Entering safepoint region: RevokeBias
[2020-01-13T13:46:05.517+0000][1][safepoint    ] Leaving safepoint region
[2020-01-13T13:46:05.517+0000][1][safepoint    ] Total time for which application threads were stopped: 0.0000298 seconds, Stopping threads took: 0.0000057 seconds
[2020-01-13T13:46:05.518+0000][1][safepoint    ] Application time: 0.0007914 seconds
[2020-01-13T13:46:05.519+0000][1][safepoint    ] Entering safepoint region: RevokeBias
[2020-01-13T13:46:05.519+0000][1][safepoint    ] Leaving safepoint region
[2020-01-13T13:46:05.519+0000][1][safepoint    ] Total time for which application threads were stopped: 0.0012001 seconds, Stopping threads took: 0.0011463 seconds
[2020-01-13T13:46:05.520+0000][1][safepoint    ] Application time: 0.0007355 seconds
[2020-01-13T13:46:05.520+0000][1][safepoint    ] Entering safepoint region: RevokeBias
[2020-01-13T13:46:05.520+0000][1][safepoint    ] Leaving safepoint region
[2020-01-13T13:46:05.520+0000][1][safepoint    ] Total time for which application threads were stopped: 0.0000639 seconds, Stopping threads took: 0.0000120 seconds
[2020-01-13T13:46:05.520+0000][1][safepoint    ] Application time: 0.0001465 seconds
[2020-01-13T13:46:05.520+0000][1][safepoint    ] Entering safepoint region: RevokeBias
[2020-01-13T13:46:05.520+0000][1][safepoint    ] Leaving safepoint region
[2020-01-13T13:46:05.520+0000][1][safepoint    ] Total time for which application threads were stopped: 0.0000561 seconds, Stopping threads took: 0.0000120 seconds
[2020-01-13T13:46:05.520+0000][1][safepoint    ] Application time: 0.0001845 seconds
[2020-01-13T13:46:05.520+0000][1][safepoint    ] Entering safepoint region: RevokeBias
[2020-01-13T13:46:05.520+0000][1][safepoint    ] Leaving safepoint region
[2020-01-13T13:46:05.520+0000][1][safepoint    ] Total time for which application threads were stopped: 0.0000549 seconds, Stopping threads took: 0.0000074 seconds
[2020-01-13T13:46:05.521+0000][1][safepoint    ] Application time: 0.0006967 seconds
[2020-01-13T13:46:05.521+0000][1][safepoint    ] Entering safepoint region: RevokeBias
[2020-01-13T13:46:05.521+0000][1][safepoint    ] Leaving safepoint region
[2020-01-13T13:46:05.521+0000][1][safepoint    ] Total time for which application threads were stopped: 0.0005811 seconds, Stopping threads took: 0.0005417 seconds
[2020-01-13T13:46:05.522+0000][1][safepoint    ] Application time: 0.0006059 seconds
[2020-01-13T13:46:05.522+0000][1][safepoint    ] Entering safepoint region: RevokeBias
[2020-01-13T13:46:05.522+0000][1][safepoint    ] Leaving safepoint region
[2020-01-13T13:46:05.522+0000][1][safepoint    ] Total time for which application threads were stopped: 0.0000837 seconds, Stopping threads took: 0.0000207 seconds
[2020-01-13T13:46:05.522+0000][1][safepoint    ] Application time: 0.0001110 seconds
[2020-01-13T13:46:05.522+0000][1][safepoint    ] Entering safepoint region: RevokeBias
[2020-01-13T13:46:05.522+0000][1][safepoint    ] Leaving safepoint region
[2020-01-13T13:46:05.522+0000][1][safepoint    ] Total time for which application threads were stopped: 0.0000331 seconds, Stopping threads took: 0.0000073 seconds
[2020-01-13T13:46:05.523+0000][1][safepoint    ] Application time: 0.0003232 seconds
[2020-01-13T13:46:05.523+0000][1][safepoint    ] Entering safepoint region: RevokeBias
[2020-01-13T13:46:05.523+0000][1][safepoint    ] Leaving safepoint region
[2020-01-13T13:46:05.523+0000][1][safepoint    ] Total time for which application threads were stopped: 0.0000627 seconds, Stopping threads took: 0.0000303 seconds
[2020-01-13T13:46:05.525+0000][1][safepoint    ] Application time: 0.0019511 seconds
[2020-01-13T13:46:05.525+0000][1][safepoint    ] Entering safepoint region: RevokeBias
[2020-01-13T13:46:05.525+0000][1][safepoint    ] Leaving safepoint region
[2020-01-13T13:46:05.525+0000][1][safepoint    ] Total time for which application threads were stopped: 0.0000649 seconds, Stopping threads took: 0.0000273 seconds
[2020-01-13T13:46:05.525+0000][1][safepoint    ] Application time: 0.0006487 seconds
[2020-01-13T13:46:05.526+0000][1][safepoint    ] Entering safepoint region: RevokeBias
[2020-01-13T13:46:05.526+0000][1][safepoint    ] Leaving safepoint region
[2020-01-13T13:46:05.526+0000][1][safepoint    ] Total time for which application threads were stopped: 0.0003908 seconds, Stopping threads took: 0.0003541 seconds
[2020-01-13T13:46:05.527+0000][1][safepoint    ] Application time: 0.0014605 seconds
[2020-01-13T13:46:05.528+0000][1][safepoint    ] Entering safepoint region: RevokeBias
[2020-01-13T13:46:05.528+0000][1][safepoint    ] Leaving safepoint region
[2020-01-13T13:46:05.528+0000][1][safepoint    ] Total time for which application threads were stopped: 0.0011526 seconds, Stopping threads took: 0.0010873 seconds
[2020-01-13T13:46:05.529+0000][1][safepoint    ] Application time: 0.0003656 seconds
[2020-01-13T13:46:05.529+0000][1][safepoint    ] Entering safepoint region: RevokeBias
[2020-01-13T13:46:05.529+0000][1][safepoint    ] Leaving safepoint region
[2020-01-13T13:46:05.529+0000][1][safepoint    ] Total time for which application threads were stopped: 0.0000621 seconds, Stopping threads took: 0.0000182 seconds
[2020-01-13T13:46:05.529+0000][1][safepoint    ] Application time: 0.0002142 seconds
[2020-01-13T13:46:05.529+0000][1][safepoint    ] Entering safepoint region: RevokeBias
[2020-01-13T13:46:05.529+0000][1][safepoint    ] Leaving safepoint region
[2020-01-13T13:46:05.529+0000][1][safepoint    ] Total time for which application threads were stopped: 0.0001363 seconds, Stopping threads took: 0.0000858 seconds
[2020-01-13T13:46:05.529+0000][1][safepoint    ] Application time: 0.0002057 seconds
[2020-01-13T13:46:05.530+0000][1][safepoint    ] Entering safepoint region: RevokeBias
[2020-01-13T13:46:05.530+0000][1][safepoint    ] Leaving safepoint region
[2020-01-13T13:46:05.530+0000][1][safepoint    ] Total time for which application threads were stopped: 0.0000535 seconds, Stopping threads took: 0.0000210 seconds
[2020-01-13T13:46:05.531+0000][1][safepoint    ] Application time: 0.0011004 seconds
[2020-01-13T13:46:05.531+0000][1][safepoint    ] Entering safepoint region: RevokeBias
[2020-01-13T13:46:05.531+0000][1][safepoint    ] Leaving safepoint region
[2020-01-13T13:46:05.531+0000][1][safepoint    ] Total time for which application threads were stopped: 0.0005586 seconds, Stopping threads took: 0.0005217 seconds
[2020-01-13T13:46:05.532+0000][1][safepoint    ] Application time: 0.0002895 seconds
[2020-01-13T13:46:05.532+0000][1][safepoint    ] Entering safepoint region: RevokeBias
[2020-01-13T13:46:05.532+0000][1][safepoint    ] Leaving safepoint region
[2020-01-13T13:46:05.532+0000][1][safepoint    ] Total time for which application threads were stopped: 0.0000705 seconds, Stopping threads took: 0.0000234 seconds
[2020-01-13T13:46:05.532+0000][1][safepoint    ] Application time: 0.0008683 seconds
[2020-01-13T13:46:05.534+0000][1][safepoint    ] Entering safepoint region: RevokeBias
[2020-01-13T13:46:05.534+0000][1][safepoint    ] Leaving safepoint region
[2020-01-13T13:46:05.534+0000][1][safepoint    ] Total time for which application threads were stopped: 0.0011511 seconds, Stopping threads took: 0.0011192 seconds
[2020-01-13T13:46:05.534+0000][1][safepoint    ] Application time: 0.0001259 seconds
[2020-01-13T13:46:05.534+0000][1][safepoint    ] Entering safepoint region: RevokeBias
[2020-01-13T13:46:05.534+0000][1][safepoint    ] Leaving safepoint region
[2020-01-13T13:46:05.534+0000][1][safepoint    ] Total time for which application threads were stopped: 0.0000273 seconds, Stopping threads took: 0.0000079 seconds
[2020-01-13T13:46:05.534+0000][1][safepoint    ] Application time: 0.0003468 seconds
[2020-01-13T13:46:05.534+0000][1][safepoint    ] Entering safepoint region: BulkRevokeBias
[2020-01-13T13:46:05.534+0000][1][safepoint    ] Leaving safepoint region
[2020-01-13T13:46:05.534+0000][1][safepoint    ] Total time for which application threads were stopped: 0.0002511 seconds, Stopping threads took: 0.0000122 seconds
[2020-01-13T13:46:05.538+0000][1][safepoint    ] Application time: 0.0038772 seconds
[2020-01-13T13:46:05.539+0000][1][safepoint    ] Entering safepoint region: BulkRevokeBias
[2020-01-13T13:46:05.540+0000][1][safepoint    ] Leaving safepoint region
[2020-01-13T13:46:05.540+0000][1][safepoint    ] Total time for which application threads were stopped: 0.0012278 seconds, Stopping threads took: 0.0010138 seconds
[2020-01-13T13:46:05.540+0000][1][safepoint    ] Application time: 0.0003077 seconds
[2020-01-13T13:46:05.540+0000][1][safepoint    ] Entering safepoint region: RevokeBias
[2020-01-13T13:46:05.540+0000][1][safepoint    ] Leaving safepoint region
[2020-01-13T13:46:05.540+0000][1][safepoint    ] Total time for which application threads were stopped: 0.0000645 seconds, Stopping threads took: 0.0000192 seconds
[2020-01-13T13:46:05.541+0000][1][safepoint    ] Application time: 0.0007166 seconds
[2020-01-13T13:46:05.541+0000][1][safepoint    ] Entering safepoint region: RevokeBias
[2020-01-13T13:46:05.541+0000][1][safepoint    ] Leaving safepoint region
[2020-01-13T13:46:05.541+0000][1][safepoint    ] Total time for which application threads were stopped: 0.0006992 seconds, Stopping threads took: 0.0006434 seconds
[2020-01-13T13:46:05.542+0000][1][safepoint    ] Application time: 0.0001196 seconds
[2020-01-13T13:46:05.542+0000][1][safepoint    ] Entering safepoint region: RevokeBias
[2020-01-13T13:46:05.542+0000][1][safepoint    ] Leaving safepoint region
[2020-01-13T13:46:05.542+0000][1][safepoint    ] Total time for which application threads were stopped: 0.0000256 seconds, Stopping threads took: 0.0000060 seconds
[2020-01-13T13:46:05.542+0000][1][safepoint    ] Application time: 0.0002210 seconds
[2020-01-13T13:46:05.542+0000][1][safepoint    ] Entering safepoint region: RevokeBias
[2020-01-13T13:46:05.542+0000][1][safepoint    ] Leaving safepoint region
[2020-01-13T13:46:05.542+0000][1][safepoint    ] Total time for which application threads were stopped: 0.0000488 seconds, Stopping threads took: 0.0000172 seconds
[2020-01-13T13:46:05.557+0000][1][safepoint    ] Application time: 0.0154637 seconds
[2020-01-13T13:46:05.560+0000][1][safepoint    ] Entering safepoint region: RevokeBias
[2020-01-13T13:46:05.561+0000][1][safepoint    ] Leaving safepoint region
[2020-01-13T13:46:05.561+0000][1][safepoint    ] Total time for which application threads were stopped: 0.0031324 seconds, Stopping threads took: 0.0030183 seconds
[2020-01-13T13:46:05.564+0000][1][safepoint    ] Application time: 0.0036314 seconds
[2020-01-13T13:46:05.564+0000][1][safepoint    ] Entering safepoint region: RevokeBias
[2020-01-13T13:46:05.564+0000][1][safepoint    ] Leaving safepoint region
[2020-01-13T13:46:05.564+0000][1][safepoint    ] Total time for which application threads were stopped: 0.0000988 seconds, Stopping threads took: 0.0000161 seconds
[2020-01-13T13:46:05.580+0000][1][safepoint    ] Application time: 0.0151895 seconds
[2020-01-13T13:46:05.580+0000][1][safepoint    ] Entering safepoint region: RevokeBias
[2020-01-13T13:46:05.580+0000][1][safepoint    ] Leaving safepoint region
[2020-01-13T13:46:05.580+0000][1][safepoint    ] Total time for which application threads were stopped: 0.0001090 seconds, Stopping threads took: 0.0000303 seconds
[2020-01-13T13:46:05.580+0000][1][safepoint    ] Application time: 0.0001654 seconds
[2020-01-13T13:46:05.580+0000][1][safepoint    ] Entering safepoint region: RevokeBias
[2020-01-13T13:46:05.580+0000][1][safepoint    ] Leaving safepoint region
[2020-01-13T13:46:05.580+0000][1][safepoint    ] Total time for which application threads were stopped: 0.0000379 seconds, Stopping threads took: 0.0000089 seconds
[2020-01-13T13:46:05.580+0000][1][safepoint    ] Application time: 0.0000990 seconds
[2020-01-13T13:46:05.580+0000][1][safepoint    ] Entering safepoint region: RevokeBias
[2020-01-13T13:46:05.580+0000][1][safepoint    ] Leaving safepoint region
[2020-01-13T13:46:05.580+0000][1][safepoint    ] Total time for which application threads were stopped: 0.0000305 seconds, Stopping threads took: 0.0000068 seconds
[2020-01-13T13:46:05.580+0000][1][safepoint    ] Application time: 0.0001141 seconds
[2020-01-13T13:46:05.580+0000][1][safepoint    ] Entering safepoint region: RevokeBias
[2020-01-13T13:46:05.580+0000][1][safepoint    ] Leaving safepoint region
[2020-01-13T13:46:05.580+0000][1][safepoint    ] Total time for which application threads were stopped: 0.0000314 seconds, Stopping threads took: 0.0000067 seconds
[2020-01-13T13:46:05.580+0000][1][safepoint    ] Application time: 0.0000901 seconds
[2020-01-13T13:46:05.580+0000][1][safepoint    ] Entering safepoint region: RevokeBias
[2020-01-13T13:46:05.580+0000][1][safepoint    ] Leaving safepoint region
[2020-01-13T13:46:05.580+0000][1][safepoint    ] Total time for which application threads were stopped: 0.0000824 seconds, Stopping threads took: 0.0000064 seconds
[2020-01-13T13:46:05.583+0000][1][safepoint    ] Application time: 0.0031069 seconds
[2020-01-13T13:46:05.584+0000][1][safepoint    ] Entering safepoint region: RevokeBias
[2020-01-13T13:46:05.584+0000][1][safepoint    ] Leaving safepoint region
[2020-01-13T13:46:05.584+0000][1][safepoint    ] Total time for which application threads were stopped: 0.0000736 seconds, Stopping threads took: 0.0000260 seconds
[2020-01-13T13:46:05.584+0000][1][safepoint    ] Application time: 0.0006111 seconds
[2020-01-13T13:46:05.584+0000][1][safepoint    ] Entering safepoint region: RevokeBias
[2020-01-13T13:46:05.584+0000][1][safepoint    ] Leaving safepoint region
[2020-01-13T13:46:05.584+0000][1][safepoint    ] Total time for which application threads were stopped: 0.0000521 seconds, Stopping threads took: 0.0000189 seconds
[2020-01-13T13:46:05.584+0000][1][safepoint    ] Application time: 0.0001586 seconds
[2020-01-13T13:46:05.584+0000][1][safepoint    ] Entering safepoint region: RevokeBias
[2020-01-13T13:46:05.585+0000][1][safepoint    ] Leaving safepoint region
[2020-01-13T13:46:05.585+0000][1][safepoint    ] Total time for which application threads were stopped: 0.0000478 seconds, Stopping threads took: 0.0000213 seconds
[2020-01-13T13:46:05.585+0000][1][safepoint    ] Application time: 0.0009259 seconds
[2020-01-13T13:46:05.585+0000][1][safepoint    ] Entering safepoint region: RevokeBias
[2020-01-13T13:46:05.586+0000][1][safepoint    ] Leaving safepoint region
[2020-01-13T13:46:05.586+0000][1][safepoint    ] Total time for which application threads were stopped: 0.0000521 seconds, Stopping threads took: 0.0000183 seconds
[2020-01-13T13:46:05.586+0000][1][safepoint    ] Application time: 0.0001162 seconds
[2020-01-13T13:46:05.586+0000][1][safepoint    ] Entering safepoint region: RevokeBias
[2020-01-13T13:46:05.586+0000][1][safepoint    ] Leaving safepoint region
[2020-01-13T13:46:05.586+0000][1][safepoint    ] Total time for which application threads were stopped: 0.0000448 seconds, Stopping threads took: 0.0000205 seconds
[2020-01-13T13:46:05.587+0000][1][safepoint    ] Application time: 0.0010079 seconds
[2020-01-13T13:46:05.587+0000][1][safepoint    ] Entering safepoint region: RevokeBias
[2020-01-13T13:46:05.587+0000][1][safepoint    ] Leaving safepoint region
[2020-01-13T13:46:05.587+0000][1][safepoint    ] Total time for which application threads were stopped: 0.0000701 seconds, Stopping threads took: 0.0000400 seconds
[2020-01-13T13:46:05.587+0000][1][safepoint    ] Application time: 0.0001180 seconds
[2020-01-13T13:46:05.587+0000][1][safepoint    ] Entering safepoint region: RevokeBias
[2020-01-13T13:46:05.587+0000][1][safepoint    ] Leaving safepoint region
[2020-01-13T13:46:05.587+0000][1][safepoint    ] Total time for which application threads were stopped: 0.0000414 seconds, Stopping threads took: 0.0000180 seconds
[2020-01-13T13:46:05.697+0000][1][safepoint    ] Application time: 0.1098458 seconds
[2020-01-13T13:46:05.697+0000][1][safepoint    ] Entering safepoint region: RevokeBias
[2020-01-13T13:46:05.697+0000][1][safepoint    ] Leaving safepoint region
[2020-01-13T13:46:05.697+0000][1][safepoint    ] Total time for which application threads were stopped: 0.0001023 seconds, Stopping threads took: 0.0000176 seconds
[2020-01-13T13:46:05.697+0000][1][safepoint    ] Application time: 0.0000474 seconds
[2020-01-13T13:46:05.697+0000][1][safepoint    ] Entering safepoint region: RevokeBias
[2020-01-13T13:46:05.697+0000][1][safepoint    ] Leaving safepoint region
[2020-01-13T13:46:05.697+0000][1][safepoint    ] Total time for which application threads were stopped: 0.0000418 seconds, Stopping threads took: 0.0000063 seconds
[2020-01-13T13:46:05.697+0000][1][safepoint    ] Application time: 0.0000237 seconds
[2020-01-13T13:46:05.697+0000][1][safepoint    ] Entering safepoint region: RevokeBias
[2020-01-13T13:46:05.697+0000][1][safepoint    ] Leaving safepoint region
[2020-01-13T13:46:05.697+0000][1][safepoint    ] Total time for which application threads were stopped: 0.0000241 seconds, Stopping threads took: 0.0000059 seconds
[2020-01-13T13:46:05.697+0000][1][safepoint    ] Application time: 0.0000221 seconds
[2020-01-13T13:46:05.697+0000][1][safepoint    ] Entering safepoint region: RevokeBias
[2020-01-13T13:46:05.697+0000][1][safepoint    ] Leaving safepoint region
[2020-01-13T13:46:05.697+0000][1][safepoint    ] Total time for which application threads were stopped: 0.0000238 seconds, Stopping threads took: 0.0000058 seconds
[2020-01-13T13:46:05.697+0000][1][safepoint    ] Application time: 0.0000224 seconds
[2020-01-13T13:46:05.697+0000][1][safepoint    ] Entering safepoint region: RevokeBias
[2020-01-13T13:46:05.697+0000][1][safepoint    ] Leaving safepoint region
[2020-01-13T13:46:05.697+0000][1][safepoint    ] Total time for which application threads were stopped: 0.0000235 seconds, Stopping threads took: 0.0000057 seconds
[2020-01-13T13:46:05.697+0000][1][safepoint    ] Application time: 0.0000249 seconds
[2020-01-13T13:46:05.697+0000][1][safepoint    ] Entering safepoint region: RevokeBias
[2020-01-13T13:46:05.697+0000][1][safepoint    ] Leaving safepoint region
[2020-01-13T13:46:05.697+0000][1][safepoint    ] Total time for which application threads were stopped: 0.0000367 seconds, Stopping threads took: 0.0000164 seconds
[2020-01-13T13:46:05.697+0000][1][safepoint    ] Application time: 0.0000238 seconds
[2020-01-13T13:46:05.697+0000][1][safepoint    ] Entering safepoint region: RevokeBias
[2020-01-13T13:46:05.697+0000][1][safepoint    ] Leaving safepoint region
[2020-01-13T13:46:05.697+0000][1][safepoint    ] Total time for which application threads were stopped: 0.0000242 seconds, Stopping threads took: 0.0000058 seconds
[2020-01-13T13:46:05.697+0000][1][safepoint    ] Application time: 0.0000260 seconds
[2020-01-13T13:46:05.697+0000][1][safepoint    ] Entering safepoint region: RevokeBias
[2020-01-13T13:46:05.697+0000][1][safepoint    ] Leaving safepoint region
[2020-01-13T13:46:05.697+0000][1][safepoint    ] Total time for which application threads were stopped: 0.0000237 seconds, Stopping threads took: 0.0000058 seconds
[2020-01-13T13:46:06.121+0000][1][safepoint    ] Application time: 0.4233275 seconds
[2020-01-13T13:46:06.121+0000][1][safepoint    ] Entering safepoint region: RevokeBias
[2020-01-13T13:46:06.121+0000][1][safepoint    ] Leaving safepoint region
[2020-01-13T13:46:06.121+0000][1][safepoint    ] Total time for which application threads were stopped: 0.0001379 seconds, Stopping threads took: 0.0000147 seconds
[2020-01-13T13:46:06.122+0000][1][safepoint    ] Application time: 0.0007365 seconds
[2020-01-13T13:46:06.122+0000][1][safepoint    ] Entering safepoint region: RevokeBias
[2020-01-13T13:46:06.122+0000][1][safepoint    ] Leaving safepoint region
[2020-01-13T13:46:06.122+0000][1][safepoint    ] Total time for which application threads were stopped: 0.0000665 seconds, Stopping threads took: 0.0000132 seconds
[2020-01-13T13:46:06.122+0000][1][safepoint    ] Application time: 0.0002834 seconds
[2020-01-13T13:46:06.122+0000][1][safepoint    ] Entering safepoint region: RevokeBias
[2020-01-13T13:46:06.122+0000][1][safepoint    ] Leaving safepoint region
[2020-01-13T13:46:06.122+0000][1][safepoint    ] Total time for which application threads were stopped: 0.0000406 seconds, Stopping threads took: 0.0000082 seconds
[2020-01-13T13:46:06.123+0000][1][safepoint    ] Application time: 0.0003429 seconds
[2020-01-13T13:46:06.123+0000][1][safepoint    ] Entering safepoint region: RevokeBias
[2020-01-13T13:46:06.123+0000][1][safepoint    ] Leaving safepoint region
[2020-01-13T13:46:06.123+0000][1][safepoint    ] Total time for which application threads were stopped: 0.0000416 seconds, Stopping threads took: 0.0000082 seconds
[2020-01-13T13:46:06.208+0000][1][safepoint    ] Application time: 0.0855664 seconds
[2020-01-13T13:46:06.208+0000][1][safepoint    ] Entering safepoint region: RevokeBias
[2020-01-13T13:46:06.208+0000][1][safepoint    ] Leaving safepoint region
[2020-01-13T13:46:06.208+0000][1][safepoint    ] Total time for which application threads were stopped: 0.0001043 seconds, Stopping threads took: 0.0000285 seconds
[2020-01-13T13:46:06.253+0000][1][safepoint    ] Application time: 0.0442553 seconds
[2020-01-13T13:46:06.253+0000][1][safepoint    ] Entering safepoint region: RevokeBias
[2020-01-13T13:46:06.253+0000][1][safepoint    ] Leaving safepoint region
[2020-01-13T13:46:06.253+0000][1][safepoint    ] Total time for which application threads were stopped: 0.0002236 seconds, Stopping threads took: 0.0000965 seconds
[2020-01-13T13:46:06.254+0000][1][safepoint    ] Application time: 0.0010552 seconds
[2020-01-13T13:46:06.254+0000][1][safepoint    ] Entering safepoint region: RevokeBias
[2020-01-13T13:46:06.254+0000][1][safepoint    ] Leaving safepoint region
[2020-01-13T13:46:06.254+0000][1][safepoint    ] Total time for which application threads were stopped: 0.0001202 seconds, Stopping threads took: 0.0000181 seconds
[2020-01-13T13:46:06.255+0000][1][safepoint    ] Application time: 0.0005275 seconds
[2020-01-13T13:46:06.255+0000][1][safepoint    ] Entering safepoint region: RevokeBias
[2020-01-13T13:46:06.255+0000][1][safepoint    ] Leaving safepoint region
[2020-01-13T13:46:06.255+0000][1][safepoint    ] Total time for which application threads were stopped: 0.0000828 seconds, Stopping threads took: 0.0000137 seconds
[2020-01-13T13:46:06.256+0000][1][safepoint    ] Application time: 0.0010682 seconds
[2020-01-13T13:46:06.256+0000][1][safepoint    ] Entering safepoint region: RevokeBias
[2020-01-13T13:46:06.256+0000][1][safepoint    ] Leaving safepoint region
[2020-01-13T13:46:06.256+0000][1][safepoint    ] Total time for which application threads were stopped: 0.0000789 seconds, Stopping threads took: 0.0000135 seconds
[2020-01-13T13:46:06.257+0000][1][safepoint    ] Application time: 0.0015152 seconds
[2020-01-13T13:46:06.258+0000][1][safepoint    ] Entering safepoint region: RevokeBias
[2020-01-13T13:46:06.258+0000][1][safepoint    ] Leaving safepoint region
[2020-01-13T13:46:06.258+0000][1][safepoint    ] Total time for which application threads were stopped: 0.0004735 seconds, Stopping threads took: 0.0004224 seconds
[2020-01-13T13:46:06.261+0000][1][safepoint    ] Application time: 0.0027110 seconds
[2020-01-13T13:46:06.263+0000][1][safepoint    ] Entering safepoint region: RevokeBias
[2020-01-13T13:46:06.263+0000][1][safepoint    ] Leaving safepoint region
[2020-01-13T13:46:06.263+0000][1][safepoint    ] Total time for which application threads were stopped: 0.0019956 seconds, Stopping threads took: 0.0018994 seconds
[2020-01-13T13:46:06.263+0000][1][safepoint    ] Application time: 0.0005990 seconds
[2020-01-13T13:46:06.263+0000][1][safepoint    ] Entering safepoint region: RevokeBias
[2020-01-13T13:46:06.263+0000][1][safepoint    ] Leaving safepoint region
[2020-01-13T13:46:06.263+0000][1][safepoint    ] Total time for which application threads were stopped: 0.0001184 seconds, Stopping threads took: 0.0000135 seconds
[2020-01-13T13:46:06.264+0000][1][safepoint    ] Application time: 0.0002187 seconds
[2020-01-13T13:46:06.264+0000][1][safepoint    ] Entering safepoint region: RevokeBias
[2020-01-13T13:46:06.264+0000][1][safepoint    ] Leaving safepoint region
[2020-01-13T13:46:06.264+0000][1][safepoint    ] Total time for which application threads were stopped: 0.0000789 seconds, Stopping threads took: 0.0000119 seconds
[2020-01-13T13:46:06.264+0000][1][safepoint    ] Application time: 0.0001345 seconds
[2020-01-13T13:46:06.264+0000][1][safepoint    ] Entering safepoint region: RevokeBias
[2020-01-13T13:46:06.264+0000][1][safepoint    ] Leaving safepoint region
[2020-01-13T13:46:06.264+0000][1][safepoint    ] Total time for which application threads were stopped: 0.0000754 seconds, Stopping threads took: 0.0000115 seconds
[2020-01-13T13:46:06.264+0000][1][safepoint    ] Application time: 0.0001942 seconds
[2020-01-13T13:46:06.264+0000][1][safepoint    ] Entering safepoint region: RevokeBias
[2020-01-13T13:46:06.264+0000][1][safepoint    ] Leaving safepoint region
[2020-01-13T13:46:06.264+0000][1][safepoint    ] Total time for which application threads were stopped: 0.0000772 seconds, Stopping threads took: 0.0000123 seconds
[2020-01-13T13:46:06.265+0000][1][safepoint    ] Application time: 0.0003578 seconds
[2020-01-13T13:46:06.265+0000][1][safepoint    ] Entering safepoint region: RevokeBias
[2020-01-13T13:46:06.265+0000][1][safepoint    ] Leaving safepoint region
[2020-01-13T13:46:06.265+0000][1][safepoint    ] Total time for which application threads were stopped: 0.0000815 seconds, Stopping threads took: 0.0000132 seconds
[2020-01-13T13:46:06.266+0000][1][safepoint    ] Application time: 0.0015306 seconds
[2020-01-13T13:46:06.267+0000][1][safepoint    ] Entering safepoint region: RevokeBias
[2020-01-13T13:46:06.267+0000][1][safepoint    ] Leaving safepoint region
[2020-01-13T13:46:06.267+0000][1][safepoint    ] Total time for which application threads were stopped: 0.0011538 seconds, Stopping threads took: 0.0010798 seconds
[2020-01-13T13:46:06.268+0000][1][safepoint    ] Application time: 0.0008830 seconds
[2020-01-13T13:46:06.268+0000][1][safepoint    ] Entering safepoint region: RevokeBias
[2020-01-13T13:46:06.268+0000][1][safepoint    ] Leaving safepoint region
[2020-01-13T13:46:06.268+0000][1][safepoint    ] Total time for which application threads were stopped: 0.0000791 seconds, Stopping threads took: 0.0000144 seconds
[2020-01-13T13:46:06.270+0000][1][safepoint    ] Application time: 0.0017122 seconds
[2020-01-13T13:46:06.270+0000][1][safepoint    ] Entering safepoint region: RevokeBias
[2020-01-13T13:46:06.270+0000][1][safepoint    ] Leaving safepoint region
[2020-01-13T13:46:06.270+0000][1][safepoint    ] Total time for which application threads were stopped: 0.0000614 seconds, Stopping threads took: 0.0000140 seconds
[2020-01-13T13:46:06.270+0000][1][safepoint    ] Application time: 0.0002344 seconds
[2020-01-13T13:46:06.271+0000][1][safepoint    ] Entering safepoint region: RevokeBias
[2020-01-13T13:46:06.271+0000][1][safepoint    ] Leaving safepoint region
[2020-01-13T13:46:06.271+0000][1][safepoint    ] Total time for which application threads were stopped: 0.0000586 seconds, Stopping threads took: 0.0000116 seconds
[2020-01-13T13:46:06.271+0000][1][safepoint    ] Application time: 0.0001131 seconds
[2020-01-13T13:46:06.271+0000][1][safepoint    ] Entering safepoint region: RevokeBias
[2020-01-13T13:46:06.271+0000][1][safepoint    ] Leaving safepoint region
[2020-01-13T13:46:06.271+0000][1][safepoint    ] Total time for which application threads were stopped: 0.0000503 seconds, Stopping threads took: 0.0000107 seconds
[2020-01-13T13:46:06.271+0000][1][safepoint    ] Application time: 0.0000845 seconds
[2020-01-13T13:46:06.271+0000][1][safepoint    ] Entering safepoint region: RevokeBias
[2020-01-13T13:46:06.271+0000][1][safepoint    ] Leaving safepoint region
[2020-01-13T13:46:06.271+0000][1][safepoint    ] Total time for which application threads were stopped: 0.0000501 seconds, Stopping threads took: 0.0000108 seconds
[2020-01-13T13:46:06.271+0000][1][safepoint    ] Application time: 0.0002841 seconds
[2020-01-13T13:46:06.271+0000][1][safepoint    ] Entering safepoint region: RevokeBias
[2020-01-13T13:46:06.271+0000][1][safepoint    ] Leaving safepoint region
[2020-01-13T13:46:06.271+0000][1][safepoint    ] Total time for which application threads were stopped: 0.0000630 seconds, Stopping threads took: 0.0000116 seconds
[2020-01-13T13:46:06.272+0000][1][safepoint    ] Application time: 0.0005073 seconds
[2020-01-13T13:46:06.272+0000][1][safepoint    ] Entering safepoint region: RevokeBias
[2020-01-13T13:46:06.272+0000][1][safepoint    ] Leaving safepoint region
[2020-01-13T13:46:06.272+0000][1][safepoint    ] Total time for which application threads were stopped: 0.0000675 seconds, Stopping threads took: 0.0000132 seconds
[2020-01-13T13:46:06.272+0000][1][safepoint    ] Application time: 0.0003047 seconds
[2020-01-13T13:46:06.272+0000][1][safepoint    ] Entering safepoint region: RevokeBias
[2020-01-13T13:46:06.272+0000][1][safepoint    ] Leaving safepoint region
[2020-01-13T13:46:06.272+0000][1][safepoint    ] Total time for which application threads were stopped: 0.0000633 seconds, Stopping threads took: 0.0000118 seconds
[2020-01-13T13:46:06.272+0000][1][safepoint    ] Application time: 0.0001772 seconds
[2020-01-13T13:46:06.273+0000][1][safepoint    ] Entering safepoint region: RevokeBias
[2020-01-13T13:46:06.273+0000][1][safepoint    ] Leaving safepoint region
[2020-01-13T13:46:06.273+0000][1][safepoint    ] Total time for which application threads were stopped: 0.0000635 seconds, Stopping threads took: 0.0000122 seconds
[2020-01-13T13:46:06.273+0000][1][safepoint    ] Application time: 0.0002846 seconds
[2020-01-13T13:46:06.273+0000][1][safepoint    ] Entering safepoint region: RevokeBias
[2020-01-13T13:46:06.273+0000][1][safepoint    ] Leaving safepoint region
[2020-01-13T13:46:06.273+0000][1][safepoint    ] Total time for which application threads were stopped: 0.0000626 seconds, Stopping threads took: 0.0000118 seconds
[2020-01-13T13:46:06.274+0000][1][safepoint    ] Application time: 0.0005626 seconds
[2020-01-13T13:46:06.274+0000][1][safepoint    ] Entering safepoint region: RevokeBias
[2020-01-13T13:46:06.274+0000][1][safepoint    ] Leaving safepoint region
[2020-01-13T13:46:06.274+0000][1][safepoint    ] Total time for which application threads were stopped: 0.0002563 seconds, Stopping threads took: 0.0000131 seconds
[2020-01-13T13:46:06.284+0000][1][safepoint    ] Application time: 0.0099085 seconds
[2020-01-13T13:46:06.284+0000][1][safepoint    ] Entering safepoint region: RevokeBias
[2020-01-13T13:46:06.284+0000][1][safepoint    ] Leaving safepoint region
[2020-01-13T13:46:06.284+0000][1][safepoint    ] Total time for which application threads were stopped: 0.0001472 seconds, Stopping threads took: 0.0000371 seconds
[2020-01-13T13:46:06.291+0000][1][safepoint    ] Application time: 0.0072598 seconds
[2020-01-13T13:46:06.291+0000][1][safepoint    ] Entering safepoint region: RevokeBias
[2020-01-13T13:46:06.291+0000][1][safepoint    ] Leaving safepoint region
[2020-01-13T13:46:06.291+0000][1][safepoint    ] Total time for which application threads were stopped: 0.0001449 seconds, Stopping threads took: 0.0000353 seconds
[2020-01-13T13:46:06.292+0000][1][safepoint    ] Application time: 0.0005768 seconds
[2020-01-13T13:46:06.292+0000][1][safepoint    ] Entering safepoint region: BulkRevokeBias
[2020-01-13T13:46:06.292+0000][1][safepoint    ] Leaving safepoint region
[2020-01-13T13:46:06.292+0000][1][safepoint    ] Total time for which application threads were stopped: 0.0002832 seconds, Stopping threads took: 0.0000296 seconds
[2020-01-13T13:46:06.299+0000][1][safepoint    ] Application time: 0.0072027 seconds
[2020-01-13T13:46:06.300+0000][1][safepoint    ] Entering safepoint region: RevokeBias
[2020-01-13T13:46:06.300+0000][1][safepoint    ] Leaving safepoint region
[2020-01-13T13:46:06.300+0000][1][safepoint    ] Total time for which application threads were stopped: 0.0000961 seconds, Stopping threads took: 0.0000240 seconds
[2020-01-13T13:46:06.303+0000][1][safepoint    ] Application time: 0.0037241 seconds
[2020-01-13T13:46:06.303+0000][1][safepoint    ] Entering safepoint region: RevokeBias
[2020-01-13T13:46:06.303+0000][1][safepoint    ] Leaving safepoint region
[2020-01-13T13:46:06.303+0000][1][safepoint    ] Total time for which application threads were stopped: 0.0000802 seconds, Stopping threads took: 0.0000206 seconds
[2020-01-13T13:46:06.306+0000][1][safepoint    ] Application time: 0.0027202 seconds
[2020-01-13T13:46:06.306+0000][1][safepoint    ] Entering safepoint region: RevokeBias
[2020-01-13T13:46:06.306+0000][1][safepoint    ] Leaving safepoint region
[2020-01-13T13:46:06.306+0000][1][safepoint    ] Total time for which application threads were stopped: 0.0000818 seconds, Stopping threads took: 0.0000224 seconds
[2020-01-13T13:46:06.312+0000][1][safepoint    ] Application time: 0.0058828 seconds
[2020-01-13T13:46:06.312+0000][1][safepoint    ] Entering safepoint region: RevokeBias
[2020-01-13T13:46:06.312+0000][1][safepoint    ] Leaving safepoint region
[2020-01-13T13:46:06.312+0000][1][safepoint    ] Total time for which application threads were stopped: 0.0001468 seconds, Stopping threads took: 0.0000581 seconds
[2020-01-13T13:46:06.313+0000][1][safepoint    ] Application time: 0.0002021 seconds
[2020-01-13T13:46:06.313+0000][1][safepoint    ] Entering safepoint region: RevokeBias
[2020-01-13T13:46:06.313+0000][1][safepoint    ] Leaving safepoint region
[2020-01-13T13:46:06.313+0000][1][safepoint    ] Total time for which application threads were stopped: 0.0000370 seconds, Stopping threads took: 0.0000084 seconds
[2020-01-13T13:46:06.313+0000][1][safepoint    ] Application time: 0.0000916 seconds
[2020-01-13T13:46:06.313+0000][1][safepoint    ] Entering safepoint region: RevokeBias
[2020-01-13T13:46:06.313+0000][1][safepoint    ] Leaving safepoint region
[2020-01-13T13:46:06.313+0000][1][safepoint    ] Total time for which application threads were stopped: 0.0000291 seconds, Stopping threads took: 0.0000066 seconds
[2020-01-13T13:46:06.313+0000][1][safepoint    ] Application time: 0.0000808 seconds
[2020-01-13T13:46:06.313+0000][1][safepoint    ] Entering safepoint region: RevokeBias
[2020-01-13T13:46:06.313+0000][1][safepoint    ] Leaving safepoint region
[2020-01-13T13:46:06.313+0000][1][safepoint    ] Total time for which application threads were stopped: 0.0000291 seconds, Stopping threads took: 0.0000065 seconds
[2020-01-13T13:46:06.313+0000][1][safepoint    ] Application time: 0.0000777 seconds
[2020-01-13T13:46:06.313+0000][1][safepoint    ] Entering safepoint region: RevokeBias
[2020-01-13T13:46:06.313+0000][1][safepoint    ] Leaving safepoint region
[2020-01-13T13:46:06.313+0000][1][safepoint    ] Total time for which application threads were stopped: 0.0000285 seconds, Stopping threads took: 0.0000065 seconds
[2020-01-13T13:46:06.313+0000][1][safepoint    ] Application time: 0.0001096 seconds
[2020-01-13T13:46:06.313+0000][1][safepoint    ] Entering safepoint region: BulkRevokeBias
[2020-01-13T13:46:06.313+0000][1][safepoint    ] Leaving safepoint region
[2020-01-13T13:46:06.313+0000][1][safepoint    ] Total time for which application threads were stopped: 0.0002706 seconds, Stopping threads took: 0.0000072 seconds
[2020-01-13T13:46:06.318+0000][1][safepoint    ] Application time: 0.0049951 seconds
[2020-01-13T13:46:06.319+0000][1][safepoint    ] Entering safepoint region: RevokeBias
[2020-01-13T13:46:06.319+0000][1][safepoint    ] Leaving safepoint region
[2020-01-13T13:46:06.319+0000][1][safepoint    ] Total time for which application threads were stopped: 0.0001371 seconds, Stopping threads took: 0.0000735 seconds
[2020-01-13T13:46:07.123+0000][1][safepoint    ] Application time: 0.8040195 seconds
[2020-01-13T13:46:07.123+0000][1][safepoint    ] Entering safepoint region: BulkRevokeBias
[2020-01-13T13:46:07.123+0000][1][safepoint    ] Leaving safepoint region
[2020-01-13T13:46:07.123+0000][1][safepoint    ] Total time for which application threads were stopped: 0.0002443 seconds, Stopping threads took: 0.0000170 seconds
[2020-01-13T13:46:07.124+0000][1][safepoint    ] Application time: 0.0007366 seconds
[2020-01-13T13:46:07.124+0000][1][safepoint    ] Entering safepoint region: RevokeBias
[2020-01-13T13:46:07.124+0000][1][safepoint    ] Leaving safepoint region
[2020-01-13T13:46:07.124+0000][1][safepoint    ] Total time for which application threads were stopped: 0.0000763 seconds, Stopping threads took: 0.0000163 seconds
[2020-01-13T13:46:07.253+0000][1][safepoint    ] Application time: 0.1290981 seconds
[2020-01-13T13:46:07.254+0000][1][safepoint    ] Entering safepoint region: RevokeBias
[2020-01-13T13:46:07.254+0000][1][safepoint    ] Leaving safepoint region
[2020-01-13T13:46:07.254+0000][1][safepoint    ] Total time for which application threads were stopped: 0.0011868 seconds, Stopping threads took: 0.0010453 seconds
[2020-01-13T13:46:07.254+0000][1][safepoint    ] Application time: 0.0002441 seconds
[2020-01-13T13:46:07.254+0000][1][safepoint    ] Entering safepoint region: RevokeBias
[2020-01-13T13:46:07.254+0000][1][safepoint    ] Leaving safepoint region
[2020-01-13T13:46:07.254+0000][1][safepoint    ] Total time for which application threads were stopped: 0.0000889 seconds, Stopping threads took: 0.0000109 seconds
[2020-01-13T13:46:07.255+0000][1][safepoint    ] Application time: 0.0001528 seconds
[2020-01-13T13:46:07.255+0000][1][safepoint    ] Entering safepoint region: RevokeBias
[2020-01-13T13:46:07.255+0000][1][safepoint    ] Leaving safepoint region
[2020-01-13T13:46:07.255+0000][1][safepoint    ] Total time for which application threads were stopped: 0.0000686 seconds, Stopping threads took: 0.0000089 seconds
[2020-01-13T13:46:07.257+0000][1][safepoint    ] Application time: 0.0021290 seconds
[2020-01-13T13:46:07.257+0000][1][safepoint    ] Entering safepoint region: RevokeBias
[2020-01-13T13:46:07.257+0000][1][safepoint    ] Leaving safepoint region
[2020-01-13T13:46:07.257+0000][1][safepoint    ] Total time for which application threads were stopped: 0.0000825 seconds, Stopping threads took: 0.0000376 seconds
[2020-01-13T13:46:07.258+0000][1][safepoint    ] Application time: 0.0006329 seconds
[2020-01-13T13:46:07.258+0000][1][safepoint    ] Entering safepoint region: RevokeBias
[2020-01-13T13:46:07.258+0000][1][safepoint    ] Leaving safepoint region
[2020-01-13T13:46:07.258+0000][1][safepoint    ] Total time for which application threads were stopped: 0.0000600 seconds, Stopping threads took: 0.0000199 seconds
[2020-01-13T13:46:07.258+0000][1][safepoint    ] Application time: 0.0001835 seconds
[2020-01-13T13:46:07.258+0000][1][safepoint    ] Entering safepoint region: RevokeBias
[2020-01-13T13:46:07.258+0000][1][safepoint    ] Leaving safepoint region
[2020-01-13T13:46:07.258+0000][1][safepoint    ] Total time for which application threads were stopped: 0.0000644 seconds, Stopping threads took: 0.0000270 seconds
[2020-01-13T13:46:07.259+0000][1][safepoint    ] Application time: 0.0015196 seconds
[2020-01-13T13:46:07.261+0000][1][safepoint    ] Entering safepoint region: RevokeBias
[2020-01-13T13:46:07.261+0000][1][safepoint    ] Leaving safepoint region
[2020-01-13T13:46:07.261+0000][1][safepoint    ] Total time for which application threads were stopped: 0.0015201 seconds, Stopping threads took: 0.0014681 seconds
[2020-01-13T13:46:07.264+0000][1][safepoint    ] Application time: 0.0026585 seconds
[2020-01-13T13:46:07.265+0000][1][safepoint    ] Entering safepoint region: RevokeBias
[2020-01-13T13:46:07.265+0000][1][safepoint    ] Leaving safepoint region
[2020-01-13T13:46:07.265+0000][1][safepoint    ] Total time for which application threads were stopped: 0.0011550 seconds, Stopping threads took: 0.0010807 seconds
[2020-01-13T13:46:07.265+0000][1][safepoint    ] Application time: 0.0002469 seconds
[2020-01-13T13:46:07.265+0000][1][safepoint    ] Entering safepoint region: RevokeBias
[2020-01-13T13:46:07.265+0000][1][safepoint    ] Leaving safepoint region
[2020-01-13T13:46:07.265+0000][1][safepoint    ] Total time for which application threads were stopped: 0.0000559 seconds, Stopping threads took: 0.0000093 seconds
[2020-01-13T13:46:07.265+0000][1][safepoint    ] Application time: 0.0001800 seconds
[2020-01-13T13:46:07.265+0000][1][safepoint    ] Entering safepoint region: RevokeBias
[2020-01-13T13:46:07.265+0000][1][safepoint    ] Leaving safepoint region
[2020-01-13T13:46:07.265+0000][1][safepoint    ] Total time for which application threads were stopped: 0.0000442 seconds, Stopping threads took: 0.0000090 seconds
[2020-01-13T13:46:07.266+0000][1][safepoint    ] Application time: 0.0001399 seconds
[2020-01-13T13:46:07.266+0000][1][safepoint    ] Entering safepoint region: RevokeBias
[2020-01-13T13:46:07.266+0000][1][safepoint    ] Leaving safepoint region
[2020-01-13T13:46:07.266+0000][1][safepoint    ] Total time for which application threads were stopped: 0.0000490 seconds, Stopping threads took: 0.0000104 seconds
[2020-01-13T13:46:07.266+0000][1][safepoint    ] Application time: 0.0004712 seconds
[2020-01-13T13:46:07.266+0000][1][safepoint    ] Entering safepoint region: RevokeBias
[2020-01-13T13:46:07.266+0000][1][safepoint    ] Leaving safepoint region
[2020-01-13T13:46:07.266+0000][1][safepoint    ] Total time for which application threads were stopped: 0.0000417 seconds, Stopping threads took: 0.0000086 seconds
[2020-01-13T13:46:07.279+0000][1][safepoint    ] Application time: 0.0124605 seconds
[2020-01-13T13:46:07.279+0000][1][safepoint    ] Entering safepoint region: RevokeBias
[2020-01-13T13:46:07.279+0000][1][safepoint    ] Leaving safepoint region
[2020-01-13T13:46:07.279+0000][1][safepoint    ] Total time for which application threads were stopped: 0.0001267 seconds, Stopping threads took: 0.0000507 seconds
[2020-01-13T13:46:07.279+0000][1][safepoint    ] Application time: 0.0006742 seconds
[2020-01-13T13:46:07.280+0000][1][safepoint    ] Entering safepoint region: RevokeBias
[2020-01-13T13:46:07.280+0000][1][safepoint    ] Leaving safepoint region
[2020-01-13T13:46:07.280+0000][1][safepoint    ] Total time for which application threads were stopped: 0.0000693 seconds, Stopping threads took: 0.0000165 seconds
[2020-01-13T13:46:07.280+0000][1][safepoint    ] Application time: 0.0001316 seconds
[2020-01-13T13:46:07.280+0000][1][safepoint    ] Entering safepoint region: RevokeBias
[2020-01-13T13:46:07.280+0000][1][safepoint    ] Leaving safepoint region
[2020-01-13T13:46:07.280+0000][1][safepoint    ] Total time for which application threads were stopped: 0.0000491 seconds, Stopping threads took: 0.0000197 seconds
[2020-01-13T13:46:07.280+0000][1][safepoint    ] Application time: 0.0001424 seconds
[2020-01-13T13:46:07.280+0000][1][safepoint    ] Entering safepoint region: RevokeBias
[2020-01-13T13:46:07.280+0000][1][safepoint    ] Leaving safepoint region
[2020-01-13T13:46:07.280+0000][1][safepoint    ] Total time for which application threads were stopped: 0.0000416 seconds, Stopping threads took: 0.0000176 seconds
[2020-01-13T13:46:07.280+0000][1][safepoint    ] Application time: 0.0001131 seconds
[2020-01-13T13:46:07.280+0000][1][safepoint    ] Entering safepoint region: RevokeBias
[2020-01-13T13:46:07.280+0000][1][safepoint    ] Leaving safepoint region
[2020-01-13T13:46:07.280+0000][1][safepoint    ] Total time for which application threads were stopped: 0.0000429 seconds, Stopping threads took: 0.0000193 seconds
[2020-01-13T13:46:07.280+0000][1][safepoint    ] Application time: 0.0000934 seconds
[2020-01-13T13:46:07.280+0000][1][safepoint    ] Entering safepoint region: RevokeBias
[2020-01-13T13:46:07.280+0000][1][safepoint    ] Leaving safepoint region
[2020-01-13T13:46:07.280+0000][1][safepoint    ] Total time for which application threads were stopped: 0.0000958 seconds, Stopping threads took: 0.0000243 seconds
[2020-01-13T13:46:07.280+0000][1][safepoint    ] Application time: 0.0001193 seconds
[2020-01-13T13:46:07.281+0000][1][safepoint    ] Entering safepoint region: RevokeBias
[2020-01-13T13:46:07.281+0000][1][safepoint    ] Leaving safepoint region
[2020-01-13T13:46:07.281+0000][1][safepoint    ] Total time for which application threads were stopped: 0.0000491 seconds, Stopping threads took: 0.0000195 seconds
[2020-01-13T13:46:07.281+0000][1][safepoint    ] Application time: 0.0000998 seconds
[2020-01-13T13:46:07.281+0000][1][safepoint    ] Entering safepoint region: RevokeBias
[2020-01-13T13:46:07.281+0000][1][safepoint    ] Leaving safepoint region
[2020-01-13T13:46:07.281+0000][1][safepoint    ] Total time for which application threads were stopped: 0.0000380 seconds, Stopping threads took: 0.0000148 seconds
[2020-01-13T13:46:07.281+0000][1][safepoint    ] Application time: 0.0000890 seconds
[2020-01-13T13:46:07.281+0000][1][safepoint    ] Entering safepoint region: RevokeBias
[2020-01-13T13:46:07.281+0000][1][safepoint    ] Leaving safepoint region
[2020-01-13T13:46:07.281+0000][1][safepoint    ] Total time for which application threads were stopped: 0.0000387 seconds, Stopping threads took: 0.0000176 seconds
[2020-01-13T13:46:07.281+0000][1][safepoint    ] Application time: 0.0000834 seconds
[2020-01-13T13:46:07.281+0000][1][safepoint    ] Entering safepoint region: RevokeBias
[2020-01-13T13:46:07.281+0000][1][safepoint    ] Leaving safepoint region
[2020-01-13T13:46:07.281+0000][1][safepoint    ] Total time for which application threads were stopped: 0.0000274 seconds, Stopping threads took: 0.0000065 seconds
[2020-01-13T13:46:07.281+0000][1][safepoint    ] Application time: 0.0000990 seconds
[2020-01-13T13:46:07.281+0000][1][safepoint    ] Entering safepoint region: RevokeBias
[2020-01-13T13:46:07.281+0000][1][safepoint    ] Leaving safepoint region
[2020-01-13T13:46:07.281+0000][1][safepoint    ] Total time for which application threads were stopped: 0.0001119 seconds, Stopping threads took: 0.0000851 seconds
[2020-01-13T13:46:07.282+0000][1][safepoint    ] Application time: 0.0012272 seconds
[2020-01-13T13:46:07.285+0000][1][safepoint    ] Entering safepoint region: RevokeBias
[2020-01-13T13:46:07.285+0000][1][safepoint    ] Leaving safepoint region
[2020-01-13T13:46:07.285+0000][1][safepoint    ] Total time for which application threads were stopped: 0.0026510 seconds, Stopping threads took: 0.0025985 seconds
[2020-01-13T13:46:08.123+0000][1][safepoint    ] Application time: 0.8380770 seconds
[2020-01-13T13:46:08.123+0000][1][safepoint    ] Entering safepoint region: RevokeBias
[2020-01-13T13:46:08.123+0000][1][safepoint    ] Leaving safepoint region
[2020-01-13T13:46:08.123+0000][1][safepoint    ] Total time for which application threads were stopped: 0.0001441 seconds, Stopping threads took: 0.0000329 seconds
[2020-01-13T13:46:08.258+0000][1][safepoint    ] Application time: 0.1349480 seconds
[2020-01-13T13:46:08.258+0000][1][safepoint    ] Entering safepoint region: RevokeBias
[2020-01-13T13:46:08.259+0000][1][safepoint    ] Leaving safepoint region
[2020-01-13T13:46:08.259+0000][1][safepoint    ] Total time for which application threads were stopped: 0.0001214 seconds, Stopping threads took: 0.0000192 seconds
[2020-01-13T13:46:08.260+0000][1][safepoint    ] Application time: 0.0013481 seconds
[2020-01-13T13:46:08.260+0000][1][safepoint    ] Entering safepoint region: RevokeBias
[2020-01-13T13:46:08.260+0000][1][safepoint    ] Leaving safepoint region
[2020-01-13T13:46:08.260+0000][1][safepoint    ] Total time for which application threads were stopped: 0.0000661 seconds, Stopping threads took: 0.0000107 seconds
[2020-01-13T13:46:08.260+0000][1][safepoint    ] Application time: 0.0002849 seconds
[2020-01-13T13:46:08.260+0000][1][safepoint    ] Entering safepoint region: RevokeBias
[2020-01-13T13:46:08.260+0000][1][safepoint    ] Leaving safepoint region
[2020-01-13T13:46:08.260+0000][1][safepoint    ] Total time for which application threads were stopped: 0.0000487 seconds, Stopping threads took: 0.0000089 seconds
[2020-01-13T13:46:08.261+0000][1][safepoint    ] Application time: 0.0005507 seconds
[2020-01-13T13:46:08.261+0000][1][safepoint    ] Entering safepoint region: RevokeBias
[2020-01-13T13:46:08.261+0000][1][safepoint    ] Leaving safepoint region
[2020-01-13T13:46:08.261+0000][1][safepoint    ] Total time for which application threads were stopped: 0.0002843 seconds, Stopping threads took: 0.0000135 seconds
[2020-01-13T13:46:08.279+0000][1][safepoint    ] Application time: 0.0173627 seconds
[2020-01-13T13:46:08.279+0000][1][safepoint    ] Entering safepoint region: RevokeBias
[2020-01-13T13:46:08.279+0000][1][safepoint    ] Leaving safepoint region
[2020-01-13T13:46:08.279+0000][1][safepoint    ] Total time for which application threads were stopped: 0.0001396 seconds, Stopping threads took: 0.0000401 seconds
[2020-01-13T13:46:08.280+0000][1][safepoint    ] Application time: 0.0016243 seconds
[2020-01-13T13:46:08.280+0000][1][safepoint    ] Entering safepoint region: RevokeBias
[2020-01-13T13:46:08.281+0000][1][safepoint    ] Leaving safepoint region
[2020-01-13T13:46:08.281+0000][1][safepoint    ] Total time for which application threads were stopped: 0.0001126 seconds, Stopping threads took: 0.0000320 seconds
[2020-01-13T13:46:08.281+0000][1][safepoint    ] Application time: 0.0002202 seconds
[2020-01-13T13:46:08.281+0000][1][safepoint    ] Entering safepoint region: RevokeBias
[2020-01-13T13:46:08.281+0000][1][safepoint    ] Leaving safepoint region
[2020-01-13T13:46:08.281+0000][1][safepoint    ] Total time for which application threads were stopped: 0.0000887 seconds, Stopping threads took: 0.0000406 seconds
[2020-01-13T13:46:08.282+0000][1][safepoint    ] Application time: 0.0005920 seconds
[2020-01-13T13:46:08.282+0000][1][safepoint    ] Entering safepoint region: RevokeBias
[2020-01-13T13:46:08.282+0000][1][safepoint    ] Leaving safepoint region
[2020-01-13T13:46:08.282+0000][1][safepoint    ] Total time for which application threads were stopped: 0.0000972 seconds, Stopping threads took: 0.0000481 seconds
[2020-01-13T13:46:08.282+0000][1][safepoint    ] Application time: 0.0001796 seconds
[2020-01-13T13:46:08.282+0000][1][safepoint    ] Entering safepoint region: RevokeBias
[2020-01-13T13:46:08.282+0000][1][safepoint    ] Leaving safepoint region
[2020-01-13T13:46:08.282+0000][1][safepoint    ] Total time for which application threads were stopped: 0.0000713 seconds, Stopping threads took: 0.0000263 seconds
[2020-01-13T13:46:08.282+0000][1][safepoint    ] Application time: 0.0001836 seconds
[2020-01-13T13:46:08.282+0000][1][safepoint    ] Entering safepoint region: BulkRevokeBias
[2020-01-13T13:46:08.283+0000][1][safepoint    ] Leaving safepoint region
[2020-01-13T13:46:08.283+0000][1][safepoint    ] Total time for which application threads were stopped: 0.0005341 seconds, Stopping threads took: 0.0002812 seconds
[2020-01-13T13:46:09.284+0000][1][safepoint    ] Application time: 1.0010730 seconds
[2020-01-13T13:46:09.284+0000][1][safepoint    ] Entering safepoint region: Cleanup
[2020-01-13T13:46:09.284+0000][1][safepoint    ] Leaving safepoint region
[2020-01-13T13:46:09.284+0000][1][safepoint    ] Total time for which application threads were stopped: 0.0001226 seconds, Stopping threads took: 0.0000477 seconds
[2020-01-13T13:46:10.038+0000][1][safepoint    ] Application time: 0.7543687 seconds
[2020-01-13T13:46:10.038+0000][1][safepoint    ] Entering safepoint region: RevokeBias
[2020-01-13T13:46:10.039+0000][1][safepoint    ] Leaving safepoint region
[2020-01-13T13:46:10.039+0000][1][safepoint    ] Total time for which application threads were stopped: 0.0001405 seconds, Stopping threads took: 0.0000193 seconds
[2020-01-13T13:46:10.039+0000][1][safepoint    ] Application time: 0.0000471 seconds
[2020-01-13T13:46:10.039+0000][1][safepoint    ] Entering safepoint region: RevokeBias
[2020-01-13T13:46:10.039+0000][1][safepoint    ] Leaving safepoint region
[2020-01-13T13:46:10.039+0000][1][safepoint    ] Total time for which application threads were stopped: 0.0000332 seconds, Stopping threads took: 0.0000063 seconds
[2020-01-13T13:46:11.039+0000][1][safepoint    ] Application time: 1.0001511 seconds
[2020-01-13T13:46:11.039+0000][1][safepoint    ] Entering safepoint region: Cleanup
[2020-01-13T13:46:11.039+0000][1][safepoint    ] Leaving safepoint region
[2020-01-13T13:46:11.039+0000][1][safepoint    ] Total time for which application threads were stopped: 0.0002062 seconds, Stopping threads took: 0.0000343 seconds
[2020-01-13T13:46:12.039+0000][1][safepoint    ] Application time: 1.0001593 seconds
[2020-01-13T13:46:12.039+0000][1][safepoint    ] Entering safepoint region: Cleanup
[2020-01-13T13:46:12.039+0000][1][safepoint    ] Leaving safepoint region
[2020-01-13T13:46:12.039+0000][1][safepoint    ] Total time for which application threads were stopped: 0.0001732 seconds, Stopping threads took: 0.0000614 seconds
[2020-01-13T13:46:13.040+0000][1][safepoint    ] Application time: 1.0001730 seconds
[2020-01-13T13:46:13.040+0000][1][safepoint    ] Entering safepoint region: Cleanup
[2020-01-13T13:46:13.040+0000][1][safepoint    ] Leaving safepoint region
[2020-01-13T13:46:13.040+0000][1][safepoint    ] Total time for which application threads were stopped: 0.0002080 seconds, Stopping threads took: 0.0000417 seconds
[2020-01-13T13:46:14.040+0000][1][safepoint    ] Application time: 1.0000983 seconds
[2020-01-13T13:46:14.040+0000][1][safepoint    ] Entering safepoint region: Cleanup
[2020-01-13T13:46:14.040+0000][1][safepoint    ] Leaving safepoint region
[2020-01-13T13:46:14.040+0000][1][safepoint    ] Total time for which application threads were stopped: 0.0001417 seconds, Stopping threads took: 0.0000401 seconds
[2020-01-13T13:46:15.040+0000][1][safepoint    ] Application time: 1.0001525 seconds
[2020-01-13T13:46:15.041+0000][1][safepoint    ] Entering safepoint region: Cleanup
[2020-01-13T13:46:15.041+0000][1][safepoint    ] Leaving safepoint region
[2020-01-13T13:46:15.041+0000][1][safepoint    ] Total time for which application threads were stopped: 0.0001271 seconds, Stopping threads took: 0.0000275 seconds
[2020-01-13T13:46:15.284+0000][1][safepoint    ] Application time: 0.2433536 seconds
[2020-01-13T13:46:15.284+0000][1][safepoint    ] Entering safepoint region: GenCollectForAllocation
[2020-01-13T13:46:15.284+0000][1][gc,start     ] GC(22) Pause Young (Allocation Failure)
[2020-01-13T13:46:15.284+0000][1][gc,task      ] GC(22) Using 1 workers of 1 for evacuation
[2020-01-13T13:46:15.318+0000][1][gc,age       ] GC(22) Desired survivor size 4358144 bytes, new threshold 2 (max threshold 6)
[2020-01-13T13:46:15.318+0000][1][gc,age       ] GC(22) Age table with threshold 2 (max threshold 6)
[2020-01-13T13:46:15.318+0000][1][gc,age       ] GC(22) - age   1:    2298312 bytes,    2298312 total
[2020-01-13T13:46:15.318+0000][1][gc,age       ] GC(22) - age   2:    2947816 bytes,    5246128 total
[2020-01-13T13:46:15.318+0000][1][gc,heap      ] GC(22) ParNew: 73118K->8512K(76672K)
[2020-01-13T13:46:15.318+0000][1][gc,heap      ] GC(22) CMS: 61343K->62625K(176960K)
[2020-01-13T13:46:15.318+0000][1][gc,metaspace ] GC(22) Metaspace: 64690K->64690K(1107968K)
[2020-01-13T13:46:15.318+0000][1][gc           ] GC(22) Pause Young (Allocation Failure) 131M->69M(247M) 34.132ms
[2020-01-13T13:46:15.318+0000][1][gc,cpu       ] GC(22) User=0.03s Sys=0.00s Real=0.03s
[2020-01-13T13:46:15.318+0000][1][safepoint    ] Leaving safepoint region
[2020-01-13T13:46:15.318+0000][1][safepoint    ] Total time for which application threads were stopped: 0.0343296 seconds, Stopping threads took: 0.0000272 seconds
[2020-01-13T13:46:16.324+0000][1][safepoint    ] Application time: 1.0052699 seconds
[2020-01-13T13:46:16.324+0000][1][safepoint    ] Entering safepoint region: Cleanup
[2020-01-13T13:46:16.324+0000][1][safepoint    ] Leaving safepoint region
[2020-01-13T13:46:16.324+0000][1][safepoint    ] Total time for which application threads were stopped: 0.0001340 seconds, Stopping threads took: 0.0000268 seconds
[2020-01-13T13:46:17.324+0000][1][safepoint    ] Application time: 1.0000973 seconds
[2020-01-13T13:46:17.324+0000][1][safepoint    ] Entering safepoint region: Cleanup
[2020-01-13T13:46:17.324+0000][1][safepoint    ] Leaving safepoint region
[2020-01-13T13:46:17.324+0000][1][safepoint    ] Total time for which application threads were stopped: 0.0001529 seconds, Stopping threads took: 0.0000448 seconds
[2020-01-13T13:46:18.324+0000][1][safepoint    ] Application time: 1.0001175 seconds
[2020-01-13T13:46:18.324+0000][1][safepoint    ] Entering safepoint region: Cleanup
[2020-01-13T13:46:18.325+0000][1][safepoint    ] Leaving safepoint region
[2020-01-13T13:46:18.325+0000][1][safepoint    ] Total time for which application threads were stopped: 0.0001505 seconds, Stopping threads took: 0.0000322 seconds
[2020-01-13T13:46:19.325+0000][1][safepoint    ] Application time: 1.0001135 seconds
[2020-01-13T13:46:19.325+0000][1][safepoint    ] Entering safepoint region: Cleanup
[2020-01-13T13:46:19.325+0000][1][safepoint    ] Leaving safepoint region
[2020-01-13T13:46:19.325+0000][1][safepoint    ] Total time for which application threads were stopped: 0.0001018 seconds, Stopping threads took: 0.0000239 seconds
[2020-01-13T13:46:20.325+0000][1][safepoint    ] Application time: 1.0001148 seconds
[2020-01-13T13:46:20.325+0000][1][safepoint    ] Entering safepoint region: Cleanup
[2020-01-13T13:46:20.325+0000][1][safepoint    ] Leaving safepoint region
[2020-01-13T13:46:20.325+0000][1][safepoint    ] Total time for which application threads were stopped: 0.0001277 seconds, Stopping threads took: 0.0000259 seconds
[2020-01-13T13:46:21.325+0000][1][safepoint    ] Application time: 1.0001269 seconds
[2020-01-13T13:46:21.325+0000][1][safepoint    ] Entering safepoint region: Cleanup
[2020-01-13T13:46:21.326+0000][1][safepoint    ] Leaving safepoint region
[2020-01-13T13:46:21.326+0000][1][safepoint    ] Total time for which application threads were stopped: 0.0001041 seconds, Stopping threads took: 0.0000237 seconds
[2020-01-13T13:46:22.326+0000][1][safepoint    ] Application time: 1.0001864 seconds
[2020-01-13T13:46:22.326+0000][1][safepoint    ] Entering safepoint region: Cleanup
[2020-01-13T13:46:22.326+0000][1][safepoint    ] Leaving safepoint region
[2020-01-13T13:46:22.326+0000][1][safepoint    ] Total time for which application threads were stopped: 0.0001734 seconds, Stopping threads took: 0.0000462 seconds
[2020-01-13T13:46:23.326+0000][1][safepoint    ] Application time: 1.0000973 seconds
[2020-01-13T13:46:23.326+0000][1][safepoint    ] Entering safepoint region: Cleanup
[2020-01-13T13:46:23.326+0000][1][safepoint    ] Leaving safepoint region
[2020-01-13T13:46:23.326+0000][1][safepoint    ] Total time for which application threads were stopped: 0.0001161 seconds, Stopping threads took: 0.0000293 seconds
[2020-01-13T13:46:24.326+0000][1][safepoint    ] Application time: 1.0001012 seconds
[2020-01-13T13:46:24.326+0000][1][safepoint    ] Entering safepoint region: Cleanup
[2020-01-13T13:46:24.327+0000][1][safepoint    ] Leaving safepoint region
[2020-01-13T13:46:24.327+0000][1][safepoint    ] Total time for which application threads were stopped: 0.0001198 seconds, Stopping threads took: 0.0000244 seconds
[2020-01-13T13:46:25.327+0000][1][safepoint    ] Application time: 1.0001725 seconds
[2020-01-13T13:46:25.327+0000][1][safepoint    ] Entering safepoint region: Cleanup
[2020-01-13T13:46:25.327+0000][1][safepoint    ] Leaving safepoint region
[2020-01-13T13:46:25.327+0000][1][safepoint    ] Total time for which application threads were stopped: 0.0001432 seconds, Stopping threads took: 0.0000327 seconds
[2020-01-13T13:46:26.327+0000][1][safepoint    ] Application time: 1.0000853 seconds
[2020-01-13T13:46:26.327+0000][1][safepoint    ] Entering safepoint region: Cleanup
[2020-01-13T13:46:26.327+0000][1][safepoint    ] Leaving safepoint region
[2020-01-13T13:46:26.327+0000][1][safepoint    ] Total time for which application threads were stopped: 0.0001146 seconds, Stopping threads took: 0.0000202 seconds
[2020-01-13T13:46:27.327+0000][1][safepoint    ] Application time: 1.0001154 seconds
[2020-01-13T13:46:27.327+0000][1][safepoint    ] Entering safepoint region: Cleanup
[2020-01-13T13:46:27.328+0000][1][safepoint    ] Leaving safepoint region
[2020-01-13T13:46:27.328+0000][1][safepoint    ] Total time for which application threads were stopped: 0.0001691 seconds, Stopping threads took: 0.0000424 seconds
[2020-01-13T13:46:28.328+0000][1][safepoint    ] Application time: 1.0000884 seconds
[2020-01-13T13:46:28.328+0000][1][safepoint    ] Entering safepoint region: Cleanup
[2020-01-13T13:46:28.328+0000][1][safepoint    ] Leaving safepoint region
[2020-01-13T13:46:28.328+0000][1][safepoint    ] Total time for which application threads were stopped: 0.0000928 seconds, Stopping threads took: 0.0000182 seconds
[2020-01-13T13:46:29.328+0000][1][safepoint    ] Application time: 1.0000767 seconds
[2020-01-13T13:46:29.329+0000][1][safepoint    ] Entering safepoint region: Cleanup
[2020-01-13T13:46:29.329+0000][1][safepoint    ] Leaving safepoint region
[2020-01-13T13:46:29.329+0000][1][safepoint    ] Total time for which application threads were stopped: 0.0002422 seconds, Stopping threads took: 0.0001106 seconds
[2020-01-13T13:46:30.329+0000][1][safepoint    ] Application time: 1.0001036 seconds
[2020-01-13T13:46:30.329+0000][1][safepoint    ] Entering safepoint region: Cleanup
[2020-01-13T13:46:30.330+0000][1][safepoint    ] Leaving safepoint region
[2020-01-13T13:46:30.330+0000][1][safepoint    ] Total time for which application threads were stopped: 0.0001747 seconds, Stopping threads took: 0.0000198 seconds
[2020-01-13T13:46:31.330+0000][1][safepoint    ] Application time: 1.0001192 seconds
[2020-01-13T13:46:31.330+0000][1][safepoint    ] Entering safepoint region: Cleanup
[2020-01-13T13:46:31.330+0000][1][safepoint    ] Leaving safepoint region
[2020-01-13T13:46:31.330+0000][1][safepoint    ] Total time for which application threads were stopped: 0.0001097 seconds, Stopping threads took: 0.0000225 seconds
[2020-01-13T13:46:32.330+0000][1][safepoint    ] Application time: 1.0001260 seconds
[2020-01-13T13:46:32.330+0000][1][safepoint    ] Entering safepoint region: Cleanup
[2020-01-13T13:46:32.330+0000][1][safepoint    ] Leaving safepoint region
[2020-01-13T13:46:32.330+0000][1][safepoint    ] Total time for which application threads were stopped: 0.0001550 seconds, Stopping threads took: 0.0000331 seconds
[2020-01-13T13:46:33.330+0000][1][safepoint    ] Application time: 1.0001098 seconds
[2020-01-13T13:46:33.330+0000][1][safepoint    ] Entering safepoint region: Cleanup
[2020-01-13T13:46:33.331+0000][1][safepoint    ] Leaving safepoint region
[2020-01-13T13:46:33.331+0000][1][safepoint    ] Total time for which application threads were stopped: 0.0001237 seconds, Stopping threads took: 0.0000251 seconds
[2020-01-13T13:46:34.331+0000][1][safepoint    ] Application time: 1.0001417 seconds
[2020-01-13T13:46:34.332+0000][1][safepoint    ] Entering safepoint region: Cleanup
[2020-01-13T13:46:34.332+0000][1][safepoint    ] Leaving safepoint region
[2020-01-13T13:46:34.332+0000][1][safepoint    ] Total time for which application threads were stopped: 0.0001420 seconds, Stopping threads took: 0.0000564 seconds
[2020-01-13T13:46:35.195+0000][1][safepoint    ] Application time: 0.8634716 seconds
[2020-01-13T13:46:35.195+0000][1][safepoint    ] Entering safepoint region: RevokeBias
[2020-01-13T13:46:35.196+0000][1][safepoint    ] Leaving safepoint region
[2020-01-13T13:46:35.196+0000][1][safepoint    ] Total time for which application threads were stopped: 0.0002461 seconds, Stopping threads took: 0.0000851 seconds
[2020-01-13T13:46:36.196+0000][1][safepoint    ] Application time: 1.0001876 seconds
[2020-01-13T13:46:36.196+0000][1][safepoint    ] Entering safepoint region: Cleanup
[2020-01-13T13:46:36.196+0000][1][safepoint    ] Leaving safepoint region
[2020-01-13T13:46:36.196+0000][1][safepoint    ] Total time for which application threads were stopped: 0.0001837 seconds, Stopping threads took: 0.0000277 seconds
[2020-01-13T13:46:37.196+0000][1][safepoint    ] Application time: 1.0001519 seconds
[2020-01-13T13:46:37.196+0000][1][safepoint    ] Entering safepoint region: Cleanup
[2020-01-13T13:46:37.196+0000][1][safepoint    ] Leaving safepoint region
[2020-01-13T13:46:37.196+0000][1][safepoint    ] Total time for which application threads were stopped: 0.0001921 seconds, Stopping threads took: 0.0000634 seconds
[2020-01-13T13:46:38.197+0000][1][safepoint    ] Application time: 1.0001628 seconds
[2020-01-13T13:46:38.197+0000][1][safepoint    ] Entering safepoint region: Cleanup
[2020-01-13T13:46:38.197+0000][1][safepoint    ] Leaving safepoint region
[2020-01-13T13:46:38.197+0000][1][safepoint    ] Total time for which application threads were stopped: 0.0001687 seconds, Stopping threads took: 0.0000292 seconds
[2020-01-13T13:46:39.197+0000][1][safepoint    ] Application time: 1.0001573 seconds
[2020-01-13T13:46:39.197+0000][1][safepoint    ] Entering safepoint region: Cleanup
[2020-01-13T13:46:39.197+0000][1][safepoint    ] Leaving safepoint region
[2020-01-13T13:46:39.197+0000][1][safepoint    ] Total time for which application threads were stopped: 0.0002185 seconds, Stopping threads took: 0.0000397 seconds
[2020-01-13T13:46:40.199+0000][1][safepoint    ] Application time: 1.0020370 seconds
[2020-01-13T13:46:40.200+0000][1][safepoint    ] Entering safepoint region: Cleanup
[2020-01-13T13:46:40.200+0000][1][safepoint    ] Leaving safepoint region
[2020-01-13T13:46:40.200+0000][1][safepoint    ] Total time for which application threads were stopped: 0.0002167 seconds, Stopping threads took: 0.0000419 seconds
[2020-01-13T13:46:41.200+0000][1][safepoint    ] Application time: 1.0001521 seconds
[2020-01-13T13:46:41.200+0000][1][safepoint    ] Entering safepoint region: Cleanup
[2020-01-13T13:46:41.200+0000][1][safepoint    ] Leaving safepoint region
[2020-01-13T13:46:41.200+0000][1][safepoint    ] Total time for which application threads were stopped: 0.0001515 seconds, Stopping threads took: 0.0000284 seconds
[2020-01-13T13:46:42.200+0000][1][safepoint    ] Application time: 1.0001098 seconds
[2020-01-13T13:46:42.200+0000][1][safepoint    ] Entering safepoint region: Cleanup
[2020-01-13T13:46:42.200+0000][1][safepoint    ] Leaving safepoint region
[2020-01-13T13:46:42.200+0000][1][safepoint    ] Total time for which application threads were stopped: 0.0001435 seconds, Stopping threads took: 0.0000553 seconds
[2020-01-13T13:46:43.020+0000][1][safepoint    ] Application time: 0.8193000 seconds
[2020-01-13T13:46:43.020+0000][1][safepoint    ] Entering safepoint region: RevokeBias
[2020-01-13T13:46:43.020+0000][1][safepoint    ] Leaving safepoint region
[2020-01-13T13:46:43.020+0000][1][safepoint    ] Total time for which application threads were stopped: 0.0001086 seconds, Stopping threads took: 0.0000180 seconds
[2020-01-13T13:46:44.020+0000][1][safepoint    ] Application time: 1.0001338 seconds
[2020-01-13T13:46:44.020+0000][1][safepoint    ] Entering safepoint region: Cleanup
[2020-01-13T13:46:44.020+0000][1][safepoint    ] Leaving safepoint region
[2020-01-13T13:46:44.020+0000][1][safepoint    ] Total time for which application threads were stopped: 0.0001214 seconds, Stopping threads took: 0.0000294 seconds
[2020-01-13T13:46:45.020+0000][1][safepoint    ] Application time: 1.0001272 seconds
[2020-01-13T13:46:45.021+0000][1][safepoint    ] Entering safepoint region: Cleanup
[2020-01-13T13:46:45.021+0000][1][safepoint    ] Leaving safepoint region
[2020-01-13T13:46:45.021+0000][1][safepoint    ] Total time for which application threads were stopped: 0.0001515 seconds, Stopping threads took: 0.0000366 seconds
[2020-01-13T13:46:46.021+0000][1][safepoint    ] Application time: 1.0001585 seconds
[2020-01-13T13:46:46.021+0000][1][safepoint    ] Entering safepoint region: Cleanup
[2020-01-13T13:46:46.021+0000][1][safepoint    ] Leaving safepoint region
[2020-01-13T13:46:46.021+0000][1][safepoint    ] Total time for which application threads were stopped: 0.0002399 seconds, Stopping threads took: 0.0000410 seconds
[2020-01-13T13:46:47.021+0000][1][safepoint    ] Application time: 1.0001403 seconds
[2020-01-13T13:46:47.021+0000][1][safepoint    ] Entering safepoint region: Cleanup
[2020-01-13T13:46:47.022+0000][1][safepoint    ] Leaving safepoint region
[2020-01-13T13:46:47.022+0000][1][safepoint    ] Total time for which application threads were stopped: 0.0001903 seconds, Stopping threads took: 0.0000290 seconds
[2020-01-13T13:46:48.022+0000][1][safepoint    ] Application time: 1.0001106 seconds
[2020-01-13T13:46:48.022+0000][1][safepoint    ] Entering safepoint region: Cleanup
[2020-01-13T13:46:48.022+0000][1][safepoint    ] Leaving safepoint region
[2020-01-13T13:46:48.022+0000][1][safepoint    ] Total time for which application threads were stopped: 0.0001588 seconds, Stopping threads took: 0.0000380 seconds
[2020-01-13T13:46:49.022+0000][1][safepoint    ] Application time: 1.0001521 seconds
[2020-01-13T13:46:49.022+0000][1][safepoint    ] Entering safepoint region: Cleanup
[2020-01-13T13:46:49.022+0000][1][safepoint    ] Leaving safepoint region
[2020-01-13T13:46:49.022+0000][1][safepoint    ] Total time for which application threads were stopped: 0.0001618 seconds, Stopping threads took: 0.0000325 seconds
[2020-01-13T13:46:50.023+0000][1][safepoint    ] Application time: 1.0001684 seconds
[2020-01-13T13:46:50.023+0000][1][safepoint    ] Entering safepoint region: Cleanup
[2020-01-13T13:46:50.023+0000][1][safepoint    ] Leaving safepoint region
[2020-01-13T13:46:50.023+0000][1][safepoint    ] Total time for which application threads were stopped: 0.0001203 seconds, Stopping threads took: 0.0000351 seconds
[2020-01-13T13:46:51.023+0000][1][safepoint    ] Application time: 1.0001634 seconds
[2020-01-13T13:46:51.023+0000][1][safepoint    ] Entering safepoint region: Cleanup
[2020-01-13T13:46:51.023+0000][1][safepoint    ] Leaving safepoint region
[2020-01-13T13:46:51.023+0000][1][safepoint    ] Total time for which application threads were stopped: 0.0001238 seconds, Stopping threads took: 0.0000256 seconds
[2020-01-13T13:46:52.023+0000][1][safepoint    ] Application time: 1.0001515 seconds
[2020-01-13T13:46:52.023+0000][1][safepoint    ] Entering safepoint region: Cleanup
[2020-01-13T13:46:52.023+0000][1][safepoint    ] Leaving safepoint region
[2020-01-13T13:46:52.023+0000][1][safepoint    ] Total time for which application threads were stopped: 0.0001240 seconds, Stopping threads took: 0.0000277 seconds
[2020-01-13T13:46:52.229+0000][1][safepoint    ] Application time: 0.2052274 seconds
[2020-01-13T13:46:52.229+0000][1][safepoint    ] Entering safepoint region: GenCollectForAllocation
[2020-01-13T13:46:52.229+0000][1][gc,start     ] GC(23) Pause Young (Allocation Failure)
[2020-01-13T13:46:52.229+0000][1][gc,task      ] GC(23) Using 1 workers of 1 for evacuation
[2020-01-13T13:46:52.257+0000][1][gc,age       ] GC(23) Desired survivor size 4358144 bytes, new threshold 6 (max threshold 6)
[2020-01-13T13:46:52.257+0000][1][gc,age       ] GC(23) Age table with threshold 6 (max threshold 6)
[2020-01-13T13:46:52.257+0000][1][gc,age       ] GC(23) - age   1:     686936 bytes,     686936 total
[2020-01-13T13:46:52.257+0000][1][gc,age       ] GC(23) - age   2:    2020760 bytes,    2707696 total
[2020-01-13T13:46:52.257+0000][1][gc,heap      ] GC(23) ParNew: 76640K->4998K(76672K)
[2020-01-13T13:46:52.257+0000][1][gc,heap      ] GC(23) CMS: 62625K->65620K(176960K)
[2020-01-13T13:46:52.257+0000][1][gc,metaspace ] GC(23) Metaspace: 65389K->65389K(1110016K)
[2020-01-13T13:46:52.257+0000][1][gc           ] GC(23) Pause Young (Allocation Failure) 136M->68M(247M) 28.378ms
[2020-01-13T13:46:52.257+0000][1][gc,cpu       ] GC(23) User=0.03s Sys=0.00s Real=0.03s
[2020-01-13T13:46:52.257+0000][1][safepoint    ] Leaving safepoint region
[2020-01-13T13:46:52.257+0000][1][safepoint    ] Total time for which application threads were stopped: 0.0286252 seconds, Stopping threads took: 0.0000357 seconds
[2020-01-13T13:46:53.259+0000][1][safepoint    ] Application time: 1.0014265 seconds
[2020-01-13T13:46:53.259+0000][1][safepoint    ] Entering safepoint region: Cleanup
[2020-01-13T13:46:53.259+0000][1][safepoint    ] Leaving safepoint region
[2020-01-13T13:46:53.259+0000][1][safepoint    ] Total time for which application threads were stopped: 0.0001526 seconds, Stopping threads took: 0.0000298 seconds
[2020-01-13T13:46:54.259+0000][1][safepoint    ] Application time: 1.0000916 seconds
[2020-01-13T13:46:54.259+0000][1][safepoint    ] Entering safepoint region: Cleanup
[2020-01-13T13:46:54.259+0000][1][safepoint    ] Leaving safepoint region
[2020-01-13T13:46:54.259+0000][1][safepoint    ] Total time for which application threads were stopped: 0.0001389 seconds, Stopping threads took: 0.0000306 seconds
[2020-01-13T13:46:55.260+0000][1][safepoint    ] Application time: 1.0001342 seconds
[2020-01-13T13:46:55.260+0000][1][safepoint    ] Entering safepoint region: Cleanup
[2020-01-13T13:46:55.260+0000][1][safepoint    ] Leaving safepoint region
[2020-01-13T13:46:55.260+0000][1][safepoint    ] Total time for which application threads were stopped: 0.0001622 seconds, Stopping threads took: 0.0000356 seconds
[2020-01-13T13:46:56.260+0000][1][safepoint    ] Application time: 1.0001102 seconds
[2020-01-13T13:46:56.260+0000][1][safepoint    ] Entering safepoint region: Cleanup
[2020-01-13T13:46:56.260+0000][1][safepoint    ] Leaving safepoint region
[2020-01-13T13:46:56.260+0000][1][safepoint    ] Total time for which application threads were stopped: 0.0001327 seconds, Stopping threads took: 0.0000346 seconds
[2020-01-13T13:46:57.260+0000][1][safepoint    ] Application time: 1.0001271 seconds
[2020-01-13T13:46:57.260+0000][1][safepoint    ] Entering safepoint region: Cleanup
[2020-01-13T13:46:57.260+0000][1][safepoint    ] Leaving safepoint region
[2020-01-13T13:46:57.260+0000][1][safepoint    ] Total time for which application threads were stopped: 0.0001505 seconds, Stopping threads took: 0.0000277 seconds
[2020-01-13T13:46:58.261+0000][1][safepoint    ] Application time: 1.0001249 seconds
[2020-01-13T13:46:58.261+0000][1][safepoint    ] Entering safepoint region: Cleanup
[2020-01-13T13:46:58.261+0000][1][safepoint    ] Leaving safepoint region
[2020-01-13T13:46:58.261+0000][1][safepoint    ] Total time for which application threads were stopped: 0.0001877 seconds, Stopping threads took: 0.0000355 seconds
[2020-01-13T13:46:59.261+0000][1][safepoint    ] Application time: 1.0001644 seconds
[2020-01-13T13:46:59.262+0000][1][safepoint    ] Entering safepoint region: Cleanup
[2020-01-13T13:46:59.262+0000][1][safepoint    ] Leaving safepoint region
[2020-01-13T13:46:59.262+0000][1][safepoint    ] Total time for which application threads were stopped: 0.0002048 seconds, Stopping threads took: 0.0000535 seconds
[2020-01-13T13:47:00.263+0000][1][safepoint    ] Application time: 1.0001409 seconds
[2020-01-13T13:47:00.263+0000][1][safepoint    ] Entering safepoint region: Cleanup
[2020-01-13T13:47:00.263+0000][1][safepoint    ] Leaving safepoint region
[2020-01-13T13:47:00.263+0000][1][safepoint    ] Total time for which application threads were stopped: 0.0001580 seconds, Stopping threads took: 0.0000468 seconds
[2020-01-13T13:47:01.263+0000][1][safepoint    ] Application time: 1.0000819 seconds
[2020-01-13T13:47:01.263+0000][1][safepoint    ] Entering safepoint region: Cleanup
[2020-01-13T13:47:01.263+0000][1][safepoint    ] Leaving safepoint region
[2020-01-13T13:47:01.263+0000][1][safepoint    ] Total time for which application threads were stopped: 0.0000987 seconds, Stopping threads took: 0.0000206 seconds
[2020-01-13T13:47:02.263+0000][1][safepoint    ] Application time: 1.0001360 seconds
[2020-01-13T13:47:02.263+0000][1][safepoint    ] Entering safepoint region: Cleanup
[2020-01-13T13:47:02.263+0000][1][safepoint    ] Leaving safepoint region
[2020-01-13T13:47:02.263+0000][1][safepoint    ] Total time for which application threads were stopped: 0.0001569 seconds, Stopping threads took: 0.0000545 seconds
[2020-01-13T13:47:03.264+0000][1][safepoint    ] Application time: 1.0000938 seconds
[2020-01-13T13:47:03.264+0000][1][safepoint    ] Entering safepoint region: Cleanup
[2020-01-13T13:47:03.264+0000][1][safepoint    ] Leaving safepoint region
[2020-01-13T13:47:03.264+0000][1][safepoint    ] Total time for which application threads were stopped: 0.0001127 seconds, Stopping threads took: 0.0000243 seconds
[2020-01-13T13:47:04.264+0000][1][safepoint    ] Application time: 1.0001119 seconds
[2020-01-13T13:47:04.265+0000][1][safepoint    ] Entering safepoint region: Cleanup
[2020-01-13T13:47:04.265+0000][1][safepoint    ] Leaving safepoint region
[2020-01-13T13:47:04.265+0000][1][safepoint    ] Total time for which application threads were stopped: 0.0001826 seconds, Stopping threads took: 0.0000594 seconds
[2020-01-13T13:47:05.266+0000][1][safepoint    ] Application time: 1.0001920 seconds
[2020-01-13T13:47:05.266+0000][1][safepoint    ] Entering safepoint region: Cleanup
[2020-01-13T13:47:05.266+0000][1][safepoint    ] Leaving safepoint region
[2020-01-13T13:47:05.266+0000][1][safepoint    ] Total time for which application threads were stopped: 0.0001558 seconds, Stopping threads took: 0.0000461 seconds
[2020-01-13T13:47:06.266+0000][1][safepoint    ] Application time: 1.0001322 seconds
[2020-01-13T13:47:06.266+0000][1][safepoint    ] Entering safepoint region: Cleanup
[2020-01-13T13:47:06.266+0000][1][safepoint    ] Leaving safepoint region
[2020-01-13T13:47:06.266+0000][1][safepoint    ] Total time for which application threads were stopped: 0.0001157 seconds, Stopping threads took: 0.0000318 seconds
[2020-01-13T13:47:07.266+0000][1][safepoint    ] Application time: 1.0001491 seconds
[2020-01-13T13:47:07.266+0000][1][safepoint    ] Entering safepoint region: Cleanup
[2020-01-13T13:47:07.267+0000][1][safepoint    ] Leaving safepoint region
[2020-01-13T13:47:07.267+0000][1][safepoint    ] Total time for which application threads were stopped: 0.0002013 seconds, Stopping threads took: 0.0000307 seconds
[2020-01-13T13:47:08.267+0000][1][safepoint    ] Application time: 1.0001310 seconds
[2020-01-13T13:47:08.267+0000][1][safepoint    ] Entering safepoint region: Cleanup
[2020-01-13T13:47:08.267+0000][1][safepoint    ] Leaving safepoint region
[2020-01-13T13:47:08.267+0000][1][safepoint    ] Total time for which application threads were stopped: 0.0001422 seconds, Stopping threads took: 0.0000384 seconds
[2020-01-13T13:47:09.267+0000][1][safepoint    ] Application time: 1.0001145 seconds
[2020-01-13T13:47:09.268+0000][1][safepoint    ] Entering safepoint region: Cleanup
[2020-01-13T13:47:09.269+0000][1][safepoint    ] Leaving safepoint region
[2020-01-13T13:47:09.269+0000][1][safepoint    ] Total time for which application threads were stopped: 0.0002055 seconds, Stopping threads took: 0.0000847 seconds
[2020-01-13T13:47:10.269+0000][1][safepoint    ] Application time: 1.0001318 seconds
[2020-01-13T13:47:10.269+0000][1][safepoint    ] Entering safepoint region: Cleanup
[2020-01-13T13:47:10.269+0000][1][safepoint    ] Leaving safepoint region
[2020-01-13T13:47:10.269+0000][1][safepoint    ] Total time for which application threads were stopped: 0.0002044 seconds, Stopping threads took: 0.0000497 seconds
[2020-01-13T13:47:11.269+0000][1][safepoint    ] Application time: 1.0001335 seconds
[2020-01-13T13:47:11.269+0000][1][safepoint    ] Entering safepoint region: Cleanup
[2020-01-13T13:47:11.269+0000][1][safepoint    ] Leaving safepoint region
[2020-01-13T13:47:11.269+0000][1][safepoint    ] Total time for which application threads were stopped: 0.0001616 seconds, Stopping threads took: 0.0000279 seconds
[2020-01-13T13:47:12.270+0000][1][safepoint    ] Application time: 1.0001079 seconds
[2020-01-13T13:47:12.270+0000][1][safepoint    ] Entering safepoint region: Cleanup
[2020-01-13T13:47:12.270+0000][1][safepoint    ] Leaving safepoint region
[2020-01-13T13:47:12.270+0000][1][safepoint    ] Total time for which application threads were stopped: 0.0001392 seconds, Stopping threads took: 0.0000543 seconds
[2020-01-13T13:47:13.270+0000][1][safepoint    ] Application time: 1.0001183 seconds
[2020-01-13T13:47:13.270+0000][1][safepoint    ] Entering safepoint region: Cleanup
[2020-01-13T13:47:13.270+0000][1][safepoint    ] Leaving safepoint region
[2020-01-13T13:47:13.270+0000][1][safepoint    ] Total time for which application threads were stopped: 0.0002853 seconds, Stopping threads took: 0.0000364 seconds
[2020-01-13T13:47:14.271+0000][1][safepoint    ] Application time: 1.0002257 seconds
[2020-01-13T13:47:14.272+0000][1][safepoint    ] Entering safepoint region: Cleanup
[2020-01-13T13:47:14.272+0000][1][safepoint    ] Leaving safepoint region
[2020-01-13T13:47:14.272+0000][1][safepoint    ] Total time for which application threads were stopped: 0.0002130 seconds, Stopping threads took: 0.0000840 seconds
[2020-01-13T13:47:15.272+0000][1][safepoint    ] Application time: 1.0001893 seconds
[2020-01-13T13:47:15.272+0000][1][safepoint    ] Entering safepoint region: Cleanup
[2020-01-13T13:47:15.272+0000][1][safepoint    ] Leaving safepoint region
[2020-01-13T13:47:15.272+0000][1][safepoint    ] Total time for which application threads were stopped: 0.0001220 seconds, Stopping threads took: 0.0000270 seconds
[2020-01-13T13:47:16.272+0000][1][safepoint    ] Application time: 1.0001169 seconds
[2020-01-13T13:47:16.272+0000][1][safepoint    ] Entering safepoint region: Cleanup
[2020-01-13T13:47:16.273+0000][1][safepoint    ] Leaving safepoint region
[2020-01-13T13:47:16.273+0000][1][safepoint    ] Total time for which application threads were stopped: 0.0001814 seconds, Stopping threads took: 0.0000322 seconds
[2020-01-13T13:47:17.273+0000][1][safepoint    ] Application time: 1.0001436 seconds
[2020-01-13T13:47:17.273+0000][1][safepoint    ] Entering safepoint region: Cleanup
[2020-01-13T13:47:17.273+0000][1][safepoint    ] Leaving safepoint region
[2020-01-13T13:47:17.273+0000][1][safepoint    ] Total time for which application threads were stopped: 0.0001129 seconds, Stopping threads took: 0.0000272 seconds
[2020-01-13T13:47:18.273+0000][1][safepoint    ] Application time: 1.0001360 seconds
[2020-01-13T13:47:18.273+0000][1][safepoint    ] Entering safepoint region: Cleanup
[2020-01-13T13:47:18.273+0000][1][safepoint    ] Leaving safepoint region
[2020-01-13T13:47:18.273+0000][1][safepoint    ] Total time for which application threads were stopped: 0.0002056 seconds, Stopping threads took: 0.0000487 seconds
[2020-01-13T13:47:19.274+0000][1][safepoint    ] Application time: 1.0001233 seconds
[2020-01-13T13:47:19.274+0000][1][safepoint    ] Entering safepoint region: Cleanup
[2020-01-13T13:47:19.274+0000][1][safepoint    ] Leaving safepoint region
[2020-01-13T13:47:19.274+0000][1][safepoint    ] Total time for which application threads were stopped: 0.0001424 seconds, Stopping threads took: 0.0000273 seconds
[2020-01-13T13:47:20.274+0000][1][safepoint    ] Application time: 1.0000881 seconds
[2020-01-13T13:47:20.274+0000][1][safepoint    ] Entering safepoint region: Cleanup
[2020-01-13T13:47:20.274+0000][1][safepoint    ] Leaving safepoint region
[2020-01-13T13:47:20.274+0000][1][safepoint    ] Total time for which application threads were stopped: 0.0001505 seconds, Stopping threads took: 0.0000463 seconds
[2020-01-13T13:47:21.274+0000][1][safepoint    ] Application time: 1.0001919 seconds
[2020-01-13T13:47:21.274+0000][1][safepoint    ] Entering safepoint region: Cleanup
[2020-01-13T13:47:21.275+0000][1][safepoint    ] Leaving safepoint region
[2020-01-13T13:47:21.275+0000][1][safepoint    ] Total time for which application threads were stopped: 0.0001766 seconds, Stopping threads took: 0.0000372 seconds
[2020-01-13T13:47:22.275+0000][1][safepoint    ] Application time: 1.0001557 seconds
[2020-01-13T13:47:22.275+0000][1][safepoint    ] Entering safepoint region: Cleanup
[2020-01-13T13:47:22.275+0000][1][safepoint    ] Leaving safepoint region
[2020-01-13T13:47:22.275+0000][1][safepoint    ] Total time for which application threads were stopped: 0.0001314 seconds, Stopping threads took: 0.0000302 seconds
[2020-01-13T13:47:23.275+0000][1][safepoint    ] Application time: 1.0001251 seconds
[2020-01-13T13:47:23.275+0000][1][safepoint    ] Entering safepoint region: Cleanup
[2020-01-13T13:47:23.275+0000][1][safepoint    ] Leaving safepoint region
[2020-01-13T13:47:23.275+0000][1][safepoint    ] Total time for which application threads were stopped: 0.0001292 seconds, Stopping threads took: 0.0000274 seconds
[2020-01-13T13:47:24.275+0000][1][safepoint    ] Application time: 1.0001152 seconds
[2020-01-13T13:47:24.275+0000][1][safepoint    ] Entering safepoint region: Cleanup
[2020-01-13T13:47:24.276+0000][1][safepoint    ] Leaving safepoint region
[2020-01-13T13:47:24.276+0000][1][safepoint    ] Total time for which application threads were stopped: 0.0001698 seconds, Stopping threads took: 0.0000350 seconds
[2020-01-13T13:47:25.276+0000][1][safepoint    ] Application time: 1.0001471 seconds
[2020-01-13T13:47:25.276+0000][1][safepoint    ] Entering safepoint region: Cleanup
[2020-01-13T13:47:25.276+0000][1][safepoint    ] Leaving safepoint region
[2020-01-13T13:47:25.276+0000][1][safepoint    ] Total time for which application threads were stopped: 0.0002163 seconds, Stopping threads took: 0.0000436 seconds
[2020-01-13T13:47:26.276+0000][1][safepoint    ] Application time: 1.0001563 seconds
[2020-01-13T13:47:26.276+0000][1][safepoint    ] Entering safepoint region: Cleanup
[2020-01-13T13:47:26.276+0000][1][safepoint    ] Leaving safepoint region
[2020-01-13T13:47:26.276+0000][1][safepoint    ] Total time for which application threads were stopped: 0.0001285 seconds, Stopping threads took: 0.0000286 seconds
[2020-01-13T13:47:27.277+0000][1][safepoint    ] Application time: 1.0001535 seconds
[2020-01-13T13:47:27.277+0000][1][safepoint    ] Entering safepoint region: Cleanup
[2020-01-13T13:47:27.277+0000][1][safepoint    ] Leaving safepoint region
[2020-01-13T13:47:27.277+0000][1][safepoint    ] Total time for which application threads were stopped: 0.0001440 seconds, Stopping threads took: 0.0000337 seconds
[2020-01-13T13:47:28.277+0000][1][safepoint    ] Application time: 1.0001832 seconds
[2020-01-13T13:47:28.277+0000][1][safepoint    ] Entering safepoint region: Cleanup
[2020-01-13T13:47:28.277+0000][1][safepoint    ] Leaving safepoint region
[2020-01-13T13:47:28.277+0000][1][safepoint    ] Total time for which application threads were stopped: 0.0001416 seconds, Stopping threads took: 0.0000279 seconds
[2020-01-13T13:47:29.277+0000][1][safepoint    ] Application time: 1.0001473 seconds
[2020-01-13T13:47:29.278+0000][1][safepoint    ] Entering safepoint region: Cleanup
[2020-01-13T13:47:29.278+0000][1][safepoint    ] Leaving safepoint region
[2020-01-13T13:47:29.278+0000][1][safepoint    ] Total time for which application threads were stopped: 0.0001334 seconds, Stopping threads took: 0.0000364 seconds
[2020-01-13T13:47:29.775+0000][1][safepoint    ] Application time: 0.4966581 seconds
[2020-01-13T13:47:29.775+0000][1][safepoint    ] Entering safepoint region: GenCollectForAllocation
[2020-01-13T13:47:29.775+0000][1][gc,start     ] GC(24) Pause Young (Allocation Failure)
[2020-01-13T13:47:29.776+0000][1][gc,task      ] GC(24) Using 1 workers of 1 for evacuation
[2020-01-13T13:47:29.793+0000][1][gc,age       ] GC(24) Desired survivor size 4358144 bytes, new threshold 6 (max threshold 6)
[2020-01-13T13:47:29.793+0000][1][gc,age       ] GC(24) Age table with threshold 6 (max threshold 6)
[2020-01-13T13:47:29.793+0000][1][gc,age       ] GC(24) - age   1:     605352 bytes,     605352 total
[2020-01-13T13:47:29.793+0000][1][gc,age       ] GC(24) - age   2:      92288 bytes,     697640 total
[2020-01-13T13:47:29.793+0000][1][gc,age       ] GC(24) - age   3:    2020624 bytes,    2718264 total
[2020-01-13T13:47:29.793+0000][1][gc,heap      ] GC(24) ParNew: 73158K->4482K(76672K)
[2020-01-13T13:47:29.793+0000][1][gc,heap      ] GC(24) CMS: 65620K->65620K(176960K)
[2020-01-13T13:47:29.793+0000][1][gc,metaspace ] GC(24) Metaspace: 65489K->65489K(1110016K)
[2020-01-13T13:47:29.793+0000][1][gc           ] GC(24) Pause Young (Allocation Failure) 135M->68M(247M) 17.343ms
[2020-01-13T13:47:29.793+0000][1][gc,cpu       ] GC(24) User=0.02s Sys=0.00s Real=0.02s
[2020-01-13T13:47:29.793+0000][1][safepoint    ] Leaving safepoint region
[2020-01-13T13:47:29.793+0000][1][safepoint    ] Total time for which application threads were stopped: 0.0176555 seconds, Stopping threads took: 0.0000573 seconds
[2020-01-13T13:47:30.798+0000][1][safepoint    ] Application time: 1.0055783 seconds
[2020-01-13T13:47:30.799+0000][1][safepoint    ] Entering safepoint region: Cleanup
[2020-01-13T13:47:30.799+0000][1][safepoint    ] Leaving safepoint region
[2020-01-13T13:47:30.799+0000][1][safepoint    ] Total time for which application threads were stopped: 0.0001522 seconds, Stopping threads took: 0.0000370 seconds
[2020-01-13T13:47:31.799+0000][1][safepoint    ] Application time: 1.0001479 seconds
[2020-01-13T13:47:31.799+0000][1][safepoint    ] Entering safepoint region: Cleanup
[2020-01-13T13:47:31.799+0000][1][safepoint    ] Leaving safepoint region
[2020-01-13T13:47:31.799+0000][1][safepoint    ] Total time for which application threads were stopped: 0.0001225 seconds, Stopping threads took: 0.0000219 seconds
[2020-01-13T13:47:32.800+0000][1][safepoint    ] Application time: 1.0004804 seconds
[2020-01-13T13:47:32.800+0000][1][safepoint    ] Entering safepoint region: Cleanup
[2020-01-13T13:47:32.800+0000][1][safepoint    ] Leaving safepoint region
[2020-01-13T13:47:32.800+0000][1][safepoint    ] Total time for which application threads were stopped: 0.0001338 seconds, Stopping threads took: 0.0000277 seconds
[2020-01-13T13:47:33.800+0000][1][safepoint    ] Application time: 1.0003517 seconds
[2020-01-13T13:47:33.800+0000][1][safepoint    ] Entering safepoint region: Cleanup
[2020-01-13T13:47:33.800+0000][1][safepoint    ] Leaving safepoint region
[2020-01-13T13:47:33.800+0000][1][safepoint    ] Total time for which application threads were stopped: 0.0001018 seconds, Stopping threads took: 0.0000202 seconds
[2020-01-13T13:47:34.800+0000][1][safepoint    ] Application time: 1.0000675 seconds
[2020-01-13T13:47:34.802+0000][1][safepoint    ] Entering safepoint region: Cleanup
[2020-01-13T13:47:34.803+0000][1][safepoint    ] Leaving safepoint region
[2020-01-13T13:47:34.803+0000][1][safepoint    ] Total time for which application threads were stopped: 0.0021471 seconds, Stopping threads took: 0.0020227 seconds
[2020-01-13T13:47:35.803+0000][1][safepoint    ] Application time: 1.0001572 seconds
[2020-01-13T13:47:35.803+0000][1][safepoint    ] Entering safepoint region: Cleanup
[2020-01-13T13:47:35.803+0000][1][safepoint    ] Leaving safepoint region
[2020-01-13T13:47:35.803+0000][1][safepoint    ] Total time for which application threads were stopped: 0.0001090 seconds, Stopping threads took: 0.0000293 seconds
[2020-01-13T13:47:36.803+0000][1][safepoint    ] Application time: 1.0001427 seconds
[2020-01-13T13:47:36.803+0000][1][safepoint    ] Entering safepoint region: Cleanup
[2020-01-13T13:47:36.803+0000][1][safepoint    ] Leaving safepoint region
[2020-01-13T13:47:36.803+0000][1][safepoint    ] Total time for which application threads were stopped: 0.0001216 seconds, Stopping threads took: 0.0000333 seconds
[2020-01-13T13:47:37.804+0000][1][safepoint    ] Application time: 1.0001584 seconds
[2020-01-13T13:47:37.804+0000][1][safepoint    ] Entering safepoint region: Cleanup
[2020-01-13T13:47:37.804+0000][1][safepoint    ] Leaving safepoint region
[2020-01-13T13:47:37.804+0000][1][safepoint    ] Total time for which application threads were stopped: 0.0002087 seconds, Stopping threads took: 0.0000367 seconds
[2020-01-13T13:47:38.804+0000][1][safepoint    ] Application time: 1.0001497 seconds
[2020-01-13T13:47:38.804+0000][1][safepoint    ] Entering safepoint region: Cleanup
[2020-01-13T13:47:38.804+0000][1][safepoint    ] Leaving safepoint region
[2020-01-13T13:47:38.804+0000][1][safepoint    ] Total time for which application threads were stopped: 0.0001245 seconds, Stopping threads took: 0.0000330 seconds
[2020-01-13T13:47:39.804+0000][1][safepoint    ] Application time: 1.0001088 seconds
[2020-01-13T13:47:39.805+0000][1][safepoint    ] Entering safepoint region: Cleanup
[2020-01-13T13:47:39.805+0000][1][safepoint    ] Leaving safepoint region
[2020-01-13T13:47:39.805+0000][1][safepoint    ] Total time for which application threads were stopped: 0.0001703 seconds, Stopping threads took: 0.0000529 seconds
[2020-01-13T13:47:40.806+0000][1][safepoint    ] Application time: 1.0001648 seconds
[2020-01-13T13:47:40.806+0000][1][safepoint    ] Entering safepoint region: Cleanup
[2020-01-13T13:47:40.806+0000][1][safepoint    ] Leaving safepoint region
[2020-01-13T13:47:40.806+0000][1][safepoint    ] Total time for which application threads were stopped: 0.0001565 seconds, Stopping threads took: 0.0000544 seconds
[2020-01-13T13:47:41.806+0000][1][safepoint    ] Application time: 1.0001158 seconds
[2020-01-13T13:47:41.806+0000][1][safepoint    ] Entering safepoint region: Cleanup
[2020-01-13T13:47:41.806+0000][1][safepoint    ] Leaving safepoint region
[2020-01-13T13:47:41.806+0000][1][safepoint    ] Total time for which application threads were stopped: 0.0001600 seconds, Stopping threads took: 0.0000570 seconds
[2020-01-13T13:47:42.806+0000][1][safepoint    ] Application time: 1.0001690 seconds
[2020-01-13T13:47:42.806+0000][1][safepoint    ] Entering safepoint region: Cleanup
[2020-01-13T13:47:42.807+0000][1][safepoint    ] Leaving safepoint region
[2020-01-13T13:47:42.807+0000][1][safepoint    ] Total time for which application threads were stopped: 0.0001454 seconds, Stopping threads took: 0.0000317 seconds
[2020-01-13T13:47:43.807+0000][1][safepoint    ] Application time: 1.0001648 seconds
[2020-01-13T13:47:43.807+0000][1][safepoint    ] Entering safepoint region: Cleanup
[2020-01-13T13:47:43.807+0000][1][safepoint    ] Leaving safepoint region
[2020-01-13T13:47:43.807+0000][1][safepoint    ] Total time for which application threads were stopped: 0.0001122 seconds, Stopping threads took: 0.0000276 seconds
[2020-01-13T13:47:44.807+0000][1][safepoint    ] Application time: 1.0000985 seconds
[2020-01-13T13:47:44.808+0000][1][safepoint    ] Entering safepoint region: Cleanup
[2020-01-13T13:47:44.808+0000][1][safepoint    ] Leaving safepoint region
[2020-01-13T13:47:44.808+0000][1][safepoint    ] Total time for which application threads were stopped: 0.0001807 seconds, Stopping threads took: 0.0000473 seconds
[2020-01-13T13:47:45.808+0000][1][safepoint    ] Application time: 1.0001569 seconds
[2020-01-13T13:47:45.809+0000][1][safepoint    ] Entering safepoint region: Cleanup
[2020-01-13T13:47:45.809+0000][1][safepoint    ] Leaving safepoint region
[2020-01-13T13:47:45.809+0000][1][safepoint    ] Total time for which application threads were stopped: 0.0001433 seconds, Stopping threads took: 0.0000417 seconds
[2020-01-13T13:47:46.809+0000][1][safepoint    ] Application time: 1.0001724 seconds
[2020-01-13T13:47:46.809+0000][1][safepoint    ] Entering safepoint region: Cleanup
[2020-01-13T13:47:46.809+0000][1][safepoint    ] Leaving safepoint region
[2020-01-13T13:47:46.809+0000][1][safepoint    ] Total time for which application threads were stopped: 0.0001562 seconds, Stopping threads took: 0.0000376 seconds
[2020-01-13T13:47:47.809+0000][1][safepoint    ] Application time: 1.0002006 seconds
[2020-01-13T13:47:47.810+0000][1][safepoint    ] Entering safepoint region: Cleanup
[2020-01-13T13:47:47.810+0000][1][safepoint    ] Leaving safepoint region
[2020-01-13T13:47:47.810+0000][1][safepoint    ] Total time for which application threads were stopped: 0.0003642 seconds, Stopping threads took: 0.0001139 seconds
[2020-01-13T13:47:48.810+0000][1][safepoint    ] Application time: 1.0001601 seconds
[2020-01-13T13:47:48.810+0000][1][safepoint    ] Entering safepoint region: Cleanup
[2020-01-13T13:47:48.810+0000][1][safepoint    ] Leaving safepoint region
[2020-01-13T13:47:48.810+0000][1][safepoint    ] Total time for which application threads were stopped: 0.0001250 seconds, Stopping threads took: 0.0000283 seconds
[2020-01-13T13:47:49.810+0000][1][safepoint    ] Application time: 1.0000762 seconds
[2020-01-13T13:47:49.811+0000][1][safepoint    ] Entering safepoint region: Cleanup
[2020-01-13T13:47:49.812+0000][1][safepoint    ] Leaving safepoint region
[2020-01-13T13:47:49.812+0000][1][safepoint    ] Total time for which application threads were stopped: 0.0010746 seconds, Stopping threads took: 0.0009676 seconds
[2020-01-13T13:47:50.812+0000][1][safepoint    ] Application time: 1.0001817 seconds
[2020-01-13T13:47:50.812+0000][1][safepoint    ] Entering safepoint region: Cleanup
[2020-01-13T13:47:50.812+0000][1][safepoint    ] Leaving safepoint region
[2020-01-13T13:47:50.812+0000][1][safepoint    ] Total time for which application threads were stopped: 0.0001475 seconds, Stopping threads took: 0.0000540 seconds
[2020-01-13T13:47:51.812+0000][1][safepoint    ] Application time: 1.0001600 seconds
[2020-01-13T13:47:51.812+0000][1][safepoint    ] Entering safepoint region: Cleanup
[2020-01-13T13:47:51.812+0000][1][safepoint    ] Leaving safepoint region
[2020-01-13T13:47:51.812+0000][1][safepoint    ] Total time for which application threads were stopped: 0.0001889 seconds, Stopping threads took: 0.0000282 seconds
[2020-01-13T13:47:52.813+0000][1][safepoint    ] Application time: 1.0001599 seconds
[2020-01-13T13:47:52.813+0000][1][safepoint    ] Entering safepoint region: Cleanup
[2020-01-13T13:47:52.813+0000][1][safepoint    ] Leaving safepoint region
[2020-01-13T13:47:52.813+0000][1][safepoint    ] Total time for which application threads were stopped: 0.0001753 seconds, Stopping threads took: 0.0000332 seconds
[2020-01-13T13:47:53.813+0000][1][safepoint    ] Application time: 1.0001647 seconds
[2020-01-13T13:47:53.813+0000][1][safepoint    ] Entering safepoint region: Cleanup
[2020-01-13T13:47:53.813+0000][1][safepoint    ] Leaving safepoint region
[2020-01-13T13:47:53.813+0000][1][safepoint    ] Total time for which application threads were stopped: 0.0001110 seconds, Stopping threads took: 0.0000293 seconds
[2020-01-13T13:47:54.813+0000][1][safepoint    ] Application time: 1.0001999 seconds
[2020-01-13T13:47:54.813+0000][1][safepoint    ] Entering safepoint region: Cleanup
[2020-01-13T13:47:54.814+0000][1][safepoint    ] Leaving safepoint region
[2020-01-13T13:47:54.814+0000][1][safepoint    ] Total time for which application threads were stopped: 0.0001044 seconds, Stopping threads took: 0.0000274 seconds
[2020-01-13T13:47:55.814+0000][1][safepoint    ] Application time: 1.0002679 seconds
[2020-01-13T13:47:55.814+0000][1][safepoint    ] Entering safepoint region: Cleanup
[2020-01-13T13:47:55.814+0000][1][safepoint    ] Leaving safepoint region
[2020-01-13T13:47:55.814+0000][1][safepoint    ] Total time for which application threads were stopped: 0.0001252 seconds, Stopping threads took: 0.0000270 seconds
[2020-01-13T13:47:56.814+0000][1][safepoint    ] Application time: 1.0001529 seconds
[2020-01-13T13:47:56.814+0000][1][safepoint    ] Entering safepoint region: Cleanup
[2020-01-13T13:47:56.814+0000][1][safepoint    ] Leaving safepoint region
[2020-01-13T13:47:56.814+0000][1][safepoint    ] Total time for which application threads were stopped: 0.0001571 seconds, Stopping threads took: 0.0000559 seconds
[2020-01-13T13:47:57.815+0000][1][safepoint    ] Application time: 1.0001677 seconds
[2020-01-13T13:47:57.815+0000][1][safepoint    ] Entering safepoint region: Cleanup
[2020-01-13T13:47:57.815+0000][1][safepoint    ] Leaving safepoint region
[2020-01-13T13:47:57.815+0000][1][safepoint    ] Total time for which application threads were stopped: 0.0001104 seconds, Stopping threads took: 0.0000305 seconds
[2020-01-13T13:47:58.815+0000][1][safepoint    ] Application time: 1.0001643 seconds
[2020-01-13T13:47:58.815+0000][1][safepoint    ] Entering safepoint region: Cleanup
[2020-01-13T13:47:58.815+0000][1][safepoint    ] Leaving safepoint region
[2020-01-13T13:47:58.815+0000][1][safepoint    ] Total time for which application threads were stopped: 0.0001843 seconds, Stopping threads took: 0.0000427 seconds
[2020-01-13T13:47:59.815+0000][1][safepoint    ] Application time: 1.0001795 seconds
[2020-01-13T13:47:59.816+0000][1][safepoint    ] Entering safepoint region: Cleanup
[2020-01-13T13:47:59.817+0000][1][safepoint    ] Leaving safepoint region
[2020-01-13T13:47:59.817+0000][1][safepoint    ] Total time for which application threads were stopped: 0.0001348 seconds, Stopping threads took: 0.0000545 seconds
[2020-01-13T13:48:00.817+0000][1][safepoint    ] Application time: 1.0001552 seconds
[2020-01-13T13:48:00.817+0000][1][safepoint    ] Entering safepoint region: Cleanup
[2020-01-13T13:48:00.817+0000][1][safepoint    ] Leaving safepoint region
[2020-01-13T13:48:00.817+0000][1][safepoint    ] Total time for which application threads were stopped: 0.0001366 seconds, Stopping threads took: 0.0000441 seconds
[2020-01-13T13:48:01.817+0000][1][safepoint    ] Application time: 1.0002198 seconds
[2020-01-13T13:48:01.817+0000][1][safepoint    ] Entering safepoint region: Cleanup
[2020-01-13T13:48:01.817+0000][1][safepoint    ] Leaving safepoint region
[2020-01-13T13:48:01.817+0000][1][safepoint    ] Total time for which application threads were stopped: 0.0001344 seconds, Stopping threads took: 0.0000271 seconds
[2020-01-13T13:48:02.818+0000][1][safepoint    ] Application time: 1.0001558 seconds
[2020-01-13T13:48:02.818+0000][1][safepoint    ] Entering safepoint region: Cleanup
[2020-01-13T13:48:02.818+0000][1][safepoint    ] Leaving safepoint region
[2020-01-13T13:48:02.818+0000][1][safepoint    ] Total time for which application threads were stopped: 0.0001453 seconds, Stopping threads took: 0.0000339 seconds
[2020-01-13T13:48:03.818+0000][1][safepoint    ] Application time: 1.0001531 seconds
[2020-01-13T13:48:03.818+0000][1][safepoint    ] Entering safepoint region: Cleanup
[2020-01-13T13:48:03.818+0000][1][safepoint    ] Leaving safepoint region
[2020-01-13T13:48:03.818+0000][1][safepoint    ] Total time for which application threads were stopped: 0.0001480 seconds, Stopping threads took: 0.0000307 seconds
[2020-01-13T13:48:04.818+0000][1][safepoint    ] Application time: 1.0001489 seconds
[2020-01-13T13:48:04.819+0000][1][safepoint    ] Entering safepoint region: Cleanup
[2020-01-13T13:48:04.819+0000][1][safepoint    ] Leaving safepoint region
[2020-01-13T13:48:04.819+0000][1][safepoint    ] Total time for which application threads were stopped: 0.0001583 seconds, Stopping threads took: 0.0000512 seconds
[2020-01-13T13:48:05.820+0000][1][safepoint    ] Application time: 1.0001462 seconds
[2020-01-13T13:48:05.820+0000][1][safepoint    ] Entering safepoint region: Cleanup
[2020-01-13T13:48:05.820+0000][1][safepoint    ] Leaving safepoint region
[2020-01-13T13:48:05.820+0000][1][safepoint    ] Total time for which application threads were stopped: 0.0001358 seconds, Stopping threads took: 0.0000346 seconds
[2020-01-13T13:48:06.820+0000][1][safepoint    ] Application time: 1.0001595 seconds
[2020-01-13T13:48:06.820+0000][1][safepoint    ] Entering safepoint region: Cleanup
[2020-01-13T13:48:06.820+0000][1][safepoint    ] Leaving safepoint region
[2020-01-13T13:48:06.820+0000][1][safepoint    ] Total time for which application threads were stopped: 0.0001197 seconds, Stopping threads took: 0.0000369 seconds
[2020-01-13T13:48:07.304+0000][1][safepoint    ] Application time: 0.4841738 seconds
[2020-01-13T13:48:07.304+0000][1][safepoint    ] Entering safepoint region: GenCollectForAllocation
[2020-01-13T13:48:07.305+0000][1][gc,start     ] GC(25) Pause Young (Allocation Failure)
[2020-01-13T13:48:07.305+0000][1][gc,task      ] GC(25) Using 1 workers of 1 for evacuation
[2020-01-13T13:48:07.320+0000][1][gc,age       ] GC(25) Desired survivor size 4358144 bytes, new threshold 6 (max threshold 6)
[2020-01-13T13:48:07.320+0000][1][gc,age       ] GC(25) Age table with threshold 6 (max threshold 6)
[2020-01-13T13:48:07.320+0000][1][gc,age       ] GC(25) - age   1:     640880 bytes,     640880 total
[2020-01-13T13:48:07.320+0000][1][gc,age       ] GC(25) - age   2:      10832 bytes,     651712 total
[2020-01-13T13:48:07.320+0000][1][gc,age       ] GC(25) - age   3:      92288 bytes,     744000 total
[2020-01-13T13:48:07.320+0000][1][gc,age       ] GC(25) - age   4:    2020624 bytes,    2764624 total
[2020-01-13T13:48:07.320+0000][1][gc,heap      ] GC(25) ParNew: 72642K->3111K(76672K)
[2020-01-13T13:48:07.320+0000][1][gc,heap      ] GC(25) CMS: 65620K->65620K(176960K)
[2020-01-13T13:48:07.320+0000][1][gc,metaspace ] GC(25) Metaspace: 65650K->65650K(1110016K)
[2020-01-13T13:48:07.320+0000][1][gc           ] GC(25) Pause Young (Allocation Failure) 135M->67M(247M) 15.275ms
[2020-01-13T13:48:07.320+0000][1][gc,cpu       ] GC(25) User=0.01s Sys=0.00s Real=0.02s
[2020-01-13T13:48:07.320+0000][1][safepoint    ] Leaving safepoint region
[2020-01-13T13:48:07.320+0000][1][safepoint    ] Total time for which application threads were stopped: 0.0155225 seconds, Stopping threads took: 0.0000520 seconds
[2020-01-13T13:48:08.326+0000][1][safepoint    ] Application time: 1.0057595 seconds
[2020-01-13T13:48:08.326+0000][1][safepoint    ] Entering safepoint region: Cleanup
[2020-01-13T13:48:08.326+0000][1][safepoint    ] Leaving safepoint region
[2020-01-13T13:48:08.326+0000][1][safepoint    ] Total time for which application threads were stopped: 0.0001204 seconds, Stopping threads took: 0.0000289 seconds
[2020-01-13T13:48:09.326+0000][1][safepoint    ] Application time: 1.0001328 seconds
[2020-01-13T13:48:09.326+0000][1][safepoint    ] Entering safepoint region: Cleanup
[2020-01-13T13:48:09.326+0000][1][safepoint    ] Leaving safepoint region
[2020-01-13T13:48:09.326+0000][1][safepoint    ] Total time for which application threads were stopped: 0.0001049 seconds, Stopping threads took: 0.0000275 seconds
[2020-01-13T13:48:10.326+0000][1][safepoint    ] Application time: 1.0001762 seconds
[2020-01-13T13:48:10.326+0000][1][safepoint    ] Entering safepoint region: Cleanup
[2020-01-13T13:48:10.327+0000][1][safepoint    ] Leaving safepoint region
[2020-01-13T13:48:10.327+0000][1][safepoint    ] Total time for which application threads were stopped: 0.0001167 seconds, Stopping threads took: 0.0000272 seconds
[2020-01-13T13:48:11.327+0000][1][safepoint    ] Application time: 1.0001153 seconds
[2020-01-13T13:48:11.327+0000][1][safepoint    ] Entering safepoint region: Cleanup
[2020-01-13T13:48:11.327+0000][1][safepoint    ] Leaving safepoint region
[2020-01-13T13:48:11.327+0000][1][safepoint    ] Total time for which application threads were stopped: 0.0001162 seconds, Stopping threads took: 0.0000252 seconds
[2020-01-13T13:48:12.327+0000][1][safepoint    ] Application time: 1.0001348 seconds
[2020-01-13T13:48:12.327+0000][1][safepoint    ] Entering safepoint region: Cleanup
[2020-01-13T13:48:12.327+0000][1][safepoint    ] Leaving safepoint region
[2020-01-13T13:48:12.327+0000][1][safepoint    ] Total time for which application threads were stopped: 0.0001080 seconds, Stopping threads took: 0.0000225 seconds
[2020-01-13T13:48:13.327+0000][1][safepoint    ] Application time: 1.0000858 seconds
[2020-01-13T13:48:13.327+0000][1][safepoint    ] Entering safepoint region: Cleanup
[2020-01-13T13:48:13.327+0000][1][safepoint    ] Leaving safepoint region
[2020-01-13T13:48:13.327+0000][1][safepoint    ] Total time for which application threads were stopped: 0.0001215 seconds, Stopping threads took: 0.0000280 seconds
[2020-01-13T13:48:14.328+0000][1][safepoint    ] Application time: 1.0001030 seconds
[2020-01-13T13:48:14.328+0000][1][safepoint    ] Entering safepoint region: Cleanup
[2020-01-13T13:48:14.328+0000][1][safepoint    ] Leaving safepoint region
[2020-01-13T13:48:14.328+0000][1][safepoint    ] Total time for which application threads were stopped: 0.0001211 seconds, Stopping threads took: 0.0000215 seconds
[2020-01-13T13:48:15.328+0000][1][safepoint    ] Application time: 1.0000799 seconds
[2020-01-13T13:48:15.329+0000][1][safepoint    ] Entering safepoint region: Cleanup
[2020-01-13T13:48:15.329+0000][1][safepoint    ] Leaving safepoint region
[2020-01-13T13:48:15.329+0000][1][safepoint    ] Total time for which application threads were stopped: 0.0001099 seconds, Stopping threads took: 0.0000326 seconds
[2020-01-13T13:48:16.329+0000][1][safepoint    ] Application time: 1.0001173 seconds
[2020-01-13T13:48:16.329+0000][1][safepoint    ] Entering safepoint region: Cleanup
[2020-01-13T13:48:16.329+0000][1][safepoint    ] Leaving safepoint region
[2020-01-13T13:48:16.329+0000][1][safepoint    ] Total time for which application threads were stopped: 0.0001129 seconds, Stopping threads took: 0.0000279 seconds
[2020-01-13T13:48:17.329+0000][1][safepoint    ] Application time: 1.0001411 seconds
[2020-01-13T13:48:17.329+0000][1][safepoint    ] Entering safepoint region: Cleanup
[2020-01-13T13:48:17.330+0000][1][safepoint    ] Leaving safepoint region
[2020-01-13T13:48:17.330+0000][1][safepoint    ] Total time for which application threads were stopped: 0.0002279 seconds, Stopping threads took: 0.0001344 seconds
[2020-01-13T13:48:18.330+0000][1][safepoint    ] Application time: 1.0000804 seconds
[2020-01-13T13:48:18.330+0000][1][safepoint    ] Entering safepoint region: Cleanup
[2020-01-13T13:48:18.330+0000][1][safepoint    ] Leaving safepoint region
[2020-01-13T13:48:18.330+0000][1][safepoint    ] Total time for which application threads were stopped: 0.0000950 seconds, Stopping threads took: 0.0000224 seconds
[2020-01-13T13:48:19.330+0000][1][safepoint    ] Application time: 1.0000989 seconds
[2020-01-13T13:48:19.330+0000][1][safepoint    ] Entering safepoint region: Cleanup
[2020-01-13T13:48:19.330+0000][1][safepoint    ] Leaving safepoint region
[2020-01-13T13:48:19.330+0000][1][safepoint    ] Total time for which application threads were stopped: 0.0001537 seconds, Stopping threads took: 0.0000354 seconds
[2020-01-13T13:48:20.330+0000][1][safepoint    ] Application time: 1.0001690 seconds
[2020-01-13T13:48:20.330+0000][1][safepoint    ] Entering safepoint region: Cleanup
[2020-01-13T13:48:20.330+0000][1][safepoint    ] Leaving safepoint region
[2020-01-13T13:48:20.330+0000][1][safepoint    ] Total time for which application threads were stopped: 0.0001152 seconds, Stopping threads took: 0.0000279 seconds
[2020-01-13T13:48:21.331+0000][1][safepoint    ] Application time: 1.0001242 seconds
[2020-01-13T13:48:21.331+0000][1][safepoint    ] Entering safepoint region: Cleanup
[2020-01-13T13:48:21.331+0000][1][safepoint    ] Leaving safepoint region
[2020-01-13T13:48:21.331+0000][1][safepoint    ] Total time for which application threads were stopped: 0.0001166 seconds, Stopping threads took: 0.0000237 seconds
[2020-01-13T13:48:22.331+0000][1][safepoint    ] Application time: 1.0001211 seconds
[2020-01-13T13:48:22.331+0000][1][safepoint    ] Entering safepoint region: Cleanup
[2020-01-13T13:48:22.331+0000][1][safepoint    ] Leaving safepoint region
[2020-01-13T13:48:22.331+0000][1][safepoint    ] Total time for which application threads were stopped: 0.0001405 seconds, Stopping threads took: 0.0000316 seconds
[2020-01-13T13:48:23.331+0000][1][safepoint    ] Application time: 1.0002326 seconds
[2020-01-13T13:48:23.331+0000][1][safepoint    ] Entering safepoint region: Cleanup
[2020-01-13T13:48:23.332+0000][1][safepoint    ] Leaving safepoint region
[2020-01-13T13:48:23.332+0000][1][safepoint    ] Total time for which application threads were stopped: 0.0001339 seconds, Stopping threads took: 0.0000374 seconds
[2020-01-13T13:48:24.332+0000][1][safepoint    ] Application time: 1.0000913 seconds
[2020-01-13T13:48:24.332+0000][1][safepoint    ] Entering safepoint region: Cleanup
[2020-01-13T13:48:24.332+0000][1][safepoint    ] Leaving safepoint region
[2020-01-13T13:48:24.332+0000][1][safepoint    ] Total time for which application threads were stopped: 0.0001193 seconds, Stopping threads took: 0.0000288 seconds
[2020-01-13T13:48:25.332+0000][1][safepoint    ] Application time: 1.0001323 seconds
[2020-01-13T13:48:25.332+0000][1][safepoint    ] Entering safepoint region: Cleanup
[2020-01-13T13:48:25.332+0000][1][safepoint    ] Leaving safepoint region
[2020-01-13T13:48:25.332+0000][1][safepoint    ] Total time for which application threads were stopped: 0.0002153 seconds, Stopping threads took: 0.0000324 seconds
[2020-01-13T13:48:26.332+0000][1][safepoint    ] Application time: 1.0001139 seconds
[2020-01-13T13:48:26.332+0000][1][safepoint    ] Entering safepoint region: Cleanup
[2020-01-13T13:48:26.333+0000][1][safepoint    ] Leaving safepoint region
[2020-01-13T13:48:26.333+0000][1][safepoint    ] Total time for which application threads were stopped: 0.0001021 seconds, Stopping threads took: 0.0000220 seconds
[2020-01-13T13:48:27.333+0000][1][safepoint    ] Application time: 1.0001349 seconds
[2020-01-13T13:48:27.333+0000][1][safepoint    ] Entering safepoint region: Cleanup
[2020-01-13T13:48:27.333+0000][1][safepoint    ] Leaving safepoint region
[2020-01-13T13:48:27.333+0000][1][safepoint    ] Total time for which application threads were stopped: 0.0001447 seconds, Stopping threads took: 0.0000445 seconds
[2020-01-13T13:48:28.333+0000][1][safepoint    ] Application time: 1.0001293 seconds
[2020-01-13T13:48:28.333+0000][1][safepoint    ] Entering safepoint region: Cleanup
[2020-01-13T13:48:28.333+0000][1][safepoint    ] Leaving safepoint region
[2020-01-13T13:48:28.333+0000][1][safepoint    ] Total time for which application threads were stopped: 0.0001364 seconds, Stopping threads took: 0.0000341 seconds
[2020-01-13T13:48:29.333+0000][1][safepoint    ] Application time: 1.0000473 seconds
[2020-01-13T13:48:29.334+0000][1][safepoint    ] Entering safepoint region: Cleanup
[2020-01-13T13:48:29.334+0000][1][safepoint    ] Leaving safepoint region
[2020-01-13T13:48:29.334+0000][1][safepoint    ] Total time for which application threads were stopped: 0.0001192 seconds, Stopping threads took: 0.0000353 seconds
[2020-01-13T13:48:30.334+0000][1][safepoint    ] Application time: 1.0001620 seconds
[2020-01-13T13:48:30.335+0000][1][safepoint    ] Entering safepoint region: Cleanup
[2020-01-13T13:48:30.335+0000][1][safepoint    ] Leaving safepoint region
[2020-01-13T13:48:30.335+0000][1][safepoint    ] Total time for which application threads were stopped: 0.0001706 seconds, Stopping threads took: 0.0000450 seconds
[2020-01-13T13:48:31.335+0000][1][safepoint    ] Application time: 1.0001595 seconds
[2020-01-13T13:48:31.335+0000][1][safepoint    ] Entering safepoint region: Cleanup
[2020-01-13T13:48:31.335+0000][1][safepoint    ] Leaving safepoint region
[2020-01-13T13:48:31.335+0000][1][safepoint    ] Total time for which application threads were stopped: 0.0001505 seconds, Stopping threads took: 0.0000281 seconds
[2020-01-13T13:48:32.335+0000][1][safepoint    ] Application time: 1.0001685 seconds
[2020-01-13T13:48:32.335+0000][1][safepoint    ] Entering safepoint region: Cleanup
[2020-01-13T13:48:32.336+0000][1][safepoint    ] Leaving safepoint region
[2020-01-13T13:48:32.336+0000][1][safepoint    ] Total time for which application threads were stopped: 0.0001822 seconds, Stopping threads took: 0.0000317 seconds
[2020-01-13T13:48:33.336+0000][1][safepoint    ] Application time: 1.0001165 seconds
[2020-01-13T13:48:33.336+0000][1][safepoint    ] Entering safepoint region: Cleanup
[2020-01-13T13:48:33.336+0000][1][safepoint    ] Leaving safepoint region
[2020-01-13T13:48:33.336+0000][1][safepoint    ] Total time for which application threads were stopped: 0.0001196 seconds, Stopping threads took: 0.0000235 seconds
[2020-01-13T13:48:34.336+0000][1][safepoint    ] Application time: 1.0000815 seconds
[2020-01-13T13:48:34.337+0000][1][safepoint    ] Entering safepoint region: Cleanup
[2020-01-13T13:48:34.337+0000][1][safepoint    ] Leaving safepoint region
[2020-01-13T13:48:34.337+0000][1][safepoint    ] Total time for which application threads were stopped: 0.0001482 seconds, Stopping threads took: 0.0000566 seconds
[2020-01-13T13:48:35.337+0000][1][safepoint    ] Application time: 1.0001426 seconds
[2020-01-13T13:48:35.337+0000][1][safepoint    ] Entering safepoint region: Cleanup
[2020-01-13T13:48:35.337+0000][1][safepoint    ] Leaving safepoint region
[2020-01-13T13:48:35.337+0000][1][safepoint    ] Total time for which application threads were stopped: 0.0001307 seconds, Stopping threads took: 0.0000273 seconds
[2020-01-13T13:48:36.337+0000][1][safepoint    ] Application time: 1.0001459 seconds
[2020-01-13T13:48:36.338+0000][1][safepoint    ] Entering safepoint region: Cleanup
[2020-01-13T13:48:36.338+0000][1][safepoint    ] Leaving safepoint region
[2020-01-13T13:48:36.338+0000][1][safepoint    ] Total time for which application threads were stopped: 0.0001291 seconds, Stopping threads took: 0.0000341 seconds
[2020-01-13T13:48:37.338+0000][1][safepoint    ] Application time: 1.0000795 seconds
[2020-01-13T13:48:37.338+0000][1][safepoint    ] Entering safepoint region: Cleanup
[2020-01-13T13:48:37.338+0000][1][safepoint    ] Leaving safepoint region
[2020-01-13T13:48:37.338+0000][1][safepoint    ] Total time for which application threads were stopped: 0.0001312 seconds, Stopping threads took: 0.0000628 seconds
[2020-01-13T13:48:38.338+0000][1][safepoint    ] Application time: 1.0000744 seconds
[2020-01-13T13:48:38.338+0000][1][safepoint    ] Entering safepoint region: Cleanup
[2020-01-13T13:48:38.338+0000][1][safepoint    ] Leaving safepoint region
[2020-01-13T13:48:38.338+0000][1][safepoint    ] Total time for which application threads were stopped: 0.0002191 seconds, Stopping threads took: 0.0001194 seconds
[2020-01-13T13:48:39.338+0000][1][safepoint    ] Application time: 1.0000992 seconds
[2020-01-13T13:48:39.340+0000][1][safepoint    ] Entering safepoint region: Cleanup
[2020-01-13T13:48:39.340+0000][1][safepoint    ] Leaving safepoint region
[2020-01-13T13:48:39.340+0000][1][safepoint    ] Total time for which application threads were stopped: 0.0001300 seconds, Stopping threads took: 0.0000470 seconds
[2020-01-13T13:48:40.340+0000][1][safepoint    ] Application time: 1.0002249 seconds
[2020-01-13T13:48:40.340+0000][1][safepoint    ] Entering safepoint region: Cleanup
[2020-01-13T13:48:40.340+0000][1][safepoint    ] Leaving safepoint region
[2020-01-13T13:48:40.340+0000][1][safepoint    ] Total time for which application threads were stopped: 0.0001601 seconds, Stopping threads took: 0.0000322 seconds
[2020-01-13T13:48:41.340+0000][1][safepoint    ] Application time: 1.0000953 seconds
[2020-01-13T13:48:41.340+0000][1][safepoint    ] Entering safepoint region: Cleanup
[2020-01-13T13:48:41.340+0000][1][safepoint    ] Leaving safepoint region
[2020-01-13T13:48:41.341+0000][1][safepoint    ] Total time for which application threads were stopped: 0.0001167 seconds, Stopping threads took: 0.0000328 seconds
[2020-01-13T13:48:42.341+0000][1][safepoint    ] Application time: 1.0001030 seconds
[2020-01-13T13:48:42.341+0000][1][safepoint    ] Entering safepoint region: Cleanup
[2020-01-13T13:48:42.341+0000][1][safepoint    ] Leaving safepoint region
[2020-01-13T13:48:42.341+0000][1][safepoint    ] Total time for which application threads were stopped: 0.0001083 seconds, Stopping threads took: 0.0000241 seconds
[2020-01-13T13:48:43.341+0000][1][safepoint    ] Application time: 1.0000990 seconds
[2020-01-13T13:48:43.342+0000][1][safepoint    ] Entering safepoint region: Cleanup
[2020-01-13T13:48:43.342+0000][1][safepoint    ] Leaving safepoint region
[2020-01-13T13:48:43.342+0000][1][safepoint    ] Total time for which application threads were stopped: 0.0012462 seconds, Stopping threads took: 0.0011718 seconds
[2020-01-13T13:48:44.342+0000][1][safepoint    ] Application time: 1.0000877 seconds
[2020-01-13T13:48:44.344+0000][1][safepoint    ] Entering safepoint region: Cleanup
[2020-01-13T13:48:44.345+0000][1][safepoint    ] Leaving safepoint region
[2020-01-13T13:48:44.345+0000][1][safepoint    ] Total time for which application threads were stopped: 0.0009875 seconds, Stopping threads took: 0.0008657 seconds
[2020-01-13T13:48:44.853+0000][1][safepoint    ] Application time: 0.5080523 seconds
[2020-01-13T13:48:44.853+0000][1][safepoint    ] Entering safepoint region: GenCollectForAllocation
[2020-01-13T13:48:44.853+0000][1][gc,start     ] GC(26) Pause Young (Allocation Failure)
[2020-01-13T13:48:44.853+0000][1][gc,task      ] GC(26) Using 1 workers of 1 for evacuation
[2020-01-13T13:48:44.868+0000][1][gc,age       ] GC(26) Desired survivor size 4358144 bytes, new threshold 6 (max threshold 6)
[2020-01-13T13:48:44.868+0000][1][gc,age       ] GC(26) Age table with threshold 6 (max threshold 6)
[2020-01-13T13:48:44.868+0000][1][gc,age       ] GC(26) - age   1:     600248 bytes,     600248 total
[2020-01-13T13:48:44.868+0000][1][gc,age       ] GC(26) - age   2:      18944 bytes,     619192 total
[2020-01-13T13:48:44.868+0000][1][gc,age       ] GC(26) - age   3:      10832 bytes,     630024 total
[2020-01-13T13:48:44.868+0000][1][gc,age       ] GC(26) - age   4:      92288 bytes,     722312 total
[2020-01-13T13:48:44.868+0000][1][gc,age       ] GC(26) - age   5:    2020624 bytes,    2742936 total
[2020-01-13T13:48:44.868+0000][1][gc,heap      ] GC(26) ParNew: 71271K->4827K(76672K)
[2020-01-13T13:48:44.868+0000][1][gc,heap      ] GC(26) CMS: 65620K->65620K(176960K)
[2020-01-13T13:48:44.868+0000][1][gc,metaspace ] GC(26) Metaspace: 65753K->65753K(1110016K)
[2020-01-13T13:48:44.868+0000][1][gc           ] GC(26) Pause Young (Allocation Failure) 133M->68M(247M) 15.103ms
[2020-01-13T13:48:44.868+0000][1][gc,cpu       ] GC(26) User=0.01s Sys=0.00s Real=0.01s
[2020-01-13T13:48:44.868+0000][1][safepoint    ] Leaving safepoint region
[2020-01-13T13:48:44.868+0000][1][safepoint    ] Total time for which application threads were stopped: 0.0153229 seconds, Stopping threads took: 0.0000315 seconds
[2020-01-13T13:48:45.871+0000][1][safepoint    ] Application time: 1.0029001 seconds
[2020-01-13T13:48:45.871+0000][1][safepoint    ] Entering safepoint region: Cleanup
[2020-01-13T13:48:45.871+0000][1][safepoint    ] Leaving safepoint region
[2020-01-13T13:48:45.871+0000][1][safepoint    ] Total time for which application threads were stopped: 0.0001317 seconds, Stopping threads took: 0.0000346 seconds
[2020-01-13T13:48:46.871+0000][1][safepoint    ] Application time: 1.0001382 seconds
[2020-01-13T13:48:46.871+0000][1][safepoint    ] Entering safepoint region: Cleanup
[2020-01-13T13:48:46.872+0000][1][safepoint    ] Leaving safepoint region
[2020-01-13T13:48:46.872+0000][1][safepoint    ] Total time for which application threads were stopped: 0.0001233 seconds, Stopping threads took: 0.0000260 seconds
[2020-01-13T13:48:47.872+0000][1][safepoint    ] Application time: 1.0001508 seconds
[2020-01-13T13:48:47.872+0000][1][safepoint    ] Entering safepoint region: Cleanup
[2020-01-13T13:48:47.872+0000][1][safepoint    ] Leaving safepoint region
[2020-01-13T13:48:47.872+0000][1][safepoint    ] Total time for which application threads were stopped: 0.0001138 seconds, Stopping threads took: 0.0000299 seconds
[2020-01-13T13:48:48.872+0000][1][safepoint    ] Application time: 1.0001284 seconds
[2020-01-13T13:48:48.872+0000][1][safepoint    ] Entering safepoint region: Cleanup
[2020-01-13T13:48:48.872+0000][1][safepoint    ] Leaving safepoint region
[2020-01-13T13:48:48.872+0000][1][safepoint    ] Total time for which application threads were stopped: 0.0001215 seconds, Stopping threads took: 0.0000294 seconds
[2020-01-13T13:48:49.872+0000][1][safepoint    ] Application time: 1.0000937 seconds
[2020-01-13T13:48:49.873+0000][1][safepoint    ] Entering safepoint region: Cleanup
[2020-01-13T13:48:49.873+0000][1][safepoint    ] Leaving safepoint region
[2020-01-13T13:48:49.873+0000][1][safepoint    ] Total time for which application threads were stopped: 0.0008934 seconds, Stopping threads took: 0.0008082 seconds
[2020-01-13T13:48:50.873+0000][1][safepoint    ] Application time: 1.0001148 seconds
[2020-01-13T13:48:50.873+0000][1][safepoint    ] Entering safepoint region: Cleanup
[2020-01-13T13:48:50.874+0000][1][safepoint    ] Leaving safepoint region
[2020-01-13T13:48:50.874+0000][1][safepoint    ] Total time for which application threads were stopped: 0.0001191 seconds, Stopping threads took: 0.0000312 seconds
[2020-01-13T13:48:51.874+0000][1][safepoint    ] Application time: 1.0000970 seconds
[2020-01-13T13:48:51.874+0000][1][safepoint    ] Entering safepoint region: Cleanup
[2020-01-13T13:48:51.874+0000][1][safepoint    ] Leaving safepoint region
[2020-01-13T13:48:51.874+0000][1][safepoint    ] Total time for which application threads were stopped: 0.0001739 seconds, Stopping threads took: 0.0000266 seconds
[2020-01-13T13:48:52.874+0000][1][safepoint    ] Application time: 1.0001437 seconds
[2020-01-13T13:48:52.874+0000][1][safepoint    ] Entering safepoint region: Cleanup
[2020-01-13T13:48:52.874+0000][1][safepoint    ] Leaving safepoint region
[2020-01-13T13:48:52.874+0000][1][safepoint    ] Total time for which application threads were stopped: 0.0001314 seconds, Stopping threads took: 0.0000302 seconds
[2020-01-13T13:48:53.874+0000][1][safepoint    ] Application time: 1.0001555 seconds
[2020-01-13T13:48:53.876+0000][1][safepoint    ] Entering safepoint region: Cleanup
[2020-01-13T13:48:53.876+0000][1][safepoint    ] Leaving safepoint region
[2020-01-13T13:48:53.876+0000][1][safepoint    ] Total time for which application threads were stopped: 0.0001395 seconds, Stopping threads took: 0.0000527 seconds
[2020-01-13T13:48:54.876+0000][1][safepoint    ] Application time: 1.0000918 seconds
[2020-01-13T13:48:54.876+0000][1][safepoint    ] Entering safepoint region: Cleanup
[2020-01-13T13:48:54.876+0000][1][safepoint    ] Leaving safepoint region
[2020-01-13T13:48:54.876+0000][1][safepoint    ] Total time for which application threads were stopped: 0.0001682 seconds, Stopping threads took: 0.0000613 seconds
[2020-01-13T13:48:55.876+0000][1][safepoint    ] Application time: 1.0001538 seconds
[2020-01-13T13:48:55.876+0000][1][safepoint    ] Entering safepoint region: Cleanup
[2020-01-13T13:48:55.876+0000][1][safepoint    ] Leaving safepoint region
[2020-01-13T13:48:55.876+0000][1][safepoint    ] Total time for which application threads were stopped: 0.0001664 seconds, Stopping threads took: 0.0000567 seconds
[2020-01-13T13:48:56.877+0000][1][safepoint    ] Application time: 1.0001447 seconds
[2020-01-13T13:48:56.877+0000][1][safepoint    ] Entering safepoint region: Cleanup
[2020-01-13T13:48:56.877+0000][1][safepoint    ] Leaving safepoint region
[2020-01-13T13:48:56.877+0000][1][safepoint    ] Total time for which application threads were stopped: 0.0001842 seconds, Stopping threads took: 0.0000404 seconds
[2020-01-13T13:48:57.877+0000][1][safepoint    ] Application time: 1.0001688 seconds
[2020-01-13T13:48:57.877+0000][1][safepoint    ] Entering safepoint region: Cleanup
[2020-01-13T13:48:57.877+0000][1][safepoint    ] Leaving safepoint region
[2020-01-13T13:48:57.877+0000][1][safepoint    ] Total time for which application threads were stopped: 0.0001552 seconds, Stopping threads took: 0.0000363 seconds
[2020-01-13T13:48:58.878+0000][1][safepoint    ] Application time: 1.0001684 seconds
[2020-01-13T13:48:58.879+0000][1][safepoint    ] Entering safepoint region: Cleanup
[2020-01-13T13:48:58.879+0000][1][safepoint    ] Leaving safepoint region
[2020-01-13T13:48:58.879+0000][1][safepoint    ] Total time for which application threads were stopped: 0.0001433 seconds, Stopping threads took: 0.0000602 seconds
[2020-01-13T13:48:59.879+0000][1][safepoint    ] Application time: 1.0004313 seconds
[2020-01-13T13:48:59.880+0000][1][safepoint    ] Entering safepoint region: Cleanup
[2020-01-13T13:48:59.880+0000][1][safepoint    ] Leaving safepoint region
[2020-01-13T13:48:59.880+0000][1][safepoint    ] Total time for which application threads were stopped: 0.0002153 seconds, Stopping threads took: 0.0000968 seconds
[2020-01-13T13:49:00.880+0000][1][safepoint    ] Application time: 1.0001545 seconds
[2020-01-13T13:49:00.880+0000][1][safepoint    ] Entering safepoint region: Cleanup
[2020-01-13T13:49:00.880+0000][1][safepoint    ] Leaving safepoint region
[2020-01-13T13:49:00.880+0000][1][safepoint    ] Total time for which application threads were stopped: 0.0001324 seconds, Stopping threads took: 0.0000370 seconds
[2020-01-13T13:49:01.880+0000][1][safepoint    ] Application time: 1.0001712 seconds
[2020-01-13T13:49:01.880+0000][1][safepoint    ] Entering safepoint region: Cleanup
[2020-01-13T13:49:01.880+0000][1][safepoint    ] Leaving safepoint region
[2020-01-13T13:49:01.880+0000][1][safepoint    ] Total time for which application threads were stopped: 0.0001840 seconds, Stopping threads took: 0.0000646 seconds
[2020-01-13T13:49:02.881+0000][1][safepoint    ] Application time: 1.0001389 seconds
[2020-01-13T13:49:02.881+0000][1][safepoint    ] Entering safepoint region: Cleanup
[2020-01-13T13:49:02.881+0000][1][safepoint    ] Leaving safepoint region
[2020-01-13T13:49:02.881+0000][1][safepoint    ] Total time for which application threads were stopped: 0.0001414 seconds, Stopping threads took: 0.0000360 seconds
[2020-01-13T13:49:03.881+0000][1][safepoint    ] Application time: 1.0001681 seconds
[2020-01-13T13:49:03.882+0000][1][safepoint    ] Entering safepoint region: Cleanup
[2020-01-13T13:49:03.882+0000][1][safepoint    ] Leaving safepoint region
[2020-01-13T13:49:03.882+0000][1][safepoint    ] Total time for which application threads were stopped: 0.0001432 seconds, Stopping threads took: 0.0000461 seconds
[2020-01-13T13:49:04.882+0000][1][safepoint    ] Application time: 1.0001704 seconds
[2020-01-13T13:49:04.882+0000][1][safepoint    ] Entering safepoint region: Cleanup
[2020-01-13T13:49:04.883+0000][1][safepoint    ] Leaving safepoint region
[2020-01-13T13:49:04.883+0000][1][safepoint    ] Total time for which application threads were stopped: 0.0001923 seconds, Stopping threads took: 0.0000874 seconds
[2020-01-13T13:49:05.883+0000][1][safepoint    ] Application time: 1.0001556 seconds
[2020-01-13T13:49:05.883+0000][1][safepoint    ] Entering safepoint region: Cleanup
[2020-01-13T13:49:05.883+0000][1][safepoint    ] Leaving safepoint region
[2020-01-13T13:49:05.883+0000][1][safepoint    ] Total time for which application threads were stopped: 0.0001488 seconds, Stopping threads took: 0.0000301 seconds
[2020-01-13T13:49:06.883+0000][1][safepoint    ] Application time: 1.0001570 seconds
[2020-01-13T13:49:06.883+0000][1][safepoint    ] Entering safepoint region: Cleanup
[2020-01-13T13:49:06.883+0000][1][safepoint    ] Leaving safepoint region
[2020-01-13T13:49:06.883+0000][1][safepoint    ] Total time for which application threads were stopped: 0.0001646 seconds, Stopping threads took: 0.0000295 seconds
[2020-01-13T13:49:07.884+0000][1][safepoint    ] Application time: 1.0002195 seconds
[2020-01-13T13:49:07.884+0000][1][safepoint    ] Entering safepoint region: Cleanup
[2020-01-13T13:49:07.884+0000][1][safepoint    ] Leaving safepoint region
[2020-01-13T13:49:07.884+0000][1][safepoint    ] Total time for which application threads were stopped: 0.0001245 seconds, Stopping threads took: 0.0000273 seconds
[2020-01-13T13:49:08.884+0000][1][safepoint    ] Application time: 1.0001344 seconds
[2020-01-13T13:49:08.885+0000][1][safepoint    ] Entering safepoint region: Cleanup
[2020-01-13T13:49:08.885+0000][1][safepoint    ] Leaving safepoint region
[2020-01-13T13:49:08.885+0000][1][safepoint    ] Total time for which application threads were stopped: 0.0001343 seconds, Stopping threads took: 0.0000489 seconds
[2020-01-13T13:49:09.885+0000][1][safepoint    ] Application time: 1.0001088 seconds
[2020-01-13T13:49:09.885+0000][1][safepoint    ] Entering safepoint region: Cleanup
[2020-01-13T13:49:09.885+0000][1][safepoint    ] Leaving safepoint region
[2020-01-13T13:49:09.885+0000][1][safepoint    ] Total time for which application threads were stopped: 0.0001442 seconds, Stopping threads took: 0.0000294 seconds
[2020-01-13T13:49:10.886+0000][1][safepoint    ] Application time: 1.0001648 seconds
[2020-01-13T13:49:10.886+0000][1][safepoint    ] Entering safepoint region: Cleanup
[2020-01-13T13:49:10.886+0000][1][safepoint    ] Leaving safepoint region
[2020-01-13T13:49:10.886+0000][1][safepoint    ] Total time for which application threads were stopped: 0.0001486 seconds, Stopping threads took: 0.0000386 seconds
[2020-01-13T13:49:11.886+0000][1][safepoint    ] Application time: 1.0001650 seconds
[2020-01-13T13:49:11.886+0000][1][safepoint    ] Entering safepoint region: Cleanup
[2020-01-13T13:49:11.886+0000][1][safepoint    ] Leaving safepoint region
[2020-01-13T13:49:11.886+0000][1][safepoint    ] Total time for which application threads were stopped: 0.0001393 seconds, Stopping threads took: 0.0000330 seconds
[2020-01-13T13:49:12.886+0000][1][safepoint    ] Application time: 1.0001592 seconds
[2020-01-13T13:49:12.886+0000][1][safepoint    ] Entering safepoint region: Cleanup
[2020-01-13T13:49:12.887+0000][1][safepoint    ] Leaving safepoint region
[2020-01-13T13:49:12.887+0000][1][safepoint    ] Total time for which application threads were stopped: 0.0001211 seconds, Stopping threads took: 0.0000291 seconds
[2020-01-13T13:49:13.887+0000][1][safepoint    ] Application time: 1.0001690 seconds
[2020-01-13T13:49:13.888+0000][1][safepoint    ] Entering safepoint region: Cleanup
[2020-01-13T13:49:13.888+0000][1][safepoint    ] Leaving safepoint region
[2020-01-13T13:49:13.888+0000][1][safepoint    ] Total time for which application threads were stopped: 0.0001445 seconds, Stopping threads took: 0.0000556 seconds
[2020-01-13T13:49:14.888+0000][1][safepoint    ] Application time: 1.0001539 seconds
[2020-01-13T13:49:14.888+0000][1][safepoint    ] Entering safepoint region: Cleanup
[2020-01-13T13:49:14.888+0000][1][safepoint    ] Leaving safepoint region
[2020-01-13T13:49:14.888+0000][1][safepoint    ] Total time for which application threads were stopped: 0.0001566 seconds, Stopping threads took: 0.0000547 seconds
[2020-01-13T13:49:15.888+0000][1][safepoint    ] Application time: 1.0001563 seconds
[2020-01-13T13:49:15.888+0000][1][safepoint    ] Entering safepoint region: Cleanup
[2020-01-13T13:49:15.889+0000][1][safepoint    ] Leaving safepoint region
[2020-01-13T13:49:15.889+0000][1][safepoint    ] Total time for which application threads were stopped: 0.0001444 seconds, Stopping threads took: 0.0000314 seconds
[2020-01-13T13:49:16.890+0000][1][safepoint    ] Application time: 1.0009940 seconds
[2020-01-13T13:49:16.890+0000][1][safepoint    ] Entering safepoint region: Cleanup
[2020-01-13T13:49:16.890+0000][1][safepoint    ] Leaving safepoint region
[2020-01-13T13:49:16.890+0000][1][safepoint    ] Total time for which application threads were stopped: 0.0001054 seconds, Stopping threads took: 0.0000271 seconds
[2020-01-13T13:49:17.890+0000][1][safepoint    ] Application time: 1.0001671 seconds
[2020-01-13T13:49:17.890+0000][1][safepoint    ] Entering safepoint region: Cleanup
[2020-01-13T13:49:17.890+0000][1][safepoint    ] Leaving safepoint region
[2020-01-13T13:49:17.890+0000][1][safepoint    ] Total time for which application threads were stopped: 0.0001336 seconds, Stopping threads took: 0.0000279 seconds
[2020-01-13T13:49:18.890+0000][1][safepoint    ] Application time: 1.0001109 seconds
[2020-01-13T13:49:18.890+0000][1][safepoint    ] Entering safepoint region: Cleanup
[2020-01-13T13:49:18.890+0000][1][safepoint    ] Leaving safepoint region
[2020-01-13T13:49:18.890+0000][1][safepoint    ] Total time for which application threads were stopped: 0.0001470 seconds, Stopping threads took: 0.0000616 seconds
[2020-01-13T13:49:19.891+0000][1][safepoint    ] Application time: 1.0001434 seconds
[2020-01-13T13:49:19.891+0000][1][safepoint    ] Entering safepoint region: Cleanup
[2020-01-13T13:49:19.891+0000][1][safepoint    ] Leaving safepoint region
[2020-01-13T13:49:19.891+0000][1][safepoint    ] Total time for which application threads were stopped: 0.0001064 seconds, Stopping threads took: 0.0000276 seconds
[2020-01-13T13:49:20.891+0000][1][safepoint    ] Application time: 1.0001527 seconds
[2020-01-13T13:49:20.891+0000][1][safepoint    ] Entering safepoint region: Cleanup
[2020-01-13T13:49:20.891+0000][1][safepoint    ] Leaving safepoint region
[2020-01-13T13:49:20.891+0000][1][safepoint    ] Total time for which application threads were stopped: 0.0001528 seconds, Stopping threads took: 0.0000356 seconds
[2020-01-13T13:49:21.891+0000][1][safepoint    ] Application time: 1.0001872 seconds
[2020-01-13T13:49:21.891+0000][1][safepoint    ] Entering safepoint region: Cleanup
[2020-01-13T13:49:21.892+0000][1][safepoint    ] Leaving safepoint region
[2020-01-13T13:49:21.892+0000][1][safepoint    ] Total time for which application threads were stopped: 0.0001298 seconds, Stopping threads took: 0.0000370 seconds
[2020-01-13T13:49:22.365+0000][1][safepoint    ] Application time: 0.4730110 seconds
[2020-01-13T13:49:22.365+0000][1][safepoint    ] Entering safepoint region: GenCollectForAllocation
[2020-01-13T13:49:22.365+0000][1][gc,start     ] GC(27) Pause Young (Allocation Failure)
[2020-01-13T13:49:22.365+0000][1][gc,task      ] GC(27) Using 1 workers of 1 for evacuation
[2020-01-13T13:49:22.384+0000][1][gc,age       ] GC(27) Desired survivor size 4358144 bytes, new threshold 6 (max threshold 6)
[2020-01-13T13:49:22.384+0000][1][gc,age       ] GC(27) Age table with threshold 6 (max threshold 6)
[2020-01-13T13:49:22.384+0000][1][gc,age       ] GC(27) - age   1:     601864 bytes,     601864 total
[2020-01-13T13:49:22.384+0000][1][gc,age       ] GC(27) - age   2:       5976 bytes,     607840 total
[2020-01-13T13:49:22.384+0000][1][gc,age       ] GC(27) - age   3:      18656 bytes,     626496 total
[2020-01-13T13:49:22.384+0000][1][gc,age       ] GC(27) - age   4:      10832 bytes,     637328 total
[2020-01-13T13:49:22.384+0000][1][gc,age       ] GC(27) - age   5:      92288 bytes,     729616 total
[2020-01-13T13:49:22.384+0000][1][gc,age       ] GC(27) - age   6:    1893312 bytes,    2622928 total
[2020-01-13T13:49:22.384+0000][1][gc,heap      ] GC(27) ParNew: 72987K->3215K(76672K)
[2020-01-13T13:49:22.384+0000][1][gc,heap      ] GC(27) CMS: 65620K->65620K(176960K)
[2020-01-13T13:49:22.384+0000][1][gc,metaspace ] GC(27) Metaspace: 65822K->65822K(1110016K)
[2020-01-13T13:49:22.384+0000][1][gc           ] GC(27) Pause Young (Allocation Failure) 135M->67M(247M) 19.485ms
[2020-01-13T13:49:22.384+0000][1][gc,cpu       ] GC(27) User=0.02s Sys=0.00s Real=0.02s
[2020-01-13T13:49:22.384+0000][1][safepoint    ] Leaving safepoint region
[2020-01-13T13:49:22.384+0000][1][safepoint    ] Total time for which application threads were stopped: 0.0197186 seconds, Stopping threads took: 0.0000383 seconds
[2020-01-13T13:49:23.390+0000][1][safepoint    ] Application time: 1.0061066 seconds
[2020-01-13T13:49:23.391+0000][1][safepoint    ] Entering safepoint region: Cleanup
[2020-01-13T13:49:23.391+0000][1][safepoint    ] Leaving safepoint region
[2020-01-13T13:49:23.391+0000][1][safepoint    ] Total time for which application threads were stopped: 0.0001196 seconds, Stopping threads took: 0.0000303 seconds
[2020-01-13T13:49:24.391+0000][1][safepoint    ] Application time: 1.0000907 seconds
[2020-01-13T13:49:24.391+0000][1][safepoint    ] Entering safepoint region: Cleanup
[2020-01-13T13:49:24.391+0000][1][safepoint    ] Leaving safepoint region
[2020-01-13T13:49:24.391+0000][1][safepoint    ] Total time for which application threads were stopped: 0.0000938 seconds, Stopping threads took: 0.0000253 seconds
[2020-01-13T13:49:25.391+0000][1][safepoint    ] Application time: 1.0001252 seconds
[2020-01-13T13:49:25.391+0000][1][safepoint    ] Entering safepoint region: Cleanup
[2020-01-13T13:49:25.391+0000][1][safepoint    ] Leaving safepoint region
[2020-01-13T13:49:25.391+0000][1][safepoint    ] Total time for which application threads were stopped: 0.0001225 seconds, Stopping threads took: 0.0000403 seconds
[2020-01-13T13:49:26.391+0000][1][safepoint    ] Application time: 1.0001354 seconds
[2020-01-13T13:49:26.391+0000][1][safepoint    ] Entering safepoint region: Cleanup
[2020-01-13T13:49:26.392+0000][1][safepoint    ] Leaving safepoint region
[2020-01-13T13:49:26.392+0000][1][safepoint    ] Total time for which application threads were stopped: 0.0001221 seconds, Stopping threads took: 0.0000248 seconds
[2020-01-13T13:49:27.392+0000][1][safepoint    ] Application time: 1.0001303 seconds
[2020-01-13T13:49:27.392+0000][1][safepoint    ] Entering safepoint region: Cleanup
[2020-01-13T13:49:27.392+0000][1][safepoint    ] Leaving safepoint region
[2020-01-13T13:49:27.392+0000][1][safepoint    ] Total time for which application threads were stopped: 0.0002193 seconds, Stopping threads took: 0.0000333 seconds
[2020-01-13T13:49:28.392+0000][1][safepoint    ] Application time: 1.0001297 seconds
[2020-01-13T13:49:28.392+0000][1][safepoint    ] Entering safepoint region: Cleanup
[2020-01-13T13:49:28.392+0000][1][safepoint    ] Leaving safepoint region
[2020-01-13T13:49:28.392+0000][1][safepoint    ] Total time for which application threads were stopped: 0.0001408 seconds, Stopping threads took: 0.0000306 seconds
[2020-01-13T13:49:29.393+0000][1][safepoint    ] Application time: 1.0003163 seconds
[2020-01-13T13:49:29.394+0000][1][safepoint    ] Entering safepoint region: Cleanup
[2020-01-13T13:49:29.394+0000][1][safepoint    ] Leaving safepoint region
[2020-01-13T13:49:29.394+0000][1][safepoint    ] Total time for which application threads were stopped: 0.0001582 seconds, Stopping threads took: 0.0000537 seconds
[2020-01-13T13:49:30.394+0000][1][safepoint    ] Application time: 1.0001165 seconds
[2020-01-13T13:49:30.394+0000][1][safepoint    ] Entering safepoint region: Cleanup
[2020-01-13T13:49:30.394+0000][1][safepoint    ] Leaving safepoint region
[2020-01-13T13:49:30.394+0000][1][safepoint    ] Total time for which application threads were stopped: 0.0001188 seconds, Stopping threads took: 0.0000279 seconds
[2020-01-13T13:49:31.394+0000][1][safepoint    ] Application time: 1.0001096 seconds
[2020-01-13T13:49:31.394+0000][1][safepoint    ] Entering safepoint region: Cleanup
[2020-01-13T13:49:31.394+0000][1][safepoint    ] Leaving safepoint region
[2020-01-13T13:49:31.394+0000][1][safepoint    ] Total time for which application threads were stopped: 0.0001388 seconds, Stopping threads took: 0.0000463 seconds
[2020-01-13T13:49:32.395+0000][1][safepoint    ] Application time: 1.0001138 seconds
[2020-01-13T13:49:32.395+0000][1][safepoint    ] Entering safepoint region: Cleanup
[2020-01-13T13:49:32.395+0000][1][safepoint    ] Leaving safepoint region
[2020-01-13T13:49:32.395+0000][1][safepoint    ] Total time for which application threads were stopped: 0.0001395 seconds, Stopping threads took: 0.0000412 seconds
[2020-01-13T13:49:33.395+0000][1][safepoint    ] Application time: 1.0001070 seconds
[2020-01-13T13:49:33.395+0000][1][safepoint    ] Entering safepoint region: Cleanup
[2020-01-13T13:49:33.395+0000][1][safepoint    ] Leaving safepoint region
[2020-01-13T13:49:33.395+0000][1][safepoint    ] Total time for which application threads were stopped: 0.0001376 seconds, Stopping threads took: 0.0000340 seconds
[2020-01-13T13:49:34.395+0000][1][safepoint    ] Application time: 1.0001074 seconds
[2020-01-13T13:49:34.396+0000][1][safepoint    ] Entering safepoint region: Cleanup
[2020-01-13T13:49:34.396+0000][1][safepoint    ] Leaving safepoint region
[2020-01-13T13:49:34.396+0000][1][safepoint    ] Total time for which application threads were stopped: 0.0001445 seconds, Stopping threads took: 0.0000407 seconds
[2020-01-13T13:49:35.396+0000][1][safepoint    ] Application time: 1.0001029 seconds
[2020-01-13T13:49:35.396+0000][1][safepoint    ] Entering safepoint region: Cleanup
[2020-01-13T13:49:35.397+0000][1][safepoint    ] Leaving safepoint region
[2020-01-13T13:49:35.397+0000][1][safepoint    ] Total time for which application threads were stopped: 0.0001330 seconds, Stopping threads took: 0.0000335 seconds
[2020-01-13T13:49:36.397+0000][1][safepoint    ] Application time: 1.0001571 seconds
[2020-01-13T13:49:36.397+0000][1][safepoint    ] Entering safepoint region: Cleanup
[2020-01-13T13:49:36.397+0000][1][safepoint    ] Leaving safepoint region
[2020-01-13T13:49:36.397+0000][1][safepoint    ] Total time for which application threads were stopped: 0.0001164 seconds, Stopping threads took: 0.0000277 seconds
[2020-01-13T13:49:37.397+0000][1][safepoint    ] Application time: 1.0001675 seconds
[2020-01-13T13:49:37.397+0000][1][safepoint    ] Entering safepoint region: Cleanup
[2020-01-13T13:49:37.397+0000][1][safepoint    ] Leaving safepoint region
[2020-01-13T13:49:37.397+0000][1][safepoint    ] Total time for which application threads were stopped: 0.0001798 seconds, Stopping threads took: 0.0000554 seconds
[2020-01-13T13:49:38.397+0000][1][safepoint    ] Application time: 1.0000776 seconds
[2020-01-13T13:49:38.398+0000][1][safepoint    ] Entering safepoint region: Cleanup
[2020-01-13T13:49:38.398+0000][1][safepoint    ] Leaving safepoint region
[2020-01-13T13:49:38.398+0000][1][safepoint    ] Total time for which application threads were stopped: 0.0001945 seconds, Stopping threads took: 0.0001134 seconds
[2020-01-13T13:49:39.398+0000][1][safepoint    ] Application time: 1.0000969 seconds
[2020-01-13T13:49:39.399+0000][1][safepoint    ] Entering safepoint region: Cleanup
[2020-01-13T13:49:39.399+0000][1][safepoint    ] Leaving safepoint region
[2020-01-13T13:49:39.399+0000][1][safepoint    ] Total time for which application threads were stopped: 0.0001399 seconds, Stopping threads took: 0.0000469 seconds
[2020-01-13T13:49:40.399+0000][1][safepoint    ] Application time: 1.0001415 seconds
[2020-01-13T13:49:40.399+0000][1][safepoint    ] Entering safepoint region: Cleanup
[2020-01-13T13:49:40.399+0000][1][safepoint    ] Leaving safepoint region
[2020-01-13T13:49:40.399+0000][1][safepoint    ] Total time for which application threads were stopped: 0.0001387 seconds, Stopping threads took: 0.0000267 seconds
[2020-01-13T13:49:41.399+0000][1][safepoint    ] Application time: 1.0000893 seconds
[2020-01-13T13:49:41.399+0000][1][safepoint    ] Entering safepoint region: Cleanup
[2020-01-13T13:49:41.399+0000][1][safepoint    ] Leaving safepoint region
[2020-01-13T13:49:41.399+0000][1][safepoint    ] Total time for which application threads were stopped: 0.0001064 seconds, Stopping threads took: 0.0000260 seconds
[2020-01-13T13:49:42.400+0000][1][safepoint    ] Application time: 1.0001726 seconds
[2020-01-13T13:49:42.400+0000][1][safepoint    ] Entering safepoint region: Cleanup
[2020-01-13T13:49:42.400+0000][1][safepoint    ] Leaving safepoint region
[2020-01-13T13:49:42.400+0000][1][safepoint    ] Total time for which application threads were stopped: 0.0001335 seconds, Stopping threads took: 0.0000281 seconds
[2020-01-13T13:49:43.400+0000][1][safepoint    ] Application time: 1.0000969 seconds
[2020-01-13T13:49:43.400+0000][1][safepoint    ] Entering safepoint region: Cleanup
[2020-01-13T13:49:43.400+0000][1][safepoint    ] Leaving safepoint region
[2020-01-13T13:49:43.400+0000][1][safepoint    ] Total time for which application threads were stopped: 0.0001214 seconds, Stopping threads took: 0.0000272 seconds
[2020-01-13T13:49:44.400+0000][1][safepoint    ] Application time: 1.0001081 seconds
[2020-01-13T13:49:44.401+0000][1][safepoint    ] Entering safepoint region: Cleanup
[2020-01-13T13:49:44.401+0000][1][safepoint    ] Leaving safepoint region
[2020-01-13T13:49:44.401+0000][1][safepoint    ] Total time for which application threads were stopped: 0.0001423 seconds, Stopping threads took: 0.0000485 seconds
[2020-01-13T13:49:45.401+0000][1][safepoint    ] Application time: 1.0001581 seconds
[2020-01-13T13:49:45.402+0000][1][safepoint    ] Entering safepoint region: Cleanup
[2020-01-13T13:49:45.402+0000][1][safepoint    ] Leaving safepoint region
[2020-01-13T13:49:45.402+0000][1][safepoint    ] Total time for which application threads were stopped: 0.0001100 seconds, Stopping threads took: 0.0000296 seconds
[2020-01-13T13:49:46.402+0000][1][safepoint    ] Application time: 1.0001330 seconds
[2020-01-13T13:49:46.402+0000][1][safepoint    ] Entering safepoint region: Cleanup
[2020-01-13T13:49:46.402+0000][1][safepoint    ] Leaving safepoint region
[2020-01-13T13:49:46.402+0000][1][safepoint    ] Total time for which application threads were stopped: 0.0001018 seconds, Stopping threads took: 0.0000259 seconds
[2020-01-13T13:49:47.402+0000][1][safepoint    ] Application time: 1.0001372 seconds
[2020-01-13T13:49:47.402+0000][1][safepoint    ] Entering safepoint region: Cleanup
[2020-01-13T13:49:47.402+0000][1][safepoint    ] Leaving safepoint region
[2020-01-13T13:49:47.402+0000][1][safepoint    ] Total time for which application threads were stopped: 0.0001730 seconds, Stopping threads took: 0.0000356 seconds
[2020-01-13T13:49:48.403+0000][1][safepoint    ] Application time: 1.0001362 seconds
[2020-01-13T13:49:48.403+0000][1][safepoint    ] Entering safepoint region: Cleanup
[2020-01-13T13:49:48.403+0000][1][safepoint    ] Leaving safepoint region
[2020-01-13T13:49:48.403+0000][1][safepoint    ] Total time for which application threads were stopped: 0.0001554 seconds, Stopping threads took: 0.0000465 seconds
[2020-01-13T13:49:49.403+0000][1][safepoint    ] Application time: 1.0000968 seconds
[2020-01-13T13:49:49.403+0000][1][safepoint    ] Entering safepoint region: Cleanup
[2020-01-13T13:49:49.403+0000][1][safepoint    ] Leaving safepoint region
[2020-01-13T13:49:49.403+0000][1][safepoint    ] Total time for which application threads were stopped: 0.0001009 seconds, Stopping threads took: 0.0000242 seconds
[2020-01-13T13:49:50.403+0000][1][safepoint    ] Application time: 1.0001266 seconds
[2020-01-13T13:49:50.403+0000][1][safepoint    ] Entering safepoint region: Cleanup
[2020-01-13T13:49:50.403+0000][1][safepoint    ] Leaving safepoint region
[2020-01-13T13:49:50.403+0000][1][safepoint    ] Total time for which application threads were stopped: 0.0001327 seconds, Stopping threads took: 0.0000320 seconds
[2020-01-13T13:49:51.404+0000][1][safepoint    ] Application time: 1.0001319 seconds
[2020-01-13T13:49:51.404+0000][1][safepoint    ] Entering safepoint region: Cleanup
[2020-01-13T13:49:51.404+0000][1][safepoint    ] Leaving safepoint region
[2020-01-13T13:49:51.404+0000][1][safepoint    ] Total time for which application threads were stopped: 0.0001050 seconds, Stopping threads took: 0.0000339 seconds
[2020-01-13T13:49:52.404+0000][1][safepoint    ] Application time: 1.0001174 seconds
[2020-01-13T13:49:52.404+0000][1][safepoint    ] Entering safepoint region: Cleanup
[2020-01-13T13:49:52.404+0000][1][safepoint    ] Leaving safepoint region
[2020-01-13T13:49:52.404+0000][1][safepoint    ] Total time for which application threads were stopped: 0.0001105 seconds, Stopping threads took: 0.0000282 seconds
[2020-01-13T13:49:53.404+0000][1][safepoint    ] Application time: 1.0001223 seconds
[2020-01-13T13:49:53.404+0000][1][safepoint    ] Entering safepoint region: Cleanup
[2020-01-13T13:49:53.404+0000][1][safepoint    ] Leaving safepoint region
[2020-01-13T13:49:53.404+0000][1][safepoint    ] Total time for which application threads were stopped: 0.0001752 seconds, Stopping threads took: 0.0000804 seconds
[2020-01-13T13:49:54.405+0000][1][safepoint    ] Application time: 1.0001225 seconds
[2020-01-13T13:49:54.405+0000][1][safepoint    ] Entering safepoint region: Cleanup
[2020-01-13T13:49:54.405+0000][1][safepoint    ] Leaving safepoint region
[2020-01-13T13:49:54.405+0000][1][safepoint    ] Total time for which application threads were stopped: 0.0001460 seconds, Stopping threads took: 0.0000392 seconds
[2020-01-13T13:49:55.405+0000][1][safepoint    ] Application time: 1.0001052 seconds
[2020-01-13T13:49:55.405+0000][1][safepoint    ] Entering safepoint region: Cleanup
[2020-01-13T13:49:55.405+0000][1][safepoint    ] Leaving safepoint region
[2020-01-13T13:49:55.405+0000][1][safepoint    ] Total time for which application threads were stopped: 0.0001274 seconds, Stopping threads took: 0.0000345 seconds
[2020-01-13T13:49:56.405+0000][1][safepoint    ] Application time: 1.0001234 seconds
[2020-01-13T13:49:56.405+0000][1][safepoint    ] Entering safepoint region: Cleanup
[2020-01-13T13:49:56.405+0000][1][safepoint    ] Leaving safepoint region
[2020-01-13T13:49:56.405+0000][1][safepoint    ] Total time for which application threads were stopped: 0.0001216 seconds, Stopping threads took: 0.0000290 seconds
[2020-01-13T13:49:57.406+0000][1][safepoint    ] Application time: 1.0001491 seconds
[2020-01-13T13:49:57.406+0000][1][safepoint    ] Entering safepoint region: Cleanup
[2020-01-13T13:49:57.406+0000][1][safepoint    ] Leaving safepoint region
[2020-01-13T13:49:57.406+0000][1][safepoint    ] Total time for which application threads were stopped: 0.0001155 seconds, Stopping threads took: 0.0000319 seconds
[2020-01-13T13:49:58.406+0000][1][safepoint    ] Application time: 1.0001318 seconds
[2020-01-13T13:49:58.406+0000][1][safepoint    ] Entering safepoint region: Cleanup
[2020-01-13T13:49:58.406+0000][1][safepoint    ] Leaving safepoint region
[2020-01-13T13:49:58.406+0000][1][safepoint    ] Total time for which application threads were stopped: 0.0001314 seconds, Stopping threads took: 0.0000284 seconds
[2020-01-13T13:49:59.406+0000][1][safepoint    ] Application time: 1.0002004 seconds
[2020-01-13T13:49:59.408+0000][1][safepoint    ] Entering safepoint region: Cleanup
[2020-01-13T13:49:59.408+0000][1][safepoint    ] Leaving safepoint region
[2020-01-13T13:49:59.408+0000][1][safepoint    ] Total time for which application threads were stopped: 0.0003761 seconds, Stopping threads took: 0.0000794 seconds
[2020-01-13T13:49:59.925+0000][1][safepoint    ] Application time: 0.5172109 seconds
[2020-01-13T13:49:59.925+0000][1][safepoint    ] Entering safepoint region: GenCollectForAllocation
[2020-01-13T13:49:59.925+0000][1][gc,start     ] GC(28) Pause Young (Allocation Failure)
[2020-01-13T13:49:59.925+0000][1][gc,task      ] GC(28) Using 1 workers of 1 for evacuation
[2020-01-13T13:49:59.943+0000][1][gc,age       ] GC(28) Desired survivor size 4358144 bytes, new threshold 6 (max threshold 6)
[2020-01-13T13:49:59.943+0000][1][gc,age       ] GC(28) Age table with threshold 6 (max threshold 6)
[2020-01-13T13:49:59.943+0000][1][gc,age       ] GC(28) - age   1:     599904 bytes,     599904 total
[2020-01-13T13:49:59.943+0000][1][gc,age       ] GC(28) - age   2:       6208 bytes,     606112 total
[2020-01-13T13:49:59.943+0000][1][gc,age       ] GC(28) - age   3:       5976 bytes,     612088 total
[2020-01-13T13:49:59.943+0000][1][gc,age       ] GC(28) - age   4:      18656 bytes,     630744 total
[2020-01-13T13:49:59.943+0000][1][gc,age       ] GC(28) - age   5:      10832 bytes,     641576 total
[2020-01-13T13:49:59.943+0000][1][gc,age       ] GC(28) - age   6:      92064 bytes,     733640 total
[2020-01-13T13:49:59.943+0000][1][gc,heap      ] GC(28) ParNew: 71375K->2323K(76672K)
[2020-01-13T13:49:59.943+0000][1][gc,heap      ] GC(28) CMS: 65620K->67521K(176960K)
[2020-01-13T13:49:59.943+0000][1][gc,metaspace ] GC(28) Metaspace: 65852K->65852K(1110016K)
[2020-01-13T13:49:59.943+0000][1][gc           ] GC(28) Pause Young (Allocation Failure) 133M->68M(247M) 17.985ms
[2020-01-13T13:49:59.943+0000][1][gc,cpu       ] GC(28) User=0.01s Sys=0.00s Real=0.02s
[2020-01-13T13:49:59.943+0000][1][safepoint    ] Leaving safepoint region
[2020-01-13T13:49:59.944+0000][1][safepoint    ] Total time for which application threads were stopped: 0.0182332 seconds, Stopping threads took: 0.0000866 seconds
[2020-01-13T13:50:00.948+0000][1][safepoint    ] Application time: 1.0048687 seconds
[2020-01-13T13:50:00.948+0000][1][safepoint    ] Entering safepoint region: Cleanup
[2020-01-13T13:50:00.949+0000][1][safepoint    ] Leaving safepoint region
[2020-01-13T13:50:00.949+0000][1][safepoint    ] Total time for which application threads were stopped: 0.0001080 seconds, Stopping threads took: 0.0000338 seconds
[2020-01-13T13:50:01.949+0000][1][safepoint    ] Application time: 1.0000914 seconds
[2020-01-13T13:50:01.949+0000][1][safepoint    ] Entering safepoint region: Cleanup
[2020-01-13T13:50:01.949+0000][1][safepoint    ] Leaving safepoint region
[2020-01-13T13:50:01.949+0000][1][safepoint    ] Total time for which application threads were stopped: 0.0001136 seconds, Stopping threads took: 0.0000364 seconds
[2020-01-13T13:50:02.949+0000][1][safepoint    ] Application time: 1.0001726 seconds
[2020-01-13T13:50:02.949+0000][1][safepoint    ] Entering safepoint region: Cleanup
[2020-01-13T13:50:02.949+0000][1][safepoint    ] Leaving safepoint region
[2020-01-13T13:50:02.949+0000][1][safepoint    ] Total time for which application threads were stopped: 0.0001333 seconds, Stopping threads took: 0.0000378 seconds
[2020-01-13T13:50:03.949+0000][1][safepoint    ] Application time: 1.0001146 seconds
[2020-01-13T13:50:03.949+0000][1][safepoint    ] Entering safepoint region: Cleanup
[2020-01-13T13:50:03.950+0000][1][safepoint    ] Leaving safepoint region
[2020-01-13T13:50:03.950+0000][1][safepoint    ] Total time for which application threads were stopped: 0.0001143 seconds, Stopping threads took: 0.0000335 seconds
[2020-01-13T13:50:04.950+0000][1][safepoint    ] Application time: 1.0000880 seconds
[2020-01-13T13:50:04.950+0000][1][safepoint    ] Entering safepoint region: Cleanup
[2020-01-13T13:50:04.950+0000][1][safepoint    ] Leaving safepoint region
[2020-01-13T13:50:04.950+0000][1][safepoint    ] Total time for which application threads were stopped: 0.0001099 seconds, Stopping threads took: 0.0000405 seconds
[2020-01-13T13:50:05.950+0000][1][safepoint    ] Application time: 1.0001375 seconds
[2020-01-13T13:50:05.950+0000][1][safepoint    ] Entering safepoint region: Cleanup
[2020-01-13T13:50:05.950+0000][1][safepoint    ] Leaving safepoint region
[2020-01-13T13:50:05.950+0000][1][safepoint    ] Total time for which application threads were stopped: 0.0001377 seconds, Stopping threads took: 0.0000458 seconds
[2020-01-13T13:50:06.950+0000][1][safepoint    ] Application time: 1.0001526 seconds
[2020-01-13T13:50:06.950+0000][1][safepoint    ] Entering safepoint region: Cleanup
[2020-01-13T13:50:06.951+0000][1][safepoint    ] Leaving safepoint region
[2020-01-13T13:50:06.951+0000][1][safepoint    ] Total time for which application threads were stopped: 0.0001388 seconds, Stopping threads took: 0.0000343 seconds
[2020-01-13T13:50:07.951+0000][1][safepoint    ] Application time: 1.0001429 seconds
[2020-01-13T13:50:07.951+0000][1][safepoint    ] Entering safepoint region: Cleanup
[2020-01-13T13:50:07.951+0000][1][safepoint    ] Leaving safepoint region
[2020-01-13T13:50:07.951+0000][1][safepoint    ] Total time for which application threads were stopped: 0.0001386 seconds, Stopping threads took: 0.0000409 seconds
[2020-01-13T13:50:08.951+0000][1][safepoint    ] Application time: 1.0001227 seconds
[2020-01-13T13:50:08.951+0000][1][safepoint    ] Entering safepoint region: Cleanup
[2020-01-13T13:50:08.951+0000][1][safepoint    ] Leaving safepoint region
[2020-01-13T13:50:08.951+0000][1][safepoint    ] Total time for which application threads were stopped: 0.0001317 seconds, Stopping threads took: 0.0000349 seconds
[2020-01-13T13:50:09.952+0000][1][safepoint    ] Application time: 1.0011153 seconds
[2020-01-13T13:50:09.953+0000][1][safepoint    ] Entering safepoint region: Cleanup
[2020-01-13T13:50:09.953+0000][1][safepoint    ] Leaving safepoint region
[2020-01-13T13:50:09.953+0000][1][safepoint    ] Total time for which application threads were stopped: 0.0008712 seconds, Stopping threads took: 0.0007720 seconds
[2020-01-13T13:50:10.953+0000][1][safepoint    ] Application time: 1.0001608 seconds
[2020-01-13T13:50:10.954+0000][1][safepoint    ] Entering safepoint region: Cleanup
[2020-01-13T13:50:10.954+0000][1][safepoint    ] Leaving safepoint region
[2020-01-13T13:50:10.954+0000][1][safepoint    ] Total time for which application threads were stopped: 0.0001158 seconds, Stopping threads took: 0.0000387 seconds
[2020-01-13T13:50:11.954+0000][1][safepoint    ] Application time: 1.0002200 seconds
[2020-01-13T13:50:11.954+0000][1][safepoint    ] Entering safepoint region: Cleanup
[2020-01-13T13:50:11.954+0000][1][safepoint    ] Leaving safepoint region
[2020-01-13T13:50:11.954+0000][1][safepoint    ] Total time for which application threads were stopped: 0.0001516 seconds, Stopping threads took: 0.0000465 seconds
[2020-01-13T13:50:12.954+0000][1][safepoint    ] Application time: 1.0001624 seconds
[2020-01-13T13:50:12.954+0000][1][safepoint    ] Entering safepoint region: Cleanup
[2020-01-13T13:50:12.954+0000][1][safepoint    ] Leaving safepoint region
[2020-01-13T13:50:12.954+0000][1][safepoint    ] Total time for which application threads were stopped: 0.0001108 seconds, Stopping threads took: 0.0000292 seconds
[2020-01-13T13:50:13.955+0000][1][safepoint    ] Application time: 1.0001290 seconds
[2020-01-13T13:50:13.955+0000][1][safepoint    ] Entering safepoint region: Cleanup
[2020-01-13T13:50:13.955+0000][1][safepoint    ] Leaving safepoint region
[2020-01-13T13:50:13.955+0000][1][safepoint    ] Total time for which application threads were stopped: 0.0001155 seconds, Stopping threads took: 0.0000334 seconds
[2020-01-13T13:50:14.955+0000][1][safepoint    ] Application time: 1.0005561 seconds
[2020-01-13T13:50:14.955+0000][1][safepoint    ] Entering safepoint region: Cleanup
[2020-01-13T13:50:14.956+0000][1][safepoint    ] Leaving safepoint region
[2020-01-13T13:50:14.956+0000][1][safepoint    ] Total time for which application threads were stopped: 0.0001323 seconds, Stopping threads took: 0.0000505 seconds
[2020-01-13T13:50:15.956+0000][1][safepoint    ] Application time: 1.0001529 seconds
[2020-01-13T13:50:15.956+0000][1][safepoint    ] Entering safepoint region: Cleanup
[2020-01-13T13:50:15.956+0000][1][safepoint    ] Leaving safepoint region
[2020-01-13T13:50:15.956+0000][1][safepoint    ] Total time for which application threads were stopped: 0.0001232 seconds, Stopping threads took: 0.0000466 seconds
[2020-01-13T13:50:16.956+0000][1][safepoint    ] Application time: 1.0001521 seconds
[2020-01-13T13:50:16.957+0000][1][safepoint    ] Entering safepoint region: Cleanup
[2020-01-13T13:50:16.957+0000][1][safepoint    ] Leaving safepoint region
[2020-01-13T13:50:16.957+0000][1][safepoint    ] Total time for which application threads were stopped: 0.0001727 seconds, Stopping threads took: 0.0000611 seconds
[2020-01-13T13:50:17.957+0000][1][safepoint    ] Application time: 1.0001482 seconds
[2020-01-13T13:50:17.957+0000][1][safepoint    ] Entering safepoint region: Cleanup
[2020-01-13T13:50:17.957+0000][1][safepoint    ] Leaving safepoint region
[2020-01-13T13:50:17.957+0000][1][safepoint    ] Total time for which application threads were stopped: 0.0001177 seconds, Stopping threads took: 0.0000273 seconds
[2020-01-13T13:50:18.958+0000][1][safepoint    ] Application time: 1.0001403 seconds
[2020-01-13T13:50:18.958+0000][1][safepoint    ] Entering safepoint region: Cleanup
[2020-01-13T13:50:18.958+0000][1][safepoint    ] Leaving safepoint region
[2020-01-13T13:50:18.958+0000][1][safepoint    ] Total time for which application threads were stopped: 0.0001246 seconds, Stopping threads took: 0.0000422 seconds
[2020-01-13T13:50:19.958+0000][1][safepoint    ] Application time: 1.0001455 seconds
[2020-01-13T13:50:19.958+0000][1][safepoint    ] Entering safepoint region: Cleanup
[2020-01-13T13:50:19.958+0000][1][safepoint    ] Leaving safepoint region
[2020-01-13T13:50:19.958+0000][1][safepoint    ] Total time for which application threads were stopped: 0.0001272 seconds, Stopping threads took: 0.0000314 seconds
[2020-01-13T13:50:20.958+0000][1][safepoint    ] Application time: 1.0001566 seconds
[2020-01-13T13:50:20.958+0000][1][safepoint    ] Entering safepoint region: Cleanup
[2020-01-13T13:50:20.959+0000][1][safepoint    ] Leaving safepoint region
[2020-01-13T13:50:20.959+0000][1][safepoint    ] Total time for which application threads were stopped: 0.0001781 seconds, Stopping threads took: 0.0000407 seconds
[2020-01-13T13:50:21.959+0000][1][safepoint    ] Application time: 1.0001705 seconds
[2020-01-13T13:50:21.959+0000][1][safepoint    ] Entering safepoint region: Cleanup
[2020-01-13T13:50:21.959+0000][1][safepoint    ] Leaving safepoint region
[2020-01-13T13:50:21.959+0000][1][safepoint    ] Total time for which application threads were stopped: 0.0001222 seconds, Stopping threads took: 0.0000286 seconds
[2020-01-13T13:50:22.959+0000][1][safepoint    ] Application time: 1.0001468 seconds
[2020-01-13T13:50:22.959+0000][1][safepoint    ] Entering safepoint region: Cleanup
[2020-01-13T13:50:22.959+0000][1][safepoint    ] Leaving safepoint region
[2020-01-13T13:50:22.959+0000][1][safepoint    ] Total time for which application threads were stopped: 0.0001032 seconds, Stopping threads took: 0.0000264 seconds
[2020-01-13T13:50:23.959+0000][1][safepoint    ] Application time: 1.0001533 seconds
[2020-01-13T13:50:23.961+0000][1][safepoint    ] Entering safepoint region: Cleanup
[2020-01-13T13:50:23.961+0000][1][safepoint    ] Leaving safepoint region
[2020-01-13T13:50:23.961+0000][1][safepoint    ] Total time for which application threads were stopped: 0.0001608 seconds, Stopping threads took: 0.0000753 seconds
[2020-01-13T13:50:24.961+0000][1][safepoint    ] Application time: 1.0001329 seconds
[2020-01-13T13:50:24.961+0000][1][safepoint    ] Entering safepoint region: Cleanup
[2020-01-13T13:50:24.961+0000][1][safepoint    ] Leaving safepoint region
[2020-01-13T13:50:24.961+0000][1][safepoint    ] Total time for which application threads were stopped: 0.0001811 seconds, Stopping threads took: 0.0000436 seconds
[2020-01-13T13:50:25.962+0000][1][safepoint    ] Application time: 1.0001522 seconds
[2020-01-13T13:50:25.962+0000][1][safepoint    ] Entering safepoint region: Cleanup
[2020-01-13T13:50:25.962+0000][1][safepoint    ] Leaving safepoint region
[2020-01-13T13:50:25.962+0000][1][safepoint    ] Total time for which application threads were stopped: 0.0002400 seconds, Stopping threads took: 0.0001301 seconds
[2020-01-13T13:50:26.962+0000][1][safepoint    ] Application time: 1.0001376 seconds
[2020-01-13T13:50:26.962+0000][1][safepoint    ] Entering safepoint region: Cleanup
[2020-01-13T13:50:26.962+0000][1][safepoint    ] Leaving safepoint region
[2020-01-13T13:50:26.962+0000][1][safepoint    ] Total time for which application threads were stopped: 0.0001106 seconds, Stopping threads took: 0.0000281 seconds
[2020-01-13T13:50:27.962+0000][1][safepoint    ] Application time: 1.0001897 seconds
[2020-01-13T13:50:27.963+0000][1][safepoint    ] Entering safepoint region: Cleanup
[2020-01-13T13:50:27.963+0000][1][safepoint    ] Leaving safepoint region
[2020-01-13T13:50:27.963+0000][1][safepoint    ] Total time for which application threads were stopped: 0.0001173 seconds, Stopping threads took: 0.0000278 seconds
[2020-01-13T13:50:28.963+0000][1][safepoint    ] Application time: 1.0001245 seconds
[2020-01-13T13:50:28.964+0000][1][safepoint    ] Entering safepoint region: Cleanup
[2020-01-13T13:50:28.964+0000][1][safepoint    ] Leaving safepoint region
[2020-01-13T13:50:28.964+0000][1][safepoint    ] Total time for which application threads were stopped: 0.0001224 seconds, Stopping threads took: 0.0000424 seconds
[2020-01-13T13:50:29.964+0000][1][safepoint    ] Application time: 1.0001567 seconds
[2020-01-13T13:50:29.964+0000][1][safepoint    ] Entering safepoint region: Cleanup
[2020-01-13T13:50:29.964+0000][1][safepoint    ] Leaving safepoint region
[2020-01-13T13:50:29.964+0000][1][safepoint    ] Total time for which application threads were stopped: 0.0001322 seconds, Stopping threads took: 0.0000331 seconds
[2020-01-13T13:50:30.964+0000][1][safepoint    ] Application time: 1.0001554 seconds
[2020-01-13T13:50:30.964+0000][1][safepoint    ] Entering safepoint region: Cleanup
[2020-01-13T13:50:30.965+0000][1][safepoint    ] Leaving safepoint region
[2020-01-13T13:50:30.965+0000][1][safepoint    ] Total time for which application threads were stopped: 0.0001204 seconds, Stopping threads took: 0.0000390 seconds
[2020-01-13T13:50:31.965+0000][1][safepoint    ] Application time: 1.0001090 seconds
[2020-01-13T13:50:31.965+0000][1][safepoint    ] Entering safepoint region: Cleanup
[2020-01-13T13:50:31.965+0000][1][safepoint    ] Leaving safepoint region
[2020-01-13T13:50:31.965+0000][1][safepoint    ] Total time for which application threads were stopped: 0.0001117 seconds, Stopping threads took: 0.0000277 seconds
[2020-01-13T13:50:32.965+0000][1][safepoint    ] Application time: 1.0001462 seconds
[2020-01-13T13:50:32.965+0000][1][safepoint    ] Entering safepoint region: Cleanup
[2020-01-13T13:50:32.965+0000][1][safepoint    ] Leaving safepoint region
[2020-01-13T13:50:32.965+0000][1][safepoint    ] Total time for which application threads were stopped: 0.0001255 seconds, Stopping threads took: 0.0000269 seconds
[2020-01-13T13:50:33.965+0000][1][safepoint    ] Application time: 1.0002230 seconds
[2020-01-13T13:50:33.967+0000][1][safepoint    ] Entering safepoint region: Cleanup
[2020-01-13T13:50:33.967+0000][1][safepoint    ] Leaving safepoint region
[2020-01-13T13:50:33.967+0000][1][safepoint    ] Total time for which application threads were stopped: 0.0001526 seconds, Stopping threads took: 0.0000454 seconds
[2020-01-13T13:50:34.967+0000][1][safepoint    ] Application time: 1.0001559 seconds
[2020-01-13T13:50:34.967+0000][1][safepoint    ] Entering safepoint region: Cleanup
[2020-01-13T13:50:34.967+0000][1][safepoint    ] Leaving safepoint region
[2020-01-13T13:50:34.967+0000][1][safepoint    ] Total time for which application threads were stopped: 0.0001191 seconds, Stopping threads took: 0.0000355 seconds
[2020-01-13T13:50:35.967+0000][1][safepoint    ] Application time: 1.0001618 seconds
[2020-01-13T13:50:35.967+0000][1][safepoint    ] Entering safepoint region: Cleanup
[2020-01-13T13:50:35.968+0000][1][safepoint    ] Leaving safepoint region
[2020-01-13T13:50:35.968+0000][1][safepoint    ] Total time for which application threads were stopped: 0.0001920 seconds, Stopping threads took: 0.0000426 seconds
[2020-01-13T13:50:36.968+0000][1][safepoint    ] Application time: 1.0001583 seconds
[2020-01-13T13:50:36.968+0000][1][safepoint    ] Entering safepoint region: Cleanup
[2020-01-13T13:50:36.968+0000][1][safepoint    ] Leaving safepoint region
[2020-01-13T13:50:36.968+0000][1][safepoint    ] Total time for which application threads were stopped: 0.0001465 seconds, Stopping threads took: 0.0000372 seconds
[2020-01-13T13:50:37.968+0000][1][safepoint    ] Application time: 1.0002186 seconds
[2020-01-13T13:50:37.968+0000][1][safepoint    ] Entering safepoint region: Cleanup
[2020-01-13T13:50:37.968+0000][1][safepoint    ] Leaving safepoint region
[2020-01-13T13:50:37.968+0000][1][safepoint    ] Total time for which application threads were stopped: 0.0001600 seconds, Stopping threads took: 0.0000600 seconds
[2020-01-13T13:50:38.414+0000][1][safepoint    ] Application time: 0.4459424 seconds
[2020-01-13T13:50:38.417+0000][1][safepoint    ] Entering safepoint region: GenCollectForAllocation
[2020-01-13T13:50:38.417+0000][1][gc,start     ] GC(29) Pause Young (Allocation Failure)
[2020-01-13T13:50:38.417+0000][1][gc,task      ] GC(29) Using 1 workers of 1 for evacuation
[2020-01-13T13:50:38.425+0000][1][gc,age       ] GC(29) Desired survivor size 4358144 bytes, new threshold 6 (max threshold 6)
[2020-01-13T13:50:38.425+0000][1][gc,age       ] GC(29) Age table with threshold 6 (max threshold 6)
[2020-01-13T13:50:38.425+0000][1][gc,age       ] GC(29) - age   1:     610208 bytes,     610208 total
[2020-01-13T13:50:38.425+0000][1][gc,age       ] GC(29) - age   2:       5632 bytes,     615840 total
[2020-01-13T13:50:38.425+0000][1][gc,age       ] GC(29) - age   3:       5920 bytes,     621760 total
[2020-01-13T13:50:38.425+0000][1][gc,age       ] GC(29) - age   4:       5976 bytes,     627736 total
[2020-01-13T13:50:38.425+0000][1][gc,age       ] GC(29) - age   5:      18656 bytes,     646392 total
[2020-01-13T13:50:38.425+0000][1][gc,age       ] GC(29) - age   6:      10832 bytes,     657224 total
[2020-01-13T13:50:38.425+0000][1][gc,heap      ] GC(29) ParNew: 70483K->759K(76672K)
[2020-01-13T13:50:38.425+0000][1][gc,heap      ] GC(29) CMS: 67521K->67612K(176960K)
[2020-01-13T13:50:38.425+0000][1][gc,metaspace ] GC(29) Metaspace: 65980K->65980K(1110016K)
[2020-01-13T13:50:38.425+0000][1][gc           ] GC(29) Pause Young (Allocation Failure) 134M->66M(247M) 8.041ms
[2020-01-13T13:50:38.425+0000][1][gc,cpu       ] GC(29) User=0.01s Sys=0.00s Real=0.01s
[2020-01-13T13:50:38.425+0000][1][safepoint    ] Leaving safepoint region
[2020-01-13T13:50:38.425+0000][1][safepoint    ] Total time for which application threads were stopped: 0.0102567 seconds, Stopping threads took: 0.0020079 seconds
[2020-01-13T13:50:39.429+0000][1][safepoint    ] Application time: 1.0044824 seconds
[2020-01-13T13:50:39.429+0000][1][safepoint    ] Entering safepoint region: Cleanup
[2020-01-13T13:50:39.429+0000][1][safepoint    ] Leaving safepoint region
[2020-01-13T13:50:39.429+0000][1][safepoint    ] Total time for which application threads were stopped: 0.0001303 seconds, Stopping threads took: 0.0000288 seconds
[2020-01-13T13:50:40.430+0000][1][safepoint    ] Application time: 1.0000963 seconds
[2020-01-13T13:50:40.430+0000][1][safepoint    ] Entering safepoint region: Cleanup
[2020-01-13T13:50:40.430+0000][1][safepoint    ] Leaving safepoint region
[2020-01-13T13:50:40.430+0000][1][safepoint    ] Total time for which application threads were stopped: 0.0001124 seconds, Stopping threads took: 0.0000286 seconds
[2020-01-13T13:50:41.430+0000][1][safepoint    ] Application time: 1.0001137 seconds
[2020-01-13T13:50:41.430+0000][1][safepoint    ] Entering safepoint region: Cleanup
[2020-01-13T13:50:41.430+0000][1][safepoint    ] Leaving safepoint region
[2020-01-13T13:50:41.430+0000][1][safepoint    ] Total time for which application threads were stopped: 0.0001429 seconds, Stopping threads took: 0.0000529 seconds
[2020-01-13T13:50:42.430+0000][1][safepoint    ] Application time: 1.0001228 seconds
[2020-01-13T13:50:42.430+0000][1][safepoint    ] Entering safepoint region: Cleanup
[2020-01-13T13:50:42.430+0000][1][safepoint    ] Leaving safepoint region
[2020-01-13T13:50:42.430+0000][1][safepoint    ] Total time for which application threads were stopped: 0.0001181 seconds, Stopping threads took: 0.0000270 seconds
[2020-01-13T13:50:43.431+0000][1][safepoint    ] Application time: 1.0001227 seconds
[2020-01-13T13:50:43.431+0000][1][safepoint    ] Entering safepoint region: Cleanup
[2020-01-13T13:50:43.431+0000][1][safepoint    ] Leaving safepoint region
[2020-01-13T13:50:43.431+0000][1][safepoint    ] Total time for which application threads were stopped: 0.0001191 seconds, Stopping threads took: 0.0000340 seconds
[2020-01-13T13:50:44.431+0000][1][safepoint    ] Application time: 1.0000830 seconds
[2020-01-13T13:50:44.432+0000][1][safepoint    ] Entering safepoint region: Cleanup
[2020-01-13T13:50:44.432+0000][1][safepoint    ] Leaving safepoint region
[2020-01-13T13:50:44.432+0000][1][safepoint    ] Total time for which application threads were stopped: 0.0001119 seconds, Stopping threads took: 0.0000397 seconds
[2020-01-13T13:50:45.432+0000][1][safepoint    ] Application time: 1.0001678 seconds
[2020-01-13T13:50:45.432+0000][1][safepoint    ] Entering safepoint region: Cleanup
[2020-01-13T13:50:45.432+0000][1][safepoint    ] Leaving safepoint region
[2020-01-13T13:50:45.432+0000][1][safepoint    ] Total time for which application threads were stopped: 0.0001180 seconds, Stopping threads took: 0.0000365 seconds
[2020-01-13T13:50:46.432+0000][1][safepoint    ] Application time: 1.0001632 seconds
[2020-01-13T13:50:46.433+0000][1][safepoint    ] Entering safepoint region: Cleanup
[2020-01-13T13:50:46.433+0000][1][safepoint    ] Leaving safepoint region
[2020-01-13T13:50:46.433+0000][1][safepoint    ] Total time for which application threads were stopped: 0.0001305 seconds, Stopping threads took: 0.0000312 seconds
[2020-01-13T13:50:47.433+0000][1][safepoint    ] Application time: 1.0000859 seconds
[2020-01-13T13:50:47.433+0000][1][safepoint    ] Entering safepoint region: Cleanup
[2020-01-13T13:50:47.433+0000][1][safepoint    ] Leaving safepoint region
[2020-01-13T13:50:47.433+0000][1][safepoint    ] Total time for which application threads were stopped: 0.0001870 seconds, Stopping threads took: 0.0001240 seconds
[2020-01-13T13:50:48.433+0000][1][safepoint    ] Application time: 1.0001330 seconds
[2020-01-13T13:50:48.433+0000][1][safepoint    ] Entering safepoint region: Cleanup
[2020-01-13T13:50:48.433+0000][1][safepoint    ] Leaving safepoint region
[2020-01-13T13:50:48.433+0000][1][safepoint    ] Total time for which application threads were stopped: 0.0001084 seconds, Stopping threads took: 0.0000261 seconds
[2020-01-13T13:50:49.433+0000][1][safepoint    ] Application time: 1.0001537 seconds
[2020-01-13T13:50:49.434+0000][1][safepoint    ] Entering safepoint region: Cleanup
[2020-01-13T13:50:49.434+0000][1][safepoint    ] Leaving safepoint region
[2020-01-13T13:50:49.434+0000][1][safepoint    ] Total time for which application threads were stopped: 0.0001225 seconds, Stopping threads took: 0.0000372 seconds
[2020-01-13T13:50:50.434+0000][1][safepoint    ] Application time: 1.0001419 seconds
[2020-01-13T13:50:50.434+0000][1][safepoint    ] Entering safepoint region: Cleanup
[2020-01-13T13:50:50.434+0000][1][safepoint    ] Leaving safepoint region
[2020-01-13T13:50:50.434+0000][1][safepoint    ] Total time for which application threads were stopped: 0.0001050 seconds, Stopping threads took: 0.0000245 seconds
[2020-01-13T13:50:51.434+0000][1][safepoint    ] Application time: 1.0001269 seconds
[2020-01-13T13:50:51.434+0000][1][safepoint    ] Entering safepoint region: Cleanup
[2020-01-13T13:50:51.434+0000][1][safepoint    ] Leaving safepoint region
[2020-01-13T13:50:51.434+0000][1][safepoint    ] Total time for which application threads were stopped: 0.0001152 seconds, Stopping threads took: 0.0000297 seconds
[2020-01-13T13:50:52.434+0000][1][safepoint    ] Application time: 1.0001298 seconds
[2020-01-13T13:50:52.435+0000][1][safepoint    ] Entering safepoint region: Cleanup
[2020-01-13T13:50:52.435+0000][1][safepoint    ] Leaving safepoint region
[2020-01-13T13:50:52.435+0000][1][safepoint    ] Total time for which application threads were stopped: 0.0001000 seconds, Stopping threads took: 0.0000250 seconds
[2020-01-13T13:50:53.435+0000][1][safepoint    ] Application time: 1.0000905 seconds
[2020-01-13T13:50:53.435+0000][1][safepoint    ] Entering safepoint region: Cleanup
[2020-01-13T13:50:53.435+0000][1][safepoint    ] Leaving safepoint region
[2020-01-13T13:50:53.435+0000][1][safepoint    ] Total time for which application threads were stopped: 0.0000783 seconds, Stopping threads took: 0.0000181 seconds
[2020-01-13T13:50:54.435+0000][1][safepoint    ] Application time: 1.0000931 seconds
[2020-01-13T13:50:54.435+0000][1][safepoint    ] Entering safepoint region: Cleanup
[2020-01-13T13:50:54.435+0000][1][safepoint    ] Leaving safepoint region
[2020-01-13T13:50:54.435+0000][1][safepoint    ] Total time for which application threads were stopped: 0.0001098 seconds, Stopping threads took: 0.0000284 seconds
[2020-01-13T13:50:55.435+0000][1][safepoint    ] Application time: 1.0000904 seconds
[2020-01-13T13:50:55.435+0000][1][safepoint    ] Entering safepoint region: Cleanup
[2020-01-13T13:50:55.435+0000][1][safepoint    ] Leaving safepoint region
[2020-01-13T13:50:55.435+0000][1][safepoint    ] Total time for which application threads were stopped: 0.0001364 seconds, Stopping threads took: 0.0000275 seconds
[2020-01-13T13:50:56.435+0000][1][safepoint    ] Application time: 1.0000779 seconds
[2020-01-13T13:50:56.436+0000][1][safepoint    ] Entering safepoint region: Cleanup
[2020-01-13T13:50:56.436+0000][1][safepoint    ] Leaving safepoint region
[2020-01-13T13:50:56.436+0000][1][safepoint    ] Total time for which application threads were stopped: 0.0001663 seconds, Stopping threads took: 0.0000731 seconds
[2020-01-13T13:50:57.436+0000][1][safepoint    ] Application time: 1.0003189 seconds
[2020-01-13T13:50:57.436+0000][1][safepoint    ] Entering safepoint region: Cleanup
[2020-01-13T13:50:57.436+0000][1][safepoint    ] Leaving safepoint region
[2020-01-13T13:50:57.436+0000][1][safepoint    ] Total time for which application threads were stopped: 0.0001325 seconds, Stopping threads took: 0.0000291 seconds
[2020-01-13T13:50:58.436+0000][1][safepoint    ] Application time: 1.0000981 seconds
[2020-01-13T13:50:58.436+0000][1][safepoint    ] Entering safepoint region: Cleanup
[2020-01-13T13:50:58.437+0000][1][safepoint    ] Leaving safepoint region
[2020-01-13T13:50:58.437+0000][1][safepoint    ] Total time for which application threads were stopped: 0.0001166 seconds, Stopping threads took: 0.0000332 seconds
[2020-01-13T13:50:59.437+0000][1][safepoint    ] Application time: 1.0001096 seconds
[2020-01-13T13:50:59.438+0000][1][safepoint    ] Entering safepoint region: Cleanup
[2020-01-13T13:50:59.438+0000][1][safepoint    ] Leaving safepoint region
[2020-01-13T13:50:59.438+0000][1][safepoint    ] Total time for which application threads were stopped: 0.0001177 seconds, Stopping threads took: 0.0000444 seconds
[2020-01-13T13:51:00.438+0000][1][safepoint    ] Application time: 1.0000840 seconds
[2020-01-13T13:51:00.440+0000][1][safepoint    ] Entering safepoint region: Cleanup
[2020-01-13T13:51:00.440+0000][1][safepoint    ] Leaving safepoint region
[2020-01-13T13:51:00.440+0000][1][safepoint    ] Total time for which application threads were stopped: 0.0021332 seconds, Stopping threads took: 0.0020368 seconds
[2020-01-13T13:51:01.440+0000][1][safepoint    ] Application time: 1.0000904 seconds
[2020-01-13T13:51:01.440+0000][1][safepoint    ] Entering safepoint region: Cleanup
[2020-01-13T13:51:01.440+0000][1][safepoint    ] Leaving safepoint region
[2020-01-13T13:51:01.440+0000][1][safepoint    ] Total time for which application threads were stopped: 0.0001124 seconds, Stopping threads took: 0.0000247 seconds
[2020-01-13T13:51:02.440+0000][1][safepoint    ] Application time: 1.0000927 seconds
[2020-01-13T13:51:02.441+0000][1][safepoint    ] Entering safepoint region: Cleanup
[2020-01-13T13:51:02.441+0000][1][safepoint    ] Leaving safepoint region
[2020-01-13T13:51:02.441+0000][1][safepoint    ] Total time for which application threads were stopped: 0.0001060 seconds, Stopping threads took: 0.0000270 seconds
[2020-01-13T13:51:03.441+0000][1][safepoint    ] Application time: 1.0001020 seconds
[2020-01-13T13:51:03.441+0000][1][safepoint    ] Entering safepoint region: Cleanup
[2020-01-13T13:51:03.441+0000][1][safepoint    ] Leaving safepoint region
[2020-01-13T13:51:03.441+0000][1][safepoint    ] Total time for which application threads were stopped: 0.0001274 seconds, Stopping threads took: 0.0000320 seconds
[2020-01-13T13:51:04.441+0000][1][safepoint    ] Application time: 1.0001105 seconds
[2020-01-13T13:51:04.442+0000][1][safepoint    ] Entering safepoint region: Cleanup
[2020-01-13T13:51:04.442+0000][1][safepoint    ] Leaving safepoint region
[2020-01-13T13:51:04.442+0000][1][safepoint    ] Total time for which application threads were stopped: 0.0001096 seconds, Stopping threads took: 0.0000381 seconds
[2020-01-13T13:51:05.442+0000][1][safepoint    ] Application time: 1.0001076 seconds
[2020-01-13T13:51:05.442+0000][1][safepoint    ] Entering safepoint region: Cleanup
[2020-01-13T13:51:05.443+0000][1][safepoint    ] Leaving safepoint region
[2020-01-13T13:51:05.443+0000][1][safepoint    ] Total time for which application threads were stopped: 0.0000958 seconds, Stopping threads took: 0.0000218 seconds
[2020-01-13T13:51:06.443+0000][1][safepoint    ] Application time: 1.0000825 seconds
[2020-01-13T13:51:06.445+0000][1][safepoint    ] Entering safepoint region: Cleanup
[2020-01-13T13:51:06.445+0000][1][safepoint    ] Leaving safepoint region
[2020-01-13T13:51:06.445+0000][1][safepoint    ] Total time for which application threads were stopped: 0.0021080 seconds, Stopping threads took: 0.0020036 seconds
[2020-01-13T13:51:07.446+0000][1][safepoint    ] Application time: 1.0008409 seconds
[2020-01-13T13:51:07.446+0000][1][safepoint    ] Entering safepoint region: Cleanup
[2020-01-13T13:51:07.446+0000][1][safepoint    ] Leaving safepoint region
[2020-01-13T13:51:07.446+0000][1][safepoint    ] Total time for which application threads were stopped: 0.0001108 seconds, Stopping threads took: 0.0000428 seconds
[2020-01-13T13:51:08.446+0000][1][safepoint    ] Application time: 1.0000953 seconds
[2020-01-13T13:51:08.446+0000][1][safepoint    ] Entering safepoint region: Cleanup
[2020-01-13T13:51:08.446+0000][1][safepoint    ] Leaving safepoint region
[2020-01-13T13:51:08.446+0000][1][safepoint    ] Total time for which application threads were stopped: 0.0001010 seconds, Stopping threads took: 0.0000279 seconds
[2020-01-13T13:51:09.446+0000][1][safepoint    ] Application time: 1.0001042 seconds
[2020-01-13T13:51:09.447+0000][1][safepoint    ] Entering safepoint region: Cleanup
[2020-01-13T13:51:09.447+0000][1][safepoint    ] Leaving safepoint region
[2020-01-13T13:51:09.447+0000][1][safepoint    ] Total time for which application threads were stopped: 0.0001228 seconds, Stopping threads took: 0.0000461 seconds
[2020-01-13T13:51:10.447+0000][1][safepoint    ] Application time: 1.0001007 seconds
[2020-01-13T13:51:10.447+0000][1][safepoint    ] Entering safepoint region: Cleanup
[2020-01-13T13:51:10.447+0000][1][safepoint    ] Leaving safepoint region
[2020-01-13T13:51:10.447+0000][1][safepoint    ] Total time for which application threads were stopped: 0.0001075 seconds, Stopping threads took: 0.0000245 seconds
[2020-01-13T13:51:11.448+0000][1][safepoint    ] Application time: 1.0000942 seconds
[2020-01-13T13:51:11.448+0000][1][safepoint    ] Entering safepoint region: Cleanup
[2020-01-13T13:51:11.448+0000][1][safepoint    ] Leaving safepoint region
[2020-01-13T13:51:11.448+0000][1][safepoint    ] Total time for which application threads were stopped: 0.0001342 seconds, Stopping threads took: 0.0000310 seconds
[2020-01-13T13:51:12.448+0000][1][safepoint    ] Application time: 1.0000833 seconds
[2020-01-13T13:51:12.448+0000][1][safepoint    ] Entering safepoint region: Cleanup
[2020-01-13T13:51:12.448+0000][1][safepoint    ] Leaving safepoint region
[2020-01-13T13:51:12.448+0000][1][safepoint    ] Total time for which application threads were stopped: 0.0000741 seconds, Stopping threads took: 0.0000188 seconds
[2020-01-13T13:51:13.448+0000][1][safepoint    ] Application time: 1.0000940 seconds
[2020-01-13T13:51:13.448+0000][1][safepoint    ] Entering safepoint region: Cleanup
[2020-01-13T13:51:13.448+0000][1][safepoint    ] Leaving safepoint region
[2020-01-13T13:51:13.448+0000][1][safepoint    ] Total time for which application threads were stopped: 0.0001007 seconds, Stopping threads took: 0.0000269 seconds
[2020-01-13T13:51:14.448+0000][1][safepoint    ] Application time: 1.0000867 seconds
[2020-01-13T13:51:14.449+0000][1][safepoint    ] Entering safepoint region: Cleanup
[2020-01-13T13:51:14.449+0000][1][safepoint    ] Leaving safepoint region
[2020-01-13T13:51:14.450+0000][1][safepoint    ] Total time for which application threads were stopped: 0.0001130 seconds, Stopping threads took: 0.0000326 seconds
[2020-01-13T13:51:15.441+0000][1][safepoint    ] Application time: 0.9915263 seconds
[2020-01-13T13:51:15.441+0000][1][safepoint    ] Entering safepoint region: GenCollectForAllocation
[2020-01-13T13:51:15.441+0000][1][gc,start     ] GC(30) Pause Young (Allocation Failure)
[2020-01-13T13:51:15.441+0000][1][gc,task      ] GC(30) Using 1 workers of 1 for evacuation
[2020-01-13T13:51:15.447+0000][1][gc,age       ] GC(30) Desired survivor size 4358144 bytes, new threshold 6 (max threshold 6)
[2020-01-13T13:51:15.448+0000][1][gc,age       ] GC(30) Age table with threshold 6 (max threshold 6)
[2020-01-13T13:51:15.448+0000][1][gc,age       ] GC(30) - age   1:     653344 bytes,     653344 total
[2020-01-13T13:51:15.448+0000][1][gc,age       ] GC(30) - age   2:       5184 bytes,     658528 total
[2020-01-13T13:51:15.448+0000][1][gc,age       ] GC(30) - age   3:       5632 bytes,     664160 total
[2020-01-13T13:51:15.448+0000][1][gc,age       ] GC(30) - age   4:       5920 bytes,     670080 total
[2020-01-13T13:51:15.448+0000][1][gc,age       ] GC(30) - age   5:       5976 bytes,     676056 total
[2020-01-13T13:51:15.448+0000][1][gc,age       ] GC(30) - age   6:      18656 bytes,     694712 total
[2020-01-13T13:51:15.448+0000][1][gc,heap      ] GC(30) ParNew: 68919K->1342K(76672K)
[2020-01-13T13:51:15.448+0000][1][gc,heap      ] GC(30) CMS: 67612K->67623K(176960K)
[2020-01-13T13:51:15.448+0000][1][gc,metaspace ] GC(30) Metaspace: 65982K->65982K(1110016K)
[2020-01-13T13:51:15.448+0000][1][gc           ] GC(30) Pause Young (Allocation Failure) 133M->67M(247M) 6.266ms
[2020-01-13T13:51:15.448+0000][1][gc,cpu       ] GC(30) User=0.00s Sys=0.00s Real=0.00s
[2020-01-13T13:51:15.448+0000][1][safepoint    ] Leaving safepoint region
[2020-01-13T13:51:15.448+0000][1][safepoint    ] Total time for which application threads were stopped: 0.0065542 seconds, Stopping threads took: 0.0000690 seconds
[2020-01-13T13:51:16.453+0000][1][safepoint    ] Application time: 1.0051646 seconds
[2020-01-13T13:51:16.453+0000][1][safepoint    ] Entering safepoint region: Cleanup
[2020-01-13T13:51:16.453+0000][1][safepoint    ] Leaving safepoint region
[2020-01-13T13:51:16.453+0000][1][safepoint    ] Total time for which application threads were stopped: 0.0001248 seconds, Stopping threads took: 0.0000358 seconds
[2020-01-13T13:51:17.453+0000][1][safepoint    ] Application time: 1.0001017 seconds
[2020-01-13T13:51:17.453+0000][1][safepoint    ] Entering safepoint region: Cleanup
[2020-01-13T13:51:17.453+0000][1][safepoint    ] Leaving safepoint region
[2020-01-13T13:51:17.453+0000][1][safepoint    ] Total time for which application threads were stopped: 0.0001696 seconds, Stopping threads took: 0.0000478 seconds
[2020-01-13T13:51:18.454+0000][1][safepoint    ] Application time: 1.0001042 seconds
[2020-01-13T13:51:18.454+0000][1][safepoint    ] Entering safepoint region: Cleanup
[2020-01-13T13:51:18.454+0000][1][safepoint    ] Leaving safepoint region
[2020-01-13T13:51:18.454+0000][1][safepoint    ] Total time for which application threads were stopped: 0.0001069 seconds, Stopping threads took: 0.0000420 seconds
[2020-01-13T13:51:19.454+0000][1][safepoint    ] Application time: 1.0001579 seconds
[2020-01-13T13:51:19.454+0000][1][safepoint    ] Entering safepoint region: Cleanup
[2020-01-13T13:51:19.454+0000][1][safepoint    ] Leaving safepoint region
[2020-01-13T13:51:19.454+0000][1][safepoint    ] Total time for which application threads were stopped: 0.0001354 seconds, Stopping threads took: 0.0000382 seconds
[2020-01-13T13:51:20.454+0000][1][safepoint    ] Application time: 1.0000854 seconds
[2020-01-13T13:51:20.456+0000][1][safepoint    ] Entering safepoint region: Cleanup
[2020-01-13T13:51:20.456+0000][1][safepoint    ] Leaving safepoint region
[2020-01-13T13:51:20.456+0000][1][safepoint    ] Total time for which application threads were stopped: 0.0022023 seconds, Stopping threads took: 0.0020349 seconds
[2020-01-13T13:51:21.457+0000][1][safepoint    ] Application time: 1.0002086 seconds
[2020-01-13T13:51:21.457+0000][1][safepoint    ] Entering safepoint region: Cleanup
[2020-01-13T13:51:21.457+0000][1][safepoint    ] Leaving safepoint region
[2020-01-13T13:51:21.457+0000][1][safepoint    ] Total time for which application threads were stopped: 0.0000994 seconds, Stopping threads took: 0.0000300 seconds
[2020-01-13T13:51:22.457+0000][1][safepoint    ] Application time: 1.0001125 seconds
[2020-01-13T13:51:22.457+0000][1][safepoint    ] Entering safepoint region: Cleanup
[2020-01-13T13:51:22.457+0000][1][safepoint    ] Leaving safepoint region
[2020-01-13T13:51:22.457+0000][1][safepoint    ] Total time for which application threads were stopped: 0.0001014 seconds, Stopping threads took: 0.0000280 seconds
[2020-01-13T13:51:23.457+0000][1][safepoint    ] Application time: 1.0001274 seconds
[2020-01-13T13:51:23.457+0000][1][safepoint    ] Entering safepoint region: Cleanup
[2020-01-13T13:51:23.457+0000][1][safepoint    ] Leaving safepoint region
[2020-01-13T13:51:23.457+0000][1][safepoint    ] Total time for which application threads were stopped: 0.0001083 seconds, Stopping threads took: 0.0000374 seconds
[2020-01-13T13:51:24.458+0000][1][safepoint    ] Application time: 1.0000812 seconds
[2020-01-13T13:51:24.459+0000][1][safepoint    ] Entering safepoint region: Cleanup
[2020-01-13T13:51:24.459+0000][1][safepoint    ] Leaving safepoint region
[2020-01-13T13:51:24.459+0000][1][safepoint    ] Total time for which application threads were stopped: 0.0018092 seconds, Stopping threads took: 0.0016961 seconds
[2020-01-13T13:51:25.460+0000][1][safepoint    ] Application time: 1.0001043 seconds
[2020-01-13T13:51:25.460+0000][1][safepoint    ] Entering safepoint region: Cleanup
[2020-01-13T13:51:25.460+0000][1][safepoint    ] Leaving safepoint region
[2020-01-13T13:51:25.460+0000][1][safepoint    ] Total time for which application threads were stopped: 0.0000995 seconds, Stopping threads took: 0.0000195 seconds
[2020-01-13T13:51:26.460+0000][1][safepoint    ] Application time: 1.0000896 seconds
[2020-01-13T13:51:26.460+0000][1][safepoint    ] Entering safepoint region: Cleanup
[2020-01-13T13:51:26.460+0000][1][safepoint    ] Leaving safepoint region
[2020-01-13T13:51:26.460+0000][1][safepoint    ] Total time for which application threads were stopped: 0.0001481 seconds, Stopping threads took: 0.0000672 seconds
[2020-01-13T13:51:27.460+0000][1][safepoint    ] Application time: 1.0000872 seconds
[2020-01-13T13:51:27.462+0000][1][safepoint    ] Entering safepoint region: Cleanup
[2020-01-13T13:51:27.462+0000][1][safepoint    ] Leaving safepoint region
[2020-01-13T13:51:27.462+0000][1][safepoint    ] Total time for which application threads were stopped: 0.0021090 seconds, Stopping threads took: 0.0020128 seconds
[2020-01-13T13:51:28.462+0000][1][safepoint    ] Application time: 1.0001332 seconds
[2020-01-13T13:51:28.462+0000][1][safepoint    ] Entering safepoint region: Cleanup
[2020-01-13T13:51:28.463+0000][1][safepoint    ] Leaving safepoint region
[2020-01-13T13:51:28.463+0000][1][safepoint    ] Total time for which application threads were stopped: 0.0001183 seconds, Stopping threads took: 0.0000260 seconds
[2020-01-13T13:51:29.463+0000][1][safepoint    ] Application time: 1.0001886 seconds
[2020-01-13T13:51:29.464+0000][1][safepoint    ] Entering safepoint region: Cleanup
[2020-01-13T13:51:29.464+0000][1][safepoint    ] Leaving safepoint region
[2020-01-13T13:51:29.464+0000][1][safepoint    ] Total time for which application threads were stopped: 0.0001185 seconds, Stopping threads took: 0.0000511 seconds
[2020-01-13T13:51:30.464+0000][1][safepoint    ] Application time: 1.0001033 seconds
[2020-01-13T13:51:30.464+0000][1][safepoint    ] Entering safepoint region: Cleanup
[2020-01-13T13:51:30.464+0000][1][safepoint    ] Leaving safepoint region
[2020-01-13T13:51:30.464+0000][1][safepoint    ] Total time for which application threads were stopped: 0.0001689 seconds, Stopping threads took: 0.0000298 seconds
[2020-01-13T13:51:31.465+0000][1][safepoint    ] Application time: 1.0001359 seconds
[2020-01-13T13:51:31.465+0000][1][safepoint    ] Entering safepoint region: Cleanup
[2020-01-13T13:51:31.465+0000][1][safepoint    ] Leaving safepoint region
[2020-01-13T13:51:31.465+0000][1][safepoint    ] Total time for which application threads were stopped: 0.0000954 seconds, Stopping threads took: 0.0000247 seconds
[2020-01-13T13:51:32.465+0000][1][safepoint    ] Application time: 1.0000859 seconds
[2020-01-13T13:51:32.467+0000][1][safepoint    ] Entering safepoint region: Cleanup
[2020-01-13T13:51:32.467+0000][1][safepoint    ] Leaving safepoint region
[2020-01-13T13:51:32.467+0000][1][safepoint    ] Total time for which application threads were stopped: 0.0020786 seconds, Stopping threads took: 0.0020060 seconds
[2020-01-13T13:51:33.467+0000][1][safepoint    ] Application time: 1.0001465 seconds
[2020-01-13T13:51:33.467+0000][1][safepoint    ] Entering safepoint region: Cleanup
[2020-01-13T13:51:33.467+0000][1][safepoint    ] Leaving safepoint region
[2020-01-13T13:51:33.467+0000][1][safepoint    ] Total time for which application threads were stopped: 0.0001524 seconds, Stopping threads took: 0.0000358 seconds
[2020-01-13T13:51:34.468+0000][1][safepoint    ] Application time: 1.0001489 seconds
[2020-01-13T13:51:34.469+0000][1][safepoint    ] Entering safepoint region: Cleanup
[2020-01-13T13:51:34.469+0000][1][safepoint    ] Leaving safepoint region
[2020-01-13T13:51:34.469+0000][1][safepoint    ] Total time for which application threads were stopped: 0.0001281 seconds, Stopping threads took: 0.0000554 seconds
[2020-01-13T13:51:35.469+0000][1][safepoint    ] Application time: 1.0001070 seconds
[2020-01-13T13:51:35.469+0000][1][safepoint    ] Entering safepoint region: Cleanup
[2020-01-13T13:51:35.469+0000][1][safepoint    ] Leaving safepoint region
[2020-01-13T13:51:35.469+0000][1][safepoint    ] Total time for which application threads were stopped: 0.0001244 seconds, Stopping threads took: 0.0000317 seconds
[2020-01-13T13:51:36.469+0000][1][safepoint    ] Application time: 1.0001083 seconds
[2020-01-13T13:51:36.469+0000][1][safepoint    ] Entering safepoint region: Cleanup
[2020-01-13T13:51:36.469+0000][1][safepoint    ] Leaving safepoint region
[2020-01-13T13:51:36.469+0000][1][safepoint    ] Total time for which application threads were stopped: 0.0001363 seconds, Stopping threads took: 0.0000541 seconds
[2020-01-13T13:51:37.470+0000][1][safepoint    ] Application time: 1.0001226 seconds
[2020-01-13T13:51:37.470+0000][1][safepoint    ] Entering safepoint region: Cleanup
[2020-01-13T13:51:37.470+0000][1][safepoint    ] Leaving safepoint region
[2020-01-13T13:51:37.470+0000][1][safepoint    ] Total time for which application threads were stopped: 0.0001213 seconds, Stopping threads took: 0.0000323 seconds
[2020-01-13T13:51:38.470+0000][1][safepoint    ] Application time: 1.0000901 seconds
[2020-01-13T13:51:38.470+0000][1][safepoint    ] Entering safepoint region: Cleanup
[2020-01-13T13:51:38.471+0000][1][safepoint    ] Leaving safepoint region
[2020-01-13T13:51:38.471+0000][1][safepoint    ] Total time for which application threads were stopped: 0.0008255 seconds, Stopping threads took: 0.0000243 seconds
[2020-01-13T13:51:39.471+0000][1][safepoint    ] Application time: 1.0000909 seconds
[2020-01-13T13:51:39.472+0000][1][safepoint    ] Entering safepoint region: Cleanup
[2020-01-13T13:51:39.472+0000][1][safepoint    ] Leaving safepoint region
[2020-01-13T13:51:39.472+0000][1][safepoint    ] Total time for which application threads were stopped: 0.0001103 seconds, Stopping threads took: 0.0000443 seconds
[2020-01-13T13:51:40.472+0000][1][safepoint    ] Application time: 1.0000849 seconds
[2020-01-13T13:51:40.472+0000][1][safepoint    ] Entering safepoint region: Cleanup
[2020-01-13T13:51:40.472+0000][1][safepoint    ] Leaving safepoint region
[2020-01-13T13:51:40.472+0000][1][safepoint    ] Total time for which application threads were stopped: 0.0001547 seconds, Stopping threads took: 0.0000222 seconds
[2020-01-13T13:51:41.473+0000][1][safepoint    ] Application time: 1.0001075 seconds
[2020-01-13T13:51:41.473+0000][1][safepoint    ] Entering safepoint region: Cleanup
[2020-01-13T13:51:41.473+0000][1][safepoint    ] Leaving safepoint region
[2020-01-13T13:51:41.473+0000][1][safepoint    ] Total time for which application threads were stopped: 0.0001071 seconds, Stopping threads took: 0.0000300 seconds
[2020-01-13T13:51:42.473+0000][1][safepoint    ] Application time: 1.0000934 seconds
[2020-01-13T13:51:42.473+0000][1][safepoint    ] Entering safepoint region: Cleanup
[2020-01-13T13:51:42.473+0000][1][safepoint    ] Leaving safepoint region
[2020-01-13T13:51:42.473+0000][1][safepoint    ] Total time for which application threads were stopped: 0.0000870 seconds, Stopping threads took: 0.0000220 seconds
[2020-01-13T13:51:43.473+0000][1][safepoint    ] Application time: 1.0001111 seconds
[2020-01-13T13:51:43.473+0000][1][safepoint    ] Entering safepoint region: Cleanup
[2020-01-13T13:51:43.473+0000][1][safepoint    ] Leaving safepoint region
[2020-01-13T13:51:43.473+0000][1][safepoint    ] Total time for which application threads were stopped: 0.0000916 seconds, Stopping threads took: 0.0000269 seconds
[2020-01-13T13:51:44.473+0000][1][safepoint    ] Application time: 1.0001019 seconds
[2020-01-13T13:51:44.474+0000][1][safepoint    ] Entering safepoint region: Cleanup
[2020-01-13T13:51:44.474+0000][1][safepoint    ] Leaving safepoint region
[2020-01-13T13:51:44.474+0000][1][safepoint    ] Total time for which application threads were stopped: 0.0001033 seconds, Stopping threads took: 0.0000376 seconds
[2020-01-13T13:51:45.474+0000][1][safepoint    ] Application time: 1.0000784 seconds
[2020-01-13T13:51:45.474+0000][1][safepoint    ] Entering safepoint region: Cleanup
[2020-01-13T13:51:45.475+0000][1][safepoint    ] Leaving safepoint region
[2020-01-13T13:51:45.475+0000][1][safepoint    ] Total time for which application threads were stopped: 0.0001118 seconds, Stopping threads took: 0.0000215 seconds
[2020-01-13T13:51:46.475+0000][1][safepoint    ] Application time: 1.0000965 seconds
[2020-01-13T13:51:46.477+0000][1][safepoint    ] Entering safepoint region: Cleanup
[2020-01-13T13:51:46.477+0000][1][safepoint    ] Leaving safepoint region
[2020-01-13T13:51:46.477+0000][1][safepoint    ] Total time for which application threads were stopped: 0.0022489 seconds, Stopping threads took: 0.0021351 seconds
[2020-01-13T13:51:47.477+0000][1][safepoint    ] Application time: 1.0002672 seconds
[2020-01-13T13:51:47.477+0000][1][safepoint    ] Entering safepoint region: Cleanup
[2020-01-13T13:51:47.477+0000][1][safepoint    ] Leaving safepoint region
[2020-01-13T13:51:47.477+0000][1][safepoint    ] Total time for which application threads were stopped: 0.0001130 seconds, Stopping threads took: 0.0000271 seconds
[2020-01-13T13:51:48.478+0000][1][safepoint    ] Application time: 1.0000774 seconds
[2020-01-13T13:51:48.478+0000][1][safepoint    ] Entering safepoint region: Cleanup
[2020-01-13T13:51:48.478+0000][1][safepoint    ] Leaving safepoint region
[2020-01-13T13:51:48.478+0000][1][safepoint    ] Total time for which application threads were stopped: 0.0001251 seconds, Stopping threads took: 0.0000484 seconds
[2020-01-13T13:51:49.478+0000][1][safepoint    ] Application time: 1.0001148 seconds
[2020-01-13T13:51:49.478+0000][1][safepoint    ] Entering safepoint region: Cleanup
[2020-01-13T13:51:49.478+0000][1][safepoint    ] Leaving safepoint region
[2020-01-13T13:51:49.478+0000][1][safepoint    ] Total time for which application threads were stopped: 0.0001146 seconds, Stopping threads took: 0.0000256 seconds
[2020-01-13T13:51:50.478+0000][1][safepoint    ] Application time: 1.0000944 seconds
[2020-01-13T13:51:50.478+0000][1][safepoint    ] Entering safepoint region: Cleanup
[2020-01-13T13:51:50.478+0000][1][safepoint    ] Leaving safepoint region
[2020-01-13T13:51:50.478+0000][1][safepoint    ] Total time for which application threads were stopped: 0.0001201 seconds, Stopping threads took: 0.0000280 seconds
[2020-01-13T13:51:51.478+0000][1][safepoint    ] Application time: 1.0001193 seconds
[2020-01-13T13:51:51.479+0000][1][safepoint    ] Entering safepoint region: Cleanup
[2020-01-13T13:51:51.479+0000][1][safepoint    ] Leaving safepoint region
[2020-01-13T13:51:51.479+0000][1][safepoint    ] Total time for which application threads were stopped: 0.0001003 seconds, Stopping threads took: 0.0000223 seconds
[2020-01-13T13:51:52.479+0000][1][safepoint    ] Application time: 1.0001007 seconds
[2020-01-13T13:51:52.479+0000][1][safepoint    ] Entering safepoint region: Cleanup
[2020-01-13T13:51:52.479+0000][1][safepoint    ] Leaving safepoint region
[2020-01-13T13:51:52.479+0000][1][safepoint    ] Total time for which application threads were stopped: 0.0000956 seconds, Stopping threads took: 0.0000201 seconds
[2020-01-13T13:51:53.479+0000][1][safepoint    ] Application time: 1.0000831 seconds
[2020-01-13T13:51:53.479+0000][1][safepoint    ] Entering safepoint region: Cleanup
[2020-01-13T13:51:53.479+0000][1][safepoint    ] Leaving safepoint region
[2020-01-13T13:51:53.479+0000][1][safepoint    ] Total time for which application threads were stopped: 0.0003966 seconds, Stopping threads took: 0.0003333 seconds
[2020-01-13T13:51:53.480+0000][1][safepoint    ] Application time: 0.0000940 seconds
[2020-01-13T13:51:53.480+0000][1][safepoint    ] Entering safepoint region: GenCollectForAllocation
[2020-01-13T13:51:53.480+0000][1][gc,start     ] GC(31) Pause Young (Allocation Failure)
[2020-01-13T13:51:53.480+0000][1][gc,task      ] GC(31) Using 1 workers of 1 for evacuation
[2020-01-13T13:51:53.485+0000][1][gc,age       ] GC(31) Desired survivor size 4358144 bytes, new threshold 6 (max threshold 6)
[2020-01-13T13:51:53.489+0000][1][gc,age       ] GC(31) Age table with threshold 6 (max threshold 6)
[2020-01-13T13:51:53.489+0000][1][gc,age       ] GC(31) - age   1:     604440 bytes,     604440 total
[2020-01-13T13:51:53.489+0000][1][gc,age       ] GC(31) - age   2:       5792 bytes,     610232 total
[2020-01-13T13:51:53.489+0000][1][gc,age       ] GC(31) - age   3:       5184 bytes,     615416 total
[2020-01-13T13:51:53.489+0000][1][gc,age       ] GC(31) - age   4:       5632 bytes,     621048 total
[2020-01-13T13:51:53.489+0000][1][gc,age       ] GC(31) - age   5:       5920 bytes,     626968 total
[2020-01-13T13:51:53.489+0000][1][gc,age       ] GC(31) - age   6:       5976 bytes,     632944 total
[2020-01-13T13:51:53.489+0000][1][gc,heap      ] GC(31) ParNew: 69498K->844K(76672K)
[2020-01-13T13:51:53.489+0000][1][gc,heap      ] GC(31) CMS: 67623K->67641K(176960K)
[2020-01-13T13:51:53.489+0000][1][gc,metaspace ] GC(31) Metaspace: 66022K->66022K(1110016K)
[2020-01-13T13:51:53.489+0000][1][gc           ] GC(31) Pause Young (Allocation Failure) 133M->66M(247M) 9.594ms
[2020-01-13T13:51:53.489+0000][1][gc,cpu       ] GC(31) User=0.01s Sys=0.00s Real=0.00s
[2020-01-13T13:51:53.489+0000][1][safepoint    ] Leaving safepoint region
[2020-01-13T13:51:53.489+0000][1][safepoint    ] Total time for which application threads were stopped: 0.0097302 seconds, Stopping threads took: 0.0000162 seconds
[2020-01-13T13:51:54.490+0000][1][safepoint    ] Application time: 1.0008506 seconds
[2020-01-13T13:51:54.490+0000][1][safepoint    ] Entering safepoint region: Cleanup
[2020-01-13T13:51:54.490+0000][1][safepoint    ] Leaving safepoint region
[2020-01-13T13:51:54.490+0000][1][safepoint    ] Total time for which application threads were stopped: 0.0001495 seconds, Stopping threads took: 0.0000301 seconds
[2020-01-13T13:51:55.491+0000][1][safepoint    ] Application time: 1.0001010 seconds
[2020-01-13T13:51:55.491+0000][1][safepoint    ] Entering safepoint region: Cleanup
[2020-01-13T13:51:55.491+0000][1][safepoint    ] Leaving safepoint region
[2020-01-13T13:51:55.491+0000][1][safepoint    ] Total time for which application threads were stopped: 0.0001423 seconds, Stopping threads took: 0.0000349 seconds
[2020-01-13T13:51:56.491+0000][1][safepoint    ] Application time: 1.0001182 seconds
[2020-01-13T13:51:56.491+0000][1][safepoint    ] Entering safepoint region: Cleanup
[2020-01-13T13:51:56.491+0000][1][safepoint    ] Leaving safepoint region
[2020-01-13T13:51:56.491+0000][1][safepoint    ] Total time for which application threads were stopped: 0.0001229 seconds, Stopping threads took: 0.0000297 seconds
[2020-01-13T13:51:57.491+0000][1][safepoint    ] Application time: 1.0000888 seconds
[2020-01-13T13:51:57.491+0000][1][safepoint    ] Entering safepoint region: Cleanup
[2020-01-13T13:51:57.491+0000][1][safepoint    ] Leaving safepoint region
[2020-01-13T13:51:57.491+0000][1][safepoint    ] Total time for which application threads were stopped: 0.0001022 seconds, Stopping threads took: 0.0000270 seconds
[2020-01-13T13:51:58.491+0000][1][safepoint    ] Application time: 1.0000802 seconds
[2020-01-13T13:51:58.491+0000][1][safepoint    ] Entering safepoint region: Cleanup
[2020-01-13T13:51:58.492+0000][1][safepoint    ] Leaving safepoint region
[2020-01-13T13:51:58.492+0000][1][safepoint    ] Total time for which application threads were stopped: 0.0000860 seconds, Stopping threads took: 0.0000226 seconds
[2020-01-13T13:51:59.492+0000][1][safepoint    ] Application time: 1.0000951 seconds
[2020-01-13T13:51:59.493+0000][1][safepoint    ] Entering safepoint region: Cleanup
[2020-01-13T13:51:59.493+0000][1][safepoint    ] Leaving safepoint region
[2020-01-13T13:51:59.493+0000][1][safepoint    ] Total time for which application threads were stopped: 0.0001128 seconds, Stopping threads took: 0.0000436 seconds
[2020-01-13T13:52:00.493+0000][1][safepoint    ] Application time: 1.0001067 seconds
[2020-01-13T13:52:00.493+0000][1][safepoint    ] Entering safepoint region: Cleanup
[2020-01-13T13:52:00.493+0000][1][safepoint    ] Leaving safepoint region
[2020-01-13T13:52:00.493+0000][1][safepoint    ] Total time for which application threads were stopped: 0.0001182 seconds, Stopping threads took: 0.0000459 seconds
[2020-01-13T13:52:01.493+0000][1][safepoint    ] Application time: 1.0000922 seconds
[2020-01-13T13:52:01.493+0000][1][safepoint    ] Entering safepoint region: Cleanup
[2020-01-13T13:52:01.493+0000][1][safepoint    ] Leaving safepoint region
[2020-01-13T13:52:01.493+0000][1][safepoint    ] Total time for which application threads were stopped: 0.0000995 seconds, Stopping threads took: 0.0000316 seconds
[2020-01-13T13:52:02.493+0000][1][safepoint    ] Application time: 1.0000916 seconds
[2020-01-13T13:52:02.493+0000][1][safepoint    ] Entering safepoint region: Cleanup
[2020-01-13T13:52:02.494+0000][1][safepoint    ] Leaving safepoint region
[2020-01-13T13:52:02.494+0000][1][safepoint    ] Total time for which application threads were stopped: 0.0000993 seconds, Stopping threads took: 0.0000257 seconds
[2020-01-13T13:52:03.494+0000][1][safepoint    ] Application time: 1.0000857 seconds
[2020-01-13T13:52:03.494+0000][1][safepoint    ] Entering safepoint region: Cleanup
[2020-01-13T13:52:03.494+0000][1][safepoint    ] Leaving safepoint region
[2020-01-13T13:52:03.494+0000][1][safepoint    ] Total time for which application threads were stopped: 0.0001060 seconds, Stopping threads took: 0.0000287 seconds
[2020-01-13T13:52:04.494+0000][1][safepoint    ] Application time: 1.0000956 seconds
[2020-01-13T13:52:04.495+0000][1][safepoint    ] Entering safepoint region: Cleanup
[2020-01-13T13:52:04.495+0000][1][safepoint    ] Leaving safepoint region
[2020-01-13T13:52:04.495+0000][1][safepoint    ] Total time for which application threads were stopped: 0.0001135 seconds, Stopping threads took: 0.0000350 seconds
[2020-01-13T13:52:05.495+0000][1][safepoint    ] Application time: 1.0001725 seconds
[2020-01-13T13:52:05.495+0000][1][safepoint    ] Entering safepoint region: Cleanup
[2020-01-13T13:52:05.495+0000][1][safepoint    ] Leaving safepoint region
[2020-01-13T13:52:05.495+0000][1][safepoint    ] Total time for which application threads were stopped: 0.0001135 seconds, Stopping threads took: 0.0000270 seconds
[2020-01-13T13:52:06.495+0000][1][safepoint    ] Application time: 1.0000949 seconds
[2020-01-13T13:52:06.495+0000][1][safepoint    ] Entering safepoint region: Cleanup
[2020-01-13T13:52:06.495+0000][1][safepoint    ] Leaving safepoint region
[2020-01-13T13:52:06.495+0000][1][safepoint    ] Total time for which application threads were stopped: 0.0001099 seconds, Stopping threads took: 0.0000313 seconds
[2020-01-13T13:52:07.496+0000][1][safepoint    ] Application time: 1.0001126 seconds
[2020-01-13T13:52:07.496+0000][1][safepoint    ] Entering safepoint region: Cleanup
[2020-01-13T13:52:07.496+0000][1][safepoint    ] Leaving safepoint region
[2020-01-13T13:52:07.496+0000][1][safepoint    ] Total time for which application threads were stopped: 0.0002386 seconds, Stopping threads took: 0.0000350 seconds
[2020-01-13T13:52:08.496+0000][1][safepoint    ] Application time: 1.0001079 seconds
[2020-01-13T13:52:08.496+0000][1][safepoint    ] Entering safepoint region: Cleanup
[2020-01-13T13:52:08.496+0000][1][safepoint    ] Leaving safepoint region
[2020-01-13T13:52:08.496+0000][1][safepoint    ] Total time for which application threads were stopped: 0.0001366 seconds, Stopping threads took: 0.0000416 seconds
[2020-01-13T13:52:09.496+0000][1][safepoint    ] Application time: 1.0001022 seconds
[2020-01-13T13:52:09.498+0000][1][safepoint    ] Entering safepoint region: Cleanup
[2020-01-13T13:52:09.498+0000][1][safepoint    ] Leaving safepoint region
[2020-01-13T13:52:09.499+0000][1][safepoint    ] Total time for which application threads were stopped: 0.0001278 seconds, Stopping threads took: 0.0000584 seconds
[2020-01-13T13:52:10.499+0000][1][safepoint    ] Application time: 1.0001626 seconds
[2020-01-13T13:52:10.499+0000][1][safepoint    ] Entering safepoint region: Cleanup
[2020-01-13T13:52:10.499+0000][1][safepoint    ] Leaving safepoint region
[2020-01-13T13:52:10.499+0000][1][safepoint    ] Total time for which application threads were stopped: 0.0001498 seconds, Stopping threads took: 0.0000393 seconds
[2020-01-13T13:52:11.499+0000][1][safepoint    ] Application time: 1.0001255 seconds
[2020-01-13T13:52:11.499+0000][1][safepoint    ] Entering safepoint region: Cleanup
[2020-01-13T13:52:11.499+0000][1][safepoint    ] Leaving safepoint region
[2020-01-13T13:52:11.499+0000][1][safepoint    ] Total time for which application threads were stopped: 0.0001042 seconds, Stopping threads took: 0.0000284 seconds
[2020-01-13T13:52:12.499+0000][1][safepoint    ] Application time: 1.0001213 seconds
[2020-01-13T13:52:12.499+0000][1][safepoint    ] Entering safepoint region: Cleanup
[2020-01-13T13:52:12.500+0000][1][safepoint    ] Leaving safepoint region
[2020-01-13T13:52:12.500+0000][1][safepoint    ] Total time for which application threads were stopped: 0.0001321 seconds, Stopping threads took: 0.0000409 seconds
[2020-01-13T13:52:13.500+0000][1][safepoint    ] Application time: 1.0001168 seconds
[2020-01-13T13:52:13.500+0000][1][safepoint    ] Entering safepoint region: Cleanup
[2020-01-13T13:52:13.500+0000][1][safepoint    ] Leaving safepoint region
[2020-01-13T13:52:13.500+0000][1][safepoint    ] Total time for which application threads were stopped: 0.0001203 seconds, Stopping threads took: 0.0000317 seconds
[2020-01-13T13:52:14.500+0000][1][safepoint    ] Application time: 1.0001087 seconds
[2020-01-13T13:52:14.501+0000][1][safepoint    ] Entering safepoint region: Cleanup
[2020-01-13T13:52:14.501+0000][1][safepoint    ] Leaving safepoint region
[2020-01-13T13:52:14.501+0000][1][safepoint    ] Total time for which application threads were stopped: 0.0001045 seconds, Stopping threads took: 0.0000332 seconds
[2020-01-13T13:52:15.501+0000][1][safepoint    ] Application time: 1.0001240 seconds
[2020-01-13T13:52:15.501+0000][1][safepoint    ] Entering safepoint region: Cleanup
[2020-01-13T13:52:15.501+0000][1][safepoint    ] Leaving safepoint region
[2020-01-13T13:52:15.501+0000][1][safepoint    ] Total time for which application threads were stopped: 0.0001465 seconds, Stopping threads took: 0.0000345 seconds
[2020-01-13T13:52:16.502+0000][1][safepoint    ] Application time: 1.0001211 seconds
[2020-01-13T13:52:16.502+0000][1][safepoint    ] Entering safepoint region: Cleanup
[2020-01-13T13:52:16.502+0000][1][safepoint    ] Leaving safepoint region
[2020-01-13T13:52:16.502+0000][1][safepoint    ] Total time for which application threads were stopped: 0.0001283 seconds, Stopping threads took: 0.0000251 seconds
[2020-01-13T13:52:17.502+0000][1][safepoint    ] Application time: 1.0001340 seconds
[2020-01-13T13:52:17.502+0000][1][safepoint    ] Entering safepoint region: Cleanup
[2020-01-13T13:52:17.502+0000][1][safepoint    ] Leaving safepoint region
[2020-01-13T13:52:17.502+0000][1][safepoint    ] Total time for which application threads were stopped: 0.0001089 seconds, Stopping threads took: 0.0000252 seconds
[2020-01-13T13:52:18.502+0000][1][safepoint    ] Application time: 1.0001164 seconds
[2020-01-13T13:52:18.502+0000][1][safepoint    ] Entering safepoint region: Cleanup
[2020-01-13T13:52:18.502+0000][1][safepoint    ] Leaving safepoint region
[2020-01-13T13:52:18.502+0000][1][safepoint    ] Total time for which application threads were stopped: 0.0001515 seconds, Stopping threads took: 0.0000393 seconds
[2020-01-13T13:52:19.503+0000][1][safepoint    ] Application time: 1.0001306 seconds
[2020-01-13T13:52:19.503+0000][1][safepoint    ] Entering safepoint region: Cleanup
[2020-01-13T13:52:19.503+0000][1][safepoint    ] Leaving safepoint region
[2020-01-13T13:52:19.503+0000][1][safepoint    ] Total time for which application threads were stopped: 0.0001003 seconds, Stopping threads took: 0.0000272 seconds
[2020-01-13T13:52:20.503+0000][1][safepoint    ] Application time: 1.0000859 seconds
[2020-01-13T13:52:20.503+0000][1][safepoint    ] Entering safepoint region: Cleanup
[2020-01-13T13:52:20.503+0000][1][safepoint    ] Leaving safepoint region
[2020-01-13T13:52:20.503+0000][1][safepoint    ] Total time for which application threads were stopped: 0.0002529 seconds, Stopping threads took: 0.0001521 seconds
[2020-01-13T13:52:21.503+0000][1][safepoint    ] Application time: 1.0001259 seconds
[2020-01-13T13:52:21.503+0000][1][safepoint    ] Entering safepoint region: Cleanup
[2020-01-13T13:52:21.504+0000][1][safepoint    ] Leaving safepoint region
[2020-01-13T13:52:21.504+0000][1][safepoint    ] Total time for which application threads were stopped: 0.0001112 seconds, Stopping threads took: 0.0000331 seconds
[2020-01-13T13:52:22.504+0000][1][safepoint    ] Application time: 1.0001151 seconds
[2020-01-13T13:52:22.504+0000][1][safepoint    ] Entering safepoint region: Cleanup
[2020-01-13T13:52:22.504+0000][1][safepoint    ] Leaving safepoint region
[2020-01-13T13:52:22.504+0000][1][safepoint    ] Total time for which application threads were stopped: 0.0001203 seconds, Stopping threads took: 0.0000329 seconds
[2020-01-13T13:52:23.504+0000][1][safepoint    ] Application time: 1.0001301 seconds
[2020-01-13T13:52:23.504+0000][1][safepoint    ] Entering safepoint region: Cleanup
[2020-01-13T13:52:23.504+0000][1][safepoint    ] Leaving safepoint region
[2020-01-13T13:52:23.504+0000][1][safepoint    ] Total time for which application threads were stopped: 0.0001313 seconds, Stopping threads took: 0.0000349 seconds
[2020-01-13T13:52:24.504+0000][1][safepoint    ] Application time: 1.0002356 seconds
[2020-01-13T13:52:24.505+0000][1][safepoint    ] Entering safepoint region: Cleanup
[2020-01-13T13:52:24.505+0000][1][safepoint    ] Leaving safepoint region
[2020-01-13T13:52:24.505+0000][1][safepoint    ] Total time for which application threads were stopped: 0.0001049 seconds, Stopping threads took: 0.0000277 seconds
[2020-01-13T13:52:25.505+0000][1][safepoint    ] Application time: 1.0001333 seconds
[2020-01-13T13:52:25.505+0000][1][safepoint    ] Entering safepoint region: Cleanup
[2020-01-13T13:52:25.505+0000][1][safepoint    ] Leaving safepoint region
[2020-01-13T13:52:25.505+0000][1][safepoint    ] Total time for which application threads were stopped: 0.0000854 seconds, Stopping threads took: 0.0000198 seconds
[2020-01-13T13:52:26.505+0000][1][safepoint    ] Application time: 1.0000783 seconds
[2020-01-13T13:52:26.505+0000][1][safepoint    ] Entering safepoint region: Cleanup
[2020-01-13T13:52:26.505+0000][1][safepoint    ] Leaving safepoint region
[2020-01-13T13:52:26.505+0000][1][safepoint    ] Total time for which application threads were stopped: 0.0001231 seconds, Stopping threads took: 0.0000360 seconds
[2020-01-13T13:52:27.505+0000][1][safepoint    ] Application time: 1.0001070 seconds
[2020-01-13T13:52:27.505+0000][1][safepoint    ] Entering safepoint region: Cleanup
[2020-01-13T13:52:27.506+0000][1][safepoint    ] Leaving safepoint region
[2020-01-13T13:52:27.506+0000][1][safepoint    ] Total time for which application threads were stopped: 0.0001564 seconds, Stopping threads took: 0.0000499 seconds
[2020-01-13T13:52:28.506+0000][1][safepoint    ] Application time: 1.0000870 seconds
[2020-01-13T13:52:28.506+0000][1][safepoint    ] Entering safepoint region: Cleanup
[2020-01-13T13:52:28.506+0000][1][safepoint    ] Leaving safepoint region
[2020-01-13T13:52:28.506+0000][1][safepoint    ] Total time for which application threads were stopped: 0.0001066 seconds, Stopping threads took: 0.0000430 seconds
[2020-01-13T13:52:29.506+0000][1][safepoint    ] Application time: 1.0000809 seconds
[2020-01-13T13:52:29.507+0000][1][safepoint    ] Entering safepoint region: Cleanup
[2020-01-13T13:52:29.507+0000][1][safepoint    ] Leaving safepoint region
[2020-01-13T13:52:29.507+0000][1][safepoint    ] Total time for which application threads were stopped: 0.0001105 seconds, Stopping threads took: 0.0000367 seconds
[2020-01-13T13:52:30.507+0000][1][safepoint    ] Application time: 1.0001046 seconds
[2020-01-13T13:52:30.507+0000][1][safepoint    ] Entering safepoint region: Cleanup
[2020-01-13T13:52:30.507+0000][1][safepoint    ] Leaving safepoint region
[2020-01-13T13:52:30.507+0000][1][safepoint    ] Total time for which application threads were stopped: 0.0001522 seconds, Stopping threads took: 0.0000328 seconds
[2020-01-13T13:52:31.501+0000][1][safepoint    ] Application time: 0.9938502 seconds
[2020-01-13T13:52:31.501+0000][1][safepoint    ] Entering safepoint region: GenCollectForAllocation
[2020-01-13T13:52:31.501+0000][1][gc,start     ] GC(32) Pause Young (Allocation Failure)
[2020-01-13T13:52:31.501+0000][1][gc,task      ] GC(32) Using 1 workers of 1 for evacuation
[2020-01-13T13:52:31.508+0000][1][gc,age       ] GC(32) Desired survivor size 4358144 bytes, new threshold 6 (max threshold 6)
[2020-01-13T13:52:31.508+0000][1][gc,age       ] GC(32) Age table with threshold 6 (max threshold 6)
[2020-01-13T13:52:31.508+0000][1][gc,age       ] GC(32) - age   1:     620880 bytes,     620880 total
[2020-01-13T13:52:31.508+0000][1][gc,age       ] GC(32) - age   2:       3632 bytes,     624512 total
[2020-01-13T13:52:31.508+0000][1][gc,age       ] GC(32) - age   3:       5504 bytes,     630016 total
[2020-01-13T13:52:31.508+0000][1][gc,age       ] GC(32) - age   4:       5184 bytes,     635200 total
[2020-01-13T13:52:31.508+0000][1][gc,age       ] GC(32) - age   5:       5632 bytes,     640832 total
[2020-01-13T13:52:31.508+0000][1][gc,age       ] GC(32) - age   6:       5920 bytes,     646752 total
[2020-01-13T13:52:31.508+0000][1][gc,heap      ] GC(32) ParNew: 69004K->1138K(76672K)
[2020-01-13T13:52:31.508+0000][1][gc,heap      ] GC(32) CMS: 67641K->67647K(176960K)
[2020-01-13T13:52:31.508+0000][1][gc,metaspace ] GC(32) Metaspace: 66078K->66078K(1110016K)
[2020-01-13T13:52:31.508+0000][1][gc           ] GC(32) Pause Young (Allocation Failure) 133M->67M(247M) 6.355ms
[2020-01-13T13:52:31.508+0000][1][gc,cpu       ] GC(32) User=0.01s Sys=0.00s Real=0.00s
[2020-01-13T13:52:31.508+0000][1][safepoint    ] Leaving safepoint region
[2020-01-13T13:52:31.508+0000][1][safepoint    ] Total time for which application threads were stopped: 0.0065768 seconds, Stopping threads took: 0.0000298 seconds
[2020-01-13T13:52:32.511+0000][1][safepoint    ] Application time: 1.0035279 seconds
[2020-01-13T13:52:32.511+0000][1][safepoint    ] Entering safepoint region: Cleanup
[2020-01-13T13:52:32.512+0000][1][safepoint    ] Leaving safepoint region
[2020-01-13T13:52:32.512+0000][1][safepoint    ] Total time for which application threads were stopped: 0.0001185 seconds, Stopping threads took: 0.0000345 seconds
[2020-01-13T13:52:33.512+0000][1][safepoint    ] Application time: 1.0001679 seconds
[2020-01-13T13:52:33.512+0000][1][safepoint    ] Entering safepoint region: Cleanup
[2020-01-13T13:52:33.512+0000][1][safepoint    ] Leaving safepoint region
[2020-01-13T13:52:33.512+0000][1][safepoint    ] Total time for which application threads were stopped: 0.0001332 seconds, Stopping threads took: 0.0000319 seconds
[2020-01-13T13:52:34.512+0000][1][safepoint    ] Application time: 1.0000923 seconds
[2020-01-13T13:52:34.513+0000][1][safepoint    ] Entering safepoint region: Cleanup
[2020-01-13T13:52:34.513+0000][1][safepoint    ] Leaving safepoint region
[2020-01-13T13:52:34.513+0000][1][safepoint    ] Total time for which application threads were stopped: 0.0001606 seconds, Stopping threads took: 0.0000703 seconds
[2020-01-13T13:52:35.513+0000][1][safepoint    ] Application time: 1.0002896 seconds
[2020-01-13T13:52:35.514+0000][1][safepoint    ] Entering safepoint region: Cleanup
[2020-01-13T13:52:35.514+0000][1][safepoint    ] Leaving safepoint region
[2020-01-13T13:52:35.514+0000][1][safepoint    ] Total time for which application threads were stopped: 0.0001095 seconds, Stopping threads took: 0.0000353 seconds
[2020-01-13T13:52:36.514+0000][1][safepoint    ] Application time: 1.0000823 seconds
[2020-01-13T13:52:36.514+0000][1][safepoint    ] Entering safepoint region: Cleanup
[2020-01-13T13:52:36.514+0000][1][safepoint    ] Leaving safepoint region
[2020-01-13T13:52:36.514+0000][1][safepoint    ] Total time for which application threads were stopped: 0.0001207 seconds, Stopping threads took: 0.0000461 seconds
[2020-01-13T13:52:37.514+0000][1][safepoint    ] Application time: 1.0001308 seconds
[2020-01-13T13:52:37.514+0000][1][safepoint    ] Entering safepoint region: Cleanup
[2020-01-13T13:52:37.514+0000][1][safepoint    ] Leaving safepoint region
[2020-01-13T13:52:37.514+0000][1][safepoint    ] Total time for which application threads were stopped: 0.0001006 seconds, Stopping threads took: 0.0000267 seconds
[2020-01-13T13:52:38.514+0000][1][safepoint    ] Application time: 1.0000873 seconds
[2020-01-13T13:52:38.515+0000][1][safepoint    ] Entering safepoint region: Cleanup
[2020-01-13T13:52:38.515+0000][1][safepoint    ] Leaving safepoint region
[2020-01-13T13:52:38.515+0000][1][safepoint    ] Total time for which application threads were stopped: 0.0007157 seconds, Stopping threads took: 0.0005633 seconds
[2020-01-13T13:52:39.515+0000][1][safepoint    ] Application time: 1.0001410 seconds
[2020-01-13T13:52:39.516+0000][1][safepoint    ] Entering safepoint region: Cleanup
[2020-01-13T13:52:39.517+0000][1][safepoint    ] Leaving safepoint region
[2020-01-13T13:52:39.517+0000][1][safepoint    ] Total time for which application threads were stopped: 0.0001665 seconds, Stopping threads took: 0.0000490 seconds
[2020-01-13T13:52:40.517+0000][1][safepoint    ] Application time: 1.0000981 seconds
[2020-01-13T13:52:40.517+0000][1][safepoint    ] Entering safepoint region: Cleanup
[2020-01-13T13:52:40.517+0000][1][safepoint    ] Leaving safepoint region
[2020-01-13T13:52:40.517+0000][1][safepoint    ] Total time for which application threads were stopped: 0.0001576 seconds, Stopping threads took: 0.0000313 seconds
[2020-01-13T13:52:41.517+0000][1][safepoint    ] Application time: 1.0001626 seconds
[2020-01-13T13:52:41.517+0000][1][safepoint    ] Entering safepoint region: Cleanup
[2020-01-13T13:52:41.517+0000][1][safepoint    ] Leaving safepoint region
[2020-01-13T13:52:41.517+0000][1][safepoint    ] Total time for which application threads were stopped: 0.0001266 seconds, Stopping threads took: 0.0000337 seconds
[2020-01-13T13:52:42.517+0000][1][safepoint    ] Application time: 1.0001461 seconds
[2020-01-13T13:52:42.518+0000][1][safepoint    ] Entering safepoint region: Cleanup
[2020-01-13T13:52:42.518+0000][1][safepoint    ] Leaving safepoint region
[2020-01-13T13:52:42.518+0000][1][safepoint    ] Total time for which application threads were stopped: 0.0001089 seconds, Stopping threads took: 0.0000278 seconds
[2020-01-13T13:52:43.518+0000][1][safepoint    ] Application time: 1.0001358 seconds
[2020-01-13T13:52:43.518+0000][1][safepoint    ] Entering safepoint region: Cleanup
[2020-01-13T13:52:43.518+0000][1][safepoint    ] Leaving safepoint region
[2020-01-13T13:52:43.518+0000][1][safepoint    ] Total time for which application threads were stopped: 0.0001332 seconds, Stopping threads took: 0.0000377 seconds
[2020-01-13T13:52:44.518+0000][1][safepoint    ] Application time: 1.0001105 seconds
[2020-01-13T13:52:44.519+0000][1][safepoint    ] Entering safepoint region: Cleanup
[2020-01-13T13:52:44.519+0000][1][safepoint    ] Leaving safepoint region
[2020-01-13T13:52:44.519+0000][1][safepoint    ] Total time for which application threads were stopped: 0.0001329 seconds, Stopping threads took: 0.0000472 seconds
[2020-01-13T13:52:45.519+0000][1][safepoint    ] Application time: 1.0001192 seconds
[2020-01-13T13:52:45.519+0000][1][safepoint    ] Entering safepoint region: Cleanup
[2020-01-13T13:52:45.519+0000][1][safepoint    ] Leaving safepoint region
[2020-01-13T13:52:45.519+0000][1][safepoint    ] Total time for which application threads were stopped: 0.0001047 seconds, Stopping threads took: 0.0000245 seconds
[2020-01-13T13:52:46.520+0000][1][safepoint    ] Application time: 1.0000869 seconds
[2020-01-13T13:52:46.520+0000][1][safepoint    ] Entering safepoint region: Cleanup
[2020-01-13T13:52:46.520+0000][1][safepoint    ] Leaving safepoint region
[2020-01-13T13:52:46.520+0000][1][safepoint    ] Total time for which application threads were stopped: 0.0001502 seconds, Stopping threads took: 0.0000308 seconds
[2020-01-13T13:52:47.520+0000][1][safepoint    ] Application time: 1.0001206 seconds
[2020-01-13T13:52:47.520+0000][1][safepoint    ] Entering safepoint region: Cleanup
[2020-01-13T13:52:47.520+0000][1][safepoint    ] Leaving safepoint region
[2020-01-13T13:52:47.520+0000][1][safepoint    ] Total time for which application threads were stopped: 0.0001315 seconds, Stopping threads took: 0.0000320 seconds
[2020-01-13T13:52:48.520+0000][1][safepoint    ] Application time: 1.0001207 seconds
[2020-01-13T13:52:48.520+0000][1][safepoint    ] Entering safepoint region: Cleanup
[2020-01-13T13:52:48.520+0000][1][safepoint    ] Leaving safepoint region
[2020-01-13T13:52:48.520+0000][1][safepoint    ] Total time for which application threads were stopped: 0.0001120 seconds, Stopping threads took: 0.0000362 seconds
[2020-01-13T13:52:49.521+0000][1][safepoint    ] Application time: 1.0001477 seconds
[2020-01-13T13:52:49.521+0000][1][safepoint    ] Entering safepoint region: Cleanup
[2020-01-13T13:52:49.521+0000][1][safepoint    ] Leaving safepoint region
[2020-01-13T13:52:49.521+0000][1][safepoint    ] Total time for which application threads were stopped: 0.0001202 seconds, Stopping threads took: 0.0000356 seconds
[2020-01-13T13:52:50.521+0000][1][safepoint    ] Application time: 1.0002088 seconds
[2020-01-13T13:52:50.521+0000][1][safepoint    ] Entering safepoint region: Cleanup
[2020-01-13T13:52:50.521+0000][1][safepoint    ] Leaving safepoint region
[2020-01-13T13:52:50.521+0000][1][safepoint    ] Total time for which application threads were stopped: 0.0001154 seconds, Stopping threads took: 0.0000240 seconds
[2020-01-13T13:52:51.521+0000][1][safepoint    ] Application time: 1.0001221 seconds
[2020-01-13T13:52:51.521+0000][1][safepoint    ] Entering safepoint region: Cleanup
[2020-01-13T13:52:51.521+0000][1][safepoint    ] Leaving safepoint region
[2020-01-13T13:52:51.521+0000][1][safepoint    ] Total time for which application threads were stopped: 0.0000877 seconds, Stopping threads took: 0.0000216 seconds
[2020-01-13T13:52:52.522+0000][1][safepoint    ] Application time: 1.0000950 seconds
[2020-01-13T13:52:52.522+0000][1][safepoint    ] Entering safepoint region: Cleanup
[2020-01-13T13:52:52.522+0000][1][safepoint    ] Leaving safepoint region
[2020-01-13T13:52:52.522+0000][1][safepoint    ] Total time for which application threads were stopped: 0.0001097 seconds, Stopping threads took: 0.0000264 seconds
[2020-01-13T13:52:53.522+0000][1][safepoint    ] Application time: 1.0001090 seconds
[2020-01-13T13:52:53.522+0000][1][safepoint    ] Entering safepoint region: Cleanup
[2020-01-13T13:52:53.522+0000][1][safepoint    ] Leaving safepoint region
[2020-01-13T13:52:53.522+0000][1][safepoint    ] Total time for which application threads were stopped: 0.0001360 seconds, Stopping threads took: 0.0000293 seconds
[2020-01-13T13:52:54.522+0000][1][safepoint    ] Application time: 1.0001138 seconds
[2020-01-13T13:52:54.522+0000][1][safepoint    ] Entering safepoint region: Cleanup
[2020-01-13T13:52:54.522+0000][1][safepoint    ] Leaving safepoint region
[2020-01-13T13:52:54.522+0000][1][safepoint    ] Total time for which application threads were stopped: 0.0001004 seconds, Stopping threads took: 0.0000215 seconds
[2020-01-13T13:52:55.523+0000][1][safepoint    ] Application time: 1.0001058 seconds
[2020-01-13T13:52:55.523+0000][1][safepoint    ] Entering safepoint region: Cleanup
[2020-01-13T13:52:55.523+0000][1][safepoint    ] Leaving safepoint region
[2020-01-13T13:52:55.523+0000][1][safepoint    ] Total time for which application threads were stopped: 0.0001153 seconds, Stopping threads took: 0.0000253 seconds
[2020-01-13T13:52:56.523+0000][1][safepoint    ] Application time: 1.0001115 seconds
[2020-01-13T13:52:56.523+0000][1][safepoint    ] Entering safepoint region: Cleanup
[2020-01-13T13:52:56.523+0000][1][safepoint    ] Leaving safepoint region
[2020-01-13T13:52:56.523+0000][1][safepoint    ] Total time for which application threads were stopped: 0.0000835 seconds, Stopping threads took: 0.0000201 seconds
[2020-01-13T13:52:57.523+0000][1][safepoint    ] Application time: 1.0001022 seconds
[2020-01-13T13:52:57.523+0000][1][safepoint    ] Entering safepoint region: Cleanup
[2020-01-13T13:52:57.523+0000][1][safepoint    ] Leaving safepoint region
[2020-01-13T13:52:57.523+0000][1][safepoint    ] Total time for which application threads were stopped: 0.0001020 seconds, Stopping threads took: 0.0000341 seconds
[2020-01-13T13:52:58.523+0000][1][safepoint    ] Application time: 1.0000719 seconds
[2020-01-13T13:52:58.525+0000][1][safepoint    ] Entering safepoint region: Cleanup
[2020-01-13T13:52:58.525+0000][1][safepoint    ] Leaving safepoint region
[2020-01-13T13:52:58.525+0000][1][safepoint    ] Total time for which application threads were stopped: 0.0020931 seconds, Stopping threads took: 0.0020115 seconds
[2020-01-13T13:52:59.526+0000][1][safepoint    ] Application time: 1.0000937 seconds
[2020-01-13T13:52:59.527+0000][1][safepoint    ] Entering safepoint region: Cleanup
[2020-01-13T13:52:59.527+0000][1][safepoint    ] Leaving safepoint region
[2020-01-13T13:52:59.527+0000][1][safepoint    ] Total time for which application threads were stopped: 0.0001118 seconds, Stopping threads took: 0.0000370 seconds
[2020-01-13T13:53:00.527+0000][1][safepoint    ] Application time: 1.0001221 seconds
[2020-01-13T13:53:00.527+0000][1][safepoint    ] Entering safepoint region: Cleanup
[2020-01-13T13:53:00.527+0000][1][safepoint    ] Leaving safepoint region
[2020-01-13T13:53:00.527+0000][1][safepoint    ] Total time for which application threads were stopped: 0.0001056 seconds, Stopping threads took: 0.0000216 seconds
[2020-01-13T13:53:01.527+0000][1][safepoint    ] Application time: 1.0001111 seconds
[2020-01-13T13:53:01.527+0000][1][safepoint    ] Entering safepoint region: Cleanup
[2020-01-13T13:53:01.527+0000][1][safepoint    ] Leaving safepoint region
[2020-01-13T13:53:01.527+0000][1][safepoint    ] Total time for which application threads were stopped: 0.0000989 seconds, Stopping threads took: 0.0000289 seconds
[2020-01-13T13:53:02.528+0000][1][safepoint    ] Application time: 1.0000921 seconds
[2020-01-13T13:53:02.528+0000][1][safepoint    ] Entering safepoint region: Cleanup
[2020-01-13T13:53:02.528+0000][1][safepoint    ] Leaving safepoint region
[2020-01-13T13:53:02.528+0000][1][safepoint    ] Total time for which application threads were stopped: 0.0001287 seconds, Stopping threads took: 0.0000297 seconds
[2020-01-13T13:53:03.528+0000][1][safepoint    ] Application time: 1.0001047 seconds
[2020-01-13T13:53:03.528+0000][1][safepoint    ] Entering safepoint region: Cleanup
[2020-01-13T13:53:03.528+0000][1][safepoint    ] Leaving safepoint region
[2020-01-13T13:53:03.528+0000][1][safepoint    ] Total time for which application threads were stopped: 0.0000985 seconds, Stopping threads took: 0.0000199 seconds
[2020-01-13T13:53:04.529+0000][1][safepoint    ] Application time: 1.0001338 seconds
[2020-01-13T13:53:04.532+0000][1][safepoint    ] Entering safepoint region: Cleanup
[2020-01-13T13:53:04.532+0000][1][safepoint    ] Leaving safepoint region
[2020-01-13T13:53:04.532+0000][1][safepoint    ] Total time for which application threads were stopped: 0.0021849 seconds, Stopping threads took: 0.0020940 seconds
[2020-01-13T13:53:05.532+0000][1][safepoint    ] Application time: 1.0004955 seconds
[2020-01-13T13:53:05.532+0000][1][safepoint    ] Entering safepoint region: Cleanup
[2020-01-13T13:53:05.532+0000][1][safepoint    ] Leaving safepoint region
[2020-01-13T13:53:05.532+0000][1][safepoint    ] Total time for which application threads were stopped: 0.0001821 seconds, Stopping threads took: 0.0000622 seconds
[2020-01-13T13:53:06.533+0000][1][safepoint    ] Application time: 1.0000844 seconds
[2020-01-13T13:53:06.535+0000][1][safepoint    ] Entering safepoint region: Cleanup
[2020-01-13T13:53:06.535+0000][1][safepoint    ] Leaving safepoint region
[2020-01-13T13:53:06.535+0000][1][safepoint    ] Total time for which application threads were stopped: 0.0021962 seconds, Stopping threads took: 0.0020721 seconds
[2020-01-13T13:53:07.536+0000][1][safepoint    ] Application time: 1.0014380 seconds
[2020-01-13T13:53:07.536+0000][1][safepoint    ] Entering safepoint region: Cleanup
[2020-01-13T13:53:07.536+0000][1][safepoint    ] Leaving safepoint region
[2020-01-13T13:53:07.536+0000][1][safepoint    ] Total time for which application threads were stopped: 0.0001343 seconds, Stopping threads took: 0.0000476 seconds
[2020-01-13T13:53:08.537+0000][1][safepoint    ] Application time: 1.0000813 seconds
[2020-01-13T13:53:08.537+0000][1][safepoint    ] Entering safepoint region: Cleanup
[2020-01-13T13:53:08.537+0000][1][safepoint    ] Leaving safepoint region
[2020-01-13T13:53:08.537+0000][1][safepoint    ] Total time for which application threads were stopped: 0.0001328 seconds, Stopping threads took: 0.0000263 seconds
[2020-01-13T13:53:09.531+0000][1][safepoint    ] Application time: 0.9941080 seconds
[2020-01-13T13:53:09.532+0000][1][safepoint    ] Entering safepoint region: GenCollectForAllocation
[2020-01-13T13:53:09.532+0000][1][gc,start     ] GC(33) Pause Young (Allocation Failure)
[2020-01-13T13:53:09.532+0000][1][gc,task      ] GC(33) Using 1 workers of 1 for evacuation
[2020-01-13T13:53:09.537+0000][1][gc,age       ] GC(33) Desired survivor size 4358144 bytes, new threshold 6 (max threshold 6)
[2020-01-13T13:53:09.537+0000][1][gc,age       ] GC(33) Age table with threshold 6 (max threshold 6)
[2020-01-13T13:53:09.537+0000][1][gc,age       ] GC(33) - age   1:     610176 bytes,     610176 total
[2020-01-13T13:53:09.537+0000][1][gc,age       ] GC(33) - age   2:       5728 bytes,     615904 total
[2020-01-13T13:53:09.537+0000][1][gc,age       ] GC(33) - age   3:       3632 bytes,     619536 total
[2020-01-13T13:53:09.537+0000][1][gc,age       ] GC(33) - age   4:       5504 bytes,     625040 total
[2020-01-13T13:53:09.537+0000][1][gc,age       ] GC(33) - age   5:       5184 bytes,     630224 total
[2020-01-13T13:53:09.537+0000][1][gc,age       ] GC(33) - age   6:       5632 bytes,     635856 total
[2020-01-13T13:53:09.537+0000][1][gc,heap      ] GC(33) ParNew: 69273K->758K(76672K)
[2020-01-13T13:53:09.537+0000][1][gc,heap      ] GC(33) CMS: 67647K->67653K(176960K)
[2020-01-13T13:53:09.537+0000][1][gc,metaspace ] GC(33) Metaspace: 66088K->66088K(1110016K)
[2020-01-13T13:53:09.537+0000][1][gc           ] GC(33) Pause Young (Allocation Failure) 133M->66M(247M) 5.278ms
[2020-01-13T13:53:09.537+0000][1][gc,cpu       ] GC(33) User=0.00s Sys=0.00s Real=0.00s
[2020-01-13T13:53:09.537+0000][1][safepoint    ] Leaving safepoint region
[2020-01-13T13:53:09.537+0000][1][safepoint    ] Total time for which application threads were stopped: 0.0054909 seconds, Stopping threads took: 0.0000365 seconds
[2020-01-13T13:53:10.541+0000][1][safepoint    ] Application time: 1.0035641 seconds
[2020-01-13T13:53:10.541+0000][1][safepoint    ] Entering safepoint region: Cleanup
[2020-01-13T13:53:10.541+0000][1][safepoint    ] Leaving safepoint region
[2020-01-13T13:53:10.541+0000][1][safepoint    ] Total time for which application threads were stopped: 0.0001378 seconds, Stopping threads took: 0.0000335 seconds
[2020-01-13T13:53:11.541+0000][1][safepoint    ] Application time: 1.0000851 seconds
[2020-01-13T13:53:11.541+0000][1][safepoint    ] Entering safepoint region: Cleanup
[2020-01-13T13:53:11.541+0000][1][safepoint    ] Leaving safepoint region
[2020-01-13T13:53:11.541+0000][1][safepoint    ] Total time for which application threads were stopped: 0.0000908 seconds, Stopping threads took: 0.0000196 seconds
[2020-01-13T13:53:12.541+0000][1][safepoint    ] Application time: 1.0001189 seconds
[2020-01-13T13:53:12.541+0000][1][safepoint    ] Entering safepoint region: Cleanup
[2020-01-13T13:53:12.542+0000][1][safepoint    ] Leaving safepoint region
[2020-01-13T13:53:12.542+0000][1][safepoint    ] Total time for which application threads were stopped: 0.0001018 seconds, Stopping threads took: 0.0000235 seconds
[2020-01-13T13:53:13.542+0000][1][safepoint    ] Application time: 1.0001132 seconds
[2020-01-13T13:53:13.542+0000][1][safepoint    ] Entering safepoint region: Cleanup
[2020-01-13T13:53:13.542+0000][1][safepoint    ] Leaving safepoint region
[2020-01-13T13:53:13.542+0000][1][safepoint    ] Total time for which application threads were stopped: 0.0001063 seconds, Stopping threads took: 0.0000260 seconds
[2020-01-13T13:53:14.542+0000][1][safepoint    ] Application time: 1.0001237 seconds
[2020-01-13T13:53:14.543+0000][1][safepoint    ] Entering safepoint region: Cleanup
[2020-01-13T13:53:14.543+0000][1][safepoint    ] Leaving safepoint region
[2020-01-13T13:53:14.543+0000][1][safepoint    ] Total time for which application threads were stopped: 0.0001275 seconds, Stopping threads took: 0.0000397 seconds
[2020-01-13T13:53:15.543+0000][1][safepoint    ] Application time: 1.0000930 seconds
[2020-01-13T13:53:15.543+0000][1][safepoint    ] Entering safepoint region: Cleanup
[2020-01-13T13:53:15.543+0000][1][safepoint    ] Leaving safepoint region
[2020-01-13T13:53:15.543+0000][1][safepoint    ] Total time for which application threads were stopped: 0.0000866 seconds, Stopping threads took: 0.0000189 seconds
[2020-01-13T13:53:16.543+0000][1][safepoint    ] Application time: 1.0000906 seconds
[2020-01-13T13:53:16.543+0000][1][safepoint    ] Entering safepoint region: Cleanup
[2020-01-13T13:53:16.543+0000][1][safepoint    ] Leaving safepoint region
[2020-01-13T13:53:16.543+0000][1][safepoint    ] Total time for which application threads were stopped: 0.0000923 seconds, Stopping threads took: 0.0000194 seconds
[2020-01-13T13:53:17.544+0000][1][safepoint    ] Application time: 1.0002144 seconds
[2020-01-13T13:53:17.544+0000][1][safepoint    ] Entering safepoint region: Cleanup
[2020-01-13T13:53:17.544+0000][1][safepoint    ] Leaving safepoint region
[2020-01-13T13:53:17.544+0000][1][safepoint    ] Total time for which application threads were stopped: 0.0001637 seconds, Stopping threads took: 0.0000573 seconds
[2020-01-13T13:53:18.544+0000][1][safepoint    ] Application time: 1.0000905 seconds
[2020-01-13T13:53:18.544+0000][1][safepoint    ] Entering safepoint region: Cleanup
[2020-01-13T13:53:18.544+0000][1][safepoint    ] Leaving safepoint region
[2020-01-13T13:53:18.544+0000][1][safepoint    ] Total time for which application threads were stopped: 0.0001830 seconds, Stopping threads took: 0.0001015 seconds
[2020-01-13T13:53:19.544+0000][1][safepoint    ] Application time: 1.0000779 seconds
[2020-01-13T13:53:19.544+0000][1][safepoint    ] Entering safepoint region: Cleanup
[2020-01-13T13:53:19.545+0000][1][safepoint    ] Leaving safepoint region
[2020-01-13T13:53:19.545+0000][1][safepoint    ] Total time for which application threads were stopped: 0.0001394 seconds, Stopping threads took: 0.0000299 seconds
[2020-01-13T13:53:20.545+0000][1][safepoint    ] Application time: 1.0001623 seconds
[2020-01-13T13:53:20.545+0000][1][safepoint    ] Entering safepoint region: Cleanup
[2020-01-13T13:53:20.545+0000][1][safepoint    ] Leaving safepoint region
[2020-01-13T13:53:20.545+0000][1][safepoint    ] Total time for which application threads were stopped: 0.0001156 seconds, Stopping threads took: 0.0000371 seconds
[2020-01-13T13:53:21.545+0000][1][safepoint    ] Application time: 1.0001307 seconds
[2020-01-13T13:53:21.545+0000][1][safepoint    ] Entering safepoint region: Cleanup
[2020-01-13T13:53:21.545+0000][1][safepoint    ] Leaving safepoint region
[2020-01-13T13:53:21.545+0000][1][safepoint    ] Total time for which application threads were stopped: 0.0001128 seconds, Stopping threads took: 0.0000414 seconds
[2020-01-13T13:53:22.545+0000][1][safepoint    ] Application time: 1.0000633 seconds
[2020-01-13T13:53:22.545+0000][1][safepoint    ] Entering safepoint region: Cleanup
[2020-01-13T13:53:22.546+0000][1][safepoint    ] Leaving safepoint region
[2020-01-13T13:53:22.546+0000][1][safepoint    ] Total time for which application threads were stopped: 0.0001217 seconds, Stopping threads took: 0.0000258 seconds
[2020-01-13T13:53:23.546+0000][1][safepoint    ] Application time: 1.0001255 seconds
[2020-01-13T13:53:23.546+0000][1][safepoint    ] Entering safepoint region: Cleanup
[2020-01-13T13:53:23.546+0000][1][safepoint    ] Leaving safepoint region
[2020-01-13T13:53:23.546+0000][1][safepoint    ] Total time for which application threads were stopped: 0.0001556 seconds, Stopping threads took: 0.0000521 seconds
[2020-01-13T13:53:24.546+0000][1][safepoint    ] Application time: 1.0001740 seconds
[2020-01-13T13:53:24.546+0000][1][safepoint    ] Entering safepoint region: Cleanup
[2020-01-13T13:53:24.546+0000][1][safepoint    ] Leaving safepoint region
[2020-01-13T13:53:24.546+0000][1][safepoint    ] Total time for which application threads were stopped: 0.0001068 seconds, Stopping threads took: 0.0000304 seconds
[2020-01-13T13:53:25.546+0000][1][safepoint    ] Application time: 1.0001223 seconds
[2020-01-13T13:53:25.546+0000][1][safepoint    ] Entering safepoint region: Cleanup
[2020-01-13T13:53:25.547+0000][1][safepoint    ] Leaving safepoint region
[2020-01-13T13:53:25.547+0000][1][safepoint    ] Total time for which application threads were stopped: 0.0001052 seconds, Stopping threads took: 0.0000258 seconds
[2020-01-13T13:53:26.547+0000][1][safepoint    ] Application time: 1.0000981 seconds
[2020-01-13T13:53:26.547+0000][1][safepoint    ] Entering safepoint region: Cleanup
[2020-01-13T13:53:26.547+0000][1][safepoint    ] Leaving safepoint region
[2020-01-13T13:53:26.547+0000][1][safepoint    ] Total time for which application threads were stopped: 0.0000857 seconds, Stopping threads took: 0.0000205 seconds
[2020-01-13T13:53:27.547+0000][1][safepoint    ] Application time: 1.0001281 seconds
[2020-01-13T13:53:27.547+0000][1][safepoint    ] Entering safepoint region: Cleanup
[2020-01-13T13:53:27.547+0000][1][safepoint    ] Leaving safepoint region
[2020-01-13T13:53:27.547+0000][1][safepoint    ] Total time for which application threads were stopped: 0.0002037 seconds, Stopping threads took: 0.0000946 seconds
[2020-01-13T13:53:28.547+0000][1][safepoint    ] Application time: 1.0000806 seconds
[2020-01-13T13:53:28.547+0000][1][safepoint    ] Entering safepoint region: Cleanup
[2020-01-13T13:53:28.548+0000][1][safepoint    ] Leaving safepoint region
[2020-01-13T13:53:28.548+0000][1][safepoint    ] Total time for which application threads were stopped: 0.0001660 seconds, Stopping threads took: 0.0000550 seconds
[2020-01-13T13:53:29.548+0000][1][safepoint    ] Application time: 1.0000946 seconds
[2020-01-13T13:53:29.549+0000][1][safepoint    ] Entering safepoint region: Cleanup
[2020-01-13T13:53:29.549+0000][1][safepoint    ] Leaving safepoint region
[2020-01-13T13:53:29.549+0000][1][safepoint    ] Total time for which application threads were stopped: 0.0001325 seconds, Stopping threads took: 0.0000417 seconds
[2020-01-13T13:53:30.549+0000][1][safepoint    ] Application time: 1.0000820 seconds
[2020-01-13T13:53:30.549+0000][1][safepoint    ] Entering safepoint region: Cleanup
[2020-01-13T13:53:30.549+0000][1][safepoint    ] Leaving safepoint region
[2020-01-13T13:53:30.549+0000][1][safepoint    ] Total time for which application threads were stopped: 0.0000853 seconds, Stopping threads took: 0.0000172 seconds
[2020-01-13T13:53:31.549+0000][1][safepoint    ] Application time: 1.0000817 seconds
[2020-01-13T13:53:31.550+0000][1][safepoint    ] Entering safepoint region: Cleanup
[2020-01-13T13:53:31.550+0000][1][safepoint    ] Leaving safepoint region
[2020-01-13T13:53:31.550+0000][1][safepoint    ] Total time for which application threads were stopped: 0.0005421 seconds, Stopping threads took: 0.0004228 seconds
[2020-01-13T13:53:32.550+0000][1][safepoint    ] Application time: 1.0000815 seconds
[2020-01-13T13:53:32.550+0000][1][safepoint    ] Entering safepoint region: Cleanup
[2020-01-13T13:53:32.550+0000][1][safepoint    ] Leaving safepoint region
[2020-01-13T13:53:32.550+0000][1][safepoint    ] Total time for which application threads were stopped: 0.0001465 seconds, Stopping threads took: 0.0000477 seconds
[2020-01-13T13:53:33.550+0000][1][safepoint    ] Application time: 1.0000836 seconds
[2020-01-13T13:53:33.550+0000][1][safepoint    ] Entering safepoint region: Cleanup
[2020-01-13T13:53:33.550+0000][1][safepoint    ] Leaving safepoint region
[2020-01-13T13:53:33.550+0000][1][safepoint    ] Total time for which application threads were stopped: 0.0001545 seconds, Stopping threads took: 0.0000514 seconds
[2020-01-13T13:53:34.551+0000][1][safepoint    ] Application time: 1.0001161 seconds
[2020-01-13T13:53:34.552+0000][1][safepoint    ] Entering safepoint region: Cleanup
[2020-01-13T13:53:34.552+0000][1][safepoint    ] Leaving safepoint region
[2020-01-13T13:53:34.552+0000][1][safepoint    ] Total time for which application threads were stopped: 0.0001132 seconds, Stopping threads took: 0.0000367 seconds
[2020-01-13T13:53:35.552+0000][1][safepoint    ] Application time: 1.0001013 seconds
[2020-01-13T13:53:35.552+0000][1][safepoint    ] Entering safepoint region: Cleanup
[2020-01-13T13:53:35.552+0000][1][safepoint    ] Leaving safepoint region
[2020-01-13T13:53:35.552+0000][1][safepoint    ] Total time for which application threads were stopped: 0.0001037 seconds, Stopping threads took: 0.0000194 seconds
[2020-01-13T13:53:36.552+0000][1][safepoint    ] Application time: 1.0001480 seconds
[2020-01-13T13:53:36.553+0000][1][safepoint    ] Entering safepoint region: Cleanup
[2020-01-13T13:53:36.553+0000][1][safepoint    ] Leaving safepoint region
[2020-01-13T13:53:36.553+0000][1][safepoint    ] Total time for which application threads were stopped: 0.0001357 seconds, Stopping threads took: 0.0000319 seconds
[2020-01-13T13:53:37.553+0000][1][safepoint    ] Application time: 1.0000846 seconds
[2020-01-13T13:53:37.555+0000][1][safepoint    ] Entering safepoint region: Cleanup
[2020-01-13T13:53:37.555+0000][1][safepoint    ] Leaving safepoint region
[2020-01-13T13:53:37.555+0000][1][safepoint    ] Total time for which application threads were stopped: 0.0021356 seconds, Stopping threads took: 0.0020243 seconds
[2020-01-13T13:53:38.555+0000][1][safepoint    ] Application time: 1.0000940 seconds
[2020-01-13T13:53:38.557+0000][1][safepoint    ] Entering safepoint region: Cleanup
[2020-01-13T13:53:38.557+0000][1][safepoint    ] Leaving safepoint region
[2020-01-13T13:53:38.557+0000][1][safepoint    ] Total time for which application threads were stopped: 0.0017770 seconds, Stopping threads took: 0.0016752 seconds
[2020-01-13T13:53:39.558+0000][1][safepoint    ] Application time: 1.0007059 seconds
[2020-01-13T13:53:39.561+0000][1][safepoint    ] Entering safepoint region: Cleanup
[2020-01-13T13:53:39.561+0000][1][safepoint    ] Leaving safepoint region
[2020-01-13T13:53:39.561+0000][1][safepoint    ] Total time for which application threads were stopped: 0.0022446 seconds, Stopping threads took: 0.0021169 seconds
[2020-01-13T13:53:40.561+0000][1][safepoint    ] Application time: 1.0000921 seconds
[2020-01-13T13:53:40.561+0000][1][safepoint    ] Entering safepoint region: Cleanup
[2020-01-13T13:53:40.561+0000][1][safepoint    ] Leaving safepoint region
[2020-01-13T13:53:40.561+0000][1][safepoint    ] Total time for which application threads were stopped: 0.0001016 seconds, Stopping threads took: 0.0000333 seconds
[2020-01-13T13:53:41.561+0000][1][safepoint    ] Application time: 1.0000780 seconds
[2020-01-13T13:53:41.561+0000][1][safepoint    ] Entering safepoint region: Cleanup
[2020-01-13T13:53:41.561+0000][1][safepoint    ] Leaving safepoint region
[2020-01-13T13:53:41.561+0000][1][safepoint    ] Total time for which application threads were stopped: 0.0001086 seconds, Stopping threads took: 0.0000184 seconds
[2020-01-13T13:53:42.561+0000][1][safepoint    ] Application time: 1.0000967 seconds
[2020-01-13T13:53:42.562+0000][1][safepoint    ] Entering safepoint region: Cleanup
[2020-01-13T13:53:42.562+0000][1][safepoint    ] Leaving safepoint region
[2020-01-13T13:53:42.562+0000][1][safepoint    ] Total time for which application threads were stopped: 0.0001021 seconds, Stopping threads took: 0.0000249 seconds
[2020-01-13T13:53:43.562+0000][1][safepoint    ] Application time: 1.0000791 seconds
[2020-01-13T13:53:43.564+0000][1][safepoint    ] Entering safepoint region: Cleanup
[2020-01-13T13:53:43.564+0000][1][safepoint    ] Leaving safepoint region
[2020-01-13T13:53:43.564+0000][1][safepoint    ] Total time for which application threads were stopped: 0.0022346 seconds, Stopping threads took: 0.0021559 seconds
[2020-01-13T13:53:44.564+0000][1][safepoint    ] Application time: 1.0001147 seconds
[2020-01-13T13:53:44.565+0000][1][safepoint    ] Entering safepoint region: Cleanup
[2020-01-13T13:53:44.565+0000][1][safepoint    ] Leaving safepoint region
[2020-01-13T13:53:44.565+0000][1][safepoint    ] Total time for which application threads were stopped: 0.0002088 seconds, Stopping threads took: 0.0001135 seconds
[2020-01-13T13:53:45.566+0000][1][safepoint    ] Application time: 1.0001178 seconds
[2020-01-13T13:53:45.566+0000][1][safepoint    ] Entering safepoint region: Cleanup
[2020-01-13T13:53:45.566+0000][1][safepoint    ] Leaving safepoint region
[2020-01-13T13:53:45.566+0000][1][safepoint    ] Total time for which application threads were stopped: 0.0001213 seconds, Stopping threads took: 0.0000289 seconds
[2020-01-13T13:53:46.563+0000][1][safepoint    ] Application time: 0.9972017 seconds
[2020-01-13T13:53:46.563+0000][1][safepoint    ] Entering safepoint region: GenCollectForAllocation
[2020-01-13T13:53:46.563+0000][1][gc,start     ] GC(34) Pause Young (Allocation Failure)
[2020-01-13T13:53:46.563+0000][1][gc,task      ] GC(34) Using 1 workers of 1 for evacuation
[2020-01-13T13:53:46.568+0000][1][gc,age       ] GC(34) Desired survivor size 4358144 bytes, new threshold 6 (max threshold 6)
[2020-01-13T13:53:46.569+0000][1][gc,age       ] GC(34) Age table with threshold 6 (max threshold 6)
[2020-01-13T13:53:46.569+0000][1][gc,age       ] GC(34) - age   1:     600080 bytes,     600080 total
[2020-01-13T13:53:46.569+0000][1][gc,age       ] GC(34) - age   2:       3584 bytes,     603664 total
[2020-01-13T13:53:46.569+0000][1][gc,age       ] GC(34) - age   3:       5728 bytes,     609392 total
[2020-01-13T13:53:46.569+0000][1][gc,age       ] GC(34) - age   4:       3632 bytes,     613024 total
[2020-01-13T13:53:46.569+0000][1][gc,age       ] GC(34) - age   5:       5504 bytes,     618528 total
[2020-01-13T13:53:46.569+0000][1][gc,age       ] GC(34) - age   6:       5184 bytes,     623712 total
[2020-01-13T13:53:46.569+0000][1][gc,heap      ] GC(34) ParNew: 68918K->1120K(76672K)
[2020-01-13T13:53:46.569+0000][1][gc,heap      ] GC(34) CMS: 67653K->67658K(176960K)
[2020-01-13T13:53:46.569+0000][1][gc,metaspace ] GC(34) Metaspace: 66095K->66095K(1110016K)
[2020-01-13T13:53:46.569+0000][1][gc           ] GC(34) Pause Young (Allocation Failure) 133M->67M(247M) 5.445ms
[2020-01-13T13:53:46.569+0000][1][gc,cpu       ] GC(34) User=0.01s Sys=0.00s Real=0.00s
[2020-01-13T13:53:46.569+0000][1][safepoint    ] Leaving safepoint region
[2020-01-13T13:53:46.569+0000][1][safepoint    ] Total time for which application threads were stopped: 0.0056556 seconds, Stopping threads took: 0.0000397 seconds
[2020-01-13T13:53:47.569+0000][1][safepoint    ] Application time: 1.0003815 seconds
[2020-01-13T13:53:47.569+0000][1][safepoint    ] Entering safepoint region: Cleanup
[2020-01-13T13:53:47.569+0000][1][safepoint    ] Leaving safepoint region
[2020-01-13T13:53:47.569+0000][1][safepoint    ] Total time for which application threads were stopped: 0.0001127 seconds, Stopping threads took: 0.0000261 seconds
[2020-01-13T13:53:48.569+0000][1][safepoint    ] Application time: 1.0001063 seconds
[2020-01-13T13:53:48.569+0000][1][safepoint    ] Entering safepoint region: Cleanup
[2020-01-13T13:53:48.570+0000][1][safepoint    ] Leaving safepoint region
[2020-01-13T13:53:48.570+0000][1][safepoint    ] Total time for which application threads were stopped: 0.0000921 seconds, Stopping threads took: 0.0000220 seconds
[2020-01-13T13:53:49.570+0000][1][safepoint    ] Application time: 1.0001430 seconds
[2020-01-13T13:53:49.570+0000][1][safepoint    ] Entering safepoint region: Cleanup
[2020-01-13T13:53:49.570+0000][1][safepoint    ] Leaving safepoint region
[2020-01-13T13:53:49.570+0000][1][safepoint    ] Total time for which application threads were stopped: 0.0001210 seconds, Stopping threads took: 0.0000304 seconds
[2020-01-13T13:53:50.570+0000][1][safepoint    ] Application time: 1.0001083 seconds
[2020-01-13T13:53:50.570+0000][1][safepoint    ] Entering safepoint region: Cleanup
[2020-01-13T13:53:50.570+0000][1][safepoint    ] Leaving safepoint region
[2020-01-13T13:53:50.570+0000][1][safepoint    ] Total time for which application threads were stopped: 0.0001205 seconds, Stopping threads took: 0.0000306 seconds
[2020-01-13T13:53:51.570+0000][1][safepoint    ] Application time: 1.0001731 seconds
[2020-01-13T13:53:51.570+0000][1][safepoint    ] Entering safepoint region: Cleanup
[2020-01-13T13:53:51.571+0000][1][safepoint    ] Leaving safepoint region
[2020-01-13T13:53:51.571+0000][1][safepoint    ] Total time for which application threads were stopped: 0.0001296 seconds, Stopping threads took: 0.0000372 seconds
[2020-01-13T13:53:52.571+0000][1][safepoint    ] Application time: 1.0000945 seconds
[2020-01-13T13:53:52.571+0000][1][safepoint    ] Entering safepoint region: Cleanup
[2020-01-13T13:53:52.571+0000][1][safepoint    ] Leaving safepoint region
[2020-01-13T13:53:52.571+0000][1][safepoint    ] Total time for which application threads were stopped: 0.0001097 seconds, Stopping threads took: 0.0000267 seconds
[2020-01-13T13:53:53.571+0000][1][safepoint    ] Application time: 1.0000887 seconds
[2020-01-13T13:53:53.571+0000][1][safepoint    ] Entering safepoint region: Cleanup
[2020-01-13T13:53:53.571+0000][1][safepoint    ] Leaving safepoint region
[2020-01-13T13:53:53.571+0000][1][safepoint    ] Total time for which application threads were stopped: 0.0000982 seconds, Stopping threads took: 0.0000250 seconds
[2020-01-13T13:53:54.571+0000][1][safepoint    ] Application time: 1.0000773 seconds
[2020-01-13T13:53:54.571+0000][1][safepoint    ] Entering safepoint region: Cleanup
[2020-01-13T13:53:54.571+0000][1][safepoint    ] Leaving safepoint region
[2020-01-13T13:53:54.571+0000][1][safepoint    ] Total time for which application threads were stopped: 0.0000855 seconds, Stopping threads took: 0.0000247 seconds
[2020-01-13T13:53:55.571+0000][1][safepoint    ] Application time: 1.0001530 seconds
[2020-01-13T13:53:55.572+0000][1][safepoint    ] Entering safepoint region: Cleanup
[2020-01-13T13:53:55.572+0000][1][safepoint    ] Leaving safepoint region
[2020-01-13T13:53:55.572+0000][1][safepoint    ] Total time for which application threads were stopped: 0.0001191 seconds, Stopping threads took: 0.0000286 seconds
[2020-01-13T13:53:56.572+0000][1][safepoint    ] Application time: 1.0000814 seconds
[2020-01-13T13:53:56.572+0000][1][safepoint    ] Entering safepoint region: Cleanup
[2020-01-13T13:53:56.572+0000][1][safepoint    ] Leaving safepoint region
[2020-01-13T13:53:56.572+0000][1][safepoint    ] Total time for which application threads were stopped: 0.0000955 seconds, Stopping threads took: 0.0000221 seconds
[2020-01-13T13:53:57.572+0000][1][safepoint    ] Application time: 1.0001001 seconds
[2020-01-13T13:53:57.572+0000][1][safepoint    ] Entering safepoint region: Cleanup
[2020-01-13T13:53:57.572+0000][1][safepoint    ] Leaving safepoint region
[2020-01-13T13:53:57.572+0000][1][safepoint    ] Total time for which application threads were stopped: 0.0001239 seconds, Stopping threads took: 0.0000342 seconds
[2020-01-13T13:53:58.572+0000][1][safepoint    ] Application time: 1.0001634 seconds
[2020-01-13T13:53:58.572+0000][1][safepoint    ] Entering safepoint region: Cleanup
[2020-01-13T13:53:58.573+0000][1][safepoint    ] Leaving safepoint region
[2020-01-13T13:53:58.573+0000][1][safepoint    ] Total time for which application threads were stopped: 0.0000992 seconds, Stopping threads took: 0.0000225 seconds
[2020-01-13T13:53:59.573+0000][1][safepoint    ] Application time: 1.0001143 seconds
[2020-01-13T13:53:59.573+0000][1][safepoint    ] Entering safepoint region: Cleanup
[2020-01-13T13:53:59.573+0000][1][safepoint    ] Leaving safepoint region
[2020-01-13T13:53:59.573+0000][1][safepoint    ] Total time for which application threads were stopped: 0.0001488 seconds, Stopping threads took: 0.0000252 seconds
[2020-01-13T13:54:00.573+0000][1][safepoint    ] Application time: 1.0001238 seconds
[2020-01-13T13:54:00.573+0000][1][safepoint    ] Entering safepoint region: Cleanup
[2020-01-13T13:54:00.573+0000][1][safepoint    ] Leaving safepoint region
[2020-01-13T13:54:00.573+0000][1][safepoint    ] Total time for which application threads were stopped: 0.0001255 seconds, Stopping threads took: 0.0000355 seconds
[2020-01-13T13:54:01.573+0000][1][safepoint    ] Application time: 1.0001778 seconds
[2020-01-13T13:54:01.573+0000][1][safepoint    ] Entering safepoint region: Cleanup
[2020-01-13T13:54:01.574+0000][1][safepoint    ] Leaving safepoint region
[2020-01-13T13:54:01.574+0000][1][safepoint    ] Total time for which application threads were stopped: 0.0001219 seconds, Stopping threads took: 0.0000314 seconds
[2020-01-13T13:54:02.318+0000][1][safepoint    ] Application time: 0.7440569 seconds
[2020-01-13T13:54:02.318+0000][1][safepoint    ] Entering safepoint region: RevokeBias
[2020-01-13T13:54:02.318+0000][1][safepoint    ] Leaving safepoint region
[2020-01-13T13:54:02.318+0000][1][safepoint    ] Total time for which application threads were stopped: 0.0001108 seconds, Stopping threads took: 0.0000311 seconds
[2020-01-13T13:54:02.318+0000][1][safepoint    ] Application time: 0.0001768 seconds
[2020-01-13T13:54:02.318+0000][1][safepoint    ] Entering safepoint region: RevokeBias
[2020-01-13T13:54:02.318+0000][1][safepoint    ] Leaving safepoint region
[2020-01-13T13:54:02.318+0000][1][safepoint    ] Total time for which application threads were stopped: 0.0000567 seconds, Stopping threads took: 0.0000193 seconds
[2020-01-13T13:54:02.323+0000][1][safepoint    ] Application time: 0.0045812 seconds
[2020-01-13T13:54:02.325+0000][1][safepoint    ] Entering safepoint region: RevokeBias
[2020-01-13T13:54:02.325+0000][1][safepoint    ] Leaving safepoint region
[2020-01-13T13:54:02.325+0000][1][safepoint    ] Total time for which application threads were stopped: 0.0022074 seconds, Stopping threads took: 0.0020955 seconds
[2020-01-13T13:54:02.326+0000][1][safepoint    ] Application time: 0.0006978 seconds
[2020-01-13T13:54:02.326+0000][1][safepoint    ] Entering safepoint region: RevokeBias
[2020-01-13T13:54:02.326+0000][1][safepoint    ] Leaving safepoint region
[2020-01-13T13:54:02.326+0000][1][safepoint    ] Total time for which application threads were stopped: 0.0000835 seconds, Stopping threads took: 0.0000265 seconds
[2020-01-13T13:54:02.326+0000][1][safepoint    ] Application time: 0.0006608 seconds
[2020-01-13T13:54:02.326+0000][1][safepoint    ] Entering safepoint region: RevokeBias
[2020-01-13T13:54:02.326+0000][1][safepoint    ] Leaving safepoint region
[2020-01-13T13:54:02.326+0000][1][safepoint    ] Total time for which application threads were stopped: 0.0000997 seconds, Stopping threads took: 0.0000301 seconds
[2020-01-13T13:54:02.327+0000][1][safepoint    ] Application time: 0.0001916 seconds
[2020-01-13T13:54:02.327+0000][1][safepoint    ] Entering safepoint region: RevokeBias
[2020-01-13T13:54:02.327+0000][1][safepoint    ] Leaving safepoint region
[2020-01-13T13:54:02.327+0000][1][safepoint    ] Total time for which application threads were stopped: 0.0000305 seconds, Stopping threads took: 0.0000072 seconds
[2020-01-13T13:54:02.327+0000][1][safepoint    ] Application time: 0.0006310 seconds
[2020-01-13T13:54:02.327+0000][1][safepoint    ] Entering safepoint region: RevokeBias
[2020-01-13T13:54:02.327+0000][1][safepoint    ] Leaving safepoint region
[2020-01-13T13:54:02.327+0000][1][safepoint    ] Total time for which application threads were stopped: 0.0000838 seconds, Stopping threads took: 0.0000468 seconds
[2020-01-13T13:54:02.329+0000][1][safepoint    ] Application time: 0.0016367 seconds
[2020-01-13T13:54:02.331+0000][1][safepoint    ] Entering safepoint region: RevokeBias
[2020-01-13T13:54:02.331+0000][1][safepoint    ] Leaving safepoint region
[2020-01-13T13:54:02.331+0000][1][safepoint    ] Total time for which application threads were stopped: 0.0014823 seconds, Stopping threads took: 0.0014329 seconds
[2020-01-13T13:54:02.332+0000][1][safepoint    ] Application time: 0.0010267 seconds
[2020-01-13T13:54:02.333+0000][1][safepoint    ] Entering safepoint region: RevokeBias
[2020-01-13T13:54:02.333+0000][1][safepoint    ] Leaving safepoint region
[2020-01-13T13:54:02.333+0000][1][safepoint    ] Total time for which application threads were stopped: 0.0015674 seconds, Stopping threads took: 0.0015080 seconds
[2020-01-13T13:54:02.334+0000][1][safepoint    ] Application time: 0.0003661 seconds
[2020-01-13T13:54:02.334+0000][1][safepoint    ] Entering safepoint region: RevokeBias
[2020-01-13T13:54:02.334+0000][1][safepoint    ] Leaving safepoint region
[2020-01-13T13:54:02.334+0000][1][safepoint    ] Total time for which application threads were stopped: 0.0000546 seconds, Stopping threads took: 0.0000203 seconds
[2020-01-13T13:54:02.334+0000][1][safepoint    ] Application time: 0.0003513 seconds
[2020-01-13T13:54:02.336+0000][1][safepoint    ] Entering safepoint region: RevokeBias
[2020-01-13T13:54:02.336+0000][1][safepoint    ] Leaving safepoint region
[2020-01-13T13:54:02.336+0000][1][safepoint    ] Total time for which application threads were stopped: 0.0021283 seconds, Stopping threads took: 0.0020768 seconds
[2020-01-13T13:54:02.338+0000][1][safepoint    ] Application time: 0.0013870 seconds
[2020-01-13T13:54:02.338+0000][1][safepoint    ] Entering safepoint region: RevokeBias
[2020-01-13T13:54:02.338+0000][1][safepoint    ] Leaving safepoint region
[2020-01-13T13:54:02.338+0000][1][safepoint    ] Total time for which application threads were stopped: 0.0002195 seconds, Stopping threads took: 0.0001683 seconds
[2020-01-13T13:54:02.545+0000][1][safepoint    ] Application time: 0.2067876 seconds
[2020-01-13T13:54:02.546+0000][1][safepoint    ] Entering safepoint region: RevokeBias
[2020-01-13T13:54:02.546+0000][1][safepoint    ] Leaving safepoint region
[2020-01-13T13:54:02.546+0000][1][safepoint    ] Total time for which application threads were stopped: 0.0001890 seconds, Stopping threads took: 0.0000623 seconds
[2020-01-13T13:54:02.547+0000][1][safepoint    ] Application time: 0.0008808 seconds
[2020-01-13T13:54:02.547+0000][1][safepoint    ] Entering safepoint region: RevokeBias
[2020-01-13T13:54:02.547+0000][1][safepoint    ] Leaving safepoint region
[2020-01-13T13:54:02.547+0000][1][safepoint    ] Total time for which application threads were stopped: 0.0001163 seconds, Stopping threads took: 0.0000450 seconds
[2020-01-13T13:54:02.547+0000][1][safepoint    ] Application time: 0.0000610 seconds
[2020-01-13T13:54:02.547+0000][1][safepoint    ] Entering safepoint region: RevokeBias
[2020-01-13T13:54:02.547+0000][1][safepoint    ] Leaving safepoint region
[2020-01-13T13:54:02.547+0000][1][safepoint    ] Total time for which application threads were stopped: 0.0000411 seconds, Stopping threads took: 0.0000106 seconds
[2020-01-13T13:54:02.552+0000][1][safepoint    ] Application time: 0.0051159 seconds
[2020-01-13T13:54:02.552+0000][1][safepoint    ] Entering safepoint region: RevokeBias
[2020-01-13T13:54:02.553+0000][1][safepoint    ] Leaving safepoint region
[2020-01-13T13:54:02.553+0000][1][safepoint    ] Total time for which application threads were stopped: 0.0003260 seconds, Stopping threads took: 0.0000224 seconds
[2020-01-13T13:54:02.555+0000][1][safepoint    ] Application time: 0.0021295 seconds
[2020-01-13T13:54:02.555+0000][1][safepoint    ] Entering safepoint region: RevokeBias
[2020-01-13T13:54:02.555+0000][1][safepoint    ] Leaving safepoint region
[2020-01-13T13:54:02.555+0000][1][safepoint    ] Total time for which application threads were stopped: 0.0001130 seconds, Stopping threads took: 0.0000400 seconds
[2020-01-13T13:54:02.562+0000][1][safepoint    ] Application time: 0.0072517 seconds
[2020-01-13T13:54:02.562+0000][1][safepoint    ] Entering safepoint region: RevokeBias
[2020-01-13T13:54:02.563+0000][1][safepoint    ] Leaving safepoint region
[2020-01-13T13:54:02.563+0000][1][safepoint    ] Total time for which application threads were stopped: 0.0001695 seconds, Stopping threads took: 0.0000572 seconds
[2020-01-13T13:54:02.564+0000][1][safepoint    ] Application time: 0.0018205 seconds
[2020-01-13T13:54:02.564+0000][1][safepoint    ] Entering safepoint region: RevokeBias
[2020-01-13T13:54:02.565+0000][1][safepoint    ] Leaving safepoint region
[2020-01-13T13:54:02.565+0000][1][safepoint    ] Total time for which application threads were stopped: 0.0001275 seconds, Stopping threads took: 0.0000482 seconds
[2020-01-13T13:54:02.565+0000][1][safepoint    ] Application time: 0.0000491 seconds
[2020-01-13T13:54:02.565+0000][1][safepoint    ] Entering safepoint region: RevokeBias
[2020-01-13T13:54:02.565+0000][1][safepoint    ] Leaving safepoint region
[2020-01-13T13:54:02.565+0000][1][safepoint    ] Total time for which application threads were stopped: 0.0000407 seconds, Stopping threads took: 0.0000098 seconds
[2020-01-13T13:54:02.572+0000][1][safepoint    ] Application time: 0.0076606 seconds
[2020-01-13T13:54:02.572+0000][1][safepoint    ] Entering safepoint region: RevokeBias
[2020-01-13T13:54:02.573+0000][1][safepoint    ] Leaving safepoint region
[2020-01-13T13:54:02.573+0000][1][safepoint    ] Total time for which application threads were stopped: 0.0002551 seconds, Stopping threads took: 0.0000960 seconds
[2020-01-13T13:54:02.578+0000][1][safepoint    ] Application time: 0.0050227 seconds
[2020-01-13T13:54:02.578+0000][1][safepoint    ] Entering safepoint region: RevokeBias
[2020-01-13T13:54:02.578+0000][1][safepoint    ] Leaving safepoint region
[2020-01-13T13:54:02.578+0000][1][safepoint    ] Total time for which application threads were stopped: 0.0001443 seconds, Stopping threads took: 0.0000701 seconds
[2020-01-13T13:54:02.617+0000][1][safepoint    ] Application time: 0.0386963 seconds
[2020-01-13T13:54:02.617+0000][1][safepoint    ] Entering safepoint region: RevokeBias
[2020-01-13T13:54:02.617+0000][1][safepoint    ] Leaving safepoint region
[2020-01-13T13:54:02.617+0000][1][safepoint    ] Total time for which application threads were stopped: 0.0003754 seconds, Stopping threads took: 0.0000350 seconds
[2020-01-13T13:54:02.617+0000][1][safepoint    ] Application time: 0.0000885 seconds
[2020-01-13T13:54:02.617+0000][1][safepoint    ] Entering safepoint region: RevokeBias
[2020-01-13T13:54:02.617+0000][1][safepoint    ] Leaving safepoint region
[2020-01-13T13:54:02.617+0000][1][safepoint    ] Total time for which application threads were stopped: 0.0000684 seconds, Stopping threads took: 0.0000199 seconds
[2020-01-13T13:54:02.617+0000][1][safepoint    ] Application time: 0.0000367 seconds
[2020-01-13T13:54:02.617+0000][1][safepoint    ] Entering safepoint region: RevokeBias
[2020-01-13T13:54:02.617+0000][1][safepoint    ] Leaving safepoint region
[2020-01-13T13:54:02.617+0000][1][safepoint    ] Total time for which application threads were stopped: 0.0000698 seconds, Stopping threads took: 0.0000176 seconds
[2020-01-13T13:54:02.619+0000][1][safepoint    ] Application time: 0.0016034 seconds
[2020-01-13T13:54:02.619+0000][1][safepoint    ] Entering safepoint region: RevokeBias
[2020-01-13T13:54:02.619+0000][1][safepoint    ] Leaving safepoint region
[2020-01-13T13:54:02.619+0000][1][safepoint    ] Total time for which application threads were stopped: 0.0000836 seconds, Stopping threads took: 0.0000370 seconds
[2020-01-13T13:54:02.621+0000][1][safepoint    ] Application time: 0.0016598 seconds
[2020-01-13T13:54:02.621+0000][1][safepoint    ] Entering safepoint region: RevokeBias
[2020-01-13T13:54:02.621+0000][1][safepoint    ] Leaving safepoint region
[2020-01-13T13:54:02.621+0000][1][safepoint    ] Total time for which application threads were stopped: 0.0000759 seconds, Stopping threads took: 0.0000217 seconds
[2020-01-13T13:54:02.621+0000][1][safepoint    ] Application time: 0.0006081 seconds
[2020-01-13T13:54:02.621+0000][1][safepoint    ] Entering safepoint region: RevokeBias
[2020-01-13T13:54:02.622+0000][1][safepoint    ] Leaving safepoint region
[2020-01-13T13:54:02.622+0000][1][safepoint    ] Total time for which application threads were stopped: 0.0000506 seconds, Stopping threads took: 0.0000174 seconds
[2020-01-13T13:54:02.622+0000][1][safepoint    ] Application time: 0.0002556 seconds
[2020-01-13T13:54:02.622+0000][1][safepoint    ] Entering safepoint region: RevokeBias
[2020-01-13T13:54:02.622+0000][1][safepoint    ] Leaving safepoint region
[2020-01-13T13:54:02.622+0000][1][safepoint    ] Total time for which application threads were stopped: 0.0000386 seconds, Stopping threads took: 0.0000166 seconds
[2020-01-13T13:54:02.625+0000][1][safepoint    ] Application time: 0.0034493 seconds
[2020-01-13T13:54:02.625+0000][1][safepoint    ] Entering safepoint region: RevokeBias
[2020-01-13T13:54:02.625+0000][1][safepoint    ] Leaving safepoint region
[2020-01-13T13:54:02.625+0000][1][safepoint    ] Total time for which application threads were stopped: 0.0000545 seconds, Stopping threads took: 0.0000192 seconds
[2020-01-13T13:54:02.629+0000][1][safepoint    ] Application time: 0.0031621 seconds
[2020-01-13T13:54:02.629+0000][1][safepoint    ] Entering safepoint region: RevokeBias
[2020-01-13T13:54:02.629+0000][1][safepoint    ] Leaving safepoint region
[2020-01-13T13:54:02.629+0000][1][safepoint    ] Total time for which application threads were stopped: 0.0000626 seconds, Stopping threads took: 0.0000309 seconds
[2020-01-13T13:54:02.634+0000][1][safepoint    ] Application time: 0.0048671 seconds
[2020-01-13T13:54:02.634+0000][1][safepoint    ] Entering safepoint region: RevokeBias
[2020-01-13T13:54:02.634+0000][1][safepoint    ] Leaving safepoint region
[2020-01-13T13:54:02.634+0000][1][safepoint    ] Total time for which application threads were stopped: 0.0000540 seconds, Stopping threads took: 0.0000203 seconds
[2020-01-13T13:54:02.634+0000][1][safepoint    ] Application time: 0.0001259 seconds
[2020-01-13T13:54:02.634+0000][1][safepoint    ] Entering safepoint region: RevokeBias
[2020-01-13T13:54:02.634+0000][1][safepoint    ] Leaving safepoint region
[2020-01-13T13:54:02.634+0000][1][safepoint    ] Total time for which application threads were stopped: 0.0000470 seconds, Stopping threads took: 0.0000293 seconds
[2020-01-13T13:54:02.634+0000][1][safepoint    ] Application time: 0.0000554 seconds
[2020-01-13T13:54:02.634+0000][1][safepoint    ] Entering safepoint region: RevokeBias
[2020-01-13T13:54:02.634+0000][1][safepoint    ] Leaving safepoint region
[2020-01-13T13:54:02.634+0000][1][safepoint    ] Total time for which application threads were stopped: 0.0000237 seconds, Stopping threads took: 0.0000127 seconds
[2020-01-13T13:54:02.637+0000][1][safepoint    ] Application time: 0.0030518 seconds
[2020-01-13T13:54:02.637+0000][1][safepoint    ] Entering safepoint region: RevokeBias
[2020-01-13T13:54:02.637+0000][1][safepoint    ] Leaving safepoint region
[2020-01-13T13:54:02.637+0000][1][safepoint    ] Total time for which application threads were stopped: 0.0000916 seconds, Stopping threads took: 0.0000270 seconds
[2020-01-13T13:54:02.637+0000][1][safepoint    ] Application time: 0.0003412 seconds
[2020-01-13T13:54:02.637+0000][1][safepoint    ] Entering safepoint region: RevokeBias
[2020-01-13T13:54:02.638+0000][1][safepoint    ] Leaving safepoint region
[2020-01-13T13:54:02.638+0000][1][safepoint    ] Total time for which application threads were stopped: 0.0000449 seconds, Stopping threads took: 0.0000157 seconds
[2020-01-13T13:54:02.643+0000][1][gc,heap,exit ] Heap
[2020-01-13T13:54:02.643+0000][1][gc,heap,exit ]  par new generation   total 76672K, used 34323K [0x00000000f0000000, 0x00000000f5330000, 0x00000000f5330000)
[2020-01-13T13:54:02.643+0000][1][gc,heap,exit ]   eden space 68160K,  48% used [0x00000000f0000000, 0x00000000f206c978, 0x00000000f4290000)
[2020-01-13T13:54:02.643+0000][1][gc,heap,exit ]   from space 8512K,  13% used [0x00000000f4ae0000, 0x00000000f4bf83f0, 0x00000000f5330000)
[2020-01-13T13:54:02.643+0000][1][gc,heap,exit ]   to   space 8512K,   0% used [0x00000000f4290000, 0x00000000f4290000, 0x00000000f4ae0000)
[2020-01-13T13:54:02.643+0000][1][gc,heap,exit ]  concurrent mark-sweep generation total 176960K, used 67658K [0x00000000f5330000, 0x0000000100000000, 0x0000000100000000)
[2020-01-13T13:54:02.643+0000][1][gc,heap,exit ]  Metaspace       used 66248K, capacity 71113K, committed 71164K, reserved 1110016K
[2020-01-13T13:54:02.643+0000][1][gc,heap,exit ]   class space    used 8819K, capacity 10847K, committed 10864K, reserved 1048576K
[2020-01-13T13:54:02.644+0000][1][safepoint    ] Application time: 0.0060417 seconds
[2020-01-13T13:54:02.644+0000][1][safepoint    ] Entering safepoint region: Exit
