[2020-01-13T13:34:58.553+0000][1][gc] Using Concurrent Mark Sweep
[2020-01-13T13:34:58.553+0000][1][gc,heap,coops] Heap address: 0x00000000f0000000, size: 256 MB, Compressed Oops mode: 32-bit
[2020-01-13T13:34:58.622+0000][1][safepoint    ] Entering safepoint region: EnableBiasedLocking
[2020-01-13T13:34:58.623+0000][1][safepoint    ] Leaving safepoint region
[2020-01-13T13:34:58.623+0000][1][safepoint    ] Total time for which application threads were stopped: 0.0021394 seconds, Stopping threads took: 0.0020562 seconds
[2020-01-13T13:34:58.632+0000][1][safepoint    ] Application time: 0.0087948 seconds
[2020-01-13T13:34:58.632+0000][1][safepoint    ] Entering safepoint region: RevokeBias
[2020-01-13T13:34:58.632+0000][1][safepoint    ] Leaving safepoint region
[2020-01-13T13:34:58.632+0000][1][safepoint    ] Total time for which application threads were stopped: 0.0000909 seconds, Stopping threads took: 0.0000350 seconds
[2020-01-13T13:34:58.654+0000][1][safepoint    ] Application time: 0.0224115 seconds
[2020-01-13T13:34:58.654+0000][1][safepoint    ] Entering safepoint region: Deoptimize
[2020-01-13T13:34:58.654+0000][1][safepoint    ] Leaving safepoint region
[2020-01-13T13:34:58.654+0000][1][safepoint    ] Total time for which application threads were stopped: 0.0000663 seconds, Stopping threads took: 0.0000185 seconds
[2020-01-13T13:34:58.849+0000][1][safepoint    ] Application time: 0.1943423 seconds
[2020-01-13T13:34:58.849+0000][1][safepoint    ] Entering safepoint region: Deoptimize
[2020-01-13T13:34:58.849+0000][1][safepoint    ] Leaving safepoint region
[2020-01-13T13:34:58.849+0000][1][safepoint    ] Total time for which application threads were stopped: 0.0001426 seconds, Stopping threads took: 0.0000206 seconds
[2020-01-13T13:34:59.399+0000][1][safepoint    ] Application time: 0.5497772 seconds
[2020-01-13T13:34:59.399+0000][1][safepoint    ] Entering safepoint region: Deoptimize
[2020-01-13T13:34:59.400+0000][1][safepoint    ] Leaving safepoint region
[2020-01-13T13:34:59.400+0000][1][safepoint    ] Total time for which application threads were stopped: 0.0007296 seconds, Stopping threads took: 0.0004959 seconds
[2020-01-13T13:34:59.462+0000][1][safepoint    ] Application time: 0.0626115 seconds
[2020-01-13T13:34:59.462+0000][1][safepoint    ] Entering safepoint region: Deoptimize
[2020-01-13T13:34:59.462+0000][1][safepoint    ] Leaving safepoint region
[2020-01-13T13:34:59.462+0000][1][safepoint    ] Total time for which application threads were stopped: 0.0002025 seconds, Stopping threads took: 0.0000189 seconds
[2020-01-13T13:34:59.523+0000][1][safepoint    ] Application time: 0.0609454 seconds
[2020-01-13T13:34:59.523+0000][1][safepoint    ] Entering safepoint region: Deoptimize
[2020-01-13T13:34:59.524+0000][1][safepoint    ] Leaving safepoint region
[2020-01-13T13:34:59.524+0000][1][safepoint    ] Total time for which application threads were stopped: 0.0001989 seconds, Stopping threads took: 0.0000168 seconds
[2020-01-13T13:34:59.554+0000][1][safepoint    ] Application time: 0.0306631 seconds
[2020-01-13T13:34:59.555+0000][1][safepoint    ] Entering safepoint region: Deoptimize
[2020-01-13T13:34:59.555+0000][1][safepoint    ] Leaving safepoint region
[2020-01-13T13:34:59.555+0000][1][safepoint    ] Total time for which application threads were stopped: 0.0007794 seconds, Stopping threads took: 0.0005719 seconds
[2020-01-13T13:35:00.343+0000][1][safepoint    ] Application time: 0.7880249 seconds
[2020-01-13T13:35:00.343+0000][1][safepoint    ] Entering safepoint region: Deoptimize
[2020-01-13T13:35:00.343+0000][1][safepoint    ] Leaving safepoint region
[2020-01-13T13:35:00.343+0000][1][safepoint    ] Total time for which application threads were stopped: 0.0003256 seconds, Stopping threads took: 0.0000197 seconds
[2020-01-13T13:35:00.956+0000][1][safepoint    ] Application time: 0.6127690 seconds
[2020-01-13T13:35:00.956+0000][1][safepoint    ] Entering safepoint region: Deoptimize
[2020-01-13T13:35:00.957+0000][1][safepoint    ] Leaving safepoint region
[2020-01-13T13:35:00.957+0000][1][safepoint    ] Total time for which application threads were stopped: 0.0003980 seconds, Stopping threads took: 0.0000224 seconds
[2020-01-13T13:35:01.158+0000][1][safepoint    ] Application time: 0.2010958 seconds
[2020-01-13T13:35:01.159+0000][1][safepoint    ] Entering safepoint region: Deoptimize
[2020-01-13T13:35:01.160+0000][1][safepoint    ] Leaving safepoint region
[2020-01-13T13:35:01.160+0000][1][safepoint    ] Total time for which application threads were stopped: 0.0018019 seconds, Stopping threads took: 0.0014571 seconds
[2020-01-13T13:35:01.160+0000][1][safepoint    ] Application time: 0.0001135 seconds
[2020-01-13T13:35:01.160+0000][1][safepoint    ] Entering safepoint region: Deoptimize
[2020-01-13T13:35:01.160+0000][1][safepoint    ] Leaving safepoint region
[2020-01-13T13:35:01.160+0000][1][safepoint    ] Total time for which application threads were stopped: 0.0001215 seconds, Stopping threads took: 0.0000141 seconds
[2020-01-13T13:35:01.201+0000][1][safepoint    ] Application time: 0.0414008 seconds
[2020-01-13T13:35:01.201+0000][1][safepoint    ] Entering safepoint region: Deoptimize
[2020-01-13T13:35:01.202+0000][1][safepoint    ] Leaving safepoint region
[2020-01-13T13:35:01.202+0000][1][safepoint    ] Total time for which application threads were stopped: 0.0003026 seconds, Stopping threads took: 0.0000199 seconds
[2020-01-13T13:35:01.214+0000][1][safepoint    ] Application time: 0.0120400 seconds
[2020-01-13T13:35:01.214+0000][1][safepoint    ] Entering safepoint region: Deoptimize
[2020-01-13T13:35:01.214+0000][1][safepoint    ] Leaving safepoint region
[2020-01-13T13:35:01.214+0000][1][safepoint    ] Total time for which application threads were stopped: 0.0003493 seconds, Stopping threads took: 0.0000202 seconds
[2020-01-13T13:35:01.237+0000][1][safepoint    ] Application time: 0.0226086 seconds
[2020-01-13T13:35:01.237+0000][1][safepoint    ] Entering safepoint region: RevokeBias
[2020-01-13T13:35:01.237+0000][1][safepoint    ] Leaving safepoint region
[2020-01-13T13:35:01.237+0000][1][safepoint    ] Total time for which application threads were stopped: 0.0001067 seconds, Stopping threads took: 0.0000367 seconds
[2020-01-13T13:35:01.237+0000][1][safepoint    ] Application time: 0.0004485 seconds
[2020-01-13T13:35:01.237+0000][1][safepoint    ] Entering safepoint region: RevokeBias
[2020-01-13T13:35:01.237+0000][1][safepoint    ] Leaving safepoint region
[2020-01-13T13:35:01.237+0000][1][safepoint    ] Total time for which application threads were stopped: 0.0000813 seconds, Stopping threads took: 0.0000210 seconds
[2020-01-13T13:35:01.237+0000][1][safepoint    ] Application time: 0.0000538 seconds
[2020-01-13T13:35:01.237+0000][1][safepoint    ] Entering safepoint region: RevokeBias
[2020-01-13T13:35:01.237+0000][1][safepoint    ] Leaving safepoint region
[2020-01-13T13:35:01.237+0000][1][safepoint    ] Total time for which application threads were stopped: 0.0000448 seconds, Stopping threads took: 0.0000124 seconds
[2020-01-13T13:35:01.238+0000][1][safepoint    ] Application time: 0.0001224 seconds
[2020-01-13T13:35:01.238+0000][1][safepoint    ] Entering safepoint region: RevokeBias
[2020-01-13T13:35:01.238+0000][1][safepoint    ] Leaving safepoint region
[2020-01-13T13:35:01.238+0000][1][safepoint    ] Total time for which application threads were stopped: 0.0000514 seconds, Stopping threads took: 0.0000156 seconds
[2020-01-13T13:35:01.247+0000][1][safepoint    ] Application time: 0.0096667 seconds
[2020-01-13T13:35:01.247+0000][1][safepoint    ] Entering safepoint region: Deoptimize
[2020-01-13T13:35:01.248+0000][1][safepoint    ] Leaving safepoint region
[2020-01-13T13:35:01.248+0000][1][safepoint    ] Total time for which application threads were stopped: 0.0003220 seconds, Stopping threads took: 0.0000194 seconds
[2020-01-13T13:35:01.306+0000][1][safepoint    ] Application time: 0.0580958 seconds
[2020-01-13T13:35:01.306+0000][1][safepoint    ] Entering safepoint region: RevokeBias
[2020-01-13T13:35:01.306+0000][1][safepoint    ] Leaving safepoint region
[2020-01-13T13:35:01.306+0000][1][safepoint    ] Total time for which application threads were stopped: 0.0000905 seconds, Stopping threads took: 0.0000199 seconds
[2020-01-13T13:35:01.546+0000][1][safepoint    ] Application time: 0.2398804 seconds
[2020-01-13T13:35:01.546+0000][1][safepoint    ] Entering safepoint region: GenCollectForAllocation
[2020-01-13T13:35:01.546+0000][1][gc,start     ] GC(0) Pause Young (Allocation Failure)
[2020-01-13T13:35:01.546+0000][1][gc,task      ] GC(0) Using 1 workers of 1 for evacuation
[2020-01-13T13:35:01.563+0000][1][gc,age       ] GC(0) Desired survivor size 4358144 bytes, new threshold 1 (max threshold 6)
[2020-01-13T13:35:01.563+0000][1][gc,age       ] GC(0) Age table with threshold 1 (max threshold 6)
[2020-01-13T13:35:01.563+0000][1][gc,age       ] GC(0) - age   1:    6453456 bytes,    6453456 total
[2020-01-13T13:35:01.563+0000][1][gc,heap      ] GC(0) ParNew: 68160K->6331K(76672K)
[2020-01-13T13:35:01.563+0000][1][gc,heap      ] GC(0) CMS: 0K->0K(176960K)
[2020-01-13T13:35:01.563+0000][1][gc,metaspace ] GC(0) Metaspace: 12758K->12758K(1060864K)
[2020-01-13T13:35:01.563+0000][1][gc           ] GC(0) Pause Young (Allocation Failure) 66M->6M(247M) 17.334ms
[2020-01-13T13:35:01.563+0000][1][gc,cpu       ] GC(0) User=0.02s Sys=0.00s Real=0.02s
[2020-01-13T13:35:01.563+0000][1][safepoint    ] Leaving safepoint region
[2020-01-13T13:35:01.563+0000][1][safepoint    ] Total time for which application threads were stopped: 0.0175100 seconds, Stopping threads took: 0.0000287 seconds
[2020-01-13T13:35:01.568+0000][1][safepoint    ] Application time: 0.0044748 seconds
[2020-01-13T13:35:01.568+0000][1][safepoint    ] Entering safepoint region: RevokeBias
[2020-01-13T13:35:01.568+0000][1][safepoint    ] Leaving safepoint region
[2020-01-13T13:35:01.568+0000][1][safepoint    ] Total time for which application threads were stopped: 0.0000817 seconds, Stopping threads took: 0.0000093 seconds
[2020-01-13T13:35:01.574+0000][1][safepoint    ] Application time: 0.0062904 seconds
[2020-01-13T13:35:01.574+0000][1][safepoint    ] Entering safepoint region: RevokeBias
[2020-01-13T13:35:01.574+0000][1][safepoint    ] Leaving safepoint region
[2020-01-13T13:35:01.574+0000][1][safepoint    ] Total time for which application threads were stopped: 0.0001328 seconds, Stopping threads took: 0.0000835 seconds
[2020-01-13T13:35:01.574+0000][1][safepoint    ] Application time: 0.0000395 seconds
[2020-01-13T13:35:01.574+0000][1][safepoint    ] Entering safepoint region: RevokeBias
[2020-01-13T13:35:01.574+0000][1][safepoint    ] Leaving safepoint region
[2020-01-13T13:35:01.575+0000][1][safepoint    ] Total time for which application threads were stopped: 0.0000250 seconds, Stopping threads took: 0.0000053 seconds
[2020-01-13T13:35:01.575+0000][1][safepoint    ] Application time: 0.0000147 seconds
[2020-01-13T13:35:01.575+0000][1][safepoint    ] Entering safepoint region: RevokeBias
[2020-01-13T13:35:01.575+0000][1][safepoint    ] Leaving safepoint region
[2020-01-13T13:35:01.575+0000][1][safepoint    ] Total time for which application threads were stopped: 0.0000225 seconds, Stopping threads took: 0.0000048 seconds
[2020-01-13T13:35:01.575+0000][1][safepoint    ] Application time: 0.0000166 seconds
[2020-01-13T13:35:01.575+0000][1][safepoint    ] Entering safepoint region: RevokeBias
[2020-01-13T13:35:01.575+0000][1][safepoint    ] Leaving safepoint region
[2020-01-13T13:35:01.575+0000][1][safepoint    ] Total time for which application threads were stopped: 0.0000227 seconds, Stopping threads took: 0.0000047 seconds
[2020-01-13T13:35:01.575+0000][1][safepoint    ] Application time: 0.0000140 seconds
[2020-01-13T13:35:01.575+0000][1][safepoint    ] Entering safepoint region: RevokeBias
[2020-01-13T13:35:01.575+0000][1][safepoint    ] Leaving safepoint region
[2020-01-13T13:35:01.575+0000][1][safepoint    ] Total time for which application threads were stopped: 0.0000220 seconds, Stopping threads took: 0.0000047 seconds
[2020-01-13T13:35:01.575+0000][1][safepoint    ] Application time: 0.0000170 seconds
[2020-01-13T13:35:01.575+0000][1][safepoint    ] Entering safepoint region: RevokeBias
[2020-01-13T13:35:01.575+0000][1][safepoint    ] Leaving safepoint region
[2020-01-13T13:35:01.575+0000][1][safepoint    ] Total time for which application threads were stopped: 0.0000352 seconds, Stopping threads took: 0.0000168 seconds
[2020-01-13T13:35:01.575+0000][1][safepoint    ] Application time: 0.0000142 seconds
[2020-01-13T13:35:01.575+0000][1][safepoint    ] Entering safepoint region: RevokeBias
[2020-01-13T13:35:01.575+0000][1][safepoint    ] Leaving safepoint region
[2020-01-13T13:35:01.575+0000][1][safepoint    ] Total time for which application threads were stopped: 0.0000220 seconds, Stopping threads took: 0.0000048 seconds
[2020-01-13T13:35:01.575+0000][1][safepoint    ] Application time: 0.0000165 seconds
[2020-01-13T13:35:01.575+0000][1][safepoint    ] Entering safepoint region: RevokeBias
[2020-01-13T13:35:01.575+0000][1][safepoint    ] Leaving safepoint region
[2020-01-13T13:35:01.575+0000][1][safepoint    ] Total time for which application threads were stopped: 0.0000222 seconds, Stopping threads took: 0.0000046 seconds
[2020-01-13T13:35:01.575+0000][1][safepoint    ] Application time: 0.0000139 seconds
[2020-01-13T13:35:01.575+0000][1][safepoint    ] Entering safepoint region: RevokeBias
[2020-01-13T13:35:01.575+0000][1][safepoint    ] Leaving safepoint region
[2020-01-13T13:35:01.575+0000][1][safepoint    ] Total time for which application threads were stopped: 0.0000219 seconds, Stopping threads took: 0.0000047 seconds
[2020-01-13T13:35:01.575+0000][1][safepoint    ] Application time: 0.0000157 seconds
[2020-01-13T13:35:01.575+0000][1][safepoint    ] Entering safepoint region: RevokeBias
[2020-01-13T13:35:01.575+0000][1][safepoint    ] Leaving safepoint region
[2020-01-13T13:35:01.575+0000][1][safepoint    ] Total time for which application threads were stopped: 0.0000224 seconds, Stopping threads took: 0.0000047 seconds
[2020-01-13T13:35:01.575+0000][1][safepoint    ] Application time: 0.0000245 seconds
[2020-01-13T13:35:01.575+0000][1][safepoint    ] Entering safepoint region: RevokeBias
[2020-01-13T13:35:01.575+0000][1][safepoint    ] Leaving safepoint region
[2020-01-13T13:35:01.575+0000][1][safepoint    ] Total time for which application threads were stopped: 0.0000221 seconds, Stopping threads took: 0.0000047 seconds
[2020-01-13T13:35:01.575+0000][1][safepoint    ] Application time: 0.0000168 seconds
[2020-01-13T13:35:01.575+0000][1][safepoint    ] Entering safepoint region: RevokeBias
[2020-01-13T13:35:01.575+0000][1][safepoint    ] Leaving safepoint region
[2020-01-13T13:35:01.575+0000][1][safepoint    ] Total time for which application threads were stopped: 0.0000224 seconds, Stopping threads took: 0.0000047 seconds
[2020-01-13T13:35:01.575+0000][1][safepoint    ] Application time: 0.0000139 seconds
[2020-01-13T13:35:01.575+0000][1][safepoint    ] Entering safepoint region: RevokeBias
[2020-01-13T13:35:01.575+0000][1][safepoint    ] Leaving safepoint region
[2020-01-13T13:35:01.575+0000][1][safepoint    ] Total time for which application threads were stopped: 0.0000217 seconds, Stopping threads took: 0.0000046 seconds
[2020-01-13T13:35:01.575+0000][1][safepoint    ] Application time: 0.0000183 seconds
[2020-01-13T13:35:01.575+0000][1][safepoint    ] Entering safepoint region: RevokeBias
[2020-01-13T13:35:01.575+0000][1][safepoint    ] Leaving safepoint region
[2020-01-13T13:35:01.575+0000][1][safepoint    ] Total time for which application threads were stopped: 0.0000222 seconds, Stopping threads took: 0.0000047 seconds
[2020-01-13T13:35:01.575+0000][1][safepoint    ] Application time: 0.0000138 seconds
[2020-01-13T13:35:01.575+0000][1][safepoint    ] Entering safepoint region: RevokeBias
[2020-01-13T13:35:01.575+0000][1][safepoint    ] Leaving safepoint region
[2020-01-13T13:35:01.575+0000][1][safepoint    ] Total time for which application threads were stopped: 0.0000218 seconds, Stopping threads took: 0.0000047 seconds
[2020-01-13T13:35:01.575+0000][1][safepoint    ] Application time: 0.0000280 seconds
[2020-01-13T13:35:01.575+0000][1][safepoint    ] Entering safepoint region: RevokeBias
[2020-01-13T13:35:01.575+0000][1][safepoint    ] Leaving safepoint region
[2020-01-13T13:35:01.575+0000][1][safepoint    ] Total time for which application threads were stopped: 0.0000275 seconds, Stopping threads took: 0.0000095 seconds
[2020-01-13T13:35:01.575+0000][1][safepoint    ] Application time: 0.0000143 seconds
[2020-01-13T13:35:01.575+0000][1][safepoint    ] Entering safepoint region: RevokeBias
[2020-01-13T13:35:01.575+0000][1][safepoint    ] Leaving safepoint region
[2020-01-13T13:35:01.575+0000][1][safepoint    ] Total time for which application threads were stopped: 0.0000337 seconds, Stopping threads took: 0.0000048 seconds
[2020-01-13T13:35:01.575+0000][1][safepoint    ] Application time: 0.0000184 seconds
[2020-01-13T13:35:01.575+0000][1][safepoint    ] Entering safepoint region: RevokeBias
[2020-01-13T13:35:01.575+0000][1][safepoint    ] Leaving safepoint region
[2020-01-13T13:35:01.575+0000][1][safepoint    ] Total time for which application threads were stopped: 0.0000225 seconds, Stopping threads took: 0.0000047 seconds
[2020-01-13T13:35:01.577+0000][1][safepoint    ] Application time: 0.0019719 seconds
[2020-01-13T13:35:01.577+0000][1][safepoint    ] Entering safepoint region: RevokeBias
[2020-01-13T13:35:01.577+0000][1][safepoint    ] Leaving safepoint region
[2020-01-13T13:35:01.577+0000][1][safepoint    ] Total time for which application threads were stopped: 0.0000579 seconds, Stopping threads took: 0.0000181 seconds
[2020-01-13T13:35:01.577+0000][1][safepoint    ] Application time: 0.0000292 seconds
[2020-01-13T13:35:01.577+0000][1][safepoint    ] Entering safepoint region: RevokeBias
[2020-01-13T13:35:01.577+0000][1][safepoint    ] Leaving safepoint region
[2020-01-13T13:35:01.577+0000][1][safepoint    ] Total time for which application threads were stopped: 0.0000266 seconds, Stopping threads took: 0.0000051 seconds
[2020-01-13T13:35:01.577+0000][1][safepoint    ] Application time: 0.0000143 seconds
[2020-01-13T13:35:01.577+0000][1][safepoint    ] Entering safepoint region: RevokeBias
[2020-01-13T13:35:01.577+0000][1][safepoint    ] Leaving safepoint region
[2020-01-13T13:35:01.577+0000][1][safepoint    ] Total time for which application threads were stopped: 0.0000218 seconds, Stopping threads took: 0.0000048 seconds
[2020-01-13T13:35:01.578+0000][1][safepoint    ] Application time: 0.0000702 seconds
[2020-01-13T13:35:01.578+0000][1][safepoint    ] Entering safepoint region: RevokeBias
[2020-01-13T13:35:01.578+0000][1][safepoint    ] Leaving safepoint region
[2020-01-13T13:35:01.578+0000][1][safepoint    ] Total time for which application threads were stopped: 0.0000230 seconds, Stopping threads took: 0.0000048 seconds
[2020-01-13T13:35:01.578+0000][1][safepoint    ] Application time: 0.0000147 seconds
[2020-01-13T13:35:01.578+0000][1][safepoint    ] Entering safepoint region: RevokeBias
[2020-01-13T13:35:01.578+0000][1][safepoint    ] Leaving safepoint region
[2020-01-13T13:35:01.578+0000][1][safepoint    ] Total time for which application threads were stopped: 0.0000216 seconds, Stopping threads took: 0.0000046 seconds
[2020-01-13T13:35:01.578+0000][1][safepoint    ] Application time: 0.0000161 seconds
[2020-01-13T13:35:01.578+0000][1][safepoint    ] Entering safepoint region: RevokeBias
[2020-01-13T13:35:01.578+0000][1][safepoint    ] Leaving safepoint region
[2020-01-13T13:35:01.578+0000][1][safepoint    ] Total time for which application threads were stopped: 0.0000219 seconds, Stopping threads took: 0.0000047 seconds
[2020-01-13T13:35:01.578+0000][1][safepoint    ] Application time: 0.0000138 seconds
[2020-01-13T13:35:01.578+0000][1][safepoint    ] Entering safepoint region: RevokeBias
[2020-01-13T13:35:01.578+0000][1][safepoint    ] Leaving safepoint region
[2020-01-13T13:35:01.578+0000][1][safepoint    ] Total time for which application threads were stopped: 0.0000213 seconds, Stopping threads took: 0.0000047 seconds
[2020-01-13T13:35:01.578+0000][1][safepoint    ] Application time: 0.0002447 seconds
[2020-01-13T13:35:01.578+0000][1][safepoint    ] Entering safepoint region: RevokeBias
[2020-01-13T13:35:01.578+0000][1][safepoint    ] Leaving safepoint region
[2020-01-13T13:35:01.578+0000][1][safepoint    ] Total time for which application threads were stopped: 0.0000365 seconds, Stopping threads took: 0.0000128 seconds
[2020-01-13T13:35:01.578+0000][1][safepoint    ] Application time: 0.0000150 seconds
[2020-01-13T13:35:01.578+0000][1][safepoint    ] Entering safepoint region: RevokeBias
[2020-01-13T13:35:01.578+0000][1][safepoint    ] Leaving safepoint region
[2020-01-13T13:35:01.578+0000][1][safepoint    ] Total time for which application threads were stopped: 0.0000222 seconds, Stopping threads took: 0.0000049 seconds
[2020-01-13T13:35:01.578+0000][1][safepoint    ] Application time: 0.0000181 seconds
[2020-01-13T13:35:01.578+0000][1][safepoint    ] Entering safepoint region: RevokeBias
[2020-01-13T13:35:01.578+0000][1][safepoint    ] Leaving safepoint region
[2020-01-13T13:35:01.578+0000][1][safepoint    ] Total time for which application threads were stopped: 0.0000218 seconds, Stopping threads took: 0.0000046 seconds
[2020-01-13T13:35:01.578+0000][1][safepoint    ] Application time: 0.0000139 seconds
[2020-01-13T13:35:01.578+0000][1][safepoint    ] Entering safepoint region: RevokeBias
[2020-01-13T13:35:01.578+0000][1][safepoint    ] Leaving safepoint region
[2020-01-13T13:35:01.578+0000][1][safepoint    ] Total time for which application threads were stopped: 0.0000212 seconds, Stopping threads took: 0.0000046 seconds
[2020-01-13T13:35:02.147+0000][1][safepoint    ] Application time: 0.5684016 seconds
[2020-01-13T13:35:02.147+0000][1][safepoint    ] Entering safepoint region: RevokeBias
[2020-01-13T13:35:02.147+0000][1][safepoint    ] Leaving safepoint region
[2020-01-13T13:35:02.147+0000][1][safepoint    ] Total time for which application threads were stopped: 0.0002075 seconds, Stopping threads took: 0.0000209 seconds
[2020-01-13T13:35:02.387+0000][1][safepoint    ] Application time: 0.2397569 seconds
[2020-01-13T13:35:02.387+0000][1][safepoint    ] Entering safepoint region: GenCollectForAllocation
[2020-01-13T13:35:02.387+0000][1][gc,start     ] GC(1) Pause Young (Allocation Failure)
[2020-01-13T13:35:02.387+0000][1][gc,task      ] GC(1) Using 1 workers of 1 for evacuation
[2020-01-13T13:35:02.435+0000][1][gc,age       ] GC(1) Desired survivor size 4358144 bytes, new threshold 6 (max threshold 6)
[2020-01-13T13:35:02.435+0000][1][gc,age       ] GC(1) Age table with threshold 6 (max threshold 6)
[2020-01-13T13:35:02.435+0000][1][gc,age       ] GC(1) - age   1:    2817432 bytes,    2817432 total
[2020-01-13T13:35:02.435+0000][1][gc,heap      ] GC(1) ParNew: 74491K->4218K(76672K)
[2020-01-13T13:35:02.435+0000][1][gc,heap      ] GC(1) CMS: 0K->6790K(176960K)
[2020-01-13T13:35:02.435+0000][1][gc,metaspace ] GC(1) Metaspace: 14934K->14934K(1062912K)
[2020-01-13T13:35:02.435+0000][1][gc           ] GC(1) Pause Young (Allocation Failure) 72M->10M(247M) 48.263ms
[2020-01-13T13:35:02.435+0000][1][gc,cpu       ] GC(1) User=0.05s Sys=0.00s Real=0.05s
[2020-01-13T13:35:02.435+0000][1][safepoint    ] Leaving safepoint region
[2020-01-13T13:35:02.435+0000][1][safepoint    ] Total time for which application threads were stopped: 0.0484302 seconds, Stopping threads took: 0.0000307 seconds
[2020-01-13T13:35:02.444+0000][1][safepoint    ] Application time: 0.0092263 seconds
[2020-01-13T13:35:02.444+0000][1][safepoint    ] Entering safepoint region: BulkRevokeBias
[2020-01-13T13:35:02.445+0000][1][safepoint    ] Leaving safepoint region
[2020-01-13T13:35:02.445+0000][1][safepoint    ] Total time for which application threads were stopped: 0.0002188 seconds, Stopping threads took: 0.0000670 seconds
[2020-01-13T13:35:02.445+0000][1][safepoint    ] Application time: 0.0007955 seconds
[2020-01-13T13:35:02.445+0000][1][safepoint    ] Entering safepoint region: RevokeBias
[2020-01-13T13:35:02.445+0000][1][safepoint    ] Leaving safepoint region
[2020-01-13T13:35:02.445+0000][1][safepoint    ] Total time for which application threads were stopped: 0.0000732 seconds, Stopping threads took: 0.0000092 seconds
[2020-01-13T13:35:02.447+0000][1][safepoint    ] Application time: 0.0015936 seconds
[2020-01-13T13:35:02.447+0000][1][safepoint    ] Entering safepoint region: RevokeBias
[2020-01-13T13:35:02.447+0000][1][safepoint    ] Leaving safepoint region
[2020-01-13T13:35:02.447+0000][1][safepoint    ] Total time for which application threads were stopped: 0.0003736 seconds, Stopping threads took: 0.0003261 seconds
[2020-01-13T13:35:02.447+0000][1][safepoint    ] Application time: 0.0000235 seconds
[2020-01-13T13:35:02.447+0000][1][safepoint    ] Entering safepoint region: RevokeBias
[2020-01-13T13:35:02.448+0000][1][safepoint    ] Leaving safepoint region
[2020-01-13T13:35:02.448+0000][1][safepoint    ] Total time for which application threads were stopped: 0.0000340 seconds, Stopping threads took: 0.0000052 seconds
[2020-01-13T13:35:02.448+0000][1][safepoint    ] Application time: 0.0000237 seconds
[2020-01-13T13:35:02.448+0000][1][safepoint    ] Entering safepoint region: RevokeBias
[2020-01-13T13:35:02.448+0000][1][safepoint    ] Leaving safepoint region
[2020-01-13T13:35:02.448+0000][1][safepoint    ] Total time for which application threads were stopped: 0.0000318 seconds, Stopping threads took: 0.0000049 seconds
[2020-01-13T13:35:02.448+0000][1][safepoint    ] Application time: 0.0000143 seconds
[2020-01-13T13:35:02.448+0000][1][safepoint    ] Entering safepoint region: RevokeBias
[2020-01-13T13:35:02.448+0000][1][safepoint    ] Leaving safepoint region
[2020-01-13T13:35:02.448+0000][1][safepoint    ] Total time for which application threads were stopped: 0.0000314 seconds, Stopping threads took: 0.0000047 seconds
[2020-01-13T13:35:02.448+0000][1][safepoint    ] Application time: 0.0000158 seconds
[2020-01-13T13:35:02.448+0000][1][safepoint    ] Entering safepoint region: BulkRevokeBias
[2020-01-13T13:35:02.448+0000][1][safepoint    ] Leaving safepoint region
[2020-01-13T13:35:02.448+0000][1][safepoint    ] Total time for which application threads were stopped: 0.0000571 seconds, Stopping threads took: 0.0000048 seconds
[2020-01-13T13:35:02.448+0000][1][safepoint    ] Application time: 0.0000146 seconds
[2020-01-13T13:35:02.448+0000][1][safepoint    ] Entering safepoint region: RevokeBias
[2020-01-13T13:35:02.448+0000][1][safepoint    ] Leaving safepoint region
[2020-01-13T13:35:02.448+0000][1][safepoint    ] Total time for which application threads were stopped: 0.0000318 seconds, Stopping threads took: 0.0000047 seconds
[2020-01-13T13:35:02.448+0000][1][safepoint    ] Application time: 0.0000192 seconds
[2020-01-13T13:35:02.448+0000][1][safepoint    ] Entering safepoint region: BulkRevokeBias
[2020-01-13T13:35:02.448+0000][1][safepoint    ] Leaving safepoint region
[2020-01-13T13:35:02.448+0000][1][safepoint    ] Total time for which application threads were stopped: 0.0000434 seconds, Stopping threads took: 0.0000048 seconds
[2020-01-13T13:35:02.725+0000][1][safepoint    ] Application time: 0.2769658 seconds
[2020-01-13T13:35:02.725+0000][1][safepoint    ] Entering safepoint region: GenCollectForAllocation
[2020-01-13T13:35:02.725+0000][1][gc,start     ] GC(2) Pause Young (Allocation Failure)
[2020-01-13T13:35:02.725+0000][1][gc,task      ] GC(2) Using 1 workers of 1 for evacuation
[2020-01-13T13:35:02.746+0000][1][gc,age       ] GC(2) Desired survivor size 4358144 bytes, new threshold 6 (max threshold 6)
[2020-01-13T13:35:02.746+0000][1][gc,age       ] GC(2) Age table with threshold 6 (max threshold 6)
[2020-01-13T13:35:02.746+0000][1][gc,age       ] GC(2) - age   1:    2847680 bytes,    2847680 total
[2020-01-13T13:35:02.746+0000][1][gc,age       ] GC(2) - age   2:    1076160 bytes,    3923840 total
[2020-01-13T13:35:02.746+0000][1][gc,heap      ] GC(2) ParNew: 72378K->6236K(76672K)
[2020-01-13T13:35:02.746+0000][1][gc,heap      ] GC(2) CMS: 6790K->6790K(176960K)
[2020-01-13T13:35:02.746+0000][1][gc,metaspace ] GC(2) Metaspace: 15054K->15054K(1062912K)
[2020-01-13T13:35:02.746+0000][1][gc           ] GC(2) Pause Young (Allocation Failure) 77M->12M(247M) 21.454ms
[2020-01-13T13:35:02.746+0000][1][gc,cpu       ] GC(2) User=0.02s Sys=0.00s Real=0.02s
[2020-01-13T13:35:02.747+0000][1][safepoint    ] Leaving safepoint region
[2020-01-13T13:35:02.747+0000][1][safepoint    ] Total time for which application threads were stopped: 0.0216495 seconds, Stopping threads took: 0.0000258 seconds
[2020-01-13T13:35:02.750+0000][1][safepoint    ] Application time: 0.0037591 seconds
[2020-01-13T13:35:02.750+0000][1][safepoint    ] Entering safepoint region: RevokeBias
[2020-01-13T13:35:02.750+0000][1][safepoint    ] Leaving safepoint region
[2020-01-13T13:35:02.750+0000][1][safepoint    ] Total time for which application threads were stopped: 0.0001262 seconds, Stopping threads took: 0.0000608 seconds
[2020-01-13T13:35:02.752+0000][1][safepoint    ] Application time: 0.0018468 seconds
[2020-01-13T13:35:02.752+0000][1][safepoint    ] Entering safepoint region: RevokeBias
[2020-01-13T13:35:02.752+0000][1][safepoint    ] Leaving safepoint region
[2020-01-13T13:35:02.752+0000][1][safepoint    ] Total time for which application threads were stopped: 0.0001203 seconds, Stopping threads took: 0.0000444 seconds
[2020-01-13T13:35:02.752+0000][1][safepoint    ] Application time: 0.0000315 seconds
[2020-01-13T13:35:02.752+0000][1][safepoint    ] Entering safepoint region: RevokeBias
[2020-01-13T13:35:02.753+0000][1][safepoint    ] Leaving safepoint region
[2020-01-13T13:35:02.753+0000][1][safepoint    ] Total time for which application threads were stopped: 0.0000491 seconds, Stopping threads took: 0.0000051 seconds
[2020-01-13T13:35:02.753+0000][1][safepoint    ] Application time: 0.0000149 seconds
[2020-01-13T13:35:02.753+0000][1][safepoint    ] Entering safepoint region: RevokeBias
[2020-01-13T13:35:02.753+0000][1][safepoint    ] Leaving safepoint region
[2020-01-13T13:35:02.753+0000][1][safepoint    ] Total time for which application threads were stopped: 0.0000458 seconds, Stopping threads took: 0.0000049 seconds
[2020-01-13T13:35:02.753+0000][1][safepoint    ] Application time: 0.0000168 seconds
[2020-01-13T13:35:02.753+0000][1][safepoint    ] Entering safepoint region: RevokeBias
[2020-01-13T13:35:02.753+0000][1][safepoint    ] Leaving safepoint region
[2020-01-13T13:35:02.753+0000][1][safepoint    ] Total time for which application threads were stopped: 0.0000456 seconds, Stopping threads took: 0.0000047 seconds
[2020-01-13T13:35:02.753+0000][1][safepoint    ] Application time: 0.0000139 seconds
[2020-01-13T13:35:02.753+0000][1][safepoint    ] Entering safepoint region: RevokeBias
[2020-01-13T13:35:02.753+0000][1][safepoint    ] Leaving safepoint region
[2020-01-13T13:35:02.753+0000][1][safepoint    ] Total time for which application threads were stopped: 0.0000450 seconds, Stopping threads took: 0.0000047 seconds
[2020-01-13T13:35:03.032+0000][1][safepoint    ] Application time: 0.2794358 seconds
[2020-01-13T13:35:03.034+0000][1][safepoint    ] Entering safepoint region: Deoptimize
[2020-01-13T13:35:03.035+0000][1][safepoint    ] Leaving safepoint region
[2020-01-13T13:35:03.035+0000][1][safepoint    ] Total time for which application threads were stopped: 0.0026212 seconds, Stopping threads took: 0.0021177 seconds
[2020-01-13T13:35:03.035+0000][1][safepoint    ] Application time: 0.0004671 seconds
[2020-01-13T13:35:03.035+0000][1][safepoint    ] Entering safepoint region: Deoptimize
[2020-01-13T13:35:03.036+0000][1][safepoint    ] Leaving safepoint region
[2020-01-13T13:35:03.036+0000][1][safepoint    ] Total time for which application threads were stopped: 0.0003135 seconds, Stopping threads took: 0.0000172 seconds
[2020-01-13T13:35:03.682+0000][1][safepoint    ] Application time: 0.6465794 seconds
[2020-01-13T13:35:03.682+0000][1][safepoint    ] Entering safepoint region: GenCollectForAllocation
[2020-01-13T13:35:03.682+0000][1][gc,start     ] GC(3) Pause Young (Allocation Failure)
[2020-01-13T13:35:03.682+0000][1][gc,task      ] GC(3) Using 1 workers of 1 for evacuation
[2020-01-13T13:35:03.698+0000][1][gc,age       ] GC(3) Desired survivor size 4358144 bytes, new threshold 3 (max threshold 6)
[2020-01-13T13:35:03.699+0000][1][gc,age       ] GC(3) Age table with threshold 3 (max threshold 6)
[2020-01-13T13:35:03.699+0000][1][gc,age       ] GC(3) - age   1:    3523640 bytes,    3523640 total
[2020-01-13T13:35:03.699+0000][1][gc,age       ] GC(3) - age   2:     318904 bytes,    3842544 total
[2020-01-13T13:35:03.699+0000][1][gc,age       ] GC(3) - age   3:    1073984 bytes,    4916528 total
[2020-01-13T13:35:03.699+0000][1][gc,heap      ] GC(3) ParNew: 74396K->7313K(76672K)
[2020-01-13T13:35:03.699+0000][1][gc,heap      ] GC(3) CMS: 6790K->6790K(176960K)
[2020-01-13T13:35:03.699+0000][1][gc,metaspace ] GC(3) Metaspace: 18547K->18547K(1067008K)
[2020-01-13T13:35:03.699+0000][1][gc           ] GC(3) Pause Young (Allocation Failure) 79M->13M(247M) 16.163ms
[2020-01-13T13:35:03.699+0000][1][gc,cpu       ] GC(3) User=0.02s Sys=0.00s Real=0.02s
[2020-01-13T13:35:03.699+0000][1][safepoint    ] Leaving safepoint region
[2020-01-13T13:35:03.699+0000][1][safepoint    ] Total time for which application threads were stopped: 0.0163550 seconds, Stopping threads took: 0.0000213 seconds
[2020-01-13T13:35:03.707+0000][1][safepoint    ] Application time: 0.0086276 seconds
[2020-01-13T13:35:03.707+0000][1][safepoint    ] Entering safepoint region: BulkRevokeBias
[2020-01-13T13:35:03.708+0000][1][safepoint    ] Leaving safepoint region
[2020-01-13T13:35:03.708+0000][1][safepoint    ] Total time for which application threads were stopped: 0.0002077 seconds, Stopping threads took: 0.0000611 seconds
[2020-01-13T13:35:03.708+0000][1][safepoint    ] Application time: 0.0007295 seconds
[2020-01-13T13:35:03.708+0000][1][safepoint    ] Entering safepoint region: RevokeBias
[2020-01-13T13:35:03.708+0000][1][safepoint    ] Leaving safepoint region
[2020-01-13T13:35:03.708+0000][1][safepoint    ] Total time for which application threads were stopped: 0.0000651 seconds, Stopping threads took: 0.0000079 seconds
[2020-01-13T13:35:03.708+0000][1][safepoint    ] Application time: 0.0000339 seconds
[2020-01-13T13:35:03.708+0000][1][safepoint    ] Entering safepoint region: RevokeBias
[2020-01-13T13:35:03.708+0000][1][safepoint    ] Leaving safepoint region
[2020-01-13T13:35:03.708+0000][1][safepoint    ] Total time for which application threads were stopped: 0.0000370 seconds, Stopping threads took: 0.0000049 seconds
[2020-01-13T13:35:03.708+0000][1][safepoint    ] Application time: 0.0000146 seconds
[2020-01-13T13:35:03.708+0000][1][safepoint    ] Entering safepoint region: RevokeBias
[2020-01-13T13:35:03.708+0000][1][safepoint    ] Leaving safepoint region
[2020-01-13T13:35:03.708+0000][1][safepoint    ] Total time for which application threads were stopped: 0.0000345 seconds, Stopping threads took: 0.0000049 seconds
[2020-01-13T13:35:03.709+0000][1][safepoint    ] Application time: 0.0000161 seconds
[2020-01-13T13:35:03.709+0000][1][safepoint    ] Entering safepoint region: RevokeBias
[2020-01-13T13:35:03.709+0000][1][safepoint    ] Leaving safepoint region
[2020-01-13T13:35:03.709+0000][1][safepoint    ] Total time for which application threads were stopped: 0.0000349 seconds, Stopping threads took: 0.0000047 seconds
[2020-01-13T13:35:03.709+0000][1][safepoint    ] Application time: 0.0000139 seconds
[2020-01-13T13:35:03.709+0000][1][safepoint    ] Entering safepoint region: RevokeBias
[2020-01-13T13:35:03.709+0000][1][safepoint    ] Leaving safepoint region
[2020-01-13T13:35:03.709+0000][1][safepoint    ] Total time for which application threads were stopped: 0.0000341 seconds, Stopping threads took: 0.0000046 seconds
[2020-01-13T13:35:03.709+0000][1][safepoint    ] Application time: 0.0000153 seconds
[2020-01-13T13:35:03.709+0000][1][safepoint    ] Entering safepoint region: RevokeBias
[2020-01-13T13:35:03.709+0000][1][safepoint    ] Leaving safepoint region
[2020-01-13T13:35:03.709+0000][1][safepoint    ] Total time for which application threads were stopped: 0.0000346 seconds, Stopping threads took: 0.0000047 seconds
[2020-01-13T13:35:03.709+0000][1][safepoint    ] Application time: 0.0000139 seconds
[2020-01-13T13:35:03.709+0000][1][safepoint    ] Entering safepoint region: RevokeBias
[2020-01-13T13:35:03.709+0000][1][safepoint    ] Leaving safepoint region
[2020-01-13T13:35:03.709+0000][1][safepoint    ] Total time for which application threads were stopped: 0.0000467 seconds, Stopping threads took: 0.0000168 seconds
[2020-01-13T13:35:03.710+0000][1][safepoint    ] Application time: 0.0008087 seconds
[2020-01-13T13:35:03.710+0000][1][safepoint    ] Entering safepoint region: RevokeBias
[2020-01-13T13:35:03.710+0000][1][safepoint    ] Leaving safepoint region
[2020-01-13T13:35:03.710+0000][1][safepoint    ] Total time for which application threads were stopped: 0.0000607 seconds, Stopping threads took: 0.0000088 seconds
[2020-01-13T13:35:03.710+0000][1][safepoint    ] Application time: 0.0006564 seconds
[2020-01-13T13:35:03.711+0000][1][safepoint    ] Entering safepoint region: RevokeBias
[2020-01-13T13:35:03.711+0000][1][safepoint    ] Leaving safepoint region
[2020-01-13T13:35:03.711+0000][1][safepoint    ] Total time for which application threads were stopped: 0.0010579 seconds, Stopping threads took: 0.0010119 seconds
[2020-01-13T13:35:03.711+0000][1][safepoint    ] Application time: 0.0000428 seconds
[2020-01-13T13:35:03.711+0000][1][safepoint    ] Entering safepoint region: RevokeBias
[2020-01-13T13:35:03.711+0000][1][safepoint    ] Leaving safepoint region
[2020-01-13T13:35:03.711+0000][1][safepoint    ] Total time for which application threads were stopped: 0.0000309 seconds, Stopping threads took: 0.0000046 seconds
[2020-01-13T13:35:03.711+0000][1][safepoint    ] Application time: 0.0000125 seconds
[2020-01-13T13:35:03.711+0000][1][safepoint    ] Entering safepoint region: RevokeBias
[2020-01-13T13:35:03.711+0000][1][safepoint    ] Leaving safepoint region
[2020-01-13T13:35:03.711+0000][1][safepoint    ] Total time for which application threads were stopped: 0.0000271 seconds, Stopping threads took: 0.0000041 seconds
[2020-01-13T13:35:03.712+0000][1][safepoint    ] Application time: 0.0000191 seconds
[2020-01-13T13:35:03.712+0000][1][safepoint    ] Entering safepoint region: RevokeBias
[2020-01-13T13:35:03.712+0000][1][safepoint    ] Leaving safepoint region
[2020-01-13T13:35:03.712+0000][1][safepoint    ] Total time for which application threads were stopped: 0.0000274 seconds, Stopping threads took: 0.0000041 seconds
[2020-01-13T13:35:03.712+0000][1][safepoint    ] Application time: 0.0000143 seconds
[2020-01-13T13:35:03.712+0000][1][safepoint    ] Entering safepoint region: RevokeBias
[2020-01-13T13:35:03.712+0000][1][safepoint    ] Leaving safepoint region
[2020-01-13T13:35:03.712+0000][1][safepoint    ] Total time for which application threads were stopped: 0.0000270 seconds, Stopping threads took: 0.0000040 seconds
[2020-01-13T13:35:03.712+0000][1][safepoint    ] Application time: 0.0000115 seconds
[2020-01-13T13:35:03.712+0000][1][safepoint    ] Entering safepoint region: RevokeBias
[2020-01-13T13:35:03.712+0000][1][safepoint    ] Leaving safepoint region
[2020-01-13T13:35:03.712+0000][1][safepoint    ] Total time for which application threads were stopped: 0.0000266 seconds, Stopping threads took: 0.0000039 seconds
[2020-01-13T13:35:03.712+0000][1][safepoint    ] Application time: 0.0000128 seconds
[2020-01-13T13:35:03.712+0000][1][safepoint    ] Entering safepoint region: RevokeBias
[2020-01-13T13:35:03.712+0000][1][safepoint    ] Leaving safepoint region
[2020-01-13T13:35:03.712+0000][1][safepoint    ] Total time for which application threads were stopped: 0.0000266 seconds, Stopping threads took: 0.0000039 seconds
[2020-01-13T13:35:03.712+0000][1][safepoint    ] Application time: 0.0000117 seconds
[2020-01-13T13:35:03.712+0000][1][safepoint    ] Entering safepoint region: RevokeBias
[2020-01-13T13:35:03.712+0000][1][safepoint    ] Leaving safepoint region
[2020-01-13T13:35:03.712+0000][1][safepoint    ] Total time for which application threads were stopped: 0.0000267 seconds, Stopping threads took: 0.0000039 seconds
[2020-01-13T13:35:03.712+0000][1][safepoint    ] Application time: 0.0000131 seconds
[2020-01-13T13:35:03.712+0000][1][safepoint    ] Entering safepoint region: RevokeBias
[2020-01-13T13:35:03.712+0000][1][safepoint    ] Leaving safepoint region
[2020-01-13T13:35:03.712+0000][1][safepoint    ] Total time for which application threads were stopped: 0.0000366 seconds, Stopping threads took: 0.0000133 seconds
[2020-01-13T13:35:03.712+0000][1][safepoint    ] Application time: 0.0000117 seconds
[2020-01-13T13:35:03.712+0000][1][safepoint    ] Entering safepoint region: RevokeBias
[2020-01-13T13:35:03.712+0000][1][safepoint    ] Leaving safepoint region
[2020-01-13T13:35:03.712+0000][1][safepoint    ] Total time for which application threads were stopped: 0.0000267 seconds, Stopping threads took: 0.0000040 seconds
[2020-01-13T13:35:03.712+0000][1][safepoint    ] Application time: 0.0000132 seconds
[2020-01-13T13:35:03.712+0000][1][safepoint    ] Entering safepoint region: RevokeBias
[2020-01-13T13:35:03.712+0000][1][safepoint    ] Leaving safepoint region
[2020-01-13T13:35:03.712+0000][1][safepoint    ] Total time for which application threads were stopped: 0.0000374 seconds, Stopping threads took: 0.0000039 seconds
[2020-01-13T13:35:03.712+0000][1][safepoint    ] Application time: 0.0000120 seconds
[2020-01-13T13:35:03.712+0000][1][safepoint    ] Entering safepoint region: RevokeBias
[2020-01-13T13:35:03.712+0000][1][safepoint    ] Leaving safepoint region
[2020-01-13T13:35:03.712+0000][1][safepoint    ] Total time for which application threads were stopped: 0.0000268 seconds, Stopping threads took: 0.0000039 seconds
[2020-01-13T13:35:03.914+0000][1][safepoint    ] Application time: 0.2024235 seconds
[2020-01-13T13:35:03.914+0000][1][safepoint    ] Entering safepoint region: GenCollectForAllocation
[2020-01-13T13:35:03.915+0000][1][gc,start     ] GC(4) Pause Young (Allocation Failure)
[2020-01-13T13:35:03.915+0000][1][gc,task      ] GC(4) Using 1 workers of 1 for evacuation
[2020-01-13T13:35:03.934+0000][1][gc,age       ] GC(4) Desired survivor size 4358144 bytes, new threshold 2 (max threshold 6)
[2020-01-13T13:35:03.935+0000][1][gc,age       ] GC(4) Age table with threshold 2 (max threshold 6)
[2020-01-13T13:35:03.935+0000][1][gc,age       ] GC(4) - age   1:    1210416 bytes,    1210416 total
[2020-01-13T13:35:03.935+0000][1][gc,age       ] GC(4) - age   2:    3306016 bytes,    4516432 total
[2020-01-13T13:35:03.935+0000][1][gc,age       ] GC(4) - age   3:     318376 bytes,    4834808 total
[2020-01-13T13:35:03.935+0000][1][gc,heap      ] GC(4) ParNew: 75473K->8512K(76672K)
[2020-01-13T13:35:03.935+0000][1][gc,heap      ] GC(4) CMS: 6790K->7853K(176960K)
[2020-01-13T13:35:03.935+0000][1][gc,metaspace ] GC(4) Metaspace: 18746K->18746K(1067008K)
[2020-01-13T13:35:03.935+0000][1][gc           ] GC(4) Pause Young (Allocation Failure) 80M->15M(247M) 20.069ms
[2020-01-13T13:35:03.935+0000][1][gc,cpu       ] GC(4) User=0.02s Sys=0.00s Real=0.02s
[2020-01-13T13:35:03.935+0000][1][safepoint    ] Leaving safepoint region
[2020-01-13T13:35:03.935+0000][1][safepoint    ] Total time for which application threads were stopped: 0.0202243 seconds, Stopping threads took: 0.0000265 seconds
[2020-01-13T13:35:03.942+0000][1][safepoint    ] Application time: 0.0076146 seconds
[2020-01-13T13:35:03.942+0000][1][safepoint    ] Entering safepoint region: RevokeBias
[2020-01-13T13:35:03.942+0000][1][safepoint    ] Leaving safepoint region
[2020-01-13T13:35:03.942+0000][1][safepoint    ] Total time for which application threads were stopped: 0.0001362 seconds, Stopping threads took: 0.0000666 seconds
[2020-01-13T13:35:03.942+0000][1][safepoint    ] Application time: 0.0000327 seconds
[2020-01-13T13:35:03.942+0000][1][safepoint    ] Entering safepoint region: RevokeBias
[2020-01-13T13:35:03.943+0000][1][safepoint    ] Leaving safepoint region
[2020-01-13T13:35:03.943+0000][1][safepoint    ] Total time for which application threads were stopped: 0.0000329 seconds, Stopping threads took: 0.0000051 seconds
[2020-01-13T13:35:03.943+0000][1][safepoint    ] Application time: 0.0000281 seconds
[2020-01-13T13:35:03.943+0000][1][safepoint    ] Entering safepoint region: RevokeBias
[2020-01-13T13:35:03.943+0000][1][safepoint    ] Leaving safepoint region
[2020-01-13T13:35:03.943+0000][1][safepoint    ] Total time for which application threads were stopped: 0.0000457 seconds, Stopping threads took: 0.0000048 seconds
[2020-01-13T13:35:03.943+0000][1][safepoint    ] Application time: 0.0000144 seconds
[2020-01-13T13:35:03.943+0000][1][safepoint    ] Entering safepoint region: RevokeBias
[2020-01-13T13:35:03.943+0000][1][safepoint    ] Leaving safepoint region
[2020-01-13T13:35:03.943+0000][1][safepoint    ] Total time for which application threads were stopped: 0.0000297 seconds, Stopping threads took: 0.0000048 seconds
[2020-01-13T13:35:03.978+0000][1][safepoint    ] Application time: 0.0356861 seconds
[2020-01-13T13:35:03.978+0000][1][safepoint    ] Entering safepoint region: Deoptimize
[2020-01-13T13:35:03.979+0000][1][safepoint    ] Leaving safepoint region
[2020-01-13T13:35:03.979+0000][1][safepoint    ] Total time for which application threads were stopped: 0.0004762 seconds, Stopping threads took: 0.0000194 seconds
[2020-01-13T13:35:04.063+0000][1][safepoint    ] Application time: 0.0838017 seconds
[2020-01-13T13:35:04.063+0000][1][safepoint    ] Entering safepoint region: Deoptimize
[2020-01-13T13:35:04.063+0000][1][safepoint    ] Leaving safepoint region
[2020-01-13T13:35:04.063+0000][1][safepoint    ] Total time for which application threads were stopped: 0.0005709 seconds, Stopping threads took: 0.0000227 seconds
[2020-01-13T13:35:04.074+0000][1][safepoint    ] Application time: 0.0104949 seconds
[2020-01-13T13:35:04.074+0000][1][safepoint    ] Entering safepoint region: RevokeBias
[2020-01-13T13:35:04.074+0000][1][safepoint    ] Leaving safepoint region
[2020-01-13T13:35:04.074+0000][1][safepoint    ] Total time for which application threads were stopped: 0.0005277 seconds, Stopping threads took: 0.0004566 seconds
[2020-01-13T13:35:04.081+0000][1][safepoint    ] Application time: 0.0063485 seconds
[2020-01-13T13:35:04.081+0000][1][safepoint    ] Entering safepoint region: RevokeBias
[2020-01-13T13:35:04.081+0000][1][safepoint    ] Leaving safepoint region
[2020-01-13T13:35:04.081+0000][1][safepoint    ] Total time for which application threads were stopped: 0.0000966 seconds, Stopping threads took: 0.0000397 seconds
[2020-01-13T13:35:04.249+0000][1][safepoint    ] Application time: 0.1685240 seconds
[2020-01-13T13:35:04.249+0000][1][safepoint    ] Entering safepoint region: GenCollectForAllocation
[2020-01-13T13:35:04.250+0000][1][gc,start     ] GC(5) Pause Young (Allocation Failure)
[2020-01-13T13:35:04.250+0000][1][gc,task      ] GC(5) Using 1 workers of 1 for evacuation
[2020-01-13T13:35:04.271+0000][1][gc,age       ] GC(5) Desired survivor size 4358144 bytes, new threshold 6 (max threshold 6)
[2020-01-13T13:35:04.271+0000][1][gc,age       ] GC(5) Age table with threshold 6 (max threshold 6)
[2020-01-13T13:35:04.271+0000][1][gc,age       ] GC(5) - age   1:    2169296 bytes,    2169296 total
[2020-01-13T13:35:04.271+0000][1][gc,age       ] GC(5) - age   2:     442592 bytes,    2611888 total
[2020-01-13T13:35:04.271+0000][1][gc,heap      ] GC(5) ParNew: 76672K->2897K(76672K)
[2020-01-13T13:35:04.271+0000][1][gc,heap      ] GC(5) CMS: 7853K->11424K(176960K)
[2020-01-13T13:35:04.271+0000][1][gc,metaspace ] GC(5) Metaspace: 19008K->19008K(1067008K)
[2020-01-13T13:35:04.271+0000][1][gc           ] GC(5) Pause Young (Allocation Failure) 82M->13M(247M) 21.712ms
[2020-01-13T13:35:04.271+0000][1][gc,cpu       ] GC(5) User=0.02s Sys=0.00s Real=0.02s
[2020-01-13T13:35:04.271+0000][1][safepoint    ] Leaving safepoint region
[2020-01-13T13:35:04.271+0000][1][safepoint    ] Total time for which application threads were stopped: 0.0218730 seconds, Stopping threads took: 0.0000224 seconds
[2020-01-13T13:35:04.280+0000][1][safepoint    ] Application time: 0.0089651 seconds
[2020-01-13T13:35:04.281+0000][1][safepoint    ] Entering safepoint region: RevokeBias
[2020-01-13T13:35:04.281+0000][1][safepoint    ] Leaving safepoint region
[2020-01-13T13:35:04.281+0000][1][safepoint    ] Total time for which application threads were stopped: 0.0010215 seconds, Stopping threads took: 0.0009087 seconds
[2020-01-13T13:35:04.281+0000][1][safepoint    ] Application time: 0.0000301 seconds
[2020-01-13T13:35:04.281+0000][1][safepoint    ] Entering safepoint region: RevokeBias
[2020-01-13T13:35:04.281+0000][1][safepoint    ] Leaving safepoint region
[2020-01-13T13:35:04.281+0000][1][safepoint    ] Total time for which application threads were stopped: 0.0000515 seconds, Stopping threads took: 0.0000055 seconds
[2020-01-13T13:35:04.281+0000][1][safepoint    ] Application time: 0.0000272 seconds
[2020-01-13T13:35:04.281+0000][1][safepoint    ] Entering safepoint region: RevokeBias
[2020-01-13T13:35:04.282+0000][1][safepoint    ] Leaving safepoint region
[2020-01-13T13:35:04.282+0000][1][safepoint    ] Total time for which application threads were stopped: 0.0000445 seconds, Stopping threads took: 0.0000050 seconds
[2020-01-13T13:35:04.282+0000][1][safepoint    ] Application time: 0.0000140 seconds
[2020-01-13T13:35:04.282+0000][1][safepoint    ] Entering safepoint region: RevokeBias
[2020-01-13T13:35:04.282+0000][1][safepoint    ] Leaving safepoint region
[2020-01-13T13:35:04.282+0000][1][safepoint    ] Total time for which application threads were stopped: 0.0000421 seconds, Stopping threads took: 0.0000047 seconds
[2020-01-13T13:35:04.282+0000][1][safepoint    ] Application time: 0.0000188 seconds
[2020-01-13T13:35:04.282+0000][1][safepoint    ] Entering safepoint region: RevokeBias
[2020-01-13T13:35:04.282+0000][1][safepoint    ] Leaving safepoint region
[2020-01-13T13:35:04.282+0000][1][safepoint    ] Total time for which application threads were stopped: 0.0000432 seconds, Stopping threads took: 0.0000047 seconds
[2020-01-13T13:35:04.282+0000][1][safepoint    ] Application time: 0.0000143 seconds
[2020-01-13T13:35:04.282+0000][1][safepoint    ] Entering safepoint region: RevokeBias
[2020-01-13T13:35:04.282+0000][1][safepoint    ] Leaving safepoint region
[2020-01-13T13:35:04.282+0000][1][safepoint    ] Total time for which application threads were stopped: 0.0000423 seconds, Stopping threads took: 0.0000047 seconds
[2020-01-13T13:35:04.477+0000][1][safepoint    ] Application time: 0.1952830 seconds
[2020-01-13T13:35:04.480+0000][1][safepoint    ] Entering safepoint region: RevokeBias
[2020-01-13T13:35:04.480+0000][1][safepoint    ] Leaving safepoint region
[2020-01-13T13:35:04.480+0000][1][safepoint    ] Total time for which application threads were stopped: 0.0033199 seconds, Stopping threads took: 0.0032427 seconds
[2020-01-13T13:35:04.481+0000][1][safepoint    ] Application time: 0.0001781 seconds
[2020-01-13T13:35:04.481+0000][1][safepoint    ] Entering safepoint region: BulkRevokeBias
[2020-01-13T13:35:04.481+0000][1][safepoint    ] Leaving safepoint region
[2020-01-13T13:35:04.481+0000][1][safepoint    ] Total time for which application threads were stopped: 0.0001155 seconds, Stopping threads took: 0.0000154 seconds
[2020-01-13T13:35:04.495+0000][1][safepoint    ] Application time: 0.0140407 seconds
[2020-01-13T13:35:04.495+0000][1][safepoint    ] Entering safepoint region: GenCollectForAllocation
[2020-01-13T13:35:04.495+0000][1][gc,start     ] GC(6) Pause Young (Allocation Failure)
[2020-01-13T13:35:04.495+0000][1][gc,task      ] GC(6) Using 1 workers of 1 for evacuation
[2020-01-13T13:35:04.500+0000][1][gc,age       ] GC(6) Desired survivor size 4358144 bytes, new threshold 6 (max threshold 6)
[2020-01-13T13:35:04.500+0000][1][gc,age       ] GC(6) Age table with threshold 6 (max threshold 6)
[2020-01-13T13:35:04.500+0000][1][gc,age       ] GC(6) - age   1:     492664 bytes,     492664 total
[2020-01-13T13:35:04.500+0000][1][gc,age       ] GC(6) - age   2:    2156304 bytes,    2648968 total
[2020-01-13T13:35:04.500+0000][1][gc,age       ] GC(6) - age   3:     442592 bytes,    3091560 total
[2020-01-13T13:35:04.500+0000][1][gc,heap      ] GC(6) ParNew: 70733K->5275K(76672K)
[2020-01-13T13:35:04.500+0000][1][gc,heap      ] GC(6) CMS: 11424K->11424K(176960K)
[2020-01-13T13:35:04.500+0000][1][gc,metaspace ] GC(6) Metaspace: 19317K->19317K(1067008K)
[2020-01-13T13:35:04.500+0000][1][gc           ] GC(6) Pause Young (Allocation Failure) 80M->16M(247M) 5.580ms
[2020-01-13T13:35:04.500+0000][1][gc,cpu       ] GC(6) User=0.00s Sys=0.00s Real=0.01s
[2020-01-13T13:35:04.500+0000][1][safepoint    ] Leaving safepoint region
[2020-01-13T13:35:04.500+0000][1][safepoint    ] Total time for which application threads were stopped: 0.0057175 seconds, Stopping threads took: 0.0000228 seconds
[2020-01-13T13:35:04.506+0000][1][safepoint    ] Application time: 0.0057656 seconds
[2020-01-13T13:35:04.512+0000][1][safepoint    ] Entering safepoint region: BulkRevokeBias
[2020-01-13T13:35:04.512+0000][1][safepoint    ] Leaving safepoint region
[2020-01-13T13:35:04.512+0000][1][safepoint    ] Total time for which application threads were stopped: 0.0057663 seconds, Stopping threads took: 0.0056260 seconds
[2020-01-13T13:35:04.725+0000][1][safepoint    ] Application time: 0.2133507 seconds
[2020-01-13T13:35:04.725+0000][1][safepoint    ] Entering safepoint region: GenCollectForAllocation
[2020-01-13T13:35:04.726+0000][1][gc,start     ] GC(7) Pause Young (Allocation Failure)
[2020-01-13T13:35:04.726+0000][1][gc,task      ] GC(7) Using 1 workers of 1 for evacuation
[2020-01-13T13:35:04.746+0000][1][gc,age       ] GC(7) Desired survivor size 4358144 bytes, new threshold 3 (max threshold 6)
[2020-01-13T13:35:04.746+0000][1][gc,age       ] GC(7) Age table with threshold 3 (max threshold 6)
[2020-01-13T13:35:04.746+0000][1][gc,age       ] GC(7) - age   1:    3226936 bytes,    3226936 total
[2020-01-13T13:35:04.746+0000][1][gc,age       ] GC(7) - age   2:     211016 bytes,    3437952 total
[2020-01-13T13:35:04.746+0000][1][gc,age       ] GC(7) - age   3:    2156280 bytes,    5594232 total
[2020-01-13T13:35:04.746+0000][1][gc,age       ] GC(7) - age   4:     442592 bytes,    6036824 total
[2020-01-13T13:35:04.747+0000][1][gc,heap      ] GC(7) ParNew: 73435K->7166K(76672K)
[2020-01-13T13:35:04.747+0000][1][gc,heap      ] GC(7) CMS: 11424K->11424K(176960K)
[2020-01-13T13:35:04.747+0000][1][gc,metaspace ] GC(7) Metaspace: 19644K->19644K(1067008K)
[2020-01-13T13:35:04.747+0000][1][gc           ] GC(7) Pause Young (Allocation Failure) 82M->18M(247M) 20.967ms
[2020-01-13T13:35:04.747+0000][1][gc,cpu       ] GC(7) User=0.02s Sys=0.00s Real=0.02s
[2020-01-13T13:35:04.747+0000][1][safepoint    ] Leaving safepoint region
[2020-01-13T13:35:04.747+0000][1][safepoint    ] Total time for which application threads were stopped: 0.0211169 seconds, Stopping threads took: 0.0000266 seconds
[2020-01-13T13:35:04.820+0000][1][safepoint    ] Application time: 0.0736543 seconds
[2020-01-13T13:35:04.820+0000][1][safepoint    ] Entering safepoint region: CollectForMetadataAllocation
[2020-01-13T13:35:04.821+0000][1][safepoint    ] Leaving safepoint region
[2020-01-13T13:35:04.821+0000][1][safepoint    ] Total time for which application threads were stopped: 0.0002205 seconds, Stopping threads took: 0.0000197 seconds
[2020-01-13T13:35:04.861+0000][1][safepoint    ] Application time: 0.0400500 seconds
[2020-01-13T13:35:04.861+0000][1][safepoint    ] Entering safepoint region: CollectForMetadataAllocation
[2020-01-13T13:35:04.861+0000][1][safepoint    ] Leaving safepoint region
[2020-01-13T13:35:04.861+0000][1][safepoint    ] Total time for which application threads were stopped: 0.0002433 seconds, Stopping threads took: 0.0000261 seconds
[2020-01-13T13:35:05.086+0000][1][safepoint    ] Application time: 0.2250419 seconds
[2020-01-13T13:35:05.087+0000][1][safepoint    ] Entering safepoint region: GenCollectForAllocation
[2020-01-13T13:35:05.087+0000][1][gc,start     ] GC(8) Pause Young (Allocation Failure)
[2020-01-13T13:35:05.087+0000][1][gc,task      ] GC(8) Using 1 workers of 1 for evacuation
[2020-01-13T13:35:05.104+0000][1][gc,age       ] GC(8) Desired survivor size 4358144 bytes, new threshold 6 (max threshold 6)
[2020-01-13T13:35:05.104+0000][1][gc,age       ] GC(8) Age table with threshold 6 (max threshold 6)
[2020-01-13T13:35:05.104+0000][1][gc,age       ] GC(8) - age   1:    2106552 bytes,    2106552 total
[2020-01-13T13:35:05.104+0000][1][gc,age       ] GC(8) - age   2:    1295712 bytes,    3402264 total
[2020-01-13T13:35:05.104+0000][1][gc,age       ] GC(8) - age   3:     210872 bytes,    3613136 total
[2020-01-13T13:35:05.104+0000][1][gc,heap      ] GC(8) ParNew: 75326K->4869K(76672K)
[2020-01-13T13:35:05.104+0000][1][gc,heap      ] GC(8) CMS: 11424K->13976K(176960K)
[2020-01-13T13:35:05.104+0000][1][gc,metaspace ] GC(8) Metaspace: 20453K->20453K(1069056K)
[2020-01-13T13:35:05.104+0000][1][gc           ] GC(8) Pause Young (Allocation Failure) 84M->18M(247M) 16.352ms
[2020-01-13T13:35:05.104+0000][1][gc,cpu       ] GC(8) User=0.01s Sys=0.00s Real=0.01s
[2020-01-13T13:35:05.104+0000][1][safepoint    ] Leaving safepoint region
[2020-01-13T13:35:05.104+0000][1][safepoint    ] Total time for which application threads were stopped: 0.0178232 seconds, Stopping threads took: 0.0013392 seconds
[2020-01-13T13:35:05.113+0000][1][safepoint    ] Application time: 0.0087889 seconds
[2020-01-13T13:35:05.113+0000][1][safepoint    ] Entering safepoint region: CMS_Initial_Mark
[2020-01-13T13:35:05.113+0000][1][gc,start     ] GC(9) Pause Initial Mark
[2020-01-13T13:35:05.117+0000][1][gc           ] GC(9) Pause Initial Mark 23M->23M(247M) 3.291ms
[2020-01-13T13:35:05.117+0000][1][gc,cpu       ] GC(9) User=0.00s Sys=0.00s Real=0.00s
[2020-01-13T13:35:05.117+0000][1][safepoint    ] Leaving safepoint region
[2020-01-13T13:35:05.117+0000][1][safepoint    ] Total time for which application threads were stopped: 0.0041151 seconds, Stopping threads took: 0.0007166 seconds
[2020-01-13T13:35:05.122+0000][1][gc           ] GC(9) Concurrent Mark
[2020-01-13T13:35:05.157+0000][1][gc           ] GC(9) Concurrent Mark 34.349ms
[2020-01-13T13:35:05.157+0000][1][gc,cpu       ] GC(9) User=0.03s Sys=0.00s Real=0.03s
[2020-01-13T13:35:05.157+0000][1][gc           ] GC(9) Concurrent Preclean
[2020-01-13T13:35:05.158+0000][1][gc           ] GC(9) Concurrent Preclean 1.393ms
[2020-01-13T13:35:05.158+0000][1][gc,cpu       ] GC(9) User=0.00s Sys=0.00s Real=0.01s
[2020-01-13T13:35:05.158+0000][1][gc           ] GC(9) Concurrent Abortable Preclean
[2020-01-13T13:35:05.342+0000][1][safepoint    ] Application time: 0.2249800 seconds
[2020-01-13T13:35:05.342+0000][1][safepoint    ] Entering safepoint region: GenCollectForAllocation
[2020-01-13T13:35:05.342+0000][1][gc,start     ] GC(10) Pause Young (Allocation Failure)
[2020-01-13T13:35:05.342+0000][1][gc,task      ] GC(10) Using 1 workers of 1 for evacuation
[2020-01-13T13:35:05.347+0000][1][gc,age       ] GC(10) Desired survivor size 4358144 bytes, new threshold 6 (max threshold 6)
[2020-01-13T13:35:05.348+0000][1][gc,age       ] GC(10) Age table with threshold 6 (max threshold 6)
[2020-01-13T13:35:05.348+0000][1][gc,age       ] GC(10) - age   1:     631744 bytes,     631744 total
[2020-01-13T13:35:05.348+0000][1][gc,age       ] GC(10) - age   2:     619728 bytes,    1251472 total
[2020-01-13T13:35:05.348+0000][1][gc,age       ] GC(10) - age   3:    1295592 bytes,    2547064 total
[2020-01-13T13:35:05.348+0000][1][gc,age       ] GC(10) - age   4:     210872 bytes,    2757936 total
[2020-01-13T13:35:05.348+0000][1][gc,heap      ] GC(10) ParNew: 73029K->3863K(76672K)
[2020-01-13T13:35:05.348+0000][1][gc,heap      ] GC(10) CMS: 13976K->13976K(176960K)
[2020-01-13T13:35:05.348+0000][1][gc,metaspace ] GC(10) Metaspace: 20562K->20562K(1069056K)
[2020-01-13T13:35:05.348+0000][1][gc           ] GC(10) Pause Young (Allocation Failure) 84M->17M(247M) 5.731ms
[2020-01-13T13:35:05.348+0000][1][gc,cpu       ] GC(10) User=0.01s Sys=0.00s Real=0.01s
[2020-01-13T13:35:05.348+0000][1][safepoint    ] Leaving safepoint region
[2020-01-13T13:35:05.348+0000][1][safepoint    ] Total time for which application threads were stopped: 0.0058588 seconds, Stopping threads took: 0.0000153 seconds
[2020-01-13T13:35:05.549+0000][1][safepoint    ] Application time: 0.2015077 seconds
[2020-01-13T13:35:05.549+0000][1][safepoint    ] Entering safepoint region: GenCollectForAllocation
[2020-01-13T13:35:05.549+0000][1][gc,start     ] GC(11) Pause Young (Allocation Failure)
[2020-01-13T13:35:05.549+0000][1][gc,task      ] GC(11) Using 1 workers of 1 for evacuation
[2020-01-13T13:35:05.567+0000][1][gc,age       ] GC(11) Desired survivor size 4358144 bytes, new threshold 5 (max threshold 6)
[2020-01-13T13:35:05.567+0000][1][gc,age       ] GC(11) Age table with threshold 5 (max threshold 6)
[2020-01-13T13:35:05.567+0000][1][gc,age       ] GC(11) - age   1:    2210344 bytes,    2210344 total
[2020-01-13T13:35:05.567+0000][1][gc,age       ] GC(11) - age   2:     135208 bytes,    2345552 total
[2020-01-13T13:35:05.567+0000][1][gc,age       ] GC(11) - age   3:     619680 bytes,    2965232 total
[2020-01-13T13:35:05.567+0000][1][gc,age       ] GC(11) - age   4:    1295488 bytes,    4260720 total
[2020-01-13T13:35:05.567+0000][1][gc,age       ] GC(11) - age   5:     210728 bytes,    4471448 total
[2020-01-13T13:35:05.567+0000][1][gc,heap      ] GC(11) ParNew: 72023K->5971K(76672K)
[2020-01-13T13:35:05.567+0000][1][gc,heap      ] GC(11) CMS: 13976K->13976K(176960K)
[2020-01-13T13:35:05.567+0000][1][gc,metaspace ] GC(11) Metaspace: 20640K->20640K(1069056K)
[2020-01-13T13:35:05.567+0000][1][gc           ] GC(11) Pause Young (Allocation Failure) 83M->19M(247M) 18.103ms
[2020-01-13T13:35:05.567+0000][1][gc,cpu       ] GC(11) User=0.02s Sys=0.00s Real=0.02s
[2020-01-13T13:35:05.567+0000][1][safepoint    ] Leaving safepoint region
[2020-01-13T13:35:05.567+0000][1][safepoint    ] Total time for which application threads were stopped: 0.0182696 seconds, Stopping threads took: 0.0000279 seconds
[2020-01-13T13:35:05.567+0000][1][gc           ] GC(9) Concurrent Abortable Preclean 409.334ms
[2020-01-13T13:35:05.567+0000][1][gc,cpu       ] GC(9) User=0.40s Sys=0.01s Real=0.41s
[2020-01-13T13:35:05.571+0000][1][safepoint    ] Application time: 0.0038219 seconds
[2020-01-13T13:35:05.571+0000][1][safepoint    ] Entering safepoint region: CMS_Final_Remark
[2020-01-13T13:35:05.571+0000][1][gc,start     ] GC(9) Pause Remark
[2020-01-13T13:35:05.590+0000][1][gc           ] GC(9) Pause Remark 22M->22M(247M) 18.434ms
[2020-01-13T13:35:05.590+0000][1][gc,cpu       ] GC(9) User=0.02s Sys=0.00s Real=0.02s
[2020-01-13T13:35:05.590+0000][1][safepoint    ] Leaving safepoint region
[2020-01-13T13:35:05.590+0000][1][safepoint    ] Total time for which application threads were stopped: 0.0186050 seconds, Stopping threads took: 0.0000111 seconds
[2020-01-13T13:35:05.605+0000][1][gc           ] GC(9) Concurrent Sweep
[2020-01-13T13:35:05.611+0000][1][gc           ] GC(9) Concurrent Sweep 5.600ms
[2020-01-13T13:35:05.611+0000][1][gc,cpu       ] GC(9) User=0.00s Sys=0.00s Real=0.01s
[2020-01-13T13:35:05.611+0000][1][gc           ] GC(9) Concurrent Reset
[2020-01-13T13:35:05.611+0000][1][gc           ] GC(9) Concurrent Reset 0.448ms
[2020-01-13T13:35:05.611+0000][1][gc,cpu       ] GC(9) User=0.00s Sys=0.00s Real=0.00s
[2020-01-13T13:35:05.611+0000][1][gc,heap      ] GC(9) Old: 13976K->13949K(176960K)
[2020-01-13T13:35:05.748+0000][1][safepoint    ] Application time: 0.1581460 seconds
[2020-01-13T13:35:05.751+0000][1][safepoint    ] Entering safepoint region: Deoptimize
[2020-01-13T13:35:05.752+0000][1][safepoint    ] Leaving safepoint region
[2020-01-13T13:35:05.752+0000][1][safepoint    ] Total time for which application threads were stopped: 0.0043622 seconds, Stopping threads took: 0.0031776 seconds
[2020-01-13T13:35:05.763+0000][1][safepoint    ] Application time: 0.0108211 seconds
[2020-01-13T13:35:05.767+0000][1][safepoint    ] Entering safepoint region: Deoptimize
[2020-01-13T13:35:05.768+0000][1][safepoint    ] Leaving safepoint region
[2020-01-13T13:35:05.768+0000][1][safepoint    ] Total time for which application threads were stopped: 0.0044791 seconds, Stopping threads took: 0.0039545 seconds
[2020-01-13T13:35:06.513+0000][1][safepoint    ] Application time: 0.7455937 seconds
[2020-01-13T13:35:06.513+0000][1][safepoint    ] Entering safepoint region: GenCollectForAllocation
[2020-01-13T13:35:06.514+0000][1][gc,start     ] GC(12) Pause Young (Allocation Failure)
[2020-01-13T13:35:06.514+0000][1][gc,task      ] GC(12) Using 1 workers of 1 for evacuation
[2020-01-13T13:35:06.528+0000][1][gc,age       ] GC(12) Desired survivor size 4358144 bytes, new threshold 6 (max threshold 6)
[2020-01-13T13:35:06.528+0000][1][gc,age       ] GC(12) Age table with threshold 6 (max threshold 6)
[2020-01-13T13:35:06.528+0000][1][gc,age       ] GC(12) - age   1:    1198728 bytes,    1198728 total
[2020-01-13T13:35:06.528+0000][1][gc,age       ] GC(12) - age   2:     262584 bytes,    1461312 total
[2020-01-13T13:35:06.528+0000][1][gc,age       ] GC(12) - age   3:     135096 bytes,    1596408 total
[2020-01-13T13:35:06.528+0000][1][gc,age       ] GC(12) - age   4:     619584 bytes,    2215992 total
[2020-01-13T13:35:06.528+0000][1][gc,age       ] GC(12) - age   5:    1295424 bytes,    3511416 total
[2020-01-13T13:35:06.528+0000][1][gc,heap      ] GC(12) ParNew: 74131K->4021K(76672K)
[2020-01-13T13:35:06.528+0000][1][gc,heap      ] GC(12) CMS: 13949K->14161K(176960K)
[2020-01-13T13:35:06.528+0000][1][gc,metaspace ] GC(12) Metaspace: 23646K->23646K(1071104K)
[2020-01-13T13:35:06.528+0000][1][gc           ] GC(12) Pause Young (Allocation Failure) 86M->17M(247M) 14.023ms
[2020-01-13T13:35:06.528+0000][1][gc,cpu       ] GC(12) User=0.02s Sys=0.00s Real=0.02s
[2020-01-13T13:35:06.528+0000][1][safepoint    ] Leaving safepoint region
[2020-01-13T13:35:06.528+0000][1][safepoint    ] Total time for which application threads were stopped: 0.0144703 seconds, Stopping threads took: 0.0000254 seconds
[2020-01-13T13:35:06.532+0000][1][safepoint    ] Application time: 0.0040321 seconds
[2020-01-13T13:35:06.532+0000][1][safepoint    ] Entering safepoint region: RevokeBias
[2020-01-13T13:35:06.532+0000][1][safepoint    ] Leaving safepoint region
[2020-01-13T13:35:06.532+0000][1][safepoint    ] Total time for which application threads were stopped: 0.0001054 seconds, Stopping threads took: 0.0000102 seconds
[2020-01-13T13:35:06.778+0000][1][safepoint    ] Application time: 0.2454089 seconds
[2020-01-13T13:35:06.778+0000][1][safepoint    ] Entering safepoint region: Deoptimize
[2020-01-13T13:35:06.778+0000][1][safepoint    ] Leaving safepoint region
[2020-01-13T13:35:06.778+0000][1][safepoint    ] Total time for which application threads were stopped: 0.0005949 seconds, Stopping threads took: 0.0000237 seconds
[2020-01-13T13:35:06.799+0000][1][safepoint    ] Application time: 0.0203375 seconds
[2020-01-13T13:35:06.802+0000][1][safepoint    ] Entering safepoint region: Deoptimize
[2020-01-13T13:35:06.803+0000][1][safepoint    ] Leaving safepoint region
[2020-01-13T13:35:06.803+0000][1][safepoint    ] Total time for which application threads were stopped: 0.0042606 seconds, Stopping threads took: 0.0037389 seconds
[2020-01-13T13:35:06.808+0000][1][safepoint    ] Application time: 0.0052428 seconds
[2020-01-13T13:35:06.808+0000][1][safepoint    ] Entering safepoint region: Deoptimize
[2020-01-13T13:35:06.809+0000][1][safepoint    ] Leaving safepoint region
[2020-01-13T13:35:06.809+0000][1][safepoint    ] Total time for which application threads were stopped: 0.0005274 seconds, Stopping threads took: 0.0000191 seconds
[2020-01-13T13:35:07.600+0000][1][safepoint    ] Application time: 0.7909970 seconds
[2020-01-13T13:35:07.600+0000][1][safepoint    ] Entering safepoint region: RevokeBias
[2020-01-13T13:35:07.600+0000][1][safepoint    ] Leaving safepoint region
[2020-01-13T13:35:07.600+0000][1][safepoint    ] Total time for which application threads were stopped: 0.0003978 seconds, Stopping threads took: 0.0000274 seconds
[2020-01-13T13:35:08.018+0000][1][safepoint    ] Application time: 0.4174998 seconds
[2020-01-13T13:35:08.018+0000][1][safepoint    ] Entering safepoint region: GenCollectForAllocation
[2020-01-13T13:35:08.018+0000][1][gc,start     ] GC(13) Pause Young (Allocation Failure)
[2020-01-13T13:35:08.018+0000][1][gc,task      ] GC(13) Using 1 workers of 1 for evacuation
[2020-01-13T13:35:08.086+0000][1][gc,age       ] GC(13) Desired survivor size 4358144 bytes, new threshold 1 (max threshold 6)
[2020-01-13T13:35:08.086+0000][1][gc,age       ] GC(13) Age table with threshold 1 (max threshold 6)
[2020-01-13T13:35:08.086+0000][1][gc,age       ] GC(13) - age   1:    5855672 bytes,    5855672 total
[2020-01-13T13:35:08.086+0000][1][gc,age       ] GC(13) - age   2:     631408 bytes,    6487080 total
[2020-01-13T13:35:08.086+0000][1][gc,age       ] GC(13) - age   3:     253400 bytes,    6740480 total
[2020-01-13T13:35:08.086+0000][1][gc,age       ] GC(13) - age   4:     127152 bytes,    6867632 total
[2020-01-13T13:35:08.086+0000][1][gc,age       ] GC(13) - age   5:     563800 bytes,    7431432 total
[2020-01-13T13:35:08.086+0000][1][gc,age       ] GC(13) - age   6:    1284784 bytes,    8716216 total
[2020-01-13T13:35:08.086+0000][1][gc,heap      ] GC(13) ParNew: 72181K->8512K(76672K)
[2020-01-13T13:35:08.086+0000][1][gc,heap      ] GC(13) CMS: 14161K->23217K(176960K)
[2020-01-13T13:35:08.086+0000][1][gc,metaspace ] GC(13) Metaspace: 27068K->27068K(1075200K)
[2020-01-13T13:35:08.086+0000][1][gc           ] GC(13) Pause Young (Allocation Failure) 84M->30M(247M) 68.293ms
[2020-01-13T13:35:08.086+0000][1][gc,cpu       ] GC(13) User=0.07s Sys=0.00s Real=0.06s
[2020-01-13T13:35:08.086+0000][1][safepoint    ] Leaving safepoint region
[2020-01-13T13:35:08.086+0000][1][safepoint    ] Total time for which application threads were stopped: 0.0684478 seconds, Stopping threads took: 0.0000247 seconds
[2020-01-13T13:35:08.977+0000][1][safepoint    ] Application time: 0.8904967 seconds
[2020-01-13T13:35:08.977+0000][1][safepoint    ] Entering safepoint region: GenCollectForAllocation
[2020-01-13T13:35:08.977+0000][1][gc,start     ] GC(14) Pause Young (Allocation Failure)
[2020-01-13T13:35:08.977+0000][1][gc,task      ] GC(14) Using 1 workers of 1 for evacuation
[2020-01-13T13:35:09.133+0000][1][gc,age       ] GC(14) Desired survivor size 4358144 bytes, new threshold 1 (max threshold 6)
[2020-01-13T13:35:09.133+0000][1][gc,age       ] GC(14) Age table with threshold 1 (max threshold 6)
[2020-01-13T13:35:09.133+0000][1][gc,age       ] GC(14) - age   1:    8716216 bytes,    8716216 total
[2020-01-13T13:35:09.133+0000][1][gc,heap      ] GC(14) ParNew: 76672K->8512K(76672K)
[2020-01-13T13:35:09.133+0000][1][gc,heap      ] GC(14) CMS: 23217K->35383K(176960K)
[2020-01-13T13:35:09.133+0000][1][gc,metaspace ] GC(14) Metaspace: 27204K->27204K(1075200K)
[2020-01-13T13:35:09.133+0000][1][gc           ] GC(14) Pause Young (Allocation Failure) 97M->42M(247M) 156.673ms
[2020-01-13T13:35:09.133+0000][1][gc,cpu       ] GC(14) User=0.16s Sys=0.00s Real=0.16s
[2020-01-13T13:35:09.133+0000][1][safepoint    ] Leaving safepoint region
[2020-01-13T13:35:09.133+0000][1][safepoint    ] Total time for which application threads were stopped: 0.1568377 seconds, Stopping threads took: 0.0000276 seconds
[2020-01-13T13:35:10.142+0000][1][safepoint    ] Application time: 1.0088700 seconds
[2020-01-13T13:35:10.144+0000][1][safepoint    ] Entering safepoint region: Cleanup
[2020-01-13T13:35:10.144+0000][1][safepoint    ] Leaving safepoint region
[2020-01-13T13:35:10.144+0000][1][safepoint    ] Total time for which application threads were stopped: 0.0020801 seconds, Stopping threads took: 0.0019925 seconds
[2020-01-13T13:35:10.146+0000][1][safepoint    ] Application time: 0.0017194 seconds
[2020-01-13T13:35:10.149+0000][1][safepoint    ] Entering safepoint region: GenCollectForAllocation
[2020-01-13T13:35:10.149+0000][1][gc,start     ] GC(15) Pause Young (Allocation Failure)
[2020-01-13T13:35:10.149+0000][1][gc,task      ] GC(15) Using 1 workers of 1 for evacuation
[2020-01-13T13:35:10.253+0000][1][gc,age       ] GC(15) Desired survivor size 4358144 bytes, new threshold 1 (max threshold 6)
[2020-01-13T13:35:10.253+0000][1][gc,age       ] GC(15) Age table with threshold 1 (max threshold 6)
[2020-01-13T13:35:10.253+0000][1][gc,age       ] GC(15) - age   1:    8716232 bytes,    8716232 total
[2020-01-13T13:35:10.253+0000][1][gc,heap      ] GC(15) ParNew: 76672K->8512K(76672K)
[2020-01-13T13:35:10.253+0000][1][gc,heap      ] GC(15) CMS: 35383K->45757K(176960K)
[2020-01-13T13:35:10.253+0000][1][gc,metaspace ] GC(15) Metaspace: 29767K->29767K(1077248K)
[2020-01-13T13:35:10.253+0000][1][gc           ] GC(15) Pause Young (Allocation Failure) 109M->52M(247M) 103.416ms
[2020-01-13T13:35:10.253+0000][1][gc,cpu       ] GC(15) User=0.10s Sys=0.01s Real=0.10s
[2020-01-13T13:35:10.253+0000][1][safepoint    ] Leaving safepoint region
[2020-01-13T13:35:10.253+0000][1][safepoint    ] Total time for which application threads were stopped: 0.1066289 seconds, Stopping threads took: 0.0030834 seconds
[2020-01-13T13:35:10.823+0000][1][safepoint    ] Application time: 0.5700504 seconds
[2020-01-13T13:35:10.823+0000][1][safepoint    ] Entering safepoint region: GenCollectForAllocation
[2020-01-13T13:35:10.823+0000][1][gc,start     ] GC(16) Pause Young (Allocation Failure)
[2020-01-13T13:35:10.823+0000][1][gc,task      ] GC(16) Using 1 workers of 1 for evacuation
[2020-01-13T13:35:10.857+0000][1][gc,age       ] GC(16) Desired survivor size 4358144 bytes, new threshold 6 (max threshold 6)
[2020-01-13T13:35:10.857+0000][1][gc,age       ] GC(16) Age table with threshold 6 (max threshold 6)
[2020-01-13T13:35:10.857+0000][1][gc,age       ] GC(16) - age   1:    1172360 bytes,    1172360 total
[2020-01-13T13:35:10.857+0000][1][gc,heap      ] GC(16) ParNew: 76672K->8434K(76672K)
[2020-01-13T13:35:10.857+0000][1][gc,heap      ] GC(16) CMS: 45757K->54331K(176960K)
[2020-01-13T13:35:10.857+0000][1][gc,metaspace ] GC(16) Metaspace: 32915K->32915K(1079296K)
[2020-01-13T13:35:10.857+0000][1][gc           ] GC(16) Pause Young (Allocation Failure) 119M->61M(247M) 33.928ms
[2020-01-13T13:35:10.857+0000][1][gc,cpu       ] GC(16) User=0.03s Sys=0.00s Real=0.03s
[2020-01-13T13:35:10.857+0000][1][safepoint    ] Leaving safepoint region
[2020-01-13T13:35:10.857+0000][1][safepoint    ] Total time for which application threads were stopped: 0.0341329 seconds, Stopping threads took: 0.0000268 seconds
[2020-01-13T13:35:11.336+0000][1][safepoint    ] Application time: 0.4790987 seconds
[2020-01-13T13:35:11.336+0000][1][safepoint    ] Entering safepoint region: CollectForMetadataAllocation
[2020-01-13T13:35:11.336+0000][1][safepoint    ] Leaving safepoint region
[2020-01-13T13:35:11.337+0000][1][safepoint    ] Total time for which application threads were stopped: 0.0002951 seconds, Stopping threads took: 0.0000304 seconds
[2020-01-13T13:35:11.386+0000][1][safepoint    ] Application time: 0.0496143 seconds
[2020-01-13T13:35:11.387+0000][1][safepoint    ] Entering safepoint region: CollectForMetadataAllocation
[2020-01-13T13:35:11.387+0000][1][safepoint    ] Leaving safepoint region
[2020-01-13T13:35:11.387+0000][1][safepoint    ] Total time for which application threads were stopped: 0.0009577 seconds, Stopping threads took: 0.0007477 seconds
[2020-01-13T13:35:11.427+0000][1][safepoint    ] Application time: 0.0395700 seconds
[2020-01-13T13:35:11.427+0000][1][safepoint    ] Entering safepoint region: CollectForMetadataAllocation
[2020-01-13T13:35:11.427+0000][1][safepoint    ] Leaving safepoint region
[2020-01-13T13:35:11.427+0000][1][safepoint    ] Total time for which application threads were stopped: 0.0002434 seconds, Stopping threads took: 0.0000246 seconds
[2020-01-13T13:35:11.455+0000][1][safepoint    ] Application time: 0.0277671 seconds
[2020-01-13T13:35:11.455+0000][1][safepoint    ] Entering safepoint region: CollectForMetadataAllocation
[2020-01-13T13:35:11.455+0000][1][safepoint    ] Leaving safepoint region
[2020-01-13T13:35:11.455+0000][1][safepoint    ] Total time for which application threads were stopped: 0.0001538 seconds, Stopping threads took: 0.0000274 seconds
[2020-01-13T13:35:11.497+0000][1][safepoint    ] Application time: 0.0416272 seconds
[2020-01-13T13:35:11.497+0000][1][safepoint    ] Entering safepoint region: CollectForMetadataAllocation
[2020-01-13T13:35:11.497+0000][1][safepoint    ] Leaving safepoint region
[2020-01-13T13:35:11.497+0000][1][safepoint    ] Total time for which application threads were stopped: 0.0003465 seconds, Stopping threads took: 0.0001347 seconds
[2020-01-13T13:35:11.547+0000][1][safepoint    ] Application time: 0.0502607 seconds
[2020-01-13T13:35:11.547+0000][1][safepoint    ] Entering safepoint region: CollectForMetadataAllocation
[2020-01-13T13:35:11.547+0000][1][safepoint    ] Leaving safepoint region
[2020-01-13T13:35:11.547+0000][1][safepoint    ] Total time for which application threads were stopped: 0.0001955 seconds, Stopping threads took: 0.0000389 seconds
[2020-01-13T13:35:11.585+0000][1][safepoint    ] Application time: 0.0379804 seconds
[2020-01-13T13:35:11.586+0000][1][safepoint    ] Entering safepoint region: CollectForMetadataAllocation
[2020-01-13T13:35:11.586+0000][1][safepoint    ] Leaving safepoint region
[2020-01-13T13:35:11.586+0000][1][safepoint    ] Total time for which application threads were stopped: 0.0003008 seconds, Stopping threads took: 0.0000236 seconds
[2020-01-13T13:35:11.633+0000][1][safepoint    ] Application time: 0.0475937 seconds
[2020-01-13T13:35:11.637+0000][1][safepoint    ] Entering safepoint region: CollectForMetadataAllocation
[2020-01-13T13:35:11.637+0000][1][safepoint    ] Leaving safepoint region
[2020-01-13T13:35:11.637+0000][1][safepoint    ] Total time for which application threads were stopped: 0.0039813 seconds, Stopping threads took: 0.0038344 seconds
[2020-01-13T13:35:11.676+0000][1][safepoint    ] Application time: 0.0390106 seconds
[2020-01-13T13:35:11.677+0000][1][safepoint    ] Entering safepoint region: CollectForMetadataAllocation
[2020-01-13T13:35:11.677+0000][1][safepoint    ] Leaving safepoint region
[2020-01-13T13:35:11.677+0000][1][safepoint    ] Total time for which application threads were stopped: 0.0002204 seconds, Stopping threads took: 0.0000227 seconds
[2020-01-13T13:35:11.706+0000][1][safepoint    ] Application time: 0.0291316 seconds
[2020-01-13T13:35:11.706+0000][1][safepoint    ] Entering safepoint region: RevokeBias
[2020-01-13T13:35:11.706+0000][1][safepoint    ] Leaving safepoint region
[2020-01-13T13:35:11.706+0000][1][safepoint    ] Total time for which application threads were stopped: 0.0001229 seconds, Stopping threads took: 0.0000203 seconds
[2020-01-13T13:35:11.710+0000][1][safepoint    ] Application time: 0.0039820 seconds
[2020-01-13T13:35:11.710+0000][1][safepoint    ] Entering safepoint region: CollectForMetadataAllocation
[2020-01-13T13:35:11.710+0000][1][safepoint    ] Leaving safepoint region
[2020-01-13T13:35:11.710+0000][1][safepoint    ] Total time for which application threads were stopped: 0.0002319 seconds, Stopping threads took: 0.0000274 seconds
[2020-01-13T13:35:11.748+0000][1][safepoint    ] Application time: 0.0378286 seconds
[2020-01-13T13:35:11.749+0000][1][safepoint    ] Entering safepoint region: RevokeBias
[2020-01-13T13:35:11.749+0000][1][safepoint    ] Leaving safepoint region
[2020-01-13T13:35:11.749+0000][1][safepoint    ] Total time for which application threads were stopped: 0.0012524 seconds, Stopping threads took: 0.0011427 seconds
[2020-01-13T13:35:11.770+0000][1][safepoint    ] Application time: 0.0209583 seconds
[2020-01-13T13:35:11.770+0000][1][safepoint    ] Entering safepoint region: CollectForMetadataAllocation
[2020-01-13T13:35:11.771+0000][1][safepoint    ] Leaving safepoint region
[2020-01-13T13:35:11.771+0000][1][safepoint    ] Total time for which application threads were stopped: 0.0001698 seconds, Stopping threads took: 0.0000239 seconds
[2020-01-13T13:35:11.812+0000][1][safepoint    ] Application time: 0.0418027 seconds
[2020-01-13T13:35:11.813+0000][1][safepoint    ] Entering safepoint region: CollectForMetadataAllocation
[2020-01-13T13:35:11.813+0000][1][safepoint    ] Leaving safepoint region
[2020-01-13T13:35:11.813+0000][1][safepoint    ] Total time for which application threads were stopped: 0.0005969 seconds, Stopping threads took: 0.0003840 seconds
[2020-01-13T13:35:11.862+0000][1][safepoint    ] Application time: 0.0485694 seconds
[2020-01-13T13:35:11.862+0000][1][safepoint    ] Entering safepoint region: CollectForMetadataAllocation
[2020-01-13T13:35:11.862+0000][1][safepoint    ] Leaving safepoint region
[2020-01-13T13:35:11.862+0000][1][safepoint    ] Total time for which application threads were stopped: 0.0002347 seconds, Stopping threads took: 0.0000232 seconds
[2020-01-13T13:35:11.890+0000][1][safepoint    ] Application time: 0.0283121 seconds
[2020-01-13T13:35:11.894+0000][1][safepoint    ] Entering safepoint region: CollectForMetadataAllocation
[2020-01-13T13:35:11.895+0000][1][safepoint    ] Leaving safepoint region
[2020-01-13T13:35:11.895+0000][1][safepoint    ] Total time for which application threads were stopped: 0.0042510 seconds, Stopping threads took: 0.0040335 seconds
[2020-01-13T13:35:11.929+0000][1][safepoint    ] Application time: 0.0342893 seconds
[2020-01-13T13:35:11.929+0000][1][safepoint    ] Entering safepoint region: CollectForMetadataAllocation
[2020-01-13T13:35:11.929+0000][1][safepoint    ] Leaving safepoint region
[2020-01-13T13:35:11.929+0000][1][safepoint    ] Total time for which application threads were stopped: 0.0002281 seconds, Stopping threads took: 0.0000304 seconds
[2020-01-13T13:35:11.985+0000][1][safepoint    ] Application time: 0.0563075 seconds
[2020-01-13T13:35:11.985+0000][1][safepoint    ] Entering safepoint region: CollectForMetadataAllocation
[2020-01-13T13:35:11.986+0000][1][safepoint    ] Leaving safepoint region
[2020-01-13T13:35:11.986+0000][1][safepoint    ] Total time for which application threads were stopped: 0.0002404 seconds, Stopping threads took: 0.0000504 seconds
[2020-01-13T13:35:12.024+0000][1][safepoint    ] Application time: 0.0384033 seconds
[2020-01-13T13:35:12.024+0000][1][safepoint    ] Entering safepoint region: CollectForMetadataAllocation
[2020-01-13T13:35:12.024+0000][1][safepoint    ] Leaving safepoint region
[2020-01-13T13:35:12.024+0000][1][safepoint    ] Total time for which application threads were stopped: 0.0002271 seconds, Stopping threads took: 0.0000236 seconds
[2020-01-13T13:35:12.045+0000][1][safepoint    ] Application time: 0.0203675 seconds
[2020-01-13T13:35:12.046+0000][1][safepoint    ] Entering safepoint region: CollectForMetadataAllocation
[2020-01-13T13:35:12.046+0000][1][safepoint    ] Leaving safepoint region
[2020-01-13T13:35:12.046+0000][1][safepoint    ] Total time for which application threads were stopped: 0.0010130 seconds, Stopping threads took: 0.0008193 seconds
[2020-01-13T13:35:12.079+0000][1][safepoint    ] Application time: 0.0330339 seconds
[2020-01-13T13:35:12.079+0000][1][safepoint    ] Entering safepoint region: CollectForMetadataAllocation
[2020-01-13T13:35:12.079+0000][1][safepoint    ] Leaving safepoint region
[2020-01-13T13:35:12.079+0000][1][safepoint    ] Total time for which application threads were stopped: 0.0006260 seconds, Stopping threads took: 0.0004306 seconds
[2020-01-13T13:35:12.105+0000][1][safepoint    ] Application time: 0.0256234 seconds
[2020-01-13T13:35:12.105+0000][1][safepoint    ] Entering safepoint region: CollectForMetadataAllocation
[2020-01-13T13:35:12.105+0000][1][safepoint    ] Leaving safepoint region
[2020-01-13T13:35:12.105+0000][1][safepoint    ] Total time for which application threads were stopped: 0.0002207 seconds, Stopping threads took: 0.0000211 seconds
[2020-01-13T13:35:12.125+0000][1][safepoint    ] Application time: 0.0192509 seconds
[2020-01-13T13:35:12.125+0000][1][safepoint    ] Entering safepoint region: GenCollectForAllocation
[2020-01-13T13:35:12.125+0000][1][gc,start     ] GC(17) Pause Young (Allocation Failure)
[2020-01-13T13:35:12.125+0000][1][gc,task      ] GC(17) Using 1 workers of 1 for evacuation
[2020-01-13T13:35:12.140+0000][1][gc,age       ] GC(17) Desired survivor size 4358144 bytes, new threshold 6 (max threshold 6)
[2020-01-13T13:35:12.140+0000][1][gc,age       ] GC(17) Age table with threshold 6 (max threshold 6)
[2020-01-13T13:35:12.140+0000][1][gc,age       ] GC(17) - age   1:    2906808 bytes,    2906808 total
[2020-01-13T13:35:12.140+0000][1][gc,age       ] GC(17) - age   2:    1114728 bytes,    4021536 total
[2020-01-13T13:35:12.140+0000][1][gc,heap      ] GC(17) ParNew: 76594K->4646K(76672K)
[2020-01-13T13:35:12.140+0000][1][gc,heap      ] GC(17) CMS: 54331K->54331K(176960K)
[2020-01-13T13:35:12.140+0000][1][gc,metaspace ] GC(17) Metaspace: 39968K->39968K(1085440K)
[2020-01-13T13:35:12.140+0000][1][gc           ] GC(17) Pause Young (Allocation Failure) 127M->57M(247M) 15.536ms
[2020-01-13T13:35:12.140+0000][1][gc,cpu       ] GC(17) User=0.02s Sys=0.00s Real=0.02s
[2020-01-13T13:35:12.140+0000][1][safepoint    ] Leaving safepoint region
[2020-01-13T13:35:12.140+0000][1][safepoint    ] Total time for which application threads were stopped: 0.0156642 seconds, Stopping threads took: 0.0000218 seconds
[2020-01-13T13:35:12.148+0000][1][safepoint    ] Application time: 0.0079527 seconds
[2020-01-13T13:35:12.148+0000][1][safepoint    ] Entering safepoint region: CMS_Initial_Mark
[2020-01-13T13:35:12.148+0000][1][gc,start     ] GC(18) Pause Initial Mark
[2020-01-13T13:35:12.153+0000][1][gc           ] GC(18) Pause Initial Mark 58M->58M(247M) 4.353ms
[2020-01-13T13:35:12.153+0000][1][gc,cpu       ] GC(18) User=0.00s Sys=0.00s Real=0.00s
[2020-01-13T13:35:12.153+0000][1][safepoint    ] Leaving safepoint region
[2020-01-13T13:35:12.153+0000][1][safepoint    ] Total time for which application threads were stopped: 0.0044645 seconds, Stopping threads took: 0.0000305 seconds
[2020-01-13T13:35:12.160+0000][1][gc           ] GC(18) Concurrent Mark
[2020-01-13T13:35:12.165+0000][1][safepoint    ] Application time: 0.0125022 seconds
[2020-01-13T13:35:12.165+0000][1][safepoint    ] Entering safepoint region: CollectForMetadataAllocation
[2020-01-13T13:35:12.165+0000][1][safepoint    ] Leaving safepoint region
[2020-01-13T13:35:12.165+0000][1][safepoint    ] Total time for which application threads were stopped: 0.0001897 seconds, Stopping threads took: 0.0000095 seconds
[2020-01-13T13:35:12.215+0000][1][safepoint    ] Application time: 0.0498034 seconds
[2020-01-13T13:35:12.216+0000][1][safepoint    ] Entering safepoint region: CollectForMetadataAllocation
[2020-01-13T13:35:12.217+0000][1][safepoint    ] Leaving safepoint region
[2020-01-13T13:35:12.217+0000][1][safepoint    ] Total time for which application threads were stopped: 0.0011915 seconds, Stopping threads took: 0.0009694 seconds
[2020-01-13T13:35:12.322+0000][1][gc           ] GC(18) Concurrent Mark 162.140ms
[2020-01-13T13:35:12.322+0000][1][gc,cpu       ] GC(18) User=0.16s Sys=0.00s Real=0.16s
[2020-01-13T13:35:12.322+0000][1][gc           ] GC(18) Concurrent Preclean
[2020-01-13T13:35:12.324+0000][1][gc           ] GC(18) Concurrent Preclean 1.062ms
[2020-01-13T13:35:12.324+0000][1][gc,cpu       ] GC(18) User=0.00s Sys=0.00s Real=0.00s
[2020-01-13T13:35:12.324+0000][1][gc           ] GC(18) Concurrent Abortable Preclean
[2020-01-13T13:35:12.328+0000][1][safepoint    ] Application time: 0.1117606 seconds
[2020-01-13T13:35:12.328+0000][1][safepoint    ] Entering safepoint region: CollectForMetadataAllocation
[2020-01-13T13:35:12.329+0000][1][safepoint    ] Leaving safepoint region
[2020-01-13T13:35:12.329+0000][1][safepoint    ] Total time for which application threads were stopped: 0.0002220 seconds, Stopping threads took: 0.0000143 seconds
[2020-01-13T13:35:12.373+0000][1][safepoint    ] Application time: 0.0442887 seconds
[2020-01-13T13:35:12.373+0000][1][safepoint    ] Entering safepoint region: CollectForMetadataAllocation
[2020-01-13T13:35:12.373+0000][1][safepoint    ] Leaving safepoint region
[2020-01-13T13:35:12.373+0000][1][safepoint    ] Total time for which application threads were stopped: 0.0001700 seconds, Stopping threads took: 0.0000365 seconds
[2020-01-13T13:35:12.453+0000][1][safepoint    ] Application time: 0.0804165 seconds
[2020-01-13T13:35:12.455+0000][1][safepoint    ] Entering safepoint region: CollectForMetadataAllocation
[2020-01-13T13:35:12.455+0000][1][safepoint    ] Leaving safepoint region
[2020-01-13T13:35:12.455+0000][1][safepoint    ] Total time for which application threads were stopped: 0.0012183 seconds, Stopping threads took: 0.0010286 seconds
[2020-01-13T13:35:12.519+0000][1][safepoint    ] Application time: 0.0640183 seconds
[2020-01-13T13:35:12.519+0000][1][safepoint    ] Entering safepoint region: CollectForMetadataAllocation
[2020-01-13T13:35:12.519+0000][1][safepoint    ] Leaving safepoint region
[2020-01-13T13:35:12.519+0000][1][safepoint    ] Total time for which application threads were stopped: 0.0002195 seconds, Stopping threads took: 0.0000116 seconds
[2020-01-13T13:35:12.538+0000][1][safepoint    ] Application time: 0.0185753 seconds
[2020-01-13T13:35:12.538+0000][1][safepoint    ] Entering safepoint region: RevokeBias
[2020-01-13T13:35:12.538+0000][1][safepoint    ] Leaving safepoint region
[2020-01-13T13:35:12.538+0000][1][safepoint    ] Total time for which application threads were stopped: 0.0006794 seconds, Stopping threads took: 0.0005873 seconds
[2020-01-13T13:35:12.538+0000][1][safepoint    ] Application time: 0.0000525 seconds
[2020-01-13T13:35:12.538+0000][1][safepoint    ] Entering safepoint region: RevokeBias
[2020-01-13T13:35:12.538+0000][1][safepoint    ] Leaving safepoint region
[2020-01-13T13:35:12.538+0000][1][safepoint    ] Total time for which application threads were stopped: 0.0000439 seconds, Stopping threads took: 0.0000145 seconds
[2020-01-13T13:35:12.539+0000][1][safepoint    ] Application time: 0.0001144 seconds
[2020-01-13T13:35:12.539+0000][1][safepoint    ] Entering safepoint region: RevokeBias
[2020-01-13T13:35:12.539+0000][1][safepoint    ] Leaving safepoint region
[2020-01-13T13:35:12.539+0000][1][safepoint    ] Total time for which application threads were stopped: 0.0000433 seconds, Stopping threads took: 0.0000144 seconds
[2020-01-13T13:35:12.577+0000][1][safepoint    ] Application time: 0.0386700 seconds
[2020-01-13T13:35:12.577+0000][1][safepoint    ] Entering safepoint region: CollectForMetadataAllocation
[2020-01-13T13:35:12.578+0000][1][safepoint    ] Leaving safepoint region
[2020-01-13T13:35:12.578+0000][1][safepoint    ] Total time for which application threads were stopped: 0.0002152 seconds, Stopping threads took: 0.0000121 seconds
[2020-01-13T13:35:13.578+0000][1][safepoint    ] Application time: 1.0000751 seconds
[2020-01-13T13:35:13.580+0000][1][safepoint    ] Entering safepoint region: Cleanup
[2020-01-13T13:35:13.580+0000][1][safepoint    ] Leaving safepoint region
[2020-01-13T13:35:13.580+0000][1][safepoint    ] Total time for which application threads were stopped: 0.0020493 seconds, Stopping threads took: 0.0019903 seconds
[2020-01-13T13:35:13.587+0000][1][safepoint    ] Application time: 0.0075543 seconds
[2020-01-13T13:35:13.587+0000][1][safepoint    ] Entering safepoint region: CollectForMetadataAllocation
[2020-01-13T13:35:13.588+0000][1][safepoint    ] Leaving safepoint region
[2020-01-13T13:35:13.588+0000][1][safepoint    ] Total time for which application threads were stopped: 0.0002239 seconds, Stopping threads took: 0.0000261 seconds
[2020-01-13T13:35:14.158+0000][1][safepoint    ] Application time: 0.5707366 seconds
[2020-01-13T13:35:14.158+0000][1][safepoint    ] Entering safepoint region: CollectForMetadataAllocation
[2020-01-13T13:35:14.159+0000][1][safepoint    ] Leaving safepoint region
[2020-01-13T13:35:14.159+0000][1][safepoint    ] Total time for which application threads were stopped: 0.0002386 seconds, Stopping threads took: 0.0000115 seconds
[2020-01-13T13:35:14.331+0000][1][safepoint    ] Application time: 0.1727086 seconds
[2020-01-13T13:35:14.331+0000][1][safepoint    ] Entering safepoint region: CollectForMetadataAllocation
[2020-01-13T13:35:14.332+0000][1][safepoint    ] Leaving safepoint region
[2020-01-13T13:35:14.332+0000][1][safepoint    ] Total time for which application threads were stopped: 0.0002334 seconds, Stopping threads took: 0.0000130 seconds
[2020-01-13T13:35:14.718+0000][1][gc           ] GC(18) Concurrent Abortable Preclean 2394.176ms
[2020-01-13T13:35:14.718+0000][1][gc,cpu       ] GC(18) User=2.27s Sys=0.03s Real=2.40s
[2020-01-13T13:35:14.718+0000][1][safepoint    ] Application time: 0.3862895 seconds
[2020-01-13T13:35:14.721+0000][1][safepoint    ] Entering safepoint region: CMS_Final_Remark
[2020-01-13T13:35:14.721+0000][1][gc,start     ] GC(18) Pause Remark
[2020-01-13T13:35:14.792+0000][1][gc           ] GC(18) Pause Remark 106M->106M(247M) 70.199ms
[2020-01-13T13:35:14.792+0000][1][gc,cpu       ] GC(18) User=0.07s Sys=0.00s Real=0.07s
[2020-01-13T13:35:14.792+0000][1][safepoint    ] Leaving safepoint region
[2020-01-13T13:35:14.792+0000][1][safepoint    ] Total time for which application threads were stopped: 0.0739279 seconds, Stopping threads took: 0.0034879 seconds
[2020-01-13T13:35:14.799+0000][1][gc           ] GC(18) Concurrent Sweep
[2020-01-13T13:35:14.806+0000][1][safepoint    ] Application time: 0.0144833 seconds
[2020-01-13T13:35:14.807+0000][1][safepoint    ] Entering safepoint region: CollectForMetadataAllocation
[2020-01-13T13:35:14.808+0000][1][safepoint    ] Leaving safepoint region
[2020-01-13T13:35:14.808+0000][1][safepoint    ] Total time for which application threads were stopped: 0.0018902 seconds, Stopping threads took: 0.0008378 seconds
[2020-01-13T13:35:14.863+0000][1][gc           ] GC(18) Concurrent Sweep 64.100ms
[2020-01-13T13:35:14.863+0000][1][gc,cpu       ] GC(18) User=0.06s Sys=0.00s Real=0.06s
[2020-01-13T13:35:14.863+0000][1][gc           ] GC(18) Concurrent Reset
[2020-01-13T13:35:14.864+0000][1][gc           ] GC(18) Concurrent Reset 0.448ms
[2020-01-13T13:35:14.864+0000][1][gc,cpu       ] GC(18) User=0.00s Sys=0.00s Real=0.00s
[2020-01-13T13:35:14.864+0000][1][gc,heap      ] GC(18) Old: 54331K->54117K(176960K)
[2020-01-13T13:35:15.137+0000][1][safepoint    ] Application time: 0.3290692 seconds
[2020-01-13T13:35:15.141+0000][1][safepoint    ] Entering safepoint region: RevokeBias
[2020-01-13T13:35:15.141+0000][1][safepoint    ] Leaving safepoint region
[2020-01-13T13:35:15.141+0000][1][safepoint    ] Total time for which application threads were stopped: 0.0040581 seconds, Stopping threads took: 0.0039607 seconds
[2020-01-13T13:35:15.145+0000][1][safepoint    ] Application time: 0.0034581 seconds
[2020-01-13T13:35:15.145+0000][1][safepoint    ] Entering safepoint region: RevokeBias
[2020-01-13T13:35:15.145+0000][1][safepoint    ] Leaving safepoint region
[2020-01-13T13:35:15.145+0000][1][safepoint    ] Total time for which application threads were stopped: 0.0000671 seconds, Stopping threads took: 0.0000157 seconds
[2020-01-13T13:35:15.149+0000][1][safepoint    ] Application time: 0.0036006 seconds
[2020-01-13T13:35:15.149+0000][1][safepoint    ] Entering safepoint region: GenCollectForAllocation
[2020-01-13T13:35:15.149+0000][1][gc,start     ] GC(19) Pause Young (Allocation Failure)
[2020-01-13T13:35:15.149+0000][1][gc,task      ] GC(19) Using 1 workers of 1 for evacuation
[2020-01-13T13:35:15.188+0000][1][gc,age       ] GC(19) Desired survivor size 4358144 bytes, new threshold 2 (max threshold 6)
[2020-01-13T13:35:15.188+0000][1][gc,age       ] GC(19) Age table with threshold 2 (max threshold 6)
[2020-01-13T13:35:15.188+0000][1][gc,age       ] GC(19) - age   1:    3353608 bytes,    3353608 total
[2020-01-13T13:35:15.188+0000][1][gc,age       ] GC(19) - age   2:    2828472 bytes,    6182080 total
[2020-01-13T13:35:15.188+0000][1][gc,age       ] GC(19) - age   3:    1112952 bytes,    7295032 total
[2020-01-13T13:35:15.188+0000][1][gc,heap      ] GC(19) ParNew: 72806K->8512K(76672K)
[2020-01-13T13:35:15.188+0000][1][gc,heap      ] GC(19) CMS: 54117K->54117K(176960K)
[2020-01-13T13:35:15.188+0000][1][gc,metaspace ] GC(19) Metaspace: 44796K->44796K(1091584K)
[2020-01-13T13:35:15.188+0000][1][gc           ] GC(19) Pause Young (Allocation Failure) 123M->61M(247M) 39.718ms
[2020-01-13T13:35:15.188+0000][1][gc,cpu       ] GC(19) User=0.03s Sys=0.00s Real=0.04s
[2020-01-13T13:35:15.188+0000][1][safepoint    ] Leaving safepoint region
[2020-01-13T13:35:15.188+0000][1][safepoint    ] Total time for which application threads were stopped: 0.0398377 seconds, Stopping threads took: 0.0000179 seconds
[2020-01-13T13:35:15.495+0000][1][safepoint    ] Application time: 0.3070532 seconds
[2020-01-13T13:35:15.498+0000][1][safepoint    ] Entering safepoint region: RevokeBias
[2020-01-13T13:35:15.499+0000][1][safepoint    ] Leaving safepoint region
[2020-01-13T13:35:15.499+0000][1][safepoint    ] Total time for which application threads were stopped: 0.0032288 seconds, Stopping threads took: 0.0026350 seconds
[2020-01-13T13:35:15.499+0000][1][safepoint    ] Application time: 0.0000622 seconds
[2020-01-13T13:35:15.499+0000][1][safepoint    ] Entering safepoint region: RevokeBias
[2020-01-13T13:35:15.499+0000][1][safepoint    ] Leaving safepoint region
[2020-01-13T13:35:15.499+0000][1][safepoint    ] Total time for which application threads were stopped: 0.0000452 seconds, Stopping threads took: 0.0000063 seconds
[2020-01-13T13:35:15.499+0000][1][safepoint    ] Application time: 0.0001545 seconds
[2020-01-13T13:35:15.499+0000][1][safepoint    ] Entering safepoint region: RevokeBias
[2020-01-13T13:35:15.499+0000][1][safepoint    ] Leaving safepoint region
[2020-01-13T13:35:15.499+0000][1][safepoint    ] Total time for which application threads were stopped: 0.0000400 seconds, Stopping threads took: 0.0000053 seconds
[2020-01-13T13:35:15.499+0000][1][safepoint    ] Application time: 0.0000229 seconds
[2020-01-13T13:35:15.499+0000][1][safepoint    ] Entering safepoint region: RevokeBias
[2020-01-13T13:35:15.499+0000][1][safepoint    ] Leaving safepoint region
[2020-01-13T13:35:15.499+0000][1][safepoint    ] Total time for which application threads were stopped: 0.0000265 seconds, Stopping threads took: 0.0000044 seconds
[2020-01-13T13:35:15.575+0000][1][safepoint    ] Application time: 0.0761122 seconds
[2020-01-13T13:35:15.576+0000][1][safepoint    ] Entering safepoint region: RevokeBias
[2020-01-13T13:35:15.576+0000][1][safepoint    ] Leaving safepoint region
[2020-01-13T13:35:15.576+0000][1][safepoint    ] Total time for which application threads were stopped: 0.0010952 seconds, Stopping threads took: 0.0010091 seconds
[2020-01-13T13:35:15.576+0000][1][safepoint    ] Application time: 0.0000682 seconds
[2020-01-13T13:35:15.576+0000][1][safepoint    ] Entering safepoint region: RevokeBias
[2020-01-13T13:35:15.576+0000][1][safepoint    ] Leaving safepoint region
[2020-01-13T13:35:15.577+0000][1][safepoint    ] Total time for which application threads were stopped: 0.0000424 seconds, Stopping threads took: 0.0000139 seconds
[2020-01-13T13:35:15.577+0000][1][safepoint    ] Application time: 0.0000256 seconds
[2020-01-13T13:35:15.577+0000][1][safepoint    ] Entering safepoint region: RevokeBias
[2020-01-13T13:35:15.577+0000][1][safepoint    ] Leaving safepoint region
[2020-01-13T13:35:15.577+0000][1][safepoint    ] Total time for which application threads were stopped: 0.0000329 seconds, Stopping threads took: 0.0000124 seconds
[2020-01-13T13:35:15.577+0000][1][safepoint    ] Application time: 0.0000757 seconds
[2020-01-13T13:35:15.577+0000][1][safepoint    ] Entering safepoint region: RevokeBias
[2020-01-13T13:35:15.577+0000][1][safepoint    ] Leaving safepoint region
[2020-01-13T13:35:15.577+0000][1][safepoint    ] Total time for which application threads were stopped: 0.0000370 seconds, Stopping threads took: 0.0000140 seconds
[2020-01-13T13:35:15.577+0000][1][safepoint    ] Application time: 0.0005303 seconds
[2020-01-13T13:35:15.577+0000][1][safepoint    ] Entering safepoint region: RevokeBias
[2020-01-13T13:35:15.577+0000][1][safepoint    ] Leaving safepoint region
[2020-01-13T13:35:15.577+0000][1][safepoint    ] Total time for which application threads were stopped: 0.0000644 seconds, Stopping threads took: 0.0000174 seconds
[2020-01-13T13:35:15.577+0000][1][safepoint    ] Application time: 0.0000472 seconds
[2020-01-13T13:35:15.577+0000][1][safepoint    ] Entering safepoint region: RevokeBias
[2020-01-13T13:35:15.577+0000][1][safepoint    ] Leaving safepoint region
[2020-01-13T13:35:15.577+0000][1][safepoint    ] Total time for which application threads were stopped: 0.0000371 seconds, Stopping threads took: 0.0000126 seconds
[2020-01-13T13:35:15.577+0000][1][safepoint    ] Application time: 0.0000198 seconds
[2020-01-13T13:35:15.577+0000][1][safepoint    ] Entering safepoint region: RevokeBias
[2020-01-13T13:35:15.577+0000][1][safepoint    ] Leaving safepoint region
[2020-01-13T13:35:15.577+0000][1][safepoint    ] Total time for which application threads were stopped: 0.0000317 seconds, Stopping threads took: 0.0000122 seconds
[2020-01-13T13:35:15.578+0000][1][safepoint    ] Application time: 0.0001286 seconds
[2020-01-13T13:35:15.578+0000][1][safepoint    ] Entering safepoint region: RevokeBias
[2020-01-13T13:35:15.578+0000][1][safepoint    ] Leaving safepoint region
[2020-01-13T13:35:15.578+0000][1][safepoint    ] Total time for which application threads were stopped: 0.0000412 seconds, Stopping threads took: 0.0000132 seconds
[2020-01-13T13:35:15.578+0000][1][safepoint    ] Application time: 0.0000218 seconds
[2020-01-13T13:35:15.578+0000][1][safepoint    ] Entering safepoint region: RevokeBias
[2020-01-13T13:35:15.578+0000][1][safepoint    ] Leaving safepoint region
[2020-01-13T13:35:15.578+0000][1][safepoint    ] Total time for which application threads were stopped: 0.0000324 seconds, Stopping threads took: 0.0000123 seconds
[2020-01-13T13:35:15.578+0000][1][safepoint    ] Application time: 0.0000201 seconds
[2020-01-13T13:35:15.578+0000][1][safepoint    ] Entering safepoint region: RevokeBias
[2020-01-13T13:35:15.578+0000][1][safepoint    ] Leaving safepoint region
[2020-01-13T13:35:15.578+0000][1][safepoint    ] Total time for which application threads were stopped: 0.0000323 seconds, Stopping threads took: 0.0000122 seconds
[2020-01-13T13:35:15.578+0000][1][safepoint    ] Application time: 0.0000196 seconds
[2020-01-13T13:35:15.578+0000][1][safepoint    ] Entering safepoint region: RevokeBias
[2020-01-13T13:35:15.578+0000][1][safepoint    ] Leaving safepoint region
[2020-01-13T13:35:15.578+0000][1][safepoint    ] Total time for which application threads were stopped: 0.0000316 seconds, Stopping threads took: 0.0000122 seconds
[2020-01-13T13:35:15.578+0000][1][safepoint    ] Application time: 0.0000201 seconds
[2020-01-13T13:35:15.578+0000][1][safepoint    ] Entering safepoint region: RevokeBias
[2020-01-13T13:35:15.578+0000][1][safepoint    ] Leaving safepoint region
[2020-01-13T13:35:15.578+0000][1][safepoint    ] Total time for which application threads were stopped: 0.0000315 seconds, Stopping threads took: 0.0000122 seconds
[2020-01-13T13:35:15.578+0000][1][safepoint    ] Application time: 0.0000195 seconds
[2020-01-13T13:35:15.578+0000][1][safepoint    ] Entering safepoint region: RevokeBias
[2020-01-13T13:35:15.578+0000][1][safepoint    ] Leaving safepoint region
[2020-01-13T13:35:15.578+0000][1][safepoint    ] Total time for which application threads were stopped: 0.0000314 seconds, Stopping threads took: 0.0000121 seconds
[2020-01-13T13:35:15.578+0000][1][safepoint    ] Application time: 0.0000194 seconds
[2020-01-13T13:35:15.578+0000][1][safepoint    ] Entering safepoint region: RevokeBias
[2020-01-13T13:35:15.578+0000][1][safepoint    ] Leaving safepoint region
[2020-01-13T13:35:15.578+0000][1][safepoint    ] Total time for which application threads were stopped: 0.0000315 seconds, Stopping threads took: 0.0000121 seconds
[2020-01-13T13:35:15.578+0000][1][safepoint    ] Application time: 0.0000196 seconds
[2020-01-13T13:35:15.578+0000][1][safepoint    ] Entering safepoint region: RevokeBias
[2020-01-13T13:35:15.578+0000][1][safepoint    ] Leaving safepoint region
[2020-01-13T13:35:15.578+0000][1][safepoint    ] Total time for which application threads were stopped: 0.0000317 seconds, Stopping threads took: 0.0000123 seconds
[2020-01-13T13:35:15.578+0000][1][safepoint    ] Application time: 0.0000194 seconds
[2020-01-13T13:35:15.578+0000][1][safepoint    ] Entering safepoint region: RevokeBias
[2020-01-13T13:35:15.578+0000][1][safepoint    ] Leaving safepoint region
[2020-01-13T13:35:15.578+0000][1][safepoint    ] Total time for which application threads were stopped: 0.0000314 seconds, Stopping threads took: 0.0000121 seconds
[2020-01-13T13:35:15.578+0000][1][safepoint    ] Application time: 0.0000197 seconds
[2020-01-13T13:35:15.578+0000][1][safepoint    ] Entering safepoint region: RevokeBias
[2020-01-13T13:35:15.578+0000][1][safepoint    ] Leaving safepoint region
[2020-01-13T13:35:15.578+0000][1][safepoint    ] Total time for which application threads were stopped: 0.0000480 seconds, Stopping threads took: 0.0000122 seconds
[2020-01-13T13:35:15.578+0000][1][safepoint    ] Application time: 0.0000206 seconds
[2020-01-13T13:35:15.578+0000][1][safepoint    ] Entering safepoint region: RevokeBias
[2020-01-13T13:35:15.578+0000][1][safepoint    ] Leaving safepoint region
[2020-01-13T13:35:15.578+0000][1][safepoint    ] Total time for which application threads were stopped: 0.0000328 seconds, Stopping threads took: 0.0000125 seconds
[2020-01-13T13:35:15.578+0000][1][safepoint    ] Application time: 0.0000240 seconds
[2020-01-13T13:35:15.578+0000][1][safepoint    ] Entering safepoint region: RevokeBias
[2020-01-13T13:35:15.578+0000][1][safepoint    ] Leaving safepoint region
[2020-01-13T13:35:15.578+0000][1][safepoint    ] Total time for which application threads were stopped: 0.0000317 seconds, Stopping threads took: 0.0000121 seconds
[2020-01-13T13:35:15.578+0000][1][safepoint    ] Application time: 0.0000197 seconds
[2020-01-13T13:35:15.578+0000][1][safepoint    ] Entering safepoint region: RevokeBias
[2020-01-13T13:35:15.578+0000][1][safepoint    ] Leaving safepoint region
[2020-01-13T13:35:15.578+0000][1][safepoint    ] Total time for which application threads were stopped: 0.0000316 seconds, Stopping threads took: 0.0000122 seconds
[2020-01-13T13:35:15.578+0000][1][safepoint    ] Application time: 0.0000197 seconds
[2020-01-13T13:35:15.579+0000][1][safepoint    ] Entering safepoint region: RevokeBias
[2020-01-13T13:35:15.579+0000][1][safepoint    ] Leaving safepoint region
[2020-01-13T13:35:15.579+0000][1][safepoint    ] Total time for which application threads were stopped: 0.0000313 seconds, Stopping threads took: 0.0000120 seconds
[2020-01-13T13:35:15.579+0000][1][safepoint    ] Application time: 0.0000215 seconds
[2020-01-13T13:35:15.579+0000][1][safepoint    ] Entering safepoint region: RevokeBias
[2020-01-13T13:35:15.579+0000][1][safepoint    ] Leaving safepoint region
[2020-01-13T13:35:15.579+0000][1][safepoint    ] Total time for which application threads were stopped: 0.0000315 seconds, Stopping threads took: 0.0000121 seconds
[2020-01-13T13:35:15.579+0000][1][safepoint    ] Application time: 0.0000197 seconds
[2020-01-13T13:35:15.579+0000][1][safepoint    ] Entering safepoint region: RevokeBias
[2020-01-13T13:35:15.579+0000][1][safepoint    ] Leaving safepoint region
[2020-01-13T13:35:15.579+0000][1][safepoint    ] Total time for which application threads were stopped: 0.0000314 seconds, Stopping threads took: 0.0000122 seconds
[2020-01-13T13:35:15.579+0000][1][safepoint    ] Application time: 0.0000289 seconds
[2020-01-13T13:35:15.579+0000][1][safepoint    ] Entering safepoint region: RevokeBias
[2020-01-13T13:35:15.579+0000][1][safepoint    ] Leaving safepoint region
[2020-01-13T13:35:15.579+0000][1][safepoint    ] Total time for which application threads were stopped: 0.0000245 seconds, Stopping threads took: 0.0000051 seconds
[2020-01-13T13:35:15.579+0000][1][safepoint    ] Application time: 0.0000188 seconds
[2020-01-13T13:35:15.579+0000][1][safepoint    ] Entering safepoint region: RevokeBias
[2020-01-13T13:35:15.579+0000][1][safepoint    ] Leaving safepoint region
[2020-01-13T13:35:15.579+0000][1][safepoint    ] Total time for which application threads were stopped: 0.0000311 seconds, Stopping threads took: 0.0000050 seconds
[2020-01-13T13:35:15.579+0000][1][safepoint    ] Application time: 0.0000223 seconds
[2020-01-13T13:35:15.579+0000][1][safepoint    ] Entering safepoint region: RevokeBias
[2020-01-13T13:35:15.579+0000][1][safepoint    ] Leaving safepoint region
[2020-01-13T13:35:15.579+0000][1][safepoint    ] Total time for which application threads were stopped: 0.0000244 seconds, Stopping threads took: 0.0000051 seconds
[2020-01-13T13:35:15.579+0000][1][safepoint    ] Application time: 0.0000192 seconds
[2020-01-13T13:35:15.579+0000][1][safepoint    ] Entering safepoint region: BulkRevokeBias
[2020-01-13T13:35:15.579+0000][1][safepoint    ] Leaving safepoint region
[2020-01-13T13:35:15.579+0000][1][safepoint    ] Total time for which application threads were stopped: 0.0000962 seconds, Stopping threads took: 0.0000051 seconds
[2020-01-13T13:35:15.579+0000][1][safepoint    ] Application time: 0.0000937 seconds
[2020-01-13T13:35:15.579+0000][1][safepoint    ] Entering safepoint region: RevokeBias
[2020-01-13T13:35:15.579+0000][1][safepoint    ] Leaving safepoint region
[2020-01-13T13:35:15.579+0000][1][safepoint    ] Total time for which application threads were stopped: 0.0000391 seconds, Stopping threads took: 0.0000058 seconds
[2020-01-13T13:35:15.579+0000][1][safepoint    ] Application time: 0.0000395 seconds
[2020-01-13T13:35:15.579+0000][1][safepoint    ] Entering safepoint region: RevokeBias
[2020-01-13T13:35:15.579+0000][1][safepoint    ] Leaving safepoint region
[2020-01-13T13:35:15.579+0000][1][safepoint    ] Total time for which application threads were stopped: 0.0000294 seconds, Stopping threads took: 0.0000053 seconds
[2020-01-13T13:35:15.579+0000][1][safepoint    ] Application time: 0.0000516 seconds
[2020-01-13T13:35:15.579+0000][1][safepoint    ] Entering safepoint region: RevokeBias
[2020-01-13T13:35:15.579+0000][1][safepoint    ] Leaving safepoint region
[2020-01-13T13:35:15.579+0000][1][safepoint    ] Total time for which application threads were stopped: 0.0000286 seconds, Stopping threads took: 0.0000055 seconds
[2020-01-13T13:35:15.579+0000][1][safepoint    ] Application time: 0.0000291 seconds
[2020-01-13T13:35:15.579+0000][1][safepoint    ] Entering safepoint region: RevokeBias
[2020-01-13T13:35:15.579+0000][1][safepoint    ] Leaving safepoint region
[2020-01-13T13:35:15.579+0000][1][safepoint    ] Total time for which application threads were stopped: 0.0000257 seconds, Stopping threads took: 0.0000050 seconds
[2020-01-13T13:35:15.579+0000][1][safepoint    ] Application time: 0.0000393 seconds
[2020-01-13T13:35:15.579+0000][1][safepoint    ] Entering safepoint region: RevokeBias
[2020-01-13T13:35:15.579+0000][1][safepoint    ] Leaving safepoint region
[2020-01-13T13:35:15.579+0000][1][safepoint    ] Total time for which application threads were stopped: 0.0000294 seconds, Stopping threads took: 0.0000053 seconds
[2020-01-13T13:35:15.579+0000][1][safepoint    ] Application time: 0.0000247 seconds
[2020-01-13T13:35:15.579+0000][1][safepoint    ] Entering safepoint region: RevokeBias
[2020-01-13T13:35:15.579+0000][1][safepoint    ] Leaving safepoint region
[2020-01-13T13:35:15.580+0000][1][safepoint    ] Total time for which application threads were stopped: 0.0000285 seconds, Stopping threads took: 0.0000050 seconds
[2020-01-13T13:35:15.580+0000][1][safepoint    ] Application time: 0.0001065 seconds
[2020-01-13T13:35:15.580+0000][1][safepoint    ] Entering safepoint region: RevokeBias
[2020-01-13T13:35:15.580+0000][1][safepoint    ] Leaving safepoint region
[2020-01-13T13:35:15.580+0000][1][safepoint    ] Total time for which application threads were stopped: 0.0000261 seconds, Stopping threads took: 0.0000053 seconds
[2020-01-13T13:35:15.580+0000][1][safepoint    ] Application time: 0.0000228 seconds
[2020-01-13T13:35:15.580+0000][1][safepoint    ] Entering safepoint region: RevokeBias
[2020-01-13T13:35:15.580+0000][1][safepoint    ] Leaving safepoint region
[2020-01-13T13:35:15.580+0000][1][safepoint    ] Total time for which application threads were stopped: 0.0000283 seconds, Stopping threads took: 0.0000052 seconds
[2020-01-13T13:35:15.580+0000][1][safepoint    ] Application time: 0.0002670 seconds
[2020-01-13T13:35:15.580+0000][1][safepoint    ] Entering safepoint region: RevokeBias
[2020-01-13T13:35:15.580+0000][1][safepoint    ] Leaving safepoint region
[2020-01-13T13:35:15.580+0000][1][safepoint    ] Total time for which application threads were stopped: 0.0000387 seconds, Stopping threads took: 0.0000063 seconds
[2020-01-13T13:35:15.580+0000][1][safepoint    ] Application time: 0.0000375 seconds
[2020-01-13T13:35:15.580+0000][1][safepoint    ] Entering safepoint region: RevokeBias
[2020-01-13T13:35:15.580+0000][1][safepoint    ] Leaving safepoint region
[2020-01-13T13:35:15.580+0000][1][safepoint    ] Total time for which application threads were stopped: 0.0000275 seconds, Stopping threads took: 0.0000051 seconds
[2020-01-13T13:35:15.580+0000][1][safepoint    ] Application time: 0.0001093 seconds
[2020-01-13T13:35:15.580+0000][1][safepoint    ] Entering safepoint region: RevokeBias
[2020-01-13T13:35:15.580+0000][1][safepoint    ] Leaving safepoint region
[2020-01-13T13:35:15.580+0000][1][safepoint    ] Total time for which application threads were stopped: 0.0000465 seconds, Stopping threads took: 0.0000055 seconds
[2020-01-13T13:35:15.580+0000][1][safepoint    ] Application time: 0.0002037 seconds
[2020-01-13T13:35:15.581+0000][1][safepoint    ] Entering safepoint region: RevokeBias
[2020-01-13T13:35:15.581+0000][1][safepoint    ] Leaving safepoint region
[2020-01-13T13:35:15.581+0000][1][safepoint    ] Total time for which application threads were stopped: 0.0000541 seconds, Stopping threads took: 0.0000080 seconds
[2020-01-13T13:35:15.581+0000][1][safepoint    ] Application time: 0.0000393 seconds
[2020-01-13T13:35:15.581+0000][1][safepoint    ] Entering safepoint region: RevokeBias
[2020-01-13T13:35:15.581+0000][1][safepoint    ] Leaving safepoint region
[2020-01-13T13:35:15.581+0000][1][safepoint    ] Total time for which application threads were stopped: 0.0000485 seconds, Stopping threads took: 0.0000058 seconds
[2020-01-13T13:35:15.581+0000][1][safepoint    ] Application time: 0.0000242 seconds
[2020-01-13T13:35:15.581+0000][1][safepoint    ] Entering safepoint region: RevokeBias
[2020-01-13T13:35:15.581+0000][1][safepoint    ] Leaving safepoint region
[2020-01-13T13:35:15.581+0000][1][safepoint    ] Total time for which application threads were stopped: 0.0000252 seconds, Stopping threads took: 0.0000058 seconds
[2020-01-13T13:35:15.581+0000][1][safepoint    ] Application time: 0.0000294 seconds
[2020-01-13T13:35:15.581+0000][1][safepoint    ] Entering safepoint region: RevokeBias
[2020-01-13T13:35:15.581+0000][1][safepoint    ] Leaving safepoint region
[2020-01-13T13:35:15.581+0000][1][safepoint    ] Total time for which application threads were stopped: 0.0000351 seconds, Stopping threads took: 0.0000051 seconds
[2020-01-13T13:35:15.581+0000][1][safepoint    ] Application time: 0.0000214 seconds
[2020-01-13T13:35:15.581+0000][1][safepoint    ] Entering safepoint region: RevokeBias
[2020-01-13T13:35:15.581+0000][1][safepoint    ] Leaving safepoint region
[2020-01-13T13:35:15.581+0000][1][safepoint    ] Total time for which application threads were stopped: 0.0000226 seconds, Stopping threads took: 0.0000051 seconds
[2020-01-13T13:35:15.581+0000][1][safepoint    ] Application time: 0.0000188 seconds
[2020-01-13T13:35:15.581+0000][1][safepoint    ] Entering safepoint region: RevokeBias
[2020-01-13T13:35:15.581+0000][1][safepoint    ] Leaving safepoint region
[2020-01-13T13:35:15.581+0000][1][safepoint    ] Total time for which application threads were stopped: 0.0000321 seconds, Stopping threads took: 0.0000051 seconds
[2020-01-13T13:35:15.581+0000][1][safepoint    ] Application time: 0.0000190 seconds
[2020-01-13T13:35:15.581+0000][1][safepoint    ] Entering safepoint region: RevokeBias
[2020-01-13T13:35:15.581+0000][1][safepoint    ] Leaving safepoint region
[2020-01-13T13:35:15.581+0000][1][safepoint    ] Total time for which application threads were stopped: 0.0000223 seconds, Stopping threads took: 0.0000050 seconds
[2020-01-13T13:35:15.581+0000][1][safepoint    ] Application time: 0.0002290 seconds
[2020-01-13T13:35:15.581+0000][1][safepoint    ] Entering safepoint region: RevokeBias
[2020-01-13T13:35:15.581+0000][1][safepoint    ] Leaving safepoint region
[2020-01-13T13:35:15.581+0000][1][safepoint    ] Total time for which application threads were stopped: 0.0000546 seconds, Stopping threads took: 0.0000061 seconds
[2020-01-13T13:35:15.581+0000][1][safepoint    ] Application time: 0.0000225 seconds
[2020-01-13T13:35:15.581+0000][1][safepoint    ] Entering safepoint region: RevokeBias
[2020-01-13T13:35:15.581+0000][1][safepoint    ] Leaving safepoint region
[2020-01-13T13:35:15.581+0000][1][safepoint    ] Total time for which application threads were stopped: 0.0000288 seconds, Stopping threads took: 0.0000051 seconds
[2020-01-13T13:35:15.581+0000][1][safepoint    ] Application time: 0.0000198 seconds
[2020-01-13T13:35:15.581+0000][1][safepoint    ] Entering safepoint region: RevokeBias
[2020-01-13T13:35:15.581+0000][1][safepoint    ] Leaving safepoint region
[2020-01-13T13:35:15.581+0000][1][safepoint    ] Total time for which application threads were stopped: 0.0000346 seconds, Stopping threads took: 0.0000050 seconds
[2020-01-13T13:35:15.581+0000][1][safepoint    ] Application time: 0.0000198 seconds
[2020-01-13T13:35:15.581+0000][1][safepoint    ] Entering safepoint region: RevokeBias
[2020-01-13T13:35:15.581+0000][1][safepoint    ] Leaving safepoint region
[2020-01-13T13:35:15.581+0000][1][safepoint    ] Total time for which application threads were stopped: 0.0000250 seconds, Stopping threads took: 0.0000050 seconds
[2020-01-13T13:35:15.581+0000][1][safepoint    ] Application time: 0.0000197 seconds
[2020-01-13T13:35:15.581+0000][1][safepoint    ] Entering safepoint region: RevokeBias
[2020-01-13T13:35:15.582+0000][1][safepoint    ] Leaving safepoint region
[2020-01-13T13:35:15.582+0000][1][safepoint    ] Total time for which application threads were stopped: 0.0000320 seconds, Stopping threads took: 0.0000051 seconds
[2020-01-13T13:35:15.582+0000][1][safepoint    ] Application time: 0.0000192 seconds
[2020-01-13T13:35:15.582+0000][1][safepoint    ] Entering safepoint region: RevokeBias
[2020-01-13T13:35:15.582+0000][1][safepoint    ] Leaving safepoint region
[2020-01-13T13:35:15.582+0000][1][safepoint    ] Total time for which application threads were stopped: 0.0000246 seconds, Stopping threads took: 0.0000049 seconds
[2020-01-13T13:35:15.582+0000][1][safepoint    ] Application time: 0.0000199 seconds
[2020-01-13T13:35:15.582+0000][1][safepoint    ] Entering safepoint region: RevokeBias
[2020-01-13T13:35:15.582+0000][1][safepoint    ] Leaving safepoint region
[2020-01-13T13:35:15.582+0000][1][safepoint    ] Total time for which application threads were stopped: 0.0000314 seconds, Stopping threads took: 0.0000049 seconds
[2020-01-13T13:35:15.582+0000][1][safepoint    ] Application time: 0.0000211 seconds
[2020-01-13T13:35:15.582+0000][1][safepoint    ] Entering safepoint region: RevokeBias
[2020-01-13T13:35:15.582+0000][1][safepoint    ] Leaving safepoint region
[2020-01-13T13:35:15.582+0000][1][safepoint    ] Total time for which application threads were stopped: 0.0000249 seconds, Stopping threads took: 0.0000052 seconds
[2020-01-13T13:35:15.582+0000][1][safepoint    ] Application time: 0.0000186 seconds
[2020-01-13T13:35:15.582+0000][1][safepoint    ] Entering safepoint region: RevokeBias
[2020-01-13T13:35:15.582+0000][1][safepoint    ] Leaving safepoint region
[2020-01-13T13:35:15.582+0000][1][safepoint    ] Total time for which application threads were stopped: 0.0000394 seconds, Stopping threads took: 0.0000051 seconds
[2020-01-13T13:35:15.582+0000][1][safepoint    ] Application time: 0.0000203 seconds
[2020-01-13T13:35:15.582+0000][1][safepoint    ] Entering safepoint region: RevokeBias
[2020-01-13T13:35:15.582+0000][1][safepoint    ] Leaving safepoint region
[2020-01-13T13:35:15.582+0000][1][safepoint    ] Total time for which application threads were stopped: 0.0000251 seconds, Stopping threads took: 0.0000051 seconds
[2020-01-13T13:35:15.582+0000][1][safepoint    ] Application time: 0.0000193 seconds
[2020-01-13T13:35:15.582+0000][1][safepoint    ] Entering safepoint region: RevokeBias
[2020-01-13T13:35:15.582+0000][1][safepoint    ] Leaving safepoint region
[2020-01-13T13:35:15.582+0000][1][safepoint    ] Total time for which application threads were stopped: 0.0000315 seconds, Stopping threads took: 0.0000050 seconds
[2020-01-13T13:35:15.582+0000][1][safepoint    ] Application time: 0.0000190 seconds
[2020-01-13T13:35:15.582+0000][1][safepoint    ] Entering safepoint region: RevokeBias
[2020-01-13T13:35:15.582+0000][1][safepoint    ] Leaving safepoint region
[2020-01-13T13:35:15.582+0000][1][safepoint    ] Total time for which application threads were stopped: 0.0000246 seconds, Stopping threads took: 0.0000049 seconds
[2020-01-13T13:35:15.582+0000][1][safepoint    ] Application time: 0.0000256 seconds
[2020-01-13T13:35:15.582+0000][1][safepoint    ] Entering safepoint region: BulkRevokeBias
[2020-01-13T13:35:15.582+0000][1][safepoint    ] Leaving safepoint region
[2020-01-13T13:35:15.582+0000][1][safepoint    ] Total time for which application threads were stopped: 0.0000881 seconds, Stopping threads took: 0.0000052 seconds
[2020-01-13T13:35:15.582+0000][1][safepoint    ] Application time: 0.0001101 seconds
[2020-01-13T13:35:15.582+0000][1][safepoint    ] Entering safepoint region: RevokeBias
[2020-01-13T13:35:15.582+0000][1][safepoint    ] Leaving safepoint region
[2020-01-13T13:35:15.582+0000][1][safepoint    ] Total time for which application threads were stopped: 0.0000258 seconds, Stopping threads took: 0.0000051 seconds
[2020-01-13T13:35:15.582+0000][1][safepoint    ] Application time: 0.0000191 seconds
[2020-01-13T13:35:15.582+0000][1][safepoint    ] Entering safepoint region: RevokeBias
[2020-01-13T13:35:15.582+0000][1][safepoint    ] Leaving safepoint region
[2020-01-13T13:35:15.582+0000][1][safepoint    ] Total time for which application threads were stopped: 0.0000344 seconds, Stopping threads took: 0.0000049 seconds
[2020-01-13T13:35:15.582+0000][1][safepoint    ] Application time: 0.0000195 seconds
[2020-01-13T13:35:15.582+0000][1][safepoint    ] Entering safepoint region: RevokeBias
[2020-01-13T13:35:15.582+0000][1][safepoint    ] Leaving safepoint region
[2020-01-13T13:35:15.582+0000][1][safepoint    ] Total time for which application threads were stopped: 0.0000223 seconds, Stopping threads took: 0.0000050 seconds
[2020-01-13T13:35:15.582+0000][1][safepoint    ] Application time: 0.0000191 seconds
[2020-01-13T13:35:15.582+0000][1][safepoint    ] Entering safepoint region: RevokeBias
[2020-01-13T13:35:15.582+0000][1][safepoint    ] Leaving safepoint region
[2020-01-13T13:35:15.582+0000][1][safepoint    ] Total time for which application threads were stopped: 0.0000218 seconds, Stopping threads took: 0.0000050 seconds
[2020-01-13T13:35:15.582+0000][1][safepoint    ] Application time: 0.0000192 seconds
[2020-01-13T13:35:15.582+0000][1][safepoint    ] Entering safepoint region: RevokeBias
[2020-01-13T13:35:15.582+0000][1][safepoint    ] Leaving safepoint region
[2020-01-13T13:35:15.582+0000][1][safepoint    ] Total time for which application threads were stopped: 0.0000220 seconds, Stopping threads took: 0.0000051 seconds
[2020-01-13T13:35:15.582+0000][1][safepoint    ] Application time: 0.0000191 seconds
[2020-01-13T13:35:15.582+0000][1][safepoint    ] Entering safepoint region: RevokeBias
[2020-01-13T13:35:15.582+0000][1][safepoint    ] Leaving safepoint region
[2020-01-13T13:35:15.582+0000][1][safepoint    ] Total time for which application threads were stopped: 0.0000218 seconds, Stopping threads took: 0.0000050 seconds
[2020-01-13T13:35:15.582+0000][1][safepoint    ] Application time: 0.0000204 seconds
[2020-01-13T13:35:15.583+0000][1][safepoint    ] Entering safepoint region: RevokeBias
[2020-01-13T13:35:15.583+0000][1][safepoint    ] Leaving safepoint region
[2020-01-13T13:35:15.583+0000][1][safepoint    ] Total time for which application threads were stopped: 0.0000221 seconds, Stopping threads took: 0.0000050 seconds
[2020-01-13T13:35:15.583+0000][1][safepoint    ] Application time: 0.0000193 seconds
[2020-01-13T13:35:15.583+0000][1][safepoint    ] Entering safepoint region: RevokeBias
[2020-01-13T13:35:15.583+0000][1][safepoint    ] Leaving safepoint region
[2020-01-13T13:35:15.583+0000][1][safepoint    ] Total time for which application threads were stopped: 0.0000219 seconds, Stopping threads took: 0.0000049 seconds
[2020-01-13T13:35:15.584+0000][1][safepoint    ] Application time: 0.0017255 seconds
[2020-01-13T13:35:15.584+0000][1][safepoint    ] Entering safepoint region: BulkRevokeBias
[2020-01-13T13:35:15.584+0000][1][safepoint    ] Leaving safepoint region
[2020-01-13T13:35:15.584+0000][1][safepoint    ] Total time for which application threads were stopped: 0.0001078 seconds, Stopping threads took: 0.0000089 seconds
[2020-01-13T13:35:15.587+0000][1][safepoint    ] Application time: 0.0028308 seconds
[2020-01-13T13:35:15.592+0000][1][safepoint    ] Entering safepoint region: RevokeBias
[2020-01-13T13:35:15.592+0000][1][safepoint    ] Leaving safepoint region
[2020-01-13T13:35:15.592+0000][1][safepoint    ] Total time for which application threads were stopped: 0.0044398 seconds, Stopping threads took: 0.0043784 seconds
[2020-01-13T13:35:15.592+0000][1][safepoint    ] Application time: 0.0001000 seconds
[2020-01-13T13:35:15.592+0000][1][safepoint    ] Entering safepoint region: RevokeBias
[2020-01-13T13:35:15.592+0000][1][safepoint    ] Leaving safepoint region
[2020-01-13T13:35:15.592+0000][1][safepoint    ] Total time for which application threads were stopped: 0.0000350 seconds, Stopping threads took: 0.0000050 seconds
[2020-01-13T13:35:15.592+0000][1][safepoint    ] Application time: 0.0003466 seconds
[2020-01-13T13:35:15.592+0000][1][safepoint    ] Entering safepoint region: RevokeBias
[2020-01-13T13:35:15.592+0000][1][safepoint    ] Leaving safepoint region
[2020-01-13T13:35:15.592+0000][1][safepoint    ] Total time for which application threads were stopped: 0.0000560 seconds, Stopping threads took: 0.0000072 seconds
[2020-01-13T13:35:15.593+0000][1][safepoint    ] Application time: 0.0004320 seconds
[2020-01-13T13:35:15.593+0000][1][safepoint    ] Entering safepoint region: RevokeBias
[2020-01-13T13:35:15.593+0000][1][safepoint    ] Leaving safepoint region
[2020-01-13T13:35:15.593+0000][1][safepoint    ] Total time for which application threads were stopped: 0.0000487 seconds, Stopping threads took: 0.0000070 seconds
[2020-01-13T13:35:15.593+0000][1][safepoint    ] Application time: 0.0000867 seconds
[2020-01-13T13:35:15.593+0000][1][safepoint    ] Entering safepoint region: RevokeBias
[2020-01-13T13:35:15.593+0000][1][safepoint    ] Leaving safepoint region
[2020-01-13T13:35:15.593+0000][1][safepoint    ] Total time for which application threads were stopped: 0.0000353 seconds, Stopping threads took: 0.0000056 seconds
[2020-01-13T13:35:15.593+0000][1][safepoint    ] Application time: 0.0001499 seconds
[2020-01-13T13:35:15.593+0000][1][safepoint    ] Entering safepoint region: RevokeBias
[2020-01-13T13:35:15.593+0000][1][safepoint    ] Leaving safepoint region
[2020-01-13T13:35:15.593+0000][1][safepoint    ] Total time for which application threads were stopped: 0.0000420 seconds, Stopping threads took: 0.0000062 seconds
[2020-01-13T13:35:15.594+0000][1][safepoint    ] Application time: 0.0011827 seconds
[2020-01-13T13:35:15.594+0000][1][safepoint    ] Entering safepoint region: RevokeBias
[2020-01-13T13:35:15.594+0000][1][safepoint    ] Leaving safepoint region
[2020-01-13T13:35:15.594+0000][1][safepoint    ] Total time for which application threads were stopped: 0.0000689 seconds, Stopping threads took: 0.0000179 seconds
[2020-01-13T13:35:15.594+0000][1][safepoint    ] Application time: 0.0000294 seconds
[2020-01-13T13:35:15.595+0000][1][safepoint    ] Entering safepoint region: RevokeBias
[2020-01-13T13:35:15.595+0000][1][safepoint    ] Leaving safepoint region
[2020-01-13T13:35:15.595+0000][1][safepoint    ] Total time for which application threads were stopped: 0.0000424 seconds, Stopping threads took: 0.0000127 seconds
[2020-01-13T13:35:15.595+0000][1][safepoint    ] Application time: 0.0004574 seconds
[2020-01-13T13:35:15.595+0000][1][safepoint    ] Entering safepoint region: RevokeBias
[2020-01-13T13:35:15.595+0000][1][safepoint    ] Leaving safepoint region
[2020-01-13T13:35:15.595+0000][1][safepoint    ] Total time for which application threads were stopped: 0.0000581 seconds, Stopping threads took: 0.0000158 seconds
[2020-01-13T13:35:15.595+0000][1][safepoint    ] Application time: 0.0000278 seconds
[2020-01-13T13:35:15.595+0000][1][safepoint    ] Entering safepoint region: RevokeBias
[2020-01-13T13:35:15.595+0000][1][safepoint    ] Leaving safepoint region
[2020-01-13T13:35:15.595+0000][1][safepoint    ] Total time for which application threads were stopped: 0.0000421 seconds, Stopping threads took: 0.0000126 seconds
[2020-01-13T13:35:15.598+0000][1][safepoint    ] Application time: 0.0032968 seconds
[2020-01-13T13:35:15.600+0000][1][safepoint    ] Entering safepoint region: RevokeBias
[2020-01-13T13:35:15.601+0000][1][safepoint    ] Leaving safepoint region
[2020-01-13T13:35:15.601+0000][1][safepoint    ] Total time for which application threads were stopped: 0.0020698 seconds, Stopping threads took: 0.0020140 seconds
[2020-01-13T13:35:15.602+0000][1][safepoint    ] Application time: 0.0013126 seconds
[2020-01-13T13:35:15.602+0000][1][safepoint    ] Entering safepoint region: RevokeBias
[2020-01-13T13:35:15.602+0000][1][safepoint    ] Leaving safepoint region
[2020-01-13T13:35:15.602+0000][1][safepoint    ] Total time for which application threads were stopped: 0.0000706 seconds, Stopping threads took: 0.0000213 seconds
[2020-01-13T13:35:15.602+0000][1][safepoint    ] Application time: 0.0000406 seconds
[2020-01-13T13:35:15.602+0000][1][safepoint    ] Entering safepoint region: RevokeBias
[2020-01-13T13:35:15.602+0000][1][safepoint    ] Leaving safepoint region
[2020-01-13T13:35:15.602+0000][1][safepoint    ] Total time for which application threads were stopped: 0.0000419 seconds, Stopping threads took: 0.0000054 seconds
[2020-01-13T13:35:15.602+0000][1][safepoint    ] Application time: 0.0000231 seconds
[2020-01-13T13:35:15.602+0000][1][safepoint    ] Entering safepoint region: RevokeBias
[2020-01-13T13:35:15.602+0000][1][safepoint    ] Leaving safepoint region
[2020-01-13T13:35:15.602+0000][1][safepoint    ] Total time for which application threads were stopped: 0.0000389 seconds, Stopping threads took: 0.0000126 seconds
[2020-01-13T13:35:15.602+0000][1][safepoint    ] Application time: 0.0002048 seconds
[2020-01-13T13:35:15.602+0000][1][safepoint    ] Entering safepoint region: RevokeBias
[2020-01-13T13:35:15.602+0000][1][safepoint    ] Leaving safepoint region
[2020-01-13T13:35:15.602+0000][1][safepoint    ] Total time for which application threads were stopped: 0.0000354 seconds, Stopping threads took: 0.0000056 seconds
[2020-01-13T13:35:15.610+0000][1][safepoint    ] Application time: 0.0077326 seconds
[2020-01-13T13:35:15.613+0000][1][safepoint    ] Entering safepoint region: RevokeBias
[2020-01-13T13:35:15.613+0000][1][safepoint    ] Leaving safepoint region
[2020-01-13T13:35:15.613+0000][1][safepoint    ] Total time for which application threads were stopped: 0.0031784 seconds, Stopping threads took: 0.0031318 seconds
[2020-01-13T13:35:16.098+0000][1][safepoint    ] Application time: 0.4850629 seconds
[2020-01-13T13:35:16.098+0000][1][safepoint    ] Entering safepoint region: RevokeBias
[2020-01-13T13:35:16.099+0000][1][safepoint    ] Leaving safepoint region
[2020-01-13T13:35:16.099+0000][1][safepoint    ] Total time for which application threads were stopped: 0.0001101 seconds, Stopping threads took: 0.0000264 seconds
[2020-01-13T13:35:16.207+0000][1][safepoint    ] Application time: 0.1086295 seconds
[2020-01-13T13:35:16.207+0000][1][safepoint    ] Entering safepoint region: RevokeBias
[2020-01-13T13:35:16.207+0000][1][safepoint    ] Leaving safepoint region
[2020-01-13T13:35:16.207+0000][1][safepoint    ] Total time for which application threads were stopped: 0.0000996 seconds, Stopping threads took: 0.0000394 seconds
[2020-01-13T13:35:16.208+0000][1][safepoint    ] Application time: 0.0007879 seconds
[2020-01-13T13:35:16.208+0000][1][safepoint    ] Entering safepoint region: RevokeBias
[2020-01-13T13:35:16.208+0000][1][safepoint    ] Leaving safepoint region
[2020-01-13T13:35:16.208+0000][1][safepoint    ] Total time for which application threads were stopped: 0.0000594 seconds, Stopping threads took: 0.0000201 seconds
[2020-01-13T13:35:16.209+0000][1][safepoint    ] Application time: 0.0009368 seconds
[2020-01-13T13:35:16.209+0000][1][safepoint    ] Entering safepoint region: GenCollectForAllocation
[2020-01-13T13:35:16.209+0000][1][gc,start     ] GC(20) Pause Young (Allocation Failure)
[2020-01-13T13:35:16.209+0000][1][gc,task      ] GC(20) Using 1 workers of 1 for evacuation
[2020-01-13T13:35:16.269+0000][1][gc,age       ] GC(20) Desired survivor size 4358144 bytes, new threshold 2 (max threshold 6)
[2020-01-13T13:35:16.269+0000][1][gc,age       ] GC(20) Age table with threshold 2 (max threshold 6)
[2020-01-13T13:35:16.269+0000][1][gc,age       ] GC(20) - age   1:    1371688 bytes,    1371688 total
[2020-01-13T13:35:16.269+0000][1][gc,age       ] GC(20) - age   2:    3292696 bytes,    4664384 total
[2020-01-13T13:35:16.269+0000][1][gc,heap      ] GC(20) ParNew: 76672K->6224K(76672K)
[2020-01-13T13:35:16.269+0000][1][gc,heap      ] GC(20) CMS: 54117K->58049K(176960K)
[2020-01-13T13:35:16.269+0000][1][gc,metaspace ] GC(20) Metaspace: 50537K->50537K(1095680K)
[2020-01-13T13:35:16.269+0000][1][gc           ] GC(20) Pause Young (Allocation Failure) 127M->62M(247M) 59.934ms
[2020-01-13T13:35:16.269+0000][1][gc,cpu       ] GC(20) User=0.06s Sys=0.00s Real=0.06s
[2020-01-13T13:35:16.269+0000][1][safepoint    ] Leaving safepoint region
[2020-01-13T13:35:16.269+0000][1][safepoint    ] Total time for which application threads were stopped: 0.0600831 seconds, Stopping threads took: 0.0000193 seconds
[2020-01-13T13:35:16.276+0000][1][safepoint    ] Application time: 0.0067628 seconds
[2020-01-13T13:35:16.276+0000][1][safepoint    ] Entering safepoint region: RevokeBias
[2020-01-13T13:35:16.276+0000][1][safepoint    ] Leaving safepoint region
[2020-01-13T13:35:16.276+0000][1][safepoint    ] Total time for which application threads were stopped: 0.0000617 seconds, Stopping threads took: 0.0000122 seconds
[2020-01-13T13:35:16.281+0000][1][safepoint    ] Application time: 0.0051307 seconds
[2020-01-13T13:35:16.281+0000][1][safepoint    ] Entering safepoint region: RevokeBias
[2020-01-13T13:35:16.281+0000][1][safepoint    ] Leaving safepoint region
[2020-01-13T13:35:16.281+0000][1][safepoint    ] Total time for which application threads were stopped: 0.0000658 seconds, Stopping threads took: 0.0000228 seconds
[2020-01-13T13:35:16.290+0000][1][safepoint    ] Application time: 0.0087188 seconds
[2020-01-13T13:35:16.290+0000][1][safepoint    ] Entering safepoint region: RevokeBias
[2020-01-13T13:35:16.290+0000][1][safepoint    ] Leaving safepoint region
[2020-01-13T13:35:16.290+0000][1][safepoint    ] Total time for which application threads were stopped: 0.0000650 seconds, Stopping threads took: 0.0000214 seconds
[2020-01-13T13:35:16.306+0000][1][safepoint    ] Application time: 0.0155727 seconds
[2020-01-13T13:35:16.306+0000][1][safepoint    ] Entering safepoint region: RevokeBias
[2020-01-13T13:35:16.306+0000][1][safepoint    ] Leaving safepoint region
[2020-01-13T13:35:16.306+0000][1][safepoint    ] Total time for which application threads were stopped: 0.0000768 seconds, Stopping threads took: 0.0000258 seconds
[2020-01-13T13:35:16.316+0000][1][safepoint    ] Application time: 0.0099345 seconds
[2020-01-13T13:35:16.319+0000][1][safepoint    ] Entering safepoint region: RevokeBias
[2020-01-13T13:35:16.319+0000][1][safepoint    ] Leaving safepoint region
[2020-01-13T13:35:16.319+0000][1][safepoint    ] Total time for which application threads were stopped: 0.0034964 seconds, Stopping threads took: 0.0034376 seconds
[2020-01-13T13:35:16.343+0000][1][safepoint    ] Application time: 0.0240635 seconds
[2020-01-13T13:35:16.343+0000][1][safepoint    ] Entering safepoint region: RevokeBias
[2020-01-13T13:35:16.344+0000][1][safepoint    ] Leaving safepoint region
[2020-01-13T13:35:16.344+0000][1][safepoint    ] Total time for which application threads were stopped: 0.0000779 seconds, Stopping threads took: 0.0000252 seconds
[2020-01-13T13:35:16.475+0000][1][safepoint    ] Application time: 0.1309976 seconds
[2020-01-13T13:35:16.477+0000][1][safepoint    ] Entering safepoint region: RevokeBias
[2020-01-13T13:35:16.477+0000][1][safepoint    ] Leaving safepoint region
[2020-01-13T13:35:16.477+0000][1][safepoint    ] Total time for which application threads were stopped: 0.0020864 seconds, Stopping threads took: 0.0019928 seconds
[2020-01-13T13:35:16.480+0000][1][safepoint    ] Application time: 0.0036915 seconds
[2020-01-13T13:35:16.482+0000][1][safepoint    ] Entering safepoint region: RevokeBias
[2020-01-13T13:35:16.483+0000][1][safepoint    ] Leaving safepoint region
[2020-01-13T13:35:16.483+0000][1][safepoint    ] Total time for which application threads were stopped: 0.0021155 seconds, Stopping threads took: 0.0020368 seconds
[2020-01-13T13:35:16.485+0000][1][safepoint    ] Application time: 0.0021175 seconds
[2020-01-13T13:35:16.485+0000][1][safepoint    ] Entering safepoint region: RevokeBias
[2020-01-13T13:35:16.485+0000][1][safepoint    ] Leaving safepoint region
[2020-01-13T13:35:16.485+0000][1][safepoint    ] Total time for which application threads were stopped: 0.0001715 seconds, Stopping threads took: 0.0001267 seconds
[2020-01-13T13:35:16.602+0000][1][safepoint    ] Application time: 0.1176042 seconds
[2020-01-13T13:35:16.603+0000][1][safepoint    ] Entering safepoint region: RevokeBias
[2020-01-13T13:35:16.603+0000][1][safepoint    ] Leaving safepoint region
[2020-01-13T13:35:16.603+0000][1][safepoint    ] Total time for which application threads were stopped: 0.0008825 seconds, Stopping threads took: 0.0008012 seconds
[2020-01-13T13:35:16.972+0000][1][safepoint    ] Application time: 0.3690275 seconds
[2020-01-13T13:35:16.972+0000][1][safepoint    ] Entering safepoint region: RevokeBias
[2020-01-13T13:35:16.973+0000][1][safepoint    ] Leaving safepoint region
[2020-01-13T13:35:16.973+0000][1][safepoint    ] Total time for which application threads were stopped: 0.0007142 seconds, Stopping threads took: 0.0000250 seconds
[2020-01-13T13:35:16.975+0000][1][safepoint    ] Application time: 0.0013609 seconds
[2020-01-13T13:35:16.977+0000][1][safepoint    ] Entering safepoint region: RevokeBias
[2020-01-13T13:35:16.977+0000][1][safepoint    ] Leaving safepoint region
[2020-01-13T13:35:16.977+0000][1][safepoint    ] Total time for which application threads were stopped: 0.0029031 seconds, Stopping threads took: 0.0028555 seconds
[2020-01-13T13:35:17.317+0000][1][safepoint    ] Application time: 0.3396828 seconds
[2020-01-13T13:35:17.317+0000][1][safepoint    ] Entering safepoint region: Deoptimize
[2020-01-13T13:35:17.319+0000][1][safepoint    ] Leaving safepoint region
[2020-01-13T13:35:17.319+0000][1][safepoint    ] Total time for which application threads were stopped: 0.0014195 seconds, Stopping threads took: 0.0000224 seconds
[2020-01-13T13:35:17.329+0000][1][safepoint    ] Application time: 0.0100962 seconds
[2020-01-13T13:35:17.329+0000][1][safepoint    ] Entering safepoint region: RevokeBias
[2020-01-13T13:35:17.329+0000][1][safepoint    ] Leaving safepoint region
[2020-01-13T13:35:17.329+0000][1][safepoint    ] Total time for which application threads were stopped: 0.0001017 seconds, Stopping threads took: 0.0000366 seconds
[2020-01-13T13:35:17.330+0000][1][safepoint    ] Application time: 0.0016293 seconds
[2020-01-13T13:35:17.334+0000][1][safepoint    ] Entering safepoint region: RevokeBias
[2020-01-13T13:35:17.334+0000][1][safepoint    ] Leaving safepoint region
[2020-01-13T13:35:17.334+0000][1][safepoint    ] Total time for which application threads were stopped: 0.0032687 seconds, Stopping threads took: 0.0032071 seconds
[2020-01-13T13:35:17.334+0000][1][safepoint    ] Application time: 0.0003874 seconds
[2020-01-13T13:35:17.334+0000][1][safepoint    ] Entering safepoint region: BulkRevokeBias
[2020-01-13T13:35:17.334+0000][1][safepoint    ] Leaving safepoint region
[2020-01-13T13:35:17.334+0000][1][safepoint    ] Total time for which application threads were stopped: 0.0001680 seconds, Stopping threads took: 0.0000176 seconds
[2020-01-13T13:35:17.399+0000][1][safepoint    ] Application time: 0.0643009 seconds
[2020-01-13T13:35:17.399+0000][1][safepoint    ] Entering safepoint region: RevokeBias
[2020-01-13T13:35:17.399+0000][1][safepoint    ] Leaving safepoint region
[2020-01-13T13:35:17.399+0000][1][safepoint    ] Total time for which application threads were stopped: 0.0001683 seconds, Stopping threads took: 0.0000854 seconds
[2020-01-13T13:35:17.399+0000][1][safepoint    ] Application time: 0.0004849 seconds
[2020-01-13T13:35:17.399+0000][1][safepoint    ] Entering safepoint region: RevokeBias
[2020-01-13T13:35:17.399+0000][1][safepoint    ] Leaving safepoint region
[2020-01-13T13:35:17.399+0000][1][safepoint    ] Total time for which application threads were stopped: 0.0000676 seconds, Stopping threads took: 0.0000182 seconds
[2020-01-13T13:35:17.400+0000][1][safepoint    ] Application time: 0.0000877 seconds
[2020-01-13T13:35:17.400+0000][1][safepoint    ] Entering safepoint region: RevokeBias
[2020-01-13T13:35:17.400+0000][1][safepoint    ] Leaving safepoint region
[2020-01-13T13:35:17.400+0000][1][safepoint    ] Total time for which application threads were stopped: 0.0000381 seconds, Stopping threads took: 0.0000134 seconds
[2020-01-13T13:35:17.406+0000][1][safepoint    ] Application time: 0.0065286 seconds
[2020-01-13T13:35:17.407+0000][1][safepoint    ] Entering safepoint region: RevokeBias
[2020-01-13T13:35:17.407+0000][1][safepoint    ] Leaving safepoint region
[2020-01-13T13:35:17.407+0000][1][safepoint    ] Total time for which application threads were stopped: 0.0009697 seconds, Stopping threads took: 0.0009142 seconds
[2020-01-13T13:35:17.490+0000][1][safepoint    ] Application time: 0.0824270 seconds
[2020-01-13T13:35:17.490+0000][1][safepoint    ] Entering safepoint region: RevokeBias
[2020-01-13T13:35:17.491+0000][1][safepoint    ] Leaving safepoint region
[2020-01-13T13:35:17.491+0000][1][safepoint    ] Total time for which application threads were stopped: 0.0015268 seconds, Stopping threads took: 0.0000751 seconds
[2020-01-13T13:35:17.491+0000][1][safepoint    ] Application time: 0.0000400 seconds
[2020-01-13T13:35:17.491+0000][1][safepoint    ] Entering safepoint region: RevokeBias
[2020-01-13T13:35:17.491+0000][1][safepoint    ] Leaving safepoint region
[2020-01-13T13:35:17.491+0000][1][safepoint    ] Total time for which application threads were stopped: 0.0000457 seconds, Stopping threads took: 0.0000133 seconds
[2020-01-13T13:35:17.491+0000][1][safepoint    ] Application time: 0.0000491 seconds
[2020-01-13T13:35:17.491+0000][1][safepoint    ] Entering safepoint region: RevokeBias
[2020-01-13T13:35:17.491+0000][1][safepoint    ] Leaving safepoint region
[2020-01-13T13:35:17.491+0000][1][safepoint    ] Total time for which application threads were stopped: 0.0000269 seconds, Stopping threads took: 0.0000125 seconds
[2020-01-13T13:35:17.530+0000][1][safepoint    ] Application time: 0.0384709 seconds
[2020-01-13T13:35:17.530+0000][1][safepoint    ] Entering safepoint region: RevokeBias
[2020-01-13T13:35:17.531+0000][1][safepoint    ] Leaving safepoint region
[2020-01-13T13:35:17.531+0000][1][safepoint    ] Total time for which application threads were stopped: 0.0007423 seconds, Stopping threads took: 0.0000235 seconds
[2020-01-13T13:35:17.531+0000][1][safepoint    ] Application time: 0.0000407 seconds
[2020-01-13T13:35:17.531+0000][1][safepoint    ] Entering safepoint region: RevokeBias
[2020-01-13T13:35:17.531+0000][1][safepoint    ] Leaving safepoint region
[2020-01-13T13:35:17.531+0000][1][safepoint    ] Total time for which application threads were stopped: 0.0000548 seconds, Stopping threads took: 0.0000068 seconds
[2020-01-13T13:35:17.855+0000][1][safepoint    ] Application time: 0.3244975 seconds
[2020-01-13T13:35:17.855+0000][1][safepoint    ] Entering safepoint region: Deoptimize
[2020-01-13T13:35:17.856+0000][1][safepoint    ] Leaving safepoint region
[2020-01-13T13:35:17.856+0000][1][safepoint    ] Total time for which application threads were stopped: 0.0008714 seconds, Stopping threads took: 0.0001220 seconds
[2020-01-13T13:35:18.036+0000][1][safepoint    ] Application time: 0.1803991 seconds
[2020-01-13T13:35:18.037+0000][1][safepoint    ] Entering safepoint region: GenCollectForAllocation
[2020-01-13T13:35:18.037+0000][1][gc,start     ] GC(21) Pause Young (Allocation Failure)
[2020-01-13T13:35:18.037+0000][1][gc,task      ] GC(21) Using 1 workers of 1 for evacuation
[2020-01-13T13:35:18.072+0000][1][gc,age       ] GC(21) Desired survivor size 4358144 bytes, new threshold 2 (max threshold 6)
[2020-01-13T13:35:18.072+0000][1][gc,age       ] GC(21) Age table with threshold 2 (max threshold 6)
[2020-01-13T13:35:18.072+0000][1][gc,age       ] GC(21) - age   1:    3340936 bytes,    3340936 total
[2020-01-13T13:35:18.072+0000][1][gc,age       ] GC(21) - age   2:    1325344 bytes,    4666280 total
[2020-01-13T13:35:18.072+0000][1][gc,heap      ] GC(21) ParNew: 74384K->4972K(76672K)
[2020-01-13T13:35:18.072+0000][1][gc,heap      ] GC(21) CMS: 58049K->61360K(176960K)
[2020-01-13T13:35:18.072+0000][1][gc,metaspace ] GC(21) Metaspace: 58788K->58788K(1103872K)
[2020-01-13T13:35:18.072+0000][1][gc           ] GC(21) Pause Young (Allocation Failure) 129M->64M(247M) 35.310ms
[2020-01-13T13:35:18.072+0000][1][gc,cpu       ] GC(21) User=0.03s Sys=0.00s Real=0.04s
[2020-01-13T13:35:18.072+0000][1][safepoint    ] Leaving safepoint region
[2020-01-13T13:35:18.072+0000][1][safepoint    ] Total time for which application threads were stopped: 0.0354729 seconds, Stopping threads took: 0.0000245 seconds
[2020-01-13T13:35:18.497+0000][1][safepoint    ] Application time: 0.4245193 seconds
[2020-01-13T13:35:18.499+0000][1][safepoint    ] Entering safepoint region: RevokeBias
[2020-01-13T13:35:18.499+0000][1][safepoint    ] Leaving safepoint region
[2020-01-13T13:35:18.499+0000][1][safepoint    ] Total time for which application threads were stopped: 0.0021504 seconds, Stopping threads took: 0.0020545 seconds
[2020-01-13T13:35:18.640+0000][1][safepoint    ] Application time: 0.1414827 seconds
[2020-01-13T13:35:18.640+0000][1][safepoint    ] Entering safepoint region: RevokeBias
[2020-01-13T13:35:18.640+0000][1][safepoint    ] Leaving safepoint region
[2020-01-13T13:35:18.640+0000][1][safepoint    ] Total time for which application threads were stopped: 0.0001286 seconds, Stopping threads took: 0.0000435 seconds
[2020-01-13T13:35:18.802+0000][1][safepoint    ] Application time: 0.1614223 seconds
[2020-01-13T13:35:18.802+0000][1][safepoint    ] Entering safepoint region: Deoptimize
[2020-01-13T13:35:18.803+0000][1][safepoint    ] Leaving safepoint region
[2020-01-13T13:35:18.803+0000][1][safepoint    ] Total time for which application threads were stopped: 0.0008008 seconds, Stopping threads took: 0.0000256 seconds
[2020-01-13T13:35:18.818+0000][1][safepoint    ] Application time: 0.0152296 seconds
[2020-01-13T13:35:18.818+0000][1][safepoint    ] Entering safepoint region: BulkRevokeBias
[2020-01-13T13:35:18.818+0000][1][safepoint    ] Leaving safepoint region
[2020-01-13T13:35:18.818+0000][1][safepoint    ] Total time for which application threads were stopped: 0.0001589 seconds, Stopping threads took: 0.0000212 seconds
[2020-01-13T13:35:18.819+0000][1][safepoint    ] Application time: 0.0011394 seconds
[2020-01-13T13:35:18.819+0000][1][safepoint    ] Entering safepoint region: RevokeBias
[2020-01-13T13:35:18.819+0000][1][safepoint    ] Leaving safepoint region
[2020-01-13T13:35:18.819+0000][1][safepoint    ] Total time for which application threads were stopped: 0.0000866 seconds, Stopping threads took: 0.0000387 seconds
[2020-01-13T13:35:18.820+0000][1][safepoint    ] Application time: 0.0003337 seconds
[2020-01-13T13:35:18.820+0000][1][safepoint    ] Entering safepoint region: RevokeBias
[2020-01-13T13:35:18.820+0000][1][safepoint    ] Leaving safepoint region
[2020-01-13T13:35:18.820+0000][1][safepoint    ] Total time for which application threads were stopped: 0.0000725 seconds, Stopping threads took: 0.0000167 seconds
[2020-01-13T13:35:18.820+0000][1][safepoint    ] Application time: 0.0000281 seconds
[2020-01-13T13:35:18.820+0000][1][safepoint    ] Entering safepoint region: RevokeBias
[2020-01-13T13:35:18.820+0000][1][safepoint    ] Leaving safepoint region
[2020-01-13T13:35:18.820+0000][1][safepoint    ] Total time for which application threads were stopped: 0.0000408 seconds, Stopping threads took: 0.0000127 seconds
[2020-01-13T13:35:18.820+0000][1][safepoint    ] Application time: 0.0001370 seconds
[2020-01-13T13:35:18.820+0000][1][safepoint    ] Entering safepoint region: RevokeBias
[2020-01-13T13:35:18.820+0000][1][safepoint    ] Leaving safepoint region
[2020-01-13T13:35:18.820+0000][1][safepoint    ] Total time for which application threads were stopped: 0.0000545 seconds, Stopping threads took: 0.0000139 seconds
[2020-01-13T13:35:18.820+0000][1][safepoint    ] Application time: 0.0001520 seconds
[2020-01-13T13:35:18.820+0000][1][safepoint    ] Entering safepoint region: RevokeBias
[2020-01-13T13:35:18.820+0000][1][safepoint    ] Leaving safepoint region
[2020-01-13T13:35:18.820+0000][1][safepoint    ] Total time for which application threads were stopped: 0.0000396 seconds, Stopping threads took: 0.0000139 seconds
[2020-01-13T13:35:18.820+0000][1][safepoint    ] Application time: 0.0001393 seconds
[2020-01-13T13:35:18.820+0000][1][safepoint    ] Entering safepoint region: RevokeBias
[2020-01-13T13:35:18.820+0000][1][safepoint    ] Leaving safepoint region
[2020-01-13T13:35:18.820+0000][1][safepoint    ] Total time for which application threads were stopped: 0.0000438 seconds, Stopping threads took: 0.0000141 seconds
[2020-01-13T13:35:18.820+0000][1][safepoint    ] Application time: 0.0000258 seconds
[2020-01-13T13:35:18.820+0000][1][safepoint    ] Entering safepoint region: RevokeBias
[2020-01-13T13:35:18.821+0000][1][safepoint    ] Leaving safepoint region
[2020-01-13T13:35:18.821+0000][1][safepoint    ] Total time for which application threads were stopped: 0.0000372 seconds, Stopping threads took: 0.0000123 seconds
[2020-01-13T13:35:18.822+0000][1][safepoint    ] Application time: 0.0013185 seconds
[2020-01-13T13:35:18.822+0000][1][safepoint    ] Entering safepoint region: RevokeBias
[2020-01-13T13:35:18.822+0000][1][safepoint    ] Leaving safepoint region
[2020-01-13T13:35:18.822+0000][1][safepoint    ] Total time for which application threads were stopped: 0.0000582 seconds, Stopping threads took: 0.0000183 seconds
[2020-01-13T13:35:18.822+0000][1][safepoint    ] Application time: 0.0000564 seconds
[2020-01-13T13:35:18.822+0000][1][safepoint    ] Entering safepoint region: RevokeBias
[2020-01-13T13:35:18.822+0000][1][safepoint    ] Leaving safepoint region
[2020-01-13T13:35:18.822+0000][1][safepoint    ] Total time for which application threads were stopped: 0.0000362 seconds, Stopping threads took: 0.0000128 seconds
[2020-01-13T13:35:18.825+0000][1][safepoint    ] Application time: 0.0025849 seconds
[2020-01-13T13:35:18.825+0000][1][safepoint    ] Entering safepoint region: Deoptimize
[2020-01-13T13:35:18.825+0000][1][safepoint    ] Leaving safepoint region
[2020-01-13T13:35:18.825+0000][1][safepoint    ] Total time for which application threads were stopped: 0.0007447 seconds, Stopping threads took: 0.0000244 seconds
[2020-01-13T13:35:18.828+0000][1][safepoint    ] Application time: 0.0022463 seconds
[2020-01-13T13:35:18.828+0000][1][safepoint    ] Entering safepoint region: RevokeBias
[2020-01-13T13:35:18.828+0000][1][safepoint    ] Leaving safepoint region
[2020-01-13T13:35:18.828+0000][1][safepoint    ] Total time for which application threads were stopped: 0.0000503 seconds, Stopping threads took: 0.0000191 seconds
[2020-01-13T13:35:18.864+0000][1][safepoint    ] Application time: 0.0362451 seconds
[2020-01-13T13:35:18.864+0000][1][safepoint    ] Entering safepoint region: RevokeBias
[2020-01-13T13:35:18.864+0000][1][safepoint    ] Leaving safepoint region
[2020-01-13T13:35:18.864+0000][1][safepoint    ] Total time for which application threads were stopped: 0.0001079 seconds, Stopping threads took: 0.0000282 seconds
[2020-01-13T13:35:18.872+0000][1][safepoint    ] Application time: 0.0078625 seconds
[2020-01-13T13:35:18.872+0000][1][safepoint    ] Entering safepoint region: RevokeBias
[2020-01-13T13:35:18.872+0000][1][safepoint    ] Leaving safepoint region
[2020-01-13T13:35:18.872+0000][1][safepoint    ] Total time for which application threads were stopped: 0.0001647 seconds, Stopping threads took: 0.0000281 seconds
[2020-01-13T13:35:18.872+0000][1][safepoint    ] Application time: 0.0003035 seconds
[2020-01-13T13:35:18.873+0000][1][safepoint    ] Entering safepoint region: RevokeBias
[2020-01-13T13:35:18.873+0000][1][safepoint    ] Leaving safepoint region
[2020-01-13T13:35:18.873+0000][1][safepoint    ] Total time for which application threads were stopped: 0.0001279 seconds, Stopping threads took: 0.0000201 seconds
[2020-01-13T13:35:18.873+0000][1][safepoint    ] Application time: 0.0006549 seconds
[2020-01-13T13:35:18.875+0000][1][safepoint    ] Entering safepoint region: RevokeBias
[2020-01-13T13:35:18.875+0000][1][safepoint    ] Leaving safepoint region
[2020-01-13T13:35:18.875+0000][1][safepoint    ] Total time for which application threads were stopped: 0.0018769 seconds, Stopping threads took: 0.0018186 seconds
[2020-01-13T13:35:18.877+0000][1][safepoint    ] Application time: 0.0013882 seconds
[2020-01-13T13:35:18.877+0000][1][safepoint    ] Entering safepoint region: RevokeBias
[2020-01-13T13:35:18.877+0000][1][safepoint    ] Leaving safepoint region
[2020-01-13T13:35:18.877+0000][1][safepoint    ] Total time for which application threads were stopped: 0.0000806 seconds, Stopping threads took: 0.0000303 seconds
[2020-01-13T13:35:18.881+0000][1][safepoint    ] Application time: 0.0039207 seconds
[2020-01-13T13:35:18.881+0000][1][safepoint    ] Entering safepoint region: RevokeBias
[2020-01-13T13:35:18.881+0000][1][safepoint    ] Leaving safepoint region
[2020-01-13T13:35:18.881+0000][1][safepoint    ] Total time for which application threads were stopped: 0.0000797 seconds, Stopping threads took: 0.0000262 seconds
[2020-01-13T13:35:18.881+0000][1][safepoint    ] Application time: 0.0002348 seconds
[2020-01-13T13:35:18.881+0000][1][safepoint    ] Entering safepoint region: RevokeBias
[2020-01-13T13:35:18.881+0000][1][safepoint    ] Leaving safepoint region
[2020-01-13T13:35:18.881+0000][1][safepoint    ] Total time for which application threads were stopped: 0.0000541 seconds, Stopping threads took: 0.0000068 seconds
[2020-01-13T13:35:18.881+0000][1][safepoint    ] Application time: 0.0000295 seconds
[2020-01-13T13:35:18.881+0000][1][safepoint    ] Entering safepoint region: RevokeBias
[2020-01-13T13:35:18.881+0000][1][safepoint    ] Leaving safepoint region
[2020-01-13T13:35:18.881+0000][1][safepoint    ] Total time for which application threads were stopped: 0.0000404 seconds, Stopping threads took: 0.0000054 seconds
[2020-01-13T13:35:18.881+0000][1][safepoint    ] Application time: 0.0003675 seconds
[2020-01-13T13:35:18.881+0000][1][safepoint    ] Entering safepoint region: RevokeBias
[2020-01-13T13:35:18.882+0000][1][safepoint    ] Leaving safepoint region
[2020-01-13T13:35:18.882+0000][1][safepoint    ] Total time for which application threads were stopped: 0.0000543 seconds, Stopping threads took: 0.0000074 seconds
[2020-01-13T13:35:18.882+0000][1][safepoint    ] Application time: 0.0000273 seconds
[2020-01-13T13:35:18.882+0000][1][safepoint    ] Entering safepoint region: RevokeBias
[2020-01-13T13:35:18.882+0000][1][safepoint    ] Leaving safepoint region
[2020-01-13T13:35:18.882+0000][1][safepoint    ] Total time for which application threads were stopped: 0.0000390 seconds, Stopping threads took: 0.0000054 seconds
[2020-01-13T13:35:18.916+0000][1][safepoint    ] Application time: 0.0348024 seconds
[2020-01-13T13:35:18.919+0000][1][safepoint    ] Entering safepoint region: RevokeBias
[2020-01-13T13:35:18.919+0000][1][safepoint    ] Leaving safepoint region
[2020-01-13T13:35:18.919+0000][1][safepoint    ] Total time for which application threads were stopped: 0.0028386 seconds, Stopping threads took: 0.0027488 seconds
[2020-01-13T13:35:18.919+0000][1][safepoint    ] Application time: 0.0000365 seconds
[2020-01-13T13:35:18.919+0000][1][safepoint    ] Entering safepoint region: RevokeBias
[2020-01-13T13:35:18.919+0000][1][safepoint    ] Leaving safepoint region
[2020-01-13T13:35:18.919+0000][1][safepoint    ] Total time for which application threads were stopped: 0.0000358 seconds, Stopping threads took: 0.0000121 seconds
[2020-01-13T13:35:18.924+0000][1][safepoint    ] Application time: 0.0050603 seconds
[2020-01-13T13:35:18.927+0000][1][safepoint    ] Entering safepoint region: RevokeBias
[2020-01-13T13:35:18.927+0000][1][safepoint    ] Leaving safepoint region
[2020-01-13T13:35:18.927+0000][1][safepoint    ] Total time for which application threads were stopped: 0.0021582 seconds, Stopping threads took: 0.0020614 seconds
[2020-01-13T13:35:18.927+0000][1][safepoint    ] Application time: 0.0001067 seconds
[2020-01-13T13:35:18.927+0000][1][safepoint    ] Entering safepoint region: RevokeBias
[2020-01-13T13:35:18.927+0000][1][safepoint    ] Leaving safepoint region
[2020-01-13T13:35:18.927+0000][1][safepoint    ] Total time for which application threads were stopped: 0.0000431 seconds, Stopping threads took: 0.0000057 seconds
[2020-01-13T13:35:18.927+0000][1][safepoint    ] Application time: 0.0000470 seconds
[2020-01-13T13:35:18.927+0000][1][safepoint    ] Entering safepoint region: RevokeBias
[2020-01-13T13:35:18.927+0000][1][safepoint    ] Leaving safepoint region
[2020-01-13T13:35:18.927+0000][1][safepoint    ] Total time for which application threads were stopped: 0.0000321 seconds, Stopping threads took: 0.0000048 seconds
[2020-01-13T13:35:18.927+0000][1][safepoint    ] Application time: 0.0005090 seconds
[2020-01-13T13:35:18.927+0000][1][safepoint    ] Entering safepoint region: RevokeBias
[2020-01-13T13:35:18.927+0000][1][safepoint    ] Leaving safepoint region
[2020-01-13T13:35:18.927+0000][1][safepoint    ] Total time for which application threads were stopped: 0.0000794 seconds, Stopping threads took: 0.0000097 seconds
[2020-01-13T13:35:18.928+0000][1][safepoint    ] Application time: 0.0008099 seconds
[2020-01-13T13:35:18.928+0000][1][safepoint    ] Entering safepoint region: RevokeBias
[2020-01-13T13:35:18.928+0000][1][safepoint    ] Leaving safepoint region
[2020-01-13T13:35:18.928+0000][1][safepoint    ] Total time for which application threads were stopped: 0.0001203 seconds, Stopping threads took: 0.0000535 seconds
[2020-01-13T13:35:18.928+0000][1][safepoint    ] Application time: 0.0000316 seconds
[2020-01-13T13:35:18.928+0000][1][safepoint    ] Entering safepoint region: RevokeBias
[2020-01-13T13:35:18.929+0000][1][safepoint    ] Leaving safepoint region
[2020-01-13T13:35:18.929+0000][1][safepoint    ] Total time for which application threads were stopped: 0.0000375 seconds, Stopping threads took: 0.0000055 seconds
[2020-01-13T13:35:18.933+0000][1][safepoint    ] Application time: 0.0045690 seconds
[2020-01-13T13:35:18.934+0000][1][safepoint    ] Entering safepoint region: RevokeBias
[2020-01-13T13:35:18.934+0000][1][safepoint    ] Leaving safepoint region
[2020-01-13T13:35:18.934+0000][1][safepoint    ] Total time for which application threads were stopped: 0.0012824 seconds, Stopping threads took: 0.0012098 seconds
[2020-01-13T13:35:18.934+0000][1][safepoint    ] Application time: 0.0000513 seconds
[2020-01-13T13:35:18.934+0000][1][safepoint    ] Entering safepoint region: RevokeBias
[2020-01-13T13:35:18.935+0000][1][safepoint    ] Leaving safepoint region
[2020-01-13T13:35:18.935+0000][1][safepoint    ] Total time for which application threads were stopped: 0.0000444 seconds, Stopping threads took: 0.0000121 seconds
[2020-01-13T13:35:18.942+0000][1][safepoint    ] Application time: 0.0077877 seconds
[2020-01-13T13:35:18.944+0000][1][safepoint    ] Entering safepoint region: RevokeBias
[2020-01-13T13:35:18.944+0000][1][safepoint    ] Leaving safepoint region
[2020-01-13T13:35:18.944+0000][1][safepoint    ] Total time for which application threads were stopped: 0.0020930 seconds, Stopping threads took: 0.0020318 seconds
[2020-01-13T13:35:18.945+0000][1][safepoint    ] Application time: 0.0009428 seconds
[2020-01-13T13:35:18.945+0000][1][safepoint    ] Entering safepoint region: RevokeBias
[2020-01-13T13:35:18.945+0000][1][safepoint    ] Leaving safepoint region
[2020-01-13T13:35:18.945+0000][1][safepoint    ] Total time for which application threads were stopped: 0.0000571 seconds, Stopping threads took: 0.0000107 seconds
[2020-01-13T13:35:18.946+0000][1][safepoint    ] Application time: 0.0002083 seconds
[2020-01-13T13:35:18.946+0000][1][safepoint    ] Entering safepoint region: RevokeBias
[2020-01-13T13:35:18.946+0000][1][safepoint    ] Leaving safepoint region
[2020-01-13T13:35:18.946+0000][1][safepoint    ] Total time for which application threads were stopped: 0.0000837 seconds, Stopping threads took: 0.0000194 seconds
[2020-01-13T13:35:18.947+0000][1][safepoint    ] Application time: 0.0008314 seconds
[2020-01-13T13:35:18.947+0000][1][safepoint    ] Entering safepoint region: RevokeBias
[2020-01-13T13:35:18.947+0000][1][safepoint    ] Leaving safepoint region
[2020-01-13T13:35:18.947+0000][1][safepoint    ] Total time for which application threads were stopped: 0.0000700 seconds, Stopping threads took: 0.0000231 seconds
[2020-01-13T13:35:18.954+0000][1][safepoint    ] Application time: 0.0071760 seconds
[2020-01-13T13:35:18.954+0000][1][safepoint    ] Entering safepoint region: RevokeBias
[2020-01-13T13:35:18.954+0000][1][safepoint    ] Leaving safepoint region
[2020-01-13T13:35:18.954+0000][1][safepoint    ] Total time for which application threads were stopped: 0.0000652 seconds, Stopping threads took: 0.0000222 seconds
[2020-01-13T13:35:18.955+0000][1][safepoint    ] Application time: 0.0011274 seconds
[2020-01-13T13:35:18.955+0000][1][safepoint    ] Entering safepoint region: RevokeBias
[2020-01-13T13:35:18.955+0000][1][safepoint    ] Leaving safepoint region
[2020-01-13T13:35:18.955+0000][1][safepoint    ] Total time for which application threads were stopped: 0.0000567 seconds, Stopping threads took: 0.0000192 seconds
[2020-01-13T13:35:18.957+0000][1][safepoint    ] Application time: 0.0016021 seconds
[2020-01-13T13:35:18.957+0000][1][safepoint    ] Entering safepoint region: RevokeBias
[2020-01-13T13:35:18.957+0000][1][safepoint    ] Leaving safepoint region
[2020-01-13T13:35:18.957+0000][1][safepoint    ] Total time for which application threads were stopped: 0.0005508 seconds, Stopping threads took: 0.0005053 seconds
[2020-01-13T13:35:18.987+0000][1][safepoint    ] Application time: 0.0293135 seconds
[2020-01-13T13:35:18.987+0000][1][safepoint    ] Entering safepoint region: RevokeBias
[2020-01-13T13:35:18.987+0000][1][safepoint    ] Leaving safepoint region
[2020-01-13T13:35:18.987+0000][1][safepoint    ] Total time for which application threads were stopped: 0.0001405 seconds, Stopping threads took: 0.0000446 seconds
[2020-01-13T13:35:18.987+0000][1][safepoint    ] Application time: 0.0000705 seconds
[2020-01-13T13:35:18.987+0000][1][safepoint    ] Entering safepoint region: RevokeBias
[2020-01-13T13:35:18.987+0000][1][safepoint    ] Leaving safepoint region
[2020-01-13T13:35:18.987+0000][1][safepoint    ] Total time for which application threads were stopped: 0.0000321 seconds, Stopping threads took: 0.0000060 seconds
[2020-01-13T13:35:18.987+0000][1][safepoint    ] Application time: 0.0000277 seconds
[2020-01-13T13:35:18.987+0000][1][safepoint    ] Entering safepoint region: RevokeBias
[2020-01-13T13:35:18.987+0000][1][safepoint    ] Leaving safepoint region
[2020-01-13T13:35:18.987+0000][1][safepoint    ] Total time for which application threads were stopped: 0.0000284 seconds, Stopping threads took: 0.0000055 seconds
[2020-01-13T13:35:18.988+0000][1][safepoint    ] Application time: 0.0006673 seconds
[2020-01-13T13:35:18.988+0000][1][safepoint    ] Entering safepoint region: RevokeBias
[2020-01-13T13:35:18.988+0000][1][safepoint    ] Leaving safepoint region
[2020-01-13T13:35:18.988+0000][1][safepoint    ] Total time for which application threads were stopped: 0.0000760 seconds, Stopping threads took: 0.0000211 seconds
[2020-01-13T13:35:18.988+0000][1][safepoint    ] Application time: 0.0005834 seconds
[2020-01-13T13:35:18.988+0000][1][safepoint    ] Entering safepoint region: RevokeBias
[2020-01-13T13:35:18.988+0000][1][safepoint    ] Leaving safepoint region
[2020-01-13T13:35:18.988+0000][1][safepoint    ] Total time for which application threads were stopped: 0.0000451 seconds, Stopping threads took: 0.0000089 seconds
[2020-01-13T13:35:18.989+0000][1][safepoint    ] Application time: 0.0009619 seconds
[2020-01-13T13:35:18.989+0000][1][safepoint    ] Entering safepoint region: RevokeBias
[2020-01-13T13:35:18.989+0000][1][safepoint    ] Leaving safepoint region
[2020-01-13T13:35:18.989+0000][1][safepoint    ] Total time for which application threads were stopped: 0.0000654 seconds, Stopping threads took: 0.0000087 seconds
[2020-01-13T13:35:18.990+0000][1][safepoint    ] Application time: 0.0000308 seconds
[2020-01-13T13:35:18.990+0000][1][safepoint    ] Entering safepoint region: RevokeBias
[2020-01-13T13:35:18.990+0000][1][safepoint    ] Leaving safepoint region
[2020-01-13T13:35:18.990+0000][1][safepoint    ] Total time for which application threads were stopped: 0.0000286 seconds, Stopping threads took: 0.0000057 seconds
[2020-01-13T13:35:18.998+0000][1][safepoint    ] Application time: 0.0086440 seconds
[2020-01-13T13:35:18.998+0000][1][safepoint    ] Entering safepoint region: RevokeBias
[2020-01-13T13:35:18.998+0000][1][safepoint    ] Leaving safepoint region
[2020-01-13T13:35:18.998+0000][1][safepoint    ] Total time for which application threads were stopped: 0.0001284 seconds, Stopping threads took: 0.0000468 seconds
[2020-01-13T13:35:19.000+0000][1][safepoint    ] Application time: 0.0011555 seconds
[2020-01-13T13:35:19.000+0000][1][safepoint    ] Entering safepoint region: RevokeBias
[2020-01-13T13:35:19.000+0000][1][safepoint    ] Leaving safepoint region
[2020-01-13T13:35:19.000+0000][1][safepoint    ] Total time for which application threads were stopped: 0.0001502 seconds, Stopping threads took: 0.0000962 seconds
[2020-01-13T13:35:19.028+0000][1][safepoint    ] Application time: 0.0278812 seconds
[2020-01-13T13:35:19.030+0000][1][safepoint    ] Entering safepoint region: RevokeBias
[2020-01-13T13:35:19.030+0000][1][safepoint    ] Leaving safepoint region
[2020-01-13T13:35:19.030+0000][1][safepoint    ] Total time for which application threads were stopped: 0.0023077 seconds, Stopping threads took: 0.0021997 seconds
[2020-01-13T13:35:19.040+0000][1][safepoint    ] Application time: 0.0098044 seconds
[2020-01-13T13:35:19.043+0000][1][safepoint    ] Entering safepoint region: RevokeBias
[2020-01-13T13:35:19.043+0000][1][safepoint    ] Leaving safepoint region
[2020-01-13T13:35:19.043+0000][1][safepoint    ] Total time for which application threads were stopped: 0.0033944 seconds, Stopping threads took: 0.0033210 seconds
[2020-01-13T13:35:19.052+0000][1][safepoint    ] Application time: 0.0092814 seconds
[2020-01-13T13:35:19.054+0000][1][safepoint    ] Entering safepoint region: RevokeBias
[2020-01-13T13:35:19.054+0000][1][safepoint    ] Leaving safepoint region
[2020-01-13T13:35:19.054+0000][1][safepoint    ] Total time for which application threads were stopped: 0.0019241 seconds, Stopping threads took: 0.0018155 seconds
[2020-01-13T13:35:19.055+0000][1][safepoint    ] Application time: 0.0001543 seconds
[2020-01-13T13:35:19.055+0000][1][safepoint    ] Entering safepoint region: RevokeBias
[2020-01-13T13:35:19.055+0000][1][safepoint    ] Leaving safepoint region
[2020-01-13T13:35:19.055+0000][1][safepoint    ] Total time for which application threads were stopped: 0.0000632 seconds, Stopping threads took: 0.0000160 seconds
[2020-01-13T13:35:19.074+0000][1][safepoint    ] Application time: 0.0197185 seconds
[2020-01-13T13:35:19.074+0000][1][safepoint    ] Entering safepoint region: RevokeBias
[2020-01-13T13:35:19.074+0000][1][safepoint    ] Leaving safepoint region
[2020-01-13T13:35:19.074+0000][1][safepoint    ] Total time for which application threads were stopped: 0.0000901 seconds, Stopping threads took: 0.0000268 seconds
[2020-01-13T13:35:19.075+0000][1][safepoint    ] Application time: 0.0000309 seconds
[2020-01-13T13:35:19.075+0000][1][safepoint    ] Entering safepoint region: RevokeBias
[2020-01-13T13:35:19.075+0000][1][safepoint    ] Leaving safepoint region
[2020-01-13T13:35:19.075+0000][1][safepoint    ] Total time for which application threads were stopped: 0.0000266 seconds, Stopping threads took: 0.0000057 seconds
[2020-01-13T13:35:19.075+0000][1][safepoint    ] Application time: 0.0000273 seconds
[2020-01-13T13:35:19.075+0000][1][safepoint    ] Entering safepoint region: RevokeBias
[2020-01-13T13:35:19.075+0000][1][safepoint    ] Leaving safepoint region
[2020-01-13T13:35:19.075+0000][1][safepoint    ] Total time for which application threads were stopped: 0.0000398 seconds, Stopping threads took: 0.0000177 seconds
[2020-01-13T13:35:19.092+0000][1][safepoint    ] Application time: 0.0171502 seconds
[2020-01-13T13:35:19.092+0000][1][safepoint    ] Entering safepoint region: RevokeBias
[2020-01-13T13:35:19.092+0000][1][safepoint    ] Leaving safepoint region
[2020-01-13T13:35:19.092+0000][1][safepoint    ] Total time for which application threads were stopped: 0.0000885 seconds, Stopping threads took: 0.0000228 seconds
[2020-01-13T13:35:19.092+0000][1][safepoint    ] Application time: 0.0000570 seconds
[2020-01-13T13:35:19.092+0000][1][safepoint    ] Entering safepoint region: RevokeBias
[2020-01-13T13:35:19.092+0000][1][safepoint    ] Leaving safepoint region
[2020-01-13T13:35:19.092+0000][1][safepoint    ] Total time for which application threads were stopped: 0.0000332 seconds, Stopping threads took: 0.0000131 seconds
[2020-01-13T13:35:19.105+0000][1][safepoint    ] Application time: 0.0131663 seconds
[2020-01-13T13:35:19.106+0000][1][safepoint    ] Entering safepoint region: RevokeBias
[2020-01-13T13:35:19.106+0000][1][safepoint    ] Leaving safepoint region
[2020-01-13T13:35:19.106+0000][1][safepoint    ] Total time for which application threads were stopped: 0.0011426 seconds, Stopping threads took: 0.0010696 seconds
[2020-01-13T13:35:19.112+0000][1][safepoint    ] Application time: 0.0055967 seconds
[2020-01-13T13:35:19.112+0000][1][safepoint    ] Entering safepoint region: RevokeBias
[2020-01-13T13:35:19.112+0000][1][safepoint    ] Leaving safepoint region
[2020-01-13T13:35:19.112+0000][1][safepoint    ] Total time for which application threads were stopped: 0.0000813 seconds, Stopping threads took: 0.0000219 seconds
[2020-01-13T13:35:19.114+0000][1][safepoint    ] Application time: 0.0016183 seconds
[2020-01-13T13:35:19.114+0000][1][safepoint    ] Entering safepoint region: RevokeBias
[2020-01-13T13:35:19.114+0000][1][safepoint    ] Leaving safepoint region
[2020-01-13T13:35:19.114+0000][1][safepoint    ] Total time for which application threads were stopped: 0.0000654 seconds, Stopping threads took: 0.0000212 seconds
[2020-01-13T13:35:19.136+0000][1][safepoint    ] Application time: 0.0218276 seconds
[2020-01-13T13:35:19.137+0000][1][safepoint    ] Entering safepoint region: RevokeBias
[2020-01-13T13:35:19.137+0000][1][safepoint    ] Leaving safepoint region
[2020-01-13T13:35:19.137+0000][1][safepoint    ] Total time for which application threads were stopped: 0.0013669 seconds, Stopping threads took: 0.0012820 seconds
[2020-01-13T13:35:19.137+0000][1][safepoint    ] Application time: 0.0000749 seconds
[2020-01-13T13:35:19.137+0000][1][safepoint    ] Entering safepoint region: RevokeBias
[2020-01-13T13:35:19.137+0000][1][safepoint    ] Leaving safepoint region
[2020-01-13T13:35:19.137+0000][1][safepoint    ] Total time for which application threads were stopped: 0.0000398 seconds, Stopping threads took: 0.0000159 seconds
[2020-01-13T13:35:19.152+0000][1][safepoint    ] Application time: 0.0148707 seconds
[2020-01-13T13:35:19.152+0000][1][safepoint    ] Entering safepoint region: RevokeBias
[2020-01-13T13:35:19.152+0000][1][safepoint    ] Leaving safepoint region
[2020-01-13T13:35:19.152+0000][1][safepoint    ] Total time for which application threads were stopped: 0.0002377 seconds, Stopping threads took: 0.0000819 seconds
[2020-01-13T13:35:19.166+0000][1][safepoint    ] Application time: 0.0134021 seconds
[2020-01-13T13:35:19.166+0000][1][safepoint    ] Entering safepoint region: RevokeBias
[2020-01-13T13:35:19.166+0000][1][safepoint    ] Leaving safepoint region
[2020-01-13T13:35:19.166+0000][1][safepoint    ] Total time for which application threads were stopped: 0.0000936 seconds, Stopping threads took: 0.0000266 seconds
[2020-01-13T13:35:19.172+0000][1][safepoint    ] Application time: 0.0061797 seconds
[2020-01-13T13:35:19.172+0000][1][safepoint    ] Entering safepoint region: RevokeBias
[2020-01-13T13:35:19.172+0000][1][safepoint    ] Leaving safepoint region
[2020-01-13T13:35:19.172+0000][1][safepoint    ] Total time for which application threads were stopped: 0.0001037 seconds, Stopping threads took: 0.0000376 seconds
[2020-01-13T13:35:19.225+0000][1][safepoint    ] Application time: 0.0529174 seconds
[2020-01-13T13:35:19.228+0000][1][safepoint    ] Entering safepoint region: RevokeBias
[2020-01-13T13:35:19.228+0000][1][safepoint    ] Leaving safepoint region
[2020-01-13T13:35:19.228+0000][1][safepoint    ] Total time for which application threads were stopped: 0.0032540 seconds, Stopping threads took: 0.0031667 seconds
[2020-01-13T13:35:19.231+0000][1][safepoint    ] Application time: 0.0028586 seconds
[2020-01-13T13:35:19.231+0000][1][safepoint    ] Entering safepoint region: RevokeBias
[2020-01-13T13:35:19.231+0000][1][safepoint    ] Leaving safepoint region
[2020-01-13T13:35:19.231+0000][1][safepoint    ] Total time for which application threads were stopped: 0.0000881 seconds, Stopping threads took: 0.0000279 seconds
[2020-01-13T13:35:19.238+0000][1][safepoint    ] Application time: 0.0069570 seconds
[2020-01-13T13:35:19.238+0000][1][safepoint    ] Entering safepoint region: RevokeBias
[2020-01-13T13:35:19.238+0000][1][safepoint    ] Leaving safepoint region
[2020-01-13T13:35:19.238+0000][1][safepoint    ] Total time for which application threads were stopped: 0.0000863 seconds, Stopping threads took: 0.0000243 seconds
[2020-01-13T13:35:19.244+0000][1][safepoint    ] Application time: 0.0058688 seconds
[2020-01-13T13:35:19.244+0000][1][safepoint    ] Entering safepoint region: RevokeBias
[2020-01-13T13:35:19.244+0000][1][safepoint    ] Leaving safepoint region
[2020-01-13T13:35:19.244+0000][1][safepoint    ] Total time for which application threads were stopped: 0.0000886 seconds, Stopping threads took: 0.0000216 seconds
[2020-01-13T13:35:19.244+0000][1][safepoint    ] Application time: 0.0000307 seconds
[2020-01-13T13:35:19.244+0000][1][safepoint    ] Entering safepoint region: RevokeBias
[2020-01-13T13:35:19.245+0000][1][safepoint    ] Leaving safepoint region
[2020-01-13T13:35:19.245+0000][1][safepoint    ] Total time for which application threads were stopped: 0.0000381 seconds, Stopping threads took: 0.0000130 seconds
[2020-01-13T13:35:19.245+0000][1][safepoint    ] Application time: 0.0000243 seconds
[2020-01-13T13:35:19.245+0000][1][safepoint    ] Entering safepoint region: RevokeBias
[2020-01-13T13:35:19.245+0000][1][safepoint    ] Leaving safepoint region
[2020-01-13T13:35:19.245+0000][1][safepoint    ] Total time for which application threads were stopped: 0.0000355 seconds, Stopping threads took: 0.0000126 seconds
[2020-01-13T13:35:19.246+0000][1][safepoint    ] Application time: 0.0017440 seconds
[2020-01-13T13:35:19.246+0000][1][safepoint    ] Entering safepoint region: RevokeBias
[2020-01-13T13:35:19.246+0000][1][safepoint    ] Leaving safepoint region
[2020-01-13T13:35:19.246+0000][1][safepoint    ] Total time for which application threads were stopped: 0.0000798 seconds, Stopping threads took: 0.0000204 seconds
[2020-01-13T13:35:19.247+0000][1][safepoint    ] Application time: 0.0001054 seconds
[2020-01-13T13:35:19.247+0000][1][safepoint    ] Entering safepoint region: RevokeBias
[2020-01-13T13:35:19.247+0000][1][safepoint    ] Leaving safepoint region
[2020-01-13T13:35:19.247+0000][1][safepoint    ] Total time for which application threads were stopped: 0.0000448 seconds, Stopping threads took: 0.0000138 seconds
[2020-01-13T13:35:19.247+0000][1][safepoint    ] Application time: 0.0000242 seconds
[2020-01-13T13:35:19.247+0000][1][safepoint    ] Entering safepoint region: RevokeBias
[2020-01-13T13:35:19.247+0000][1][safepoint    ] Leaving safepoint region
[2020-01-13T13:35:19.247+0000][1][safepoint    ] Total time for which application threads were stopped: 0.0000333 seconds, Stopping threads took: 0.0000126 seconds
[2020-01-13T13:35:19.267+0000][1][safepoint    ] Application time: 0.0206288 seconds
[2020-01-13T13:35:19.269+0000][1][safepoint    ] Entering safepoint region: RevokeBias
[2020-01-13T13:35:19.269+0000][1][safepoint    ] Leaving safepoint region
[2020-01-13T13:35:19.269+0000][1][safepoint    ] Total time for which application threads were stopped: 0.0021102 seconds, Stopping threads took: 0.0020152 seconds
[2020-01-13T13:35:19.275+0000][1][safepoint    ] Application time: 0.0056121 seconds
[2020-01-13T13:35:19.276+0000][1][safepoint    ] Entering safepoint region: RevokeBias
[2020-01-13T13:35:19.276+0000][1][safepoint    ] Leaving safepoint region
[2020-01-13T13:35:19.276+0000][1][safepoint    ] Total time for which application threads were stopped: 0.0011558 seconds, Stopping threads took: 0.0010816 seconds
[2020-01-13T13:35:19.280+0000][1][safepoint    ] Application time: 0.0040019 seconds
[2020-01-13T13:35:19.280+0000][1][safepoint    ] Entering safepoint region: RevokeBias
[2020-01-13T13:35:19.280+0000][1][safepoint    ] Leaving safepoint region
[2020-01-13T13:35:19.280+0000][1][safepoint    ] Total time for which application threads were stopped: 0.0001557 seconds, Stopping threads took: 0.0000682 seconds
[2020-01-13T13:35:19.284+0000][1][safepoint    ] Application time: 0.0033810 seconds
[2020-01-13T13:35:19.285+0000][1][safepoint    ] Entering safepoint region: RevokeBias
[2020-01-13T13:35:19.285+0000][1][safepoint    ] Leaving safepoint region
[2020-01-13T13:35:19.285+0000][1][safepoint    ] Total time for which application threads were stopped: 0.0008422 seconds, Stopping threads took: 0.0007460 seconds
[2020-01-13T13:35:19.285+0000][1][safepoint    ] Application time: 0.0002311 seconds
[2020-01-13T13:35:19.285+0000][1][safepoint    ] Entering safepoint region: RevokeBias
[2020-01-13T13:35:19.285+0000][1][safepoint    ] Leaving safepoint region
[2020-01-13T13:35:19.285+0000][1][safepoint    ] Total time for which application threads were stopped: 0.0000511 seconds, Stopping threads took: 0.0000080 seconds
[2020-01-13T13:35:19.285+0000][1][safepoint    ] Application time: 0.0002971 seconds
[2020-01-13T13:35:19.285+0000][1][safepoint    ] Entering safepoint region: RevokeBias
[2020-01-13T13:35:19.285+0000][1][safepoint    ] Leaving safepoint region
[2020-01-13T13:35:19.285+0000][1][safepoint    ] Total time for which application threads were stopped: 0.0000494 seconds, Stopping threads took: 0.0000081 seconds
[2020-01-13T13:35:19.285+0000][1][safepoint    ] Application time: 0.0000373 seconds
[2020-01-13T13:35:19.285+0000][1][safepoint    ] Entering safepoint region: RevokeBias
[2020-01-13T13:35:19.285+0000][1][safepoint    ] Leaving safepoint region
[2020-01-13T13:35:19.285+0000][1][safepoint    ] Total time for which application threads were stopped: 0.0000337 seconds, Stopping threads took: 0.0000057 seconds
[2020-01-13T13:35:19.285+0000][1][safepoint    ] Application time: 0.0000248 seconds
[2020-01-13T13:35:19.286+0000][1][safepoint    ] Entering safepoint region: RevokeBias
[2020-01-13T13:35:19.286+0000][1][safepoint    ] Leaving safepoint region
[2020-01-13T13:35:19.286+0000][1][safepoint    ] Total time for which application threads were stopped: 0.0000334 seconds, Stopping threads took: 0.0000056 seconds
[2020-01-13T13:35:19.286+0000][1][safepoint    ] Application time: 0.0001792 seconds
[2020-01-13T13:35:19.286+0000][1][safepoint    ] Entering safepoint region: RevokeBias
[2020-01-13T13:35:19.286+0000][1][safepoint    ] Leaving safepoint region
[2020-01-13T13:35:19.286+0000][1][safepoint    ] Total time for which application threads were stopped: 0.0000386 seconds, Stopping threads took: 0.0000070 seconds
[2020-01-13T13:35:19.289+0000][1][safepoint    ] Application time: 0.0028132 seconds
[2020-01-13T13:35:19.289+0000][1][safepoint    ] Entering safepoint region: RevokeBias
[2020-01-13T13:35:19.290+0000][1][safepoint    ] Leaving safepoint region
[2020-01-13T13:35:19.290+0000][1][safepoint    ] Total time for which application threads were stopped: 0.0009008 seconds, Stopping threads took: 0.0008563 seconds
[2020-01-13T13:35:19.295+0000][1][safepoint    ] Application time: 0.0052502 seconds
[2020-01-13T13:35:19.295+0000][1][safepoint    ] Entering safepoint region: RevokeBias
[2020-01-13T13:35:19.295+0000][1][safepoint    ] Leaving safepoint region
[2020-01-13T13:35:19.295+0000][1][safepoint    ] Total time for which application threads were stopped: 0.0000789 seconds, Stopping threads took: 0.0000270 seconds
[2020-01-13T13:35:19.295+0000][1][safepoint    ] Application time: 0.0000728 seconds
[2020-01-13T13:35:19.295+0000][1][safepoint    ] Entering safepoint region: RevokeBias
[2020-01-13T13:35:19.295+0000][1][safepoint    ] Leaving safepoint region
[2020-01-13T13:35:19.295+0000][1][safepoint    ] Total time for which application threads were stopped: 0.0000359 seconds, Stopping threads took: 0.0000112 seconds
[2020-01-13T13:35:19.295+0000][1][safepoint    ] Application time: 0.0000427 seconds
[2020-01-13T13:35:19.295+0000][1][safepoint    ] Entering safepoint region: RevokeBias
[2020-01-13T13:35:19.295+0000][1][safepoint    ] Leaving safepoint region
[2020-01-13T13:35:19.295+0000][1][safepoint    ] Total time for which application threads were stopped: 0.0000330 seconds, Stopping threads took: 0.0000108 seconds
[2020-01-13T13:35:19.295+0000][1][safepoint    ] Application time: 0.0002243 seconds
[2020-01-13T13:35:19.295+0000][1][safepoint    ] Entering safepoint region: RevokeBias
[2020-01-13T13:35:19.295+0000][1][safepoint    ] Leaving safepoint region
[2020-01-13T13:35:19.295+0000][1][safepoint    ] Total time for which application threads were stopped: 0.0000552 seconds, Stopping threads took: 0.0000165 seconds
[2020-01-13T13:35:19.295+0000][1][safepoint    ] Application time: 0.0000507 seconds
[2020-01-13T13:35:19.295+0000][1][safepoint    ] Entering safepoint region: RevokeBias
[2020-01-13T13:35:19.295+0000][1][safepoint    ] Leaving safepoint region
[2020-01-13T13:35:19.295+0000][1][safepoint    ] Total time for which application threads were stopped: 0.0000387 seconds, Stopping threads took: 0.0000127 seconds
[2020-01-13T13:35:19.628+0000][1][safepoint    ] Application time: 0.3328316 seconds
[2020-01-13T13:35:19.628+0000][1][safepoint    ] Entering safepoint region: RevokeBias
[2020-01-13T13:35:19.628+0000][1][safepoint    ] Leaving safepoint region
[2020-01-13T13:35:19.628+0000][1][safepoint    ] Total time for which application threads were stopped: 0.0001096 seconds, Stopping threads took: 0.0000214 seconds
[2020-01-13T13:35:19.629+0000][1][safepoint    ] Application time: 0.0004374 seconds
[2020-01-13T13:35:19.629+0000][1][safepoint    ] Entering safepoint region: RevokeBias
[2020-01-13T13:35:19.629+0000][1][safepoint    ] Leaving safepoint region
[2020-01-13T13:35:19.629+0000][1][safepoint    ] Total time for which application threads were stopped: 0.0000613 seconds, Stopping threads took: 0.0000149 seconds
[2020-01-13T13:35:19.629+0000][1][safepoint    ] Application time: 0.0000289 seconds
[2020-01-13T13:35:19.629+0000][1][safepoint    ] Entering safepoint region: RevokeBias
[2020-01-13T13:35:19.629+0000][1][safepoint    ] Leaving safepoint region
[2020-01-13T13:35:19.629+0000][1][safepoint    ] Total time for which application threads were stopped: 0.0000218 seconds, Stopping threads took: 0.0000058 seconds
[2020-01-13T13:35:19.629+0000][1][safepoint    ] Application time: 0.0000213 seconds
[2020-01-13T13:35:19.629+0000][1][safepoint    ] Entering safepoint region: RevokeBias
[2020-01-13T13:35:19.629+0000][1][safepoint    ] Leaving safepoint region
[2020-01-13T13:35:19.629+0000][1][safepoint    ] Total time for which application threads were stopped: 0.0000214 seconds, Stopping threads took: 0.0000056 seconds
[2020-01-13T13:35:19.629+0000][1][safepoint    ] Application time: 0.0000230 seconds
[2020-01-13T13:35:19.629+0000][1][safepoint    ] Entering safepoint region: RevokeBias
[2020-01-13T13:35:19.629+0000][1][safepoint    ] Leaving safepoint region
[2020-01-13T13:35:19.629+0000][1][safepoint    ] Total time for which application threads were stopped: 0.0000214 seconds, Stopping threads took: 0.0000056 seconds
[2020-01-13T13:35:19.629+0000][1][safepoint    ] Application time: 0.0000272 seconds
[2020-01-13T13:35:19.629+0000][1][safepoint    ] Entering safepoint region: RevokeBias
[2020-01-13T13:35:19.629+0000][1][safepoint    ] Leaving safepoint region
[2020-01-13T13:35:19.629+0000][1][safepoint    ] Total time for which application threads were stopped: 0.0000337 seconds, Stopping threads took: 0.0000172 seconds
[2020-01-13T13:35:19.629+0000][1][safepoint    ] Application time: 0.0000447 seconds
[2020-01-13T13:35:19.629+0000][1][safepoint    ] Entering safepoint region: RevokeBias
[2020-01-13T13:35:19.629+0000][1][safepoint    ] Leaving safepoint region
[2020-01-13T13:35:19.629+0000][1][safepoint    ] Total time for which application threads were stopped: 0.0000221 seconds, Stopping threads took: 0.0000060 seconds
[2020-01-13T13:35:19.629+0000][1][safepoint    ] Application time: 0.0000258 seconds
[2020-01-13T13:35:19.629+0000][1][safepoint    ] Entering safepoint region: RevokeBias
[2020-01-13T13:35:19.629+0000][1][safepoint    ] Leaving safepoint region
[2020-01-13T13:35:19.629+0000][1][safepoint    ] Total time for which application threads were stopped: 0.0000211 seconds, Stopping threads took: 0.0000055 seconds
[2020-01-13T13:35:19.968+0000][1][safepoint    ] Application time: 0.3390909 seconds
[2020-01-13T13:35:19.969+0000][1][safepoint    ] Entering safepoint region: BulkRevokeBias
[2020-01-13T13:35:19.969+0000][1][safepoint    ] Leaving safepoint region
[2020-01-13T13:35:19.969+0000][1][safepoint    ] Total time for which application threads were stopped: 0.0002844 seconds, Stopping threads took: 0.0000197 seconds
[2020-01-13T13:35:19.969+0000][1][safepoint    ] Application time: 0.0000749 seconds
[2020-01-13T13:35:19.969+0000][1][safepoint    ] Entering safepoint region: RevokeBias
[2020-01-13T13:35:19.969+0000][1][safepoint    ] Leaving safepoint region
[2020-01-13T13:35:19.969+0000][1][safepoint    ] Total time for which application threads were stopped: 0.0000374 seconds, Stopping threads took: 0.0000081 seconds
[2020-01-13T13:35:19.969+0000][1][safepoint    ] Application time: 0.0004351 seconds
[2020-01-13T13:35:19.969+0000][1][safepoint    ] Entering safepoint region: RevokeBias
[2020-01-13T13:35:19.969+0000][1][safepoint    ] Leaving safepoint region
[2020-01-13T13:35:19.969+0000][1][safepoint    ] Total time for which application threads were stopped: 0.0000463 seconds, Stopping threads took: 0.0000108 seconds
[2020-01-13T13:35:21.969+0000][1][safepoint    ] Application time: 1.9995475 seconds
[2020-01-13T13:35:21.969+0000][1][safepoint    ] Entering safepoint region: RevokeBias
[2020-01-13T13:35:21.969+0000][1][safepoint    ] Leaving safepoint region
[2020-01-13T13:35:21.969+0000][1][safepoint    ] Total time for which application threads were stopped: 0.0001274 seconds, Stopping threads took: 0.0000361 seconds
[2020-01-13T13:35:21.971+0000][1][safepoint    ] Application time: 0.0013619 seconds
[2020-01-13T13:35:21.971+0000][1][safepoint    ] Entering safepoint region: RevokeBias
[2020-01-13T13:35:21.971+0000][1][safepoint    ] Leaving safepoint region
[2020-01-13T13:35:21.971+0000][1][safepoint    ] Total time for which application threads were stopped: 0.0000718 seconds, Stopping threads took: 0.0000258 seconds
[2020-01-13T13:35:22.971+0000][1][safepoint    ] Application time: 1.0000932 seconds
[2020-01-13T13:35:22.971+0000][1][safepoint    ] Entering safepoint region: Cleanup
[2020-01-13T13:35:22.971+0000][1][safepoint    ] Leaving safepoint region
[2020-01-13T13:35:22.971+0000][1][safepoint    ] Total time for which application threads were stopped: 0.0001023 seconds, Stopping threads took: 0.0000331 seconds
[2020-01-13T13:35:23.226+0000][1][safepoint    ] Application time: 0.2548762 seconds
[2020-01-13T13:35:23.226+0000][1][safepoint    ] Entering safepoint region: RevokeBias
[2020-01-13T13:35:23.226+0000][1][safepoint    ] Leaving safepoint region
[2020-01-13T13:35:23.226+0000][1][safepoint    ] Total time for which application threads were stopped: 0.0001105 seconds, Stopping threads took: 0.0000326 seconds
[2020-01-13T13:35:23.236+0000][1][safepoint    ] Application time: 0.0100195 seconds
[2020-01-13T13:35:23.236+0000][1][safepoint    ] Entering safepoint region: RevokeBias
[2020-01-13T13:35:23.236+0000][1][safepoint    ] Leaving safepoint region
[2020-01-13T13:35:23.236+0000][1][safepoint    ] Total time for which application threads were stopped: 0.0001148 seconds, Stopping threads took: 0.0000374 seconds
[2020-01-13T13:35:23.236+0000][1][safepoint    ] Application time: 0.0000346 seconds
[2020-01-13T13:35:23.236+0000][1][safepoint    ] Entering safepoint region: RevokeBias
[2020-01-13T13:35:23.236+0000][1][safepoint    ] Leaving safepoint region
[2020-01-13T13:35:23.236+0000][1][safepoint    ] Total time for which application threads were stopped: 0.0000374 seconds, Stopping threads took: 0.0000130 seconds
[2020-01-13T13:35:23.290+0000][1][safepoint    ] Application time: 0.0542421 seconds
[2020-01-13T13:35:23.290+0000][1][safepoint    ] Entering safepoint region: RevokeBias
[2020-01-13T13:35:23.291+0000][1][safepoint    ] Leaving safepoint region
[2020-01-13T13:35:23.291+0000][1][safepoint    ] Total time for which application threads were stopped: 0.0001890 seconds, Stopping threads took: 0.0000359 seconds
[2020-01-13T13:35:23.316+0000][1][safepoint    ] Application time: 0.0255796 seconds
[2020-01-13T13:35:23.318+0000][1][safepoint    ] Entering safepoint region: RevokeBias
[2020-01-13T13:35:23.318+0000][1][safepoint    ] Leaving safepoint region
[2020-01-13T13:35:23.318+0000][1][safepoint    ] Total time for which application threads were stopped: 0.0021124 seconds, Stopping threads took: 0.0020147 seconds
[2020-01-13T13:35:23.319+0000][1][safepoint    ] Application time: 0.0004942 seconds
[2020-01-13T13:35:23.319+0000][1][safepoint    ] Entering safepoint region: RevokeBias
[2020-01-13T13:35:23.319+0000][1][safepoint    ] Leaving safepoint region
[2020-01-13T13:35:23.319+0000][1][safepoint    ] Total time for which application threads were stopped: 0.0001298 seconds, Stopping threads took: 0.0000283 seconds
[2020-01-13T13:35:23.321+0000][1][safepoint    ] Application time: 0.0023100 seconds
[2020-01-13T13:35:23.321+0000][1][safepoint    ] Entering safepoint region: RevokeBias
[2020-01-13T13:35:23.322+0000][1][safepoint    ] Leaving safepoint region
[2020-01-13T13:35:23.322+0000][1][safepoint    ] Total time for which application threads were stopped: 0.0001747 seconds, Stopping threads took: 0.0000933 seconds
[2020-01-13T13:35:23.326+0000][1][safepoint    ] Application time: 0.0042214 seconds
[2020-01-13T13:35:23.326+0000][1][safepoint    ] Entering safepoint region: RevokeBias
[2020-01-13T13:35:23.326+0000][1][safepoint    ] Leaving safepoint region
[2020-01-13T13:35:23.326+0000][1][safepoint    ] Total time for which application threads were stopped: 0.0005668 seconds, Stopping threads took: 0.0004873 seconds
[2020-01-13T13:35:23.327+0000][1][safepoint    ] Application time: 0.0009065 seconds
[2020-01-13T13:35:23.329+0000][1][safepoint    ] Entering safepoint region: RevokeBias
[2020-01-13T13:35:23.329+0000][1][safepoint    ] Leaving safepoint region
[2020-01-13T13:35:23.329+0000][1][safepoint    ] Total time for which application threads were stopped: 0.0015204 seconds, Stopping threads took: 0.0014582 seconds
[2020-01-13T13:35:23.336+0000][1][safepoint    ] Application time: 0.0072240 seconds
[2020-01-13T13:35:23.342+0000][1][safepoint    ] Entering safepoint region: RevokeBias
[2020-01-13T13:35:23.342+0000][1][safepoint    ] Leaving safepoint region
[2020-01-13T13:35:23.342+0000][1][safepoint    ] Total time for which application threads were stopped: 0.0063396 seconds, Stopping threads took: 0.0062129 seconds
[2020-01-13T13:35:23.354+0000][1][safepoint    ] Application time: 0.0115500 seconds
[2020-01-13T13:35:23.355+0000][1][safepoint    ] Entering safepoint region: RevokeBias
[2020-01-13T13:35:23.356+0000][1][safepoint    ] Leaving safepoint region
[2020-01-13T13:35:23.356+0000][1][safepoint    ] Total time for which application threads were stopped: 0.0015353 seconds, Stopping threads took: 0.0013543 seconds
[2020-01-13T13:35:23.356+0000][1][safepoint    ] Application time: 0.0004211 seconds
[2020-01-13T13:35:23.356+0000][1][safepoint    ] Entering safepoint region: RevokeBias
[2020-01-13T13:35:23.356+0000][1][safepoint    ] Leaving safepoint region
[2020-01-13T13:35:23.356+0000][1][safepoint    ] Total time for which application threads were stopped: 0.0001790 seconds, Stopping threads took: 0.0000445 seconds
[2020-01-13T13:35:23.380+0000][1][safepoint    ] Application time: 0.0233769 seconds
[2020-01-13T13:35:23.380+0000][1][safepoint    ] Entering safepoint region: RevokeBias
[2020-01-13T13:35:23.380+0000][1][safepoint    ] Leaving safepoint region
[2020-01-13T13:35:23.380+0000][1][safepoint    ] Total time for which application threads were stopped: 0.0001436 seconds, Stopping threads took: 0.0000540 seconds
[2020-01-13T13:35:23.380+0000][1][safepoint    ] Application time: 0.0000459 seconds
[2020-01-13T13:35:23.380+0000][1][safepoint    ] Entering safepoint region: RevokeBias
[2020-01-13T13:35:23.380+0000][1][safepoint    ] Leaving safepoint region
[2020-01-13T13:35:23.380+0000][1][safepoint    ] Total time for which application threads were stopped: 0.0000645 seconds, Stopping threads took: 0.0000194 seconds
[2020-01-13T13:35:23.393+0000][1][safepoint    ] Application time: 0.0128853 seconds
[2020-01-13T13:35:23.394+0000][1][safepoint    ] Entering safepoint region: GenCollectForAllocation
[2020-01-13T13:35:23.394+0000][1][gc,start     ] GC(22) Pause Young (Allocation Failure)
[2020-01-13T13:35:23.394+0000][1][gc,task      ] GC(22) Using 1 workers of 1 for evacuation
[2020-01-13T13:35:23.453+0000][1][gc,age       ] GC(22) Desired survivor size 4358144 bytes, new threshold 2 (max threshold 6)
[2020-01-13T13:35:23.453+0000][1][gc,age       ] GC(22) Age table with threshold 2 (max threshold 6)
[2020-01-13T13:35:23.453+0000][1][gc,age       ] GC(22) - age   1:    2721280 bytes,    2721280 total
[2020-01-13T13:35:23.453+0000][1][gc,age       ] GC(22) - age   2:    2938096 bytes,    5659376 total
[2020-01-13T13:35:23.453+0000][1][gc,heap      ] GC(22) ParNew: 73132K->8512K(76672K)
[2020-01-13T13:35:23.453+0000][1][gc,heap      ] GC(22) CMS: 61360K->62655K(176960K)
[2020-01-13T13:35:23.453+0000][1][gc,metaspace ] GC(22) Metaspace: 66350K->66350K(1110016K)
[2020-01-13T13:35:23.453+0000][1][gc           ] GC(22) Pause Young (Allocation Failure) 131M->69M(247M) 59.012ms
[2020-01-13T13:35:23.453+0000][1][gc,cpu       ] GC(22) User=0.06s Sys=0.00s Real=0.06s
[2020-01-13T13:35:23.453+0000][1][safepoint    ] Leaving safepoint region
[2020-01-13T13:35:23.453+0000][1][safepoint    ] Total time for which application threads were stopped: 0.0600656 seconds, Stopping threads took: 0.0008970 seconds
[2020-01-13T13:35:23.459+0000][1][safepoint    ] Application time: 0.0056569 seconds
[2020-01-13T13:35:23.459+0000][1][safepoint    ] Entering safepoint region: Deoptimize
[2020-01-13T13:35:23.460+0000][1][safepoint    ] Leaving safepoint region
[2020-01-13T13:35:23.460+0000][1][safepoint    ] Total time for which application threads were stopped: 0.0009562 seconds, Stopping threads took: 0.0000452 seconds
[2020-01-13T13:35:23.466+0000][1][safepoint    ] Application time: 0.0066719 seconds
[2020-01-13T13:35:23.466+0000][1][safepoint    ] Entering safepoint region: RevokeBias
[2020-01-13T13:35:23.466+0000][1][safepoint    ] Leaving safepoint region
[2020-01-13T13:35:23.466+0000][1][safepoint    ] Total time for which application threads were stopped: 0.0001057 seconds, Stopping threads took: 0.0000192 seconds
[2020-01-13T13:35:23.476+0000][1][safepoint    ] Application time: 0.0096781 seconds
[2020-01-13T13:35:23.476+0000][1][safepoint    ] Entering safepoint region: Deoptimize
[2020-01-13T13:35:23.477+0000][1][safepoint    ] Leaving safepoint region
[2020-01-13T13:35:23.477+0000][1][safepoint    ] Total time for which application threads were stopped: 0.0009462 seconds, Stopping threads took: 0.0000352 seconds
[2020-01-13T13:35:23.505+0000][1][safepoint    ] Application time: 0.0275512 seconds
[2020-01-13T13:35:23.507+0000][1][safepoint    ] Entering safepoint region: RevokeBias
[2020-01-13T13:35:23.508+0000][1][safepoint    ] Leaving safepoint region
[2020-01-13T13:35:23.508+0000][1][safepoint    ] Total time for which application threads were stopped: 0.0028936 seconds, Stopping threads took: 0.0027667 seconds
[2020-01-13T13:35:23.514+0000][1][safepoint    ] Application time: 0.0067578 seconds
[2020-01-13T13:35:23.514+0000][1][safepoint    ] Entering safepoint region: RevokeBias
[2020-01-13T13:35:23.515+0000][1][safepoint    ] Leaving safepoint region
[2020-01-13T13:35:23.515+0000][1][safepoint    ] Total time for which application threads were stopped: 0.0001134 seconds, Stopping threads took: 0.0000249 seconds
[2020-01-13T13:35:23.520+0000][1][safepoint    ] Application time: 0.0058152 seconds
[2020-01-13T13:35:23.520+0000][1][safepoint    ] Entering safepoint region: RevokeBias
[2020-01-13T13:35:23.520+0000][1][safepoint    ] Leaving safepoint region
[2020-01-13T13:35:23.520+0000][1][safepoint    ] Total time for which application threads were stopped: 0.0001095 seconds, Stopping threads took: 0.0000271 seconds
[2020-01-13T13:35:23.521+0000][1][safepoint    ] Application time: 0.0002154 seconds
[2020-01-13T13:35:23.521+0000][1][safepoint    ] Entering safepoint region: RevokeBias
[2020-01-13T13:35:23.521+0000][1][safepoint    ] Leaving safepoint region
[2020-01-13T13:35:23.521+0000][1][safepoint    ] Total time for which application threads were stopped: 0.0000663 seconds, Stopping threads took: 0.0000188 seconds
[2020-01-13T13:35:23.536+0000][1][safepoint    ] Application time: 0.0147513 seconds
[2020-01-13T13:35:23.536+0000][1][safepoint    ] Entering safepoint region: RevokeBias
[2020-01-13T13:35:23.536+0000][1][safepoint    ] Leaving safepoint region
[2020-01-13T13:35:23.536+0000][1][safepoint    ] Total time for which application threads were stopped: 0.0001205 seconds, Stopping threads took: 0.0000274 seconds
[2020-01-13T13:35:23.539+0000][1][safepoint    ] Application time: 0.0035873 seconds
[2020-01-13T13:35:23.539+0000][1][safepoint    ] Entering safepoint region: RevokeBias
[2020-01-13T13:35:23.540+0000][1][safepoint    ] Leaving safepoint region
[2020-01-13T13:35:23.540+0000][1][safepoint    ] Total time for which application threads were stopped: 0.0002495 seconds, Stopping threads took: 0.0001264 seconds
[2020-01-13T13:35:23.572+0000][1][safepoint    ] Application time: 0.0321174 seconds
[2020-01-13T13:35:23.572+0000][1][safepoint    ] Entering safepoint region: RevokeBias
[2020-01-13T13:35:23.572+0000][1][safepoint    ] Leaving safepoint region
[2020-01-13T13:35:23.572+0000][1][safepoint    ] Total time for which application threads were stopped: 0.0001367 seconds, Stopping threads took: 0.0000320 seconds
[2020-01-13T13:35:23.970+0000][1][safepoint    ] Application time: 0.3977220 seconds
[2020-01-13T13:35:23.970+0000][1][safepoint    ] Entering safepoint region: RevokeBias
[2020-01-13T13:35:23.970+0000][1][safepoint    ] Leaving safepoint region
[2020-01-13T13:35:23.970+0000][1][safepoint    ] Total time for which application threads were stopped: 0.0001257 seconds, Stopping threads took: 0.0000473 seconds
[2020-01-13T13:35:23.970+0000][1][safepoint    ] Application time: 0.0004888 seconds
[2020-01-13T13:35:23.970+0000][1][safepoint    ] Entering safepoint region: RevokeBias
[2020-01-13T13:35:23.970+0000][1][safepoint    ] Leaving safepoint region
[2020-01-13T13:35:23.970+0000][1][safepoint    ] Total time for which application threads were stopped: 0.0000609 seconds, Stopping threads took: 0.0000125 seconds
[2020-01-13T13:35:24.970+0000][1][safepoint    ] Application time: 1.0000782 seconds
[2020-01-13T13:35:24.971+0000][1][safepoint    ] Entering safepoint region: Cleanup
[2020-01-13T13:35:24.971+0000][1][safepoint    ] Leaving safepoint region
[2020-01-13T13:35:24.972+0000][1][safepoint    ] Total time for which application threads were stopped: 0.0010195 seconds, Stopping threads took: 0.0009438 seconds
[2020-01-13T13:35:25.292+0000][1][safepoint    ] Application time: 0.3206486 seconds
[2020-01-13T13:35:25.292+0000][1][safepoint    ] Entering safepoint region: BulkRevokeBias
[2020-01-13T13:35:25.293+0000][1][safepoint    ] Leaving safepoint region
[2020-01-13T13:35:25.293+0000][1][safepoint    ] Total time for which application threads were stopped: 0.0005390 seconds, Stopping threads took: 0.0000260 seconds
[2020-01-13T13:35:25.293+0000][1][safepoint    ] Application time: 0.0000632 seconds
[2020-01-13T13:35:25.293+0000][1][safepoint    ] Entering safepoint region: RevokeBias
[2020-01-13T13:35:25.293+0000][1][safepoint    ] Leaving safepoint region
[2020-01-13T13:35:25.293+0000][1][safepoint    ] Total time for which application threads were stopped: 0.0000444 seconds, Stopping threads took: 0.0000083 seconds
[2020-01-13T13:35:25.969+0000][1][safepoint    ] Application time: 0.6765039 seconds
[2020-01-13T13:35:25.969+0000][1][safepoint    ] Entering safepoint region: RevokeBias
[2020-01-13T13:35:25.970+0000][1][safepoint    ] Leaving safepoint region
[2020-01-13T13:35:25.970+0000][1][safepoint    ] Total time for which application threads were stopped: 0.0001338 seconds, Stopping threads took: 0.0000423 seconds
[2020-01-13T13:35:25.970+0000][1][safepoint    ] Application time: 0.0004181 seconds
[2020-01-13T13:35:25.970+0000][1][safepoint    ] Entering safepoint region: RevokeBias
[2020-01-13T13:35:25.970+0000][1][safepoint    ] Leaving safepoint region
[2020-01-13T13:35:25.970+0000][1][safepoint    ] Total time for which application threads were stopped: 0.0000602 seconds, Stopping threads took: 0.0000109 seconds
[2020-01-13T13:35:26.970+0000][1][safepoint    ] Application time: 1.0000829 seconds
[2020-01-13T13:35:26.970+0000][1][safepoint    ] Entering safepoint region: Cleanup
[2020-01-13T13:35:26.970+0000][1][safepoint    ] Leaving safepoint region
[2020-01-13T13:35:26.970+0000][1][safepoint    ] Total time for which application threads were stopped: 0.0001248 seconds, Stopping threads took: 0.0000537 seconds
[2020-01-13T13:35:27.970+0000][1][safepoint    ] Application time: 0.9997286 seconds
[2020-01-13T13:35:27.970+0000][1][safepoint    ] Entering safepoint region: RevokeBias
[2020-01-13T13:35:27.970+0000][1][safepoint    ] Leaving safepoint region
[2020-01-13T13:35:27.970+0000][1][safepoint    ] Total time for which application threads were stopped: 0.0001061 seconds, Stopping threads took: 0.0000226 seconds
[2020-01-13T13:35:27.971+0000][1][safepoint    ] Application time: 0.0004530 seconds
[2020-01-13T13:35:27.971+0000][1][safepoint    ] Entering safepoint region: RevokeBias
[2020-01-13T13:35:27.971+0000][1][safepoint    ] Leaving safepoint region
[2020-01-13T13:35:27.971+0000][1][safepoint    ] Total time for which application threads were stopped: 0.0000652 seconds, Stopping threads took: 0.0000126 seconds
[2020-01-13T13:35:28.288+0000][1][safepoint    ] Application time: 0.3173078 seconds
[2020-01-13T13:35:28.291+0000][1][safepoint    ] Entering safepoint region: RevokeBias
[2020-01-13T13:35:28.291+0000][1][safepoint    ] Leaving safepoint region
[2020-01-13T13:35:28.291+0000][1][safepoint    ] Total time for which application threads were stopped: 0.0020392 seconds, Stopping threads took: 0.0019498 seconds
[2020-01-13T13:35:28.297+0000][1][safepoint    ] Application time: 0.0058697 seconds
[2020-01-13T13:35:28.297+0000][1][safepoint    ] Entering safepoint region: RevokeBias
[2020-01-13T13:35:28.297+0000][1][safepoint    ] Leaving safepoint region
[2020-01-13T13:35:28.297+0000][1][safepoint    ] Total time for which application threads were stopped: 0.0001044 seconds, Stopping threads took: 0.0000301 seconds
[2020-01-13T13:35:29.297+0000][1][safepoint    ] Application time: 1.0001027 seconds
[2020-01-13T13:35:29.297+0000][1][safepoint    ] Entering safepoint region: Cleanup
[2020-01-13T13:35:29.297+0000][1][safepoint    ] Leaving safepoint region
[2020-01-13T13:35:29.297+0000][1][safepoint    ] Total time for which application threads were stopped: 0.0001104 seconds, Stopping threads took: 0.0000270 seconds
[2020-01-13T13:35:29.971+0000][1][safepoint    ] Application time: 0.6736317 seconds
[2020-01-13T13:35:29.971+0000][1][safepoint    ] Entering safepoint region: RevokeBias
[2020-01-13T13:35:29.971+0000][1][safepoint    ] Leaving safepoint region
[2020-01-13T13:35:29.971+0000][1][safepoint    ] Total time for which application threads were stopped: 0.0001723 seconds, Stopping threads took: 0.0000348 seconds
[2020-01-13T13:35:29.973+0000][1][safepoint    ] Application time: 0.0013927 seconds
[2020-01-13T13:35:29.973+0000][1][safepoint    ] Entering safepoint region: RevokeBias
[2020-01-13T13:35:29.973+0000][1][safepoint    ] Leaving safepoint region
[2020-01-13T13:35:29.973+0000][1][safepoint    ] Total time for which application threads were stopped: 0.0000825 seconds, Stopping threads took: 0.0000244 seconds
[2020-01-13T13:35:30.973+0000][1][safepoint    ] Application time: 1.0000878 seconds
[2020-01-13T13:35:30.973+0000][1][safepoint    ] Entering safepoint region: Cleanup
[2020-01-13T13:35:30.973+0000][1][safepoint    ] Leaving safepoint region
[2020-01-13T13:35:30.973+0000][1][safepoint    ] Total time for which application threads were stopped: 0.0001085 seconds, Stopping threads took: 0.0000350 seconds
[2020-01-13T13:35:31.972+0000][1][safepoint    ] Application time: 0.9986390 seconds
[2020-01-13T13:35:31.972+0000][1][safepoint    ] Entering safepoint region: RevokeBias
[2020-01-13T13:35:31.972+0000][1][safepoint    ] Leaving safepoint region
[2020-01-13T13:35:31.972+0000][1][safepoint    ] Total time for which application threads were stopped: 0.0000997 seconds, Stopping threads took: 0.0000193 seconds
[2020-01-13T13:35:31.972+0000][1][safepoint    ] Application time: 0.0003878 seconds
[2020-01-13T13:35:31.972+0000][1][safepoint    ] Entering safepoint region: BulkRevokeBias
[2020-01-13T13:35:31.973+0000][1][safepoint    ] Leaving safepoint region
[2020-01-13T13:35:31.973+0000][1][safepoint    ] Total time for which application threads were stopped: 0.0003440 seconds, Stopping threads took: 0.0000111 seconds
[2020-01-13T13:35:32.973+0000][1][safepoint    ] Application time: 1.0000848 seconds
[2020-01-13T13:35:32.973+0000][1][safepoint    ] Entering safepoint region: Cleanup
[2020-01-13T13:35:32.973+0000][1][safepoint    ] Leaving safepoint region
[2020-01-13T13:35:32.973+0000][1][safepoint    ] Total time for which application threads were stopped: 0.0001399 seconds, Stopping threads took: 0.0000660 seconds
[2020-01-13T13:35:33.972+0000][1][safepoint    ] Application time: 0.9994525 seconds
[2020-01-13T13:35:33.972+0000][1][safepoint    ] Entering safepoint region: RevokeBias
[2020-01-13T13:35:33.973+0000][1][safepoint    ] Leaving safepoint region
[2020-01-13T13:35:33.973+0000][1][safepoint    ] Total time for which application threads were stopped: 0.0001557 seconds, Stopping threads took: 0.0000544 seconds
[2020-01-13T13:35:33.974+0000][1][safepoint    ] Application time: 0.0014558 seconds
[2020-01-13T13:35:33.974+0000][1][safepoint    ] Entering safepoint region: RevokeBias
[2020-01-13T13:35:33.974+0000][1][safepoint    ] Leaving safepoint region
[2020-01-13T13:35:33.974+0000][1][safepoint    ] Total time for which application threads were stopped: 0.0000809 seconds, Stopping threads took: 0.0000177 seconds
[2020-01-13T13:35:34.023+0000][1][safepoint    ] Application time: 0.0491214 seconds
[2020-01-13T13:35:34.024+0000][1][safepoint    ] Entering safepoint region: RevokeBias
[2020-01-13T13:35:34.024+0000][1][safepoint    ] Leaving safepoint region
[2020-01-13T13:35:34.024+0000][1][safepoint    ] Total time for which application threads were stopped: 0.0009374 seconds, Stopping threads took: 0.0008313 seconds
[2020-01-13T13:35:34.031+0000][1][safepoint    ] Application time: 0.0069703 seconds
[2020-01-13T13:35:34.033+0000][1][safepoint    ] Entering safepoint region: RevokeBias
[2020-01-13T13:35:34.033+0000][1][safepoint    ] Leaving safepoint region
[2020-01-13T13:35:34.033+0000][1][safepoint    ] Total time for which application threads were stopped: 0.0014801 seconds, Stopping threads took: 0.0014067 seconds
[2020-01-13T13:35:35.033+0000][1][safepoint    ] Application time: 1.0001072 seconds
[2020-01-13T13:35:35.033+0000][1][safepoint    ] Entering safepoint region: Cleanup
[2020-01-13T13:35:35.033+0000][1][safepoint    ] Leaving safepoint region
[2020-01-13T13:35:35.033+0000][1][safepoint    ] Total time for which application threads were stopped: 0.0001022 seconds, Stopping threads took: 0.0000294 seconds
[2020-01-13T13:35:35.972+0000][1][safepoint    ] Application time: 0.9393877 seconds
[2020-01-13T13:35:35.973+0000][1][safepoint    ] Entering safepoint region: RevokeBias
[2020-01-13T13:35:35.973+0000][1][safepoint    ] Leaving safepoint region
[2020-01-13T13:35:35.973+0000][1][safepoint    ] Total time for which application threads were stopped: 0.0001472 seconds, Stopping threads took: 0.0000457 seconds
[2020-01-13T13:35:35.974+0000][1][safepoint    ] Application time: 0.0013640 seconds
[2020-01-13T13:35:35.974+0000][1][safepoint    ] Entering safepoint region: RevokeBias
[2020-01-13T13:35:35.974+0000][1][safepoint    ] Leaving safepoint region
[2020-01-13T13:35:35.974+0000][1][safepoint    ] Total time for which application threads were stopped: 0.0000952 seconds, Stopping threads took: 0.0000152 seconds
[2020-01-13T13:35:36.974+0000][1][safepoint    ] Application time: 1.0000804 seconds
[2020-01-13T13:35:36.975+0000][1][safepoint    ] Entering safepoint region: Cleanup
[2020-01-13T13:35:36.975+0000][1][safepoint    ] Leaving safepoint region
[2020-01-13T13:35:36.975+0000][1][safepoint    ] Total time for which application threads were stopped: 0.0010538 seconds, Stopping threads took: 0.0009779 seconds
[2020-01-13T13:35:37.973+0000][1][safepoint    ] Application time: 0.9977652 seconds
[2020-01-13T13:35:37.973+0000][1][safepoint    ] Entering safepoint region: RevokeBias
[2020-01-13T13:35:37.973+0000][1][safepoint    ] Leaving safepoint region
[2020-01-13T13:35:37.973+0000][1][safepoint    ] Total time for which application threads were stopped: 0.0001440 seconds, Stopping threads took: 0.0000333 seconds
[2020-01-13T13:35:37.975+0000][1][safepoint    ] Application time: 0.0013269 seconds
[2020-01-13T13:35:37.975+0000][1][safepoint    ] Entering safepoint region: RevokeBias
[2020-01-13T13:35:37.975+0000][1][safepoint    ] Leaving safepoint region
[2020-01-13T13:35:37.975+0000][1][safepoint    ] Total time for which application threads were stopped: 0.0000765 seconds, Stopping threads took: 0.0000242 seconds
[2020-01-13T13:35:38.976+0000][1][safepoint    ] Application time: 1.0015397 seconds
[2020-01-13T13:35:38.976+0000][1][safepoint    ] Entering safepoint region: Cleanup
[2020-01-13T13:35:38.976+0000][1][safepoint    ] Leaving safepoint region
[2020-01-13T13:35:38.976+0000][1][safepoint    ] Total time for which application threads were stopped: 0.0000934 seconds, Stopping threads took: 0.0000224 seconds
[2020-01-13T13:35:39.977+0000][1][safepoint    ] Application time: 1.0001136 seconds
[2020-01-13T13:35:39.977+0000][1][safepoint    ] Entering safepoint region: RevokeBias
[2020-01-13T13:35:39.977+0000][1][safepoint    ] Leaving safepoint region
[2020-01-13T13:35:39.977+0000][1][safepoint    ] Total time for which application threads were stopped: 0.0002263 seconds, Stopping threads took: 0.0001375 seconds
[2020-01-13T13:35:39.977+0000][1][safepoint    ] Application time: 0.0004733 seconds
[2020-01-13T13:35:39.977+0000][1][safepoint    ] Entering safepoint region: RevokeBias
[2020-01-13T13:35:39.977+0000][1][safepoint    ] Leaving safepoint region
[2020-01-13T13:35:39.977+0000][1][safepoint    ] Total time for which application threads were stopped: 0.0000613 seconds, Stopping threads took: 0.0000117 seconds
[2020-01-13T13:35:40.977+0000][1][safepoint    ] Application time: 1.0000752 seconds
[2020-01-13T13:35:40.978+0000][1][safepoint    ] Entering safepoint region: Cleanup
[2020-01-13T13:35:40.978+0000][1][safepoint    ] Leaving safepoint region
[2020-01-13T13:35:40.978+0000][1][safepoint    ] Total time for which application threads were stopped: 0.0001003 seconds, Stopping threads took: 0.0000226 seconds
[2020-01-13T13:35:41.805+0000][1][safepoint    ] Application time: 0.8277525 seconds
[2020-01-13T13:35:41.807+0000][1][safepoint    ] Entering safepoint region: RevokeBias
[2020-01-13T13:35:41.807+0000][1][safepoint    ] Leaving safepoint region
[2020-01-13T13:35:41.807+0000][1][safepoint    ] Total time for which application threads were stopped: 0.0017888 seconds, Stopping threads took: 0.0016817 seconds
[2020-01-13T13:35:41.809+0000][1][safepoint    ] Application time: 0.0017430 seconds
[2020-01-13T13:35:41.809+0000][1][safepoint    ] Entering safepoint region: RevokeBias
[2020-01-13T13:35:41.809+0000][1][safepoint    ] Leaving safepoint region
[2020-01-13T13:35:41.809+0000][1][safepoint    ] Total time for which application threads were stopped: 0.0000996 seconds, Stopping threads took: 0.0000140 seconds
[2020-01-13T13:35:41.814+0000][1][safepoint    ] Application time: 0.0050885 seconds
[2020-01-13T13:35:41.814+0000][1][safepoint    ] Entering safepoint region: RevokeBias
[2020-01-13T13:35:41.814+0000][1][safepoint    ] Leaving safepoint region
[2020-01-13T13:35:41.814+0000][1][safepoint    ] Total time for which application threads were stopped: 0.0001311 seconds, Stopping threads took: 0.0000550 seconds
[2020-01-13T13:35:41.818+0000][1][safepoint    ] Application time: 0.0039102 seconds
[2020-01-13T13:35:41.818+0000][1][safepoint    ] Entering safepoint region: RevokeBias
[2020-01-13T13:35:41.818+0000][1][safepoint    ] Leaving safepoint region
[2020-01-13T13:35:41.818+0000][1][safepoint    ] Total time for which application threads were stopped: 0.0000890 seconds, Stopping threads took: 0.0000159 seconds
[2020-01-13T13:35:41.976+0000][1][safepoint    ] Application time: 0.1574983 seconds
[2020-01-13T13:35:41.976+0000][1][safepoint    ] Entering safepoint region: RevokeBias
[2020-01-13T13:35:41.976+0000][1][safepoint    ] Leaving safepoint region
[2020-01-13T13:35:41.976+0000][1][safepoint    ] Total time for which application threads were stopped: 0.0001076 seconds, Stopping threads took: 0.0000204 seconds
[2020-01-13T13:35:41.977+0000][1][safepoint    ] Application time: 0.0004745 seconds
[2020-01-13T13:35:41.977+0000][1][safepoint    ] Entering safepoint region: RevokeBias
[2020-01-13T13:35:41.977+0000][1][safepoint    ] Leaving safepoint region
[2020-01-13T13:35:41.977+0000][1][safepoint    ] Total time for which application threads were stopped: 0.0000594 seconds, Stopping threads took: 0.0000132 seconds
[2020-01-13T13:35:42.977+0000][1][safepoint    ] Application time: 1.0000828 seconds
[2020-01-13T13:35:42.977+0000][1][safepoint    ] Entering safepoint region: Cleanup
[2020-01-13T13:35:42.977+0000][1][safepoint    ] Leaving safepoint region
[2020-01-13T13:35:42.977+0000][1][safepoint    ] Total time for which application threads were stopped: 0.0005997 seconds, Stopping threads took: 0.0004882 seconds
[2020-01-13T13:35:43.976+0000][1][safepoint    ] Application time: 0.9990249 seconds
[2020-01-13T13:35:43.977+0000][1][safepoint    ] Entering safepoint region: BulkRevokeBias
[2020-01-13T13:35:43.978+0000][1][safepoint    ] Leaving safepoint region
[2020-01-13T13:35:43.978+0000][1][safepoint    ] Total time for which application threads were stopped: 0.0004242 seconds, Stopping threads took: 0.0000452 seconds
[2020-01-13T13:35:43.978+0000][1][safepoint    ] Application time: 0.0004285 seconds
[2020-01-13T13:35:43.978+0000][1][safepoint    ] Entering safepoint region: RevokeBias
[2020-01-13T13:35:43.978+0000][1][safepoint    ] Leaving safepoint region
[2020-01-13T13:35:43.978+0000][1][safepoint    ] Total time for which application threads were stopped: 0.0000512 seconds, Stopping threads took: 0.0000113 seconds
[2020-01-13T13:35:44.980+0000][1][safepoint    ] Application time: 1.0020528 seconds
[2020-01-13T13:35:44.981+0000][1][safepoint    ] Entering safepoint region: Cleanup
[2020-01-13T13:35:44.981+0000][1][safepoint    ] Leaving safepoint region
[2020-01-13T13:35:44.981+0000][1][safepoint    ] Total time for which application threads were stopped: 0.0008776 seconds, Stopping threads took: 0.0008049 seconds
[2020-01-13T13:35:45.977+0000][1][safepoint    ] Application time: 0.9953300 seconds
[2020-01-13T13:35:45.977+0000][1][safepoint    ] Entering safepoint region: RevokeBias
[2020-01-13T13:35:45.977+0000][1][safepoint    ] Leaving safepoint region
[2020-01-13T13:35:45.977+0000][1][safepoint    ] Total time for which application threads were stopped: 0.0001325 seconds, Stopping threads took: 0.0000311 seconds
[2020-01-13T13:35:45.978+0000][1][safepoint    ] Application time: 0.0013832 seconds
[2020-01-13T13:35:45.978+0000][1][safepoint    ] Entering safepoint region: RevokeBias
[2020-01-13T13:35:45.978+0000][1][safepoint    ] Leaving safepoint region
[2020-01-13T13:35:45.978+0000][1][safepoint    ] Total time for which application threads were stopped: 0.0000803 seconds, Stopping threads took: 0.0000210 seconds
[2020-01-13T13:35:46.978+0000][1][safepoint    ] Application time: 1.0001040 seconds
[2020-01-13T13:35:46.979+0000][1][safepoint    ] Entering safepoint region: Cleanup
[2020-01-13T13:35:46.979+0000][1][safepoint    ] Leaving safepoint region
[2020-01-13T13:35:46.979+0000][1][safepoint    ] Total time for which application threads were stopped: 0.0011025 seconds, Stopping threads took: 0.0010259 seconds
[2020-01-13T13:35:47.020+0000][1][safepoint    ] Application time: 0.0404878 seconds
[2020-01-13T13:35:47.022+0000][1][safepoint    ] Entering safepoint region: RevokeBias
[2020-01-13T13:35:47.022+0000][1][safepoint    ] Leaving safepoint region
[2020-01-13T13:35:47.022+0000][1][safepoint    ] Total time for which application threads were stopped: 0.0017221 seconds, Stopping threads took: 0.0015523 seconds
[2020-01-13T13:35:47.034+0000][1][safepoint    ] Application time: 0.0126825 seconds
[2020-01-13T13:35:47.035+0000][1][safepoint    ] Entering safepoint region: RevokeBias
[2020-01-13T13:35:47.035+0000][1][safepoint    ] Leaving safepoint region
[2020-01-13T13:35:47.035+0000][1][safepoint    ] Total time for which application threads were stopped: 0.0001513 seconds, Stopping threads took: 0.0000328 seconds
[2020-01-13T13:35:47.978+0000][1][safepoint    ] Application time: 0.9437246 seconds
[2020-01-13T13:35:47.978+0000][1][safepoint    ] Entering safepoint region: RevokeBias
[2020-01-13T13:35:47.979+0000][1][safepoint    ] Leaving safepoint region
[2020-01-13T13:35:47.979+0000][1][safepoint    ] Total time for which application threads were stopped: 0.0001394 seconds, Stopping threads took: 0.0000326 seconds
[2020-01-13T13:35:47.980+0000][1][safepoint    ] Application time: 0.0013981 seconds
[2020-01-13T13:35:47.980+0000][1][safepoint    ] Entering safepoint region: RevokeBias
[2020-01-13T13:35:47.980+0000][1][safepoint    ] Leaving safepoint region
[2020-01-13T13:35:47.980+0000][1][safepoint    ] Total time for which application threads were stopped: 0.0000833 seconds, Stopping threads took: 0.0000178 seconds
[2020-01-13T13:35:48.980+0000][1][safepoint    ] Application time: 1.0000841 seconds
[2020-01-13T13:35:48.981+0000][1][safepoint    ] Entering safepoint region: Cleanup
[2020-01-13T13:35:48.981+0000][1][safepoint    ] Leaving safepoint region
[2020-01-13T13:35:48.981+0000][1][safepoint    ] Total time for which application threads were stopped: 0.0001787 seconds, Stopping threads took: 0.0000769 seconds
[2020-01-13T13:35:49.978+0000][1][safepoint    ] Application time: 0.9971933 seconds
[2020-01-13T13:35:49.979+0000][1][safepoint    ] Entering safepoint region: RevokeBias
[2020-01-13T13:35:49.979+0000][1][safepoint    ] Leaving safepoint region
[2020-01-13T13:35:49.979+0000][1][safepoint    ] Total time for which application threads were stopped: 0.0001132 seconds, Stopping threads took: 0.0000209 seconds
[2020-01-13T13:35:49.979+0000][1][safepoint    ] Application time: 0.0003828 seconds
[2020-01-13T13:35:49.979+0000][1][safepoint    ] Entering safepoint region: RevokeBias
[2020-01-13T13:35:49.979+0000][1][safepoint    ] Leaving safepoint region
[2020-01-13T13:35:49.979+0000][1][safepoint    ] Total time for which application threads were stopped: 0.0000522 seconds, Stopping threads took: 0.0000097 seconds
[2020-01-13T13:35:51.979+0000][1][safepoint    ] Application time: 1.9995147 seconds
[2020-01-13T13:35:51.979+0000][1][safepoint    ] Entering safepoint region: RevokeBias
[2020-01-13T13:35:51.979+0000][1][safepoint    ] Leaving safepoint region
[2020-01-13T13:35:51.979+0000][1][safepoint    ] Total time for which application threads were stopped: 0.0001038 seconds, Stopping threads took: 0.0000194 seconds
[2020-01-13T13:35:51.979+0000][1][safepoint    ] Application time: 0.0003758 seconds
[2020-01-13T13:35:51.979+0000][1][safepoint    ] Entering safepoint region: RevokeBias
[2020-01-13T13:35:51.979+0000][1][safepoint    ] Leaving safepoint region
[2020-01-13T13:35:51.979+0000][1][safepoint    ] Total time for which application threads were stopped: 0.0000509 seconds, Stopping threads took: 0.0000094 seconds
[2020-01-13T13:35:52.979+0000][1][safepoint    ] Application time: 1.0000402 seconds
[2020-01-13T13:35:52.980+0000][1][safepoint    ] Entering safepoint region: Cleanup
[2020-01-13T13:35:52.980+0000][1][safepoint    ] Leaving safepoint region
[2020-01-13T13:35:52.980+0000][1][safepoint    ] Total time for which application threads were stopped: 0.0003042 seconds, Stopping threads took: 0.0002275 seconds
[2020-01-13T13:35:53.036+0000][1][safepoint    ] Application time: 0.0563806 seconds
[2020-01-13T13:35:53.039+0000][1][safepoint    ] Entering safepoint region: RevokeBias
[2020-01-13T13:35:53.040+0000][1][safepoint    ] Leaving safepoint region
[2020-01-13T13:35:53.040+0000][1][safepoint    ] Total time for which application threads were stopped: 0.0035301 seconds, Stopping threads took: 0.0034130 seconds
[2020-01-13T13:35:53.044+0000][1][safepoint    ] Application time: 0.0040219 seconds
[2020-01-13T13:35:53.047+0000][1][safepoint    ] Entering safepoint region: RevokeBias
[2020-01-13T13:35:53.047+0000][1][safepoint    ] Leaving safepoint region
[2020-01-13T13:35:53.047+0000][1][safepoint    ] Total time for which application threads were stopped: 0.0036386 seconds, Stopping threads took: 0.0035419 seconds
[2020-01-13T13:35:53.339+0000][1][safepoint    ] Application time: 0.2914160 seconds
[2020-01-13T13:35:53.339+0000][1][safepoint    ] Entering safepoint region: BulkRevokeBias
[2020-01-13T13:35:53.339+0000][1][safepoint    ] Leaving safepoint region
[2020-01-13T13:35:53.339+0000][1][safepoint    ] Total time for which application threads were stopped: 0.0003458 seconds, Stopping threads took: 0.0000309 seconds
[2020-01-13T13:35:53.345+0000][1][safepoint    ] Application time: 0.0060472 seconds
[2020-01-13T13:35:53.345+0000][1][safepoint    ] Entering safepoint region: RevokeBias
[2020-01-13T13:35:53.345+0000][1][safepoint    ] Leaving safepoint region
[2020-01-13T13:35:53.345+0000][1][safepoint    ] Total time for which application threads were stopped: 0.0001295 seconds, Stopping threads took: 0.0000287 seconds
[2020-01-13T13:35:53.432+0000][1][safepoint    ] Application time: 0.0868882 seconds
[2020-01-13T13:35:53.434+0000][1][safepoint    ] Entering safepoint region: RevokeBias
[2020-01-13T13:35:53.434+0000][1][safepoint    ] Leaving safepoint region
[2020-01-13T13:35:53.434+0000][1][safepoint    ] Total time for which application threads were stopped: 0.0001609 seconds, Stopping threads took: 0.0000467 seconds
[2020-01-13T13:35:53.979+0000][1][safepoint    ] Application time: 0.5451721 seconds
[2020-01-13T13:35:53.979+0000][1][safepoint    ] Entering safepoint region: RevokeBias
[2020-01-13T13:35:53.979+0000][1][safepoint    ] Leaving safepoint region
[2020-01-13T13:35:53.979+0000][1][safepoint    ] Total time for which application threads were stopped: 0.0001029 seconds, Stopping threads took: 0.0000192 seconds
[2020-01-13T13:35:53.980+0000][1][safepoint    ] Application time: 0.0005113 seconds
[2020-01-13T13:35:53.980+0000][1][safepoint    ] Entering safepoint region: BulkRevokeBias
[2020-01-13T13:35:53.980+0000][1][safepoint    ] Leaving safepoint region
[2020-01-13T13:35:53.980+0000][1][safepoint    ] Total time for which application threads were stopped: 0.0002552 seconds, Stopping threads took: 0.0000139 seconds
[2020-01-13T13:35:54.980+0000][1][safepoint    ] Application time: 1.0000944 seconds
[2020-01-13T13:35:54.980+0000][1][safepoint    ] Entering safepoint region: Cleanup
[2020-01-13T13:35:54.980+0000][1][safepoint    ] Leaving safepoint region
[2020-01-13T13:35:54.980+0000][1][safepoint    ] Total time for which application threads were stopped: 0.0001557 seconds, Stopping threads took: 0.0000520 seconds
[2020-01-13T13:35:55.980+0000][1][safepoint    ] Application time: 0.9998299 seconds
[2020-01-13T13:35:55.980+0000][1][safepoint    ] Entering safepoint region: RevokeBias
[2020-01-13T13:35:55.980+0000][1][safepoint    ] Leaving safepoint region
[2020-01-13T13:35:55.980+0000][1][safepoint    ] Total time for which application threads were stopped: 0.0001683 seconds, Stopping threads took: 0.0000336 seconds
[2020-01-13T13:35:56.981+0000][1][safepoint    ] Application time: 1.0006747 seconds
[2020-01-13T13:35:56.981+0000][1][safepoint    ] Entering safepoint region: Cleanup
[2020-01-13T13:35:56.981+0000][1][safepoint    ] Leaving safepoint region
[2020-01-13T13:35:56.981+0000][1][safepoint    ] Total time for which application threads were stopped: 0.0001237 seconds, Stopping threads took: 0.0000315 seconds
[2020-01-13T13:35:57.981+0000][1][safepoint    ] Application time: 0.9999929 seconds
[2020-01-13T13:35:57.981+0000][1][safepoint    ] Entering safepoint region: RevokeBias
[2020-01-13T13:35:57.981+0000][1][safepoint    ] Leaving safepoint region
[2020-01-13T13:35:57.981+0000][1][safepoint    ] Total time for which application threads were stopped: 0.0000998 seconds, Stopping threads took: 0.0000196 seconds
[2020-01-13T13:35:58.982+0000][1][safepoint    ] Application time: 1.0001976 seconds
[2020-01-13T13:35:58.982+0000][1][safepoint    ] Entering safepoint region: Cleanup
[2020-01-13T13:35:58.982+0000][1][safepoint    ] Leaving safepoint region
[2020-01-13T13:35:58.982+0000][1][safepoint    ] Total time for which application threads were stopped: 0.0001042 seconds, Stopping threads took: 0.0000254 seconds
[2020-01-13T13:35:59.982+0000][1][safepoint    ] Application time: 1.0001368 seconds
[2020-01-13T13:35:59.982+0000][1][safepoint    ] Entering safepoint region: Cleanup
[2020-01-13T13:35:59.982+0000][1][safepoint    ] Leaving safepoint region
[2020-01-13T13:35:59.982+0000][1][safepoint    ] Total time for which application threads were stopped: 0.0001304 seconds, Stopping threads took: 0.0000286 seconds
[2020-01-13T13:35:59.985+0000][1][safepoint    ] Application time: 0.0024111 seconds
[2020-01-13T13:35:59.985+0000][1][safepoint    ] Entering safepoint region: RevokeBias
[2020-01-13T13:35:59.985+0000][1][safepoint    ] Leaving safepoint region
[2020-01-13T13:35:59.985+0000][1][safepoint    ] Total time for which application threads were stopped: 0.0000889 seconds, Stopping threads took: 0.0000187 seconds
[2020-01-13T13:36:00.986+0000][1][safepoint    ] Application time: 1.0009262 seconds
[2020-01-13T13:36:00.986+0000][1][safepoint    ] Entering safepoint region: Cleanup
[2020-01-13T13:36:00.986+0000][1][safepoint    ] Leaving safepoint region
[2020-01-13T13:36:00.986+0000][1][safepoint    ] Total time for which application threads were stopped: 0.0001214 seconds, Stopping threads took: 0.0000434 seconds
[2020-01-13T13:36:01.239+0000][1][safepoint    ] Application time: 0.2532862 seconds
[2020-01-13T13:36:01.239+0000][1][safepoint    ] Entering safepoint region: RevokeBias
[2020-01-13T13:36:01.239+0000][1][safepoint    ] Leaving safepoint region
[2020-01-13T13:36:01.239+0000][1][safepoint    ] Total time for which application threads were stopped: 0.0001079 seconds, Stopping threads took: 0.0000207 seconds
[2020-01-13T13:36:01.985+0000][1][safepoint    ] Application time: 0.7457159 seconds
[2020-01-13T13:36:01.985+0000][1][safepoint    ] Entering safepoint region: RevokeBias
[2020-01-13T13:36:01.985+0000][1][safepoint    ] Leaving safepoint region
[2020-01-13T13:36:01.985+0000][1][safepoint    ] Total time for which application threads were stopped: 0.0001390 seconds, Stopping threads took: 0.0000316 seconds
[2020-01-13T13:36:02.985+0000][1][safepoint    ] Application time: 1.0000933 seconds
[2020-01-13T13:36:02.985+0000][1][safepoint    ] Entering safepoint region: Cleanup
[2020-01-13T13:36:02.985+0000][1][safepoint    ] Leaving safepoint region
[2020-01-13T13:36:02.985+0000][1][safepoint    ] Total time for which application threads were stopped: 0.0001625 seconds, Stopping threads took: 0.0000815 seconds
[2020-01-13T13:36:03.986+0000][1][safepoint    ] Application time: 1.0006301 seconds
[2020-01-13T13:36:03.987+0000][1][safepoint    ] Entering safepoint region: RevokeBias
[2020-01-13T13:36:03.988+0000][1][safepoint    ] Leaving safepoint region
[2020-01-13T13:36:03.988+0000][1][safepoint    ] Total time for which application threads were stopped: 0.0001930 seconds, Stopping threads took: 0.0000665 seconds
[2020-01-13T13:36:04.988+0000][1][safepoint    ] Application time: 1.0000905 seconds
[2020-01-13T13:36:04.988+0000][1][safepoint    ] Entering safepoint region: Cleanup
[2020-01-13T13:36:04.988+0000][1][safepoint    ] Leaving safepoint region
[2020-01-13T13:36:04.988+0000][1][safepoint    ] Total time for which application threads were stopped: 0.0001040 seconds, Stopping threads took: 0.0000200 seconds
[2020-01-13T13:36:05.986+0000][1][safepoint    ] Application time: 0.9977771 seconds
[2020-01-13T13:36:05.986+0000][1][safepoint    ] Entering safepoint region: RevokeBias
[2020-01-13T13:36:05.986+0000][1][safepoint    ] Leaving safepoint region
[2020-01-13T13:36:05.986+0000][1][safepoint    ] Total time for which application threads were stopped: 0.0001270 seconds, Stopping threads took: 0.0000201 seconds
[2020-01-13T13:36:06.987+0000][1][safepoint    ] Application time: 1.0008358 seconds
[2020-01-13T13:36:06.987+0000][1][safepoint    ] Entering safepoint region: Cleanup
[2020-01-13T13:36:06.987+0000][1][safepoint    ] Leaving safepoint region
[2020-01-13T13:36:06.987+0000][1][safepoint    ] Total time for which application threads were stopped: 0.0001046 seconds, Stopping threads took: 0.0000295 seconds
[2020-01-13T13:36:07.986+0000][1][safepoint    ] Application time: 0.9996295 seconds
[2020-01-13T13:36:07.986+0000][1][safepoint    ] Entering safepoint region: RevokeBias
[2020-01-13T13:36:07.987+0000][1][safepoint    ] Leaving safepoint region
[2020-01-13T13:36:07.987+0000][1][safepoint    ] Total time for which application threads were stopped: 0.0001398 seconds, Stopping threads took: 0.0000314 seconds
[2020-01-13T13:36:08.988+0000][1][safepoint    ] Application time: 1.0017031 seconds
[2020-01-13T13:36:08.989+0000][1][safepoint    ] Entering safepoint region: Cleanup
[2020-01-13T13:36:08.990+0000][1][safepoint    ] Leaving safepoint region
[2020-01-13T13:36:08.990+0000][1][safepoint    ] Total time for which application threads were stopped: 0.0001002 seconds, Stopping threads took: 0.0000280 seconds
[2020-01-13T13:36:09.988+0000][1][safepoint    ] Application time: 0.9983647 seconds
[2020-01-13T13:36:09.988+0000][1][safepoint    ] Entering safepoint region: RevokeBias
[2020-01-13T13:36:09.988+0000][1][safepoint    ] Leaving safepoint region
[2020-01-13T13:36:09.988+0000][1][safepoint    ] Total time for which application threads were stopped: 0.0001374 seconds, Stopping threads took: 0.0000280 seconds
[2020-01-13T13:36:10.988+0000][1][safepoint    ] Application time: 1.0000948 seconds
[2020-01-13T13:36:10.992+0000][1][safepoint    ] Entering safepoint region: Cleanup
[2020-01-13T13:36:10.992+0000][1][safepoint    ] Leaving safepoint region
[2020-01-13T13:36:10.992+0000][1][safepoint    ] Total time for which application threads were stopped: 0.0039613 seconds, Stopping threads took: 0.0038781 seconds
[2020-01-13T13:36:11.988+0000][1][safepoint    ] Application time: 0.9961337 seconds
[2020-01-13T13:36:11.988+0000][1][safepoint    ] Entering safepoint region: RevokeBias
[2020-01-13T13:36:11.989+0000][1][safepoint    ] Leaving safepoint region
[2020-01-13T13:36:11.989+0000][1][safepoint    ] Total time for which application threads were stopped: 0.0001605 seconds, Stopping threads took: 0.0000341 seconds
[2020-01-13T13:36:12.989+0000][1][safepoint    ] Application time: 1.0000795 seconds
[2020-01-13T13:36:12.989+0000][1][safepoint    ] Entering safepoint region: Cleanup
[2020-01-13T13:36:12.989+0000][1][safepoint    ] Leaving safepoint region
[2020-01-13T13:36:12.989+0000][1][safepoint    ] Total time for which application threads were stopped: 0.0001144 seconds, Stopping threads took: 0.0000329 seconds
[2020-01-13T13:36:13.989+0000][1][safepoint    ] Application time: 0.9996928 seconds
[2020-01-13T13:36:13.989+0000][1][safepoint    ] Entering safepoint region: RevokeBias
[2020-01-13T13:36:13.990+0000][1][safepoint    ] Leaving safepoint region
[2020-01-13T13:36:13.990+0000][1][safepoint    ] Total time for which application threads were stopped: 0.0001665 seconds, Stopping threads took: 0.0000445 seconds
[2020-01-13T13:36:15.990+0000][1][safepoint    ] Application time: 2.0002076 seconds
[2020-01-13T13:36:15.990+0000][1][safepoint    ] Entering safepoint region: Cleanup
[2020-01-13T13:36:15.990+0000][1][safepoint    ] Leaving safepoint region
[2020-01-13T13:36:15.990+0000][1][safepoint    ] Total time for which application threads were stopped: 0.0001316 seconds, Stopping threads took: 0.0000460 seconds
[2020-01-13T13:36:15.995+0000][1][safepoint    ] Application time: 0.0047220 seconds
[2020-01-13T13:36:15.995+0000][1][safepoint    ] Entering safepoint region: RevokeBias
[2020-01-13T13:36:15.995+0000][1][safepoint    ] Leaving safepoint region
[2020-01-13T13:36:15.995+0000][1][safepoint    ] Total time for which application threads were stopped: 0.0001068 seconds, Stopping threads took: 0.0000150 seconds
[2020-01-13T13:36:16.995+0000][1][safepoint    ] Application time: 1.0000849 seconds
[2020-01-13T13:36:16.995+0000][1][safepoint    ] Entering safepoint region: Cleanup
[2020-01-13T13:36:16.995+0000][1][safepoint    ] Leaving safepoint region
[2020-01-13T13:36:16.995+0000][1][safepoint    ] Total time for which application threads were stopped: 0.0002180 seconds, Stopping threads took: 0.0001300 seconds
[2020-01-13T13:36:17.995+0000][1][safepoint    ] Application time: 1.0001737 seconds
[2020-01-13T13:36:17.995+0000][1][safepoint    ] Entering safepoint region: RevokeBias
[2020-01-13T13:36:17.996+0000][1][safepoint    ] Leaving safepoint region
[2020-01-13T13:36:17.996+0000][1][safepoint    ] Total time for which application threads were stopped: 0.0001290 seconds, Stopping threads took: 0.0000196 seconds
[2020-01-13T13:36:18.996+0000][1][safepoint    ] Application time: 1.0000827 seconds
[2020-01-13T13:36:18.997+0000][1][safepoint    ] Entering safepoint region: Cleanup
[2020-01-13T13:36:18.997+0000][1][safepoint    ] Leaving safepoint region
[2020-01-13T13:36:18.997+0000][1][safepoint    ] Total time for which application threads were stopped: 0.0001303 seconds, Stopping threads took: 0.0000465 seconds
[2020-01-13T13:36:19.352+0000][1][safepoint    ] Application time: 0.3553570 seconds
[2020-01-13T13:36:19.352+0000][1][safepoint    ] Entering safepoint region: RevokeBias
[2020-01-13T13:36:19.352+0000][1][safepoint    ] Leaving safepoint region
[2020-01-13T13:36:19.352+0000][1][safepoint    ] Total time for which application threads were stopped: 0.0001379 seconds, Stopping threads took: 0.0000303 seconds
[2020-01-13T13:36:19.861+0000][1][safepoint    ] Application time: 0.5080826 seconds
[2020-01-13T13:36:19.861+0000][1][safepoint    ] Entering safepoint region: RevokeBias
[2020-01-13T13:36:19.861+0000][1][safepoint    ] Leaving safepoint region
[2020-01-13T13:36:19.861+0000][1][safepoint    ] Total time for which application threads were stopped: 0.0001759 seconds, Stopping threads took: 0.0000344 seconds
[2020-01-13T13:36:19.995+0000][1][safepoint    ] Application time: 0.1345798 seconds
[2020-01-13T13:36:19.995+0000][1][safepoint    ] Entering safepoint region: RevokeBias
[2020-01-13T13:36:19.996+0000][1][safepoint    ] Leaving safepoint region
[2020-01-13T13:36:19.996+0000][1][safepoint    ] Total time for which application threads were stopped: 0.0001189 seconds, Stopping threads took: 0.0000264 seconds
[2020-01-13T13:36:20.996+0000][1][safepoint    ] Application time: 1.0006462 seconds
[2020-01-13T13:36:20.996+0000][1][safepoint    ] Entering safepoint region: Cleanup
[2020-01-13T13:36:20.996+0000][1][safepoint    ] Leaving safepoint region
[2020-01-13T13:36:20.996+0000][1][safepoint    ] Total time for which application threads were stopped: 0.0001737 seconds, Stopping threads took: 0.0000872 seconds
[2020-01-13T13:36:21.996+0000][1][safepoint    ] Application time: 0.9990666 seconds
[2020-01-13T13:36:21.996+0000][1][safepoint    ] Entering safepoint region: RevokeBias
[2020-01-13T13:36:21.996+0000][1][safepoint    ] Leaving safepoint region
[2020-01-13T13:36:21.996+0000][1][safepoint    ] Total time for which application threads were stopped: 0.0001231 seconds, Stopping threads took: 0.0000195 seconds
[2020-01-13T13:36:22.998+0000][1][safepoint    ] Application time: 1.0019140 seconds
[2020-01-13T13:36:22.998+0000][1][safepoint    ] Entering safepoint region: Cleanup
[2020-01-13T13:36:22.998+0000][1][safepoint    ] Leaving safepoint region
[2020-01-13T13:36:22.998+0000][1][safepoint    ] Total time for which application threads were stopped: 0.0001027 seconds, Stopping threads took: 0.0000238 seconds
[2020-01-13T13:36:23.996+0000][1][safepoint    ] Application time: 0.9985243 seconds
[2020-01-13T13:36:23.996+0000][1][safepoint    ] Entering safepoint region: RevokeBias
[2020-01-13T13:36:23.997+0000][1][safepoint    ] Leaving safepoint region
[2020-01-13T13:36:23.997+0000][1][safepoint    ] Total time for which application threads were stopped: 0.0001857 seconds, Stopping threads took: 0.0000273 seconds
[2020-01-13T13:36:24.998+0000][1][safepoint    ] Application time: 1.0015173 seconds
[2020-01-13T13:36:24.998+0000][1][safepoint    ] Entering safepoint region: Cleanup
[2020-01-13T13:36:24.998+0000][1][safepoint    ] Leaving safepoint region
[2020-01-13T13:36:24.998+0000][1][safepoint    ] Total time for which application threads were stopped: 0.0001014 seconds, Stopping threads took: 0.0000258 seconds
[2020-01-13T13:36:25.997+0000][1][safepoint    ] Application time: 0.9991716 seconds
[2020-01-13T13:36:25.997+0000][1][safepoint    ] Entering safepoint region: RevokeBias
[2020-01-13T13:36:25.998+0000][1][safepoint    ] Leaving safepoint region
[2020-01-13T13:36:25.998+0000][1][safepoint    ] Total time for which application threads were stopped: 0.0001328 seconds, Stopping threads took: 0.0000203 seconds
[2020-01-13T13:36:26.998+0000][1][safepoint    ] Application time: 1.0000881 seconds
[2020-01-13T13:36:26.998+0000][1][safepoint    ] Entering safepoint region: Cleanup
[2020-01-13T13:36:26.998+0000][1][safepoint    ] Leaving safepoint region
[2020-01-13T13:36:26.998+0000][1][safepoint    ] Total time for which application threads were stopped: 0.0006127 seconds, Stopping threads took: 0.0005110 seconds
[2020-01-13T13:36:27.998+0000][1][safepoint    ] Application time: 0.9993998 seconds
[2020-01-13T13:36:27.998+0000][1][safepoint    ] Entering safepoint region: RevokeBias
[2020-01-13T13:36:27.998+0000][1][safepoint    ] Leaving safepoint region
[2020-01-13T13:36:27.998+0000][1][safepoint    ] Total time for which application threads were stopped: 0.0001295 seconds, Stopping threads took: 0.0000254 seconds
[2020-01-13T13:36:29.000+0000][1][safepoint    ] Application time: 1.0023566 seconds
[2020-01-13T13:36:29.000+0000][1][safepoint    ] Entering safepoint region: Cleanup
[2020-01-13T13:36:29.000+0000][1][safepoint    ] Leaving safepoint region
[2020-01-13T13:36:29.000+0000][1][safepoint    ] Total time for which application threads were stopped: 0.0001261 seconds, Stopping threads took: 0.0000469 seconds
[2020-01-13T13:36:29.020+0000][1][safepoint    ] Application time: 0.0191270 seconds
[2020-01-13T13:36:29.020+0000][1][safepoint    ] Entering safepoint region: RevokeBias
[2020-01-13T13:36:29.021+0000][1][safepoint    ] Leaving safepoint region
[2020-01-13T13:36:29.021+0000][1][safepoint    ] Total time for which application threads were stopped: 0.0010981 seconds, Stopping threads took: 0.0008453 seconds
[2020-01-13T13:36:29.998+0000][1][safepoint    ] Application time: 0.9773215 seconds
[2020-01-13T13:36:29.998+0000][1][safepoint    ] Entering safepoint region: RevokeBias
[2020-01-13T13:36:29.998+0000][1][safepoint    ] Leaving safepoint region
[2020-01-13T13:36:29.998+0000][1][safepoint    ] Total time for which application threads were stopped: 0.0001562 seconds, Stopping threads took: 0.0000237 seconds
[2020-01-13T13:36:30.998+0000][1][safepoint    ] Application time: 1.0001479 seconds
[2020-01-13T13:36:30.999+0000][1][safepoint    ] Entering safepoint region: Cleanup
[2020-01-13T13:36:30.999+0000][1][safepoint    ] Leaving safepoint region
[2020-01-13T13:36:30.999+0000][1][safepoint    ] Total time for which application threads were stopped: 0.0001281 seconds, Stopping threads took: 0.0000327 seconds
[2020-01-13T13:36:31.999+0000][1][safepoint    ] Application time: 1.0001451 seconds
[2020-01-13T13:36:31.999+0000][1][safepoint    ] Entering safepoint region: Cleanup
[2020-01-13T13:36:31.999+0000][1][safepoint    ] Leaving safepoint region
[2020-01-13T13:36:31.999+0000][1][safepoint    ] Total time for which application threads were stopped: 0.0001420 seconds, Stopping threads took: 0.0000305 seconds
[2020-01-13T13:36:32.000+0000][1][safepoint    ] Application time: 0.0009715 seconds
[2020-01-13T13:36:32.000+0000][1][safepoint    ] Entering safepoint region: RevokeBias
[2020-01-13T13:36:32.000+0000][1][safepoint    ] Leaving safepoint region
[2020-01-13T13:36:32.000+0000][1][safepoint    ] Total time for which application threads were stopped: 0.0001334 seconds, Stopping threads took: 0.0000269 seconds
[2020-01-13T13:36:33.001+0000][1][safepoint    ] Application time: 1.0010415 seconds
[2020-01-13T13:36:33.001+0000][1][safepoint    ] Entering safepoint region: Cleanup
[2020-01-13T13:36:33.001+0000][1][safepoint    ] Leaving safepoint region
[2020-01-13T13:36:33.001+0000][1][safepoint    ] Total time for which application threads were stopped: 0.0001140 seconds, Stopping threads took: 0.0000338 seconds
[2020-01-13T13:36:34.001+0000][1][safepoint    ] Application time: 0.9993419 seconds
[2020-01-13T13:36:34.002+0000][1][safepoint    ] Entering safepoint region: RevokeBias
[2020-01-13T13:36:34.002+0000][1][safepoint    ] Leaving safepoint region
[2020-01-13T13:36:34.002+0000][1][safepoint    ] Total time for which application threads were stopped: 0.0001491 seconds, Stopping threads took: 0.0000414 seconds
[2020-01-13T13:36:35.065+0000][1][safepoint    ] Application time: 1.0623950 seconds
[2020-01-13T13:36:35.065+0000][1][safepoint    ] Entering safepoint region: RevokeBias
[2020-01-13T13:36:35.065+0000][1][safepoint    ] Leaving safepoint region
[2020-01-13T13:36:35.065+0000][1][safepoint    ] Total time for which application threads were stopped: 0.0001547 seconds, Stopping threads took: 0.0000282 seconds
[2020-01-13T13:36:35.074+0000][1][safepoint    ] Application time: 0.0090517 seconds
[2020-01-13T13:36:35.074+0000][1][safepoint    ] Entering safepoint region: GenCollectForAllocation
[2020-01-13T13:36:35.074+0000][1][gc,start     ] GC(23) Pause Young (Allocation Failure)
[2020-01-13T13:36:35.074+0000][1][gc,task      ] GC(23) Using 1 workers of 1 for evacuation
[2020-01-13T13:36:35.099+0000][1][gc,age       ] GC(23) Desired survivor size 4358144 bytes, new threshold 6 (max threshold 6)
[2020-01-13T13:36:35.099+0000][1][gc,age       ] GC(23) Age table with threshold 6 (max threshold 6)
[2020-01-13T13:36:35.099+0000][1][gc,age       ] GC(23) - age   1:     333816 bytes,     333816 total
[2020-01-13T13:36:35.099+0000][1][gc,age       ] GC(23) - age   2:    2575032 bytes,    2908848 total
[2020-01-13T13:36:35.099+0000][1][gc,heap      ] GC(23) ParNew: 76672K->5310K(76672K)
[2020-01-13T13:36:35.099+0000][1][gc,heap      ] GC(23) CMS: 62655K->65640K(176960K)
[2020-01-13T13:36:35.099+0000][1][gc,metaspace ] GC(23) Metaspace: 67560K->67560K(1112064K)
[2020-01-13T13:36:35.099+0000][1][gc           ] GC(23) Pause Young (Allocation Failure) 136M->69M(247M) 24.387ms
[2020-01-13T13:36:35.099+0000][1][gc,cpu       ] GC(23) User=0.02s Sys=0.00s Real=0.03s
[2020-01-13T13:36:35.099+0000][1][safepoint    ] Leaving safepoint region
[2020-01-13T13:36:35.099+0000][1][safepoint    ] Total time for which application threads were stopped: 0.0245960 seconds, Stopping threads took: 0.0000302 seconds
[2020-01-13T13:36:36.001+0000][1][safepoint    ] Application time: 0.9021373 seconds
[2020-01-13T13:36:36.001+0000][1][safepoint    ] Entering safepoint region: RevokeBias
[2020-01-13T13:36:36.001+0000][1][safepoint    ] Leaving safepoint region
[2020-01-13T13:36:36.001+0000][1][safepoint    ] Total time for which application threads were stopped: 0.0001168 seconds, Stopping threads took: 0.0000205 seconds
[2020-01-13T13:36:38.002+0000][1][safepoint    ] Application time: 2.0006088 seconds
[2020-01-13T13:36:38.002+0000][1][safepoint    ] Entering safepoint region: RevokeBias
[2020-01-13T13:36:38.002+0000][1][safepoint    ] Leaving safepoint region
[2020-01-13T13:36:38.002+0000][1][safepoint    ] Total time for which application threads were stopped: 0.0001995 seconds, Stopping threads took: 0.0000616 seconds
[2020-01-13T13:36:39.003+0000][1][safepoint    ] Application time: 1.0008186 seconds
[2020-01-13T13:36:39.004+0000][1][safepoint    ] Entering safepoint region: Cleanup
[2020-01-13T13:36:39.004+0000][1][safepoint    ] Leaving safepoint region
[2020-01-13T13:36:39.004+0000][1][safepoint    ] Total time for which application threads were stopped: 0.0001058 seconds, Stopping threads took: 0.0000291 seconds
[2020-01-13T13:36:40.002+0000][1][safepoint    ] Application time: 0.9981493 seconds
[2020-01-13T13:36:40.002+0000][1][safepoint    ] Entering safepoint region: RevokeBias
[2020-01-13T13:36:40.002+0000][1][safepoint    ] Leaving safepoint region
[2020-01-13T13:36:40.002+0000][1][safepoint    ] Total time for which application threads were stopped: 0.0003295 seconds, Stopping threads took: 0.0000350 seconds
[2020-01-13T13:36:41.002+0000][1][safepoint    ] Application time: 1.0000905 seconds
[2020-01-13T13:36:41.004+0000][1][safepoint    ] Entering safepoint region: Cleanup
[2020-01-13T13:36:41.005+0000][1][safepoint    ] Leaving safepoint region
[2020-01-13T13:36:41.005+0000][1][safepoint    ] Total time for which application threads were stopped: 0.0020565 seconds, Stopping threads took: 0.0019554 seconds
[2020-01-13T13:36:42.002+0000][1][safepoint    ] Application time: 0.9977406 seconds
[2020-01-13T13:36:42.002+0000][1][safepoint    ] Entering safepoint region: RevokeBias
[2020-01-13T13:36:42.002+0000][1][safepoint    ] Leaving safepoint region
[2020-01-13T13:36:42.002+0000][1][safepoint    ] Total time for which application threads were stopped: 0.0001333 seconds, Stopping threads took: 0.0000201 seconds
[2020-01-13T13:36:43.003+0000][1][safepoint    ] Application time: 1.0002228 seconds
[2020-01-13T13:36:43.003+0000][1][safepoint    ] Entering safepoint region: Cleanup
[2020-01-13T13:36:43.003+0000][1][safepoint    ] Leaving safepoint region
[2020-01-13T13:36:43.003+0000][1][safepoint    ] Total time for which application threads were stopped: 0.0001169 seconds, Stopping threads took: 0.0000300 seconds
[2020-01-13T13:36:44.003+0000][1][safepoint    ] Application time: 1.0000886 seconds
[2020-01-13T13:36:44.004+0000][1][safepoint    ] Entering safepoint region: Cleanup
[2020-01-13T13:36:44.004+0000][1][safepoint    ] Leaving safepoint region
[2020-01-13T13:36:44.004+0000][1][safepoint    ] Total time for which application threads were stopped: 0.0001936 seconds, Stopping threads took: 0.0000916 seconds
[2020-01-13T13:36:44.004+0000][1][safepoint    ] Application time: 0.0000146 seconds
[2020-01-13T13:36:44.004+0000][1][safepoint    ] Entering safepoint region: BulkRevokeBias
[2020-01-13T13:36:44.005+0000][1][safepoint    ] Leaving safepoint region
[2020-01-13T13:36:44.005+0000][1][safepoint    ] Total time for which application threads were stopped: 0.0002181 seconds, Stopping threads took: 0.0000054 seconds
[2020-01-13T13:36:45.005+0000][1][safepoint    ] Application time: 1.0000895 seconds
[2020-01-13T13:36:45.005+0000][1][safepoint    ] Entering safepoint region: Cleanup
[2020-01-13T13:36:45.005+0000][1][safepoint    ] Leaving safepoint region
[2020-01-13T13:36:45.005+0000][1][safepoint    ] Total time for which application threads were stopped: 0.0000988 seconds, Stopping threads took: 0.0000200 seconds
[2020-01-13T13:36:46.004+0000][1][safepoint    ] Application time: 0.9986799 seconds
[2020-01-13T13:36:46.004+0000][1][safepoint    ] Entering safepoint region: RevokeBias
[2020-01-13T13:36:46.004+0000][1][safepoint    ] Leaving safepoint region
[2020-01-13T13:36:46.004+0000][1][safepoint    ] Total time for which application threads were stopped: 0.0001586 seconds, Stopping threads took: 0.0000315 seconds
[2020-01-13T13:36:47.004+0000][1][safepoint    ] Application time: 1.0000802 seconds
[2020-01-13T13:36:47.004+0000][1][safepoint    ] Entering safepoint region: Cleanup
[2020-01-13T13:36:47.004+0000][1][safepoint    ] Leaving safepoint region
[2020-01-13T13:36:47.004+0000][1][safepoint    ] Total time for which application threads were stopped: 0.0001456 seconds, Stopping threads took: 0.0000671 seconds
[2020-01-13T13:36:48.004+0000][1][safepoint    ] Application time: 0.9998015 seconds
[2020-01-13T13:36:48.004+0000][1][safepoint    ] Entering safepoint region: RevokeBias
[2020-01-13T13:36:48.004+0000][1][safepoint    ] Leaving safepoint region
[2020-01-13T13:36:48.004+0000][1][safepoint    ] Total time for which application threads were stopped: 0.0001558 seconds, Stopping threads took: 0.0000313 seconds
[2020-01-13T13:36:49.004+0000][1][safepoint    ] Application time: 1.0000979 seconds
[2020-01-13T13:36:49.005+0000][1][safepoint    ] Entering safepoint region: Cleanup
[2020-01-13T13:36:49.006+0000][1][safepoint    ] Leaving safepoint region
[2020-01-13T13:36:49.006+0000][1][safepoint    ] Total time for which application threads were stopped: 0.0002553 seconds, Stopping threads took: 0.0001591 seconds
[2020-01-13T13:36:50.006+0000][1][safepoint    ] Application time: 1.0001670 seconds
[2020-01-13T13:36:50.006+0000][1][safepoint    ] Entering safepoint region: Cleanup
[2020-01-13T13:36:50.006+0000][1][safepoint    ] Leaving safepoint region
[2020-01-13T13:36:50.006+0000][1][safepoint    ] Total time for which application threads were stopped: 0.0001057 seconds, Stopping threads took: 0.0000201 seconds
[2020-01-13T13:36:50.006+0000][1][safepoint    ] Application time: 0.0000967 seconds
[2020-01-13T13:36:50.006+0000][1][safepoint    ] Entering safepoint region: RevokeBias
[2020-01-13T13:36:50.006+0000][1][safepoint    ] Leaving safepoint region
[2020-01-13T13:36:50.006+0000][1][safepoint    ] Total time for which application threads were stopped: 0.0000472 seconds, Stopping threads took: 0.0000061 seconds
[2020-01-13T13:36:52.006+0000][1][safepoint    ] Application time: 2.0002244 seconds
[2020-01-13T13:36:52.006+0000][1][safepoint    ] Entering safepoint region: RevokeBias
[2020-01-13T13:36:52.006+0000][1][safepoint    ] Leaving safepoint region
[2020-01-13T13:36:52.007+0000][1][safepoint    ] Total time for which application threads were stopped: 0.0001538 seconds, Stopping threads took: 0.0000317 seconds
[2020-01-13T13:36:54.007+0000][1][safepoint    ] Application time: 2.0003209 seconds
[2020-01-13T13:36:54.007+0000][1][safepoint    ] Entering safepoint region: Cleanup
[2020-01-13T13:36:54.007+0000][1][safepoint    ] Leaving safepoint region
[2020-01-13T13:36:54.007+0000][1][safepoint    ] Total time for which application threads were stopped: 0.0001034 seconds, Stopping threads took: 0.0000192 seconds
[2020-01-13T13:36:54.007+0000][1][safepoint    ] Application time: 0.0000910 seconds
[2020-01-13T13:36:54.007+0000][1][safepoint    ] Entering safepoint region: RevokeBias
[2020-01-13T13:36:54.007+0000][1][safepoint    ] Leaving safepoint region
[2020-01-13T13:36:54.007+0000][1][safepoint    ] Total time for which application threads were stopped: 0.0000508 seconds, Stopping threads took: 0.0000069 seconds
[2020-01-13T13:36:55.008+0000][1][safepoint    ] Application time: 1.0010366 seconds
[2020-01-13T13:36:55.008+0000][1][safepoint    ] Entering safepoint region: Cleanup
[2020-01-13T13:36:55.008+0000][1][safepoint    ] Leaving safepoint region
[2020-01-13T13:36:55.008+0000][1][safepoint    ] Total time for which application threads were stopped: 0.0001328 seconds, Stopping threads took: 0.0000462 seconds
[2020-01-13T13:36:56.008+0000][1][safepoint    ] Application time: 0.9996228 seconds
[2020-01-13T13:36:56.008+0000][1][safepoint    ] Entering safepoint region: RevokeBias
[2020-01-13T13:36:56.008+0000][1][safepoint    ] Leaving safepoint region
[2020-01-13T13:36:56.008+0000][1][safepoint    ] Total time for which application threads were stopped: 0.0001488 seconds, Stopping threads took: 0.0000328 seconds
[2020-01-13T13:36:57.008+0000][1][safepoint    ] Application time: 1.0000467 seconds
[2020-01-13T13:36:57.009+0000][1][safepoint    ] Entering safepoint region: Cleanup
[2020-01-13T13:36:57.009+0000][1][safepoint    ] Leaving safepoint region
[2020-01-13T13:36:57.009+0000][1][safepoint    ] Total time for which application threads were stopped: 0.0003844 seconds, Stopping threads took: 0.0002892 seconds
[2020-01-13T13:36:58.008+0000][1][safepoint    ] Application time: 0.9996019 seconds
[2020-01-13T13:36:58.008+0000][1][safepoint    ] Entering safepoint region: RevokeBias
[2020-01-13T13:36:58.008+0000][1][safepoint    ] Leaving safepoint region
[2020-01-13T13:36:58.008+0000][1][safepoint    ] Total time for which application threads were stopped: 0.0001197 seconds, Stopping threads took: 0.0000197 seconds
[2020-01-13T13:36:59.009+0000][1][safepoint    ] Application time: 1.0000811 seconds
[2020-01-13T13:36:59.009+0000][1][safepoint    ] Entering safepoint region: Cleanup
[2020-01-13T13:36:59.009+0000][1][safepoint    ] Leaving safepoint region
[2020-01-13T13:36:59.009+0000][1][safepoint    ] Total time for which application threads were stopped: 0.0005469 seconds, Stopping threads took: 0.0004485 seconds
[2020-01-13T13:37:00.009+0000][1][safepoint    ] Application time: 1.0001877 seconds
[2020-01-13T13:37:00.010+0000][1][safepoint    ] Entering safepoint region: RevokeBias
[2020-01-13T13:37:00.010+0000][1][safepoint    ] Leaving safepoint region
[2020-01-13T13:37:00.010+0000][1][safepoint    ] Total time for which application threads were stopped: 0.0002317 seconds, Stopping threads took: 0.0001071 seconds
[2020-01-13T13:37:02.008+0000][1][safepoint    ] Application time: 1.9988119 seconds
[2020-01-13T13:37:02.009+0000][1][safepoint    ] Entering safepoint region: RevokeBias
[2020-01-13T13:37:02.009+0000][1][safepoint    ] Leaving safepoint region
[2020-01-13T13:37:02.009+0000][1][safepoint    ] Total time for which application threads were stopped: 0.0001683 seconds, Stopping threads took: 0.0000452 seconds
[2020-01-13T13:37:04.010+0000][1][safepoint    ] Application time: 2.0016126 seconds
[2020-01-13T13:37:04.011+0000][1][safepoint    ] Entering safepoint region: Cleanup
[2020-01-13T13:37:04.011+0000][1][safepoint    ] Leaving safepoint region
[2020-01-13T13:37:04.011+0000][1][safepoint    ] Total time for which application threads were stopped: 0.0001367 seconds, Stopping threads took: 0.0000369 seconds
[2020-01-13T13:37:05.019+0000][1][safepoint    ] Application time: 1.0075753 seconds
[2020-01-13T13:37:05.019+0000][1][safepoint    ] Entering safepoint region: RevokeBias
[2020-01-13T13:37:05.019+0000][1][safepoint    ] Leaving safepoint region
[2020-01-13T13:37:05.019+0000][1][safepoint    ] Total time for which application threads were stopped: 0.0001387 seconds, Stopping threads took: 0.0000349 seconds
[2020-01-13T13:37:06.019+0000][1][safepoint    ] Application time: 1.0001186 seconds
[2020-01-13T13:37:06.019+0000][1][safepoint    ] Entering safepoint region: Cleanup
[2020-01-13T13:37:06.019+0000][1][safepoint    ] Leaving safepoint region
[2020-01-13T13:37:06.020+0000][1][safepoint    ] Total time for which application threads were stopped: 0.0001292 seconds, Stopping threads took: 0.0000298 seconds
[2020-01-13T13:37:08.020+0000][1][safepoint    ] Application time: 2.0002186 seconds
[2020-01-13T13:37:08.020+0000][1][safepoint    ] Entering safepoint region: Cleanup
[2020-01-13T13:37:08.020+0000][1][safepoint    ] Leaving safepoint region
[2020-01-13T13:37:08.020+0000][1][safepoint    ] Total time for which application threads were stopped: 0.0001313 seconds, Stopping threads took: 0.0000304 seconds
[2020-01-13T13:37:11.020+0000][1][safepoint    ] Application time: 3.0003860 seconds
[2020-01-13T13:37:11.020+0000][1][safepoint    ] Entering safepoint region: Cleanup
[2020-01-13T13:37:11.021+0000][1][safepoint    ] Leaving safepoint region
[2020-01-13T13:37:11.021+0000][1][safepoint    ] Total time for which application threads were stopped: 0.0001398 seconds, Stopping threads took: 0.0000308 seconds
[2020-01-13T13:37:11.241+0000][1][safepoint    ] Application time: 0.2201128 seconds
[2020-01-13T13:37:11.241+0000][1][safepoint    ] Entering safepoint region: RevokeBias
[2020-01-13T13:37:11.241+0000][1][safepoint    ] Leaving safepoint region
[2020-01-13T13:37:11.241+0000][1][safepoint    ] Total time for which application threads were stopped: 0.0001123 seconds, Stopping threads took: 0.0000253 seconds
[2020-01-13T13:37:11.241+0000][1][safepoint    ] Application time: 0.0000709 seconds
[2020-01-13T13:37:11.241+0000][1][safepoint    ] Entering safepoint region: RevokeBias
[2020-01-13T13:37:11.241+0000][1][safepoint    ] Leaving safepoint region
[2020-01-13T13:37:11.241+0000][1][safepoint    ] Total time for which application threads were stopped: 0.0000344 seconds, Stopping threads took: 0.0000139 seconds
[2020-01-13T13:37:11.245+0000][1][safepoint    ] Application time: 0.0039139 seconds
[2020-01-13T13:37:11.247+0000][1][safepoint    ] Entering safepoint region: RevokeBias
[2020-01-13T13:37:11.247+0000][1][safepoint    ] Leaving safepoint region
[2020-01-13T13:37:11.247+0000][1][safepoint    ] Total time for which application threads were stopped: 0.0020817 seconds, Stopping threads took: 0.0019963 seconds
[2020-01-13T13:37:11.251+0000][1][safepoint    ] Application time: 0.0043251 seconds
[2020-01-13T13:37:11.251+0000][1][safepoint    ] Entering safepoint region: RevokeBias
[2020-01-13T13:37:11.251+0000][1][safepoint    ] Leaving safepoint region
[2020-01-13T13:37:11.251+0000][1][safepoint    ] Total time for which application threads were stopped: 0.0000865 seconds, Stopping threads took: 0.0000164 seconds
[2020-01-13T13:37:11.255+0000][1][safepoint    ] Application time: 0.0035673 seconds
[2020-01-13T13:37:11.256+0000][1][safepoint    ] Entering safepoint region: RevokeBias
[2020-01-13T13:37:11.256+0000][1][safepoint    ] Leaving safepoint region
[2020-01-13T13:37:11.256+0000][1][safepoint    ] Total time for which application threads were stopped: 0.0010383 seconds, Stopping threads took: 0.0009727 seconds
[2020-01-13T13:37:11.256+0000][1][safepoint    ] Application time: 0.0000790 seconds
[2020-01-13T13:37:11.256+0000][1][safepoint    ] Entering safepoint region: RevokeBias
[2020-01-13T13:37:11.256+0000][1][safepoint    ] Leaving safepoint region
[2020-01-13T13:37:11.256+0000][1][safepoint    ] Total time for which application threads were stopped: 0.0000264 seconds, Stopping threads took: 0.0000067 seconds
[2020-01-13T13:37:11.257+0000][1][safepoint    ] Application time: 0.0008583 seconds
[2020-01-13T13:37:11.257+0000][1][safepoint    ] Entering safepoint region: RevokeBias
[2020-01-13T13:37:11.257+0000][1][safepoint    ] Leaving safepoint region
[2020-01-13T13:37:11.257+0000][1][safepoint    ] Total time for which application threads were stopped: 0.0001128 seconds, Stopping threads took: 0.0000499 seconds
[2020-01-13T13:37:11.260+0000][1][safepoint    ] Application time: 0.0032975 seconds
[2020-01-13T13:37:11.260+0000][1][safepoint    ] Entering safepoint region: RevokeBias
[2020-01-13T13:37:11.261+0000][1][safepoint    ] Leaving safepoint region
[2020-01-13T13:37:11.261+0000][1][safepoint    ] Total time for which application threads were stopped: 0.0000743 seconds, Stopping threads took: 0.0000238 seconds
[2020-01-13T13:37:11.547+0000][1][safepoint    ] Application time: 0.2868880 seconds
[2020-01-13T13:37:11.548+0000][1][safepoint    ] Entering safepoint region: RevokeBias
[2020-01-13T13:37:11.548+0000][1][safepoint    ] Leaving safepoint region
[2020-01-13T13:37:11.548+0000][1][safepoint    ] Total time for which application threads were stopped: 0.0001244 seconds, Stopping threads took: 0.0000206 seconds
[2020-01-13T13:37:11.550+0000][1][safepoint    ] Application time: 0.0026546 seconds
[2020-01-13T13:37:11.550+0000][1][safepoint    ] Entering safepoint region: RevokeBias
[2020-01-13T13:37:11.550+0000][1][safepoint    ] Leaving safepoint region
[2020-01-13T13:37:11.550+0000][1][safepoint    ] Total time for which application threads were stopped: 0.0000861 seconds, Stopping threads took: 0.0000204 seconds
[2020-01-13T13:37:11.551+0000][1][safepoint    ] Application time: 0.0007408 seconds
[2020-01-13T13:37:11.551+0000][1][safepoint    ] Entering safepoint region: RevokeBias
[2020-01-13T13:37:11.551+0000][1][safepoint    ] Leaving safepoint region
[2020-01-13T13:37:11.551+0000][1][safepoint    ] Total time for which application threads were stopped: 0.0000613 seconds, Stopping threads took: 0.0000127 seconds
[2020-01-13T13:37:11.551+0000][1][safepoint    ] Application time: 0.0001281 seconds
[2020-01-13T13:37:11.551+0000][1][safepoint    ] Entering safepoint region: RevokeBias
[2020-01-13T13:37:11.551+0000][1][safepoint    ] Leaving safepoint region
[2020-01-13T13:37:11.551+0000][1][safepoint    ] Total time for which application threads were stopped: 0.0000525 seconds, Stopping threads took: 0.0000078 seconds
[2020-01-13T13:37:11.552+0000][1][safepoint    ] Application time: 0.0004107 seconds
[2020-01-13T13:37:11.552+0000][1][safepoint    ] Entering safepoint region: RevokeBias
[2020-01-13T13:37:11.552+0000][1][safepoint    ] Leaving safepoint region
[2020-01-13T13:37:11.552+0000][1][safepoint    ] Total time for which application threads were stopped: 0.0000481 seconds, Stopping threads took: 0.0000117 seconds
[2020-01-13T13:37:11.552+0000][1][safepoint    ] Application time: 0.0004007 seconds
[2020-01-13T13:37:11.552+0000][1][safepoint    ] Entering safepoint region: RevokeBias
[2020-01-13T13:37:11.552+0000][1][safepoint    ] Leaving safepoint region
[2020-01-13T13:37:11.552+0000][1][safepoint    ] Total time for which application threads were stopped: 0.0000744 seconds, Stopping threads took: 0.0000302 seconds
[2020-01-13T13:37:11.554+0000][1][safepoint    ] Application time: 0.0011145 seconds
[2020-01-13T13:37:11.554+0000][1][safepoint    ] Entering safepoint region: RevokeBias
[2020-01-13T13:37:11.554+0000][1][safepoint    ] Leaving safepoint region
[2020-01-13T13:37:11.554+0000][1][safepoint    ] Total time for which application threads were stopped: 0.0000842 seconds, Stopping threads took: 0.0000515 seconds
[2020-01-13T13:37:11.555+0000][1][safepoint    ] Application time: 0.0012618 seconds
[2020-01-13T13:37:11.555+0000][1][safepoint    ] Entering safepoint region: RevokeBias
[2020-01-13T13:37:11.555+0000][1][safepoint    ] Leaving safepoint region
[2020-01-13T13:37:11.555+0000][1][safepoint    ] Total time for which application threads were stopped: 0.0000400 seconds, Stopping threads took: 0.0000098 seconds
[2020-01-13T13:37:11.557+0000][1][safepoint    ] Application time: 0.0016947 seconds
[2020-01-13T13:37:11.557+0000][1][safepoint    ] Entering safepoint region: RevokeBias
[2020-01-13T13:37:11.557+0000][1][safepoint    ] Leaving safepoint region
[2020-01-13T13:37:11.557+0000][1][safepoint    ] Total time for which application threads were stopped: 0.0000535 seconds, Stopping threads took: 0.0000183 seconds
[2020-01-13T13:37:11.558+0000][1][safepoint    ] Application time: 0.0007388 seconds
[2020-01-13T13:37:11.558+0000][1][safepoint    ] Entering safepoint region: RevokeBias
[2020-01-13T13:37:11.558+0000][1][safepoint    ] Leaving safepoint region
[2020-01-13T13:37:11.558+0000][1][safepoint    ] Total time for which application threads were stopped: 0.0000439 seconds, Stopping threads took: 0.0000085 seconds
[2020-01-13T13:37:11.563+0000][1][safepoint    ] Application time: 0.0052800 seconds
[2020-01-13T13:37:11.565+0000][1][safepoint    ] Entering safepoint region: RevokeBias
[2020-01-13T13:37:11.565+0000][1][safepoint    ] Leaving safepoint region
[2020-01-13T13:37:11.565+0000][1][safepoint    ] Total time for which application threads were stopped: 0.0022067 seconds, Stopping threads took: 0.0021419 seconds
[2020-01-13T13:37:11.565+0000][1][safepoint    ] Application time: 0.0000852 seconds
[2020-01-13T13:37:11.565+0000][1][safepoint    ] Entering safepoint region: RevokeBias
[2020-01-13T13:37:11.565+0000][1][safepoint    ] Leaving safepoint region
[2020-01-13T13:37:11.565+0000][1][safepoint    ] Total time for which application threads were stopped: 0.0000456 seconds, Stopping threads took: 0.0000070 seconds
[2020-01-13T13:37:11.589+0000][1][safepoint    ] Application time: 0.0233646 seconds
[2020-01-13T13:37:11.589+0000][1][safepoint    ] Entering safepoint region: RevokeBias
[2020-01-13T13:37:11.589+0000][1][safepoint    ] Leaving safepoint region
[2020-01-13T13:37:11.589+0000][1][safepoint    ] Total time for which application threads were stopped: 0.0001282 seconds, Stopping threads took: 0.0000357 seconds
[2020-01-13T13:37:11.589+0000][1][safepoint    ] Application time: 0.0005758 seconds
[2020-01-13T13:37:11.589+0000][1][safepoint    ] Entering safepoint region: RevokeBias
[2020-01-13T13:37:11.589+0000][1][safepoint    ] Leaving safepoint region
[2020-01-13T13:37:11.590+0000][1][safepoint    ] Total time for which application threads were stopped: 0.0000756 seconds, Stopping threads took: 0.0000192 seconds
[2020-01-13T13:37:11.590+0000][1][safepoint    ] Application time: 0.0007277 seconds
[2020-01-13T13:37:11.590+0000][1][safepoint    ] Entering safepoint region: RevokeBias
[2020-01-13T13:37:11.590+0000][1][safepoint    ] Leaving safepoint region
[2020-01-13T13:37:11.590+0000][1][safepoint    ] Total time for which application threads were stopped: 0.0000785 seconds, Stopping threads took: 0.0000357 seconds
[2020-01-13T13:37:11.591+0000][1][safepoint    ] Application time: 0.0011199 seconds
[2020-01-13T13:37:11.592+0000][1][safepoint    ] Entering safepoint region: RevokeBias
[2020-01-13T13:37:11.592+0000][1][safepoint    ] Leaving safepoint region
[2020-01-13T13:37:11.592+0000][1][safepoint    ] Total time for which application threads were stopped: 0.0001292 seconds, Stopping threads took: 0.0000823 seconds
[2020-01-13T13:37:11.593+0000][1][safepoint    ] Application time: 0.0009004 seconds
[2020-01-13T13:37:11.593+0000][1][safepoint    ] Entering safepoint region: RevokeBias
[2020-01-13T13:37:11.593+0000][1][safepoint    ] Leaving safepoint region
[2020-01-13T13:37:11.593+0000][1][safepoint    ] Total time for which application threads were stopped: 0.0000573 seconds, Stopping threads took: 0.0000175 seconds
[2020-01-13T13:37:11.593+0000][1][safepoint    ] Application time: 0.0002850 seconds
[2020-01-13T13:37:11.593+0000][1][safepoint    ] Entering safepoint region: RevokeBias
[2020-01-13T13:37:11.593+0000][1][safepoint    ] Leaving safepoint region
[2020-01-13T13:37:11.593+0000][1][safepoint    ] Total time for which application threads were stopped: 0.0000474 seconds, Stopping threads took: 0.0000171 seconds
[2020-01-13T13:37:11.593+0000][1][safepoint    ] Application time: 0.0001914 seconds
[2020-01-13T13:37:11.593+0000][1][safepoint    ] Entering safepoint region: RevokeBias
[2020-01-13T13:37:11.593+0000][1][safepoint    ] Leaving safepoint region
[2020-01-13T13:37:11.593+0000][1][safepoint    ] Total time for which application threads were stopped: 0.0000355 seconds, Stopping threads took: 0.0000146 seconds
[2020-01-13T13:37:11.594+0000][1][safepoint    ] Application time: 0.0004790 seconds
[2020-01-13T13:37:11.594+0000][1][safepoint    ] Entering safepoint region: BulkRevokeBias
[2020-01-13T13:37:11.594+0000][1][safepoint    ] Leaving safepoint region
[2020-01-13T13:37:11.594+0000][1][safepoint    ] Total time for which application threads were stopped: 0.0001628 seconds, Stopping threads took: 0.0000154 seconds
[2020-01-13T13:37:11.597+0000][1][safepoint    ] Application time: 0.0030461 seconds
[2020-01-13T13:37:11.597+0000][1][safepoint    ] Entering safepoint region: RevokeBias
[2020-01-13T13:37:11.597+0000][1][safepoint    ] Leaving safepoint region
[2020-01-13T13:37:11.597+0000][1][safepoint    ] Total time for which application threads were stopped: 0.0000388 seconds, Stopping threads took: 0.0000185 seconds
[2020-01-13T13:37:11.597+0000][1][safepoint    ] Application time: 0.0000834 seconds
[2020-01-13T13:37:11.597+0000][1][safepoint    ] Entering safepoint region: RevokeBias
[2020-01-13T13:37:11.597+0000][1][safepoint    ] Leaving safepoint region
[2020-01-13T13:37:11.597+0000][1][safepoint    ] Total time for which application threads were stopped: 0.0000325 seconds, Stopping threads took: 0.0000149 seconds
[2020-01-13T13:37:11.602+0000][1][safepoint    ] Application time: 0.0043966 seconds
[2020-01-13T13:37:11.602+0000][1][safepoint    ] Entering safepoint region: RevokeBias
[2020-01-13T13:37:11.602+0000][1][safepoint    ] Leaving safepoint region
[2020-01-13T13:37:11.602+0000][1][safepoint    ] Total time for which application threads were stopped: 0.0000527 seconds, Stopping threads took: 0.0000187 seconds
[2020-01-13T13:37:11.602+0000][1][safepoint    ] Application time: 0.0002692 seconds
[2020-01-13T13:37:11.602+0000][1][safepoint    ] Entering safepoint region: RevokeBias
[2020-01-13T13:37:11.602+0000][1][safepoint    ] Leaving safepoint region
[2020-01-13T13:37:11.602+0000][1][safepoint    ] Total time for which application threads were stopped: 0.0000383 seconds, Stopping threads took: 0.0000150 seconds
[2020-01-13T13:37:11.610+0000][1][gc,heap,exit ] Heap
[2020-01-13T13:37:11.610+0000][1][gc,heap,exit ]  par new generation   total 76672K, used 39719K [0x00000000f0000000, 0x00000000f5330000, 0x00000000f5330000)
[2020-01-13T13:37:11.610+0000][1][gc,heap,exit ]   eden space 68160K,  50% used [0x00000000f0000000, 0x00000000f219a3f0, 0x00000000f4290000)
[2020-01-13T13:37:11.610+0000][1][gc,heap,exit ]   from space 8512K,  62% used [0x00000000f4290000, 0x00000000f47bf900, 0x00000000f4ae0000)
[2020-01-13T13:37:11.610+0000][1][gc,heap,exit ]   to   space 8512K,   0% used [0x00000000f4ae0000, 0x00000000f4ae0000, 0x00000000f5330000)
[2020-01-13T13:37:11.610+0000][1][gc,heap,exit ]  concurrent mark-sweep generation total 176960K, used 65640K [0x00000000f5330000, 0x0000000100000000, 0x0000000100000000)
[2020-01-13T13:37:11.610+0000][1][gc,heap,exit ]  Metaspace       used 67902K, capacity 72988K, committed 73060K, reserved 1112064K
[2020-01-13T13:37:11.610+0000][1][gc,heap,exit ]   class space    used 9154K, capacity 11278K, committed 11280K, reserved 1048576K
[2020-01-13T13:37:11.610+0000][1][safepoint    ] Application time: 0.0081107 seconds
[2020-01-13T13:37:11.610+0000][1][safepoint    ] Entering safepoint region: Exit
