[2020-01-13T13:37:34.832+0000][1][gc] Using Concurrent Mark Sweep
[2020-01-13T13:37:34.832+0000][1][gc,heap,coops] Heap address: 0x00000000f0000000, size: 256 MB, Compressed Oops mode: 32-bit
[2020-01-13T13:37:34.901+0000][1][safepoint    ] Entering safepoint region: EnableBiasedLocking
[2020-01-13T13:37:34.901+0000][1][safepoint    ] Leaving safepoint region
[2020-01-13T13:37:34.901+0000][1][safepoint    ] Total time for which application threads were stopped: 0.0021390 seconds, Stopping threads took: 0.0020592 seconds
[2020-01-13T13:37:34.910+0000][1][safepoint    ] Application time: 0.0083199 seconds
[2020-01-13T13:37:34.910+0000][1][safepoint    ] Entering safepoint region: RevokeBias
[2020-01-13T13:37:34.910+0000][1][safepoint    ] Leaving safepoint region
[2020-01-13T13:37:34.910+0000][1][safepoint    ] Total time for which application threads were stopped: 0.0001141 seconds, Stopping threads took: 0.0000372 seconds
[2020-01-13T13:37:34.932+0000][1][safepoint    ] Application time: 0.0217777 seconds
[2020-01-13T13:37:34.932+0000][1][safepoint    ] Entering safepoint region: Deoptimize
[2020-01-13T13:37:34.932+0000][1][safepoint    ] Leaving safepoint region
[2020-01-13T13:37:34.932+0000][1][safepoint    ] Total time for which application threads were stopped: 0.0000777 seconds, Stopping threads took: 0.0000212 seconds
[2020-01-13T13:37:35.053+0000][1][safepoint    ] Application time: 0.1207937 seconds
[2020-01-13T13:37:35.053+0000][1][safepoint    ] Entering safepoint region: RevokeBias
[2020-01-13T13:37:35.053+0000][1][safepoint    ] Leaving safepoint region
[2020-01-13T13:37:35.053+0000][1][safepoint    ] Total time for which application threads were stopped: 0.0001072 seconds, Stopping threads took: 0.0000378 seconds
[2020-01-13T13:37:35.062+0000][1][safepoint    ] Application time: 0.0087926 seconds
[2020-01-13T13:37:35.062+0000][1][safepoint    ] Entering safepoint region: RevokeBias
[2020-01-13T13:37:35.062+0000][1][safepoint    ] Leaving safepoint region
[2020-01-13T13:37:35.062+0000][1][safepoint    ] Total time for which application threads were stopped: 0.0000787 seconds, Stopping threads took: 0.0000347 seconds
[2020-01-13T13:37:35.138+0000][1][safepoint    ] Application time: 0.0755238 seconds
[2020-01-13T13:37:35.140+0000][1][safepoint    ] Entering safepoint region: Deoptimize
[2020-01-13T13:37:35.140+0000][1][safepoint    ] Leaving safepoint region
[2020-01-13T13:37:35.140+0000][1][safepoint    ] Total time for which application threads were stopped: 0.0020224 seconds, Stopping threads took: 0.0019224 seconds
[2020-01-13T13:37:35.677+0000][1][safepoint    ] Application time: 0.5376187 seconds
[2020-01-13T13:37:35.678+0000][1][safepoint    ] Entering safepoint region: Deoptimize
[2020-01-13T13:37:35.679+0000][1][safepoint    ] Leaving safepoint region
[2020-01-13T13:37:35.679+0000][1][safepoint    ] Total time for which application threads were stopped: 0.0012234 seconds, Stopping threads took: 0.0009893 seconds
[2020-01-13T13:37:35.742+0000][1][safepoint    ] Application time: 0.0639097 seconds
[2020-01-13T13:37:35.742+0000][1][safepoint    ] Entering safepoint region: Deoptimize
[2020-01-13T13:37:35.743+0000][1][safepoint    ] Leaving safepoint region
[2020-01-13T13:37:35.743+0000][1][safepoint    ] Total time for which application threads were stopped: 0.0001806 seconds, Stopping threads took: 0.0000204 seconds
[2020-01-13T13:37:35.796+0000][1][safepoint    ] Application time: 0.0537985 seconds
[2020-01-13T13:37:35.797+0000][1][safepoint    ] Entering safepoint region: Deoptimize
[2020-01-13T13:37:35.797+0000][1][safepoint    ] Leaving safepoint region
[2020-01-13T13:37:35.797+0000][1][safepoint    ] Total time for which application threads were stopped: 0.0001901 seconds, Stopping threads took: 0.0000181 seconds
[2020-01-13T13:37:35.826+0000][1][safepoint    ] Application time: 0.0290218 seconds
[2020-01-13T13:37:35.828+0000][1][safepoint    ] Entering safepoint region: Deoptimize
[2020-01-13T13:37:35.828+0000][1][safepoint    ] Leaving safepoint region
[2020-01-13T13:37:35.828+0000][1][safepoint    ] Total time for which application threads were stopped: 0.0026123 seconds, Stopping threads took: 0.0023737 seconds
[2020-01-13T13:37:36.615+0000][1][safepoint    ] Application time: 0.7863069 seconds
[2020-01-13T13:37:36.615+0000][1][safepoint    ] Entering safepoint region: Deoptimize
[2020-01-13T13:37:36.615+0000][1][safepoint    ] Leaving safepoint region
[2020-01-13T13:37:36.615+0000][1][safepoint    ] Total time for which application threads were stopped: 0.0003224 seconds, Stopping threads took: 0.0000214 seconds
[2020-01-13T13:37:37.247+0000][1][safepoint    ] Application time: 0.6318992 seconds
[2020-01-13T13:37:37.247+0000][1][safepoint    ] Entering safepoint region: Deoptimize
[2020-01-13T13:37:37.247+0000][1][safepoint    ] Leaving safepoint region
[2020-01-13T13:37:37.247+0000][1][safepoint    ] Total time for which application threads were stopped: 0.0004257 seconds, Stopping threads took: 0.0000217 seconds
[2020-01-13T13:37:37.475+0000][1][safepoint    ] Application time: 0.2274523 seconds
[2020-01-13T13:37:37.475+0000][1][safepoint    ] Entering safepoint region: Deoptimize
[2020-01-13T13:37:37.475+0000][1][safepoint    ] Leaving safepoint region
[2020-01-13T13:37:37.475+0000][1][safepoint    ] Total time for which application threads were stopped: 0.0003920 seconds, Stopping threads took: 0.0000206 seconds
[2020-01-13T13:37:37.475+0000][1][safepoint    ] Application time: 0.0001090 seconds
[2020-01-13T13:37:37.475+0000][1][safepoint    ] Entering safepoint region: Deoptimize
[2020-01-13T13:37:37.476+0000][1][safepoint    ] Leaving safepoint region
[2020-01-13T13:37:37.476+0000][1][safepoint    ] Total time for which application threads were stopped: 0.0001294 seconds, Stopping threads took: 0.0000133 seconds
[2020-01-13T13:37:37.519+0000][1][safepoint    ] Application time: 0.0432661 seconds
[2020-01-13T13:37:37.519+0000][1][safepoint    ] Entering safepoint region: Deoptimize
[2020-01-13T13:37:37.519+0000][1][safepoint    ] Leaving safepoint region
[2020-01-13T13:37:37.519+0000][1][safepoint    ] Total time for which application threads were stopped: 0.0003161 seconds, Stopping threads took: 0.0000201 seconds
[2020-01-13T13:37:37.535+0000][1][safepoint    ] Application time: 0.0158518 seconds
[2020-01-13T13:37:37.535+0000][1][safepoint    ] Entering safepoint region: Deoptimize
[2020-01-13T13:37:37.535+0000][1][safepoint    ] Leaving safepoint region
[2020-01-13T13:37:37.535+0000][1][safepoint    ] Total time for which application threads were stopped: 0.0003795 seconds, Stopping threads took: 0.0000206 seconds
[2020-01-13T13:37:37.555+0000][1][safepoint    ] Application time: 0.0192234 seconds
[2020-01-13T13:37:37.557+0000][1][safepoint    ] Entering safepoint region: RevokeBias
[2020-01-13T13:37:37.557+0000][1][safepoint    ] Leaving safepoint region
[2020-01-13T13:37:37.557+0000][1][safepoint    ] Total time for which application threads were stopped: 0.0020743 seconds, Stopping threads took: 0.0020203 seconds
[2020-01-13T13:37:37.557+0000][1][safepoint    ] Application time: 0.0004830 seconds
[2020-01-13T13:37:37.558+0000][1][safepoint    ] Entering safepoint region: RevokeBias
[2020-01-13T13:37:37.558+0000][1][safepoint    ] Leaving safepoint region
[2020-01-13T13:37:37.558+0000][1][safepoint    ] Total time for which application threads were stopped: 0.0004829 seconds, Stopping threads took: 0.0004260 seconds
[2020-01-13T13:37:37.558+0000][1][safepoint    ] Application time: 0.0000588 seconds
[2020-01-13T13:37:37.558+0000][1][safepoint    ] Entering safepoint region: RevokeBias
[2020-01-13T13:37:37.558+0000][1][safepoint    ] Leaving safepoint region
[2020-01-13T13:37:37.558+0000][1][safepoint    ] Total time for which application threads were stopped: 0.0000375 seconds, Stopping threads took: 0.0000123 seconds
[2020-01-13T13:37:37.558+0000][1][safepoint    ] Application time: 0.0001231 seconds
[2020-01-13T13:37:37.558+0000][1][safepoint    ] Entering safepoint region: RevokeBias
[2020-01-13T13:37:37.558+0000][1][safepoint    ] Leaving safepoint region
[2020-01-13T13:37:37.558+0000][1][safepoint    ] Total time for which application threads were stopped: 0.0000391 seconds, Stopping threads took: 0.0000129 seconds
[2020-01-13T13:37:37.562+0000][1][safepoint    ] Application time: 0.0040972 seconds
[2020-01-13T13:37:37.562+0000][1][safepoint    ] Entering safepoint region: Deoptimize
[2020-01-13T13:37:37.563+0000][1][safepoint    ] Leaving safepoint region
[2020-01-13T13:37:37.563+0000][1][safepoint    ] Total time for which application threads were stopped: 0.0003395 seconds, Stopping threads took: 0.0000365 seconds
[2020-01-13T13:37:37.878+0000][1][safepoint    ] Application time: 0.3158600 seconds
[2020-01-13T13:37:37.879+0000][1][safepoint    ] Entering safepoint region: GenCollectForAllocation
[2020-01-13T13:37:37.879+0000][1][gc,start     ] GC(0) Pause Young (Allocation Failure)
[2020-01-13T13:37:37.879+0000][1][gc,task      ] GC(0) Using 1 workers of 1 for evacuation
[2020-01-13T13:37:37.896+0000][1][gc,age       ] GC(0) Desired survivor size 4358144 bytes, new threshold 1 (max threshold 6)
[2020-01-13T13:37:37.896+0000][1][gc,age       ] GC(0) Age table with threshold 1 (max threshold 6)
[2020-01-13T13:37:37.896+0000][1][gc,age       ] GC(0) - age   1:    6438976 bytes,    6438976 total
[2020-01-13T13:37:37.896+0000][1][gc,heap      ] GC(0) ParNew: 68160K->6317K(76672K)
[2020-01-13T13:37:37.896+0000][1][gc,heap      ] GC(0) CMS: 0K->0K(176960K)
[2020-01-13T13:37:37.896+0000][1][gc,metaspace ] GC(0) Metaspace: 12699K->12699K(1060864K)
[2020-01-13T13:37:37.896+0000][1][gc           ] GC(0) Pause Young (Allocation Failure) 66M->6M(247M) 17.187ms
[2020-01-13T13:37:37.896+0000][1][gc,cpu       ] GC(0) User=0.02s Sys=0.00s Real=0.01s
[2020-01-13T13:37:37.896+0000][1][safepoint    ] Leaving safepoint region
[2020-01-13T13:37:37.896+0000][1][safepoint    ] Total time for which application threads were stopped: 0.0173988 seconds, Stopping threads took: 0.0000455 seconds
[2020-01-13T13:37:37.907+0000][1][safepoint    ] Application time: 0.0113948 seconds
[2020-01-13T13:37:37.907+0000][1][safepoint    ] Entering safepoint region: RevokeBias
[2020-01-13T13:37:37.907+0000][1][safepoint    ] Leaving safepoint region
[2020-01-13T13:37:37.907+0000][1][safepoint    ] Total time for which application threads were stopped: 0.0001461 seconds, Stopping threads took: 0.0000365 seconds
[2020-01-13T13:37:37.908+0000][1][safepoint    ] Application time: 0.0000940 seconds
[2020-01-13T13:37:37.908+0000][1][safepoint    ] Entering safepoint region: RevokeBias
[2020-01-13T13:37:37.908+0000][1][safepoint    ] Leaving safepoint region
[2020-01-13T13:37:37.908+0000][1][safepoint    ] Total time for which application threads were stopped: 0.0000449 seconds, Stopping threads took: 0.0000053 seconds
[2020-01-13T13:37:37.908+0000][1][safepoint    ] Application time: 0.0000317 seconds
[2020-01-13T13:37:37.908+0000][1][safepoint    ] Entering safepoint region: RevokeBias
[2020-01-13T13:37:37.908+0000][1][safepoint    ] Leaving safepoint region
[2020-01-13T13:37:37.908+0000][1][safepoint    ] Total time for which application threads were stopped: 0.0000376 seconds, Stopping threads took: 0.0000048 seconds
[2020-01-13T13:37:37.908+0000][1][safepoint    ] Application time: 0.0000144 seconds
[2020-01-13T13:37:37.908+0000][1][safepoint    ] Entering safepoint region: RevokeBias
[2020-01-13T13:37:37.908+0000][1][safepoint    ] Leaving safepoint region
[2020-01-13T13:37:37.908+0000][1][safepoint    ] Total time for which application threads were stopped: 0.0000363 seconds, Stopping threads took: 0.0000047 seconds
[2020-01-13T13:37:37.908+0000][1][safepoint    ] Application time: 0.0000171 seconds
[2020-01-13T13:37:37.908+0000][1][safepoint    ] Entering safepoint region: RevokeBias
[2020-01-13T13:37:37.908+0000][1][safepoint    ] Leaving safepoint region
[2020-01-13T13:37:37.908+0000][1][safepoint    ] Total time for which application threads were stopped: 0.0000365 seconds, Stopping threads took: 0.0000047 seconds
[2020-01-13T13:37:37.908+0000][1][safepoint    ] Application time: 0.0000138 seconds
[2020-01-13T13:37:37.908+0000][1][safepoint    ] Entering safepoint region: RevokeBias
[2020-01-13T13:37:37.908+0000][1][safepoint    ] Leaving safepoint region
[2020-01-13T13:37:37.908+0000][1][safepoint    ] Total time for which application threads were stopped: 0.0000490 seconds, Stopping threads took: 0.0000171 seconds
[2020-01-13T13:37:37.908+0000][1][safepoint    ] Application time: 0.0000175 seconds
[2020-01-13T13:37:37.908+0000][1][safepoint    ] Entering safepoint region: RevokeBias
[2020-01-13T13:37:37.908+0000][1][safepoint    ] Leaving safepoint region
[2020-01-13T13:37:37.908+0000][1][safepoint    ] Total time for which application threads were stopped: 0.0000364 seconds, Stopping threads took: 0.0000047 seconds
[2020-01-13T13:37:37.908+0000][1][safepoint    ] Application time: 0.0000136 seconds
[2020-01-13T13:37:37.908+0000][1][safepoint    ] Entering safepoint region: RevokeBias
[2020-01-13T13:37:37.908+0000][1][safepoint    ] Leaving safepoint region
[2020-01-13T13:37:37.908+0000][1][safepoint    ] Total time for which application threads were stopped: 0.0000359 seconds, Stopping threads took: 0.0000046 seconds
[2020-01-13T13:37:37.908+0000][1][safepoint    ] Application time: 0.0000376 seconds
[2020-01-13T13:37:37.908+0000][1][safepoint    ] Entering safepoint region: RevokeBias
[2020-01-13T13:37:37.908+0000][1][safepoint    ] Leaving safepoint region
[2020-01-13T13:37:37.908+0000][1][safepoint    ] Total time for which application threads were stopped: 0.0000371 seconds, Stopping threads took: 0.0000048 seconds
[2020-01-13T13:37:37.908+0000][1][safepoint    ] Application time: 0.0000139 seconds
[2020-01-13T13:37:37.908+0000][1][safepoint    ] Entering safepoint region: RevokeBias
[2020-01-13T13:37:37.908+0000][1][safepoint    ] Leaving safepoint region
[2020-01-13T13:37:37.908+0000][1][safepoint    ] Total time for which application threads were stopped: 0.0000473 seconds, Stopping threads took: 0.0000046 seconds
[2020-01-13T13:37:37.908+0000][1][safepoint    ] Application time: 0.0000176 seconds
[2020-01-13T13:37:37.908+0000][1][safepoint    ] Entering safepoint region: RevokeBias
[2020-01-13T13:37:37.908+0000][1][safepoint    ] Leaving safepoint region
[2020-01-13T13:37:37.908+0000][1][safepoint    ] Total time for which application threads were stopped: 0.0000367 seconds, Stopping threads took: 0.0000047 seconds
[2020-01-13T13:37:37.908+0000][1][safepoint    ] Application time: 0.0000239 seconds
[2020-01-13T13:37:37.908+0000][1][safepoint    ] Entering safepoint region: RevokeBias
[2020-01-13T13:37:37.908+0000][1][safepoint    ] Leaving safepoint region
[2020-01-13T13:37:37.908+0000][1][safepoint    ] Total time for which application threads were stopped: 0.0000369 seconds, Stopping threads took: 0.0000047 seconds
[2020-01-13T13:37:37.908+0000][1][safepoint    ] Application time: 0.0000172 seconds
[2020-01-13T13:37:37.908+0000][1][safepoint    ] Entering safepoint region: RevokeBias
[2020-01-13T13:37:37.908+0000][1][safepoint    ] Leaving safepoint region
[2020-01-13T13:37:37.908+0000][1][safepoint    ] Total time for which application threads were stopped: 0.0000363 seconds, Stopping threads took: 0.0000047 seconds
[2020-01-13T13:37:37.908+0000][1][safepoint    ] Application time: 0.0000141 seconds
[2020-01-13T13:37:37.908+0000][1][safepoint    ] Entering safepoint region: RevokeBias
[2020-01-13T13:37:37.908+0000][1][safepoint    ] Leaving safepoint region
[2020-01-13T13:37:37.908+0000][1][safepoint    ] Total time for which application threads were stopped: 0.0000360 seconds, Stopping threads took: 0.0000046 seconds
[2020-01-13T13:37:37.908+0000][1][safepoint    ] Application time: 0.0000161 seconds
[2020-01-13T13:37:37.908+0000][1][safepoint    ] Entering safepoint region: RevokeBias
[2020-01-13T13:37:37.908+0000][1][safepoint    ] Leaving safepoint region
[2020-01-13T13:37:37.908+0000][1][safepoint    ] Total time for which application threads were stopped: 0.0000363 seconds, Stopping threads took: 0.0000047 seconds
[2020-01-13T13:37:37.909+0000][1][safepoint    ] Application time: 0.0000136 seconds
[2020-01-13T13:37:37.909+0000][1][safepoint    ] Entering safepoint region: RevokeBias
[2020-01-13T13:37:37.909+0000][1][safepoint    ] Leaving safepoint region
[2020-01-13T13:37:37.909+0000][1][safepoint    ] Total time for which application threads were stopped: 0.0000411 seconds, Stopping threads took: 0.0000094 seconds
[2020-01-13T13:37:37.909+0000][1][safepoint    ] Application time: 0.0000163 seconds
[2020-01-13T13:37:37.909+0000][1][safepoint    ] Entering safepoint region: RevokeBias
[2020-01-13T13:37:37.909+0000][1][safepoint    ] Leaving safepoint region
[2020-01-13T13:37:37.909+0000][1][safepoint    ] Total time for which application threads were stopped: 0.0000365 seconds, Stopping threads took: 0.0000049 seconds
[2020-01-13T13:37:37.909+0000][1][safepoint    ] Application time: 0.0000139 seconds
[2020-01-13T13:37:37.909+0000][1][safepoint    ] Entering safepoint region: RevokeBias
[2020-01-13T13:37:37.909+0000][1][safepoint    ] Leaving safepoint region
[2020-01-13T13:37:37.909+0000][1][safepoint    ] Total time for which application threads were stopped: 0.0000358 seconds, Stopping threads took: 0.0000046 seconds
[2020-01-13T13:37:37.909+0000][1][safepoint    ] Application time: 0.0000282 seconds
[2020-01-13T13:37:37.909+0000][1][safepoint    ] Entering safepoint region: RevokeBias
[2020-01-13T13:37:37.909+0000][1][safepoint    ] Leaving safepoint region
[2020-01-13T13:37:37.909+0000][1][safepoint    ] Total time for which application threads were stopped: 0.0000366 seconds, Stopping threads took: 0.0000048 seconds
[2020-01-13T13:37:37.909+0000][1][safepoint    ] Application time: 0.0000139 seconds
[2020-01-13T13:37:37.909+0000][1][safepoint    ] Entering safepoint region: RevokeBias
[2020-01-13T13:37:37.909+0000][1][safepoint    ] Leaving safepoint region
[2020-01-13T13:37:37.909+0000][1][safepoint    ] Total time for which application threads were stopped: 0.0000359 seconds, Stopping threads took: 0.0000047 seconds
[2020-01-13T13:37:37.909+0000][1][safepoint    ] Application time: 0.0000162 seconds
[2020-01-13T13:37:37.909+0000][1][safepoint    ] Entering safepoint region: RevokeBias
[2020-01-13T13:37:37.909+0000][1][safepoint    ] Leaving safepoint region
[2020-01-13T13:37:37.909+0000][1][safepoint    ] Total time for which application threads were stopped: 0.0000363 seconds, Stopping threads took: 0.0000047 seconds
[2020-01-13T13:37:37.909+0000][1][safepoint    ] Application time: 0.0000139 seconds
[2020-01-13T13:37:37.909+0000][1][safepoint    ] Entering safepoint region: RevokeBias
[2020-01-13T13:37:37.909+0000][1][safepoint    ] Leaving safepoint region
[2020-01-13T13:37:37.909+0000][1][safepoint    ] Total time for which application threads were stopped: 0.0000359 seconds, Stopping threads took: 0.0000047 seconds
[2020-01-13T13:37:37.909+0000][1][safepoint    ] Application time: 0.0002062 seconds
[2020-01-13T13:37:37.909+0000][1][safepoint    ] Entering safepoint region: RevokeBias
[2020-01-13T13:37:37.909+0000][1][safepoint    ] Leaving safepoint region
[2020-01-13T13:37:37.909+0000][1][safepoint    ] Total time for which application threads were stopped: 0.0000473 seconds, Stopping threads took: 0.0000135 seconds
[2020-01-13T13:37:37.909+0000][1][safepoint    ] Application time: 0.0000145 seconds
[2020-01-13T13:37:37.909+0000][1][safepoint    ] Entering safepoint region: RevokeBias
[2020-01-13T13:37:37.909+0000][1][safepoint    ] Leaving safepoint region
[2020-01-13T13:37:37.909+0000][1][safepoint    ] Total time for which application threads were stopped: 0.0000454 seconds, Stopping threads took: 0.0000046 seconds
[2020-01-13T13:37:37.909+0000][1][safepoint    ] Application time: 0.0001012 seconds
[2020-01-13T13:37:37.909+0000][1][safepoint    ] Entering safepoint region: RevokeBias
[2020-01-13T13:37:37.909+0000][1][safepoint    ] Leaving safepoint region
[2020-01-13T13:37:37.909+0000][1][safepoint    ] Total time for which application threads were stopped: 0.0000399 seconds, Stopping threads took: 0.0000049 seconds
[2020-01-13T13:37:37.911+0000][1][safepoint    ] Application time: 0.0018743 seconds
[2020-01-13T13:37:37.912+0000][1][safepoint    ] Entering safepoint region: RevokeBias
[2020-01-13T13:37:37.912+0000][1][safepoint    ] Leaving safepoint region
[2020-01-13T13:37:37.912+0000][1][safepoint    ] Total time for which application threads were stopped: 0.0009054 seconds, Stopping threads took: 0.0008507 seconds
[2020-01-13T13:37:37.912+0000][1][safepoint    ] Application time: 0.0000707 seconds
[2020-01-13T13:37:37.912+0000][1][safepoint    ] Entering safepoint region: RevokeBias
[2020-01-13T13:37:37.912+0000][1][safepoint    ] Leaving safepoint region
[2020-01-13T13:37:37.912+0000][1][safepoint    ] Total time for which application threads were stopped: 0.0000310 seconds, Stopping threads took: 0.0000053 seconds
[2020-01-13T13:37:37.912+0000][1][safepoint    ] Application time: 0.0000149 seconds
[2020-01-13T13:37:37.912+0000][1][safepoint    ] Entering safepoint region: RevokeBias
[2020-01-13T13:37:37.912+0000][1][safepoint    ] Leaving safepoint region
[2020-01-13T13:37:37.912+0000][1][safepoint    ] Total time for which application threads were stopped: 0.0000266 seconds, Stopping threads took: 0.0000048 seconds
[2020-01-13T13:37:37.912+0000][1][safepoint    ] Application time: 0.0000173 seconds
[2020-01-13T13:37:37.912+0000][1][safepoint    ] Entering safepoint region: RevokeBias
[2020-01-13T13:37:37.912+0000][1][safepoint    ] Leaving safepoint region
[2020-01-13T13:37:37.912+0000][1][safepoint    ] Total time for which application threads were stopped: 0.0000266 seconds, Stopping threads took: 0.0000048 seconds
[2020-01-13T13:37:37.912+0000][1][safepoint    ] Application time: 0.0000139 seconds
[2020-01-13T13:37:37.912+0000][1][safepoint    ] Entering safepoint region: RevokeBias
[2020-01-13T13:37:37.912+0000][1][safepoint    ] Leaving safepoint region
[2020-01-13T13:37:37.912+0000][1][safepoint    ] Total time for which application threads were stopped: 0.0000262 seconds, Stopping threads took: 0.0000047 seconds
[2020-01-13T13:37:38.521+0000][1][safepoint    ] Application time: 0.6081262 seconds
[2020-01-13T13:37:38.521+0000][1][safepoint    ] Entering safepoint region: RevokeBias
[2020-01-13T13:37:38.521+0000][1][safepoint    ] Leaving safepoint region
[2020-01-13T13:37:38.521+0000][1][safepoint    ] Total time for which application threads were stopped: 0.0002256 seconds, Stopping threads took: 0.0000221 seconds
[2020-01-13T13:37:38.772+0000][1][safepoint    ] Application time: 0.2511808 seconds
[2020-01-13T13:37:38.772+0000][1][safepoint    ] Entering safepoint region: GenCollectForAllocation
[2020-01-13T13:37:38.772+0000][1][gc,start     ] GC(1) Pause Young (Allocation Failure)
[2020-01-13T13:37:38.772+0000][1][gc,task      ] GC(1) Using 1 workers of 1 for evacuation
[2020-01-13T13:37:38.820+0000][1][gc,age       ] GC(1) Desired survivor size 4358144 bytes, new threshold 6 (max threshold 6)
[2020-01-13T13:37:38.820+0000][1][gc,age       ] GC(1) Age table with threshold 6 (max threshold 6)
[2020-01-13T13:37:38.820+0000][1][gc,age       ] GC(1) - age   1:    2792192 bytes,    2792192 total
[2020-01-13T13:37:38.820+0000][1][gc,heap      ] GC(1) ParNew: 74477K->4202K(76672K)
[2020-01-13T13:37:38.820+0000][1][gc,heap      ] GC(1) CMS: 0K->6772K(176960K)
[2020-01-13T13:37:38.820+0000][1][gc,metaspace ] GC(1) Metaspace: 14875K->14875K(1062912K)
[2020-01-13T13:37:38.820+0000][1][gc           ] GC(1) Pause Young (Allocation Failure) 72M->10M(247M) 47.452ms
[2020-01-13T13:37:38.820+0000][1][gc,cpu       ] GC(1) User=0.05s Sys=0.00s Real=0.05s
[2020-01-13T13:37:38.820+0000][1][safepoint    ] Leaving safepoint region
[2020-01-13T13:37:38.820+0000][1][safepoint    ] Total time for which application threads were stopped: 0.0476524 seconds, Stopping threads took: 0.0000419 seconds
[2020-01-13T13:37:38.831+0000][1][safepoint    ] Application time: 0.0114920 seconds
[2020-01-13T13:37:38.832+0000][1][safepoint    ] Entering safepoint region: BulkRevokeBias
[2020-01-13T13:37:38.832+0000][1][safepoint    ] Leaving safepoint region
[2020-01-13T13:37:38.832+0000][1][safepoint    ] Total time for which application threads were stopped: 0.0011677 seconds, Stopping threads took: 0.0009824 seconds
[2020-01-13T13:37:38.833+0000][1][safepoint    ] Application time: 0.0000796 seconds
[2020-01-13T13:37:38.833+0000][1][safepoint    ] Entering safepoint region: RevokeBias
[2020-01-13T13:37:38.833+0000][1][safepoint    ] Leaving safepoint region
[2020-01-13T13:37:38.833+0000][1][safepoint    ] Total time for which application threads were stopped: 0.0000521 seconds, Stopping threads took: 0.0000058 seconds
[2020-01-13T13:37:38.833+0000][1][safepoint    ] Application time: 0.0000531 seconds
[2020-01-13T13:37:38.833+0000][1][safepoint    ] Entering safepoint region: RevokeBias
[2020-01-13T13:37:38.833+0000][1][safepoint    ] Leaving safepoint region
[2020-01-13T13:37:38.833+0000][1][safepoint    ] Total time for which application threads were stopped: 0.0000480 seconds, Stopping threads took: 0.0000051 seconds
[2020-01-13T13:37:38.833+0000][1][safepoint    ] Application time: 0.0000141 seconds
[2020-01-13T13:37:38.833+0000][1][safepoint    ] Entering safepoint region: RevokeBias
[2020-01-13T13:37:38.833+0000][1][safepoint    ] Leaving safepoint region
[2020-01-13T13:37:38.833+0000][1][safepoint    ] Total time for which application threads were stopped: 0.0000458 seconds, Stopping threads took: 0.0000049 seconds
[2020-01-13T13:37:38.833+0000][1][safepoint    ] Application time: 0.0000175 seconds
[2020-01-13T13:37:38.833+0000][1][safepoint    ] Entering safepoint region: RevokeBias
[2020-01-13T13:37:38.833+0000][1][safepoint    ] Leaving safepoint region
[2020-01-13T13:37:38.833+0000][1][safepoint    ] Total time for which application threads were stopped: 0.0000457 seconds, Stopping threads took: 0.0000047 seconds
[2020-01-13T13:37:38.833+0000][1][safepoint    ] Application time: 0.0000139 seconds
[2020-01-13T13:37:38.833+0000][1][safepoint    ] Entering safepoint region: RevokeBias
[2020-01-13T13:37:38.833+0000][1][safepoint    ] Leaving safepoint region
[2020-01-13T13:37:38.833+0000][1][safepoint    ] Total time for which application threads were stopped: 0.0000456 seconds, Stopping threads took: 0.0000047 seconds
[2020-01-13T13:37:38.833+0000][1][safepoint    ] Application time: 0.0000166 seconds
[2020-01-13T13:37:38.833+0000][1][safepoint    ] Entering safepoint region: BulkRevokeBias
[2020-01-13T13:37:38.833+0000][1][safepoint    ] Leaving safepoint region
[2020-01-13T13:37:38.833+0000][1][safepoint    ] Total time for which application threads were stopped: 0.0000626 seconds, Stopping threads took: 0.0000048 seconds
[2020-01-13T13:37:38.833+0000][1][safepoint    ] Application time: 0.0000143 seconds
[2020-01-13T13:37:38.833+0000][1][safepoint    ] Entering safepoint region: RevokeBias
[2020-01-13T13:37:38.833+0000][1][safepoint    ] Leaving safepoint region
[2020-01-13T13:37:38.833+0000][1][safepoint    ] Total time for which application threads were stopped: 0.0000465 seconds, Stopping threads took: 0.0000047 seconds
[2020-01-13T13:37:38.833+0000][1][safepoint    ] Application time: 0.0000294 seconds
[2020-01-13T13:37:38.833+0000][1][safepoint    ] Entering safepoint region: BulkRevokeBias
[2020-01-13T13:37:38.833+0000][1][safepoint    ] Leaving safepoint region
[2020-01-13T13:37:38.833+0000][1][safepoint    ] Total time for which application threads were stopped: 0.0000606 seconds, Stopping threads took: 0.0000048 seconds
[2020-01-13T13:37:38.939+0000][1][safepoint    ] Application time: 0.1055526 seconds
[2020-01-13T13:37:38.939+0000][1][safepoint    ] Entering safepoint region: RevokeBias
[2020-01-13T13:37:38.939+0000][1][safepoint    ] Leaving safepoint region
[2020-01-13T13:37:38.939+0000][1][safepoint    ] Total time for which application threads were stopped: 0.0001022 seconds, Stopping threads took: 0.0000204 seconds
[2020-01-13T13:37:38.946+0000][1][safepoint    ] Application time: 0.0069796 seconds
[2020-01-13T13:37:38.946+0000][1][safepoint    ] Entering safepoint region: RevokeBias
[2020-01-13T13:37:38.946+0000][1][safepoint    ] Leaving safepoint region
[2020-01-13T13:37:38.946+0000][1][safepoint    ] Total time for which application threads were stopped: 0.0001050 seconds, Stopping threads took: 0.0000426 seconds
[2020-01-13T13:37:38.953+0000][1][safepoint    ] Application time: 0.0073114 seconds
[2020-01-13T13:37:38.953+0000][1][safepoint    ] Entering safepoint region: RevokeBias
[2020-01-13T13:37:38.954+0000][1][safepoint    ] Leaving safepoint region
[2020-01-13T13:37:38.954+0000][1][safepoint    ] Total time for which application threads were stopped: 0.0000881 seconds, Stopping threads took: 0.0000222 seconds
[2020-01-13T13:37:39.023+0000][1][safepoint    ] Application time: 0.0690445 seconds
[2020-01-13T13:37:39.023+0000][1][safepoint    ] Entering safepoint region: RevokeBias
[2020-01-13T13:37:39.023+0000][1][safepoint    ] Leaving safepoint region
[2020-01-13T13:37:39.023+0000][1][safepoint    ] Total time for which application threads were stopped: 0.0000952 seconds, Stopping threads took: 0.0000220 seconds
[2020-01-13T13:37:39.026+0000][1][safepoint    ] Application time: 0.0035461 seconds
[2020-01-13T13:37:39.028+0000][1][safepoint    ] Entering safepoint region: RevokeBias
[2020-01-13T13:37:39.028+0000][1][safepoint    ] Leaving safepoint region
[2020-01-13T13:37:39.028+0000][1][safepoint    ] Total time for which application threads were stopped: 0.0020935 seconds, Stopping threads took: 0.0020218 seconds
[2020-01-13T13:37:39.116+0000][1][safepoint    ] Application time: 0.0875825 seconds
[2020-01-13T13:37:39.116+0000][1][safepoint    ] Entering safepoint region: GenCollectForAllocation
[2020-01-13T13:37:39.116+0000][1][gc,start     ] GC(2) Pause Young (Allocation Failure)
[2020-01-13T13:37:39.116+0000][1][gc,task      ] GC(2) Using 1 workers of 1 for evacuation
[2020-01-13T13:37:39.139+0000][1][gc,age       ] GC(2) Desired survivor size 4358144 bytes, new threshold 6 (max threshold 6)
[2020-01-13T13:37:39.139+0000][1][gc,age       ] GC(2) Age table with threshold 6 (max threshold 6)
[2020-01-13T13:37:39.139+0000][1][gc,age       ] GC(2) - age   1:    2819856 bytes,    2819856 total
[2020-01-13T13:37:39.139+0000][1][gc,age       ] GC(2) - age   2:    1074624 bytes,    3894480 total
[2020-01-13T13:37:39.139+0000][1][gc,heap      ] GC(2) ParNew: 72362K->6191K(76672K)
[2020-01-13T13:37:39.139+0000][1][gc,heap      ] GC(2) CMS: 6772K->6772K(176960K)
[2020-01-13T13:37:39.139+0000][1][gc,metaspace ] GC(2) Metaspace: 14988K->14988K(1062912K)
[2020-01-13T13:37:39.139+0000][1][gc           ] GC(2) Pause Young (Allocation Failure) 77M->12M(247M) 22.541ms
[2020-01-13T13:37:39.139+0000][1][gc,cpu       ] GC(2) User=0.03s Sys=0.00s Real=0.03s
[2020-01-13T13:37:39.139+0000][1][safepoint    ] Leaving safepoint region
[2020-01-13T13:37:39.139+0000][1][safepoint    ] Total time for which application threads were stopped: 0.0229307 seconds, Stopping threads took: 0.0002668 seconds
[2020-01-13T13:37:39.144+0000][1][safepoint    ] Application time: 0.0048957 seconds
[2020-01-13T13:37:39.144+0000][1][safepoint    ] Entering safepoint region: RevokeBias
[2020-01-13T13:37:39.144+0000][1][safepoint    ] Leaving safepoint region
[2020-01-13T13:37:39.144+0000][1][safepoint    ] Total time for which application threads were stopped: 0.0000770 seconds, Stopping threads took: 0.0000285 seconds
[2020-01-13T13:37:39.144+0000][1][safepoint    ] Application time: 0.0003202 seconds
[2020-01-13T13:37:39.145+0000][1][safepoint    ] Entering safepoint region: RevokeBias
[2020-01-13T13:37:39.145+0000][1][safepoint    ] Leaving safepoint region
[2020-01-13T13:37:39.145+0000][1][safepoint    ] Total time for which application threads were stopped: 0.0010692 seconds, Stopping threads took: 0.0009977 seconds
[2020-01-13T13:37:39.145+0000][1][safepoint    ] Application time: 0.0000465 seconds
[2020-01-13T13:37:39.145+0000][1][safepoint    ] Entering safepoint region: RevokeBias
[2020-01-13T13:37:39.145+0000][1][safepoint    ] Leaving safepoint region
[2020-01-13T13:37:39.145+0000][1][safepoint    ] Total time for which application threads were stopped: 0.0000447 seconds, Stopping threads took: 0.0000056 seconds
[2020-01-13T13:37:39.145+0000][1][safepoint    ] Application time: 0.0000154 seconds
[2020-01-13T13:37:39.145+0000][1][safepoint    ] Entering safepoint region: RevokeBias
[2020-01-13T13:37:39.146+0000][1][safepoint    ] Leaving safepoint region
[2020-01-13T13:37:39.146+0000][1][safepoint    ] Total time for which application threads were stopped: 0.0000553 seconds, Stopping threads took: 0.0000188 seconds
[2020-01-13T13:37:39.146+0000][1][safepoint    ] Application time: 0.0000185 seconds
[2020-01-13T13:37:39.146+0000][1][safepoint    ] Entering safepoint region: RevokeBias
[2020-01-13T13:37:39.146+0000][1][safepoint    ] Leaving safepoint region
[2020-01-13T13:37:39.146+0000][1][safepoint    ] Total time for which application threads were stopped: 0.0000405 seconds, Stopping threads took: 0.0000048 seconds
[2020-01-13T13:37:39.146+0000][1][safepoint    ] Application time: 0.0006543 seconds
[2020-01-13T13:37:39.149+0000][1][safepoint    ] Entering safepoint region: RevokeBias
[2020-01-13T13:37:39.149+0000][1][safepoint    ] Leaving safepoint region
[2020-01-13T13:37:39.149+0000][1][safepoint    ] Total time for which application threads were stopped: 0.0030711 seconds, Stopping threads took: 0.0029878 seconds
[2020-01-13T13:37:39.160+0000][1][safepoint    ] Application time: 0.0101623 seconds
[2020-01-13T13:37:39.161+0000][1][safepoint    ] Entering safepoint region: RevokeBias
[2020-01-13T13:37:39.161+0000][1][safepoint    ] Leaving safepoint region
[2020-01-13T13:37:39.161+0000][1][safepoint    ] Total time for which application threads were stopped: 0.0018321 seconds, Stopping threads took: 0.0017180 seconds
[2020-01-13T13:37:39.173+0000][1][safepoint    ] Application time: 0.0113967 seconds
[2020-01-13T13:37:39.173+0000][1][safepoint    ] Entering safepoint region: RevokeBias
[2020-01-13T13:37:39.173+0000][1][safepoint    ] Leaving safepoint region
[2020-01-13T13:37:39.173+0000][1][safepoint    ] Total time for which application threads were stopped: 0.0000875 seconds, Stopping threads took: 0.0000215 seconds
[2020-01-13T13:37:39.427+0000][1][safepoint    ] Application time: 0.2545033 seconds
[2020-01-13T13:37:39.428+0000][1][safepoint    ] Entering safepoint region: Deoptimize
[2020-01-13T13:37:39.429+0000][1][safepoint    ] Leaving safepoint region
[2020-01-13T13:37:39.429+0000][1][safepoint    ] Total time for which application threads were stopped: 0.0013493 seconds, Stopping threads took: 0.0008277 seconds
[2020-01-13T13:37:39.429+0000][1][safepoint    ] Application time: 0.0004522 seconds
[2020-01-13T13:37:39.429+0000][1][safepoint    ] Entering safepoint region: Deoptimize
[2020-01-13T13:37:39.430+0000][1][safepoint    ] Leaving safepoint region
[2020-01-13T13:37:39.430+0000][1][safepoint    ] Total time for which application threads were stopped: 0.0003076 seconds, Stopping threads took: 0.0000173 seconds
[2020-01-13T13:37:39.871+0000][1][safepoint    ] Application time: 0.4417333 seconds
[2020-01-13T13:37:39.871+0000][1][safepoint    ] Entering safepoint region: GenCollectForAllocation
[2020-01-13T13:37:39.872+0000][1][gc,start     ] GC(3) Pause Young (Allocation Failure)
[2020-01-13T13:37:39.872+0000][1][gc,task      ] GC(3) Using 1 workers of 1 for evacuation
[2020-01-13T13:37:39.889+0000][1][gc,age       ] GC(3) Desired survivor size 4358144 bytes, new threshold 3 (max threshold 6)
[2020-01-13T13:37:39.889+0000][1][gc,age       ] GC(3) Age table with threshold 3 (max threshold 6)
[2020-01-13T13:37:39.889+0000][1][gc,age       ] GC(3) - age   1:    3267400 bytes,    3267400 total
[2020-01-13T13:37:39.889+0000][1][gc,age       ] GC(3) - age   2:     294256 bytes,    3561656 total
[2020-01-13T13:37:39.889+0000][1][gc,age       ] GC(3) - age   3:    1072352 bytes,    4634008 total
[2020-01-13T13:37:39.889+0000][1][gc,heap      ] GC(3) ParNew: 74351K->7258K(76672K)
[2020-01-13T13:37:39.889+0000][1][gc,heap      ] GC(3) CMS: 6772K->6772K(176960K)
[2020-01-13T13:37:39.889+0000][1][gc,metaspace ] GC(3) Metaspace: 18445K->18445K(1067008K)
[2020-01-13T13:37:39.889+0000][1][gc           ] GC(3) Pause Young (Allocation Failure) 79M->13M(247M) 17.925ms
[2020-01-13T13:37:39.889+0000][1][gc,cpu       ] GC(3) User=0.02s Sys=0.00s Real=0.02s
[2020-01-13T13:37:39.890+0000][1][safepoint    ] Leaving safepoint region
[2020-01-13T13:37:39.890+0000][1][safepoint    ] Total time for which application threads were stopped: 0.0181380 seconds, Stopping threads took: 0.0000249 seconds
[2020-01-13T13:37:39.895+0000][1][safepoint    ] Application time: 0.0055099 seconds
[2020-01-13T13:37:39.895+0000][1][safepoint    ] Entering safepoint region: BulkRevokeBias
[2020-01-13T13:37:39.895+0000][1][safepoint    ] Leaving safepoint region
[2020-01-13T13:37:39.895+0000][1][safepoint    ] Total time for which application threads were stopped: 0.0001530 seconds, Stopping threads took: 0.0000259 seconds
[2020-01-13T13:37:39.898+0000][1][safepoint    ] Application time: 0.0024141 seconds
[2020-01-13T13:37:39.898+0000][1][safepoint    ] Entering safepoint region: RevokeBias
[2020-01-13T13:37:39.898+0000][1][safepoint    ] Leaving safepoint region
[2020-01-13T13:37:39.898+0000][1][safepoint    ] Total time for which application threads were stopped: 0.0000938 seconds, Stopping threads took: 0.0000498 seconds
[2020-01-13T13:37:39.898+0000][1][safepoint    ] Application time: 0.0000426 seconds
[2020-01-13T13:37:39.898+0000][1][safepoint    ] Entering safepoint region: RevokeBias
[2020-01-13T13:37:39.898+0000][1][safepoint    ] Leaving safepoint region
[2020-01-13T13:37:39.898+0000][1][safepoint    ] Total time for which application threads were stopped: 0.0000312 seconds, Stopping threads took: 0.0000051 seconds
[2020-01-13T13:37:39.898+0000][1][safepoint    ] Application time: 0.0000149 seconds
[2020-01-13T13:37:39.898+0000][1][safepoint    ] Entering safepoint region: RevokeBias
[2020-01-13T13:37:39.898+0000][1][safepoint    ] Leaving safepoint region
[2020-01-13T13:37:39.898+0000][1][safepoint    ] Total time for which application threads were stopped: 0.0000288 seconds, Stopping threads took: 0.0000048 seconds
[2020-01-13T13:37:39.898+0000][1][safepoint    ] Application time: 0.0000173 seconds
[2020-01-13T13:37:39.898+0000][1][safepoint    ] Entering safepoint region: RevokeBias
[2020-01-13T13:37:39.898+0000][1][safepoint    ] Leaving safepoint region
[2020-01-13T13:37:39.898+0000][1][safepoint    ] Total time for which application threads were stopped: 0.0000292 seconds, Stopping threads took: 0.0000047 seconds
[2020-01-13T13:37:39.898+0000][1][safepoint    ] Application time: 0.0000139 seconds
[2020-01-13T13:37:39.898+0000][1][safepoint    ] Entering safepoint region: RevokeBias
[2020-01-13T13:37:39.898+0000][1][safepoint    ] Leaving safepoint region
[2020-01-13T13:37:39.898+0000][1][safepoint    ] Total time for which application threads were stopped: 0.0000282 seconds, Stopping threads took: 0.0000047 seconds
[2020-01-13T13:37:39.898+0000][1][safepoint    ] Application time: 0.0000166 seconds
[2020-01-13T13:37:39.898+0000][1][safepoint    ] Entering safepoint region: RevokeBias
[2020-01-13T13:37:39.898+0000][1][safepoint    ] Leaving safepoint region
[2020-01-13T13:37:39.898+0000][1][safepoint    ] Total time for which application threads were stopped: 0.0000288 seconds, Stopping threads took: 0.0000047 seconds
[2020-01-13T13:37:39.898+0000][1][safepoint    ] Application time: 0.0000139 seconds
[2020-01-13T13:37:39.898+0000][1][safepoint    ] Entering safepoint region: RevokeBias
[2020-01-13T13:37:39.898+0000][1][safepoint    ] Leaving safepoint region
[2020-01-13T13:37:39.898+0000][1][safepoint    ] Total time for which application threads were stopped: 0.0000402 seconds, Stopping threads took: 0.0000046 seconds
[2020-01-13T13:37:39.898+0000][1][safepoint    ] Application time: 0.0000172 seconds
[2020-01-13T13:37:39.898+0000][1][safepoint    ] Entering safepoint region: RevokeBias
[2020-01-13T13:37:39.898+0000][1][safepoint    ] Leaving safepoint region
[2020-01-13T13:37:39.898+0000][1][safepoint    ] Total time for which application threads were stopped: 0.0000293 seconds, Stopping threads took: 0.0000047 seconds
[2020-01-13T13:37:39.898+0000][1][safepoint    ] Application time: 0.0000139 seconds
[2020-01-13T13:37:39.898+0000][1][safepoint    ] Entering safepoint region: RevokeBias
[2020-01-13T13:37:39.898+0000][1][safepoint    ] Leaving safepoint region
[2020-01-13T13:37:39.898+0000][1][safepoint    ] Total time for which application threads were stopped: 0.0000576 seconds, Stopping threads took: 0.0000166 seconds
[2020-01-13T13:37:39.898+0000][1][safepoint    ] Application time: 0.0000185 seconds
[2020-01-13T13:37:39.898+0000][1][safepoint    ] Entering safepoint region: RevokeBias
[2020-01-13T13:37:39.898+0000][1][safepoint    ] Leaving safepoint region
[2020-01-13T13:37:39.898+0000][1][safepoint    ] Total time for which application threads were stopped: 0.0000292 seconds, Stopping threads took: 0.0000047 seconds
[2020-01-13T13:37:39.898+0000][1][safepoint    ] Application time: 0.0000139 seconds
[2020-01-13T13:37:39.898+0000][1][safepoint    ] Entering safepoint region: RevokeBias
[2020-01-13T13:37:39.898+0000][1][safepoint    ] Leaving safepoint region
[2020-01-13T13:37:39.898+0000][1][safepoint    ] Total time for which application threads were stopped: 0.0000284 seconds, Stopping threads took: 0.0000046 seconds
[2020-01-13T13:37:39.900+0000][1][safepoint    ] Application time: 0.0018798 seconds
[2020-01-13T13:37:39.900+0000][1][safepoint    ] Entering safepoint region: RevokeBias
[2020-01-13T13:37:39.900+0000][1][safepoint    ] Leaving safepoint region
[2020-01-13T13:37:39.900+0000][1][safepoint    ] Total time for which application threads were stopped: 0.0001445 seconds, Stopping threads took: 0.0000909 seconds
[2020-01-13T13:37:39.900+0000][1][safepoint    ] Application time: 0.0000247 seconds
[2020-01-13T13:37:39.900+0000][1][safepoint    ] Entering safepoint region: RevokeBias
[2020-01-13T13:37:39.901+0000][1][safepoint    ] Leaving safepoint region
[2020-01-13T13:37:39.901+0000][1][safepoint    ] Total time for which application threads were stopped: 0.0000382 seconds, Stopping threads took: 0.0000051 seconds
[2020-01-13T13:37:39.901+0000][1][safepoint    ] Application time: 0.0000376 seconds
[2020-01-13T13:37:39.901+0000][1][safepoint    ] Entering safepoint region: RevokeBias
[2020-01-13T13:37:39.901+0000][1][safepoint    ] Leaving safepoint region
[2020-01-13T13:37:39.901+0000][1][safepoint    ] Total time for which application threads were stopped: 0.0000358 seconds, Stopping threads took: 0.0000049 seconds
[2020-01-13T13:37:39.901+0000][1][safepoint    ] Application time: 0.0000144 seconds
[2020-01-13T13:37:39.901+0000][1][safepoint    ] Entering safepoint region: RevokeBias
[2020-01-13T13:37:39.901+0000][1][safepoint    ] Leaving safepoint region
[2020-01-13T13:37:39.901+0000][1][safepoint    ] Total time for which application threads were stopped: 0.0000348 seconds, Stopping threads took: 0.0000048 seconds
[2020-01-13T13:37:39.901+0000][1][safepoint    ] Application time: 0.0000673 seconds
[2020-01-13T13:37:39.901+0000][1][safepoint    ] Entering safepoint region: RevokeBias
[2020-01-13T13:37:39.901+0000][1][safepoint    ] Leaving safepoint region
[2020-01-13T13:37:39.901+0000][1][safepoint    ] Total time for which application threads were stopped: 0.0000363 seconds, Stopping threads took: 0.0000049 seconds
[2020-01-13T13:37:39.901+0000][1][safepoint    ] Application time: 0.0005148 seconds
[2020-01-13T13:37:39.901+0000][1][safepoint    ] Entering safepoint region: RevokeBias
[2020-01-13T13:37:39.901+0000][1][safepoint    ] Leaving safepoint region
[2020-01-13T13:37:39.901+0000][1][safepoint    ] Total time for which application threads were stopped: 0.0000521 seconds, Stopping threads took: 0.0000074 seconds
[2020-01-13T13:37:39.901+0000][1][safepoint    ] Application time: 0.0000177 seconds
[2020-01-13T13:37:39.901+0000][1][safepoint    ] Entering safepoint region: RevokeBias
[2020-01-13T13:37:39.901+0000][1][safepoint    ] Leaving safepoint region
[2020-01-13T13:37:39.901+0000][1][safepoint    ] Total time for which application threads were stopped: 0.0000372 seconds, Stopping threads took: 0.0000048 seconds
[2020-01-13T13:37:39.901+0000][1][safepoint    ] Application time: 0.0000162 seconds
[2020-01-13T13:37:39.901+0000][1][safepoint    ] Entering safepoint region: RevokeBias
[2020-01-13T13:37:39.901+0000][1][safepoint    ] Leaving safepoint region
[2020-01-13T13:37:39.901+0000][1][safepoint    ] Total time for which application threads were stopped: 0.0000444 seconds, Stopping threads took: 0.0000131 seconds
[2020-01-13T13:37:39.902+0000][1][safepoint    ] Application time: 0.0000144 seconds
[2020-01-13T13:37:39.902+0000][1][safepoint    ] Entering safepoint region: RevokeBias
[2020-01-13T13:37:39.902+0000][1][safepoint    ] Leaving safepoint region
[2020-01-13T13:37:39.902+0000][1][safepoint    ] Total time for which application threads were stopped: 0.0000349 seconds, Stopping threads took: 0.0000047 seconds
[2020-01-13T13:37:40.109+0000][1][safepoint    ] Application time: 0.2074766 seconds
[2020-01-13T13:37:40.110+0000][1][safepoint    ] Entering safepoint region: GenCollectForAllocation
[2020-01-13T13:37:40.110+0000][1][gc,start     ] GC(4) Pause Young (Allocation Failure)
[2020-01-13T13:37:40.110+0000][1][gc,task      ] GC(4) Using 1 workers of 1 for evacuation
[2020-01-13T13:37:40.133+0000][1][gc,age       ] GC(4) Desired survivor size 4358144 bytes, new threshold 3 (max threshold 6)
[2020-01-13T13:37:40.133+0000][1][gc,age       ] GC(4) Age table with threshold 3 (max threshold 6)
[2020-01-13T13:37:40.133+0000][1][gc,age       ] GC(4) - age   1:    1007624 bytes,    1007624 total
[2020-01-13T13:37:40.133+0000][1][gc,age       ] GC(4) - age   2:    3228736 bytes,    4236360 total
[2020-01-13T13:37:40.133+0000][1][gc,age       ] GC(4) - age   3:     293728 bytes,    4530088 total
[2020-01-13T13:37:40.133+0000][1][gc,heap      ] GC(4) ParNew: 75418K->8512K(76672K)
[2020-01-13T13:37:40.133+0000][1][gc,heap      ] GC(4) CMS: 6772K->7834K(176960K)
[2020-01-13T13:37:40.134+0000][1][gc,metaspace ] GC(4) Metaspace: 18680K->18680K(1067008K)
[2020-01-13T13:37:40.134+0000][1][gc           ] GC(4) Pause Young (Allocation Failure) 80M->15M(247M) 23.165ms
[2020-01-13T13:37:40.134+0000][1][gc,cpu       ] GC(4) User=0.02s Sys=0.00s Real=0.02s
[2020-01-13T13:37:40.134+0000][1][safepoint    ] Leaving safepoint region
[2020-01-13T13:37:40.134+0000][1][safepoint    ] Total time for which application threads were stopped: 0.0245014 seconds, Stopping threads took: 0.0012118 seconds
[2020-01-13T13:37:40.138+0000][1][safepoint    ] Application time: 0.0046986 seconds
[2020-01-13T13:37:40.139+0000][1][safepoint    ] Entering safepoint region: RevokeBias
[2020-01-13T13:37:40.139+0000][1][safepoint    ] Leaving safepoint region
[2020-01-13T13:37:40.139+0000][1][safepoint    ] Total time for which application threads were stopped: 0.0005768 seconds, Stopping threads took: 0.0005071 seconds
[2020-01-13T13:37:40.139+0000][1][safepoint    ] Application time: 0.0000338 seconds
[2020-01-13T13:37:40.139+0000][1][safepoint    ] Entering safepoint region: RevokeBias
[2020-01-13T13:37:40.139+0000][1][safepoint    ] Leaving safepoint region
[2020-01-13T13:37:40.139+0000][1][safepoint    ] Total time for which application threads were stopped: 0.0000325 seconds, Stopping threads took: 0.0000053 seconds
[2020-01-13T13:37:40.139+0000][1][safepoint    ] Application time: 0.0000249 seconds
[2020-01-13T13:37:40.139+0000][1][safepoint    ] Entering safepoint region: RevokeBias
[2020-01-13T13:37:40.139+0000][1][safepoint    ] Leaving safepoint region
[2020-01-13T13:37:40.139+0000][1][safepoint    ] Total time for which application threads were stopped: 0.0000299 seconds, Stopping threads took: 0.0000049 seconds
[2020-01-13T13:37:40.139+0000][1][safepoint    ] Application time: 0.0000140 seconds
[2020-01-13T13:37:40.139+0000][1][safepoint    ] Entering safepoint region: RevokeBias
[2020-01-13T13:37:40.139+0000][1][safepoint    ] Leaving safepoint region
[2020-01-13T13:37:40.139+0000][1][safepoint    ] Total time for which application threads were stopped: 0.0000291 seconds, Stopping threads took: 0.0000048 seconds
[2020-01-13T13:37:40.174+0000][1][safepoint    ] Application time: 0.0345112 seconds
[2020-01-13T13:37:40.177+0000][1][safepoint    ] Entering safepoint region: Deoptimize
[2020-01-13T13:37:40.178+0000][1][safepoint    ] Leaving safepoint region
[2020-01-13T13:37:40.178+0000][1][safepoint    ] Total time for which application threads were stopped: 0.0041653 seconds, Stopping threads took: 0.0036565 seconds
[2020-01-13T13:37:40.258+0000][1][safepoint    ] Application time: 0.0803044 seconds
[2020-01-13T13:37:40.258+0000][1][safepoint    ] Entering safepoint region: Deoptimize
[2020-01-13T13:37:40.259+0000][1][safepoint    ] Leaving safepoint region
[2020-01-13T13:37:40.259+0000][1][safepoint    ] Total time for which application threads were stopped: 0.0005363 seconds, Stopping threads took: 0.0000263 seconds
[2020-01-13T13:37:40.270+0000][1][safepoint    ] Application time: 0.0111061 seconds
[2020-01-13T13:37:40.270+0000][1][safepoint    ] Entering safepoint region: RevokeBias
[2020-01-13T13:37:40.270+0000][1][safepoint    ] Leaving safepoint region
[2020-01-13T13:37:40.270+0000][1][safepoint    ] Total time for which application threads were stopped: 0.0000963 seconds, Stopping threads took: 0.0000233 seconds
[2020-01-13T13:37:40.275+0000][1][safepoint    ] Application time: 0.0053422 seconds
[2020-01-13T13:37:40.275+0000][1][safepoint    ] Entering safepoint region: RevokeBias
[2020-01-13T13:37:40.275+0000][1][safepoint    ] Leaving safepoint region
[2020-01-13T13:37:40.275+0000][1][safepoint    ] Total time for which application threads were stopped: 0.0000823 seconds, Stopping threads took: 0.0000227 seconds
[2020-01-13T13:37:40.404+0000][1][safepoint    ] Application time: 0.1281859 seconds
[2020-01-13T13:37:40.407+0000][1][safepoint    ] Entering safepoint region: GenCollectForAllocation
[2020-01-13T13:37:40.407+0000][1][gc,start     ] GC(5) Pause Young (Allocation Failure)
[2020-01-13T13:37:40.407+0000][1][gc,task      ] GC(5) Using 1 workers of 1 for evacuation
[2020-01-13T13:37:40.427+0000][1][gc,age       ] GC(5) Desired survivor size 4358144 bytes, new threshold 3 (max threshold 6)
[2020-01-13T13:37:40.427+0000][1][gc,age       ] GC(5) Age table with threshold 3 (max threshold 6)
[2020-01-13T13:37:40.427+0000][1][gc,age       ] GC(5) - age   1:    2142312 bytes,    2142312 total
[2020-01-13T13:37:40.427+0000][1][gc,age       ] GC(5) - age   2:     542784 bytes,    2685096 total
[2020-01-13T13:37:40.427+0000][1][gc,age       ] GC(5) - age   3:    3228712 bytes,    5913808 total
[2020-01-13T13:37:40.427+0000][1][gc,heap      ] GC(5) ParNew: 76672K->8198K(76672K)
[2020-01-13T13:37:40.427+0000][1][gc,heap      ] GC(5) CMS: 7834K->8125K(176960K)
[2020-01-13T13:37:40.427+0000][1][gc,metaspace ] GC(5) Metaspace: 18843K->18843K(1067008K)
[2020-01-13T13:37:40.427+0000][1][gc           ] GC(5) Pause Young (Allocation Failure) 82M->15M(247M) 20.040ms
[2020-01-13T13:37:40.427+0000][1][gc,cpu       ] GC(5) User=0.02s Sys=0.00s Real=0.02s
[2020-01-13T13:37:40.427+0000][1][safepoint    ] Leaving safepoint region
[2020-01-13T13:37:40.427+0000][1][safepoint    ] Total time for which application threads were stopped: 0.0238527 seconds, Stopping threads took: 0.0036710 seconds
[2020-01-13T13:37:40.436+0000][1][safepoint    ] Application time: 0.0080691 seconds
[2020-01-13T13:37:40.437+0000][1][safepoint    ] Entering safepoint region: RevokeBias
[2020-01-13T13:37:40.437+0000][1][safepoint    ] Leaving safepoint region
[2020-01-13T13:37:40.437+0000][1][safepoint    ] Total time for which application threads were stopped: 0.0010206 seconds, Stopping threads took: 0.0009143 seconds
[2020-01-13T13:37:40.437+0000][1][safepoint    ] Application time: 0.0000375 seconds
[2020-01-13T13:37:40.437+0000][1][safepoint    ] Entering safepoint region: RevokeBias
[2020-01-13T13:37:40.437+0000][1][safepoint    ] Leaving safepoint region
[2020-01-13T13:37:40.437+0000][1][safepoint    ] Total time for which application threads were stopped: 0.0000422 seconds, Stopping threads took: 0.0000055 seconds
[2020-01-13T13:37:40.437+0000][1][safepoint    ] Application time: 0.0000309 seconds
[2020-01-13T13:37:40.437+0000][1][safepoint    ] Entering safepoint region: RevokeBias
[2020-01-13T13:37:40.437+0000][1][safepoint    ] Leaving safepoint region
[2020-01-13T13:37:40.437+0000][1][safepoint    ] Total time for which application threads were stopped: 0.0000488 seconds, Stopping threads took: 0.0000049 seconds
[2020-01-13T13:37:40.437+0000][1][safepoint    ] Application time: 0.0000150 seconds
[2020-01-13T13:37:40.437+0000][1][safepoint    ] Entering safepoint region: RevokeBias
[2020-01-13T13:37:40.437+0000][1][safepoint    ] Leaving safepoint region
[2020-01-13T13:37:40.437+0000][1][safepoint    ] Total time for which application threads were stopped: 0.0000355 seconds, Stopping threads took: 0.0000047 seconds
[2020-01-13T13:37:40.437+0000][1][safepoint    ] Application time: 0.0000200 seconds
[2020-01-13T13:37:40.437+0000][1][safepoint    ] Entering safepoint region: RevokeBias
[2020-01-13T13:37:40.437+0000][1][safepoint    ] Leaving safepoint region
[2020-01-13T13:37:40.437+0000][1][safepoint    ] Total time for which application threads were stopped: 0.0000354 seconds, Stopping threads took: 0.0000048 seconds
[2020-01-13T13:37:40.437+0000][1][safepoint    ] Application time: 0.0000145 seconds
[2020-01-13T13:37:40.437+0000][1][safepoint    ] Entering safepoint region: RevokeBias
[2020-01-13T13:37:40.437+0000][1][safepoint    ] Leaving safepoint region
[2020-01-13T13:37:40.437+0000][1][safepoint    ] Total time for which application threads were stopped: 0.0000347 seconds, Stopping threads took: 0.0000047 seconds
[2020-01-13T13:37:40.666+0000][1][safepoint    ] Application time: 0.2286971 seconds
[2020-01-13T13:37:40.666+0000][1][safepoint    ] Entering safepoint region: RevokeBias
[2020-01-13T13:37:40.666+0000][1][safepoint    ] Leaving safepoint region
[2020-01-13T13:37:40.666+0000][1][safepoint    ] Total time for which application threads were stopped: 0.0001013 seconds, Stopping threads took: 0.0000236 seconds
[2020-01-13T13:37:40.666+0000][1][safepoint    ] Application time: 0.0001342 seconds
[2020-01-13T13:37:40.666+0000][1][safepoint    ] Entering safepoint region: BulkRevokeBias
[2020-01-13T13:37:40.666+0000][1][safepoint    ] Leaving safepoint region
[2020-01-13T13:37:40.666+0000][1][safepoint    ] Total time for which application threads were stopped: 0.0001337 seconds, Stopping threads took: 0.0000138 seconds
[2020-01-13T13:37:40.669+0000][1][safepoint    ] Application time: 0.0024942 seconds
[2020-01-13T13:37:40.673+0000][1][safepoint    ] Entering safepoint region: GenCollectForAllocation
[2020-01-13T13:37:40.673+0000][1][gc,start     ] GC(6) Pause Young (Allocation Failure)
[2020-01-13T13:37:40.673+0000][1][gc,task      ] GC(6) Using 1 workers of 1 for evacuation
[2020-01-13T13:37:40.689+0000][1][gc,age       ] GC(6) Desired survivor size 4358144 bytes, new threshold 6 (max threshold 6)
[2020-01-13T13:37:40.689+0000][1][gc,age       ] GC(6) Age table with threshold 6 (max threshold 6)
[2020-01-13T13:37:40.689+0000][1][gc,age       ] GC(6) - age   1:     247208 bytes,     247208 total
[2020-01-13T13:37:40.689+0000][1][gc,age       ] GC(6) - age   2:    2126848 bytes,    2374056 total
[2020-01-13T13:37:40.689+0000][1][gc,age       ] GC(6) - age   3:     542616 bytes,    2916672 total
[2020-01-13T13:37:40.689+0000][1][gc,heap      ] GC(6) ParNew: 76358K->5014K(76672K)
[2020-01-13T13:37:40.689+0000][1][gc,heap      ] GC(6) CMS: 8125K->11299K(176960K)
[2020-01-13T13:37:40.689+0000][1][gc,metaspace ] GC(6) Metaspace: 19192K->19192K(1067008K)
[2020-01-13T13:37:40.689+0000][1][gc           ] GC(6) Pause Young (Allocation Failure) 82M->15M(247M) 15.611ms
[2020-01-13T13:37:40.689+0000][1][gc,cpu       ] GC(6) User=0.01s Sys=0.00s Real=0.02s
[2020-01-13T13:37:40.689+0000][1][safepoint    ] Leaving safepoint region
[2020-01-13T13:37:40.689+0000][1][safepoint    ] Total time for which application threads were stopped: 0.0203389 seconds, Stopping threads took: 0.0046103 seconds
[2020-01-13T13:37:40.697+0000][1][safepoint    ] Application time: 0.0082300 seconds
[2020-01-13T13:37:40.697+0000][1][safepoint    ] Entering safepoint region: BulkRevokeBias
[2020-01-13T13:37:40.697+0000][1][safepoint    ] Leaving safepoint region
[2020-01-13T13:37:40.697+0000][1][safepoint    ] Total time for which application threads were stopped: 0.0001416 seconds, Stopping threads took: 0.0000114 seconds
[2020-01-13T13:37:40.911+0000][1][safepoint    ] Application time: 0.2139321 seconds
[2020-01-13T13:37:40.915+0000][1][safepoint    ] Entering safepoint region: GenCollectForAllocation
[2020-01-13T13:37:40.915+0000][1][gc,start     ] GC(7) Pause Young (Allocation Failure)
[2020-01-13T13:37:40.915+0000][1][gc,task      ] GC(7) Using 1 workers of 1 for evacuation
[2020-01-13T13:37:40.931+0000][1][gc,age       ] GC(7) Desired survivor size 4358144 bytes, new threshold 3 (max threshold 6)
[2020-01-13T13:37:40.931+0000][1][gc,age       ] GC(7) Age table with threshold 3 (max threshold 6)
[2020-01-13T13:37:40.931+0000][1][gc,age       ] GC(7) - age   1:    3151712 bytes,    3151712 total
[2020-01-13T13:37:40.931+0000][1][gc,age       ] GC(7) - age   2:     235864 bytes,    3387576 total
[2020-01-13T13:37:40.931+0000][1][gc,age       ] GC(7) - age   3:    2126824 bytes,    5514400 total
[2020-01-13T13:37:40.931+0000][1][gc,age       ] GC(7) - age   4:     542616 bytes,    6057016 total
[2020-01-13T13:37:40.935+0000][1][gc,heap      ] GC(7) ParNew: 73174K->6965K(76672K)
[2020-01-13T13:37:40.935+0000][1][gc,heap      ] GC(7) CMS: 11299K->11299K(176960K)
[2020-01-13T13:37:40.935+0000][1][gc,metaspace ] GC(7) Metaspace: 19570K->19570K(1067008K)
[2020-01-13T13:37:40.935+0000][1][gc           ] GC(7) Pause Young (Allocation Failure) 82M->17M(247M) 19.929ms
[2020-01-13T13:37:40.935+0000][1][gc,cpu       ] GC(7) User=0.02s Sys=0.00s Real=0.02s
[2020-01-13T13:37:40.935+0000][1][safepoint    ] Leaving safepoint region
[2020-01-13T13:37:40.935+0000][1][safepoint    ] Total time for which application threads were stopped: 0.0239479 seconds, Stopping threads took: 0.0038749 seconds
[2020-01-13T13:37:41.043+0000][1][safepoint    ] Application time: 0.1079018 seconds
[2020-01-13T13:37:41.047+0000][1][safepoint    ] Entering safepoint region: CollectForMetadataAllocation
[2020-01-13T13:37:41.048+0000][1][safepoint    ] Leaving safepoint region
[2020-01-13T13:37:41.048+0000][1][safepoint    ] Total time for which application threads were stopped: 0.0042064 seconds, Stopping threads took: 0.0039678 seconds
[2020-01-13T13:37:41.098+0000][1][safepoint    ] Application time: 0.0508067 seconds
[2020-01-13T13:37:41.098+0000][1][safepoint    ] Entering safepoint region: CollectForMetadataAllocation
[2020-01-13T13:37:41.099+0000][1][safepoint    ] Leaving safepoint region
[2020-01-13T13:37:41.099+0000][1][safepoint    ] Total time for which application threads were stopped: 0.0002249 seconds, Stopping threads took: 0.0000225 seconds
[2020-01-13T13:37:41.277+0000][1][safepoint    ] Application time: 0.1786099 seconds
[2020-01-13T13:37:41.278+0000][1][safepoint    ] Entering safepoint region: GenCollectForAllocation
[2020-01-13T13:37:41.278+0000][1][gc,start     ] GC(8) Pause Young (Allocation Failure)
[2020-01-13T13:37:41.278+0000][1][gc,task      ] GC(8) Using 1 workers of 1 for evacuation
[2020-01-13T13:37:41.296+0000][1][gc,age       ] GC(8) Desired survivor size 4358144 bytes, new threshold 6 (max threshold 6)
[2020-01-13T13:37:41.296+0000][1][gc,age       ] GC(8) Age table with threshold 6 (max threshold 6)
[2020-01-13T13:37:41.296+0000][1][gc,age       ] GC(8) - age   1:    2083280 bytes,    2083280 total
[2020-01-13T13:37:41.296+0000][1][gc,age       ] GC(8) - age   2:    1300560 bytes,    3383840 total
[2020-01-13T13:37:41.296+0000][1][gc,age       ] GC(8) - age   3:     235720 bytes,    3619560 total
[2020-01-13T13:37:41.296+0000][1][gc,heap      ] GC(8) ParNew: 75125K->5016K(76672K)
[2020-01-13T13:37:41.296+0000][1][gc,heap      ] GC(8) CMS: 11299K->13925K(176960K)
[2020-01-13T13:37:41.296+0000][1][gc,metaspace ] GC(8) Metaspace: 20378K->20378K(1069056K)
[2020-01-13T13:37:41.296+0000][1][gc           ] GC(8) Pause Young (Allocation Failure) 84M->18M(247M) 17.367ms
[2020-01-13T13:37:41.296+0000][1][gc,cpu       ] GC(8) User=0.01s Sys=0.00s Real=0.01s
[2020-01-13T13:37:41.296+0000][1][safepoint    ] Leaving safepoint region
[2020-01-13T13:37:41.296+0000][1][safepoint    ] Total time for which application threads were stopped: 0.0184875 seconds, Stopping threads took: 0.0009846 seconds
[2020-01-13T13:37:41.305+0000][1][safepoint    ] Application time: 0.0094852 seconds
[2020-01-13T13:37:41.305+0000][1][safepoint    ] Entering safepoint region: CMS_Initial_Mark
[2020-01-13T13:37:41.305+0000][1][gc,start     ] GC(9) Pause Initial Mark
[2020-01-13T13:37:41.308+0000][1][gc           ] GC(9) Pause Initial Mark 21M->21M(247M) 2.709ms
[2020-01-13T13:37:41.308+0000][1][gc,cpu       ] GC(9) User=0.01s Sys=0.00s Real=0.01s
[2020-01-13T13:37:41.308+0000][1][safepoint    ] Leaving safepoint region
[2020-01-13T13:37:41.308+0000][1][safepoint    ] Total time for which application threads were stopped: 0.0029233 seconds, Stopping threads took: 0.0001233 seconds
[2020-01-13T13:37:41.315+0000][1][gc           ] GC(9) Concurrent Mark
[2020-01-13T13:37:41.347+0000][1][gc           ] GC(9) Concurrent Mark 31.412ms
[2020-01-13T13:37:41.347+0000][1][gc,cpu       ] GC(9) User=0.03s Sys=0.00s Real=0.03s
[2020-01-13T13:37:41.347+0000][1][gc           ] GC(9) Concurrent Preclean
[2020-01-13T13:37:41.347+0000][1][gc           ] GC(9) Concurrent Preclean 0.449ms
[2020-01-13T13:37:41.351+0000][1][gc,cpu       ] GC(9) User=0.01s Sys=0.00s Real=0.01s
[2020-01-13T13:37:41.351+0000][1][gc           ] GC(9) Concurrent Abortable Preclean
[2020-01-13T13:37:41.520+0000][1][safepoint    ] Application time: 0.2121374 seconds
[2020-01-13T13:37:41.520+0000][1][safepoint    ] Entering safepoint region: GenCollectForAllocation
[2020-01-13T13:37:41.521+0000][1][gc,start     ] GC(10) Pause Young (Allocation Failure)
[2020-01-13T13:37:41.521+0000][1][gc,task      ] GC(10) Using 1 workers of 1 for evacuation
[2020-01-13T13:37:41.525+0000][1][gc,age       ] GC(10) Desired survivor size 4358144 bytes, new threshold 6 (max threshold 6)
[2020-01-13T13:37:41.529+0000][1][gc,age       ] GC(10) Age table with threshold 6 (max threshold 6)
[2020-01-13T13:37:41.529+0000][1][gc,age       ] GC(10) - age   1:     327520 bytes,     327520 total
[2020-01-13T13:37:41.529+0000][1][gc,age       ] GC(10) - age   2:     620072 bytes,     947592 total
[2020-01-13T13:37:41.529+0000][1][gc,age       ] GC(10) - age   3:    1300440 bytes,    2248032 total
[2020-01-13T13:37:41.529+0000][1][gc,age       ] GC(10) - age   4:     235592 bytes,    2483624 total
[2020-01-13T13:37:41.529+0000][1][gc,heap      ] GC(10) ParNew: 73176K->3905K(76672K)
[2020-01-13T13:37:41.529+0000][1][gc,heap      ] GC(10) CMS: 13925K->13925K(176960K)
[2020-01-13T13:37:41.529+0000][1][gc,metaspace ] GC(10) Metaspace: 20487K->20487K(1069056K)
[2020-01-13T13:37:41.529+0000][1][gc           ] GC(10) Pause Young (Allocation Failure) 85M->17M(247M) 8.849ms
[2020-01-13T13:37:41.529+0000][1][gc,cpu       ] GC(10) User=0.01s Sys=0.00s Real=0.01s
[2020-01-13T13:37:41.529+0000][1][safepoint    ] Leaving safepoint region
[2020-01-13T13:37:41.529+0000][1][safepoint    ] Total time for which application threads were stopped: 0.0089973 seconds, Stopping threads took: 0.0000238 seconds
[2020-01-13T13:37:41.728+0000][1][safepoint    ] Application time: 0.1985922 seconds
[2020-01-13T13:37:41.728+0000][1][safepoint    ] Entering safepoint region: GenCollectForAllocation
[2020-01-13T13:37:41.728+0000][1][gc,start     ] GC(11) Pause Young (Allocation Failure)
[2020-01-13T13:37:41.728+0000][1][gc,task      ] GC(11) Using 1 workers of 1 for evacuation
[2020-01-13T13:37:41.746+0000][1][gc,age       ] GC(11) Desired survivor size 4358144 bytes, new threshold 6 (max threshold 6)
[2020-01-13T13:37:41.746+0000][1][gc,age       ] GC(11) Age table with threshold 6 (max threshold 6)
[2020-01-13T13:37:41.746+0000][1][gc,age       ] GC(11) - age   1:    1989280 bytes,    1989280 total
[2020-01-13T13:37:41.746+0000][1][gc,age       ] GC(11) - age   2:     135208 bytes,    2124488 total
[2020-01-13T13:37:41.746+0000][1][gc,age       ] GC(11) - age   3:     620024 bytes,    2744512 total
[2020-01-13T13:37:41.746+0000][1][gc,age       ] GC(11) - age   4:    1300336 bytes,    4044848 total
[2020-01-13T13:37:41.746+0000][1][gc,age       ] GC(11) - age   5:     235424 bytes,    4280272 total
[2020-01-13T13:37:41.746+0000][1][gc,heap      ] GC(11) ParNew: 72065K->5590K(76672K)
[2020-01-13T13:37:41.746+0000][1][gc,heap      ] GC(11) CMS: 13925K->13925K(176960K)
[2020-01-13T13:37:41.746+0000][1][gc,metaspace ] GC(11) Metaspace: 20567K->20567K(1069056K)
[2020-01-13T13:37:41.746+0000][1][gc           ] GC(11) Pause Young (Allocation Failure) 83M->19M(247M) 17.762ms
[2020-01-13T13:37:41.746+0000][1][gc,cpu       ] GC(11) User=0.02s Sys=0.00s Real=0.01s
[2020-01-13T13:37:41.746+0000][1][safepoint    ] Leaving safepoint region
[2020-01-13T13:37:41.746+0000][1][safepoint    ] Total time for which application threads were stopped: 0.0179246 seconds, Stopping threads took: 0.0000260 seconds
[2020-01-13T13:37:41.746+0000][1][gc           ] GC(9) Concurrent Abortable Preclean 394.693ms
[2020-01-13T13:37:41.746+0000][1][gc,cpu       ] GC(9) User=0.38s Sys=0.01s Real=0.39s
[2020-01-13T13:37:41.750+0000][1][safepoint    ] Application time: 0.0036728 seconds
[2020-01-13T13:37:41.750+0000][1][safepoint    ] Entering safepoint region: CMS_Final_Remark
[2020-01-13T13:37:41.750+0000][1][gc,start     ] GC(9) Pause Remark
[2020-01-13T13:37:41.768+0000][1][gc           ] GC(9) Pause Remark 21M->21M(247M) 18.507ms
[2020-01-13T13:37:41.768+0000][1][gc,cpu       ] GC(9) User=0.02s Sys=0.00s Real=0.02s
[2020-01-13T13:37:41.768+0000][1][safepoint    ] Leaving safepoint region
[2020-01-13T13:37:41.768+0000][1][safepoint    ] Total time for which application threads were stopped: 0.0187133 seconds, Stopping threads took: 0.0000649 seconds
[2020-01-13T13:37:41.780+0000][1][gc           ] GC(9) Concurrent Sweep
[2020-01-13T13:37:41.785+0000][1][gc           ] GC(9) Concurrent Sweep 4.478ms
[2020-01-13T13:37:41.785+0000][1][gc,cpu       ] GC(9) User=0.01s Sys=0.00s Real=0.00s
[2020-01-13T13:37:41.785+0000][1][gc           ] GC(9) Concurrent Reset
[2020-01-13T13:37:41.785+0000][1][gc           ] GC(9) Concurrent Reset 0.458ms
[2020-01-13T13:37:41.785+0000][1][gc,cpu       ] GC(9) User=0.00s Sys=0.00s Real=0.00s
[2020-01-13T13:37:41.785+0000][1][gc,heap      ] GC(9) Old: 13925K->13898K(176960K)
[2020-01-13T13:37:41.924+0000][1][safepoint    ] Application time: 0.1559912 seconds
[2020-01-13T13:37:41.924+0000][1][safepoint    ] Entering safepoint region: Deoptimize
[2020-01-13T13:37:41.926+0000][1][safepoint    ] Leaving safepoint region
[2020-01-13T13:37:41.926+0000][1][safepoint    ] Total time for which application threads were stopped: 0.0011543 seconds, Stopping threads took: 0.0000215 seconds
[2020-01-13T13:37:41.939+0000][1][safepoint    ] Application time: 0.0138463 seconds
[2020-01-13T13:37:41.940+0000][1][safepoint    ] Entering safepoint region: Deoptimize
[2020-01-13T13:37:41.940+0000][1][safepoint    ] Leaving safepoint region
[2020-01-13T13:37:41.940+0000][1][safepoint    ] Total time for which application threads were stopped: 0.0004759 seconds, Stopping threads took: 0.0000199 seconds
[2020-01-13T13:37:42.446+0000][1][safepoint    ] Application time: 0.5063844 seconds
[2020-01-13T13:37:42.446+0000][1][safepoint    ] Entering safepoint region: GenCollectForAllocation
[2020-01-13T13:37:42.447+0000][1][gc,start     ] GC(12) Pause Young (Allocation Failure)
[2020-01-13T13:37:42.447+0000][1][gc,task      ] GC(12) Using 1 workers of 1 for evacuation
[2020-01-13T13:37:42.463+0000][1][gc,age       ] GC(12) Desired survivor size 4358144 bytes, new threshold 6 (max threshold 6)
[2020-01-13T13:37:42.463+0000][1][gc,age       ] GC(12) Age table with threshold 6 (max threshold 6)
[2020-01-13T13:37:42.463+0000][1][gc,age       ] GC(12) - age   1:    1094792 bytes,    1094792 total
[2020-01-13T13:37:42.463+0000][1][gc,age       ] GC(12) - age   2:     262936 bytes,    1357728 total
[2020-01-13T13:37:42.463+0000][1][gc,age       ] GC(12) - age   3:     135096 bytes,    1492824 total
[2020-01-13T13:37:42.463+0000][1][gc,age       ] GC(12) - age   4:     619928 bytes,    2112752 total
[2020-01-13T13:37:42.463+0000][1][gc,age       ] GC(12) - age   5:    1300272 bytes,    3413024 total
[2020-01-13T13:37:42.463+0000][1][gc,age       ] GC(12) - age   6:     235160 bytes,    3648184 total
[2020-01-13T13:37:42.463+0000][1][gc,heap      ] GC(12) ParNew: 73750K->3833K(76672K)
[2020-01-13T13:37:42.463+0000][1][gc,heap      ] GC(12) CMS: 13898K->13898K(176960K)
[2020-01-13T13:37:42.463+0000][1][gc,metaspace ] GC(12) Metaspace: 23410K->23410K(1071104K)
[2020-01-13T13:37:42.463+0000][1][gc           ] GC(12) Pause Young (Allocation Failure) 85M->17M(247M) 16.494ms
[2020-01-13T13:37:42.463+0000][1][gc,cpu       ] GC(12) User=0.02s Sys=0.00s Real=0.02s
[2020-01-13T13:37:42.463+0000][1][safepoint    ] Leaving safepoint region
[2020-01-13T13:37:42.463+0000][1][safepoint    ] Total time for which application threads were stopped: 0.0168652 seconds, Stopping threads took: 0.0000211 seconds
[2020-01-13T13:37:42.736+0000][1][safepoint    ] Application time: 0.2724452 seconds
[2020-01-13T13:37:42.739+0000][1][safepoint    ] Entering safepoint region: Deoptimize
[2020-01-13T13:37:42.740+0000][1][safepoint    ] Leaving safepoint region
[2020-01-13T13:37:42.740+0000][1][safepoint    ] Total time for which application threads were stopped: 0.0040647 seconds, Stopping threads took: 0.0035491 seconds
[2020-01-13T13:37:42.769+0000][1][safepoint    ] Application time: 0.0288714 seconds
[2020-01-13T13:37:42.769+0000][1][safepoint    ] Entering safepoint region: Deoptimize
[2020-01-13T13:37:42.769+0000][1][safepoint    ] Leaving safepoint region
[2020-01-13T13:37:42.769+0000][1][safepoint    ] Total time for which application threads were stopped: 0.0005816 seconds, Stopping threads took: 0.0000218 seconds
[2020-01-13T13:37:42.786+0000][1][safepoint    ] Application time: 0.0164672 seconds
[2020-01-13T13:37:42.786+0000][1][safepoint    ] Entering safepoint region: RevokeBias
[2020-01-13T13:37:42.786+0000][1][safepoint    ] Leaving safepoint region
[2020-01-13T13:37:42.786+0000][1][safepoint    ] Total time for which application threads were stopped: 0.0000816 seconds, Stopping threads took: 0.0000252 seconds
[2020-01-13T13:37:42.786+0000][1][safepoint    ] Application time: 0.0000357 seconds
[2020-01-13T13:37:42.786+0000][1][safepoint    ] Entering safepoint region: RevokeBias
[2020-01-13T13:37:42.786+0000][1][safepoint    ] Leaving safepoint region
[2020-01-13T13:37:42.786+0000][1][safepoint    ] Total time for which application threads were stopped: 0.0000285 seconds, Stopping threads took: 0.0000124 seconds
[2020-01-13T13:37:43.752+0000][1][safepoint    ] Application time: 0.9657349 seconds
[2020-01-13T13:37:43.752+0000][1][safepoint    ] Entering safepoint region: RevokeBias
[2020-01-13T13:37:43.752+0000][1][safepoint    ] Leaving safepoint region
[2020-01-13T13:37:43.752+0000][1][safepoint    ] Total time for which application threads were stopped: 0.0004099 seconds, Stopping threads took: 0.0000228 seconds
[2020-01-13T13:37:43.961+0000][1][safepoint    ] Application time: 0.2090641 seconds
[2020-01-13T13:37:43.963+0000][1][safepoint    ] Entering safepoint region: GenCollectForAllocation
[2020-01-13T13:37:43.963+0000][1][gc,start     ] GC(13) Pause Young (Allocation Failure)
[2020-01-13T13:37:43.963+0000][1][gc,task      ] GC(13) Using 1 workers of 1 for evacuation
[2020-01-13T13:37:44.035+0000][1][gc,age       ] GC(13) Desired survivor size 4358144 bytes, new threshold 1 (max threshold 6)
[2020-01-13T13:37:44.035+0000][1][gc,age       ] GC(13) Age table with threshold 1 (max threshold 6)
[2020-01-13T13:37:44.035+0000][1][gc,age       ] GC(13) - age   1:    5927560 bytes,    5927560 total
[2020-01-13T13:37:44.035+0000][1][gc,age       ] GC(13) - age   2:     553712 bytes,    6481272 total
[2020-01-13T13:37:44.035+0000][1][gc,age       ] GC(13) - age   3:     253432 bytes,    6734704 total
[2020-01-13T13:37:44.035+0000][1][gc,age       ] GC(13) - age   4:     127152 bytes,    6861856 total
[2020-01-13T13:37:44.035+0000][1][gc,age       ] GC(13) - age   5:     563656 bytes,    7425512 total
[2020-01-13T13:37:44.035+0000][1][gc,age       ] GC(13) - age   6:    1290568 bytes,    8716080 total
[2020-01-13T13:37:44.035+0000][1][gc,heap      ] GC(13) ParNew: 71993K->8512K(76672K)
[2020-01-13T13:37:44.035+0000][1][gc,heap      ] GC(13) CMS: 13898K->22892K(176960K)
[2020-01-13T13:37:44.035+0000][1][gc,metaspace ] GC(13) Metaspace: 26996K->26996K(1075200K)
[2020-01-13T13:37:44.035+0000][1][gc           ] GC(13) Pause Young (Allocation Failure) 83M->30M(247M) 71.765ms
[2020-01-13T13:37:44.035+0000][1][gc,cpu       ] GC(13) User=0.07s Sys=0.00s Real=0.07s
[2020-01-13T13:37:44.035+0000][1][safepoint    ] Leaving safepoint region
[2020-01-13T13:37:44.035+0000][1][safepoint    ] Total time for which application threads were stopped: 0.0737995 seconds, Stopping threads took: 0.0018870 seconds
[2020-01-13T13:37:44.953+0000][1][safepoint    ] Application time: 0.9178287 seconds
[2020-01-13T13:37:44.953+0000][1][safepoint    ] Entering safepoint region: GenCollectForAllocation
[2020-01-13T13:37:44.953+0000][1][gc,start     ] GC(14) Pause Young (Allocation Failure)
[2020-01-13T13:37:44.953+0000][1][gc,task      ] GC(14) Using 1 workers of 1 for evacuation
[2020-01-13T13:37:45.036+0000][1][gc,age       ] GC(14) Desired survivor size 4358144 bytes, new threshold 1 (max threshold 6)
[2020-01-13T13:37:45.036+0000][1][gc,age       ] GC(14) Age table with threshold 1 (max threshold 6)
[2020-01-13T13:37:45.036+0000][1][gc,age       ] GC(14) - age   1:    8716240 bytes,    8716240 total
[2020-01-13T13:37:45.036+0000][1][gc,heap      ] GC(14) ParNew: 76672K->8512K(76672K)
[2020-01-13T13:37:45.036+0000][1][gc,heap      ] GC(14) CMS: 22892K->35181K(176960K)
[2020-01-13T13:37:45.036+0000][1][gc,metaspace ] GC(14) Metaspace: 27131K->27131K(1075200K)
[2020-01-13T13:37:45.036+0000][1][gc           ] GC(14) Pause Young (Allocation Failure) 97M->42M(247M) 82.618ms
[2020-01-13T13:37:45.036+0000][1][gc,cpu       ] GC(14) User=0.09s Sys=0.00s Real=0.08s
[2020-01-13T13:37:45.036+0000][1][safepoint    ] Leaving safepoint region
[2020-01-13T13:37:45.036+0000][1][safepoint    ] Total time for which application threads were stopped: 0.0828005 seconds, Stopping threads took: 0.0000279 seconds
[2020-01-13T13:37:46.044+0000][1][safepoint    ] Application time: 1.0085216 seconds
[2020-01-13T13:37:46.048+0000][1][safepoint    ] Entering safepoint region: Cleanup
[2020-01-13T13:37:46.048+0000][1][safepoint    ] Leaving safepoint region
[2020-01-13T13:37:46.048+0000][1][safepoint    ] Total time for which application threads were stopped: 0.0041108 seconds, Stopping threads took: 0.0040107 seconds
[2020-01-13T13:37:46.074+0000][1][safepoint    ] Application time: 0.0257739 seconds
[2020-01-13T13:37:46.074+0000][1][safepoint    ] Entering safepoint region: GenCollectForAllocation
[2020-01-13T13:37:46.074+0000][1][gc,start     ] GC(15) Pause Young (Allocation Failure)
[2020-01-13T13:37:46.074+0000][1][gc,task      ] GC(15) Using 1 workers of 1 for evacuation
[2020-01-13T13:37:46.137+0000][1][gc,age       ] GC(15) Desired survivor size 4358144 bytes, new threshold 1 (max threshold 6)
[2020-01-13T13:37:46.137+0000][1][gc,age       ] GC(15) Age table with threshold 1 (max threshold 6)
[2020-01-13T13:37:46.137+0000][1][gc,age       ] GC(15) - age   1:    8716200 bytes,    8716200 total
[2020-01-13T13:37:46.137+0000][1][gc,heap      ] GC(15) ParNew: 76672K->8512K(76672K)
[2020-01-13T13:37:46.137+0000][1][gc,heap      ] GC(15) CMS: 35181K->45673K(176960K)
[2020-01-13T13:37:46.137+0000][1][gc,metaspace ] GC(15) Metaspace: 29430K->29430K(1077248K)
[2020-01-13T13:37:46.137+0000][1][gc           ] GC(15) Pause Young (Allocation Failure) 109M->52M(247M) 62.763ms
[2020-01-13T13:37:46.137+0000][1][gc,cpu       ] GC(15) User=0.06s Sys=0.00s Real=0.06s
[2020-01-13T13:37:46.137+0000][1][safepoint    ] Leaving safepoint region
[2020-01-13T13:37:46.137+0000][1][safepoint    ] Total time for which application threads were stopped: 0.0629021 seconds, Stopping threads took: 0.0000246 seconds
[2020-01-13T13:37:46.790+0000][1][safepoint    ] Application time: 0.6532662 seconds
[2020-01-13T13:37:46.791+0000][1][safepoint    ] Entering safepoint region: GenCollectForAllocation
[2020-01-13T13:37:46.791+0000][1][gc,start     ] GC(16) Pause Young (Allocation Failure)
[2020-01-13T13:37:46.791+0000][1][gc,task      ] GC(16) Using 1 workers of 1 for evacuation
[2020-01-13T13:37:46.856+0000][1][gc,age       ] GC(16) Desired survivor size 4358144 bytes, new threshold 6 (max threshold 6)
[2020-01-13T13:37:46.856+0000][1][gc,age       ] GC(16) Age table with threshold 6 (max threshold 6)
[2020-01-13T13:37:46.856+0000][1][gc,age       ] GC(16) - age   1:    1242744 bytes,    1242744 total
[2020-01-13T13:37:46.856+0000][1][gc,heap      ] GC(16) ParNew: 76672K->8435K(76672K)
[2020-01-13T13:37:46.856+0000][1][gc,heap      ] GC(16) CMS: 45673K->54254K(176960K)
[2020-01-13T13:37:46.856+0000][1][gc,metaspace ] GC(16) Metaspace: 32836K->32836K(1079296K)
[2020-01-13T13:37:46.856+0000][1][gc           ] GC(16) Pause Young (Allocation Failure) 119M->61M(247M) 65.636ms
[2020-01-13T13:37:46.856+0000][1][gc,cpu       ] GC(16) User=0.06s Sys=0.00s Real=0.06s
[2020-01-13T13:37:46.856+0000][1][safepoint    ] Leaving safepoint region
[2020-01-13T13:37:46.856+0000][1][safepoint    ] Total time for which application threads were stopped: 0.0658474 seconds, Stopping threads took: 0.0000441 seconds
[2020-01-13T13:37:47.328+0000][1][safepoint    ] Application time: 0.4715682 seconds
[2020-01-13T13:37:47.328+0000][1][safepoint    ] Entering safepoint region: CollectForMetadataAllocation
[2020-01-13T13:37:47.328+0000][1][safepoint    ] Leaving safepoint region
[2020-01-13T13:37:47.328+0000][1][safepoint    ] Total time for which application threads were stopped: 0.0003347 seconds, Stopping threads took: 0.0000249 seconds
[2020-01-13T13:37:47.405+0000][1][safepoint    ] Application time: 0.0765467 seconds
[2020-01-13T13:37:47.405+0000][1][safepoint    ] Entering safepoint region: CollectForMetadataAllocation
[2020-01-13T13:37:47.405+0000][1][safepoint    ] Leaving safepoint region
[2020-01-13T13:37:47.405+0000][1][safepoint    ] Total time for which application threads were stopped: 0.0001939 seconds, Stopping threads took: 0.0000247 seconds
[2020-01-13T13:37:47.438+0000][1][safepoint    ] Application time: 0.0329427 seconds
[2020-01-13T13:37:47.439+0000][1][safepoint    ] Entering safepoint region: CollectForMetadataAllocation
[2020-01-13T13:37:47.440+0000][1][safepoint    ] Leaving safepoint region
[2020-01-13T13:37:47.440+0000][1][safepoint    ] Total time for which application threads were stopped: 0.0014145 seconds, Stopping threads took: 0.0012158 seconds
[2020-01-13T13:37:47.474+0000][1][safepoint    ] Application time: 0.0347740 seconds
[2020-01-13T13:37:47.474+0000][1][safepoint    ] Entering safepoint region: CollectForMetadataAllocation
[2020-01-13T13:37:47.475+0000][1][safepoint    ] Leaving safepoint region
[2020-01-13T13:37:47.475+0000][1][safepoint    ] Total time for which application threads were stopped: 0.0002203 seconds, Stopping threads took: 0.0000243 seconds
[2020-01-13T13:37:47.515+0000][1][safepoint    ] Application time: 0.0408875 seconds
[2020-01-13T13:37:47.516+0000][1][safepoint    ] Entering safepoint region: CollectForMetadataAllocation
[2020-01-13T13:37:47.516+0000][1][safepoint    ] Leaving safepoint region
[2020-01-13T13:37:47.516+0000][1][safepoint    ] Total time for which application threads were stopped: 0.0002227 seconds, Stopping threads took: 0.0000247 seconds
[2020-01-13T13:37:47.557+0000][1][safepoint    ] Application time: 0.0411588 seconds
[2020-01-13T13:37:47.557+0000][1][safepoint    ] Entering safepoint region: CollectForMetadataAllocation
[2020-01-13T13:37:47.557+0000][1][safepoint    ] Leaving safepoint region
[2020-01-13T13:37:47.557+0000][1][safepoint    ] Total time for which application threads were stopped: 0.0002481 seconds, Stopping threads took: 0.0000283 seconds
[2020-01-13T13:37:47.587+0000][1][safepoint    ] Application time: 0.0299117 seconds
[2020-01-13T13:37:47.594+0000][1][safepoint    ] Entering safepoint region: CollectForMetadataAllocation
[2020-01-13T13:37:47.595+0000][1][safepoint    ] Leaving safepoint region
[2020-01-13T13:37:47.595+0000][1][safepoint    ] Total time for which application threads were stopped: 0.0073936 seconds, Stopping threads took: 0.0071711 seconds
[2020-01-13T13:37:47.631+0000][1][safepoint    ] Application time: 0.0367224 seconds
[2020-01-13T13:37:47.634+0000][1][safepoint    ] Entering safepoint region: CollectForMetadataAllocation
[2020-01-13T13:37:47.634+0000][1][safepoint    ] Leaving safepoint region
[2020-01-13T13:37:47.634+0000][1][safepoint    ] Total time for which application threads were stopped: 0.0024112 seconds, Stopping threads took: 0.0022046 seconds
[2020-01-13T13:37:47.675+0000][1][safepoint    ] Application time: 0.0415349 seconds
[2020-01-13T13:37:47.679+0000][1][safepoint    ] Entering safepoint region: CollectForMetadataAllocation
[2020-01-13T13:37:47.679+0000][1][safepoint    ] Leaving safepoint region
[2020-01-13T13:37:47.679+0000][1][safepoint    ] Total time for which application threads were stopped: 0.0041226 seconds, Stopping threads took: 0.0039707 seconds
[2020-01-13T13:37:47.742+0000][1][safepoint    ] Application time: 0.0623533 seconds
[2020-01-13T13:37:47.742+0000][1][safepoint    ] Entering safepoint region: CollectForMetadataAllocation
[2020-01-13T13:37:47.742+0000][1][safepoint    ] Leaving safepoint region
[2020-01-13T13:37:47.742+0000][1][safepoint    ] Total time for which application threads were stopped: 0.0002235 seconds, Stopping threads took: 0.0000206 seconds
[2020-01-13T13:37:47.745+0000][1][safepoint    ] Application time: 0.0033096 seconds
[2020-01-13T13:37:47.749+0000][1][safepoint    ] Entering safepoint region: RevokeBias
[2020-01-13T13:37:47.749+0000][1][safepoint    ] Leaving safepoint region
[2020-01-13T13:37:47.749+0000][1][safepoint    ] Total time for which application threads were stopped: 0.0040155 seconds, Stopping threads took: 0.0038840 seconds
[2020-01-13T13:37:47.778+0000][1][safepoint    ] Application time: 0.0287023 seconds
[2020-01-13T13:37:47.781+0000][1][safepoint    ] Entering safepoint region: CollectForMetadataAllocation
[2020-01-13T13:37:47.782+0000][1][safepoint    ] Leaving safepoint region
[2020-01-13T13:37:47.782+0000][1][safepoint    ] Total time for which application threads were stopped: 0.0033320 seconds, Stopping threads took: 0.0031134 seconds
[2020-01-13T13:37:47.788+0000][1][safepoint    ] Application time: 0.0060727 seconds
[2020-01-13T13:37:47.788+0000][1][safepoint    ] Entering safepoint region: RevokeBias
[2020-01-13T13:37:47.788+0000][1][safepoint    ] Leaving safepoint region
[2020-01-13T13:37:47.788+0000][1][safepoint    ] Total time for which application threads were stopped: 0.0001245 seconds, Stopping threads took: 0.0000216 seconds
[2020-01-13T13:37:47.816+0000][1][safepoint    ] Application time: 0.0281583 seconds
[2020-01-13T13:37:47.816+0000][1][safepoint    ] Entering safepoint region: CollectForMetadataAllocation
[2020-01-13T13:37:47.816+0000][1][safepoint    ] Leaving safepoint region
[2020-01-13T13:37:47.816+0000][1][safepoint    ] Total time for which application threads were stopped: 0.0002517 seconds, Stopping threads took: 0.0000259 seconds
[2020-01-13T13:37:47.859+0000][1][safepoint    ] Application time: 0.0426356 seconds
[2020-01-13T13:37:47.859+0000][1][safepoint    ] Entering safepoint region: CollectForMetadataAllocation
[2020-01-13T13:37:47.859+0000][1][safepoint    ] Leaving safepoint region
[2020-01-13T13:37:47.859+0000][1][safepoint    ] Total time for which application threads were stopped: 0.0002329 seconds, Stopping threads took: 0.0000216 seconds
[2020-01-13T13:37:47.911+0000][1][safepoint    ] Application time: 0.0513900 seconds
[2020-01-13T13:37:47.911+0000][1][safepoint    ] Entering safepoint region: CollectForMetadataAllocation
[2020-01-13T13:37:47.911+0000][1][safepoint    ] Leaving safepoint region
[2020-01-13T13:37:47.911+0000][1][safepoint    ] Total time for which application threads were stopped: 0.0001560 seconds, Stopping threads took: 0.0000239 seconds
[2020-01-13T13:37:47.965+0000][1][safepoint    ] Application time: 0.0539227 seconds
[2020-01-13T13:37:47.968+0000][1][safepoint    ] Entering safepoint region: CollectForMetadataAllocation
[2020-01-13T13:37:47.969+0000][1][safepoint    ] Leaving safepoint region
[2020-01-13T13:37:47.969+0000][1][safepoint    ] Total time for which application threads were stopped: 0.0038387 seconds, Stopping threads took: 0.0036309 seconds
[2020-01-13T13:37:48.020+0000][1][safepoint    ] Application time: 0.0515234 seconds
[2020-01-13T13:37:48.020+0000][1][safepoint    ] Entering safepoint region: CollectForMetadataAllocation
[2020-01-13T13:37:48.020+0000][1][safepoint    ] Leaving safepoint region
[2020-01-13T13:37:48.020+0000][1][safepoint    ] Total time for which application threads were stopped: 0.0002332 seconds, Stopping threads took: 0.0000245 seconds
[2020-01-13T13:37:48.065+0000][1][safepoint    ] Application time: 0.0442739 seconds
[2020-01-13T13:37:48.065+0000][1][safepoint    ] Entering safepoint region: CollectForMetadataAllocation
[2020-01-13T13:37:48.065+0000][1][safepoint    ] Leaving safepoint region
[2020-01-13T13:37:48.065+0000][1][safepoint    ] Total time for which application threads were stopped: 0.0002158 seconds, Stopping threads took: 0.0000294 seconds
[2020-01-13T13:37:48.096+0000][1][safepoint    ] Application time: 0.0313570 seconds
[2020-01-13T13:37:48.096+0000][1][safepoint    ] Entering safepoint region: CollectForMetadataAllocation
[2020-01-13T13:37:48.096+0000][1][safepoint    ] Leaving safepoint region
[2020-01-13T13:37:48.097+0000][1][safepoint    ] Total time for which application threads were stopped: 0.0002225 seconds, Stopping threads took: 0.0000312 seconds
[2020-01-13T13:37:48.142+0000][1][safepoint    ] Application time: 0.0458738 seconds
[2020-01-13T13:37:48.146+0000][1][safepoint    ] Entering safepoint region: CollectForMetadataAllocation
[2020-01-13T13:37:48.146+0000][1][safepoint    ] Leaving safepoint region
[2020-01-13T13:37:48.146+0000][1][safepoint    ] Total time for which application threads were stopped: 0.0040724 seconds, Stopping threads took: 0.0038727 seconds
[2020-01-13T13:37:48.162+0000][1][safepoint    ] Application time: 0.0159386 seconds
[2020-01-13T13:37:48.163+0000][1][safepoint    ] Entering safepoint region: GenCollectForAllocation
[2020-01-13T13:37:48.163+0000][1][gc,start     ] GC(17) Pause Young (Allocation Failure)
[2020-01-13T13:37:48.163+0000][1][gc,task      ] GC(17) Using 1 workers of 1 for evacuation
[2020-01-13T13:37:48.180+0000][1][gc,age       ] GC(17) Desired survivor size 4358144 bytes, new threshold 6 (max threshold 6)
[2020-01-13T13:37:48.180+0000][1][gc,age       ] GC(17) Age table with threshold 6 (max threshold 6)
[2020-01-13T13:37:48.180+0000][1][gc,age       ] GC(17) - age   1:    2811984 bytes,    2811984 total
[2020-01-13T13:37:48.180+0000][1][gc,age       ] GC(17) - age   2:    1182112 bytes,    3994096 total
[2020-01-13T13:37:48.180+0000][1][gc,heap      ] GC(17) ParNew: 76595K->4672K(76672K)
[2020-01-13T13:37:48.180+0000][1][gc,heap      ] GC(17) CMS: 54254K->54254K(176960K)
[2020-01-13T13:37:48.180+0000][1][gc,metaspace ] GC(17) Metaspace: 39363K->39363K(1085440K)
[2020-01-13T13:37:48.180+0000][1][gc           ] GC(17) Pause Young (Allocation Failure) 127M->57M(247M) 17.561ms
[2020-01-13T13:37:48.180+0000][1][gc,cpu       ] GC(17) User=0.01s Sys=0.00s Real=0.02s
[2020-01-13T13:37:48.180+0000][1][safepoint    ] Leaving safepoint region
[2020-01-13T13:37:48.180+0000][1][safepoint    ] Total time for which application threads were stopped: 0.0177039 seconds, Stopping threads took: 0.0000233 seconds
[2020-01-13T13:37:48.187+0000][1][safepoint    ] Application time: 0.0070760 seconds
[2020-01-13T13:37:48.189+0000][1][safepoint    ] Entering safepoint region: CMS_Initial_Mark
[2020-01-13T13:37:48.189+0000][1][gc,start     ] GC(18) Pause Initial Mark
[2020-01-13T13:37:48.193+0000][1][gc           ] GC(18) Pause Initial Mark 58M->58M(247M) 4.516ms
[2020-01-13T13:37:48.193+0000][1][gc,cpu       ] GC(18) User=0.01s Sys=0.00s Real=0.00s
[2020-01-13T13:37:48.193+0000][1][safepoint    ] Leaving safepoint region
[2020-01-13T13:37:48.193+0000][1][safepoint    ] Total time for which application threads were stopped: 0.0058841 seconds, Stopping threads took: 0.0012661 seconds
[2020-01-13T13:37:48.201+0000][1][gc           ] GC(18) Concurrent Mark
[2020-01-13T13:37:48.204+0000][1][safepoint    ] Application time: 0.0110779 seconds
[2020-01-13T13:37:48.204+0000][1][safepoint    ] Entering safepoint region: CollectForMetadataAllocation
[2020-01-13T13:37:48.205+0000][1][safepoint    ] Leaving safepoint region
[2020-01-13T13:37:48.205+0000][1][safepoint    ] Total time for which application threads were stopped: 0.0002011 seconds, Stopping threads took: 0.0000103 seconds
[2020-01-13T13:37:48.271+0000][1][safepoint    ] Application time: 0.0666474 seconds
[2020-01-13T13:37:48.271+0000][1][safepoint    ] Entering safepoint region: CollectForMetadataAllocation
[2020-01-13T13:37:48.271+0000][1][safepoint    ] Leaving safepoint region
[2020-01-13T13:37:48.271+0000][1][safepoint    ] Total time for which application threads were stopped: 0.0002277 seconds, Stopping threads took: 0.0000130 seconds
[2020-01-13T13:37:48.340+0000][1][safepoint    ] Application time: 0.0681804 seconds
[2020-01-13T13:37:48.340+0000][1][safepoint    ] Entering safepoint region: CollectForMetadataAllocation
[2020-01-13T13:37:48.340+0000][1][safepoint    ] Leaving safepoint region
[2020-01-13T13:37:48.340+0000][1][safepoint    ] Total time for which application threads were stopped: 0.0002031 seconds, Stopping threads took: 0.0000268 seconds
[2020-01-13T13:37:48.356+0000][1][gc           ] GC(18) Concurrent Mark 155.769ms
[2020-01-13T13:37:48.357+0000][1][gc,cpu       ] GC(18) User=0.15s Sys=0.01s Real=0.15s
[2020-01-13T13:37:48.357+0000][1][gc           ] GC(18) Concurrent Preclean
[2020-01-13T13:37:48.364+0000][1][gc           ] GC(18) Concurrent Preclean 7.133ms
[2020-01-13T13:37:48.364+0000][1][gc,cpu       ] GC(18) User=0.01s Sys=0.00s Real=0.01s
[2020-01-13T13:37:48.364+0000][1][gc           ] GC(18) Concurrent Abortable Preclean
[2020-01-13T13:37:48.426+0000][1][safepoint    ] Application time: 0.0860090 seconds
[2020-01-13T13:37:48.426+0000][1][safepoint    ] Entering safepoint region: CollectForMetadataAllocation
[2020-01-13T13:37:48.426+0000][1][safepoint    ] Leaving safepoint region
[2020-01-13T13:37:48.426+0000][1][safepoint    ] Total time for which application threads were stopped: 0.0002574 seconds, Stopping threads took: 0.0000318 seconds
[2020-01-13T13:37:48.499+0000][1][safepoint    ] Application time: 0.0729154 seconds
[2020-01-13T13:37:48.499+0000][1][safepoint    ] Entering safepoint region: CollectForMetadataAllocation
[2020-01-13T13:37:48.499+0000][1][safepoint    ] Leaving safepoint region
[2020-01-13T13:37:48.499+0000][1][safepoint    ] Total time for which application threads were stopped: 0.0002400 seconds, Stopping threads took: 0.0000223 seconds
[2020-01-13T13:37:48.606+0000][1][safepoint    ] Application time: 0.1067918 seconds
[2020-01-13T13:37:48.611+0000][1][safepoint    ] Entering safepoint region: CollectForMetadataAllocation
[2020-01-13T13:37:48.612+0000][1][safepoint    ] Leaving safepoint region
[2020-01-13T13:37:48.612+0000][1][safepoint    ] Total time for which application threads were stopped: 0.0052938 seconds, Stopping threads took: 0.0050855 seconds
[2020-01-13T13:37:48.677+0000][1][safepoint    ] Application time: 0.0657413 seconds
[2020-01-13T13:37:48.677+0000][1][safepoint    ] Entering safepoint region: CollectForMetadataAllocation
[2020-01-13T13:37:48.678+0000][1][safepoint    ] Leaving safepoint region
[2020-01-13T13:37:48.678+0000][1][safepoint    ] Total time for which application threads were stopped: 0.0002112 seconds, Stopping threads took: 0.0000134 seconds
[2020-01-13T13:37:48.730+0000][1][safepoint    ] Application time: 0.0521792 seconds
[2020-01-13T13:37:48.730+0000][1][safepoint    ] Entering safepoint region: RevokeBias
[2020-01-13T13:37:48.731+0000][1][safepoint    ] Leaving safepoint region
[2020-01-13T13:37:48.731+0000][1][safepoint    ] Total time for which application threads were stopped: 0.0008163 seconds, Stopping threads took: 0.0007290 seconds
[2020-01-13T13:37:48.731+0000][1][safepoint    ] Application time: 0.0000446 seconds
[2020-01-13T13:37:48.731+0000][1][safepoint    ] Entering safepoint region: RevokeBias
[2020-01-13T13:37:48.731+0000][1][safepoint    ] Leaving safepoint region
[2020-01-13T13:37:48.731+0000][1][safepoint    ] Total time for which application threads were stopped: 0.0000420 seconds, Stopping threads took: 0.0000145 seconds
[2020-01-13T13:37:48.731+0000][1][safepoint    ] Application time: 0.0000211 seconds
[2020-01-13T13:37:48.731+0000][1][safepoint    ] Entering safepoint region: RevokeBias
[2020-01-13T13:37:48.731+0000][1][safepoint    ] Leaving safepoint region
[2020-01-13T13:37:48.731+0000][1][safepoint    ] Total time for which application threads were stopped: 0.0000319 seconds, Stopping threads took: 0.0000122 seconds
[2020-01-13T13:37:48.738+0000][1][safepoint    ] Application time: 0.0076169 seconds
[2020-01-13T13:37:48.738+0000][1][safepoint    ] Entering safepoint region: CollectForMetadataAllocation
[2020-01-13T13:37:48.739+0000][1][safepoint    ] Leaving safepoint region
[2020-01-13T13:37:48.739+0000][1][safepoint    ] Total time for which application threads were stopped: 0.0001927 seconds, Stopping threads took: 0.0000111 seconds
[2020-01-13T13:37:48.793+0000][1][safepoint    ] Application time: 0.0543445 seconds
[2020-01-13T13:37:48.798+0000][1][safepoint    ] Entering safepoint region: CollectForMetadataAllocation
[2020-01-13T13:37:48.799+0000][1][safepoint    ] Leaving safepoint region
[2020-01-13T13:37:48.799+0000][1][safepoint    ] Total time for which application threads were stopped: 0.0047806 seconds, Stopping threads took: 0.0045680 seconds
[2020-01-13T13:37:49.801+0000][1][safepoint    ] Application time: 1.0028138 seconds
[2020-01-13T13:37:49.807+0000][1][safepoint    ] Entering safepoint region: Cleanup
[2020-01-13T13:37:49.807+0000][1][safepoint    ] Leaving safepoint region
[2020-01-13T13:37:49.807+0000][1][safepoint    ] Total time for which application threads were stopped: 0.0057530 seconds, Stopping threads took: 0.0056802 seconds
[2020-01-13T13:37:50.807+0000][1][safepoint    ] Application time: 1.0000842 seconds
[2020-01-13T13:37:50.813+0000][1][safepoint    ] Entering safepoint region: Cleanup
[2020-01-13T13:37:50.813+0000][1][safepoint    ] Leaving safepoint region
[2020-01-13T13:37:50.813+0000][1][safepoint    ] Total time for which application threads were stopped: 0.0057759 seconds, Stopping threads took: 0.0056995 seconds
[2020-01-13T13:37:51.003+0000][1][safepoint    ] Application time: 0.1901827 seconds
[2020-01-13T13:37:51.003+0000][1][safepoint    ] Entering safepoint region: CollectForMetadataAllocation
[2020-01-13T13:37:51.004+0000][1][safepoint    ] Leaving safepoint region
[2020-01-13T13:37:51.004+0000][1][safepoint    ] Total time for which application threads were stopped: 0.0002450 seconds, Stopping threads took: 0.0000299 seconds
[2020-01-13T13:37:51.089+0000][1][safepoint    ] Application time: 0.0857004 seconds
[2020-01-13T13:37:51.089+0000][1][safepoint    ] Entering safepoint region: CollectForMetadataAllocation
[2020-01-13T13:37:51.090+0000][1][safepoint    ] Leaving safepoint region
[2020-01-13T13:37:51.090+0000][1][safepoint    ] Total time for which application threads were stopped: 0.0002436 seconds, Stopping threads took: 0.0000155 seconds
[2020-01-13T13:37:51.205+0000][1][safepoint    ] Application time: 0.1157065 seconds
[2020-01-13T13:37:51.208+0000][1][safepoint    ] Entering safepoint region: CollectForMetadataAllocation
[2020-01-13T13:37:51.208+0000][1][safepoint    ] Leaving safepoint region
[2020-01-13T13:37:51.208+0000][1][safepoint    ] Total time for which application threads were stopped: 0.0024258 seconds, Stopping threads took: 0.0021992 seconds
[2020-01-13T13:37:51.521+0000][1][gc           ] GC(18) Concurrent Abortable Preclean 3157.552ms
[2020-01-13T13:37:51.521+0000][1][gc,cpu       ] GC(18) User=3.10s Sys=0.03s Real=3.16s
[2020-01-13T13:37:51.521+0000][1][safepoint    ] Application time: 0.3136025 seconds
[2020-01-13T13:37:51.522+0000][1][safepoint    ] Entering safepoint region: CMS_Final_Remark
[2020-01-13T13:37:51.522+0000][1][gc,start     ] GC(18) Pause Remark
[2020-01-13T13:37:51.573+0000][1][gc           ] GC(18) Pause Remark 107M->107M(247M) 50.931ms
[2020-01-13T13:37:51.573+0000][1][gc,cpu       ] GC(18) User=0.05s Sys=0.00s Real=0.05s
[2020-01-13T13:37:51.573+0000][1][safepoint    ] Leaving safepoint region
[2020-01-13T13:37:51.573+0000][1][safepoint    ] Total time for which application threads were stopped: 0.0520617 seconds, Stopping threads took: 0.0009360 seconds
[2020-01-13T13:37:51.586+0000][1][gc           ] GC(18) Concurrent Sweep
[2020-01-13T13:37:51.632+0000][1][safepoint    ] Application time: 0.0585923 seconds
[2020-01-13T13:37:51.632+0000][1][safepoint    ] Entering safepoint region: CollectForMetadataAllocation
[2020-01-13T13:37:51.633+0000][1][safepoint    ] Leaving safepoint region
[2020-01-13T13:37:51.633+0000][1][safepoint    ] Total time for which application threads were stopped: 0.0011088 seconds, Stopping threads took: 0.0000112 seconds
[2020-01-13T13:37:51.651+0000][1][gc           ] GC(18) Concurrent Sweep 64.212ms
[2020-01-13T13:37:51.651+0000][1][gc,cpu       ] GC(18) User=0.06s Sys=0.00s Real=0.07s
[2020-01-13T13:37:51.651+0000][1][gc           ] GC(18) Concurrent Reset
[2020-01-13T13:37:51.651+0000][1][gc           ] GC(18) Concurrent Reset 0.450ms
[2020-01-13T13:37:51.651+0000][1][gc,cpu       ] GC(18) User=0.00s Sys=0.00s Real=0.00s
[2020-01-13T13:37:51.651+0000][1][gc,heap      ] GC(18) Old: 54254K->54042K(176960K)
[2020-01-13T13:37:51.942+0000][1][safepoint    ] Application time: 0.3083574 seconds
[2020-01-13T13:37:51.942+0000][1][safepoint    ] Entering safepoint region: GenCollectForAllocation
[2020-01-13T13:37:51.942+0000][1][gc,start     ] GC(19) Pause Young (Allocation Failure)
[2020-01-13T13:37:51.942+0000][1][gc,task      ] GC(19) Using 1 workers of 1 for evacuation
[2020-01-13T13:37:51.979+0000][1][gc,age       ] GC(19) Desired survivor size 4358144 bytes, new threshold 2 (max threshold 6)
[2020-01-13T13:37:51.979+0000][1][gc,age       ] GC(19) Age table with threshold 2 (max threshold 6)
[2020-01-13T13:37:51.979+0000][1][gc,age       ] GC(19) - age   1:    2621392 bytes,    2621392 total
[2020-01-13T13:37:51.979+0000][1][gc,age       ] GC(19) - age   2:    2740544 bytes,    5361936 total
[2020-01-13T13:37:51.979+0000][1][gc,age       ] GC(19) - age   3:    1180288 bytes,    6542224 total
[2020-01-13T13:37:51.979+0000][1][gc,heap      ] GC(19) ParNew: 72832K->7018K(76672K)
[2020-01-13T13:37:51.979+0000][1][gc,heap      ] GC(19) CMS: 54042K->54042K(176960K)
[2020-01-13T13:37:51.979+0000][1][gc,metaspace ] GC(19) Metaspace: 44647K->44647K(1089536K)
[2020-01-13T13:37:51.979+0000][1][gc           ] GC(19) Pause Young (Allocation Failure) 123M->59M(247M) 37.564ms
[2020-01-13T13:37:51.979+0000][1][gc,cpu       ] GC(19) User=0.04s Sys=0.00s Real=0.04s
[2020-01-13T13:37:51.979+0000][1][safepoint    ] Leaving safepoint region
[2020-01-13T13:37:51.979+0000][1][safepoint    ] Total time for which application threads were stopped: 0.0377366 seconds, Stopping threads took: 0.0000215 seconds
[2020-01-13T13:37:52.013+0000][1][safepoint    ] Application time: 0.0334754 seconds
[2020-01-13T13:37:52.013+0000][1][safepoint    ] Entering safepoint region: RevokeBias
[2020-01-13T13:37:52.013+0000][1][safepoint    ] Leaving safepoint region
[2020-01-13T13:37:52.013+0000][1][safepoint    ] Total time for which application threads were stopped: 0.0001089 seconds, Stopping threads took: 0.0000236 seconds
[2020-01-13T13:37:52.023+0000][1][safepoint    ] Application time: 0.0098310 seconds
[2020-01-13T13:37:52.023+0000][1][safepoint    ] Entering safepoint region: RevokeBias
[2020-01-13T13:37:52.023+0000][1][safepoint    ] Leaving safepoint region
[2020-01-13T13:37:52.023+0000][1][safepoint    ] Total time for which application threads were stopped: 0.0001048 seconds, Stopping threads took: 0.0000218 seconds
[2020-01-13T13:37:52.353+0000][1][safepoint    ] Application time: 0.3305038 seconds
[2020-01-13T13:37:52.353+0000][1][safepoint    ] Entering safepoint region: RevokeBias
[2020-01-13T13:37:52.354+0000][1][safepoint    ] Leaving safepoint region
[2020-01-13T13:37:52.354+0000][1][safepoint    ] Total time for which application threads were stopped: 0.0006048 seconds, Stopping threads took: 0.0000225 seconds
[2020-01-13T13:37:52.354+0000][1][safepoint    ] Application time: 0.0000489 seconds
[2020-01-13T13:37:52.354+0000][1][safepoint    ] Entering safepoint region: RevokeBias
[2020-01-13T13:37:52.354+0000][1][safepoint    ] Leaving safepoint region
[2020-01-13T13:37:52.354+0000][1][safepoint    ] Total time for which application threads were stopped: 0.0000577 seconds, Stopping threads took: 0.0000149 seconds
[2020-01-13T13:37:52.354+0000][1][safepoint    ] Application time: 0.0001798 seconds
[2020-01-13T13:37:52.354+0000][1][safepoint    ] Entering safepoint region: RevokeBias
[2020-01-13T13:37:52.354+0000][1][safepoint    ] Leaving safepoint region
[2020-01-13T13:37:52.354+0000][1][safepoint    ] Total time for which application threads were stopped: 0.0000577 seconds, Stopping threads took: 0.0000141 seconds
[2020-01-13T13:37:52.354+0000][1][safepoint    ] Application time: 0.0000280 seconds
[2020-01-13T13:37:52.355+0000][1][safepoint    ] Entering safepoint region: RevokeBias
[2020-01-13T13:37:52.355+0000][1][safepoint    ] Leaving safepoint region
[2020-01-13T13:37:52.355+0000][1][safepoint    ] Total time for which application threads were stopped: 0.0000392 seconds, Stopping threads took: 0.0000124 seconds
[2020-01-13T13:37:52.479+0000][1][safepoint    ] Application time: 0.1248896 seconds
[2020-01-13T13:37:52.486+0000][1][safepoint    ] Entering safepoint region: RevokeBias
[2020-01-13T13:37:52.486+0000][1][safepoint    ] Leaving safepoint region
[2020-01-13T13:37:52.486+0000][1][safepoint    ] Total time for which application threads were stopped: 0.0070144 seconds, Stopping threads took: 0.0068960 seconds
[2020-01-13T13:37:52.487+0000][1][safepoint    ] Application time: 0.0000889 seconds
[2020-01-13T13:37:52.487+0000][1][safepoint    ] Entering safepoint region: RevokeBias
[2020-01-13T13:37:52.487+0000][1][safepoint    ] Leaving safepoint region
[2020-01-13T13:37:52.487+0000][1][safepoint    ] Total time for which application threads were stopped: 0.0000418 seconds, Stopping threads took: 0.0000063 seconds
[2020-01-13T13:37:52.487+0000][1][safepoint    ] Application time: 0.0000240 seconds
[2020-01-13T13:37:52.487+0000][1][safepoint    ] Entering safepoint region: RevokeBias
[2020-01-13T13:37:52.487+0000][1][safepoint    ] Leaving safepoint region
[2020-01-13T13:37:52.487+0000][1][safepoint    ] Total time for which application threads were stopped: 0.0000301 seconds, Stopping threads took: 0.0000052 seconds
[2020-01-13T13:37:52.487+0000][1][safepoint    ] Application time: 0.0000829 seconds
[2020-01-13T13:37:52.487+0000][1][safepoint    ] Entering safepoint region: RevokeBias
[2020-01-13T13:37:52.487+0000][1][safepoint    ] Leaving safepoint region
[2020-01-13T13:37:52.487+0000][1][safepoint    ] Total time for which application threads were stopped: 0.0000388 seconds, Stopping threads took: 0.0000052 seconds
[2020-01-13T13:37:52.487+0000][1][safepoint    ] Application time: 0.0006311 seconds
[2020-01-13T13:37:52.487+0000][1][safepoint    ] Entering safepoint region: RevokeBias
[2020-01-13T13:37:52.488+0000][1][safepoint    ] Leaving safepoint region
[2020-01-13T13:37:52.488+0000][1][safepoint    ] Total time for which application threads were stopped: 0.0000840 seconds, Stopping threads took: 0.0000178 seconds
[2020-01-13T13:37:52.488+0000][1][safepoint    ] Application time: 0.0000605 seconds
[2020-01-13T13:37:52.488+0000][1][safepoint    ] Entering safepoint region: RevokeBias
[2020-01-13T13:37:52.488+0000][1][safepoint    ] Leaving safepoint region
[2020-01-13T13:37:52.488+0000][1][safepoint    ] Total time for which application threads were stopped: 0.0000326 seconds, Stopping threads took: 0.0000047 seconds
[2020-01-13T13:37:52.488+0000][1][safepoint    ] Application time: 0.0000161 seconds
[2020-01-13T13:37:52.488+0000][1][safepoint    ] Entering safepoint region: RevokeBias
[2020-01-13T13:37:52.488+0000][1][safepoint    ] Leaving safepoint region
[2020-01-13T13:37:52.488+0000][1][safepoint    ] Total time for which application threads were stopped: 0.0000357 seconds, Stopping threads took: 0.0000140 seconds
[2020-01-13T13:37:52.488+0000][1][safepoint    ] Application time: 0.0001448 seconds
[2020-01-13T13:37:52.488+0000][1][safepoint    ] Entering safepoint region: RevokeBias
[2020-01-13T13:37:52.488+0000][1][safepoint    ] Leaving safepoint region
[2020-01-13T13:37:52.488+0000][1][safepoint    ] Total time for which application threads were stopped: 0.0000561 seconds, Stopping threads took: 0.0000164 seconds
[2020-01-13T13:37:52.488+0000][1][safepoint    ] Application time: 0.0000215 seconds
[2020-01-13T13:37:52.488+0000][1][safepoint    ] Entering safepoint region: RevokeBias
[2020-01-13T13:37:52.488+0000][1][safepoint    ] Leaving safepoint region
[2020-01-13T13:37:52.488+0000][1][safepoint    ] Total time for which application threads were stopped: 0.0000420 seconds, Stopping threads took: 0.0000151 seconds
[2020-01-13T13:37:52.488+0000][1][safepoint    ] Application time: 0.0000194 seconds
[2020-01-13T13:37:52.488+0000][1][safepoint    ] Entering safepoint region: RevokeBias
[2020-01-13T13:37:52.488+0000][1][safepoint    ] Leaving safepoint region
[2020-01-13T13:37:52.488+0000][1][safepoint    ] Total time for which application threads were stopped: 0.0000293 seconds, Stopping threads took: 0.0000050 seconds
[2020-01-13T13:37:52.488+0000][1][safepoint    ] Application time: 0.0000181 seconds
[2020-01-13T13:37:52.488+0000][1][safepoint    ] Entering safepoint region: RevokeBias
[2020-01-13T13:37:52.488+0000][1][safepoint    ] Leaving safepoint region
[2020-01-13T13:37:52.488+0000][1][safepoint    ] Total time for which application threads were stopped: 0.0000291 seconds, Stopping threads took: 0.0000050 seconds
[2020-01-13T13:37:52.488+0000][1][safepoint    ] Application time: 0.0000187 seconds
[2020-01-13T13:37:52.488+0000][1][safepoint    ] Entering safepoint region: RevokeBias
[2020-01-13T13:37:52.488+0000][1][safepoint    ] Leaving safepoint region
[2020-01-13T13:37:52.488+0000][1][safepoint    ] Total time for which application threads were stopped: 0.0000290 seconds, Stopping threads took: 0.0000051 seconds
[2020-01-13T13:37:52.488+0000][1][safepoint    ] Application time: 0.0000186 seconds
[2020-01-13T13:37:52.488+0000][1][safepoint    ] Entering safepoint region: RevokeBias
[2020-01-13T13:37:52.488+0000][1][safepoint    ] Leaving safepoint region
[2020-01-13T13:37:52.488+0000][1][safepoint    ] Total time for which application threads were stopped: 0.0000485 seconds, Stopping threads took: 0.0000051 seconds
[2020-01-13T13:37:52.488+0000][1][safepoint    ] Application time: 0.0000194 seconds
[2020-01-13T13:37:52.488+0000][1][safepoint    ] Entering safepoint region: RevokeBias
[2020-01-13T13:37:52.488+0000][1][safepoint    ] Leaving safepoint region
[2020-01-13T13:37:52.488+0000][1][safepoint    ] Total time for which application threads were stopped: 0.0000305 seconds, Stopping threads took: 0.0000051 seconds
[2020-01-13T13:37:52.488+0000][1][safepoint    ] Application time: 0.0000190 seconds
[2020-01-13T13:37:52.488+0000][1][safepoint    ] Entering safepoint region: RevokeBias
[2020-01-13T13:37:52.488+0000][1][safepoint    ] Leaving safepoint region
[2020-01-13T13:37:52.488+0000][1][safepoint    ] Total time for which application threads were stopped: 0.0000291 seconds, Stopping threads took: 0.0000051 seconds
[2020-01-13T13:37:52.488+0000][1][safepoint    ] Application time: 0.0000185 seconds
[2020-01-13T13:37:52.488+0000][1][safepoint    ] Entering safepoint region: RevokeBias
[2020-01-13T13:37:52.488+0000][1][safepoint    ] Leaving safepoint region
[2020-01-13T13:37:52.488+0000][1][safepoint    ] Total time for which application threads were stopped: 0.0000291 seconds, Stopping threads took: 0.0000050 seconds
[2020-01-13T13:37:52.488+0000][1][safepoint    ] Application time: 0.0000194 seconds
[2020-01-13T13:37:52.488+0000][1][safepoint    ] Entering safepoint region: RevokeBias
[2020-01-13T13:37:52.489+0000][1][safepoint    ] Leaving safepoint region
[2020-01-13T13:37:52.489+0000][1][safepoint    ] Total time for which application threads were stopped: 0.0000376 seconds, Stopping threads took: 0.0000127 seconds
[2020-01-13T13:37:52.489+0000][1][safepoint    ] Application time: 0.0000200 seconds
[2020-01-13T13:37:52.489+0000][1][safepoint    ] Entering safepoint region: RevokeBias
[2020-01-13T13:37:52.489+0000][1][safepoint    ] Leaving safepoint region
[2020-01-13T13:37:52.489+0000][1][safepoint    ] Total time for which application threads were stopped: 0.0000291 seconds, Stopping threads took: 0.0000050 seconds
[2020-01-13T13:37:52.489+0000][1][safepoint    ] Application time: 0.0000239 seconds
[2020-01-13T13:37:52.489+0000][1][safepoint    ] Entering safepoint region: RevokeBias
[2020-01-13T13:37:52.489+0000][1][safepoint    ] Leaving safepoint region
[2020-01-13T13:37:52.489+0000][1][safepoint    ] Total time for which application threads were stopped: 0.0000294 seconds, Stopping threads took: 0.0000052 seconds
[2020-01-13T13:37:52.489+0000][1][safepoint    ] Application time: 0.0000193 seconds
[2020-01-13T13:37:52.489+0000][1][safepoint    ] Entering safepoint region: RevokeBias
[2020-01-13T13:37:52.489+0000][1][safepoint    ] Leaving safepoint region
[2020-01-13T13:37:52.489+0000][1][safepoint    ] Total time for which application threads were stopped: 0.0000291 seconds, Stopping threads took: 0.0000050 seconds
[2020-01-13T13:37:52.489+0000][1][safepoint    ] Application time: 0.0000191 seconds
[2020-01-13T13:37:52.489+0000][1][safepoint    ] Entering safepoint region: RevokeBias
[2020-01-13T13:37:52.489+0000][1][safepoint    ] Leaving safepoint region
[2020-01-13T13:37:52.489+0000][1][safepoint    ] Total time for which application threads were stopped: 0.0000293 seconds, Stopping threads took: 0.0000050 seconds
[2020-01-13T13:37:52.489+0000][1][safepoint    ] Application time: 0.0000217 seconds
[2020-01-13T13:37:52.489+0000][1][safepoint    ] Entering safepoint region: RevokeBias
[2020-01-13T13:37:52.489+0000][1][safepoint    ] Leaving safepoint region
[2020-01-13T13:37:52.489+0000][1][safepoint    ] Total time for which application threads were stopped: 0.0000291 seconds, Stopping threads took: 0.0000051 seconds
[2020-01-13T13:37:52.489+0000][1][safepoint    ] Application time: 0.0000188 seconds
[2020-01-13T13:37:52.489+0000][1][safepoint    ] Entering safepoint region: RevokeBias
[2020-01-13T13:37:52.489+0000][1][safepoint    ] Leaving safepoint region
[2020-01-13T13:37:52.489+0000][1][safepoint    ] Total time for which application threads were stopped: 0.0000292 seconds, Stopping threads took: 0.0000050 seconds
[2020-01-13T13:37:52.489+0000][1][safepoint    ] Application time: 0.0000226 seconds
[2020-01-13T13:37:52.489+0000][1][safepoint    ] Entering safepoint region: RevokeBias
[2020-01-13T13:37:52.489+0000][1][safepoint    ] Leaving safepoint region
[2020-01-13T13:37:52.489+0000][1][safepoint    ] Total time for which application threads were stopped: 0.0000295 seconds, Stopping threads took: 0.0000051 seconds
[2020-01-13T13:37:52.489+0000][1][safepoint    ] Application time: 0.0000297 seconds
[2020-01-13T13:37:52.489+0000][1][safepoint    ] Entering safepoint region: RevokeBias
[2020-01-13T13:37:52.489+0000][1][safepoint    ] Leaving safepoint region
[2020-01-13T13:37:52.489+0000][1][safepoint    ] Total time for which application threads were stopped: 0.0000430 seconds, Stopping threads took: 0.0000053 seconds
[2020-01-13T13:37:52.489+0000][1][safepoint    ] Application time: 0.0000249 seconds
[2020-01-13T13:37:52.489+0000][1][safepoint    ] Entering safepoint region: RevokeBias
[2020-01-13T13:37:52.489+0000][1][safepoint    ] Leaving safepoint region
[2020-01-13T13:37:52.489+0000][1][safepoint    ] Total time for which application threads were stopped: 0.0000301 seconds, Stopping threads took: 0.0000050 seconds
[2020-01-13T13:37:52.489+0000][1][safepoint    ] Application time: 0.0000203 seconds
[2020-01-13T13:37:52.489+0000][1][safepoint    ] Entering safepoint region: BulkRevokeBias
[2020-01-13T13:37:52.489+0000][1][safepoint    ] Leaving safepoint region
[2020-01-13T13:37:52.489+0000][1][safepoint    ] Total time for which application threads were stopped: 0.0001359 seconds, Stopping threads took: 0.0000113 seconds
[2020-01-13T13:37:52.489+0000][1][safepoint    ] Application time: 0.0001630 seconds
[2020-01-13T13:37:52.489+0000][1][safepoint    ] Entering safepoint region: RevokeBias
[2020-01-13T13:37:52.490+0000][1][safepoint    ] Leaving safepoint region
[2020-01-13T13:37:52.490+0000][1][safepoint    ] Total time for which application threads were stopped: 0.0000717 seconds, Stopping threads took: 0.0000062 seconds
[2020-01-13T13:37:52.490+0000][1][safepoint    ] Application time: 0.0000514 seconds
[2020-01-13T13:37:52.490+0000][1][safepoint    ] Entering safepoint region: RevokeBias
[2020-01-13T13:37:52.490+0000][1][safepoint    ] Leaving safepoint region
[2020-01-13T13:37:52.490+0000][1][safepoint    ] Total time for which application threads were stopped: 0.0000337 seconds, Stopping threads took: 0.0000051 seconds
[2020-01-13T13:37:52.490+0000][1][safepoint    ] Application time: 0.0000610 seconds
[2020-01-13T13:37:52.490+0000][1][safepoint    ] Entering safepoint region: RevokeBias
[2020-01-13T13:37:52.490+0000][1][safepoint    ] Leaving safepoint region
[2020-01-13T13:37:52.490+0000][1][safepoint    ] Total time for which application threads were stopped: 0.0000321 seconds, Stopping threads took: 0.0000051 seconds
[2020-01-13T13:37:52.490+0000][1][safepoint    ] Application time: 0.0000280 seconds
[2020-01-13T13:37:52.490+0000][1][safepoint    ] Entering safepoint region: RevokeBias
[2020-01-13T13:37:52.490+0000][1][safepoint    ] Leaving safepoint region
[2020-01-13T13:37:52.490+0000][1][safepoint    ] Total time for which application threads were stopped: 0.0000293 seconds, Stopping threads took: 0.0000051 seconds
[2020-01-13T13:37:52.490+0000][1][safepoint    ] Application time: 0.0000543 seconds
[2020-01-13T13:37:52.490+0000][1][safepoint    ] Entering safepoint region: RevokeBias
[2020-01-13T13:37:52.490+0000][1][safepoint    ] Leaving safepoint region
[2020-01-13T13:37:52.490+0000][1][safepoint    ] Total time for which application threads were stopped: 0.0000333 seconds, Stopping threads took: 0.0000052 seconds
[2020-01-13T13:37:52.490+0000][1][safepoint    ] Application time: 0.0000299 seconds
[2020-01-13T13:37:52.490+0000][1][safepoint    ] Entering safepoint region: RevokeBias
[2020-01-13T13:37:52.490+0000][1][safepoint    ] Leaving safepoint region
[2020-01-13T13:37:52.490+0000][1][safepoint    ] Total time for which application threads were stopped: 0.0000489 seconds, Stopping threads took: 0.0000051 seconds
[2020-01-13T13:37:52.490+0000][1][safepoint    ] Application time: 0.0001201 seconds
[2020-01-13T13:37:52.490+0000][1][safepoint    ] Entering safepoint region: RevokeBias
[2020-01-13T13:37:52.490+0000][1][safepoint    ] Leaving safepoint region
[2020-01-13T13:37:52.490+0000][1][safepoint    ] Total time for which application threads were stopped: 0.0000320 seconds, Stopping threads took: 0.0000051 seconds
[2020-01-13T13:37:52.490+0000][1][safepoint    ] Application time: 0.0000266 seconds
[2020-01-13T13:37:52.490+0000][1][safepoint    ] Entering safepoint region: RevokeBias
[2020-01-13T13:37:52.490+0000][1][safepoint    ] Leaving safepoint region
[2020-01-13T13:37:52.492+0000][1][safepoint    ] Total time for which application threads were stopped: 0.0021717 seconds, Stopping threads took: 0.0000051 seconds
[2020-01-13T13:37:52.493+0000][1][safepoint    ] Application time: 0.0003521 seconds
[2020-01-13T13:37:52.493+0000][1][safepoint    ] Entering safepoint region: RevokeBias
[2020-01-13T13:37:52.493+0000][1][safepoint    ] Leaving safepoint region
[2020-01-13T13:37:52.493+0000][1][safepoint    ] Total time for which application threads were stopped: 0.0000773 seconds, Stopping threads took: 0.0000092 seconds
[2020-01-13T13:37:52.493+0000][1][safepoint    ] Application time: 0.0000487 seconds
[2020-01-13T13:37:52.493+0000][1][safepoint    ] Entering safepoint region: RevokeBias
[2020-01-13T13:37:52.493+0000][1][safepoint    ] Leaving safepoint region
[2020-01-13T13:37:52.493+0000][1][safepoint    ] Total time for which application threads were stopped: 0.0000440 seconds, Stopping threads took: 0.0000120 seconds
[2020-01-13T13:37:52.493+0000][1][safepoint    ] Application time: 0.0001376 seconds
[2020-01-13T13:37:52.493+0000][1][safepoint    ] Entering safepoint region: RevokeBias
[2020-01-13T13:37:52.493+0000][1][safepoint    ] Leaving safepoint region
[2020-01-13T13:37:52.493+0000][1][safepoint    ] Total time for which application threads were stopped: 0.0000410 seconds, Stopping threads took: 0.0000054 seconds
[2020-01-13T13:37:52.493+0000][1][safepoint    ] Application time: 0.0000345 seconds
[2020-01-13T13:37:52.493+0000][1][safepoint    ] Entering safepoint region: RevokeBias
[2020-01-13T13:37:52.493+0000][1][safepoint    ] Leaving safepoint region
[2020-01-13T13:37:52.493+0000][1][safepoint    ] Total time for which application threads were stopped: 0.0000306 seconds, Stopping threads took: 0.0000051 seconds
[2020-01-13T13:37:52.493+0000][1][safepoint    ] Application time: 0.0000194 seconds
[2020-01-13T13:37:52.493+0000][1][safepoint    ] Entering safepoint region: RevokeBias
[2020-01-13T13:37:52.493+0000][1][safepoint    ] Leaving safepoint region
[2020-01-13T13:37:52.493+0000][1][safepoint    ] Total time for which application threads were stopped: 0.0000432 seconds, Stopping threads took: 0.0000181 seconds
[2020-01-13T13:37:52.493+0000][1][safepoint    ] Application time: 0.0000192 seconds
[2020-01-13T13:37:52.493+0000][1][safepoint    ] Entering safepoint region: RevokeBias
[2020-01-13T13:37:52.493+0000][1][safepoint    ] Leaving safepoint region
[2020-01-13T13:37:52.493+0000][1][safepoint    ] Total time for which application threads were stopped: 0.0000290 seconds, Stopping threads took: 0.0000051 seconds
[2020-01-13T13:37:52.494+0000][1][safepoint    ] Application time: 0.0002560 seconds
[2020-01-13T13:37:52.494+0000][1][safepoint    ] Entering safepoint region: RevokeBias
[2020-01-13T13:37:52.494+0000][1][safepoint    ] Leaving safepoint region
[2020-01-13T13:37:52.494+0000][1][safepoint    ] Total time for which application threads were stopped: 0.0000345 seconds, Stopping threads took: 0.0000056 seconds
[2020-01-13T13:37:52.494+0000][1][safepoint    ] Application time: 0.0000929 seconds
[2020-01-13T13:37:52.494+0000][1][safepoint    ] Entering safepoint region: RevokeBias
[2020-01-13T13:37:52.494+0000][1][safepoint    ] Leaving safepoint region
[2020-01-13T13:37:52.494+0000][1][safepoint    ] Total time for which application threads were stopped: 0.0000344 seconds, Stopping threads took: 0.0000051 seconds
[2020-01-13T13:37:52.494+0000][1][safepoint    ] Application time: 0.0000242 seconds
[2020-01-13T13:37:52.494+0000][1][safepoint    ] Entering safepoint region: RevokeBias
[2020-01-13T13:37:52.494+0000][1][safepoint    ] Leaving safepoint region
[2020-01-13T13:37:52.494+0000][1][safepoint    ] Total time for which application threads were stopped: 0.0000320 seconds, Stopping threads took: 0.0000051 seconds
[2020-01-13T13:37:52.494+0000][1][safepoint    ] Application time: 0.0000188 seconds
[2020-01-13T13:37:52.494+0000][1][safepoint    ] Entering safepoint region: RevokeBias
[2020-01-13T13:37:52.494+0000][1][safepoint    ] Leaving safepoint region
[2020-01-13T13:37:52.494+0000][1][safepoint    ] Total time for which application threads were stopped: 0.0000292 seconds, Stopping threads took: 0.0000050 seconds
[2020-01-13T13:37:52.494+0000][1][safepoint    ] Application time: 0.0000188 seconds
[2020-01-13T13:37:52.494+0000][1][safepoint    ] Entering safepoint region: RevokeBias
[2020-01-13T13:37:52.494+0000][1][safepoint    ] Leaving safepoint region
[2020-01-13T13:37:52.494+0000][1][safepoint    ] Total time for which application threads were stopped: 0.0000291 seconds, Stopping threads took: 0.0000050 seconds
[2020-01-13T13:37:52.494+0000][1][safepoint    ] Application time: 0.0000301 seconds
[2020-01-13T13:37:52.494+0000][1][safepoint    ] Entering safepoint region: RevokeBias
[2020-01-13T13:37:52.494+0000][1][safepoint    ] Leaving safepoint region
[2020-01-13T13:37:52.494+0000][1][safepoint    ] Total time for which application threads were stopped: 0.0000370 seconds, Stopping threads took: 0.0000117 seconds
[2020-01-13T13:37:52.500+0000][1][safepoint    ] Application time: 0.0054984 seconds
[2020-01-13T13:37:52.500+0000][1][safepoint    ] Entering safepoint region: RevokeBias
[2020-01-13T13:37:52.500+0000][1][safepoint    ] Leaving safepoint region
[2020-01-13T13:37:52.500+0000][1][safepoint    ] Total time for which application threads were stopped: 0.0000850 seconds, Stopping threads took: 0.0000257 seconds
[2020-01-13T13:37:52.500+0000][1][safepoint    ] Application time: 0.0002398 seconds
[2020-01-13T13:37:52.500+0000][1][safepoint    ] Entering safepoint region: RevokeBias
[2020-01-13T13:37:52.500+0000][1][safepoint    ] Leaving safepoint region
[2020-01-13T13:37:52.500+0000][1][safepoint    ] Total time for which application threads were stopped: 0.0000486 seconds, Stopping threads took: 0.0000064 seconds
[2020-01-13T13:37:52.500+0000][1][safepoint    ] Application time: 0.0000328 seconds
[2020-01-13T13:37:52.500+0000][1][safepoint    ] Entering safepoint region: RevokeBias
[2020-01-13T13:37:52.500+0000][1][safepoint    ] Leaving safepoint region
[2020-01-13T13:37:52.500+0000][1][safepoint    ] Total time for which application threads were stopped: 0.0000534 seconds, Stopping threads took: 0.0000052 seconds
[2020-01-13T13:37:52.500+0000][1][safepoint    ] Application time: 0.0000296 seconds
[2020-01-13T13:37:52.500+0000][1][safepoint    ] Entering safepoint region: RevokeBias
[2020-01-13T13:37:52.500+0000][1][safepoint    ] Leaving safepoint region
[2020-01-13T13:37:52.500+0000][1][safepoint    ] Total time for which application threads were stopped: 0.0000960 seconds, Stopping threads took: 0.0000051 seconds
[2020-01-13T13:37:52.500+0000][1][safepoint    ] Application time: 0.0001394 seconds
[2020-01-13T13:37:52.500+0000][1][safepoint    ] Entering safepoint region: RevokeBias
[2020-01-13T13:37:52.500+0000][1][safepoint    ] Leaving safepoint region
[2020-01-13T13:37:52.500+0000][1][safepoint    ] Total time for which application threads were stopped: 0.0000331 seconds, Stopping threads took: 0.0000059 seconds
[2020-01-13T13:37:52.500+0000][1][safepoint    ] Application time: 0.0000206 seconds
[2020-01-13T13:37:52.500+0000][1][safepoint    ] Entering safepoint region: RevokeBias
[2020-01-13T13:37:52.500+0000][1][safepoint    ] Leaving safepoint region
[2020-01-13T13:37:52.500+0000][1][safepoint    ] Total time for which application threads were stopped: 0.0000248 seconds, Stopping threads took: 0.0000051 seconds
[2020-01-13T13:37:52.500+0000][1][safepoint    ] Application time: 0.0000194 seconds
[2020-01-13T13:37:52.500+0000][1][safepoint    ] Entering safepoint region: RevokeBias
[2020-01-13T13:37:52.500+0000][1][safepoint    ] Leaving safepoint region
[2020-01-13T13:37:52.500+0000][1][safepoint    ] Total time for which application threads were stopped: 0.0000232 seconds, Stopping threads took: 0.0000051 seconds
[2020-01-13T13:37:52.501+0000][1][safepoint    ] Application time: 0.0000195 seconds
[2020-01-13T13:37:52.501+0000][1][safepoint    ] Entering safepoint region: RevokeBias
[2020-01-13T13:37:52.501+0000][1][safepoint    ] Leaving safepoint region
[2020-01-13T13:37:52.501+0000][1][safepoint    ] Total time for which application threads were stopped: 0.0000230 seconds, Stopping threads took: 0.0000050 seconds
[2020-01-13T13:37:52.501+0000][1][safepoint    ] Application time: 0.0000192 seconds
[2020-01-13T13:37:52.501+0000][1][safepoint    ] Entering safepoint region: RevokeBias
[2020-01-13T13:37:52.501+0000][1][safepoint    ] Leaving safepoint region
[2020-01-13T13:37:52.501+0000][1][safepoint    ] Total time for which application threads were stopped: 0.0000232 seconds, Stopping threads took: 0.0000051 seconds
[2020-01-13T13:37:52.501+0000][1][safepoint    ] Application time: 0.0000206 seconds
[2020-01-13T13:37:52.501+0000][1][safepoint    ] Entering safepoint region: RevokeBias
[2020-01-13T13:37:52.501+0000][1][safepoint    ] Leaving safepoint region
[2020-01-13T13:37:52.501+0000][1][safepoint    ] Total time for which application threads were stopped: 0.0000323 seconds, Stopping threads took: 0.0000134 seconds
[2020-01-13T13:37:52.501+0000][1][safepoint    ] Application time: 0.0006176 seconds
[2020-01-13T13:37:52.501+0000][1][safepoint    ] Entering safepoint region: RevokeBias
[2020-01-13T13:37:52.501+0000][1][safepoint    ] Leaving safepoint region
[2020-01-13T13:37:52.501+0000][1][safepoint    ] Total time for which application threads were stopped: 0.0000364 seconds, Stopping threads took: 0.0000067 seconds
[2020-01-13T13:37:52.501+0000][1][safepoint    ] Application time: 0.0000207 seconds
[2020-01-13T13:37:52.501+0000][1][safepoint    ] Entering safepoint region: RevokeBias
[2020-01-13T13:37:52.501+0000][1][safepoint    ] Leaving safepoint region
[2020-01-13T13:37:52.501+0000][1][safepoint    ] Total time for which application threads were stopped: 0.0000248 seconds, Stopping threads took: 0.0000051 seconds
[2020-01-13T13:37:52.501+0000][1][safepoint    ] Application time: 0.0000248 seconds
[2020-01-13T13:37:52.501+0000][1][safepoint    ] Entering safepoint region: RevokeBias
[2020-01-13T13:37:52.501+0000][1][safepoint    ] Leaving safepoint region
[2020-01-13T13:37:52.501+0000][1][safepoint    ] Total time for which application threads were stopped: 0.0000235 seconds, Stopping threads took: 0.0000050 seconds
[2020-01-13T13:37:52.501+0000][1][safepoint    ] Application time: 0.0000194 seconds
[2020-01-13T13:37:52.501+0000][1][safepoint    ] Entering safepoint region: RevokeBias
[2020-01-13T13:37:52.501+0000][1][safepoint    ] Leaving safepoint region
[2020-01-13T13:37:52.502+0000][1][safepoint    ] Total time for which application threads were stopped: 0.0000231 seconds, Stopping threads took: 0.0000050 seconds
[2020-01-13T13:37:52.502+0000][1][safepoint    ] Application time: 0.0000192 seconds
[2020-01-13T13:37:52.502+0000][1][safepoint    ] Entering safepoint region: RevokeBias
[2020-01-13T13:37:52.502+0000][1][safepoint    ] Leaving safepoint region
[2020-01-13T13:37:52.502+0000][1][safepoint    ] Total time for which application threads were stopped: 0.0000232 seconds, Stopping threads took: 0.0000051 seconds
[2020-01-13T13:37:52.502+0000][1][safepoint    ] Application time: 0.0000188 seconds
[2020-01-13T13:37:52.502+0000][1][safepoint    ] Entering safepoint region: RevokeBias
[2020-01-13T13:37:52.502+0000][1][safepoint    ] Leaving safepoint region
[2020-01-13T13:37:52.502+0000][1][safepoint    ] Total time for which application threads were stopped: 0.0000231 seconds, Stopping threads took: 0.0000050 seconds
[2020-01-13T13:37:52.502+0000][1][safepoint    ] Application time: 0.0000188 seconds
[2020-01-13T13:37:52.502+0000][1][safepoint    ] Entering safepoint region: RevokeBias
[2020-01-13T13:37:52.502+0000][1][safepoint    ] Leaving safepoint region
[2020-01-13T13:37:52.502+0000][1][safepoint    ] Total time for which application threads were stopped: 0.0000230 seconds, Stopping threads took: 0.0000050 seconds
[2020-01-13T13:37:52.502+0000][1][safepoint    ] Application time: 0.0000197 seconds
[2020-01-13T13:37:52.502+0000][1][safepoint    ] Entering safepoint region: RevokeBias
[2020-01-13T13:37:52.502+0000][1][safepoint    ] Leaving safepoint region
[2020-01-13T13:37:52.502+0000][1][safepoint    ] Total time for which application threads were stopped: 0.0000231 seconds, Stopping threads took: 0.0000050 seconds
[2020-01-13T13:37:52.502+0000][1][safepoint    ] Application time: 0.0000205 seconds
[2020-01-13T13:37:52.502+0000][1][safepoint    ] Entering safepoint region: RevokeBias
[2020-01-13T13:37:52.502+0000][1][safepoint    ] Leaving safepoint region
[2020-01-13T13:37:52.502+0000][1][safepoint    ] Total time for which application threads were stopped: 0.0000228 seconds, Stopping threads took: 0.0000050 seconds
[2020-01-13T13:37:52.502+0000][1][safepoint    ] Application time: 0.0000212 seconds
[2020-01-13T13:37:52.502+0000][1][safepoint    ] Entering safepoint region: RevokeBias
[2020-01-13T13:37:52.502+0000][1][safepoint    ] Leaving safepoint region
[2020-01-13T13:37:52.502+0000][1][safepoint    ] Total time for which application threads were stopped: 0.0000301 seconds, Stopping threads took: 0.0000111 seconds
[2020-01-13T13:37:52.502+0000][1][safepoint    ] Application time: 0.0000200 seconds
[2020-01-13T13:37:52.502+0000][1][safepoint    ] Entering safepoint region: RevokeBias
[2020-01-13T13:37:52.502+0000][1][safepoint    ] Leaving safepoint region
[2020-01-13T13:37:52.502+0000][1][safepoint    ] Total time for which application threads were stopped: 0.0000229 seconds, Stopping threads took: 0.0000050 seconds
[2020-01-13T13:37:52.502+0000][1][safepoint    ] Application time: 0.0000203 seconds
[2020-01-13T13:37:52.502+0000][1][safepoint    ] Entering safepoint region: BulkRevokeBias
[2020-01-13T13:37:52.502+0000][1][safepoint    ] Leaving safepoint region
[2020-01-13T13:37:52.502+0000][1][safepoint    ] Total time for which application threads were stopped: 0.0001028 seconds, Stopping threads took: 0.0000051 seconds
[2020-01-13T13:37:52.508+0000][1][safepoint    ] Application time: 0.0063943 seconds
[2020-01-13T13:37:52.508+0000][1][safepoint    ] Entering safepoint region: RevokeBias
[2020-01-13T13:37:52.509+0000][1][safepoint    ] Leaving safepoint region
[2020-01-13T13:37:52.509+0000][1][safepoint    ] Total time for which application threads were stopped: 0.0000829 seconds, Stopping threads took: 0.0000287 seconds
[2020-01-13T13:37:52.509+0000][1][safepoint    ] Application time: 0.0001632 seconds
[2020-01-13T13:37:52.509+0000][1][safepoint    ] Entering safepoint region: RevokeBias
[2020-01-13T13:37:52.509+0000][1][safepoint    ] Leaving safepoint region
[2020-01-13T13:37:52.509+0000][1][safepoint    ] Total time for which application threads were stopped: 0.0000397 seconds, Stopping threads took: 0.0000064 seconds
[2020-01-13T13:37:52.509+0000][1][safepoint    ] Application time: 0.0003296 seconds
[2020-01-13T13:37:52.509+0000][1][safepoint    ] Entering safepoint region: RevokeBias
[2020-01-13T13:37:52.509+0000][1][safepoint    ] Leaving safepoint region
[2020-01-13T13:37:52.509+0000][1][safepoint    ] Total time for which application threads were stopped: 0.0000465 seconds, Stopping threads took: 0.0000068 seconds
[2020-01-13T13:37:52.510+0000][1][safepoint    ] Application time: 0.0003853 seconds
[2020-01-13T13:37:52.510+0000][1][safepoint    ] Entering safepoint region: RevokeBias
[2020-01-13T13:37:52.510+0000][1][safepoint    ] Leaving safepoint region
[2020-01-13T13:37:52.510+0000][1][safepoint    ] Total time for which application threads were stopped: 0.0000435 seconds, Stopping threads took: 0.0000072 seconds
[2020-01-13T13:37:52.510+0000][1][safepoint    ] Application time: 0.0000907 seconds
[2020-01-13T13:37:52.510+0000][1][safepoint    ] Entering safepoint region: RevokeBias
[2020-01-13T13:37:52.510+0000][1][safepoint    ] Leaving safepoint region
[2020-01-13T13:37:52.510+0000][1][safepoint    ] Total time for which application threads were stopped: 0.0000316 seconds, Stopping threads took: 0.0000056 seconds
[2020-01-13T13:37:52.510+0000][1][safepoint    ] Application time: 0.0001593 seconds
[2020-01-13T13:37:52.510+0000][1][safepoint    ] Entering safepoint region: RevokeBias
[2020-01-13T13:37:52.510+0000][1][safepoint    ] Leaving safepoint region
[2020-01-13T13:37:52.510+0000][1][safepoint    ] Total time for which application threads were stopped: 0.0000381 seconds, Stopping threads took: 0.0000062 seconds
[2020-01-13T13:37:52.511+0000][1][safepoint    ] Application time: 0.0012347 seconds
[2020-01-13T13:37:52.511+0000][1][safepoint    ] Entering safepoint region: RevokeBias
[2020-01-13T13:37:52.511+0000][1][safepoint    ] Leaving safepoint region
[2020-01-13T13:37:52.511+0000][1][safepoint    ] Total time for which application threads were stopped: 0.0000681 seconds, Stopping threads took: 0.0000078 seconds
[2020-01-13T13:37:52.512+0000][1][safepoint    ] Application time: 0.0011872 seconds
[2020-01-13T13:37:52.512+0000][1][safepoint    ] Entering safepoint region: RevokeBias
[2020-01-13T13:37:52.513+0000][1][safepoint    ] Leaving safepoint region
[2020-01-13T13:37:52.513+0000][1][safepoint    ] Total time for which application threads were stopped: 0.0000780 seconds, Stopping threads took: 0.0000180 seconds
[2020-01-13T13:37:52.513+0000][1][safepoint    ] Application time: 0.0004508 seconds
[2020-01-13T13:37:52.513+0000][1][safepoint    ] Entering safepoint region: RevokeBias
[2020-01-13T13:37:52.513+0000][1][safepoint    ] Leaving safepoint region
[2020-01-13T13:37:52.513+0000][1][safepoint    ] Total time for which application threads were stopped: 0.0000564 seconds, Stopping threads took: 0.0000072 seconds
[2020-01-13T13:37:52.513+0000][1][safepoint    ] Application time: 0.0000297 seconds
[2020-01-13T13:37:52.513+0000][1][safepoint    ] Entering safepoint region: RevokeBias
[2020-01-13T13:37:52.513+0000][1][safepoint    ] Leaving safepoint region
[2020-01-13T13:37:52.513+0000][1][safepoint    ] Total time for which application threads were stopped: 0.0000394 seconds, Stopping threads took: 0.0000052 seconds
[2020-01-13T13:37:52.516+0000][1][safepoint    ] Application time: 0.0026873 seconds
[2020-01-13T13:37:52.518+0000][1][safepoint    ] Entering safepoint region: RevokeBias
[2020-01-13T13:37:52.527+0000][1][safepoint    ] Leaving safepoint region
[2020-01-13T13:37:52.527+0000][1][safepoint    ] Total time for which application threads were stopped: 0.0107107 seconds, Stopping threads took: 0.0024045 seconds
[2020-01-13T13:37:52.529+0000][1][safepoint    ] Application time: 0.0027779 seconds
[2020-01-13T13:37:52.529+0000][1][safepoint    ] Entering safepoint region: RevokeBias
[2020-01-13T13:37:52.529+0000][1][safepoint    ] Leaving safepoint region
[2020-01-13T13:37:52.529+0000][1][safepoint    ] Total time for which application threads were stopped: 0.0000971 seconds, Stopping threads took: 0.0000102 seconds
[2020-01-13T13:37:52.533+0000][1][safepoint    ] Application time: 0.0035173 seconds
[2020-01-13T13:37:52.539+0000][1][safepoint    ] Entering safepoint region: RevokeBias
[2020-01-13T13:37:52.539+0000][1][safepoint    ] Leaving safepoint region
[2020-01-13T13:37:52.539+0000][1][safepoint    ] Total time for which application threads were stopped: 0.0056861 seconds, Stopping threads took: 0.0055511 seconds
[2020-01-13T13:37:52.539+0000][1][safepoint    ] Application time: 0.0000376 seconds
[2020-01-13T13:37:52.539+0000][1][safepoint    ] Entering safepoint region: RevokeBias
[2020-01-13T13:37:52.539+0000][1][safepoint    ] Leaving safepoint region
[2020-01-13T13:37:52.539+0000][1][safepoint    ] Total time for which application threads were stopped: 0.0000434 seconds, Stopping threads took: 0.0000057 seconds
[2020-01-13T13:37:52.541+0000][1][safepoint    ] Application time: 0.0020706 seconds
[2020-01-13T13:37:52.541+0000][1][safepoint    ] Entering safepoint region: RevokeBias
[2020-01-13T13:37:52.541+0000][1][safepoint    ] Leaving safepoint region
[2020-01-13T13:37:52.541+0000][1][safepoint    ] Total time for which application threads were stopped: 0.0000653 seconds, Stopping threads took: 0.0000087 seconds
[2020-01-13T13:37:52.573+0000][1][safepoint    ] Application time: 0.0317737 seconds
[2020-01-13T13:37:52.574+0000][1][safepoint    ] Entering safepoint region: RevokeBias
[2020-01-13T13:37:52.575+0000][1][safepoint    ] Leaving safepoint region
[2020-01-13T13:37:52.575+0000][1][safepoint    ] Total time for which application threads were stopped: 0.0017603 seconds, Stopping threads took: 0.0016903 seconds
[2020-01-13T13:37:52.748+0000][1][safepoint    ] Application time: 0.1732753 seconds
[2020-01-13T13:37:52.748+0000][1][safepoint    ] Entering safepoint region: RevokeBias
[2020-01-13T13:37:52.748+0000][1][safepoint    ] Leaving safepoint region
[2020-01-13T13:37:52.748+0000][1][safepoint    ] Total time for which application threads were stopped: 0.0000970 seconds, Stopping threads took: 0.0000275 seconds
[2020-01-13T13:37:53.201+0000][1][safepoint    ] Application time: 0.4531959 seconds
[2020-01-13T13:37:53.201+0000][1][safepoint    ] Entering safepoint region: RevokeBias
[2020-01-13T13:37:53.201+0000][1][safepoint    ] Leaving safepoint region
[2020-01-13T13:37:53.201+0000][1][safepoint    ] Total time for which application threads were stopped: 0.0001343 seconds, Stopping threads took: 0.0000561 seconds
[2020-01-13T13:37:53.265+0000][1][safepoint    ] Application time: 0.0635673 seconds
[2020-01-13T13:37:53.268+0000][1][safepoint    ] Entering safepoint region: GenCollectForAllocation
[2020-01-13T13:37:53.268+0000][1][gc,start     ] GC(20) Pause Young (Allocation Failure)
[2020-01-13T13:37:53.268+0000][1][gc,task      ] GC(20) Using 1 workers of 1 for evacuation
[2020-01-13T13:37:53.328+0000][1][gc,age       ] GC(20) Desired survivor size 4358144 bytes, new threshold 2 (max threshold 6)
[2020-01-13T13:37:53.328+0000][1][gc,age       ] GC(20) Age table with threshold 2 (max threshold 6)
[2020-01-13T13:37:53.328+0000][1][gc,age       ] GC(20) - age   1:    2168784 bytes,    2168784 total
[2020-01-13T13:37:53.328+0000][1][gc,age       ] GC(20) - age   2:    2555392 bytes,    4724176 total
[2020-01-13T13:37:53.328+0000][1][gc,heap      ] GC(20) ParNew: 75178K->5669K(76672K)
[2020-01-13T13:37:53.328+0000][1][gc,heap      ] GC(20) CMS: 54042K->57953K(176960K)
[2020-01-13T13:37:53.328+0000][1][gc,metaspace ] GC(20) Metaspace: 50265K->50265K(1095680K)
[2020-01-13T13:37:53.328+0000][1][gc           ] GC(20) Pause Young (Allocation Failure) 126M->62M(247M) 59.512ms
[2020-01-13T13:37:53.328+0000][1][gc,cpu       ] GC(20) User=0.06s Sys=0.00s Real=0.06s
[2020-01-13T13:37:53.328+0000][1][safepoint    ] Leaving safepoint region
[2020-01-13T13:37:53.328+0000][1][safepoint    ] Total time for which application threads were stopped: 0.0629278 seconds, Stopping threads took: 0.0032865 seconds
[2020-01-13T13:37:53.339+0000][1][safepoint    ] Application time: 0.0114256 seconds
[2020-01-13T13:37:53.340+0000][1][safepoint    ] Entering safepoint region: RevokeBias
[2020-01-13T13:37:53.340+0000][1][safepoint    ] Leaving safepoint region
[2020-01-13T13:37:53.340+0000][1][safepoint    ] Total time for which application threads were stopped: 0.0005515 seconds, Stopping threads took: 0.0004472 seconds
[2020-01-13T13:37:53.340+0000][1][safepoint    ] Application time: 0.0000419 seconds
[2020-01-13T13:37:53.340+0000][1][safepoint    ] Entering safepoint region: RevokeBias
[2020-01-13T13:37:53.340+0000][1][safepoint    ] Leaving safepoint region
[2020-01-13T13:37:53.340+0000][1][safepoint    ] Total time for which application threads were stopped: 0.0000423 seconds, Stopping threads took: 0.0000062 seconds
[2020-01-13T13:37:53.340+0000][1][safepoint    ] Application time: 0.0000156 seconds
[2020-01-13T13:37:53.340+0000][1][safepoint    ] Entering safepoint region: RevokeBias
[2020-01-13T13:37:53.340+0000][1][safepoint    ] Leaving safepoint region
[2020-01-13T13:37:53.340+0000][1][safepoint    ] Total time for which application threads were stopped: 0.0000312 seconds, Stopping threads took: 0.0000054 seconds
[2020-01-13T13:37:53.340+0000][1][safepoint    ] Application time: 0.0000146 seconds
[2020-01-13T13:37:53.340+0000][1][safepoint    ] Entering safepoint region: RevokeBias
[2020-01-13T13:37:53.340+0000][1][safepoint    ] Leaving safepoint region
[2020-01-13T13:37:53.340+0000][1][safepoint    ] Total time for which application threads were stopped: 0.0000308 seconds, Stopping threads took: 0.0000052 seconds
[2020-01-13T13:37:53.340+0000][1][safepoint    ] Application time: 0.0000216 seconds
[2020-01-13T13:37:53.340+0000][1][safepoint    ] Entering safepoint region: RevokeBias
[2020-01-13T13:37:53.340+0000][1][safepoint    ] Leaving safepoint region
[2020-01-13T13:37:53.340+0000][1][safepoint    ] Total time for which application threads were stopped: 0.0000305 seconds, Stopping threads took: 0.0000052 seconds
[2020-01-13T13:37:53.340+0000][1][safepoint    ] Application time: 0.0000152 seconds
[2020-01-13T13:37:53.340+0000][1][safepoint    ] Entering safepoint region: RevokeBias
[2020-01-13T13:37:53.340+0000][1][safepoint    ] Leaving safepoint region
[2020-01-13T13:37:53.340+0000][1][safepoint    ] Total time for which application threads were stopped: 0.0000482 seconds, Stopping threads took: 0.0000206 seconds
[2020-01-13T13:37:53.340+0000][1][safepoint    ] Application time: 0.0000177 seconds
[2020-01-13T13:37:53.340+0000][1][safepoint    ] Entering safepoint region: RevokeBias
[2020-01-13T13:37:53.340+0000][1][safepoint    ] Leaving safepoint region
[2020-01-13T13:37:53.340+0000][1][safepoint    ] Total time for which application threads were stopped: 0.0000314 seconds, Stopping threads took: 0.0000053 seconds
[2020-01-13T13:37:53.340+0000][1][safepoint    ] Application time: 0.0000148 seconds
[2020-01-13T13:37:53.340+0000][1][safepoint    ] Entering safepoint region: RevokeBias
[2020-01-13T13:37:53.340+0000][1][safepoint    ] Leaving safepoint region
[2020-01-13T13:37:53.340+0000][1][safepoint    ] Total time for which application threads were stopped: 0.0000308 seconds, Stopping threads took: 0.0000051 seconds
[2020-01-13T13:37:53.340+0000][1][safepoint    ] Application time: 0.0000141 seconds
[2020-01-13T13:37:53.340+0000][1][safepoint    ] Entering safepoint region: RevokeBias
[2020-01-13T13:37:53.340+0000][1][safepoint    ] Leaving safepoint region
[2020-01-13T13:37:53.340+0000][1][safepoint    ] Total time for which application threads were stopped: 0.0000303 seconds, Stopping threads took: 0.0000052 seconds
[2020-01-13T13:37:53.340+0000][1][safepoint    ] Application time: 0.0000145 seconds
[2020-01-13T13:37:53.340+0000][1][safepoint    ] Entering safepoint region: RevokeBias
[2020-01-13T13:37:53.341+0000][1][safepoint    ] Leaving safepoint region
[2020-01-13T13:37:53.341+0000][1][safepoint    ] Total time for which application threads were stopped: 0.0000307 seconds, Stopping threads took: 0.0000052 seconds
[2020-01-13T13:37:53.341+0000][1][safepoint    ] Application time: 0.0000148 seconds
[2020-01-13T13:37:53.341+0000][1][safepoint    ] Entering safepoint region: RevokeBias
[2020-01-13T13:37:53.341+0000][1][safepoint    ] Leaving safepoint region
[2020-01-13T13:37:53.341+0000][1][safepoint    ] Total time for which application threads were stopped: 0.0000302 seconds, Stopping threads took: 0.0000052 seconds
[2020-01-13T13:37:53.341+0000][1][safepoint    ] Application time: 0.0000145 seconds
[2020-01-13T13:37:53.341+0000][1][safepoint    ] Entering safepoint region: RevokeBias
[2020-01-13T13:37:53.341+0000][1][safepoint    ] Leaving safepoint region
[2020-01-13T13:37:53.341+0000][1][safepoint    ] Total time for which application threads were stopped: 0.0000306 seconds, Stopping threads took: 0.0000052 seconds
[2020-01-13T13:37:53.341+0000][1][safepoint    ] Application time: 0.0000173 seconds
[2020-01-13T13:37:53.341+0000][1][safepoint    ] Entering safepoint region: RevokeBias
[2020-01-13T13:37:53.341+0000][1][safepoint    ] Leaving safepoint region
[2020-01-13T13:37:53.341+0000][1][safepoint    ] Total time for which application threads were stopped: 0.0000302 seconds, Stopping threads took: 0.0000050 seconds
[2020-01-13T13:37:53.341+0000][1][safepoint    ] Application time: 0.0004746 seconds
[2020-01-13T13:37:53.341+0000][1][safepoint    ] Entering safepoint region: RevokeBias
[2020-01-13T13:37:53.341+0000][1][safepoint    ] Leaving safepoint region
[2020-01-13T13:37:53.341+0000][1][safepoint    ] Total time for which application threads were stopped: 0.0000510 seconds, Stopping threads took: 0.0000090 seconds
[2020-01-13T13:37:53.341+0000][1][safepoint    ] Application time: 0.0001205 seconds
[2020-01-13T13:37:53.341+0000][1][safepoint    ] Entering safepoint region: RevokeBias
[2020-01-13T13:37:53.341+0000][1][safepoint    ] Leaving safepoint region
[2020-01-13T13:37:53.341+0000][1][safepoint    ] Total time for which application threads were stopped: 0.0000616 seconds, Stopping threads took: 0.0000061 seconds
[2020-01-13T13:37:53.364+0000][1][safepoint    ] Application time: 0.0221215 seconds
[2020-01-13T13:37:53.365+0000][1][safepoint    ] Entering safepoint region: BulkRevokeBias
[2020-01-13T13:37:53.365+0000][1][safepoint    ] Leaving safepoint region
[2020-01-13T13:37:53.365+0000][1][safepoint    ] Total time for which application threads were stopped: 0.0017769 seconds, Stopping threads took: 0.0016041 seconds
[2020-01-13T13:37:53.726+0000][1][safepoint    ] Application time: 0.3606087 seconds
[2020-01-13T13:37:53.726+0000][1][safepoint    ] Entering safepoint region: RevokeBias
[2020-01-13T13:37:53.726+0000][1][safepoint    ] Leaving safepoint region
[2020-01-13T13:37:53.726+0000][1][safepoint    ] Total time for which application threads were stopped: 0.0002010 seconds, Stopping threads took: 0.0000776 seconds
[2020-01-13T13:37:53.726+0000][1][safepoint    ] Application time: 0.0000481 seconds
[2020-01-13T13:37:53.726+0000][1][safepoint    ] Entering safepoint region: RevokeBias
[2020-01-13T13:37:53.726+0000][1][safepoint    ] Leaving safepoint region
[2020-01-13T13:37:53.726+0000][1][safepoint    ] Total time for which application threads were stopped: 0.0000409 seconds, Stopping threads took: 0.0000057 seconds
[2020-01-13T13:37:54.347+0000][1][safepoint    ] Application time: 0.6201491 seconds
[2020-01-13T13:37:54.352+0000][1][safepoint    ] Entering safepoint region: RevokeBias
[2020-01-13T13:37:54.352+0000][1][safepoint    ] Leaving safepoint region
[2020-01-13T13:37:54.352+0000][1][safepoint    ] Total time for which application threads were stopped: 0.0059035 seconds, Stopping threads took: 0.0051788 seconds
[2020-01-13T13:37:54.353+0000][1][safepoint    ] Application time: 0.0000495 seconds
[2020-01-13T13:37:54.353+0000][1][safepoint    ] Entering safepoint region: RevokeBias
[2020-01-13T13:37:54.353+0000][1][safepoint    ] Leaving safepoint region
[2020-01-13T13:37:54.353+0000][1][safepoint    ] Total time for which application threads were stopped: 0.0000421 seconds, Stopping threads took: 0.0000066 seconds
[2020-01-13T13:37:54.353+0000][1][safepoint    ] Application time: 0.0000509 seconds
[2020-01-13T13:37:54.353+0000][1][safepoint    ] Entering safepoint region: RevokeBias
[2020-01-13T13:37:54.353+0000][1][safepoint    ] Leaving safepoint region
[2020-01-13T13:37:54.353+0000][1][safepoint    ] Total time for which application threads were stopped: 0.0000186 seconds, Stopping threads took: 0.0000047 seconds
[2020-01-13T13:37:54.692+0000][1][safepoint    ] Application time: 0.3389612 seconds
[2020-01-13T13:37:54.692+0000][1][safepoint    ] Entering safepoint region: Deoptimize
[2020-01-13T13:37:54.693+0000][1][safepoint    ] Leaving safepoint region
[2020-01-13T13:37:54.693+0000][1][safepoint    ] Total time for which application threads were stopped: 0.0014030 seconds, Stopping threads took: 0.0000264 seconds
[2020-01-13T13:37:55.301+0000][1][safepoint    ] Application time: 0.6076918 seconds
[2020-01-13T13:37:55.303+0000][1][safepoint    ] Entering safepoint region: Deoptimize
[2020-01-13T13:37:55.305+0000][1][safepoint    ] Leaving safepoint region
[2020-01-13T13:37:55.305+0000][1][safepoint    ] Total time for which application threads were stopped: 0.0044627 seconds, Stopping threads took: 0.0021585 seconds
[2020-01-13T13:37:55.359+0000][1][safepoint    ] Application time: 0.0532893 seconds
[2020-01-13T13:37:55.362+0000][1][safepoint    ] Entering safepoint region: RevokeBias
[2020-01-13T13:37:55.362+0000][1][safepoint    ] Leaving safepoint region
[2020-01-13T13:37:55.362+0000][1][safepoint    ] Total time for which application threads were stopped: 0.0038050 seconds, Stopping threads took: 0.0037217 seconds
[2020-01-13T13:37:55.377+0000][1][safepoint    ] Application time: 0.0143202 seconds
[2020-01-13T13:37:55.377+0000][1][safepoint    ] Entering safepoint region: GenCollectForAllocation
[2020-01-13T13:37:55.377+0000][1][gc,start     ] GC(21) Pause Young (Allocation Failure)
[2020-01-13T13:37:55.377+0000][1][gc,task      ] GC(21) Using 1 workers of 1 for evacuation
[2020-01-13T13:37:55.412+0000][1][gc,age       ] GC(21) Desired survivor size 4358144 bytes, new threshold 2 (max threshold 6)
[2020-01-13T13:37:55.412+0000][1][gc,age       ] GC(21) Age table with threshold 2 (max threshold 6)
[2020-01-13T13:37:55.412+0000][1][gc,age       ] GC(21) - age   1:    3188232 bytes,    3188232 total
[2020-01-13T13:37:55.412+0000][1][gc,age       ] GC(21) - age   2:    2121768 bytes,    5310000 total
[2020-01-13T13:37:55.412+0000][1][gc,heap      ] GC(21) ParNew: 73829K->8512K(76672K)
[2020-01-13T13:37:55.412+0000][1][gc,heap      ] GC(21) CMS: 57953K->60547K(176960K)
[2020-01-13T13:37:55.412+0000][1][gc,metaspace ] GC(21) Metaspace: 58333K->58333K(1101824K)
[2020-01-13T13:37:55.412+0000][1][gc           ] GC(21) Pause Young (Allocation Failure) 128M->67M(247M) 34.979ms
[2020-01-13T13:37:55.412+0000][1][gc,cpu       ] GC(21) User=0.04s Sys=0.00s Real=0.03s
[2020-01-13T13:37:55.412+0000][1][safepoint    ] Leaving safepoint region
[2020-01-13T13:37:55.412+0000][1][safepoint    ] Total time for which application threads were stopped: 0.0356067 seconds, Stopping threads took: 0.0005030 seconds
[2020-01-13T13:37:56.218+0000][1][safepoint    ] Application time: 0.8052990 seconds
[2020-01-13T13:37:56.218+0000][1][safepoint    ] Entering safepoint region: BulkRevokeBias
[2020-01-13T13:37:56.218+0000][1][safepoint    ] Leaving safepoint region
[2020-01-13T13:37:56.218+0000][1][safepoint    ] Total time for which application threads were stopped: 0.0003233 seconds, Stopping threads took: 0.0000245 seconds
[2020-01-13T13:37:56.337+0000][1][safepoint    ] Application time: 0.1188021 seconds
[2020-01-13T13:37:56.337+0000][1][safepoint    ] Entering safepoint region: Deoptimize
[2020-01-13T13:37:56.338+0000][1][safepoint    ] Leaving safepoint region
[2020-01-13T13:37:56.338+0000][1][safepoint    ] Total time for which application threads were stopped: 0.0008147 seconds, Stopping threads took: 0.0000245 seconds
[2020-01-13T13:37:56.356+0000][1][safepoint    ] Application time: 0.0186988 seconds
[2020-01-13T13:37:56.356+0000][1][safepoint    ] Entering safepoint region: RevokeBias
[2020-01-13T13:37:56.357+0000][1][safepoint    ] Leaving safepoint region
[2020-01-13T13:37:56.357+0000][1][safepoint    ] Total time for which application threads were stopped: 0.0001025 seconds, Stopping threads took: 0.0000229 seconds
[2020-01-13T13:37:56.357+0000][1][safepoint    ] Application time: 0.0004299 seconds
[2020-01-13T13:37:56.357+0000][1][safepoint    ] Entering safepoint region: RevokeBias
[2020-01-13T13:37:56.357+0000][1][safepoint    ] Leaving safepoint region
[2020-01-13T13:37:56.357+0000][1][safepoint    ] Total time for which application threads were stopped: 0.0000612 seconds, Stopping threads took: 0.0000181 seconds
[2020-01-13T13:37:56.358+0000][1][safepoint    ] Application time: 0.0010276 seconds
[2020-01-13T13:37:56.358+0000][1][safepoint    ] Entering safepoint region: RevokeBias
[2020-01-13T13:37:56.359+0000][1][safepoint    ] Leaving safepoint region
[2020-01-13T13:37:56.359+0000][1][safepoint    ] Total time for which application threads were stopped: 0.0003830 seconds, Stopping threads took: 0.0003348 seconds
[2020-01-13T13:37:56.360+0000][1][safepoint    ] Application time: 0.0013437 seconds
[2020-01-13T13:37:56.360+0000][1][safepoint    ] Entering safepoint region: RevokeBias
[2020-01-13T13:37:56.360+0000][1][safepoint    ] Leaving safepoint region
[2020-01-13T13:37:56.360+0000][1][safepoint    ] Total time for which application threads were stopped: 0.0000854 seconds, Stopping threads took: 0.0000184 seconds
[2020-01-13T13:37:56.360+0000][1][safepoint    ] Application time: 0.0000365 seconds
[2020-01-13T13:37:56.360+0000][1][safepoint    ] Entering safepoint region: RevokeBias
[2020-01-13T13:37:56.360+0000][1][safepoint    ] Leaving safepoint region
[2020-01-13T13:37:56.360+0000][1][safepoint    ] Total time for which application threads were stopped: 0.0000436 seconds, Stopping threads took: 0.0000129 seconds
[2020-01-13T13:37:56.360+0000][1][safepoint    ] Application time: 0.0001650 seconds
[2020-01-13T13:37:56.360+0000][1][safepoint    ] Entering safepoint region: RevokeBias
[2020-01-13T13:37:56.360+0000][1][safepoint    ] Leaving safepoint region
[2020-01-13T13:37:56.360+0000][1][safepoint    ] Total time for which application threads were stopped: 0.0000532 seconds, Stopping threads took: 0.0000160 seconds
[2020-01-13T13:37:56.361+0000][1][safepoint    ] Application time: 0.0001777 seconds
[2020-01-13T13:37:56.361+0000][1][safepoint    ] Entering safepoint region: RevokeBias
[2020-01-13T13:37:56.361+0000][1][safepoint    ] Leaving safepoint region
[2020-01-13T13:37:56.361+0000][1][safepoint    ] Total time for which application threads were stopped: 0.0000438 seconds, Stopping threads took: 0.0000145 seconds
[2020-01-13T13:37:56.361+0000][1][safepoint    ] Application time: 0.0001646 seconds
[2020-01-13T13:37:56.361+0000][1][safepoint    ] Entering safepoint region: RevokeBias
[2020-01-13T13:37:56.361+0000][1][safepoint    ] Leaving safepoint region
[2020-01-13T13:37:56.361+0000][1][safepoint    ] Total time for which application threads were stopped: 0.0000475 seconds, Stopping threads took: 0.0000137 seconds
[2020-01-13T13:37:56.361+0000][1][safepoint    ] Application time: 0.0000281 seconds
[2020-01-13T13:37:56.361+0000][1][safepoint    ] Entering safepoint region: RevokeBias
[2020-01-13T13:37:56.361+0000][1][safepoint    ] Leaving safepoint region
[2020-01-13T13:37:56.361+0000][1][safepoint    ] Total time for which application threads were stopped: 0.0000374 seconds, Stopping threads took: 0.0000124 seconds
[2020-01-13T13:37:56.361+0000][1][safepoint    ] Application time: 0.0005559 seconds
[2020-01-13T13:37:56.361+0000][1][safepoint    ] Entering safepoint region: RevokeBias
[2020-01-13T13:37:56.362+0000][1][safepoint    ] Leaving safepoint region
[2020-01-13T13:37:56.362+0000][1][safepoint    ] Total time for which application threads were stopped: 0.0000560 seconds, Stopping threads took: 0.0000165 seconds
[2020-01-13T13:37:56.369+0000][1][safepoint    ] Application time: 0.0078818 seconds
[2020-01-13T13:37:56.371+0000][1][safepoint    ] Entering safepoint region: RevokeBias
[2020-01-13T13:37:56.371+0000][1][safepoint    ] Leaving safepoint region
[2020-01-13T13:37:56.371+0000][1][safepoint    ] Total time for which application threads were stopped: 0.0020683 seconds, Stopping threads took: 0.0019972 seconds
[2020-01-13T13:37:56.372+0000][1][safepoint    ] Application time: 0.0001036 seconds
[2020-01-13T13:37:56.372+0000][1][safepoint    ] Entering safepoint region: RevokeBias
[2020-01-13T13:37:56.372+0000][1][safepoint    ] Leaving safepoint region
[2020-01-13T13:37:56.372+0000][1][safepoint    ] Total time for which application threads were stopped: 0.0000387 seconds, Stopping threads took: 0.0000059 seconds
[2020-01-13T13:37:56.375+0000][1][safepoint    ] Application time: 0.0028981 seconds
[2020-01-13T13:37:56.375+0000][1][safepoint    ] Entering safepoint region: Deoptimize
[2020-01-13T13:37:56.375+0000][1][safepoint    ] Leaving safepoint region
[2020-01-13T13:37:56.375+0000][1][safepoint    ] Total time for which application threads were stopped: 0.0007701 seconds, Stopping threads took: 0.0000276 seconds
[2020-01-13T13:37:56.377+0000][1][safepoint    ] Application time: 0.0020777 seconds
[2020-01-13T13:37:56.377+0000][1][safepoint    ] Entering safepoint region: RevokeBias
[2020-01-13T13:37:56.377+0000][1][safepoint    ] Leaving safepoint region
[2020-01-13T13:37:56.377+0000][1][safepoint    ] Total time for which application threads were stopped: 0.0000497 seconds, Stopping threads took: 0.0000105 seconds
[2020-01-13T13:37:56.439+0000][1][safepoint    ] Application time: 0.0611407 seconds
[2020-01-13T13:37:56.439+0000][1][safepoint    ] Entering safepoint region: RevokeBias
[2020-01-13T13:37:56.439+0000][1][safepoint    ] Leaving safepoint region
[2020-01-13T13:37:56.439+0000][1][safepoint    ] Total time for which application threads were stopped: 0.0001277 seconds, Stopping threads took: 0.0000397 seconds
[2020-01-13T13:37:56.439+0000][1][safepoint    ] Application time: 0.0003152 seconds
[2020-01-13T13:37:56.439+0000][1][safepoint    ] Entering safepoint region: RevokeBias
[2020-01-13T13:37:56.439+0000][1][safepoint    ] Leaving safepoint region
[2020-01-13T13:37:56.439+0000][1][safepoint    ] Total time for which application threads were stopped: 0.0001016 seconds, Stopping threads took: 0.0000187 seconds
[2020-01-13T13:37:56.439+0000][1][safepoint    ] Application time: 0.0000393 seconds
[2020-01-13T13:37:56.439+0000][1][safepoint    ] Entering safepoint region: RevokeBias
[2020-01-13T13:37:56.439+0000][1][safepoint    ] Leaving safepoint region
[2020-01-13T13:37:56.439+0000][1][safepoint    ] Total time for which application threads were stopped: 0.0000522 seconds, Stopping threads took: 0.0000132 seconds
[2020-01-13T13:37:56.441+0000][1][safepoint    ] Application time: 0.0013665 seconds
[2020-01-13T13:37:56.441+0000][1][safepoint    ] Entering safepoint region: RevokeBias
[2020-01-13T13:37:56.441+0000][1][safepoint    ] Leaving safepoint region
[2020-01-13T13:37:56.441+0000][1][safepoint    ] Total time for which application threads were stopped: 0.0000877 seconds, Stopping threads took: 0.0000248 seconds
[2020-01-13T13:37:56.444+0000][1][safepoint    ] Application time: 0.0028775 seconds
[2020-01-13T13:37:56.444+0000][1][safepoint    ] Entering safepoint region: RevokeBias
[2020-01-13T13:37:56.444+0000][1][safepoint    ] Leaving safepoint region
[2020-01-13T13:37:56.444+0000][1][safepoint    ] Total time for which application threads were stopped: 0.0001010 seconds, Stopping threads took: 0.0000360 seconds
[2020-01-13T13:37:56.445+0000][1][safepoint    ] Application time: 0.0011581 seconds
[2020-01-13T13:37:56.446+0000][1][safepoint    ] Entering safepoint region: RevokeBias
[2020-01-13T13:37:56.446+0000][1][safepoint    ] Leaving safepoint region
[2020-01-13T13:37:56.446+0000][1][safepoint    ] Total time for which application threads were stopped: 0.0012364 seconds, Stopping threads took: 0.0011702 seconds
[2020-01-13T13:37:56.446+0000][1][safepoint    ] Application time: 0.0000393 seconds
[2020-01-13T13:37:56.446+0000][1][safepoint    ] Entering safepoint region: RevokeBias
[2020-01-13T13:37:56.446+0000][1][safepoint    ] Leaving safepoint region
[2020-01-13T13:37:56.446+0000][1][safepoint    ] Total time for which application threads were stopped: 0.0000345 seconds, Stopping threads took: 0.0000049 seconds
[2020-01-13T13:37:56.447+0000][1][safepoint    ] Application time: 0.0003558 seconds
[2020-01-13T13:37:56.447+0000][1][safepoint    ] Entering safepoint region: RevokeBias
[2020-01-13T13:37:56.447+0000][1][safepoint    ] Leaving safepoint region
[2020-01-13T13:37:56.447+0000][1][safepoint    ] Total time for which application threads were stopped: 0.0000554 seconds, Stopping threads took: 0.0000082 seconds
[2020-01-13T13:37:56.447+0000][1][safepoint    ] Application time: 0.0000287 seconds
[2020-01-13T13:37:56.447+0000][1][safepoint    ] Entering safepoint region: RevokeBias
[2020-01-13T13:37:56.447+0000][1][safepoint    ] Leaving safepoint region
[2020-01-13T13:37:56.447+0000][1][safepoint    ] Total time for which application threads were stopped: 0.0000354 seconds, Stopping threads took: 0.0000054 seconds
[2020-01-13T13:37:56.456+0000][1][safepoint    ] Application time: 0.0086661 seconds
[2020-01-13T13:37:56.456+0000][1][safepoint    ] Entering safepoint region: RevokeBias
[2020-01-13T13:37:56.456+0000][1][safepoint    ] Leaving safepoint region
[2020-01-13T13:37:56.456+0000][1][safepoint    ] Total time for which application threads were stopped: 0.0008032 seconds, Stopping threads took: 0.0007223 seconds
[2020-01-13T13:37:56.482+0000][1][safepoint    ] Application time: 0.0260460 seconds
[2020-01-13T13:37:56.483+0000][1][safepoint    ] Entering safepoint region: RevokeBias
[2020-01-13T13:37:56.483+0000][1][safepoint    ] Leaving safepoint region
[2020-01-13T13:37:56.483+0000][1][safepoint    ] Total time for which application threads were stopped: 0.0006964 seconds, Stopping threads took: 0.0005250 seconds
[2020-01-13T13:37:56.483+0000][1][safepoint    ] Application time: 0.0001393 seconds
[2020-01-13T13:37:56.483+0000][1][safepoint    ] Entering safepoint region: RevokeBias
[2020-01-13T13:37:56.483+0000][1][safepoint    ] Leaving safepoint region
[2020-01-13T13:37:56.483+0000][1][safepoint    ] Total time for which application threads were stopped: 0.0000625 seconds, Stopping threads took: 0.0000169 seconds
[2020-01-13T13:37:56.483+0000][1][safepoint    ] Application time: 0.0000571 seconds
[2020-01-13T13:37:56.483+0000][1][safepoint    ] Entering safepoint region: RevokeBias
[2020-01-13T13:37:56.483+0000][1][safepoint    ] Leaving safepoint region
[2020-01-13T13:37:56.483+0000][1][safepoint    ] Total time for which application threads were stopped: 0.0000425 seconds, Stopping threads took: 0.0000144 seconds
[2020-01-13T13:37:56.484+0000][1][safepoint    ] Application time: 0.0004254 seconds
[2020-01-13T13:37:56.484+0000][1][safepoint    ] Entering safepoint region: RevokeBias
[2020-01-13T13:37:56.484+0000][1][safepoint    ] Leaving safepoint region
[2020-01-13T13:37:56.484+0000][1][safepoint    ] Total time for which application threads were stopped: 0.0000841 seconds, Stopping threads took: 0.0000227 seconds
[2020-01-13T13:37:56.484+0000][1][safepoint    ] Application time: 0.0002390 seconds
[2020-01-13T13:37:56.484+0000][1][safepoint    ] Entering safepoint region: RevokeBias
[2020-01-13T13:37:56.484+0000][1][safepoint    ] Leaving safepoint region
[2020-01-13T13:37:56.484+0000][1][safepoint    ] Total time for which application threads were stopped: 0.0000774 seconds, Stopping threads took: 0.0000330 seconds
[2020-01-13T13:37:56.484+0000][1][safepoint    ] Application time: 0.0000307 seconds
[2020-01-13T13:37:56.484+0000][1][safepoint    ] Entering safepoint region: RevokeBias
[2020-01-13T13:37:56.484+0000][1][safepoint    ] Leaving safepoint region
[2020-01-13T13:37:56.484+0000][1][safepoint    ] Total time for which application threads were stopped: 0.0000435 seconds, Stopping threads took: 0.0000129 seconds
[2020-01-13T13:37:56.489+0000][1][safepoint    ] Application time: 0.0047738 seconds
[2020-01-13T13:37:56.489+0000][1][safepoint    ] Entering safepoint region: RevokeBias
[2020-01-13T13:37:56.489+0000][1][safepoint    ] Leaving safepoint region
[2020-01-13T13:37:56.489+0000][1][safepoint    ] Total time for which application threads were stopped: 0.0001648 seconds, Stopping threads took: 0.0000784 seconds
[2020-01-13T13:37:56.490+0000][1][safepoint    ] Application time: 0.0003810 seconds
[2020-01-13T13:37:56.491+0000][1][safepoint    ] Entering safepoint region: RevokeBias
[2020-01-13T13:37:56.491+0000][1][safepoint    ] Leaving safepoint region
[2020-01-13T13:37:56.491+0000][1][safepoint    ] Total time for which application threads were stopped: 0.0001048 seconds, Stopping threads took: 0.0000219 seconds
[2020-01-13T13:37:56.494+0000][1][safepoint    ] Application time: 0.0032253 seconds
[2020-01-13T13:37:56.494+0000][1][safepoint    ] Entering safepoint region: RevokeBias
[2020-01-13T13:37:56.494+0000][1][safepoint    ] Leaving safepoint region
[2020-01-13T13:37:56.494+0000][1][safepoint    ] Total time for which application threads were stopped: 0.0003106 seconds, Stopping threads took: 0.0002269 seconds
[2020-01-13T13:37:56.496+0000][1][safepoint    ] Application time: 0.0020813 seconds
[2020-01-13T13:37:56.500+0000][1][safepoint    ] Entering safepoint region: RevokeBias
[2020-01-13T13:37:56.500+0000][1][safepoint    ] Leaving safepoint region
[2020-01-13T13:37:56.500+0000][1][safepoint    ] Total time for which application threads were stopped: 0.0038153 seconds, Stopping threads took: 0.0036091 seconds
[2020-01-13T13:37:56.505+0000][1][safepoint    ] Application time: 0.0051926 seconds
[2020-01-13T13:37:56.512+0000][1][safepoint    ] Entering safepoint region: RevokeBias
[2020-01-13T13:37:56.512+0000][1][safepoint    ] Leaving safepoint region
[2020-01-13T13:37:56.512+0000][1][safepoint    ] Total time for which application threads were stopped: 0.0070351 seconds, Stopping threads took: 0.0069493 seconds
[2020-01-13T13:37:56.515+0000][1][safepoint    ] Application time: 0.0030009 seconds
[2020-01-13T13:37:56.516+0000][1][safepoint    ] Entering safepoint region: RevokeBias
[2020-01-13T13:37:56.516+0000][1][safepoint    ] Leaving safepoint region
[2020-01-13T13:37:56.516+0000][1][safepoint    ] Total time for which application threads were stopped: 0.0001722 seconds, Stopping threads took: 0.0001051 seconds
[2020-01-13T13:37:56.516+0000][1][safepoint    ] Application time: 0.0002710 seconds
[2020-01-13T13:37:56.516+0000][1][safepoint    ] Entering safepoint region: RevokeBias
[2020-01-13T13:37:56.516+0000][1][safepoint    ] Leaving safepoint region
[2020-01-13T13:37:56.516+0000][1][safepoint    ] Total time for which application threads were stopped: 0.0000914 seconds, Stopping threads took: 0.0000077 seconds
[2020-01-13T13:37:56.516+0000][1][safepoint    ] Application time: 0.0000289 seconds
[2020-01-13T13:37:56.516+0000][1][safepoint    ] Entering safepoint region: RevokeBias
[2020-01-13T13:37:56.516+0000][1][safepoint    ] Leaving safepoint region
[2020-01-13T13:37:56.516+0000][1][safepoint    ] Total time for which application threads were stopped: 0.0000370 seconds, Stopping threads took: 0.0000056 seconds
[2020-01-13T13:37:56.521+0000][1][safepoint    ] Application time: 0.0048532 seconds
[2020-01-13T13:37:56.522+0000][1][safepoint    ] Entering safepoint region: RevokeBias
[2020-01-13T13:37:56.522+0000][1][safepoint    ] Leaving safepoint region
[2020-01-13T13:37:56.522+0000][1][safepoint    ] Total time for which application threads were stopped: 0.0013969 seconds, Stopping threads took: 0.0013332 seconds
[2020-01-13T13:37:56.524+0000][1][safepoint    ] Application time: 0.0012321 seconds
[2020-01-13T13:37:56.524+0000][1][safepoint    ] Entering safepoint region: RevokeBias
[2020-01-13T13:37:56.524+0000][1][safepoint    ] Leaving safepoint region
[2020-01-13T13:37:56.524+0000][1][safepoint    ] Total time for which application threads were stopped: 0.0000733 seconds, Stopping threads took: 0.0000239 seconds
[2020-01-13T13:37:56.529+0000][1][safepoint    ] Application time: 0.0048760 seconds
[2020-01-13T13:37:56.531+0000][1][safepoint    ] Entering safepoint region: RevokeBias
[2020-01-13T13:37:56.531+0000][1][safepoint    ] Leaving safepoint region
[2020-01-13T13:37:56.531+0000][1][safepoint    ] Total time for which application threads were stopped: 0.0020638 seconds, Stopping threads took: 0.0020117 seconds
[2020-01-13T13:37:56.531+0000][1][safepoint    ] Application time: 0.0002004 seconds
[2020-01-13T13:37:56.531+0000][1][safepoint    ] Entering safepoint region: RevokeBias
[2020-01-13T13:37:56.531+0000][1][safepoint    ] Leaving safepoint region
[2020-01-13T13:37:56.531+0000][1][safepoint    ] Total time for which application threads were stopped: 0.0000397 seconds, Stopping threads took: 0.0000071 seconds
[2020-01-13T13:37:56.570+0000][1][safepoint    ] Application time: 0.0390015 seconds
[2020-01-13T13:37:56.570+0000][1][safepoint    ] Entering safepoint region: RevokeBias
[2020-01-13T13:37:56.570+0000][1][safepoint    ] Leaving safepoint region
[2020-01-13T13:37:56.570+0000][1][safepoint    ] Total time for which application threads were stopped: 0.0001013 seconds, Stopping threads took: 0.0000261 seconds
[2020-01-13T13:37:56.571+0000][1][safepoint    ] Application time: 0.0009327 seconds
[2020-01-13T13:37:56.571+0000][1][safepoint    ] Entering safepoint region: RevokeBias
[2020-01-13T13:37:56.571+0000][1][safepoint    ] Leaving safepoint region
[2020-01-13T13:37:56.571+0000][1][safepoint    ] Total time for which application threads were stopped: 0.0000916 seconds, Stopping threads took: 0.0000191 seconds
[2020-01-13T13:37:56.571+0000][1][safepoint    ] Application time: 0.0000935 seconds
[2020-01-13T13:37:56.571+0000][1][safepoint    ] Entering safepoint region: RevokeBias
[2020-01-13T13:37:56.571+0000][1][safepoint    ] Leaving safepoint region
[2020-01-13T13:37:56.571+0000][1][safepoint    ] Total time for which application threads were stopped: 0.0000555 seconds, Stopping threads took: 0.0000194 seconds
[2020-01-13T13:37:56.571+0000][1][safepoint    ] Application time: 0.0000418 seconds
[2020-01-13T13:37:56.571+0000][1][safepoint    ] Entering safepoint region: RevokeBias
[2020-01-13T13:37:56.571+0000][1][safepoint    ] Leaving safepoint region
[2020-01-13T13:37:56.571+0000][1][safepoint    ] Total time for which application threads were stopped: 0.0000304 seconds, Stopping threads took: 0.0000055 seconds
[2020-01-13T13:37:56.576+0000][1][safepoint    ] Application time: 0.0045650 seconds
[2020-01-13T13:37:56.576+0000][1][safepoint    ] Entering safepoint region: RevokeBias
[2020-01-13T13:37:56.576+0000][1][safepoint    ] Leaving safepoint region
[2020-01-13T13:37:56.576+0000][1][safepoint    ] Total time for which application threads were stopped: 0.0000621 seconds, Stopping threads took: 0.0000127 seconds
[2020-01-13T13:37:56.578+0000][1][safepoint    ] Application time: 0.0024305 seconds
[2020-01-13T13:37:56.579+0000][1][safepoint    ] Entering safepoint region: RevokeBias
[2020-01-13T13:37:56.579+0000][1][safepoint    ] Leaving safepoint region
[2020-01-13T13:37:56.579+0000][1][safepoint    ] Total time for which application threads were stopped: 0.0000662 seconds, Stopping threads took: 0.0000226 seconds
[2020-01-13T13:37:56.579+0000][1][safepoint    ] Application time: 0.0002804 seconds
[2020-01-13T13:37:56.579+0000][1][safepoint    ] Entering safepoint region: RevokeBias
[2020-01-13T13:37:56.579+0000][1][safepoint    ] Leaving safepoint region
[2020-01-13T13:37:56.579+0000][1][safepoint    ] Total time for which application threads were stopped: 0.0000485 seconds, Stopping threads took: 0.0000150 seconds
[2020-01-13T13:37:56.579+0000][1][safepoint    ] Application time: 0.0000407 seconds
[2020-01-13T13:37:56.579+0000][1][safepoint    ] Entering safepoint region: RevokeBias
[2020-01-13T13:37:56.579+0000][1][safepoint    ] Leaving safepoint region
[2020-01-13T13:37:56.579+0000][1][safepoint    ] Total time for which application threads were stopped: 0.0000403 seconds, Stopping threads took: 0.0000132 seconds
[2020-01-13T13:37:56.579+0000][1][safepoint    ] Application time: 0.0000266 seconds
[2020-01-13T13:37:56.579+0000][1][safepoint    ] Entering safepoint region: RevokeBias
[2020-01-13T13:37:56.579+0000][1][safepoint    ] Leaving safepoint region
[2020-01-13T13:37:56.579+0000][1][safepoint    ] Total time for which application threads were stopped: 0.0000363 seconds, Stopping threads took: 0.0000126 seconds
[2020-01-13T13:37:56.579+0000][1][safepoint    ] Application time: 0.0003029 seconds
[2020-01-13T13:37:56.579+0000][1][safepoint    ] Entering safepoint region: RevokeBias
[2020-01-13T13:37:56.579+0000][1][safepoint    ] Leaving safepoint region
[2020-01-13T13:37:56.579+0000][1][safepoint    ] Total time for which application threads were stopped: 0.0000466 seconds, Stopping threads took: 0.0000160 seconds
[2020-01-13T13:37:56.642+0000][1][safepoint    ] Application time: 0.0620936 seconds
[2020-01-13T13:37:56.642+0000][1][safepoint    ] Entering safepoint region: RevokeBias
[2020-01-13T13:37:56.642+0000][1][safepoint    ] Leaving safepoint region
[2020-01-13T13:37:56.642+0000][1][safepoint    ] Total time for which application threads were stopped: 0.0001620 seconds, Stopping threads took: 0.0000312 seconds
[2020-01-13T13:37:56.642+0000][1][safepoint    ] Application time: 0.0000369 seconds
[2020-01-13T13:37:56.642+0000][1][safepoint    ] Entering safepoint region: RevokeBias
[2020-01-13T13:37:56.642+0000][1][safepoint    ] Leaving safepoint region
[2020-01-13T13:37:56.642+0000][1][safepoint    ] Total time for which application threads were stopped: 0.0000263 seconds, Stopping threads took: 0.0000058 seconds
[2020-01-13T13:37:56.642+0000][1][safepoint    ] Application time: 0.0000274 seconds
[2020-01-13T13:37:56.642+0000][1][safepoint    ] Entering safepoint region: RevokeBias
[2020-01-13T13:37:56.642+0000][1][safepoint    ] Leaving safepoint region
[2020-01-13T13:37:56.642+0000][1][safepoint    ] Total time for which application threads were stopped: 0.0000265 seconds, Stopping threads took: 0.0000056 seconds
[2020-01-13T13:37:56.658+0000][1][safepoint    ] Application time: 0.0164156 seconds
[2020-01-13T13:37:56.658+0000][1][safepoint    ] Entering safepoint region: RevokeBias
[2020-01-13T13:37:56.658+0000][1][safepoint    ] Leaving safepoint region
[2020-01-13T13:37:56.658+0000][1][safepoint    ] Total time for which application threads were stopped: 0.0000915 seconds, Stopping threads took: 0.0000249 seconds
[2020-01-13T13:37:56.659+0000][1][safepoint    ] Application time: 0.0000581 seconds
[2020-01-13T13:37:56.659+0000][1][safepoint    ] Entering safepoint region: RevokeBias
[2020-01-13T13:37:56.659+0000][1][safepoint    ] Leaving safepoint region
[2020-01-13T13:37:56.659+0000][1][safepoint    ] Total time for which application threads were stopped: 0.0000356 seconds, Stopping threads took: 0.0000136 seconds
[2020-01-13T13:37:56.671+0000][1][safepoint    ] Application time: 0.0119521 seconds
[2020-01-13T13:37:56.671+0000][1][safepoint    ] Entering safepoint region: RevokeBias
[2020-01-13T13:37:56.671+0000][1][safepoint    ] Leaving safepoint region
[2020-01-13T13:37:56.671+0000][1][safepoint    ] Total time for which application threads were stopped: 0.0001046 seconds, Stopping threads took: 0.0000269 seconds
[2020-01-13T13:37:56.676+0000][1][safepoint    ] Application time: 0.0057322 seconds
[2020-01-13T13:37:56.676+0000][1][safepoint    ] Entering safepoint region: RevokeBias
[2020-01-13T13:37:56.677+0000][1][safepoint    ] Leaving safepoint region
[2020-01-13T13:37:56.677+0000][1][safepoint    ] Total time for which application threads were stopped: 0.0001006 seconds, Stopping threads took: 0.0000261 seconds
[2020-01-13T13:37:56.700+0000][1][safepoint    ] Application time: 0.0237259 seconds
[2020-01-13T13:37:56.704+0000][1][safepoint    ] Entering safepoint region: RevokeBias
[2020-01-13T13:37:56.704+0000][1][safepoint    ] Leaving safepoint region
[2020-01-13T13:37:56.704+0000][1][safepoint    ] Total time for which application threads were stopped: 0.0040769 seconds, Stopping threads took: 0.0039548 seconds
[2020-01-13T13:37:56.705+0000][1][safepoint    ] Application time: 0.0000833 seconds
[2020-01-13T13:37:56.705+0000][1][safepoint    ] Entering safepoint region: RevokeBias
[2020-01-13T13:37:56.705+0000][1][safepoint    ] Leaving safepoint region
[2020-01-13T13:37:56.705+0000][1][safepoint    ] Total time for which application threads were stopped: 0.0000375 seconds, Stopping threads took: 0.0000155 seconds
[2020-01-13T13:37:56.723+0000][1][safepoint    ] Application time: 0.0184866 seconds
[2020-01-13T13:37:56.723+0000][1][safepoint    ] Entering safepoint region: RevokeBias
[2020-01-13T13:37:56.723+0000][1][safepoint    ] Leaving safepoint region
[2020-01-13T13:37:56.723+0000][1][safepoint    ] Total time for which application threads were stopped: 0.0001004 seconds, Stopping threads took: 0.0000342 seconds
[2020-01-13T13:37:56.727+0000][1][safepoint    ] Application time: 0.0033612 seconds
[2020-01-13T13:37:56.727+0000][1][safepoint    ] Entering safepoint region: RevokeBias
[2020-01-13T13:37:56.727+0000][1][safepoint    ] Leaving safepoint region
[2020-01-13T13:37:56.727+0000][1][safepoint    ] Total time for which application threads were stopped: 0.0000923 seconds, Stopping threads took: 0.0000243 seconds
[2020-01-13T13:37:56.785+0000][1][safepoint    ] Application time: 0.0583894 seconds
[2020-01-13T13:37:56.785+0000][1][safepoint    ] Entering safepoint region: RevokeBias
[2020-01-13T13:37:56.785+0000][1][safepoint    ] Leaving safepoint region
[2020-01-13T13:37:56.785+0000][1][safepoint    ] Total time for which application threads were stopped: 0.0001211 seconds, Stopping threads took: 0.0000343 seconds
[2020-01-13T13:37:56.788+0000][1][safepoint    ] Application time: 0.0029102 seconds
[2020-01-13T13:37:56.788+0000][1][safepoint    ] Entering safepoint region: RevokeBias
[2020-01-13T13:37:56.788+0000][1][safepoint    ] Leaving safepoint region
[2020-01-13T13:37:56.788+0000][1][safepoint    ] Total time for which application threads were stopped: 0.0001330 seconds, Stopping threads took: 0.0000610 seconds
[2020-01-13T13:37:56.796+0000][1][safepoint    ] Application time: 0.0075182 seconds
[2020-01-13T13:37:56.796+0000][1][safepoint    ] Entering safepoint region: RevokeBias
[2020-01-13T13:37:56.796+0000][1][safepoint    ] Leaving safepoint region
[2020-01-13T13:37:56.796+0000][1][safepoint    ] Total time for which application threads were stopped: 0.0001001 seconds, Stopping threads took: 0.0000253 seconds
[2020-01-13T13:37:56.802+0000][1][safepoint    ] Application time: 0.0062386 seconds
[2020-01-13T13:37:56.802+0000][1][safepoint    ] Entering safepoint region: RevokeBias
[2020-01-13T13:37:56.802+0000][1][safepoint    ] Leaving safepoint region
[2020-01-13T13:37:56.802+0000][1][safepoint    ] Total time for which application threads were stopped: 0.0001046 seconds, Stopping threads took: 0.0000248 seconds
[2020-01-13T13:37:56.802+0000][1][safepoint    ] Application time: 0.0000302 seconds
[2020-01-13T13:37:56.802+0000][1][safepoint    ] Entering safepoint region: RevokeBias
[2020-01-13T13:37:56.802+0000][1][safepoint    ] Leaving safepoint region
[2020-01-13T13:37:56.802+0000][1][safepoint    ] Total time for which application threads were stopped: 0.0000379 seconds, Stopping threads took: 0.0000130 seconds
[2020-01-13T13:37:56.802+0000][1][safepoint    ] Application time: 0.0000267 seconds
[2020-01-13T13:37:56.802+0000][1][safepoint    ] Entering safepoint region: RevokeBias
[2020-01-13T13:37:56.803+0000][1][safepoint    ] Leaving safepoint region
[2020-01-13T13:37:56.803+0000][1][safepoint    ] Total time for which application threads were stopped: 0.0000359 seconds, Stopping threads took: 0.0000125 seconds
[2020-01-13T13:37:56.804+0000][1][safepoint    ] Application time: 0.0017103 seconds
[2020-01-13T13:37:56.804+0000][1][safepoint    ] Entering safepoint region: RevokeBias
[2020-01-13T13:37:56.804+0000][1][safepoint    ] Leaving safepoint region
[2020-01-13T13:37:56.804+0000][1][safepoint    ] Total time for which application threads were stopped: 0.0000877 seconds, Stopping threads took: 0.0000226 seconds
[2020-01-13T13:37:56.804+0000][1][safepoint    ] Application time: 0.0001171 seconds
[2020-01-13T13:37:56.805+0000][1][safepoint    ] Entering safepoint region: RevokeBias
[2020-01-13T13:37:56.805+0000][1][safepoint    ] Leaving safepoint region
[2020-01-13T13:37:56.805+0000][1][safepoint    ] Total time for which application threads were stopped: 0.0000435 seconds, Stopping threads took: 0.0000141 seconds
[2020-01-13T13:37:56.805+0000][1][safepoint    ] Application time: 0.0000247 seconds
[2020-01-13T13:37:56.805+0000][1][safepoint    ] Entering safepoint region: RevokeBias
[2020-01-13T13:37:56.805+0000][1][safepoint    ] Leaving safepoint region
[2020-01-13T13:37:56.805+0000][1][safepoint    ] Total time for which application threads were stopped: 0.0000328 seconds, Stopping threads took: 0.0000125 seconds
[2020-01-13T13:37:56.846+0000][1][safepoint    ] Application time: 0.0415942 seconds
[2020-01-13T13:37:56.848+0000][1][safepoint    ] Entering safepoint region: RevokeBias
[2020-01-13T13:37:56.848+0000][1][safepoint    ] Leaving safepoint region
[2020-01-13T13:37:56.848+0000][1][safepoint    ] Total time for which application threads were stopped: 0.0020701 seconds, Stopping threads took: 0.0019735 seconds
[2020-01-13T13:37:56.854+0000][1][safepoint    ] Application time: 0.0059331 seconds
[2020-01-13T13:37:56.854+0000][1][safepoint    ] Entering safepoint region: RevokeBias
[2020-01-13T13:37:56.855+0000][1][safepoint    ] Leaving safepoint region
[2020-01-13T13:37:56.855+0000][1][safepoint    ] Total time for which application threads were stopped: 0.0002066 seconds, Stopping threads took: 0.0000995 seconds
[2020-01-13T13:37:56.855+0000][1][safepoint    ] Application time: 0.0002699 seconds
[2020-01-13T13:37:56.855+0000][1][safepoint    ] Entering safepoint region: RevokeBias
[2020-01-13T13:37:56.855+0000][1][safepoint    ] Leaving safepoint region
[2020-01-13T13:37:56.855+0000][1][safepoint    ] Total time for which application threads were stopped: 0.0000867 seconds, Stopping threads took: 0.0000120 seconds
[2020-01-13T13:37:56.862+0000][1][safepoint    ] Application time: 0.0075407 seconds
[2020-01-13T13:37:56.863+0000][1][safepoint    ] Entering safepoint region: RevokeBias
[2020-01-13T13:37:56.863+0000][1][safepoint    ] Leaving safepoint region
[2020-01-13T13:37:56.863+0000][1][safepoint    ] Total time for which application threads were stopped: 0.0009153 seconds, Stopping threads took: 0.0008243 seconds
[2020-01-13T13:37:56.864+0000][1][safepoint    ] Application time: 0.0003707 seconds
[2020-01-13T13:37:56.864+0000][1][safepoint    ] Entering safepoint region: RevokeBias
[2020-01-13T13:37:56.864+0000][1][safepoint    ] Leaving safepoint region
[2020-01-13T13:37:56.864+0000][1][safepoint    ] Total time for which application threads were stopped: 0.0001118 seconds, Stopping threads took: 0.0000385 seconds
[2020-01-13T13:37:56.865+0000][1][safepoint    ] Application time: 0.0014609 seconds
[2020-01-13T13:37:56.866+0000][1][safepoint    ] Entering safepoint region: RevokeBias
[2020-01-13T13:37:56.866+0000][1][safepoint    ] Leaving safepoint region
[2020-01-13T13:37:56.866+0000][1][safepoint    ] Total time for which application threads were stopped: 0.0009599 seconds, Stopping threads took: 0.0008810 seconds
[2020-01-13T13:37:56.866+0000][1][safepoint    ] Application time: 0.0000482 seconds
[2020-01-13T13:37:56.866+0000][1][safepoint    ] Entering safepoint region: RevokeBias
[2020-01-13T13:37:56.866+0000][1][safepoint    ] Leaving safepoint region
[2020-01-13T13:37:56.866+0000][1][safepoint    ] Total time for which application threads were stopped: 0.0000509 seconds, Stopping threads took: 0.0000062 seconds
[2020-01-13T13:37:56.867+0000][1][safepoint    ] Application time: 0.0000266 seconds
[2020-01-13T13:37:56.867+0000][1][safepoint    ] Entering safepoint region: RevokeBias
[2020-01-13T13:37:56.867+0000][1][safepoint    ] Leaving safepoint region
[2020-01-13T13:37:56.867+0000][1][safepoint    ] Total time for which application threads were stopped: 0.0000465 seconds, Stopping threads took: 0.0000059 seconds
[2020-01-13T13:37:56.867+0000][1][safepoint    ] Application time: 0.0001811 seconds
[2020-01-13T13:37:56.867+0000][1][safepoint    ] Entering safepoint region: RevokeBias
[2020-01-13T13:37:56.867+0000][1][safepoint    ] Leaving safepoint region
[2020-01-13T13:37:56.867+0000][1][safepoint    ] Total time for which application threads were stopped: 0.0000532 seconds, Stopping threads took: 0.0000070 seconds
[2020-01-13T13:37:56.873+0000][1][safepoint    ] Application time: 0.0060546 seconds
[2020-01-13T13:37:56.873+0000][1][safepoint    ] Entering safepoint region: RevokeBias
[2020-01-13T13:37:56.873+0000][1][safepoint    ] Leaving safepoint region
[2020-01-13T13:37:56.873+0000][1][safepoint    ] Total time for which application threads were stopped: 0.0001212 seconds, Stopping threads took: 0.0000361 seconds
[2020-01-13T13:37:56.873+0000][1][safepoint    ] Application time: 0.0000854 seconds
[2020-01-13T13:37:56.873+0000][1][safepoint    ] Entering safepoint region: RevokeBias
[2020-01-13T13:37:56.873+0000][1][safepoint    ] Leaving safepoint region
[2020-01-13T13:37:56.873+0000][1][safepoint    ] Total time for which application threads were stopped: 0.0000406 seconds, Stopping threads took: 0.0000141 seconds
[2020-01-13T13:37:56.873+0000][1][safepoint    ] Application time: 0.0000515 seconds
[2020-01-13T13:37:56.873+0000][1][safepoint    ] Entering safepoint region: RevokeBias
[2020-01-13T13:37:56.873+0000][1][safepoint    ] Leaving safepoint region
[2020-01-13T13:37:56.873+0000][1][safepoint    ] Total time for which application threads were stopped: 0.0000516 seconds, Stopping threads took: 0.0000133 seconds
[2020-01-13T13:37:56.874+0000][1][safepoint    ] Application time: 0.0002318 seconds
[2020-01-13T13:37:56.874+0000][1][safepoint    ] Entering safepoint region: RevokeBias
[2020-01-13T13:37:56.874+0000][1][safepoint    ] Leaving safepoint region
[2020-01-13T13:37:56.874+0000][1][safepoint    ] Total time for which application threads were stopped: 0.0000543 seconds, Stopping threads took: 0.0000164 seconds
[2020-01-13T13:37:56.874+0000][1][safepoint    ] Application time: 0.0000495 seconds
[2020-01-13T13:37:56.874+0000][1][safepoint    ] Entering safepoint region: BulkRevokeBias
[2020-01-13T13:37:56.874+0000][1][safepoint    ] Leaving safepoint region
[2020-01-13T13:37:56.874+0000][1][safepoint    ] Total time for which application threads were stopped: 0.0002154 seconds, Stopping threads took: 0.0000131 seconds
[2020-01-13T13:37:57.196+0000][1][safepoint    ] Application time: 0.3217847 seconds
[2020-01-13T13:37:57.196+0000][1][safepoint    ] Entering safepoint region: RevokeBias
[2020-01-13T13:37:57.196+0000][1][safepoint    ] Leaving safepoint region
[2020-01-13T13:37:57.196+0000][1][safepoint    ] Total time for which application threads were stopped: 0.0000913 seconds, Stopping threads took: 0.0000232 seconds
[2020-01-13T13:37:57.196+0000][1][safepoint    ] Application time: 0.0000610 seconds
[2020-01-13T13:37:57.196+0000][1][safepoint    ] Entering safepoint region: RevokeBias
[2020-01-13T13:37:57.196+0000][1][safepoint    ] Leaving safepoint region
[2020-01-13T13:37:57.196+0000][1][safepoint    ] Total time for which application threads were stopped: 0.0000227 seconds, Stopping threads took: 0.0000059 seconds
[2020-01-13T13:37:57.196+0000][1][safepoint    ] Application time: 0.0000227 seconds
[2020-01-13T13:37:57.196+0000][1][safepoint    ] Entering safepoint region: RevokeBias
[2020-01-13T13:37:57.196+0000][1][safepoint    ] Leaving safepoint region
[2020-01-13T13:37:57.196+0000][1][safepoint    ] Total time for which application threads were stopped: 0.0000352 seconds, Stopping threads took: 0.0000189 seconds
[2020-01-13T13:37:57.196+0000][1][safepoint    ] Application time: 0.0000225 seconds
[2020-01-13T13:37:57.196+0000][1][safepoint    ] Entering safepoint region: RevokeBias
[2020-01-13T13:37:57.196+0000][1][safepoint    ] Leaving safepoint region
[2020-01-13T13:37:57.196+0000][1][safepoint    ] Total time for which application threads were stopped: 0.0000213 seconds, Stopping threads took: 0.0000057 seconds
[2020-01-13T13:37:57.196+0000][1][safepoint    ] Application time: 0.0000238 seconds
[2020-01-13T13:37:57.196+0000][1][safepoint    ] Entering safepoint region: RevokeBias
[2020-01-13T13:37:57.196+0000][1][safepoint    ] Leaving safepoint region
[2020-01-13T13:37:57.196+0000][1][safepoint    ] Total time for which application threads were stopped: 0.0000209 seconds, Stopping threads took: 0.0000055 seconds
[2020-01-13T13:37:57.196+0000][1][safepoint    ] Application time: 0.0000267 seconds
[2020-01-13T13:37:57.196+0000][1][safepoint    ] Entering safepoint region: RevokeBias
[2020-01-13T13:37:57.196+0000][1][safepoint    ] Leaving safepoint region
[2020-01-13T13:37:57.196+0000][1][safepoint    ] Total time for which application threads were stopped: 0.0000209 seconds, Stopping threads took: 0.0000055 seconds
[2020-01-13T13:37:57.196+0000][1][safepoint    ] Application time: 0.0000223 seconds
[2020-01-13T13:37:57.196+0000][1][safepoint    ] Entering safepoint region: RevokeBias
[2020-01-13T13:37:57.196+0000][1][safepoint    ] Leaving safepoint region
[2020-01-13T13:37:57.196+0000][1][safepoint    ] Total time for which application threads were stopped: 0.0000220 seconds, Stopping threads took: 0.0000057 seconds
[2020-01-13T13:37:57.196+0000][1][safepoint    ] Application time: 0.0000248 seconds
[2020-01-13T13:37:57.196+0000][1][safepoint    ] Entering safepoint region: RevokeBias
[2020-01-13T13:37:57.196+0000][1][safepoint    ] Leaving safepoint region
[2020-01-13T13:37:57.196+0000][1][safepoint    ] Total time for which application threads were stopped: 0.0000210 seconds, Stopping threads took: 0.0000055 seconds
[2020-01-13T13:38:01.762+0000][1][safepoint    ] Application time: 4.5654796 seconds
[2020-01-13T13:38:01.762+0000][1][safepoint    ] Entering safepoint region: Cleanup
[2020-01-13T13:38:01.762+0000][1][safepoint    ] Leaving safepoint region
[2020-01-13T13:38:01.762+0000][1][safepoint    ] Total time for which application threads were stopped: 0.0001510 seconds, Stopping threads took: 0.0000309 seconds
[2020-01-13T13:38:02.083+0000][1][safepoint    ] Application time: 0.3206926 seconds
[2020-01-13T13:38:02.085+0000][1][safepoint    ] Entering safepoint region: RevokeBias
[2020-01-13T13:38:02.085+0000][1][safepoint    ] Leaving safepoint region
[2020-01-13T13:38:02.085+0000][1][safepoint    ] Total time for which application threads were stopped: 0.0020667 seconds, Stopping threads took: 0.0019902 seconds
[2020-01-13T13:38:02.085+0000][1][safepoint    ] Application time: 0.0002541 seconds
[2020-01-13T13:38:02.085+0000][1][safepoint    ] Entering safepoint region: RevokeBias
[2020-01-13T13:38:02.085+0000][1][safepoint    ] Leaving safepoint region
[2020-01-13T13:38:02.085+0000][1][safepoint    ] Total time for which application threads were stopped: 0.0000999 seconds, Stopping threads took: 0.0000083 seconds
[2020-01-13T13:38:02.085+0000][1][safepoint    ] Application time: 0.0000326 seconds
[2020-01-13T13:38:02.085+0000][1][safepoint    ] Entering safepoint region: RevokeBias
[2020-01-13T13:38:02.085+0000][1][safepoint    ] Leaving safepoint region
[2020-01-13T13:38:02.085+0000][1][safepoint    ] Total time for which application threads were stopped: 0.0000359 seconds, Stopping threads took: 0.0000153 seconds
[2020-01-13T13:38:02.100+0000][1][safepoint    ] Application time: 0.0144559 seconds
[2020-01-13T13:38:02.100+0000][1][safepoint    ] Entering safepoint region: RevokeBias
[2020-01-13T13:38:02.100+0000][1][safepoint    ] Leaving safepoint region
[2020-01-13T13:38:02.100+0000][1][safepoint    ] Total time for which application threads were stopped: 0.0001032 seconds, Stopping threads took: 0.0000360 seconds
[2020-01-13T13:38:02.100+0000][1][safepoint    ] Application time: 0.0000439 seconds
[2020-01-13T13:38:02.100+0000][1][safepoint    ] Entering safepoint region: RevokeBias
[2020-01-13T13:38:02.100+0000][1][safepoint    ] Leaving safepoint region
[2020-01-13T13:38:02.100+0000][1][safepoint    ] Total time for which application threads were stopped: 0.0000506 seconds, Stopping threads took: 0.0000267 seconds
[2020-01-13T13:38:02.131+0000][1][safepoint    ] Application time: 0.0312523 seconds
[2020-01-13T13:38:02.134+0000][1][safepoint    ] Entering safepoint region: GenCollectForAllocation
[2020-01-13T13:38:02.134+0000][1][gc,start     ] GC(22) Pause Young (Allocation Failure)
[2020-01-13T13:38:02.134+0000][1][gc,task      ] GC(22) Using 1 workers of 1 for evacuation
[2020-01-13T13:38:02.195+0000][1][gc,age       ] GC(22) Desired survivor size 4358144 bytes, new threshold 2 (max threshold 6)
[2020-01-13T13:38:02.195+0000][1][gc,age       ] GC(22) Age table with threshold 2 (max threshold 6)
[2020-01-13T13:38:02.195+0000][1][gc,age       ] GC(22) - age   1:    2571512 bytes,    2571512 total
[2020-01-13T13:38:02.195+0000][1][gc,age       ] GC(22) - age   2:    2829632 bytes,    5401144 total
[2020-01-13T13:38:02.195+0000][1][gc,heap      ] GC(22) ParNew: 76672K->8512K(76672K)
[2020-01-13T13:38:02.195+0000][1][gc,heap      ] GC(22) CMS: 60547K->62617K(176960K)
[2020-01-13T13:38:02.195+0000][1][gc,metaspace ] GC(22) Metaspace: 65211K->65211K(1107968K)
[2020-01-13T13:38:02.195+0000][1][gc           ] GC(22) Pause Young (Allocation Failure) 134M->69M(247M) 60.804ms
[2020-01-13T13:38:02.195+0000][1][gc,cpu       ] GC(22) User=0.06s Sys=0.00s Real=0.06s
[2020-01-13T13:38:02.195+0000][1][safepoint    ] Leaving safepoint region
[2020-01-13T13:38:02.195+0000][1][safepoint    ] Total time for which application threads were stopped: 0.0640664 seconds, Stopping threads took: 0.0030827 seconds
[2020-01-13T13:38:02.197+0000][1][safepoint    ] Application time: 0.0013588 seconds
[2020-01-13T13:38:02.197+0000][1][safepoint    ] Entering safepoint region: RevokeBias
[2020-01-13T13:38:02.197+0000][1][safepoint    ] Leaving safepoint region
[2020-01-13T13:38:02.197+0000][1][safepoint    ] Total time for which application threads were stopped: 0.0001109 seconds, Stopping threads took: 0.0000164 seconds
[2020-01-13T13:38:02.198+0000][1][safepoint    ] Application time: 0.0010047 seconds
[2020-01-13T13:38:02.198+0000][1][safepoint    ] Entering safepoint region: RevokeBias
[2020-01-13T13:38:02.198+0000][1][safepoint    ] Leaving safepoint region
[2020-01-13T13:38:02.198+0000][1][safepoint    ] Total time for which application threads were stopped: 0.0000750 seconds, Stopping threads took: 0.0000120 seconds
[2020-01-13T13:38:02.218+0000][1][safepoint    ] Application time: 0.0205797 seconds
[2020-01-13T13:38:02.219+0000][1][safepoint    ] Entering safepoint region: RevokeBias
[2020-01-13T13:38:02.219+0000][1][safepoint    ] Leaving safepoint region
[2020-01-13T13:38:02.219+0000][1][safepoint    ] Total time for which application threads were stopped: 0.0009160 seconds, Stopping threads took: 0.0007754 seconds
[2020-01-13T13:38:02.243+0000][1][safepoint    ] Application time: 0.0236848 seconds
[2020-01-13T13:38:02.243+0000][1][safepoint    ] Entering safepoint region: RevokeBias
[2020-01-13T13:38:02.243+0000][1][safepoint    ] Leaving safepoint region
[2020-01-13T13:38:02.243+0000][1][safepoint    ] Total time for which application threads were stopped: 0.0001193 seconds, Stopping threads took: 0.0000333 seconds
[2020-01-13T13:38:02.244+0000][1][safepoint    ] Application time: 0.0003314 seconds
[2020-01-13T13:38:02.244+0000][1][safepoint    ] Entering safepoint region: RevokeBias
[2020-01-13T13:38:02.244+0000][1][safepoint    ] Leaving safepoint region
[2020-01-13T13:38:02.244+0000][1][safepoint    ] Total time for which application threads were stopped: 0.0000715 seconds, Stopping threads took: 0.0000243 seconds
[2020-01-13T13:38:02.245+0000][1][safepoint    ] Application time: 0.0013976 seconds
[2020-01-13T13:38:02.248+0000][1][safepoint    ] Entering safepoint region: RevokeBias
[2020-01-13T13:38:02.248+0000][1][safepoint    ] Leaving safepoint region
[2020-01-13T13:38:02.248+0000][1][safepoint    ] Total time for which application threads were stopped: 0.0032581 seconds, Stopping threads took: 0.0031578 seconds
[2020-01-13T13:38:02.260+0000][1][safepoint    ] Application time: 0.0120933 seconds
[2020-01-13T13:38:02.263+0000][1][safepoint    ] Entering safepoint region: RevokeBias
[2020-01-13T13:38:02.263+0000][1][safepoint    ] Leaving safepoint region
[2020-01-13T13:38:02.263+0000][1][safepoint    ] Total time for which application threads were stopped: 0.0028375 seconds, Stopping threads took: 0.0027708 seconds
[2020-01-13T13:38:02.289+0000][1][safepoint    ] Application time: 0.0255706 seconds
[2020-01-13T13:38:02.289+0000][1][safepoint    ] Entering safepoint region: RevokeBias
[2020-01-13T13:38:02.289+0000][1][safepoint    ] Leaving safepoint region
[2020-01-13T13:38:02.289+0000][1][safepoint    ] Total time for which application threads were stopped: 0.0001887 seconds, Stopping threads took: 0.0001050 seconds
[2020-01-13T13:38:02.290+0000][1][safepoint    ] Application time: 0.0006503 seconds
[2020-01-13T13:38:02.290+0000][1][safepoint    ] Entering safepoint region: Deoptimize
[2020-01-13T13:38:02.291+0000][1][safepoint    ] Leaving safepoint region
[2020-01-13T13:38:02.291+0000][1][safepoint    ] Total time for which application threads were stopped: 0.0008261 seconds, Stopping threads took: 0.0000130 seconds
[2020-01-13T13:38:02.310+0000][1][safepoint    ] Application time: 0.0195278 seconds
[2020-01-13T13:38:02.310+0000][1][safepoint    ] Entering safepoint region: Deoptimize
[2020-01-13T13:38:02.311+0000][1][safepoint    ] Leaving safepoint region
[2020-01-13T13:38:02.311+0000][1][safepoint    ] Total time for which application threads were stopped: 0.0008874 seconds, Stopping threads took: 0.0000429 seconds
[2020-01-13T13:38:02.341+0000][1][safepoint    ] Application time: 0.0295894 seconds
[2020-01-13T13:38:02.341+0000][1][safepoint    ] Entering safepoint region: RevokeBias
[2020-01-13T13:38:02.341+0000][1][safepoint    ] Leaving safepoint region
[2020-01-13T13:38:02.341+0000][1][safepoint    ] Total time for which application threads were stopped: 0.0006078 seconds, Stopping threads took: 0.0004986 seconds
[2020-01-13T13:38:02.343+0000][1][safepoint    ] Application time: 0.0016444 seconds
[2020-01-13T13:38:02.343+0000][1][safepoint    ] Entering safepoint region: RevokeBias
[2020-01-13T13:38:02.343+0000][1][safepoint    ] Leaving safepoint region
[2020-01-13T13:38:02.343+0000][1][safepoint    ] Total time for which application threads were stopped: 0.0000955 seconds, Stopping threads took: 0.0000364 seconds
[2020-01-13T13:38:02.343+0000][1][safepoint    ] Application time: 0.0003452 seconds
[2020-01-13T13:38:02.344+0000][1][safepoint    ] Entering safepoint region: RevokeBias
[2020-01-13T13:38:02.344+0000][1][safepoint    ] Leaving safepoint region
[2020-01-13T13:38:02.344+0000][1][safepoint    ] Total time for which application threads were stopped: 0.0001502 seconds, Stopping threads took: 0.0000807 seconds
[2020-01-13T13:38:02.344+0000][1][safepoint    ] Application time: 0.0007027 seconds
[2020-01-13T13:38:02.346+0000][1][safepoint    ] Entering safepoint region: RevokeBias
[2020-01-13T13:38:02.346+0000][1][safepoint    ] Leaving safepoint region
[2020-01-13T13:38:02.346+0000][1][safepoint    ] Total time for which application threads were stopped: 0.0019838 seconds, Stopping threads took: 0.0019389 seconds
[2020-01-13T13:38:02.347+0000][1][safepoint    ] Application time: 0.0002109 seconds
[2020-01-13T13:38:02.347+0000][1][safepoint    ] Entering safepoint region: RevokeBias
[2020-01-13T13:38:02.347+0000][1][safepoint    ] Leaving safepoint region
[2020-01-13T13:38:02.347+0000][1][safepoint    ] Total time for which application threads were stopped: 0.0000381 seconds, Stopping threads took: 0.0000076 seconds
[2020-01-13T13:38:02.366+0000][1][safepoint    ] Application time: 0.0196276 seconds
[2020-01-13T13:38:02.367+0000][1][safepoint    ] Entering safepoint region: RevokeBias
[2020-01-13T13:38:02.367+0000][1][safepoint    ] Leaving safepoint region
[2020-01-13T13:38:02.367+0000][1][safepoint    ] Total time for which application threads were stopped: 0.0007781 seconds, Stopping threads took: 0.0007104 seconds
[2020-01-13T13:38:02.368+0000][1][safepoint    ] Application time: 0.0006032 seconds
[2020-01-13T13:38:02.368+0000][1][safepoint    ] Entering safepoint region: RevokeBias
[2020-01-13T13:38:02.368+0000][1][safepoint    ] Leaving safepoint region
[2020-01-13T13:38:02.368+0000][1][safepoint    ] Total time for which application threads were stopped: 0.0000596 seconds, Stopping threads took: 0.0000116 seconds
[2020-01-13T13:38:02.386+0000][1][safepoint    ] Application time: 0.0182004 seconds
[2020-01-13T13:38:02.386+0000][1][safepoint    ] Entering safepoint region: BulkRevokeBias
[2020-01-13T13:38:02.386+0000][1][safepoint    ] Leaving safepoint region
[2020-01-13T13:38:02.386+0000][1][safepoint    ] Total time for which application threads were stopped: 0.0004440 seconds, Stopping threads took: 0.0000289 seconds
[2020-01-13T13:38:02.387+0000][1][safepoint    ] Application time: 0.0000451 seconds
[2020-01-13T13:38:02.387+0000][1][safepoint    ] Entering safepoint region: RevokeBias
[2020-01-13T13:38:02.387+0000][1][safepoint    ] Leaving safepoint region
[2020-01-13T13:38:02.387+0000][1][safepoint    ] Total time for which application threads were stopped: 0.0000536 seconds, Stopping threads took: 0.0000075 seconds
[2020-01-13T13:38:02.389+0000][1][safepoint    ] Application time: 0.0028385 seconds
[2020-01-13T13:38:02.390+0000][1][safepoint    ] Entering safepoint region: RevokeBias
[2020-01-13T13:38:02.390+0000][1][safepoint    ] Leaving safepoint region
[2020-01-13T13:38:02.390+0000][1][safepoint    ] Total time for which application threads were stopped: 0.0001585 seconds, Stopping threads took: 0.0001044 seconds
[2020-01-13T13:38:02.391+0000][1][safepoint    ] Application time: 0.0011145 seconds
[2020-01-13T13:38:02.391+0000][1][safepoint    ] Entering safepoint region: RevokeBias
[2020-01-13T13:38:02.391+0000][1][safepoint    ] Leaving safepoint region
[2020-01-13T13:38:02.391+0000][1][safepoint    ] Total time for which application threads were stopped: 0.0000994 seconds, Stopping threads took: 0.0000303 seconds
[2020-01-13T13:38:02.392+0000][1][safepoint    ] Application time: 0.0007851 seconds
[2020-01-13T13:38:02.392+0000][1][safepoint    ] Entering safepoint region: RevokeBias
[2020-01-13T13:38:02.392+0000][1][safepoint    ] Leaving safepoint region
[2020-01-13T13:38:02.392+0000][1][safepoint    ] Total time for which application threads were stopped: 0.0000619 seconds, Stopping threads took: 0.0000220 seconds
[2020-01-13T13:38:02.438+0000][1][safepoint    ] Application time: 0.0461783 seconds
[2020-01-13T13:38:02.438+0000][1][safepoint    ] Entering safepoint region: RevokeBias
[2020-01-13T13:38:02.438+0000][1][safepoint    ] Leaving safepoint region
[2020-01-13T13:38:02.438+0000][1][safepoint    ] Total time for which application threads were stopped: 0.0001365 seconds, Stopping threads took: 0.0000403 seconds
[2020-01-13T13:38:03.438+0000][1][safepoint    ] Application time: 1.0001304 seconds
[2020-01-13T13:38:03.438+0000][1][safepoint    ] Entering safepoint region: Cleanup
[2020-01-13T13:38:03.438+0000][1][safepoint    ] Leaving safepoint region
[2020-01-13T13:38:03.438+0000][1][safepoint    ] Total time for which application threads were stopped: 0.0001131 seconds, Stopping threads took: 0.0000311 seconds
[2020-01-13T13:38:04.439+0000][1][safepoint    ] Application time: 1.0001330 seconds
[2020-01-13T13:38:04.439+0000][1][safepoint    ] Entering safepoint region: Cleanup
[2020-01-13T13:38:04.439+0000][1][safepoint    ] Leaving safepoint region
[2020-01-13T13:38:04.439+0000][1][safepoint    ] Total time for which application threads were stopped: 0.0001119 seconds, Stopping threads took: 0.0000323 seconds
[2020-01-13T13:38:06.439+0000][1][safepoint    ] Application time: 2.0001774 seconds
[2020-01-13T13:38:06.439+0000][1][safepoint    ] Entering safepoint region: Cleanup
[2020-01-13T13:38:06.439+0000][1][safepoint    ] Leaving safepoint region
[2020-01-13T13:38:06.439+0000][1][safepoint    ] Total time for which application threads were stopped: 0.0000979 seconds, Stopping threads took: 0.0000261 seconds
[2020-01-13T13:38:07.054+0000][1][safepoint    ] Application time: 0.6148410 seconds
[2020-01-13T13:38:07.054+0000][1][safepoint    ] Entering safepoint region: RevokeBias
[2020-01-13T13:38:07.054+0000][1][safepoint    ] Leaving safepoint region
[2020-01-13T13:38:07.054+0000][1][safepoint    ] Total time for which application threads were stopped: 0.0002829 seconds, Stopping threads took: 0.0001963 seconds
[2020-01-13T13:38:07.056+0000][1][safepoint    ] Application time: 0.0017364 seconds
[2020-01-13T13:38:07.056+0000][1][safepoint    ] Entering safepoint region: RevokeBias
[2020-01-13T13:38:07.056+0000][1][safepoint    ] Leaving safepoint region
[2020-01-13T13:38:07.056+0000][1][safepoint    ] Total time for which application threads were stopped: 0.0001005 seconds, Stopping threads took: 0.0000273 seconds
[2020-01-13T13:38:07.064+0000][1][safepoint    ] Application time: 0.0082194 seconds
[2020-01-13T13:38:07.067+0000][1][safepoint    ] Entering safepoint region: RevokeBias
[2020-01-13T13:38:07.067+0000][1][safepoint    ] Leaving safepoint region
[2020-01-13T13:38:07.067+0000][1][safepoint    ] Total time for which application threads were stopped: 0.0031012 seconds, Stopping threads took: 0.0030142 seconds
[2020-01-13T13:38:07.070+0000][1][safepoint    ] Application time: 0.0030037 seconds
[2020-01-13T13:38:07.071+0000][1][safepoint    ] Entering safepoint region: RevokeBias
[2020-01-13T13:38:07.071+0000][1][safepoint    ] Leaving safepoint region
[2020-01-13T13:38:07.071+0000][1][safepoint    ] Total time for which application threads were stopped: 0.0009051 seconds, Stopping threads took: 0.0008056 seconds
[2020-01-13T13:38:08.072+0000][1][safepoint    ] Application time: 1.0001101 seconds
[2020-01-13T13:38:08.072+0000][1][safepoint    ] Entering safepoint region: Cleanup
[2020-01-13T13:38:08.072+0000][1][safepoint    ] Leaving safepoint region
[2020-01-13T13:38:08.072+0000][1][safepoint    ] Total time for which application threads were stopped: 0.0001043 seconds, Stopping threads took: 0.0000279 seconds
[2020-01-13T13:38:12.072+0000][1][safepoint    ] Application time: 4.0003707 seconds
[2020-01-13T13:38:12.072+0000][1][safepoint    ] Entering safepoint region: Cleanup
[2020-01-13T13:38:12.072+0000][1][safepoint    ] Leaving safepoint region
[2020-01-13T13:38:12.072+0000][1][safepoint    ] Total time for which application threads were stopped: 0.0001326 seconds, Stopping threads took: 0.0000341 seconds
[2020-01-13T13:38:13.025+0000][1][safepoint    ] Application time: 0.9531099 seconds
[2020-01-13T13:38:13.028+0000][1][safepoint    ] Entering safepoint region: RevokeBias
[2020-01-13T13:38:13.028+0000][1][safepoint    ] Leaving safepoint region
[2020-01-13T13:38:13.028+0000][1][safepoint    ] Total time for which application threads were stopped: 0.0026349 seconds, Stopping threads took: 0.0025529 seconds
[2020-01-13T13:38:13.037+0000][1][safepoint    ] Application time: 0.0092120 seconds
[2020-01-13T13:38:13.037+0000][1][safepoint    ] Entering safepoint region: RevokeBias
[2020-01-13T13:38:13.038+0000][1][safepoint    ] Leaving safepoint region
[2020-01-13T13:38:13.038+0000][1][safepoint    ] Total time for which application threads were stopped: 0.0002114 seconds, Stopping threads took: 0.0001072 seconds
[2020-01-13T13:38:14.038+0000][1][safepoint    ] Application time: 1.0001254 seconds
[2020-01-13T13:38:14.038+0000][1][safepoint    ] Entering safepoint region: Cleanup
[2020-01-13T13:38:14.038+0000][1][safepoint    ] Leaving safepoint region
[2020-01-13T13:38:14.038+0000][1][safepoint    ] Total time for which application threads were stopped: 0.0001122 seconds, Stopping threads took: 0.0000329 seconds
[2020-01-13T13:38:17.038+0000][1][safepoint    ] Application time: 3.0002312 seconds
[2020-01-13T13:38:17.038+0000][1][safepoint    ] Entering safepoint region: Cleanup
[2020-01-13T13:38:17.038+0000][1][safepoint    ] Leaving safepoint region
[2020-01-13T13:38:17.038+0000][1][safepoint    ] Total time for which application threads were stopped: 0.0001000 seconds, Stopping threads took: 0.0000243 seconds
[2020-01-13T13:38:18.038+0000][1][safepoint    ] Application time: 1.0001047 seconds
[2020-01-13T13:38:18.038+0000][1][safepoint    ] Entering safepoint region: Cleanup
[2020-01-13T13:38:18.039+0000][1][safepoint    ] Leaving safepoint region
[2020-01-13T13:38:18.039+0000][1][safepoint    ] Total time for which application threads were stopped: 0.0001253 seconds, Stopping threads took: 0.0000301 seconds
[2020-01-13T13:38:19.022+0000][1][safepoint    ] Application time: 0.9835920 seconds
[2020-01-13T13:38:19.024+0000][1][safepoint    ] Entering safepoint region: RevokeBias
[2020-01-13T13:38:19.025+0000][1][safepoint    ] Leaving safepoint region
[2020-01-13T13:38:19.025+0000][1][safepoint    ] Total time for which application threads were stopped: 0.0023191 seconds, Stopping threads took: 0.0022082 seconds
[2020-01-13T13:38:19.031+0000][1][safepoint    ] Application time: 0.0059969 seconds
[2020-01-13T13:38:19.031+0000][1][safepoint    ] Entering safepoint region: RevokeBias
[2020-01-13T13:38:19.031+0000][1][safepoint    ] Leaving safepoint region
[2020-01-13T13:38:19.031+0000][1][safepoint    ] Total time for which application threads were stopped: 0.0001562 seconds, Stopping threads took: 0.0000282 seconds
[2020-01-13T13:38:20.031+0000][1][safepoint    ] Application time: 1.0001207 seconds
[2020-01-13T13:38:20.031+0000][1][safepoint    ] Entering safepoint region: Cleanup
[2020-01-13T13:38:20.031+0000][1][safepoint    ] Leaving safepoint region
[2020-01-13T13:38:20.031+0000][1][safepoint    ] Total time for which application threads were stopped: 0.0001117 seconds, Stopping threads took: 0.0000349 seconds
[2020-01-13T13:38:22.031+0000][1][safepoint    ] Application time: 2.0001637 seconds
[2020-01-13T13:38:22.031+0000][1][safepoint    ] Entering safepoint region: Cleanup
[2020-01-13T13:38:22.031+0000][1][safepoint    ] Leaving safepoint region
[2020-01-13T13:38:22.031+0000][1][safepoint    ] Total time for which application threads were stopped: 0.0001132 seconds, Stopping threads took: 0.0000284 seconds
[2020-01-13T13:38:23.031+0000][1][safepoint    ] Application time: 1.0000806 seconds
[2020-01-13T13:38:23.032+0000][1][safepoint    ] Entering safepoint region: Cleanup
[2020-01-13T13:38:23.032+0000][1][safepoint    ] Leaving safepoint region
[2020-01-13T13:38:23.032+0000][1][safepoint    ] Total time for which application threads were stopped: 0.0001139 seconds, Stopping threads took: 0.0000269 seconds
[2020-01-13T13:38:25.032+0000][1][safepoint    ] Application time: 2.0001689 seconds
[2020-01-13T13:38:25.034+0000][1][safepoint    ] Entering safepoint region: Cleanup
[2020-01-13T13:38:25.034+0000][1][safepoint    ] Leaving safepoint region
[2020-01-13T13:38:25.034+0000][1][safepoint    ] Total time for which application threads were stopped: 0.0018622 seconds, Stopping threads took: 0.0017734 seconds
[2020-01-13T13:38:25.038+0000][1][safepoint    ] Application time: 0.0040076 seconds
[2020-01-13T13:38:25.041+0000][1][safepoint    ] Entering safepoint region: RevokeBias
[2020-01-13T13:38:25.041+0000][1][safepoint    ] Leaving safepoint region
[2020-01-13T13:38:25.041+0000][1][safepoint    ] Total time for which application threads were stopped: 0.0030296 seconds, Stopping threads took: 0.0029394 seconds
[2020-01-13T13:38:25.043+0000][1][safepoint    ] Application time: 0.0016861 seconds
[2020-01-13T13:38:25.043+0000][1][safepoint    ] Entering safepoint region: RevokeBias
[2020-01-13T13:38:25.043+0000][1][safepoint    ] Leaving safepoint region
[2020-01-13T13:38:25.043+0000][1][safepoint    ] Total time for which application threads were stopped: 0.0001357 seconds, Stopping threads took: 0.0000591 seconds
[2020-01-13T13:38:27.046+0000][1][safepoint    ] Application time: 2.0038119 seconds
[2020-01-13T13:38:27.047+0000][1][safepoint    ] Entering safepoint region: Cleanup
[2020-01-13T13:38:27.047+0000][1][safepoint    ] Leaving safepoint region
[2020-01-13T13:38:27.047+0000][1][safepoint    ] Total time for which application threads were stopped: 0.0001237 seconds, Stopping threads took: 0.0000255 seconds
[2020-01-13T13:38:28.047+0000][1][safepoint    ] Application time: 1.0001448 seconds
[2020-01-13T13:38:28.048+0000][1][safepoint    ] Entering safepoint region: Cleanup
[2020-01-13T13:38:28.048+0000][1][safepoint    ] Leaving safepoint region
[2020-01-13T13:38:28.048+0000][1][safepoint    ] Total time for which application threads were stopped: 0.0001071 seconds, Stopping threads took: 0.0000334 seconds
[2020-01-13T13:38:30.048+0000][1][safepoint    ] Application time: 2.0002093 seconds
[2020-01-13T13:38:30.048+0000][1][safepoint    ] Entering safepoint region: Cleanup
[2020-01-13T13:38:30.048+0000][1][safepoint    ] Leaving safepoint region
[2020-01-13T13:38:30.048+0000][1][safepoint    ] Total time for which application threads were stopped: 0.0001002 seconds, Stopping threads took: 0.0000272 seconds
[2020-01-13T13:38:31.026+0000][1][safepoint    ] Application time: 0.9778950 seconds
[2020-01-13T13:38:31.027+0000][1][safepoint    ] Entering safepoint region: RevokeBias
[2020-01-13T13:38:31.027+0000][1][safepoint    ] Leaving safepoint region
[2020-01-13T13:38:31.027+0000][1][safepoint    ] Total time for which application threads were stopped: 0.0012487 seconds, Stopping threads took: 0.0011512 seconds
[2020-01-13T13:38:31.032+0000][1][safepoint    ] Application time: 0.0047140 seconds
[2020-01-13T13:38:31.032+0000][1][safepoint    ] Entering safepoint region: BulkRevokeBias
[2020-01-13T13:38:31.033+0000][1][safepoint    ] Leaving safepoint region
[2020-01-13T13:38:31.033+0000][1][safepoint    ] Total time for which application threads were stopped: 0.0007048 seconds, Stopping threads took: 0.0000332 seconds
[2020-01-13T13:38:32.033+0000][1][safepoint    ] Application time: 1.0001294 seconds
[2020-01-13T13:38:32.033+0000][1][safepoint    ] Entering safepoint region: Cleanup
[2020-01-13T13:38:32.033+0000][1][safepoint    ] Leaving safepoint region
[2020-01-13T13:38:32.033+0000][1][safepoint    ] Total time for which application threads were stopped: 0.0001244 seconds, Stopping threads took: 0.0000398 seconds
[2020-01-13T13:38:32.371+0000][1][safepoint    ] Application time: 0.3382850 seconds
[2020-01-13T13:38:32.372+0000][1][safepoint    ] Entering safepoint region: BulkRevokeBias
[2020-01-13T13:38:32.372+0000][1][safepoint    ] Leaving safepoint region
[2020-01-13T13:38:32.372+0000][1][safepoint    ] Total time for which application threads were stopped: 0.0003878 seconds, Stopping threads took: 0.0000630 seconds
[2020-01-13T13:38:32.379+0000][1][safepoint    ] Application time: 0.0066326 seconds
[2020-01-13T13:38:32.379+0000][1][safepoint    ] Entering safepoint region: RevokeBias
[2020-01-13T13:38:32.379+0000][1][safepoint    ] Leaving safepoint region
[2020-01-13T13:38:32.379+0000][1][safepoint    ] Total time for which application threads were stopped: 0.0001142 seconds, Stopping threads took: 0.0000368 seconds
[2020-01-13T13:38:32.465+0000][1][safepoint    ] Application time: 0.0862113 seconds
[2020-01-13T13:38:32.465+0000][1][safepoint    ] Entering safepoint region: RevokeBias
[2020-01-13T13:38:32.465+0000][1][safepoint    ] Leaving safepoint region
[2020-01-13T13:38:32.465+0000][1][safepoint    ] Total time for which application threads were stopped: 0.0001658 seconds, Stopping threads took: 0.0000430 seconds
[2020-01-13T13:38:37.027+0000][1][safepoint    ] Application time: 4.5617499 seconds
[2020-01-13T13:38:37.029+0000][1][safepoint    ] Entering safepoint region: RevokeBias
[2020-01-13T13:38:37.029+0000][1][safepoint    ] Leaving safepoint region
[2020-01-13T13:38:37.029+0000][1][safepoint    ] Total time for which application threads were stopped: 0.0021649 seconds, Stopping threads took: 0.0020621 seconds
[2020-01-13T13:38:37.048+0000][1][safepoint    ] Application time: 0.0187678 seconds
[2020-01-13T13:38:37.050+0000][1][safepoint    ] Entering safepoint region: RevokeBias
[2020-01-13T13:38:37.051+0000][1][safepoint    ] Leaving safepoint region
[2020-01-13T13:38:37.051+0000][1][safepoint    ] Total time for which application threads were stopped: 0.0026933 seconds, Stopping threads took: 0.0025907 seconds
[2020-01-13T13:38:37.052+0000][1][safepoint    ] Application time: 0.0011771 seconds
[2020-01-13T13:38:37.052+0000][1][safepoint    ] Entering safepoint region: RevokeBias
[2020-01-13T13:38:37.052+0000][1][safepoint    ] Leaving safepoint region
[2020-01-13T13:38:37.052+0000][1][safepoint    ] Total time for which application threads were stopped: 0.0000769 seconds, Stopping threads took: 0.0000259 seconds
[2020-01-13T13:38:37.559+0000][1][safepoint    ] Application time: 0.5071524 seconds
[2020-01-13T13:38:37.559+0000][1][safepoint    ] Entering safepoint region: RevokeBias
[2020-01-13T13:38:37.559+0000][1][safepoint    ] Leaving safepoint region
[2020-01-13T13:38:37.559+0000][1][safepoint    ] Total time for which application threads were stopped: 0.0000927 seconds, Stopping threads took: 0.0000206 seconds
[2020-01-13T13:38:43.024+0000][1][safepoint    ] Application time: 5.4652886 seconds
[2020-01-13T13:38:43.026+0000][1][safepoint    ] Entering safepoint region: RevokeBias
[2020-01-13T13:38:43.026+0000][1][safepoint    ] Leaving safepoint region
[2020-01-13T13:38:43.026+0000][1][safepoint    ] Total time for which application threads were stopped: 0.0013519 seconds, Stopping threads took: 0.0012553 seconds
[2020-01-13T13:38:43.032+0000][1][safepoint    ] Application time: 0.0061533 seconds
[2020-01-13T13:38:43.033+0000][1][safepoint    ] Entering safepoint region: RevokeBias
[2020-01-13T13:38:43.033+0000][1][safepoint    ] Leaving safepoint region
[2020-01-13T13:38:43.033+0000][1][safepoint    ] Total time for which application threads were stopped: 0.0009736 seconds, Stopping threads took: 0.0008826 seconds
[2020-01-13T13:38:47.037+0000][1][safepoint    ] Application time: 4.0036647 seconds
[2020-01-13T13:38:47.037+0000][1][safepoint    ] Entering safepoint region: Cleanup
[2020-01-13T13:38:47.037+0000][1][safepoint    ] Leaving safepoint region
[2020-01-13T13:38:47.037+0000][1][safepoint    ] Total time for which application threads were stopped: 0.0001411 seconds, Stopping threads took: 0.0000444 seconds
[2020-01-13T13:38:49.031+0000][1][safepoint    ] Application time: 1.9944012 seconds
[2020-01-13T13:38:49.031+0000][1][safepoint    ] Entering safepoint region: RevokeBias
[2020-01-13T13:38:49.032+0000][1][safepoint    ] Leaving safepoint region
[2020-01-13T13:38:49.032+0000][1][safepoint    ] Total time for which application threads were stopped: 0.0002555 seconds, Stopping threads took: 0.0001358 seconds
[2020-01-13T13:38:49.038+0000][1][safepoint    ] Application time: 0.0067653 seconds
[2020-01-13T13:38:49.038+0000][1][safepoint    ] Entering safepoint region: RevokeBias
[2020-01-13T13:38:49.039+0000][1][safepoint    ] Leaving safepoint region
[2020-01-13T13:38:49.039+0000][1][safepoint    ] Total time for which application threads were stopped: 0.0001362 seconds, Stopping threads took: 0.0000532 seconds
[2020-01-13T13:38:51.043+0000][1][safepoint    ] Application time: 2.0040079 seconds
[2020-01-13T13:38:51.043+0000][1][safepoint    ] Entering safepoint region: Cleanup
[2020-01-13T13:38:51.043+0000][1][safepoint    ] Leaving safepoint region
[2020-01-13T13:38:51.043+0000][1][safepoint    ] Total time for which application threads were stopped: 0.0001106 seconds, Stopping threads took: 0.0000288 seconds
[2020-01-13T13:38:52.043+0000][1][safepoint    ] Application time: 1.0001034 seconds
[2020-01-13T13:38:52.043+0000][1][safepoint    ] Entering safepoint region: Cleanup
[2020-01-13T13:38:52.043+0000][1][safepoint    ] Leaving safepoint region
[2020-01-13T13:38:52.043+0000][1][safepoint    ] Total time for which application threads were stopped: 0.0001147 seconds, Stopping threads took: 0.0000283 seconds
[2020-01-13T13:38:55.494+0000][1][safepoint    ] Application time: 3.4509195 seconds
[2020-01-13T13:38:55.495+0000][1][safepoint    ] Entering safepoint region: RevokeBias
[2020-01-13T13:38:55.495+0000][1][safepoint    ] Leaving safepoint region
[2020-01-13T13:38:55.495+0000][1][safepoint    ] Total time for which application threads were stopped: 0.0006782 seconds, Stopping threads took: 0.0005505 seconds
[2020-01-13T13:38:55.496+0000][1][safepoint    ] Application time: 0.0009787 seconds
[2020-01-13T13:38:55.498+0000][1][safepoint    ] Entering safepoint region: RevokeBias
[2020-01-13T13:38:55.498+0000][1][safepoint    ] Leaving safepoint region
[2020-01-13T13:38:55.498+0000][1][safepoint    ] Total time for which application threads were stopped: 0.0027051 seconds, Stopping threads took: 0.0026330 seconds
[2020-01-13T13:38:56.499+0000][1][safepoint    ] Application time: 1.0009890 seconds
[2020-01-13T13:38:56.499+0000][1][safepoint    ] Entering safepoint region: Cleanup
[2020-01-13T13:38:56.500+0000][1][safepoint    ] Leaving safepoint region
[2020-01-13T13:38:56.500+0000][1][safepoint    ] Total time for which application threads were stopped: 0.0001152 seconds, Stopping threads took: 0.0000252 seconds
[2020-01-13T13:39:01.026+0000][1][safepoint    ] Application time: 4.5267099 seconds
[2020-01-13T13:39:01.026+0000][1][safepoint    ] Entering safepoint region: RevokeBias
[2020-01-13T13:39:01.026+0000][1][safepoint    ] Leaving safepoint region
[2020-01-13T13:39:01.026+0000][1][safepoint    ] Total time for which application threads were stopped: 0.0001466 seconds, Stopping threads took: 0.0000553 seconds
[2020-01-13T13:39:01.041+0000][1][safepoint    ] Application time: 0.0142733 seconds
[2020-01-13T13:39:01.042+0000][1][safepoint    ] Entering safepoint region: RevokeBias
[2020-01-13T13:39:01.042+0000][1][safepoint    ] Leaving safepoint region
[2020-01-13T13:39:01.042+0000][1][safepoint    ] Total time for which application threads were stopped: 0.0010225 seconds, Stopping threads took: 0.0009503 seconds
[2020-01-13T13:39:02.042+0000][1][safepoint    ] Application time: 1.0000987 seconds
[2020-01-13T13:39:02.042+0000][1][safepoint    ] Entering safepoint region: Cleanup
[2020-01-13T13:39:02.042+0000][1][safepoint    ] Leaving safepoint region
[2020-01-13T13:39:02.042+0000][1][safepoint    ] Total time for which application threads were stopped: 0.0001075 seconds, Stopping threads took: 0.0000253 seconds
[2020-01-13T13:39:03.042+0000][1][safepoint    ] Application time: 1.0001102 seconds
[2020-01-13T13:39:03.042+0000][1][safepoint    ] Entering safepoint region: Cleanup
[2020-01-13T13:39:03.042+0000][1][safepoint    ] Leaving safepoint region
[2020-01-13T13:39:03.042+0000][1][safepoint    ] Total time for which application threads were stopped: 0.0001514 seconds, Stopping threads took: 0.0000457 seconds
[2020-01-13T13:39:05.043+0000][1][safepoint    ] Application time: 2.0001944 seconds
[2020-01-13T13:39:05.043+0000][1][safepoint    ] Entering safepoint region: Cleanup
[2020-01-13T13:39:05.043+0000][1][safepoint    ] Leaving safepoint region
[2020-01-13T13:39:05.043+0000][1][safepoint    ] Total time for which application threads were stopped: 0.0001163 seconds, Stopping threads took: 0.0000370 seconds
[2020-01-13T13:39:06.043+0000][1][safepoint    ] Application time: 1.0000845 seconds
[2020-01-13T13:39:06.043+0000][1][safepoint    ] Entering safepoint region: Cleanup
[2020-01-13T13:39:06.043+0000][1][safepoint    ] Leaving safepoint region
[2020-01-13T13:39:06.043+0000][1][safepoint    ] Total time for which application threads were stopped: 0.0001000 seconds, Stopping threads took: 0.0000230 seconds
[2020-01-13T13:39:07.032+0000][1][safepoint    ] Application time: 0.9891883 seconds
[2020-01-13T13:39:07.032+0000][1][safepoint    ] Entering safepoint region: RevokeBias
[2020-01-13T13:39:07.032+0000][1][safepoint    ] Leaving safepoint region
[2020-01-13T13:39:07.032+0000][1][safepoint    ] Total time for which application threads were stopped: 0.0001380 seconds, Stopping threads took: 0.0000529 seconds
[2020-01-13T13:39:07.032+0000][1][safepoint    ] Application time: 0.0000718 seconds
[2020-01-13T13:39:07.032+0000][1][safepoint    ] Entering safepoint region: RevokeBias
[2020-01-13T13:39:07.032+0000][1][safepoint    ] Leaving safepoint region
[2020-01-13T13:39:07.032+0000][1][safepoint    ] Total time for which application threads were stopped: 0.0000360 seconds, Stopping threads took: 0.0000064 seconds
[2020-01-13T13:39:07.034+0000][1][safepoint    ] Application time: 0.0013580 seconds
[2020-01-13T13:39:07.034+0000][1][safepoint    ] Entering safepoint region: RevokeBias
[2020-01-13T13:39:07.034+0000][1][safepoint    ] Leaving safepoint region
[2020-01-13T13:39:07.034+0000][1][safepoint    ] Total time for which application threads were stopped: 0.0000833 seconds, Stopping threads took: 0.0000231 seconds
[2020-01-13T13:39:07.123+0000][1][safepoint    ] Application time: 0.0891311 seconds
[2020-01-13T13:39:07.123+0000][1][safepoint    ] Entering safepoint region: RevokeBias
[2020-01-13T13:39:07.125+0000][1][safepoint    ] Leaving safepoint region
[2020-01-13T13:39:07.126+0000][1][safepoint    ] Total time for which application threads were stopped: 0.0028193 seconds, Stopping threads took: 0.0000388 seconds
[2020-01-13T13:39:08.126+0000][1][safepoint    ] Application time: 1.0001580 seconds
[2020-01-13T13:39:08.126+0000][1][safepoint    ] Entering safepoint region: Cleanup
[2020-01-13T13:39:08.126+0000][1][safepoint    ] Leaving safepoint region
[2020-01-13T13:39:08.126+0000][1][safepoint    ] Total time for which application threads were stopped: 0.0001195 seconds, Stopping threads took: 0.0000401 seconds
[2020-01-13T13:39:10.127+0000][1][safepoint    ] Application time: 2.0001977 seconds
[2020-01-13T13:39:10.127+0000][1][safepoint    ] Entering safepoint region: Cleanup
[2020-01-13T13:39:10.127+0000][1][safepoint    ] Leaving safepoint region
[2020-01-13T13:39:10.127+0000][1][safepoint    ] Total time for which application threads were stopped: 0.0001291 seconds, Stopping threads took: 0.0000327 seconds
[2020-01-13T13:39:11.127+0000][1][safepoint    ] Application time: 1.0001071 seconds
[2020-01-13T13:39:11.127+0000][1][safepoint    ] Entering safepoint region: Cleanup
[2020-01-13T13:39:11.127+0000][1][safepoint    ] Leaving safepoint region
[2020-01-13T13:39:11.127+0000][1][safepoint    ] Total time for which application threads were stopped: 0.0001228 seconds, Stopping threads took: 0.0000302 seconds
[2020-01-13T13:39:13.029+0000][1][safepoint    ] Application time: 1.9021022 seconds
[2020-01-13T13:39:13.029+0000][1][safepoint    ] Entering safepoint region: RevokeBias
[2020-01-13T13:39:13.029+0000][1][safepoint    ] Leaving safepoint region
[2020-01-13T13:39:13.029+0000][1][safepoint    ] Total time for which application threads were stopped: 0.0001470 seconds, Stopping threads took: 0.0000559 seconds
[2020-01-13T13:39:13.035+0000][1][safepoint    ] Application time: 0.0055645 seconds
[2020-01-13T13:39:13.043+0000][1][safepoint    ] Entering safepoint region: RevokeBias
[2020-01-13T13:39:13.044+0000][1][safepoint    ] Leaving safepoint region
[2020-01-13T13:39:13.044+0000][1][safepoint    ] Total time for which application threads were stopped: 0.0086331 seconds, Stopping threads took: 0.0085201 seconds
[2020-01-13T13:39:13.052+0000][1][safepoint    ] Application time: 0.0086638 seconds
[2020-01-13T13:39:13.052+0000][1][safepoint    ] Entering safepoint region: RevokeBias
[2020-01-13T13:39:13.052+0000][1][safepoint    ] Leaving safepoint region
[2020-01-13T13:39:13.052+0000][1][safepoint    ] Total time for which application threads were stopped: 0.0001584 seconds, Stopping threads took: 0.0000691 seconds
[2020-01-13T13:39:14.053+0000][1][safepoint    ] Application time: 1.0009169 seconds
[2020-01-13T13:39:14.053+0000][1][safepoint    ] Entering safepoint region: Cleanup
[2020-01-13T13:39:14.054+0000][1][safepoint    ] Leaving safepoint region
[2020-01-13T13:39:14.054+0000][1][safepoint    ] Total time for which application threads were stopped: 0.0001119 seconds, Stopping threads took: 0.0000275 seconds
[2020-01-13T13:39:15.054+0000][1][safepoint    ] Application time: 1.0001096 seconds
[2020-01-13T13:39:15.054+0000][1][safepoint    ] Entering safepoint region: Cleanup
[2020-01-13T13:39:15.054+0000][1][safepoint    ] Leaving safepoint region
[2020-01-13T13:39:15.054+0000][1][safepoint    ] Total time for which application threads were stopped: 0.0001164 seconds, Stopping threads took: 0.0000295 seconds
[2020-01-13T13:39:19.071+0000][1][safepoint    ] Application time: 4.0167980 seconds
[2020-01-13T13:39:19.071+0000][1][safepoint    ] Entering safepoint region: RevokeBias
[2020-01-13T13:39:19.071+0000][1][safepoint    ] Leaving safepoint region
[2020-01-13T13:39:19.071+0000][1][safepoint    ] Total time for which application threads were stopped: 0.0007537 seconds, Stopping threads took: 0.0006496 seconds
[2020-01-13T13:39:19.085+0000][1][safepoint    ] Application time: 0.0135812 seconds
[2020-01-13T13:39:19.085+0000][1][safepoint    ] Entering safepoint region: RevokeBias
[2020-01-13T13:39:19.085+0000][1][safepoint    ] Leaving safepoint region
[2020-01-13T13:39:19.085+0000][1][safepoint    ] Total time for which application threads were stopped: 0.0001400 seconds, Stopping threads took: 0.0000324 seconds
[2020-01-13T13:39:22.086+0000][1][safepoint    ] Application time: 3.0002781 seconds
[2020-01-13T13:39:22.086+0000][1][safepoint    ] Entering safepoint region: Cleanup
[2020-01-13T13:39:22.086+0000][1][safepoint    ] Leaving safepoint region
[2020-01-13T13:39:22.086+0000][1][safepoint    ] Total time for which application threads were stopped: 0.0001239 seconds, Stopping threads took: 0.0000309 seconds
[2020-01-13T13:39:23.180+0000][1][safepoint    ] Application time: 1.0944062 seconds
[2020-01-13T13:39:23.180+0000][1][safepoint    ] Entering safepoint region: RevokeBias
[2020-01-13T13:39:23.180+0000][1][safepoint    ] Leaving safepoint region
[2020-01-13T13:39:23.180+0000][1][safepoint    ] Total time for which application threads were stopped: 0.0001400 seconds, Stopping threads took: 0.0000286 seconds
[2020-01-13T13:39:24.069+0000][1][safepoint    ] Application time: 0.8888088 seconds
[2020-01-13T13:39:24.069+0000][1][safepoint    ] Entering safepoint region: RevokeBias
[2020-01-13T13:39:24.069+0000][1][safepoint    ] Leaving safepoint region
[2020-01-13T13:39:24.069+0000][1][safepoint    ] Total time for which application threads were stopped: 0.0001850 seconds, Stopping threads took: 0.0000310 seconds
[2020-01-13T13:39:24.070+0000][1][safepoint    ] Application time: 0.0008834 seconds
[2020-01-13T13:39:24.070+0000][1][safepoint    ] Entering safepoint region: RevokeBias
[2020-01-13T13:39:24.070+0000][1][safepoint    ] Leaving safepoint region
[2020-01-13T13:39:24.070+0000][1][safepoint    ] Total time for which application threads were stopped: 0.0000921 seconds, Stopping threads took: 0.0000291 seconds
[2020-01-13T13:39:24.073+0000][1][safepoint    ] Application time: 0.0022109 seconds
[2020-01-13T13:39:24.073+0000][1][safepoint    ] Entering safepoint region: RevokeBias
[2020-01-13T13:39:24.073+0000][1][safepoint    ] Leaving safepoint region
[2020-01-13T13:39:24.073+0000][1][safepoint    ] Total time for which application threads were stopped: 0.0000811 seconds, Stopping threads took: 0.0000320 seconds
[2020-01-13T13:39:25.025+0000][1][safepoint    ] Application time: 0.9525380 seconds
[2020-01-13T13:39:25.027+0000][1][safepoint    ] Entering safepoint region: RevokeBias
[2020-01-13T13:39:25.027+0000][1][safepoint    ] Leaving safepoint region
[2020-01-13T13:39:25.027+0000][1][safepoint    ] Total time for which application threads were stopped: 0.0017711 seconds, Stopping threads took: 0.0016540 seconds
[2020-01-13T13:39:25.038+0000][1][safepoint    ] Application time: 0.0111414 seconds
[2020-01-13T13:39:25.038+0000][1][safepoint    ] Entering safepoint region: RevokeBias
[2020-01-13T13:39:25.038+0000][1][safepoint    ] Leaving safepoint region
[2020-01-13T13:39:25.038+0000][1][safepoint    ] Total time for which application threads were stopped: 0.0001680 seconds, Stopping threads took: 0.0000379 seconds
[2020-01-13T13:39:26.038+0000][1][safepoint    ] Application time: 1.0001091 seconds
[2020-01-13T13:39:26.039+0000][1][safepoint    ] Entering safepoint region: Cleanup
[2020-01-13T13:39:26.039+0000][1][safepoint    ] Leaving safepoint region
[2020-01-13T13:39:26.039+0000][1][safepoint    ] Total time for which application threads were stopped: 0.0001144 seconds, Stopping threads took: 0.0000245 seconds
[2020-01-13T13:39:26.070+0000][1][safepoint    ] Application time: 0.0310685 seconds
[2020-01-13T13:39:26.070+0000][1][safepoint    ] Entering safepoint region: RevokeBias
[2020-01-13T13:39:26.070+0000][1][safepoint    ] Leaving safepoint region
[2020-01-13T13:39:26.070+0000][1][safepoint    ] Total time for which application threads were stopped: 0.0001485 seconds, Stopping threads took: 0.0000389 seconds
[2020-01-13T13:39:26.073+0000][1][safepoint    ] Application time: 0.0026553 seconds
[2020-01-13T13:39:26.073+0000][1][safepoint    ] Entering safepoint region: RevokeBias
[2020-01-13T13:39:26.073+0000][1][safepoint    ] Leaving safepoint region
[2020-01-13T13:39:26.073+0000][1][safepoint    ] Total time for which application threads were stopped: 0.0001021 seconds, Stopping threads took: 0.0000273 seconds
[2020-01-13T13:39:27.073+0000][1][safepoint    ] Application time: 1.0000920 seconds
[2020-01-13T13:39:27.073+0000][1][safepoint    ] Entering safepoint region: Cleanup
[2020-01-13T13:39:27.073+0000][1][safepoint    ] Leaving safepoint region
[2020-01-13T13:39:27.073+0000][1][safepoint    ] Total time for which application threads were stopped: 0.0001198 seconds, Stopping threads took: 0.0000389 seconds
[2020-01-13T13:39:28.072+0000][1][safepoint    ] Application time: 0.9990093 seconds
[2020-01-13T13:39:28.072+0000][1][safepoint    ] Entering safepoint region: RevokeBias
[2020-01-13T13:39:28.072+0000][1][safepoint    ] Leaving safepoint region
[2020-01-13T13:39:28.072+0000][1][safepoint    ] Total time for which application threads were stopped: 0.0001510 seconds, Stopping threads took: 0.0000284 seconds
[2020-01-13T13:39:28.074+0000][1][safepoint    ] Application time: 0.0015397 seconds
[2020-01-13T13:39:28.074+0000][1][safepoint    ] Entering safepoint region: RevokeBias
[2020-01-13T13:39:28.074+0000][1][safepoint    ] Leaving safepoint region
[2020-01-13T13:39:28.074+0000][1][safepoint    ] Total time for which application threads were stopped: 0.0000889 seconds, Stopping threads took: 0.0000235 seconds
[2020-01-13T13:39:29.074+0000][1][safepoint    ] Application time: 1.0000928 seconds
[2020-01-13T13:39:29.074+0000][1][safepoint    ] Entering safepoint region: Cleanup
[2020-01-13T13:39:29.074+0000][1][safepoint    ] Leaving safepoint region
[2020-01-13T13:39:29.074+0000][1][safepoint    ] Total time for which application threads were stopped: 0.0000843 seconds, Stopping threads took: 0.0000186 seconds
[2020-01-13T13:39:30.072+0000][1][safepoint    ] Application time: 0.9976802 seconds
[2020-01-13T13:39:30.072+0000][1][safepoint    ] Entering safepoint region: RevokeBias
[2020-01-13T13:39:30.072+0000][1][safepoint    ] Leaving safepoint region
[2020-01-13T13:39:30.072+0000][1][safepoint    ] Total time for which application threads were stopped: 0.0001400 seconds, Stopping threads took: 0.0000368 seconds
[2020-01-13T13:39:30.072+0000][1][safepoint    ] Application time: 0.0004387 seconds
[2020-01-13T13:39:30.072+0000][1][safepoint    ] Entering safepoint region: RevokeBias
[2020-01-13T13:39:30.072+0000][1][safepoint    ] Leaving safepoint region
[2020-01-13T13:39:30.073+0000][1][safepoint    ] Total time for which application threads were stopped: 0.0000662 seconds, Stopping threads took: 0.0000117 seconds
[2020-01-13T13:39:31.073+0000][1][safepoint    ] Application time: 1.0008884 seconds
[2020-01-13T13:39:31.073+0000][1][safepoint    ] Entering safepoint region: Cleanup
[2020-01-13T13:39:31.074+0000][1][safepoint    ] Leaving safepoint region
[2020-01-13T13:39:31.074+0000][1][safepoint    ] Total time for which application threads were stopped: 0.0000994 seconds, Stopping threads took: 0.0000179 seconds
[2020-01-13T13:39:31.169+0000][1][safepoint    ] Application time: 0.0951017 seconds
[2020-01-13T13:39:31.170+0000][1][safepoint    ] Entering safepoint region: RevokeBias
[2020-01-13T13:39:31.170+0000][1][safepoint    ] Leaving safepoint region
[2020-01-13T13:39:31.170+0000][1][safepoint    ] Total time for which application threads were stopped: 0.0014963 seconds, Stopping threads took: 0.0013826 seconds
[2020-01-13T13:39:31.177+0000][1][safepoint    ] Application time: 0.0070877 seconds
[2020-01-13T13:39:31.177+0000][1][safepoint    ] Entering safepoint region: RevokeBias
[2020-01-13T13:39:31.177+0000][1][safepoint    ] Leaving safepoint region
[2020-01-13T13:39:31.177+0000][1][safepoint    ] Total time for which application threads were stopped: 0.0001146 seconds, Stopping threads took: 0.0000189 seconds
[2020-01-13T13:39:31.282+0000][1][safepoint    ] Application time: 0.1050366 seconds
[2020-01-13T13:39:31.283+0000][1][safepoint    ] Entering safepoint region: GenCollectForAllocation
[2020-01-13T13:39:31.283+0000][1][gc,start     ] GC(23) Pause Young (Allocation Failure)
[2020-01-13T13:39:31.283+0000][1][gc,task      ] GC(23) Using 1 workers of 1 for evacuation
[2020-01-13T13:39:31.306+0000][1][gc,age       ] GC(23) Desired survivor size 4358144 bytes, new threshold 6 (max threshold 6)
[2020-01-13T13:39:31.306+0000][1][gc,age       ] GC(23) Age table with threshold 6 (max threshold 6)
[2020-01-13T13:39:31.306+0000][1][gc,age       ] GC(23) - age   1:     546656 bytes,     546656 total
[2020-01-13T13:39:31.306+0000][1][gc,age       ] GC(23) - age   2:    2458440 bytes,    3005096 total
[2020-01-13T13:39:31.307+0000][1][gc,heap      ] GC(23) ParNew: 76672K->5233K(76672K)
[2020-01-13T13:39:31.307+0000][1][gc,heap      ] GC(23) CMS: 62617K->65492K(176960K)
[2020-01-13T13:39:31.307+0000][1][gc,metaspace ] GC(23) Metaspace: 67261K->67261K(1110016K)
[2020-01-13T13:39:31.307+0000][1][gc           ] GC(23) Pause Young (Allocation Failure) 136M->69M(247M) 23.879ms
[2020-01-13T13:39:31.307+0000][1][gc,cpu       ] GC(23) User=0.02s Sys=0.00s Real=0.02s
[2020-01-13T13:39:31.307+0000][1][safepoint    ] Leaving safepoint region
[2020-01-13T13:39:31.307+0000][1][safepoint    ] Total time for which application threads were stopped: 0.0240856 seconds, Stopping threads took: 0.0000348 seconds
[2020-01-13T13:39:32.076+0000][1][safepoint    ] Application time: 0.7693969 seconds
[2020-01-13T13:39:32.076+0000][1][safepoint    ] Entering safepoint region: RevokeBias
[2020-01-13T13:39:32.076+0000][1][safepoint    ] Leaving safepoint region
[2020-01-13T13:39:32.076+0000][1][safepoint    ] Total time for which application threads were stopped: 0.0001093 seconds, Stopping threads took: 0.0000214 seconds
[2020-01-13T13:39:32.078+0000][1][safepoint    ] Application time: 0.0020937 seconds
[2020-01-13T13:39:32.078+0000][1][safepoint    ] Entering safepoint region: RevokeBias
[2020-01-13T13:39:32.078+0000][1][safepoint    ] Leaving safepoint region
[2020-01-13T13:39:32.078+0000][1][safepoint    ] Total time for which application threads were stopped: 0.0000958 seconds, Stopping threads took: 0.0000208 seconds
[2020-01-13T13:39:33.080+0000][1][safepoint    ] Application time: 1.0011553 seconds
[2020-01-13T13:39:33.080+0000][1][safepoint    ] Entering safepoint region: Cleanup
[2020-01-13T13:39:33.080+0000][1][safepoint    ] Leaving safepoint region
[2020-01-13T13:39:33.080+0000][1][safepoint    ] Total time for which application threads were stopped: 0.0001103 seconds, Stopping threads took: 0.0000328 seconds
[2020-01-13T13:39:34.075+0000][1][safepoint    ] Application time: 0.9943328 seconds
[2020-01-13T13:39:34.075+0000][1][safepoint    ] Entering safepoint region: RevokeBias
[2020-01-13T13:39:34.075+0000][1][safepoint    ] Leaving safepoint region
[2020-01-13T13:39:34.075+0000][1][safepoint    ] Total time for which application threads were stopped: 0.0001294 seconds, Stopping threads took: 0.0000219 seconds
[2020-01-13T13:39:34.075+0000][1][safepoint    ] Application time: 0.0003905 seconds
[2020-01-13T13:39:34.075+0000][1][safepoint    ] Entering safepoint region: BulkRevokeBias
[2020-01-13T13:39:34.076+0000][1][safepoint    ] Leaving safepoint region
[2020-01-13T13:39:34.076+0000][1][safepoint    ] Total time for which application threads were stopped: 0.0002518 seconds, Stopping threads took: 0.0000103 seconds
[2020-01-13T13:39:35.077+0000][1][safepoint    ] Application time: 1.0008164 seconds
[2020-01-13T13:39:35.077+0000][1][safepoint    ] Entering safepoint region: Cleanup
[2020-01-13T13:39:35.077+0000][1][safepoint    ] Leaving safepoint region
[2020-01-13T13:39:35.077+0000][1][safepoint    ] Total time for which application threads were stopped: 0.0001002 seconds, Stopping threads took: 0.0000209 seconds
[2020-01-13T13:39:36.075+0000][1][safepoint    ] Application time: 0.9986750 seconds
[2020-01-13T13:39:36.075+0000][1][safepoint    ] Entering safepoint region: RevokeBias
[2020-01-13T13:39:36.075+0000][1][safepoint    ] Leaving safepoint region
[2020-01-13T13:39:36.075+0000][1][safepoint    ] Total time for which application threads were stopped: 0.0001248 seconds, Stopping threads took: 0.0000193 seconds
[2020-01-13T13:39:36.076+0000][1][safepoint    ] Application time: 0.0004522 seconds
[2020-01-13T13:39:36.076+0000][1][safepoint    ] Entering safepoint region: RevokeBias
[2020-01-13T13:39:36.076+0000][1][safepoint    ] Leaving safepoint region
[2020-01-13T13:39:36.076+0000][1][safepoint    ] Total time for which application threads were stopped: 0.0000748 seconds, Stopping threads took: 0.0000134 seconds
[2020-01-13T13:39:37.076+0000][1][safepoint    ] Application time: 1.0000835 seconds
[2020-01-13T13:39:37.076+0000][1][safepoint    ] Entering safepoint region: Cleanup
[2020-01-13T13:39:37.076+0000][1][safepoint    ] Leaving safepoint region
[2020-01-13T13:39:37.076+0000][1][safepoint    ] Total time for which application threads were stopped: 0.0002276 seconds, Stopping threads took: 0.0001369 seconds
[2020-01-13T13:39:38.076+0000][1][safepoint    ] Application time: 0.9991179 seconds
[2020-01-13T13:39:38.076+0000][1][safepoint    ] Entering safepoint region: RevokeBias
[2020-01-13T13:39:38.076+0000][1][safepoint    ] Leaving safepoint region
[2020-01-13T13:39:38.076+0000][1][safepoint    ] Total time for which application threads were stopped: 0.0001493 seconds, Stopping threads took: 0.0000360 seconds
[2020-01-13T13:39:38.077+0000][1][safepoint    ] Application time: 0.0013614 seconds
[2020-01-13T13:39:38.077+0000][1][safepoint    ] Entering safepoint region: RevokeBias
[2020-01-13T13:39:38.077+0000][1][safepoint    ] Leaving safepoint region
[2020-01-13T13:39:38.077+0000][1][safepoint    ] Total time for which application threads were stopped: 0.0000878 seconds, Stopping threads took: 0.0000150 seconds
[2020-01-13T13:39:38.676+0000][1][safepoint    ] Application time: 0.5989940 seconds
[2020-01-13T13:39:38.679+0000][1][safepoint    ] Entering safepoint region: RevokeBias
[2020-01-13T13:39:38.679+0000][1][safepoint    ] Leaving safepoint region
[2020-01-13T13:39:38.679+0000][1][safepoint    ] Total time for which application threads were stopped: 0.0023595 seconds, Stopping threads took: 0.0022438 seconds
[2020-01-13T13:39:38.688+0000][1][safepoint    ] Application time: 0.0086407 seconds
[2020-01-13T13:39:38.688+0000][1][safepoint    ] Entering safepoint region: RevokeBias
[2020-01-13T13:39:38.688+0000][1][safepoint    ] Leaving safepoint region
[2020-01-13T13:39:38.688+0000][1][safepoint    ] Total time for which application threads were stopped: 0.0001474 seconds, Stopping threads took: 0.0000353 seconds
[2020-01-13T13:39:39.688+0000][1][safepoint    ] Application time: 1.0001157 seconds
[2020-01-13T13:39:39.688+0000][1][safepoint    ] Entering safepoint region: Cleanup
[2020-01-13T13:39:39.689+0000][1][safepoint    ] Leaving safepoint region
[2020-01-13T13:39:39.689+0000][1][safepoint    ] Total time for which application threads were stopped: 0.0001196 seconds, Stopping threads took: 0.0000281 seconds
[2020-01-13T13:39:40.076+0000][1][safepoint    ] Application time: 0.3877372 seconds
[2020-01-13T13:39:40.076+0000][1][safepoint    ] Entering safepoint region: RevokeBias
[2020-01-13T13:39:40.076+0000][1][safepoint    ] Leaving safepoint region
[2020-01-13T13:39:40.076+0000][1][safepoint    ] Total time for which application threads were stopped: 0.0001151 seconds, Stopping threads took: 0.0000202 seconds
[2020-01-13T13:39:40.077+0000][1][safepoint    ] Application time: 0.0003845 seconds
[2020-01-13T13:39:40.077+0000][1][safepoint    ] Entering safepoint region: RevokeBias
[2020-01-13T13:39:40.077+0000][1][safepoint    ] Leaving safepoint region
[2020-01-13T13:39:40.077+0000][1][safepoint    ] Total time for which application threads were stopped: 0.0000752 seconds, Stopping threads took: 0.0000121 seconds
[2020-01-13T13:39:41.078+0000][1][safepoint    ] Application time: 1.0008385 seconds
[2020-01-13T13:39:41.078+0000][1][safepoint    ] Entering safepoint region: Cleanup
[2020-01-13T13:39:41.078+0000][1][safepoint    ] Leaving safepoint region
[2020-01-13T13:39:41.078+0000][1][safepoint    ] Total time for which application threads were stopped: 0.0001096 seconds, Stopping threads took: 0.0000293 seconds
[2020-01-13T13:39:41.914+0000][1][safepoint    ] Application time: 0.8363118 seconds
[2020-01-13T13:39:41.914+0000][1][safepoint    ] Entering safepoint region: RevokeBias
[2020-01-13T13:39:41.914+0000][1][safepoint    ] Leaving safepoint region
[2020-01-13T13:39:41.914+0000][1][safepoint    ] Total time for which application threads were stopped: 0.0001356 seconds, Stopping threads took: 0.0000280 seconds
[2020-01-13T13:39:41.993+0000][1][safepoint    ] Application time: 0.0789007 seconds
[2020-01-13T13:39:41.993+0000][1][safepoint    ] Entering safepoint region: RevokeBias
[2020-01-13T13:39:41.994+0000][1][safepoint    ] Leaving safepoint region
[2020-01-13T13:39:41.994+0000][1][safepoint    ] Total time for which application threads were stopped: 0.0001643 seconds, Stopping threads took: 0.0000484 seconds
[2020-01-13T13:39:41.997+0000][1][safepoint    ] Application time: 0.0029977 seconds
[2020-01-13T13:39:41.997+0000][1][safepoint    ] Entering safepoint region: RevokeBias
[2020-01-13T13:39:41.997+0000][1][safepoint    ] Leaving safepoint region
[2020-01-13T13:39:41.997+0000][1][safepoint    ] Total time for which application threads were stopped: 0.0002505 seconds, Stopping threads took: 0.0000289 seconds
[2020-01-13T13:39:42.077+0000][1][safepoint    ] Application time: 0.0806397 seconds
[2020-01-13T13:39:42.078+0000][1][safepoint    ] Entering safepoint region: RevokeBias
[2020-01-13T13:39:42.078+0000][1][safepoint    ] Leaving safepoint region
[2020-01-13T13:39:42.078+0000][1][safepoint    ] Total time for which application threads were stopped: 0.0001936 seconds, Stopping threads took: 0.0000202 seconds
[2020-01-13T13:39:42.078+0000][1][safepoint    ] Application time: 0.0003999 seconds
[2020-01-13T13:39:42.078+0000][1][safepoint    ] Entering safepoint region: RevokeBias
[2020-01-13T13:39:42.078+0000][1][safepoint    ] Leaving safepoint region
[2020-01-13T13:39:42.078+0000][1][safepoint    ] Total time for which application threads were stopped: 0.0000644 seconds, Stopping threads took: 0.0000107 seconds
[2020-01-13T13:39:43.027+0000][1][safepoint    ] Application time: 0.9492409 seconds
[2020-01-13T13:39:43.028+0000][1][safepoint    ] Entering safepoint region: RevokeBias
[2020-01-13T13:39:43.028+0000][1][safepoint    ] Leaving safepoint region
[2020-01-13T13:39:43.028+0000][1][safepoint    ] Total time for which application threads were stopped: 0.0001366 seconds, Stopping threads took: 0.0000196 seconds
[2020-01-13T13:39:43.114+0000][1][safepoint    ] Application time: 0.0867553 seconds
[2020-01-13T13:39:43.114+0000][1][safepoint    ] Entering safepoint region: RevokeBias
[2020-01-13T13:39:43.115+0000][1][safepoint    ] Leaving safepoint region
[2020-01-13T13:39:43.115+0000][1][safepoint    ] Total time for which application threads were stopped: 0.0001674 seconds, Stopping threads took: 0.0000417 seconds
[2020-01-13T13:39:44.078+0000][1][safepoint    ] Application time: 0.9637520 seconds
[2020-01-13T13:39:44.078+0000][1][safepoint    ] Entering safepoint region: RevokeBias
[2020-01-13T13:39:44.079+0000][1][safepoint    ] Leaving safepoint region
[2020-01-13T13:39:44.079+0000][1][safepoint    ] Total time for which application threads were stopped: 0.0001254 seconds, Stopping threads took: 0.0000203 seconds
[2020-01-13T13:39:44.080+0000][1][safepoint    ] Application time: 0.0010506 seconds
[2020-01-13T13:39:44.080+0000][1][safepoint    ] Entering safepoint region: RevokeBias
[2020-01-13T13:39:44.080+0000][1][safepoint    ] Leaving safepoint region
[2020-01-13T13:39:44.080+0000][1][safepoint    ] Total time for which application threads were stopped: 0.0000891 seconds, Stopping threads took: 0.0000171 seconds
[2020-01-13T13:39:44.126+0000][1][safepoint    ] Application time: 0.0460629 seconds
[2020-01-13T13:39:44.126+0000][1][safepoint    ] Entering safepoint region: RevokeBias
[2020-01-13T13:39:44.126+0000][1][safepoint    ] Leaving safepoint region
[2020-01-13T13:39:44.126+0000][1][safepoint    ] Total time for which application threads were stopped: 0.0001363 seconds, Stopping threads took: 0.0000334 seconds
[2020-01-13T13:39:44.130+0000][1][safepoint    ] Application time: 0.0042367 seconds
[2020-01-13T13:39:44.130+0000][1][safepoint    ] Entering safepoint region: RevokeBias
[2020-01-13T13:39:44.130+0000][1][safepoint    ] Leaving safepoint region
[2020-01-13T13:39:44.130+0000][1][safepoint    ] Total time for which application threads were stopped: 0.0001766 seconds, Stopping threads took: 0.0000702 seconds
[2020-01-13T13:39:44.142+0000][1][safepoint    ] Application time: 0.0115691 seconds
[2020-01-13T13:39:44.142+0000][1][safepoint    ] Entering safepoint region: RevokeBias
[2020-01-13T13:39:44.142+0000][1][safepoint    ] Leaving safepoint region
[2020-01-13T13:39:44.142+0000][1][safepoint    ] Total time for which application threads were stopped: 0.0002611 seconds, Stopping threads took: 0.0001475 seconds
[2020-01-13T13:39:44.859+0000][1][safepoint    ] Application time: 0.7168681 seconds
[2020-01-13T13:39:44.859+0000][1][safepoint    ] Entering safepoint region: RevokeBias
[2020-01-13T13:39:44.859+0000][1][safepoint    ] Leaving safepoint region
[2020-01-13T13:39:44.859+0000][1][safepoint    ] Total time for which application threads were stopped: 0.0001405 seconds, Stopping threads took: 0.0000341 seconds
[2020-01-13T13:39:45.097+0000][1][safepoint    ] Application time: 0.2378028 seconds
[2020-01-13T13:39:45.097+0000][1][safepoint    ] Entering safepoint region: RevokeBias
[2020-01-13T13:39:45.097+0000][1][safepoint    ] Leaving safepoint region
[2020-01-13T13:39:45.097+0000][1][safepoint    ] Total time for which application threads were stopped: 0.0001411 seconds, Stopping threads took: 0.0000351 seconds
[2020-01-13T13:39:45.101+0000][1][safepoint    ] Application time: 0.0039393 seconds
[2020-01-13T13:39:45.101+0000][1][safepoint    ] Entering safepoint region: RevokeBias
[2020-01-13T13:39:45.101+0000][1][safepoint    ] Leaving safepoint region
[2020-01-13T13:39:45.102+0000][1][safepoint    ] Total time for which application threads were stopped: 0.0001132 seconds, Stopping threads took: 0.0000277 seconds
[2020-01-13T13:39:46.080+0000][1][safepoint    ] Application time: 0.9783072 seconds
[2020-01-13T13:39:46.080+0000][1][safepoint    ] Entering safepoint region: BulkRevokeBias
[2020-01-13T13:39:46.080+0000][1][safepoint    ] Leaving safepoint region
[2020-01-13T13:39:46.080+0000][1][safepoint    ] Total time for which application threads were stopped: 0.0004084 seconds, Stopping threads took: 0.0000302 seconds
[2020-01-13T13:39:46.082+0000][1][safepoint    ] Application time: 0.0013617 seconds
[2020-01-13T13:39:46.082+0000][1][safepoint    ] Entering safepoint region: RevokeBias
[2020-01-13T13:39:46.082+0000][1][safepoint    ] Leaving safepoint region
[2020-01-13T13:39:46.082+0000][1][safepoint    ] Total time for which application threads were stopped: 0.0001104 seconds, Stopping threads took: 0.0000136 seconds
[2020-01-13T13:39:47.082+0000][1][safepoint    ] Application time: 1.0000758 seconds
[2020-01-13T13:39:47.082+0000][1][safepoint    ] Entering safepoint region: Cleanup
[2020-01-13T13:39:47.082+0000][1][safepoint    ] Leaving safepoint region
[2020-01-13T13:39:47.082+0000][1][safepoint    ] Total time for which application threads were stopped: 0.0001109 seconds, Stopping threads took: 0.0000346 seconds
[2020-01-13T13:39:48.081+0000][1][safepoint    ] Application time: 0.9985774 seconds
[2020-01-13T13:39:48.081+0000][1][safepoint    ] Entering safepoint region: RevokeBias
[2020-01-13T13:39:48.081+0000][1][safepoint    ] Leaving safepoint region
[2020-01-13T13:39:48.081+0000][1][safepoint    ] Total time for which application threads were stopped: 0.0001624 seconds, Stopping threads took: 0.0000359 seconds
[2020-01-13T13:39:48.082+0000][1][safepoint    ] Application time: 0.0012172 seconds
[2020-01-13T13:39:48.082+0000][1][safepoint    ] Entering safepoint region: RevokeBias
[2020-01-13T13:39:48.082+0000][1][safepoint    ] Leaving safepoint region
[2020-01-13T13:39:48.082+0000][1][safepoint    ] Total time for which application threads were stopped: 0.0000741 seconds, Stopping threads took: 0.0000130 seconds
[2020-01-13T13:39:49.082+0000][1][safepoint    ] Application time: 1.0000814 seconds
[2020-01-13T13:39:49.083+0000][1][safepoint    ] Entering safepoint region: Cleanup
[2020-01-13T13:39:49.083+0000][1][safepoint    ] Leaving safepoint region
[2020-01-13T13:39:49.083+0000][1][safepoint    ] Total time for which application threads were stopped: 0.0009943 seconds, Stopping threads took: 0.0008990 seconds
[2020-01-13T13:39:50.086+0000][1][safepoint    ] Application time: 1.0026207 seconds
[2020-01-13T13:39:50.086+0000][1][safepoint    ] Entering safepoint region: RevokeBias
[2020-01-13T13:39:50.086+0000][1][safepoint    ] Leaving safepoint region
[2020-01-13T13:39:50.086+0000][1][safepoint    ] Total time for which application threads were stopped: 0.0001343 seconds, Stopping threads took: 0.0000281 seconds
[2020-01-13T13:39:50.089+0000][1][safepoint    ] Application time: 0.0032071 seconds
[2020-01-13T13:39:50.091+0000][1][safepoint    ] Entering safepoint region: RevokeBias
[2020-01-13T13:39:50.092+0000][1][safepoint    ] Leaving safepoint region
[2020-01-13T13:39:50.092+0000][1][safepoint    ] Total time for which application threads were stopped: 0.0022033 seconds, Stopping threads took: 0.0021089 seconds
[2020-01-13T13:39:51.092+0000][1][safepoint    ] Application time: 1.0001100 seconds
[2020-01-13T13:39:51.092+0000][1][safepoint    ] Entering safepoint region: Cleanup
[2020-01-13T13:39:51.092+0000][1][safepoint    ] Leaving safepoint region
[2020-01-13T13:39:51.092+0000][1][safepoint    ] Total time for which application threads were stopped: 0.0001070 seconds, Stopping threads took: 0.0000241 seconds
[2020-01-13T13:39:52.083+0000][1][safepoint    ] Application time: 0.9912330 seconds
[2020-01-13T13:39:52.083+0000][1][safepoint    ] Entering safepoint region: RevokeBias
[2020-01-13T13:39:52.083+0000][1][safepoint    ] Leaving safepoint region
[2020-01-13T13:39:52.083+0000][1][safepoint    ] Total time for which application threads were stopped: 0.0001857 seconds, Stopping threads took: 0.0000361 seconds
[2020-01-13T13:39:52.085+0000][1][safepoint    ] Application time: 0.0018102 seconds
[2020-01-13T13:39:52.085+0000][1][safepoint    ] Entering safepoint region: RevokeBias
[2020-01-13T13:39:52.085+0000][1][safepoint    ] Leaving safepoint region
[2020-01-13T13:39:52.085+0000][1][safepoint    ] Total time for which application threads were stopped: 0.0001263 seconds, Stopping threads took: 0.0000263 seconds
[2020-01-13T13:39:54.084+0000][1][safepoint    ] Application time: 1.9990791 seconds
[2020-01-13T13:39:54.084+0000][1][safepoint    ] Entering safepoint region: RevokeBias
[2020-01-13T13:39:54.085+0000][1][safepoint    ] Leaving safepoint region
[2020-01-13T13:39:54.085+0000][1][safepoint    ] Total time for which application threads were stopped: 0.0001432 seconds, Stopping threads took: 0.0000308 seconds
[2020-01-13T13:39:54.086+0000][1][safepoint    ] Application time: 0.0013897 seconds
[2020-01-13T13:39:54.086+0000][1][safepoint    ] Entering safepoint region: BulkRevokeBias
[2020-01-13T13:39:54.086+0000][1][safepoint    ] Leaving safepoint region
[2020-01-13T13:39:54.086+0000][1][safepoint    ] Total time for which application threads were stopped: 0.0002690 seconds, Stopping threads took: 0.0000227 seconds
[2020-01-13T13:39:56.087+0000][1][safepoint    ] Application time: 2.0008802 seconds
[2020-01-13T13:39:56.087+0000][1][safepoint    ] Entering safepoint region: RevokeBias
[2020-01-13T13:39:56.087+0000][1][safepoint    ] Leaving safepoint region
[2020-01-13T13:39:56.087+0000][1][safepoint    ] Total time for which application threads were stopped: 0.0001620 seconds, Stopping threads took: 0.0000327 seconds
[2020-01-13T13:39:57.087+0000][1][safepoint    ] Application time: 1.0000888 seconds
[2020-01-13T13:39:57.087+0000][1][safepoint    ] Entering safepoint region: Cleanup
[2020-01-13T13:39:57.088+0000][1][safepoint    ] Leaving safepoint region
[2020-01-13T13:39:57.088+0000][1][safepoint    ] Total time for which application threads were stopped: 0.0001011 seconds, Stopping threads took: 0.0000191 seconds
[2020-01-13T13:39:58.086+0000][1][safepoint    ] Application time: 0.9980706 seconds
[2020-01-13T13:39:58.086+0000][1][safepoint    ] Entering safepoint region: RevokeBias
[2020-01-13T13:39:58.086+0000][1][safepoint    ] Leaving safepoint region
[2020-01-13T13:39:58.086+0000][1][safepoint    ] Total time for which application threads were stopped: 0.0001560 seconds, Stopping threads took: 0.0000375 seconds
[2020-01-13T13:39:59.086+0000][1][safepoint    ] Application time: 1.0004484 seconds
[2020-01-13T13:39:59.086+0000][1][safepoint    ] Entering safepoint region: Cleanup
[2020-01-13T13:39:59.087+0000][1][safepoint    ] Leaving safepoint region
[2020-01-13T13:39:59.087+0000][1][safepoint    ] Total time for which application threads were stopped: 0.0001757 seconds, Stopping threads took: 0.0000817 seconds
[2020-01-13T13:40:00.087+0000][1][safepoint    ] Application time: 1.0001398 seconds
[2020-01-13T13:40:00.087+0000][1][safepoint    ] Entering safepoint region: RevokeBias
[2020-01-13T13:40:00.087+0000][1][safepoint    ] Leaving safepoint region
[2020-01-13T13:40:00.087+0000][1][safepoint    ] Total time for which application threads were stopped: 0.0001678 seconds, Stopping threads took: 0.0000359 seconds
[2020-01-13T13:40:01.088+0000][1][safepoint    ] Application time: 1.0009847 seconds
[2020-01-13T13:40:01.088+0000][1][safepoint    ] Entering safepoint region: Cleanup
[2020-01-13T13:40:01.088+0000][1][safepoint    ] Leaving safepoint region
[2020-01-13T13:40:01.088+0000][1][safepoint    ] Total time for which application threads were stopped: 0.0001204 seconds, Stopping threads took: 0.0000311 seconds
[2020-01-13T13:40:02.087+0000][1][safepoint    ] Application time: 0.9991229 seconds
[2020-01-13T13:40:02.087+0000][1][safepoint    ] Entering safepoint region: RevokeBias
[2020-01-13T13:40:02.087+0000][1][safepoint    ] Leaving safepoint region
[2020-01-13T13:40:02.087+0000][1][safepoint    ] Total time for which application threads were stopped: 0.0001857 seconds, Stopping threads took: 0.0000716 seconds
[2020-01-13T13:40:03.088+0000][1][safepoint    ] Application time: 1.0001812 seconds
[2020-01-13T13:40:03.089+0000][1][safepoint    ] Entering safepoint region: Cleanup
[2020-01-13T13:40:03.089+0000][1][safepoint    ] Leaving safepoint region
[2020-01-13T13:40:03.089+0000][1][safepoint    ] Total time for which application threads were stopped: 0.0001541 seconds, Stopping threads took: 0.0000593 seconds
[2020-01-13T13:40:04.088+0000][1][safepoint    ] Application time: 0.9996807 seconds
[2020-01-13T13:40:04.089+0000][1][safepoint    ] Entering safepoint region: RevokeBias
[2020-01-13T13:40:04.089+0000][1][safepoint    ] Leaving safepoint region
[2020-01-13T13:40:04.089+0000][1][safepoint    ] Total time for which application threads were stopped: 0.0001671 seconds, Stopping threads took: 0.0000502 seconds
[2020-01-13T13:40:06.089+0000][1][safepoint    ] Application time: 2.0001988 seconds
[2020-01-13T13:40:06.089+0000][1][safepoint    ] Entering safepoint region: Cleanup
[2020-01-13T13:40:06.089+0000][1][safepoint    ] Leaving safepoint region
[2020-01-13T13:40:06.089+0000][1][safepoint    ] Total time for which application threads were stopped: 0.0001198 seconds, Stopping threads took: 0.0000240 seconds
[2020-01-13T13:40:06.089+0000][1][safepoint    ] Application time: 0.0001011 seconds
[2020-01-13T13:40:06.089+0000][1][safepoint    ] Entering safepoint region: RevokeBias
[2020-01-13T13:40:06.089+0000][1][safepoint    ] Leaving safepoint region
[2020-01-13T13:40:06.089+0000][1][safepoint    ] Total time for which application threads were stopped: 0.0000735 seconds, Stopping threads took: 0.0000169 seconds
[2020-01-13T13:40:08.090+0000][1][safepoint    ] Application time: 2.0011037 seconds
[2020-01-13T13:40:08.091+0000][1][safepoint    ] Entering safepoint region: RevokeBias
[2020-01-13T13:40:08.092+0000][1][safepoint    ] Leaving safepoint region
[2020-01-13T13:40:08.092+0000][1][safepoint    ] Total time for which application threads were stopped: 0.0002289 seconds, Stopping threads took: 0.0000752 seconds
[2020-01-13T13:40:09.092+0000][1][safepoint    ] Application time: 1.0000868 seconds
[2020-01-13T13:40:09.092+0000][1][safepoint    ] Entering safepoint region: Cleanup
[2020-01-13T13:40:09.092+0000][1][safepoint    ] Leaving safepoint region
[2020-01-13T13:40:09.092+0000][1][safepoint    ] Total time for which application threads were stopped: 0.0001388 seconds, Stopping threads took: 0.0000490 seconds
[2020-01-13T13:40:10.090+0000][1][safepoint    ] Application time: 0.9984839 seconds
[2020-01-13T13:40:10.090+0000][1][safepoint    ] Entering safepoint region: RevokeBias
[2020-01-13T13:40:10.091+0000][1][safepoint    ] Leaving safepoint region
[2020-01-13T13:40:10.091+0000][1][safepoint    ] Total time for which application threads were stopped: 0.0001725 seconds, Stopping threads took: 0.0000316 seconds
[2020-01-13T13:40:12.093+0000][1][safepoint    ] Application time: 2.0023721 seconds
[2020-01-13T13:40:12.093+0000][1][safepoint    ] Entering safepoint region: RevokeBias
[2020-01-13T13:40:12.093+0000][1][safepoint    ] Leaving safepoint region
[2020-01-13T13:40:12.093+0000][1][safepoint    ] Total time for which application threads were stopped: 0.0001280 seconds, Stopping threads took: 0.0000194 seconds
[2020-01-13T13:40:13.093+0000][1][safepoint    ] Application time: 1.0000852 seconds
[2020-01-13T13:40:13.094+0000][1][safepoint    ] Entering safepoint region: Cleanup
[2020-01-13T13:40:13.094+0000][1][safepoint    ] Leaving safepoint region
[2020-01-13T13:40:13.094+0000][1][safepoint    ] Total time for which application threads were stopped: 0.0001186 seconds, Stopping threads took: 0.0000281 seconds
[2020-01-13T13:40:14.093+0000][1][safepoint    ] Application time: 0.9985342 seconds
[2020-01-13T13:40:14.093+0000][1][safepoint    ] Entering safepoint region: RevokeBias
[2020-01-13T13:40:14.093+0000][1][safepoint    ] Leaving safepoint region
[2020-01-13T13:40:14.093+0000][1][safepoint    ] Total time for which application threads were stopped: 0.0001444 seconds, Stopping threads took: 0.0000299 seconds
[2020-01-13T13:40:14.124+0000][1][safepoint    ] Application time: 0.0311828 seconds
[2020-01-13T13:40:14.124+0000][1][safepoint    ] Entering safepoint region: RevokeBias
[2020-01-13T13:40:14.124+0000][1][safepoint    ] Leaving safepoint region
[2020-01-13T13:40:14.124+0000][1][safepoint    ] Total time for which application threads were stopped: 0.0001194 seconds, Stopping threads took: 0.0000218 seconds
[2020-01-13T13:40:14.857+0000][1][safepoint    ] Application time: 0.7324288 seconds
[2020-01-13T13:40:14.857+0000][1][safepoint    ] Entering safepoint region: RevokeBias
[2020-01-13T13:40:14.857+0000][1][safepoint    ] Leaving safepoint region
[2020-01-13T13:40:14.857+0000][1][safepoint    ] Total time for which application threads were stopped: 0.0001293 seconds, Stopping threads took: 0.0000183 seconds
[2020-01-13T13:40:15.857+0000][1][safepoint    ] Application time: 1.0000885 seconds
[2020-01-13T13:40:15.857+0000][1][safepoint    ] Entering safepoint region: Cleanup
[2020-01-13T13:40:15.857+0000][1][safepoint    ] Leaving safepoint region
[2020-01-13T13:40:15.857+0000][1][safepoint    ] Total time for which application threads were stopped: 0.0001521 seconds, Stopping threads took: 0.0000293 seconds
[2020-01-13T13:40:16.095+0000][1][safepoint    ] Application time: 0.2378069 seconds
[2020-01-13T13:40:16.095+0000][1][safepoint    ] Entering safepoint region: RevokeBias
[2020-01-13T13:40:16.095+0000][1][safepoint    ] Leaving safepoint region
[2020-01-13T13:40:16.095+0000][1][safepoint    ] Total time for which application threads were stopped: 0.0001335 seconds, Stopping threads took: 0.0000173 seconds
[2020-01-13T13:40:17.095+0000][1][safepoint    ] Application time: 1.0000777 seconds
[2020-01-13T13:40:17.095+0000][1][safepoint    ] Entering safepoint region: Cleanup
[2020-01-13T13:40:17.096+0000][1][safepoint    ] Leaving safepoint region
[2020-01-13T13:40:17.096+0000][1][safepoint    ] Total time for which application threads were stopped: 0.0001527 seconds, Stopping threads took: 0.0000611 seconds
[2020-01-13T13:40:18.093+0000][1][safepoint    ] Application time: 0.9976792 seconds
[2020-01-13T13:40:18.095+0000][1][safepoint    ] Entering safepoint region: RevokeBias
[2020-01-13T13:40:18.095+0000][1][safepoint    ] Leaving safepoint region
[2020-01-13T13:40:18.095+0000][1][safepoint    ] Total time for which application threads were stopped: 0.0001994 seconds, Stopping threads took: 0.0000747 seconds
[2020-01-13T13:40:19.095+0000][1][safepoint    ] Application time: 1.0001081 seconds
[2020-01-13T13:40:19.095+0000][1][safepoint    ] Entering safepoint region: Cleanup
[2020-01-13T13:40:19.095+0000][1][safepoint    ] Leaving safepoint region
[2020-01-13T13:40:19.095+0000][1][safepoint    ] Total time for which application threads were stopped: 0.0001142 seconds, Stopping threads took: 0.0000224 seconds
[2020-01-13T13:40:20.095+0000][1][safepoint    ] Application time: 0.9998770 seconds
[2020-01-13T13:40:20.095+0000][1][safepoint    ] Entering safepoint region: RevokeBias
[2020-01-13T13:40:20.095+0000][1][safepoint    ] Leaving safepoint region
[2020-01-13T13:40:20.095+0000][1][safepoint    ] Total time for which application threads were stopped: 0.0001192 seconds, Stopping threads took: 0.0000209 seconds
[2020-01-13T13:40:21.095+0000][1][safepoint    ] Application time: 1.0000855 seconds
[2020-01-13T13:40:21.096+0000][1][safepoint    ] Entering safepoint region: Cleanup
[2020-01-13T13:40:21.096+0000][1][safepoint    ] Leaving safepoint region
[2020-01-13T13:40:21.096+0000][1][safepoint    ] Total time for which application threads were stopped: 0.0009643 seconds, Stopping threads took: 0.0008806 seconds
[2020-01-13T13:40:22.097+0000][1][safepoint    ] Application time: 1.0008623 seconds
[2020-01-13T13:40:22.097+0000][1][safepoint    ] Entering safepoint region: RevokeBias
[2020-01-13T13:40:22.097+0000][1][safepoint    ] Leaving safepoint region
[2020-01-13T13:40:22.097+0000][1][safepoint    ] Total time for which application threads were stopped: 0.0001519 seconds, Stopping threads took: 0.0000368 seconds
[2020-01-13T13:40:24.096+0000][1][safepoint    ] Application time: 1.9984124 seconds
[2020-01-13T13:40:24.096+0000][1][safepoint    ] Entering safepoint region: RevokeBias
[2020-01-13T13:40:24.096+0000][1][safepoint    ] Leaving safepoint region
[2020-01-13T13:40:24.096+0000][1][safepoint    ] Total time for which application threads were stopped: 0.0001494 seconds, Stopping threads took: 0.0000297 seconds
[2020-01-13T13:40:26.096+0000][1][safepoint    ] Application time: 2.0002407 seconds
[2020-01-13T13:40:26.096+0000][1][safepoint    ] Entering safepoint region: Cleanup
[2020-01-13T13:40:26.096+0000][1][safepoint    ] Leaving safepoint region
[2020-01-13T13:40:26.096+0000][1][safepoint    ] Total time for which application threads were stopped: 0.0001468 seconds, Stopping threads took: 0.0000300 seconds
[2020-01-13T13:40:26.097+0000][1][safepoint    ] Application time: 0.0011352 seconds
[2020-01-13T13:40:26.098+0000][1][safepoint    ] Entering safepoint region: RevokeBias
[2020-01-13T13:40:26.098+0000][1][safepoint    ] Leaving safepoint region
[2020-01-13T13:40:26.098+0000][1][safepoint    ] Total time for which application threads were stopped: 0.0001880 seconds, Stopping threads took: 0.0000767 seconds
[2020-01-13T13:40:27.099+0000][1][safepoint    ] Application time: 1.0014448 seconds
[2020-01-13T13:40:27.100+0000][1][safepoint    ] Entering safepoint region: Cleanup
[2020-01-13T13:40:27.100+0000][1][safepoint    ] Leaving safepoint region
[2020-01-13T13:40:27.100+0000][1][safepoint    ] Total time for which application threads were stopped: 0.0005807 seconds, Stopping threads took: 0.0004744 seconds
[2020-01-13T13:40:28.099+0000][1][safepoint    ] Application time: 0.9990154 seconds
[2020-01-13T13:40:28.099+0000][1][safepoint    ] Entering safepoint region: RevokeBias
[2020-01-13T13:40:28.099+0000][1][safepoint    ] Leaving safepoint region
[2020-01-13T13:40:28.099+0000][1][safepoint    ] Total time for which application threads were stopped: 0.0001184 seconds, Stopping threads took: 0.0000192 seconds
[2020-01-13T13:40:29.100+0000][1][safepoint    ] Application time: 1.0009455 seconds
[2020-01-13T13:40:29.100+0000][1][safepoint    ] Entering safepoint region: Cleanup
[2020-01-13T13:40:29.100+0000][1][safepoint    ] Leaving safepoint region
[2020-01-13T13:40:29.100+0000][1][safepoint    ] Total time for which application threads were stopped: 0.0000960 seconds, Stopping threads took: 0.0000188 seconds
[2020-01-13T13:40:30.100+0000][1][safepoint    ] Application time: 0.9996719 seconds
[2020-01-13T13:40:30.100+0000][1][safepoint    ] Entering safepoint region: RevokeBias
[2020-01-13T13:40:30.100+0000][1][safepoint    ] Leaving safepoint region
[2020-01-13T13:40:30.100+0000][1][safepoint    ] Total time for which application threads were stopped: 0.0001430 seconds, Stopping threads took: 0.0000304 seconds
[2020-01-13T13:40:31.100+0000][1][safepoint    ] Application time: 1.0000863 seconds
[2020-01-13T13:40:31.101+0000][1][safepoint    ] Entering safepoint region: Cleanup
[2020-01-13T13:40:31.101+0000][1][safepoint    ] Leaving safepoint region
[2020-01-13T13:40:31.101+0000][1][safepoint    ] Total time for which application threads were stopped: 0.0006478 seconds, Stopping threads took: 0.0005557 seconds
[2020-01-13T13:40:32.100+0000][1][safepoint    ] Application time: 0.9990823 seconds
[2020-01-13T13:40:32.100+0000][1][safepoint    ] Entering safepoint region: RevokeBias
[2020-01-13T13:40:32.100+0000][1][safepoint    ] Leaving safepoint region
[2020-01-13T13:40:32.100+0000][1][safepoint    ] Total time for which application threads were stopped: 0.0001251 seconds, Stopping threads took: 0.0000212 seconds
[2020-01-13T13:40:33.102+0000][1][safepoint    ] Application time: 1.0024030 seconds
[2020-01-13T13:40:33.104+0000][1][safepoint    ] Entering safepoint region: Cleanup
[2020-01-13T13:40:33.104+0000][1][safepoint    ] Leaving safepoint region
[2020-01-13T13:40:33.104+0000][1][safepoint    ] Total time for which application threads were stopped: 0.0001884 seconds, Stopping threads took: 0.0000676 seconds
[2020-01-13T13:40:34.100+0000][1][safepoint    ] Application time: 0.9958964 seconds
[2020-01-13T13:40:34.100+0000][1][safepoint    ] Entering safepoint region: RevokeBias
[2020-01-13T13:40:34.100+0000][1][safepoint    ] Leaving safepoint region
[2020-01-13T13:40:34.100+0000][1][safepoint    ] Total time for which application threads were stopped: 0.0001766 seconds, Stopping threads took: 0.0000347 seconds
[2020-01-13T13:40:35.100+0000][1][safepoint    ] Application time: 1.0000856 seconds
[2020-01-13T13:40:35.102+0000][1][safepoint    ] Entering safepoint region: Cleanup
[2020-01-13T13:40:35.102+0000][1][safepoint    ] Leaving safepoint region
[2020-01-13T13:40:35.102+0000][1][safepoint    ] Total time for which application threads were stopped: 0.0019341 seconds, Stopping threads took: 0.0018489 seconds
[2020-01-13T13:40:36.102+0000][1][safepoint    ] Application time: 0.9996409 seconds
[2020-01-13T13:40:36.102+0000][1][safepoint    ] Entering safepoint region: RevokeBias
[2020-01-13T13:40:36.102+0000][1][safepoint    ] Leaving safepoint region
[2020-01-13T13:40:36.102+0000][1][safepoint    ] Total time for which application threads were stopped: 0.0001794 seconds, Stopping threads took: 0.0000506 seconds
[2020-01-13T13:40:37.102+0000][1][safepoint    ] Application time: 1.0000785 seconds
[2020-01-13T13:40:37.104+0000][1][safepoint    ] Entering safepoint region: Cleanup
[2020-01-13T13:40:37.104+0000][1][safepoint    ] Leaving safepoint region
[2020-01-13T13:40:37.104+0000][1][safepoint    ] Total time for which application threads were stopped: 0.0018755 seconds, Stopping threads took: 0.0017879 seconds
[2020-01-13T13:40:38.102+0000][1][safepoint    ] Application time: 0.9973865 seconds
[2020-01-13T13:40:38.102+0000][1][safepoint    ] Entering safepoint region: RevokeBias
[2020-01-13T13:40:38.102+0000][1][safepoint    ] Leaving safepoint region
[2020-01-13T13:40:38.102+0000][1][safepoint    ] Total time for which application threads were stopped: 0.0001514 seconds, Stopping threads took: 0.0000300 seconds
[2020-01-13T13:40:39.102+0000][1][safepoint    ] Application time: 1.0000972 seconds
[2020-01-13T13:40:39.104+0000][1][safepoint    ] Entering safepoint region: Cleanup
[2020-01-13T13:40:39.104+0000][1][safepoint    ] Leaving safepoint region
[2020-01-13T13:40:39.104+0000][1][safepoint    ] Total time for which application threads were stopped: 0.0020723 seconds, Stopping threads took: 0.0019776 seconds
[2020-01-13T13:40:40.104+0000][1][safepoint    ] Application time: 0.9997748 seconds
[2020-01-13T13:40:40.104+0000][1][safepoint    ] Entering safepoint region: RevokeBias
[2020-01-13T13:40:40.104+0000][1][safepoint    ] Leaving safepoint region
[2020-01-13T13:40:40.104+0000][1][safepoint    ] Total time for which application threads were stopped: 0.0001620 seconds, Stopping threads took: 0.0000322 seconds
[2020-01-13T13:40:41.104+0000][1][safepoint    ] Application time: 1.0000756 seconds
[2020-01-13T13:40:41.104+0000][1][safepoint    ] Entering safepoint region: Cleanup
[2020-01-13T13:40:41.104+0000][1][safepoint    ] Leaving safepoint region
[2020-01-13T13:40:41.104+0000][1][safepoint    ] Total time for which application threads were stopped: 0.0001123 seconds, Stopping threads took: 0.0000324 seconds
[2020-01-13T13:40:42.103+0000][1][safepoint    ] Application time: 0.9990374 seconds
[2020-01-13T13:40:42.104+0000][1][safepoint    ] Entering safepoint region: RevokeBias
[2020-01-13T13:40:42.104+0000][1][safepoint    ] Leaving safepoint region
[2020-01-13T13:40:42.104+0000][1][safepoint    ] Total time for which application threads were stopped: 0.0001756 seconds, Stopping threads took: 0.0000396 seconds
[2020-01-13T13:40:43.104+0000][1][safepoint    ] Application time: 1.0000862 seconds
[2020-01-13T13:40:43.104+0000][1][safepoint    ] Entering safepoint region: Cleanup
[2020-01-13T13:40:43.104+0000][1][safepoint    ] Leaving safepoint region
[2020-01-13T13:40:43.104+0000][1][safepoint    ] Total time for which application threads were stopped: 0.0001613 seconds, Stopping threads took: 0.0000451 seconds
[2020-01-13T13:40:44.104+0000][1][safepoint    ] Application time: 1.0000974 seconds
[2020-01-13T13:40:44.106+0000][1][safepoint    ] Entering safepoint region: Cleanup
[2020-01-13T13:40:44.106+0000][1][safepoint    ] Leaving safepoint region
[2020-01-13T13:40:44.106+0000][1][safepoint    ] Total time for which application threads were stopped: 0.0020537 seconds, Stopping threads took: 0.0019730 seconds
[2020-01-13T13:40:44.107+0000][1][safepoint    ] Application time: 0.0005479 seconds
[2020-01-13T13:40:44.107+0000][1][safepoint    ] Entering safepoint region: RevokeBias
[2020-01-13T13:40:44.107+0000][1][safepoint    ] Leaving safepoint region
[2020-01-13T13:40:44.107+0000][1][safepoint    ] Total time for which application threads were stopped: 0.0001151 seconds, Stopping threads took: 0.0000223 seconds
[2020-01-13T13:40:45.107+0000][1][safepoint    ] Application time: 1.0000938 seconds
[2020-01-13T13:40:45.107+0000][1][safepoint    ] Entering safepoint region: Cleanup
[2020-01-13T13:40:45.107+0000][1][safepoint    ] Leaving safepoint region
[2020-01-13T13:40:45.107+0000][1][safepoint    ] Total time for which application threads were stopped: 0.0001113 seconds, Stopping threads took: 0.0000195 seconds
[2020-01-13T13:40:46.106+0000][1][safepoint    ] Application time: 0.9988586 seconds
[2020-01-13T13:40:46.106+0000][1][safepoint    ] Entering safepoint region: RevokeBias
[2020-01-13T13:40:46.106+0000][1][safepoint    ] Leaving safepoint region
[2020-01-13T13:40:46.106+0000][1][safepoint    ] Total time for which application threads were stopped: 0.0001416 seconds, Stopping threads took: 0.0000283 seconds
[2020-01-13T13:40:46.131+0000][1][safepoint    ] Application time: 0.0244759 seconds
[2020-01-13T13:40:46.131+0000][1][safepoint    ] Entering safepoint region: RevokeBias
[2020-01-13T13:40:46.132+0000][1][safepoint    ] Leaving safepoint region
[2020-01-13T13:40:46.132+0000][1][safepoint    ] Total time for which application threads were stopped: 0.0010484 seconds, Stopping threads took: 0.0003870 seconds
[2020-01-13T13:40:47.132+0000][1][safepoint    ] Application time: 1.0001407 seconds
[2020-01-13T13:40:47.132+0000][1][safepoint    ] Entering safepoint region: Cleanup
[2020-01-13T13:40:47.132+0000][1][safepoint    ] Leaving safepoint region
[2020-01-13T13:40:47.132+0000][1][safepoint    ] Total time for which application threads were stopped: 0.0001360 seconds, Stopping threads took: 0.0000368 seconds
[2020-01-13T13:40:48.108+0000][1][safepoint    ] Application time: 0.9758487 seconds
[2020-01-13T13:40:48.108+0000][1][safepoint    ] Entering safepoint region: RevokeBias
[2020-01-13T13:40:48.108+0000][1][safepoint    ] Leaving safepoint region
[2020-01-13T13:40:48.108+0000][1][safepoint    ] Total time for which application threads were stopped: 0.0001376 seconds, Stopping threads took: 0.0000207 seconds
[2020-01-13T13:40:49.108+0000][1][safepoint    ] Application time: 1.0000781 seconds
[2020-01-13T13:40:49.108+0000][1][safepoint    ] Entering safepoint region: Cleanup
[2020-01-13T13:40:49.108+0000][1][safepoint    ] Leaving safepoint region
[2020-01-13T13:40:49.109+0000][1][safepoint    ] Total time for which application threads were stopped: 0.0001178 seconds, Stopping threads took: 0.0000190 seconds
[2020-01-13T13:40:50.105+0000][1][safepoint    ] Application time: 0.9968064 seconds
[2020-01-13T13:40:50.105+0000][1][safepoint    ] Entering safepoint region: BulkRevokeBias
[2020-01-13T13:40:50.106+0000][1][safepoint    ] Leaving safepoint region
[2020-01-13T13:40:50.106+0000][1][safepoint    ] Total time for which application threads were stopped: 0.0003300 seconds, Stopping threads took: 0.0000296 seconds
[2020-01-13T13:40:51.106+0000][1][safepoint    ] Application time: 1.0000978 seconds
[2020-01-13T13:40:51.107+0000][1][safepoint    ] Entering safepoint region: Cleanup
[2020-01-13T13:40:51.107+0000][1][safepoint    ] Leaving safepoint region
[2020-01-13T13:40:51.107+0000][1][safepoint    ] Total time for which application threads were stopped: 0.0007767 seconds, Stopping threads took: 0.0006939 seconds
[2020-01-13T13:40:52.106+0000][1][safepoint    ] Application time: 0.9995751 seconds
[2020-01-13T13:40:52.106+0000][1][safepoint    ] Entering safepoint region: RevokeBias
[2020-01-13T13:40:52.106+0000][1][safepoint    ] Leaving safepoint region
[2020-01-13T13:40:52.106+0000][1][safepoint    ] Total time for which application threads were stopped: 0.0001581 seconds, Stopping threads took: 0.0000329 seconds
[2020-01-13T13:40:52.107+0000][1][safepoint    ] Application time: 0.0004529 seconds
[2020-01-13T13:40:52.107+0000][1][safepoint    ] Entering safepoint region: GenCollectForAllocation
[2020-01-13T13:40:52.107+0000][1][gc,start     ] GC(24) Pause Young (Allocation Failure)
[2020-01-13T13:40:52.107+0000][1][gc,task      ] GC(24) Using 1 workers of 1 for evacuation
[2020-01-13T13:40:52.121+0000][1][gc,age       ] GC(24) Desired survivor size 4358144 bytes, new threshold 6 (max threshold 6)
[2020-01-13T13:40:52.121+0000][1][gc,age       ] GC(24) Age table with threshold 6 (max threshold 6)
[2020-01-13T13:40:52.121+0000][1][gc,age       ] GC(24) - age   1:     134552 bytes,     134552 total
[2020-01-13T13:40:52.121+0000][1][gc,age       ] GC(24) - age   2:     523664 bytes,     658216 total
[2020-01-13T13:40:52.121+0000][1][gc,age       ] GC(24) - age   3:    2458248 bytes,    3116464 total
[2020-01-13T13:40:52.121+0000][1][gc,heap      ] GC(24) ParNew: 73393K->4817K(76672K)
[2020-01-13T13:40:52.121+0000][1][gc,heap      ] GC(24) CMS: 65492K->65492K(176960K)
[2020-01-13T13:40:52.121+0000][1][gc,metaspace ] GC(24) Metaspace: 67694K->67694K(1112064K)
[2020-01-13T13:40:52.121+0000][1][gc           ] GC(24) Pause Young (Allocation Failure) 135M->68M(247M) 13.749ms
[2020-01-13T13:40:52.121+0000][1][gc,cpu       ] GC(24) User=0.02s Sys=0.00s Real=0.02s
[2020-01-13T13:40:52.121+0000][1][safepoint    ] Leaving safepoint region
[2020-01-13T13:40:52.121+0000][1][safepoint    ] Total time for which application threads were stopped: 0.0139251 seconds, Stopping threads took: 0.0000116 seconds
[2020-01-13T13:40:53.125+0000][1][safepoint    ] Application time: 1.0045587 seconds
[2020-01-13T13:40:53.125+0000][1][safepoint    ] Entering safepoint region: Cleanup
[2020-01-13T13:40:53.126+0000][1][safepoint    ] Leaving safepoint region
[2020-01-13T13:40:53.126+0000][1][safepoint    ] Total time for which application threads were stopped: 0.0001260 seconds, Stopping threads took: 0.0000291 seconds
[2020-01-13T13:40:54.107+0000][1][safepoint    ] Application time: 0.9816237 seconds
[2020-01-13T13:40:54.107+0000][1][safepoint    ] Entering safepoint region: RevokeBias
[2020-01-13T13:40:54.108+0000][1][safepoint    ] Leaving safepoint region
[2020-01-13T13:40:54.108+0000][1][safepoint    ] Total time for which application threads were stopped: 0.0008548 seconds, Stopping threads took: 0.0000472 seconds
[2020-01-13T13:40:55.108+0000][1][safepoint    ] Application time: 1.0001047 seconds
[2020-01-13T13:40:55.108+0000][1][safepoint    ] Entering safepoint region: Cleanup
[2020-01-13T13:40:55.109+0000][1][safepoint    ] Leaving safepoint region
[2020-01-13T13:40:55.109+0000][1][safepoint    ] Total time for which application threads were stopped: 0.0002501 seconds, Stopping threads took: 0.0001677 seconds
[2020-01-13T13:40:56.109+0000][1][safepoint    ] Application time: 1.0000713 seconds
[2020-01-13T13:40:56.109+0000][1][safepoint    ] Entering safepoint region: Cleanup
[2020-01-13T13:40:56.109+0000][1][safepoint    ] Leaving safepoint region
[2020-01-13T13:40:56.109+0000][1][safepoint    ] Total time for which application threads were stopped: 0.0001226 seconds, Stopping threads took: 0.0000375 seconds
[2020-01-13T13:40:56.110+0000][1][safepoint    ] Application time: 0.0007151 seconds
[2020-01-13T13:40:56.110+0000][1][safepoint    ] Entering safepoint region: RevokeBias
[2020-01-13T13:40:56.110+0000][1][safepoint    ] Leaving safepoint region
[2020-01-13T13:40:56.110+0000][1][safepoint    ] Total time for which application threads were stopped: 0.0001200 seconds, Stopping threads took: 0.0000268 seconds
[2020-01-13T13:40:57.110+0000][1][safepoint    ] Application time: 1.0000880 seconds
[2020-01-13T13:40:57.110+0000][1][safepoint    ] Entering safepoint region: Cleanup
[2020-01-13T13:40:57.110+0000][1][safepoint    ] Leaving safepoint region
[2020-01-13T13:40:57.110+0000][1][safepoint    ] Total time for which application threads were stopped: 0.0000968 seconds, Stopping threads took: 0.0000195 seconds
[2020-01-13T13:40:58.111+0000][1][safepoint    ] Application time: 1.0006401 seconds
[2020-01-13T13:40:58.111+0000][1][safepoint    ] Entering safepoint region: RevokeBias
[2020-01-13T13:40:58.111+0000][1][safepoint    ] Leaving safepoint region
[2020-01-13T13:40:58.111+0000][1][safepoint    ] Total time for which application threads were stopped: 0.0001591 seconds, Stopping threads took: 0.0000479 seconds
[2020-01-13T13:40:59.111+0000][1][safepoint    ] Application time: 1.0000810 seconds
[2020-01-13T13:40:59.111+0000][1][safepoint    ] Entering safepoint region: Cleanup
[2020-01-13T13:40:59.111+0000][1][safepoint    ] Leaving safepoint region
[2020-01-13T13:40:59.111+0000][1][safepoint    ] Total time for which application threads were stopped: 0.0001364 seconds, Stopping threads took: 0.0000446 seconds
[2020-01-13T13:41:00.110+0000][1][safepoint    ] Application time: 0.9992111 seconds
[2020-01-13T13:41:00.112+0000][1][safepoint    ] Entering safepoint region: RevokeBias
[2020-01-13T13:41:00.112+0000][1][safepoint    ] Leaving safepoint region
[2020-01-13T13:41:00.112+0000][1][safepoint    ] Total time for which application threads were stopped: 0.0021405 seconds, Stopping threads took: 0.0020217 seconds
[2020-01-13T13:41:01.114+0000][1][safepoint    ] Application time: 1.0011061 seconds
[2020-01-13T13:41:01.114+0000][1][safepoint    ] Entering safepoint region: Cleanup
[2020-01-13T13:41:01.114+0000][1][safepoint    ] Leaving safepoint region
[2020-01-13T13:41:01.114+0000][1][safepoint    ] Total time for which application threads were stopped: 0.0001135 seconds, Stopping threads took: 0.0000246 seconds
[2020-01-13T13:41:02.110+0000][1][safepoint    ] Application time: 0.9963805 seconds
[2020-01-13T13:41:02.112+0000][1][safepoint    ] Entering safepoint region: RevokeBias
[2020-01-13T13:41:02.112+0000][1][safepoint    ] Leaving safepoint region
[2020-01-13T13:41:02.112+0000][1][safepoint    ] Total time for which application threads were stopped: 0.0020813 seconds, Stopping threads took: 0.0019562 seconds
[2020-01-13T13:41:03.113+0000][1][safepoint    ] Application time: 1.0010472 seconds
[2020-01-13T13:41:03.114+0000][1][safepoint    ] Entering safepoint region: Cleanup
[2020-01-13T13:41:03.115+0000][1][safepoint    ] Leaving safepoint region
[2020-01-13T13:41:03.115+0000][1][safepoint    ] Total time for which application threads were stopped: 0.0001797 seconds, Stopping threads took: 0.0000704 seconds
[2020-01-13T13:41:04.112+0000][1][safepoint    ] Application time: 0.9970157 seconds
[2020-01-13T13:41:04.112+0000][1][safepoint    ] Entering safepoint region: RevokeBias
[2020-01-13T13:41:04.112+0000][1][safepoint    ] Leaving safepoint region
[2020-01-13T13:41:04.112+0000][1][safepoint    ] Total time for which application threads were stopped: 0.0001277 seconds, Stopping threads took: 0.0000214 seconds
[2020-01-13T13:41:05.157+0000][1][safepoint    ] Application time: 1.0456275 seconds
[2020-01-13T13:41:05.157+0000][1][safepoint    ] Entering safepoint region: Cleanup
[2020-01-13T13:41:05.158+0000][1][safepoint    ] Leaving safepoint region
[2020-01-13T13:41:05.158+0000][1][safepoint    ] Total time for which application threads were stopped: 0.0002405 seconds, Stopping threads took: 0.0000229 seconds
[2020-01-13T13:41:06.111+0000][1][safepoint    ] Application time: 0.9531647 seconds
[2020-01-13T13:41:06.113+0000][1][safepoint    ] Entering safepoint region: RevokeBias
[2020-01-13T13:41:06.113+0000][1][safepoint    ] Leaving safepoint region
[2020-01-13T13:41:06.113+0000][1][safepoint    ] Total time for which application threads were stopped: 0.0021907 seconds, Stopping threads took: 0.0020262 seconds
[2020-01-13T13:41:08.113+0000][1][safepoint    ] Application time: 1.9997683 seconds
[2020-01-13T13:41:08.115+0000][1][safepoint    ] Entering safepoint region: RevokeBias
[2020-01-13T13:41:08.116+0000][1][safepoint    ] Leaving safepoint region
[2020-01-13T13:41:08.116+0000][1][safepoint    ] Total time for which application threads were stopped: 0.0032045 seconds, Stopping threads took: 0.0029818 seconds
[2020-01-13T13:41:10.113+0000][1][safepoint    ] Application time: 1.9967990 seconds
[2020-01-13T13:41:10.114+0000][1][safepoint    ] Entering safepoint region: RevokeBias
[2020-01-13T13:41:10.114+0000][1][safepoint    ] Leaving safepoint region
[2020-01-13T13:41:10.114+0000][1][safepoint    ] Total time for which application threads were stopped: 0.0008876 seconds, Stopping threads took: 0.0007378 seconds
[2020-01-13T13:41:11.114+0000][1][safepoint    ] Application time: 1.0000864 seconds
[2020-01-13T13:41:11.115+0000][1][safepoint    ] Entering safepoint region: Cleanup
[2020-01-13T13:41:11.115+0000][1][safepoint    ] Leaving safepoint region
[2020-01-13T13:41:11.115+0000][1][safepoint    ] Total time for which application threads were stopped: 0.0012950 seconds, Stopping threads took: 0.0012012 seconds
[2020-01-13T13:41:12.114+0000][1][safepoint    ] Application time: 0.9988895 seconds
[2020-01-13T13:41:12.116+0000][1][safepoint    ] Entering safepoint region: RevokeBias
[2020-01-13T13:41:12.116+0000][1][safepoint    ] Leaving safepoint region
[2020-01-13T13:41:12.116+0000][1][safepoint    ] Total time for which application threads were stopped: 0.0021459 seconds, Stopping threads took: 0.0020128 seconds
[2020-01-13T13:41:14.117+0000][1][safepoint    ] Application time: 2.0009335 seconds
[2020-01-13T13:41:14.119+0000][1][safepoint    ] Entering safepoint region: RevokeBias
[2020-01-13T13:41:14.119+0000][1][safepoint    ] Leaving safepoint region
[2020-01-13T13:41:14.119+0000][1][safepoint    ] Total time for which application threads were stopped: 0.0021097 seconds, Stopping threads took: 0.0019941 seconds
[2020-01-13T13:41:16.115+0000][1][safepoint    ] Application time: 1.9957182 seconds
[2020-01-13T13:41:16.117+0000][1][safepoint    ] Entering safepoint region: RevokeBias
[2020-01-13T13:41:16.117+0000][1][safepoint    ] Leaving safepoint region
[2020-01-13T13:41:16.117+0000][1][safepoint    ] Total time for which application threads were stopped: 0.0022315 seconds, Stopping threads took: 0.0021053 seconds
[2020-01-13T13:41:17.119+0000][1][safepoint    ] Application time: 1.0016044 seconds
[2020-01-13T13:41:17.119+0000][1][safepoint    ] Entering safepoint region: Cleanup
[2020-01-13T13:41:17.119+0000][1][safepoint    ] Leaving safepoint region
[2020-01-13T13:41:17.119+0000][1][safepoint    ] Total time for which application threads were stopped: 0.0000935 seconds, Stopping threads took: 0.0000176 seconds
[2020-01-13T13:41:18.117+0000][1][safepoint    ] Application time: 0.9982188 seconds
[2020-01-13T13:41:18.119+0000][1][safepoint    ] Entering safepoint region: RevokeBias
[2020-01-13T13:41:18.120+0000][1][safepoint    ] Leaving safepoint region
[2020-01-13T13:41:18.120+0000][1][safepoint    ] Total time for which application threads were stopped: 0.0021247 seconds, Stopping threads took: 0.0020124 seconds
[2020-01-13T13:41:18.413+0000][1][safepoint    ] Application time: 0.2931021 seconds
[2020-01-13T13:41:18.413+0000][1][safepoint    ] Entering safepoint region: RevokeBias
[2020-01-13T13:41:18.413+0000][1][safepoint    ] Leaving safepoint region
[2020-01-13T13:41:18.413+0000][1][safepoint    ] Total time for which application threads were stopped: 0.0001250 seconds, Stopping threads took: 0.0000190 seconds
[2020-01-13T13:41:19.416+0000][1][safepoint    ] Application time: 1.0031014 seconds
[2020-01-13T13:41:19.416+0000][1][safepoint    ] Entering safepoint region: Cleanup
[2020-01-13T13:41:19.416+0000][1][safepoint    ] Leaving safepoint region
[2020-01-13T13:41:19.416+0000][1][safepoint    ] Total time for which application threads were stopped: 0.0001292 seconds, Stopping threads took: 0.0000290 seconds
[2020-01-13T13:41:20.116+0000][1][safepoint    ] Application time: 0.6996355 seconds
[2020-01-13T13:41:20.116+0000][1][safepoint    ] Entering safepoint region: RevokeBias
[2020-01-13T13:41:20.116+0000][1][safepoint    ] Leaving safepoint region
[2020-01-13T13:41:20.116+0000][1][safepoint    ] Total time for which application threads were stopped: 0.0001194 seconds, Stopping threads took: 0.0000191 seconds
[2020-01-13T13:41:21.117+0000][1][safepoint    ] Application time: 1.0008787 seconds
[2020-01-13T13:41:21.118+0000][1][safepoint    ] Entering safepoint region: Cleanup
[2020-01-13T13:41:21.118+0000][1][safepoint    ] Leaving safepoint region
[2020-01-13T13:41:21.118+0000][1][safepoint    ] Total time for which application threads were stopped: 0.0012308 seconds, Stopping threads took: 0.0010994 seconds
[2020-01-13T13:41:22.117+0000][1][safepoint    ] Application time: 0.9988140 seconds
[2020-01-13T13:41:22.120+0000][1][safepoint    ] Entering safepoint region: RevokeBias
[2020-01-13T13:41:22.120+0000][1][safepoint    ] Leaving safepoint region
[2020-01-13T13:41:22.120+0000][1][safepoint    ] Total time for which application threads were stopped: 0.0033450 seconds, Stopping threads took: 0.0031910 seconds
[2020-01-13T13:41:24.119+0000][1][safepoint    ] Application time: 1.9990290 seconds
[2020-01-13T13:41:24.122+0000][1][safepoint    ] Entering safepoint region: RevokeBias
[2020-01-13T13:41:24.122+0000][1][safepoint    ] Leaving safepoint region
[2020-01-13T13:41:24.122+0000][1][safepoint    ] Total time for which application threads were stopped: 0.0022249 seconds, Stopping threads took: 0.0020989 seconds
[2020-01-13T13:41:26.121+0000][1][safepoint    ] Application time: 1.9988380 seconds
[2020-01-13T13:41:26.123+0000][1][safepoint    ] Entering safepoint region: RevokeBias
[2020-01-13T13:41:26.123+0000][1][safepoint    ] Leaving safepoint region
[2020-01-13T13:41:26.123+0000][1][safepoint    ] Total time for which application threads were stopped: 0.0021315 seconds, Stopping threads took: 0.0020006 seconds
[2020-01-13T13:41:28.122+0000][1][safepoint    ] Application time: 1.9989377 seconds
[2020-01-13T13:41:28.122+0000][1][safepoint    ] Entering safepoint region: RevokeBias
[2020-01-13T13:41:28.122+0000][1][safepoint    ] Leaving safepoint region
[2020-01-13T13:41:28.122+0000][1][safepoint    ] Total time for which application threads were stopped: 0.0001235 seconds, Stopping threads took: 0.0000220 seconds
[2020-01-13T13:41:29.122+0000][1][safepoint    ] Application time: 1.0000852 seconds
[2020-01-13T13:41:29.122+0000][1][safepoint    ] Entering safepoint region: Cleanup
[2020-01-13T13:41:29.122+0000][1][safepoint    ] Leaving safepoint region
[2020-01-13T13:41:29.122+0000][1][safepoint    ] Total time for which application threads were stopped: 0.0005139 seconds, Stopping threads took: 0.0004113 seconds
[2020-01-13T13:41:30.120+0000][1][safepoint    ] Application time: 0.9976870 seconds
[2020-01-13T13:41:30.121+0000][1][safepoint    ] Entering safepoint region: RevokeBias
[2020-01-13T13:41:30.121+0000][1][safepoint    ] Leaving safepoint region
[2020-01-13T13:41:30.121+0000][1][safepoint    ] Total time for which application threads were stopped: 0.0005552 seconds, Stopping threads took: 0.0004287 seconds
[2020-01-13T13:41:31.124+0000][1][safepoint    ] Application time: 1.0031830 seconds
[2020-01-13T13:41:31.124+0000][1][safepoint    ] Entering safepoint region: Cleanup
[2020-01-13T13:41:31.124+0000][1][safepoint    ] Leaving safepoint region
[2020-01-13T13:41:31.124+0000][1][safepoint    ] Total time for which application threads were stopped: 0.0001589 seconds, Stopping threads took: 0.0000701 seconds
[2020-01-13T13:41:32.123+0000][1][safepoint    ] Application time: 0.9988185 seconds
[2020-01-13T13:41:32.123+0000][1][safepoint    ] Entering safepoint region: RevokeBias
[2020-01-13T13:41:32.123+0000][1][safepoint    ] Leaving safepoint region
[2020-01-13T13:41:32.123+0000][1][safepoint    ] Total time for which application threads were stopped: 0.0001227 seconds, Stopping threads took: 0.0000190 seconds
[2020-01-13T13:41:33.123+0000][1][safepoint    ] Application time: 1.0000974 seconds
[2020-01-13T13:41:33.124+0000][1][safepoint    ] Entering safepoint region: Cleanup
[2020-01-13T13:41:33.124+0000][1][safepoint    ] Leaving safepoint region
[2020-01-13T13:41:33.124+0000][1][safepoint    ] Total time for which application threads were stopped: 0.0001907 seconds, Stopping threads took: 0.0000719 seconds
[2020-01-13T13:41:34.125+0000][1][safepoint    ] Application time: 1.0006309 seconds
[2020-01-13T13:41:34.125+0000][1][safepoint    ] Entering safepoint region: RevokeBias
[2020-01-13T13:41:34.125+0000][1][safepoint    ] Leaving safepoint region
[2020-01-13T13:41:34.125+0000][1][safepoint    ] Total time for which application threads were stopped: 0.0001235 seconds, Stopping threads took: 0.0000207 seconds
[2020-01-13T13:41:35.125+0000][1][safepoint    ] Application time: 1.0001569 seconds
[2020-01-13T13:41:35.125+0000][1][safepoint    ] Entering safepoint region: Cleanup
[2020-01-13T13:41:35.126+0000][1][safepoint    ] Leaving safepoint region
[2020-01-13T13:41:35.126+0000][1][safepoint    ] Total time for which application threads were stopped: 0.0001785 seconds, Stopping threads took: 0.0000519 seconds
[2020-01-13T13:41:36.123+0000][1][safepoint    ] Application time: 0.9976562 seconds
[2020-01-13T13:41:36.124+0000][1][safepoint    ] Entering safepoint region: RevokeBias
[2020-01-13T13:41:36.125+0000][1][safepoint    ] Leaving safepoint region
[2020-01-13T13:41:36.125+0000][1][safepoint    ] Total time for which application threads were stopped: 0.0013809 seconds, Stopping threads took: 0.0011882 seconds
[2020-01-13T13:41:37.126+0000][1][safepoint    ] Application time: 1.0010509 seconds
[2020-01-13T13:41:37.126+0000][1][safepoint    ] Entering safepoint region: Cleanup
[2020-01-13T13:41:37.126+0000][1][safepoint    ] Leaving safepoint region
[2020-01-13T13:41:37.126+0000][1][safepoint    ] Total time for which application threads were stopped: 0.0001271 seconds, Stopping threads took: 0.0000224 seconds
[2020-01-13T13:41:38.124+0000][1][safepoint    ] Application time: 0.9977276 seconds
[2020-01-13T13:41:38.125+0000][1][safepoint    ] Entering safepoint region: RevokeBias
[2020-01-13T13:41:38.125+0000][1][safepoint    ] Leaving safepoint region
[2020-01-13T13:41:38.125+0000][1][safepoint    ] Total time for which application threads were stopped: 0.0001941 seconds, Stopping threads took: 0.0000659 seconds
[2020-01-13T13:41:39.127+0000][1][safepoint    ] Application time: 1.0023446 seconds
[2020-01-13T13:41:39.130+0000][1][safepoint    ] Entering safepoint region: Cleanup
[2020-01-13T13:41:39.130+0000][1][safepoint    ] Leaving safepoint region
[2020-01-13T13:41:39.130+0000][1][safepoint    ] Total time for which application threads were stopped: 0.0024900 seconds, Stopping threads took: 0.0023849 seconds
[2020-01-13T13:41:40.128+0000][1][safepoint    ] Application time: 0.9977108 seconds
[2020-01-13T13:41:40.131+0000][1][safepoint    ] Entering safepoint region: RevokeBias
[2020-01-13T13:41:40.131+0000][1][safepoint    ] Leaving safepoint region
[2020-01-13T13:41:40.132+0000][1][safepoint    ] Total time for which application threads were stopped: 0.0039038 seconds, Stopping threads took: 0.0037573 seconds
[2020-01-13T13:41:42.124+0000][1][safepoint    ] Application time: 1.9924537 seconds
[2020-01-13T13:41:42.128+0000][1][safepoint    ] Entering safepoint region: RevokeBias
[2020-01-13T13:41:42.128+0000][1][safepoint    ] Leaving safepoint region
[2020-01-13T13:41:42.128+0000][1][safepoint    ] Total time for which application threads were stopped: 0.0040293 seconds, Stopping threads took: 0.0038840 seconds
[2020-01-13T13:41:44.125+0000][1][safepoint    ] Application time: 1.9968168 seconds
[2020-01-13T13:41:44.131+0000][1][safepoint    ] Entering safepoint region: RevokeBias
[2020-01-13T13:41:44.132+0000][1][safepoint    ] Leaving safepoint region
[2020-01-13T13:41:44.132+0000][1][safepoint    ] Total time for which application threads were stopped: 0.0067083 seconds, Stopping threads took: 0.0065722 seconds
[2020-01-13T13:41:46.126+0000][1][safepoint    ] Application time: 1.9938722 seconds
[2020-01-13T13:41:46.133+0000][1][safepoint    ] Entering safepoint region: RevokeBias
[2020-01-13T13:41:46.133+0000][1][safepoint    ] Leaving safepoint region
[2020-01-13T13:41:46.133+0000][1][safepoint    ] Total time for which application threads were stopped: 0.0076337 seconds, Stopping threads took: 0.0074772 seconds
[2020-01-13T13:41:48.127+0000][1][safepoint    ] Application time: 1.9942307 seconds
[2020-01-13T13:41:48.134+0000][1][safepoint    ] Entering safepoint region: RevokeBias
[2020-01-13T13:41:48.134+0000][1][safepoint    ] Leaving safepoint region
[2020-01-13T13:41:48.134+0000][1][safepoint    ] Total time for which application threads were stopped: 0.0067692 seconds, Stopping threads took: 0.0066176 seconds
[2020-01-13T13:41:49.255+0000][1][safepoint    ] Application time: 1.1209599 seconds
[2020-01-13T13:41:49.255+0000][1][safepoint    ] Entering safepoint region: RevokeBias
[2020-01-13T13:41:49.255+0000][1][safepoint    ] Leaving safepoint region
[2020-01-13T13:41:49.255+0000][1][safepoint    ] Total time for which application threads were stopped: 0.0001323 seconds, Stopping threads took: 0.0000207 seconds
[2020-01-13T13:41:50.127+0000][1][safepoint    ] Application time: 0.8716238 seconds
[2020-01-13T13:41:50.127+0000][1][safepoint    ] Entering safepoint region: RevokeBias
[2020-01-13T13:41:50.127+0000][1][safepoint    ] Leaving safepoint region
[2020-01-13T13:41:50.127+0000][1][safepoint    ] Total time for which application threads were stopped: 0.0001884 seconds, Stopping threads took: 0.0000201 seconds
[2020-01-13T13:41:51.128+0000][1][safepoint    ] Application time: 1.0005526 seconds
[2020-01-13T13:41:51.128+0000][1][safepoint    ] Entering safepoint region: Cleanup
[2020-01-13T13:41:51.128+0000][1][safepoint    ] Leaving safepoint region
[2020-01-13T13:41:51.128+0000][1][safepoint    ] Total time for which application threads were stopped: 0.0001334 seconds, Stopping threads took: 0.0000350 seconds
[2020-01-13T13:41:52.127+0000][1][safepoint    ] Application time: 0.9989580 seconds
[2020-01-13T13:41:52.129+0000][1][safepoint    ] Entering safepoint region: RevokeBias
[2020-01-13T13:41:52.129+0000][1][safepoint    ] Leaving safepoint region
[2020-01-13T13:41:52.129+0000][1][safepoint    ] Total time for which application threads were stopped: 0.0021061 seconds, Stopping threads took: 0.0019858 seconds
[2020-01-13T13:41:54.128+0000][1][safepoint    ] Application time: 1.9988729 seconds
[2020-01-13T13:41:54.130+0000][1][safepoint    ] Entering safepoint region: BulkRevokeBias
[2020-01-13T13:41:54.130+0000][1][safepoint    ] Leaving safepoint region
[2020-01-13T13:41:54.130+0000][1][safepoint    ] Total time for which application threads were stopped: 0.0023301 seconds, Stopping threads took: 0.0019867 seconds
[2020-01-13T13:41:55.136+0000][1][safepoint    ] Application time: 1.0054125 seconds
[2020-01-13T13:41:55.136+0000][1][safepoint    ] Entering safepoint region: Cleanup
[2020-01-13T13:41:55.136+0000][1][safepoint    ] Leaving safepoint region
[2020-01-13T13:41:55.136+0000][1][safepoint    ] Total time for which application threads were stopped: 0.0001169 seconds, Stopping threads took: 0.0000261 seconds
[2020-01-13T13:41:56.128+0000][1][safepoint    ] Application time: 0.9920835 seconds
[2020-01-13T13:41:56.130+0000][1][safepoint    ] Entering safepoint region: RevokeBias
[2020-01-13T13:41:56.130+0000][1][safepoint    ] Leaving safepoint region
[2020-01-13T13:41:56.130+0000][1][safepoint    ] Total time for which application threads were stopped: 0.0021237 seconds, Stopping threads took: 0.0019905 seconds
[2020-01-13T13:41:57.131+0000][1][safepoint    ] Application time: 1.0010423 seconds
[2020-01-13T13:41:57.131+0000][1][safepoint    ] Entering safepoint region: Cleanup
[2020-01-13T13:41:57.131+0000][1][safepoint    ] Leaving safepoint region
[2020-01-13T13:41:57.131+0000][1][safepoint    ] Total time for which application threads were stopped: 0.0001066 seconds, Stopping threads took: 0.0000205 seconds
[2020-01-13T13:41:58.130+0000][1][safepoint    ] Application time: 0.9985289 seconds
[2020-01-13T13:41:58.132+0000][1][safepoint    ] Entering safepoint region: RevokeBias
[2020-01-13T13:41:58.133+0000][1][safepoint    ] Leaving safepoint region
[2020-01-13T13:41:58.133+0000][1][safepoint    ] Total time for which application threads were stopped: 0.0033493 seconds, Stopping threads took: 0.0030934 seconds
[2020-01-13T13:41:59.139+0000][1][safepoint    ] Application time: 1.0052770 seconds
[2020-01-13T13:41:59.139+0000][1][safepoint    ] Entering safepoint region: Cleanup
[2020-01-13T13:41:59.139+0000][1][safepoint    ] Leaving safepoint region
[2020-01-13T13:41:59.139+0000][1][safepoint    ] Total time for which application threads were stopped: 0.0001041 seconds, Stopping threads took: 0.0000206 seconds
[2020-01-13T13:42:00.130+0000][1][safepoint    ] Application time: 0.9907683 seconds
[2020-01-13T13:42:00.132+0000][1][safepoint    ] Entering safepoint region: RevokeBias
[2020-01-13T13:42:00.132+0000][1][safepoint    ] Leaving safepoint region
[2020-01-13T13:42:00.132+0000][1][safepoint    ] Total time for which application threads were stopped: 0.0021219 seconds, Stopping threads took: 0.0019858 seconds
[2020-01-13T13:42:01.133+0000][1][safepoint    ] Application time: 1.0010279 seconds
[2020-01-13T13:42:01.133+0000][1][safepoint    ] Entering safepoint region: Cleanup
[2020-01-13T13:42:01.133+0000][1][safepoint    ] Leaving safepoint region
[2020-01-13T13:42:01.133+0000][1][safepoint    ] Total time for which application threads were stopped: 0.0000935 seconds, Stopping threads took: 0.0000214 seconds
[2020-01-13T13:42:02.131+0000][1][safepoint    ] Application time: 0.9976210 seconds
[2020-01-13T13:42:02.133+0000][1][safepoint    ] Entering safepoint region: RevokeBias
[2020-01-13T13:42:02.133+0000][1][safepoint    ] Leaving safepoint region
[2020-01-13T13:42:02.133+0000][1][safepoint    ] Total time for which application threads were stopped: 0.0021177 seconds, Stopping threads took: 0.0019897 seconds
[2020-01-13T13:42:03.134+0000][1][safepoint    ] Application time: 1.0010951 seconds
[2020-01-13T13:42:03.135+0000][1][safepoint    ] Entering safepoint region: Cleanup
[2020-01-13T13:42:03.135+0000][1][safepoint    ] Leaving safepoint region
[2020-01-13T13:42:03.135+0000][1][safepoint    ] Total time for which application threads were stopped: 0.0001905 seconds, Stopping threads took: 0.0000669 seconds
[2020-01-13T13:42:04.132+0000][1][safepoint    ] Application time: 0.9965588 seconds
[2020-01-13T13:42:04.134+0000][1][safepoint    ] Entering safepoint region: RevokeBias
[2020-01-13T13:42:04.134+0000][1][safepoint    ] Leaving safepoint region
[2020-01-13T13:42:04.134+0000][1][safepoint    ] Total time for which application threads were stopped: 0.0021304 seconds, Stopping threads took: 0.0019899 seconds
[2020-01-13T13:42:05.135+0000][1][safepoint    ] Application time: 1.0010869 seconds
[2020-01-13T13:42:05.135+0000][1][safepoint    ] Entering safepoint region: Cleanup
[2020-01-13T13:42:05.135+0000][1][safepoint    ] Leaving safepoint region
[2020-01-13T13:42:05.135+0000][1][safepoint    ] Total time for which application threads were stopped: 0.0001467 seconds, Stopping threads took: 0.0000246 seconds
[2020-01-13T13:42:06.132+0000][1][safepoint    ] Application time: 0.9968166 seconds
[2020-01-13T13:42:06.132+0000][1][safepoint    ] Entering safepoint region: RevokeBias
[2020-01-13T13:42:06.132+0000][1][safepoint    ] Leaving safepoint region
[2020-01-13T13:42:06.132+0000][1][safepoint    ] Total time for which application threads were stopped: 0.0001851 seconds, Stopping threads took: 0.0000201 seconds
[2020-01-13T13:42:07.133+0000][1][safepoint    ] Application time: 1.0001316 seconds
[2020-01-13T13:42:07.133+0000][1][safepoint    ] Entering safepoint region: Cleanup
[2020-01-13T13:42:07.133+0000][1][safepoint    ] Leaving safepoint region
[2020-01-13T13:42:07.133+0000][1][safepoint    ] Total time for which application threads were stopped: 0.0001221 seconds, Stopping threads took: 0.0000290 seconds
[2020-01-13T13:42:08.133+0000][1][safepoint    ] Application time: 1.0000849 seconds
[2020-01-13T13:42:08.135+0000][1][safepoint    ] Entering safepoint region: Cleanup
[2020-01-13T13:42:08.135+0000][1][safepoint    ] Leaving safepoint region
[2020-01-13T13:42:08.135+0000][1][safepoint    ] Total time for which application threads were stopped: 0.0017116 seconds, Stopping threads took: 0.0016233 seconds
[2020-01-13T13:42:08.135+0000][1][safepoint    ] Application time: 0.0002177 seconds
[2020-01-13T13:42:08.135+0000][1][safepoint    ] Entering safepoint region: RevokeBias
[2020-01-13T13:42:08.135+0000][1][safepoint    ] Leaving safepoint region
[2020-01-13T13:42:08.135+0000][1][safepoint    ] Total time for which application threads were stopped: 0.0001266 seconds, Stopping threads took: 0.0000454 seconds
[2020-01-13T13:42:09.135+0000][1][safepoint    ] Application time: 1.0000861 seconds
[2020-01-13T13:42:09.135+0000][1][safepoint    ] Entering safepoint region: Cleanup
[2020-01-13T13:42:09.135+0000][1][safepoint    ] Leaving safepoint region
[2020-01-13T13:42:09.135+0000][1][safepoint    ] Total time for which application threads were stopped: 0.0001039 seconds, Stopping threads took: 0.0000313 seconds
[2020-01-13T13:42:10.134+0000][1][safepoint    ] Application time: 0.9985957 seconds
[2020-01-13T13:42:10.136+0000][1][safepoint    ] Entering safepoint region: RevokeBias
[2020-01-13T13:42:10.136+0000][1][safepoint    ] Leaving safepoint region
[2020-01-13T13:42:10.136+0000][1][safepoint    ] Total time for which application threads were stopped: 0.0021187 seconds, Stopping threads took: 0.0019953 seconds
[2020-01-13T13:42:11.138+0000][1][safepoint    ] Application time: 1.0016255 seconds
[2020-01-13T13:42:11.138+0000][1][safepoint    ] Entering safepoint region: Cleanup
[2020-01-13T13:42:11.138+0000][1][safepoint    ] Leaving safepoint region
[2020-01-13T13:42:11.138+0000][1][safepoint    ] Total time for which application threads were stopped: 0.0001014 seconds, Stopping threads took: 0.0000216 seconds
[2020-01-13T13:42:12.135+0000][1][safepoint    ] Application time: 0.9970092 seconds
[2020-01-13T13:42:12.136+0000][1][safepoint    ] Entering safepoint region: RevokeBias
[2020-01-13T13:42:12.136+0000][1][safepoint    ] Leaving safepoint region
[2020-01-13T13:42:12.136+0000][1][safepoint    ] Total time for which application threads were stopped: 0.0002108 seconds, Stopping threads took: 0.0000702 seconds
[2020-01-13T13:42:12.649+0000][1][safepoint    ] Application time: 0.5126084 seconds
[2020-01-13T13:42:12.649+0000][1][safepoint    ] Entering safepoint region: RevokeBias
[2020-01-13T13:42:12.649+0000][1][safepoint    ] Leaving safepoint region
[2020-01-13T13:42:12.649+0000][1][safepoint    ] Total time for which application threads were stopped: 0.0001144 seconds, Stopping threads took: 0.0000237 seconds
[2020-01-13T13:42:12.649+0000][1][safepoint    ] Application time: 0.0000651 seconds
[2020-01-13T13:42:12.649+0000][1][safepoint    ] Entering safepoint region: RevokeBias
[2020-01-13T13:42:12.649+0000][1][safepoint    ] Leaving safepoint region
[2020-01-13T13:42:12.649+0000][1][safepoint    ] Total time for which application threads were stopped: 0.0000287 seconds, Stopping threads took: 0.0000114 seconds
[2020-01-13T13:42:12.650+0000][1][safepoint    ] Application time: 0.0009712 seconds
[2020-01-13T13:42:12.652+0000][1][safepoint    ] Entering safepoint region: RevokeBias
[2020-01-13T13:42:12.652+0000][1][safepoint    ] Leaving safepoint region
[2020-01-13T13:42:12.652+0000][1][safepoint    ] Total time for which application threads were stopped: 0.0021934 seconds, Stopping threads took: 0.0021042 seconds
[2020-01-13T13:42:12.652+0000][1][safepoint    ] Application time: 0.0001780 seconds
[2020-01-13T13:42:12.653+0000][1][safepoint    ] Entering safepoint region: RevokeBias
[2020-01-13T13:42:12.653+0000][1][safepoint    ] Leaving safepoint region
[2020-01-13T13:42:12.653+0000][1][safepoint    ] Total time for which application threads were stopped: 0.0000510 seconds, Stopping threads took: 0.0000086 seconds
[2020-01-13T13:42:12.656+0000][1][safepoint    ] Application time: 0.0032498 seconds
[2020-01-13T13:42:12.657+0000][1][safepoint    ] Entering safepoint region: RevokeBias
[2020-01-13T13:42:12.657+0000][1][safepoint    ] Leaving safepoint region
[2020-01-13T13:42:12.657+0000][1][safepoint    ] Total time for which application threads were stopped: 0.0013580 seconds, Stopping threads took: 0.0012965 seconds
[2020-01-13T13:42:12.661+0000][1][safepoint    ] Application time: 0.0036670 seconds
[2020-01-13T13:42:12.661+0000][1][safepoint    ] Entering safepoint region: RevokeBias
[2020-01-13T13:42:12.661+0000][1][safepoint    ] Leaving safepoint region
[2020-01-13T13:42:12.661+0000][1][safepoint    ] Total time for which application threads were stopped: 0.0003906 seconds, Stopping threads took: 0.0003254 seconds
[2020-01-13T13:42:12.663+0000][1][safepoint    ] Application time: 0.0016436 seconds
[2020-01-13T13:42:12.664+0000][1][safepoint    ] Entering safepoint region: RevokeBias
[2020-01-13T13:42:12.664+0000][1][safepoint    ] Leaving safepoint region
[2020-01-13T13:42:12.664+0000][1][safepoint    ] Total time for which application threads were stopped: 0.0015316 seconds, Stopping threads took: 0.0014853 seconds
[2020-01-13T13:42:12.665+0000][1][safepoint    ] Application time: 0.0009289 seconds
[2020-01-13T13:42:12.665+0000][1][safepoint    ] Entering safepoint region: RevokeBias
[2020-01-13T13:42:12.666+0000][1][safepoint    ] Leaving safepoint region
[2020-01-13T13:42:12.666+0000][1][safepoint    ] Total time for which application threads were stopped: 0.0001149 seconds, Stopping threads took: 0.0000685 seconds
[2020-01-13T13:42:12.667+0000][1][safepoint    ] Application time: 0.0018672 seconds
[2020-01-13T13:42:12.667+0000][1][safepoint    ] Entering safepoint region: RevokeBias
[2020-01-13T13:42:12.668+0000][1][safepoint    ] Leaving safepoint region
[2020-01-13T13:42:12.668+0000][1][safepoint    ] Total time for which application threads were stopped: 0.0001072 seconds, Stopping threads took: 0.0000688 seconds
[2020-01-13T13:42:12.965+0000][1][safepoint    ] Application time: 0.2978995 seconds
[2020-01-13T13:42:12.966+0000][1][safepoint    ] Entering safepoint region: RevokeBias
[2020-01-13T13:42:12.966+0000][1][safepoint    ] Leaving safepoint region
[2020-01-13T13:42:12.966+0000][1][safepoint    ] Total time for which application threads were stopped: 0.0001003 seconds, Stopping threads took: 0.0000196 seconds
[2020-01-13T13:42:12.966+0000][1][safepoint    ] Application time: 0.0006718 seconds
[2020-01-13T13:42:12.966+0000][1][safepoint    ] Entering safepoint region: RevokeBias
[2020-01-13T13:42:12.966+0000][1][safepoint    ] Leaving safepoint region
[2020-01-13T13:42:12.966+0000][1][safepoint    ] Total time for which application threads were stopped: 0.0000789 seconds, Stopping threads took: 0.0000159 seconds
[2020-01-13T13:42:12.970+0000][1][safepoint    ] Application time: 0.0032137 seconds
[2020-01-13T13:42:12.970+0000][1][safepoint    ] Entering safepoint region: RevokeBias
[2020-01-13T13:42:12.970+0000][1][safepoint    ] Leaving safepoint region
[2020-01-13T13:42:12.970+0000][1][safepoint    ] Total time for which application threads were stopped: 0.0000853 seconds, Stopping threads took: 0.0000160 seconds
[2020-01-13T13:42:12.971+0000][1][safepoint    ] Application time: 0.0010214 seconds
[2020-01-13T13:42:12.971+0000][1][safepoint    ] Entering safepoint region: RevokeBias
[2020-01-13T13:42:12.971+0000][1][safepoint    ] Leaving safepoint region
[2020-01-13T13:42:12.971+0000][1][safepoint    ] Total time for which application threads were stopped: 0.0000492 seconds, Stopping threads took: 0.0000104 seconds
[2020-01-13T13:42:12.971+0000][1][safepoint    ] Application time: 0.0001344 seconds
[2020-01-13T13:42:12.971+0000][1][safepoint    ] Entering safepoint region: RevokeBias
[2020-01-13T13:42:12.971+0000][1][safepoint    ] Leaving safepoint region
[2020-01-13T13:42:12.971+0000][1][safepoint    ] Total time for which application threads were stopped: 0.0000386 seconds, Stopping threads took: 0.0000090 seconds
[2020-01-13T13:42:12.971+0000][1][safepoint    ] Application time: 0.0003570 seconds
[2020-01-13T13:42:12.971+0000][1][safepoint    ] Entering safepoint region: RevokeBias
[2020-01-13T13:42:12.971+0000][1][safepoint    ] Leaving safepoint region
[2020-01-13T13:42:12.971+0000][1][safepoint    ] Total time for which application threads were stopped: 0.0000413 seconds, Stopping threads took: 0.0000093 seconds
[2020-01-13T13:42:12.971+0000][1][safepoint    ] Application time: 0.0000339 seconds
[2020-01-13T13:42:12.971+0000][1][safepoint    ] Entering safepoint region: RevokeBias
[2020-01-13T13:42:12.971+0000][1][safepoint    ] Leaving safepoint region
[2020-01-13T13:42:12.971+0000][1][safepoint    ] Total time for which application threads were stopped: 0.0000256 seconds, Stopping threads took: 0.0000061 seconds
[2020-01-13T13:42:12.972+0000][1][safepoint    ] Application time: 0.0003728 seconds
[2020-01-13T13:42:12.972+0000][1][safepoint    ] Entering safepoint region: RevokeBias
[2020-01-13T13:42:12.972+0000][1][safepoint    ] Leaving safepoint region
[2020-01-13T13:42:12.972+0000][1][safepoint    ] Total time for which application threads were stopped: 0.0000374 seconds, Stopping threads took: 0.0000087 seconds
[2020-01-13T13:42:12.993+0000][1][safepoint    ] Application time: 0.0206606 seconds
[2020-01-13T13:42:12.993+0000][1][safepoint    ] Entering safepoint region: RevokeBias
[2020-01-13T13:42:12.993+0000][1][safepoint    ] Leaving safepoint region
[2020-01-13T13:42:12.993+0000][1][safepoint    ] Total time for which application threads were stopped: 0.0001165 seconds, Stopping threads took: 0.0000286 seconds
[2020-01-13T13:42:12.994+0000][1][safepoint    ] Application time: 0.0008983 seconds
[2020-01-13T13:42:12.994+0000][1][safepoint    ] Entering safepoint region: RevokeBias
[2020-01-13T13:42:12.994+0000][1][safepoint    ] Leaving safepoint region
[2020-01-13T13:42:12.994+0000][1][safepoint    ] Total time for which application threads were stopped: 0.0000724 seconds, Stopping threads took: 0.0000133 seconds
[2020-01-13T13:42:12.996+0000][1][safepoint    ] Application time: 0.0024277 seconds
[2020-01-13T13:42:12.998+0000][1][safepoint    ] Entering safepoint region: RevokeBias
[2020-01-13T13:42:12.998+0000][1][safepoint    ] Leaving safepoint region
[2020-01-13T13:42:12.998+0000][1][safepoint    ] Total time for which application threads were stopped: 0.0020900 seconds, Stopping threads took: 0.0020361 seconds
[2020-01-13T13:42:13.000+0000][1][safepoint    ] Application time: 0.0015543 seconds
[2020-01-13T13:42:13.000+0000][1][safepoint    ] Entering safepoint region: RevokeBias
[2020-01-13T13:42:13.000+0000][1][safepoint    ] Leaving safepoint region
[2020-01-13T13:42:13.000+0000][1][safepoint    ] Total time for which application threads were stopped: 0.0000573 seconds, Stopping threads took: 0.0000102 seconds
[2020-01-13T13:42:13.017+0000][1][safepoint    ] Application time: 0.0171760 seconds
[2020-01-13T13:42:13.018+0000][1][safepoint    ] Entering safepoint region: RevokeBias
[2020-01-13T13:42:13.018+0000][1][safepoint    ] Leaving safepoint region
[2020-01-13T13:42:13.018+0000][1][safepoint    ] Total time for which application threads were stopped: 0.0012246 seconds, Stopping threads took: 0.0011495 seconds
[2020-01-13T13:42:13.019+0000][1][safepoint    ] Application time: 0.0005744 seconds
[2020-01-13T13:42:13.019+0000][1][safepoint    ] Entering safepoint region: RevokeBias
[2020-01-13T13:42:13.019+0000][1][safepoint    ] Leaving safepoint region
[2020-01-13T13:42:13.019+0000][1][safepoint    ] Total time for which application threads were stopped: 0.0000672 seconds, Stopping threads took: 0.0000203 seconds
[2020-01-13T13:42:13.020+0000][1][safepoint    ] Application time: 0.0006618 seconds
[2020-01-13T13:42:13.023+0000][1][safepoint    ] Entering safepoint region: RevokeBias
[2020-01-13T13:42:13.023+0000][1][safepoint    ] Leaving safepoint region
[2020-01-13T13:42:13.023+0000][1][safepoint    ] Total time for which application threads were stopped: 0.0036261 seconds, Stopping threads took: 0.0035757 seconds
[2020-01-13T13:42:13.024+0000][1][safepoint    ] Application time: 0.0003896 seconds
[2020-01-13T13:42:13.024+0000][1][safepoint    ] Entering safepoint region: RevokeBias
[2020-01-13T13:42:13.024+0000][1][safepoint    ] Leaving safepoint region
[2020-01-13T13:42:13.024+0000][1][safepoint    ] Total time for which application threads were stopped: 0.0000703 seconds, Stopping threads took: 0.0000195 seconds
[2020-01-13T13:42:13.024+0000][1][safepoint    ] Application time: 0.0002451 seconds
[2020-01-13T13:42:13.024+0000][1][safepoint    ] Entering safepoint region: RevokeBias
[2020-01-13T13:42:13.024+0000][1][safepoint    ] Leaving safepoint region
[2020-01-13T13:42:13.024+0000][1][safepoint    ] Total time for which application threads were stopped: 0.0000565 seconds, Stopping threads took: 0.0000159 seconds
[2020-01-13T13:42:13.024+0000][1][safepoint    ] Application time: 0.0002873 seconds
[2020-01-13T13:42:13.024+0000][1][safepoint    ] Entering safepoint region: RevokeBias
[2020-01-13T13:42:13.025+0000][1][safepoint    ] Leaving safepoint region
[2020-01-13T13:42:13.025+0000][1][safepoint    ] Total time for which application threads were stopped: 0.0000523 seconds, Stopping threads took: 0.0000177 seconds
[2020-01-13T13:42:13.025+0000][1][safepoint    ] Application time: 0.0001967 seconds
[2020-01-13T13:42:13.025+0000][1][safepoint    ] Entering safepoint region: RevokeBias
[2020-01-13T13:42:13.025+0000][1][safepoint    ] Leaving safepoint region
[2020-01-13T13:42:13.025+0000][1][safepoint    ] Total time for which application threads were stopped: 0.0000362 seconds, Stopping threads took: 0.0000149 seconds
[2020-01-13T13:42:13.025+0000][1][safepoint    ] Application time: 0.0004230 seconds
[2020-01-13T13:42:13.025+0000][1][safepoint    ] Entering safepoint region: BulkRevokeBias
[2020-01-13T13:42:13.025+0000][1][safepoint    ] Leaving safepoint region
[2020-01-13T13:42:13.025+0000][1][safepoint    ] Total time for which application threads were stopped: 0.0001938 seconds, Stopping threads took: 0.0000155 seconds
[2020-01-13T13:42:13.030+0000][1][safepoint    ] Application time: 0.0042468 seconds
[2020-01-13T13:42:13.030+0000][1][safepoint    ] Entering safepoint region: RevokeBias
[2020-01-13T13:42:13.030+0000][1][safepoint    ] Leaving safepoint region
[2020-01-13T13:42:13.030+0000][1][safepoint    ] Total time for which application threads were stopped: 0.0000371 seconds, Stopping threads took: 0.0000178 seconds
[2020-01-13T13:42:13.030+0000][1][safepoint    ] Application time: 0.0000828 seconds
[2020-01-13T13:42:13.030+0000][1][safepoint    ] Entering safepoint region: RevokeBias
[2020-01-13T13:42:13.030+0000][1][safepoint    ] Leaving safepoint region
[2020-01-13T13:42:13.030+0000][1][safepoint    ] Total time for which application threads were stopped: 0.0000278 seconds, Stopping threads took: 0.0000128 seconds
[2020-01-13T13:42:13.033+0000][1][safepoint    ] Application time: 0.0031323 seconds
[2020-01-13T13:42:13.033+0000][1][safepoint    ] Entering safepoint region: RevokeBias
[2020-01-13T13:42:13.033+0000][1][safepoint    ] Leaving safepoint region
[2020-01-13T13:42:13.033+0000][1][safepoint    ] Total time for which application threads were stopped: 0.0003097 seconds, Stopping threads took: 0.0002745 seconds
[2020-01-13T13:42:13.034+0000][1][safepoint    ] Application time: 0.0002895 seconds
[2020-01-13T13:42:13.034+0000][1][safepoint    ] Entering safepoint region: RevokeBias
[2020-01-13T13:42:13.034+0000][1][safepoint    ] Leaving safepoint region
[2020-01-13T13:42:13.034+0000][1][safepoint    ] Total time for which application threads were stopped: 0.0006938 seconds, Stopping threads took: 0.0006622 seconds
[2020-01-13T13:42:13.041+0000][1][gc,heap,exit ] Heap
[2020-01-13T13:42:13.041+0000][1][gc,heap,exit ]  par new generation   total 76672K, used 72121K [0x00000000f0000000, 0x00000000f5330000, 0x00000000f5330000)
[2020-01-13T13:42:13.041+0000][1][gc,heap,exit ]   eden space 68160K,  98% used [0x00000000f0000000, 0x00000000f41ba1d8, 0x00000000f4290000)
[2020-01-13T13:42:13.041+0000][1][gc,heap,exit ]   from space 8512K,  56% used [0x00000000f4ae0000, 0x00000000f4f94600, 0x00000000f5330000)
[2020-01-13T13:42:13.041+0000][1][gc,heap,exit ]   to   space 8512K,   0% used [0x00000000f4290000, 0x00000000f4290000, 0x00000000f4ae0000)
[2020-01-13T13:42:13.041+0000][1][gc,heap,exit ]  concurrent mark-sweep generation total 176960K, used 65492K [0x00000000f5330000, 0x0000000100000000, 0x0000000100000000)
[2020-01-13T13:42:13.041+0000][1][gc,heap,exit ]  Metaspace       used 68037K, capacity 73070K, committed 73340K, reserved 1112064K
[2020-01-13T13:42:13.041+0000][1][gc,heap,exit ]   class space    used 9136K, capacity 11264K, committed 11276K, reserved 1048576K
[2020-01-13T13:42:13.041+0000][1][safepoint    ] Application time: 0.0066919 seconds
[2020-01-13T13:42:13.041+0000][1][safepoint    ] Entering safepoint region: Exit
