[2020-01-13T13:42:13.885+0000][1][gc] Using Concurrent Mark Sweep
[2020-01-13T13:42:13.885+0000][1][gc,heap,coops] Heap address: 0x00000000f0000000, size: 256 MB, Compressed Oops mode: 32-bit
[2020-01-13T13:42:13.962+0000][1][safepoint    ] Entering safepoint region: EnableBiasedLocking
[2020-01-13T13:42:13.963+0000][1][safepoint    ] Leaving safepoint region
[2020-01-13T13:42:13.963+0000][1][safepoint    ] Total time for which application threads were stopped: 0.0021515 seconds, Stopping threads took: 0.0020637 seconds
[2020-01-13T13:42:13.971+0000][1][safepoint    ] Application time: 0.0084572 seconds
[2020-01-13T13:42:13.971+0000][1][safepoint    ] Entering safepoint region: RevokeBias
[2020-01-13T13:42:13.971+0000][1][safepoint    ] Leaving safepoint region
[2020-01-13T13:42:13.971+0000][1][safepoint    ] Total time for which application threads were stopped: 0.0000704 seconds, Stopping threads took: 0.0000213 seconds
[2020-01-13T13:42:13.994+0000][1][safepoint    ] Application time: 0.0226409 seconds
[2020-01-13T13:42:13.994+0000][1][safepoint    ] Entering safepoint region: Deoptimize
[2020-01-13T13:42:13.994+0000][1][safepoint    ] Leaving safepoint region
[2020-01-13T13:42:13.994+0000][1][safepoint    ] Total time for which application threads were stopped: 0.0000899 seconds, Stopping threads took: 0.0000227 seconds
[2020-01-13T13:42:14.196+0000][1][safepoint    ] Application time: 0.2020069 seconds
[2020-01-13T13:42:14.196+0000][1][safepoint    ] Entering safepoint region: Deoptimize
[2020-01-13T13:42:14.196+0000][1][safepoint    ] Leaving safepoint region
[2020-01-13T13:42:14.196+0000][1][safepoint    ] Total time for which application threads were stopped: 0.0001306 seconds, Stopping threads took: 0.0000213 seconds
[2020-01-13T13:42:14.738+0000][1][safepoint    ] Application time: 0.5413780 seconds
[2020-01-13T13:42:14.738+0000][1][safepoint    ] Entering safepoint region: Deoptimize
[2020-01-13T13:42:14.738+0000][1][safepoint    ] Leaving safepoint region
[2020-01-13T13:42:14.738+0000][1][safepoint    ] Total time for which application threads were stopped: 0.0002523 seconds, Stopping threads took: 0.0000212 seconds
[2020-01-13T13:42:14.795+0000][1][safepoint    ] Application time: 0.0568476 seconds
[2020-01-13T13:42:14.797+0000][1][safepoint    ] Entering safepoint region: Deoptimize
[2020-01-13T13:42:14.797+0000][1][safepoint    ] Leaving safepoint region
[2020-01-13T13:42:14.797+0000][1][safepoint    ] Total time for which application threads were stopped: 0.0024269 seconds, Stopping threads took: 0.0022720 seconds
[2020-01-13T13:42:14.850+0000][1][safepoint    ] Application time: 0.0521336 seconds
[2020-01-13T13:42:14.850+0000][1][safepoint    ] Entering safepoint region: Deoptimize
[2020-01-13T13:42:14.850+0000][1][safepoint    ] Leaving safepoint region
[2020-01-13T13:42:14.850+0000][1][safepoint    ] Total time for which application threads were stopped: 0.0002077 seconds, Stopping threads took: 0.0000195 seconds
[2020-01-13T13:42:14.880+0000][1][safepoint    ] Application time: 0.0300188 seconds
[2020-01-13T13:42:14.880+0000][1][safepoint    ] Entering safepoint region: Deoptimize
[2020-01-13T13:42:14.880+0000][1][safepoint    ] Leaving safepoint region
[2020-01-13T13:42:14.880+0000][1][safepoint    ] Total time for which application threads were stopped: 0.0002140 seconds, Stopping threads took: 0.0000200 seconds
[2020-01-13T13:42:15.653+0000][1][safepoint    ] Application time: 0.7725197 seconds
[2020-01-13T13:42:15.653+0000][1][safepoint    ] Entering safepoint region: Deoptimize
[2020-01-13T13:42:15.653+0000][1][safepoint    ] Leaving safepoint region
[2020-01-13T13:42:15.653+0000][1][safepoint    ] Total time for which application threads were stopped: 0.0003052 seconds, Stopping threads took: 0.0000195 seconds
[2020-01-13T13:42:16.282+0000][1][safepoint    ] Application time: 0.6293688 seconds
[2020-01-13T13:42:16.282+0000][1][safepoint    ] Entering safepoint region: Deoptimize
[2020-01-13T13:42:16.283+0000][1][safepoint    ] Leaving safepoint region
[2020-01-13T13:42:16.283+0000][1][safepoint    ] Total time for which application threads were stopped: 0.0003896 seconds, Stopping threads took: 0.0000182 seconds
[2020-01-13T13:42:16.491+0000][1][safepoint    ] Application time: 0.2081170 seconds
[2020-01-13T13:42:16.491+0000][1][safepoint    ] Entering safepoint region: Deoptimize
[2020-01-13T13:42:16.491+0000][1][safepoint    ] Leaving safepoint region
[2020-01-13T13:42:16.491+0000][1][safepoint    ] Total time for which application threads were stopped: 0.0003873 seconds, Stopping threads took: 0.0000208 seconds
[2020-01-13T13:42:16.491+0000][1][safepoint    ] Application time: 0.0001070 seconds
[2020-01-13T13:42:16.491+0000][1][safepoint    ] Entering safepoint region: Deoptimize
[2020-01-13T13:42:16.492+0000][1][safepoint    ] Leaving safepoint region
[2020-01-13T13:42:16.492+0000][1][safepoint    ] Total time for which application threads were stopped: 0.0001381 seconds, Stopping threads took: 0.0000138 seconds
[2020-01-13T13:42:16.542+0000][1][safepoint    ] Application time: 0.0500173 seconds
[2020-01-13T13:42:16.542+0000][1][safepoint    ] Entering safepoint region: Deoptimize
[2020-01-13T13:42:16.542+0000][1][safepoint    ] Leaving safepoint region
[2020-01-13T13:42:16.542+0000][1][safepoint    ] Total time for which application threads were stopped: 0.0003073 seconds, Stopping threads took: 0.0000195 seconds
[2020-01-13T13:42:16.553+0000][1][safepoint    ] Application time: 0.0105676 seconds
[2020-01-13T13:42:16.553+0000][1][safepoint    ] Entering safepoint region: Deoptimize
[2020-01-13T13:42:16.553+0000][1][safepoint    ] Leaving safepoint region
[2020-01-13T13:42:16.553+0000][1][safepoint    ] Total time for which application threads were stopped: 0.0003298 seconds, Stopping threads took: 0.0000201 seconds
[2020-01-13T13:42:16.572+0000][1][safepoint    ] Application time: 0.0186651 seconds
[2020-01-13T13:42:16.572+0000][1][safepoint    ] Entering safepoint region: RevokeBias
[2020-01-13T13:42:16.572+0000][1][safepoint    ] Leaving safepoint region
[2020-01-13T13:42:16.572+0000][1][safepoint    ] Total time for which application threads were stopped: 0.0000782 seconds, Stopping threads took: 0.0000236 seconds
[2020-01-13T13:42:16.572+0000][1][safepoint    ] Application time: 0.0001440 seconds
[2020-01-13T13:42:16.572+0000][1][safepoint    ] Entering safepoint region: RevokeBias
[2020-01-13T13:42:16.572+0000][1][safepoint    ] Leaving safepoint region
[2020-01-13T13:42:16.572+0000][1][safepoint    ] Total time for which application threads were stopped: 0.0000409 seconds, Stopping threads took: 0.0000168 seconds
[2020-01-13T13:42:16.572+0000][1][safepoint    ] Application time: 0.0004936 seconds
[2020-01-13T13:42:16.573+0000][1][safepoint    ] Entering safepoint region: RevokeBias
[2020-01-13T13:42:16.573+0000][1][safepoint    ] Leaving safepoint region
[2020-01-13T13:42:16.573+0000][1][safepoint    ] Total time for which application threads were stopped: 0.0004425 seconds, Stopping threads took: 0.0003836 seconds
[2020-01-13T13:42:16.573+0000][1][safepoint    ] Application time: 0.0000312 seconds
[2020-01-13T13:42:16.573+0000][1][safepoint    ] Entering safepoint region: RevokeBias
[2020-01-13T13:42:16.573+0000][1][safepoint    ] Leaving safepoint region
[2020-01-13T13:42:16.573+0000][1][safepoint    ] Total time for which application threads were stopped: 0.0000348 seconds, Stopping threads took: 0.0000124 seconds
[2020-01-13T13:42:16.573+0000][1][safepoint    ] Application time: 0.0000467 seconds
[2020-01-13T13:42:16.573+0000][1][safepoint    ] Entering safepoint region: RevokeBias
[2020-01-13T13:42:16.573+0000][1][safepoint    ] Leaving safepoint region
[2020-01-13T13:42:16.573+0000][1][safepoint    ] Total time for which application threads were stopped: 0.0000337 seconds, Stopping threads took: 0.0000121 seconds
[2020-01-13T13:42:16.573+0000][1][safepoint    ] Application time: 0.0001283 seconds
[2020-01-13T13:42:16.573+0000][1][safepoint    ] Entering safepoint region: RevokeBias
[2020-01-13T13:42:16.573+0000][1][safepoint    ] Leaving safepoint region
[2020-01-13T13:42:16.573+0000][1][safepoint    ] Total time for which application threads were stopped: 0.0000415 seconds, Stopping threads took: 0.0000129 seconds
[2020-01-13T13:42:16.580+0000][1][safepoint    ] Application time: 0.0064524 seconds
[2020-01-13T13:42:16.580+0000][1][safepoint    ] Entering safepoint region: Deoptimize
[2020-01-13T13:42:16.580+0000][1][safepoint    ] Leaving safepoint region
[2020-01-13T13:42:16.580+0000][1][safepoint    ] Total time for which application threads were stopped: 0.0003204 seconds, Stopping threads took: 0.0000197 seconds
[2020-01-13T13:42:16.801+0000][1][safepoint    ] Application time: 0.2214157 seconds
[2020-01-13T13:42:16.801+0000][1][safepoint    ] Entering safepoint region: GenCollectForAllocation
[2020-01-13T13:42:16.802+0000][1][gc,start     ] GC(0) Pause Young (Allocation Failure)
[2020-01-13T13:42:16.802+0000][1][gc,task      ] GC(0) Using 1 workers of 1 for evacuation
[2020-01-13T13:42:16.821+0000][1][gc,age       ] GC(0) Desired survivor size 4358144 bytes, new threshold 1 (max threshold 6)
[2020-01-13T13:42:16.821+0000][1][gc,age       ] GC(0) Age table with threshold 1 (max threshold 6)
[2020-01-13T13:42:16.821+0000][1][gc,age       ] GC(0) - age   1:    6349912 bytes,    6349912 total
[2020-01-13T13:42:16.821+0000][1][gc,heap      ] GC(0) ParNew: 68160K->6230K(76672K)
[2020-01-13T13:42:16.821+0000][1][gc,heap      ] GC(0) CMS: 0K->0K(176960K)
[2020-01-13T13:42:16.821+0000][1][gc,metaspace ] GC(0) Metaspace: 12220K->12220K(1060864K)
[2020-01-13T13:42:16.821+0000][1][gc           ] GC(0) Pause Young (Allocation Failure) 66M->6M(247M) 19.811ms
[2020-01-13T13:42:16.821+0000][1][gc,cpu       ] GC(0) User=0.02s Sys=0.00s Real=0.02s
[2020-01-13T13:42:16.821+0000][1][safepoint    ] Leaving safepoint region
[2020-01-13T13:42:16.821+0000][1][safepoint    ] Total time for which application threads were stopped: 0.0199643 seconds, Stopping threads took: 0.0000282 seconds
[2020-01-13T13:42:16.831+0000][1][safepoint    ] Application time: 0.0098294 seconds
[2020-01-13T13:42:16.832+0000][1][safepoint    ] Entering safepoint region: RevokeBias
[2020-01-13T13:42:16.832+0000][1][safepoint    ] Leaving safepoint region
[2020-01-13T13:42:16.832+0000][1][safepoint    ] Total time for which application threads were stopped: 0.0011044 seconds, Stopping threads took: 0.0009870 seconds
[2020-01-13T13:42:16.833+0000][1][safepoint    ] Application time: 0.0000847 seconds
[2020-01-13T13:42:16.833+0000][1][safepoint    ] Entering safepoint region: RevokeBias
[2020-01-13T13:42:16.833+0000][1][safepoint    ] Leaving safepoint region
[2020-01-13T13:42:16.833+0000][1][safepoint    ] Total time for which application threads were stopped: 0.0000399 seconds, Stopping threads took: 0.0000058 seconds
[2020-01-13T13:42:16.833+0000][1][safepoint    ] Application time: 0.0000271 seconds
[2020-01-13T13:42:16.833+0000][1][safepoint    ] Entering safepoint region: RevokeBias
[2020-01-13T13:42:16.833+0000][1][safepoint    ] Leaving safepoint region
[2020-01-13T13:42:16.833+0000][1][safepoint    ] Total time for which application threads were stopped: 0.0000354 seconds, Stopping threads took: 0.0000049 seconds
[2020-01-13T13:42:16.833+0000][1][safepoint    ] Application time: 0.0000150 seconds
[2020-01-13T13:42:16.833+0000][1][safepoint    ] Entering safepoint region: RevokeBias
[2020-01-13T13:42:16.833+0000][1][safepoint    ] Leaving safepoint region
[2020-01-13T13:42:16.833+0000][1][safepoint    ] Total time for which application threads were stopped: 0.0000338 seconds, Stopping threads took: 0.0000049 seconds
[2020-01-13T13:42:16.833+0000][1][safepoint    ] Application time: 0.0000176 seconds
[2020-01-13T13:42:16.833+0000][1][safepoint    ] Entering safepoint region: RevokeBias
[2020-01-13T13:42:16.833+0000][1][safepoint    ] Leaving safepoint region
[2020-01-13T13:42:16.833+0000][1][safepoint    ] Total time for which application threads were stopped: 0.0000335 seconds, Stopping threads took: 0.0000048 seconds
[2020-01-13T13:42:16.833+0000][1][safepoint    ] Application time: 0.0000142 seconds
[2020-01-13T13:42:16.833+0000][1][safepoint    ] Entering safepoint region: RevokeBias
[2020-01-13T13:42:16.833+0000][1][safepoint    ] Leaving safepoint region
[2020-01-13T13:42:16.833+0000][1][safepoint    ] Total time for which application threads were stopped: 0.0000453 seconds, Stopping threads took: 0.0000161 seconds
[2020-01-13T13:42:16.833+0000][1][safepoint    ] Application time: 0.0000173 seconds
[2020-01-13T13:42:16.833+0000][1][safepoint    ] Entering safepoint region: RevokeBias
[2020-01-13T13:42:16.833+0000][1][safepoint    ] Leaving safepoint region
[2020-01-13T13:42:16.833+0000][1][safepoint    ] Total time for which application threads were stopped: 0.0000338 seconds, Stopping threads took: 0.0000048 seconds
[2020-01-13T13:42:16.833+0000][1][safepoint    ] Application time: 0.0000142 seconds
[2020-01-13T13:42:16.833+0000][1][safepoint    ] Entering safepoint region: RevokeBias
[2020-01-13T13:42:16.833+0000][1][safepoint    ] Leaving safepoint region
[2020-01-13T13:42:16.833+0000][1][safepoint    ] Total time for which application threads were stopped: 0.0000333 seconds, Stopping threads took: 0.0000048 seconds
[2020-01-13T13:42:16.833+0000][1][safepoint    ] Application time: 0.0000168 seconds
[2020-01-13T13:42:16.833+0000][1][safepoint    ] Entering safepoint region: RevokeBias
[2020-01-13T13:42:16.833+0000][1][safepoint    ] Leaving safepoint region
[2020-01-13T13:42:16.833+0000][1][safepoint    ] Total time for which application threads were stopped: 0.0000335 seconds, Stopping threads took: 0.0000048 seconds
[2020-01-13T13:42:16.833+0000][1][safepoint    ] Application time: 0.0000142 seconds
[2020-01-13T13:42:16.833+0000][1][safepoint    ] Entering safepoint region: RevokeBias
[2020-01-13T13:42:16.833+0000][1][safepoint    ] Leaving safepoint region
[2020-01-13T13:42:16.833+0000][1][safepoint    ] Total time for which application threads were stopped: 0.0000432 seconds, Stopping threads took: 0.0000048 seconds
[2020-01-13T13:42:16.833+0000][1][safepoint    ] Application time: 0.0000173 seconds
[2020-01-13T13:42:16.833+0000][1][safepoint    ] Entering safepoint region: RevokeBias
[2020-01-13T13:42:16.833+0000][1][safepoint    ] Leaving safepoint region
[2020-01-13T13:42:16.833+0000][1][safepoint    ] Total time for which application threads were stopped: 0.0000339 seconds, Stopping threads took: 0.0000047 seconds
[2020-01-13T13:42:16.833+0000][1][safepoint    ] Application time: 0.0000143 seconds
[2020-01-13T13:42:16.833+0000][1][safepoint    ] Entering safepoint region: RevokeBias
[2020-01-13T13:42:16.833+0000][1][safepoint    ] Leaving safepoint region
[2020-01-13T13:42:16.833+0000][1][safepoint    ] Total time for which application threads were stopped: 0.0000331 seconds, Stopping threads took: 0.0000047 seconds
[2020-01-13T13:42:16.833+0000][1][safepoint    ] Application time: 0.0000168 seconds
[2020-01-13T13:42:16.833+0000][1][safepoint    ] Entering safepoint region: RevokeBias
[2020-01-13T13:42:16.833+0000][1][safepoint    ] Leaving safepoint region
[2020-01-13T13:42:16.833+0000][1][safepoint    ] Total time for which application threads were stopped: 0.0000334 seconds, Stopping threads took: 0.0000047 seconds
[2020-01-13T13:42:16.833+0000][1][safepoint    ] Application time: 0.0000147 seconds
[2020-01-13T13:42:16.833+0000][1][safepoint    ] Entering safepoint region: RevokeBias
[2020-01-13T13:42:16.833+0000][1][safepoint    ] Leaving safepoint region
[2020-01-13T13:42:16.833+0000][1][safepoint    ] Total time for which application threads were stopped: 0.0000338 seconds, Stopping threads took: 0.0000050 seconds
[2020-01-13T13:42:16.833+0000][1][safepoint    ] Application time: 0.0000314 seconds
[2020-01-13T13:42:16.833+0000][1][safepoint    ] Entering safepoint region: RevokeBias
[2020-01-13T13:42:16.833+0000][1][safepoint    ] Leaving safepoint region
[2020-01-13T13:42:16.833+0000][1][safepoint    ] Total time for which application threads were stopped: 0.0000338 seconds, Stopping threads took: 0.0000047 seconds
[2020-01-13T13:42:16.837+0000][1][safepoint    ] Application time: 0.0038890 seconds
[2020-01-13T13:42:16.837+0000][1][safepoint    ] Entering safepoint region: RevokeBias
[2020-01-13T13:42:16.837+0000][1][safepoint    ] Leaving safepoint region
[2020-01-13T13:42:16.837+0000][1][safepoint    ] Total time for which application threads were stopped: 0.0000997 seconds, Stopping threads took: 0.0000324 seconds
[2020-01-13T13:42:16.839+0000][1][safepoint    ] Application time: 0.0018783 seconds
[2020-01-13T13:42:16.842+0000][1][safepoint    ] Entering safepoint region: RevokeBias
[2020-01-13T13:42:16.842+0000][1][safepoint    ] Leaving safepoint region
[2020-01-13T13:42:16.842+0000][1][safepoint    ] Total time for which application threads were stopped: 0.0028050 seconds, Stopping threads took: 0.0027071 seconds
[2020-01-13T13:42:16.842+0000][1][safepoint    ] Application time: 0.0000303 seconds
[2020-01-13T13:42:16.842+0000][1][safepoint    ] Entering safepoint region: RevokeBias
[2020-01-13T13:42:16.842+0000][1][safepoint    ] Leaving safepoint region
[2020-01-13T13:42:16.842+0000][1][safepoint    ] Total time for which application threads were stopped: 0.0000419 seconds, Stopping threads took: 0.0000057 seconds
[2020-01-13T13:42:16.842+0000][1][safepoint    ] Application time: 0.0000424 seconds
[2020-01-13T13:42:16.842+0000][1][safepoint    ] Entering safepoint region: RevokeBias
[2020-01-13T13:42:16.842+0000][1][safepoint    ] Leaving safepoint region
[2020-01-13T13:42:16.842+0000][1][safepoint    ] Total time for which application threads were stopped: 0.0000375 seconds, Stopping threads took: 0.0000052 seconds
[2020-01-13T13:42:16.842+0000][1][safepoint    ] Application time: 0.0000148 seconds
[2020-01-13T13:42:16.842+0000][1][safepoint    ] Entering safepoint region: RevokeBias
[2020-01-13T13:42:16.842+0000][1][safepoint    ] Leaving safepoint region
[2020-01-13T13:42:16.842+0000][1][safepoint    ] Total time for which application threads were stopped: 0.0000350 seconds, Stopping threads took: 0.0000047 seconds
[2020-01-13T13:42:16.842+0000][1][safepoint    ] Application time: 0.0000174 seconds
[2020-01-13T13:42:16.842+0000][1][safepoint    ] Entering safepoint region: RevokeBias
[2020-01-13T13:42:16.842+0000][1][safepoint    ] Leaving safepoint region
[2020-01-13T13:42:16.842+0000][1][safepoint    ] Total time for which application threads were stopped: 0.0000353 seconds, Stopping threads took: 0.0000048 seconds
[2020-01-13T13:42:16.842+0000][1][safepoint    ] Application time: 0.0000143 seconds
[2020-01-13T13:42:16.842+0000][1][safepoint    ] Entering safepoint region: RevokeBias
[2020-01-13T13:42:16.842+0000][1][safepoint    ] Leaving safepoint region
[2020-01-13T13:42:16.842+0000][1][safepoint    ] Total time for which application threads were stopped: 0.0000346 seconds, Stopping threads took: 0.0000047 seconds
[2020-01-13T13:42:16.843+0000][1][safepoint    ] Application time: 0.0000162 seconds
[2020-01-13T13:42:16.843+0000][1][safepoint    ] Entering safepoint region: RevokeBias
[2020-01-13T13:42:16.843+0000][1][safepoint    ] Leaving safepoint region
[2020-01-13T13:42:16.843+0000][1][safepoint    ] Total time for which application threads were stopped: 0.0000353 seconds, Stopping threads took: 0.0000047 seconds
[2020-01-13T13:42:16.843+0000][1][safepoint    ] Application time: 0.0000149 seconds
[2020-01-13T13:42:16.843+0000][1][safepoint    ] Entering safepoint region: RevokeBias
[2020-01-13T13:42:16.843+0000][1][safepoint    ] Leaving safepoint region
[2020-01-13T13:42:16.843+0000][1][safepoint    ] Total time for which application threads were stopped: 0.0000347 seconds, Stopping threads took: 0.0000047 seconds
[2020-01-13T13:42:16.843+0000][1][safepoint    ] Application time: 0.0002837 seconds
[2020-01-13T13:42:16.843+0000][1][safepoint    ] Entering safepoint region: RevokeBias
[2020-01-13T13:42:16.843+0000][1][safepoint    ] Leaving safepoint region
[2020-01-13T13:42:16.843+0000][1][safepoint    ] Total time for which application threads were stopped: 0.0000443 seconds, Stopping threads took: 0.0000052 seconds
[2020-01-13T13:42:16.843+0000][1][safepoint    ] Application time: 0.0000158 seconds
[2020-01-13T13:42:16.843+0000][1][safepoint    ] Entering safepoint region: RevokeBias
[2020-01-13T13:42:16.843+0000][1][safepoint    ] Leaving safepoint region
[2020-01-13T13:42:16.843+0000][1][safepoint    ] Total time for which application threads were stopped: 0.0000482 seconds, Stopping threads took: 0.0000166 seconds
[2020-01-13T13:42:16.843+0000][1][safepoint    ] Application time: 0.0000262 seconds
[2020-01-13T13:42:16.843+0000][1][safepoint    ] Entering safepoint region: RevokeBias
[2020-01-13T13:42:16.843+0000][1][safepoint    ] Leaving safepoint region
[2020-01-13T13:42:16.843+0000][1][safepoint    ] Total time for which application threads were stopped: 0.0000362 seconds, Stopping threads took: 0.0000049 seconds
[2020-01-13T13:42:16.843+0000][1][safepoint    ] Application time: 0.0000146 seconds
[2020-01-13T13:42:16.843+0000][1][safepoint    ] Entering safepoint region: RevokeBias
[2020-01-13T13:42:16.843+0000][1][safepoint    ] Leaving safepoint region
[2020-01-13T13:42:16.843+0000][1][safepoint    ] Total time for which application threads were stopped: 0.0000347 seconds, Stopping threads took: 0.0000047 seconds
[2020-01-13T13:42:17.223+0000][1][safepoint    ] Application time: 0.3801577 seconds
[2020-01-13T13:42:17.223+0000][1][safepoint    ] Entering safepoint region: Deoptimize
[2020-01-13T13:42:17.224+0000][1][safepoint    ] Leaving safepoint region
[2020-01-13T13:42:17.224+0000][1][safepoint    ] Total time for which application threads were stopped: 0.0005352 seconds, Stopping threads took: 0.0000220 seconds
[2020-01-13T13:42:17.486+0000][1][safepoint    ] Application time: 0.2621153 seconds
[2020-01-13T13:42:17.486+0000][1][safepoint    ] Entering safepoint region: RevokeBias
[2020-01-13T13:42:17.486+0000][1][safepoint    ] Leaving safepoint region
[2020-01-13T13:42:17.486+0000][1][safepoint    ] Total time for which application threads were stopped: 0.0003494 seconds, Stopping threads took: 0.0002175 seconds
[2020-01-13T13:42:17.725+0000][1][safepoint    ] Application time: 0.2387833 seconds
[2020-01-13T13:42:17.727+0000][1][safepoint    ] Entering safepoint region: GenCollectForAllocation
[2020-01-13T13:42:17.727+0000][1][gc,start     ] GC(1) Pause Young (Allocation Failure)
[2020-01-13T13:42:17.727+0000][1][gc,task      ] GC(1) Using 1 workers of 1 for evacuation
[2020-01-13T13:42:17.773+0000][1][gc,age       ] GC(1) Desired survivor size 4358144 bytes, new threshold 6 (max threshold 6)
[2020-01-13T13:42:17.773+0000][1][gc,age       ] GC(1) Age table with threshold 6 (max threshold 6)
[2020-01-13T13:42:17.773+0000][1][gc,age       ] GC(1) - age   1:    2736952 bytes,    2736952 total
[2020-01-13T13:42:17.773+0000][1][gc,heap      ] GC(1) ParNew: 74390K->4130K(76672K)
[2020-01-13T13:42:17.773+0000][1][gc,heap      ] GC(1) CMS: 0K->6675K(176960K)
[2020-01-13T13:42:17.773+0000][1][gc,metaspace ] GC(1) Metaspace: 14755K->14755K(1062912K)
[2020-01-13T13:42:17.773+0000][1][gc           ] GC(1) Pause Young (Allocation Failure) 72M->10M(247M) 46.121ms
[2020-01-13T13:42:17.773+0000][1][gc,cpu       ] GC(1) User=0.05s Sys=0.00s Real=0.04s
[2020-01-13T13:42:17.773+0000][1][safepoint    ] Leaving safepoint region
[2020-01-13T13:42:17.773+0000][1][safepoint    ] Total time for which application threads were stopped: 0.0481593 seconds, Stopping threads took: 0.0018895 seconds
[2020-01-13T13:42:17.784+0000][1][safepoint    ] Application time: 0.0108320 seconds
[2020-01-13T13:42:17.784+0000][1][safepoint    ] Entering safepoint region: BulkRevokeBias
[2020-01-13T13:42:17.784+0000][1][safepoint    ] Leaving safepoint region
[2020-01-13T13:42:17.784+0000][1][safepoint    ] Total time for which application threads were stopped: 0.0001412 seconds, Stopping threads took: 0.0000271 seconds
[2020-01-13T13:42:17.785+0000][1][safepoint    ] Application time: 0.0001642 seconds
[2020-01-13T13:42:17.785+0000][1][safepoint    ] Entering safepoint region: RevokeBias
[2020-01-13T13:42:17.785+0000][1][safepoint    ] Leaving safepoint region
[2020-01-13T13:42:17.785+0000][1][safepoint    ] Total time for which application threads were stopped: 0.0000360 seconds, Stopping threads took: 0.0000132 seconds
[2020-01-13T13:42:17.785+0000][1][safepoint    ] Application time: 0.0006142 seconds
[2020-01-13T13:42:17.785+0000][1][safepoint    ] Entering safepoint region: RevokeBias
[2020-01-13T13:42:17.785+0000][1][safepoint    ] Leaving safepoint region
[2020-01-13T13:42:17.785+0000][1][safepoint    ] Total time for which application threads were stopped: 0.0000573 seconds, Stopping threads took: 0.0000085 seconds
[2020-01-13T13:42:17.785+0000][1][safepoint    ] Application time: 0.0000175 seconds
[2020-01-13T13:42:17.785+0000][1][safepoint    ] Entering safepoint region: RevokeBias
[2020-01-13T13:42:17.785+0000][1][safepoint    ] Leaving safepoint region
[2020-01-13T13:42:17.785+0000][1][safepoint    ] Total time for which application threads were stopped: 0.0000235 seconds, Stopping threads took: 0.0000043 seconds
[2020-01-13T13:42:17.785+0000][1][safepoint    ] Application time: 0.0000541 seconds
[2020-01-13T13:42:17.785+0000][1][safepoint    ] Entering safepoint region: RevokeBias
[2020-01-13T13:42:17.786+0000][1][safepoint    ] Leaving safepoint region
[2020-01-13T13:42:17.786+0000][1][safepoint    ] Total time for which application threads were stopped: 0.0000212 seconds, Stopping threads took: 0.0000041 seconds
[2020-01-13T13:42:17.786+0000][1][safepoint    ] Application time: 0.0000129 seconds
[2020-01-13T13:42:17.786+0000][1][safepoint    ] Entering safepoint region: RevokeBias
[2020-01-13T13:42:17.786+0000][1][safepoint    ] Leaving safepoint region
[2020-01-13T13:42:17.786+0000][1][safepoint    ] Total time for which application threads were stopped: 0.0000199 seconds, Stopping threads took: 0.0000041 seconds
[2020-01-13T13:42:17.786+0000][1][safepoint    ] Application time: 0.0000137 seconds
[2020-01-13T13:42:17.786+0000][1][safepoint    ] Entering safepoint region: RevokeBias
[2020-01-13T13:42:17.786+0000][1][safepoint    ] Leaving safepoint region
[2020-01-13T13:42:17.786+0000][1][safepoint    ] Total time for which application threads were stopped: 0.0000200 seconds, Stopping threads took: 0.0000041 seconds
[2020-01-13T13:42:17.786+0000][1][safepoint    ] Application time: 0.0000121 seconds
[2020-01-13T13:42:17.786+0000][1][safepoint    ] Entering safepoint region: RevokeBias
[2020-01-13T13:42:17.786+0000][1][safepoint    ] Leaving safepoint region
[2020-01-13T13:42:17.786+0000][1][safepoint    ] Total time for which application threads were stopped: 0.0000196 seconds, Stopping threads took: 0.0000040 seconds
[2020-01-13T13:42:17.786+0000][1][safepoint    ] Application time: 0.0000144 seconds
[2020-01-13T13:42:17.786+0000][1][safepoint    ] Entering safepoint region: BulkRevokeBias
[2020-01-13T13:42:17.786+0000][1][safepoint    ] Leaving safepoint region
[2020-01-13T13:42:17.786+0000][1][safepoint    ] Total time for which application threads were stopped: 0.0000493 seconds, Stopping threads took: 0.0000042 seconds
[2020-01-13T13:42:17.786+0000][1][safepoint    ] Application time: 0.0005771 seconds
[2020-01-13T13:42:17.786+0000][1][safepoint    ] Entering safepoint region: RevokeBias
[2020-01-13T13:42:17.786+0000][1][safepoint    ] Leaving safepoint region
[2020-01-13T13:42:17.786+0000][1][safepoint    ] Total time for which application threads were stopped: 0.0001492 seconds, Stopping threads took: 0.0000953 seconds
[2020-01-13T13:42:17.786+0000][1][safepoint    ] Application time: 0.0000312 seconds
[2020-01-13T13:42:17.786+0000][1][safepoint    ] Entering safepoint region: BulkRevokeBias
[2020-01-13T13:42:17.787+0000][1][safepoint    ] Leaving safepoint region
[2020-01-13T13:42:17.787+0000][1][safepoint    ] Total time for which application threads were stopped: 0.0000638 seconds, Stopping threads took: 0.0000053 seconds
[2020-01-13T13:42:18.069+0000][1][safepoint    ] Application time: 0.2825743 seconds
[2020-01-13T13:42:18.069+0000][1][safepoint    ] Entering safepoint region: GenCollectForAllocation
[2020-01-13T13:42:18.069+0000][1][gc,start     ] GC(2) Pause Young (Allocation Failure)
[2020-01-13T13:42:18.069+0000][1][gc,task      ] GC(2) Using 1 workers of 1 for evacuation
[2020-01-13T13:42:18.090+0000][1][gc,age       ] GC(2) Desired survivor size 4358144 bytes, new threshold 6 (max threshold 6)
[2020-01-13T13:42:18.090+0000][1][gc,age       ] GC(2) Age table with threshold 6 (max threshold 6)
[2020-01-13T13:42:18.090+0000][1][gc,age       ] GC(2) - age   1:    2768520 bytes,    2768520 total
[2020-01-13T13:42:18.090+0000][1][gc,age       ] GC(2) - age   2:    1156704 bytes,    3925224 total
[2020-01-13T13:42:18.090+0000][1][gc,heap      ] GC(2) ParNew: 72290K->6074K(76672K)
[2020-01-13T13:42:18.090+0000][1][gc,heap      ] GC(2) CMS: 6675K->6675K(176960K)
[2020-01-13T13:42:18.090+0000][1][gc,metaspace ] GC(2) Metaspace: 14887K->14887K(1062912K)
[2020-01-13T13:42:18.090+0000][1][gc           ] GC(2) Pause Young (Allocation Failure) 77M->12M(247M) 20.477ms
[2020-01-13T13:42:18.090+0000][1][gc,cpu       ] GC(2) User=0.02s Sys=0.00s Real=0.02s
[2020-01-13T13:42:18.090+0000][1][safepoint    ] Leaving safepoint region
[2020-01-13T13:42:18.090+0000][1][safepoint    ] Total time for which application threads were stopped: 0.0206683 seconds, Stopping threads took: 0.0000257 seconds
[2020-01-13T13:42:18.095+0000][1][safepoint    ] Application time: 0.0055081 seconds
[2020-01-13T13:42:18.096+0000][1][safepoint    ] Entering safepoint region: RevokeBias
[2020-01-13T13:42:18.096+0000][1][safepoint    ] Leaving safepoint region
[2020-01-13T13:42:18.096+0000][1][safepoint    ] Total time for which application threads were stopped: 0.0009608 seconds, Stopping threads took: 0.0009063 seconds
[2020-01-13T13:42:18.096+0000][1][safepoint    ] Application time: 0.0000318 seconds
[2020-01-13T13:42:18.096+0000][1][safepoint    ] Entering safepoint region: RevokeBias
[2020-01-13T13:42:18.096+0000][1][safepoint    ] Leaving safepoint region
[2020-01-13T13:42:18.096+0000][1][safepoint    ] Total time for which application threads were stopped: 0.0000189 seconds, Stopping threads took: 0.0000045 seconds
[2020-01-13T13:42:18.096+0000][1][safepoint    ] Application time: 0.0000409 seconds
[2020-01-13T13:42:18.096+0000][1][safepoint    ] Entering safepoint region: RevokeBias
[2020-01-13T13:42:18.096+0000][1][safepoint    ] Leaving safepoint region
[2020-01-13T13:42:18.096+0000][1][safepoint    ] Total time for which application threads were stopped: 0.0000169 seconds, Stopping threads took: 0.0000043 seconds
[2020-01-13T13:42:18.097+0000][1][safepoint    ] Application time: 0.0000126 seconds
[2020-01-13T13:42:18.097+0000][1][safepoint    ] Entering safepoint region: RevokeBias
[2020-01-13T13:42:18.097+0000][1][safepoint    ] Leaving safepoint region
[2020-01-13T13:42:18.097+0000][1][safepoint    ] Total time for which application threads were stopped: 0.0000159 seconds, Stopping threads took: 0.0000042 seconds
[2020-01-13T13:42:18.097+0000][1][safepoint    ] Application time: 0.0000144 seconds
[2020-01-13T13:42:18.097+0000][1][safepoint    ] Entering safepoint region: RevokeBias
[2020-01-13T13:42:18.097+0000][1][safepoint    ] Leaving safepoint region
[2020-01-13T13:42:18.097+0000][1][safepoint    ] Total time for which application threads were stopped: 0.0000162 seconds, Stopping threads took: 0.0000041 seconds
[2020-01-13T13:42:18.097+0000][1][safepoint    ] Application time: 0.0000125 seconds
[2020-01-13T13:42:18.097+0000][1][safepoint    ] Entering safepoint region: RevokeBias
[2020-01-13T13:42:18.097+0000][1][safepoint    ] Leaving safepoint region
[2020-01-13T13:42:18.097+0000][1][safepoint    ] Total time for which application threads were stopped: 0.0000157 seconds, Stopping threads took: 0.0000040 seconds
[2020-01-13T13:42:18.168+0000][1][safepoint    ] Application time: 0.0709906 seconds
[2020-01-13T13:42:18.168+0000][1][safepoint    ] Entering safepoint region: RevokeBias
[2020-01-13T13:42:18.168+0000][1][safepoint    ] Leaving safepoint region
[2020-01-13T13:42:18.168+0000][1][safepoint    ] Total time for which application threads were stopped: 0.0000949 seconds, Stopping threads took: 0.0000233 seconds
[2020-01-13T13:42:18.384+0000][1][safepoint    ] Application time: 0.2162787 seconds
[2020-01-13T13:42:18.384+0000][1][safepoint    ] Entering safepoint region: Deoptimize
[2020-01-13T13:42:18.385+0000][1][safepoint    ] Leaving safepoint region
[2020-01-13T13:42:18.385+0000][1][safepoint    ] Total time for which application threads were stopped: 0.0005334 seconds, Stopping threads took: 0.0000429 seconds
[2020-01-13T13:42:18.385+0000][1][safepoint    ] Application time: 0.0004020 seconds
[2020-01-13T13:42:18.385+0000][1][safepoint    ] Entering safepoint region: Deoptimize
[2020-01-13T13:42:18.385+0000][1][safepoint    ] Leaving safepoint region
[2020-01-13T13:42:18.385+0000][1][safepoint    ] Total time for which application threads were stopped: 0.0003099 seconds, Stopping threads took: 0.0000077 seconds
[2020-01-13T13:42:18.815+0000][1][safepoint    ] Application time: 0.4295084 seconds
[2020-01-13T13:42:18.816+0000][1][safepoint    ] Entering safepoint region: GenCollectForAllocation
[2020-01-13T13:42:18.816+0000][1][gc,start     ] GC(3) Pause Young (Allocation Failure)
[2020-01-13T13:42:18.816+0000][1][gc,task      ] GC(3) Using 1 workers of 1 for evacuation
[2020-01-13T13:42:18.835+0000][1][gc,age       ] GC(3) Desired survivor size 4358144 bytes, new threshold 3 (max threshold 6)
[2020-01-13T13:42:18.835+0000][1][gc,age       ] GC(3) Age table with threshold 3 (max threshold 6)
[2020-01-13T13:42:18.835+0000][1][gc,age       ] GC(3) - age   1:    3379944 bytes,    3379944 total
[2020-01-13T13:42:18.835+0000][1][gc,age       ] GC(3) - age   2:     294424 bytes,    3674368 total
[2020-01-13T13:42:18.835+0000][1][gc,age       ] GC(3) - age   3:    1153808 bytes,    4828176 total
[2020-01-13T13:42:18.835+0000][1][gc,heap      ] GC(3) ParNew: 74234K->7274K(76672K)
[2020-01-13T13:42:18.835+0000][1][gc,heap      ] GC(3) CMS: 6675K->6675K(176960K)
[2020-01-13T13:42:18.835+0000][1][gc,metaspace ] GC(3) Metaspace: 18369K->18369K(1067008K)
[2020-01-13T13:42:18.835+0000][1][gc           ] GC(3) Pause Young (Allocation Failure) 79M->13M(247M) 18.482ms
[2020-01-13T13:42:18.835+0000][1][gc,cpu       ] GC(3) User=0.02s Sys=0.00s Real=0.02s
[2020-01-13T13:42:18.835+0000][1][safepoint    ] Leaving safepoint region
[2020-01-13T13:42:18.835+0000][1][safepoint    ] Total time for which application threads were stopped: 0.0200670 seconds, Stopping threads took: 0.0013998 seconds
[2020-01-13T13:42:18.840+0000][1][safepoint    ] Application time: 0.0053214 seconds
[2020-01-13T13:42:18.840+0000][1][safepoint    ] Entering safepoint region: BulkRevokeBias
[2020-01-13T13:42:18.840+0000][1][safepoint    ] Leaving safepoint region
[2020-01-13T13:42:18.840+0000][1][safepoint    ] Total time for which application threads were stopped: 0.0001459 seconds, Stopping threads took: 0.0000203 seconds
[2020-01-13T13:42:18.841+0000][1][safepoint    ] Application time: 0.0008112 seconds
[2020-01-13T13:42:18.841+0000][1][safepoint    ] Entering safepoint region: RevokeBias
[2020-01-13T13:42:18.841+0000][1][safepoint    ] Leaving safepoint region
[2020-01-13T13:42:18.841+0000][1][safepoint    ] Total time for which application threads were stopped: 0.0000581 seconds, Stopping threads took: 0.0000077 seconds
[2020-01-13T13:42:18.841+0000][1][safepoint    ] Application time: 0.0000361 seconds
[2020-01-13T13:42:18.841+0000][1][safepoint    ] Entering safepoint region: RevokeBias
[2020-01-13T13:42:18.841+0000][1][safepoint    ] Leaving safepoint region
[2020-01-13T13:42:18.841+0000][1][safepoint    ] Total time for which application threads were stopped: 0.0000276 seconds, Stopping threads took: 0.0000049 seconds
[2020-01-13T13:42:18.841+0000][1][safepoint    ] Application time: 0.0000156 seconds
[2020-01-13T13:42:18.841+0000][1][safepoint    ] Entering safepoint region: RevokeBias
[2020-01-13T13:42:18.841+0000][1][safepoint    ] Leaving safepoint region
[2020-01-13T13:42:18.841+0000][1][safepoint    ] Total time for which application threads were stopped: 0.0000233 seconds, Stopping threads took: 0.0000048 seconds
[2020-01-13T13:42:18.841+0000][1][safepoint    ] Application time: 0.0000166 seconds
[2020-01-13T13:42:18.842+0000][1][safepoint    ] Entering safepoint region: RevokeBias
[2020-01-13T13:42:18.842+0000][1][safepoint    ] Leaving safepoint region
[2020-01-13T13:42:18.842+0000][1][safepoint    ] Total time for which application threads were stopped: 0.0000363 seconds, Stopping threads took: 0.0000169 seconds
[2020-01-13T13:42:18.842+0000][1][safepoint    ] Application time: 0.0000143 seconds
[2020-01-13T13:42:18.842+0000][1][safepoint    ] Entering safepoint region: RevokeBias
[2020-01-13T13:42:18.842+0000][1][safepoint    ] Leaving safepoint region
[2020-01-13T13:42:18.842+0000][1][safepoint    ] Total time for which application threads were stopped: 0.0000227 seconds, Stopping threads took: 0.0000047 seconds
[2020-01-13T13:42:18.842+0000][1][safepoint    ] Application time: 0.0000164 seconds
[2020-01-13T13:42:18.842+0000][1][safepoint    ] Entering safepoint region: RevokeBias
[2020-01-13T13:42:18.842+0000][1][safepoint    ] Leaving safepoint region
[2020-01-13T13:42:18.842+0000][1][safepoint    ] Total time for which application threads were stopped: 0.0000233 seconds, Stopping threads took: 0.0000048 seconds
[2020-01-13T13:42:18.842+0000][1][safepoint    ] Application time: 0.0000145 seconds
[2020-01-13T13:42:18.842+0000][1][safepoint    ] Entering safepoint region: RevokeBias
[2020-01-13T13:42:18.842+0000][1][safepoint    ] Leaving safepoint region
[2020-01-13T13:42:18.842+0000][1][safepoint    ] Total time for which application threads were stopped: 0.0000229 seconds, Stopping threads took: 0.0000047 seconds
[2020-01-13T13:42:18.842+0000][1][safepoint    ] Application time: 0.0004076 seconds
[2020-01-13T13:42:18.842+0000][1][safepoint    ] Entering safepoint region: RevokeBias
[2020-01-13T13:42:18.842+0000][1][safepoint    ] Leaving safepoint region
[2020-01-13T13:42:18.842+0000][1][safepoint    ] Total time for which application threads were stopped: 0.0000532 seconds, Stopping threads took: 0.0000075 seconds
[2020-01-13T13:42:18.842+0000][1][safepoint    ] Application time: 0.0000230 seconds
[2020-01-13T13:42:18.842+0000][1][safepoint    ] Entering safepoint region: RevokeBias
[2020-01-13T13:42:18.842+0000][1][safepoint    ] Leaving safepoint region
[2020-01-13T13:42:18.842+0000][1][safepoint    ] Total time for which application threads were stopped: 0.0000261 seconds, Stopping threads took: 0.0000048 seconds
[2020-01-13T13:42:18.842+0000][1][safepoint    ] Application time: 0.0000491 seconds
[2020-01-13T13:42:18.843+0000][1][safepoint    ] Entering safepoint region: RevokeBias
[2020-01-13T13:42:18.843+0000][1][safepoint    ] Leaving safepoint region
[2020-01-13T13:42:18.843+0000][1][safepoint    ] Total time for which application threads were stopped: 0.0010384 seconds, Stopping threads took: 0.0009910 seconds
[2020-01-13T13:42:18.844+0000][1][safepoint    ] Application time: 0.0009594 seconds
[2020-01-13T13:42:18.844+0000][1][safepoint    ] Entering safepoint region: RevokeBias
[2020-01-13T13:42:18.844+0000][1][safepoint    ] Leaving safepoint region
[2020-01-13T13:42:18.844+0000][1][safepoint    ] Total time for which application threads were stopped: 0.0000999 seconds, Stopping threads took: 0.0000485 seconds
[2020-01-13T13:42:18.845+0000][1][safepoint    ] Application time: 0.0002845 seconds
[2020-01-13T13:42:18.845+0000][1][safepoint    ] Entering safepoint region: RevokeBias
[2020-01-13T13:42:18.845+0000][1][safepoint    ] Leaving safepoint region
[2020-01-13T13:42:18.845+0000][1][safepoint    ] Total time for which application threads were stopped: 0.0000532 seconds, Stopping threads took: 0.0000071 seconds
[2020-01-13T13:42:18.845+0000][1][safepoint    ] Application time: 0.0000264 seconds
[2020-01-13T13:42:18.845+0000][1][safepoint    ] Entering safepoint region: RevokeBias
[2020-01-13T13:42:18.845+0000][1][safepoint    ] Leaving safepoint region
[2020-01-13T13:42:18.845+0000][1][safepoint    ] Total time for which application threads were stopped: 0.0000353 seconds, Stopping threads took: 0.0000049 seconds
[2020-01-13T13:42:18.845+0000][1][safepoint    ] Application time: 0.0000148 seconds
[2020-01-13T13:42:18.845+0000][1][safepoint    ] Entering safepoint region: RevokeBias
[2020-01-13T13:42:18.845+0000][1][safepoint    ] Leaving safepoint region
[2020-01-13T13:42:18.845+0000][1][safepoint    ] Total time for which application threads were stopped: 0.0000411 seconds, Stopping threads took: 0.0000120 seconds
[2020-01-13T13:42:18.845+0000][1][safepoint    ] Application time: 0.0000157 seconds
[2020-01-13T13:42:18.845+0000][1][safepoint    ] Entering safepoint region: RevokeBias
[2020-01-13T13:42:18.845+0000][1][safepoint    ] Leaving safepoint region
[2020-01-13T13:42:18.845+0000][1][safepoint    ] Total time for which application threads were stopped: 0.0000334 seconds, Stopping threads took: 0.0000047 seconds
[2020-01-13T13:42:18.845+0000][1][safepoint    ] Application time: 0.0000144 seconds
[2020-01-13T13:42:18.845+0000][1][safepoint    ] Entering safepoint region: RevokeBias
[2020-01-13T13:42:18.845+0000][1][safepoint    ] Leaving safepoint region
[2020-01-13T13:42:18.845+0000][1][safepoint    ] Total time for which application threads were stopped: 0.0000330 seconds, Stopping threads took: 0.0000048 seconds
[2020-01-13T13:42:18.845+0000][1][safepoint    ] Application time: 0.0000267 seconds
[2020-01-13T13:42:18.845+0000][1][safepoint    ] Entering safepoint region: RevokeBias
[2020-01-13T13:42:18.845+0000][1][safepoint    ] Leaving safepoint region
[2020-01-13T13:42:18.845+0000][1][safepoint    ] Total time for which application threads were stopped: 0.0000336 seconds, Stopping threads took: 0.0000047 seconds
[2020-01-13T13:42:18.845+0000][1][safepoint    ] Application time: 0.0000142 seconds
[2020-01-13T13:42:18.845+0000][1][safepoint    ] Entering safepoint region: RevokeBias
[2020-01-13T13:42:18.845+0000][1][safepoint    ] Leaving safepoint region
[2020-01-13T13:42:18.845+0000][1][safepoint    ] Total time for which application threads were stopped: 0.0000328 seconds, Stopping threads took: 0.0000047 seconds
[2020-01-13T13:42:18.845+0000][1][safepoint    ] Application time: 0.0000157 seconds
[2020-01-13T13:42:18.845+0000][1][safepoint    ] Entering safepoint region: RevokeBias
[2020-01-13T13:42:18.845+0000][1][safepoint    ] Leaving safepoint region
[2020-01-13T13:42:18.845+0000][1][safepoint    ] Total time for which application threads were stopped: 0.0000333 seconds, Stopping threads took: 0.0000048 seconds
[2020-01-13T13:42:18.845+0000][1][safepoint    ] Application time: 0.0000142 seconds
[2020-01-13T13:42:18.845+0000][1][safepoint    ] Entering safepoint region: RevokeBias
[2020-01-13T13:42:18.845+0000][1][safepoint    ] Leaving safepoint region
[2020-01-13T13:42:18.845+0000][1][safepoint    ] Total time for which application threads were stopped: 0.0000510 seconds, Stopping threads took: 0.0000047 seconds
[2020-01-13T13:42:19.041+0000][1][safepoint    ] Application time: 0.1961920 seconds
[2020-01-13T13:42:19.042+0000][1][safepoint    ] Entering safepoint region: GenCollectForAllocation
[2020-01-13T13:42:19.042+0000][1][gc,start     ] GC(4) Pause Young (Allocation Failure)
[2020-01-13T13:42:19.042+0000][1][gc,task      ] GC(4) Using 1 workers of 1 for evacuation
[2020-01-13T13:42:19.063+0000][1][gc,age       ] GC(4) Desired survivor size 4358144 bytes, new threshold 2 (max threshold 6)
[2020-01-13T13:42:19.063+0000][1][gc,age       ] GC(4) Age table with threshold 2 (max threshold 6)
[2020-01-13T13:42:19.063+0000][1][gc,age       ] GC(4) - age   1:    1138720 bytes,    1138720 total
[2020-01-13T13:42:19.063+0000][1][gc,age       ] GC(4) - age   2:    3330384 bytes,    4469104 total
[2020-01-13T13:42:19.063+0000][1][gc,age       ] GC(4) - age   3:     293896 bytes,    4763000 total
[2020-01-13T13:42:19.063+0000][1][gc,heap      ] GC(4) ParNew: 75434K->8512K(76672K)
[2020-01-13T13:42:19.063+0000][1][gc,heap      ] GC(4) CMS: 6675K->7818K(176960K)
[2020-01-13T13:42:19.063+0000][1][gc,metaspace ] GC(4) Metaspace: 18573K->18573K(1067008K)
[2020-01-13T13:42:19.063+0000][1][gc           ] GC(4) Pause Young (Allocation Failure) 80M->15M(247M) 20.927ms
[2020-01-13T13:42:19.063+0000][1][gc,cpu       ] GC(4) User=0.02s Sys=0.00s Real=0.02s
[2020-01-13T13:42:19.063+0000][1][safepoint    ] Leaving safepoint region
[2020-01-13T13:42:19.063+0000][1][safepoint    ] Total time for which application threads were stopped: 0.0218457 seconds, Stopping threads took: 0.0007797 seconds
[2020-01-13T13:42:19.072+0000][1][safepoint    ] Application time: 0.0089093 seconds
[2020-01-13T13:42:19.072+0000][1][safepoint    ] Entering safepoint region: RevokeBias
[2020-01-13T13:42:19.072+0000][1][safepoint    ] Leaving safepoint region
[2020-01-13T13:42:19.072+0000][1][safepoint    ] Total time for which application threads were stopped: 0.0001417 seconds, Stopping threads took: 0.0000279 seconds
[2020-01-13T13:42:19.073+0000][1][safepoint    ] Application time: 0.0000335 seconds
[2020-01-13T13:42:19.073+0000][1][safepoint    ] Entering safepoint region: RevokeBias
[2020-01-13T13:42:19.073+0000][1][safepoint    ] Leaving safepoint region
[2020-01-13T13:42:19.073+0000][1][safepoint    ] Total time for which application threads were stopped: 0.0000275 seconds, Stopping threads took: 0.0000056 seconds
[2020-01-13T13:42:19.073+0000][1][safepoint    ] Application time: 0.0000249 seconds
[2020-01-13T13:42:19.073+0000][1][safepoint    ] Entering safepoint region: RevokeBias
[2020-01-13T13:42:19.073+0000][1][safepoint    ] Leaving safepoint region
[2020-01-13T13:42:19.073+0000][1][safepoint    ] Total time for which application threads were stopped: 0.0000240 seconds, Stopping threads took: 0.0000050 seconds
[2020-01-13T13:42:19.073+0000][1][safepoint    ] Application time: 0.0000149 seconds
[2020-01-13T13:42:19.073+0000][1][safepoint    ] Entering safepoint region: RevokeBias
[2020-01-13T13:42:19.073+0000][1][safepoint    ] Leaving safepoint region
[2020-01-13T13:42:19.073+0000][1][safepoint    ] Total time for which application threads were stopped: 0.0000219 seconds, Stopping threads took: 0.0000047 seconds
[2020-01-13T13:42:19.108+0000][1][safepoint    ] Application time: 0.0355904 seconds
[2020-01-13T13:42:19.108+0000][1][safepoint    ] Entering safepoint region: Deoptimize
[2020-01-13T13:42:19.109+0000][1][safepoint    ] Leaving safepoint region
[2020-01-13T13:42:19.109+0000][1][safepoint    ] Total time for which application threads were stopped: 0.0004855 seconds, Stopping threads took: 0.0000196 seconds
[2020-01-13T13:42:19.193+0000][1][safepoint    ] Application time: 0.0842102 seconds
[2020-01-13T13:42:19.193+0000][1][safepoint    ] Entering safepoint region: Deoptimize
[2020-01-13T13:42:19.194+0000][1][safepoint    ] Leaving safepoint region
[2020-01-13T13:42:19.194+0000][1][safepoint    ] Total time for which application threads were stopped: 0.0006904 seconds, Stopping threads took: 0.0001327 seconds
[2020-01-13T13:42:19.206+0000][1][safepoint    ] Application time: 0.0124023 seconds
[2020-01-13T13:42:19.206+0000][1][safepoint    ] Entering safepoint region: RevokeBias
[2020-01-13T13:42:19.206+0000][1][safepoint    ] Leaving safepoint region
[2020-01-13T13:42:19.206+0000][1][safepoint    ] Total time for which application threads were stopped: 0.0001134 seconds, Stopping threads took: 0.0000274 seconds
[2020-01-13T13:42:19.211+0000][1][safepoint    ] Application time: 0.0049377 seconds
[2020-01-13T13:42:19.211+0000][1][safepoint    ] Entering safepoint region: RevokeBias
[2020-01-13T13:42:19.211+0000][1][safepoint    ] Leaving safepoint region
[2020-01-13T13:42:19.211+0000][1][safepoint    ] Total time for which application threads were stopped: 0.0000888 seconds, Stopping threads took: 0.0000266 seconds
[2020-01-13T13:42:19.425+0000][1][safepoint    ] Application time: 0.2135144 seconds
[2020-01-13T13:42:19.425+0000][1][safepoint    ] Entering safepoint region: GenCollectForAllocation
[2020-01-13T13:42:19.425+0000][1][gc,start     ] GC(5) Pause Young (Allocation Failure)
[2020-01-13T13:42:19.425+0000][1][gc,task      ] GC(5) Using 1 workers of 1 for evacuation
[2020-01-13T13:42:19.450+0000][1][gc,age       ] GC(5) Desired survivor size 4358144 bytes, new threshold 6 (max threshold 6)
[2020-01-13T13:42:19.450+0000][1][gc,age       ] GC(5) Age table with threshold 6 (max threshold 6)
[2020-01-13T13:42:19.450+0000][1][gc,age       ] GC(5) - age   1:    2168264 bytes,    2168264 total
[2020-01-13T13:42:19.450+0000][1][gc,age       ] GC(5) - age   2:     442592 bytes,    2610856 total
[2020-01-13T13:42:19.450+0000][1][gc,heap      ] GC(5) ParNew: 76672K->2854K(76672K)
[2020-01-13T13:42:19.450+0000][1][gc,heap      ] GC(5) CMS: 7818K->11389K(176960K)
[2020-01-13T13:42:19.450+0000][1][gc,metaspace ] GC(5) Metaspace: 18829K->18829K(1067008K)
[2020-01-13T13:42:19.450+0000][1][gc           ] GC(5) Pause Young (Allocation Failure) 82M->13M(247M) 25.168ms
[2020-01-13T13:42:19.450+0000][1][gc,cpu       ] GC(5) User=0.02s Sys=0.01s Real=0.03s
[2020-01-13T13:42:19.450+0000][1][safepoint    ] Leaving safepoint region
[2020-01-13T13:42:19.450+0000][1][safepoint    ] Total time for which application threads were stopped: 0.0253416 seconds, Stopping threads took: 0.0000227 seconds
[2020-01-13T13:42:19.460+0000][1][safepoint    ] Application time: 0.0099984 seconds
[2020-01-13T13:42:19.460+0000][1][safepoint    ] Entering safepoint region: RevokeBias
[2020-01-13T13:42:19.460+0000][1][safepoint    ] Leaving safepoint region
[2020-01-13T13:42:19.460+0000][1][safepoint    ] Total time for which application threads were stopped: 0.0001516 seconds, Stopping threads took: 0.0000692 seconds
[2020-01-13T13:42:19.460+0000][1][safepoint    ] Application time: 0.0000274 seconds
[2020-01-13T13:42:19.460+0000][1][safepoint    ] Entering safepoint region: RevokeBias
[2020-01-13T13:42:19.461+0000][1][safepoint    ] Leaving safepoint region
[2020-01-13T13:42:19.461+0000][1][safepoint    ] Total time for which application threads were stopped: 0.0000359 seconds, Stopping threads took: 0.0000053 seconds
[2020-01-13T13:42:19.461+0000][1][safepoint    ] Application time: 0.0000234 seconds
[2020-01-13T13:42:19.461+0000][1][safepoint    ] Entering safepoint region: RevokeBias
[2020-01-13T13:42:19.461+0000][1][safepoint    ] Leaving safepoint region
[2020-01-13T13:42:19.461+0000][1][safepoint    ] Total time for which application threads were stopped: 0.0000289 seconds, Stopping threads took: 0.0000051 seconds
[2020-01-13T13:42:19.461+0000][1][safepoint    ] Application time: 0.0000147 seconds
[2020-01-13T13:42:19.461+0000][1][safepoint    ] Entering safepoint region: RevokeBias
[2020-01-13T13:42:19.461+0000][1][safepoint    ] Leaving safepoint region
[2020-01-13T13:42:19.461+0000][1][safepoint    ] Total time for which application threads were stopped: 0.0000279 seconds, Stopping threads took: 0.0000049 seconds
[2020-01-13T13:42:19.461+0000][1][safepoint    ] Application time: 0.0000194 seconds
[2020-01-13T13:42:19.461+0000][1][safepoint    ] Entering safepoint region: RevokeBias
[2020-01-13T13:42:19.461+0000][1][safepoint    ] Leaving safepoint region
[2020-01-13T13:42:19.461+0000][1][safepoint    ] Total time for which application threads were stopped: 0.0000280 seconds, Stopping threads took: 0.0000048 seconds
[2020-01-13T13:42:19.461+0000][1][safepoint    ] Application time: 0.0000145 seconds
[2020-01-13T13:42:19.461+0000][1][safepoint    ] Entering safepoint region: RevokeBias
[2020-01-13T13:42:19.461+0000][1][safepoint    ] Leaving safepoint region
[2020-01-13T13:42:19.461+0000][1][safepoint    ] Total time for which application threads were stopped: 0.0000274 seconds, Stopping threads took: 0.0000047 seconds
[2020-01-13T13:42:19.735+0000][1][safepoint    ] Application time: 0.2743858 seconds
[2020-01-13T13:42:19.738+0000][1][safepoint    ] Entering safepoint region: RevokeBias
[2020-01-13T13:42:19.738+0000][1][safepoint    ] Leaving safepoint region
[2020-01-13T13:42:19.738+0000][1][safepoint    ] Total time for which application threads were stopped: 0.0031814 seconds, Stopping threads took: 0.0031072 seconds
[2020-01-13T13:42:19.758+0000][1][safepoint    ] Application time: 0.0192975 seconds
[2020-01-13T13:42:19.759+0000][1][safepoint    ] Entering safepoint region: GenCollectForAllocation
[2020-01-13T13:42:19.759+0000][1][gc,start     ] GC(6) Pause Young (Allocation Failure)
[2020-01-13T13:42:19.759+0000][1][gc,task      ] GC(6) Using 1 workers of 1 for evacuation
[2020-01-13T13:42:19.767+0000][1][gc,age       ] GC(6) Desired survivor size 4358144 bytes, new threshold 6 (max threshold 6)
[2020-01-13T13:42:19.767+0000][1][gc,age       ] GC(6) Age table with threshold 6 (max threshold 6)
[2020-01-13T13:42:19.767+0000][1][gc,age       ] GC(6) - age   1:     755888 bytes,     755888 total
[2020-01-13T13:42:19.767+0000][1][gc,age       ] GC(6) - age   2:    2155136 bytes,    2911024 total
[2020-01-13T13:42:19.767+0000][1][gc,age       ] GC(6) - age   3:     442592 bytes,    3353616 total
[2020-01-13T13:42:19.767+0000][1][gc,heap      ] GC(6) ParNew: 70822K->5762K(76672K)
[2020-01-13T13:42:19.767+0000][1][gc,heap      ] GC(6) CMS: 11389K->11389K(176960K)
[2020-01-13T13:42:19.767+0000][1][gc,metaspace ] GC(6) Metaspace: 19140K->19140K(1067008K)
[2020-01-13T13:42:19.768+0000][1][gc           ] GC(6) Pause Young (Allocation Failure) 80M->16M(247M) 8.777ms
[2020-01-13T13:42:19.768+0000][1][gc,cpu       ] GC(6) User=0.01s Sys=0.00s Real=0.01s
[2020-01-13T13:42:19.768+0000][1][safepoint    ] Leaving safepoint region
[2020-01-13T13:42:19.768+0000][1][safepoint    ] Total time for which application threads were stopped: 0.0098452 seconds, Stopping threads took: 0.0009437 seconds
[2020-01-13T13:42:19.776+0000][1][safepoint    ] Application time: 0.0086994 seconds
[2020-01-13T13:42:19.778+0000][1][safepoint    ] Entering safepoint region: BulkRevokeBias
[2020-01-13T13:42:19.778+0000][1][safepoint    ] Leaving safepoint region
[2020-01-13T13:42:19.778+0000][1][safepoint    ] Total time for which application threads were stopped: 0.0017450 seconds, Stopping threads took: 0.0015961 seconds
[2020-01-13T13:42:19.778+0000][1][safepoint    ] Application time: 0.0000382 seconds
[2020-01-13T13:42:19.778+0000][1][safepoint    ] Entering safepoint region: BulkRevokeBias
[2020-01-13T13:42:19.778+0000][1][safepoint    ] Leaving safepoint region
[2020-01-13T13:42:19.778+0000][1][safepoint    ] Total time for which application threads were stopped: 0.0000469 seconds, Stopping threads took: 0.0000052 seconds
[2020-01-13T13:42:19.982+0000][1][safepoint    ] Application time: 0.2040859 seconds
[2020-01-13T13:42:19.982+0000][1][safepoint    ] Entering safepoint region: GenCollectForAllocation
[2020-01-13T13:42:19.982+0000][1][gc,start     ] GC(7) Pause Young (Allocation Failure)
[2020-01-13T13:42:19.982+0000][1][gc,task      ] GC(7) Using 1 workers of 1 for evacuation
[2020-01-13T13:42:20.007+0000][1][gc,age       ] GC(7) Desired survivor size 4358144 bytes, new threshold 3 (max threshold 6)
[2020-01-13T13:42:20.007+0000][1][gc,age       ] GC(7) Age table with threshold 3 (max threshold 6)
[2020-01-13T13:42:20.007+0000][1][gc,age       ] GC(7) - age   1:    3340424 bytes,    3340424 total
[2020-01-13T13:42:20.007+0000][1][gc,age       ] GC(7) - age   2:     212120 bytes,    3552544 total
[2020-01-13T13:42:20.007+0000][1][gc,age       ] GC(7) - age   3:    2155112 bytes,    5707656 total
[2020-01-13T13:42:20.007+0000][1][gc,age       ] GC(7) - age   4:     442592 bytes,    6150248 total
[2020-01-13T13:42:20.007+0000][1][gc,heap      ] GC(7) ParNew: 73922K->6771K(76672K)
[2020-01-13T13:42:20.007+0000][1][gc,heap      ] GC(7) CMS: 11389K->11389K(176960K)
[2020-01-13T13:42:20.007+0000][1][gc,metaspace ] GC(7) Metaspace: 19464K->19464K(1067008K)
[2020-01-13T13:42:20.007+0000][1][gc           ] GC(7) Pause Young (Allocation Failure) 83M->17M(247M) 24.672ms
[2020-01-13T13:42:20.007+0000][1][gc,cpu       ] GC(7) User=0.03s Sys=0.00s Real=0.02s
[2020-01-13T13:42:20.007+0000][1][safepoint    ] Leaving safepoint region
[2020-01-13T13:42:20.007+0000][1][safepoint    ] Total time for which application threads were stopped: 0.0248163 seconds, Stopping threads took: 0.0000243 seconds
[2020-01-13T13:42:20.111+0000][1][safepoint    ] Application time: 0.1039601 seconds
[2020-01-13T13:42:20.114+0000][1][safepoint    ] Entering safepoint region: CollectForMetadataAllocation
[2020-01-13T13:42:20.115+0000][1][safepoint    ] Leaving safepoint region
[2020-01-13T13:42:20.115+0000][1][safepoint    ] Total time for which application threads were stopped: 0.0035728 seconds, Stopping threads took: 0.0031937 seconds
[2020-01-13T13:42:20.168+0000][1][safepoint    ] Application time: 0.0533533 seconds
[2020-01-13T13:42:20.168+0000][1][safepoint    ] Entering safepoint region: CollectForMetadataAllocation
[2020-01-13T13:42:20.168+0000][1][safepoint    ] Leaving safepoint region
[2020-01-13T13:42:20.168+0000][1][safepoint    ] Total time for which application threads were stopped: 0.0002654 seconds, Stopping threads took: 0.0000264 seconds
[2020-01-13T13:42:20.345+0000][1][safepoint    ] Application time: 0.1765006 seconds
[2020-01-13T13:42:20.345+0000][1][safepoint    ] Entering safepoint region: GenCollectForAllocation
[2020-01-13T13:42:20.345+0000][1][gc,start     ] GC(8) Pause Young (Allocation Failure)
[2020-01-13T13:42:20.345+0000][1][gc,task      ] GC(8) Using 1 workers of 1 for evacuation
[2020-01-13T13:42:20.374+0000][1][gc,age       ] GC(8) Desired survivor size 4358144 bytes, new threshold 6 (max threshold 6)
[2020-01-13T13:42:20.374+0000][1][gc,age       ] GC(8) Age table with threshold 6 (max threshold 6)
[2020-01-13T13:42:20.374+0000][1][gc,age       ] GC(8) - age   1:    2166528 bytes,    2166528 total
[2020-01-13T13:42:20.374+0000][1][gc,age       ] GC(8) - age   2:    1295688 bytes,    3462216 total
[2020-01-13T13:42:20.374+0000][1][gc,age       ] GC(8) - age   3:     211976 bytes,    3674192 total
[2020-01-13T13:42:20.374+0000][1][gc,heap      ] GC(8) ParNew: 74931K->4927K(76672K)
[2020-01-13T13:42:20.374+0000][1][gc,heap      ] GC(8) CMS: 11389K->13940K(176960K)
[2020-01-13T13:42:20.374+0000][1][gc,metaspace ] GC(8) Metaspace: 20271K->20271K(1069056K)
[2020-01-13T13:42:20.374+0000][1][gc           ] GC(8) Pause Young (Allocation Failure) 84M->18M(247M) 29.019ms
[2020-01-13T13:42:20.374+0000][1][gc,cpu       ] GC(8) User=0.03s Sys=0.00s Real=0.03s
[2020-01-13T13:42:20.374+0000][1][safepoint    ] Leaving safepoint region
[2020-01-13T13:42:20.374+0000][1][safepoint    ] Total time for which application threads were stopped: 0.0295244 seconds, Stopping threads took: 0.0003750 seconds
[2020-01-13T13:42:20.379+0000][1][safepoint    ] Application time: 0.0048265 seconds
[2020-01-13T13:42:20.379+0000][1][safepoint    ] Entering safepoint region: CMS_Initial_Mark
[2020-01-13T13:42:20.379+0000][1][gc,start     ] GC(9) Pause Initial Mark
[2020-01-13T13:42:20.383+0000][1][gc           ] GC(9) Pause Initial Mark 23M->23M(247M) 3.602ms
[2020-01-13T13:42:20.383+0000][1][gc,cpu       ] GC(9) User=0.01s Sys=0.00s Real=0.00s
[2020-01-13T13:42:20.383+0000][1][safepoint    ] Leaving safepoint region
[2020-01-13T13:42:20.383+0000][1][safepoint    ] Total time for which application threads were stopped: 0.0037319 seconds, Stopping threads took: 0.0000269 seconds
[2020-01-13T13:42:20.383+0000][1][gc           ] GC(9) Concurrent Mark
[2020-01-13T13:42:20.421+0000][1][gc           ] GC(9) Concurrent Mark 37.866ms
[2020-01-13T13:42:20.421+0000][1][gc,cpu       ] GC(9) User=0.03s Sys=0.00s Real=0.04s
[2020-01-13T13:42:20.421+0000][1][gc           ] GC(9) Concurrent Preclean
[2020-01-13T13:42:20.421+0000][1][gc           ] GC(9) Concurrent Preclean 0.447ms
[2020-01-13T13:42:20.421+0000][1][gc,cpu       ] GC(9) User=0.00s Sys=0.00s Real=0.00s
[2020-01-13T13:42:20.421+0000][1][gc           ] GC(9) Concurrent Abortable Preclean
[2020-01-13T13:42:20.599+0000][1][safepoint    ] Application time: 0.2155603 seconds
[2020-01-13T13:42:20.599+0000][1][safepoint    ] Entering safepoint region: GenCollectForAllocation
[2020-01-13T13:42:20.599+0000][1][gc,start     ] GC(10) Pause Young (Allocation Failure)
[2020-01-13T13:42:20.599+0000][1][gc,task      ] GC(10) Using 1 workers of 1 for evacuation
[2020-01-13T13:42:20.605+0000][1][gc,age       ] GC(10) Desired survivor size 4358144 bytes, new threshold 6 (max threshold 6)
[2020-01-13T13:42:20.605+0000][1][gc,age       ] GC(10) Age table with threshold 6 (max threshold 6)
[2020-01-13T13:42:20.605+0000][1][gc,age       ] GC(10) - age   1:     844912 bytes,     844912 total
[2020-01-13T13:42:20.605+0000][1][gc,age       ] GC(10) - age   2:     619600 bytes,    1464512 total
[2020-01-13T13:42:20.605+0000][1][gc,age       ] GC(10) - age   3:    1295568 bytes,    2760080 total
[2020-01-13T13:42:20.605+0000][1][gc,age       ] GC(10) - age   4:     211976 bytes,    2972056 total
[2020-01-13T13:42:20.605+0000][1][gc,heap      ] GC(10) ParNew: 73087K->3923K(76672K)
[2020-01-13T13:42:20.605+0000][1][gc,heap      ] GC(10) CMS: 13940K->13940K(176960K)
[2020-01-13T13:42:20.605+0000][1][gc,metaspace ] GC(10) Metaspace: 20385K->20385K(1069056K)
[2020-01-13T13:42:20.605+0000][1][gc           ] GC(10) Pause Young (Allocation Failure) 84M->17M(247M) 6.518ms
[2020-01-13T13:42:20.605+0000][1][gc,cpu       ] GC(10) User=0.01s Sys=0.00s Real=0.00s
[2020-01-13T13:42:20.605+0000][1][safepoint    ] Leaving safepoint region
[2020-01-13T13:42:20.605+0000][1][safepoint    ] Total time for which application threads were stopped: 0.0066517 seconds, Stopping threads took: 0.0000117 seconds
[2020-01-13T13:42:20.798+0000][1][safepoint    ] Application time: 0.1928743 seconds
[2020-01-13T13:42:20.801+0000][1][safepoint    ] Entering safepoint region: GenCollectForAllocation
[2020-01-13T13:42:20.801+0000][1][gc,start     ] GC(11) Pause Young (Allocation Failure)
[2020-01-13T13:42:20.801+0000][1][gc,task      ] GC(11) Using 1 workers of 1 for evacuation
[2020-01-13T13:42:20.806+0000][1][gc,age       ] GC(11) Desired survivor size 4358144 bytes, new threshold 6 (max threshold 6)
[2020-01-13T13:42:20.806+0000][1][gc,age       ] GC(11) Age table with threshold 6 (max threshold 6)
[2020-01-13T13:42:20.806+0000][1][gc,age       ] GC(11) - age   1:     278632 bytes,     278632 total
[2020-01-13T13:42:20.806+0000][1][gc,age       ] GC(11) - age   2:     135536 bytes,     414168 total
[2020-01-13T13:42:20.806+0000][1][gc,age       ] GC(11) - age   3:     619552 bytes,    1033720 total
[2020-01-13T13:42:20.806+0000][1][gc,age       ] GC(11) - age   4:    1295464 bytes,    2329184 total
[2020-01-13T13:42:20.806+0000][1][gc,age       ] GC(11) - age   5:     211832 bytes,    2541016 total
[2020-01-13T13:42:20.806+0000][1][gc,heap      ] GC(11) ParNew: 72083K->3157K(76672K)
[2020-01-13T13:42:20.806+0000][1][gc,heap      ] GC(11) CMS: 13940K->13940K(176960K)
[2020-01-13T13:42:20.806+0000][1][gc,metaspace ] GC(11) Metaspace: 20460K->20460K(1069056K)
[2020-01-13T13:42:20.806+0000][1][gc           ] GC(11) Pause Young (Allocation Failure) 84M->16M(247M) 4.446ms
[2020-01-13T13:42:20.806+0000][1][gc,cpu       ] GC(11) User=0.00s Sys=0.00s Real=0.00s
[2020-01-13T13:42:20.806+0000][1][safepoint    ] Leaving safepoint region
[2020-01-13T13:42:20.806+0000][1][safepoint    ] Total time for which application threads were stopped: 0.0076451 seconds, Stopping threads took: 0.0030728 seconds
[2020-01-13T13:42:20.806+0000][1][gc           ] GC(9) Concurrent Abortable Preclean 384.415ms
[2020-01-13T13:42:20.806+0000][1][gc,cpu       ] GC(9) User=0.37s Sys=0.01s Real=0.38s
[2020-01-13T13:42:20.812+0000][1][safepoint    ] Application time: 0.0058288 seconds
[2020-01-13T13:42:20.812+0000][1][safepoint    ] Entering safepoint region: CMS_Final_Remark
[2020-01-13T13:42:20.812+0000][1][gc,start     ] GC(9) Pause Remark
[2020-01-13T13:42:20.829+0000][1][gc           ] GC(9) Pause Remark 18M->18M(247M) 17.661ms
[2020-01-13T13:42:20.830+0000][1][gc,cpu       ] GC(9) User=0.02s Sys=0.00s Real=0.02s
[2020-01-13T13:42:20.830+0000][1][safepoint    ] Leaving safepoint region
[2020-01-13T13:42:20.830+0000][1][safepoint    ] Total time for which application threads were stopped: 0.0178308 seconds, Stopping threads took: 0.0000364 seconds
[2020-01-13T13:42:20.838+0000][1][gc           ] GC(9) Concurrent Sweep
[2020-01-13T13:42:20.845+0000][1][gc           ] GC(9) Concurrent Sweep 6.860ms
[2020-01-13T13:42:20.845+0000][1][gc,cpu       ] GC(9) User=0.00s Sys=0.00s Real=0.00s
[2020-01-13T13:42:20.845+0000][1][gc           ] GC(9) Concurrent Reset
[2020-01-13T13:42:20.846+0000][1][gc           ] GC(9) Concurrent Reset 0.420ms
[2020-01-13T13:42:20.846+0000][1][gc,cpu       ] GC(9) User=0.00s Sys=0.00s Real=0.00s
[2020-01-13T13:42:20.846+0000][1][gc,heap      ] GC(9) Old: 13940K->13914K(176960K)
[2020-01-13T13:42:20.981+0000][1][safepoint    ] Application time: 0.1518614 seconds
[2020-01-13T13:42:20.981+0000][1][safepoint    ] Entering safepoint region: Deoptimize
[2020-01-13T13:42:20.983+0000][1][safepoint    ] Leaving safepoint region
[2020-01-13T13:42:20.983+0000][1][safepoint    ] Total time for which application threads were stopped: 0.0010722 seconds, Stopping threads took: 0.0000289 seconds
[2020-01-13T13:42:21.667+0000][1][safepoint    ] Application time: 0.6847268 seconds
[2020-01-13T13:42:21.667+0000][1][safepoint    ] Entering safepoint region: GenCollectForAllocation
[2020-01-13T13:42:21.668+0000][1][gc,start     ] GC(12) Pause Young (Allocation Failure)
[2020-01-13T13:42:21.668+0000][1][gc,task      ] GC(12) Using 1 workers of 1 for evacuation
[2020-01-13T13:42:21.682+0000][1][gc,age       ] GC(12) Desired survivor size 4358144 bytes, new threshold 6 (max threshold 6)
[2020-01-13T13:42:21.682+0000][1][gc,age       ] GC(12) Age table with threshold 6 (max threshold 6)
[2020-01-13T13:42:21.682+0000][1][gc,age       ] GC(12) - age   1:    1254552 bytes,    1254552 total
[2020-01-13T13:42:21.682+0000][1][gc,age       ] GC(12) - age   2:     264992 bytes,    1519544 total
[2020-01-13T13:42:21.682+0000][1][gc,age       ] GC(12) - age   3:     135424 bytes,    1654968 total
[2020-01-13T13:42:21.682+0000][1][gc,age       ] GC(12) - age   4:     619456 bytes,    2274424 total
[2020-01-13T13:42:21.682+0000][1][gc,age       ] GC(12) - age   5:    1295080 bytes,    3569504 total
[2020-01-13T13:42:21.682+0000][1][gc,age       ] GC(12) - age   6:     211568 bytes,    3781072 total
[2020-01-13T13:42:21.682+0000][1][gc,heap      ] GC(12) ParNew: 71317K->5300K(76672K)
[2020-01-13T13:42:21.682+0000][1][gc,heap      ] GC(12) CMS: 13914K->13914K(176960K)
[2020-01-13T13:42:21.682+0000][1][gc,metaspace ] GC(12) Metaspace: 23646K->23646K(1071104K)
[2020-01-13T13:42:21.682+0000][1][gc           ] GC(12) Pause Young (Allocation Failure) 83M->18M(247M) 14.449ms
[2020-01-13T13:42:21.682+0000][1][gc,cpu       ] GC(12) User=0.02s Sys=0.00s Real=0.01s
[2020-01-13T13:42:21.682+0000][1][safepoint    ] Leaving safepoint region
[2020-01-13T13:42:21.682+0000][1][safepoint    ] Total time for which application threads were stopped: 0.0148518 seconds, Stopping threads took: 0.0000242 seconds
[2020-01-13T13:42:21.885+0000][1][safepoint    ] Application time: 0.2025068 seconds
[2020-01-13T13:42:21.888+0000][1][safepoint    ] Entering safepoint region: Deoptimize
[2020-01-13T13:42:21.889+0000][1][safepoint    ] Leaving safepoint region
[2020-01-13T13:42:21.889+0000][1][safepoint    ] Total time for which application threads were stopped: 0.0041167 seconds, Stopping threads took: 0.0035678 seconds
[2020-01-13T13:42:21.908+0000][1][safepoint    ] Application time: 0.0192746 seconds
[2020-01-13T13:42:21.911+0000][1][safepoint    ] Entering safepoint region: Deoptimize
[2020-01-13T13:42:21.912+0000][1][safepoint    ] Leaving safepoint region
[2020-01-13T13:42:21.912+0000][1][safepoint    ] Total time for which application threads were stopped: 0.0036612 seconds, Stopping threads took: 0.0031356 seconds
[2020-01-13T13:42:21.922+0000][1][safepoint    ] Application time: 0.0097292 seconds
[2020-01-13T13:42:21.922+0000][1][safepoint    ] Entering safepoint region: Deoptimize
[2020-01-13T13:42:21.922+0000][1][safepoint    ] Leaving safepoint region
[2020-01-13T13:42:21.922+0000][1][safepoint    ] Total time for which application threads were stopped: 0.0005947 seconds, Stopping threads took: 0.0000203 seconds
[2020-01-13T13:42:22.922+0000][1][safepoint    ] Application time: 1.0003082 seconds
[2020-01-13T13:42:22.923+0000][1][safepoint    ] Entering safepoint region: Cleanup
[2020-01-13T13:42:22.923+0000][1][safepoint    ] Leaving safepoint region
[2020-01-13T13:42:22.923+0000][1][safepoint    ] Total time for which application threads were stopped: 0.0003757 seconds, Stopping threads took: 0.0000291 seconds
[2020-01-13T13:42:22.930+0000][1][safepoint    ] Application time: 0.0075816 seconds
[2020-01-13T13:42:22.931+0000][1][safepoint    ] Entering safepoint region: RevokeBias
[2020-01-13T13:42:22.931+0000][1][safepoint    ] Leaving safepoint region
[2020-01-13T13:42:22.931+0000][1][safepoint    ] Total time for which application threads were stopped: 0.0000882 seconds, Stopping threads took: 0.0000249 seconds
[2020-01-13T13:42:23.213+0000][1][safepoint    ] Application time: 0.2824986 seconds
[2020-01-13T13:42:23.216+0000][1][safepoint    ] Entering safepoint region: GenCollectForAllocation
[2020-01-13T13:42:23.216+0000][1][gc,start     ] GC(13) Pause Young (Allocation Failure)
[2020-01-13T13:42:23.216+0000][1][gc,task      ] GC(13) Using 1 workers of 1 for evacuation
[2020-01-13T13:42:23.293+0000][1][gc,age       ] GC(13) Desired survivor size 4358144 bytes, new threshold 1 (max threshold 6)
[2020-01-13T13:42:23.293+0000][1][gc,age       ] GC(13) Age table with threshold 1 (max threshold 6)
[2020-01-13T13:42:23.293+0000][1][gc,age       ] GC(13) - age   1:    5812008 bytes,    5812008 total
[2020-01-13T13:42:23.293+0000][1][gc,age       ] GC(13) - age   2:     670624 bytes,    6482632 total
[2020-01-13T13:42:23.293+0000][1][gc,age       ] GC(13) - age   3:     255520 bytes,    6738152 total
[2020-01-13T13:42:23.293+0000][1][gc,age       ] GC(13) - age   4:     127152 bytes,    6865304 total
[2020-01-13T13:42:23.293+0000][1][gc,age       ] GC(13) - age   5:     563656 bytes,    7428960 total
[2020-01-13T13:42:23.293+0000][1][gc,age       ] GC(13) - age   6:    1286856 bytes,    8715816 total
[2020-01-13T13:42:23.293+0000][1][gc,heap      ] GC(13) ParNew: 73460K->8512K(76672K)
[2020-01-13T13:42:23.293+0000][1][gc,heap      ] GC(13) CMS: 13914K->23344K(176960K)
[2020-01-13T13:42:23.293+0000][1][gc,metaspace ] GC(13) Metaspace: 26910K->26910K(1075200K)
[2020-01-13T13:42:23.293+0000][1][gc           ] GC(13) Pause Young (Allocation Failure) 85M->31M(247M) 76.283ms
[2020-01-13T13:42:23.293+0000][1][gc,cpu       ] GC(13) User=0.08s Sys=0.00s Real=0.08s
[2020-01-13T13:42:23.293+0000][1][safepoint    ] Leaving safepoint region
[2020-01-13T13:42:23.293+0000][1][safepoint    ] Total time for which application threads were stopped: 0.0795352 seconds, Stopping threads took: 0.0031202 seconds
[2020-01-13T13:42:24.254+0000][1][safepoint    ] Application time: 0.9609985 seconds
[2020-01-13T13:42:24.254+0000][1][safepoint    ] Entering safepoint region: GenCollectForAllocation
[2020-01-13T13:42:24.254+0000][1][gc,start     ] GC(14) Pause Young (Allocation Failure)
[2020-01-13T13:42:24.254+0000][1][gc,task      ] GC(14) Using 1 workers of 1 for evacuation
[2020-01-13T13:42:24.354+0000][1][gc,age       ] GC(14) Desired survivor size 4358144 bytes, new threshold 1 (max threshold 6)
[2020-01-13T13:42:24.354+0000][1][gc,age       ] GC(14) Age table with threshold 1 (max threshold 6)
[2020-01-13T13:42:24.354+0000][1][gc,age       ] GC(14) - age   1:    8716208 bytes,    8716208 total
[2020-01-13T13:42:24.354+0000][1][gc,heap      ] GC(14) ParNew: 76672K->8512K(76672K)
[2020-01-13T13:42:24.354+0000][1][gc,heap      ] GC(14) CMS: 23344K->35415K(176960K)
[2020-01-13T13:42:24.354+0000][1][gc,metaspace ] GC(14) Metaspace: 26947K->26947K(1075200K)
[2020-01-13T13:42:24.354+0000][1][gc           ] GC(14) Pause Young (Allocation Failure) 97M->42M(247M) 100.070ms
[2020-01-13T13:42:24.354+0000][1][gc,cpu       ] GC(14) User=0.10s Sys=0.00s Real=0.10s
[2020-01-13T13:42:24.354+0000][1][safepoint    ] Leaving safepoint region
[2020-01-13T13:42:24.354+0000][1][safepoint    ] Total time for which application threads were stopped: 0.1002269 seconds, Stopping threads took: 0.0000250 seconds
[2020-01-13T13:42:25.115+0000][1][safepoint    ] Application time: 0.7608044 seconds
[2020-01-13T13:42:25.115+0000][1][safepoint    ] Entering safepoint region: RevokeBias
[2020-01-13T13:42:25.115+0000][1][safepoint    ] Leaving safepoint region
[2020-01-13T13:42:25.115+0000][1][safepoint    ] Total time for which application threads were stopped: 0.0001757 seconds, Stopping threads took: 0.0000250 seconds
[2020-01-13T13:42:25.438+0000][1][safepoint    ] Application time: 0.3229388 seconds
[2020-01-13T13:42:25.441+0000][1][safepoint    ] Entering safepoint region: GenCollectForAllocation
[2020-01-13T13:42:25.441+0000][1][gc,start     ] GC(15) Pause Young (Allocation Failure)
[2020-01-13T13:42:25.441+0000][1][gc,task      ] GC(15) Using 1 workers of 1 for evacuation
[2020-01-13T13:42:25.507+0000][1][gc,age       ] GC(15) Desired survivor size 4358144 bytes, new threshold 1 (max threshold 6)
[2020-01-13T13:42:25.507+0000][1][gc,age       ] GC(15) Age table with threshold 1 (max threshold 6)
[2020-01-13T13:42:25.507+0000][1][gc,age       ] GC(15) - age   1:    8716248 bytes,    8716248 total
[2020-01-13T13:42:25.507+0000][1][gc,heap      ] GC(15) ParNew: 76672K->8512K(76672K)
[2020-01-13T13:42:25.507+0000][1][gc,heap      ] GC(15) CMS: 35415K->45717K(176960K)
[2020-01-13T13:42:25.507+0000][1][gc,metaspace ] GC(15) Metaspace: 29682K->29682K(1077248K)
[2020-01-13T13:42:25.507+0000][1][gc           ] GC(15) Pause Young (Allocation Failure) 109M->52M(247M) 65.996ms
[2020-01-13T13:42:25.507+0000][1][gc,cpu       ] GC(15) User=0.07s Sys=0.00s Real=0.07s
[2020-01-13T13:42:25.507+0000][1][safepoint    ] Leaving safepoint region
[2020-01-13T13:42:25.507+0000][1][safepoint    ] Total time for which application threads were stopped: 0.0694157 seconds, Stopping threads took: 0.0032558 seconds
[2020-01-13T13:42:26.113+0000][1][safepoint    ] Application time: 0.6051170 seconds
[2020-01-13T13:42:26.113+0000][1][safepoint    ] Entering safepoint region: GenCollectForAllocation
[2020-01-13T13:42:26.113+0000][1][gc,start     ] GC(16) Pause Young (Allocation Failure)
[2020-01-13T13:42:26.113+0000][1][gc,task      ] GC(16) Using 1 workers of 1 for evacuation
[2020-01-13T13:42:26.176+0000][1][gc,age       ] GC(16) Desired survivor size 4358144 bytes, new threshold 6 (max threshold 6)
[2020-01-13T13:42:26.176+0000][1][gc,age       ] GC(16) Age table with threshold 6 (max threshold 6)
[2020-01-13T13:42:26.176+0000][1][gc,age       ] GC(16) - age   1:    1171440 bytes,    1171440 total
[2020-01-13T13:42:26.176+0000][1][gc,heap      ] GC(16) ParNew: 76672K->8432K(76672K)
[2020-01-13T13:42:26.176+0000][1][gc,heap      ] GC(16) CMS: 45717K->54292K(176960K)
[2020-01-13T13:42:26.176+0000][1][gc,metaspace ] GC(16) Metaspace: 32843K->32843K(1079296K)
[2020-01-13T13:42:26.176+0000][1][gc           ] GC(16) Pause Young (Allocation Failure) 119M->61M(247M) 63.260ms
[2020-01-13T13:42:26.176+0000][1][gc,cpu       ] GC(16) User=0.06s Sys=0.00s Real=0.06s
[2020-01-13T13:42:26.176+0000][1][safepoint    ] Leaving safepoint region
[2020-01-13T13:42:26.176+0000][1][safepoint    ] Total time for which application threads were stopped: 0.0634613 seconds, Stopping threads took: 0.0000272 seconds
[2020-01-13T13:42:26.605+0000][1][safepoint    ] Application time: 0.4293288 seconds
[2020-01-13T13:42:26.605+0000][1][safepoint    ] Entering safepoint region: CollectForMetadataAllocation
[2020-01-13T13:42:26.606+0000][1][safepoint    ] Leaving safepoint region
[2020-01-13T13:42:26.606+0000][1][safepoint    ] Total time for which application threads were stopped: 0.0002890 seconds, Stopping threads took: 0.0000258 seconds
[2020-01-13T13:42:26.678+0000][1][safepoint    ] Application time: 0.0720920 seconds
[2020-01-13T13:42:26.678+0000][1][safepoint    ] Entering safepoint region: CollectForMetadataAllocation
[2020-01-13T13:42:26.678+0000][1][safepoint    ] Leaving safepoint region
[2020-01-13T13:42:26.678+0000][1][safepoint    ] Total time for which application threads were stopped: 0.0005414 seconds, Stopping threads took: 0.0003942 seconds
[2020-01-13T13:42:26.731+0000][1][safepoint    ] Application time: 0.0530491 seconds
[2020-01-13T13:42:26.732+0000][1][safepoint    ] Entering safepoint region: CollectForMetadataAllocation
[2020-01-13T13:42:26.732+0000][1][safepoint    ] Leaving safepoint region
[2020-01-13T13:42:26.732+0000][1][safepoint    ] Total time for which application threads were stopped: 0.0002331 seconds, Stopping threads took: 0.0000242 seconds
[2020-01-13T13:42:26.763+0000][1][safepoint    ] Application time: 0.0312900 seconds
[2020-01-13T13:42:26.763+0000][1][safepoint    ] Entering safepoint region: CollectForMetadataAllocation
[2020-01-13T13:42:26.763+0000][1][safepoint    ] Leaving safepoint region
[2020-01-13T13:42:26.763+0000][1][safepoint    ] Total time for which application threads were stopped: 0.0002407 seconds, Stopping threads took: 0.0000253 seconds
[2020-01-13T13:42:26.797+0000][1][safepoint    ] Application time: 0.0339151 seconds
[2020-01-13T13:42:26.801+0000][1][safepoint    ] Entering safepoint region: CollectForMetadataAllocation
[2020-01-13T13:42:26.802+0000][1][safepoint    ] Leaving safepoint region
[2020-01-13T13:42:26.802+0000][1][safepoint    ] Total time for which application threads were stopped: 0.0041911 seconds, Stopping threads took: 0.0039864 seconds
[2020-01-13T13:42:26.838+0000][1][safepoint    ] Application time: 0.0365119 seconds
[2020-01-13T13:42:26.839+0000][1][safepoint    ] Entering safepoint region: CollectForMetadataAllocation
[2020-01-13T13:42:26.839+0000][1][safepoint    ] Leaving safepoint region
[2020-01-13T13:42:26.839+0000][1][safepoint    ] Total time for which application threads were stopped: 0.0009582 seconds, Stopping threads took: 0.0007353 seconds
[2020-01-13T13:42:26.869+0000][1][safepoint    ] Application time: 0.0298039 seconds
[2020-01-13T13:42:26.869+0000][1][safepoint    ] Entering safepoint region: CollectForMetadataAllocation
[2020-01-13T13:42:26.869+0000][1][safepoint    ] Leaving safepoint region
[2020-01-13T13:42:26.869+0000][1][safepoint    ] Total time for which application threads were stopped: 0.0002319 seconds, Stopping threads took: 0.0000298 seconds
[2020-01-13T13:42:26.913+0000][1][safepoint    ] Application time: 0.0436646 seconds
[2020-01-13T13:42:26.913+0000][1][safepoint    ] Entering safepoint region: CollectForMetadataAllocation
[2020-01-13T13:42:26.913+0000][1][safepoint    ] Leaving safepoint region
[2020-01-13T13:42:26.913+0000][1][safepoint    ] Total time for which application threads were stopped: 0.0002593 seconds, Stopping threads took: 0.0000260 seconds
[2020-01-13T13:42:26.949+0000][1][safepoint    ] Application time: 0.0354513 seconds
[2020-01-13T13:42:26.949+0000][1][safepoint    ] Entering safepoint region: CollectForMetadataAllocation
[2020-01-13T13:42:26.949+0000][1][safepoint    ] Leaving safepoint region
[2020-01-13T13:42:26.949+0000][1][safepoint    ] Total time for which application threads were stopped: 0.0001544 seconds, Stopping threads took: 0.0000226 seconds
[2020-01-13T13:42:27.010+0000][1][safepoint    ] Application time: 0.0615732 seconds
[2020-01-13T13:42:27.010+0000][1][safepoint    ] Entering safepoint region: CollectForMetadataAllocation
[2020-01-13T13:42:27.011+0000][1][safepoint    ] Leaving safepoint region
[2020-01-13T13:42:27.011+0000][1][safepoint    ] Total time for which application threads were stopped: 0.0002330 seconds, Stopping threads took: 0.0000211 seconds
[2020-01-13T13:42:27.012+0000][1][safepoint    ] Application time: 0.0017391 seconds
[2020-01-13T13:42:27.015+0000][1][safepoint    ] Entering safepoint region: RevokeBias
[2020-01-13T13:42:27.015+0000][1][safepoint    ] Leaving safepoint region
[2020-01-13T13:42:27.015+0000][1][safepoint    ] Total time for which application threads were stopped: 0.0030465 seconds, Stopping threads took: 0.0029307 seconds
[2020-01-13T13:42:27.052+0000][1][safepoint    ] Application time: 0.0367525 seconds
[2020-01-13T13:42:27.052+0000][1][safepoint    ] Entering safepoint region: CollectForMetadataAllocation
[2020-01-13T13:42:27.052+0000][1][safepoint    ] Leaving safepoint region
[2020-01-13T13:42:27.052+0000][1][safepoint    ] Total time for which application threads were stopped: 0.0002306 seconds, Stopping threads took: 0.0000198 seconds
[2020-01-13T13:42:27.087+0000][1][safepoint    ] Application time: 0.0347397 seconds
[2020-01-13T13:42:27.087+0000][1][safepoint    ] Entering safepoint region: CollectForMetadataAllocation
[2020-01-13T13:42:27.087+0000][1][safepoint    ] Leaving safepoint region
[2020-01-13T13:42:27.088+0000][1][safepoint    ] Total time for which application threads were stopped: 0.0002708 seconds, Stopping threads took: 0.0000381 seconds
[2020-01-13T13:42:27.122+0000][1][safepoint    ] Application time: 0.0340541 seconds
[2020-01-13T13:42:27.122+0000][1][safepoint    ] Entering safepoint region: CollectForMetadataAllocation
[2020-01-13T13:42:27.122+0000][1][safepoint    ] Leaving safepoint region
[2020-01-13T13:42:27.122+0000][1][safepoint    ] Total time for which application threads were stopped: 0.0002064 seconds, Stopping threads took: 0.0000232 seconds
[2020-01-13T13:42:27.193+0000][1][safepoint    ] Application time: 0.0707607 seconds
[2020-01-13T13:42:27.193+0000][1][safepoint    ] Entering safepoint region: CollectForMetadataAllocation
[2020-01-13T13:42:27.193+0000][1][safepoint    ] Leaving safepoint region
[2020-01-13T13:42:27.193+0000][1][safepoint    ] Total time for which application threads were stopped: 0.0001789 seconds, Stopping threads took: 0.0000246 seconds
[2020-01-13T13:42:27.222+0000][1][safepoint    ] Application time: 0.0289173 seconds
[2020-01-13T13:42:27.222+0000][1][safepoint    ] Entering safepoint region: CollectForMetadataAllocation
[2020-01-13T13:42:27.222+0000][1][safepoint    ] Leaving safepoint region
[2020-01-13T13:42:27.222+0000][1][safepoint    ] Total time for which application threads were stopped: 0.0002525 seconds, Stopping threads took: 0.0000259 seconds
[2020-01-13T13:42:27.261+0000][1][safepoint    ] Application time: 0.0385819 seconds
[2020-01-13T13:42:27.261+0000][1][safepoint    ] Entering safepoint region: CollectForMetadataAllocation
[2020-01-13T13:42:27.261+0000][1][safepoint    ] Leaving safepoint region
[2020-01-13T13:42:27.261+0000][1][safepoint    ] Total time for which application threads were stopped: 0.0002285 seconds, Stopping threads took: 0.0000214 seconds
[2020-01-13T13:42:27.311+0000][1][safepoint    ] Application time: 0.0499297 seconds
[2020-01-13T13:42:27.312+0000][1][safepoint    ] Entering safepoint region: CollectForMetadataAllocation
[2020-01-13T13:42:27.312+0000][1][safepoint    ] Leaving safepoint region
[2020-01-13T13:42:27.312+0000][1][safepoint    ] Total time for which application threads were stopped: 0.0015808 seconds, Stopping threads took: 0.0013671 seconds
[2020-01-13T13:42:27.368+0000][1][safepoint    ] Application time: 0.0560049 seconds
[2020-01-13T13:42:27.369+0000][1][safepoint    ] Entering safepoint region: CollectForMetadataAllocation
[2020-01-13T13:42:27.369+0000][1][safepoint    ] Leaving safepoint region
[2020-01-13T13:42:27.369+0000][1][safepoint    ] Total time for which application threads were stopped: 0.0003239 seconds, Stopping threads took: 0.0000348 seconds
[2020-01-13T13:42:27.404+0000][1][safepoint    ] Application time: 0.0355544 seconds
[2020-01-13T13:42:27.404+0000][1][safepoint    ] Entering safepoint region: CollectForMetadataAllocation
[2020-01-13T13:42:27.405+0000][1][safepoint    ] Leaving safepoint region
[2020-01-13T13:42:27.405+0000][1][safepoint    ] Total time for which application threads were stopped: 0.0002146 seconds, Stopping threads took: 0.0000217 seconds
[2020-01-13T13:42:27.421+0000][1][safepoint    ] Application time: 0.0161567 seconds
[2020-01-13T13:42:27.421+0000][1][safepoint    ] Entering safepoint region: CollectForMetadataAllocation
[2020-01-13T13:42:27.421+0000][1][safepoint    ] Leaving safepoint region
[2020-01-13T13:42:27.421+0000][1][safepoint    ] Total time for which application threads were stopped: 0.0001674 seconds, Stopping threads took: 0.0000238 seconds
[2020-01-13T13:42:27.462+0000][1][safepoint    ] Application time: 0.0407618 seconds
[2020-01-13T13:42:27.462+0000][1][safepoint    ] Entering safepoint region: CollectForMetadataAllocation
[2020-01-13T13:42:27.462+0000][1][safepoint    ] Leaving safepoint region
[2020-01-13T13:42:27.462+0000][1][safepoint    ] Total time for which application threads were stopped: 0.0002639 seconds, Stopping threads took: 0.0000242 seconds
[2020-01-13T13:42:27.475+0000][1][safepoint    ] Application time: 0.0125906 seconds
[2020-01-13T13:42:27.475+0000][1][safepoint    ] Entering safepoint region: GenCollectForAllocation
[2020-01-13T13:42:27.475+0000][1][gc,start     ] GC(17) Pause Young (Allocation Failure)
[2020-01-13T13:42:27.475+0000][1][gc,task      ] GC(17) Using 1 workers of 1 for evacuation
[2020-01-13T13:42:27.491+0000][1][gc,age       ] GC(17) Desired survivor size 4358144 bytes, new threshold 6 (max threshold 6)
[2020-01-13T13:42:27.491+0000][1][gc,age       ] GC(17) Age table with threshold 6 (max threshold 6)
[2020-01-13T13:42:27.491+0000][1][gc,age       ] GC(17) - age   1:    2912928 bytes,    2912928 total
[2020-01-13T13:42:27.491+0000][1][gc,age       ] GC(17) - age   2:    1114160 bytes,    4027088 total
[2020-01-13T13:42:27.491+0000][1][gc,heap      ] GC(17) ParNew: 76592K->4645K(76672K)
[2020-01-13T13:42:27.491+0000][1][gc,heap      ] GC(17) CMS: 54292K->54292K(176960K)
[2020-01-13T13:42:27.491+0000][1][gc,metaspace ] GC(17) Metaspace: 39962K->39962K(1085440K)
[2020-01-13T13:42:27.491+0000][1][gc           ] GC(17) Pause Young (Allocation Failure) 127M->57M(247M) 16.490ms
[2020-01-13T13:42:27.491+0000][1][gc,cpu       ] GC(17) User=0.01s Sys=0.00s Real=0.02s
[2020-01-13T13:42:27.491+0000][1][safepoint    ] Leaving safepoint region
[2020-01-13T13:42:27.491+0000][1][safepoint    ] Total time for which application threads were stopped: 0.0166435 seconds, Stopping threads took: 0.0000362 seconds
[2020-01-13T13:42:27.499+0000][1][safepoint    ] Application time: 0.0078928 seconds
[2020-01-13T13:42:27.499+0000][1][safepoint    ] Entering safepoint region: RevokeBias
[2020-01-13T13:42:27.499+0000][1][gc,start     ] GC(18) Pause Initial Mark
[2020-01-13T13:42:27.504+0000][1][gc           ] GC(18) Pause Initial Mark 58M->58M(247M) 4.600ms
[2020-01-13T13:42:27.504+0000][1][gc,cpu       ] GC(18) User=0.01s Sys=0.00s Real=0.00s
[2020-01-13T13:42:27.504+0000][1][safepoint    ] Leaving safepoint region
[2020-01-13T13:42:27.504+0000][1][safepoint    ] Total time for which application threads were stopped: 0.0047791 seconds, Stopping threads took: 0.0000123 seconds
[2020-01-13T13:42:27.505+0000][1][gc           ] GC(18) Concurrent Mark
[2020-01-13T13:42:27.524+0000][1][safepoint    ] Application time: 0.0201915 seconds
[2020-01-13T13:42:27.524+0000][1][safepoint    ] Entering safepoint region: CollectForMetadataAllocation
[2020-01-13T13:42:27.524+0000][1][safepoint    ] Leaving safepoint region
[2020-01-13T13:42:27.524+0000][1][safepoint    ] Total time for which application threads were stopped: 0.0001644 seconds, Stopping threads took: 0.0000124 seconds
[2020-01-13T13:42:27.635+0000][1][safepoint    ] Application time: 0.1104234 seconds
[2020-01-13T13:42:27.635+0000][1][safepoint    ] Entering safepoint region: CollectForMetadataAllocation
[2020-01-13T13:42:27.635+0000][1][safepoint    ] Leaving safepoint region
[2020-01-13T13:42:27.635+0000][1][safepoint    ] Total time for which application threads were stopped: 0.0002161 seconds, Stopping threads took: 0.0000118 seconds
[2020-01-13T13:42:27.680+0000][1][gc           ] GC(18) Concurrent Mark 175.039ms
[2020-01-13T13:42:27.680+0000][1][gc,cpu       ] GC(18) User=0.17s Sys=0.00s Real=0.18s
[2020-01-13T13:42:27.680+0000][1][gc           ] GC(18) Concurrent Preclean
[2020-01-13T13:42:27.681+0000][1][gc           ] GC(18) Concurrent Preclean 1.019ms
[2020-01-13T13:42:27.682+0000][1][gc,cpu       ] GC(18) User=0.00s Sys=0.00s Real=0.00s
[2020-01-13T13:42:27.682+0000][1][gc           ] GC(18) Concurrent Abortable Preclean
[2020-01-13T13:42:27.723+0000][1][safepoint    ] Application time: 0.0880802 seconds
[2020-01-13T13:42:27.723+0000][1][safepoint    ] Entering safepoint region: CollectForMetadataAllocation
[2020-01-13T13:42:27.724+0000][1][safepoint    ] Leaving safepoint region
[2020-01-13T13:42:27.724+0000][1][safepoint    ] Total time for which application threads were stopped: 0.0002217 seconds, Stopping threads took: 0.0000139 seconds
[2020-01-13T13:42:27.814+0000][1][safepoint    ] Application time: 0.0907368 seconds
[2020-01-13T13:42:27.814+0000][1][safepoint    ] Entering safepoint region: CollectForMetadataAllocation
[2020-01-13T13:42:27.815+0000][1][safepoint    ] Leaving safepoint region
[2020-01-13T13:42:27.815+0000][1][safepoint    ] Total time for which application threads were stopped: 0.0002432 seconds, Stopping threads took: 0.0000296 seconds
[2020-01-13T13:42:27.861+0000][1][safepoint    ] Application time: 0.0466188 seconds
[2020-01-13T13:42:27.861+0000][1][safepoint    ] Entering safepoint region: CollectForMetadataAllocation
[2020-01-13T13:42:27.861+0000][1][safepoint    ] Leaving safepoint region
[2020-01-13T13:42:27.861+0000][1][safepoint    ] Total time for which application threads were stopped: 0.0001597 seconds, Stopping threads took: 0.0000133 seconds
[2020-01-13T13:42:27.942+0000][1][safepoint    ] Application time: 0.0801470 seconds
[2020-01-13T13:42:27.942+0000][1][safepoint    ] Entering safepoint region: CollectForMetadataAllocation
[2020-01-13T13:42:27.942+0000][1][safepoint    ] Leaving safepoint region
[2020-01-13T13:42:27.942+0000][1][safepoint    ] Total time for which application threads were stopped: 0.0002415 seconds, Stopping threads took: 0.0000246 seconds
[2020-01-13T13:42:27.966+0000][1][safepoint    ] Application time: 0.0239027 seconds
[2020-01-13T13:42:27.968+0000][1][safepoint    ] Entering safepoint region: RevokeBias
[2020-01-13T13:42:27.968+0000][1][safepoint    ] Leaving safepoint region
[2020-01-13T13:42:27.968+0000][1][safepoint    ] Total time for which application threads were stopped: 0.0024845 seconds, Stopping threads took: 0.0023888 seconds
[2020-01-13T13:42:28.024+0000][1][safepoint    ] Application time: 0.0559677 seconds
[2020-01-13T13:42:28.024+0000][1][safepoint    ] Entering safepoint region: CollectForMetadataAllocation
[2020-01-13T13:42:28.025+0000][1][safepoint    ] Leaving safepoint region
[2020-01-13T13:42:28.025+0000][1][safepoint    ] Total time for which application threads were stopped: 0.0002388 seconds, Stopping threads took: 0.0000285 seconds
[2020-01-13T13:42:29.026+0000][1][safepoint    ] Application time: 1.0014842 seconds
[2020-01-13T13:42:29.031+0000][1][safepoint    ] Entering safepoint region: Cleanup
[2020-01-13T13:42:29.031+0000][1][safepoint    ] Leaving safepoint region
[2020-01-13T13:42:29.031+0000][1][safepoint    ] Total time for which application threads were stopped: 0.0045822 seconds, Stopping threads took: 0.0045192 seconds
[2020-01-13T13:42:30.034+0000][1][safepoint    ] Application time: 1.0036314 seconds
[2020-01-13T13:42:30.040+0000][1][safepoint    ] Entering safepoint region: Cleanup
[2020-01-13T13:42:30.040+0000][1][safepoint    ] Leaving safepoint region
[2020-01-13T13:42:30.040+0000][1][safepoint    ] Total time for which application threads were stopped: 0.0055494 seconds, Stopping threads took: 0.0054762 seconds
[2020-01-13T13:42:30.044+0000][1][safepoint    ] Application time: 0.0039040 seconds
[2020-01-13T13:42:30.047+0000][1][safepoint    ] Entering safepoint region: CollectForMetadataAllocation
[2020-01-13T13:42:30.048+0000][1][safepoint    ] Leaving safepoint region
[2020-01-13T13:42:30.048+0000][1][safepoint    ] Total time for which application threads were stopped: 0.0036406 seconds, Stopping threads took: 0.0034157 seconds
[2020-01-13T13:42:30.613+0000][1][safepoint    ] Application time: 0.5657545 seconds
[2020-01-13T13:42:30.613+0000][1][safepoint    ] Entering safepoint region: CollectForMetadataAllocation
[2020-01-13T13:42:30.614+0000][1][safepoint    ] Leaving safepoint region
[2020-01-13T13:42:30.614+0000][1][safepoint    ] Total time for which application threads were stopped: 0.0001937 seconds, Stopping threads took: 0.0000167 seconds
[2020-01-13T13:42:30.849+0000][1][safepoint    ] Application time: 0.2359147 seconds
[2020-01-13T13:42:30.850+0000][1][safepoint    ] Entering safepoint region: CollectForMetadataAllocation
[2020-01-13T13:42:30.850+0000][1][safepoint    ] Leaving safepoint region
[2020-01-13T13:42:30.850+0000][1][safepoint    ] Total time for which application threads were stopped: 0.0001633 seconds, Stopping threads took: 0.0000219 seconds
[2020-01-13T13:42:31.225+0000][1][gc           ] GC(18) Concurrent Abortable Preclean 3543.573ms
[2020-01-13T13:42:31.225+0000][1][gc,cpu       ] GC(18) User=3.35s Sys=0.04s Real=3.54s
[2020-01-13T13:42:31.225+0000][1][safepoint    ] Application time: 0.3755326 seconds
[2020-01-13T13:42:31.229+0000][1][safepoint    ] Entering safepoint region: CMS_Final_Remark
[2020-01-13T13:42:31.229+0000][1][gc,start     ] GC(18) Pause Remark
[2020-01-13T13:42:31.268+0000][1][gc           ] GC(18) Pause Remark 103M->103M(247M) 38.614ms
[2020-01-13T13:42:31.268+0000][1][gc,cpu       ] GC(18) User=0.03s Sys=0.00s Real=0.04s
[2020-01-13T13:42:31.268+0000][1][safepoint    ] Leaving safepoint region
[2020-01-13T13:42:31.268+0000][1][safepoint    ] Total time for which application threads were stopped: 0.0424113 seconds, Stopping threads took: 0.0035950 seconds
[2020-01-13T13:42:31.280+0000][1][gc           ] GC(18) Concurrent Sweep
[2020-01-13T13:42:31.346+0000][1][gc           ] GC(18) Concurrent Sweep 66.165ms
[2020-01-13T13:42:31.346+0000][1][gc,cpu       ] GC(18) User=0.06s Sys=0.00s Real=0.06s
[2020-01-13T13:42:31.346+0000][1][gc           ] GC(18) Concurrent Reset
[2020-01-13T13:42:31.346+0000][1][gc           ] GC(18) Concurrent Reset 0.429ms
[2020-01-13T13:42:31.351+0000][1][gc,cpu       ] GC(18) User=0.00s Sys=0.01s Real=0.01s
[2020-01-13T13:42:31.351+0000][1][gc,heap      ] GC(18) Old: 54292K->54079K(176960K)
[2020-01-13T13:42:31.705+0000][1][safepoint    ] Application time: 0.4372263 seconds
[2020-01-13T13:42:31.705+0000][1][safepoint    ] Entering safepoint region: RevokeBias
[2020-01-13T13:42:31.706+0000][1][safepoint    ] Leaving safepoint region
[2020-01-13T13:42:31.706+0000][1][safepoint    ] Total time for which application threads were stopped: 0.0011729 seconds, Stopping threads took: 0.0000365 seconds
[2020-01-13T13:42:31.712+0000][1][safepoint    ] Application time: 0.0062881 seconds
[2020-01-13T13:42:31.716+0000][1][safepoint    ] Entering safepoint region: RevokeBias
[2020-01-13T13:42:31.716+0000][1][safepoint    ] Leaving safepoint region
[2020-01-13T13:42:31.716+0000][1][safepoint    ] Total time for which application threads were stopped: 0.0040058 seconds, Stopping threads took: 0.0039151 seconds
[2020-01-13T13:42:31.737+0000][1][safepoint    ] Application time: 0.0206642 seconds
[2020-01-13T13:42:31.737+0000][1][safepoint    ] Entering safepoint region: GenCollectForAllocation
[2020-01-13T13:42:31.737+0000][1][gc,start     ] GC(19) Pause Young (Allocation Failure)
[2020-01-13T13:42:31.737+0000][1][gc,task      ] GC(19) Using 1 workers of 1 for evacuation
[2020-01-13T13:42:31.772+0000][1][gc,age       ] GC(19) Desired survivor size 4358144 bytes, new threshold 2 (max threshold 6)
[2020-01-13T13:42:31.772+0000][1][gc,age       ] GC(19) Age table with threshold 2 (max threshold 6)
[2020-01-13T13:42:31.772+0000][1][gc,age       ] GC(19) - age   1:    3367296 bytes,    3367296 total
[2020-01-13T13:42:31.772+0000][1][gc,age       ] GC(19) - age   2:    2833928 bytes,    6201224 total
[2020-01-13T13:42:31.772+0000][1][gc,age       ] GC(19) - age   3:    1112544 bytes,    7313768 total
[2020-01-13T13:42:31.772+0000][1][gc,heap      ] GC(19) ParNew: 72805K->8512K(76672K)
[2020-01-13T13:42:31.772+0000][1][gc,heap      ] GC(19) CMS: 54079K->54079K(176960K)
[2020-01-13T13:42:31.772+0000][1][gc,metaspace ] GC(19) Metaspace: 44875K->44875K(1091584K)
[2020-01-13T13:42:31.772+0000][1][gc           ] GC(19) Pause Young (Allocation Failure) 123M->61M(247M) 34.897ms
[2020-01-13T13:42:31.772+0000][1][gc,cpu       ] GC(19) User=0.04s Sys=0.00s Real=0.04s
[2020-01-13T13:42:31.772+0000][1][safepoint    ] Leaving safepoint region
[2020-01-13T13:42:31.772+0000][1][safepoint    ] Total time for which application threads were stopped: 0.0350398 seconds, Stopping threads took: 0.0000215 seconds
[2020-01-13T13:42:31.869+0000][1][safepoint    ] Application time: 0.0966610 seconds
[2020-01-13T13:42:31.871+0000][1][safepoint    ] Entering safepoint region: RevokeBias
[2020-01-13T13:42:31.871+0000][1][safepoint    ] Leaving safepoint region
[2020-01-13T13:42:31.871+0000][1][safepoint    ] Total time for which application threads were stopped: 0.0020498 seconds, Stopping threads took: 0.0019866 seconds
[2020-01-13T13:42:32.091+0000][1][safepoint    ] Application time: 0.2203928 seconds
[2020-01-13T13:42:32.096+0000][1][safepoint    ] Entering safepoint region: RevokeBias
[2020-01-13T13:42:32.097+0000][1][safepoint    ] Leaving safepoint region
[2020-01-13T13:42:32.097+0000][1][safepoint    ] Total time for which application threads were stopped: 0.0056317 seconds, Stopping threads took: 0.0050543 seconds
[2020-01-13T13:42:32.097+0000][1][safepoint    ] Application time: 0.0000652 seconds
[2020-01-13T13:42:32.097+0000][1][safepoint    ] Entering safepoint region: RevokeBias
[2020-01-13T13:42:32.097+0000][1][safepoint    ] Leaving safepoint region
[2020-01-13T13:42:32.097+0000][1][safepoint    ] Total time for which application threads were stopped: 0.0000364 seconds, Stopping threads took: 0.0000059 seconds
[2020-01-13T13:42:32.097+0000][1][safepoint    ] Application time: 0.0001792 seconds
[2020-01-13T13:42:32.097+0000][1][safepoint    ] Entering safepoint region: RevokeBias
[2020-01-13T13:42:32.097+0000][1][safepoint    ] Leaving safepoint region
[2020-01-13T13:42:32.097+0000][1][safepoint    ] Total time for which application threads were stopped: 0.0000364 seconds, Stopping threads took: 0.0000060 seconds
[2020-01-13T13:42:32.097+0000][1][safepoint    ] Application time: 0.0000229 seconds
[2020-01-13T13:42:32.097+0000][1][safepoint    ] Entering safepoint region: RevokeBias
[2020-01-13T13:42:32.097+0000][1][safepoint    ] Leaving safepoint region
[2020-01-13T13:42:32.097+0000][1][safepoint    ] Total time for which application threads were stopped: 0.0000218 seconds, Stopping threads took: 0.0000045 seconds
[2020-01-13T13:42:32.191+0000][1][safepoint    ] Application time: 0.0940780 seconds
[2020-01-13T13:42:32.192+0000][1][safepoint    ] Entering safepoint region: RevokeBias
[2020-01-13T13:42:32.192+0000][1][safepoint    ] Leaving safepoint region
[2020-01-13T13:42:32.192+0000][1][safepoint    ] Total time for which application threads were stopped: 0.0001902 seconds, Stopping threads took: 0.0000967 seconds
[2020-01-13T13:42:32.192+0000][1][safepoint    ] Application time: 0.0000571 seconds
[2020-01-13T13:42:32.192+0000][1][safepoint    ] Entering safepoint region: RevokeBias
[2020-01-13T13:42:32.192+0000][1][safepoint    ] Leaving safepoint region
[2020-01-13T13:42:32.192+0000][1][safepoint    ] Total time for which application threads were stopped: 0.0000481 seconds, Stopping threads took: 0.0000132 seconds
[2020-01-13T13:42:32.192+0000][1][safepoint    ] Application time: 0.0000250 seconds
[2020-01-13T13:42:32.192+0000][1][safepoint    ] Entering safepoint region: RevokeBias
[2020-01-13T13:42:32.192+0000][1][safepoint    ] Leaving safepoint region
[2020-01-13T13:42:32.192+0000][1][safepoint    ] Total time for which application threads were stopped: 0.0000380 seconds, Stopping threads took: 0.0000124 seconds
[2020-01-13T13:42:32.192+0000][1][safepoint    ] Application time: 0.0000982 seconds
[2020-01-13T13:42:32.192+0000][1][safepoint    ] Entering safepoint region: RevokeBias
[2020-01-13T13:42:32.192+0000][1][safepoint    ] Leaving safepoint region
[2020-01-13T13:42:32.192+0000][1][safepoint    ] Total time for which application threads were stopped: 0.0000434 seconds, Stopping threads took: 0.0000134 seconds
[2020-01-13T13:42:32.193+0000][1][safepoint    ] Application time: 0.0005540 seconds
[2020-01-13T13:42:32.193+0000][1][safepoint    ] Entering safepoint region: RevokeBias
[2020-01-13T13:42:32.193+0000][1][safepoint    ] Leaving safepoint region
[2020-01-13T13:42:32.193+0000][1][safepoint    ] Total time for which application threads were stopped: 0.0000683 seconds, Stopping threads took: 0.0000174 seconds
[2020-01-13T13:42:32.193+0000][1][safepoint    ] Application time: 0.0000503 seconds
[2020-01-13T13:42:32.193+0000][1][safepoint    ] Entering safepoint region: RevokeBias
[2020-01-13T13:42:32.193+0000][1][safepoint    ] Leaving safepoint region
[2020-01-13T13:42:32.193+0000][1][safepoint    ] Total time for which application threads were stopped: 0.0000415 seconds, Stopping threads took: 0.0000130 seconds
[2020-01-13T13:42:32.193+0000][1][safepoint    ] Application time: 0.0002235 seconds
[2020-01-13T13:42:32.193+0000][1][safepoint    ] Entering safepoint region: RevokeBias
[2020-01-13T13:42:32.193+0000][1][safepoint    ] Leaving safepoint region
[2020-01-13T13:42:32.193+0000][1][safepoint    ] Total time for which application threads were stopped: 0.0000588 seconds, Stopping threads took: 0.0000157 seconds
[2020-01-13T13:42:32.193+0000][1][safepoint    ] Application time: 0.0000233 seconds
[2020-01-13T13:42:32.193+0000][1][safepoint    ] Entering safepoint region: RevokeBias
[2020-01-13T13:42:32.193+0000][1][safepoint    ] Leaving safepoint region
[2020-01-13T13:42:32.193+0000][1][safepoint    ] Total time for which application threads were stopped: 0.0000389 seconds, Stopping threads took: 0.0000124 seconds
[2020-01-13T13:42:32.193+0000][1][safepoint    ] Application time: 0.0000198 seconds
[2020-01-13T13:42:32.193+0000][1][safepoint    ] Entering safepoint region: RevokeBias
[2020-01-13T13:42:32.193+0000][1][safepoint    ] Leaving safepoint region
[2020-01-13T13:42:32.193+0000][1][safepoint    ] Total time for which application threads were stopped: 0.0000370 seconds, Stopping threads took: 0.0000122 seconds
[2020-01-13T13:42:32.193+0000][1][safepoint    ] Application time: 0.0000382 seconds
[2020-01-13T13:42:32.193+0000][1][safepoint    ] Entering safepoint region: RevokeBias
[2020-01-13T13:42:32.193+0000][1][safepoint    ] Leaving safepoint region
[2020-01-13T13:42:32.193+0000][1][safepoint    ] Total time for which application threads were stopped: 0.0000387 seconds, Stopping threads took: 0.0000125 seconds
[2020-01-13T13:42:32.193+0000][1][safepoint    ] Application time: 0.0000199 seconds
[2020-01-13T13:42:32.193+0000][1][safepoint    ] Entering safepoint region: RevokeBias
[2020-01-13T13:42:32.193+0000][1][safepoint    ] Leaving safepoint region
[2020-01-13T13:42:32.193+0000][1][safepoint    ] Total time for which application threads were stopped: 0.0000370 seconds, Stopping threads took: 0.0000122 seconds
[2020-01-13T13:42:32.193+0000][1][safepoint    ] Application time: 0.0000196 seconds
[2020-01-13T13:42:32.193+0000][1][safepoint    ] Entering safepoint region: RevokeBias
[2020-01-13T13:42:32.193+0000][1][safepoint    ] Leaving safepoint region
[2020-01-13T13:42:32.193+0000][1][safepoint    ] Total time for which application threads were stopped: 0.0000370 seconds, Stopping threads took: 0.0000123 seconds
[2020-01-13T13:42:32.193+0000][1][safepoint    ] Application time: 0.0000197 seconds
[2020-01-13T13:42:32.193+0000][1][safepoint    ] Entering safepoint region: RevokeBias
[2020-01-13T13:42:32.194+0000][1][safepoint    ] Leaving safepoint region
[2020-01-13T13:42:32.194+0000][1][safepoint    ] Total time for which application threads were stopped: 0.0000368 seconds, Stopping threads took: 0.0000123 seconds
[2020-01-13T13:42:32.194+0000][1][safepoint    ] Application time: 0.0000200 seconds
[2020-01-13T13:42:32.194+0000][1][safepoint    ] Entering safepoint region: RevokeBias
[2020-01-13T13:42:32.194+0000][1][safepoint    ] Leaving safepoint region
[2020-01-13T13:42:32.194+0000][1][safepoint    ] Total time for which application threads were stopped: 0.0000366 seconds, Stopping threads took: 0.0000121 seconds
[2020-01-13T13:42:32.194+0000][1][safepoint    ] Application time: 0.0000193 seconds
[2020-01-13T13:42:32.194+0000][1][safepoint    ] Entering safepoint region: RevokeBias
[2020-01-13T13:42:32.194+0000][1][safepoint    ] Leaving safepoint region
[2020-01-13T13:42:32.194+0000][1][safepoint    ] Total time for which application threads were stopped: 0.0000368 seconds, Stopping threads took: 0.0000122 seconds
[2020-01-13T13:42:32.194+0000][1][safepoint    ] Application time: 0.0000196 seconds
[2020-01-13T13:42:32.194+0000][1][safepoint    ] Entering safepoint region: RevokeBias
[2020-01-13T13:42:32.194+0000][1][safepoint    ] Leaving safepoint region
[2020-01-13T13:42:32.194+0000][1][safepoint    ] Total time for which application threads were stopped: 0.0000372 seconds, Stopping threads took: 0.0000123 seconds
[2020-01-13T13:42:32.194+0000][1][safepoint    ] Application time: 0.0000207 seconds
[2020-01-13T13:42:32.194+0000][1][safepoint    ] Entering safepoint region: RevokeBias
[2020-01-13T13:42:32.194+0000][1][safepoint    ] Leaving safepoint region
[2020-01-13T13:42:32.194+0000][1][safepoint    ] Total time for which application threads were stopped: 0.0000371 seconds, Stopping threads took: 0.0000123 seconds
[2020-01-13T13:42:32.194+0000][1][safepoint    ] Application time: 0.0000244 seconds
[2020-01-13T13:42:32.194+0000][1][safepoint    ] Entering safepoint region: RevokeBias
[2020-01-13T13:42:32.194+0000][1][safepoint    ] Leaving safepoint region
[2020-01-13T13:42:32.194+0000][1][safepoint    ] Total time for which application threads were stopped: 0.0000371 seconds, Stopping threads took: 0.0000122 seconds
[2020-01-13T13:42:32.194+0000][1][safepoint    ] Application time: 0.0000300 seconds
[2020-01-13T13:42:32.194+0000][1][safepoint    ] Entering safepoint region: RevokeBias
[2020-01-13T13:42:32.194+0000][1][safepoint    ] Leaving safepoint region
[2020-01-13T13:42:32.194+0000][1][safepoint    ] Total time for which application threads were stopped: 0.0000375 seconds, Stopping threads took: 0.0000122 seconds
[2020-01-13T13:42:32.194+0000][1][safepoint    ] Application time: 0.0000202 seconds
[2020-01-13T13:42:32.194+0000][1][safepoint    ] Entering safepoint region: RevokeBias
[2020-01-13T13:42:32.194+0000][1][safepoint    ] Leaving safepoint region
[2020-01-13T13:42:32.194+0000][1][safepoint    ] Total time for which application threads were stopped: 0.0000370 seconds, Stopping threads took: 0.0000122 seconds
[2020-01-13T13:42:32.194+0000][1][safepoint    ] Application time: 0.0000223 seconds
[2020-01-13T13:42:32.194+0000][1][safepoint    ] Entering safepoint region: RevokeBias
[2020-01-13T13:42:32.194+0000][1][safepoint    ] Leaving safepoint region
[2020-01-13T13:42:32.194+0000][1][safepoint    ] Total time for which application threads were stopped: 0.0000371 seconds, Stopping threads took: 0.0000123 seconds
[2020-01-13T13:42:32.194+0000][1][safepoint    ] Application time: 0.0000203 seconds
[2020-01-13T13:42:32.194+0000][1][safepoint    ] Entering safepoint region: RevokeBias
[2020-01-13T13:42:32.194+0000][1][safepoint    ] Leaving safepoint region
[2020-01-13T13:42:32.194+0000][1][safepoint    ] Total time for which application threads were stopped: 0.0000370 seconds, Stopping threads took: 0.0000122 seconds
[2020-01-13T13:42:32.194+0000][1][safepoint    ] Application time: 0.0000229 seconds
[2020-01-13T13:42:32.194+0000][1][safepoint    ] Entering safepoint region: RevokeBias
[2020-01-13T13:42:32.194+0000][1][safepoint    ] Leaving safepoint region
[2020-01-13T13:42:32.194+0000][1][safepoint    ] Total time for which application threads were stopped: 0.0000367 seconds, Stopping threads took: 0.0000122 seconds
[2020-01-13T13:42:32.194+0000][1][safepoint    ] Application time: 0.0000304 seconds
[2020-01-13T13:42:32.194+0000][1][safepoint    ] Entering safepoint region: RevokeBias
[2020-01-13T13:42:32.194+0000][1][safepoint    ] Leaving safepoint region
[2020-01-13T13:42:32.194+0000][1][safepoint    ] Total time for which application threads were stopped: 0.0000380 seconds, Stopping threads took: 0.0000125 seconds
[2020-01-13T13:42:32.194+0000][1][safepoint    ] Application time: 0.0000250 seconds
[2020-01-13T13:42:32.194+0000][1][safepoint    ] Entering safepoint region: RevokeBias
[2020-01-13T13:42:32.194+0000][1][safepoint    ] Leaving safepoint region
[2020-01-13T13:42:32.194+0000][1][safepoint    ] Total time for which application threads were stopped: 0.0000403 seconds, Stopping threads took: 0.0000155 seconds
[2020-01-13T13:42:32.195+0000][1][safepoint    ] Application time: 0.0003986 seconds
[2020-01-13T13:42:32.195+0000][1][safepoint    ] Entering safepoint region: RevokeBias
[2020-01-13T13:42:32.195+0000][1][safepoint    ] Leaving safepoint region
[2020-01-13T13:42:32.195+0000][1][safepoint    ] Total time for which application threads were stopped: 0.0000522 seconds, Stopping threads took: 0.0000070 seconds
[2020-01-13T13:42:32.195+0000][1][safepoint    ] Application time: 0.0000221 seconds
[2020-01-13T13:42:32.195+0000][1][safepoint    ] Entering safepoint region: BulkRevokeBias
[2020-01-13T13:42:32.195+0000][1][safepoint    ] Leaving safepoint region
[2020-01-13T13:42:32.195+0000][1][safepoint    ] Total time for which application threads were stopped: 0.0001114 seconds, Stopping threads took: 0.0000136 seconds
[2020-01-13T13:42:32.195+0000][1][safepoint    ] Application time: 0.0001176 seconds
[2020-01-13T13:42:32.195+0000][1][safepoint    ] Entering safepoint region: RevokeBias
[2020-01-13T13:42:32.195+0000][1][safepoint    ] Leaving safepoint region
[2020-01-13T13:42:32.195+0000][1][safepoint    ] Total time for which application threads were stopped: 0.0000580 seconds, Stopping threads took: 0.0000171 seconds
[2020-01-13T13:42:32.195+0000][1][safepoint    ] Application time: 0.0000624 seconds
[2020-01-13T13:42:32.195+0000][1][safepoint    ] Entering safepoint region: RevokeBias
[2020-01-13T13:42:32.195+0000][1][safepoint    ] Leaving safepoint region
[2020-01-13T13:42:32.195+0000][1][safepoint    ] Total time for which application threads were stopped: 0.0000420 seconds, Stopping threads took: 0.0000128 seconds
[2020-01-13T13:42:32.195+0000][1][safepoint    ] Application time: 0.0000602 seconds
[2020-01-13T13:42:32.195+0000][1][safepoint    ] Entering safepoint region: RevokeBias
[2020-01-13T13:42:32.195+0000][1][safepoint    ] Leaving safepoint region
[2020-01-13T13:42:32.195+0000][1][safepoint    ] Total time for which application threads were stopped: 0.0000394 seconds, Stopping threads took: 0.0000125 seconds
[2020-01-13T13:42:32.195+0000][1][safepoint    ] Application time: 0.0000311 seconds
[2020-01-13T13:42:32.195+0000][1][safepoint    ] Entering safepoint region: RevokeBias
[2020-01-13T13:42:32.196+0000][1][safepoint    ] Leaving safepoint region
[2020-01-13T13:42:32.196+0000][1][safepoint    ] Total time for which application threads were stopped: 0.0000371 seconds, Stopping threads took: 0.0000123 seconds
[2020-01-13T13:42:32.196+0000][1][safepoint    ] Application time: 0.0000415 seconds
[2020-01-13T13:42:32.196+0000][1][safepoint    ] Entering safepoint region: RevokeBias
[2020-01-13T13:42:32.196+0000][1][safepoint    ] Leaving safepoint region
[2020-01-13T13:42:32.196+0000][1][safepoint    ] Total time for which application threads were stopped: 0.0000405 seconds, Stopping threads took: 0.0000123 seconds
[2020-01-13T13:42:32.196+0000][1][safepoint    ] Application time: 0.0000270 seconds
[2020-01-13T13:42:32.196+0000][1][safepoint    ] Entering safepoint region: RevokeBias
[2020-01-13T13:42:32.196+0000][1][safepoint    ] Leaving safepoint region
[2020-01-13T13:42:32.196+0000][1][safepoint    ] Total time for which application threads were stopped: 0.0000418 seconds, Stopping threads took: 0.0000122 seconds
[2020-01-13T13:42:32.196+0000][1][safepoint    ] Application time: 0.0001121 seconds
[2020-01-13T13:42:32.196+0000][1][safepoint    ] Entering safepoint region: RevokeBias
[2020-01-13T13:42:32.196+0000][1][safepoint    ] Leaving safepoint region
[2020-01-13T13:42:32.196+0000][1][safepoint    ] Total time for which application threads were stopped: 0.0000379 seconds, Stopping threads took: 0.0000126 seconds
[2020-01-13T13:42:32.196+0000][1][safepoint    ] Application time: 0.0001062 seconds
[2020-01-13T13:42:32.196+0000][1][safepoint    ] Entering safepoint region: RevokeBias
[2020-01-13T13:42:32.196+0000][1][safepoint    ] Leaving safepoint region
[2020-01-13T13:42:32.196+0000][1][safepoint    ] Total time for which application threads were stopped: 0.0000301 seconds, Stopping threads took: 0.0000054 seconds
[2020-01-13T13:42:32.196+0000][1][safepoint    ] Application time: 0.0000211 seconds
[2020-01-13T13:42:32.196+0000][1][safepoint    ] Entering safepoint region: RevokeBias
[2020-01-13T13:42:32.196+0000][1][safepoint    ] Leaving safepoint region
[2020-01-13T13:42:32.196+0000][1][safepoint    ] Total time for which application threads were stopped: 0.0000495 seconds, Stopping threads took: 0.0000124 seconds
[2020-01-13T13:42:32.196+0000][1][safepoint    ] Application time: 0.0003153 seconds
[2020-01-13T13:42:32.196+0000][1][safepoint    ] Entering safepoint region: RevokeBias
[2020-01-13T13:42:32.196+0000][1][safepoint    ] Leaving safepoint region
[2020-01-13T13:42:32.196+0000][1][safepoint    ] Total time for which application threads were stopped: 0.0000534 seconds, Stopping threads took: 0.0000145 seconds
[2020-01-13T13:42:32.196+0000][1][safepoint    ] Application time: 0.0000229 seconds
[2020-01-13T13:42:32.197+0000][1][safepoint    ] Entering safepoint region: RevokeBias
[2020-01-13T13:42:32.197+0000][1][safepoint    ] Leaving safepoint region
[2020-01-13T13:42:32.197+0000][1][safepoint    ] Total time for which application threads were stopped: 0.0000372 seconds, Stopping threads took: 0.0000123 seconds
[2020-01-13T13:42:32.197+0000][1][safepoint    ] Application time: 0.0000261 seconds
[2020-01-13T13:42:32.197+0000][1][safepoint    ] Entering safepoint region: RevokeBias
[2020-01-13T13:42:32.197+0000][1][safepoint    ] Leaving safepoint region
[2020-01-13T13:42:32.197+0000][1][safepoint    ] Total time for which application threads were stopped: 0.0000285 seconds, Stopping threads took: 0.0000051 seconds
[2020-01-13T13:42:32.197+0000][1][safepoint    ] Application time: 0.0000193 seconds
[2020-01-13T13:42:32.197+0000][1][safepoint    ] Entering safepoint region: RevokeBias
[2020-01-13T13:42:32.197+0000][1][safepoint    ] Leaving safepoint region
[2020-01-13T13:42:32.197+0000][1][safepoint    ] Total time for which application threads were stopped: 0.0000282 seconds, Stopping threads took: 0.0000051 seconds
[2020-01-13T13:42:32.197+0000][1][safepoint    ] Application time: 0.0000193 seconds
[2020-01-13T13:42:32.197+0000][1][safepoint    ] Entering safepoint region: RevokeBias
[2020-01-13T13:42:32.197+0000][1][safepoint    ] Leaving safepoint region
[2020-01-13T13:42:32.197+0000][1][safepoint    ] Total time for which application threads were stopped: 0.0000281 seconds, Stopping threads took: 0.0000050 seconds
[2020-01-13T13:42:32.197+0000][1][safepoint    ] Application time: 0.0000188 seconds
[2020-01-13T13:42:32.197+0000][1][safepoint    ] Entering safepoint region: RevokeBias
[2020-01-13T13:42:32.197+0000][1][safepoint    ] Leaving safepoint region
[2020-01-13T13:42:32.197+0000][1][safepoint    ] Total time for which application threads were stopped: 0.0000279 seconds, Stopping threads took: 0.0000050 seconds
[2020-01-13T13:42:32.197+0000][1][safepoint    ] Application time: 0.0000199 seconds
[2020-01-13T13:42:32.197+0000][1][safepoint    ] Entering safepoint region: RevokeBias
[2020-01-13T13:42:32.197+0000][1][safepoint    ] Leaving safepoint region
[2020-01-13T13:42:32.197+0000][1][safepoint    ] Total time for which application threads were stopped: 0.0000279 seconds, Stopping threads took: 0.0000050 seconds
[2020-01-13T13:42:32.197+0000][1][safepoint    ] Application time: 0.0000187 seconds
[2020-01-13T13:42:32.197+0000][1][safepoint    ] Entering safepoint region: RevokeBias
[2020-01-13T13:42:32.197+0000][1][safepoint    ] Leaving safepoint region
[2020-01-13T13:42:32.197+0000][1][safepoint    ] Total time for which application threads were stopped: 0.0000381 seconds, Stopping threads took: 0.0000049 seconds
[2020-01-13T13:42:32.197+0000][1][safepoint    ] Application time: 0.0000196 seconds
[2020-01-13T13:42:32.197+0000][1][safepoint    ] Entering safepoint region: RevokeBias
[2020-01-13T13:42:32.197+0000][1][safepoint    ] Leaving safepoint region
[2020-01-13T13:42:32.197+0000][1][safepoint    ] Total time for which application threads were stopped: 0.0000284 seconds, Stopping threads took: 0.0000050 seconds
[2020-01-13T13:42:32.197+0000][1][safepoint    ] Application time: 0.0000195 seconds
[2020-01-13T13:42:32.197+0000][1][safepoint    ] Entering safepoint region: RevokeBias
[2020-01-13T13:42:32.197+0000][1][safepoint    ] Leaving safepoint region
[2020-01-13T13:42:32.197+0000][1][safepoint    ] Total time for which application threads were stopped: 0.0000277 seconds, Stopping threads took: 0.0000051 seconds
[2020-01-13T13:42:32.197+0000][1][safepoint    ] Application time: 0.0000198 seconds
[2020-01-13T13:42:32.197+0000][1][safepoint    ] Entering safepoint region: RevokeBias
[2020-01-13T13:42:32.197+0000][1][safepoint    ] Leaving safepoint region
[2020-01-13T13:42:32.197+0000][1][safepoint    ] Total time for which application threads were stopped: 0.0000283 seconds, Stopping threads took: 0.0000051 seconds
[2020-01-13T13:42:32.197+0000][1][safepoint    ] Application time: 0.0000187 seconds
[2020-01-13T13:42:32.197+0000][1][safepoint    ] Entering safepoint region: RevokeBias
[2020-01-13T13:42:32.197+0000][1][safepoint    ] Leaving safepoint region
[2020-01-13T13:42:32.197+0000][1][safepoint    ] Total time for which application threads were stopped: 0.0000278 seconds, Stopping threads took: 0.0000051 seconds
[2020-01-13T13:42:32.197+0000][1][safepoint    ] Application time: 0.0000189 seconds
[2020-01-13T13:42:32.197+0000][1][safepoint    ] Entering safepoint region: RevokeBias
[2020-01-13T13:42:32.197+0000][1][safepoint    ] Leaving safepoint region
[2020-01-13T13:42:32.197+0000][1][safepoint    ] Total time for which application threads were stopped: 0.0000279 seconds, Stopping threads took: 0.0000051 seconds
[2020-01-13T13:42:32.197+0000][1][safepoint    ] Application time: 0.0000191 seconds
[2020-01-13T13:42:32.197+0000][1][safepoint    ] Entering safepoint region: RevokeBias
[2020-01-13T13:42:32.197+0000][1][safepoint    ] Leaving safepoint region
[2020-01-13T13:42:32.197+0000][1][safepoint    ] Total time for which application threads were stopped: 0.0000384 seconds, Stopping threads took: 0.0000050 seconds
[2020-01-13T13:42:32.197+0000][1][safepoint    ] Application time: 0.0000202 seconds
[2020-01-13T13:42:32.197+0000][1][safepoint    ] Entering safepoint region: RevokeBias
[2020-01-13T13:42:32.197+0000][1][safepoint    ] Leaving safepoint region
[2020-01-13T13:42:32.197+0000][1][safepoint    ] Total time for which application threads were stopped: 0.0000287 seconds, Stopping threads took: 0.0000052 seconds
[2020-01-13T13:42:32.197+0000][1][safepoint    ] Application time: 0.0000197 seconds
[2020-01-13T13:42:32.197+0000][1][safepoint    ] Entering safepoint region: RevokeBias
[2020-01-13T13:42:32.197+0000][1][safepoint    ] Leaving safepoint region
[2020-01-13T13:42:32.197+0000][1][safepoint    ] Total time for which application threads were stopped: 0.0000279 seconds, Stopping threads took: 0.0000051 seconds
[2020-01-13T13:42:32.197+0000][1][safepoint    ] Application time: 0.0000201 seconds
[2020-01-13T13:42:32.197+0000][1][safepoint    ] Entering safepoint region: RevokeBias
[2020-01-13T13:42:32.197+0000][1][safepoint    ] Leaving safepoint region
[2020-01-13T13:42:32.197+0000][1][safepoint    ] Total time for which application threads were stopped: 0.0000336 seconds, Stopping threads took: 0.0000051 seconds
[2020-01-13T13:42:32.197+0000][1][safepoint    ] Application time: 0.0000198 seconds
[2020-01-13T13:42:32.197+0000][1][safepoint    ] Entering safepoint region: RevokeBias
[2020-01-13T13:42:32.197+0000][1][safepoint    ] Leaving safepoint region
[2020-01-13T13:42:32.197+0000][1][safepoint    ] Total time for which application threads were stopped: 0.0000281 seconds, Stopping threads took: 0.0000051 seconds
[2020-01-13T13:42:32.198+0000][1][safepoint    ] Application time: 0.0000198 seconds
[2020-01-13T13:42:32.198+0000][1][safepoint    ] Entering safepoint region: BulkRevokeBias
[2020-01-13T13:42:32.198+0000][1][safepoint    ] Leaving safepoint region
[2020-01-13T13:42:32.198+0000][1][safepoint    ] Total time for which application threads were stopped: 0.0000914 seconds, Stopping threads took: 0.0000052 seconds
[2020-01-13T13:42:32.200+0000][1][safepoint    ] Application time: 0.0026685 seconds
[2020-01-13T13:42:32.203+0000][1][safepoint    ] Entering safepoint region: RevokeBias
[2020-01-13T13:42:32.203+0000][1][safepoint    ] Leaving safepoint region
[2020-01-13T13:42:32.203+0000][1][safepoint    ] Total time for which application threads were stopped: 0.0025877 seconds, Stopping threads took: 0.0025065 seconds
[2020-01-13T13:42:32.203+0000][1][safepoint    ] Application time: 0.0000618 seconds
[2020-01-13T13:42:32.203+0000][1][safepoint    ] Entering safepoint region: RevokeBias
[2020-01-13T13:42:32.203+0000][1][safepoint    ] Leaving safepoint region
[2020-01-13T13:42:32.203+0000][1][safepoint    ] Total time for which application threads were stopped: 0.0000412 seconds, Stopping threads took: 0.0000059 seconds
[2020-01-13T13:42:32.203+0000][1][safepoint    ] Application time: 0.0001131 seconds
[2020-01-13T13:42:32.203+0000][1][safepoint    ] Entering safepoint region: RevokeBias
[2020-01-13T13:42:32.203+0000][1][safepoint    ] Leaving safepoint region
[2020-01-13T13:42:32.203+0000][1][safepoint    ] Total time for which application threads were stopped: 0.0000369 seconds, Stopping threads took: 0.0000054 seconds
[2020-01-13T13:42:32.203+0000][1][safepoint    ] Application time: 0.0000264 seconds
[2020-01-13T13:42:32.203+0000][1][safepoint    ] Entering safepoint region: RevokeBias
[2020-01-13T13:42:32.203+0000][1][safepoint    ] Leaving safepoint region
[2020-01-13T13:42:32.203+0000][1][safepoint    ] Total time for which application threads were stopped: 0.0000426 seconds, Stopping threads took: 0.0000050 seconds
[2020-01-13T13:42:32.203+0000][1][safepoint    ] Application time: 0.0000173 seconds
[2020-01-13T13:42:32.203+0000][1][safepoint    ] Entering safepoint region: RevokeBias
[2020-01-13T13:42:32.203+0000][1][safepoint    ] Leaving safepoint region
[2020-01-13T13:42:32.203+0000][1][safepoint    ] Total time for which application threads were stopped: 0.0000272 seconds, Stopping threads took: 0.0000045 seconds
[2020-01-13T13:42:32.203+0000][1][safepoint    ] Application time: 0.0000156 seconds
[2020-01-13T13:42:32.203+0000][1][safepoint    ] Entering safepoint region: RevokeBias
[2020-01-13T13:42:32.203+0000][1][safepoint    ] Leaving safepoint region
[2020-01-13T13:42:32.203+0000][1][safepoint    ] Total time for which application threads were stopped: 0.0000257 seconds, Stopping threads took: 0.0000043 seconds
[2020-01-13T13:42:32.204+0000][1][safepoint    ] Application time: 0.0002054 seconds
[2020-01-13T13:42:32.204+0000][1][safepoint    ] Entering safepoint region: RevokeBias
[2020-01-13T13:42:32.204+0000][1][safepoint    ] Leaving safepoint region
[2020-01-13T13:42:32.204+0000][1][safepoint    ] Total time for which application threads were stopped: 0.0000346 seconds, Stopping threads took: 0.0000051 seconds
[2020-01-13T13:42:32.204+0000][1][safepoint    ] Application time: 0.0000805 seconds
[2020-01-13T13:42:32.204+0000][1][safepoint    ] Entering safepoint region: RevokeBias
[2020-01-13T13:42:32.204+0000][1][safepoint    ] Leaving safepoint region
[2020-01-13T13:42:32.204+0000][1][safepoint    ] Total time for which application threads were stopped: 0.0000313 seconds, Stopping threads took: 0.0000047 seconds
[2020-01-13T13:42:32.204+0000][1][safepoint    ] Application time: 0.0003892 seconds
[2020-01-13T13:42:32.204+0000][1][safepoint    ] Entering safepoint region: RevokeBias
[2020-01-13T13:42:32.204+0000][1][safepoint    ] Leaving safepoint region
[2020-01-13T13:42:32.204+0000][1][safepoint    ] Total time for which application threads were stopped: 0.0000561 seconds, Stopping threads took: 0.0000069 seconds
[2020-01-13T13:42:32.205+0000][1][safepoint    ] Application time: 0.0003606 seconds
[2020-01-13T13:42:32.205+0000][1][safepoint    ] Entering safepoint region: RevokeBias
[2020-01-13T13:42:32.205+0000][1][safepoint    ] Leaving safepoint region
[2020-01-13T13:42:32.205+0000][1][safepoint    ] Total time for which application threads were stopped: 0.0000525 seconds, Stopping threads took: 0.0000071 seconds
[2020-01-13T13:42:32.205+0000][1][safepoint    ] Application time: 0.0000815 seconds
[2020-01-13T13:42:32.205+0000][1][safepoint    ] Entering safepoint region: RevokeBias
[2020-01-13T13:42:32.205+0000][1][safepoint    ] Leaving safepoint region
[2020-01-13T13:42:32.205+0000][1][safepoint    ] Total time for which application threads were stopped: 0.0000379 seconds, Stopping threads took: 0.0000058 seconds
[2020-01-13T13:42:32.205+0000][1][safepoint    ] Application time: 0.0000241 seconds
[2020-01-13T13:42:32.205+0000][1][safepoint    ] Entering safepoint region: RevokeBias
[2020-01-13T13:42:32.205+0000][1][safepoint    ] Leaving safepoint region
[2020-01-13T13:42:32.205+0000][1][safepoint    ] Total time for which application threads were stopped: 0.0000322 seconds, Stopping threads took: 0.0000053 seconds
[2020-01-13T13:42:32.205+0000][1][safepoint    ] Application time: 0.0001532 seconds
[2020-01-13T13:42:32.205+0000][1][safepoint    ] Entering safepoint region: RevokeBias
[2020-01-13T13:42:32.205+0000][1][safepoint    ] Leaving safepoint region
[2020-01-13T13:42:32.205+0000][1][safepoint    ] Total time for which application threads were stopped: 0.0000450 seconds, Stopping threads took: 0.0000060 seconds
[2020-01-13T13:42:32.205+0000][1][safepoint    ] Application time: 0.0000467 seconds
[2020-01-13T13:42:32.205+0000][1][safepoint    ] Entering safepoint region: RevokeBias
[2020-01-13T13:42:32.205+0000][1][safepoint    ] Leaving safepoint region
[2020-01-13T13:42:32.205+0000][1][safepoint    ] Total time for which application threads were stopped: 0.0000360 seconds, Stopping threads took: 0.0000055 seconds
[2020-01-13T13:42:32.206+0000][1][safepoint    ] Application time: 0.0011927 seconds
[2020-01-13T13:42:32.206+0000][1][safepoint    ] Entering safepoint region: RevokeBias
[2020-01-13T13:42:32.206+0000][1][safepoint    ] Leaving safepoint region
[2020-01-13T13:42:32.206+0000][1][safepoint    ] Total time for which application threads were stopped: 0.0000734 seconds, Stopping threads took: 0.0000213 seconds
[2020-01-13T13:42:32.209+0000][1][safepoint    ] Application time: 0.0028671 seconds
[2020-01-13T13:42:32.216+0000][1][safepoint    ] Entering safepoint region: RevokeBias
[2020-01-13T13:42:32.216+0000][1][safepoint    ] Leaving safepoint region
[2020-01-13T13:42:32.216+0000][1][safepoint    ] Total time for which application threads were stopped: 0.0063493 seconds, Stopping threads took: 0.0062803 seconds
[2020-01-13T13:42:32.216+0000][1][safepoint    ] Application time: 0.0000409 seconds
[2020-01-13T13:42:32.216+0000][1][safepoint    ] Entering safepoint region: RevokeBias
[2020-01-13T13:42:32.216+0000][1][safepoint    ] Leaving safepoint region
[2020-01-13T13:42:32.216+0000][1][safepoint    ] Total time for which application threads were stopped: 0.0000403 seconds, Stopping threads took: 0.0000052 seconds
[2020-01-13T13:42:32.218+0000][1][safepoint    ] Application time: 0.0019681 seconds
[2020-01-13T13:42:32.218+0000][1][safepoint    ] Entering safepoint region: RevokeBias
[2020-01-13T13:42:32.218+0000][1][safepoint    ] Leaving safepoint region
[2020-01-13T13:42:32.218+0000][1][safepoint    ] Total time for which application threads were stopped: 0.0000866 seconds, Stopping threads took: 0.0000170 seconds
[2020-01-13T13:42:32.218+0000][1][safepoint    ] Application time: 0.0000454 seconds
[2020-01-13T13:42:32.218+0000][1][safepoint    ] Entering safepoint region: RevokeBias
[2020-01-13T13:42:32.218+0000][1][safepoint    ] Leaving safepoint region
[2020-01-13T13:42:32.218+0000][1][safepoint    ] Total time for which application threads were stopped: 0.0000390 seconds, Stopping threads took: 0.0000055 seconds
[2020-01-13T13:42:32.218+0000][1][safepoint    ] Application time: 0.0001742 seconds
[2020-01-13T13:42:32.218+0000][1][safepoint    ] Entering safepoint region: RevokeBias
[2020-01-13T13:42:32.218+0000][1][safepoint    ] Leaving safepoint region
[2020-01-13T13:42:32.218+0000][1][safepoint    ] Total time for which application threads were stopped: 0.0000462 seconds, Stopping threads took: 0.0000139 seconds
[2020-01-13T13:42:32.938+0000][1][safepoint    ] Application time: 0.7197461 seconds
[2020-01-13T13:42:32.943+0000][1][safepoint    ] Entering safepoint region: GenCollectForAllocation
[2020-01-13T13:42:32.943+0000][1][gc,start     ] GC(20) Pause Young (Allocation Failure)
[2020-01-13T13:42:32.943+0000][1][gc,task      ] GC(20) Using 1 workers of 1 for evacuation
[2020-01-13T13:42:32.998+0000][1][gc,age       ] GC(20) Desired survivor size 4358144 bytes, new threshold 2 (max threshold 6)
[2020-01-13T13:42:33.002+0000][1][gc,age       ] GC(20) Age table with threshold 2 (max threshold 6)
[2020-01-13T13:42:33.002+0000][1][gc,age       ] GC(20) - age   1:    1319400 bytes,    1319400 total
[2020-01-13T13:42:33.002+0000][1][gc,age       ] GC(20) - age   2:    3314232 bytes,    4633632 total
[2020-01-13T13:42:33.002+0000][1][gc,heap      ] GC(20) ParNew: 76672K->6239K(76672K)
[2020-01-13T13:42:33.002+0000][1][gc,heap      ] GC(20) CMS: 54079K->58041K(176960K)
[2020-01-13T13:42:33.002+0000][1][gc,metaspace ] GC(20) Metaspace: 50519K->50519K(1095680K)
[2020-01-13T13:42:33.002+0000][1][gc           ] GC(20) Pause Young (Allocation Failure) 127M->62M(247M) 58.974ms
[2020-01-13T13:42:33.002+0000][1][gc,cpu       ] GC(20) User=0.06s Sys=0.00s Real=0.06s
[2020-01-13T13:42:33.002+0000][1][safepoint    ] Leaving safepoint region
[2020-01-13T13:42:33.002+0000][1][safepoint    ] Total time for which application threads were stopped: 0.0644434 seconds, Stopping threads took: 0.0053118 seconds
[2020-01-13T13:42:33.006+0000][1][safepoint    ] Application time: 0.0038281 seconds
[2020-01-13T13:42:33.006+0000][1][safepoint    ] Entering safepoint region: RevokeBias
[2020-01-13T13:42:33.006+0000][1][safepoint    ] Leaving safepoint region
[2020-01-13T13:42:33.006+0000][1][safepoint    ] Total time for which application threads were stopped: 0.0001118 seconds, Stopping threads took: 0.0000129 seconds
[2020-01-13T13:42:33.007+0000][1][safepoint    ] Application time: 0.0008862 seconds
[2020-01-13T13:42:33.007+0000][1][safepoint    ] Entering safepoint region: RevokeBias
[2020-01-13T13:42:33.007+0000][1][safepoint    ] Leaving safepoint region
[2020-01-13T13:42:33.007+0000][1][safepoint    ] Total time for which application threads were stopped: 0.0000853 seconds, Stopping threads took: 0.0000101 seconds
[2020-01-13T13:42:33.007+0000][1][safepoint    ] Application time: 0.0000236 seconds
[2020-01-13T13:42:33.007+0000][1][safepoint    ] Entering safepoint region: RevokeBias
[2020-01-13T13:42:33.007+0000][1][safepoint    ] Leaving safepoint region
[2020-01-13T13:42:33.007+0000][1][safepoint    ] Total time for which application threads were stopped: 0.0000368 seconds, Stopping threads took: 0.0000056 seconds
[2020-01-13T13:42:33.008+0000][1][safepoint    ] Application time: 0.0000220 seconds
[2020-01-13T13:42:33.008+0000][1][safepoint    ] Entering safepoint region: RevokeBias
[2020-01-13T13:42:33.008+0000][1][safepoint    ] Leaving safepoint region
[2020-01-13T13:42:33.008+0000][1][safepoint    ] Total time for which application threads were stopped: 0.0000315 seconds, Stopping threads took: 0.0000055 seconds
[2020-01-13T13:42:33.008+0000][1][safepoint    ] Application time: 0.0000168 seconds
[2020-01-13T13:42:33.008+0000][1][safepoint    ] Entering safepoint region: BulkRevokeBias
[2020-01-13T13:42:33.008+0000][1][safepoint    ] Leaving safepoint region
[2020-01-13T13:42:33.008+0000][1][safepoint    ] Total time for which application threads were stopped: 0.0000957 seconds, Stopping threads took: 0.0000054 seconds
[2020-01-13T13:42:33.008+0000][1][safepoint    ] Application time: 0.0004250 seconds
[2020-01-13T13:42:33.008+0000][1][safepoint    ] Entering safepoint region: RevokeBias
[2020-01-13T13:42:33.008+0000][1][safepoint    ] Leaving safepoint region
[2020-01-13T13:42:33.008+0000][1][safepoint    ] Total time for which application threads were stopped: 0.0000805 seconds, Stopping threads took: 0.0000084 seconds
[2020-01-13T13:42:33.008+0000][1][safepoint    ] Application time: 0.0000254 seconds
[2020-01-13T13:42:33.008+0000][1][safepoint    ] Entering safepoint region: RevokeBias
[2020-01-13T13:42:33.008+0000][1][safepoint    ] Leaving safepoint region
[2020-01-13T13:42:33.008+0000][1][safepoint    ] Total time for which application threads were stopped: 0.0000585 seconds, Stopping threads took: 0.0000055 seconds
[2020-01-13T13:42:33.075+0000][1][safepoint    ] Application time: 0.0662862 seconds
[2020-01-13T13:42:33.075+0000][1][safepoint    ] Entering safepoint region: RevokeBias
[2020-01-13T13:42:33.075+0000][1][safepoint    ] Leaving safepoint region
[2020-01-13T13:42:33.075+0000][1][safepoint    ] Total time for which application threads were stopped: 0.0003773 seconds, Stopping threads took: 0.0003195 seconds
[2020-01-13T13:42:33.354+0000][1][safepoint    ] Application time: 0.2785064 seconds
[2020-01-13T13:42:33.357+0000][1][safepoint    ] Entering safepoint region: RevokeBias
[2020-01-13T13:42:33.357+0000][1][safepoint    ] Leaving safepoint region
[2020-01-13T13:42:33.357+0000][1][safepoint    ] Total time for which application threads were stopped: 0.0038196 seconds, Stopping threads took: 0.0037349 seconds
[2020-01-13T13:42:33.401+0000][1][safepoint    ] Application time: 0.0436374 seconds
[2020-01-13T13:42:33.402+0000][1][safepoint    ] Entering safepoint region: RevokeBias
[2020-01-13T13:42:33.403+0000][1][safepoint    ] Leaving safepoint region
[2020-01-13T13:42:33.403+0000][1][safepoint    ] Total time for which application threads were stopped: 0.0014488 seconds, Stopping threads took: 0.0013898 seconds
[2020-01-13T13:42:33.602+0000][1][safepoint    ] Application time: 0.1993592 seconds
[2020-01-13T13:42:33.602+0000][1][safepoint    ] Entering safepoint region: RevokeBias
[2020-01-13T13:42:33.602+0000][1][safepoint    ] Leaving safepoint region
[2020-01-13T13:42:33.602+0000][1][safepoint    ] Total time for which application threads were stopped: 0.0001269 seconds, Stopping threads took: 0.0000244 seconds
[2020-01-13T13:42:33.694+0000][1][safepoint    ] Application time: 0.0915906 seconds
[2020-01-13T13:42:33.694+0000][1][safepoint    ] Entering safepoint region: RevokeBias
[2020-01-13T13:42:33.694+0000][1][safepoint    ] Leaving safepoint region
[2020-01-13T13:42:33.694+0000][1][safepoint    ] Total time for which application threads were stopped: 0.0007160 seconds, Stopping threads took: 0.0000278 seconds
[2020-01-13T13:42:34.081+0000][1][safepoint    ] Application time: 0.3861157 seconds
[2020-01-13T13:42:34.081+0000][1][safepoint    ] Entering safepoint region: RevokeBias
[2020-01-13T13:42:34.081+0000][1][safepoint    ] Leaving safepoint region
[2020-01-13T13:42:34.081+0000][1][safepoint    ] Total time for which application threads were stopped: 0.0008340 seconds, Stopping threads took: 0.0000544 seconds
[2020-01-13T13:42:34.081+0000][1][safepoint    ] Application time: 0.0000441 seconds
[2020-01-13T13:42:34.082+0000][1][safepoint    ] Entering safepoint region: RevokeBias
[2020-01-13T13:42:34.082+0000][1][safepoint    ] Leaving safepoint region
[2020-01-13T13:42:34.082+0000][1][safepoint    ] Total time for which application threads were stopped: 0.0000494 seconds, Stopping threads took: 0.0000154 seconds
[2020-01-13T13:42:34.082+0000][1][safepoint    ] Application time: 0.0000528 seconds
[2020-01-13T13:42:34.082+0000][1][safepoint    ] Entering safepoint region: RevokeBias
[2020-01-13T13:42:34.082+0000][1][safepoint    ] Leaving safepoint region
[2020-01-13T13:42:34.082+0000][1][safepoint    ] Total time for which application threads were stopped: 0.0000287 seconds, Stopping threads took: 0.0000128 seconds
[2020-01-13T13:42:34.100+0000][1][safepoint    ] Application time: 0.0184973 seconds
[2020-01-13T13:42:34.102+0000][1][safepoint    ] Entering safepoint region: Deoptimize
[2020-01-13T13:42:34.102+0000][1][safepoint    ] Leaving safepoint region
[2020-01-13T13:42:34.102+0000][1][safepoint    ] Total time for which application threads were stopped: 0.0022930 seconds, Stopping threads took: 0.0015018 seconds
[2020-01-13T13:42:34.199+0000][1][safepoint    ] Application time: 0.0962534 seconds
[2020-01-13T13:42:34.199+0000][1][safepoint    ] Entering safepoint region: RevokeBias
[2020-01-13T13:42:34.199+0000][1][safepoint    ] Leaving safepoint region
[2020-01-13T13:42:34.199+0000][1][safepoint    ] Total time for which application threads were stopped: 0.0001424 seconds, Stopping threads took: 0.0000272 seconds
[2020-01-13T13:42:34.199+0000][1][safepoint    ] Application time: 0.0000776 seconds
[2020-01-13T13:42:34.199+0000][1][safepoint    ] Entering safepoint region: RevokeBias
[2020-01-13T13:42:34.199+0000][1][safepoint    ] Leaving safepoint region
[2020-01-13T13:42:34.199+0000][1][safepoint    ] Total time for which application threads were stopped: 0.0000432 seconds, Stopping threads took: 0.0000137 seconds
[2020-01-13T13:42:34.199+0000][1][safepoint    ] Application time: 0.0000915 seconds
[2020-01-13T13:42:34.199+0000][1][safepoint    ] Entering safepoint region: RevokeBias
[2020-01-13T13:42:34.199+0000][1][safepoint    ] Leaving safepoint region
[2020-01-13T13:42:34.199+0000][1][safepoint    ] Total time for which application threads were stopped: 0.0000546 seconds, Stopping threads took: 0.0000281 seconds
[2020-01-13T13:42:34.207+0000][1][safepoint    ] Application time: 0.0078029 seconds
[2020-01-13T13:42:34.207+0000][1][safepoint    ] Entering safepoint region: RevokeBias
[2020-01-13T13:42:34.207+0000][1][safepoint    ] Leaving safepoint region
[2020-01-13T13:42:34.207+0000][1][safepoint    ] Total time for which application threads were stopped: 0.0002210 seconds, Stopping threads took: 0.0001449 seconds
[2020-01-13T13:42:34.661+0000][1][safepoint    ] Application time: 0.4534817 seconds
[2020-01-13T13:42:34.661+0000][1][safepoint    ] Entering safepoint region: Deoptimize
[2020-01-13T13:42:34.663+0000][1][safepoint    ] Leaving safepoint region
[2020-01-13T13:42:34.663+0000][1][safepoint    ] Total time for which application threads were stopped: 0.0022899 seconds, Stopping threads took: 0.0000355 seconds
[2020-01-13T13:42:34.774+0000][1][safepoint    ] Application time: 0.1111223 seconds
[2020-01-13T13:42:34.774+0000][1][safepoint    ] Entering safepoint region: RevokeBias
[2020-01-13T13:42:34.774+0000][1][safepoint    ] Leaving safepoint region
[2020-01-13T13:42:34.774+0000][1][safepoint    ] Total time for which application threads were stopped: 0.0001463 seconds, Stopping threads took: 0.0000768 seconds
[2020-01-13T13:42:34.849+0000][1][safepoint    ] Application time: 0.0745948 seconds
[2020-01-13T13:42:34.850+0000][1][safepoint    ] Entering safepoint region: GenCollectForAllocation
[2020-01-13T13:42:34.850+0000][1][gc,start     ] GC(21) Pause Young (Allocation Failure)
[2020-01-13T13:42:34.850+0000][1][gc,task      ] GC(21) Using 1 workers of 1 for evacuation
[2020-01-13T13:42:34.888+0000][1][gc,age       ] GC(21) Desired survivor size 4358144 bytes, new threshold 2 (max threshold 6)
[2020-01-13T13:42:34.888+0000][1][gc,age       ] GC(21) Age table with threshold 2 (max threshold 6)
[2020-01-13T13:42:34.888+0000][1][gc,age       ] GC(21) - age   1:    3343952 bytes,    3343952 total
[2020-01-13T13:42:34.888+0000][1][gc,age       ] GC(21) - age   2:    1271424 bytes,    4615376 total
[2020-01-13T13:42:34.888+0000][1][gc,heap      ] GC(21) ParNew: 74399K->4953K(76672K)
[2020-01-13T13:42:34.888+0000][1][gc,heap      ] GC(21) CMS: 58041K->61372K(176960K)
[2020-01-13T13:42:34.888+0000][1][gc,metaspace ] GC(21) Metaspace: 58691K->58691K(1101824K)
[2020-01-13T13:42:34.888+0000][1][gc           ] GC(21) Pause Young (Allocation Failure) 129M->64M(247M) 37.920ms
[2020-01-13T13:42:34.888+0000][1][gc,cpu       ] GC(21) User=0.04s Sys=0.00s Real=0.04s
[2020-01-13T13:42:34.888+0000][1][safepoint    ] Leaving safepoint region
[2020-01-13T13:42:34.888+0000][1][safepoint    ] Total time for which application threads were stopped: 0.0392732 seconds, Stopping threads took: 0.0012191 seconds
[2020-01-13T13:42:34.898+0000][1][safepoint    ] Application time: 0.0095631 seconds
[2020-01-13T13:42:34.898+0000][1][safepoint    ] Entering safepoint region: RevokeBias
[2020-01-13T13:42:34.898+0000][1][safepoint    ] Leaving safepoint region
[2020-01-13T13:42:34.898+0000][1][safepoint    ] Total time for which application threads were stopped: 0.0000910 seconds, Stopping threads took: 0.0000132 seconds
[2020-01-13T13:42:34.898+0000][1][safepoint    ] Application time: 0.0000252 seconds
[2020-01-13T13:42:34.898+0000][1][safepoint    ] Entering safepoint region: RevokeBias
[2020-01-13T13:42:34.898+0000][1][safepoint    ] Leaving safepoint region
[2020-01-13T13:42:34.898+0000][1][safepoint    ] Total time for which application threads were stopped: 0.0000395 seconds, Stopping threads took: 0.0000183 seconds
[2020-01-13T13:42:34.898+0000][1][safepoint    ] Application time: 0.0000172 seconds
[2020-01-13T13:42:34.898+0000][1][safepoint    ] Entering safepoint region: RevokeBias
[2020-01-13T13:42:34.898+0000][1][safepoint    ] Leaving safepoint region
[2020-01-13T13:42:34.898+0000][1][safepoint    ] Total time for which application threads were stopped: 0.0000227 seconds, Stopping threads took: 0.0000053 seconds
[2020-01-13T13:42:34.898+0000][1][safepoint    ] Application time: 0.0000149 seconds
[2020-01-13T13:42:34.898+0000][1][safepoint    ] Entering safepoint region: RevokeBias
[2020-01-13T13:42:34.898+0000][1][safepoint    ] Leaving safepoint region
[2020-01-13T13:42:34.898+0000][1][safepoint    ] Total time for which application threads were stopped: 0.0000223 seconds, Stopping threads took: 0.0000052 seconds
[2020-01-13T13:42:34.898+0000][1][safepoint    ] Application time: 0.0000273 seconds
[2020-01-13T13:42:34.898+0000][1][safepoint    ] Entering safepoint region: RevokeBias
[2020-01-13T13:42:34.898+0000][1][safepoint    ] Leaving safepoint region
[2020-01-13T13:42:34.898+0000][1][safepoint    ] Total time for which application threads were stopped: 0.0000227 seconds, Stopping threads took: 0.0000053 seconds
[2020-01-13T13:42:35.087+0000][1][safepoint    ] Application time: 0.1882500 seconds
[2020-01-13T13:42:35.090+0000][1][safepoint    ] Entering safepoint region: RevokeBias
[2020-01-13T13:42:35.090+0000][1][safepoint    ] Leaving safepoint region
[2020-01-13T13:42:35.090+0000][1][safepoint    ] Total time for which application threads were stopped: 0.0038182 seconds, Stopping threads took: 0.0037246 seconds
[2020-01-13T13:42:35.504+0000][1][safepoint    ] Application time: 0.4131219 seconds
[2020-01-13T13:42:35.507+0000][1][safepoint    ] Entering safepoint region: RevokeBias
[2020-01-13T13:42:35.507+0000][1][safepoint    ] Leaving safepoint region
[2020-01-13T13:42:35.507+0000][1][safepoint    ] Total time for which application threads were stopped: 0.0038577 seconds, Stopping threads took: 0.0037311 seconds
[2020-01-13T13:42:35.616+0000][1][safepoint    ] Application time: 0.1085087 seconds
[2020-01-13T13:42:35.616+0000][1][safepoint    ] Entering safepoint region: RevokeBias
[2020-01-13T13:42:35.616+0000][1][safepoint    ] Leaving safepoint region
[2020-01-13T13:42:35.616+0000][1][safepoint    ] Total time for which application threads were stopped: 0.0001039 seconds, Stopping threads took: 0.0000250 seconds
[2020-01-13T13:42:35.616+0000][1][safepoint    ] Application time: 0.0000392 seconds
[2020-01-13T13:42:35.616+0000][1][safepoint    ] Entering safepoint region: RevokeBias
[2020-01-13T13:42:35.616+0000][1][safepoint    ] Leaving safepoint region
[2020-01-13T13:42:35.616+0000][1][safepoint    ] Total time for which application threads were stopped: 0.0000345 seconds, Stopping threads took: 0.0000130 seconds
[2020-01-13T13:42:35.616+0000][1][safepoint    ] Application time: 0.0001273 seconds
[2020-01-13T13:42:35.616+0000][1][safepoint    ] Entering safepoint region: RevokeBias
[2020-01-13T13:42:35.616+0000][1][safepoint    ] Leaving safepoint region
[2020-01-13T13:42:35.616+0000][1][safepoint    ] Total time for which application threads were stopped: 0.0000331 seconds, Stopping threads took: 0.0000132 seconds
[2020-01-13T13:42:35.616+0000][1][safepoint    ] Application time: 0.0000584 seconds
[2020-01-13T13:42:35.620+0000][1][safepoint    ] Entering safepoint region: RevokeBias
[2020-01-13T13:42:35.620+0000][1][safepoint    ] Leaving safepoint region
[2020-01-13T13:42:35.620+0000][1][safepoint    ] Total time for which application threads were stopped: 0.0039224 seconds, Stopping threads took: 0.0038667 seconds
[2020-01-13T13:42:35.620+0000][1][safepoint    ] Application time: 0.0000680 seconds
[2020-01-13T13:42:35.620+0000][1][safepoint    ] Entering safepoint region: RevokeBias
[2020-01-13T13:42:35.620+0000][1][safepoint    ] Leaving safepoint region
[2020-01-13T13:42:35.620+0000][1][safepoint    ] Total time for which application threads were stopped: 0.0000431 seconds, Stopping threads took: 0.0000239 seconds
[2020-01-13T13:42:35.620+0000][1][safepoint    ] Application time: 0.0000185 seconds
[2020-01-13T13:42:35.620+0000][1][safepoint    ] Entering safepoint region: RevokeBias
[2020-01-13T13:42:35.621+0000][1][safepoint    ] Leaving safepoint region
[2020-01-13T13:42:35.621+0000][1][safepoint    ] Total time for which application threads were stopped: 0.0000257 seconds, Stopping threads took: 0.0000106 seconds
[2020-01-13T13:42:35.621+0000][1][safepoint    ] Application time: 0.0000274 seconds
[2020-01-13T13:42:35.621+0000][1][safepoint    ] Entering safepoint region: RevokeBias
[2020-01-13T13:42:35.621+0000][1][safepoint    ] Leaving safepoint region
[2020-01-13T13:42:35.621+0000][1][safepoint    ] Total time for which application threads were stopped: 0.0000253 seconds, Stopping threads took: 0.0000105 seconds
[2020-01-13T13:42:35.621+0000][1][safepoint    ] Application time: 0.0000223 seconds
[2020-01-13T13:42:35.621+0000][1][safepoint    ] Entering safepoint region: RevokeBias
[2020-01-13T13:42:35.621+0000][1][safepoint    ] Leaving safepoint region
[2020-01-13T13:42:35.621+0000][1][safepoint    ] Total time for which application threads were stopped: 0.0000251 seconds, Stopping threads took: 0.0000103 seconds
[2020-01-13T13:42:35.621+0000][1][safepoint    ] Application time: 0.0000409 seconds
[2020-01-13T13:42:35.621+0000][1][safepoint    ] Entering safepoint region: RevokeBias
[2020-01-13T13:42:35.621+0000][1][safepoint    ] Leaving safepoint region
[2020-01-13T13:42:35.621+0000][1][safepoint    ] Total time for which application threads were stopped: 0.0000252 seconds, Stopping threads took: 0.0000104 seconds
[2020-01-13T13:42:35.621+0000][1][safepoint    ] Application time: 0.0000382 seconds
[2020-01-13T13:42:35.621+0000][1][safepoint    ] Entering safepoint region: BulkRevokeBias
[2020-01-13T13:42:35.621+0000][1][safepoint    ] Leaving safepoint region
[2020-01-13T13:42:35.621+0000][1][safepoint    ] Total time for which application threads were stopped: 0.0001950 seconds, Stopping threads took: 0.0000105 seconds
[2020-01-13T13:42:35.705+0000][1][safepoint    ] Application time: 0.0836834 seconds
[2020-01-13T13:42:35.705+0000][1][safepoint    ] Entering safepoint region: Deoptimize
[2020-01-13T13:42:35.705+0000][1][safepoint    ] Leaving safepoint region
[2020-01-13T13:42:35.706+0000][1][safepoint    ] Total time for which application threads were stopped: 0.0008317 seconds, Stopping threads took: 0.0000324 seconds
[2020-01-13T13:42:35.724+0000][1][safepoint    ] Application time: 0.0188720 seconds
[2020-01-13T13:42:35.724+0000][1][safepoint    ] Entering safepoint region: BulkRevokeBias
[2020-01-13T13:42:35.725+0000][1][safepoint    ] Leaving safepoint region
[2020-01-13T13:42:35.725+0000][1][safepoint    ] Total time for which application threads were stopped: 0.0001716 seconds, Stopping threads took: 0.0000229 seconds
[2020-01-13T13:42:35.726+0000][1][safepoint    ] Application time: 0.0012200 seconds
[2020-01-13T13:42:35.729+0000][1][safepoint    ] Entering safepoint region: RevokeBias
[2020-01-13T13:42:35.729+0000][1][safepoint    ] Leaving safepoint region
[2020-01-13T13:42:35.729+0000][1][safepoint    ] Total time for which application threads were stopped: 0.0034811 seconds, Stopping threads took: 0.0034208 seconds
[2020-01-13T13:42:35.730+0000][1][safepoint    ] Application time: 0.0004379 seconds
[2020-01-13T13:42:35.730+0000][1][safepoint    ] Entering safepoint region: RevokeBias
[2020-01-13T13:42:35.730+0000][1][safepoint    ] Leaving safepoint region
[2020-01-13T13:42:35.730+0000][1][safepoint    ] Total time for which application threads were stopped: 0.0000886 seconds, Stopping threads took: 0.0000181 seconds
[2020-01-13T13:42:35.730+0000][1][safepoint    ] Application time: 0.0000335 seconds
[2020-01-13T13:42:35.730+0000][1][safepoint    ] Entering safepoint region: RevokeBias
[2020-01-13T13:42:35.730+0000][1][safepoint    ] Leaving safepoint region
[2020-01-13T13:42:35.730+0000][1][safepoint    ] Total time for which application threads were stopped: 0.0000555 seconds, Stopping threads took: 0.0000275 seconds
[2020-01-13T13:42:35.730+0000][1][safepoint    ] Application time: 0.0001601 seconds
[2020-01-13T13:42:35.730+0000][1][safepoint    ] Entering safepoint region: RevokeBias
[2020-01-13T13:42:35.730+0000][1][safepoint    ] Leaving safepoint region
[2020-01-13T13:42:35.730+0000][1][safepoint    ] Total time for which application threads were stopped: 0.0000482 seconds, Stopping threads took: 0.0000155 seconds
[2020-01-13T13:42:35.730+0000][1][safepoint    ] Application time: 0.0001954 seconds
[2020-01-13T13:42:35.730+0000][1][safepoint    ] Entering safepoint region: RevokeBias
[2020-01-13T13:42:35.730+0000][1][safepoint    ] Leaving safepoint region
[2020-01-13T13:42:35.730+0000][1][safepoint    ] Total time for which application threads were stopped: 0.0000431 seconds, Stopping threads took: 0.0000149 seconds
[2020-01-13T13:42:35.731+0000][1][safepoint    ] Application time: 0.0001658 seconds
[2020-01-13T13:42:35.731+0000][1][safepoint    ] Entering safepoint region: RevokeBias
[2020-01-13T13:42:35.731+0000][1][safepoint    ] Leaving safepoint region
[2020-01-13T13:42:35.731+0000][1][safepoint    ] Total time for which application threads were stopped: 0.0000474 seconds, Stopping threads took: 0.0000144 seconds
[2020-01-13T13:42:35.731+0000][1][safepoint    ] Application time: 0.0000282 seconds
[2020-01-13T13:42:35.731+0000][1][safepoint    ] Entering safepoint region: RevokeBias
[2020-01-13T13:42:35.731+0000][1][safepoint    ] Leaving safepoint region
[2020-01-13T13:42:35.731+0000][1][safepoint    ] Total time for which application threads were stopped: 0.0000374 seconds, Stopping threads took: 0.0000126 seconds
[2020-01-13T13:42:35.732+0000][1][safepoint    ] Application time: 0.0015430 seconds
[2020-01-13T13:42:35.732+0000][1][safepoint    ] Entering safepoint region: RevokeBias
[2020-01-13T13:42:35.732+0000][1][safepoint    ] Leaving safepoint region
[2020-01-13T13:42:35.732+0000][1][safepoint    ] Total time for which application threads were stopped: 0.0000631 seconds, Stopping threads took: 0.0000187 seconds
[2020-01-13T13:42:35.732+0000][1][safepoint    ] Application time: 0.0000629 seconds
[2020-01-13T13:42:35.732+0000][1][safepoint    ] Entering safepoint region: RevokeBias
[2020-01-13T13:42:35.733+0000][1][safepoint    ] Leaving safepoint region
[2020-01-13T13:42:35.733+0000][1][safepoint    ] Total time for which application threads were stopped: 0.0000377 seconds, Stopping threads took: 0.0000130 seconds
[2020-01-13T13:42:35.736+0000][1][safepoint    ] Application time: 0.0036428 seconds
[2020-01-13T13:42:35.736+0000][1][safepoint    ] Entering safepoint region: Deoptimize
[2020-01-13T13:42:35.737+0000][1][safepoint    ] Leaving safepoint region
[2020-01-13T13:42:35.737+0000][1][safepoint    ] Total time for which application threads were stopped: 0.0007764 seconds, Stopping threads took: 0.0000246 seconds
[2020-01-13T13:42:35.738+0000][1][safepoint    ] Application time: 0.0005516 seconds
[2020-01-13T13:42:35.738+0000][1][safepoint    ] Entering safepoint region: RevokeBias
[2020-01-13T13:42:35.738+0000][1][safepoint    ] Leaving safepoint region
[2020-01-13T13:42:35.738+0000][1][safepoint    ] Total time for which application threads were stopped: 0.0000481 seconds, Stopping threads took: 0.0000178 seconds
[2020-01-13T13:42:35.806+0000][1][safepoint    ] Application time: 0.0687187 seconds
[2020-01-13T13:42:35.806+0000][1][safepoint    ] Entering safepoint region: RevokeBias
[2020-01-13T13:42:35.806+0000][1][safepoint    ] Leaving safepoint region
[2020-01-13T13:42:35.806+0000][1][safepoint    ] Total time for which application threads were stopped: 0.0001350 seconds, Stopping threads took: 0.0000301 seconds
[2020-01-13T13:42:35.814+0000][1][safepoint    ] Application time: 0.0079402 seconds
[2020-01-13T13:42:35.815+0000][1][safepoint    ] Entering safepoint region: RevokeBias
[2020-01-13T13:42:35.815+0000][1][safepoint    ] Leaving safepoint region
[2020-01-13T13:42:35.815+0000][1][safepoint    ] Total time for which application threads were stopped: 0.0001298 seconds, Stopping threads took: 0.0000551 seconds
[2020-01-13T13:42:35.815+0000][1][safepoint    ] Application time: 0.0003116 seconds
[2020-01-13T13:42:35.815+0000][1][safepoint    ] Entering safepoint region: RevokeBias
[2020-01-13T13:42:35.815+0000][1][safepoint    ] Leaving safepoint region
[2020-01-13T13:42:35.815+0000][1][safepoint    ] Total time for which application threads were stopped: 0.0001131 seconds, Stopping threads took: 0.0000502 seconds
[2020-01-13T13:42:35.815+0000][1][safepoint    ] Application time: 0.0000311 seconds
[2020-01-13T13:42:35.815+0000][1][safepoint    ] Entering safepoint region: RevokeBias
[2020-01-13T13:42:35.815+0000][1][safepoint    ] Leaving safepoint region
[2020-01-13T13:42:35.815+0000][1][safepoint    ] Total time for which application threads were stopped: 0.0000349 seconds, Stopping threads took: 0.0000058 seconds
[2020-01-13T13:42:35.817+0000][1][safepoint    ] Application time: 0.0022021 seconds
[2020-01-13T13:42:35.817+0000][1][safepoint    ] Entering safepoint region: RevokeBias
[2020-01-13T13:42:35.817+0000][1][safepoint    ] Leaving safepoint region
[2020-01-13T13:42:35.817+0000][1][safepoint    ] Total time for which application threads were stopped: 0.0000738 seconds, Stopping threads took: 0.0000270 seconds
[2020-01-13T13:42:35.821+0000][1][safepoint    ] Application time: 0.0039195 seconds
[2020-01-13T13:42:35.821+0000][1][safepoint    ] Entering safepoint region: RevokeBias
[2020-01-13T13:42:35.822+0000][1][safepoint    ] Leaving safepoint region
[2020-01-13T13:42:35.822+0000][1][safepoint    ] Total time for which application threads were stopped: 0.0001661 seconds, Stopping threads took: 0.0001050 seconds
[2020-01-13T13:42:35.822+0000][1][safepoint    ] Application time: 0.0002358 seconds
[2020-01-13T13:42:35.822+0000][1][safepoint    ] Entering safepoint region: RevokeBias
[2020-01-13T13:42:35.822+0000][1][safepoint    ] Leaving safepoint region
[2020-01-13T13:42:35.822+0000][1][safepoint    ] Total time for which application threads were stopped: 0.0000807 seconds, Stopping threads took: 0.0000160 seconds
[2020-01-13T13:42:35.822+0000][1][safepoint    ] Application time: 0.0000355 seconds
[2020-01-13T13:42:35.822+0000][1][safepoint    ] Entering safepoint region: RevokeBias
[2020-01-13T13:42:35.822+0000][1][safepoint    ] Leaving safepoint region
[2020-01-13T13:42:35.822+0000][1][safepoint    ] Total time for which application threads were stopped: 0.0000361 seconds, Stopping threads took: 0.0000057 seconds
[2020-01-13T13:42:35.823+0000][1][safepoint    ] Application time: 0.0013410 seconds
[2020-01-13T13:42:35.823+0000][1][safepoint    ] Entering safepoint region: RevokeBias
[2020-01-13T13:42:35.823+0000][1][safepoint    ] Leaving safepoint region
[2020-01-13T13:42:35.823+0000][1][safepoint    ] Total time for which application threads were stopped: 0.0000650 seconds, Stopping threads took: 0.0000182 seconds
[2020-01-13T13:42:35.823+0000][1][safepoint    ] Application time: 0.0000285 seconds
[2020-01-13T13:42:35.823+0000][1][safepoint    ] Entering safepoint region: RevokeBias
[2020-01-13T13:42:35.823+0000][1][safepoint    ] Leaving safepoint region
[2020-01-13T13:42:35.823+0000][1][safepoint    ] Total time for which application threads were stopped: 0.0000415 seconds, Stopping threads took: 0.0000129 seconds
[2020-01-13T13:42:35.829+0000][1][safepoint    ] Application time: 0.0059184 seconds
[2020-01-13T13:42:35.832+0000][1][safepoint    ] Entering safepoint region: RevokeBias
[2020-01-13T13:42:35.832+0000][1][safepoint    ] Leaving safepoint region
[2020-01-13T13:42:35.832+0000][1][safepoint    ] Total time for which application threads were stopped: 0.0021961 seconds, Stopping threads took: 0.0021430 seconds
[2020-01-13T13:42:35.835+0000][1][safepoint    ] Application time: 0.0034816 seconds
[2020-01-13T13:42:35.835+0000][1][safepoint    ] Entering safepoint region: RevokeBias
[2020-01-13T13:42:35.835+0000][1][safepoint    ] Leaving safepoint region
[2020-01-13T13:42:35.835+0000][1][safepoint    ] Total time for which application threads were stopped: 0.0000674 seconds, Stopping threads took: 0.0000209 seconds
[2020-01-13T13:42:35.835+0000][1][safepoint    ] Application time: 0.0002490 seconds
[2020-01-13T13:42:35.835+0000][1][safepoint    ] Entering safepoint region: RevokeBias
[2020-01-13T13:42:35.836+0000][1][safepoint    ] Leaving safepoint region
[2020-01-13T13:42:35.836+0000][1][safepoint    ] Total time for which application threads were stopped: 0.0000469 seconds, Stopping threads took: 0.0000072 seconds
[2020-01-13T13:42:35.836+0000][1][safepoint    ] Application time: 0.0000383 seconds
[2020-01-13T13:42:35.836+0000][1][safepoint    ] Entering safepoint region: RevokeBias
[2020-01-13T13:42:35.836+0000][1][safepoint    ] Leaving safepoint region
[2020-01-13T13:42:35.836+0000][1][safepoint    ] Total time for which application threads were stopped: 0.0000332 seconds, Stopping threads took: 0.0000056 seconds
[2020-01-13T13:42:35.836+0000][1][safepoint    ] Application time: 0.0000257 seconds
[2020-01-13T13:42:35.836+0000][1][safepoint    ] Entering safepoint region: RevokeBias
[2020-01-13T13:42:35.836+0000][1][safepoint    ] Leaving safepoint region
[2020-01-13T13:42:35.836+0000][1][safepoint    ] Total time for which application threads were stopped: 0.0000290 seconds, Stopping threads took: 0.0000054 seconds
[2020-01-13T13:42:35.836+0000][1][safepoint    ] Application time: 0.0002713 seconds
[2020-01-13T13:42:35.836+0000][1][safepoint    ] Entering safepoint region: RevokeBias
[2020-01-13T13:42:35.836+0000][1][safepoint    ] Leaving safepoint region
[2020-01-13T13:42:35.836+0000][1][safepoint    ] Total time for which application threads were stopped: 0.0000395 seconds, Stopping threads took: 0.0000076 seconds
[2020-01-13T13:42:35.841+0000][1][safepoint    ] Application time: 0.0048681 seconds
[2020-01-13T13:42:35.841+0000][1][safepoint    ] Entering safepoint region: RevokeBias
[2020-01-13T13:42:35.841+0000][1][safepoint    ] Leaving safepoint region
[2020-01-13T13:42:35.841+0000][1][safepoint    ] Total time for which application threads were stopped: 0.0000896 seconds, Stopping threads took: 0.0000389 seconds
[2020-01-13T13:42:35.857+0000][1][safepoint    ] Application time: 0.0164640 seconds
[2020-01-13T13:42:35.859+0000][1][safepoint    ] Entering safepoint region: RevokeBias
[2020-01-13T13:42:35.859+0000][1][safepoint    ] Leaving safepoint region
[2020-01-13T13:42:35.859+0000][1][safepoint    ] Total time for which application threads were stopped: 0.0012884 seconds, Stopping threads took: 0.0011948 seconds
[2020-01-13T13:42:35.863+0000][1][safepoint    ] Application time: 0.0044965 seconds
[2020-01-13T13:42:35.866+0000][1][safepoint    ] Entering safepoint region: RevokeBias
[2020-01-13T13:42:35.866+0000][1][safepoint    ] Leaving safepoint region
[2020-01-13T13:42:35.866+0000][1][safepoint    ] Total time for which application threads were stopped: 0.0026912 seconds, Stopping threads took: 0.0026231 seconds
[2020-01-13T13:42:35.869+0000][1][safepoint    ] Application time: 0.0034054 seconds
[2020-01-13T13:42:35.869+0000][1][safepoint    ] Entering safepoint region: RevokeBias
[2020-01-13T13:42:35.870+0000][1][safepoint    ] Leaving safepoint region
[2020-01-13T13:42:35.870+0000][1][safepoint    ] Total time for which application threads were stopped: 0.0001258 seconds, Stopping threads took: 0.0000451 seconds
[2020-01-13T13:42:35.871+0000][1][safepoint    ] Application time: 0.0017780 seconds
[2020-01-13T13:42:35.872+0000][1][safepoint    ] Entering safepoint region: RevokeBias
[2020-01-13T13:42:35.872+0000][1][safepoint    ] Leaving safepoint region
[2020-01-13T13:42:35.872+0000][1][safepoint    ] Total time for which application threads were stopped: 0.0007345 seconds, Stopping threads took: 0.0006493 seconds
[2020-01-13T13:42:35.873+0000][1][safepoint    ] Application time: 0.0004377 seconds
[2020-01-13T13:42:35.873+0000][1][safepoint    ] Entering safepoint region: RevokeBias
[2020-01-13T13:42:35.873+0000][1][safepoint    ] Leaving safepoint region
[2020-01-13T13:42:35.873+0000][1][safepoint    ] Total time for which application threads were stopped: 0.0000774 seconds, Stopping threads took: 0.0000207 seconds
[2020-01-13T13:42:35.873+0000][1][safepoint    ] Application time: 0.0000227 seconds
[2020-01-13T13:42:35.873+0000][1][safepoint    ] Entering safepoint region: RevokeBias
[2020-01-13T13:42:35.873+0000][1][safepoint    ] Leaving safepoint region
[2020-01-13T13:42:35.873+0000][1][safepoint    ] Total time for which application threads were stopped: 0.0000350 seconds, Stopping threads took: 0.0000056 seconds
[2020-01-13T13:42:35.873+0000][1][safepoint    ] Application time: 0.0007802 seconds
[2020-01-13T13:42:35.873+0000][1][safepoint    ] Entering safepoint region: RevokeBias
[2020-01-13T13:42:35.874+0000][1][safepoint    ] Leaving safepoint region
[2020-01-13T13:42:35.874+0000][1][safepoint    ] Total time for which application threads were stopped: 0.0000681 seconds, Stopping threads took: 0.0000182 seconds
[2020-01-13T13:42:35.876+0000][1][safepoint    ] Application time: 0.0025297 seconds
[2020-01-13T13:42:35.876+0000][1][safepoint    ] Entering safepoint region: RevokeBias
[2020-01-13T13:42:35.876+0000][1][safepoint    ] Leaving safepoint region
[2020-01-13T13:42:35.876+0000][1][safepoint    ] Total time for which application threads were stopped: 0.0000616 seconds, Stopping threads took: 0.0000090 seconds
[2020-01-13T13:42:35.876+0000][1][safepoint    ] Application time: 0.0000370 seconds
[2020-01-13T13:42:35.876+0000][1][safepoint    ] Entering safepoint region: RevokeBias
[2020-01-13T13:42:35.876+0000][1][safepoint    ] Leaving safepoint region
[2020-01-13T13:42:35.876+0000][1][safepoint    ] Total time for which application threads were stopped: 0.0000519 seconds, Stopping threads took: 0.0000057 seconds
[2020-01-13T13:42:35.887+0000][1][safepoint    ] Application time: 0.0111433 seconds
[2020-01-13T13:42:35.891+0000][1][safepoint    ] Entering safepoint region: RevokeBias
[2020-01-13T13:42:35.891+0000][1][safepoint    ] Leaving safepoint region
[2020-01-13T13:42:35.891+0000][1][safepoint    ] Total time for which application threads were stopped: 0.0039236 seconds, Stopping threads took: 0.0038438 seconds
[2020-01-13T13:42:35.892+0000][1][safepoint    ] Application time: 0.0003128 seconds
[2020-01-13T13:42:35.892+0000][1][safepoint    ] Entering safepoint region: RevokeBias
[2020-01-13T13:42:35.892+0000][1][safepoint    ] Leaving safepoint region
[2020-01-13T13:42:35.892+0000][1][safepoint    ] Total time for which application threads were stopped: 0.0000616 seconds, Stopping threads took: 0.0000087 seconds
[2020-01-13T13:42:35.892+0000][1][safepoint    ] Application time: 0.0000327 seconds
[2020-01-13T13:42:35.892+0000][1][safepoint    ] Entering safepoint region: RevokeBias
[2020-01-13T13:42:35.892+0000][1][safepoint    ] Leaving safepoint region
[2020-01-13T13:42:35.892+0000][1][safepoint    ] Total time for which application threads were stopped: 0.0000441 seconds, Stopping threads took: 0.0000058 seconds
[2020-01-13T13:42:35.899+0000][1][safepoint    ] Application time: 0.0071891 seconds
[2020-01-13T13:42:35.899+0000][1][safepoint    ] Entering safepoint region: RevokeBias
[2020-01-13T13:42:35.899+0000][1][safepoint    ] Leaving safepoint region
[2020-01-13T13:42:35.899+0000][1][safepoint    ] Total time for which application threads were stopped: 0.0002592 seconds, Stopping threads took: 0.0002010 seconds
[2020-01-13T13:42:35.913+0000][1][safepoint    ] Application time: 0.0139114 seconds
[2020-01-13T13:42:35.915+0000][1][safepoint    ] Entering safepoint region: RevokeBias
[2020-01-13T13:42:35.916+0000][1][safepoint    ] Leaving safepoint region
[2020-01-13T13:42:35.916+0000][1][safepoint    ] Total time for which application threads were stopped: 0.0022418 seconds, Stopping threads took: 0.0021641 seconds
[2020-01-13T13:42:35.916+0000][1][safepoint    ] Application time: 0.0007501 seconds
[2020-01-13T13:42:35.916+0000][1][safepoint    ] Entering safepoint region: RevokeBias
[2020-01-13T13:42:35.916+0000][1][safepoint    ] Leaving safepoint region
[2020-01-13T13:42:35.916+0000][1][safepoint    ] Total time for which application threads were stopped: 0.0001025 seconds, Stopping threads took: 0.0000364 seconds
[2020-01-13T13:42:35.920+0000][1][safepoint    ] Application time: 0.0038418 seconds
[2020-01-13T13:42:35.922+0000][1][safepoint    ] Entering safepoint region: RevokeBias
[2020-01-13T13:42:35.922+0000][1][safepoint    ] Leaving safepoint region
[2020-01-13T13:42:35.922+0000][1][safepoint    ] Total time for which application threads were stopped: 0.0015880 seconds, Stopping threads took: 0.0014830 seconds
[2020-01-13T13:42:35.927+0000][1][safepoint    ] Application time: 0.0046390 seconds
[2020-01-13T13:42:35.929+0000][1][safepoint    ] Entering safepoint region: RevokeBias
[2020-01-13T13:42:35.929+0000][1][safepoint    ] Leaving safepoint region
[2020-01-13T13:42:35.929+0000][1][safepoint    ] Total time for which application threads were stopped: 0.0020300 seconds, Stopping threads took: 0.0019795 seconds
[2020-01-13T13:42:35.929+0000][1][safepoint    ] Application time: 0.0000489 seconds
[2020-01-13T13:42:35.929+0000][1][safepoint    ] Entering safepoint region: RevokeBias
[2020-01-13T13:42:35.929+0000][1][safepoint    ] Leaving safepoint region
[2020-01-13T13:42:35.929+0000][1][safepoint    ] Total time for which application threads were stopped: 0.0000287 seconds, Stopping threads took: 0.0000061 seconds
[2020-01-13T13:42:35.944+0000][1][safepoint    ] Application time: 0.0153032 seconds
[2020-01-13T13:42:35.944+0000][1][safepoint    ] Entering safepoint region: RevokeBias
[2020-01-13T13:42:35.944+0000][1][safepoint    ] Leaving safepoint region
[2020-01-13T13:42:35.944+0000][1][safepoint    ] Total time for which application threads were stopped: 0.0000795 seconds, Stopping threads took: 0.0000228 seconds
[2020-01-13T13:42:35.944+0000][1][safepoint    ] Application time: 0.0000533 seconds
[2020-01-13T13:42:35.944+0000][1][safepoint    ] Entering safepoint region: RevokeBias
[2020-01-13T13:42:35.944+0000][1][safepoint    ] Leaving safepoint region
[2020-01-13T13:42:35.944+0000][1][safepoint    ] Total time for which application threads were stopped: 0.0000357 seconds, Stopping threads took: 0.0000136 seconds
[2020-01-13T13:42:35.958+0000][1][safepoint    ] Application time: 0.0139716 seconds
[2020-01-13T13:42:35.958+0000][1][safepoint    ] Entering safepoint region: RevokeBias
[2020-01-13T13:42:35.958+0000][1][safepoint    ] Leaving safepoint region
[2020-01-13T13:42:35.958+0000][1][safepoint    ] Total time for which application threads were stopped: 0.0001420 seconds, Stopping threads took: 0.0000464 seconds
[2020-01-13T13:42:35.961+0000][1][safepoint    ] Application time: 0.0029526 seconds
[2020-01-13T13:42:35.965+0000][1][safepoint    ] Entering safepoint region: RevokeBias
[2020-01-13T13:42:35.965+0000][1][safepoint    ] Leaving safepoint region
[2020-01-13T13:42:35.965+0000][1][safepoint    ] Total time for which application threads were stopped: 0.0041127 seconds, Stopping threads took: 0.0040345 seconds
[2020-01-13T13:42:35.967+0000][1][safepoint    ] Application time: 0.0016644 seconds
[2020-01-13T13:42:35.967+0000][1][safepoint    ] Entering safepoint region: RevokeBias
[2020-01-13T13:42:35.967+0000][1][safepoint    ] Leaving safepoint region
[2020-01-13T13:42:35.967+0000][1][safepoint    ] Total time for which application threads were stopped: 0.0000817 seconds, Stopping threads took: 0.0000220 seconds
[2020-01-13T13:42:35.967+0000][1][safepoint    ] Application time: 0.0001145 seconds
[2020-01-13T13:42:35.967+0000][1][safepoint    ] Entering safepoint region: RevokeBias
[2020-01-13T13:42:35.967+0000][1][safepoint    ] Leaving safepoint region
[2020-01-13T13:42:35.967+0000][1][safepoint    ] Total time for which application threads were stopped: 0.0000514 seconds, Stopping threads took: 0.0000147 seconds
[2020-01-13T13:42:35.967+0000][1][safepoint    ] Application time: 0.0000272 seconds
[2020-01-13T13:42:35.967+0000][1][safepoint    ] Entering safepoint region: RevokeBias
[2020-01-13T13:42:35.967+0000][1][safepoint    ] Leaving safepoint region
[2020-01-13T13:42:35.967+0000][1][safepoint    ] Total time for which application threads were stopped: 0.0000384 seconds, Stopping threads took: 0.0000137 seconds
[2020-01-13T13:42:35.972+0000][1][safepoint    ] Application time: 0.0044036 seconds
[2020-01-13T13:42:35.972+0000][1][safepoint    ] Entering safepoint region: RevokeBias
[2020-01-13T13:42:35.972+0000][1][safepoint    ] Leaving safepoint region
[2020-01-13T13:42:35.972+0000][1][safepoint    ] Total time for which application threads were stopped: 0.0005213 seconds, Stopping threads took: 0.0004595 seconds
[2020-01-13T13:42:35.972+0000][1][safepoint    ] Application time: 0.0000393 seconds
[2020-01-13T13:42:35.972+0000][1][safepoint    ] Entering safepoint region: RevokeBias
[2020-01-13T13:42:35.973+0000][1][safepoint    ] Leaving safepoint region
[2020-01-13T13:42:35.973+0000][1][safepoint    ] Total time for which application threads were stopped: 0.0000397 seconds, Stopping threads took: 0.0000136 seconds
[2020-01-13T13:42:36.001+0000][1][safepoint    ] Application time: 0.0282025 seconds
[2020-01-13T13:42:36.003+0000][1][safepoint    ] Entering safepoint region: RevokeBias
[2020-01-13T13:42:36.003+0000][1][safepoint    ] Leaving safepoint region
[2020-01-13T13:42:36.003+0000][1][safepoint    ] Total time for which application threads were stopped: 0.0020727 seconds, Stopping threads took: 0.0019921 seconds
[2020-01-13T13:42:36.004+0000][1][safepoint    ] Application time: 0.0008757 seconds
[2020-01-13T13:42:36.004+0000][1][safepoint    ] Entering safepoint region: RevokeBias
[2020-01-13T13:42:36.004+0000][1][safepoint    ] Leaving safepoint region
[2020-01-13T13:42:36.004+0000][1][safepoint    ] Total time for which application threads were stopped: 0.0005647 seconds, Stopping threads took: 0.0004795 seconds
[2020-01-13T13:42:36.011+0000][1][safepoint    ] Application time: 0.0063886 seconds
[2020-01-13T13:42:36.011+0000][1][safepoint    ] Entering safepoint region: RevokeBias
[2020-01-13T13:42:36.011+0000][1][safepoint    ] Leaving safepoint region
[2020-01-13T13:42:36.011+0000][1][safepoint    ] Total time for which application threads were stopped: 0.0001099 seconds, Stopping threads took: 0.0000310 seconds
[2020-01-13T13:42:36.031+0000][1][safepoint    ] Application time: 0.0205453 seconds
[2020-01-13T13:42:36.031+0000][1][safepoint    ] Entering safepoint region: RevokeBias
[2020-01-13T13:42:36.032+0000][1][safepoint    ] Leaving safepoint region
[2020-01-13T13:42:36.032+0000][1][safepoint    ] Total time for which application threads were stopped: 0.0000940 seconds, Stopping threads took: 0.0000246 seconds
[2020-01-13T13:42:36.034+0000][1][safepoint    ] Application time: 0.0021213 seconds
[2020-01-13T13:42:36.034+0000][1][safepoint    ] Entering safepoint region: RevokeBias
[2020-01-13T13:42:36.034+0000][1][safepoint    ] Leaving safepoint region
[2020-01-13T13:42:36.034+0000][1][safepoint    ] Total time for which application threads were stopped: 0.0000825 seconds, Stopping threads took: 0.0000226 seconds
[2020-01-13T13:42:36.034+0000][1][safepoint    ] Application time: 0.0005117 seconds
[2020-01-13T13:42:36.034+0000][1][safepoint    ] Entering safepoint region: RevokeBias
[2020-01-13T13:42:36.034+0000][1][safepoint    ] Leaving safepoint region
[2020-01-13T13:42:36.034+0000][1][safepoint    ] Total time for which application threads were stopped: 0.0000440 seconds, Stopping threads took: 0.0000089 seconds
[2020-01-13T13:42:36.085+0000][1][safepoint    ] Application time: 0.0506298 seconds
[2020-01-13T13:42:36.087+0000][1][safepoint    ] Entering safepoint region: RevokeBias
[2020-01-13T13:42:36.087+0000][1][safepoint    ] Leaving safepoint region
[2020-01-13T13:42:36.087+0000][1][safepoint    ] Total time for which application threads were stopped: 0.0021659 seconds, Stopping threads took: 0.0020603 seconds
[2020-01-13T13:42:36.099+0000][1][safepoint    ] Application time: 0.0118746 seconds
[2020-01-13T13:42:36.099+0000][1][safepoint    ] Entering safepoint region: RevokeBias
[2020-01-13T13:42:36.099+0000][1][safepoint    ] Leaving safepoint region
[2020-01-13T13:42:36.099+0000][1][safepoint    ] Total time for which application threads were stopped: 0.0001719 seconds, Stopping threads took: 0.0000381 seconds
[2020-01-13T13:42:36.101+0000][1][safepoint    ] Application time: 0.0014287 seconds
[2020-01-13T13:42:36.101+0000][1][safepoint    ] Entering safepoint region: RevokeBias
[2020-01-13T13:42:36.101+0000][1][safepoint    ] Leaving safepoint region
[2020-01-13T13:42:36.101+0000][1][safepoint    ] Total time for which application threads were stopped: 0.0000787 seconds, Stopping threads took: 0.0000207 seconds
[2020-01-13T13:42:36.104+0000][1][safepoint    ] Application time: 0.0033922 seconds
[2020-01-13T13:42:36.105+0000][1][safepoint    ] Entering safepoint region: RevokeBias
[2020-01-13T13:42:36.105+0000][1][safepoint    ] Leaving safepoint region
[2020-01-13T13:42:36.105+0000][1][safepoint    ] Total time for which application threads were stopped: 0.0003516 seconds, Stopping threads took: 0.0002925 seconds
[2020-01-13T13:42:36.112+0000][1][safepoint    ] Application time: 0.0074675 seconds
[2020-01-13T13:42:36.112+0000][1][safepoint    ] Entering safepoint region: RevokeBias
[2020-01-13T13:42:36.112+0000][1][safepoint    ] Leaving safepoint region
[2020-01-13T13:42:36.112+0000][1][safepoint    ] Total time for which application threads were stopped: 0.0000858 seconds, Stopping threads took: 0.0000274 seconds
[2020-01-13T13:42:36.115+0000][1][safepoint    ] Application time: 0.0026988 seconds
[2020-01-13T13:42:36.115+0000][1][safepoint    ] Entering safepoint region: RevokeBias
[2020-01-13T13:42:36.115+0000][1][safepoint    ] Leaving safepoint region
[2020-01-13T13:42:36.115+0000][1][safepoint    ] Total time for which application threads were stopped: 0.0002471 seconds, Stopping threads took: 0.0001771 seconds
[2020-01-13T13:42:36.118+0000][1][safepoint    ] Application time: 0.0030893 seconds
[2020-01-13T13:42:36.118+0000][1][safepoint    ] Entering safepoint region: RevokeBias
[2020-01-13T13:42:36.118+0000][1][safepoint    ] Leaving safepoint region
[2020-01-13T13:42:36.118+0000][1][safepoint    ] Total time for which application threads were stopped: 0.0000800 seconds, Stopping threads took: 0.0000194 seconds
[2020-01-13T13:42:36.118+0000][1][safepoint    ] Application time: 0.0000268 seconds
[2020-01-13T13:42:36.118+0000][1][safepoint    ] Entering safepoint region: RevokeBias
[2020-01-13T13:42:36.118+0000][1][safepoint    ] Leaving safepoint region
[2020-01-13T13:42:36.118+0000][1][safepoint    ] Total time for which application threads were stopped: 0.0000334 seconds, Stopping threads took: 0.0000110 seconds
[2020-01-13T13:42:36.120+0000][1][safepoint    ] Application time: 0.0017442 seconds
[2020-01-13T13:42:36.120+0000][1][safepoint    ] Entering safepoint region: RevokeBias
[2020-01-13T13:42:36.120+0000][1][safepoint    ] Leaving safepoint region
[2020-01-13T13:42:36.120+0000][1][safepoint    ] Total time for which application threads were stopped: 0.0001086 seconds, Stopping threads took: 0.0000444 seconds
[2020-01-13T13:42:36.120+0000][1][safepoint    ] Application time: 0.0001223 seconds
[2020-01-13T13:42:36.120+0000][1][safepoint    ] Entering safepoint region: RevokeBias
[2020-01-13T13:42:36.121+0000][1][safepoint    ] Leaving safepoint region
[2020-01-13T13:42:36.121+0000][1][safepoint    ] Total time for which application threads were stopped: 0.0000442 seconds, Stopping threads took: 0.0000139 seconds
[2020-01-13T13:42:36.121+0000][1][safepoint    ] Application time: 0.0000254 seconds
[2020-01-13T13:42:36.121+0000][1][safepoint    ] Entering safepoint region: RevokeBias
[2020-01-13T13:42:36.121+0000][1][safepoint    ] Leaving safepoint region
[2020-01-13T13:42:36.121+0000][1][safepoint    ] Total time for which application threads were stopped: 0.0000339 seconds, Stopping threads took: 0.0000127 seconds
[2020-01-13T13:42:36.127+0000][1][safepoint    ] Application time: 0.0066845 seconds
[2020-01-13T13:42:36.130+0000][1][safepoint    ] Entering safepoint region: RevokeBias
[2020-01-13T13:42:36.130+0000][1][safepoint    ] Leaving safepoint region
[2020-01-13T13:42:36.130+0000][1][safepoint    ] Total time for which application threads were stopped: 0.0030608 seconds, Stopping threads took: 0.0029699 seconds
[2020-01-13T13:42:36.148+0000][1][safepoint    ] Application time: 0.0180185 seconds
[2020-01-13T13:42:36.151+0000][1][safepoint    ] Entering safepoint region: RevokeBias
[2020-01-13T13:42:36.151+0000][1][safepoint    ] Leaving safepoint region
[2020-01-13T13:42:36.151+0000][1][safepoint    ] Total time for which application threads were stopped: 0.0022226 seconds, Stopping threads took: 0.0021414 seconds
[2020-01-13T13:42:36.159+0000][1][safepoint    ] Application time: 0.0087755 seconds
[2020-01-13T13:42:36.163+0000][1][safepoint    ] Entering safepoint region: RevokeBias
[2020-01-13T13:42:36.163+0000][1][safepoint    ] Leaving safepoint region
[2020-01-13T13:42:36.163+0000][1][safepoint    ] Total time for which application threads were stopped: 0.0032877 seconds, Stopping threads took: 0.0032104 seconds
[2020-01-13T13:42:36.193+0000][1][safepoint    ] Application time: 0.0304237 seconds
[2020-01-13T13:42:36.195+0000][1][safepoint    ] Entering safepoint region: RevokeBias
[2020-01-13T13:42:36.195+0000][1][safepoint    ] Leaving safepoint region
[2020-01-13T13:42:36.195+0000][1][safepoint    ] Total time for which application threads were stopped: 0.0020884 seconds, Stopping threads took: 0.0019881 seconds
[2020-01-13T13:42:36.199+0000][1][safepoint    ] Application time: 0.0039539 seconds
[2020-01-13T13:42:36.200+0000][1][safepoint    ] Entering safepoint region: RevokeBias
[2020-01-13T13:42:36.200+0000][1][safepoint    ] Leaving safepoint region
[2020-01-13T13:42:36.200+0000][1][safepoint    ] Total time for which application threads were stopped: 0.0011446 seconds, Stopping threads took: 0.0010564 seconds
[2020-01-13T13:42:36.204+0000][1][safepoint    ] Application time: 0.0038192 seconds
[2020-01-13T13:42:36.204+0000][1][safepoint    ] Entering safepoint region: RevokeBias
[2020-01-13T13:42:36.204+0000][1][safepoint    ] Leaving safepoint region
[2020-01-13T13:42:36.204+0000][1][safepoint    ] Total time for which application threads were stopped: 0.0001245 seconds, Stopping threads took: 0.0000470 seconds
[2020-01-13T13:42:36.205+0000][1][safepoint    ] Application time: 0.0002406 seconds
[2020-01-13T13:42:36.205+0000][1][safepoint    ] Entering safepoint region: RevokeBias
[2020-01-13T13:42:36.205+0000][1][safepoint    ] Leaving safepoint region
[2020-01-13T13:42:36.205+0000][1][safepoint    ] Total time for which application threads were stopped: 0.0001073 seconds, Stopping threads took: 0.0000096 seconds
[2020-01-13T13:42:36.205+0000][1][safepoint    ] Application time: 0.0003255 seconds
[2020-01-13T13:42:36.205+0000][1][safepoint    ] Entering safepoint region: RevokeBias
[2020-01-13T13:42:36.205+0000][1][safepoint    ] Leaving safepoint region
[2020-01-13T13:42:36.205+0000][1][safepoint    ] Total time for which application threads were stopped: 0.0001320 seconds, Stopping threads took: 0.0000195 seconds
[2020-01-13T13:42:36.205+0000][1][safepoint    ] Application time: 0.0000477 seconds
[2020-01-13T13:42:36.205+0000][1][safepoint    ] Entering safepoint region: RevokeBias
[2020-01-13T13:42:36.205+0000][1][safepoint    ] Leaving safepoint region
[2020-01-13T13:42:36.205+0000][1][safepoint    ] Total time for which application threads were stopped: 0.0000673 seconds, Stopping threads took: 0.0000065 seconds
[2020-01-13T13:42:36.205+0000][1][safepoint    ] Application time: 0.0000314 seconds
[2020-01-13T13:42:36.205+0000][1][safepoint    ] Entering safepoint region: RevokeBias
[2020-01-13T13:42:36.205+0000][1][safepoint    ] Leaving safepoint region
[2020-01-13T13:42:36.206+0000][1][safepoint    ] Total time for which application threads were stopped: 0.0000551 seconds, Stopping threads took: 0.0000061 seconds
[2020-01-13T13:42:36.206+0000][1][safepoint    ] Application time: 0.0009305 seconds
[2020-01-13T13:42:36.208+0000][1][safepoint    ] Entering safepoint region: RevokeBias
[2020-01-13T13:42:36.208+0000][1][safepoint    ] Leaving safepoint region
[2020-01-13T13:42:36.208+0000][1][safepoint    ] Total time for which application threads were stopped: 0.0012895 seconds, Stopping threads took: 0.0011820 seconds
[2020-01-13T13:42:36.215+0000][1][safepoint    ] Application time: 0.0071655 seconds
[2020-01-13T13:42:36.216+0000][1][safepoint    ] Entering safepoint region: RevokeBias
[2020-01-13T13:42:36.216+0000][1][safepoint    ] Leaving safepoint region
[2020-01-13T13:42:36.216+0000][1][safepoint    ] Total time for which application threads were stopped: 0.0009052 seconds, Stopping threads took: 0.0008404 seconds
[2020-01-13T13:42:36.229+0000][1][safepoint    ] Application time: 0.0133888 seconds
[2020-01-13T13:42:36.231+0000][1][safepoint    ] Entering safepoint region: RevokeBias
[2020-01-13T13:42:36.232+0000][1][safepoint    ] Leaving safepoint region
[2020-01-13T13:42:36.232+0000][1][safepoint    ] Total time for which application threads were stopped: 0.0021910 seconds, Stopping threads took: 0.0020065 seconds
[2020-01-13T13:42:36.236+0000][1][safepoint    ] Application time: 0.0044155 seconds
[2020-01-13T13:42:36.237+0000][1][safepoint    ] Entering safepoint region: RevokeBias
[2020-01-13T13:42:36.237+0000][1][safepoint    ] Leaving safepoint region
[2020-01-13T13:42:36.237+0000][1][safepoint    ] Total time for which application threads were stopped: 0.0014550 seconds, Stopping threads took: 0.0013722 seconds
[2020-01-13T13:42:36.238+0000][1][safepoint    ] Application time: 0.0000971 seconds
[2020-01-13T13:42:36.238+0000][1][safepoint    ] Entering safepoint region: RevokeBias
[2020-01-13T13:42:36.238+0000][1][safepoint    ] Leaving safepoint region
[2020-01-13T13:42:36.238+0000][1][safepoint    ] Total time for which application threads were stopped: 0.0000387 seconds, Stopping threads took: 0.0000070 seconds
[2020-01-13T13:42:36.238+0000][1][safepoint    ] Application time: 0.0000477 seconds
[2020-01-13T13:42:36.238+0000][1][safepoint    ] Entering safepoint region: RevokeBias
[2020-01-13T13:42:36.238+0000][1][safepoint    ] Leaving safepoint region
[2020-01-13T13:42:36.238+0000][1][safepoint    ] Total time for which application threads were stopped: 0.0000300 seconds, Stopping threads took: 0.0000052 seconds
[2020-01-13T13:42:36.238+0000][1][safepoint    ] Application time: 0.0002346 seconds
[2020-01-13T13:42:36.238+0000][1][safepoint    ] Entering safepoint region: RevokeBias
[2020-01-13T13:42:36.238+0000][1][safepoint    ] Leaving safepoint region
[2020-01-13T13:42:36.238+0000][1][safepoint    ] Total time for which application threads were stopped: 0.0000581 seconds, Stopping threads took: 0.0000174 seconds
[2020-01-13T13:42:36.238+0000][1][safepoint    ] Application time: 0.0000554 seconds
[2020-01-13T13:42:36.238+0000][1][safepoint    ] Entering safepoint region: BulkRevokeBias
[2020-01-13T13:42:36.238+0000][1][safepoint    ] Leaving safepoint region
[2020-01-13T13:42:36.238+0000][1][safepoint    ] Total time for which application threads were stopped: 0.0002642 seconds, Stopping threads took: 0.0000145 seconds
[2020-01-13T13:42:36.257+0000][1][safepoint    ] Application time: 0.0190295 seconds
[2020-01-13T13:42:36.257+0000][1][safepoint    ] Entering safepoint region: RevokeBias
[2020-01-13T13:42:36.257+0000][1][safepoint    ] Leaving safepoint region
[2020-01-13T13:42:36.257+0000][1][safepoint    ] Total time for which application threads were stopped: 0.0000987 seconds, Stopping threads took: 0.0000242 seconds
[2020-01-13T13:42:36.268+0000][1][safepoint    ] Application time: 0.0101815 seconds
[2020-01-13T13:42:36.272+0000][1][safepoint    ] Entering safepoint region: RevokeBias
[2020-01-13T13:42:36.272+0000][1][safepoint    ] Leaving safepoint region
[2020-01-13T13:42:36.272+0000][1][safepoint    ] Total time for which application threads were stopped: 0.0039159 seconds, Stopping threads took: 0.0038439 seconds
[2020-01-13T13:42:36.272+0000][1][safepoint    ] Application time: 0.0000623 seconds
[2020-01-13T13:42:36.272+0000][1][safepoint    ] Entering safepoint region: RevokeBias
[2020-01-13T13:42:36.272+0000][1][safepoint    ] Leaving safepoint region
[2020-01-13T13:42:36.272+0000][1][safepoint    ] Total time for which application threads were stopped: 0.0000338 seconds, Stopping threads took: 0.0000079 seconds
[2020-01-13T13:42:36.272+0000][1][safepoint    ] Application time: 0.0000258 seconds
[2020-01-13T13:42:36.272+0000][1][safepoint    ] Entering safepoint region: RevokeBias
[2020-01-13T13:42:36.272+0000][1][safepoint    ] Leaving safepoint region
[2020-01-13T13:42:36.272+0000][1][safepoint    ] Total time for which application threads were stopped: 0.0000292 seconds, Stopping threads took: 0.0000058 seconds
[2020-01-13T13:42:36.272+0000][1][safepoint    ] Application time: 0.0002007 seconds
[2020-01-13T13:42:36.272+0000][1][safepoint    ] Entering safepoint region: RevokeBias
[2020-01-13T13:42:36.272+0000][1][safepoint    ] Leaving safepoint region
[2020-01-13T13:42:36.272+0000][1][safepoint    ] Total time for which application threads were stopped: 0.0000398 seconds, Stopping threads took: 0.0000091 seconds
[2020-01-13T13:42:36.275+0000][1][safepoint    ] Application time: 0.0024870 seconds
[2020-01-13T13:42:36.275+0000][1][safepoint    ] Entering safepoint region: RevokeBias
[2020-01-13T13:42:36.275+0000][1][safepoint    ] Leaving safepoint region
[2020-01-13T13:42:36.275+0000][1][safepoint    ] Total time for which application threads were stopped: 0.0000904 seconds, Stopping threads took: 0.0000283 seconds
[2020-01-13T13:42:36.316+0000][1][safepoint    ] Application time: 0.0416015 seconds
[2020-01-13T13:42:36.316+0000][1][safepoint    ] Entering safepoint region: RevokeBias
[2020-01-13T13:42:36.316+0000][1][safepoint    ] Leaving safepoint region
[2020-01-13T13:42:36.316+0000][1][safepoint    ] Total time for which application threads were stopped: 0.0001043 seconds, Stopping threads took: 0.0000271 seconds
[2020-01-13T13:42:36.343+0000][1][safepoint    ] Application time: 0.0270189 seconds
[2020-01-13T13:42:36.343+0000][1][safepoint    ] Entering safepoint region: RevokeBias
[2020-01-13T13:42:36.344+0000][1][safepoint    ] Leaving safepoint region
[2020-01-13T13:42:36.344+0000][1][safepoint    ] Total time for which application threads were stopped: 0.0001032 seconds, Stopping threads took: 0.0000275 seconds
[2020-01-13T13:42:36.344+0000][1][safepoint    ] Application time: 0.0000582 seconds
[2020-01-13T13:42:36.344+0000][1][safepoint    ] Entering safepoint region: RevokeBias
[2020-01-13T13:42:36.344+0000][1][safepoint    ] Leaving safepoint region
[2020-01-13T13:42:36.344+0000][1][safepoint    ] Total time for which application threads were stopped: 0.0000393 seconds, Stopping threads took: 0.0000136 seconds
[2020-01-13T13:42:36.344+0000][1][safepoint    ] Application time: 0.0000337 seconds
[2020-01-13T13:42:36.344+0000][1][safepoint    ] Entering safepoint region: RevokeBias
[2020-01-13T13:42:36.344+0000][1][safepoint    ] Leaving safepoint region
[2020-01-13T13:42:36.344+0000][1][safepoint    ] Total time for which application threads were stopped: 0.0000339 seconds, Stopping threads took: 0.0000130 seconds
[2020-01-13T13:42:36.344+0000][1][safepoint    ] Application time: 0.0003407 seconds
[2020-01-13T13:42:36.344+0000][1][safepoint    ] Entering safepoint region: RevokeBias
[2020-01-13T13:42:36.344+0000][1][safepoint    ] Leaving safepoint region
[2020-01-13T13:42:36.344+0000][1][safepoint    ] Total time for which application threads were stopped: 0.0000561 seconds, Stopping threads took: 0.0000179 seconds
[2020-01-13T13:42:36.389+0000][1][safepoint    ] Application time: 0.0447424 seconds
[2020-01-13T13:42:36.389+0000][1][safepoint    ] Entering safepoint region: RevokeBias
[2020-01-13T13:42:36.389+0000][1][safepoint    ] Leaving safepoint region
[2020-01-13T13:42:36.389+0000][1][safepoint    ] Total time for which application threads were stopped: 0.0001086 seconds, Stopping threads took: 0.0000319 seconds
[2020-01-13T13:42:36.389+0000][1][safepoint    ] Application time: 0.0002574 seconds
[2020-01-13T13:42:36.389+0000][1][safepoint    ] Entering safepoint region: BulkRevokeBias
[2020-01-13T13:42:36.390+0000][1][safepoint    ] Leaving safepoint region
[2020-01-13T13:42:36.390+0000][1][safepoint    ] Total time for which application threads were stopped: 0.0003771 seconds, Stopping threads took: 0.0000193 seconds
[2020-01-13T13:42:36.390+0000][1][safepoint    ] Application time: 0.0000439 seconds
[2020-01-13T13:42:36.390+0000][1][safepoint    ] Entering safepoint region: RevokeBias
[2020-01-13T13:42:36.390+0000][1][safepoint    ] Leaving safepoint region
[2020-01-13T13:42:36.390+0000][1][safepoint    ] Total time for which application threads were stopped: 0.0000632 seconds, Stopping threads took: 0.0000159 seconds
[2020-01-13T13:42:36.390+0000][1][safepoint    ] Application time: 0.0001514 seconds
[2020-01-13T13:42:36.390+0000][1][safepoint    ] Entering safepoint region: RevokeBias
[2020-01-13T13:42:36.390+0000][1][safepoint    ] Leaving safepoint region
[2020-01-13T13:42:36.390+0000][1][safepoint    ] Total time for which application threads were stopped: 0.0000467 seconds, Stopping threads took: 0.0000160 seconds
[2020-01-13T13:42:36.392+0000][1][safepoint    ] Application time: 0.0022863 seconds
[2020-01-13T13:42:36.392+0000][1][safepoint    ] Entering safepoint region: RevokeBias
[2020-01-13T13:42:36.392+0000][1][safepoint    ] Leaving safepoint region
[2020-01-13T13:42:36.392+0000][1][safepoint    ] Total time for which application threads were stopped: 0.0000671 seconds, Stopping threads took: 0.0000227 seconds
[2020-01-13T13:42:36.393+0000][1][safepoint    ] Application time: 0.0002176 seconds
[2020-01-13T13:42:36.393+0000][1][safepoint    ] Entering safepoint region: RevokeBias
[2020-01-13T13:42:36.393+0000][1][safepoint    ] Leaving safepoint region
[2020-01-13T13:42:36.393+0000][1][safepoint    ] Total time for which application threads were stopped: 0.0000443 seconds, Stopping threads took: 0.0000160 seconds
[2020-01-13T13:42:36.400+0000][1][safepoint    ] Application time: 0.0077090 seconds
[2020-01-13T13:42:36.400+0000][1][safepoint    ] Entering safepoint region: RevokeBias
[2020-01-13T13:42:36.401+0000][1][safepoint    ] Leaving safepoint region
[2020-01-13T13:42:36.401+0000][1][safepoint    ] Total time for which application threads were stopped: 0.0001301 seconds, Stopping threads took: 0.0000232 seconds
[2020-01-13T13:42:36.410+0000][1][safepoint    ] Application time: 0.0089924 seconds
[2020-01-13T13:42:36.411+0000][1][safepoint    ] Entering safepoint region: RevokeBias
[2020-01-13T13:42:36.411+0000][1][safepoint    ] Leaving safepoint region
[2020-01-13T13:42:36.411+0000][1][safepoint    ] Total time for which application threads were stopped: 0.0013805 seconds, Stopping threads took: 0.0013055 seconds
[2020-01-13T13:42:36.412+0000][1][safepoint    ] Application time: 0.0012110 seconds
[2020-01-13T13:42:36.413+0000][1][safepoint    ] Entering safepoint region: RevokeBias
[2020-01-13T13:42:36.413+0000][1][safepoint    ] Leaving safepoint region
[2020-01-13T13:42:36.413+0000][1][safepoint    ] Total time for which application threads were stopped: 0.0006129 seconds, Stopping threads took: 0.0005567 seconds
[2020-01-13T13:42:36.413+0000][1][safepoint    ] Application time: 0.0000781 seconds
[2020-01-13T13:42:36.413+0000][1][safepoint    ] Entering safepoint region: RevokeBias
[2020-01-13T13:42:36.413+0000][1][safepoint    ] Leaving safepoint region
[2020-01-13T13:42:36.413+0000][1][safepoint    ] Total time for which application threads were stopped: 0.0000304 seconds, Stopping threads took: 0.0000068 seconds
[2020-01-13T13:42:36.424+0000][1][safepoint    ] Application time: 0.0106009 seconds
[2020-01-13T13:42:36.427+0000][1][safepoint    ] Entering safepoint region: BulkRevokeBias
[2020-01-13T13:42:36.428+0000][1][safepoint    ] Leaving safepoint region
[2020-01-13T13:42:36.428+0000][1][safepoint    ] Total time for which application threads were stopped: 0.0040821 seconds, Stopping threads took: 0.0037060 seconds
[2020-01-13T13:42:36.442+0000][1][safepoint    ] Application time: 0.0145136 seconds
[2020-01-13T13:42:36.444+0000][1][safepoint    ] Entering safepoint region: GenCollectForAllocation
[2020-01-13T13:42:36.444+0000][1][gc,start     ] GC(22) Pause Young (Allocation Failure)
[2020-01-13T13:42:36.444+0000][1][gc,task      ] GC(22) Using 1 workers of 1 for evacuation
[2020-01-13T13:42:36.473+0000][1][gc,age       ] GC(22) Desired survivor size 4358144 bytes, new threshold 2 (max threshold 6)
[2020-01-13T13:42:36.474+0000][1][gc,age       ] GC(22) Age table with threshold 2 (max threshold 6)
[2020-01-13T13:42:36.474+0000][1][gc,age       ] GC(22) - age   1:    2835792 bytes,    2835792 total
[2020-01-13T13:42:36.474+0000][1][gc,age       ] GC(22) - age   2:    2944112 bytes,    5779904 total
[2020-01-13T13:42:36.474+0000][1][gc,heap      ] GC(22) ParNew: 73113K->8512K(76672K)
[2020-01-13T13:42:36.474+0000][1][gc,heap      ] GC(22) CMS: 61372K->62616K(176960K)
[2020-01-13T13:42:36.474+0000][1][gc,metaspace ] GC(22) Metaspace: 65990K->65990K(1110016K)
[2020-01-13T13:42:36.474+0000][1][gc           ] GC(22) Pause Young (Allocation Failure) 131M->69M(247M) 29.943ms
[2020-01-13T13:42:36.474+0000][1][gc,cpu       ] GC(22) User=0.03s Sys=0.00s Real=0.03s
[2020-01-13T13:42:36.474+0000][1][safepoint    ] Leaving safepoint region
[2020-01-13T13:42:36.474+0000][1][safepoint    ] Total time for which application threads were stopped: 0.0313843 seconds, Stopping threads took: 0.0012854 seconds
[2020-01-13T13:42:36.490+0000][1][safepoint    ] Application time: 0.0166118 seconds
[2020-01-13T13:42:36.490+0000][1][safepoint    ] Entering safepoint region: RevokeBias
[2020-01-13T13:42:36.490+0000][1][safepoint    ] Leaving safepoint region
[2020-01-13T13:42:36.490+0000][1][safepoint    ] Total time for which application threads were stopped: 0.0000873 seconds, Stopping threads took: 0.0000169 seconds
[2020-01-13T13:42:36.490+0000][1][safepoint    ] Application time: 0.0000487 seconds
[2020-01-13T13:42:36.490+0000][1][safepoint    ] Entering safepoint region: RevokeBias
[2020-01-13T13:42:36.490+0000][1][safepoint    ] Leaving safepoint region
[2020-01-13T13:42:36.490+0000][1][safepoint    ] Total time for which application threads were stopped: 0.0000269 seconds, Stopping threads took: 0.0000062 seconds
[2020-01-13T13:42:36.491+0000][1][safepoint    ] Application time: 0.0000188 seconds
[2020-01-13T13:42:36.491+0000][1][safepoint    ] Entering safepoint region: RevokeBias
[2020-01-13T13:42:36.491+0000][1][safepoint    ] Leaving safepoint region
[2020-01-13T13:42:36.491+0000][1][safepoint    ] Total time for which application threads were stopped: 0.0000256 seconds, Stopping threads took: 0.0000060 seconds
[2020-01-13T13:42:36.491+0000][1][safepoint    ] Application time: 0.0000188 seconds
[2020-01-13T13:42:36.491+0000][1][safepoint    ] Entering safepoint region: RevokeBias
[2020-01-13T13:42:36.491+0000][1][safepoint    ] Leaving safepoint region
[2020-01-13T13:42:36.491+0000][1][safepoint    ] Total time for which application threads were stopped: 0.0000248 seconds, Stopping threads took: 0.0000057 seconds
[2020-01-13T13:42:36.491+0000][1][safepoint    ] Application time: 0.0000184 seconds
[2020-01-13T13:42:36.491+0000][1][safepoint    ] Entering safepoint region: RevokeBias
[2020-01-13T13:42:36.491+0000][1][safepoint    ] Leaving safepoint region
[2020-01-13T13:42:36.491+0000][1][safepoint    ] Total time for which application threads were stopped: 0.0000249 seconds, Stopping threads took: 0.0000057 seconds
[2020-01-13T13:42:36.491+0000][1][safepoint    ] Application time: 0.0000217 seconds
[2020-01-13T13:42:36.491+0000][1][safepoint    ] Entering safepoint region: RevokeBias
[2020-01-13T13:42:36.491+0000][1][safepoint    ] Leaving safepoint region
[2020-01-13T13:42:36.491+0000][1][safepoint    ] Total time for which application threads were stopped: 0.0000249 seconds, Stopping threads took: 0.0000057 seconds
[2020-01-13T13:42:36.491+0000][1][safepoint    ] Application time: 0.0000189 seconds
[2020-01-13T13:42:36.491+0000][1][safepoint    ] Entering safepoint region: RevokeBias
[2020-01-13T13:42:36.491+0000][1][safepoint    ] Leaving safepoint region
[2020-01-13T13:42:36.491+0000][1][safepoint    ] Total time for which application threads were stopped: 0.0000352 seconds, Stopping threads took: 0.0000057 seconds
[2020-01-13T13:42:36.491+0000][1][safepoint    ] Application time: 0.0000208 seconds
[2020-01-13T13:42:36.491+0000][1][safepoint    ] Entering safepoint region: RevokeBias
[2020-01-13T13:42:36.491+0000][1][safepoint    ] Leaving safepoint region
[2020-01-13T13:42:36.491+0000][1][safepoint    ] Total time for which application threads were stopped: 0.0000252 seconds, Stopping threads took: 0.0000057 seconds
[2020-01-13T13:42:36.549+0000][1][safepoint    ] Application time: 0.0582630 seconds
[2020-01-13T13:42:36.551+0000][1][safepoint    ] Entering safepoint region: RevokeBias
[2020-01-13T13:42:36.551+0000][1][safepoint    ] Leaving safepoint region
[2020-01-13T13:42:36.551+0000][1][safepoint    ] Total time for which application threads were stopped: 0.0018214 seconds, Stopping threads took: 0.0017347 seconds
[2020-01-13T13:42:36.648+0000][1][safepoint    ] Application time: 0.0972245 seconds
[2020-01-13T13:42:36.650+0000][1][safepoint    ] Entering safepoint region: Deoptimize
[2020-01-13T13:42:36.651+0000][1][safepoint    ] Leaving safepoint region
[2020-01-13T13:42:36.651+0000][1][safepoint    ] Total time for which application threads were stopped: 0.0031148 seconds, Stopping threads took: 0.0022057 seconds
[2020-01-13T13:42:36.724+0000][1][safepoint    ] Application time: 0.0727022 seconds
[2020-01-13T13:42:36.727+0000][1][safepoint    ] Entering safepoint region: RevokeBias
[2020-01-13T13:42:36.727+0000][1][safepoint    ] Leaving safepoint region
[2020-01-13T13:42:36.727+0000][1][safepoint    ] Total time for which application threads were stopped: 0.0032638 seconds, Stopping threads took: 0.0031728 seconds
[2020-01-13T13:42:36.731+0000][1][safepoint    ] Application time: 0.0040200 seconds
[2020-01-13T13:42:36.731+0000][1][safepoint    ] Entering safepoint region: RevokeBias
[2020-01-13T13:42:36.732+0000][1][safepoint    ] Leaving safepoint region
[2020-01-13T13:42:36.732+0000][1][safepoint    ] Total time for which application threads were stopped: 0.0001125 seconds, Stopping threads took: 0.0000377 seconds
[2020-01-13T13:42:36.832+0000][1][safepoint    ] Application time: 0.0999590 seconds
[2020-01-13T13:42:36.832+0000][1][safepoint    ] Entering safepoint region: RevokeBias
[2020-01-13T13:42:36.832+0000][1][safepoint    ] Leaving safepoint region
[2020-01-13T13:42:36.832+0000][1][safepoint    ] Total time for which application threads were stopped: 0.0004640 seconds, Stopping threads took: 0.0003191 seconds
[2020-01-13T13:42:36.861+0000][1][safepoint    ] Application time: 0.0290299 seconds
[2020-01-13T13:42:36.863+0000][1][safepoint    ] Entering safepoint region: RevokeBias
[2020-01-13T13:42:36.863+0000][1][safepoint    ] Leaving safepoint region
[2020-01-13T13:42:36.863+0000][1][safepoint    ] Total time for which application threads were stopped: 0.0020710 seconds, Stopping threads took: 0.0019850 seconds
[2020-01-13T13:42:36.864+0000][1][safepoint    ] Application time: 0.0003498 seconds
[2020-01-13T13:42:36.864+0000][1][safepoint    ] Entering safepoint region: RevokeBias
[2020-01-13T13:42:36.864+0000][1][safepoint    ] Leaving safepoint region
[2020-01-13T13:42:36.864+0000][1][safepoint    ] Total time for which application threads were stopped: 0.0000682 seconds, Stopping threads took: 0.0000113 seconds
[2020-01-13T13:42:36.946+0000][1][safepoint    ] Application time: 0.0825900 seconds
[2020-01-13T13:42:36.947+0000][1][safepoint    ] Entering safepoint region: RevokeBias
[2020-01-13T13:42:36.947+0000][1][safepoint    ] Leaving safepoint region
[2020-01-13T13:42:36.947+0000][1][safepoint    ] Total time for which application threads were stopped: 0.0011097 seconds, Stopping threads took: 0.0010168 seconds
[2020-01-13T13:42:36.986+0000][1][safepoint    ] Application time: 0.0385098 seconds
[2020-01-13T13:42:36.987+0000][1][safepoint    ] Entering safepoint region: RevokeBias
[2020-01-13T13:42:36.987+0000][1][safepoint    ] Leaving safepoint region
[2020-01-13T13:42:36.988+0000][1][safepoint    ] Total time for which application threads were stopped: 0.0015827 seconds, Stopping threads took: 0.0014680 seconds
[2020-01-13T13:42:37.042+0000][1][safepoint    ] Application time: 0.0544527 seconds
[2020-01-13T13:42:37.045+0000][1][safepoint    ] Entering safepoint region: RevokeBias
[2020-01-13T13:42:37.045+0000][1][safepoint    ] Leaving safepoint region
[2020-01-13T13:42:37.045+0000][1][safepoint    ] Total time for which application threads were stopped: 0.0033839 seconds, Stopping threads took: 0.0032831 seconds
[2020-01-13T13:42:37.133+0000][1][safepoint    ] Application time: 0.0877298 seconds
[2020-01-13T13:42:37.134+0000][1][safepoint    ] Entering safepoint region: RevokeBias
[2020-01-13T13:42:37.134+0000][1][safepoint    ] Leaving safepoint region
[2020-01-13T13:42:37.134+0000][1][safepoint    ] Total time for which application threads were stopped: 0.0007929 seconds, Stopping threads took: 0.0006618 seconds
[2020-01-13T13:42:37.143+0000][1][safepoint    ] Application time: 0.0088870 seconds
[2020-01-13T13:42:37.150+0000][1][safepoint    ] Entering safepoint region: RevokeBias
[2020-01-13T13:42:37.150+0000][1][safepoint    ] Leaving safepoint region
[2020-01-13T13:42:37.150+0000][1][safepoint    ] Total time for which application threads were stopped: 0.0075093 seconds, Stopping threads took: 0.0074247 seconds
[2020-01-13T13:42:37.151+0000][1][safepoint    ] Application time: 0.0004558 seconds
[2020-01-13T13:42:37.151+0000][1][safepoint    ] Entering safepoint region: RevokeBias
[2020-01-13T13:42:37.151+0000][1][safepoint    ] Leaving safepoint region
[2020-01-13T13:42:37.151+0000][1][safepoint    ] Total time for which application threads were stopped: 0.0000655 seconds, Stopping threads took: 0.0000111 seconds
[2020-01-13T13:42:37.210+0000][1][safepoint    ] Application time: 0.0588102 seconds
[2020-01-13T13:42:37.213+0000][1][safepoint    ] Entering safepoint region: RevokeBias
[2020-01-13T13:42:37.213+0000][1][safepoint    ] Leaving safepoint region
[2020-01-13T13:42:37.213+0000][1][safepoint    ] Total time for which application threads were stopped: 0.0036270 seconds, Stopping threads took: 0.0035076 seconds
[2020-01-13T13:42:37.260+0000][1][safepoint    ] Application time: 0.0463638 seconds
[2020-01-13T13:42:37.260+0000][1][safepoint    ] Entering safepoint region: RevokeBias
[2020-01-13T13:42:37.260+0000][1][safepoint    ] Leaving safepoint region
[2020-01-13T13:42:37.260+0000][1][safepoint    ] Total time for which application threads were stopped: 0.0001411 seconds, Stopping threads took: 0.0000413 seconds
[2020-01-13T13:42:37.307+0000][1][safepoint    ] Application time: 0.0469688 seconds
[2020-01-13T13:42:37.310+0000][1][safepoint    ] Entering safepoint region: RevokeBias
[2020-01-13T13:42:37.310+0000][1][safepoint    ] Leaving safepoint region
[2020-01-13T13:42:37.310+0000][1][safepoint    ] Total time for which application threads were stopped: 0.0034164 seconds, Stopping threads took: 0.0033242 seconds
[2020-01-13T13:42:37.380+0000][1][safepoint    ] Application time: 0.0698743 seconds
[2020-01-13T13:42:37.380+0000][1][safepoint    ] Entering safepoint region: RevokeBias
[2020-01-13T13:42:37.380+0000][1][safepoint    ] Leaving safepoint region
[2020-01-13T13:42:37.380+0000][1][safepoint    ] Total time for which application threads were stopped: 0.0001321 seconds, Stopping threads took: 0.0000383 seconds
[2020-01-13T13:42:37.380+0000][1][safepoint    ] Application time: 0.0000321 seconds
[2020-01-13T13:42:37.380+0000][1][safepoint    ] Entering safepoint region: RevokeBias
[2020-01-13T13:42:37.380+0000][1][safepoint    ] Leaving safepoint region
[2020-01-13T13:42:37.380+0000][1][safepoint    ] Total time for which application threads were stopped: 0.0000193 seconds, Stopping threads took: 0.0000051 seconds
[2020-01-13T13:42:37.381+0000][1][safepoint    ] Application time: 0.0002519 seconds
[2020-01-13T13:42:37.381+0000][1][safepoint    ] Entering safepoint region: RevokeBias
[2020-01-13T13:42:37.381+0000][1][safepoint    ] Leaving safepoint region
[2020-01-13T13:42:37.381+0000][1][safepoint    ] Total time for which application threads were stopped: 0.0000737 seconds, Stopping threads took: 0.0000240 seconds
[2020-01-13T13:42:37.381+0000][1][safepoint    ] Application time: 0.0000264 seconds
[2020-01-13T13:42:37.381+0000][1][safepoint    ] Entering safepoint region: RevokeBias
[2020-01-13T13:42:37.381+0000][1][safepoint    ] Leaving safepoint region
[2020-01-13T13:42:37.381+0000][1][safepoint    ] Total time for which application threads were stopped: 0.0000236 seconds, Stopping threads took: 0.0000057 seconds
[2020-01-13T13:42:37.381+0000][1][safepoint    ] Application time: 0.0000198 seconds
[2020-01-13T13:42:37.381+0000][1][safepoint    ] Entering safepoint region: RevokeBias
[2020-01-13T13:42:37.381+0000][1][safepoint    ] Leaving safepoint region
[2020-01-13T13:42:37.381+0000][1][safepoint    ] Total time for which application threads were stopped: 0.0000225 seconds, Stopping threads took: 0.0000057 seconds
[2020-01-13T13:42:37.381+0000][1][safepoint    ] Application time: 0.0000197 seconds
[2020-01-13T13:42:37.381+0000][1][safepoint    ] Entering safepoint region: RevokeBias
[2020-01-13T13:42:37.381+0000][1][safepoint    ] Leaving safepoint region
[2020-01-13T13:42:37.381+0000][1][safepoint    ] Total time for which application threads were stopped: 0.0000223 seconds, Stopping threads took: 0.0000056 seconds
[2020-01-13T13:42:37.381+0000][1][safepoint    ] Application time: 0.0000200 seconds
[2020-01-13T13:42:37.381+0000][1][safepoint    ] Entering safepoint region: RevokeBias
[2020-01-13T13:42:37.381+0000][1][safepoint    ] Leaving safepoint region
[2020-01-13T13:42:37.381+0000][1][safepoint    ] Total time for which application threads were stopped: 0.0000222 seconds, Stopping threads took: 0.0000056 seconds
[2020-01-13T13:42:37.381+0000][1][safepoint    ] Application time: 0.0000189 seconds
[2020-01-13T13:42:37.381+0000][1][safepoint    ] Entering safepoint region: RevokeBias
[2020-01-13T13:42:37.381+0000][1][safepoint    ] Leaving safepoint region
[2020-01-13T13:42:37.381+0000][1][safepoint    ] Total time for which application threads were stopped: 0.0000223 seconds, Stopping threads took: 0.0000056 seconds
[2020-01-13T13:42:37.493+0000][1][safepoint    ] Application time: 0.1116971 seconds
[2020-01-13T13:42:37.493+0000][1][safepoint    ] Entering safepoint region: RevokeBias
[2020-01-13T13:42:37.493+0000][1][safepoint    ] Leaving safepoint region
[2020-01-13T13:42:37.493+0000][1][safepoint    ] Total time for which application threads were stopped: 0.0001196 seconds, Stopping threads took: 0.0000304 seconds
[2020-01-13T13:42:37.502+0000][1][safepoint    ] Application time: 0.0090488 seconds
[2020-01-13T13:42:37.502+0000][1][safepoint    ] Entering safepoint region: RevokeBias
[2020-01-13T13:42:37.502+0000][1][safepoint    ] Leaving safepoint region
[2020-01-13T13:42:37.502+0000][1][safepoint    ] Total time for which application threads were stopped: 0.0000964 seconds, Stopping threads took: 0.0000246 seconds
[2020-01-13T13:42:37.541+0000][1][safepoint    ] Application time: 0.0386782 seconds
[2020-01-13T13:42:37.541+0000][1][safepoint    ] Entering safepoint region: RevokeBias
[2020-01-13T13:42:37.541+0000][1][safepoint    ] Leaving safepoint region
[2020-01-13T13:42:37.541+0000][1][safepoint    ] Total time for which application threads were stopped: 0.0004727 seconds, Stopping threads took: 0.0003806 seconds
[2020-01-13T13:42:38.255+0000][1][safepoint    ] Application time: 0.7139568 seconds
[2020-01-13T13:42:38.255+0000][1][safepoint    ] Entering safepoint region: RevokeBias
[2020-01-13T13:42:38.256+0000][1][safepoint    ] Leaving safepoint region
[2020-01-13T13:42:38.256+0000][1][safepoint    ] Total time for which application threads were stopped: 0.0001989 seconds, Stopping threads took: 0.0000715 seconds
[2020-01-13T13:42:38.259+0000][1][safepoint    ] Application time: 0.0033843 seconds
[2020-01-13T13:42:38.262+0000][1][safepoint    ] Entering safepoint region: RevokeBias
[2020-01-13T13:42:38.262+0000][1][safepoint    ] Leaving safepoint region
[2020-01-13T13:42:38.262+0000][1][safepoint    ] Total time for which application threads were stopped: 0.0033989 seconds, Stopping threads took: 0.0033038 seconds
[2020-01-13T13:42:38.263+0000][1][safepoint    ] Application time: 0.0007234 seconds
[2020-01-13T13:42:38.263+0000][1][safepoint    ] Entering safepoint region: RevokeBias
[2020-01-13T13:42:38.263+0000][1][safepoint    ] Leaving safepoint region
[2020-01-13T13:42:38.263+0000][1][safepoint    ] Total time for which application threads were stopped: 0.0001162 seconds, Stopping threads took: 0.0000242 seconds
[2020-01-13T13:42:38.263+0000][1][safepoint    ] Application time: 0.0000327 seconds
[2020-01-13T13:42:38.263+0000][1][safepoint    ] Entering safepoint region: RevokeBias
[2020-01-13T13:42:38.263+0000][1][safepoint    ] Leaving safepoint region
[2020-01-13T13:42:38.263+0000][1][safepoint    ] Total time for which application threads were stopped: 0.0000387 seconds, Stopping threads took: 0.0000061 seconds
[2020-01-13T13:42:38.304+0000][1][safepoint    ] Application time: 0.0404815 seconds
[2020-01-13T13:42:38.306+0000][1][safepoint    ] Entering safepoint region: RevokeBias
[2020-01-13T13:42:38.306+0000][1][safepoint    ] Leaving safepoint region
[2020-01-13T13:42:38.306+0000][1][safepoint    ] Total time for which application threads were stopped: 0.0025509 seconds, Stopping threads took: 0.0024364 seconds
[2020-01-13T13:42:38.308+0000][1][safepoint    ] Application time: 0.0019737 seconds
[2020-01-13T13:42:38.308+0000][1][safepoint    ] Entering safepoint region: RevokeBias
[2020-01-13T13:42:38.309+0000][1][safepoint    ] Leaving safepoint region
[2020-01-13T13:42:38.309+0000][1][safepoint    ] Total time for which application threads were stopped: 0.0001184 seconds, Stopping threads took: 0.0000230 seconds
[2020-01-13T13:42:38.309+0000][1][safepoint    ] Application time: 0.0006757 seconds
[2020-01-13T13:42:38.309+0000][1][safepoint    ] Entering safepoint region: RevokeBias
[2020-01-13T13:42:38.309+0000][1][safepoint    ] Leaving safepoint region
[2020-01-13T13:42:38.309+0000][1][safepoint    ] Total time for which application threads were stopped: 0.0000871 seconds, Stopping threads took: 0.0000237 seconds
[2020-01-13T13:42:38.332+0000][1][safepoint    ] Application time: 0.0226047 seconds
[2020-01-13T13:42:38.334+0000][1][safepoint    ] Entering safepoint region: RevokeBias
[2020-01-13T13:42:38.334+0000][1][safepoint    ] Leaving safepoint region
[2020-01-13T13:42:38.334+0000][1][safepoint    ] Total time for which application threads were stopped: 0.0020692 seconds, Stopping threads took: 0.0019978 seconds
[2020-01-13T13:42:38.334+0000][1][safepoint    ] Application time: 0.0003383 seconds
[2020-01-13T13:42:38.334+0000][1][safepoint    ] Entering safepoint region: RevokeBias
[2020-01-13T13:42:38.335+0000][1][safepoint    ] Leaving safepoint region
[2020-01-13T13:42:38.335+0000][1][safepoint    ] Total time for which application threads were stopped: 0.0001114 seconds, Stopping threads took: 0.0000098 seconds
[2020-01-13T13:42:38.339+0000][1][safepoint    ] Application time: 0.0047813 seconds
[2020-01-13T13:42:38.339+0000][1][safepoint    ] Entering safepoint region: RevokeBias
[2020-01-13T13:42:38.339+0000][1][safepoint    ] Leaving safepoint region
[2020-01-13T13:42:38.339+0000][1][safepoint    ] Total time for which application threads were stopped: 0.0000641 seconds, Stopping threads took: 0.0000118 seconds
[2020-01-13T13:42:38.343+0000][1][safepoint    ] Application time: 0.0032044 seconds
[2020-01-13T13:42:38.343+0000][1][safepoint    ] Entering safepoint region: RevokeBias
[2020-01-13T13:42:38.343+0000][1][safepoint    ] Leaving safepoint region
[2020-01-13T13:42:38.343+0000][1][safepoint    ] Total time for which application threads were stopped: 0.0000743 seconds, Stopping threads took: 0.0000214 seconds
[2020-01-13T13:42:38.343+0000][1][safepoint    ] Application time: 0.0000301 seconds
[2020-01-13T13:42:38.343+0000][1][safepoint    ] Entering safepoint region: RevokeBias
[2020-01-13T13:42:38.343+0000][1][safepoint    ] Leaving safepoint region
[2020-01-13T13:42:38.343+0000][1][safepoint    ] Total time for which application threads were stopped: 0.0000470 seconds, Stopping threads took: 0.0000237 seconds
[2020-01-13T13:42:38.367+0000][1][safepoint    ] Application time: 0.0245430 seconds
[2020-01-13T13:42:38.368+0000][1][safepoint    ] Entering safepoint region: Deoptimize
[2020-01-13T13:42:38.368+0000][1][safepoint    ] Leaving safepoint region
[2020-01-13T13:42:38.368+0000][1][safepoint    ] Total time for which application threads were stopped: 0.0010114 seconds, Stopping threads took: 0.0001038 seconds
[2020-01-13T13:42:38.382+0000][1][safepoint    ] Application time: 0.0136130 seconds
[2020-01-13T13:42:38.387+0000][1][safepoint    ] Entering safepoint region: Deoptimize
[2020-01-13T13:42:38.388+0000][1][safepoint    ] Leaving safepoint region
[2020-01-13T13:42:38.388+0000][1][safepoint    ] Total time for which application threads were stopped: 0.0062017 seconds, Stopping threads took: 0.0052134 seconds
[2020-01-13T13:42:38.403+0000][1][safepoint    ] Application time: 0.0150138 seconds
[2020-01-13T13:42:38.405+0000][1][safepoint    ] Entering safepoint region: RevokeBias
[2020-01-13T13:42:38.406+0000][1][safepoint    ] Leaving safepoint region
[2020-01-13T13:42:38.406+0000][1][safepoint    ] Total time for which application threads were stopped: 0.0021707 seconds, Stopping threads took: 0.0020833 seconds
[2020-01-13T13:42:38.407+0000][1][safepoint    ] Application time: 0.0011731 seconds
[2020-01-13T13:42:38.407+0000][1][safepoint    ] Entering safepoint region: RevokeBias
[2020-01-13T13:42:38.407+0000][1][safepoint    ] Leaving safepoint region
[2020-01-13T13:42:38.407+0000][1][safepoint    ] Total time for which application threads were stopped: 0.0006520 seconds, Stopping threads took: 0.0005790 seconds
[2020-01-13T13:42:38.408+0000][1][safepoint    ] Application time: 0.0001888 seconds
[2020-01-13T13:42:38.408+0000][1][safepoint    ] Entering safepoint region: RevokeBias
[2020-01-13T13:42:38.408+0000][1][safepoint    ] Leaving safepoint region
[2020-01-13T13:42:38.408+0000][1][safepoint    ] Total time for which application threads were stopped: 0.0000521 seconds, Stopping threads took: 0.0000161 seconds
[2020-01-13T13:42:38.447+0000][1][safepoint    ] Application time: 0.0389523 seconds
[2020-01-13T13:42:38.451+0000][1][safepoint    ] Entering safepoint region: RevokeBias
[2020-01-13T13:42:38.451+0000][1][safepoint    ] Leaving safepoint region
[2020-01-13T13:42:38.451+0000][1][safepoint    ] Total time for which application threads were stopped: 0.0043911 seconds, Stopping threads took: 0.0042632 seconds
[2020-01-13T13:42:38.453+0000][1][safepoint    ] Application time: 0.0017244 seconds
[2020-01-13T13:42:38.453+0000][1][safepoint    ] Entering safepoint region: RevokeBias
[2020-01-13T13:42:38.453+0000][1][safepoint    ] Leaving safepoint region
[2020-01-13T13:42:38.453+0000][1][safepoint    ] Total time for which application threads were stopped: 0.0000995 seconds, Stopping threads took: 0.0000224 seconds
[2020-01-13T13:42:38.458+0000][1][safepoint    ] Application time: 0.0050108 seconds
[2020-01-13T13:42:38.458+0000][1][safepoint    ] Entering safepoint region: RevokeBias
[2020-01-13T13:42:38.458+0000][1][safepoint    ] Leaving safepoint region
[2020-01-13T13:42:38.458+0000][1][safepoint    ] Total time for which application threads were stopped: 0.0004464 seconds, Stopping threads took: 0.0003875 seconds
[2020-01-13T13:42:38.505+0000][1][safepoint    ] Application time: 0.0464554 seconds
[2020-01-13T13:42:38.505+0000][1][safepoint    ] Entering safepoint region: RevokeBias
[2020-01-13T13:42:38.505+0000][1][safepoint    ] Leaving safepoint region
[2020-01-13T13:42:38.505+0000][1][safepoint    ] Total time for which application threads were stopped: 0.0001603 seconds, Stopping threads took: 0.0000518 seconds
[2020-01-13T13:42:39.146+0000][1][safepoint    ] Application time: 0.6404945 seconds
[2020-01-13T13:42:39.146+0000][1][safepoint    ] Entering safepoint region: RevokeBias
[2020-01-13T13:42:39.146+0000][1][safepoint    ] Leaving safepoint region
[2020-01-13T13:42:39.146+0000][1][safepoint    ] Total time for which application threads were stopped: 0.0001325 seconds, Stopping threads took: 0.0000367 seconds
[2020-01-13T13:42:39.146+0000][1][safepoint    ] Application time: 0.0004253 seconds
[2020-01-13T13:42:39.146+0000][1][safepoint    ] Entering safepoint region: RevokeBias
[2020-01-13T13:42:39.146+0000][1][safepoint    ] Leaving safepoint region
[2020-01-13T13:42:39.146+0000][1][safepoint    ] Total time for which application threads were stopped: 0.0000577 seconds, Stopping threads took: 0.0000098 seconds
[2020-01-13T13:42:40.146+0000][1][safepoint    ] Application time: 1.0000609 seconds
[2020-01-13T13:42:40.146+0000][1][safepoint    ] Entering safepoint region: Cleanup
[2020-01-13T13:42:40.146+0000][1][safepoint    ] Leaving safepoint region
[2020-01-13T13:42:40.146+0000][1][safepoint    ] Total time for which application threads were stopped: 0.0001037 seconds, Stopping threads took: 0.0000216 seconds
[2020-01-13T13:42:41.146+0000][1][safepoint    ] Application time: 0.9992165 seconds
[2020-01-13T13:42:41.146+0000][1][safepoint    ] Entering safepoint region: RevokeBias
[2020-01-13T13:42:41.146+0000][1][safepoint    ] Leaving safepoint region
[2020-01-13T13:42:41.146+0000][1][safepoint    ] Total time for which application threads were stopped: 0.0001414 seconds, Stopping threads took: 0.0000201 seconds
[2020-01-13T13:42:41.146+0000][1][safepoint    ] Application time: 0.0003586 seconds
[2020-01-13T13:42:41.146+0000][1][safepoint    ] Entering safepoint region: RevokeBias
[2020-01-13T13:42:41.146+0000][1][safepoint    ] Leaving safepoint region
[2020-01-13T13:42:41.146+0000][1][safepoint    ] Total time for which application threads were stopped: 0.0000706 seconds, Stopping threads took: 0.0000086 seconds
[2020-01-13T13:42:42.146+0000][1][safepoint    ] Application time: 1.0000778 seconds
[2020-01-13T13:42:42.146+0000][1][safepoint    ] Entering safepoint region: Cleanup
[2020-01-13T13:42:42.147+0000][1][safepoint    ] Leaving safepoint region
[2020-01-13T13:42:42.147+0000][1][safepoint    ] Total time for which application threads were stopped: 0.0001174 seconds, Stopping threads took: 0.0000447 seconds
[2020-01-13T13:42:43.145+0000][1][safepoint    ] Application time: 0.9987450 seconds
[2020-01-13T13:42:43.145+0000][1][safepoint    ] Entering safepoint region: RevokeBias
[2020-01-13T13:42:43.145+0000][1][safepoint    ] Leaving safepoint region
[2020-01-13T13:42:43.145+0000][1][safepoint    ] Total time for which application threads were stopped: 0.0001170 seconds, Stopping threads took: 0.0000213 seconds
[2020-01-13T13:42:43.146+0000][1][safepoint    ] Application time: 0.0004092 seconds
[2020-01-13T13:42:43.146+0000][1][safepoint    ] Entering safepoint region: RevokeBias
[2020-01-13T13:42:43.146+0000][1][safepoint    ] Leaving safepoint region
[2020-01-13T13:42:43.146+0000][1][safepoint    ] Total time for which application threads were stopped: 0.0000656 seconds, Stopping threads took: 0.0000115 seconds
[2020-01-13T13:42:44.148+0000][1][safepoint    ] Application time: 1.0017391 seconds
[2020-01-13T13:42:44.148+0000][1][safepoint    ] Entering safepoint region: Cleanup
[2020-01-13T13:42:44.148+0000][1][safepoint    ] Leaving safepoint region
[2020-01-13T13:42:44.148+0000][1][safepoint    ] Total time for which application threads were stopped: 0.0000874 seconds, Stopping threads took: 0.0000206 seconds
[2020-01-13T13:42:44.233+0000][1][safepoint    ] Application time: 0.0851608 seconds
[2020-01-13T13:42:44.233+0000][1][safepoint    ] Entering safepoint region: GenCollectForAllocation
[2020-01-13T13:42:44.233+0000][1][gc,start     ] GC(23) Pause Young (Allocation Failure)
[2020-01-13T13:42:44.233+0000][1][gc,task      ] GC(23) Using 1 workers of 1 for evacuation
[2020-01-13T13:42:44.264+0000][1][gc,age       ] GC(23) Desired survivor size 4358144 bytes, new threshold 6 (max threshold 6)
[2020-01-13T13:42:44.264+0000][1][gc,age       ] GC(23) Age table with threshold 6 (max threshold 6)
[2020-01-13T13:42:44.264+0000][1][gc,age       ] GC(23) - age   1:    1161912 bytes,    1161912 total
[2020-01-13T13:42:44.264+0000][1][gc,age       ] GC(23) - age   2:    2602360 bytes,    3764272 total
[2020-01-13T13:42:44.264+0000][1][gc,heap      ] GC(23) ParNew: 76636K->5388K(76672K)
[2020-01-13T13:42:44.264+0000][1][gc,heap      ] GC(23) CMS: 62616K->65602K(176960K)
[2020-01-13T13:42:44.264+0000][1][gc,metaspace ] GC(23) Metaspace: 70546K->70546K(1114112K)
[2020-01-13T13:42:44.264+0000][1][gc           ] GC(23) Pause Young (Allocation Failure) 135M->69M(247M) 31.047ms
[2020-01-13T13:42:44.264+0000][1][gc,cpu       ] GC(23) User=0.03s Sys=0.00s Real=0.03s
[2020-01-13T13:42:44.264+0000][1][safepoint    ] Leaving safepoint region
[2020-01-13T13:42:44.264+0000][1][safepoint    ] Total time for which application threads were stopped: 0.0312447 seconds, Stopping threads took: 0.0000244 seconds
[2020-01-13T13:42:45.146+0000][1][safepoint    ] Application time: 0.8820688 seconds
[2020-01-13T13:42:45.146+0000][1][safepoint    ] Entering safepoint region: RevokeBias
[2020-01-13T13:42:45.147+0000][1][safepoint    ] Leaving safepoint region
[2020-01-13T13:42:45.147+0000][1][safepoint    ] Total time for which application threads were stopped: 0.0001128 seconds, Stopping threads took: 0.0000230 seconds
[2020-01-13T13:42:45.147+0000][1][safepoint    ] Application time: 0.0005033 seconds
[2020-01-13T13:42:45.147+0000][1][safepoint    ] Entering safepoint region: RevokeBias
[2020-01-13T13:42:45.147+0000][1][safepoint    ] Leaving safepoint region
[2020-01-13T13:42:45.147+0000][1][safepoint    ] Total time for which application threads were stopped: 0.0000638 seconds, Stopping threads took: 0.0000119 seconds
[2020-01-13T13:42:46.147+0000][1][safepoint    ] Application time: 1.0001763 seconds
[2020-01-13T13:42:46.147+0000][1][safepoint    ] Entering safepoint region: Cleanup
[2020-01-13T13:42:46.148+0000][1][safepoint    ] Leaving safepoint region
[2020-01-13T13:42:46.148+0000][1][safepoint    ] Total time for which application threads were stopped: 0.0001207 seconds, Stopping threads took: 0.0000312 seconds
[2020-01-13T13:42:47.148+0000][1][safepoint    ] Application time: 1.0000966 seconds
[2020-01-13T13:42:47.148+0000][1][safepoint    ] Entering safepoint region: Cleanup
[2020-01-13T13:42:47.148+0000][1][safepoint    ] Leaving safepoint region
[2020-01-13T13:42:47.148+0000][1][safepoint    ] Total time for which application threads were stopped: 0.0006321 seconds, Stopping threads took: 0.0005478 seconds
[2020-01-13T13:42:47.149+0000][1][safepoint    ] Application time: 0.0006670 seconds
[2020-01-13T13:42:47.149+0000][1][safepoint    ] Entering safepoint region: RevokeBias
[2020-01-13T13:42:47.149+0000][1][safepoint    ] Leaving safepoint region
[2020-01-13T13:42:47.149+0000][1][safepoint    ] Total time for which application threads were stopped: 0.0000968 seconds, Stopping threads took: 0.0000216 seconds
[2020-01-13T13:42:47.150+0000][1][safepoint    ] Application time: 0.0012733 seconds
[2020-01-13T13:42:47.150+0000][1][safepoint    ] Entering safepoint region: RevokeBias
[2020-01-13T13:42:47.150+0000][1][safepoint    ] Leaving safepoint region
[2020-01-13T13:42:47.150+0000][1][safepoint    ] Total time for which application threads were stopped: 0.0000755 seconds, Stopping threads took: 0.0000245 seconds
[2020-01-13T13:42:48.151+0000][1][safepoint    ] Application time: 1.0000869 seconds
[2020-01-13T13:42:48.152+0000][1][safepoint    ] Entering safepoint region: Cleanup
[2020-01-13T13:42:48.152+0000][1][safepoint    ] Leaving safepoint region
[2020-01-13T13:42:48.152+0000][1][safepoint    ] Total time for which application threads were stopped: 0.0001299 seconds, Stopping threads took: 0.0000400 seconds
[2020-01-13T13:42:49.148+0000][1][safepoint    ] Application time: 0.9959736 seconds
[2020-01-13T13:42:49.148+0000][1][safepoint    ] Entering safepoint region: RevokeBias
[2020-01-13T13:42:49.148+0000][1][safepoint    ] Leaving safepoint region
[2020-01-13T13:42:49.148+0000][1][safepoint    ] Total time for which application threads were stopped: 0.0001396 seconds, Stopping threads took: 0.0000332 seconds
[2020-01-13T13:42:49.151+0000][1][safepoint    ] Application time: 0.0030653 seconds
[2020-01-13T13:42:49.151+0000][1][safepoint    ] Entering safepoint region: RevokeBias
[2020-01-13T13:42:49.151+0000][1][safepoint    ] Leaving safepoint region
[2020-01-13T13:42:49.151+0000][1][safepoint    ] Total time for which application threads were stopped: 0.0001016 seconds, Stopping threads took: 0.0000287 seconds
[2020-01-13T13:42:50.152+0000][1][safepoint    ] Application time: 1.0000901 seconds
[2020-01-13T13:42:50.152+0000][1][safepoint    ] Entering safepoint region: Cleanup
[2020-01-13T13:42:50.152+0000][1][safepoint    ] Leaving safepoint region
[2020-01-13T13:42:50.152+0000][1][safepoint    ] Total time for which application threads were stopped: 0.0001296 seconds, Stopping threads took: 0.0000455 seconds
[2020-01-13T13:42:51.149+0000][1][safepoint    ] Application time: 0.9974143 seconds
[2020-01-13T13:42:51.149+0000][1][safepoint    ] Entering safepoint region: RevokeBias
[2020-01-13T13:42:51.149+0000][1][safepoint    ] Leaving safepoint region
[2020-01-13T13:42:51.149+0000][1][safepoint    ] Total time for which application threads were stopped: 0.0001411 seconds, Stopping threads took: 0.0000210 seconds
[2020-01-13T13:42:51.150+0000][1][safepoint    ] Application time: 0.0004090 seconds
[2020-01-13T13:42:51.150+0000][1][safepoint    ] Entering safepoint region: RevokeBias
[2020-01-13T13:42:51.150+0000][1][safepoint    ] Leaving safepoint region
[2020-01-13T13:42:51.150+0000][1][safepoint    ] Total time for which application threads were stopped: 0.0000602 seconds, Stopping threads took: 0.0000123 seconds
[2020-01-13T13:42:52.151+0000][1][safepoint    ] Application time: 1.0007301 seconds
[2020-01-13T13:42:52.151+0000][1][safepoint    ] Entering safepoint region: Cleanup
[2020-01-13T13:42:52.151+0000][1][safepoint    ] Leaving safepoint region
[2020-01-13T13:42:52.151+0000][1][safepoint    ] Total time for which application threads were stopped: 0.0001212 seconds, Stopping threads took: 0.0000384 seconds
[2020-01-13T13:42:53.149+0000][1][safepoint    ] Application time: 0.9983422 seconds
[2020-01-13T13:42:53.149+0000][1][safepoint    ] Entering safepoint region: RevokeBias
[2020-01-13T13:42:53.149+0000][1][safepoint    ] Leaving safepoint region
[2020-01-13T13:42:53.149+0000][1][safepoint    ] Total time for which application threads were stopped: 0.0001622 seconds, Stopping threads took: 0.0000309 seconds
[2020-01-13T13:42:53.150+0000][1][safepoint    ] Application time: 0.0005421 seconds
[2020-01-13T13:42:53.150+0000][1][safepoint    ] Entering safepoint region: BulkRevokeBias
[2020-01-13T13:42:53.150+0000][1][safepoint    ] Leaving safepoint region
[2020-01-13T13:42:53.150+0000][1][safepoint    ] Total time for which application threads were stopped: 0.0002911 seconds, Stopping threads took: 0.0000209 seconds
[2020-01-13T13:42:53.150+0000][1][safepoint    ] Application time: 0.0001110 seconds
[2020-01-13T13:42:53.150+0000][1][safepoint    ] Entering safepoint region: RevokeBias
[2020-01-13T13:42:53.150+0000][1][safepoint    ] Leaving safepoint region
[2020-01-13T13:42:53.150+0000][1][safepoint    ] Total time for which application threads were stopped: 0.0000663 seconds, Stopping threads took: 0.0000168 seconds
[2020-01-13T13:42:54.043+0000][1][safepoint    ] Application time: 0.8925988 seconds
[2020-01-13T13:42:54.044+0000][1][safepoint    ] Entering safepoint region: RevokeBias
[2020-01-13T13:42:54.044+0000][1][safepoint    ] Leaving safepoint region
[2020-01-13T13:42:54.044+0000][1][safepoint    ] Total time for which application threads were stopped: 0.0011721 seconds, Stopping threads took: 0.0010115 seconds
[2020-01-13T13:42:54.080+0000][1][safepoint    ] Application time: 0.0356286 seconds
[2020-01-13T13:42:54.082+0000][1][safepoint    ] Entering safepoint region: RevokeBias
[2020-01-13T13:42:54.082+0000][1][safepoint    ] Leaving safepoint region
[2020-01-13T13:42:54.082+0000][1][safepoint    ] Total time for which application threads were stopped: 0.0019411 seconds, Stopping threads took: 0.0018474 seconds
[2020-01-13T13:42:54.084+0000][1][safepoint    ] Application time: 0.0018415 seconds
[2020-01-13T13:42:54.084+0000][1][safepoint    ] Entering safepoint region: RevokeBias
[2020-01-13T13:42:54.084+0000][1][safepoint    ] Leaving safepoint region
[2020-01-13T13:42:54.084+0000][1][safepoint    ] Total time for which application threads were stopped: 0.0000962 seconds, Stopping threads took: 0.0000145 seconds
[2020-01-13T13:42:54.097+0000][1][safepoint    ] Application time: 0.0128052 seconds
[2020-01-13T13:42:54.097+0000][1][safepoint    ] Entering safepoint region: RevokeBias
[2020-01-13T13:42:54.097+0000][1][safepoint    ] Leaving safepoint region
[2020-01-13T13:42:54.097+0000][1][safepoint    ] Total time for which application threads were stopped: 0.0001620 seconds, Stopping threads took: 0.0000755 seconds
[2020-01-13T13:42:54.099+0000][1][safepoint    ] Application time: 0.0026709 seconds
[2020-01-13T13:42:54.100+0000][1][safepoint    ] Entering safepoint region: RevokeBias
[2020-01-13T13:42:54.100+0000][1][safepoint    ] Leaving safepoint region
[2020-01-13T13:42:54.100+0000][1][safepoint    ] Total time for which application threads were stopped: 0.0001097 seconds, Stopping threads took: 0.0000502 seconds
[2020-01-13T13:42:55.105+0000][1][safepoint    ] Application time: 1.0057823 seconds
[2020-01-13T13:42:55.105+0000][1][safepoint    ] Entering safepoint region: Cleanup
[2020-01-13T13:42:55.106+0000][1][safepoint    ] Leaving safepoint region
[2020-01-13T13:42:55.106+0000][1][safepoint    ] Total time for which application threads were stopped: 0.0001094 seconds, Stopping threads took: 0.0000278 seconds
[2020-01-13T13:42:55.150+0000][1][safepoint    ] Application time: 0.0445912 seconds
[2020-01-13T13:42:55.150+0000][1][safepoint    ] Entering safepoint region: RevokeBias
[2020-01-13T13:42:55.150+0000][1][safepoint    ] Leaving safepoint region
[2020-01-13T13:42:55.150+0000][1][safepoint    ] Total time for which application threads were stopped: 0.0001260 seconds, Stopping threads took: 0.0000200 seconds
[2020-01-13T13:42:55.151+0000][1][safepoint    ] Application time: 0.0003787 seconds
[2020-01-13T13:42:55.151+0000][1][safepoint    ] Entering safepoint region: RevokeBias
[2020-01-13T13:42:55.151+0000][1][safepoint    ] Leaving safepoint region
[2020-01-13T13:42:55.151+0000][1][safepoint    ] Total time for which application threads were stopped: 0.0000626 seconds, Stopping threads took: 0.0000115 seconds
[2020-01-13T13:42:56.151+0000][1][safepoint    ] Application time: 1.0000817 seconds
[2020-01-13T13:42:56.151+0000][1][safepoint    ] Entering safepoint region: Cleanup
[2020-01-13T13:42:56.151+0000][1][safepoint    ] Leaving safepoint region
[2020-01-13T13:42:56.151+0000][1][safepoint    ] Total time for which application threads were stopped: 0.0004661 seconds, Stopping threads took: 0.0003815 seconds
[2020-01-13T13:42:57.151+0000][1][safepoint    ] Application time: 0.9994234 seconds
[2020-01-13T13:42:57.151+0000][1][safepoint    ] Entering safepoint region: RevokeBias
[2020-01-13T13:42:57.151+0000][1][safepoint    ] Leaving safepoint region
[2020-01-13T13:42:57.151+0000][1][safepoint    ] Total time for which application threads were stopped: 0.0001435 seconds, Stopping threads took: 0.0000315 seconds
[2020-01-13T13:42:57.152+0000][1][safepoint    ] Application time: 0.0012484 seconds
[2020-01-13T13:42:57.152+0000][1][safepoint    ] Entering safepoint region: RevokeBias
[2020-01-13T13:42:57.152+0000][1][safepoint    ] Leaving safepoint region
[2020-01-13T13:42:57.152+0000][1][safepoint    ] Total time for which application threads were stopped: 0.0000774 seconds, Stopping threads took: 0.0000228 seconds
[2020-01-13T13:42:58.152+0000][1][safepoint    ] Application time: 1.0000845 seconds
[2020-01-13T13:42:58.153+0000][1][safepoint    ] Entering safepoint region: Cleanup
[2020-01-13T13:42:58.154+0000][1][safepoint    ] Leaving safepoint region
[2020-01-13T13:42:58.154+0000][1][safepoint    ] Total time for which application threads were stopped: 0.0001126 seconds, Stopping threads took: 0.0000346 seconds
[2020-01-13T13:42:59.151+0000][1][safepoint    ] Application time: 0.9979352 seconds
[2020-01-13T13:42:59.152+0000][1][safepoint    ] Entering safepoint region: RevokeBias
[2020-01-13T13:42:59.152+0000][1][safepoint    ] Leaving safepoint region
[2020-01-13T13:42:59.152+0000][1][safepoint    ] Total time for which application threads were stopped: 0.0001316 seconds, Stopping threads took: 0.0000208 seconds
[2020-01-13T13:42:59.152+0000][1][safepoint    ] Application time: 0.0003607 seconds
[2020-01-13T13:42:59.152+0000][1][safepoint    ] Entering safepoint region: RevokeBias
[2020-01-13T13:42:59.152+0000][1][safepoint    ] Leaving safepoint region
[2020-01-13T13:42:59.152+0000][1][safepoint    ] Total time for which application threads were stopped: 0.0000581 seconds, Stopping threads took: 0.0000094 seconds
[2020-01-13T13:43:00.152+0000][1][safepoint    ] Application time: 1.0000832 seconds
[2020-01-13T13:43:00.152+0000][1][safepoint    ] Entering safepoint region: Cleanup
[2020-01-13T13:43:00.153+0000][1][safepoint    ] Leaving safepoint region
[2020-01-13T13:43:00.153+0000][1][safepoint    ] Total time for which application threads were stopped: 0.0003285 seconds, Stopping threads took: 0.0002400 seconds
[2020-01-13T13:43:01.153+0000][1][safepoint    ] Application time: 1.0002185 seconds
[2020-01-13T13:43:01.153+0000][1][safepoint    ] Entering safepoint region: Cleanup
[2020-01-13T13:43:01.153+0000][1][safepoint    ] Leaving safepoint region
[2020-01-13T13:43:01.153+0000][1][safepoint    ] Total time for which application threads were stopped: 0.0001127 seconds, Stopping threads took: 0.0000306 seconds
[2020-01-13T13:43:01.155+0000][1][safepoint    ] Application time: 0.0020851 seconds
[2020-01-13T13:43:01.155+0000][1][safepoint    ] Entering safepoint region: BulkRevokeBias
[2020-01-13T13:43:01.155+0000][1][safepoint    ] Leaving safepoint region
[2020-01-13T13:43:01.155+0000][1][safepoint    ] Total time for which application threads were stopped: 0.0003375 seconds, Stopping threads took: 0.0000184 seconds
[2020-01-13T13:43:01.156+0000][1][safepoint    ] Application time: 0.0004174 seconds
[2020-01-13T13:43:01.156+0000][1][safepoint    ] Entering safepoint region: RevokeBias
[2020-01-13T13:43:01.156+0000][1][safepoint    ] Leaving safepoint region
[2020-01-13T13:43:01.156+0000][1][safepoint    ] Total time for which application threads were stopped: 0.0000622 seconds, Stopping threads took: 0.0000118 seconds
[2020-01-13T13:43:02.156+0000][1][safepoint    ] Application time: 1.0000766 seconds
[2020-01-13T13:43:02.156+0000][1][safepoint    ] Entering safepoint region: Cleanup
[2020-01-13T13:43:02.156+0000][1][safepoint    ] Leaving safepoint region
[2020-01-13T13:43:02.156+0000][1][safepoint    ] Total time for which application threads were stopped: 0.0000950 seconds, Stopping threads took: 0.0000219 seconds
[2020-01-13T13:43:03.152+0000][1][safepoint    ] Application time: 0.9958291 seconds
[2020-01-13T13:43:03.152+0000][1][safepoint    ] Entering safepoint region: RevokeBias
[2020-01-13T13:43:03.152+0000][1][safepoint    ] Leaving safepoint region
[2020-01-13T13:43:03.152+0000][1][safepoint    ] Total time for which application threads were stopped: 0.0001562 seconds, Stopping threads took: 0.0000340 seconds
[2020-01-13T13:43:03.154+0000][1][safepoint    ] Application time: 0.0014382 seconds
[2020-01-13T13:43:03.154+0000][1][safepoint    ] Entering safepoint region: RevokeBias
[2020-01-13T13:43:03.155+0000][1][safepoint    ] Leaving safepoint region
[2020-01-13T13:43:03.155+0000][1][safepoint    ] Total time for which application threads were stopped: 0.0000986 seconds, Stopping threads took: 0.0000255 seconds
[2020-01-13T13:43:04.155+0000][1][safepoint    ] Application time: 1.0000875 seconds
[2020-01-13T13:43:04.155+0000][1][safepoint    ] Entering safepoint region: Cleanup
[2020-01-13T13:43:04.155+0000][1][safepoint    ] Leaving safepoint region
[2020-01-13T13:43:04.155+0000][1][safepoint    ] Total time for which application threads were stopped: 0.0001173 seconds, Stopping threads took: 0.0000426 seconds
[2020-01-13T13:43:05.153+0000][1][safepoint    ] Application time: 0.9985765 seconds
[2020-01-13T13:43:05.153+0000][1][safepoint    ] Entering safepoint region: RevokeBias
[2020-01-13T13:43:05.154+0000][1][safepoint    ] Leaving safepoint region
[2020-01-13T13:43:05.154+0000][1][safepoint    ] Total time for which application threads were stopped: 0.0001491 seconds, Stopping threads took: 0.0000297 seconds
[2020-01-13T13:43:05.155+0000][1][safepoint    ] Application time: 0.0012371 seconds
[2020-01-13T13:43:05.155+0000][1][safepoint    ] Entering safepoint region: RevokeBias
[2020-01-13T13:43:05.155+0000][1][safepoint    ] Leaving safepoint region
[2020-01-13T13:43:05.155+0000][1][safepoint    ] Total time for which application threads were stopped: 0.0000869 seconds, Stopping threads took: 0.0000243 seconds
[2020-01-13T13:43:06.155+0000][1][safepoint    ] Application time: 1.0000919 seconds
[2020-01-13T13:43:06.155+0000][1][safepoint    ] Entering safepoint region: Cleanup
[2020-01-13T13:43:06.155+0000][1][safepoint    ] Leaving safepoint region
[2020-01-13T13:43:06.155+0000][1][safepoint    ] Total time for which application threads were stopped: 0.0001274 seconds, Stopping threads took: 0.0000504 seconds
[2020-01-13T13:43:07.154+0000][1][safepoint    ] Application time: 0.9991334 seconds
[2020-01-13T13:43:07.154+0000][1][safepoint    ] Entering safepoint region: RevokeBias
[2020-01-13T13:43:07.155+0000][1][safepoint    ] Leaving safepoint region
[2020-01-13T13:43:07.155+0000][1][safepoint    ] Total time for which application threads were stopped: 0.0001709 seconds, Stopping threads took: 0.0000383 seconds
[2020-01-13T13:43:07.156+0000][1][safepoint    ] Application time: 0.0013566 seconds
[2020-01-13T13:43:07.156+0000][1][safepoint    ] Entering safepoint region: RevokeBias
[2020-01-13T13:43:07.156+0000][1][safepoint    ] Leaving safepoint region
[2020-01-13T13:43:07.156+0000][1][safepoint    ] Total time for which application threads were stopped: 0.0000799 seconds, Stopping threads took: 0.0000123 seconds
[2020-01-13T13:43:08.156+0000][1][safepoint    ] Application time: 1.0000817 seconds
[2020-01-13T13:43:08.157+0000][1][safepoint    ] Entering safepoint region: Cleanup
[2020-01-13T13:43:08.157+0000][1][safepoint    ] Leaving safepoint region
[2020-01-13T13:43:08.157+0000][1][safepoint    ] Total time for which application threads were stopped: 0.0001925 seconds, Stopping threads took: 0.0001024 seconds
[2020-01-13T13:43:09.154+0000][1][safepoint    ] Application time: 0.9965146 seconds
[2020-01-13T13:43:09.154+0000][1][safepoint    ] Entering safepoint region: RevokeBias
[2020-01-13T13:43:09.154+0000][1][safepoint    ] Leaving safepoint region
[2020-01-13T13:43:09.154+0000][1][safepoint    ] Total time for which application threads were stopped: 0.0001159 seconds, Stopping threads took: 0.0000209 seconds
[2020-01-13T13:43:09.154+0000][1][safepoint    ] Application time: 0.0003681 seconds
[2020-01-13T13:43:09.155+0000][1][safepoint    ] Entering safepoint region: RevokeBias
[2020-01-13T13:43:09.155+0000][1][safepoint    ] Leaving safepoint region
[2020-01-13T13:43:09.155+0000][1][safepoint    ] Total time for which application threads were stopped: 0.0000672 seconds, Stopping threads took: 0.0000110 seconds
[2020-01-13T13:43:10.052+0000][1][safepoint    ] Application time: 0.8976662 seconds
[2020-01-13T13:43:10.052+0000][1][safepoint    ] Entering safepoint region: RevokeBias
[2020-01-13T13:43:10.053+0000][1][safepoint    ] Leaving safepoint region
[2020-01-13T13:43:10.053+0000][1][safepoint    ] Total time for which application threads were stopped: 0.0002437 seconds, Stopping threads took: 0.0001305 seconds
[2020-01-13T13:43:10.061+0000][1][safepoint    ] Application time: 0.0085626 seconds
[2020-01-13T13:43:10.063+0000][1][safepoint    ] Entering safepoint region: RevokeBias
[2020-01-13T13:43:10.063+0000][1][safepoint    ] Leaving safepoint region
[2020-01-13T13:43:10.063+0000][1][safepoint    ] Total time for which application threads were stopped: 0.0019315 seconds, Stopping threads took: 0.0018308 seconds
[2020-01-13T13:43:10.074+0000][1][safepoint    ] Application time: 0.0112373 seconds
[2020-01-13T13:43:10.077+0000][1][safepoint    ] Entering safepoint region: RevokeBias
[2020-01-13T13:43:10.077+0000][1][safepoint    ] Leaving safepoint region
[2020-01-13T13:43:10.077+0000][1][safepoint    ] Total time for which application threads were stopped: 0.0025402 seconds, Stopping threads took: 0.0024496 seconds
[2020-01-13T13:43:11.077+0000][1][safepoint    ] Application time: 1.0001649 seconds
[2020-01-13T13:43:11.077+0000][1][safepoint    ] Entering safepoint region: Cleanup
[2020-01-13T13:43:11.077+0000][1][safepoint    ] Leaving safepoint region
[2020-01-13T13:43:11.077+0000][1][safepoint    ] Total time for which application threads were stopped: 0.0001347 seconds, Stopping threads took: 0.0000299 seconds
[2020-01-13T13:43:11.156+0000][1][safepoint    ] Application time: 0.0782158 seconds
[2020-01-13T13:43:11.156+0000][1][safepoint    ] Entering safepoint region: RevokeBias
[2020-01-13T13:43:11.156+0000][1][safepoint    ] Leaving safepoint region
[2020-01-13T13:43:11.156+0000][1][safepoint    ] Total time for which application threads were stopped: 0.0001357 seconds, Stopping threads took: 0.0000318 seconds
[2020-01-13T13:43:11.157+0000][1][safepoint    ] Application time: 0.0013124 seconds
[2020-01-13T13:43:11.157+0000][1][safepoint    ] Entering safepoint region: RevokeBias
[2020-01-13T13:43:11.157+0000][1][safepoint    ] Leaving safepoint region
[2020-01-13T13:43:11.157+0000][1][safepoint    ] Total time for which application threads were stopped: 0.0000922 seconds, Stopping threads took: 0.0000242 seconds
[2020-01-13T13:43:12.157+0000][1][safepoint    ] Application time: 1.0001390 seconds
[2020-01-13T13:43:12.157+0000][1][safepoint    ] Entering safepoint region: Cleanup
[2020-01-13T13:43:12.157+0000][1][safepoint    ] Leaving safepoint region
[2020-01-13T13:43:12.157+0000][1][safepoint    ] Total time for which application threads were stopped: 0.0000910 seconds, Stopping threads took: 0.0000197 seconds
[2020-01-13T13:43:12.689+0000][1][safepoint    ] Application time: 0.5315956 seconds
[2020-01-13T13:43:12.689+0000][1][safepoint    ] Entering safepoint region: RevokeBias
[2020-01-13T13:43:12.689+0000][1][safepoint    ] Leaving safepoint region
[2020-01-13T13:43:12.689+0000][1][safepoint    ] Total time for which application threads were stopped: 0.0002028 seconds, Stopping threads took: 0.0000407 seconds
[2020-01-13T13:43:12.708+0000][1][safepoint    ] Application time: 0.0188398 seconds
[2020-01-13T13:43:12.708+0000][1][safepoint    ] Entering safepoint region: RevokeBias
[2020-01-13T13:43:12.708+0000][1][safepoint    ] Leaving safepoint region
[2020-01-13T13:43:12.708+0000][1][safepoint    ] Total time for which application threads were stopped: 0.0001695 seconds, Stopping threads took: 0.0000448 seconds
[2020-01-13T13:43:12.711+0000][1][safepoint    ] Application time: 0.0029657 seconds
[2020-01-13T13:43:12.711+0000][1][safepoint    ] Entering safepoint region: RevokeBias
[2020-01-13T13:43:12.711+0000][1][safepoint    ] Leaving safepoint region
[2020-01-13T13:43:12.711+0000][1][safepoint    ] Total time for which application threads were stopped: 0.0000885 seconds, Stopping threads took: 0.0000242 seconds
[2020-01-13T13:43:13.157+0000][1][safepoint    ] Application time: 0.4458764 seconds
[2020-01-13T13:43:13.158+0000][1][safepoint    ] Entering safepoint region: RevokeBias
[2020-01-13T13:43:13.159+0000][1][safepoint    ] Leaving safepoint region
[2020-01-13T13:43:13.159+0000][1][safepoint    ] Total time for which application threads were stopped: 0.0002414 seconds, Stopping threads took: 0.0000964 seconds
[2020-01-13T13:43:13.159+0000][1][safepoint    ] Application time: 0.0005389 seconds
[2020-01-13T13:43:13.159+0000][1][safepoint    ] Entering safepoint region: RevokeBias
[2020-01-13T13:43:13.159+0000][1][safepoint    ] Leaving safepoint region
[2020-01-13T13:43:13.159+0000][1][safepoint    ] Total time for which application threads were stopped: 0.0001016 seconds, Stopping threads took: 0.0000125 seconds
[2020-01-13T13:43:14.159+0000][1][safepoint    ] Application time: 1.0000732 seconds
[2020-01-13T13:43:14.159+0000][1][safepoint    ] Entering safepoint region: Cleanup
[2020-01-13T13:43:14.160+0000][1][safepoint    ] Leaving safepoint region
[2020-01-13T13:43:14.160+0000][1][safepoint    ] Total time for which application threads were stopped: 0.0001254 seconds, Stopping threads took: 0.0000469 seconds
[2020-01-13T13:43:15.157+0000][1][safepoint    ] Application time: 0.9973223 seconds
[2020-01-13T13:43:15.157+0000][1][safepoint    ] Entering safepoint region: RevokeBias
[2020-01-13T13:43:15.157+0000][1][safepoint    ] Leaving safepoint region
[2020-01-13T13:43:15.157+0000][1][safepoint    ] Total time for which application threads were stopped: 0.0001120 seconds, Stopping threads took: 0.0000179 seconds
[2020-01-13T13:43:15.157+0000][1][safepoint    ] Application time: 0.0003690 seconds
[2020-01-13T13:43:15.157+0000][1][safepoint    ] Entering safepoint region: RevokeBias
[2020-01-13T13:43:15.157+0000][1][safepoint    ] Leaving safepoint region
[2020-01-13T13:43:15.157+0000][1][safepoint    ] Total time for which application threads were stopped: 0.0000777 seconds, Stopping threads took: 0.0000202 seconds
[2020-01-13T13:43:16.159+0000][1][safepoint    ] Application time: 1.0017823 seconds
[2020-01-13T13:43:16.159+0000][1][safepoint    ] Entering safepoint region: Cleanup
[2020-01-13T13:43:16.159+0000][1][safepoint    ] Leaving safepoint region
[2020-01-13T13:43:16.159+0000][1][safepoint    ] Total time for which application threads were stopped: 0.0001120 seconds, Stopping threads took: 0.0000210 seconds
[2020-01-13T13:43:16.574+0000][1][safepoint    ] Application time: 0.4148072 seconds
[2020-01-13T13:43:16.574+0000][1][safepoint    ] Entering safepoint region: RevokeBias
[2020-01-13T13:43:16.574+0000][1][safepoint    ] Leaving safepoint region
[2020-01-13T13:43:16.574+0000][1][safepoint    ] Total time for which application threads were stopped: 0.0001240 seconds, Stopping threads took: 0.0000204 seconds
[2020-01-13T13:43:17.158+0000][1][safepoint    ] Application time: 0.5834153 seconds
[2020-01-13T13:43:17.158+0000][1][safepoint    ] Entering safepoint region: RevokeBias
[2020-01-13T13:43:17.158+0000][1][safepoint    ] Leaving safepoint region
[2020-01-13T13:43:17.158+0000][1][safepoint    ] Total time for which application threads were stopped: 0.0001093 seconds, Stopping threads took: 0.0000197 seconds
[2020-01-13T13:43:17.158+0000][1][safepoint    ] Application time: 0.0004216 seconds
[2020-01-13T13:43:17.158+0000][1][safepoint    ] Entering safepoint region: BulkRevokeBias
[2020-01-13T13:43:17.159+0000][1][safepoint    ] Leaving safepoint region
[2020-01-13T13:43:17.159+0000][1][safepoint    ] Total time for which application threads were stopped: 0.0002671 seconds, Stopping threads took: 0.0000123 seconds
[2020-01-13T13:43:18.159+0000][1][safepoint    ] Application time: 1.0000758 seconds
[2020-01-13T13:43:18.160+0000][1][safepoint    ] Entering safepoint region: Cleanup
[2020-01-13T13:43:18.160+0000][1][safepoint    ] Leaving safepoint region
[2020-01-13T13:43:18.160+0000][1][safepoint    ] Total time for which application threads were stopped: 0.0001842 seconds, Stopping threads took: 0.0000849 seconds
[2020-01-13T13:43:19.161+0000][1][safepoint    ] Application time: 1.0004194 seconds
[2020-01-13T13:43:19.161+0000][1][safepoint    ] Entering safepoint region: Cleanup
[2020-01-13T13:43:19.161+0000][1][safepoint    ] Leaving safepoint region
[2020-01-13T13:43:19.161+0000][1][safepoint    ] Total time for which application threads were stopped: 0.0001042 seconds, Stopping threads took: 0.0000196 seconds
[2020-01-13T13:43:19.161+0000][1][safepoint    ] Application time: 0.0000911 seconds
[2020-01-13T13:43:19.161+0000][1][safepoint    ] Entering safepoint region: RevokeBias
[2020-01-13T13:43:19.161+0000][1][safepoint    ] Leaving safepoint region
[2020-01-13T13:43:19.161+0000][1][safepoint    ] Total time for which application threads were stopped: 0.0000459 seconds, Stopping threads took: 0.0000064 seconds
[2020-01-13T13:43:20.161+0000][1][safepoint    ] Application time: 1.0000746 seconds
[2020-01-13T13:43:20.161+0000][1][safepoint    ] Entering safepoint region: Cleanup
[2020-01-13T13:43:20.161+0000][1][safepoint    ] Leaving safepoint region
[2020-01-13T13:43:20.161+0000][1][safepoint    ] Total time for which application threads were stopped: 0.0001283 seconds, Stopping threads took: 0.0000359 seconds
[2020-01-13T13:43:21.158+0000][1][safepoint    ] Application time: 0.9971906 seconds
[2020-01-13T13:43:21.159+0000][1][safepoint    ] Entering safepoint region: RevokeBias
[2020-01-13T13:43:21.159+0000][1][safepoint    ] Leaving safepoint region
[2020-01-13T13:43:21.159+0000][1][safepoint    ] Total time for which application threads were stopped: 0.0001145 seconds, Stopping threads took: 0.0000192 seconds
[2020-01-13T13:43:22.160+0000][1][safepoint    ] Application time: 1.0011345 seconds
[2020-01-13T13:43:22.160+0000][1][safepoint    ] Entering safepoint region: Cleanup
[2020-01-13T13:43:22.160+0000][1][safepoint    ] Leaving safepoint region
[2020-01-13T13:43:22.160+0000][1][safepoint    ] Total time for which application threads were stopped: 0.0001178 seconds, Stopping threads took: 0.0000299 seconds
[2020-01-13T13:43:23.159+0000][1][safepoint    ] Application time: 0.9993573 seconds
[2020-01-13T13:43:23.159+0000][1][safepoint    ] Entering safepoint region: RevokeBias
[2020-01-13T13:43:23.159+0000][1][safepoint    ] Leaving safepoint region
[2020-01-13T13:43:23.160+0000][1][safepoint    ] Total time for which application threads were stopped: 0.0001191 seconds, Stopping threads took: 0.0000196 seconds
[2020-01-13T13:43:24.161+0000][1][safepoint    ] Application time: 1.0011318 seconds
[2020-01-13T13:43:24.161+0000][1][safepoint    ] Entering safepoint region: Cleanup
[2020-01-13T13:43:24.161+0000][1][safepoint    ] Leaving safepoint region
[2020-01-13T13:43:24.161+0000][1][safepoint    ] Total time for which application threads were stopped: 0.0000960 seconds, Stopping threads took: 0.0000204 seconds
[2020-01-13T13:43:25.162+0000][1][safepoint    ] Application time: 1.0015974 seconds
[2020-01-13T13:43:25.162+0000][1][safepoint    ] Entering safepoint region: RevokeBias
[2020-01-13T13:43:25.163+0000][1][safepoint    ] Leaving safepoint region
[2020-01-13T13:43:25.163+0000][1][safepoint    ] Total time for which application threads were stopped: 0.0001411 seconds, Stopping threads took: 0.0000202 seconds
[2020-01-13T13:43:26.163+0000][1][safepoint    ] Application time: 1.0000797 seconds
[2020-01-13T13:43:26.163+0000][1][safepoint    ] Entering safepoint region: Cleanup
[2020-01-13T13:43:26.163+0000][1][safepoint    ] Leaving safepoint region
[2020-01-13T13:43:26.163+0000][1][safepoint    ] Total time for which application threads were stopped: 0.0001929 seconds, Stopping threads took: 0.0001155 seconds
[2020-01-13T13:43:27.161+0000][1][safepoint    ] Application time: 0.9977500 seconds
[2020-01-13T13:43:27.161+0000][1][safepoint    ] Entering safepoint region: RevokeBias
[2020-01-13T13:43:27.161+0000][1][safepoint    ] Leaving safepoint region
[2020-01-13T13:43:27.161+0000][1][safepoint    ] Total time for which application threads were stopped: 0.0001209 seconds, Stopping threads took: 0.0000190 seconds
[2020-01-13T13:43:28.163+0000][1][safepoint    ] Application time: 1.0016994 seconds
[2020-01-13T13:43:28.163+0000][1][safepoint    ] Entering safepoint region: Cleanup
[2020-01-13T13:43:28.164+0000][1][safepoint    ] Leaving safepoint region
[2020-01-13T13:43:28.164+0000][1][safepoint    ] Total time for which application threads were stopped: 0.0001231 seconds, Stopping threads took: 0.0000339 seconds
[2020-01-13T13:43:29.162+0000][1][safepoint    ] Application time: 0.9985756 seconds
[2020-01-13T13:43:29.162+0000][1][safepoint    ] Entering safepoint region: RevokeBias
[2020-01-13T13:43:29.162+0000][1][safepoint    ] Leaving safepoint region
[2020-01-13T13:43:29.162+0000][1][safepoint    ] Total time for which application threads were stopped: 0.0001896 seconds, Stopping threads took: 0.0000304 seconds
[2020-01-13T13:43:30.163+0000][1][safepoint    ] Application time: 1.0004107 seconds
[2020-01-13T13:43:30.163+0000][1][safepoint    ] Entering safepoint region: Cleanup
[2020-01-13T13:43:30.163+0000][1][safepoint    ] Leaving safepoint region
[2020-01-13T13:43:30.163+0000][1][safepoint    ] Total time for which application threads were stopped: 0.0001215 seconds, Stopping threads took: 0.0000311 seconds
[2020-01-13T13:43:31.163+0000][1][safepoint    ] Application time: 1.0001807 seconds
[2020-01-13T13:43:31.163+0000][1][safepoint    ] Entering safepoint region: RevokeBias
[2020-01-13T13:43:31.163+0000][1][safepoint    ] Leaving safepoint region
[2020-01-13T13:43:31.163+0000][1][safepoint    ] Total time for which application threads were stopped: 0.0001533 seconds, Stopping threads took: 0.0000476 seconds
[2020-01-13T13:43:32.165+0000][1][safepoint    ] Application time: 1.0014956 seconds
[2020-01-13T13:43:32.165+0000][1][safepoint    ] Entering safepoint region: Cleanup
[2020-01-13T13:43:32.165+0000][1][safepoint    ] Leaving safepoint region
[2020-01-13T13:43:32.165+0000][1][safepoint    ] Total time for which application threads were stopped: 0.0001001 seconds, Stopping threads took: 0.0000208 seconds
[2020-01-13T13:43:33.165+0000][1][safepoint    ] Application time: 1.0000781 seconds
[2020-01-13T13:43:33.166+0000][1][safepoint    ] Entering safepoint region: Cleanup
[2020-01-13T13:43:33.166+0000][1][safepoint    ] Leaving safepoint region
[2020-01-13T13:43:33.166+0000][1][safepoint    ] Total time for which application threads were stopped: 0.0001650 seconds, Stopping threads took: 0.0000782 seconds
[2020-01-13T13:43:33.167+0000][1][safepoint    ] Application time: 0.0006025 seconds
[2020-01-13T13:43:33.167+0000][1][safepoint    ] Entering safepoint region: RevokeBias
[2020-01-13T13:43:33.167+0000][1][safepoint    ] Leaving safepoint region
[2020-01-13T13:43:33.167+0000][1][safepoint    ] Total time for which application threads were stopped: 0.0000947 seconds, Stopping threads took: 0.0000213 seconds
[2020-01-13T13:43:34.167+0000][1][safepoint    ] Application time: 1.0000863 seconds
[2020-01-13T13:43:34.167+0000][1][safepoint    ] Entering safepoint region: Cleanup
[2020-01-13T13:43:34.167+0000][1][safepoint    ] Leaving safepoint region
[2020-01-13T13:43:34.167+0000][1][safepoint    ] Total time for which application threads were stopped: 0.0001042 seconds, Stopping threads took: 0.0000201 seconds
[2020-01-13T13:43:35.164+0000][1][safepoint    ] Application time: 0.9965426 seconds
[2020-01-13T13:43:35.164+0000][1][safepoint    ] Entering safepoint region: RevokeBias
[2020-01-13T13:43:35.164+0000][1][safepoint    ] Leaving safepoint region
[2020-01-13T13:43:35.164+0000][1][safepoint    ] Total time for which application threads were stopped: 0.0001571 seconds, Stopping threads took: 0.0000194 seconds
[2020-01-13T13:43:36.165+0000][1][safepoint    ] Application time: 1.0009164 seconds
[2020-01-13T13:43:36.165+0000][1][safepoint    ] Entering safepoint region: Cleanup
[2020-01-13T13:43:36.165+0000][1][safepoint    ] Leaving safepoint region
[2020-01-13T13:43:36.165+0000][1][safepoint    ] Total time for which application threads were stopped: 0.0001171 seconds, Stopping threads took: 0.0000328 seconds
[2020-01-13T13:43:37.165+0000][1][safepoint    ] Application time: 0.9998522 seconds
[2020-01-13T13:43:37.165+0000][1][safepoint    ] Entering safepoint region: RevokeBias
[2020-01-13T13:43:37.165+0000][1][safepoint    ] Leaving safepoint region
[2020-01-13T13:43:37.165+0000][1][safepoint    ] Total time for which application threads were stopped: 0.0001210 seconds, Stopping threads took: 0.0000195 seconds
[2020-01-13T13:43:38.166+0000][1][safepoint    ] Application time: 1.0008203 seconds
[2020-01-13T13:43:38.167+0000][1][safepoint    ] Entering safepoint region: Cleanup
[2020-01-13T13:43:38.167+0000][1][safepoint    ] Leaving safepoint region
[2020-01-13T13:43:38.167+0000][1][safepoint    ] Total time for which application threads were stopped: 0.0001597 seconds, Stopping threads took: 0.0000685 seconds
[2020-01-13T13:43:39.165+0000][1][safepoint    ] Application time: 0.9983022 seconds
[2020-01-13T13:43:39.165+0000][1][safepoint    ] Entering safepoint region: RevokeBias
[2020-01-13T13:43:39.166+0000][1][safepoint    ] Leaving safepoint region
[2020-01-13T13:43:39.166+0000][1][safepoint    ] Total time for which application threads were stopped: 0.0001188 seconds, Stopping threads took: 0.0000197 seconds
[2020-01-13T13:43:40.167+0000][1][safepoint    ] Application time: 1.0014074 seconds
[2020-01-13T13:43:40.167+0000][1][safepoint    ] Entering safepoint region: Cleanup
[2020-01-13T13:43:40.167+0000][1][safepoint    ] Leaving safepoint region
[2020-01-13T13:43:40.167+0000][1][safepoint    ] Total time for which application threads were stopped: 0.0001067 seconds, Stopping threads took: 0.0000212 seconds
[2020-01-13T13:43:41.167+0000][1][safepoint    ] Application time: 0.9998022 seconds
[2020-01-13T13:43:41.167+0000][1][safepoint    ] Entering safepoint region: RevokeBias
[2020-01-13T13:43:41.167+0000][1][safepoint    ] Leaving safepoint region
[2020-01-13T13:43:41.167+0000][1][safepoint    ] Total time for which application threads were stopped: 0.0001231 seconds, Stopping threads took: 0.0000207 seconds
[2020-01-13T13:43:42.167+0000][1][safepoint    ] Application time: 1.0000767 seconds
[2020-01-13T13:43:42.167+0000][1][safepoint    ] Entering safepoint region: Cleanup
[2020-01-13T13:43:42.167+0000][1][safepoint    ] Leaving safepoint region
[2020-01-13T13:43:42.168+0000][1][safepoint    ] Total time for which application threads were stopped: 0.0002444 seconds, Stopping threads took: 0.0001570 seconds
[2020-01-13T13:43:43.166+0000][1][safepoint    ] Application time: 0.9983328 seconds
[2020-01-13T13:43:43.167+0000][1][safepoint    ] Entering safepoint region: RevokeBias
[2020-01-13T13:43:43.167+0000][1][safepoint    ] Leaving safepoint region
[2020-01-13T13:43:43.167+0000][1][safepoint    ] Total time for which application threads were stopped: 0.0002363 seconds, Stopping threads took: 0.0000694 seconds
[2020-01-13T13:43:44.167+0000][1][safepoint    ] Application time: 1.0000935 seconds
[2020-01-13T13:43:44.168+0000][1][safepoint    ] Entering safepoint region: Cleanup
[2020-01-13T13:43:44.168+0000][1][safepoint    ] Leaving safepoint region
[2020-01-13T13:43:44.168+0000][1][safepoint    ] Total time for which application threads were stopped: 0.0005258 seconds, Stopping threads took: 0.0004275 seconds
[2020-01-13T13:43:45.168+0000][1][safepoint    ] Application time: 1.0001594 seconds
[2020-01-13T13:43:45.168+0000][1][safepoint    ] Entering safepoint region: Cleanup
[2020-01-13T13:43:45.168+0000][1][safepoint    ] Leaving safepoint region
[2020-01-13T13:43:45.168+0000][1][safepoint    ] Total time for which application threads were stopped: 0.0001275 seconds, Stopping threads took: 0.0000308 seconds
[2020-01-13T13:43:45.169+0000][1][safepoint    ] Application time: 0.0006237 seconds
[2020-01-13T13:43:45.169+0000][1][safepoint    ] Entering safepoint region: RevokeBias
[2020-01-13T13:43:45.169+0000][1][safepoint    ] Leaving safepoint region
[2020-01-13T13:43:45.169+0000][1][safepoint    ] Total time for which application threads were stopped: 0.0001172 seconds, Stopping threads took: 0.0000257 seconds
[2020-01-13T13:43:46.169+0000][1][safepoint    ] Application time: 1.0002797 seconds
[2020-01-13T13:43:46.169+0000][1][safepoint    ] Entering safepoint region: Cleanup
[2020-01-13T13:43:46.169+0000][1][safepoint    ] Leaving safepoint region
[2020-01-13T13:43:46.169+0000][1][safepoint    ] Total time for which application threads were stopped: 0.0001034 seconds, Stopping threads took: 0.0000235 seconds
[2020-01-13T13:43:47.168+0000][1][safepoint    ] Application time: 0.9983978 seconds
[2020-01-13T13:43:47.168+0000][1][safepoint    ] Entering safepoint region: RevokeBias
[2020-01-13T13:43:47.168+0000][1][safepoint    ] Leaving safepoint region
[2020-01-13T13:43:47.168+0000][1][safepoint    ] Total time for which application threads were stopped: 0.0001368 seconds, Stopping threads took: 0.0000302 seconds
[2020-01-13T13:43:48.168+0000][1][safepoint    ] Application time: 1.0000857 seconds
[2020-01-13T13:43:48.169+0000][1][safepoint    ] Entering safepoint region: Cleanup
[2020-01-13T13:43:48.169+0000][1][safepoint    ] Leaving safepoint region
[2020-01-13T13:43:48.169+0000][1][safepoint    ] Total time for which application threads were stopped: 0.0001449 seconds, Stopping threads took: 0.0000489 seconds
[2020-01-13T13:43:49.169+0000][1][safepoint    ] Application time: 0.9992667 seconds
[2020-01-13T13:43:49.169+0000][1][safepoint    ] Entering safepoint region: RevokeBias
[2020-01-13T13:43:49.169+0000][1][safepoint    ] Leaving safepoint region
[2020-01-13T13:43:49.169+0000][1][safepoint    ] Total time for which application threads were stopped: 0.0001515 seconds, Stopping threads took: 0.0000300 seconds
[2020-01-13T13:43:50.170+0000][1][safepoint    ] Application time: 1.0012556 seconds
[2020-01-13T13:43:50.170+0000][1][safepoint    ] Entering safepoint region: Cleanup
[2020-01-13T13:43:50.170+0000][1][safepoint    ] Leaving safepoint region
[2020-01-13T13:43:50.170+0000][1][safepoint    ] Total time for which application threads were stopped: 0.0001019 seconds, Stopping threads took: 0.0000191 seconds
[2020-01-13T13:43:51.168+0000][1][safepoint    ] Application time: 0.9982500 seconds
[2020-01-13T13:43:51.169+0000][1][safepoint    ] Entering safepoint region: RevokeBias
[2020-01-13T13:43:51.169+0000][1][safepoint    ] Leaving safepoint region
[2020-01-13T13:43:51.169+0000][1][safepoint    ] Total time for which application threads were stopped: 0.0001489 seconds, Stopping threads took: 0.0000306 seconds
[2020-01-13T13:43:52.169+0000][1][safepoint    ] Application time: 1.0000844 seconds
[2020-01-13T13:43:52.169+0000][1][safepoint    ] Entering safepoint region: Cleanup
[2020-01-13T13:43:52.170+0000][1][safepoint    ] Leaving safepoint region
[2020-01-13T13:43:52.170+0000][1][safepoint    ] Total time for which application threads were stopped: 0.0007164 seconds, Stopping threads took: 0.0006405 seconds
[2020-01-13T13:43:53.170+0000][1][safepoint    ] Application time: 1.0001558 seconds
[2020-01-13T13:43:53.170+0000][1][safepoint    ] Entering safepoint region: RevokeBias
[2020-01-13T13:43:53.170+0000][1][safepoint    ] Leaving safepoint region
[2020-01-13T13:43:53.170+0000][1][safepoint    ] Total time for which application threads were stopped: 0.0001222 seconds, Stopping threads took: 0.0000192 seconds
[2020-01-13T13:43:54.170+0000][1][safepoint    ] Application time: 1.0000952 seconds
[2020-01-13T13:43:54.170+0000][1][safepoint    ] Entering safepoint region: Cleanup
[2020-01-13T13:43:54.170+0000][1][safepoint    ] Leaving safepoint region
[2020-01-13T13:43:54.170+0000][1][safepoint    ] Total time for which application threads were stopped: 0.0001629 seconds, Stopping threads took: 0.0000722 seconds
[2020-01-13T13:43:55.170+0000][1][safepoint    ] Application time: 0.9999643 seconds
[2020-01-13T13:43:55.170+0000][1][safepoint    ] Entering safepoint region: RevokeBias
[2020-01-13T13:43:55.170+0000][1][safepoint    ] Leaving safepoint region
[2020-01-13T13:43:55.170+0000][1][safepoint    ] Total time for which application threads were stopped: 0.0001651 seconds, Stopping threads took: 0.0000348 seconds
[2020-01-13T13:43:56.171+0000][1][safepoint    ] Application time: 1.0000853 seconds
[2020-01-13T13:43:56.171+0000][1][safepoint    ] Entering safepoint region: Cleanup
[2020-01-13T13:43:56.171+0000][1][safepoint    ] Leaving safepoint region
[2020-01-13T13:43:56.171+0000][1][safepoint    ] Total time for which application threads were stopped: 0.0001244 seconds, Stopping threads took: 0.0000283 seconds
[2020-01-13T13:43:57.171+0000][1][safepoint    ] Application time: 1.0001591 seconds
[2020-01-13T13:43:57.171+0000][1][safepoint    ] Entering safepoint region: RevokeBias
[2020-01-13T13:43:57.171+0000][1][safepoint    ] Leaving safepoint region
[2020-01-13T13:43:57.171+0000][1][safepoint    ] Total time for which application threads were stopped: 0.0001613 seconds, Stopping threads took: 0.0000429 seconds
[2020-01-13T13:43:58.171+0000][1][safepoint    ] Application time: 1.0000866 seconds
[2020-01-13T13:43:58.172+0000][1][safepoint    ] Entering safepoint region: Cleanup
[2020-01-13T13:43:58.172+0000][1][safepoint    ] Leaving safepoint region
[2020-01-13T13:43:58.172+0000][1][safepoint    ] Total time for which application threads were stopped: 0.0001884 seconds, Stopping threads took: 0.0000795 seconds
[2020-01-13T13:43:59.171+0000][1][safepoint    ] Application time: 0.9990742 seconds
[2020-01-13T13:43:59.172+0000][1][safepoint    ] Entering safepoint region: RevokeBias
[2020-01-13T13:43:59.172+0000][1][safepoint    ] Leaving safepoint region
[2020-01-13T13:43:59.172+0000][1][safepoint    ] Total time for which application threads were stopped: 0.0001379 seconds, Stopping threads took: 0.0000213 seconds
[2020-01-13T13:44:00.172+0000][1][safepoint    ] Application time: 1.0000826 seconds
[2020-01-13T13:44:00.172+0000][1][safepoint    ] Entering safepoint region: Cleanup
[2020-01-13T13:44:00.172+0000][1][safepoint    ] Leaving safepoint region
[2020-01-13T13:44:00.172+0000][1][safepoint    ] Total time for which application threads were stopped: 0.0003406 seconds, Stopping threads took: 0.0002588 seconds
[2020-01-13T13:44:01.172+0000][1][safepoint    ] Application time: 0.9998148 seconds
[2020-01-13T13:44:01.172+0000][1][safepoint    ] Entering safepoint region: RevokeBias
[2020-01-13T13:44:01.172+0000][1][safepoint    ] Leaving safepoint region
[2020-01-13T13:44:01.172+0000][1][safepoint    ] Total time for which application threads were stopped: 0.0001748 seconds, Stopping threads took: 0.0000355 seconds
[2020-01-13T13:44:02.173+0000][1][safepoint    ] Application time: 1.0011495 seconds
[2020-01-13T13:44:02.173+0000][1][safepoint    ] Entering safepoint region: Cleanup
[2020-01-13T13:44:02.173+0000][1][safepoint    ] Leaving safepoint region
[2020-01-13T13:44:02.174+0000][1][safepoint    ] Total time for which application threads were stopped: 0.0001122 seconds, Stopping threads took: 0.0000213 seconds
[2020-01-13T13:44:03.173+0000][1][safepoint    ] Application time: 0.9992501 seconds
[2020-01-13T13:44:03.174+0000][1][safepoint    ] Entering safepoint region: RevokeBias
[2020-01-13T13:44:03.174+0000][1][safepoint    ] Leaving safepoint region
[2020-01-13T13:44:03.174+0000][1][safepoint    ] Total time for which application threads were stopped: 0.0001579 seconds, Stopping threads took: 0.0000319 seconds
[2020-01-13T13:44:04.174+0000][1][safepoint    ] Application time: 1.0000941 seconds
[2020-01-13T13:44:04.174+0000][1][safepoint    ] Entering safepoint region: Cleanup
[2020-01-13T13:44:04.174+0000][1][safepoint    ] Leaving safepoint region
[2020-01-13T13:44:04.174+0000][1][safepoint    ] Total time for which application threads were stopped: 0.0001074 seconds, Stopping threads took: 0.0000210 seconds
[2020-01-13T13:44:05.173+0000][1][safepoint    ] Application time: 0.9985469 seconds
[2020-01-13T13:44:05.173+0000][1][safepoint    ] Entering safepoint region: BulkRevokeBias
[2020-01-13T13:44:05.173+0000][1][safepoint    ] Leaving safepoint region
[2020-01-13T13:44:05.173+0000][1][safepoint    ] Total time for which application threads were stopped: 0.0003558 seconds, Stopping threads took: 0.0000325 seconds
[2020-01-13T13:44:06.174+0000][1][safepoint    ] Application time: 1.0009277 seconds
[2020-01-13T13:44:06.174+0000][1][safepoint    ] Entering safepoint region: Cleanup
[2020-01-13T13:44:06.174+0000][1][safepoint    ] Leaving safepoint region
[2020-01-13T13:44:06.174+0000][1][safepoint    ] Total time for which application threads were stopped: 0.0001197 seconds, Stopping threads took: 0.0000202 seconds
[2020-01-13T13:44:07.173+0000][1][safepoint    ] Application time: 0.9991244 seconds
[2020-01-13T13:44:07.173+0000][1][safepoint    ] Entering safepoint region: RevokeBias
[2020-01-13T13:44:07.174+0000][1][safepoint    ] Leaving safepoint region
[2020-01-13T13:44:07.174+0000][1][safepoint    ] Total time for which application threads were stopped: 0.0001469 seconds, Stopping threads took: 0.0000322 seconds
[2020-01-13T13:44:08.174+0000][1][safepoint    ] Application time: 1.0007788 seconds
[2020-01-13T13:44:08.176+0000][1][safepoint    ] Entering safepoint region: Cleanup
[2020-01-13T13:44:08.176+0000][1][safepoint    ] Leaving safepoint region
[2020-01-13T13:44:08.176+0000][1][safepoint    ] Total time for which application threads were stopped: 0.0001768 seconds, Stopping threads took: 0.0000765 seconds
[2020-01-13T13:44:09.174+0000][1][safepoint    ] Application time: 0.9987146 seconds
[2020-01-13T13:44:09.174+0000][1][safepoint    ] Entering safepoint region: RevokeBias
[2020-01-13T13:44:09.175+0000][1][safepoint    ] Leaving safepoint region
[2020-01-13T13:44:09.175+0000][1][safepoint    ] Total time for which application threads were stopped: 0.0001631 seconds, Stopping threads took: 0.0000345 seconds
[2020-01-13T13:44:10.175+0000][1][safepoint    ] Application time: 1.0000827 seconds
[2020-01-13T13:44:10.177+0000][1][safepoint    ] Entering safepoint region: Cleanup
[2020-01-13T13:44:10.177+0000][1][safepoint    ] Leaving safepoint region
[2020-01-13T13:44:10.177+0000][1][safepoint    ] Total time for which application threads were stopped: 0.0020735 seconds, Stopping threads took: 0.0019783 seconds
[2020-01-13T13:44:11.174+0000][1][safepoint    ] Application time: 0.9975047 seconds
[2020-01-13T13:44:11.174+0000][1][safepoint    ] Entering safepoint region: RevokeBias
[2020-01-13T13:44:11.175+0000][1][safepoint    ] Leaving safepoint region
[2020-01-13T13:44:11.175+0000][1][safepoint    ] Total time for which application threads were stopped: 0.0001537 seconds, Stopping threads took: 0.0000312 seconds
[2020-01-13T13:44:12.175+0000][1][safepoint    ] Application time: 1.0000962 seconds
[2020-01-13T13:44:12.175+0000][1][safepoint    ] Entering safepoint region: Cleanup
[2020-01-13T13:44:12.175+0000][1][safepoint    ] Leaving safepoint region
[2020-01-13T13:44:12.175+0000][1][safepoint    ] Total time for which application threads were stopped: 0.0001436 seconds, Stopping threads took: 0.0000371 seconds
[2020-01-13T13:44:13.175+0000][1][safepoint    ] Application time: 1.0000841 seconds
[2020-01-13T13:44:13.176+0000][1][safepoint    ] Entering safepoint region: Cleanup
[2020-01-13T13:44:13.176+0000][1][safepoint    ] Leaving safepoint region
[2020-01-13T13:44:13.176+0000][1][safepoint    ] Total time for which application threads were stopped: 0.0001740 seconds, Stopping threads took: 0.0000740 seconds
[2020-01-13T13:44:13.176+0000][1][safepoint    ] Application time: 0.0000159 seconds
[2020-01-13T13:44:13.176+0000][1][safepoint    ] Entering safepoint region: RevokeBias
[2020-01-13T13:44:13.176+0000][1][safepoint    ] Leaving safepoint region
[2020-01-13T13:44:13.176+0000][1][safepoint    ] Total time for which application threads were stopped: 0.0000507 seconds, Stopping threads took: 0.0000057 seconds
[2020-01-13T13:44:14.176+0000][1][safepoint    ] Application time: 1.0000401 seconds
[2020-01-13T13:44:14.177+0000][1][safepoint    ] Entering safepoint region: Cleanup
[2020-01-13T13:44:14.178+0000][1][safepoint    ] Leaving safepoint region
[2020-01-13T13:44:14.178+0000][1][safepoint    ] Total time for which application threads were stopped: 0.0012182 seconds, Stopping threads took: 0.0011307 seconds
[2020-01-13T13:44:15.084+0000][1][safepoint    ] Application time: 0.9064241 seconds
[2020-01-13T13:44:15.085+0000][1][safepoint    ] Entering safepoint region: GenCollectForAllocation
[2020-01-13T13:44:15.085+0000][1][gc,start     ] GC(24) Pause Young (Allocation Failure)
[2020-01-13T13:44:15.085+0000][1][gc,task      ] GC(24) Using 1 workers of 1 for evacuation
[2020-01-13T13:44:15.101+0000][1][gc,age       ] GC(24) Desired survivor size 4358144 bytes, new threshold 6 (max threshold 6)
[2020-01-13T13:44:15.101+0000][1][gc,age       ] GC(24) Age table with threshold 6 (max threshold 6)
[2020-01-13T13:44:15.101+0000][1][gc,age       ] GC(24) - age   1:     157504 bytes,     157504 total
[2020-01-13T13:44:15.101+0000][1][gc,age       ] GC(24) - age   2:    1143952 bytes,    1301456 total
[2020-01-13T13:44:15.101+0000][1][gc,age       ] GC(24) - age   3:    2600704 bytes,    3902160 total
[2020-01-13T13:44:15.101+0000][1][gc,heap      ] GC(24) ParNew: 73548K->4104K(76672K)
[2020-01-13T13:44:15.101+0000][1][gc,heap      ] GC(24) CMS: 65602K->65602K(176960K)
[2020-01-13T13:44:15.101+0000][1][gc,metaspace ] GC(24) Metaspace: 71192K->71192K(1114112K)
[2020-01-13T13:44:15.101+0000][1][gc           ] GC(24) Pause Young (Allocation Failure) 135M->68M(247M) 15.735ms
[2020-01-13T13:44:15.101+0000][1][gc,cpu       ] GC(24) User=0.02s Sys=0.00s Real=0.02s
[2020-01-13T13:44:15.101+0000][1][safepoint    ] Leaving safepoint region
[2020-01-13T13:44:15.101+0000][1][safepoint    ] Total time for which application threads were stopped: 0.0169922 seconds, Stopping threads took: 0.0010576 seconds
[2020-01-13T13:44:15.176+0000][1][safepoint    ] Application time: 0.0744771 seconds
[2020-01-13T13:44:15.176+0000][1][safepoint    ] Entering safepoint region: RevokeBias
[2020-01-13T13:44:15.176+0000][1][safepoint    ] Leaving safepoint region
[2020-01-13T13:44:15.176+0000][1][safepoint    ] Total time for which application threads were stopped: 0.0002001 seconds, Stopping threads took: 0.0000206 seconds
[2020-01-13T13:44:16.176+0000][1][safepoint    ] Application time: 1.0005739 seconds
[2020-01-13T13:44:16.176+0000][1][safepoint    ] Entering safepoint region: Cleanup
[2020-01-13T13:44:16.177+0000][1][safepoint    ] Leaving safepoint region
[2020-01-13T13:44:16.177+0000][1][safepoint    ] Total time for which application threads were stopped: 0.0001176 seconds, Stopping threads took: 0.0000312 seconds
[2020-01-13T13:44:17.176+0000][1][safepoint    ] Application time: 0.9994716 seconds
[2020-01-13T13:44:17.176+0000][1][safepoint    ] Entering safepoint region: RevokeBias
[2020-01-13T13:44:17.176+0000][1][safepoint    ] Leaving safepoint region
[2020-01-13T13:44:17.176+0000][1][safepoint    ] Total time for which application threads were stopped: 0.0001529 seconds, Stopping threads took: 0.0000355 seconds
[2020-01-13T13:44:18.176+0000][1][safepoint    ] Application time: 1.0000631 seconds
[2020-01-13T13:44:18.179+0000][1][safepoint    ] Entering safepoint region: Cleanup
[2020-01-13T13:44:18.179+0000][1][safepoint    ] Leaving safepoint region
[2020-01-13T13:44:18.179+0000][1][safepoint    ] Total time for which application threads were stopped: 0.0015916 seconds, Stopping threads took: 0.0014911 seconds
[2020-01-13T13:44:19.177+0000][1][safepoint    ] Application time: 0.9978395 seconds
[2020-01-13T13:44:19.177+0000][1][safepoint    ] Entering safepoint region: RevokeBias
[2020-01-13T13:44:19.177+0000][1][safepoint    ] Leaving safepoint region
[2020-01-13T13:44:19.177+0000][1][safepoint    ] Total time for which application threads were stopped: 0.0001589 seconds, Stopping threads took: 0.0000349 seconds
[2020-01-13T13:44:20.178+0000][1][safepoint    ] Application time: 1.0010768 seconds
[2020-01-13T13:44:20.178+0000][1][safepoint    ] Entering safepoint region: Cleanup
[2020-01-13T13:44:20.178+0000][1][safepoint    ] Leaving safepoint region
[2020-01-13T13:44:20.178+0000][1][safepoint    ] Total time for which application threads were stopped: 0.0001189 seconds, Stopping threads took: 0.0000302 seconds
[2020-01-13T13:44:21.177+0000][1][safepoint    ] Application time: 0.9989751 seconds
[2020-01-13T13:44:21.177+0000][1][safepoint    ] Entering safepoint region: RevokeBias
[2020-01-13T13:44:21.177+0000][1][safepoint    ] Leaving safepoint region
[2020-01-13T13:44:21.177+0000][1][safepoint    ] Total time for which application threads were stopped: 0.0001492 seconds, Stopping threads took: 0.0000189 seconds
[2020-01-13T13:44:22.179+0000][1][safepoint    ] Application time: 1.0014051 seconds
[2020-01-13T13:44:22.179+0000][1][safepoint    ] Entering safepoint region: Cleanup
[2020-01-13T13:44:22.179+0000][1][safepoint    ] Leaving safepoint region
[2020-01-13T13:44:22.179+0000][1][safepoint    ] Total time for which application threads were stopped: 0.0000997 seconds, Stopping threads took: 0.0000236 seconds
[2020-01-13T13:44:23.178+0000][1][safepoint    ] Application time: 0.9990725 seconds
[2020-01-13T13:44:23.178+0000][1][safepoint    ] Entering safepoint region: RevokeBias
[2020-01-13T13:44:23.178+0000][1][safepoint    ] Leaving safepoint region
[2020-01-13T13:44:23.178+0000][1][safepoint    ] Total time for which application threads were stopped: 0.0001589 seconds, Stopping threads took: 0.0000319 seconds
[2020-01-13T13:44:24.178+0000][1][safepoint    ] Application time: 1.0000557 seconds
[2020-01-13T13:44:24.178+0000][1][safepoint    ] Entering safepoint region: Cleanup
[2020-01-13T13:44:24.178+0000][1][safepoint    ] Leaving safepoint region
[2020-01-13T13:44:24.178+0000][1][safepoint    ] Total time for which application threads were stopped: 0.0001356 seconds, Stopping threads took: 0.0000380 seconds
[2020-01-13T13:44:25.179+0000][1][safepoint    ] Application time: 1.0000929 seconds
[2020-01-13T13:44:25.179+0000][1][safepoint    ] Entering safepoint region: Cleanup
[2020-01-13T13:44:25.179+0000][1][safepoint    ] Leaving safepoint region
[2020-01-13T13:44:25.179+0000][1][safepoint    ] Total time for which application threads were stopped: 0.0001261 seconds, Stopping threads took: 0.0000387 seconds
[2020-01-13T13:44:25.179+0000][1][safepoint    ] Application time: 0.0000927 seconds
[2020-01-13T13:44:25.179+0000][1][safepoint    ] Entering safepoint region: RevokeBias
[2020-01-13T13:44:25.179+0000][1][safepoint    ] Leaving safepoint region
[2020-01-13T13:44:25.179+0000][1][safepoint    ] Total time for which application threads were stopped: 0.0000731 seconds, Stopping threads took: 0.0000172 seconds
[2020-01-13T13:44:26.179+0000][1][safepoint    ] Application time: 1.0000820 seconds
[2020-01-13T13:44:26.179+0000][1][safepoint    ] Entering safepoint region: Cleanup
[2020-01-13T13:44:26.179+0000][1][safepoint    ] Leaving safepoint region
[2020-01-13T13:44:26.179+0000][1][safepoint    ] Total time for which application threads were stopped: 0.0001711 seconds, Stopping threads took: 0.0000546 seconds
[2020-01-13T13:44:27.179+0000][1][safepoint    ] Application time: 0.9999552 seconds
[2020-01-13T13:44:27.179+0000][1][safepoint    ] Entering safepoint region: RevokeBias
[2020-01-13T13:44:27.179+0000][1][safepoint    ] Leaving safepoint region
[2020-01-13T13:44:27.179+0000][1][safepoint    ] Total time for which application threads were stopped: 0.0001535 seconds, Stopping threads took: 0.0000314 seconds
[2020-01-13T13:44:28.180+0000][1][safepoint    ] Application time: 1.0000866 seconds
[2020-01-13T13:44:28.183+0000][1][safepoint    ] Entering safepoint region: Cleanup
[2020-01-13T13:44:28.183+0000][1][safepoint    ] Leaving safepoint region
[2020-01-13T13:44:28.183+0000][1][safepoint    ] Total time for which application threads were stopped: 0.0021491 seconds, Stopping threads took: 0.0020675 seconds
[2020-01-13T13:44:29.182+0000][1][safepoint    ] Application time: 0.9988325 seconds
[2020-01-13T13:44:29.182+0000][1][safepoint    ] Entering safepoint region: RevokeBias
[2020-01-13T13:44:29.182+0000][1][safepoint    ] Leaving safepoint region
[2020-01-13T13:44:29.182+0000][1][safepoint    ] Total time for which application threads were stopped: 0.0001422 seconds, Stopping threads took: 0.0000308 seconds
[2020-01-13T13:44:30.182+0000][1][safepoint    ] Application time: 1.0000777 seconds
[2020-01-13T13:44:30.182+0000][1][safepoint    ] Entering safepoint region: Cleanup
[2020-01-13T13:44:30.182+0000][1][safepoint    ] Leaving safepoint region
[2020-01-13T13:44:30.182+0000][1][safepoint    ] Total time for which application threads were stopped: 0.0001062 seconds, Stopping threads took: 0.0000247 seconds
[2020-01-13T13:44:31.180+0000][1][safepoint    ] Application time: 0.9983941 seconds
[2020-01-13T13:44:31.181+0000][1][safepoint    ] Entering safepoint region: RevokeBias
[2020-01-13T13:44:31.181+0000][1][safepoint    ] Leaving safepoint region
[2020-01-13T13:44:31.181+0000][1][safepoint    ] Total time for which application threads were stopped: 0.0001443 seconds, Stopping threads took: 0.0000197 seconds
[2020-01-13T13:44:32.181+0000][1][safepoint    ] Application time: 1.0000859 seconds
[2020-01-13T13:44:32.181+0000][1][safepoint    ] Entering safepoint region: Cleanup
[2020-01-13T13:44:32.181+0000][1][safepoint    ] Leaving safepoint region
[2020-01-13T13:44:32.181+0000][1][safepoint    ] Total time for which application threads were stopped: 0.0001622 seconds, Stopping threads took: 0.0000769 seconds
[2020-01-13T13:44:33.181+0000][1][safepoint    ] Application time: 0.9998652 seconds
[2020-01-13T13:44:33.182+0000][1][safepoint    ] Entering safepoint region: RevokeBias
[2020-01-13T13:44:33.182+0000][1][safepoint    ] Leaving safepoint region
[2020-01-13T13:44:33.182+0000][1][safepoint    ] Total time for which application threads were stopped: 0.0002035 seconds, Stopping threads took: 0.0000777 seconds
[2020-01-13T13:44:34.182+0000][1][safepoint    ] Application time: 1.0000976 seconds
[2020-01-13T13:44:34.182+0000][1][safepoint    ] Entering safepoint region: Cleanup
[2020-01-13T13:44:34.182+0000][1][safepoint    ] Leaving safepoint region
[2020-01-13T13:44:34.182+0000][1][safepoint    ] Total time for which application threads were stopped: 0.0001127 seconds, Stopping threads took: 0.0000206 seconds
[2020-01-13T13:44:35.181+0000][1][safepoint    ] Application time: 0.9988590 seconds
[2020-01-13T13:44:35.181+0000][1][safepoint    ] Entering safepoint region: RevokeBias
[2020-01-13T13:44:35.182+0000][1][safepoint    ] Leaving safepoint region
[2020-01-13T13:44:35.182+0000][1][safepoint    ] Total time for which application threads were stopped: 0.0001624 seconds, Stopping threads took: 0.0000303 seconds
[2020-01-13T13:44:36.182+0000][1][safepoint    ] Application time: 1.0009077 seconds
[2020-01-13T13:44:36.183+0000][1][safepoint    ] Entering safepoint region: Cleanup
[2020-01-13T13:44:36.183+0000][1][safepoint    ] Leaving safepoint region
[2020-01-13T13:44:36.183+0000][1][safepoint    ] Total time for which application threads were stopped: 0.0001214 seconds, Stopping threads took: 0.0000210 seconds
[2020-01-13T13:44:37.182+0000][1][safepoint    ] Application time: 0.9994016 seconds
[2020-01-13T13:44:37.182+0000][1][safepoint    ] Entering safepoint region: RevokeBias
[2020-01-13T13:44:37.182+0000][1][safepoint    ] Leaving safepoint region
[2020-01-13T13:44:37.182+0000][1][safepoint    ] Total time for which application threads were stopped: 0.0001600 seconds, Stopping threads took: 0.0000322 seconds
[2020-01-13T13:44:38.183+0000][1][safepoint    ] Application time: 1.0008279 seconds
[2020-01-13T13:44:38.184+0000][1][safepoint    ] Entering safepoint region: Cleanup
[2020-01-13T13:44:38.184+0000][1][safepoint    ] Leaving safepoint region
[2020-01-13T13:44:38.184+0000][1][safepoint    ] Total time for which application threads were stopped: 0.0001845 seconds, Stopping threads took: 0.0000905 seconds
[2020-01-13T13:44:39.182+0000][1][safepoint    ] Application time: 0.9980515 seconds
[2020-01-13T13:44:39.183+0000][1][safepoint    ] Entering safepoint region: RevokeBias
[2020-01-13T13:44:39.183+0000][1][safepoint    ] Leaving safepoint region
[2020-01-13T13:44:39.183+0000][1][safepoint    ] Total time for which application threads were stopped: 0.0001689 seconds, Stopping threads took: 0.0000444 seconds
[2020-01-13T13:44:40.184+0000][1][safepoint    ] Application time: 1.0013077 seconds
[2020-01-13T13:44:40.184+0000][1][safepoint    ] Entering safepoint region: Cleanup
[2020-01-13T13:44:40.184+0000][1][safepoint    ] Leaving safepoint region
[2020-01-13T13:44:40.184+0000][1][safepoint    ] Total time for which application threads were stopped: 0.0001164 seconds, Stopping threads took: 0.0000221 seconds
[2020-01-13T13:44:41.183+0000][1][safepoint    ] Application time: 0.9990658 seconds
[2020-01-13T13:44:41.183+0000][1][safepoint    ] Entering safepoint region: RevokeBias
[2020-01-13T13:44:41.183+0000][1][safepoint    ] Leaving safepoint region
[2020-01-13T13:44:41.183+0000][1][safepoint    ] Total time for which application threads were stopped: 0.0001644 seconds, Stopping threads took: 0.0000351 seconds
[2020-01-13T13:44:42.185+0000][1][safepoint    ] Application time: 1.0017829 seconds
[2020-01-13T13:44:42.185+0000][1][safepoint    ] Entering safepoint region: Cleanup
[2020-01-13T13:44:42.185+0000][1][safepoint    ] Leaving safepoint region
[2020-01-13T13:44:42.185+0000][1][safepoint    ] Total time for which application threads were stopped: 0.0001163 seconds, Stopping threads took: 0.0000233 seconds
[2020-01-13T13:44:43.184+0000][1][safepoint    ] Application time: 0.9983047 seconds
[2020-01-13T13:44:43.185+0000][1][safepoint    ] Entering safepoint region: RevokeBias
[2020-01-13T13:44:43.185+0000][1][safepoint    ] Leaving safepoint region
[2020-01-13T13:44:43.185+0000][1][safepoint    ] Total time for which application threads were stopped: 0.0001946 seconds, Stopping threads took: 0.0000703 seconds
[2020-01-13T13:44:44.185+0000][1][safepoint    ] Application time: 1.0000766 seconds
[2020-01-13T13:44:44.185+0000][1][safepoint    ] Entering safepoint region: Cleanup
[2020-01-13T13:44:44.185+0000][1][safepoint    ] Leaving safepoint region
[2020-01-13T13:44:44.185+0000][1][safepoint    ] Total time for which application threads were stopped: 0.0001122 seconds, Stopping threads took: 0.0000224 seconds
[2020-01-13T13:44:45.184+0000][1][safepoint    ] Application time: 0.9981805 seconds
[2020-01-13T13:44:45.184+0000][1][safepoint    ] Entering safepoint region: RevokeBias
[2020-01-13T13:44:45.184+0000][1][safepoint    ] Leaving safepoint region
[2020-01-13T13:44:45.184+0000][1][safepoint    ] Total time for which application threads were stopped: 0.0001447 seconds, Stopping threads took: 0.0000294 seconds
[2020-01-13T13:44:46.184+0000][1][safepoint    ] Application time: 1.0001102 seconds
[2020-01-13T13:44:46.184+0000][1][safepoint    ] Entering safepoint region: Cleanup
[2020-01-13T13:44:46.184+0000][1][safepoint    ] Leaving safepoint region
[2020-01-13T13:44:46.184+0000][1][safepoint    ] Total time for which application threads were stopped: 0.0001156 seconds, Stopping threads took: 0.0000298 seconds
[2020-01-13T13:44:47.185+0000][1][safepoint    ] Application time: 1.0006856 seconds
[2020-01-13T13:44:47.185+0000][1][safepoint    ] Entering safepoint region: Cleanup
[2020-01-13T13:44:47.185+0000][1][safepoint    ] Leaving safepoint region
[2020-01-13T13:44:47.185+0000][1][safepoint    ] Total time for which application threads were stopped: 0.0001262 seconds, Stopping threads took: 0.0000216 seconds
[2020-01-13T13:44:47.185+0000][1][safepoint    ] Application time: 0.0000852 seconds
[2020-01-13T13:44:47.185+0000][1][safepoint    ] Entering safepoint region: RevokeBias
[2020-01-13T13:44:47.185+0000][1][safepoint    ] Leaving safepoint region
[2020-01-13T13:44:47.185+0000][1][safepoint    ] Total time for which application threads were stopped: 0.0000503 seconds, Stopping threads took: 0.0000064 seconds
[2020-01-13T13:44:48.185+0000][1][safepoint    ] Application time: 1.0000871 seconds
[2020-01-13T13:44:48.186+0000][1][safepoint    ] Entering safepoint region: Cleanup
[2020-01-13T13:44:48.186+0000][1][safepoint    ] Leaving safepoint region
[2020-01-13T13:44:48.186+0000][1][safepoint    ] Total time for which application threads were stopped: 0.0001881 seconds, Stopping threads took: 0.0000650 seconds
[2020-01-13T13:44:49.185+0000][1][safepoint    ] Application time: 0.9981349 seconds
[2020-01-13T13:44:49.185+0000][1][safepoint    ] Entering safepoint region: RevokeBias
[2020-01-13T13:44:49.185+0000][1][safepoint    ] Leaving safepoint region
[2020-01-13T13:44:49.185+0000][1][safepoint    ] Total time for which application threads were stopped: 0.0001620 seconds, Stopping threads took: 0.0000374 seconds
[2020-01-13T13:44:50.185+0000][1][safepoint    ] Application time: 1.0001188 seconds
[2020-01-13T13:44:50.186+0000][1][safepoint    ] Entering safepoint region: Cleanup
[2020-01-13T13:44:50.186+0000][1][safepoint    ] Leaving safepoint region
[2020-01-13T13:44:50.186+0000][1][safepoint    ] Total time for which application threads were stopped: 0.0015528 seconds, Stopping threads took: 0.0014739 seconds
[2020-01-13T13:44:50.373+0000][1][safepoint    ] Application time: 0.1866944 seconds
[2020-01-13T13:44:50.375+0000][1][safepoint    ] Entering safepoint region: RevokeBias
[2020-01-13T13:44:50.375+0000][1][safepoint    ] Leaving safepoint region
[2020-01-13T13:44:50.375+0000][1][safepoint    ] Total time for which application threads were stopped: 0.0020902 seconds, Stopping threads took: 0.0019555 seconds
[2020-01-13T13:44:51.185+0000][1][safepoint    ] Application time: 0.8100525 seconds
[2020-01-13T13:44:51.185+0000][1][safepoint    ] Entering safepoint region: RevokeBias
[2020-01-13T13:44:51.186+0000][1][safepoint    ] Leaving safepoint region
[2020-01-13T13:44:51.186+0000][1][safepoint    ] Total time for which application threads were stopped: 0.0001185 seconds, Stopping threads took: 0.0000204 seconds
[2020-01-13T13:44:52.187+0000][1][safepoint    ] Application time: 1.0012021 seconds
[2020-01-13T13:44:52.187+0000][1][safepoint    ] Entering safepoint region: Cleanup
[2020-01-13T13:44:52.187+0000][1][safepoint    ] Leaving safepoint region
[2020-01-13T13:44:52.187+0000][1][safepoint    ] Total time for which application threads were stopped: 0.0001102 seconds, Stopping threads took: 0.0000212 seconds
[2020-01-13T13:44:53.186+0000][1][safepoint    ] Application time: 0.9989849 seconds
[2020-01-13T13:44:53.188+0000][1][safepoint    ] Entering safepoint region: RevokeBias
[2020-01-13T13:44:53.188+0000][1][safepoint    ] Leaving safepoint region
[2020-01-13T13:44:53.188+0000][1][safepoint    ] Total time for which application threads were stopped: 0.0017935 seconds, Stopping threads took: 0.0016735 seconds
[2020-01-13T13:44:54.189+0000][1][safepoint    ] Application time: 1.0013425 seconds
[2020-01-13T13:44:54.189+0000][1][safepoint    ] Entering safepoint region: Cleanup
[2020-01-13T13:44:54.189+0000][1][safepoint    ] Leaving safepoint region
[2020-01-13T13:44:54.189+0000][1][safepoint    ] Total time for which application threads were stopped: 0.0001550 seconds, Stopping threads took: 0.0000602 seconds
[2020-01-13T13:44:55.187+0000][1][safepoint    ] Application time: 0.9974552 seconds
[2020-01-13T13:44:55.187+0000][1][safepoint    ] Entering safepoint region: RevokeBias
[2020-01-13T13:44:55.187+0000][1][safepoint    ] Leaving safepoint region
[2020-01-13T13:44:55.187+0000][1][safepoint    ] Total time for which application threads were stopped: 0.0001315 seconds, Stopping threads took: 0.0000206 seconds
[2020-01-13T13:44:56.188+0000][1][safepoint    ] Application time: 1.0008993 seconds
[2020-01-13T13:44:56.188+0000][1][safepoint    ] Entering safepoint region: Cleanup
[2020-01-13T13:44:56.188+0000][1][safepoint    ] Leaving safepoint region
[2020-01-13T13:44:56.188+0000][1][safepoint    ] Total time for which application threads were stopped: 0.0000939 seconds, Stopping threads took: 0.0000200 seconds
[2020-01-13T13:44:57.188+0000][1][safepoint    ] Application time: 1.0000903 seconds
[2020-01-13T13:44:57.188+0000][1][safepoint    ] Entering safepoint region: Cleanup
[2020-01-13T13:44:57.188+0000][1][safepoint    ] Leaving safepoint region
[2020-01-13T13:44:57.188+0000][1][safepoint    ] Total time for which application threads were stopped: 0.0001785 seconds, Stopping threads took: 0.0000457 seconds
[2020-01-13T13:44:57.189+0000][1][safepoint    ] Application time: 0.0001211 seconds
[2020-01-13T13:44:57.190+0000][1][safepoint    ] Entering safepoint region: RevokeBias
[2020-01-13T13:44:57.190+0000][1][safepoint    ] Leaving safepoint region
[2020-01-13T13:44:57.190+0000][1][safepoint    ] Total time for which application threads were stopped: 0.0017996 seconds, Stopping threads took: 0.0016475 seconds
[2020-01-13T13:44:58.192+0000][1][safepoint    ] Application time: 1.0013427 seconds
[2020-01-13T13:44:58.193+0000][1][safepoint    ] Entering safepoint region: Cleanup
[2020-01-13T13:44:58.193+0000][1][safepoint    ] Leaving safepoint region
[2020-01-13T13:44:58.193+0000][1][safepoint    ] Total time for which application threads were stopped: 0.0001707 seconds, Stopping threads took: 0.0000695 seconds
[2020-01-13T13:44:59.188+0000][1][safepoint    ] Application time: 0.9952961 seconds
[2020-01-13T13:44:59.189+0000][1][safepoint    ] Entering safepoint region: RevokeBias
[2020-01-13T13:44:59.189+0000][1][safepoint    ] Leaving safepoint region
[2020-01-13T13:44:59.189+0000][1][safepoint    ] Total time for which application threads were stopped: 0.0011174 seconds, Stopping threads took: 0.0009838 seconds
[2020-01-13T13:45:00.191+0000][1][safepoint    ] Application time: 1.0011947 seconds
[2020-01-13T13:45:00.191+0000][1][safepoint    ] Entering safepoint region: Cleanup
[2020-01-13T13:45:00.191+0000][1][safepoint    ] Leaving safepoint region
[2020-01-13T13:45:00.191+0000][1][safepoint    ] Total time for which application threads were stopped: 0.0001308 seconds, Stopping threads took: 0.0000434 seconds
[2020-01-13T13:45:01.189+0000][1][safepoint    ] Application time: 0.9977506 seconds
[2020-01-13T13:45:01.189+0000][1][safepoint    ] Entering safepoint region: RevokeBias
[2020-01-13T13:45:01.189+0000][1][safepoint    ] Leaving safepoint region
[2020-01-13T13:45:01.189+0000][1][safepoint    ] Total time for which application threads were stopped: 0.0001253 seconds, Stopping threads took: 0.0000210 seconds
[2020-01-13T13:45:02.189+0000][1][safepoint    ] Application time: 1.0000825 seconds
[2020-01-13T13:45:02.189+0000][1][safepoint    ] Entering safepoint region: Cleanup
[2020-01-13T13:45:02.189+0000][1][safepoint    ] Leaving safepoint region
[2020-01-13T13:45:02.189+0000][1][safepoint    ] Total time for which application threads were stopped: 0.0004736 seconds, Stopping threads took: 0.0003370 seconds
[2020-01-13T13:45:03.189+0000][1][safepoint    ] Application time: 1.0001224 seconds
[2020-01-13T13:45:03.190+0000][1][safepoint    ] Entering safepoint region: Cleanup
[2020-01-13T13:45:03.190+0000][1][safepoint    ] Leaving safepoint region
[2020-01-13T13:45:03.190+0000][1][safepoint    ] Total time for which application threads were stopped: 0.0001118 seconds, Stopping threads took: 0.0000210 seconds
[2020-01-13T13:45:03.190+0000][1][safepoint    ] Application time: 0.0000925 seconds
[2020-01-13T13:45:03.192+0000][1][safepoint    ] Entering safepoint region: RevokeBias
[2020-01-13T13:45:03.193+0000][1][safepoint    ] Leaving safepoint region
[2020-01-13T13:45:03.193+0000][1][safepoint    ] Total time for which application threads were stopped: 0.0032024 seconds, Stopping threads took: 0.0029921 seconds
[2020-01-13T13:45:04.194+0000][1][safepoint    ] Application time: 1.0013296 seconds
[2020-01-13T13:45:04.194+0000][1][safepoint    ] Entering safepoint region: Cleanup
[2020-01-13T13:45:04.194+0000][1][safepoint    ] Leaving safepoint region
[2020-01-13T13:45:04.194+0000][1][safepoint    ] Total time for which application threads were stopped: 0.0000969 seconds, Stopping threads took: 0.0000199 seconds
[2020-01-13T13:45:05.190+0000][1][safepoint    ] Application time: 0.9953170 seconds
[2020-01-13T13:45:05.190+0000][1][safepoint    ] Entering safepoint region: RevokeBias
[2020-01-13T13:45:05.190+0000][1][safepoint    ] Leaving safepoint region
[2020-01-13T13:45:05.190+0000][1][safepoint    ] Total time for which application threads were stopped: 0.0001210 seconds, Stopping threads took: 0.0000202 seconds
[2020-01-13T13:45:06.191+0000][1][safepoint    ] Application time: 1.0010560 seconds
[2020-01-13T13:45:06.191+0000][1][safepoint    ] Entering safepoint region: Cleanup
[2020-01-13T13:45:06.191+0000][1][safepoint    ] Leaving safepoint region
[2020-01-13T13:45:06.191+0000][1][safepoint    ] Total time for which application threads were stopped: 0.0001083 seconds, Stopping threads took: 0.0000205 seconds
[2020-01-13T13:45:07.191+0000][1][safepoint    ] Application time: 0.9994166 seconds
[2020-01-13T13:45:07.191+0000][1][safepoint    ] Entering safepoint region: BulkRevokeBias
[2020-01-13T13:45:07.192+0000][1][safepoint    ] Leaving safepoint region
[2020-01-13T13:45:07.192+0000][1][safepoint    ] Total time for which application threads were stopped: 0.0009954 seconds, Stopping threads took: 0.0006746 seconds
[2020-01-13T13:45:08.192+0000][1][safepoint    ] Application time: 1.0000869 seconds
[2020-01-13T13:45:08.193+0000][1][safepoint    ] Entering safepoint region: Cleanup
[2020-01-13T13:45:08.193+0000][1][safepoint    ] Leaving safepoint region
[2020-01-13T13:45:08.193+0000][1][safepoint    ] Total time for which application threads were stopped: 0.0001688 seconds, Stopping threads took: 0.0000616 seconds
[2020-01-13T13:45:09.191+0000][1][safepoint    ] Application time: 0.9977380 seconds
[2020-01-13T13:45:09.192+0000][1][safepoint    ] Entering safepoint region: RevokeBias
[2020-01-13T13:45:09.192+0000][1][safepoint    ] Leaving safepoint region
[2020-01-13T13:45:09.192+0000][1][safepoint    ] Total time for which application threads were stopped: 0.0007619 seconds, Stopping threads took: 0.0006300 seconds
[2020-01-13T13:45:10.192+0000][1][safepoint    ] Application time: 1.0000878 seconds
[2020-01-13T13:45:10.192+0000][1][safepoint    ] Entering safepoint region: Cleanup
[2020-01-13T13:45:10.192+0000][1][safepoint    ] Leaving safepoint region
[2020-01-13T13:45:10.192+0000][1][safepoint    ] Total time for which application threads were stopped: 0.0001265 seconds, Stopping threads took: 0.0000191 seconds
[2020-01-13T13:45:11.192+0000][1][safepoint    ] Application time: 0.9998903 seconds
[2020-01-13T13:45:11.192+0000][1][safepoint    ] Entering safepoint region: RevokeBias
[2020-01-13T13:45:11.192+0000][1][safepoint    ] Leaving safepoint region
[2020-01-13T13:45:11.192+0000][1][safepoint    ] Total time for which application threads were stopped: 0.0003162 seconds, Stopping threads took: 0.0001781 seconds
[2020-01-13T13:45:12.192+0000][1][safepoint    ] Application time: 1.0000847 seconds
[2020-01-13T13:45:12.193+0000][1][safepoint    ] Entering safepoint region: Cleanup
[2020-01-13T13:45:12.193+0000][1][safepoint    ] Leaving safepoint region
[2020-01-13T13:45:12.193+0000][1][safepoint    ] Total time for which application threads were stopped: 0.0002818 seconds, Stopping threads took: 0.0001996 seconds
[2020-01-13T13:45:13.192+0000][1][safepoint    ] Application time: 0.9993559 seconds
[2020-01-13T13:45:13.193+0000][1][safepoint    ] Entering safepoint region: RevokeBias
[2020-01-13T13:45:13.193+0000][1][safepoint    ] Leaving safepoint region
[2020-01-13T13:45:13.193+0000][1][safepoint    ] Total time for which application threads were stopped: 0.0002386 seconds, Stopping threads took: 0.0000849 seconds
[2020-01-13T13:45:14.193+0000][1][safepoint    ] Application time: 1.0000857 seconds
[2020-01-13T13:45:14.193+0000][1][safepoint    ] Entering safepoint region: Cleanup
[2020-01-13T13:45:14.194+0000][1][safepoint    ] Leaving safepoint region
[2020-01-13T13:45:14.194+0000][1][safepoint    ] Total time for which application threads were stopped: 0.0001186 seconds, Stopping threads took: 0.0000237 seconds
[2020-01-13T13:45:15.193+0000][1][safepoint    ] Application time: 0.9989684 seconds
[2020-01-13T13:45:15.194+0000][1][safepoint    ] Entering safepoint region: RevokeBias
[2020-01-13T13:45:15.194+0000][1][safepoint    ] Leaving safepoint region
[2020-01-13T13:45:15.194+0000][1][safepoint    ] Total time for which application threads were stopped: 0.0012157 seconds, Stopping threads took: 0.0010879 seconds
[2020-01-13T13:45:16.195+0000][1][safepoint    ] Application time: 1.0010483 seconds
[2020-01-13T13:45:16.195+0000][1][safepoint    ] Entering safepoint region: Cleanup
[2020-01-13T13:45:16.195+0000][1][safepoint    ] Leaving safepoint region
[2020-01-13T13:45:16.195+0000][1][safepoint    ] Total time for which application threads were stopped: 0.0001002 seconds, Stopping threads took: 0.0000199 seconds
[2020-01-13T13:45:17.193+0000][1][safepoint    ] Application time: 0.9983492 seconds
[2020-01-13T13:45:17.195+0000][1][safepoint    ] Entering safepoint region: RevokeBias
[2020-01-13T13:45:17.196+0000][1][safepoint    ] Leaving safepoint region
[2020-01-13T13:45:17.196+0000][1][safepoint    ] Total time for which application threads were stopped: 0.0021152 seconds, Stopping threads took: 0.0019910 seconds
[2020-01-13T13:45:18.197+0000][1][safepoint    ] Application time: 1.0009817 seconds
[2020-01-13T13:45:18.198+0000][1][safepoint    ] Entering safepoint region: Cleanup
[2020-01-13T13:45:18.198+0000][1][safepoint    ] Leaving safepoint region
[2020-01-13T13:45:18.198+0000][1][safepoint    ] Total time for which application threads were stopped: 0.0001894 seconds, Stopping threads took: 0.0000763 seconds
[2020-01-13T13:45:19.193+0000][1][safepoint    ] Application time: 0.9950611 seconds
[2020-01-13T13:45:19.195+0000][1][safepoint    ] Entering safepoint region: RevokeBias
[2020-01-13T13:45:19.196+0000][1][safepoint    ] Leaving safepoint region
[2020-01-13T13:45:19.196+0000][1][safepoint    ] Total time for which application threads were stopped: 0.0021135 seconds, Stopping threads took: 0.0019803 seconds
[2020-01-13T13:45:20.197+0000][1][safepoint    ] Application time: 1.0009887 seconds
[2020-01-13T13:45:20.197+0000][1][safepoint    ] Entering safepoint region: Cleanup
[2020-01-13T13:45:20.197+0000][1][safepoint    ] Leaving safepoint region
[2020-01-13T13:45:20.197+0000][1][safepoint    ] Total time for which application threads were stopped: 0.0001338 seconds, Stopping threads took: 0.0000186 seconds
[2020-01-13T13:45:21.195+0000][1][safepoint    ] Application time: 0.9978850 seconds
[2020-01-13T13:45:21.197+0000][1][safepoint    ] Entering safepoint region: RevokeBias
[2020-01-13T13:45:21.197+0000][1][safepoint    ] Leaving safepoint region
[2020-01-13T13:45:21.197+0000][1][safepoint    ] Total time for which application threads were stopped: 0.0020970 seconds, Stopping threads took: 0.0019768 seconds
[2020-01-13T13:45:22.198+0000][1][safepoint    ] Application time: 1.0010223 seconds
[2020-01-13T13:45:22.198+0000][1][safepoint    ] Entering safepoint region: Cleanup
[2020-01-13T13:45:22.198+0000][1][safepoint    ] Leaving safepoint region
[2020-01-13T13:45:22.198+0000][1][safepoint    ] Total time for which application threads were stopped: 0.0001043 seconds, Stopping threads took: 0.0000222 seconds
[2020-01-13T13:45:23.195+0000][1][safepoint    ] Application time: 0.9971289 seconds
[2020-01-13T13:45:23.196+0000][1][safepoint    ] Entering safepoint region: RevokeBias
[2020-01-13T13:45:23.196+0000][1][safepoint    ] Leaving safepoint region
[2020-01-13T13:45:23.196+0000][1][safepoint    ] Total time for which application threads were stopped: 0.0007907 seconds, Stopping threads took: 0.0006523 seconds
[2020-01-13T13:45:24.198+0000][1][safepoint    ] Application time: 1.0018868 seconds
[2020-01-13T13:45:24.198+0000][1][safepoint    ] Entering safepoint region: Cleanup
[2020-01-13T13:45:24.198+0000][1][safepoint    ] Leaving safepoint region
[2020-01-13T13:45:24.198+0000][1][safepoint    ] Total time for which application threads were stopped: 0.0001134 seconds, Stopping threads took: 0.0000211 seconds
[2020-01-13T13:45:25.196+0000][1][safepoint    ] Application time: 0.9978285 seconds
[2020-01-13T13:45:25.196+0000][1][safepoint    ] Entering safepoint region: RevokeBias
[2020-01-13T13:45:25.196+0000][1][safepoint    ] Leaving safepoint region
[2020-01-13T13:45:25.196+0000][1][safepoint    ] Total time for which application threads were stopped: 0.0001618 seconds, Stopping threads took: 0.0000217 seconds
[2020-01-13T13:45:26.196+0000][1][safepoint    ] Application time: 1.0000901 seconds
[2020-01-13T13:45:26.196+0000][1][safepoint    ] Entering safepoint region: Cleanup
[2020-01-13T13:45:26.196+0000][1][safepoint    ] Leaving safepoint region
[2020-01-13T13:45:26.196+0000][1][safepoint    ] Total time for which application threads were stopped: 0.0001791 seconds, Stopping threads took: 0.0000848 seconds
[2020-01-13T13:45:27.196+0000][1][safepoint    ] Application time: 0.9999091 seconds
[2020-01-13T13:45:27.198+0000][1][safepoint    ] Entering safepoint region: RevokeBias
[2020-01-13T13:45:27.198+0000][1][safepoint    ] Leaving safepoint region
[2020-01-13T13:45:27.198+0000][1][safepoint    ] Total time for which application threads were stopped: 0.0021128 seconds, Stopping threads took: 0.0019906 seconds
[2020-01-13T13:45:28.199+0000][1][safepoint    ] Application time: 1.0001266 seconds
[2020-01-13T13:45:28.200+0000][1][safepoint    ] Entering safepoint region: Cleanup
[2020-01-13T13:45:28.200+0000][1][safepoint    ] Leaving safepoint region
[2020-01-13T13:45:28.200+0000][1][safepoint    ] Total time for which application threads were stopped: 0.0001282 seconds, Stopping threads took: 0.0000403 seconds
[2020-01-13T13:45:29.197+0000][1][safepoint    ] Application time: 0.9973012 seconds
[2020-01-13T13:45:29.197+0000][1][safepoint    ] Entering safepoint region: RevokeBias
[2020-01-13T13:45:29.197+0000][1][safepoint    ] Leaving safepoint region
[2020-01-13T13:45:29.197+0000][1][safepoint    ] Total time for which application threads were stopped: 0.0001203 seconds, Stopping threads took: 0.0000213 seconds
[2020-01-13T13:45:30.198+0000][1][safepoint    ] Application time: 1.0008572 seconds
[2020-01-13T13:45:30.198+0000][1][safepoint    ] Entering safepoint region: Cleanup
[2020-01-13T13:45:30.198+0000][1][safepoint    ] Leaving safepoint region
[2020-01-13T13:45:30.198+0000][1][safepoint    ] Total time for which application threads were stopped: 0.0000984 seconds, Stopping threads took: 0.0000195 seconds
[2020-01-13T13:45:31.198+0000][1][safepoint    ] Application time: 1.0001046 seconds
[2020-01-13T13:45:31.198+0000][1][safepoint    ] Entering safepoint region: Cleanup
[2020-01-13T13:45:31.198+0000][1][safepoint    ] Leaving safepoint region
[2020-01-13T13:45:31.198+0000][1][safepoint    ] Total time for which application threads were stopped: 0.0001016 seconds, Stopping threads took: 0.0000205 seconds
[2020-01-13T13:45:31.199+0000][1][safepoint    ] Application time: 0.0000831 seconds
[2020-01-13T13:45:31.199+0000][1][safepoint    ] Entering safepoint region: RevokeBias
[2020-01-13T13:45:31.199+0000][1][safepoint    ] Leaving safepoint region
[2020-01-13T13:45:31.199+0000][1][safepoint    ] Total time for which application threads were stopped: 0.0000612 seconds, Stopping threads took: 0.0000172 seconds
[2020-01-13T13:45:32.199+0000][1][safepoint    ] Application time: 1.0001686 seconds
[2020-01-13T13:45:32.199+0000][1][safepoint    ] Entering safepoint region: Cleanup
[2020-01-13T13:45:32.199+0000][1][safepoint    ] Leaving safepoint region
[2020-01-13T13:45:32.199+0000][1][safepoint    ] Total time for which application threads were stopped: 0.0001285 seconds, Stopping threads took: 0.0000369 seconds
[2020-01-13T13:45:33.199+0000][1][safepoint    ] Application time: 1.0000722 seconds
[2020-01-13T13:45:33.201+0000][1][safepoint    ] Entering safepoint region: Cleanup
[2020-01-13T13:45:33.201+0000][1][safepoint    ] Leaving safepoint region
[2020-01-13T13:45:33.201+0000][1][safepoint    ] Total time for which application threads were stopped: 0.0001991 seconds, Stopping threads took: 0.0001055 seconds
[2020-01-13T13:45:33.201+0000][1][safepoint    ] Application time: 0.0001593 seconds
[2020-01-13T13:45:33.201+0000][1][safepoint    ] Entering safepoint region: RevokeBias
[2020-01-13T13:45:33.201+0000][1][safepoint    ] Leaving safepoint region
[2020-01-13T13:45:33.201+0000][1][safepoint    ] Total time for which application threads were stopped: 0.0000604 seconds, Stopping threads took: 0.0000125 seconds
[2020-01-13T13:45:34.201+0000][1][safepoint    ] Application time: 1.0000976 seconds
[2020-01-13T13:45:34.201+0000][1][safepoint    ] Entering safepoint region: Cleanup
[2020-01-13T13:45:34.201+0000][1][safepoint    ] Leaving safepoint region
[2020-01-13T13:45:34.201+0000][1][safepoint    ] Total time for which application threads were stopped: 0.0001175 seconds, Stopping threads took: 0.0000228 seconds
[2020-01-13T13:45:35.201+0000][1][safepoint    ] Application time: 0.9995927 seconds
[2020-01-13T13:45:35.203+0000][1][safepoint    ] Entering safepoint region: RevokeBias
[2020-01-13T13:45:35.203+0000][1][safepoint    ] Leaving safepoint region
[2020-01-13T13:45:35.203+0000][1][safepoint    ] Total time for which application threads were stopped: 0.0021134 seconds, Stopping threads took: 0.0019997 seconds
[2020-01-13T13:45:36.204+0000][1][safepoint    ] Application time: 1.0013252 seconds
[2020-01-13T13:45:36.204+0000][1][safepoint    ] Entering safepoint region: Cleanup
[2020-01-13T13:45:36.205+0000][1][safepoint    ] Leaving safepoint region
[2020-01-13T13:45:36.205+0000][1][safepoint    ] Total time for which application threads were stopped: 0.0001055 seconds, Stopping threads took: 0.0000309 seconds
[2020-01-13T13:45:37.200+0000][1][safepoint    ] Application time: 0.9955262 seconds
[2020-01-13T13:45:37.200+0000][1][safepoint    ] Entering safepoint region: RevokeBias
[2020-01-13T13:45:37.200+0000][1][safepoint    ] Leaving safepoint region
[2020-01-13T13:45:37.200+0000][1][safepoint    ] Total time for which application threads were stopped: 0.0001647 seconds, Stopping threads took: 0.0000195 seconds
[2020-01-13T13:45:38.200+0000][1][safepoint    ] Application time: 1.0001230 seconds
[2020-01-13T13:45:38.202+0000][1][safepoint    ] Entering safepoint region: Cleanup
[2020-01-13T13:45:38.202+0000][1][safepoint    ] Leaving safepoint region
[2020-01-13T13:45:38.202+0000][1][safepoint    ] Total time for which application threads were stopped: 0.0001712 seconds, Stopping threads took: 0.0000692 seconds
[2020-01-13T13:45:39.202+0000][1][safepoint    ] Application time: 1.0000926 seconds
[2020-01-13T13:45:39.202+0000][1][safepoint    ] Entering safepoint region: Cleanup
[2020-01-13T13:45:39.202+0000][1][safepoint    ] Leaving safepoint region
[2020-01-13T13:45:39.202+0000][1][safepoint    ] Total time for which application threads were stopped: 0.0001492 seconds, Stopping threads took: 0.0000332 seconds
[2020-01-13T13:45:40.202+0000][1][safepoint    ] Application time: 1.0001363 seconds
[2020-01-13T13:45:40.202+0000][1][safepoint    ] Entering safepoint region: Cleanup
[2020-01-13T13:45:40.203+0000][1][safepoint    ] Leaving safepoint region
[2020-01-13T13:45:40.203+0000][1][safepoint    ] Total time for which application threads were stopped: 0.0001431 seconds, Stopping threads took: 0.0000288 seconds
[2020-01-13T13:45:41.203+0000][1][safepoint    ] Application time: 1.0001571 seconds
[2020-01-13T13:45:41.203+0000][1][safepoint    ] Entering safepoint region: Cleanup
[2020-01-13T13:45:41.203+0000][1][safepoint    ] Leaving safepoint region
[2020-01-13T13:45:41.203+0000][1][safepoint    ] Total time for which application threads were stopped: 0.0001328 seconds, Stopping threads took: 0.0000365 seconds
[2020-01-13T13:45:42.203+0000][1][safepoint    ] Application time: 1.0001872 seconds
[2020-01-13T13:45:42.203+0000][1][safepoint    ] Entering safepoint region: Cleanup
[2020-01-13T13:45:42.203+0000][1][safepoint    ] Leaving safepoint region
[2020-01-13T13:45:42.203+0000][1][safepoint    ] Total time for which application threads were stopped: 0.0001175 seconds, Stopping threads took: 0.0000225 seconds
[2020-01-13T13:45:43.203+0000][1][safepoint    ] Application time: 1.0002198 seconds
[2020-01-13T13:45:43.205+0000][1][safepoint    ] Entering safepoint region: Cleanup
[2020-01-13T13:45:43.205+0000][1][safepoint    ] Leaving safepoint region
[2020-01-13T13:45:43.205+0000][1][safepoint    ] Total time for which application threads were stopped: 0.0001704 seconds, Stopping threads took: 0.0000742 seconds
[2020-01-13T13:45:44.205+0000][1][safepoint    ] Application time: 1.0000945 seconds
[2020-01-13T13:45:44.205+0000][1][safepoint    ] Entering safepoint region: Cleanup
[2020-01-13T13:45:44.205+0000][1][safepoint    ] Leaving safepoint region
[2020-01-13T13:45:44.205+0000][1][safepoint    ] Total time for which application threads were stopped: 0.0001241 seconds, Stopping threads took: 0.0000277 seconds
[2020-01-13T13:45:45.205+0000][1][safepoint    ] Application time: 1.0001758 seconds
[2020-01-13T13:45:45.205+0000][1][safepoint    ] Entering safepoint region: Cleanup
[2020-01-13T13:45:45.205+0000][1][safepoint    ] Leaving safepoint region
[2020-01-13T13:45:45.205+0000][1][safepoint    ] Total time for which application threads were stopped: 0.0001252 seconds, Stopping threads took: 0.0000253 seconds
[2020-01-13T13:45:46.205+0000][1][safepoint    ] Application time: 1.0001596 seconds
[2020-01-13T13:45:46.206+0000][1][safepoint    ] Entering safepoint region: Cleanup
[2020-01-13T13:45:46.206+0000][1][safepoint    ] Leaving safepoint region
[2020-01-13T13:45:46.206+0000][1][safepoint    ] Total time for which application threads were stopped: 0.0001651 seconds, Stopping threads took: 0.0000604 seconds
[2020-01-13T13:45:47.206+0000][1][safepoint    ] Application time: 1.0001359 seconds
[2020-01-13T13:45:47.206+0000][1][safepoint    ] Entering safepoint region: Cleanup
[2020-01-13T13:45:47.206+0000][1][safepoint    ] Leaving safepoint region
[2020-01-13T13:45:47.206+0000][1][safepoint    ] Total time for which application threads were stopped: 0.0001207 seconds, Stopping threads took: 0.0000308 seconds
[2020-01-13T13:45:48.206+0000][1][safepoint    ] Application time: 1.0001255 seconds
[2020-01-13T13:45:48.207+0000][1][safepoint    ] Entering safepoint region: Cleanup
[2020-01-13T13:45:48.207+0000][1][safepoint    ] Leaving safepoint region
[2020-01-13T13:45:48.207+0000][1][safepoint    ] Total time for which application threads were stopped: 0.0001849 seconds, Stopping threads took: 0.0000666 seconds
[2020-01-13T13:45:49.208+0000][1][safepoint    ] Application time: 1.0001714 seconds
[2020-01-13T13:45:49.208+0000][1][safepoint    ] Entering safepoint region: Cleanup
[2020-01-13T13:45:49.208+0000][1][safepoint    ] Leaving safepoint region
[2020-01-13T13:45:49.208+0000][1][safepoint    ] Total time for which application threads were stopped: 0.0001338 seconds, Stopping threads took: 0.0000305 seconds
[2020-01-13T13:45:50.208+0000][1][safepoint    ] Application time: 1.0001126 seconds
[2020-01-13T13:45:50.208+0000][1][safepoint    ] Entering safepoint region: Cleanup
[2020-01-13T13:45:50.208+0000][1][safepoint    ] Leaving safepoint region
[2020-01-13T13:45:50.208+0000][1][safepoint    ] Total time for which application threads were stopped: 0.0001200 seconds, Stopping threads took: 0.0000335 seconds
[2020-01-13T13:45:51.208+0000][1][safepoint    ] Application time: 1.0001604 seconds
[2020-01-13T13:45:51.208+0000][1][safepoint    ] Entering safepoint region: Cleanup
[2020-01-13T13:45:51.208+0000][1][safepoint    ] Leaving safepoint region
[2020-01-13T13:45:51.208+0000][1][safepoint    ] Total time for which application threads were stopped: 0.0001455 seconds, Stopping threads took: 0.0000364 seconds
[2020-01-13T13:45:52.209+0000][1][safepoint    ] Application time: 1.0000889 seconds
[2020-01-13T13:45:52.209+0000][1][safepoint    ] Entering safepoint region: Cleanup
[2020-01-13T13:45:52.209+0000][1][safepoint    ] Leaving safepoint region
[2020-01-13T13:45:52.209+0000][1][safepoint    ] Total time for which application threads were stopped: 0.0001272 seconds, Stopping threads took: 0.0000356 seconds
[2020-01-13T13:45:53.209+0000][1][safepoint    ] Application time: 1.0000948 seconds
[2020-01-13T13:45:53.209+0000][1][safepoint    ] Entering safepoint region: Cleanup
[2020-01-13T13:45:53.209+0000][1][safepoint    ] Leaving safepoint region
[2020-01-13T13:45:53.209+0000][1][safepoint    ] Total time for which application threads were stopped: 0.0001193 seconds, Stopping threads took: 0.0000312 seconds
[2020-01-13T13:45:54.209+0000][1][safepoint    ] Application time: 1.0001119 seconds
[2020-01-13T13:45:54.209+0000][1][safepoint    ] Entering safepoint region: Cleanup
[2020-01-13T13:45:54.209+0000][1][safepoint    ] Leaving safepoint region
[2020-01-13T13:45:54.209+0000][1][safepoint    ] Total time for which application threads were stopped: 0.0001240 seconds, Stopping threads took: 0.0000290 seconds
[2020-01-13T13:45:54.679+0000][1][safepoint    ] Application time: 0.4694030 seconds
[2020-01-13T13:45:54.679+0000][1][safepoint    ] Entering safepoint region: GenCollectForAllocation
[2020-01-13T13:45:54.679+0000][1][gc,start     ] GC(25) Pause Young (Allocation Failure)
[2020-01-13T13:45:54.679+0000][1][gc,task      ] GC(25) Using 1 workers of 1 for evacuation
[2020-01-13T13:45:54.693+0000][1][gc,age       ] GC(25) Desired survivor size 4358144 bytes, new threshold 6 (max threshold 6)
[2020-01-13T13:45:54.694+0000][1][gc,age       ] GC(25) Age table with threshold 6 (max threshold 6)
[2020-01-13T13:45:54.694+0000][1][gc,age       ] GC(25) - age   1:      33480 bytes,      33480 total
[2020-01-13T13:45:54.694+0000][1][gc,age       ] GC(25) - age   2:      81072 bytes,     114552 total
[2020-01-13T13:45:54.694+0000][1][gc,age       ] GC(25) - age   3:    1143952 bytes,    1258504 total
[2020-01-13T13:45:54.694+0000][1][gc,age       ] GC(25) - age   4:    2600704 bytes,    3859208 total
[2020-01-13T13:45:54.694+0000][1][gc,heap      ] GC(25) ParNew: 72264K->3884K(76672K)
[2020-01-13T13:45:54.694+0000][1][gc,heap      ] GC(25) CMS: 65602K->65602K(176960K)
[2020-01-13T13:45:54.694+0000][1][gc,metaspace ] GC(25) Metaspace: 71467K->71467K(1114112K)
[2020-01-13T13:45:54.694+0000][1][gc           ] GC(25) Pause Young (Allocation Failure) 134M->67M(247M) 14.706ms
[2020-01-13T13:45:54.694+0000][1][gc,cpu       ] GC(25) User=0.02s Sys=0.00s Real=0.01s
[2020-01-13T13:45:54.694+0000][1][safepoint    ] Leaving safepoint region
[2020-01-13T13:45:54.694+0000][1][safepoint    ] Total time for which application threads were stopped: 0.0149175 seconds, Stopping threads took: 0.0000252 seconds
[2020-01-13T13:45:55.710+0000][1][safepoint    ] Application time: 1.0167232 seconds
[2020-01-13T13:45:55.711+0000][1][safepoint    ] Entering safepoint region: Cleanup
[2020-01-13T13:45:55.711+0000][1][safepoint    ] Leaving safepoint region
[2020-01-13T13:45:55.711+0000][1][safepoint    ] Total time for which application threads were stopped: 0.0001450 seconds, Stopping threads took: 0.0000291 seconds
[2020-01-13T13:45:56.711+0000][1][safepoint    ] Application time: 1.0001059 seconds
[2020-01-13T13:45:56.711+0000][1][safepoint    ] Entering safepoint region: Cleanup
[2020-01-13T13:45:56.711+0000][1][safepoint    ] Leaving safepoint region
[2020-01-13T13:45:56.711+0000][1][safepoint    ] Total time for which application threads were stopped: 0.0001166 seconds, Stopping threads took: 0.0000299 seconds
[2020-01-13T13:45:57.711+0000][1][safepoint    ] Application time: 1.0001422 seconds
[2020-01-13T13:45:57.711+0000][1][safepoint    ] Entering safepoint region: Cleanup
[2020-01-13T13:45:57.711+0000][1][safepoint    ] Leaving safepoint region
[2020-01-13T13:45:57.711+0000][1][safepoint    ] Total time for which application threads were stopped: 0.0001320 seconds, Stopping threads took: 0.0000283 seconds
[2020-01-13T13:45:58.711+0000][1][safepoint    ] Application time: 1.0001587 seconds
[2020-01-13T13:45:58.712+0000][1][safepoint    ] Entering safepoint region: Cleanup
[2020-01-13T13:45:58.712+0000][1][safepoint    ] Leaving safepoint region
[2020-01-13T13:45:58.712+0000][1][safepoint    ] Total time for which application threads were stopped: 0.0001391 seconds, Stopping threads took: 0.0000291 seconds
[2020-01-13T13:45:59.712+0000][1][safepoint    ] Application time: 1.0001540 seconds
[2020-01-13T13:45:59.712+0000][1][safepoint    ] Entering safepoint region: Cleanup
[2020-01-13T13:45:59.712+0000][1][safepoint    ] Leaving safepoint region
[2020-01-13T13:45:59.712+0000][1][safepoint    ] Total time for which application threads were stopped: 0.0001182 seconds, Stopping threads took: 0.0000335 seconds
[2020-01-13T13:46:00.712+0000][1][safepoint    ] Application time: 1.0001061 seconds
[2020-01-13T13:46:00.712+0000][1][safepoint    ] Entering safepoint region: Cleanup
[2020-01-13T13:46:00.712+0000][1][safepoint    ] Leaving safepoint region
[2020-01-13T13:46:00.712+0000][1][safepoint    ] Total time for which application threads were stopped: 0.0001267 seconds, Stopping threads took: 0.0000298 seconds
[2020-01-13T13:46:01.712+0000][1][safepoint    ] Application time: 1.0000940 seconds
[2020-01-13T13:46:01.712+0000][1][safepoint    ] Entering safepoint region: Cleanup
[2020-01-13T13:46:01.713+0000][1][safepoint    ] Leaving safepoint region
[2020-01-13T13:46:01.713+0000][1][safepoint    ] Total time for which application threads were stopped: 0.0001360 seconds, Stopping threads took: 0.0000271 seconds
[2020-01-13T13:46:02.713+0000][1][safepoint    ] Application time: 1.0001263 seconds
[2020-01-13T13:46:02.713+0000][1][safepoint    ] Entering safepoint region: Cleanup
[2020-01-13T13:46:02.713+0000][1][safepoint    ] Leaving safepoint region
[2020-01-13T13:46:02.713+0000][1][safepoint    ] Total time for which application threads were stopped: 0.0001440 seconds, Stopping threads took: 0.0000535 seconds
[2020-01-13T13:46:03.713+0000][1][safepoint    ] Application time: 1.0001533 seconds
[2020-01-13T13:46:03.714+0000][1][safepoint    ] Entering safepoint region: Cleanup
[2020-01-13T13:46:03.714+0000][1][safepoint    ] Leaving safepoint region
[2020-01-13T13:46:03.714+0000][1][safepoint    ] Total time for which application threads were stopped: 0.0001389 seconds, Stopping threads took: 0.0000418 seconds
[2020-01-13T13:46:04.714+0000][1][safepoint    ] Application time: 1.0001217 seconds
[2020-01-13T13:46:04.714+0000][1][safepoint    ] Entering safepoint region: Cleanup
[2020-01-13T13:46:04.715+0000][1][safepoint    ] Leaving safepoint region
[2020-01-13T13:46:04.715+0000][1][safepoint    ] Total time for which application threads were stopped: 0.0001364 seconds, Stopping threads took: 0.0000315 seconds
[2020-01-13T13:46:05.715+0000][1][safepoint    ] Application time: 1.0001285 seconds
[2020-01-13T13:46:05.715+0000][1][safepoint    ] Entering safepoint region: Cleanup
[2020-01-13T13:46:05.715+0000][1][safepoint    ] Leaving safepoint region
[2020-01-13T13:46:05.715+0000][1][safepoint    ] Total time for which application threads were stopped: 0.0001355 seconds, Stopping threads took: 0.0000350 seconds
[2020-01-13T13:46:06.186+0000][1][safepoint    ] Application time: 0.4715425 seconds
[2020-01-13T13:46:06.187+0000][1][safepoint    ] Entering safepoint region: RevokeBias
[2020-01-13T13:46:06.187+0000][1][safepoint    ] Leaving safepoint region
[2020-01-13T13:46:06.187+0000][1][safepoint    ] Total time for which application threads were stopped: 0.0001242 seconds, Stopping threads took: 0.0000219 seconds
[2020-01-13T13:46:07.187+0000][1][safepoint    ] Application time: 1.0001678 seconds
[2020-01-13T13:46:07.187+0000][1][safepoint    ] Entering safepoint region: Cleanup
[2020-01-13T13:46:07.187+0000][1][safepoint    ] Leaving safepoint region
[2020-01-13T13:46:07.187+0000][1][safepoint    ] Total time for which application threads were stopped: 0.0001590 seconds, Stopping threads took: 0.0000404 seconds
[2020-01-13T13:46:08.187+0000][1][safepoint    ] Application time: 1.0000367 seconds
[2020-01-13T13:46:08.189+0000][1][safepoint    ] Entering safepoint region: RevokeBias
[2020-01-13T13:46:08.189+0000][1][safepoint    ] Leaving safepoint region
[2020-01-13T13:46:08.189+0000][1][safepoint    ] Total time for which application threads were stopped: 0.0020390 seconds, Stopping threads took: 0.0019009 seconds
[2020-01-13T13:46:09.190+0000][1][safepoint    ] Application time: 1.0009275 seconds
[2020-01-13T13:46:09.190+0000][1][safepoint    ] Entering safepoint region: Cleanup
[2020-01-13T13:46:09.190+0000][1][safepoint    ] Leaving safepoint region
[2020-01-13T13:46:09.190+0000][1][safepoint    ] Total time for which application threads were stopped: 0.0000911 seconds, Stopping threads took: 0.0000197 seconds
[2020-01-13T13:46:10.188+0000][1][safepoint    ] Application time: 0.9973863 seconds
[2020-01-13T13:46:10.188+0000][1][safepoint    ] Entering safepoint region: RevokeBias
[2020-01-13T13:46:10.188+0000][1][safepoint    ] Leaving safepoint region
[2020-01-13T13:46:10.188+0000][1][safepoint    ] Total time for which application threads were stopped: 0.0001810 seconds, Stopping threads took: 0.0000202 seconds
[2020-01-13T13:46:11.188+0000][1][safepoint    ] Application time: 1.0001501 seconds
[2020-01-13T13:46:11.188+0000][1][safepoint    ] Entering safepoint region: Cleanup
[2020-01-13T13:46:11.188+0000][1][safepoint    ] Leaving safepoint region
[2020-01-13T13:46:11.188+0000][1][safepoint    ] Total time for which application threads were stopped: 0.0001185 seconds, Stopping threads took: 0.0000327 seconds
[2020-01-13T13:46:12.189+0000][1][safepoint    ] Application time: 1.0001198 seconds
[2020-01-13T13:46:12.189+0000][1][safepoint    ] Entering safepoint region: Cleanup
[2020-01-13T13:46:12.189+0000][1][safepoint    ] Leaving safepoint region
[2020-01-13T13:46:12.189+0000][1][safepoint    ] Total time for which application threads were stopped: 0.0002042 seconds, Stopping threads took: 0.0000429 seconds
[2020-01-13T13:46:12.189+0000][1][safepoint    ] Application time: 0.0005474 seconds
[2020-01-13T13:46:12.191+0000][1][safepoint    ] Entering safepoint region: RevokeBias
[2020-01-13T13:46:12.191+0000][1][safepoint    ] Leaving safepoint region
[2020-01-13T13:46:12.191+0000][1][safepoint    ] Total time for which application threads were stopped: 0.0015632 seconds, Stopping threads took: 0.0014546 seconds
[2020-01-13T13:46:13.191+0000][1][safepoint    ] Application time: 1.0000977 seconds
[2020-01-13T13:46:13.191+0000][1][safepoint    ] Entering safepoint region: Cleanup
[2020-01-13T13:46:13.191+0000][1][safepoint    ] Leaving safepoint region
[2020-01-13T13:46:13.191+0000][1][safepoint    ] Total time for which application threads were stopped: 0.0001012 seconds, Stopping threads took: 0.0000191 seconds
[2020-01-13T13:46:14.190+0000][1][safepoint    ] Application time: 0.9985749 seconds
[2020-01-13T13:46:14.190+0000][1][safepoint    ] Entering safepoint region: RevokeBias
[2020-01-13T13:46:14.190+0000][1][safepoint    ] Leaving safepoint region
[2020-01-13T13:46:14.190+0000][1][safepoint    ] Total time for which application threads were stopped: 0.0001682 seconds, Stopping threads took: 0.0000197 seconds
[2020-01-13T13:46:15.190+0000][1][safepoint    ] Application time: 1.0002488 seconds
[2020-01-13T13:46:15.190+0000][1][safepoint    ] Entering safepoint region: Cleanup
[2020-01-13T13:46:15.191+0000][1][safepoint    ] Leaving safepoint region
[2020-01-13T13:46:15.191+0000][1][safepoint    ] Total time for which application threads were stopped: 0.0001629 seconds, Stopping threads took: 0.0000197 seconds
[2020-01-13T13:46:16.191+0000][1][safepoint    ] Application time: 1.0001367 seconds
[2020-01-13T13:46:16.191+0000][1][safepoint    ] Entering safepoint region: Cleanup
[2020-01-13T13:46:16.191+0000][1][safepoint    ] Leaving safepoint region
[2020-01-13T13:46:16.191+0000][1][safepoint    ] Total time for which application threads were stopped: 0.0001276 seconds, Stopping threads took: 0.0000296 seconds
[2020-01-13T13:46:16.192+0000][1][safepoint    ] Application time: 0.0010633 seconds
[2020-01-13T13:46:16.194+0000][1][safepoint    ] Entering safepoint region: RevokeBias
[2020-01-13T13:46:16.194+0000][1][safepoint    ] Leaving safepoint region
[2020-01-13T13:46:16.194+0000][1][safepoint    ] Total time for which application threads were stopped: 0.0017018 seconds, Stopping threads took: 0.0016020 seconds
[2020-01-13T13:46:17.195+0000][1][safepoint    ] Application time: 1.0009429 seconds
[2020-01-13T13:46:17.195+0000][1][safepoint    ] Entering safepoint region: Cleanup
[2020-01-13T13:46:17.195+0000][1][safepoint    ] Leaving safepoint region
[2020-01-13T13:46:17.195+0000][1][safepoint    ] Total time for which application threads were stopped: 0.0000949 seconds, Stopping threads took: 0.0000197 seconds
[2020-01-13T13:46:18.193+0000][1][safepoint    ] Application time: 0.9978065 seconds
[2020-01-13T13:46:18.195+0000][1][safepoint    ] Entering safepoint region: RevokeBias
[2020-01-13T13:46:18.195+0000][1][safepoint    ] Leaving safepoint region
[2020-01-13T13:46:18.195+0000][1][safepoint    ] Total time for which application threads were stopped: 0.0022175 seconds, Stopping threads took: 0.0020373 seconds
[2020-01-13T13:46:19.196+0000][1][safepoint    ] Application time: 1.0011717 seconds
[2020-01-13T13:46:19.196+0000][1][safepoint    ] Entering safepoint region: Cleanup
[2020-01-13T13:46:19.196+0000][1][safepoint    ] Leaving safepoint region
[2020-01-13T13:46:19.196+0000][1][safepoint    ] Total time for which application threads were stopped: 0.0000977 seconds, Stopping threads took: 0.0000212 seconds
[2020-01-13T13:46:20.193+0000][1][safepoint    ] Application time: 0.9969336 seconds
[2020-01-13T13:46:20.194+0000][1][safepoint    ] Entering safepoint region: RevokeBias
[2020-01-13T13:46:20.194+0000][1][safepoint    ] Leaving safepoint region
[2020-01-13T13:46:20.194+0000][1][safepoint    ] Total time for which application threads were stopped: 0.0002366 seconds, Stopping threads took: 0.0000929 seconds
[2020-01-13T13:46:21.196+0000][1][safepoint    ] Application time: 1.0012820 seconds
[2020-01-13T13:46:21.196+0000][1][safepoint    ] Entering safepoint region: Cleanup
[2020-01-13T13:46:21.196+0000][1][safepoint    ] Leaving safepoint region
[2020-01-13T13:46:21.196+0000][1][safepoint    ] Total time for which application threads were stopped: 0.0001089 seconds, Stopping threads took: 0.0000204 seconds
[2020-01-13T13:46:22.195+0000][1][safepoint    ] Application time: 0.9993435 seconds
[2020-01-13T13:46:22.197+0000][1][safepoint    ] Entering safepoint region: RevokeBias
[2020-01-13T13:46:22.197+0000][1][safepoint    ] Leaving safepoint region
[2020-01-13T13:46:22.197+0000][1][safepoint    ] Total time for which application threads were stopped: 0.0019914 seconds, Stopping threads took: 0.0018530 seconds
[2020-01-13T13:46:23.198+0000][1][safepoint    ] Application time: 1.0009205 seconds
[2020-01-13T13:46:23.198+0000][1][safepoint    ] Entering safepoint region: Cleanup
[2020-01-13T13:46:23.198+0000][1][safepoint    ] Leaving safepoint region
[2020-01-13T13:46:23.198+0000][1][safepoint    ] Total time for which application threads were stopped: 0.0001038 seconds, Stopping threads took: 0.0000221 seconds
[2020-01-13T13:46:24.195+0000][1][safepoint    ] Application time: 0.9962447 seconds
[2020-01-13T13:46:24.197+0000][1][safepoint    ] Entering safepoint region: RevokeBias
[2020-01-13T13:46:24.197+0000][1][safepoint    ] Leaving safepoint region
[2020-01-13T13:46:24.197+0000][1][safepoint    ] Total time for which application threads were stopped: 0.0021259 seconds, Stopping threads took: 0.0019939 seconds
[2020-01-13T13:46:25.198+0000][1][safepoint    ] Application time: 1.0009550 seconds
[2020-01-13T13:46:25.198+0000][1][safepoint    ] Entering safepoint region: Cleanup
[2020-01-13T13:46:25.198+0000][1][safepoint    ] Leaving safepoint region
[2020-01-13T13:46:25.198+0000][1][safepoint    ] Total time for which application threads were stopped: 0.0001227 seconds, Stopping threads took: 0.0000203 seconds
[2020-01-13T13:46:26.196+0000][1][safepoint    ] Application time: 0.9982426 seconds
[2020-01-13T13:46:26.198+0000][1][safepoint    ] Entering safepoint region: RevokeBias
[2020-01-13T13:46:26.198+0000][1][safepoint    ] Leaving safepoint region
[2020-01-13T13:46:26.198+0000][1][safepoint    ] Total time for which application threads were stopped: 0.0020702 seconds, Stopping threads took: 0.0019425 seconds
[2020-01-13T13:46:27.199+0000][1][safepoint    ] Application time: 1.0009534 seconds
[2020-01-13T13:46:27.199+0000][1][safepoint    ] Entering safepoint region: Cleanup
[2020-01-13T13:46:27.199+0000][1][safepoint    ] Leaving safepoint region
[2020-01-13T13:46:27.200+0000][1][safepoint    ] Total time for which application threads were stopped: 0.0001497 seconds, Stopping threads took: 0.0000253 seconds
[2020-01-13T13:46:28.198+0000][1][safepoint    ] Application time: 0.9979858 seconds
[2020-01-13T13:46:28.200+0000][1][safepoint    ] Entering safepoint region: RevokeBias
[2020-01-13T13:46:28.201+0000][1][safepoint    ] Leaving safepoint region
[2020-01-13T13:46:28.201+0000][1][safepoint    ] Total time for which application threads were stopped: 0.0032218 seconds, Stopping threads took: 0.0029966 seconds
[2020-01-13T13:46:29.202+0000][1][safepoint    ] Application time: 1.0012164 seconds
[2020-01-13T13:46:29.202+0000][1][safepoint    ] Entering safepoint region: Cleanup
[2020-01-13T13:46:29.202+0000][1][safepoint    ] Leaving safepoint region
[2020-01-13T13:46:29.202+0000][1][safepoint    ] Total time for which application threads were stopped: 0.0001010 seconds, Stopping threads took: 0.0000225 seconds
[2020-01-13T13:46:30.200+0000][1][safepoint    ] Application time: 0.9977302 seconds
[2020-01-13T13:46:30.202+0000][1][safepoint    ] Entering safepoint region: RevokeBias
[2020-01-13T13:46:30.202+0000][1][safepoint    ] Leaving safepoint region
[2020-01-13T13:46:30.202+0000][1][safepoint    ] Total time for which application threads were stopped: 0.0021390 seconds, Stopping threads took: 0.0020236 seconds
[2020-01-13T13:46:31.203+0000][1][safepoint    ] Application time: 1.0009928 seconds
[2020-01-13T13:46:31.203+0000][1][safepoint    ] Entering safepoint region: Cleanup
[2020-01-13T13:46:31.203+0000][1][safepoint    ] Leaving safepoint region
[2020-01-13T13:46:31.203+0000][1][safepoint    ] Total time for which application threads were stopped: 0.0000899 seconds, Stopping threads took: 0.0000184 seconds
[2020-01-13T13:46:32.199+0000][1][safepoint    ] Application time: 0.9959666 seconds
[2020-01-13T13:46:32.201+0000][1][safepoint    ] Entering safepoint region: RevokeBias
[2020-01-13T13:46:32.201+0000][1][safepoint    ] Leaving safepoint region
[2020-01-13T13:46:32.201+0000][1][safepoint    ] Total time for which application threads were stopped: 0.0021251 seconds, Stopping threads took: 0.0019898 seconds
[2020-01-13T13:46:33.202+0000][1][safepoint    ] Application time: 1.0009455 seconds
[2020-01-13T13:46:33.203+0000][1][safepoint    ] Entering safepoint region: Cleanup
[2020-01-13T13:46:33.203+0000][1][safepoint    ] Leaving safepoint region
[2020-01-13T13:46:33.204+0000][1][safepoint    ] Total time for which application threads were stopped: 0.0001654 seconds, Stopping threads took: 0.0000724 seconds
[2020-01-13T13:46:34.202+0000][1][safepoint    ] Application time: 0.9979988 seconds
[2020-01-13T13:46:34.204+0000][1][safepoint    ] Entering safepoint region: RevokeBias
[2020-01-13T13:46:34.204+0000][1][safepoint    ] Leaving safepoint region
[2020-01-13T13:46:34.204+0000][1][safepoint    ] Total time for which application threads were stopped: 0.0021173 seconds, Stopping threads took: 0.0019974 seconds
[2020-01-13T13:46:35.205+0000][1][safepoint    ] Application time: 1.0017995 seconds
[2020-01-13T13:46:35.206+0000][1][safepoint    ] Entering safepoint region: Cleanup
[2020-01-13T13:46:35.206+0000][1][safepoint    ] Leaving safepoint region
[2020-01-13T13:46:35.206+0000][1][safepoint    ] Total time for which application threads were stopped: 0.0000973 seconds, Stopping threads took: 0.0000218 seconds
[2020-01-13T13:46:36.202+0000][1][safepoint    ] Application time: 0.9964244 seconds
[2020-01-13T13:46:36.204+0000][1][safepoint    ] Entering safepoint region: RevokeBias
[2020-01-13T13:46:36.204+0000][1][safepoint    ] Leaving safepoint region
[2020-01-13T13:46:36.204+0000][1][safepoint    ] Total time for which application threads were stopped: 0.0021342 seconds, Stopping threads took: 0.0020053 seconds
[2020-01-13T13:46:37.205+0000][1][safepoint    ] Application time: 1.0008955 seconds
[2020-01-13T13:46:37.205+0000][1][safepoint    ] Entering safepoint region: Cleanup
[2020-01-13T13:46:37.205+0000][1][safepoint    ] Leaving safepoint region
[2020-01-13T13:46:37.205+0000][1][safepoint    ] Total time for which application threads were stopped: 0.0001102 seconds, Stopping threads took: 0.0000308 seconds
[2020-01-13T13:46:38.203+0000][1][safepoint    ] Application time: 0.9972258 seconds
[2020-01-13T13:46:38.203+0000][1][safepoint    ] Entering safepoint region: BulkRevokeBias
[2020-01-13T13:46:38.204+0000][1][safepoint    ] Leaving safepoint region
[2020-01-13T13:46:38.204+0000][1][safepoint    ] Total time for which application threads were stopped: 0.0003062 seconds, Stopping threads took: 0.0000259 seconds
[2020-01-13T13:46:39.204+0000][1][safepoint    ] Application time: 1.0000926 seconds
[2020-01-13T13:46:39.204+0000][1][safepoint    ] Entering safepoint region: Cleanup
[2020-01-13T13:46:39.204+0000][1][safepoint    ] Leaving safepoint region
[2020-01-13T13:46:39.204+0000][1][safepoint    ] Total time for which application threads were stopped: 0.0001085 seconds, Stopping threads took: 0.0000210 seconds
[2020-01-13T13:46:40.204+0000][1][safepoint    ] Application time: 1.0001397 seconds
[2020-01-13T13:46:40.204+0000][1][safepoint    ] Entering safepoint region: Cleanup
[2020-01-13T13:46:40.204+0000][1][safepoint    ] Leaving safepoint region
[2020-01-13T13:46:40.204+0000][1][safepoint    ] Total time for which application threads were stopped: 0.0001524 seconds, Stopping threads took: 0.0000561 seconds
[2020-01-13T13:46:40.205+0000][1][safepoint    ] Application time: 0.0005500 seconds
[2020-01-13T13:46:40.205+0000][1][safepoint    ] Entering safepoint region: RevokeBias
[2020-01-13T13:46:40.205+0000][1][safepoint    ] Leaving safepoint region
[2020-01-13T13:46:40.205+0000][1][safepoint    ] Total time for which application threads were stopped: 0.0001304 seconds, Stopping threads took: 0.0000120 seconds
[2020-01-13T13:46:41.205+0000][1][safepoint    ] Application time: 1.0001107 seconds
[2020-01-13T13:46:41.205+0000][1][safepoint    ] Entering safepoint region: Cleanup
[2020-01-13T13:46:41.205+0000][1][safepoint    ] Leaving safepoint region
[2020-01-13T13:46:41.205+0000][1][safepoint    ] Total time for which application threads were stopped: 0.0001011 seconds, Stopping threads took: 0.0000255 seconds
[2020-01-13T13:46:42.206+0000][1][safepoint    ] Application time: 1.0001452 seconds
[2020-01-13T13:46:42.206+0000][1][safepoint    ] Entering safepoint region: Cleanup
[2020-01-13T13:46:42.206+0000][1][safepoint    ] Leaving safepoint region
[2020-01-13T13:46:42.206+0000][1][safepoint    ] Total time for which application threads were stopped: 0.0001168 seconds, Stopping threads took: 0.0000294 seconds
[2020-01-13T13:46:42.210+0000][1][safepoint    ] Application time: 0.0047402 seconds
[2020-01-13T13:46:42.212+0000][1][safepoint    ] Entering safepoint region: RevokeBias
[2020-01-13T13:46:42.212+0000][1][safepoint    ] Leaving safepoint region
[2020-01-13T13:46:42.212+0000][1][safepoint    ] Total time for which application threads were stopped: 0.0016900 seconds, Stopping threads took: 0.0015714 seconds
[2020-01-13T13:46:43.212+0000][1][safepoint    ] Application time: 1.0001134 seconds
[2020-01-13T13:46:43.213+0000][1][safepoint    ] Entering safepoint region: Cleanup
[2020-01-13T13:46:43.213+0000][1][safepoint    ] Leaving safepoint region
[2020-01-13T13:46:43.213+0000][1][safepoint    ] Total time for which application threads were stopped: 0.0001823 seconds, Stopping threads took: 0.0000807 seconds
[2020-01-13T13:46:44.205+0000][1][safepoint    ] Application time: 0.9917166 seconds
[2020-01-13T13:46:44.207+0000][1][safepoint    ] Entering safepoint region: RevokeBias
[2020-01-13T13:46:44.207+0000][1][safepoint    ] Leaving safepoint region
[2020-01-13T13:46:44.207+0000][1][safepoint    ] Total time for which application threads were stopped: 0.0020516 seconds, Stopping threads took: 0.0019206 seconds
[2020-01-13T13:46:45.209+0000][1][safepoint    ] Application time: 1.0014872 seconds
[2020-01-13T13:46:45.209+0000][1][safepoint    ] Entering safepoint region: Cleanup
[2020-01-13T13:46:45.209+0000][1][safepoint    ] Leaving safepoint region
[2020-01-13T13:46:45.209+0000][1][safepoint    ] Total time for which application threads were stopped: 0.0000955 seconds, Stopping threads took: 0.0000200 seconds
[2020-01-13T13:46:46.206+0000][1][safepoint    ] Application time: 0.9970112 seconds
[2020-01-13T13:46:46.208+0000][1][safepoint    ] Entering safepoint region: RevokeBias
[2020-01-13T13:46:46.208+0000][1][safepoint    ] Leaving safepoint region
[2020-01-13T13:46:46.208+0000][1][safepoint    ] Total time for which application threads were stopped: 0.0021131 seconds, Stopping threads took: 0.0019916 seconds
[2020-01-13T13:46:47.209+0000][1][safepoint    ] Application time: 1.0010024 seconds
[2020-01-13T13:46:47.209+0000][1][safepoint    ] Entering safepoint region: Cleanup
[2020-01-13T13:46:47.209+0000][1][safepoint    ] Leaving safepoint region
[2020-01-13T13:46:47.209+0000][1][safepoint    ] Total time for which application threads were stopped: 0.0000996 seconds, Stopping threads took: 0.0000263 seconds
[2020-01-13T13:46:48.207+0000][1][safepoint    ] Application time: 0.9972922 seconds
[2020-01-13T13:46:48.209+0000][1][safepoint    ] Entering safepoint region: RevokeBias
[2020-01-13T13:46:48.209+0000][1][safepoint    ] Leaving safepoint region
[2020-01-13T13:46:48.209+0000][1][safepoint    ] Total time for which application threads were stopped: 0.0021361 seconds, Stopping threads took: 0.0020012 seconds
[2020-01-13T13:46:49.210+0000][1][safepoint    ] Application time: 1.0010282 seconds
[2020-01-13T13:46:49.210+0000][1][safepoint    ] Entering safepoint region: Cleanup
[2020-01-13T13:46:49.210+0000][1][safepoint    ] Leaving safepoint region
[2020-01-13T13:46:49.210+0000][1][safepoint    ] Total time for which application threads were stopped: 0.0001263 seconds, Stopping threads took: 0.0000347 seconds
[2020-01-13T13:46:50.207+0000][1][safepoint    ] Application time: 0.9972380 seconds
[2020-01-13T13:46:50.209+0000][1][safepoint    ] Entering safepoint region: RevokeBias
[2020-01-13T13:46:50.209+0000][1][safepoint    ] Leaving safepoint region
[2020-01-13T13:46:50.209+0000][1][safepoint    ] Total time for which application threads were stopped: 0.0021187 seconds, Stopping threads took: 0.0019835 seconds
[2020-01-13T13:46:51.210+0000][1][safepoint    ] Application time: 1.0010231 seconds
[2020-01-13T13:46:51.210+0000][1][safepoint    ] Entering safepoint region: Cleanup
[2020-01-13T13:46:51.211+0000][1][safepoint    ] Leaving safepoint region
[2020-01-13T13:46:51.211+0000][1][safepoint    ] Total time for which application threads were stopped: 0.0001001 seconds, Stopping threads took: 0.0000219 seconds
[2020-01-13T13:46:52.208+0000][1][safepoint    ] Application time: 0.9976541 seconds
[2020-01-13T13:46:52.210+0000][1][safepoint    ] Entering safepoint region: RevokeBias
[2020-01-13T13:46:52.210+0000][1][safepoint    ] Leaving safepoint region
[2020-01-13T13:46:52.210+0000][1][safepoint    ] Total time for which application threads were stopped: 0.0019308 seconds, Stopping threads took: 0.0017915 seconds
[2020-01-13T13:46:53.211+0000][1][safepoint    ] Application time: 1.0010301 seconds
[2020-01-13T13:46:53.211+0000][1][safepoint    ] Entering safepoint region: Cleanup
[2020-01-13T13:46:53.211+0000][1][safepoint    ] Leaving safepoint region
[2020-01-13T13:46:53.211+0000][1][safepoint    ] Total time for which application threads were stopped: 0.0001166 seconds, Stopping threads took: 0.0000358 seconds
[2020-01-13T13:46:54.210+0000][1][safepoint    ] Application time: 0.9983348 seconds
[2020-01-13T13:46:54.212+0000][1][safepoint    ] Entering safepoint region: RevokeBias
[2020-01-13T13:46:54.212+0000][1][safepoint    ] Leaving safepoint region
[2020-01-13T13:46:54.212+0000][1][safepoint    ] Total time for which application threads were stopped: 0.0021191 seconds, Stopping threads took: 0.0019962 seconds
[2020-01-13T13:46:55.213+0000][1][safepoint    ] Application time: 1.0010254 seconds
[2020-01-13T13:46:55.213+0000][1][safepoint    ] Entering safepoint region: Cleanup
[2020-01-13T13:46:55.213+0000][1][safepoint    ] Leaving safepoint region
[2020-01-13T13:46:55.213+0000][1][safepoint    ] Total time for which application threads were stopped: 0.0001139 seconds, Stopping threads took: 0.0000201 seconds
[2020-01-13T13:46:56.213+0000][1][safepoint    ] Application time: 1.0000752 seconds
[2020-01-13T13:46:56.213+0000][1][safepoint    ] Entering safepoint region: Cleanup
[2020-01-13T13:46:56.213+0000][1][safepoint    ] Leaving safepoint region
[2020-01-13T13:46:56.213+0000][1][safepoint    ] Total time for which application threads were stopped: 0.0001428 seconds, Stopping threads took: 0.0000446 seconds
[2020-01-13T13:46:56.213+0000][1][safepoint    ] Application time: 0.0001155 seconds
[2020-01-13T13:46:56.215+0000][1][safepoint    ] Entering safepoint region: RevokeBias
[2020-01-13T13:46:56.215+0000][1][safepoint    ] Leaving safepoint region
[2020-01-13T13:46:56.215+0000][1][safepoint    ] Total time for which application threads were stopped: 0.0013506 seconds, Stopping threads took: 0.0012839 seconds
[2020-01-13T13:46:57.215+0000][1][safepoint    ] Application time: 1.0001226 seconds
[2020-01-13T13:46:57.215+0000][1][safepoint    ] Entering safepoint region: Cleanup
[2020-01-13T13:46:57.215+0000][1][safepoint    ] Leaving safepoint region
[2020-01-13T13:46:57.215+0000][1][safepoint    ] Total time for which application threads were stopped: 0.0001139 seconds, Stopping threads took: 0.0000304 seconds
[2020-01-13T13:46:58.211+0000][1][safepoint    ] Application time: 0.9954519 seconds
[2020-01-13T13:46:58.212+0000][1][safepoint    ] Entering safepoint region: RevokeBias
[2020-01-13T13:46:58.212+0000][1][safepoint    ] Leaving safepoint region
[2020-01-13T13:46:58.212+0000][1][safepoint    ] Total time for which application threads were stopped: 0.0002068 seconds, Stopping threads took: 0.0000720 seconds
[2020-01-13T13:46:59.212+0000][1][safepoint    ] Application time: 1.0000874 seconds
[2020-01-13T13:46:59.212+0000][1][safepoint    ] Entering safepoint region: Cleanup
[2020-01-13T13:46:59.212+0000][1][safepoint    ] Leaving safepoint region
[2020-01-13T13:46:59.212+0000][1][safepoint    ] Total time for which application threads were stopped: 0.0001080 seconds, Stopping threads took: 0.0000204 seconds
[2020-01-13T13:47:00.211+0000][1][safepoint    ] Application time: 0.9992612 seconds
[2020-01-13T13:47:00.213+0000][1][safepoint    ] Entering safepoint region: RevokeBias
[2020-01-13T13:47:00.213+0000][1][safepoint    ] Leaving safepoint region
[2020-01-13T13:47:00.213+0000][1][safepoint    ] Total time for which application threads were stopped: 0.0021194 seconds, Stopping threads took: 0.0019912 seconds
[2020-01-13T13:47:01.214+0000][1][safepoint    ] Application time: 1.0009552 seconds
[2020-01-13T13:47:01.214+0000][1][safepoint    ] Entering safepoint region: Cleanup
[2020-01-13T13:47:01.215+0000][1][safepoint    ] Leaving safepoint region
[2020-01-13T13:47:01.215+0000][1][safepoint    ] Total time for which application threads were stopped: 0.0000941 seconds, Stopping threads took: 0.0000225 seconds
[2020-01-13T13:47:02.213+0000][1][safepoint    ] Application time: 0.9986692 seconds
[2020-01-13T13:47:02.215+0000][1][safepoint    ] Entering safepoint region: RevokeBias
[2020-01-13T13:47:02.215+0000][1][safepoint    ] Leaving safepoint region
[2020-01-13T13:47:02.215+0000][1][safepoint    ] Total time for which application threads were stopped: 0.0021397 seconds, Stopping threads took: 0.0020066 seconds
[2020-01-13T13:47:03.217+0000][1][safepoint    ] Application time: 1.0015781 seconds
[2020-01-13T13:47:03.218+0000][1][safepoint    ] Entering safepoint region: Cleanup
[2020-01-13T13:47:03.218+0000][1][safepoint    ] Leaving safepoint region
[2020-01-13T13:47:03.218+0000][1][safepoint    ] Total time for which application threads were stopped: 0.0001848 seconds, Stopping threads took: 0.0000839 seconds
[2020-01-13T13:47:04.215+0000][1][safepoint    ] Application time: 0.9968937 seconds
[2020-01-13T13:47:04.215+0000][1][safepoint    ] Entering safepoint region: RevokeBias
[2020-01-13T13:47:04.216+0000][1][safepoint    ] Leaving safepoint region
[2020-01-13T13:47:04.216+0000][1][safepoint    ] Total time for which application threads were stopped: 0.0005701 seconds, Stopping threads took: 0.0004343 seconds
[2020-01-13T13:47:05.216+0000][1][safepoint    ] Application time: 1.0000879 seconds
[2020-01-13T13:47:05.216+0000][1][safepoint    ] Entering safepoint region: Cleanup
[2020-01-13T13:47:05.216+0000][1][safepoint    ] Leaving safepoint region
[2020-01-13T13:47:05.216+0000][1][safepoint    ] Total time for which application threads were stopped: 0.0001084 seconds, Stopping threads took: 0.0000227 seconds
[2020-01-13T13:47:06.216+0000][1][safepoint    ] Application time: 1.0001068 seconds
[2020-01-13T13:47:06.216+0000][1][safepoint    ] Entering safepoint region: Cleanup
[2020-01-13T13:47:06.216+0000][1][safepoint    ] Leaving safepoint region
[2020-01-13T13:47:06.216+0000][1][safepoint    ] Total time for which application threads were stopped: 0.0001064 seconds, Stopping threads took: 0.0000218 seconds
[2020-01-13T13:47:06.216+0000][1][safepoint    ] Application time: 0.0001145 seconds
[2020-01-13T13:47:06.218+0000][1][safepoint    ] Entering safepoint region: RevokeBias
[2020-01-13T13:47:06.218+0000][1][safepoint    ] Leaving safepoint region
[2020-01-13T13:47:06.218+0000][1][safepoint    ] Total time for which application threads were stopped: 0.0019620 seconds, Stopping threads took: 0.0018702 seconds
[2020-01-13T13:47:07.219+0000][1][safepoint    ] Application time: 1.0010318 seconds
[2020-01-13T13:47:07.219+0000][1][safepoint    ] Entering safepoint region: Cleanup
[2020-01-13T13:47:07.219+0000][1][safepoint    ] Leaving safepoint region
[2020-01-13T13:47:07.219+0000][1][safepoint    ] Total time for which application threads were stopped: 0.0001140 seconds, Stopping threads took: 0.0000236 seconds
[2020-01-13T13:47:08.214+0000][1][safepoint    ] Application time: 0.9945811 seconds
[2020-01-13T13:47:08.215+0000][1][safepoint    ] Entering safepoint region: RevokeBias
[2020-01-13T13:47:08.215+0000][1][safepoint    ] Leaving safepoint region
[2020-01-13T13:47:08.215+0000][1][safepoint    ] Total time for which application threads were stopped: 0.0007411 seconds, Stopping threads took: 0.0005433 seconds
[2020-01-13T13:47:09.215+0000][1][safepoint    ] Application time: 1.0001289 seconds
[2020-01-13T13:47:09.215+0000][1][safepoint    ] Entering safepoint region: Cleanup
[2020-01-13T13:47:09.215+0000][1][safepoint    ] Leaving safepoint region
[2020-01-13T13:47:09.215+0000][1][safepoint    ] Total time for which application threads were stopped: 0.0001040 seconds, Stopping threads took: 0.0000280 seconds
[2020-01-13T13:47:10.214+0000][1][safepoint    ] Application time: 0.9991611 seconds
[2020-01-13T13:47:10.214+0000][1][safepoint    ] Entering safepoint region: RevokeBias
[2020-01-13T13:47:10.214+0000][1][safepoint    ] Leaving safepoint region
[2020-01-13T13:47:10.214+0000][1][safepoint    ] Total time for which application threads were stopped: 0.0001616 seconds, Stopping threads took: 0.0000212 seconds
[2020-01-13T13:47:11.215+0000][1][safepoint    ] Application time: 1.0000864 seconds
[2020-01-13T13:47:11.215+0000][1][safepoint    ] Entering safepoint region: Cleanup
[2020-01-13T13:47:11.215+0000][1][safepoint    ] Leaving safepoint region
[2020-01-13T13:47:11.215+0000][1][safepoint    ] Total time for which application threads were stopped: 0.0001693 seconds, Stopping threads took: 0.0000753 seconds
[2020-01-13T13:47:12.215+0000][1][safepoint    ] Application time: 1.0000875 seconds
[2020-01-13T13:47:12.215+0000][1][safepoint    ] Entering safepoint region: Cleanup
[2020-01-13T13:47:12.215+0000][1][safepoint    ] Leaving safepoint region
[2020-01-13T13:47:12.215+0000][1][safepoint    ] Total time for which application threads were stopped: 0.0001818 seconds, Stopping threads took: 0.0000295 seconds
[2020-01-13T13:47:12.216+0000][1][safepoint    ] Application time: 0.0005757 seconds
[2020-01-13T13:47:12.216+0000][1][safepoint    ] Entering safepoint region: RevokeBias
[2020-01-13T13:47:12.216+0000][1][safepoint    ] Leaving safepoint region
[2020-01-13T13:47:12.216+0000][1][safepoint    ] Total time for which application threads were stopped: 0.0000854 seconds, Stopping threads took: 0.0000121 seconds
[2020-01-13T13:47:13.216+0000][1][safepoint    ] Application time: 1.0000825 seconds
[2020-01-13T13:47:13.216+0000][1][safepoint    ] Entering safepoint region: Cleanup
[2020-01-13T13:47:13.216+0000][1][safepoint    ] Leaving safepoint region
[2020-01-13T13:47:13.216+0000][1][safepoint    ] Total time for which application threads were stopped: 0.0003410 seconds, Stopping threads took: 0.0002187 seconds
[2020-01-13T13:47:14.216+0000][1][safepoint    ] Application time: 0.9995609 seconds
[2020-01-13T13:47:14.217+0000][1][safepoint    ] Entering safepoint region: RevokeBias
[2020-01-13T13:47:14.217+0000][1][safepoint    ] Leaving safepoint region
[2020-01-13T13:47:14.217+0000][1][safepoint    ] Total time for which application threads were stopped: 0.0001906 seconds, Stopping threads took: 0.0000667 seconds
[2020-01-13T13:47:15.217+0000][1][safepoint    ] Application time: 1.0000863 seconds
[2020-01-13T13:47:15.219+0000][1][safepoint    ] Entering safepoint region: Cleanup
[2020-01-13T13:47:15.219+0000][1][safepoint    ] Leaving safepoint region
[2020-01-13T13:47:15.219+0000][1][safepoint    ] Total time for which application threads were stopped: 0.0020527 seconds, Stopping threads took: 0.0019555 seconds
[2020-01-13T13:47:16.216+0000][1][safepoint    ] Application time: 0.9968237 seconds
[2020-01-13T13:47:16.216+0000][1][safepoint    ] Entering safepoint region: RevokeBias
[2020-01-13T13:47:16.216+0000][1][safepoint    ] Leaving safepoint region
[2020-01-13T13:47:16.216+0000][1][safepoint    ] Total time for which application threads were stopped: 0.0001412 seconds, Stopping threads took: 0.0000192 seconds
[2020-01-13T13:47:17.218+0000][1][safepoint    ] Application time: 1.0013856 seconds
[2020-01-13T13:47:17.218+0000][1][safepoint    ] Entering safepoint region: Cleanup
[2020-01-13T13:47:17.218+0000][1][safepoint    ] Leaving safepoint region
[2020-01-13T13:47:17.218+0000][1][safepoint    ] Total time for which application threads were stopped: 0.0000940 seconds, Stopping threads took: 0.0000194 seconds
[2020-01-13T13:47:18.217+0000][1][safepoint    ] Application time: 0.9989822 seconds
[2020-01-13T13:47:18.217+0000][1][safepoint    ] Entering safepoint region: RevokeBias
[2020-01-13T13:47:18.217+0000][1][safepoint    ] Leaving safepoint region
[2020-01-13T13:47:18.217+0000][1][safepoint    ] Total time for which application threads were stopped: 0.0001641 seconds, Stopping threads took: 0.0000185 seconds
[2020-01-13T13:47:19.218+0000][1][safepoint    ] Application time: 1.0009900 seconds
[2020-01-13T13:47:19.219+0000][1][safepoint    ] Entering safepoint region: Cleanup
[2020-01-13T13:47:19.219+0000][1][safepoint    ] Leaving safepoint region
[2020-01-13T13:47:19.219+0000][1][safepoint    ] Total time for which application threads were stopped: 0.0001956 seconds, Stopping threads took: 0.0000685 seconds
[2020-01-13T13:47:20.218+0000][1][safepoint    ] Application time: 0.9987283 seconds
[2020-01-13T13:47:20.220+0000][1][safepoint    ] Entering safepoint region: RevokeBias
[2020-01-13T13:47:20.220+0000][1][safepoint    ] Leaving safepoint region
[2020-01-13T13:47:20.220+0000][1][safepoint    ] Total time for which application threads were stopped: 0.0021236 seconds, Stopping threads took: 0.0019854 seconds
[2020-01-13T13:47:21.221+0000][1][safepoint    ] Application time: 1.0009079 seconds
[2020-01-13T13:47:21.221+0000][1][safepoint    ] Entering safepoint region: Cleanup
[2020-01-13T13:47:21.221+0000][1][safepoint    ] Leaving safepoint region
[2020-01-13T13:47:21.221+0000][1][safepoint    ] Total time for which application threads were stopped: 0.0001123 seconds, Stopping threads took: 0.0000184 seconds
[2020-01-13T13:47:22.219+0000][1][safepoint    ] Application time: 0.9978180 seconds
[2020-01-13T13:47:22.221+0000][1][safepoint    ] Entering safepoint region: RevokeBias
[2020-01-13T13:47:22.221+0000][1][safepoint    ] Leaving safepoint region
[2020-01-13T13:47:22.221+0000][1][safepoint    ] Total time for which application threads were stopped: 0.0021173 seconds, Stopping threads took: 0.0019866 seconds
[2020-01-13T13:47:23.224+0000][1][safepoint    ] Application time: 1.0031422 seconds
[2020-01-13T13:47:23.225+0000][1][safepoint    ] Entering safepoint region: Cleanup
[2020-01-13T13:47:23.225+0000][1][safepoint    ] Leaving safepoint region
[2020-01-13T13:47:23.225+0000][1][safepoint    ] Total time for which application threads were stopped: 0.0001086 seconds, Stopping threads took: 0.0000221 seconds
[2020-01-13T13:47:24.219+0000][1][safepoint    ] Application time: 0.9941912 seconds
[2020-01-13T13:47:24.221+0000][1][safepoint    ] Entering safepoint region: RevokeBias
[2020-01-13T13:47:24.221+0000][1][safepoint    ] Leaving safepoint region
[2020-01-13T13:47:24.221+0000][1][safepoint    ] Total time for which application threads were stopped: 0.0021255 seconds, Stopping threads took: 0.0019937 seconds
[2020-01-13T13:47:25.225+0000][1][safepoint    ] Application time: 1.0040494 seconds
[2020-01-13T13:47:25.225+0000][1][safepoint    ] Entering safepoint region: Cleanup
[2020-01-13T13:47:25.225+0000][1][safepoint    ] Leaving safepoint region
[2020-01-13T13:47:25.225+0000][1][safepoint    ] Total time for which application threads were stopped: 0.0001326 seconds, Stopping threads took: 0.0000231 seconds
[2020-01-13T13:47:26.222+0000][1][safepoint    ] Application time: 0.9963142 seconds
[2020-01-13T13:47:26.222+0000][1][safepoint    ] Entering safepoint region: RevokeBias
[2020-01-13T13:47:26.222+0000][1][safepoint    ] Leaving safepoint region
[2020-01-13T13:47:26.222+0000][1][safepoint    ] Total time for which application threads were stopped: 0.0002957 seconds, Stopping threads took: 0.0001696 seconds
[2020-01-13T13:47:27.222+0000][1][safepoint    ] Application time: 1.0000886 seconds
[2020-01-13T13:47:27.222+0000][1][safepoint    ] Entering safepoint region: Cleanup
[2020-01-13T13:47:27.222+0000][1][safepoint    ] Leaving safepoint region
[2020-01-13T13:47:27.222+0000][1][safepoint    ] Total time for which application threads were stopped: 0.0000943 seconds, Stopping threads took: 0.0000192 seconds
[2020-01-13T13:47:28.222+0000][1][safepoint    ] Application time: 0.9996834 seconds
[2020-01-13T13:47:28.224+0000][1][safepoint    ] Entering safepoint region: RevokeBias
[2020-01-13T13:47:28.224+0000][1][safepoint    ] Leaving safepoint region
[2020-01-13T13:47:28.224+0000][1][safepoint    ] Total time for which application threads were stopped: 0.0021232 seconds, Stopping threads took: 0.0019904 seconds
[2020-01-13T13:47:29.225+0000][1][safepoint    ] Application time: 1.0009292 seconds
[2020-01-13T13:47:29.225+0000][1][safepoint    ] Entering safepoint region: Cleanup
[2020-01-13T13:47:29.225+0000][1][safepoint    ] Leaving safepoint region
[2020-01-13T13:47:29.225+0000][1][safepoint    ] Total time for which application threads were stopped: 0.0001174 seconds, Stopping threads took: 0.0000295 seconds
[2020-01-13T13:47:30.222+0000][1][safepoint    ] Application time: 0.9966937 seconds
[2020-01-13T13:47:30.224+0000][1][safepoint    ] Entering safepoint region: RevokeBias
[2020-01-13T13:47:30.224+0000][1][safepoint    ] Leaving safepoint region
[2020-01-13T13:47:30.224+0000][1][safepoint    ] Total time for which application threads were stopped: 0.0021557 seconds, Stopping threads took: 0.0020130 seconds
[2020-01-13T13:47:31.225+0000][1][safepoint    ] Application time: 1.0009324 seconds
[2020-01-13T13:47:31.225+0000][1][safepoint    ] Entering safepoint region: Cleanup
[2020-01-13T13:47:31.225+0000][1][safepoint    ] Leaving safepoint region
[2020-01-13T13:47:31.225+0000][1][safepoint    ] Total time for which application threads were stopped: 0.0000930 seconds, Stopping threads took: 0.0000191 seconds
[2020-01-13T13:47:31.308+0000][1][safepoint    ] Application time: 0.0832044 seconds
[2020-01-13T13:47:31.308+0000][1][safepoint    ] Entering safepoint region: GenCollectForAllocation
[2020-01-13T13:47:31.309+0000][1][gc,start     ] GC(26) Pause Young (Allocation Failure)
[2020-01-13T13:47:31.309+0000][1][gc,task      ] GC(26) Using 1 workers of 1 for evacuation
[2020-01-13T13:47:31.323+0000][1][gc,age       ] GC(26) Desired survivor size 4358144 bytes, new threshold 6 (max threshold 6)
[2020-01-13T13:47:31.323+0000][1][gc,age       ] GC(26) Age table with threshold 6 (max threshold 6)
[2020-01-13T13:47:31.323+0000][1][gc,age       ] GC(26) - age   1:      17952 bytes,      17952 total
[2020-01-13T13:47:31.323+0000][1][gc,age       ] GC(26) - age   2:      27888 bytes,      45840 total
[2020-01-13T13:47:31.323+0000][1][gc,age       ] GC(26) - age   3:      79744 bytes,     125584 total
[2020-01-13T13:47:31.323+0000][1][gc,age       ] GC(26) - age   4:    1114904 bytes,    1240488 total
[2020-01-13T13:47:31.323+0000][1][gc,age       ] GC(26) - age   5:    2277000 bytes,    3517488 total
[2020-01-13T13:47:31.323+0000][1][gc,heap      ] GC(26) ParNew: 72044K->3797K(76672K)
[2020-01-13T13:47:31.323+0000][1][gc,heap      ] GC(26) CMS: 65602K->65602K(176960K)
[2020-01-13T13:47:31.323+0000][1][gc,metaspace ] GC(26) Metaspace: 71745K->71745K(1114112K)
[2020-01-13T13:47:31.323+0000][1][gc           ] GC(26) Pause Young (Allocation Failure) 134M->67M(247M) 14.565ms
[2020-01-13T13:47:31.323+0000][1][gc,cpu       ] GC(26) User=0.02s Sys=0.00s Real=0.01s
[2020-01-13T13:47:31.323+0000][1][safepoint    ] Leaving safepoint region
[2020-01-13T13:47:31.323+0000][1][safepoint    ] Total time for which application threads were stopped: 0.0147908 seconds, Stopping threads took: 0.0000366 seconds
[2020-01-13T13:47:32.223+0000][1][safepoint    ] Application time: 0.9001734 seconds
[2020-01-13T13:47:32.223+0000][1][safepoint    ] Entering safepoint region: RevokeBias
[2020-01-13T13:47:32.223+0000][1][safepoint    ] Leaving safepoint region
[2020-01-13T13:47:32.223+0000][1][safepoint    ] Total time for which application threads were stopped: 0.0001240 seconds, Stopping threads took: 0.0000199 seconds
[2020-01-13T13:47:33.225+0000][1][safepoint    ] Application time: 1.0010091 seconds
[2020-01-13T13:47:33.225+0000][1][safepoint    ] Entering safepoint region: Cleanup
[2020-01-13T13:47:33.225+0000][1][safepoint    ] Leaving safepoint region
[2020-01-13T13:47:33.225+0000][1][safepoint    ] Total time for which application threads were stopped: 0.0001181 seconds, Stopping threads took: 0.0000206 seconds
[2020-01-13T13:47:34.223+0000][1][safepoint    ] Application time: 0.9986907 seconds
[2020-01-13T13:47:34.224+0000][1][safepoint    ] Entering safepoint region: RevokeBias
[2020-01-13T13:47:34.224+0000][1][safepoint    ] Leaving safepoint region
[2020-01-13T13:47:34.224+0000][1][safepoint    ] Total time for which application threads were stopped: 0.0006528 seconds, Stopping threads took: 0.0005214 seconds
[2020-01-13T13:47:35.224+0000][1][safepoint    ] Application time: 1.0000844 seconds
[2020-01-13T13:47:35.225+0000][1][safepoint    ] Entering safepoint region: Cleanup
[2020-01-13T13:47:35.225+0000][1][safepoint    ] Leaving safepoint region
[2020-01-13T13:47:35.225+0000][1][safepoint    ] Total time for which application threads were stopped: 0.0010452 seconds, Stopping threads took: 0.0009480 seconds
[2020-01-13T13:47:36.224+0000][1][safepoint    ] Application time: 0.9990052 seconds
[2020-01-13T13:47:36.226+0000][1][safepoint    ] Entering safepoint region: RevokeBias
[2020-01-13T13:47:36.226+0000][1][safepoint    ] Leaving safepoint region
[2020-01-13T13:47:36.226+0000][1][safepoint    ] Total time for which application threads were stopped: 0.0017671 seconds, Stopping threads took: 0.0016412 seconds
[2020-01-13T13:47:37.227+0000][1][safepoint    ] Application time: 1.0008853 seconds
[2020-01-13T13:47:37.227+0000][1][safepoint    ] Entering safepoint region: Cleanup
[2020-01-13T13:47:37.227+0000][1][safepoint    ] Leaving safepoint region
[2020-01-13T13:47:37.227+0000][1][safepoint    ] Total time for which application threads were stopped: 0.0000973 seconds, Stopping threads took: 0.0000205 seconds
[2020-01-13T13:47:38.225+0000][1][safepoint    ] Application time: 0.9979021 seconds
[2020-01-13T13:47:38.227+0000][1][safepoint    ] Entering safepoint region: RevokeBias
[2020-01-13T13:47:38.227+0000][1][safepoint    ] Leaving safepoint region
[2020-01-13T13:47:38.227+0000][1][safepoint    ] Total time for which application threads were stopped: 0.0020847 seconds, Stopping threads took: 0.0019490 seconds
[2020-01-13T13:47:39.228+0000][1][safepoint    ] Application time: 1.0008995 seconds
[2020-01-13T13:47:39.228+0000][1][safepoint    ] Entering safepoint region: Cleanup
[2020-01-13T13:47:39.228+0000][1][safepoint    ] Leaving safepoint region
[2020-01-13T13:47:39.228+0000][1][safepoint    ] Total time for which application threads were stopped: 0.0001212 seconds, Stopping threads took: 0.0000190 seconds
[2020-01-13T13:47:40.226+0000][1][safepoint    ] Application time: 0.9974273 seconds
[2020-01-13T13:47:40.227+0000][1][safepoint    ] Entering safepoint region: RevokeBias
[2020-01-13T13:47:40.227+0000][1][safepoint    ] Leaving safepoint region
[2020-01-13T13:47:40.227+0000][1][safepoint    ] Total time for which application threads were stopped: 0.0001984 seconds, Stopping threads took: 0.0000688 seconds
[2020-01-13T13:47:41.227+0000][1][safepoint    ] Application time: 1.0000912 seconds
[2020-01-13T13:47:41.229+0000][1][safepoint    ] Entering safepoint region: Cleanup
[2020-01-13T13:47:41.229+0000][1][safepoint    ] Leaving safepoint region
[2020-01-13T13:47:41.229+0000][1][safepoint    ] Total time for which application threads were stopped: 0.0020967 seconds, Stopping threads took: 0.0019981 seconds
[2020-01-13T13:47:42.226+0000][1][safepoint    ] Application time: 0.9970050 seconds
[2020-01-13T13:47:42.228+0000][1][safepoint    ] Entering safepoint region: BulkRevokeBias
[2020-01-13T13:47:42.229+0000][1][safepoint    ] Leaving safepoint region
[2020-01-13T13:47:42.229+0000][1][safepoint    ] Total time for which application threads were stopped: 0.0021656 seconds, Stopping threads took: 0.0018478 seconds
[2020-01-13T13:47:43.230+0000][1][safepoint    ] Application time: 1.0009057 seconds
[2020-01-13T13:47:43.230+0000][1][safepoint    ] Entering safepoint region: Cleanup
[2020-01-13T13:47:43.230+0000][1][safepoint    ] Leaving safepoint region
[2020-01-13T13:47:43.230+0000][1][safepoint    ] Total time for which application threads were stopped: 0.0000955 seconds, Stopping threads took: 0.0000193 seconds
[2020-01-13T13:47:44.227+0000][1][safepoint    ] Application time: 0.9968751 seconds
[2020-01-13T13:47:44.229+0000][1][safepoint    ] Entering safepoint region: RevokeBias
[2020-01-13T13:47:44.229+0000][1][safepoint    ] Leaving safepoint region
[2020-01-13T13:47:44.229+0000][1][safepoint    ] Total time for which application threads were stopped: 0.0021486 seconds, Stopping threads took: 0.0019978 seconds
[2020-01-13T13:47:45.230+0000][1][safepoint    ] Application time: 1.0008650 seconds
[2020-01-13T13:47:45.231+0000][1][safepoint    ] Entering safepoint region: Cleanup
[2020-01-13T13:47:45.231+0000][1][safepoint    ] Leaving safepoint region
[2020-01-13T13:47:45.231+0000][1][safepoint    ] Total time for which application threads were stopped: 0.0001076 seconds, Stopping threads took: 0.0000250 seconds
[2020-01-13T13:47:46.227+0000][1][safepoint    ] Application time: 0.9962617 seconds
[2020-01-13T13:47:46.229+0000][1][safepoint    ] Entering safepoint region: RevokeBias
[2020-01-13T13:47:46.229+0000][1][safepoint    ] Leaving safepoint region
[2020-01-13T13:47:46.229+0000][1][safepoint    ] Total time for which application threads were stopped: 0.0021294 seconds, Stopping threads took: 0.0019979 seconds
[2020-01-13T13:47:47.231+0000][1][safepoint    ] Application time: 1.0016334 seconds
[2020-01-13T13:47:47.231+0000][1][safepoint    ] Entering safepoint region: Cleanup
[2020-01-13T13:47:47.231+0000][1][safepoint    ] Leaving safepoint region
[2020-01-13T13:47:47.231+0000][1][safepoint    ] Total time for which application threads were stopped: 0.0000979 seconds, Stopping threads took: 0.0000216 seconds
[2020-01-13T13:47:48.227+0000][1][safepoint    ] Application time: 0.9964557 seconds
[2020-01-13T13:47:48.227+0000][1][safepoint    ] Entering safepoint region: RevokeBias
[2020-01-13T13:47:48.228+0000][1][safepoint    ] Leaving safepoint region
[2020-01-13T13:47:48.228+0000][1][safepoint    ] Total time for which application threads were stopped: 0.0001447 seconds, Stopping threads took: 0.0000342 seconds
[2020-01-13T13:47:49.228+0000][1][safepoint    ] Application time: 1.0001122 seconds
[2020-01-13T13:47:49.228+0000][1][safepoint    ] Entering safepoint region: Cleanup
[2020-01-13T13:47:49.228+0000][1][safepoint    ] Leaving safepoint region
[2020-01-13T13:47:49.228+0000][1][safepoint    ] Total time for which application threads were stopped: 0.0001175 seconds, Stopping threads took: 0.0000302 seconds
[2020-01-13T13:47:50.228+0000][1][safepoint    ] Application time: 1.0001453 seconds
[2020-01-13T13:47:50.228+0000][1][safepoint    ] Entering safepoint region: Cleanup
[2020-01-13T13:47:50.228+0000][1][safepoint    ] Leaving safepoint region
[2020-01-13T13:47:50.228+0000][1][safepoint    ] Total time for which application threads were stopped: 0.0001162 seconds, Stopping threads took: 0.0000297 seconds
[2020-01-13T13:47:50.230+0000][1][safepoint    ] Application time: 0.0019428 seconds
[2020-01-13T13:47:50.231+0000][1][safepoint    ] Entering safepoint region: RevokeBias
[2020-01-13T13:47:50.231+0000][1][safepoint    ] Leaving safepoint region
[2020-01-13T13:47:50.231+0000][1][safepoint    ] Total time for which application threads were stopped: 0.0001982 seconds, Stopping threads took: 0.0000662 seconds
[2020-01-13T13:47:51.232+0000][1][safepoint    ] Application time: 1.0000874 seconds
[2020-01-13T13:47:51.232+0000][1][safepoint    ] Entering safepoint region: Cleanup
[2020-01-13T13:47:51.232+0000][1][safepoint    ] Leaving safepoint region
[2020-01-13T13:47:51.232+0000][1][safepoint    ] Total time for which application threads were stopped: 0.0001035 seconds, Stopping threads took: 0.0000255 seconds
[2020-01-13T13:47:52.229+0000][1][safepoint    ] Application time: 0.9969606 seconds
[2020-01-13T13:47:52.231+0000][1][safepoint    ] Entering safepoint region: RevokeBias
[2020-01-13T13:47:52.231+0000][1][safepoint    ] Leaving safepoint region
[2020-01-13T13:47:52.231+0000][1][safepoint    ] Total time for which application threads were stopped: 0.0021161 seconds, Stopping threads took: 0.0019848 seconds
[2020-01-13T13:47:53.232+0000][1][safepoint    ] Application time: 1.0009310 seconds
[2020-01-13T13:47:53.232+0000][1][safepoint    ] Entering safepoint region: Cleanup
[2020-01-13T13:47:53.232+0000][1][safepoint    ] Leaving safepoint region
[2020-01-13T13:47:53.232+0000][1][safepoint    ] Total time for which application threads were stopped: 0.0000958 seconds, Stopping threads took: 0.0000226 seconds
[2020-01-13T13:47:54.231+0000][1][safepoint    ] Application time: 0.9987820 seconds
[2020-01-13T13:47:54.233+0000][1][safepoint    ] Entering safepoint region: RevokeBias
[2020-01-13T13:47:54.233+0000][1][safepoint    ] Leaving safepoint region
[2020-01-13T13:47:54.233+0000][1][safepoint    ] Total time for which application threads were stopped: 0.0021143 seconds, Stopping threads took: 0.0019420 seconds
[2020-01-13T13:47:55.234+0000][1][safepoint    ] Application time: 1.0008924 seconds
[2020-01-13T13:47:55.234+0000][1][safepoint    ] Entering safepoint region: Cleanup
[2020-01-13T13:47:55.234+0000][1][safepoint    ] Leaving safepoint region
[2020-01-13T13:47:55.234+0000][1][safepoint    ] Total time for which application threads were stopped: 0.0001141 seconds, Stopping threads took: 0.0000233 seconds
[2020-01-13T13:47:56.231+0000][1][safepoint    ] Application time: 0.9967172 seconds
[2020-01-13T13:47:56.233+0000][1][safepoint    ] Entering safepoint region: RevokeBias
[2020-01-13T13:47:56.233+0000][1][safepoint    ] Leaving safepoint region
[2020-01-13T13:47:56.233+0000][1][safepoint    ] Total time for which application threads were stopped: 0.0021186 seconds, Stopping threads took: 0.0019914 seconds
[2020-01-13T13:47:57.234+0000][1][safepoint    ] Application time: 1.0009477 seconds
[2020-01-13T13:47:57.234+0000][1][safepoint    ] Entering safepoint region: Cleanup
[2020-01-13T13:47:57.234+0000][1][safepoint    ] Leaving safepoint region
[2020-01-13T13:47:57.234+0000][1][safepoint    ] Total time for which application threads were stopped: 0.0001029 seconds, Stopping threads took: 0.0000199 seconds
[2020-01-13T13:47:58.233+0000][1][safepoint    ] Application time: 0.9988807 seconds
[2020-01-13T13:47:58.234+0000][1][safepoint    ] Entering safepoint region: RevokeBias
[2020-01-13T13:47:58.234+0000][1][safepoint    ] Leaving safepoint region
[2020-01-13T13:47:58.234+0000][1][safepoint    ] Total time for which application threads were stopped: 0.0002065 seconds, Stopping threads took: 0.0000779 seconds
[2020-01-13T13:47:59.234+0000][1][safepoint    ] Application time: 1.0000925 seconds
[2020-01-13T13:47:59.234+0000][1][safepoint    ] Entering safepoint region: Cleanup
[2020-01-13T13:47:59.234+0000][1][safepoint    ] Leaving safepoint region
[2020-01-13T13:47:59.234+0000][1][safepoint    ] Total time for which application threads were stopped: 0.0001133 seconds, Stopping threads took: 0.0000188 seconds
[2020-01-13T13:48:00.232+0000][1][safepoint    ] Application time: 0.9980998 seconds
[2020-01-13T13:48:00.234+0000][1][safepoint    ] Entering safepoint region: RevokeBias
[2020-01-13T13:48:00.235+0000][1][safepoint    ] Leaving safepoint region
[2020-01-13T13:48:00.235+0000][1][safepoint    ] Total time for which application threads were stopped: 0.0021438 seconds, Stopping threads took: 0.0020137 seconds
[2020-01-13T13:48:01.236+0000][1][safepoint    ] Application time: 1.0009315 seconds
[2020-01-13T13:48:01.236+0000][1][safepoint    ] Entering safepoint region: Cleanup
[2020-01-13T13:48:01.236+0000][1][safepoint    ] Leaving safepoint region
[2020-01-13T13:48:01.236+0000][1][safepoint    ] Total time for which application threads were stopped: 0.0001185 seconds, Stopping threads took: 0.0000204 seconds
[2020-01-13T13:48:02.236+0000][1][safepoint    ] Application time: 1.0001327 seconds
[2020-01-13T13:48:02.236+0000][1][safepoint    ] Entering safepoint region: Cleanup
[2020-01-13T13:48:02.236+0000][1][safepoint    ] Leaving safepoint region
[2020-01-13T13:48:02.236+0000][1][safepoint    ] Total time for which application threads were stopped: 0.0001060 seconds, Stopping threads took: 0.0000207 seconds
[2020-01-13T13:48:02.237+0000][1][safepoint    ] Application time: 0.0004883 seconds
[2020-01-13T13:48:02.239+0000][1][safepoint    ] Entering safepoint region: RevokeBias
[2020-01-13T13:48:02.239+0000][1][safepoint    ] Leaving safepoint region
[2020-01-13T13:48:02.239+0000][1][safepoint    ] Total time for which application threads were stopped: 0.0022039 seconds, Stopping threads took: 0.0020215 seconds
[2020-01-13T13:48:03.240+0000][1][safepoint    ] Application time: 1.0008583 seconds
[2020-01-13T13:48:03.241+0000][1][safepoint    ] Entering safepoint region: Cleanup
[2020-01-13T13:48:03.241+0000][1][safepoint    ] Leaving safepoint region
[2020-01-13T13:48:03.241+0000][1][safepoint    ] Total time for which application threads were stopped: 0.0001748 seconds, Stopping threads took: 0.0000664 seconds
[2020-01-13T13:48:04.238+0000][1][safepoint    ] Application time: 0.9969990 seconds
[2020-01-13T13:48:04.240+0000][1][safepoint    ] Entering safepoint region: RevokeBias
[2020-01-13T13:48:04.240+0000][1][safepoint    ] Leaving safepoint region
[2020-01-13T13:48:04.240+0000][1][safepoint    ] Total time for which application threads were stopped: 0.0019411 seconds, Stopping threads took: 0.0017578 seconds
[2020-01-13T13:48:05.241+0000][1][safepoint    ] Application time: 1.0014140 seconds
[2020-01-13T13:48:05.241+0000][1][safepoint    ] Entering safepoint region: Cleanup
[2020-01-13T13:48:05.241+0000][1][safepoint    ] Leaving safepoint region
[2020-01-13T13:48:05.241+0000][1][safepoint    ] Total time for which application threads were stopped: 0.0001235 seconds, Stopping threads took: 0.0000345 seconds
[2020-01-13T13:48:06.238+0000][1][safepoint    ] Application time: 0.9967602 seconds
[2020-01-13T13:48:06.239+0000][1][safepoint    ] Entering safepoint region: RevokeBias
[2020-01-13T13:48:06.239+0000][1][safepoint    ] Leaving safepoint region
[2020-01-13T13:48:06.239+0000][1][safepoint    ] Total time for which application threads were stopped: 0.0011977 seconds, Stopping threads took: 0.0010739 seconds
[2020-01-13T13:48:07.240+0000][1][safepoint    ] Application time: 1.0008135 seconds
[2020-01-13T13:48:07.240+0000][1][safepoint    ] Entering safepoint region: Cleanup
[2020-01-13T13:48:07.240+0000][1][safepoint    ] Leaving safepoint region
[2020-01-13T13:48:07.240+0000][1][safepoint    ] Total time for which application threads were stopped: 0.0000906 seconds, Stopping threads took: 0.0000193 seconds
[2020-01-13T13:48:08.239+0000][1][safepoint    ] Application time: 0.9983715 seconds
[2020-01-13T13:48:08.241+0000][1][safepoint    ] Entering safepoint region: RevokeBias
[2020-01-13T13:48:08.242+0000][1][safepoint    ] Leaving safepoint region
[2020-01-13T13:48:08.242+0000][1][safepoint    ] Total time for which application threads were stopped: 0.0031439 seconds, Stopping threads took: 0.0030010 seconds
[2020-01-13T13:48:09.243+0000][1][safepoint    ] Application time: 1.0009450 seconds
[2020-01-13T13:48:09.243+0000][1][safepoint    ] Entering safepoint region: Cleanup
[2020-01-13T13:48:09.243+0000][1][safepoint    ] Leaving safepoint region
[2020-01-13T13:48:09.243+0000][1][safepoint    ] Total time for which application threads were stopped: 0.0001239 seconds, Stopping threads took: 0.0000376 seconds
[2020-01-13T13:48:10.241+0000][1][safepoint    ] Application time: 0.9977764 seconds
[2020-01-13T13:48:10.243+0000][1][safepoint    ] Entering safepoint region: RevokeBias
[2020-01-13T13:48:10.243+0000][1][safepoint    ] Leaving safepoint region
[2020-01-13T13:48:10.243+0000][1][safepoint    ] Total time for which application threads were stopped: 0.0021311 seconds, Stopping threads took: 0.0019954 seconds
[2020-01-13T13:48:11.244+0000][1][safepoint    ] Application time: 1.0009267 seconds
[2020-01-13T13:48:11.244+0000][1][safepoint    ] Entering safepoint region: Cleanup
[2020-01-13T13:48:11.244+0000][1][safepoint    ] Leaving safepoint region
[2020-01-13T13:48:11.244+0000][1][safepoint    ] Total time for which application threads were stopped: 0.0000938 seconds, Stopping threads took: 0.0000197 seconds
[2020-01-13T13:48:12.244+0000][1][safepoint    ] Application time: 0.9998018 seconds
[2020-01-13T13:48:12.246+0000][1][safepoint    ] Entering safepoint region: RevokeBias
[2020-01-13T13:48:12.246+0000][1][safepoint    ] Leaving safepoint region
[2020-01-13T13:48:12.246+0000][1][safepoint    ] Total time for which application threads were stopped: 0.0021165 seconds, Stopping threads took: 0.0019864 seconds
[2020-01-13T13:48:13.247+0000][1][safepoint    ] Application time: 1.0008932 seconds
[2020-01-13T13:48:13.248+0000][1][safepoint    ] Entering safepoint region: Cleanup
[2020-01-13T13:48:13.248+0000][1][safepoint    ] Leaving safepoint region
[2020-01-13T13:48:13.248+0000][1][safepoint    ] Total time for which application threads were stopped: 0.0001682 seconds, Stopping threads took: 0.0000687 seconds
[2020-01-13T13:48:14.245+0000][1][safepoint    ] Application time: 0.9964371 seconds
[2020-01-13T13:48:14.247+0000][1][safepoint    ] Entering safepoint region: RevokeBias
[2020-01-13T13:48:14.247+0000][1][safepoint    ] Leaving safepoint region
[2020-01-13T13:48:14.247+0000][1][safepoint    ] Total time for which application threads were stopped: 0.0021134 seconds, Stopping threads took: 0.0019844 seconds
[2020-01-13T13:48:15.248+0000][1][safepoint    ] Application time: 1.0008633 seconds
[2020-01-13T13:48:15.248+0000][1][safepoint    ] Entering safepoint region: Cleanup
[2020-01-13T13:48:15.248+0000][1][safepoint    ] Leaving safepoint region
[2020-01-13T13:48:15.248+0000][1][safepoint    ] Total time for which application threads were stopped: 0.0000977 seconds, Stopping threads took: 0.0000221 seconds
[2020-01-13T13:48:16.248+0000][1][safepoint    ] Application time: 1.0000948 seconds
[2020-01-13T13:48:16.248+0000][1][safepoint    ] Entering safepoint region: Cleanup
[2020-01-13T13:48:16.248+0000][1][safepoint    ] Leaving safepoint region
[2020-01-13T13:48:16.248+0000][1][safepoint    ] Total time for which application threads were stopped: 0.0002817 seconds, Stopping threads took: 0.0001921 seconds
[2020-01-13T13:48:16.249+0000][1][safepoint    ] Application time: 0.0003737 seconds
[2020-01-13T13:48:16.250+0000][1][safepoint    ] Entering safepoint region: RevokeBias
[2020-01-13T13:48:16.250+0000][1][safepoint    ] Leaving safepoint region
[2020-01-13T13:48:16.250+0000][1][safepoint    ] Total time for which application threads were stopped: 0.0018283 seconds, Stopping threads took: 0.0017326 seconds
[2020-01-13T13:48:17.253+0000][1][safepoint    ] Application time: 1.0028596 seconds
[2020-01-13T13:48:17.253+0000][1][safepoint    ] Entering safepoint region: Cleanup
[2020-01-13T13:48:17.254+0000][1][safepoint    ] Leaving safepoint region
[2020-01-13T13:48:17.254+0000][1][safepoint    ] Total time for which application threads were stopped: 0.0001117 seconds, Stopping threads took: 0.0000231 seconds
[2020-01-13T13:48:18.247+0000][1][safepoint    ] Application time: 0.9933159 seconds
[2020-01-13T13:48:18.248+0000][1][safepoint    ] Entering safepoint region: RevokeBias
[2020-01-13T13:48:18.248+0000][1][safepoint    ] Leaving safepoint region
[2020-01-13T13:48:18.248+0000][1][safepoint    ] Total time for which application threads were stopped: 0.0002273 seconds, Stopping threads took: 0.0000762 seconds
[2020-01-13T13:48:19.249+0000][1][safepoint    ] Application time: 1.0009894 seconds
[2020-01-13T13:48:19.249+0000][1][safepoint    ] Entering safepoint region: Cleanup
[2020-01-13T13:48:19.249+0000][1][safepoint    ] Leaving safepoint region
[2020-01-13T13:48:19.249+0000][1][safepoint    ] Total time for which application threads were stopped: 0.0001013 seconds, Stopping threads took: 0.0000193 seconds
[2020-01-13T13:48:20.248+0000][1][safepoint    ] Application time: 0.9983687 seconds
[2020-01-13T13:48:20.250+0000][1][safepoint    ] Entering safepoint region: RevokeBias
[2020-01-13T13:48:20.250+0000][1][safepoint    ] Leaving safepoint region
[2020-01-13T13:48:20.250+0000][1][safepoint    ] Total time for which application threads were stopped: 0.0019046 seconds, Stopping threads took: 0.0017645 seconds
[2020-01-13T13:48:21.250+0000][1][safepoint    ] Application time: 1.0001006 seconds
[2020-01-13T13:48:21.250+0000][1][safepoint    ] Entering safepoint region: Cleanup
[2020-01-13T13:48:21.250+0000][1][safepoint    ] Leaving safepoint region
[2020-01-13T13:48:21.250+0000][1][safepoint    ] Total time for which application threads were stopped: 0.0001818 seconds, Stopping threads took: 0.0001041 seconds
[2020-01-13T13:48:22.250+0000][1][safepoint    ] Application time: 1.0001372 seconds
[2020-01-13T13:48:22.250+0000][1][safepoint    ] Entering safepoint region: Cleanup
[2020-01-13T13:48:22.250+0000][1][safepoint    ] Leaving safepoint region
[2020-01-13T13:48:22.250+0000][1][safepoint    ] Total time for which application threads were stopped: 0.0000989 seconds, Stopping threads took: 0.0000208 seconds
[2020-01-13T13:48:22.251+0000][1][safepoint    ] Application time: 0.0001384 seconds
[2020-01-13T13:48:22.251+0000][1][safepoint    ] Entering safepoint region: RevokeBias
[2020-01-13T13:48:22.251+0000][1][safepoint    ] Leaving safepoint region
[2020-01-13T13:48:22.251+0000][1][safepoint    ] Total time for which application threads were stopped: 0.0000672 seconds, Stopping threads took: 0.0000066 seconds
[2020-01-13T13:48:23.251+0000][1][safepoint    ] Application time: 1.0000821 seconds
[2020-01-13T13:48:23.251+0000][1][safepoint    ] Entering safepoint region: Cleanup
[2020-01-13T13:48:23.251+0000][1][safepoint    ] Leaving safepoint region
[2020-01-13T13:48:23.251+0000][1][safepoint    ] Total time for which application threads were stopped: 0.0001722 seconds, Stopping threads took: 0.0000819 seconds
[2020-01-13T13:48:24.250+0000][1][safepoint    ] Application time: 0.9991602 seconds
[2020-01-13T13:48:24.252+0000][1][safepoint    ] Entering safepoint region: RevokeBias
[2020-01-13T13:48:24.252+0000][1][safepoint    ] Leaving safepoint region
[2020-01-13T13:48:24.252+0000][1][safepoint    ] Total time for which application threads were stopped: 0.0017855 seconds, Stopping threads took: 0.0016392 seconds
[2020-01-13T13:48:25.253+0000][1][safepoint    ] Application time: 1.0009509 seconds
[2020-01-13T13:48:25.253+0000][1][safepoint    ] Entering safepoint region: Cleanup
[2020-01-13T13:48:25.253+0000][1][safepoint    ] Leaving safepoint region
[2020-01-13T13:48:25.253+0000][1][safepoint    ] Total time for which application threads were stopped: 0.0001759 seconds, Stopping threads took: 0.0000876 seconds
[2020-01-13T13:48:26.253+0000][1][safepoint    ] Application time: 1.0000642 seconds
[2020-01-13T13:48:26.254+0000][1][safepoint    ] Entering safepoint region: RevokeBias
[2020-01-13T13:48:26.255+0000][1][safepoint    ] Leaving safepoint region
[2020-01-13T13:48:26.255+0000][1][safepoint    ] Total time for which application threads were stopped: 0.0013279 seconds, Stopping threads took: 0.0011947 seconds
[2020-01-13T13:48:27.255+0000][1][safepoint    ] Application time: 1.0001220 seconds
[2020-01-13T13:48:27.255+0000][1][safepoint    ] Entering safepoint region: Cleanup
[2020-01-13T13:48:27.255+0000][1][safepoint    ] Leaving safepoint region
[2020-01-13T13:48:27.255+0000][1][safepoint    ] Total time for which application threads were stopped: 0.0001323 seconds, Stopping threads took: 0.0000564 seconds
[2020-01-13T13:48:28.254+0000][1][safepoint    ] Application time: 0.9994935 seconds
[2020-01-13T13:48:28.256+0000][1][safepoint    ] Entering safepoint region: RevokeBias
[2020-01-13T13:48:28.256+0000][1][safepoint    ] Leaving safepoint region
[2020-01-13T13:48:28.256+0000][1][safepoint    ] Total time for which application threads were stopped: 0.0002780 seconds, Stopping threads took: 0.0000676 seconds
[2020-01-13T13:48:29.256+0000][1][safepoint    ] Application time: 1.0000928 seconds
[2020-01-13T13:48:29.256+0000][1][safepoint    ] Entering safepoint region: Cleanup
[2020-01-13T13:48:29.256+0000][1][safepoint    ] Leaving safepoint region
[2020-01-13T13:48:29.256+0000][1][safepoint    ] Total time for which application threads were stopped: 0.0001085 seconds, Stopping threads took: 0.0000254 seconds
[2020-01-13T13:48:30.255+0000][1][safepoint    ] Application time: 0.9989294 seconds
[2020-01-13T13:48:30.257+0000][1][safepoint    ] Entering safepoint region: RevokeBias
[2020-01-13T13:48:30.257+0000][1][safepoint    ] Leaving safepoint region
[2020-01-13T13:48:30.257+0000][1][safepoint    ] Total time for which application threads were stopped: 0.0021212 seconds, Stopping threads took: 0.0019903 seconds
[2020-01-13T13:48:31.258+0000][1][safepoint    ] Application time: 1.0008472 seconds
[2020-01-13T13:48:31.258+0000][1][safepoint    ] Entering safepoint region: Cleanup
[2020-01-13T13:48:31.258+0000][1][safepoint    ] Leaving safepoint region
[2020-01-13T13:48:31.258+0000][1][safepoint    ] Total time for which application threads were stopped: 0.0000894 seconds, Stopping threads took: 0.0000187 seconds
[2020-01-13T13:48:32.256+0000][1][safepoint    ] Application time: 0.9974057 seconds
[2020-01-13T13:48:32.258+0000][1][safepoint    ] Entering safepoint region: RevokeBias
[2020-01-13T13:48:32.258+0000][1][safepoint    ] Leaving safepoint region
[2020-01-13T13:48:32.258+0000][1][safepoint    ] Total time for which application threads were stopped: 0.0021611 seconds, Stopping threads took: 0.0019999 seconds
[2020-01-13T13:48:33.260+0000][1][safepoint    ] Application time: 1.0020322 seconds
[2020-01-13T13:48:33.261+0000][1][safepoint    ] Entering safepoint region: Cleanup
[2020-01-13T13:48:33.261+0000][1][safepoint    ] Leaving safepoint region
[2020-01-13T13:48:33.261+0000][1][safepoint    ] Total time for which application threads were stopped: 0.0001898 seconds, Stopping threads took: 0.0000735 seconds
[2020-01-13T13:48:34.258+0000][1][safepoint    ] Application time: 0.9968388 seconds
[2020-01-13T13:48:34.260+0000][1][safepoint    ] Entering safepoint region: RevokeBias
[2020-01-13T13:48:34.260+0000][1][safepoint    ] Leaving safepoint region
[2020-01-13T13:48:34.260+0000][1][safepoint    ] Total time for which application threads were stopped: 0.0015789 seconds, Stopping threads took: 0.0014259 seconds
[2020-01-13T13:48:35.261+0000][1][safepoint    ] Application time: 1.0008291 seconds
[2020-01-13T13:48:35.261+0000][1][safepoint    ] Entering safepoint region: Cleanup
[2020-01-13T13:48:35.261+0000][1][safepoint    ] Leaving safepoint region
[2020-01-13T13:48:35.261+0000][1][safepoint    ] Total time for which application threads were stopped: 0.0000963 seconds, Stopping threads took: 0.0000202 seconds
[2020-01-13T13:48:36.259+0000][1][safepoint    ] Application time: 0.9986927 seconds
[2020-01-13T13:48:36.261+0000][1][safepoint    ] Entering safepoint region: RevokeBias
[2020-01-13T13:48:36.262+0000][1][safepoint    ] Leaving safepoint region
[2020-01-13T13:48:36.262+0000][1][safepoint    ] Total time for which application threads were stopped: 0.0021097 seconds, Stopping threads took: 0.0019835 seconds
[2020-01-13T13:48:37.262+0000][1][safepoint    ] Application time: 1.0008388 seconds
[2020-01-13T13:48:37.263+0000][1][safepoint    ] Entering safepoint region: Cleanup
[2020-01-13T13:48:37.264+0000][1][safepoint    ] Leaving safepoint region
[2020-01-13T13:48:37.264+0000][1][safepoint    ] Total time for which application threads were stopped: 0.0011706 seconds, Stopping threads took: 0.0010637 seconds
[2020-01-13T13:48:38.264+0000][1][safepoint    ] Application time: 0.9999349 seconds
[2020-01-13T13:48:38.265+0000][1][safepoint    ] Entering safepoint region: RevokeBias
[2020-01-13T13:48:38.265+0000][1][safepoint    ] Leaving safepoint region
[2020-01-13T13:48:38.265+0000][1][safepoint    ] Total time for which application threads were stopped: 0.0002013 seconds, Stopping threads took: 0.0000666 seconds
[2020-01-13T13:48:39.265+0000][1][safepoint    ] Application time: 1.0000989 seconds
[2020-01-13T13:48:39.265+0000][1][safepoint    ] Entering safepoint region: Cleanup
[2020-01-13T13:48:39.265+0000][1][safepoint    ] Leaving safepoint region
[2020-01-13T13:48:39.265+0000][1][safepoint    ] Total time for which application threads were stopped: 0.0001093 seconds, Stopping threads took: 0.0000180 seconds
[2020-01-13T13:48:40.264+0000][1][safepoint    ] Application time: 0.9993873 seconds
[2020-01-13T13:48:40.266+0000][1][safepoint    ] Entering safepoint region: RevokeBias
[2020-01-13T13:48:40.267+0000][1][safepoint    ] Leaving safepoint region
[2020-01-13T13:48:40.267+0000][1][safepoint    ] Total time for which application threads were stopped: 0.0021240 seconds, Stopping threads took: 0.0019986 seconds
[2020-01-13T13:48:41.267+0000][1][safepoint    ] Application time: 1.0008388 seconds
[2020-01-13T13:48:41.268+0000][1][safepoint    ] Entering safepoint region: Cleanup
[2020-01-13T13:48:41.268+0000][1][safepoint    ] Leaving safepoint region
[2020-01-13T13:48:41.268+0000][1][safepoint    ] Total time for which application threads were stopped: 0.0001023 seconds, Stopping threads took: 0.0000257 seconds
[2020-01-13T13:48:42.266+0000][1][safepoint    ] Application time: 0.9984712 seconds
[2020-01-13T13:48:42.268+0000][1][safepoint    ] Entering safepoint region: RevokeBias
[2020-01-13T13:48:42.268+0000][1][safepoint    ] Leaving safepoint region
[2020-01-13T13:48:42.268+0000][1][safepoint    ] Total time for which application threads were stopped: 0.0021228 seconds, Stopping threads took: 0.0019877 seconds
[2020-01-13T13:48:43.269+0000][1][safepoint    ] Application time: 1.0008432 seconds
[2020-01-13T13:48:43.270+0000][1][safepoint    ] Entering safepoint region: Cleanup
[2020-01-13T13:48:43.270+0000][1][safepoint    ] Leaving safepoint region
[2020-01-13T13:48:43.270+0000][1][safepoint    ] Total time for which application threads were stopped: 0.0001702 seconds, Stopping threads took: 0.0000649 seconds
[2020-01-13T13:48:44.267+0000][1][safepoint    ] Application time: 0.9965646 seconds
[2020-01-13T13:48:44.269+0000][1][safepoint    ] Entering safepoint region: RevokeBias
[2020-01-13T13:48:44.269+0000][1][safepoint    ] Leaving safepoint region
[2020-01-13T13:48:44.269+0000][1][safepoint    ] Total time for which application threads were stopped: 0.0021129 seconds, Stopping threads took: 0.0019821 seconds
[2020-01-13T13:48:45.270+0000][1][safepoint    ] Application time: 1.0008846 seconds
[2020-01-13T13:48:45.270+0000][1][safepoint    ] Entering safepoint region: Cleanup
[2020-01-13T13:48:45.270+0000][1][safepoint    ] Leaving safepoint region
[2020-01-13T13:48:45.270+0000][1][safepoint    ] Total time for which application threads were stopped: 0.0000965 seconds, Stopping threads took: 0.0000181 seconds
[2020-01-13T13:48:46.268+0000][1][safepoint    ] Application time: 0.9975998 seconds
[2020-01-13T13:48:46.270+0000][1][safepoint    ] Entering safepoint region: BulkRevokeBias
[2020-01-13T13:48:46.270+0000][1][safepoint    ] Leaving safepoint region
[2020-01-13T13:48:46.270+0000][1][safepoint    ] Total time for which application threads were stopped: 0.0023101 seconds, Stopping threads took: 0.0019887 seconds
[2020-01-13T13:48:47.272+0000][1][safepoint    ] Application time: 1.0016148 seconds
[2020-01-13T13:48:47.272+0000][1][safepoint    ] Entering safepoint region: Cleanup
[2020-01-13T13:48:47.272+0000][1][safepoint    ] Leaving safepoint region
[2020-01-13T13:48:47.272+0000][1][safepoint    ] Total time for which application threads were stopped: 0.0001132 seconds, Stopping threads took: 0.0000366 seconds
[2020-01-13T13:48:48.270+0000][1][safepoint    ] Application time: 0.9978289 seconds
[2020-01-13T13:48:48.271+0000][1][safepoint    ] Entering safepoint region: RevokeBias
[2020-01-13T13:48:48.271+0000][1][safepoint    ] Leaving safepoint region
[2020-01-13T13:48:48.271+0000][1][safepoint    ] Total time for which application threads were stopped: 0.0002207 seconds, Stopping threads took: 0.0000748 seconds
[2020-01-13T13:48:49.271+0000][1][safepoint    ] Application time: 1.0000978 seconds
[2020-01-13T13:48:49.271+0000][1][safepoint    ] Entering safepoint region: Cleanup
[2020-01-13T13:48:49.271+0000][1][safepoint    ] Leaving safepoint region
[2020-01-13T13:48:49.271+0000][1][safepoint    ] Total time for which application threads were stopped: 0.0001083 seconds, Stopping threads took: 0.0000197 seconds
[2020-01-13T13:48:50.271+0000][1][safepoint    ] Application time: 1.0000858 seconds
[2020-01-13T13:48:50.271+0000][1][safepoint    ] Entering safepoint region: Cleanup
[2020-01-13T13:48:50.271+0000][1][safepoint    ] Leaving safepoint region
[2020-01-13T13:48:50.271+0000][1][safepoint    ] Total time for which application threads were stopped: 0.0001198 seconds, Stopping threads took: 0.0000289 seconds
[2020-01-13T13:48:50.274+0000][1][safepoint    ] Application time: 0.0027536 seconds
[2020-01-13T13:48:50.275+0000][1][safepoint    ] Entering safepoint region: RevokeBias
[2020-01-13T13:48:50.276+0000][1][safepoint    ] Leaving safepoint region
[2020-01-13T13:48:50.276+0000][1][safepoint    ] Total time for which application threads were stopped: 0.0012938 seconds, Stopping threads took: 0.0011926 seconds
[2020-01-13T13:48:51.276+0000][1][safepoint    ] Application time: 1.0000935 seconds
[2020-01-13T13:48:51.276+0000][1][safepoint    ] Entering safepoint region: Cleanup
[2020-01-13T13:48:51.276+0000][1][safepoint    ] Leaving safepoint region
[2020-01-13T13:48:51.276+0000][1][safepoint    ] Total time for which application threads were stopped: 0.0000973 seconds, Stopping threads took: 0.0000192 seconds
[2020-01-13T13:48:52.274+0000][1][safepoint    ] Application time: 0.9986521 seconds
[2020-01-13T13:48:52.276+0000][1][safepoint    ] Entering safepoint region: RevokeBias
[2020-01-13T13:48:52.276+0000][1][safepoint    ] Leaving safepoint region
[2020-01-13T13:48:52.276+0000][1][safepoint    ] Total time for which application threads were stopped: 0.0018248 seconds, Stopping threads took: 0.0016805 seconds
[2020-01-13T13:48:53.276+0000][1][safepoint    ] Application time: 1.0001026 seconds
[2020-01-13T13:48:53.276+0000][1][safepoint    ] Entering safepoint region: Cleanup
[2020-01-13T13:48:53.277+0000][1][safepoint    ] Leaving safepoint region
[2020-01-13T13:48:53.277+0000][1][safepoint    ] Total time for which application threads were stopped: 0.0001081 seconds, Stopping threads took: 0.0000195 seconds
[2020-01-13T13:48:54.275+0000][1][safepoint    ] Application time: 0.9986291 seconds
[2020-01-13T13:48:54.277+0000][1][safepoint    ] Entering safepoint region: RevokeBias
[2020-01-13T13:48:54.277+0000][1][safepoint    ] Leaving safepoint region
[2020-01-13T13:48:54.277+0000][1][safepoint    ] Total time for which application threads were stopped: 0.0021319 seconds, Stopping threads took: 0.0019847 seconds
[2020-01-13T13:48:55.278+0000][1][safepoint    ] Application time: 1.0009872 seconds
[2020-01-13T13:48:55.278+0000][1][safepoint    ] Entering safepoint region: Cleanup
[2020-01-13T13:48:55.279+0000][1][safepoint    ] Leaving safepoint region
[2020-01-13T13:48:55.279+0000][1][safepoint    ] Total time for which application threads were stopped: 0.0001162 seconds, Stopping threads took: 0.0000205 seconds
[2020-01-13T13:48:56.276+0000][1][safepoint    ] Application time: 0.9977932 seconds
[2020-01-13T13:48:56.278+0000][1][safepoint    ] Entering safepoint region: RevokeBias
[2020-01-13T13:48:56.279+0000][1][safepoint    ] Leaving safepoint region
[2020-01-13T13:48:56.279+0000][1][safepoint    ] Total time for which application threads were stopped: 0.0020862 seconds, Stopping threads took: 0.0019601 seconds
[2020-01-13T13:48:57.279+0000][1][safepoint    ] Application time: 1.0007914 seconds
[2020-01-13T13:48:57.279+0000][1][safepoint    ] Entering safepoint region: Cleanup
[2020-01-13T13:48:57.280+0000][1][safepoint    ] Leaving safepoint region
[2020-01-13T13:48:57.280+0000][1][safepoint    ] Total time for which application threads were stopped: 0.0001124 seconds, Stopping threads took: 0.0000185 seconds
[2020-01-13T13:48:58.278+0000][1][safepoint    ] Application time: 0.9981022 seconds
[2020-01-13T13:48:58.279+0000][1][safepoint    ] Entering safepoint region: RevokeBias
[2020-01-13T13:48:58.279+0000][1][safepoint    ] Leaving safepoint region
[2020-01-13T13:48:58.279+0000][1][safepoint    ] Total time for which application threads were stopped: 0.0001246 seconds, Stopping threads took: 0.0000246 seconds
[2020-01-13T13:48:59.279+0000][1][safepoint    ] Application time: 1.0001052 seconds
[2020-01-13T13:48:59.279+0000][1][safepoint    ] Entering safepoint region: Cleanup
[2020-01-13T13:48:59.279+0000][1][safepoint    ] Leaving safepoint region
[2020-01-13T13:48:59.279+0000][1][safepoint    ] Total time for which application threads were stopped: 0.0001098 seconds, Stopping threads took: 0.0000207 seconds
[2020-01-13T13:49:00.278+0000][1][safepoint    ] Application time: 0.9988458 seconds
[2020-01-13T13:49:00.278+0000][1][safepoint    ] Entering safepoint region: RevokeBias
[2020-01-13T13:49:00.278+0000][1][safepoint    ] Leaving safepoint region
[2020-01-13T13:49:00.278+0000][1][safepoint    ] Total time for which application threads were stopped: 0.0001206 seconds, Stopping threads took: 0.0000189 seconds
[2020-01-13T13:49:01.278+0000][1][safepoint    ] Application time: 1.0001015 seconds
[2020-01-13T13:49:01.278+0000][1][safepoint    ] Entering safepoint region: Cleanup
[2020-01-13T13:49:01.278+0000][1][safepoint    ] Leaving safepoint region
[2020-01-13T13:49:01.278+0000][1][safepoint    ] Total time for which application threads were stopped: 0.0001724 seconds, Stopping threads took: 0.0000766 seconds
[2020-01-13T13:49:02.278+0000][1][safepoint    ] Application time: 1.0000973 seconds
[2020-01-13T13:49:02.279+0000][1][safepoint    ] Entering safepoint region: Cleanup
[2020-01-13T13:49:02.279+0000][1][safepoint    ] Leaving safepoint region
[2020-01-13T13:49:02.279+0000][1][safepoint    ] Total time for which application threads were stopped: 0.0001083 seconds, Stopping threads took: 0.0000307 seconds
[2020-01-13T13:49:02.282+0000][1][safepoint    ] Application time: 0.0030219 seconds
[2020-01-13T13:49:02.283+0000][1][safepoint    ] Entering safepoint region: RevokeBias
[2020-01-13T13:49:02.283+0000][1][safepoint    ] Leaving safepoint region
[2020-01-13T13:49:02.283+0000][1][safepoint    ] Total time for which application threads were stopped: 0.0015426 seconds, Stopping threads took: 0.0014336 seconds
[2020-01-13T13:49:03.283+0000][1][safepoint    ] Application time: 1.0001129 seconds
[2020-01-13T13:49:03.284+0000][1][safepoint    ] Entering safepoint region: Cleanup
[2020-01-13T13:49:03.285+0000][1][safepoint    ] Leaving safepoint region
[2020-01-13T13:49:03.285+0000][1][safepoint    ] Total time for which application threads were stopped: 0.0002028 seconds, Stopping threads took: 0.0000777 seconds
[2020-01-13T13:49:04.281+0000][1][safepoint    ] Application time: 0.9966757 seconds
[2020-01-13T13:49:04.283+0000][1][safepoint    ] Entering safepoint region: RevokeBias
[2020-01-13T13:49:04.283+0000][1][safepoint    ] Leaving safepoint region
[2020-01-13T13:49:04.283+0000][1][safepoint    ] Total time for which application threads were stopped: 0.0017454 seconds, Stopping threads took: 0.0015999 seconds
[2020-01-13T13:49:05.284+0000][1][safepoint    ] Application time: 1.0008561 seconds
[2020-01-13T13:49:05.284+0000][1][safepoint    ] Entering safepoint region: Cleanup
[2020-01-13T13:49:05.284+0000][1][safepoint    ] Leaving safepoint region
[2020-01-13T13:49:05.284+0000][1][safepoint    ] Total time for which application threads were stopped: 0.0001134 seconds, Stopping threads took: 0.0000361 seconds
[2020-01-13T13:49:06.237+0000][1][safepoint    ] Application time: 0.9524988 seconds
[2020-01-13T13:49:06.237+0000][1][safepoint    ] Entering safepoint region: GenCollectForAllocation
[2020-01-13T13:49:06.237+0000][1][gc,start     ] GC(27) Pause Young (Allocation Failure)
[2020-01-13T13:49:06.237+0000][1][gc,task      ] GC(27) Using 1 workers of 1 for evacuation
[2020-01-13T13:49:06.251+0000][1][gc,age       ] GC(27) Desired survivor size 4358144 bytes, new threshold 6 (max threshold 6)
[2020-01-13T13:49:06.251+0000][1][gc,age       ] GC(27) Age table with threshold 6 (max threshold 6)
[2020-01-13T13:49:06.251+0000][1][gc,age       ] GC(27) - age   1:      12872 bytes,      12872 total
[2020-01-13T13:49:06.251+0000][1][gc,age       ] GC(27) - age   2:      10160 bytes,      23032 total
[2020-01-13T13:49:06.251+0000][1][gc,age       ] GC(27) - age   3:      27360 bytes,      50392 total
[2020-01-13T13:49:06.252+0000][1][gc,age       ] GC(27) - age   4:      79648 bytes,     130040 total
[2020-01-13T13:49:06.252+0000][1][gc,age       ] GC(27) - age   5:    1114904 bytes,    1244944 total
[2020-01-13T13:49:06.252+0000][1][gc,age       ] GC(27) - age   6:    2277000 bytes,    3521944 total
[2020-01-13T13:49:06.252+0000][1][gc,heap      ] GC(27) ParNew: 71957K->3525K(76672K)
[2020-01-13T13:49:06.252+0000][1][gc,heap      ] GC(27) CMS: 65602K->65602K(176960K)
[2020-01-13T13:49:06.252+0000][1][gc,metaspace ] GC(27) Metaspace: 71851K->71851K(1114112K)
[2020-01-13T13:49:06.252+0000][1][gc           ] GC(27) Pause Young (Allocation Failure) 134M->67M(247M) 14.785ms
[2020-01-13T13:49:06.252+0000][1][gc,cpu       ] GC(27) User=0.01s Sys=0.00s Real=0.02s
[2020-01-13T13:49:06.252+0000][1][safepoint    ] Leaving safepoint region
[2020-01-13T13:49:06.252+0000][1][safepoint    ] Total time for which application threads were stopped: 0.0150352 seconds, Stopping threads took: 0.0000740 seconds
[2020-01-13T13:49:06.282+0000][1][safepoint    ] Application time: 0.0308646 seconds
[2020-01-13T13:49:06.283+0000][1][safepoint    ] Entering safepoint region: RevokeBias
[2020-01-13T13:49:06.283+0000][1][safepoint    ] Leaving safepoint region
[2020-01-13T13:49:06.283+0000][1][safepoint    ] Total time for which application threads were stopped: 0.0001203 seconds, Stopping threads took: 0.0000209 seconds
[2020-01-13T13:49:07.284+0000][1][safepoint    ] Application time: 1.0012626 seconds
[2020-01-13T13:49:07.284+0000][1][safepoint    ] Entering safepoint region: Cleanup
[2020-01-13T13:49:07.284+0000][1][safepoint    ] Leaving safepoint region
[2020-01-13T13:49:07.284+0000][1][safepoint    ] Total time for which application threads were stopped: 0.0000977 seconds, Stopping threads took: 0.0000189 seconds
[2020-01-13T13:49:08.285+0000][1][safepoint    ] Application time: 1.0004301 seconds
[2020-01-13T13:49:08.286+0000][1][safepoint    ] Entering safepoint region: RevokeBias
[2020-01-13T13:49:08.286+0000][1][safepoint    ] Leaving safepoint region
[2020-01-13T13:49:08.286+0000][1][safepoint    ] Total time for which application threads were stopped: 0.0001926 seconds, Stopping threads took: 0.0000686 seconds
[2020-01-13T13:49:09.287+0000][1][safepoint    ] Application time: 1.0010314 seconds
[2020-01-13T13:49:09.287+0000][1][safepoint    ] Entering safepoint region: Cleanup
[2020-01-13T13:49:09.287+0000][1][safepoint    ] Leaving safepoint region
[2020-01-13T13:49:09.287+0000][1][safepoint    ] Total time for which application threads were stopped: 0.0001016 seconds, Stopping threads took: 0.0000203 seconds
[2020-01-13T13:49:10.286+0000][1][safepoint    ] Application time: 0.9983370 seconds
[2020-01-13T13:49:10.287+0000][1][safepoint    ] Entering safepoint region: RevokeBias
[2020-01-13T13:49:10.287+0000][1][safepoint    ] Leaving safepoint region
[2020-01-13T13:49:10.287+0000][1][safepoint    ] Total time for which application threads were stopped: 0.0014857 seconds, Stopping threads took: 0.0013554 seconds
[2020-01-13T13:49:11.288+0000][1][safepoint    ] Application time: 1.0013078 seconds
[2020-01-13T13:49:11.288+0000][1][safepoint    ] Entering safepoint region: Cleanup
[2020-01-13T13:49:11.289+0000][1][safepoint    ] Leaving safepoint region
[2020-01-13T13:49:11.289+0000][1][safepoint    ] Total time for which application threads were stopped: 0.0001213 seconds, Stopping threads took: 0.0000322 seconds
[2020-01-13T13:49:12.289+0000][1][safepoint    ] Application time: 1.0000823 seconds
[2020-01-13T13:49:12.289+0000][1][safepoint    ] Entering safepoint region: Cleanup
[2020-01-13T13:49:12.289+0000][1][safepoint    ] Leaving safepoint region
[2020-01-13T13:49:12.289+0000][1][safepoint    ] Total time for which application threads were stopped: 0.0001291 seconds, Stopping threads took: 0.0000521 seconds
[2020-01-13T13:49:12.291+0000][1][safepoint    ] Application time: 0.0025727 seconds
[2020-01-13T13:49:12.291+0000][1][safepoint    ] Entering safepoint region: RevokeBias
[2020-01-13T13:49:12.292+0000][1][safepoint    ] Leaving safepoint region
[2020-01-13T13:49:12.292+0000][1][safepoint    ] Total time for which application threads were stopped: 0.0001021 seconds, Stopping threads took: 0.0000247 seconds
[2020-01-13T13:49:13.292+0000][1][safepoint    ] Application time: 1.0000876 seconds
[2020-01-13T13:49:13.293+0000][1][safepoint    ] Entering safepoint region: Cleanup
[2020-01-13T13:49:13.293+0000][1][safepoint    ] Leaving safepoint region
[2020-01-13T13:49:13.293+0000][1][safepoint    ] Total time for which application threads were stopped: 0.0001116 seconds, Stopping threads took: 0.0000279 seconds
[2020-01-13T13:49:14.293+0000][1][safepoint    ] Application time: 1.0000732 seconds
[2020-01-13T13:49:14.293+0000][1][safepoint    ] Entering safepoint region: Cleanup
[2020-01-13T13:49:14.293+0000][1][safepoint    ] Leaving safepoint region
[2020-01-13T13:49:14.293+0000][1][safepoint    ] Total time for which application threads were stopped: 0.0001183 seconds, Stopping threads took: 0.0000370 seconds
[2020-01-13T13:49:14.295+0000][1][safepoint    ] Application time: 0.0015204 seconds
[2020-01-13T13:49:14.297+0000][1][safepoint    ] Entering safepoint region: RevokeBias
[2020-01-13T13:49:14.297+0000][1][safepoint    ] Leaving safepoint region
[2020-01-13T13:49:14.297+0000][1][safepoint    ] Total time for which application threads were stopped: 0.0022751 seconds, Stopping threads took: 0.0021727 seconds
[2020-01-13T13:49:15.298+0000][1][safepoint    ] Application time: 1.0008655 seconds
[2020-01-13T13:49:15.298+0000][1][safepoint    ] Entering safepoint region: Cleanup
[2020-01-13T13:49:15.298+0000][1][safepoint    ] Leaving safepoint region
[2020-01-13T13:49:15.298+0000][1][safepoint    ] Total time for which application threads were stopped: 0.0001002 seconds, Stopping threads took: 0.0000208 seconds
[2020-01-13T13:49:16.291+0000][1][safepoint    ] Application time: 0.9932130 seconds
[2020-01-13T13:49:16.292+0000][1][safepoint    ] Entering safepoint region: RevokeBias
[2020-01-13T13:49:16.292+0000][1][safepoint    ] Leaving safepoint region
[2020-01-13T13:49:16.292+0000][1][safepoint    ] Total time for which application threads were stopped: 0.0005482 seconds, Stopping threads took: 0.0004155 seconds
[2020-01-13T13:49:17.292+0000][1][safepoint    ] Application time: 1.0000826 seconds
[2020-01-13T13:49:17.292+0000][1][safepoint    ] Entering safepoint region: Cleanup
[2020-01-13T13:49:17.292+0000][1][safepoint    ] Leaving safepoint region
[2020-01-13T13:49:17.292+0000][1][safepoint    ] Total time for which application threads were stopped: 0.0000930 seconds, Stopping threads took: 0.0000192 seconds
[2020-01-13T13:49:18.292+0000][1][safepoint    ] Application time: 1.0001816 seconds
[2020-01-13T13:49:18.293+0000][1][safepoint    ] Entering safepoint region: Cleanup
[2020-01-13T13:49:18.293+0000][1][safepoint    ] Leaving safepoint region
[2020-01-13T13:49:18.293+0000][1][safepoint    ] Total time for which application threads were stopped: 0.0001595 seconds, Stopping threads took: 0.0000285 seconds
[2020-01-13T13:49:18.293+0000][1][safepoint    ] Application time: 0.0000095 seconds
[2020-01-13T13:49:18.293+0000][1][safepoint    ] Entering safepoint region: RevokeBias
[2020-01-13T13:49:18.293+0000][1][safepoint    ] Leaving safepoint region
[2020-01-13T13:49:18.293+0000][1][safepoint    ] Total time for which application threads were stopped: 0.0000491 seconds, Stopping threads took: 0.0000064 seconds
[2020-01-13T13:49:19.294+0000][1][safepoint    ] Application time: 1.0002192 seconds
[2020-01-13T13:49:19.294+0000][1][safepoint    ] Entering safepoint region: Cleanup
[2020-01-13T13:49:19.294+0000][1][safepoint    ] Leaving safepoint region
[2020-01-13T13:49:19.294+0000][1][safepoint    ] Total time for which application threads were stopped: 0.0001486 seconds, Stopping threads took: 0.0000618 seconds
[2020-01-13T13:49:20.293+0000][1][safepoint    ] Application time: 0.9992554 seconds
[2020-01-13T13:49:20.295+0000][1][safepoint    ] Entering safepoint region: RevokeBias
[2020-01-13T13:49:20.295+0000][1][safepoint    ] Leaving safepoint region
[2020-01-13T13:49:20.295+0000][1][safepoint    ] Total time for which application threads were stopped: 0.0018634 seconds, Stopping threads took: 0.0016788 seconds
[2020-01-13T13:49:21.295+0000][1][safepoint    ] Application time: 1.0001138 seconds
[2020-01-13T13:49:21.295+0000][1][safepoint    ] Entering safepoint region: Cleanup
[2020-01-13T13:49:21.295+0000][1][safepoint    ] Leaving safepoint region
[2020-01-13T13:49:21.295+0000][1][safepoint    ] Total time for which application threads were stopped: 0.0002555 seconds, Stopping threads took: 0.0001622 seconds
[2020-01-13T13:49:22.294+0000][1][safepoint    ] Application time: 0.9988790 seconds
[2020-01-13T13:49:22.296+0000][1][safepoint    ] Entering safepoint region: RevokeBias
[2020-01-13T13:49:22.296+0000][1][safepoint    ] Leaving safepoint region
[2020-01-13T13:49:22.296+0000][1][safepoint    ] Total time for which application threads were stopped: 0.0021099 seconds, Stopping threads took: 0.0019810 seconds
[2020-01-13T13:49:23.297+0000][1][safepoint    ] Application time: 1.0008012 seconds
[2020-01-13T13:49:23.297+0000][1][safepoint    ] Entering safepoint region: Cleanup
[2020-01-13T13:49:23.297+0000][1][safepoint    ] Leaving safepoint region
[2020-01-13T13:49:23.297+0000][1][safepoint    ] Total time for which application threads were stopped: 0.0001203 seconds, Stopping threads took: 0.0000188 seconds
[2020-01-13T13:49:24.297+0000][1][safepoint    ] Application time: 0.9991451 seconds
[2020-01-13T13:49:24.298+0000][1][safepoint    ] Entering safepoint region: RevokeBias
[2020-01-13T13:49:24.298+0000][1][safepoint    ] Leaving safepoint region
[2020-01-13T13:49:24.298+0000][1][safepoint    ] Total time for which application threads were stopped: 0.0016391 seconds, Stopping threads took: 0.0014929 seconds
[2020-01-13T13:49:25.299+0000][1][safepoint    ] Application time: 1.0008602 seconds
[2020-01-13T13:49:25.299+0000][1][safepoint    ] Entering safepoint region: Cleanup
[2020-01-13T13:49:25.299+0000][1][safepoint    ] Leaving safepoint region
[2020-01-13T13:49:25.299+0000][1][safepoint    ] Total time for which application threads were stopped: 0.0001308 seconds, Stopping threads took: 0.0000506 seconds
[2020-01-13T13:49:26.297+0000][1][safepoint    ] Application time: 0.9979458 seconds
[2020-01-13T13:49:26.297+0000][1][safepoint    ] Entering safepoint region: RevokeBias
[2020-01-13T13:49:26.297+0000][1][safepoint    ] Leaving safepoint region
[2020-01-13T13:49:26.297+0000][1][safepoint    ] Total time for which application threads were stopped: 0.0001230 seconds, Stopping threads took: 0.0000184 seconds
[2020-01-13T13:49:27.298+0000][1][safepoint    ] Application time: 1.0001453 seconds
[2020-01-13T13:49:27.298+0000][1][safepoint    ] Entering safepoint region: Cleanup
[2020-01-13T13:49:27.298+0000][1][safepoint    ] Leaving safepoint region
[2020-01-13T13:49:27.298+0000][1][safepoint    ] Total time for which application threads were stopped: 0.0001256 seconds, Stopping threads took: 0.0000282 seconds
[2020-01-13T13:49:28.298+0000][1][safepoint    ] Application time: 1.0001302 seconds
[2020-01-13T13:49:28.300+0000][1][safepoint    ] Entering safepoint region: Cleanup
[2020-01-13T13:49:28.300+0000][1][safepoint    ] Leaving safepoint region
[2020-01-13T13:49:28.300+0000][1][safepoint    ] Total time for which application threads were stopped: 0.0011783 seconds, Stopping threads took: 0.0010733 seconds
[2020-01-13T13:49:28.300+0000][1][safepoint    ] Application time: 0.0004198 seconds
[2020-01-13T13:49:28.301+0000][1][safepoint    ] Entering safepoint region: RevokeBias
[2020-01-13T13:49:28.301+0000][1][safepoint    ] Leaving safepoint region
[2020-01-13T13:49:28.301+0000][1][safepoint    ] Total time for which application threads were stopped: 0.0003452 seconds, Stopping threads took: 0.0002398 seconds
[2020-01-13T13:49:29.302+0000][1][safepoint    ] Application time: 1.0007820 seconds
[2020-01-13T13:49:29.302+0000][1][safepoint    ] Entering safepoint region: Cleanup
[2020-01-13T13:49:29.303+0000][1][safepoint    ] Leaving safepoint region
[2020-01-13T13:49:29.303+0000][1][safepoint    ] Total time for which application threads were stopped: 0.0009185 seconds, Stopping threads took: 0.0008282 seconds
[2020-01-13T13:49:30.301+0000][1][safepoint    ] Application time: 0.9983694 seconds
[2020-01-13T13:49:30.303+0000][1][safepoint    ] Entering safepoint region: RevokeBias
[2020-01-13T13:49:30.303+0000][1][safepoint    ] Leaving safepoint region
[2020-01-13T13:49:30.303+0000][1][safepoint    ] Total time for which application threads were stopped: 0.0016968 seconds, Stopping threads took: 0.0015665 seconds
[2020-01-13T13:49:31.304+0000][1][safepoint    ] Application time: 1.0007886 seconds
[2020-01-13T13:49:31.305+0000][1][safepoint    ] Entering safepoint region: Cleanup
[2020-01-13T13:49:31.305+0000][1][safepoint    ] Leaving safepoint region
[2020-01-13T13:49:31.305+0000][1][safepoint    ] Total time for which application threads were stopped: 0.0011112 seconds, Stopping threads took: 0.0009930 seconds
[2020-01-13T13:49:32.302+0000][1][safepoint    ] Application time: 0.9969577 seconds
[2020-01-13T13:49:32.303+0000][1][safepoint    ] Entering safepoint region: RevokeBias
[2020-01-13T13:49:32.303+0000][1][safepoint    ] Leaving safepoint region
[2020-01-13T13:49:32.303+0000][1][safepoint    ] Total time for which application threads were stopped: 0.0014651 seconds, Stopping threads took: 0.0013149 seconds
[2020-01-13T13:49:33.304+0000][1][safepoint    ] Application time: 1.0008408 seconds
[2020-01-13T13:49:33.305+0000][1][safepoint    ] Entering safepoint region: Cleanup
[2020-01-13T13:49:33.305+0000][1][safepoint    ] Leaving safepoint region
[2020-01-13T13:49:33.305+0000][1][safepoint    ] Total time for which application threads were stopped: 0.0001856 seconds, Stopping threads took: 0.0000747 seconds
[2020-01-13T13:49:34.304+0000][1][safepoint    ] Application time: 0.9984698 seconds
[2020-01-13T13:49:34.306+0000][1][safepoint    ] Entering safepoint region: RevokeBias
[2020-01-13T13:49:34.306+0000][1][safepoint    ] Leaving safepoint region
[2020-01-13T13:49:34.306+0000][1][safepoint    ] Total time for which application threads were stopped: 0.0017364 seconds, Stopping threads took: 0.0015805 seconds
[2020-01-13T13:49:35.307+0000][1][safepoint    ] Application time: 1.0008045 seconds
[2020-01-13T13:49:35.307+0000][1][safepoint    ] Entering safepoint region: Cleanup
[2020-01-13T13:49:35.307+0000][1][safepoint    ] Leaving safepoint region
[2020-01-13T13:49:35.307+0000][1][safepoint    ] Total time for which application threads were stopped: 0.0005766 seconds, Stopping threads took: 0.0004929 seconds
[2020-01-13T13:49:36.305+0000][1][safepoint    ] Application time: 0.9979326 seconds
[2020-01-13T13:49:36.307+0000][1][safepoint    ] Entering safepoint region: RevokeBias
[2020-01-13T13:49:36.307+0000][1][safepoint    ] Leaving safepoint region
[2020-01-13T13:49:36.307+0000][1][safepoint    ] Total time for which application threads were stopped: 0.0018098 seconds, Stopping threads took: 0.0016816 seconds
[2020-01-13T13:49:37.308+0000][1][safepoint    ] Application time: 1.0007824 seconds
[2020-01-13T13:49:37.309+0000][1][safepoint    ] Entering safepoint region: Cleanup
[2020-01-13T13:49:37.309+0000][1][safepoint    ] Leaving safepoint region
[2020-01-13T13:49:37.309+0000][1][safepoint    ] Total time for which application threads were stopped: 0.0008183 seconds, Stopping threads took: 0.0007315 seconds
[2020-01-13T13:49:38.309+0000][1][safepoint    ] Application time: 1.0001331 seconds
[2020-01-13T13:49:38.310+0000][1][safepoint    ] Entering safepoint region: Cleanup
[2020-01-13T13:49:38.310+0000][1][safepoint    ] Leaving safepoint region
[2020-01-13T13:49:38.310+0000][1][safepoint    ] Total time for which application threads were stopped: 0.0001680 seconds, Stopping threads took: 0.0000676 seconds
[2020-01-13T13:49:38.310+0000][1][safepoint    ] Application time: 0.0000155 seconds
[2020-01-13T13:49:38.310+0000][1][safepoint    ] Entering safepoint region: RevokeBias
[2020-01-13T13:49:38.310+0000][1][safepoint    ] Leaving safepoint region
[2020-01-13T13:49:38.310+0000][1][safepoint    ] Total time for which application threads were stopped: 0.0000660 seconds, Stopping threads took: 0.0000060 seconds
[2020-01-13T13:49:39.310+0000][1][safepoint    ] Application time: 1.0000918 seconds
[2020-01-13T13:49:39.310+0000][1][safepoint    ] Entering safepoint region: Cleanup
[2020-01-13T13:49:39.310+0000][1][safepoint    ] Leaving safepoint region
[2020-01-13T13:49:39.310+0000][1][safepoint    ] Total time for which application threads were stopped: 0.0001065 seconds, Stopping threads took: 0.0000184 seconds
[2020-01-13T13:49:40.311+0000][1][safepoint    ] Application time: 1.0001863 seconds
[2020-01-13T13:49:40.311+0000][1][safepoint    ] Entering safepoint region: Cleanup
[2020-01-13T13:49:40.311+0000][1][safepoint    ] Leaving safepoint region
[2020-01-13T13:49:40.311+0000][1][safepoint    ] Total time for which application threads were stopped: 0.0001482 seconds, Stopping threads took: 0.0000653 seconds
[2020-01-13T13:49:40.311+0000][1][safepoint    ] Application time: 0.0004382 seconds
[2020-01-13T13:49:40.313+0000][1][safepoint    ] Entering safepoint region: RevokeBias
[2020-01-13T13:49:40.313+0000][1][safepoint    ] Leaving safepoint region
[2020-01-13T13:49:40.313+0000][1][safepoint    ] Total time for which application threads were stopped: 0.0021426 seconds, Stopping threads took: 0.0020248 seconds
[2020-01-13T13:49:41.314+0000][1][safepoint    ] Application time: 1.0008275 seconds
[2020-01-13T13:49:41.314+0000][1][safepoint    ] Entering safepoint region: Cleanup
[2020-01-13T13:49:41.314+0000][1][safepoint    ] Leaving safepoint region
[2020-01-13T13:49:41.314+0000][1][safepoint    ] Total time for which application threads were stopped: 0.0000989 seconds, Stopping threads took: 0.0000178 seconds
[2020-01-13T13:49:42.311+0000][1][safepoint    ] Application time: 0.9969352 seconds
[2020-01-13T13:49:42.313+0000][1][safepoint    ] Entering safepoint region: RevokeBias
[2020-01-13T13:49:42.313+0000][1][safepoint    ] Leaving safepoint region
[2020-01-13T13:49:42.313+0000][1][safepoint    ] Total time for which application threads were stopped: 0.0021090 seconds, Stopping threads took: 0.0019791 seconds
[2020-01-13T13:49:43.314+0000][1][safepoint    ] Application time: 1.0007422 seconds
[2020-01-13T13:49:43.315+0000][1][safepoint    ] Entering safepoint region: Cleanup
[2020-01-13T13:49:43.315+0000][1][safepoint    ] Leaving safepoint region
[2020-01-13T13:49:43.315+0000][1][safepoint    ] Total time for which application threads were stopped: 0.0001107 seconds, Stopping threads took: 0.0000298 seconds
[2020-01-13T13:49:44.312+0000][1][safepoint    ] Application time: 0.9967238 seconds
[2020-01-13T13:49:44.314+0000][1][safepoint    ] Entering safepoint region: RevokeBias
[2020-01-13T13:49:44.314+0000][1][safepoint    ] Leaving safepoint region
[2020-01-13T13:49:44.314+0000][1][safepoint    ] Total time for which application threads were stopped: 0.0021148 seconds, Stopping threads took: 0.0019799 seconds
[2020-01-13T13:49:45.315+0000][1][safepoint    ] Application time: 1.0009306 seconds
[2020-01-13T13:49:45.315+0000][1][safepoint    ] Entering safepoint region: Cleanup
[2020-01-13T13:49:45.315+0000][1][safepoint    ] Leaving safepoint region
[2020-01-13T13:49:45.315+0000][1][safepoint    ] Total time for which application threads were stopped: 0.0000960 seconds, Stopping threads took: 0.0000182 seconds
[2020-01-13T13:49:46.312+0000][1][safepoint    ] Application time: 0.9967782 seconds
[2020-01-13T13:49:46.314+0000][1][safepoint    ] Entering safepoint region: RevokeBias
[2020-01-13T13:49:46.314+0000][1][safepoint    ] Leaving safepoint region
[2020-01-13T13:49:46.314+0000][1][safepoint    ] Total time for which application threads were stopped: 0.0021453 seconds, Stopping threads took: 0.0019813 seconds
[2020-01-13T13:49:47.316+0000][1][safepoint    ] Application time: 1.0020309 seconds
[2020-01-13T13:49:47.317+0000][1][safepoint    ] Entering safepoint region: Cleanup
[2020-01-13T13:49:47.317+0000][1][safepoint    ] Leaving safepoint region
[2020-01-13T13:49:47.317+0000][1][safepoint    ] Total time for which application threads were stopped: 0.0000993 seconds, Stopping threads took: 0.0000186 seconds
[2020-01-13T13:49:48.313+0000][1][safepoint    ] Application time: 0.9965416 seconds
[2020-01-13T13:49:48.314+0000][1][safepoint    ] Entering safepoint region: RevokeBias
[2020-01-13T13:49:48.315+0000][1][safepoint    ] Leaving safepoint region
[2020-01-13T13:49:48.315+0000][1][safepoint    ] Total time for which application threads were stopped: 0.0020387 seconds, Stopping threads took: 0.0018604 seconds
[2020-01-13T13:49:49.316+0000][1][safepoint    ] Application time: 1.0008507 seconds
[2020-01-13T13:49:49.317+0000][1][safepoint    ] Entering safepoint region: Cleanup
[2020-01-13T13:49:49.317+0000][1][safepoint    ] Leaving safepoint region
[2020-01-13T13:49:49.317+0000][1][safepoint    ] Total time for which application threads were stopped: 0.0005116 seconds, Stopping threads took: 0.0004101 seconds
[2020-01-13T13:49:50.315+0000][1][safepoint    ] Application time: 0.9987681 seconds
[2020-01-13T13:49:50.317+0000][1][safepoint    ] Entering safepoint region: BulkRevokeBias
[2020-01-13T13:49:50.318+0000][1][safepoint    ] Leaving safepoint region
[2020-01-13T13:49:50.318+0000][1][safepoint    ] Total time for which application threads were stopped: 0.0022234 seconds, Stopping threads took: 0.0018988 seconds
[2020-01-13T13:49:51.319+0000][1][safepoint    ] Application time: 1.0008536 seconds
[2020-01-13T13:49:51.319+0000][1][safepoint    ] Entering safepoint region: Cleanup
[2020-01-13T13:49:51.319+0000][1][safepoint    ] Leaving safepoint region
[2020-01-13T13:49:51.319+0000][1][safepoint    ] Total time for which application threads were stopped: 0.0001044 seconds, Stopping threads took: 0.0000180 seconds
[2020-01-13T13:49:52.317+0000][1][safepoint    ] Application time: 0.9984063 seconds
[2020-01-13T13:49:52.319+0000][1][safepoint    ] Entering safepoint region: RevokeBias
[2020-01-13T13:49:52.319+0000][1][safepoint    ] Leaving safepoint region
[2020-01-13T13:49:52.319+0000][1][safepoint    ] Total time for which application threads were stopped: 0.0021363 seconds, Stopping threads took: 0.0019988 seconds
[2020-01-13T13:49:53.320+0000][1][safepoint    ] Application time: 1.0007660 seconds
[2020-01-13T13:49:53.321+0000][1][safepoint    ] Entering safepoint region: Cleanup
[2020-01-13T13:49:53.321+0000][1][safepoint    ] Leaving safepoint region
[2020-01-13T13:49:53.321+0000][1][safepoint    ] Total time for which application threads were stopped: 0.0007485 seconds, Stopping threads took: 0.0006631 seconds
[2020-01-13T13:49:54.319+0000][1][safepoint    ] Application time: 0.9984641 seconds
[2020-01-13T13:49:54.321+0000][1][safepoint    ] Entering safepoint region: RevokeBias
[2020-01-13T13:49:54.321+0000][1][safepoint    ] Leaving safepoint region
[2020-01-13T13:49:54.321+0000][1][safepoint    ] Total time for which application threads were stopped: 0.0017625 seconds, Stopping threads took: 0.0016349 seconds
[2020-01-13T13:49:55.322+0000][1][safepoint    ] Application time: 1.0007902 seconds
[2020-01-13T13:49:55.322+0000][1][safepoint    ] Entering safepoint region: Cleanup
[2020-01-13T13:49:55.322+0000][1][safepoint    ] Leaving safepoint region
[2020-01-13T13:49:55.322+0000][1][safepoint    ] Total time for which application threads were stopped: 0.0000968 seconds, Stopping threads took: 0.0000196 seconds
[2020-01-13T13:49:56.321+0000][1][safepoint    ] Application time: 0.9985125 seconds
[2020-01-13T13:49:56.323+0000][1][safepoint    ] Entering safepoint region: RevokeBias
[2020-01-13T13:49:56.323+0000][1][safepoint    ] Leaving safepoint region
[2020-01-13T13:49:56.323+0000][1][safepoint    ] Total time for which application threads were stopped: 0.0019612 seconds, Stopping threads took: 0.0018345 seconds
[2020-01-13T13:49:57.324+0000][1][safepoint    ] Application time: 1.0008100 seconds
[2020-01-13T13:49:57.324+0000][1][safepoint    ] Entering safepoint region: Cleanup
[2020-01-13T13:49:57.324+0000][1][safepoint    ] Leaving safepoint region
[2020-01-13T13:49:57.324+0000][1][safepoint    ] Total time for which application threads were stopped: 0.0000932 seconds, Stopping threads took: 0.0000176 seconds
[2020-01-13T13:49:58.321+0000][1][safepoint    ] Application time: 0.9977626 seconds
[2020-01-13T13:49:58.322+0000][1][safepoint    ] Entering safepoint region: RevokeBias
[2020-01-13T13:49:58.322+0000][1][safepoint    ] Leaving safepoint region
[2020-01-13T13:49:58.322+0000][1][safepoint    ] Total time for which application threads were stopped: 0.0001426 seconds, Stopping threads took: 0.0000279 seconds
[2020-01-13T13:49:59.323+0000][1][safepoint    ] Application time: 1.0000935 seconds
[2020-01-13T13:49:59.323+0000][1][safepoint    ] Entering safepoint region: Cleanup
[2020-01-13T13:49:59.323+0000][1][safepoint    ] Leaving safepoint region
[2020-01-13T13:49:59.323+0000][1][safepoint    ] Total time for which application threads were stopped: 0.0001128 seconds, Stopping threads took: 0.0000198 seconds
[2020-01-13T13:50:00.323+0000][1][safepoint    ] Application time: 1.0001411 seconds
[2020-01-13T13:50:00.323+0000][1][safepoint    ] Entering safepoint region: Cleanup
[2020-01-13T13:50:00.323+0000][1][safepoint    ] Leaving safepoint region
[2020-01-13T13:50:00.323+0000][1][safepoint    ] Total time for which application threads were stopped: 0.0001220 seconds, Stopping threads took: 0.0000375 seconds
[2020-01-13T13:50:00.324+0000][1][safepoint    ] Application time: 0.0012653 seconds
[2020-01-13T13:50:00.326+0000][1][safepoint    ] Entering safepoint region: RevokeBias
[2020-01-13T13:50:00.326+0000][1][safepoint    ] Leaving safepoint region
[2020-01-13T13:50:00.326+0000][1][safepoint    ] Total time for which application threads were stopped: 0.0021355 seconds, Stopping threads took: 0.0020158 seconds
[2020-01-13T13:50:01.327+0000][1][safepoint    ] Application time: 1.0007966 seconds
[2020-01-13T13:50:01.327+0000][1][safepoint    ] Entering safepoint region: Cleanup
[2020-01-13T13:50:01.327+0000][1][safepoint    ] Leaving safepoint region
[2020-01-13T13:50:01.327+0000][1][safepoint    ] Total time for which application threads were stopped: 0.0001068 seconds, Stopping threads took: 0.0000194 seconds
[2020-01-13T13:50:02.326+0000][1][safepoint    ] Application time: 0.9981066 seconds
[2020-01-13T13:50:02.328+0000][1][safepoint    ] Entering safepoint region: RevokeBias
[2020-01-13T13:50:02.328+0000][1][safepoint    ] Leaving safepoint region
[2020-01-13T13:50:02.328+0000][1][safepoint    ] Total time for which application threads were stopped: 0.0021209 seconds, Stopping threads took: 0.0019856 seconds
[2020-01-13T13:50:03.329+0000][1][safepoint    ] Application time: 1.0008051 seconds
[2020-01-13T13:50:03.330+0000][1][safepoint    ] Entering safepoint region: Cleanup
[2020-01-13T13:50:03.330+0000][1][safepoint    ] Leaving safepoint region
[2020-01-13T13:50:03.330+0000][1][safepoint    ] Total time for which application threads were stopped: 0.0001783 seconds, Stopping threads took: 0.0000761 seconds
[2020-01-13T13:50:04.326+0000][1][safepoint    ] Application time: 0.9955738 seconds
[2020-01-13T13:50:04.326+0000][1][safepoint    ] Entering safepoint region: RevokeBias
[2020-01-13T13:50:04.326+0000][1][safepoint    ] Leaving safepoint region
[2020-01-13T13:50:04.326+0000][1][safepoint    ] Total time for which application threads were stopped: 0.0007632 seconds, Stopping threads took: 0.0006119 seconds
[2020-01-13T13:50:05.326+0000][1][safepoint    ] Application time: 1.0001047 seconds
[2020-01-13T13:50:05.327+0000][1][safepoint    ] Entering safepoint region: Cleanup
[2020-01-13T13:50:05.327+0000][1][safepoint    ] Leaving safepoint region
[2020-01-13T13:50:05.327+0000][1][safepoint    ] Total time for which application threads were stopped: 0.0001159 seconds, Stopping threads took: 0.0000315 seconds
[2020-01-13T13:50:06.327+0000][1][safepoint    ] Application time: 1.0003031 seconds
[2020-01-13T13:50:06.327+0000][1][safepoint    ] Entering safepoint region: Cleanup
[2020-01-13T13:50:06.327+0000][1][safepoint    ] Leaving safepoint region
[2020-01-13T13:50:06.327+0000][1][safepoint    ] Total time for which application threads were stopped: 0.0001922 seconds, Stopping threads took: 0.0000965 seconds
[2020-01-13T13:50:06.327+0000][1][safepoint    ] Application time: 0.0002115 seconds
[2020-01-13T13:50:06.327+0000][1][safepoint    ] Entering safepoint region: RevokeBias
[2020-01-13T13:50:06.327+0000][1][safepoint    ] Leaving safepoint region
[2020-01-13T13:50:06.327+0000][1][safepoint    ] Total time for which application threads were stopped: 0.0000751 seconds, Stopping threads took: 0.0000092 seconds
[2020-01-13T13:50:07.328+0000][1][safepoint    ] Application time: 1.0001461 seconds
[2020-01-13T13:50:07.328+0000][1][safepoint    ] Entering safepoint region: Cleanup
[2020-01-13T13:50:07.328+0000][1][safepoint    ] Leaving safepoint region
[2020-01-13T13:50:07.328+0000][1][safepoint    ] Total time for which application threads were stopped: 0.0001103 seconds, Stopping threads took: 0.0000277 seconds
[2020-01-13T13:50:08.328+0000][1][safepoint    ] Application time: 1.0001482 seconds
[2020-01-13T13:50:08.328+0000][1][safepoint    ] Entering safepoint region: Cleanup
[2020-01-13T13:50:08.328+0000][1][safepoint    ] Leaving safepoint region
[2020-01-13T13:50:08.328+0000][1][safepoint    ] Total time for which application threads were stopped: 0.0002012 seconds, Stopping threads took: 0.0001052 seconds
[2020-01-13T13:50:08.329+0000][1][safepoint    ] Application time: 0.0000110 seconds
[2020-01-13T13:50:08.329+0000][1][safepoint    ] Entering safepoint region: RevokeBias
[2020-01-13T13:50:08.329+0000][1][safepoint    ] Leaving safepoint region
[2020-01-13T13:50:08.329+0000][1][safepoint    ] Total time for which application threads were stopped: 0.0000983 seconds, Stopping threads took: 0.0000131 seconds
[2020-01-13T13:50:09.329+0000][1][safepoint    ] Application time: 1.0001420 seconds
[2020-01-13T13:50:09.330+0000][1][safepoint    ] Entering safepoint region: Cleanup
[2020-01-13T13:50:09.330+0000][1][safepoint    ] Leaving safepoint region
[2020-01-13T13:50:09.330+0000][1][safepoint    ] Total time for which application threads were stopped: 0.0001387 seconds, Stopping threads took: 0.0000383 seconds
[2020-01-13T13:50:10.330+0000][1][safepoint    ] Application time: 1.0001435 seconds
[2020-01-13T13:50:10.330+0000][1][safepoint    ] Entering safepoint region: Cleanup
[2020-01-13T13:50:10.330+0000][1][safepoint    ] Leaving safepoint region
[2020-01-13T13:50:10.330+0000][1][safepoint    ] Total time for which application threads were stopped: 0.0001152 seconds, Stopping threads took: 0.0000306 seconds
[2020-01-13T13:50:10.332+0000][1][safepoint    ] Application time: 0.0018829 seconds
[2020-01-13T13:50:10.334+0000][1][safepoint    ] Entering safepoint region: RevokeBias
[2020-01-13T13:50:10.334+0000][1][safepoint    ] Leaving safepoint region
[2020-01-13T13:50:10.334+0000][1][safepoint    ] Total time for which application threads were stopped: 0.0021469 seconds, Stopping threads took: 0.0020266 seconds
[2020-01-13T13:50:11.335+0000][1][safepoint    ] Application time: 1.0008202 seconds
[2020-01-13T13:50:11.335+0000][1][safepoint    ] Entering safepoint region: Cleanup
[2020-01-13T13:50:11.335+0000][1][safepoint    ] Leaving safepoint region
[2020-01-13T13:50:11.335+0000][1][safepoint    ] Total time for which application threads were stopped: 0.0000968 seconds, Stopping threads took: 0.0000188 seconds
[2020-01-13T13:50:12.334+0000][1][safepoint    ] Application time: 0.9984961 seconds
[2020-01-13T13:50:12.336+0000][1][safepoint    ] Entering safepoint region: RevokeBias
[2020-01-13T13:50:12.336+0000][1][safepoint    ] Leaving safepoint region
[2020-01-13T13:50:12.336+0000][1][safepoint    ] Total time for which application threads were stopped: 0.0021234 seconds, Stopping threads took: 0.0019849 seconds
[2020-01-13T13:50:13.337+0000][1][safepoint    ] Application time: 1.0007962 seconds
[2020-01-13T13:50:13.338+0000][1][safepoint    ] Entering safepoint region: Cleanup
[2020-01-13T13:50:13.338+0000][1][safepoint    ] Leaving safepoint region
[2020-01-13T13:50:13.338+0000][1][safepoint    ] Total time for which application threads were stopped: 0.0001553 seconds, Stopping threads took: 0.0000652 seconds
[2020-01-13T13:50:14.337+0000][1][safepoint    ] Application time: 0.9993373 seconds
[2020-01-13T13:50:14.339+0000][1][safepoint    ] Entering safepoint region: RevokeBias
[2020-01-13T13:50:14.339+0000][1][safepoint    ] Leaving safepoint region
[2020-01-13T13:50:14.339+0000][1][safepoint    ] Total time for which application threads were stopped: 0.0021316 seconds, Stopping threads took: 0.0019862 seconds
[2020-01-13T13:50:15.340+0000][1][safepoint    ] Application time: 1.0008399 seconds
[2020-01-13T13:50:15.340+0000][1][safepoint    ] Entering safepoint region: Cleanup
[2020-01-13T13:50:15.340+0000][1][safepoint    ] Leaving safepoint region
[2020-01-13T13:50:15.340+0000][1][safepoint    ] Total time for which application threads were stopped: 0.0000962 seconds, Stopping threads took: 0.0000205 seconds
[2020-01-13T13:50:16.336+0000][1][safepoint    ] Application time: 0.9960699 seconds
[2020-01-13T13:50:16.338+0000][1][safepoint    ] Entering safepoint region: RevokeBias
[2020-01-13T13:50:16.339+0000][1][safepoint    ] Leaving safepoint region
[2020-01-13T13:50:16.339+0000][1][safepoint    ] Total time for which application threads were stopped: 0.0021244 seconds, Stopping threads took: 0.0019857 seconds
[2020-01-13T13:50:17.342+0000][1][safepoint    ] Application time: 1.0037310 seconds
[2020-01-13T13:50:17.342+0000][1][safepoint    ] Entering safepoint region: Cleanup
[2020-01-13T13:50:17.343+0000][1][safepoint    ] Leaving safepoint region
[2020-01-13T13:50:17.343+0000][1][safepoint    ] Total time for which application threads were stopped: 0.0001020 seconds, Stopping threads took: 0.0000226 seconds
[2020-01-13T13:50:18.337+0000][1][safepoint    ] Application time: 0.9941731 seconds
[2020-01-13T13:50:18.338+0000][1][safepoint    ] Entering safepoint region: RevokeBias
[2020-01-13T13:50:18.338+0000][1][safepoint    ] Leaving safepoint region
[2020-01-13T13:50:18.338+0000][1][safepoint    ] Total time for which application threads were stopped: 0.0002122 seconds, Stopping threads took: 0.0000656 seconds
[2020-01-13T13:50:19.338+0000][1][safepoint    ] Application time: 1.0001106 seconds
[2020-01-13T13:50:19.338+0000][1][safepoint    ] Entering safepoint region: Cleanup
[2020-01-13T13:50:19.338+0000][1][safepoint    ] Leaving safepoint region
[2020-01-13T13:50:19.338+0000][1][safepoint    ] Total time for which application threads were stopped: 0.0001238 seconds, Stopping threads took: 0.0000392 seconds
[2020-01-13T13:50:20.338+0000][1][safepoint    ] Application time: 0.9996509 seconds
[2020-01-13T13:50:20.340+0000][1][safepoint    ] Entering safepoint region: RevokeBias
[2020-01-13T13:50:20.340+0000][1][safepoint    ] Leaving safepoint region
[2020-01-13T13:50:20.340+0000][1][safepoint    ] Total time for which application threads were stopped: 0.0019870 seconds, Stopping threads took: 0.0018580 seconds
[2020-01-13T13:50:21.340+0000][1][safepoint    ] Application time: 1.0001102 seconds
[2020-01-13T13:50:21.340+0000][1][safepoint    ] Entering safepoint region: Cleanup
[2020-01-13T13:50:21.340+0000][1][safepoint    ] Leaving safepoint region
[2020-01-13T13:50:21.340+0000][1][safepoint    ] Total time for which application threads were stopped: 0.0001006 seconds, Stopping threads took: 0.0000229 seconds
[2020-01-13T13:50:22.340+0000][1][safepoint    ] Application time: 1.0001048 seconds
[2020-01-13T13:50:22.341+0000][1][safepoint    ] Entering safepoint region: Cleanup
[2020-01-13T13:50:22.341+0000][1][safepoint    ] Leaving safepoint region
[2020-01-13T13:50:22.341+0000][1][safepoint    ] Total time for which application threads were stopped: 0.0008848 seconds, Stopping threads took: 0.0007936 seconds
[2020-01-13T13:50:22.342+0000][1][safepoint    ] Application time: 0.0004330 seconds
[2020-01-13T13:50:22.342+0000][1][safepoint    ] Entering safepoint region: RevokeBias
[2020-01-13T13:50:22.342+0000][1][safepoint    ] Leaving safepoint region
[2020-01-13T13:50:22.342+0000][1][safepoint    ] Total time for which application threads were stopped: 0.0003966 seconds, Stopping threads took: 0.0002758 seconds
[2020-01-13T13:50:23.343+0000][1][safepoint    ] Application time: 1.0007974 seconds
[2020-01-13T13:50:23.343+0000][1][safepoint    ] Entering safepoint region: Cleanup
[2020-01-13T13:50:23.343+0000][1][safepoint    ] Leaving safepoint region
[2020-01-13T13:50:23.343+0000][1][safepoint    ] Total time for which application threads were stopped: 0.0001030 seconds, Stopping threads took: 0.0000196 seconds
[2020-01-13T13:50:24.341+0000][1][safepoint    ] Application time: 0.9975736 seconds
[2020-01-13T13:50:24.343+0000][1][safepoint    ] Entering safepoint region: RevokeBias
[2020-01-13T13:50:24.343+0000][1][safepoint    ] Leaving safepoint region
[2020-01-13T13:50:24.343+0000][1][safepoint    ] Total time for which application threads were stopped: 0.0021185 seconds, Stopping threads took: 0.0019903 seconds
[2020-01-13T13:50:25.344+0000][1][safepoint    ] Application time: 1.0008251 seconds
[2020-01-13T13:50:25.344+0000][1][safepoint    ] Entering safepoint region: Cleanup
[2020-01-13T13:50:25.344+0000][1][safepoint    ] Leaving safepoint region
[2020-01-13T13:50:25.344+0000][1][safepoint    ] Total time for which application threads were stopped: 0.0000948 seconds, Stopping threads took: 0.0000198 seconds
[2020-01-13T13:50:26.341+0000][1][safepoint    ] Application time: 0.9971360 seconds
[2020-01-13T13:50:26.343+0000][1][safepoint    ] Entering safepoint region: RevokeBias
[2020-01-13T13:50:26.343+0000][1][safepoint    ] Leaving safepoint region
[2020-01-13T13:50:26.343+0000][1][safepoint    ] Total time for which application threads were stopped: 0.0021140 seconds, Stopping threads took: 0.0019804 seconds
[2020-01-13T13:50:27.344+0000][1][safepoint    ] Application time: 1.0007856 seconds
[2020-01-13T13:50:27.345+0000][1][safepoint    ] Entering safepoint region: Cleanup
[2020-01-13T13:50:27.345+0000][1][safepoint    ] Leaving safepoint region
[2020-01-13T13:50:27.345+0000][1][safepoint    ] Total time for which application threads were stopped: 0.0005722 seconds, Stopping threads took: 0.0004852 seconds
[2020-01-13T13:50:28.345+0000][1][safepoint    ] Application time: 1.0001022 seconds
[2020-01-13T13:50:28.346+0000][1][safepoint    ] Entering safepoint region: Cleanup
[2020-01-13T13:50:28.346+0000][1][safepoint    ] Leaving safepoint region
[2020-01-13T13:50:28.346+0000][1][safepoint    ] Total time for which application threads were stopped: 0.0001171 seconds, Stopping threads took: 0.0000307 seconds
[2020-01-13T13:50:28.346+0000][1][safepoint    ] Application time: 0.0000092 seconds
[2020-01-13T13:50:28.346+0000][1][safepoint    ] Entering safepoint region: RevokeBias
[2020-01-13T13:50:28.346+0000][1][safepoint    ] Leaving safepoint region
[2020-01-13T13:50:28.346+0000][1][safepoint    ] Total time for which application threads were stopped: 0.0000522 seconds, Stopping threads took: 0.0000069 seconds
[2020-01-13T13:50:29.346+0000][1][safepoint    ] Application time: 1.0000837 seconds
[2020-01-13T13:50:29.346+0000][1][safepoint    ] Entering safepoint region: Cleanup
[2020-01-13T13:50:29.346+0000][1][safepoint    ] Leaving safepoint region
[2020-01-13T13:50:29.346+0000][1][safepoint    ] Total time for which application threads were stopped: 0.0001043 seconds, Stopping threads took: 0.0000183 seconds
[2020-01-13T13:50:30.346+0000][1][safepoint    ] Application time: 1.0000081 seconds
[2020-01-13T13:50:30.346+0000][1][safepoint    ] Entering safepoint region: RevokeBias
[2020-01-13T13:50:30.346+0000][1][safepoint    ] Leaving safepoint region
[2020-01-13T13:50:30.346+0000][1][safepoint    ] Total time for which application threads were stopped: 0.0001312 seconds, Stopping threads took: 0.0000182 seconds
[2020-01-13T13:50:31.347+0000][1][safepoint    ] Application time: 1.0000852 seconds
[2020-01-13T13:50:31.347+0000][1][safepoint    ] Entering safepoint region: Cleanup
[2020-01-13T13:50:31.347+0000][1][safepoint    ] Leaving safepoint region
[2020-01-13T13:50:31.347+0000][1][safepoint    ] Total time for which application threads were stopped: 0.0000937 seconds, Stopping threads took: 0.0000195 seconds
[2020-01-13T13:50:32.347+0000][1][safepoint    ] Application time: 1.0001546 seconds
[2020-01-13T13:50:32.347+0000][1][safepoint    ] Entering safepoint region: Cleanup
[2020-01-13T13:50:32.347+0000][1][safepoint    ] Leaving safepoint region
[2020-01-13T13:50:32.347+0000][1][safepoint    ] Total time for which application threads were stopped: 0.0001235 seconds, Stopping threads took: 0.0000308 seconds
[2020-01-13T13:50:32.348+0000][1][safepoint    ] Application time: 0.0004917 seconds
[2020-01-13T13:50:32.349+0000][1][safepoint    ] Entering safepoint region: RevokeBias
[2020-01-13T13:50:32.349+0000][1][safepoint    ] Leaving safepoint region
[2020-01-13T13:50:32.349+0000][1][safepoint    ] Total time for which application threads were stopped: 0.0010625 seconds, Stopping threads took: 0.0009620 seconds
[2020-01-13T13:50:33.349+0000][1][safepoint    ] Application time: 1.0007700 seconds
[2020-01-13T13:50:33.350+0000][1][safepoint    ] Entering safepoint region: Cleanup
[2020-01-13T13:50:33.350+0000][1][safepoint    ] Leaving safepoint region
[2020-01-13T13:50:33.350+0000][1][safepoint    ] Total time for which application threads were stopped: 0.0001345 seconds, Stopping threads took: 0.0000466 seconds
[2020-01-13T13:50:34.349+0000][1][safepoint    ] Application time: 0.9993887 seconds
[2020-01-13T13:50:34.349+0000][1][safepoint    ] Entering safepoint region: RevokeBias
[2020-01-13T13:50:34.350+0000][1][safepoint    ] Leaving safepoint region
[2020-01-13T13:50:34.350+0000][1][safepoint    ] Total time for which application threads were stopped: 0.0006099 seconds, Stopping threads took: 0.0004601 seconds
[2020-01-13T13:50:35.350+0000][1][safepoint    ] Application time: 1.0000976 seconds
[2020-01-13T13:50:35.350+0000][1][safepoint    ] Entering safepoint region: Cleanup
[2020-01-13T13:50:35.350+0000][1][safepoint    ] Leaving safepoint region
[2020-01-13T13:50:35.350+0000][1][safepoint    ] Total time for which application threads were stopped: 0.0001032 seconds, Stopping threads took: 0.0000204 seconds
[2020-01-13T13:50:36.350+0000][1][safepoint    ] Application time: 0.9999356 seconds
[2020-01-13T13:50:36.351+0000][1][safepoint    ] Entering safepoint region: RevokeBias
[2020-01-13T13:50:36.352+0000][1][safepoint    ] Leaving safepoint region
[2020-01-13T13:50:36.352+0000][1][safepoint    ] Total time for which application threads were stopped: 0.0016431 seconds, Stopping threads took: 0.0015156 seconds
[2020-01-13T13:50:37.352+0000][1][safepoint    ] Application time: 1.0007253 seconds
[2020-01-13T13:50:37.352+0000][1][safepoint    ] Entering safepoint region: Cleanup
[2020-01-13T13:50:37.352+0000][1][safepoint    ] Leaving safepoint region
[2020-01-13T13:50:37.352+0000][1][safepoint    ] Total time for which application threads were stopped: 0.0001445 seconds, Stopping threads took: 0.0000597 seconds
[2020-01-13T13:50:38.350+0000][1][safepoint    ] Application time: 0.9975236 seconds
[2020-01-13T13:50:38.351+0000][1][safepoint    ] Entering safepoint region: RevokeBias
[2020-01-13T13:50:38.351+0000][1][safepoint    ] Leaving safepoint region
[2020-01-13T13:50:38.351+0000][1][safepoint    ] Total time for which application threads were stopped: 0.0002436 seconds, Stopping threads took: 0.0000969 seconds
[2020-01-13T13:50:39.352+0000][1][safepoint    ] Application time: 1.0000935 seconds
[2020-01-13T13:50:39.352+0000][1][safepoint    ] Entering safepoint region: Cleanup
[2020-01-13T13:50:39.352+0000][1][safepoint    ] Leaving safepoint region
[2020-01-13T13:50:39.352+0000][1][safepoint    ] Total time for which application threads were stopped: 0.0001039 seconds, Stopping threads took: 0.0000257 seconds
[2020-01-13T13:50:40.352+0000][1][safepoint    ] Application time: 1.0000956 seconds
[2020-01-13T13:50:40.352+0000][1][safepoint    ] Entering safepoint region: Cleanup
[2020-01-13T13:50:40.352+0000][1][safepoint    ] Leaving safepoint region
[2020-01-13T13:50:40.352+0000][1][safepoint    ] Total time for which application threads were stopped: 0.0001149 seconds, Stopping threads took: 0.0000280 seconds
[2020-01-13T13:50:40.354+0000][1][safepoint    ] Application time: 0.0016477 seconds
[2020-01-13T13:50:40.356+0000][1][safepoint    ] Entering safepoint region: RevokeBias
[2020-01-13T13:50:40.356+0000][1][safepoint    ] Leaving safepoint region
[2020-01-13T13:50:40.356+0000][1][safepoint    ] Total time for which application threads were stopped: 0.0021347 seconds, Stopping threads took: 0.0020233 seconds
[2020-01-13T13:50:41.357+0000][1][safepoint    ] Application time: 1.0008276 seconds
[2020-01-13T13:50:41.357+0000][1][safepoint    ] Entering safepoint region: Cleanup
[2020-01-13T13:50:41.357+0000][1][safepoint    ] Leaving safepoint region
[2020-01-13T13:50:41.357+0000][1][safepoint    ] Total time for which application threads were stopped: 0.0000959 seconds, Stopping threads took: 0.0000222 seconds
[2020-01-13T13:50:42.356+0000][1][safepoint    ] Application time: 0.9993934 seconds
[2020-01-13T13:50:42.357+0000][1][safepoint    ] Entering safepoint region: RevokeBias
[2020-01-13T13:50:42.357+0000][1][safepoint    ] Leaving safepoint region
[2020-01-13T13:50:42.357+0000][1][safepoint    ] Total time for which application threads were stopped: 0.0012496 seconds, Stopping threads took: 0.0011254 seconds
[2020-01-13T13:50:43.358+0000][1][safepoint    ] Application time: 1.0007359 seconds
[2020-01-13T13:50:43.359+0000][1][safepoint    ] Entering safepoint region: Cleanup
[2020-01-13T13:50:43.359+0000][1][safepoint    ] Leaving safepoint region
[2020-01-13T13:50:43.359+0000][1][safepoint    ] Total time for which application threads were stopped: 0.0001422 seconds, Stopping threads took: 0.0000524 seconds
[2020-01-13T13:50:43.445+0000][1][safepoint    ] Application time: 0.0851076 seconds
[2020-01-13T13:50:43.445+0000][1][safepoint    ] Entering safepoint region: GenCollectForAllocation
[2020-01-13T13:50:43.445+0000][1][gc,start     ] GC(28) Pause Young (Allocation Failure)
[2020-01-13T13:50:43.445+0000][1][gc,task      ] GC(28) Using 1 workers of 1 for evacuation
[2020-01-13T13:50:43.463+0000][1][gc,age       ] GC(28) Desired survivor size 4358144 bytes, new threshold 6 (max threshold 6)
[2020-01-13T13:50:43.463+0000][1][gc,age       ] GC(28) Age table with threshold 6 (max threshold 6)
[2020-01-13T13:50:43.463+0000][1][gc,age       ] GC(28) - age   1:      15560 bytes,      15560 total
[2020-01-13T13:50:43.463+0000][1][gc,age       ] GC(28) - age   2:       5456 bytes,      21016 total
[2020-01-13T13:50:43.463+0000][1][gc,age       ] GC(28) - age   3:       9808 bytes,      30824 total
[2020-01-13T13:50:43.463+0000][1][gc,age       ] GC(28) - age   4:      27360 bytes,      58184 total
[2020-01-13T13:50:43.463+0000][1][gc,age       ] GC(28) - age   5:      74304 bytes,     132488 total
[2020-01-13T13:50:43.463+0000][1][gc,age       ] GC(28) - age   6:    1114904 bytes,    1247392 total
[2020-01-13T13:50:43.463+0000][1][gc,heap      ] GC(28) ParNew: 71654K->3460K(76672K)
[2020-01-13T13:50:43.463+0000][1][gc,heap      ] GC(28) CMS: 65602K->67883K(176960K)
[2020-01-13T13:50:43.463+0000][1][gc,metaspace ] GC(28) Metaspace: 71960K->71960K(1114112K)
[2020-01-13T13:50:43.463+0000][1][gc           ] GC(28) Pause Young (Allocation Failure) 134M->69M(247M) 17.991ms
[2020-01-13T13:50:43.463+0000][1][gc,cpu       ] GC(28) User=0.02s Sys=0.00s Real=0.02s
[2020-01-13T13:50:43.463+0000][1][safepoint    ] Leaving safepoint region
[2020-01-13T13:50:43.463+0000][1][safepoint    ] Total time for which application threads were stopped: 0.0181991 seconds, Stopping threads took: 0.0000331 seconds
[2020-01-13T13:50:44.357+0000][1][safepoint    ] Application time: 0.8941011 seconds
[2020-01-13T13:50:44.357+0000][1][safepoint    ] Entering safepoint region: RevokeBias
[2020-01-13T13:50:44.357+0000][1][safepoint    ] Leaving safepoint region
[2020-01-13T13:50:44.357+0000][1][safepoint    ] Total time for which application threads were stopped: 0.0001170 seconds, Stopping threads took: 0.0000181 seconds
[2020-01-13T13:50:45.358+0000][1][safepoint    ] Application time: 1.0008195 seconds
[2020-01-13T13:50:45.358+0000][1][safepoint    ] Entering safepoint region: Cleanup
[2020-01-13T13:50:45.358+0000][1][safepoint    ] Leaving safepoint region
[2020-01-13T13:50:45.358+0000][1][safepoint    ] Total time for which application threads were stopped: 0.0000934 seconds, Stopping threads took: 0.0000192 seconds
[2020-01-13T13:50:46.358+0000][1][safepoint    ] Application time: 0.9995152 seconds
[2020-01-13T13:50:46.358+0000][1][safepoint    ] Entering safepoint region: RevokeBias
[2020-01-13T13:50:46.358+0000][1][safepoint    ] Leaving safepoint region
[2020-01-13T13:50:46.358+0000][1][safepoint    ] Total time for which application threads were stopped: 0.0001277 seconds, Stopping threads took: 0.0000215 seconds
[2020-01-13T13:50:47.358+0000][1][safepoint    ] Application time: 1.0001515 seconds
[2020-01-13T13:50:47.358+0000][1][safepoint    ] Entering safepoint region: Cleanup
[2020-01-13T13:50:47.358+0000][1][safepoint    ] Leaving safepoint region
[2020-01-13T13:50:47.358+0000][1][safepoint    ] Total time for which application threads were stopped: 0.0001127 seconds, Stopping threads took: 0.0000297 seconds
[2020-01-13T13:50:48.358+0000][1][safepoint    ] Application time: 1.0001460 seconds
[2020-01-13T13:50:48.359+0000][1][safepoint    ] Entering safepoint region: Cleanup
[2020-01-13T13:50:48.360+0000][1][safepoint    ] Leaving safepoint region
[2020-01-13T13:50:48.360+0000][1][safepoint    ] Total time for which application threads were stopped: 0.0001717 seconds, Stopping threads took: 0.0000687 seconds
[2020-01-13T13:50:48.360+0000][1][safepoint    ] Application time: 0.0007576 seconds
[2020-01-13T13:50:48.360+0000][1][safepoint    ] Entering safepoint region: RevokeBias
[2020-01-13T13:50:48.360+0000][1][safepoint    ] Leaving safepoint region
[2020-01-13T13:50:48.360+0000][1][safepoint    ] Total time for which application threads were stopped: 0.0000930 seconds, Stopping threads took: 0.0000139 seconds
[2020-01-13T13:50:49.361+0000][1][safepoint    ] Application time: 1.0000889 seconds
[2020-01-13T13:50:49.361+0000][1][safepoint    ] Entering safepoint region: Cleanup
[2020-01-13T13:50:49.361+0000][1][safepoint    ] Leaving safepoint region
[2020-01-13T13:50:49.361+0000][1][safepoint    ] Total time for which application threads were stopped: 0.0001107 seconds, Stopping threads took: 0.0000189 seconds
[2020-01-13T13:50:50.361+0000][1][safepoint    ] Application time: 1.0001212 seconds
[2020-01-13T13:50:50.361+0000][1][safepoint    ] Entering safepoint region: Cleanup
[2020-01-13T13:50:50.361+0000][1][safepoint    ] Leaving safepoint region
[2020-01-13T13:50:50.361+0000][1][safepoint    ] Total time for which application threads were stopped: 0.0001114 seconds, Stopping threads took: 0.0000268 seconds
[2020-01-13T13:50:50.363+0000][1][safepoint    ] Application time: 0.0015367 seconds
[2020-01-13T13:50:50.363+0000][1][safepoint    ] Entering safepoint region: RevokeBias
[2020-01-13T13:50:50.364+0000][1][safepoint    ] Leaving safepoint region
[2020-01-13T13:50:50.364+0000][1][safepoint    ] Total time for which application threads were stopped: 0.0010391 seconds, Stopping threads took: 0.0009113 seconds
[2020-01-13T13:50:51.364+0000][1][safepoint    ] Application time: 1.0008060 seconds
[2020-01-13T13:50:51.365+0000][1][safepoint    ] Entering safepoint region: Cleanup
[2020-01-13T13:50:51.365+0000][1][safepoint    ] Leaving safepoint region
[2020-01-13T13:50:51.365+0000][1][safepoint    ] Total time for which application threads were stopped: 0.0001262 seconds, Stopping threads took: 0.0000283 seconds
[2020-01-13T13:50:52.361+0000][1][safepoint    ] Application time: 0.9958758 seconds
[2020-01-13T13:50:52.362+0000][1][safepoint    ] Entering safepoint region: RevokeBias
[2020-01-13T13:50:52.362+0000][1][safepoint    ] Leaving safepoint region
[2020-01-13T13:50:52.362+0000][1][safepoint    ] Total time for which application threads were stopped: 0.0018563 seconds, Stopping threads took: 0.0017291 seconds
[2020-01-13T13:50:53.363+0000][1][safepoint    ] Application time: 1.0007503 seconds
[2020-01-13T13:50:53.363+0000][1][safepoint    ] Entering safepoint region: Cleanup
[2020-01-13T13:50:53.363+0000][1][safepoint    ] Leaving safepoint region
[2020-01-13T13:50:53.363+0000][1][safepoint    ] Total time for which application threads were stopped: 0.0001209 seconds, Stopping threads took: 0.0000384 seconds
[2020-01-13T13:50:54.363+0000][1][safepoint    ] Application time: 1.0000915 seconds
[2020-01-13T13:50:54.365+0000][1][safepoint    ] Entering safepoint region: Cleanup
[2020-01-13T13:50:54.365+0000][1][safepoint    ] Leaving safepoint region
[2020-01-13T13:50:54.365+0000][1][safepoint    ] Total time for which application threads were stopped: 0.0016484 seconds, Stopping threads took: 0.0015600 seconds
[2020-01-13T13:50:54.366+0000][1][safepoint    ] Application time: 0.0003694 seconds
[2020-01-13T13:50:54.366+0000][1][safepoint    ] Entering safepoint region: BulkRevokeBias
[2020-01-13T13:50:54.366+0000][1][safepoint    ] Leaving safepoint region
[2020-01-13T13:50:54.366+0000][1][safepoint    ] Total time for which application threads were stopped: 0.0004475 seconds, Stopping threads took: 0.0001525 seconds
[2020-01-13T13:50:55.367+0000][1][safepoint    ] Application time: 1.0008565 seconds
[2020-01-13T13:50:55.367+0000][1][safepoint    ] Entering safepoint region: Cleanup
[2020-01-13T13:50:55.367+0000][1][safepoint    ] Leaving safepoint region
[2020-01-13T13:50:55.367+0000][1][safepoint    ] Total time for which application threads were stopped: 0.0001508 seconds, Stopping threads took: 0.0000353 seconds
[2020-01-13T13:50:56.367+0000][1][safepoint    ] Application time: 1.0001053 seconds
[2020-01-13T13:50:56.367+0000][1][safepoint    ] Entering safepoint region: Cleanup
[2020-01-13T13:50:56.367+0000][1][safepoint    ] Leaving safepoint region
[2020-01-13T13:50:56.367+0000][1][safepoint    ] Total time for which application threads were stopped: 0.0001206 seconds, Stopping threads took: 0.0000312 seconds
[2020-01-13T13:50:56.369+0000][1][safepoint    ] Application time: 0.0011151 seconds
[2020-01-13T13:50:56.370+0000][1][safepoint    ] Entering safepoint region: RevokeBias
[2020-01-13T13:50:56.370+0000][1][safepoint    ] Leaving safepoint region
[2020-01-13T13:50:56.370+0000][1][safepoint    ] Total time for which application threads were stopped: 0.0017948 seconds, Stopping threads took: 0.0016750 seconds
[2020-01-13T13:50:57.371+0000][1][safepoint    ] Application time: 1.0007280 seconds
[2020-01-13T13:50:57.371+0000][1][safepoint    ] Entering safepoint region: Cleanup
[2020-01-13T13:50:57.371+0000][1][safepoint    ] Leaving safepoint region
[2020-01-13T13:50:57.371+0000][1][safepoint    ] Total time for which application threads were stopped: 0.0001181 seconds, Stopping threads took: 0.0000255 seconds
[2020-01-13T13:50:58.369+0000][1][safepoint    ] Application time: 0.9976479 seconds
[2020-01-13T13:50:58.370+0000][1][safepoint    ] Entering safepoint region: RevokeBias
[2020-01-13T13:50:58.370+0000][1][safepoint    ] Leaving safepoint region
[2020-01-13T13:50:58.370+0000][1][safepoint    ] Total time for which application threads were stopped: 0.0002616 seconds, Stopping threads took: 0.0001191 seconds
[2020-01-13T13:50:59.370+0000][1][safepoint    ] Application time: 1.0000978 seconds
[2020-01-13T13:50:59.370+0000][1][safepoint    ] Entering safepoint region: Cleanup
[2020-01-13T13:50:59.370+0000][1][safepoint    ] Leaving safepoint region
[2020-01-13T13:50:59.370+0000][1][safepoint    ] Total time for which application threads were stopped: 0.0001285 seconds, Stopping threads took: 0.0000195 seconds
[2020-01-13T13:51:00.369+0000][1][safepoint    ] Application time: 0.9990055 seconds
[2020-01-13T13:51:00.372+0000][1][safepoint    ] Entering safepoint region: RevokeBias
[2020-01-13T13:51:00.372+0000][1][safepoint    ] Leaving safepoint region
[2020-01-13T13:51:00.372+0000][1][safepoint    ] Total time for which application threads were stopped: 0.0021407 seconds, Stopping threads took: 0.0019922 seconds
[2020-01-13T13:51:01.373+0000][1][safepoint    ] Application time: 1.0008287 seconds
[2020-01-13T13:51:01.373+0000][1][safepoint    ] Entering safepoint region: Cleanup
[2020-01-13T13:51:01.373+0000][1][safepoint    ] Leaving safepoint region
[2020-01-13T13:51:01.373+0000][1][safepoint    ] Total time for which application threads were stopped: 0.0000969 seconds, Stopping threads took: 0.0000213 seconds
[2020-01-13T13:51:02.370+0000][1][safepoint    ] Application time: 0.9972390 seconds
[2020-01-13T13:51:02.370+0000][1][safepoint    ] Entering safepoint region: RevokeBias
[2020-01-13T13:51:02.370+0000][1][safepoint    ] Leaving safepoint region
[2020-01-13T13:51:02.370+0000][1][safepoint    ] Total time for which application threads were stopped: 0.0001406 seconds, Stopping threads took: 0.0000175 seconds
[2020-01-13T13:51:03.370+0000][1][safepoint    ] Application time: 1.0001624 seconds
[2020-01-13T13:51:03.371+0000][1][safepoint    ] Entering safepoint region: Cleanup
[2020-01-13T13:51:03.372+0000][1][safepoint    ] Leaving safepoint region
[2020-01-13T13:51:03.372+0000][1][safepoint    ] Total time for which application threads were stopped: 0.0001824 seconds, Stopping threads took: 0.0000745 seconds
[2020-01-13T13:51:04.371+0000][1][safepoint    ] Application time: 0.9990100 seconds
[2020-01-13T13:51:04.372+0000][1][safepoint    ] Entering safepoint region: RevokeBias
[2020-01-13T13:51:04.372+0000][1][safepoint    ] Leaving safepoint region
[2020-01-13T13:51:04.372+0000][1][safepoint    ] Total time for which application threads were stopped: 0.0012885 seconds, Stopping threads took: 0.0011389 seconds
[2020-01-13T13:51:05.372+0000][1][safepoint    ] Application time: 1.0001595 seconds
[2020-01-13T13:51:05.372+0000][1][safepoint    ] Entering safepoint region: Cleanup
[2020-01-13T13:51:05.372+0000][1][safepoint    ] Leaving safepoint region
[2020-01-13T13:51:05.372+0000][1][safepoint    ] Total time for which application threads were stopped: 0.0001322 seconds, Stopping threads took: 0.0000309 seconds
[2020-01-13T13:51:06.372+0000][1][safepoint    ] Application time: 1.0001511 seconds
[2020-01-13T13:51:06.373+0000][1][safepoint    ] Entering safepoint region: Cleanup
[2020-01-13T13:51:06.373+0000][1][safepoint    ] Leaving safepoint region
[2020-01-13T13:51:06.373+0000][1][safepoint    ] Total time for which application threads were stopped: 0.0001132 seconds, Stopping threads took: 0.0000292 seconds
[2020-01-13T13:51:06.376+0000][1][safepoint    ] Application time: 0.0037588 seconds
[2020-01-13T13:51:06.378+0000][1][safepoint    ] Entering safepoint region: RevokeBias
[2020-01-13T13:51:06.378+0000][1][safepoint    ] Leaving safepoint region
[2020-01-13T13:51:06.378+0000][1][safepoint    ] Total time for which application threads were stopped: 0.0018719 seconds, Stopping threads took: 0.0017530 seconds
[2020-01-13T13:51:07.379+0000][1][safepoint    ] Application time: 1.0009887 seconds
[2020-01-13T13:51:07.379+0000][1][safepoint    ] Entering safepoint region: Cleanup
[2020-01-13T13:51:07.380+0000][1][safepoint    ] Leaving safepoint region
[2020-01-13T13:51:07.380+0000][1][safepoint    ] Total time for which application threads were stopped: 0.0002462 seconds, Stopping threads took: 0.0001208 seconds
[2020-01-13T13:51:08.377+0000][1][safepoint    ] Application time: 0.9973481 seconds
[2020-01-13T13:51:08.378+0000][1][safepoint    ] Entering safepoint region: RevokeBias
[2020-01-13T13:51:08.378+0000][1][safepoint    ] Leaving safepoint region
[2020-01-13T13:51:08.378+0000][1][safepoint    ] Total time for which application threads were stopped: 0.0001968 seconds, Stopping threads took: 0.0000695 seconds
[2020-01-13T13:51:09.378+0000][1][safepoint    ] Application time: 1.0001070 seconds
[2020-01-13T13:51:09.378+0000][1][safepoint    ] Entering safepoint region: Cleanup
[2020-01-13T13:51:09.378+0000][1][safepoint    ] Leaving safepoint region
[2020-01-13T13:51:09.378+0000][1][safepoint    ] Total time for which application threads were stopped: 0.0001046 seconds, Stopping threads took: 0.0000207 seconds
[2020-01-13T13:51:10.377+0000][1][safepoint    ] Application time: 0.9987794 seconds
[2020-01-13T13:51:10.379+0000][1][safepoint    ] Entering safepoint region: RevokeBias
[2020-01-13T13:51:10.379+0000][1][safepoint    ] Leaving safepoint region
[2020-01-13T13:51:10.379+0000][1][safepoint    ] Total time for which application threads were stopped: 0.0021028 seconds, Stopping threads took: 0.0019710 seconds
[2020-01-13T13:51:11.380+0000][1][safepoint    ] Application time: 1.0008010 seconds
[2020-01-13T13:51:11.380+0000][1][safepoint    ] Entering safepoint region: Cleanup
[2020-01-13T13:51:11.380+0000][1][safepoint    ] Leaving safepoint region
[2020-01-13T13:51:11.380+0000][1][safepoint    ] Total time for which application threads were stopped: 0.0001042 seconds, Stopping threads took: 0.0000224 seconds
[2020-01-13T13:51:12.378+0000][1][safepoint    ] Application time: 0.9975741 seconds
[2020-01-13T13:51:12.379+0000][1][safepoint    ] Entering safepoint region: RevokeBias
[2020-01-13T13:51:12.379+0000][1][safepoint    ] Leaving safepoint region
[2020-01-13T13:51:12.379+0000][1][safepoint    ] Total time for which application threads were stopped: 0.0012922 seconds, Stopping threads took: 0.0011610 seconds
[2020-01-13T13:51:13.380+0000][1][safepoint    ] Application time: 1.0007458 seconds
[2020-01-13T13:51:13.380+0000][1][safepoint    ] Entering safepoint region: Cleanup
[2020-01-13T13:51:13.380+0000][1][safepoint    ] Leaving safepoint region
[2020-01-13T13:51:13.380+0000][1][safepoint    ] Total time for which application threads were stopped: 0.0000957 seconds, Stopping threads took: 0.0000183 seconds
[2020-01-13T13:51:14.379+0000][1][safepoint    ] Application time: 0.9987315 seconds
[2020-01-13T13:51:14.381+0000][1][safepoint    ] Entering safepoint region: RevokeBias
[2020-01-13T13:51:14.381+0000][1][safepoint    ] Leaving safepoint region
[2020-01-13T13:51:14.381+0000][1][safepoint    ] Total time for which application threads were stopped: 0.0021251 seconds, Stopping threads took: 0.0019878 seconds
[2020-01-13T13:51:15.382+0000][1][safepoint    ] Application time: 1.0007819 seconds
[2020-01-13T13:51:15.382+0000][1][safepoint    ] Entering safepoint region: Cleanup
[2020-01-13T13:51:15.382+0000][1][safepoint    ] Leaving safepoint region
[2020-01-13T13:51:15.382+0000][1][safepoint    ] Total time for which application threads were stopped: 0.0000939 seconds, Stopping threads took: 0.0000201 seconds
[2020-01-13T13:51:16.382+0000][1][safepoint    ] Application time: 0.9996786 seconds
[2020-01-13T13:51:16.384+0000][1][safepoint    ] Entering safepoint region: RevokeBias
[2020-01-13T13:51:16.384+0000][1][safepoint    ] Leaving safepoint region
[2020-01-13T13:51:16.384+0000][1][safepoint    ] Total time for which application threads were stopped: 0.0020758 seconds, Stopping threads took: 0.0019490 seconds
[2020-01-13T13:51:17.390+0000][1][safepoint    ] Application time: 1.0063993 seconds
[2020-01-13T13:51:17.390+0000][1][safepoint    ] Entering safepoint region: Cleanup
[2020-01-13T13:51:17.391+0000][1][safepoint    ] Leaving safepoint region
[2020-01-13T13:51:17.391+0000][1][safepoint    ] Total time for which application threads were stopped: 0.0002730 seconds, Stopping threads took: 0.0001488 seconds
[2020-01-13T13:51:18.382+0000][1][safepoint    ] Application time: 0.9909564 seconds
[2020-01-13T13:51:18.383+0000][1][safepoint    ] Entering safepoint region: RevokeBias
[2020-01-13T13:51:18.383+0000][1][safepoint    ] Leaving safepoint region
[2020-01-13T13:51:18.383+0000][1][safepoint    ] Total time for which application threads were stopped: 0.0001391 seconds, Stopping threads took: 0.0000244 seconds
[2020-01-13T13:51:19.383+0000][1][safepoint    ] Application time: 1.0000777 seconds
[2020-01-13T13:51:19.383+0000][1][safepoint    ] Entering safepoint region: Cleanup
[2020-01-13T13:51:19.383+0000][1][safepoint    ] Leaving safepoint region
[2020-01-13T13:51:19.383+0000][1][safepoint    ] Total time for which application threads were stopped: 0.0001231 seconds, Stopping threads took: 0.0000320 seconds
[2020-01-13T13:51:20.383+0000][1][safepoint    ] Application time: 1.0000719 seconds
[2020-01-13T13:51:20.383+0000][1][safepoint    ] Entering safepoint region: Cleanup
[2020-01-13T13:51:20.383+0000][1][safepoint    ] Leaving safepoint region
[2020-01-13T13:51:20.383+0000][1][safepoint    ] Total time for which application threads were stopped: 0.0001339 seconds, Stopping threads took: 0.0000180 seconds
[2020-01-13T13:51:20.384+0000][1][safepoint    ] Application time: 0.0004669 seconds
[2020-01-13T13:51:20.386+0000][1][safepoint    ] Entering safepoint region: RevokeBias
[2020-01-13T13:51:20.386+0000][1][safepoint    ] Leaving safepoint region
[2020-01-13T13:51:20.386+0000][1][safepoint    ] Total time for which application threads were stopped: 0.0019646 seconds, Stopping threads took: 0.0018722 seconds
[2020-01-13T13:51:21.386+0000][1][safepoint    ] Application time: 1.0000966 seconds
[2020-01-13T13:51:21.386+0000][1][safepoint    ] Entering safepoint region: Cleanup
[2020-01-13T13:51:21.386+0000][1][safepoint    ] Leaving safepoint region
[2020-01-13T13:51:21.386+0000][1][safepoint    ] Total time for which application threads were stopped: 0.0001069 seconds, Stopping threads took: 0.0000193 seconds
[2020-01-13T13:51:22.386+0000][1][safepoint    ] Application time: 0.9999438 seconds
[2020-01-13T13:51:22.387+0000][1][safepoint    ] Entering safepoint region: RevokeBias
[2020-01-13T13:51:22.388+0000][1][safepoint    ] Leaving safepoint region
[2020-01-13T13:51:22.388+0000][1][safepoint    ] Total time for which application threads were stopped: 0.0015502 seconds, Stopping threads took: 0.0014284 seconds
[2020-01-13T13:51:23.389+0000][1][safepoint    ] Application time: 1.0016959 seconds
[2020-01-13T13:51:23.389+0000][1][safepoint    ] Entering safepoint region: Cleanup
[2020-01-13T13:51:23.389+0000][1][safepoint    ] Leaving safepoint region
[2020-01-13T13:51:23.389+0000][1][safepoint    ] Total time for which application threads were stopped: 0.0001373 seconds, Stopping threads took: 0.0000459 seconds
[2020-01-13T13:51:24.390+0000][1][safepoint    ] Application time: 1.0006435 seconds
[2020-01-13T13:51:24.390+0000][1][safepoint    ] Entering safepoint region: Cleanup
[2020-01-13T13:51:24.390+0000][1][safepoint    ] Leaving safepoint region
[2020-01-13T13:51:24.390+0000][1][safepoint    ] Total time for which application threads were stopped: 0.0001289 seconds, Stopping threads took: 0.0000186 seconds
[2020-01-13T13:51:24.390+0000][1][safepoint    ] Application time: 0.0000740 seconds
[2020-01-13T13:51:24.391+0000][1][safepoint    ] Entering safepoint region: RevokeBias
[2020-01-13T13:51:24.391+0000][1][safepoint    ] Leaving safepoint region
[2020-01-13T13:51:24.391+0000][1][safepoint    ] Total time for which application threads were stopped: 0.0004227 seconds, Stopping threads took: 0.0003244 seconds
[2020-01-13T13:51:25.391+0000][1][safepoint    ] Application time: 1.0000966 seconds
[2020-01-13T13:51:25.391+0000][1][safepoint    ] Entering safepoint region: Cleanup
[2020-01-13T13:51:25.391+0000][1][safepoint    ] Leaving safepoint region
[2020-01-13T13:51:25.391+0000][1][safepoint    ] Total time for which application threads were stopped: 0.0001397 seconds, Stopping threads took: 0.0000303 seconds
[2020-01-13T13:51:26.391+0000][1][safepoint    ] Application time: 1.0001475 seconds
[2020-01-13T13:51:26.391+0000][1][safepoint    ] Entering safepoint region: Cleanup
[2020-01-13T13:51:26.391+0000][1][safepoint    ] Leaving safepoint region
[2020-01-13T13:51:26.391+0000][1][safepoint    ] Total time for which application threads were stopped: 0.0001334 seconds, Stopping threads took: 0.0000268 seconds
[2020-01-13T13:51:26.394+0000][1][safepoint    ] Application time: 0.0028993 seconds
[2020-01-13T13:51:26.395+0000][1][safepoint    ] Entering safepoint region: RevokeBias
[2020-01-13T13:51:26.395+0000][1][safepoint    ] Leaving safepoint region
[2020-01-13T13:51:26.395+0000][1][safepoint    ] Total time for which application threads were stopped: 0.0006399 seconds, Stopping threads took: 0.0005343 seconds
[2020-01-13T13:51:27.395+0000][1][safepoint    ] Application time: 1.0000798 seconds
[2020-01-13T13:51:27.395+0000][1][safepoint    ] Entering safepoint region: Cleanup
[2020-01-13T13:51:27.395+0000][1][safepoint    ] Leaving safepoint region
[2020-01-13T13:51:27.395+0000][1][safepoint    ] Total time for which application threads were stopped: 0.0001123 seconds, Stopping threads took: 0.0000193 seconds
[2020-01-13T13:51:28.393+0000][1][safepoint    ] Application time: 0.9976302 seconds
[2020-01-13T13:51:28.395+0000][1][safepoint    ] Entering safepoint region: RevokeBias
[2020-01-13T13:51:28.395+0000][1][safepoint    ] Leaving safepoint region
[2020-01-13T13:51:28.395+0000][1][safepoint    ] Total time for which application threads were stopped: 0.0001884 seconds, Stopping threads took: 0.0000649 seconds
[2020-01-13T13:51:29.395+0000][1][safepoint    ] Application time: 1.0000986 seconds
[2020-01-13T13:51:29.395+0000][1][safepoint    ] Entering safepoint region: Cleanup
[2020-01-13T13:51:29.395+0000][1][safepoint    ] Leaving safepoint region
[2020-01-13T13:51:29.395+0000][1][safepoint    ] Total time for which application threads were stopped: 0.0001034 seconds, Stopping threads took: 0.0000184 seconds
[2020-01-13T13:51:30.393+0000][1][safepoint    ] Application time: 0.9980642 seconds
[2020-01-13T13:51:30.395+0000][1][safepoint    ] Entering safepoint region: RevokeBias
[2020-01-13T13:51:30.395+0000][1][safepoint    ] Leaving safepoint region
[2020-01-13T13:51:30.395+0000][1][safepoint    ] Total time for which application threads were stopped: 0.0021110 seconds, Stopping threads took: 0.0019817 seconds
[2020-01-13T13:51:31.396+0000][1][safepoint    ] Application time: 1.0007890 seconds
[2020-01-13T13:51:31.396+0000][1][safepoint    ] Entering safepoint region: Cleanup
[2020-01-13T13:51:31.396+0000][1][safepoint    ] Leaving safepoint region
[2020-01-13T13:51:31.396+0000][1][safepoint    ] Total time for which application threads were stopped: 0.0001090 seconds, Stopping threads took: 0.0000214 seconds
[2020-01-13T13:51:32.396+0000][1][safepoint    ] Application time: 1.0000949 seconds
[2020-01-13T13:51:32.398+0000][1][safepoint    ] Entering safepoint region: Cleanup
[2020-01-13T13:51:32.398+0000][1][safepoint    ] Leaving safepoint region
[2020-01-13T13:51:32.398+0000][1][safepoint    ] Total time for which application threads were stopped: 0.0016889 seconds, Stopping threads took: 0.0015813 seconds
[2020-01-13T13:51:32.401+0000][1][safepoint    ] Application time: 0.0034966 seconds
[2020-01-13T13:51:32.402+0000][1][safepoint    ] Entering safepoint region: RevokeBias
[2020-01-13T13:51:32.402+0000][1][safepoint    ] Leaving safepoint region
[2020-01-13T13:51:32.402+0000][1][safepoint    ] Total time for which application threads were stopped: 0.0002701 seconds, Stopping threads took: 0.0001417 seconds
[2020-01-13T13:51:33.402+0000][1][safepoint    ] Application time: 1.0005341 seconds
[2020-01-13T13:51:33.402+0000][1][safepoint    ] Entering safepoint region: Cleanup
[2020-01-13T13:51:33.402+0000][1][safepoint    ] Leaving safepoint region
[2020-01-13T13:51:33.402+0000][1][safepoint    ] Total time for which application threads were stopped: 0.0001123 seconds, Stopping threads took: 0.0000289 seconds
[2020-01-13T13:51:34.395+0000][1][safepoint    ] Application time: 0.9926413 seconds
[2020-01-13T13:51:34.396+0000][1][safepoint    ] Entering safepoint region: RevokeBias
[2020-01-13T13:51:34.396+0000][1][safepoint    ] Leaving safepoint region
[2020-01-13T13:51:34.396+0000][1][safepoint    ] Total time for which application threads were stopped: 0.0005812 seconds, Stopping threads took: 0.0004200 seconds
[2020-01-13T13:51:35.396+0000][1][safepoint    ] Application time: 1.0001393 seconds
[2020-01-13T13:51:35.396+0000][1][safepoint    ] Entering safepoint region: Cleanup
[2020-01-13T13:51:35.396+0000][1][safepoint    ] Leaving safepoint region
[2020-01-13T13:51:35.396+0000][1][safepoint    ] Total time for which application threads were stopped: 0.0001252 seconds, Stopping threads took: 0.0000337 seconds
[2020-01-13T13:51:36.396+0000][1][safepoint    ] Application time: 1.0001582 seconds
[2020-01-13T13:51:36.396+0000][1][safepoint    ] Entering safepoint region: Cleanup
[2020-01-13T13:51:36.396+0000][1][safepoint    ] Leaving safepoint region
[2020-01-13T13:51:36.396+0000][1][safepoint    ] Total time for which application threads were stopped: 0.0001175 seconds, Stopping threads took: 0.0000288 seconds
[2020-01-13T13:51:36.401+0000][1][safepoint    ] Application time: 0.0049202 seconds
[2020-01-13T13:51:36.401+0000][1][safepoint    ] Entering safepoint region: RevokeBias
[2020-01-13T13:51:36.402+0000][1][safepoint    ] Leaving safepoint region
[2020-01-13T13:51:36.402+0000][1][safepoint    ] Total time for which application threads were stopped: 0.0002101 seconds, Stopping threads took: 0.0000148 seconds
[2020-01-13T13:51:37.402+0000][1][safepoint    ] Application time: 1.0002941 seconds
[2020-01-13T13:51:37.402+0000][1][safepoint    ] Entering safepoint region: Cleanup
[2020-01-13T13:51:37.402+0000][1][safepoint    ] Leaving safepoint region
[2020-01-13T13:51:37.402+0000][1][safepoint    ] Total time for which application threads were stopped: 0.0000928 seconds, Stopping threads took: 0.0000195 seconds
[2020-01-13T13:51:38.402+0000][1][safepoint    ] Application time: 0.9998079 seconds
[2020-01-13T13:51:38.402+0000][1][safepoint    ] Entering safepoint region: RevokeBias
[2020-01-13T13:51:38.402+0000][1][safepoint    ] Leaving safepoint region
[2020-01-13T13:51:38.402+0000][1][safepoint    ] Total time for which application threads were stopped: 0.0001383 seconds, Stopping threads took: 0.0000341 seconds
[2020-01-13T13:51:39.402+0000][1][safepoint    ] Application time: 1.0001550 seconds
[2020-01-13T13:51:39.402+0000][1][safepoint    ] Entering safepoint region: Cleanup
[2020-01-13T13:51:39.402+0000][1][safepoint    ] Leaving safepoint region
[2020-01-13T13:51:39.402+0000][1][safepoint    ] Total time for which application threads were stopped: 0.0001080 seconds, Stopping threads took: 0.0000267 seconds
[2020-01-13T13:51:40.403+0000][1][safepoint    ] Application time: 1.0000936 seconds
[2020-01-13T13:51:40.403+0000][1][safepoint    ] Entering safepoint region: Cleanup
[2020-01-13T13:51:40.403+0000][1][safepoint    ] Leaving safepoint region
[2020-01-13T13:51:40.403+0000][1][safepoint    ] Total time for which application threads were stopped: 0.0001046 seconds, Stopping threads took: 0.0000210 seconds
[2020-01-13T13:51:40.403+0000][1][safepoint    ] Application time: 0.0001562 seconds
[2020-01-13T13:51:40.405+0000][1][safepoint    ] Entering safepoint region: RevokeBias
[2020-01-13T13:51:40.405+0000][1][safepoint    ] Leaving safepoint region
[2020-01-13T13:51:40.405+0000][1][safepoint    ] Total time for which application threads were stopped: 0.0019937 seconds, Stopping threads took: 0.0019019 seconds
[2020-01-13T13:51:41.405+0000][1][safepoint    ] Application time: 1.0001049 seconds
[2020-01-13T13:51:41.405+0000][1][safepoint    ] Entering safepoint region: Cleanup
[2020-01-13T13:51:41.405+0000][1][safepoint    ] Leaving safepoint region
[2020-01-13T13:51:41.405+0000][1][safepoint    ] Total time for which application threads were stopped: 0.0000965 seconds, Stopping threads took: 0.0000219 seconds
[2020-01-13T13:51:42.403+0000][1][safepoint    ] Application time: 0.9979846 seconds
[2020-01-13T13:51:42.405+0000][1][safepoint    ] Entering safepoint region: RevokeBias
[2020-01-13T13:51:42.405+0000][1][safepoint    ] Leaving safepoint region
[2020-01-13T13:51:42.405+0000][1][safepoint    ] Total time for which application threads were stopped: 0.0019751 seconds, Stopping threads took: 0.0018335 seconds
[2020-01-13T13:51:43.406+0000][1][safepoint    ] Application time: 1.0007398 seconds
[2020-01-13T13:51:43.406+0000][1][safepoint    ] Entering safepoint region: Cleanup
[2020-01-13T13:51:43.406+0000][1][safepoint    ] Leaving safepoint region
[2020-01-13T13:51:43.406+0000][1][safepoint    ] Total time for which application threads were stopped: 0.0000934 seconds, Stopping threads took: 0.0000203 seconds
[2020-01-13T13:51:44.404+0000][1][safepoint    ] Application time: 0.9974339 seconds
[2020-01-13T13:51:44.405+0000][1][safepoint    ] Entering safepoint region: RevokeBias
[2020-01-13T13:51:44.405+0000][1][safepoint    ] Leaving safepoint region
[2020-01-13T13:51:44.405+0000][1][safepoint    ] Total time for which application threads were stopped: 0.0001326 seconds, Stopping threads took: 0.0000280 seconds
[2020-01-13T13:51:45.405+0000][1][safepoint    ] Application time: 1.0000851 seconds
[2020-01-13T13:51:45.405+0000][1][safepoint    ] Entering safepoint region: Cleanup
[2020-01-13T13:51:45.405+0000][1][safepoint    ] Leaving safepoint region
[2020-01-13T13:51:45.405+0000][1][safepoint    ] Total time for which application threads were stopped: 0.0001063 seconds, Stopping threads took: 0.0000258 seconds
[2020-01-13T13:51:46.405+0000][1][safepoint    ] Application time: 1.0000983 seconds
[2020-01-13T13:51:46.405+0000][1][safepoint    ] Entering safepoint region: Cleanup
[2020-01-13T13:51:46.405+0000][1][safepoint    ] Leaving safepoint region
[2020-01-13T13:51:46.405+0000][1][safepoint    ] Total time for which application threads were stopped: 0.0001258 seconds, Stopping threads took: 0.0000343 seconds
[2020-01-13T13:51:46.410+0000][1][safepoint    ] Application time: 0.0043239 seconds
[2020-01-13T13:51:46.412+0000][1][safepoint    ] Entering safepoint region: RevokeBias
[2020-01-13T13:51:46.412+0000][1][safepoint    ] Leaving safepoint region
[2020-01-13T13:51:46.412+0000][1][safepoint    ] Total time for which application threads were stopped: 0.0021409 seconds, Stopping threads took: 0.0020026 seconds
[2020-01-13T13:51:47.413+0000][1][safepoint    ] Application time: 1.0008097 seconds
[2020-01-13T13:51:47.413+0000][1][safepoint    ] Entering safepoint region: Cleanup
[2020-01-13T13:51:47.413+0000][1][safepoint    ] Leaving safepoint region
[2020-01-13T13:51:47.413+0000][1][safepoint    ] Total time for which application threads were stopped: 0.0001008 seconds, Stopping threads took: 0.0000175 seconds
[2020-01-13T13:51:48.407+0000][1][safepoint    ] Application time: 0.9943039 seconds
[2020-01-13T13:51:48.408+0000][1][safepoint    ] Entering safepoint region: RevokeBias
[2020-01-13T13:51:48.409+0000][1][safepoint    ] Leaving safepoint region
[2020-01-13T13:51:48.409+0000][1][safepoint    ] Total time for which application threads were stopped: 0.0012344 seconds, Stopping threads took: 0.0010905 seconds
[2020-01-13T13:51:49.409+0000][1][safepoint    ] Application time: 1.0007315 seconds
[2020-01-13T13:51:49.410+0000][1][safepoint    ] Entering safepoint region: Cleanup
[2020-01-13T13:51:49.411+0000][1][safepoint    ] Leaving safepoint region
[2020-01-13T13:51:49.411+0000][1][safepoint    ] Total time for which application threads were stopped: 0.0001568 seconds, Stopping threads took: 0.0000684 seconds
[2020-01-13T13:51:50.408+0000][1][safepoint    ] Application time: 0.9973942 seconds
[2020-01-13T13:51:50.410+0000][1][safepoint    ] Entering safepoint region: RevokeBias
[2020-01-13T13:51:50.410+0000][1][safepoint    ] Leaving safepoint region
[2020-01-13T13:51:50.410+0000][1][safepoint    ] Total time for which application threads were stopped: 0.0019622 seconds, Stopping threads took: 0.0018263 seconds
[2020-01-13T13:51:51.411+0000][1][safepoint    ] Application time: 1.0007435 seconds
[2020-01-13T13:51:51.411+0000][1][safepoint    ] Entering safepoint region: Cleanup
[2020-01-13T13:51:51.411+0000][1][safepoint    ] Leaving safepoint region
[2020-01-13T13:51:51.411+0000][1][safepoint    ] Total time for which application threads were stopped: 0.0001078 seconds, Stopping threads took: 0.0000194 seconds
[2020-01-13T13:51:52.409+0000][1][safepoint    ] Application time: 0.9978863 seconds
[2020-01-13T13:51:52.411+0000][1][safepoint    ] Entering safepoint region: RevokeBias
[2020-01-13T13:51:52.411+0000][1][safepoint    ] Leaving safepoint region
[2020-01-13T13:51:52.411+0000][1][safepoint    ] Total time for which application threads were stopped: 0.0019256 seconds, Stopping threads took: 0.0017992 seconds
[2020-01-13T13:51:53.411+0000][1][safepoint    ] Application time: 1.0007430 seconds
[2020-01-13T13:51:53.412+0000][1][safepoint    ] Entering safepoint region: Cleanup
[2020-01-13T13:51:53.412+0000][1][safepoint    ] Leaving safepoint region
[2020-01-13T13:51:53.412+0000][1][safepoint    ] Total time for which application threads were stopped: 0.0000935 seconds, Stopping threads took: 0.0000207 seconds
[2020-01-13T13:51:54.409+0000][1][safepoint    ] Application time: 0.9977524 seconds
[2020-01-13T13:51:54.411+0000][1][safepoint    ] Entering safepoint region: RevokeBias
[2020-01-13T13:51:54.411+0000][1][safepoint    ] Leaving safepoint region
[2020-01-13T13:51:54.411+0000][1][safepoint    ] Total time for which application threads were stopped: 0.0020493 seconds, Stopping threads took: 0.0019163 seconds
[2020-01-13T13:51:55.413+0000][1][safepoint    ] Application time: 1.0013854 seconds
[2020-01-13T13:51:55.413+0000][1][safepoint    ] Entering safepoint region: Cleanup
[2020-01-13T13:51:55.413+0000][1][safepoint    ] Leaving safepoint region
[2020-01-13T13:51:55.413+0000][1][safepoint    ] Total time for which application threads were stopped: 0.0001213 seconds, Stopping threads took: 0.0000323 seconds
[2020-01-13T13:51:56.412+0000][1][safepoint    ] Application time: 0.9986835 seconds
[2020-01-13T13:51:56.414+0000][1][safepoint    ] Entering safepoint region: RevokeBias
[2020-01-13T13:51:56.414+0000][1][safepoint    ] Leaving safepoint region
[2020-01-13T13:51:56.414+0000][1][safepoint    ] Total time for which application threads were stopped: 0.0021017 seconds, Stopping threads took: 0.0019719 seconds
[2020-01-13T13:51:57.415+0000][1][safepoint    ] Application time: 1.0008318 seconds
[2020-01-13T13:51:57.415+0000][1][safepoint    ] Entering safepoint region: Cleanup
[2020-01-13T13:51:57.415+0000][1][safepoint    ] Leaving safepoint region
[2020-01-13T13:51:57.415+0000][1][safepoint    ] Total time for which application threads were stopped: 0.0001031 seconds, Stopping threads took: 0.0000196 seconds
[2020-01-13T13:51:58.412+0000][1][safepoint    ] Application time: 0.9973227 seconds
[2020-01-13T13:51:58.414+0000][1][safepoint    ] Entering safepoint region: BulkRevokeBias
[2020-01-13T13:51:58.414+0000][1][safepoint    ] Leaving safepoint region
[2020-01-13T13:51:58.414+0000][1][safepoint    ] Total time for which application threads were stopped: 0.0003803 seconds, Stopping threads took: 0.0000656 seconds
[2020-01-13T13:51:59.414+0000][1][safepoint    ] Application time: 1.0000988 seconds
[2020-01-13T13:51:59.414+0000][1][safepoint    ] Entering safepoint region: Cleanup
[2020-01-13T13:51:59.414+0000][1][safepoint    ] Leaving safepoint region
[2020-01-13T13:51:59.414+0000][1][safepoint    ] Total time for which application threads were stopped: 0.0001108 seconds, Stopping threads took: 0.0000210 seconds
[2020-01-13T13:52:00.413+0000][1][safepoint    ] Application time: 0.9983687 seconds
[2020-01-13T13:52:00.415+0000][1][safepoint    ] Entering safepoint region: RevokeBias
[2020-01-13T13:52:00.415+0000][1][safepoint    ] Leaving safepoint region
[2020-01-13T13:52:00.415+0000][1][safepoint    ] Total time for which application threads were stopped: 0.0021381 seconds, Stopping threads took: 0.0020046 seconds
[2020-01-13T13:52:01.416+0000][1][safepoint    ] Application time: 1.0007560 seconds
[2020-01-13T13:52:01.416+0000][1][safepoint    ] Entering safepoint region: Cleanup
[2020-01-13T13:52:01.416+0000][1][safepoint    ] Leaving safepoint region
[2020-01-13T13:52:01.416+0000][1][safepoint    ] Total time for which application threads were stopped: 0.0000989 seconds, Stopping threads took: 0.0000204 seconds
[2020-01-13T13:52:02.413+0000][1][safepoint    ] Application time: 0.9968887 seconds
[2020-01-13T13:52:02.413+0000][1][safepoint    ] Entering safepoint region: RevokeBias
[2020-01-13T13:52:02.413+0000][1][safepoint    ] Leaving safepoint region
[2020-01-13T13:52:02.413+0000][1][safepoint    ] Total time for which application threads were stopped: 0.0001735 seconds, Stopping threads took: 0.0000200 seconds
[2020-01-13T13:52:03.413+0000][1][safepoint    ] Application time: 1.0001312 seconds
[2020-01-13T13:52:03.415+0000][1][safepoint    ] Entering safepoint region: Cleanup
[2020-01-13T13:52:03.415+0000][1][safepoint    ] Leaving safepoint region
[2020-01-13T13:52:03.415+0000][1][safepoint    ] Total time for which application threads were stopped: 0.0001726 seconds, Stopping threads took: 0.0000798 seconds
[2020-01-13T13:52:04.414+0000][1][safepoint    ] Application time: 0.9992316 seconds
[2020-01-13T13:52:04.415+0000][1][safepoint    ] Entering safepoint region: RevokeBias
[2020-01-13T13:52:04.415+0000][1][safepoint    ] Leaving safepoint region
[2020-01-13T13:52:04.415+0000][1][safepoint    ] Total time for which application threads were stopped: 0.0010559 seconds, Stopping threads took: 0.0009020 seconds
[2020-01-13T13:52:05.416+0000][1][safepoint    ] Application time: 1.0007639 seconds
[2020-01-13T13:52:05.416+0000][1][safepoint    ] Entering safepoint region: Cleanup
[2020-01-13T13:52:05.416+0000][1][safepoint    ] Leaving safepoint region
[2020-01-13T13:52:05.416+0000][1][safepoint    ] Total time for which application threads were stopped: 0.0001076 seconds, Stopping threads took: 0.0000249 seconds
[2020-01-13T13:52:06.416+0000][1][safepoint    ] Application time: 1.0001117 seconds
[2020-01-13T13:52:06.416+0000][1][safepoint    ] Entering safepoint region: Cleanup
[2020-01-13T13:52:06.416+0000][1][safepoint    ] Leaving safepoint region
[2020-01-13T13:52:06.416+0000][1][safepoint    ] Total time for which application threads were stopped: 0.0002437 seconds, Stopping threads took: 0.0000243 seconds
[2020-01-13T13:52:06.417+0000][1][safepoint    ] Application time: 0.0003986 seconds
[2020-01-13T13:52:06.418+0000][1][safepoint    ] Entering safepoint region: RevokeBias
[2020-01-13T13:52:06.418+0000][1][safepoint    ] Leaving safepoint region
[2020-01-13T13:52:06.418+0000][1][safepoint    ] Total time for which application threads were stopped: 0.0013931 seconds, Stopping threads took: 0.0012958 seconds
[2020-01-13T13:52:07.419+0000][1][safepoint    ] Application time: 1.0006862 seconds
[2020-01-13T13:52:07.419+0000][1][safepoint    ] Entering safepoint region: Cleanup
[2020-01-13T13:52:07.419+0000][1][safepoint    ] Leaving safepoint region
[2020-01-13T13:52:07.419+0000][1][safepoint    ] Total time for which application threads were stopped: 0.0000919 seconds, Stopping threads took: 0.0000187 seconds
[2020-01-13T13:52:08.417+0000][1][safepoint    ] Application time: 0.9984641 seconds
[2020-01-13T13:52:08.419+0000][1][safepoint    ] Entering safepoint region: RevokeBias
[2020-01-13T13:52:08.419+0000][1][safepoint    ] Leaving safepoint region
[2020-01-13T13:52:08.419+0000][1][safepoint    ] Total time for which application threads were stopped: 0.0001897 seconds, Stopping threads took: 0.0000613 seconds
[2020-01-13T13:52:09.419+0000][1][safepoint    ] Application time: 1.0000977 seconds
[2020-01-13T13:52:09.419+0000][1][safepoint    ] Entering safepoint region: Cleanup
[2020-01-13T13:52:09.419+0000][1][safepoint    ] Leaving safepoint region
[2020-01-13T13:52:09.419+0000][1][safepoint    ] Total time for which application threads were stopped: 0.0001051 seconds, Stopping threads took: 0.0000209 seconds
[2020-01-13T13:52:10.419+0000][1][safepoint    ] Application time: 1.0000063 seconds
[2020-01-13T13:52:10.421+0000][1][safepoint    ] Entering safepoint region: RevokeBias
[2020-01-13T13:52:10.421+0000][1][safepoint    ] Leaving safepoint region
[2020-01-13T13:52:10.421+0000][1][safepoint    ] Total time for which application threads were stopped: 0.0016309 seconds, Stopping threads took: 0.0014997 seconds
[2020-01-13T13:52:11.421+0000][1][safepoint    ] Application time: 1.0007082 seconds
[2020-01-13T13:52:11.422+0000][1][safepoint    ] Entering safepoint region: Cleanup
[2020-01-13T13:52:11.422+0000][1][safepoint    ] Leaving safepoint region
[2020-01-13T13:52:11.422+0000][1][safepoint    ] Total time for which application threads were stopped: 0.0001028 seconds, Stopping threads took: 0.0000186 seconds
[2020-01-13T13:52:12.419+0000][1][safepoint    ] Application time: 0.9970914 seconds
[2020-01-13T13:52:12.420+0000][1][safepoint    ] Entering safepoint region: RevokeBias
[2020-01-13T13:52:12.420+0000][1][safepoint    ] Leaving safepoint region
[2020-01-13T13:52:12.420+0000][1][safepoint    ] Total time for which application threads were stopped: 0.0012206 seconds, Stopping threads took: 0.0010885 seconds
[2020-01-13T13:52:13.421+0000][1][safepoint    ] Application time: 1.0007833 seconds
[2020-01-13T13:52:13.422+0000][1][safepoint    ] Entering safepoint region: Cleanup
[2020-01-13T13:52:13.422+0000][1][safepoint    ] Leaving safepoint region
[2020-01-13T13:52:13.422+0000][1][safepoint    ] Total time for which application threads were stopped: 0.0000962 seconds, Stopping threads took: 0.0000221 seconds
[2020-01-13T13:52:14.420+0000][1][safepoint    ] Application time: 0.9984545 seconds
[2020-01-13T13:52:14.421+0000][1][safepoint    ] Entering safepoint region: RevokeBias
[2020-01-13T13:52:14.421+0000][1][safepoint    ] Leaving safepoint region
[2020-01-13T13:52:14.421+0000][1][safepoint    ] Total time for which application threads were stopped: 0.0012590 seconds, Stopping threads took: 0.0011299 seconds
[2020-01-13T13:52:15.422+0000][1][safepoint    ] Application time: 1.0002157 seconds
[2020-01-13T13:52:15.422+0000][1][safepoint    ] Entering safepoint region: Cleanup
[2020-01-13T13:52:15.422+0000][1][safepoint    ] Leaving safepoint region
[2020-01-13T13:52:15.422+0000][1][safepoint    ] Total time for which application threads were stopped: 0.0001022 seconds, Stopping threads took: 0.0000257 seconds
[2020-01-13T13:52:16.422+0000][1][safepoint    ] Application time: 1.0001088 seconds
[2020-01-13T13:52:16.422+0000][1][safepoint    ] Entering safepoint region: Cleanup
[2020-01-13T13:52:16.422+0000][1][safepoint    ] Leaving safepoint region
[2020-01-13T13:52:16.422+0000][1][safepoint    ] Total time for which application threads were stopped: 0.0001066 seconds, Stopping threads took: 0.0000260 seconds
[2020-01-13T13:52:16.428+0000][1][safepoint    ] Application time: 0.0058309 seconds
[2020-01-13T13:52:16.429+0000][1][safepoint    ] Entering safepoint region: RevokeBias
[2020-01-13T13:52:16.429+0000][1][safepoint    ] Leaving safepoint region
[2020-01-13T13:52:16.429+0000][1][safepoint    ] Total time for which application threads were stopped: 0.0011703 seconds, Stopping threads took: 0.0010487 seconds
[2020-01-13T13:52:17.429+0000][1][safepoint    ] Application time: 1.0001207 seconds
[2020-01-13T13:52:17.429+0000][1][safepoint    ] Entering safepoint region: Cleanup
[2020-01-13T13:52:17.429+0000][1][safepoint    ] Leaving safepoint region
[2020-01-13T13:52:17.429+0000][1][safepoint    ] Total time for which application threads were stopped: 0.0001021 seconds, Stopping threads took: 0.0000187 seconds
[2020-01-13T13:52:18.428+0000][1][safepoint    ] Application time: 0.9990113 seconds
[2020-01-13T13:52:18.429+0000][1][safepoint    ] Entering safepoint region: RevokeBias
[2020-01-13T13:52:18.430+0000][1][safepoint    ] Leaving safepoint region
[2020-01-13T13:52:18.430+0000][1][safepoint    ] Total time for which application threads were stopped: 0.0001505 seconds, Stopping threads took: 0.0000297 seconds
[2020-01-13T13:52:19.430+0000][1][safepoint    ] Application time: 1.0000882 seconds
[2020-01-13T13:52:19.430+0000][1][safepoint    ] Entering safepoint region: Cleanup
[2020-01-13T13:52:19.430+0000][1][safepoint    ] Leaving safepoint region
[2020-01-13T13:52:19.430+0000][1][safepoint    ] Total time for which application threads were stopped: 0.0001060 seconds, Stopping threads took: 0.0000190 seconds
[2020-01-13T13:52:20.428+0000][1][safepoint    ] Application time: 0.9983993 seconds
[2020-01-13T13:52:20.429+0000][1][safepoint    ] Entering safepoint region: RevokeBias
[2020-01-13T13:52:20.430+0000][1][safepoint    ] Leaving safepoint region
[2020-01-13T13:52:20.430+0000][1][safepoint    ] Total time for which application threads were stopped: 0.0012583 seconds, Stopping threads took: 0.0011275 seconds
[2020-01-13T13:52:20.430+0000][1][safepoint    ] Application time: 0.0003149 seconds
[2020-01-13T13:52:20.430+0000][1][safepoint    ] Entering safepoint region: GenCollectForAllocation
[2020-01-13T13:52:20.430+0000][1][gc,start     ] GC(29) Pause Young (Allocation Failure)
[2020-01-13T13:52:20.430+0000][1][gc,task      ] GC(29) Using 1 workers of 1 for evacuation
[2020-01-13T13:52:20.440+0000][1][gc,age       ] GC(29) Desired survivor size 4358144 bytes, new threshold 6 (max threshold 6)
[2020-01-13T13:52:20.440+0000][1][gc,age       ] GC(29) Age table with threshold 6 (max threshold 6)
[2020-01-13T13:52:20.440+0000][1][gc,age       ] GC(29) - age   1:      12968 bytes,      12968 total
[2020-01-13T13:52:20.440+0000][1][gc,age       ] GC(29) - age   2:       7688 bytes,      20656 total
[2020-01-13T13:52:20.440+0000][1][gc,age       ] GC(29) - age   3:       5456 bytes,      26112 total
[2020-01-13T13:52:20.440+0000][1][gc,age       ] GC(29) - age   4:       9808 bytes,      35920 total
[2020-01-13T13:52:20.440+0000][1][gc,age       ] GC(29) - age   5:      27360 bytes,      63280 total
[2020-01-13T13:52:20.440+0000][1][gc,age       ] GC(29) - age   6:      74304 bytes,     137584 total
[2020-01-13T13:52:20.440+0000][1][gc,heap      ] GC(29) ParNew: 71620K->1169K(76672K)
[2020-01-13T13:52:20.440+0000][1][gc,heap      ] GC(29) CMS: 67883K->68995K(176960K)
[2020-01-13T13:52:20.440+0000][1][gc,metaspace ] GC(29) Metaspace: 72089K->72089K(1116160K)
[2020-01-13T13:52:20.440+0000][1][gc           ] GC(29) Pause Young (Allocation Failure) 136M->68M(247M) 10.041ms
[2020-01-13T13:52:20.440+0000][1][gc,cpu       ] GC(29) User=0.01s Sys=0.00s Real=0.01s
[2020-01-13T13:52:20.440+0000][1][safepoint    ] Leaving safepoint region
[2020-01-13T13:52:20.440+0000][1][safepoint    ] Total time for which application threads were stopped: 0.0101989 seconds, Stopping threads took: 0.0000104 seconds
[2020-01-13T13:52:21.441+0000][1][safepoint    ] Application time: 1.0006900 seconds
[2020-01-13T13:52:21.441+0000][1][safepoint    ] Entering safepoint region: Cleanup
[2020-01-13T13:52:21.441+0000][1][safepoint    ] Leaving safepoint region
[2020-01-13T13:52:21.441+0000][1][safepoint    ] Total time for which application threads were stopped: 0.0001052 seconds, Stopping threads took: 0.0000246 seconds
[2020-01-13T13:52:22.429+0000][1][safepoint    ] Application time: 0.9877917 seconds
[2020-01-13T13:52:22.429+0000][1][safepoint    ] Entering safepoint region: RevokeBias
[2020-01-13T13:52:22.429+0000][1][safepoint    ] Leaving safepoint region
[2020-01-13T13:52:22.429+0000][1][safepoint    ] Total time for which application threads were stopped: 0.0001208 seconds, Stopping threads took: 0.0000196 seconds
[2020-01-13T13:52:23.430+0000][1][safepoint    ] Application time: 1.0013689 seconds
[2020-01-13T13:52:23.430+0000][1][safepoint    ] Entering safepoint region: Cleanup
[2020-01-13T13:52:23.430+0000][1][safepoint    ] Leaving safepoint region
[2020-01-13T13:52:23.430+0000][1][safepoint    ] Total time for which application threads were stopped: 0.0000958 seconds, Stopping threads took: 0.0000188 seconds
[2020-01-13T13:52:24.431+0000][1][safepoint    ] Application time: 1.0000596 seconds
[2020-01-13T13:52:24.431+0000][1][safepoint    ] Entering safepoint region: RevokeBias
[2020-01-13T13:52:24.431+0000][1][safepoint    ] Leaving safepoint region
[2020-01-13T13:52:24.431+0000][1][safepoint    ] Total time for which application threads were stopped: 0.0002952 seconds, Stopping threads took: 0.0001592 seconds
[2020-01-13T13:52:25.431+0000][1][safepoint    ] Application time: 1.0000996 seconds
[2020-01-13T13:52:25.431+0000][1][safepoint    ] Entering safepoint region: Cleanup
[2020-01-13T13:52:25.431+0000][1][safepoint    ] Leaving safepoint region
[2020-01-13T13:52:25.431+0000][1][safepoint    ] Total time for which application threads were stopped: 0.0001119 seconds, Stopping threads took: 0.0000237 seconds
[2020-01-13T13:52:26.431+0000][1][safepoint    ] Application time: 1.0001072 seconds
[2020-01-13T13:52:26.431+0000][1][safepoint    ] Entering safepoint region: Cleanup
[2020-01-13T13:52:26.431+0000][1][safepoint    ] Leaving safepoint region
[2020-01-13T13:52:26.431+0000][1][safepoint    ] Total time for which application threads were stopped: 0.0001066 seconds, Stopping threads took: 0.0000277 seconds
[2020-01-13T13:52:26.436+0000][1][safepoint    ] Application time: 0.0046208 seconds
[2020-01-13T13:52:26.437+0000][1][safepoint    ] Entering safepoint region: RevokeBias
[2020-01-13T13:52:26.437+0000][1][safepoint    ] Leaving safepoint region
[2020-01-13T13:52:26.437+0000][1][safepoint    ] Total time for which application threads were stopped: 0.0011927 seconds, Stopping threads took: 0.0010825 seconds
[2020-01-13T13:52:27.438+0000][1][safepoint    ] Application time: 1.0006858 seconds
[2020-01-13T13:52:27.438+0000][1][safepoint    ] Entering safepoint region: Cleanup
[2020-01-13T13:52:27.438+0000][1][safepoint    ] Leaving safepoint region
[2020-01-13T13:52:27.438+0000][1][safepoint    ] Total time for which application threads were stopped: 0.0000942 seconds, Stopping threads took: 0.0000188 seconds
[2020-01-13T13:52:28.437+0000][1][safepoint    ] Application time: 0.9989168 seconds
[2020-01-13T13:52:28.438+0000][1][safepoint    ] Entering safepoint region: RevokeBias
[2020-01-13T13:52:28.439+0000][1][safepoint    ] Leaving safepoint region
[2020-01-13T13:52:28.439+0000][1][safepoint    ] Total time for which application threads were stopped: 0.0014366 seconds, Stopping threads took: 0.0013075 seconds
[2020-01-13T13:52:29.439+0000][1][safepoint    ] Application time: 1.0007116 seconds
[2020-01-13T13:52:29.439+0000][1][safepoint    ] Entering safepoint region: Cleanup
[2020-01-13T13:52:29.439+0000][1][safepoint    ] Leaving safepoint region
[2020-01-13T13:52:29.439+0000][1][safepoint    ] Total time for which application threads were stopped: 0.0001056 seconds, Stopping threads took: 0.0000252 seconds
[2020-01-13T13:52:30.437+0000][1][safepoint    ] Application time: 0.9980130 seconds
[2020-01-13T13:52:30.439+0000][1][safepoint    ] Entering safepoint region: RevokeBias
[2020-01-13T13:52:30.439+0000][1][safepoint    ] Leaving safepoint region
[2020-01-13T13:52:30.439+0000][1][safepoint    ] Total time for which application threads were stopped: 0.0014126 seconds, Stopping threads took: 0.0012725 seconds
[2020-01-13T13:52:31.440+0000][1][safepoint    ] Application time: 1.0007650 seconds
[2020-01-13T13:52:31.440+0000][1][safepoint    ] Entering safepoint region: Cleanup
[2020-01-13T13:52:31.440+0000][1][safepoint    ] Leaving safepoint region
[2020-01-13T13:52:31.440+0000][1][safepoint    ] Total time for which application threads were stopped: 0.0000925 seconds, Stopping threads took: 0.0000183 seconds
[2020-01-13T13:52:32.438+0000][1][safepoint    ] Application time: 0.9981385 seconds
[2020-01-13T13:52:32.439+0000][1][safepoint    ] Entering safepoint region: RevokeBias
[2020-01-13T13:52:32.439+0000][1][safepoint    ] Leaving safepoint region
[2020-01-13T13:52:32.439+0000][1][safepoint    ] Total time for which application threads were stopped: 0.0009312 seconds, Stopping threads took: 0.0008060 seconds
[2020-01-13T13:52:33.439+0000][1][safepoint    ] Application time: 1.0005656 seconds
[2020-01-13T13:52:33.441+0000][1][safepoint    ] Entering safepoint region: Cleanup
[2020-01-13T13:52:33.441+0000][1][safepoint    ] Leaving safepoint region
[2020-01-13T13:52:33.441+0000][1][safepoint    ] Total time for which application threads were stopped: 0.0001760 seconds, Stopping threads took: 0.0000675 seconds
[2020-01-13T13:52:34.439+0000][1][safepoint    ] Application time: 0.9975353 seconds
[2020-01-13T13:52:34.439+0000][1][safepoint    ] Entering safepoint region: RevokeBias
[2020-01-13T13:52:34.439+0000][1][safepoint    ] Leaving safepoint region
[2020-01-13T13:52:34.439+0000][1][safepoint    ] Total time for which application threads were stopped: 0.0002115 seconds, Stopping threads took: 0.0000644 seconds
[2020-01-13T13:52:35.439+0000][1][safepoint    ] Application time: 1.0000974 seconds
[2020-01-13T13:52:35.439+0000][1][safepoint    ] Entering safepoint region: Cleanup
[2020-01-13T13:52:35.439+0000][1][safepoint    ] Leaving safepoint region
[2020-01-13T13:52:35.439+0000][1][safepoint    ] Total time for which application threads were stopped: 0.0001051 seconds, Stopping threads took: 0.0000229 seconds
[2020-01-13T13:52:36.439+0000][1][safepoint    ] Application time: 1.0001105 seconds
[2020-01-13T13:52:36.439+0000][1][safepoint    ] Entering safepoint region: Cleanup
[2020-01-13T13:52:36.439+0000][1][safepoint    ] Leaving safepoint region
[2020-01-13T13:52:36.439+0000][1][safepoint    ] Total time for which application threads were stopped: 0.0001277 seconds, Stopping threads took: 0.0000416 seconds
[2020-01-13T13:52:36.445+0000][1][safepoint    ] Application time: 0.0059424 seconds
[2020-01-13T13:52:36.445+0000][1][safepoint    ] Entering safepoint region: RevokeBias
[2020-01-13T13:52:36.445+0000][1][safepoint    ] Leaving safepoint region
[2020-01-13T13:52:36.445+0000][1][safepoint    ] Total time for which application threads were stopped: 0.0000968 seconds, Stopping threads took: 0.0000139 seconds
[2020-01-13T13:52:37.446+0000][1][safepoint    ] Application time: 1.0000878 seconds
[2020-01-13T13:52:37.446+0000][1][safepoint    ] Entering safepoint region: Cleanup
[2020-01-13T13:52:37.446+0000][1][safepoint    ] Leaving safepoint region
[2020-01-13T13:52:37.446+0000][1][safepoint    ] Total time for which application threads were stopped: 0.0000968 seconds, Stopping threads took: 0.0000178 seconds
[2020-01-13T13:52:38.446+0000][1][safepoint    ] Application time: 1.0000888 seconds
[2020-01-13T13:52:38.447+0000][1][safepoint    ] Entering safepoint region: Cleanup
[2020-01-13T13:52:38.447+0000][1][safepoint    ] Leaving safepoint region
[2020-01-13T13:52:38.447+0000][1][safepoint    ] Total time for which application threads were stopped: 0.0001772 seconds, Stopping threads took: 0.0000777 seconds
[2020-01-13T13:52:38.447+0000][1][safepoint    ] Application time: 0.0000127 seconds
[2020-01-13T13:52:38.447+0000][1][safepoint    ] Entering safepoint region: RevokeBias
[2020-01-13T13:52:38.447+0000][1][safepoint    ] Leaving safepoint region
[2020-01-13T13:52:38.447+0000][1][safepoint    ] Total time for which application threads were stopped: 0.0000514 seconds, Stopping threads took: 0.0000059 seconds
[2020-01-13T13:52:39.448+0000][1][safepoint    ] Application time: 1.0000963 seconds
[2020-01-13T13:52:39.448+0000][1][safepoint    ] Entering safepoint region: Cleanup
[2020-01-13T13:52:39.448+0000][1][safepoint    ] Leaving safepoint region
[2020-01-13T13:52:39.448+0000][1][safepoint    ] Total time for which application threads were stopped: 0.0001003 seconds, Stopping threads took: 0.0000204 seconds
[2020-01-13T13:52:40.444+0000][1][safepoint    ] Application time: 0.9965438 seconds
[2020-01-13T13:52:40.446+0000][1][safepoint    ] Entering safepoint region: RevokeBias
[2020-01-13T13:52:40.446+0000][1][safepoint    ] Leaving safepoint region
[2020-01-13T13:52:40.446+0000][1][safepoint    ] Total time for which application threads were stopped: 0.0019940 seconds, Stopping threads took: 0.0018578 seconds
[2020-01-13T13:52:41.446+0000][1][safepoint    ] Application time: 1.0000959 seconds
[2020-01-13T13:52:41.447+0000][1][safepoint    ] Entering safepoint region: Cleanup
[2020-01-13T13:52:41.447+0000][1][safepoint    ] Leaving safepoint region
[2020-01-13T13:52:41.447+0000][1][safepoint    ] Total time for which application threads were stopped: 0.0001029 seconds, Stopping threads took: 0.0000222 seconds
[2020-01-13T13:52:42.444+0000][1][safepoint    ] Application time: 0.9976070 seconds
[2020-01-13T13:52:42.446+0000][1][safepoint    ] Entering safepoint region: RevokeBias
[2020-01-13T13:52:42.446+0000][1][safepoint    ] Leaving safepoint region
[2020-01-13T13:52:42.446+0000][1][safepoint    ] Total time for which application threads were stopped: 0.0016496 seconds, Stopping threads took: 0.0015125 seconds
[2020-01-13T13:52:43.447+0000][1][safepoint    ] Application time: 1.0008032 seconds
[2020-01-13T13:52:43.448+0000][1][safepoint    ] Entering safepoint region: Cleanup
[2020-01-13T13:52:43.448+0000][1][safepoint    ] Leaving safepoint region
[2020-01-13T13:52:43.448+0000][1][safepoint    ] Total time for which application threads were stopped: 0.0001757 seconds, Stopping threads took: 0.0000797 seconds
[2020-01-13T13:52:44.445+0000][1][safepoint    ] Application time: 0.9962367 seconds
[2020-01-13T13:52:44.446+0000][1][safepoint    ] Entering safepoint region: RevokeBias
[2020-01-13T13:52:44.446+0000][1][safepoint    ] Leaving safepoint region
[2020-01-13T13:52:44.446+0000][1][safepoint    ] Total time for which application threads were stopped: 0.0017024 seconds, Stopping threads took: 0.0015690 seconds
[2020-01-13T13:52:45.447+0000][1][safepoint    ] Application time: 1.0007080 seconds
[2020-01-13T13:52:45.447+0000][1][safepoint    ] Entering safepoint region: Cleanup
[2020-01-13T13:52:45.447+0000][1][safepoint    ] Leaving safepoint region
[2020-01-13T13:52:45.447+0000][1][safepoint    ] Total time for which application threads were stopped: 0.0001288 seconds, Stopping threads took: 0.0000267 seconds
[2020-01-13T13:52:46.447+0000][1][safepoint    ] Application time: 1.0001017 seconds
[2020-01-13T13:52:46.447+0000][1][safepoint    ] Entering safepoint region: Cleanup
[2020-01-13T13:52:46.448+0000][1][safepoint    ] Leaving safepoint region
[2020-01-13T13:52:46.448+0000][1][safepoint    ] Total time for which application threads were stopped: 0.0001122 seconds, Stopping threads took: 0.0000312 seconds
[2020-01-13T13:52:46.450+0000][1][safepoint    ] Application time: 0.0022745 seconds
[2020-01-13T13:52:46.451+0000][1][safepoint    ] Entering safepoint region: RevokeBias
[2020-01-13T13:52:46.451+0000][1][safepoint    ] Leaving safepoint region
[2020-01-13T13:52:46.451+0000][1][safepoint    ] Total time for which application threads were stopped: 0.0013249 seconds, Stopping threads took: 0.0012205 seconds
[2020-01-13T13:52:47.452+0000][1][safepoint    ] Application time: 1.0006498 seconds
[2020-01-13T13:52:47.452+0000][1][safepoint    ] Entering safepoint region: Cleanup
[2020-01-13T13:52:47.452+0000][1][safepoint    ] Leaving safepoint region
[2020-01-13T13:52:47.452+0000][1][safepoint    ] Total time for which application threads were stopped: 0.0001140 seconds, Stopping threads took: 0.0000189 seconds
[2020-01-13T13:52:48.450+0000][1][safepoint    ] Application time: 0.9983275 seconds
[2020-01-13T13:52:48.451+0000][1][safepoint    ] Entering safepoint region: RevokeBias
[2020-01-13T13:52:48.451+0000][1][safepoint    ] Leaving safepoint region
[2020-01-13T13:52:48.451+0000][1][safepoint    ] Total time for which application threads were stopped: 0.0005776 seconds, Stopping threads took: 0.0004258 seconds
[2020-01-13T13:52:49.451+0000][1][safepoint    ] Application time: 1.0001102 seconds
[2020-01-13T13:52:49.451+0000][1][safepoint    ] Entering safepoint region: Cleanup
[2020-01-13T13:52:49.451+0000][1][safepoint    ] Leaving safepoint region
[2020-01-13T13:52:49.451+0000][1][safepoint    ] Total time for which application threads were stopped: 0.0002448 seconds, Stopping threads took: 0.0001600 seconds
[2020-01-13T13:52:50.451+0000][1][safepoint    ] Application time: 1.0000371 seconds
[2020-01-13T13:52:50.453+0000][1][safepoint    ] Entering safepoint region: RevokeBias
[2020-01-13T13:52:50.453+0000][1][safepoint    ] Leaving safepoint region
[2020-01-13T13:52:50.453+0000][1][safepoint    ] Total time for which application threads were stopped: 0.0015639 seconds, Stopping threads took: 0.0014317 seconds
[2020-01-13T13:52:51.454+0000][1][safepoint    ] Application time: 1.0007022 seconds
[2020-01-13T13:52:51.455+0000][1][safepoint    ] Entering safepoint region: Cleanup
[2020-01-13T13:52:51.455+0000][1][safepoint    ] Leaving safepoint region
[2020-01-13T13:52:51.455+0000][1][safepoint    ] Total time for which application threads were stopped: 0.0001744 seconds, Stopping threads took: 0.0000657 seconds
[2020-01-13T13:52:52.452+0000][1][safepoint    ] Application time: 0.9963558 seconds
[2020-01-13T13:52:52.453+0000][1][safepoint    ] Entering safepoint region: RevokeBias
[2020-01-13T13:52:52.453+0000][1][safepoint    ] Leaving safepoint region
[2020-01-13T13:52:52.453+0000][1][safepoint    ] Total time for which application threads were stopped: 0.0013713 seconds, Stopping threads took: 0.0012296 seconds
[2020-01-13T13:52:53.454+0000][1][safepoint    ] Application time: 1.0007438 seconds
[2020-01-13T13:52:53.454+0000][1][safepoint    ] Entering safepoint region: Cleanup
[2020-01-13T13:52:53.454+0000][1][safepoint    ] Leaving safepoint region
[2020-01-13T13:52:53.454+0000][1][safepoint    ] Total time for which application threads were stopped: 0.0001044 seconds, Stopping threads took: 0.0000234 seconds
[2020-01-13T13:52:54.453+0000][1][safepoint    ] Application time: 0.9987885 seconds
[2020-01-13T13:52:54.454+0000][1][safepoint    ] Entering safepoint region: RevokeBias
[2020-01-13T13:52:54.454+0000][1][safepoint    ] Leaving safepoint region
[2020-01-13T13:52:54.454+0000][1][safepoint    ] Total time for which application threads were stopped: 0.0012663 seconds, Stopping threads took: 0.0011354 seconds
[2020-01-13T13:52:55.456+0000][1][safepoint    ] Application time: 1.0021212 seconds
[2020-01-13T13:52:55.456+0000][1][safepoint    ] Entering safepoint region: Cleanup
[2020-01-13T13:52:55.456+0000][1][safepoint    ] Leaving safepoint region
[2020-01-13T13:52:55.456+0000][1][safepoint    ] Total time for which application threads were stopped: 0.0000921 seconds, Stopping threads took: 0.0000182 seconds
[2020-01-13T13:52:56.454+0000][1][safepoint    ] Application time: 0.9976604 seconds
[2020-01-13T13:52:56.455+0000][1][safepoint    ] Entering safepoint region: RevokeBias
[2020-01-13T13:52:56.456+0000][1][safepoint    ] Leaving safepoint region
[2020-01-13T13:52:56.456+0000][1][safepoint    ] Total time for which application threads were stopped: 0.0013811 seconds, Stopping threads took: 0.0012573 seconds
[2020-01-13T13:52:57.456+0000][1][safepoint    ] Application time: 1.0006815 seconds
[2020-01-13T13:52:57.456+0000][1][safepoint    ] Entering safepoint region: Cleanup
[2020-01-13T13:52:57.456+0000][1][safepoint    ] Leaving safepoint region
[2020-01-13T13:52:57.456+0000][1][safepoint    ] Total time for which application threads were stopped: 0.0000956 seconds, Stopping threads took: 0.0000220 seconds
[2020-01-13T13:52:58.456+0000][1][safepoint    ] Application time: 0.9998868 seconds
[2020-01-13T13:52:58.457+0000][1][safepoint    ] Entering safepoint region: RevokeBias
[2020-01-13T13:52:58.458+0000][1][safepoint    ] Leaving safepoint region
[2020-01-13T13:52:58.458+0000][1][safepoint    ] Total time for which application threads were stopped: 0.0001967 seconds, Stopping threads took: 0.0000701 seconds
[2020-01-13T13:52:59.458+0000][1][safepoint    ] Application time: 1.0000869 seconds
[2020-01-13T13:52:59.458+0000][1][safepoint    ] Entering safepoint region: Cleanup
[2020-01-13T13:52:59.458+0000][1][safepoint    ] Leaving safepoint region
[2020-01-13T13:52:59.458+0000][1][safepoint    ] Total time for which application threads were stopped: 0.0001428 seconds, Stopping threads took: 0.0000436 seconds
[2020-01-13T13:53:00.457+0000][1][safepoint    ] Application time: 0.9989413 seconds
[2020-01-13T13:53:00.457+0000][1][safepoint    ] Entering safepoint region: RevokeBias
[2020-01-13T13:53:00.457+0000][1][safepoint    ] Leaving safepoint region
[2020-01-13T13:53:00.457+0000][1][safepoint    ] Total time for which application threads were stopped: 0.0004210 seconds, Stopping threads took: 0.0002601 seconds
[2020-01-13T13:53:01.457+0000][1][safepoint    ] Application time: 1.0001182 seconds
[2020-01-13T13:53:01.458+0000][1][safepoint    ] Entering safepoint region: Cleanup
[2020-01-13T13:53:01.458+0000][1][safepoint    ] Leaving safepoint region
[2020-01-13T13:53:01.458+0000][1][safepoint    ] Total time for which application threads were stopped: 0.0002123 seconds, Stopping threads took: 0.0000303 seconds
[2020-01-13T13:53:02.458+0000][1][safepoint    ] Application time: 1.0001396 seconds
[2020-01-13T13:53:02.458+0000][1][safepoint    ] Entering safepoint region: Cleanup
[2020-01-13T13:53:02.458+0000][1][safepoint    ] Leaving safepoint region
[2020-01-13T13:53:02.458+0000][1][safepoint    ] Total time for which application threads were stopped: 0.0001616 seconds, Stopping threads took: 0.0000275 seconds
[2020-01-13T13:53:02.459+0000][1][safepoint    ] Application time: 0.0004288 seconds
[2020-01-13T13:53:02.459+0000][1][safepoint    ] Entering safepoint region: BulkRevokeBias
[2020-01-13T13:53:02.459+0000][1][safepoint    ] Leaving safepoint region
[2020-01-13T13:53:02.459+0000][1][safepoint    ] Total time for which application threads were stopped: 0.0002784 seconds, Stopping threads took: 0.0000127 seconds
[2020-01-13T13:53:03.459+0000][1][safepoint    ] Application time: 1.0001833 seconds
[2020-01-13T13:53:03.460+0000][1][safepoint    ] Entering safepoint region: Cleanup
[2020-01-13T13:53:03.460+0000][1][safepoint    ] Leaving safepoint region
[2020-01-13T13:53:03.460+0000][1][safepoint    ] Total time for which application threads were stopped: 0.0001733 seconds, Stopping threads took: 0.0000872 seconds
[2020-01-13T13:53:04.460+0000][1][safepoint    ] Application time: 1.0001467 seconds
[2020-01-13T13:53:04.460+0000][1][safepoint    ] Entering safepoint region: Cleanup
[2020-01-13T13:53:04.460+0000][1][safepoint    ] Leaving safepoint region
[2020-01-13T13:53:04.460+0000][1][safepoint    ] Total time for which application threads were stopped: 0.0001142 seconds, Stopping threads took: 0.0000285 seconds
[2020-01-13T13:53:04.461+0000][1][safepoint    ] Application time: 0.0005192 seconds
[2020-01-13T13:53:04.461+0000][1][safepoint    ] Entering safepoint region: RevokeBias
[2020-01-13T13:53:04.462+0000][1][safepoint    ] Leaving safepoint region
[2020-01-13T13:53:04.462+0000][1][safepoint    ] Total time for which application threads were stopped: 0.0006169 seconds, Stopping threads took: 0.0005060 seconds
[2020-01-13T13:53:05.462+0000][1][safepoint    ] Application time: 1.0001436 seconds
[2020-01-13T13:53:05.462+0000][1][safepoint    ] Entering safepoint region: Cleanup
[2020-01-13T13:53:05.462+0000][1][safepoint    ] Leaving safepoint region
[2020-01-13T13:53:05.462+0000][1][safepoint    ] Total time for which application threads were stopped: 0.0001135 seconds, Stopping threads took: 0.0000282 seconds
[2020-01-13T13:53:06.462+0000][1][safepoint    ] Application time: 1.0001454 seconds
[2020-01-13T13:53:06.462+0000][1][safepoint    ] Entering safepoint region: Cleanup
[2020-01-13T13:53:06.462+0000][1][safepoint    ] Leaving safepoint region
[2020-01-13T13:53:06.462+0000][1][safepoint    ] Total time for which application threads were stopped: 0.0001297 seconds, Stopping threads took: 0.0000277 seconds
[2020-01-13T13:53:06.465+0000][1][safepoint    ] Application time: 0.0029073 seconds
[2020-01-13T13:53:06.466+0000][1][safepoint    ] Entering safepoint region: RevokeBias
[2020-01-13T13:53:06.467+0000][1][safepoint    ] Leaving safepoint region
[2020-01-13T13:53:06.467+0000][1][safepoint    ] Total time for which application threads were stopped: 0.0013676 seconds, Stopping threads took: 0.0012407 seconds
[2020-01-13T13:53:07.467+0000][1][safepoint    ] Application time: 1.0001150 seconds
[2020-01-13T13:53:07.467+0000][1][safepoint    ] Entering safepoint region: Cleanup
[2020-01-13T13:53:07.467+0000][1][safepoint    ] Leaving safepoint region
[2020-01-13T13:53:07.467+0000][1][safepoint    ] Total time for which application threads were stopped: 0.0001161 seconds, Stopping threads took: 0.0000385 seconds
[2020-01-13T13:53:08.467+0000][1][safepoint    ] Application time: 1.0001065 seconds
[2020-01-13T13:53:08.471+0000][1][safepoint    ] Entering safepoint region: Cleanup
[2020-01-13T13:53:08.471+0000][1][safepoint    ] Leaving safepoint region
[2020-01-13T13:53:08.471+0000][1][safepoint    ] Total time for which application threads were stopped: 0.0001593 seconds, Stopping threads took: 0.0000364 seconds
[2020-01-13T13:53:08.471+0000][1][safepoint    ] Application time: 0.0000092 seconds
[2020-01-13T13:53:08.471+0000][1][safepoint    ] Entering safepoint region: RevokeBias
[2020-01-13T13:53:08.471+0000][1][safepoint    ] Leaving safepoint region
[2020-01-13T13:53:08.471+0000][1][safepoint    ] Total time for which application threads were stopped: 0.0000535 seconds, Stopping threads took: 0.0000054 seconds
[2020-01-13T13:53:09.471+0000][1][safepoint    ] Application time: 1.0001228 seconds
[2020-01-13T13:53:09.471+0000][1][safepoint    ] Entering safepoint region: Cleanup
[2020-01-13T13:53:09.471+0000][1][safepoint    ] Leaving safepoint region
[2020-01-13T13:53:09.471+0000][1][safepoint    ] Total time for which application threads were stopped: 0.0001013 seconds, Stopping threads took: 0.0000218 seconds
[2020-01-13T13:53:10.466+0000][1][safepoint    ] Application time: 0.9949478 seconds
[2020-01-13T13:53:10.467+0000][1][safepoint    ] Entering safepoint region: RevokeBias
[2020-01-13T13:53:10.468+0000][1][safepoint    ] Leaving safepoint region
[2020-01-13T13:53:10.468+0000][1][safepoint    ] Total time for which application threads were stopped: 0.0010187 seconds, Stopping threads took: 0.0008846 seconds
[2020-01-13T13:53:11.468+0000][1][safepoint    ] Application time: 1.0001410 seconds
[2020-01-13T13:53:11.468+0000][1][safepoint    ] Entering safepoint region: Cleanup
[2020-01-13T13:53:11.468+0000][1][safepoint    ] Leaving safepoint region
[2020-01-13T13:53:11.468+0000][1][safepoint    ] Total time for which application threads were stopped: 0.0001015 seconds, Stopping threads took: 0.0000218 seconds
[2020-01-13T13:53:12.466+0000][1][safepoint    ] Application time: 0.9985916 seconds
[2020-01-13T13:53:12.467+0000][1][safepoint    ] Entering safepoint region: RevokeBias
[2020-01-13T13:53:12.467+0000][1][safepoint    ] Leaving safepoint region
[2020-01-13T13:53:12.467+0000][1][safepoint    ] Total time for which application threads were stopped: 0.0008723 seconds, Stopping threads took: 0.0007262 seconds
[2020-01-13T13:53:13.467+0000][1][safepoint    ] Application time: 1.0000883 seconds
[2020-01-13T13:53:13.468+0000][1][safepoint    ] Entering safepoint region: Cleanup
[2020-01-13T13:53:13.468+0000][1][safepoint    ] Leaving safepoint region
[2020-01-13T13:53:13.468+0000][1][safepoint    ] Total time for which application threads were stopped: 0.0000971 seconds, Stopping threads took: 0.0000198 seconds
[2020-01-13T13:53:14.468+0000][1][safepoint    ] Application time: 1.0000854 seconds
[2020-01-13T13:53:14.468+0000][1][safepoint    ] Entering safepoint region: Cleanup
[2020-01-13T13:53:14.468+0000][1][safepoint    ] Leaving safepoint region
[2020-01-13T13:53:14.468+0000][1][safepoint    ] Total time for which application threads were stopped: 0.0001228 seconds, Stopping threads took: 0.0000403 seconds
[2020-01-13T13:53:14.468+0000][1][safepoint    ] Application time: 0.0003179 seconds
[2020-01-13T13:53:14.468+0000][1][safepoint    ] Entering safepoint region: RevokeBias
[2020-01-13T13:53:14.468+0000][1][safepoint    ] Leaving safepoint region
[2020-01-13T13:53:14.468+0000][1][safepoint    ] Total time for which application threads were stopped: 0.0002732 seconds, Stopping threads took: 0.0001686 seconds
[2020-01-13T13:53:15.469+0000][1][safepoint    ] Application time: 1.0001462 seconds
[2020-01-13T13:53:15.469+0000][1][safepoint    ] Entering safepoint region: Cleanup
[2020-01-13T13:53:15.469+0000][1][safepoint    ] Leaving safepoint region
[2020-01-13T13:53:15.469+0000][1][safepoint    ] Total time for which application threads were stopped: 0.0001281 seconds, Stopping threads took: 0.0000438 seconds
[2020-01-13T13:53:16.469+0000][1][safepoint    ] Application time: 1.0001414 seconds
[2020-01-13T13:53:16.469+0000][1][safepoint    ] Entering safepoint region: Cleanup
[2020-01-13T13:53:16.469+0000][1][safepoint    ] Leaving safepoint region
[2020-01-13T13:53:16.469+0000][1][safepoint    ] Total time for which application threads were stopped: 0.0001130 seconds, Stopping threads took: 0.0000279 seconds
[2020-01-13T13:53:16.474+0000][1][safepoint    ] Application time: 0.0048414 seconds
[2020-01-13T13:53:16.474+0000][1][safepoint    ] Entering safepoint region: RevokeBias
[2020-01-13T13:53:16.474+0000][1][safepoint    ] Leaving safepoint region
[2020-01-13T13:53:16.474+0000][1][safepoint    ] Total time for which application threads were stopped: 0.0001063 seconds, Stopping threads took: 0.0000168 seconds
[2020-01-13T13:53:17.477+0000][1][safepoint    ] Application time: 1.0031333 seconds
[2020-01-13T13:53:17.477+0000][1][safepoint    ] Entering safepoint region: Cleanup
[2020-01-13T13:53:17.477+0000][1][safepoint    ] Leaving safepoint region
[2020-01-13T13:53:17.477+0000][1][safepoint    ] Total time for which application threads were stopped: 0.0001084 seconds, Stopping threads took: 0.0000203 seconds
[2020-01-13T13:53:18.478+0000][1][safepoint    ] Application time: 1.0001545 seconds
[2020-01-13T13:53:18.478+0000][1][safepoint    ] Entering safepoint region: Cleanup
[2020-01-13T13:53:18.478+0000][1][safepoint    ] Leaving safepoint region
[2020-01-13T13:53:18.478+0000][1][safepoint    ] Total time for which application threads were stopped: 0.0001192 seconds, Stopping threads took: 0.0000310 seconds
[2020-01-13T13:53:18.481+0000][1][safepoint    ] Application time: 0.0027793 seconds
[2020-01-13T13:53:18.481+0000][1][safepoint    ] Entering safepoint region: RevokeBias
[2020-01-13T13:53:18.481+0000][1][safepoint    ] Leaving safepoint region
[2020-01-13T13:53:18.481+0000][1][safepoint    ] Total time for which application threads were stopped: 0.0002101 seconds, Stopping threads took: 0.0000828 seconds
[2020-01-13T13:53:19.481+0000][1][safepoint    ] Application time: 1.0001030 seconds
[2020-01-13T13:53:19.482+0000][1][safepoint    ] Entering safepoint region: Cleanup
[2020-01-13T13:53:19.482+0000][1][safepoint    ] Leaving safepoint region
[2020-01-13T13:53:19.482+0000][1][safepoint    ] Total time for which application threads were stopped: 0.0001692 seconds, Stopping threads took: 0.0000648 seconds
[2020-01-13T13:53:20.474+0000][1][safepoint    ] Application time: 0.9919819 seconds
[2020-01-13T13:53:20.474+0000][1][safepoint    ] Entering safepoint region: RevokeBias
[2020-01-13T13:53:20.474+0000][1][safepoint    ] Leaving safepoint region
[2020-01-13T13:53:20.474+0000][1][safepoint    ] Total time for which application threads were stopped: 0.0001449 seconds, Stopping threads took: 0.0000199 seconds
[2020-01-13T13:53:21.475+0000][1][safepoint    ] Application time: 1.0008650 seconds
[2020-01-13T13:53:21.475+0000][1][safepoint    ] Entering safepoint region: Cleanup
[2020-01-13T13:53:21.475+0000][1][safepoint    ] Leaving safepoint region
[2020-01-13T13:53:21.475+0000][1][safepoint    ] Total time for which application threads were stopped: 0.0001055 seconds, Stopping threads took: 0.0000217 seconds
[2020-01-13T13:53:22.475+0000][1][safepoint    ] Application time: 0.9996398 seconds
[2020-01-13T13:53:22.476+0000][1][safepoint    ] Entering safepoint region: RevokeBias
[2020-01-13T13:53:22.476+0000][1][safepoint    ] Leaving safepoint region
[2020-01-13T13:53:22.476+0000][1][safepoint    ] Total time for which application threads were stopped: 0.0011474 seconds, Stopping threads took: 0.0010039 seconds
[2020-01-13T13:53:23.476+0000][1][safepoint    ] Application time: 1.0000927 seconds
[2020-01-13T13:53:23.477+0000][1][safepoint    ] Entering safepoint region: Cleanup
[2020-01-13T13:53:23.477+0000][1][safepoint    ] Leaving safepoint region
[2020-01-13T13:53:23.477+0000][1][safepoint    ] Total time for which application threads were stopped: 0.0006060 seconds, Stopping threads took: 0.0005262 seconds
[2020-01-13T13:53:24.476+0000][1][safepoint    ] Application time: 0.9984486 seconds
[2020-01-13T13:53:24.477+0000][1][safepoint    ] Entering safepoint region: RevokeBias
[2020-01-13T13:53:24.477+0000][1][safepoint    ] Leaving safepoint region
[2020-01-13T13:53:24.477+0000][1][safepoint    ] Total time for which application threads were stopped: 0.0015389 seconds, Stopping threads took: 0.0014114 seconds
[2020-01-13T13:53:25.478+0000][1][safepoint    ] Application time: 1.0007797 seconds
[2020-01-13T13:53:25.478+0000][1][safepoint    ] Entering safepoint region: Cleanup
[2020-01-13T13:53:25.478+0000][1][safepoint    ] Leaving safepoint region
[2020-01-13T13:53:25.478+0000][1][safepoint    ] Total time for which application threads were stopped: 0.0001773 seconds, Stopping threads took: 0.0000283 seconds
[2020-01-13T13:53:26.478+0000][1][safepoint    ] Application time: 1.0001560 seconds
[2020-01-13T13:53:26.478+0000][1][safepoint    ] Entering safepoint region: Cleanup
[2020-01-13T13:53:26.478+0000][1][safepoint    ] Leaving safepoint region
[2020-01-13T13:53:26.478+0000][1][safepoint    ] Total time for which application threads were stopped: 0.0001253 seconds, Stopping threads took: 0.0000275 seconds
[2020-01-13T13:53:26.480+0000][1][safepoint    ] Application time: 0.0013509 seconds
[2020-01-13T13:53:26.480+0000][1][safepoint    ] Entering safepoint region: RevokeBias
[2020-01-13T13:53:26.480+0000][1][safepoint    ] Leaving safepoint region
[2020-01-13T13:53:26.480+0000][1][safepoint    ] Total time for which application threads were stopped: 0.0004256 seconds, Stopping threads took: 0.0003033 seconds
[2020-01-13T13:53:27.480+0000][1][safepoint    ] Application time: 1.0000910 seconds
[2020-01-13T13:53:27.480+0000][1][safepoint    ] Entering safepoint region: Cleanup
[2020-01-13T13:53:27.481+0000][1][safepoint    ] Leaving safepoint region
[2020-01-13T13:53:27.481+0000][1][safepoint    ] Total time for which application threads were stopped: 0.0001151 seconds, Stopping threads took: 0.0000404 seconds
[2020-01-13T13:53:28.480+0000][1][safepoint    ] Application time: 0.9997265 seconds
[2020-01-13T13:53:28.481+0000][1][safepoint    ] Entering safepoint region: RevokeBias
[2020-01-13T13:53:28.482+0000][1][safepoint    ] Leaving safepoint region
[2020-01-13T13:53:28.482+0000][1][safepoint    ] Total time for which application threads were stopped: 0.0002156 seconds, Stopping threads took: 0.0000644 seconds
[2020-01-13T13:53:29.482+0000][1][safepoint    ] Application time: 1.0001029 seconds
[2020-01-13T13:53:29.482+0000][1][safepoint    ] Entering safepoint region: Cleanup
[2020-01-13T13:53:29.482+0000][1][safepoint    ] Leaving safepoint region
[2020-01-13T13:53:29.482+0000][1][safepoint    ] Total time for which application threads were stopped: 0.0001144 seconds, Stopping threads took: 0.0000201 seconds
[2020-01-13T13:53:30.480+0000][1][safepoint    ] Application time: 0.9982253 seconds
[2020-01-13T13:53:30.482+0000][1][safepoint    ] Entering safepoint region: RevokeBias
[2020-01-13T13:53:30.482+0000][1][safepoint    ] Leaving safepoint region
[2020-01-13T13:53:30.482+0000][1][safepoint    ] Total time for which application threads were stopped: 0.0021438 seconds, Stopping threads took: 0.0019914 seconds
[2020-01-13T13:53:31.484+0000][1][safepoint    ] Application time: 1.0021228 seconds
[2020-01-13T13:53:31.484+0000][1][safepoint    ] Entering safepoint region: Cleanup
[2020-01-13T13:53:31.485+0000][1][safepoint    ] Leaving safepoint region
[2020-01-13T13:53:31.485+0000][1][safepoint    ] Total time for which application threads were stopped: 0.0000956 seconds, Stopping threads took: 0.0000188 seconds
[2020-01-13T13:53:32.481+0000][1][safepoint    ] Application time: 0.9959786 seconds
[2020-01-13T13:53:32.481+0000][1][safepoint    ] Entering safepoint region: RevokeBias
[2020-01-13T13:53:32.481+0000][1][safepoint    ] Leaving safepoint region
[2020-01-13T13:53:32.481+0000][1][safepoint    ] Total time for which application threads were stopped: 0.0001545 seconds, Stopping threads took: 0.0000327 seconds
[2020-01-13T13:53:33.482+0000][1][safepoint    ] Application time: 1.0009632 seconds
[2020-01-13T13:53:33.483+0000][1][safepoint    ] Entering safepoint region: Cleanup
[2020-01-13T13:53:33.483+0000][1][safepoint    ] Leaving safepoint region
[2020-01-13T13:53:33.483+0000][1][safepoint    ] Total time for which application threads were stopped: 0.0001563 seconds, Stopping threads took: 0.0000652 seconds
[2020-01-13T13:53:34.481+0000][1][safepoint    ] Application time: 0.9979019 seconds
[2020-01-13T13:53:34.481+0000][1][safepoint    ] Entering safepoint region: RevokeBias
[2020-01-13T13:53:34.481+0000][1][safepoint    ] Leaving safepoint region
[2020-01-13T13:53:34.481+0000][1][safepoint    ] Total time for which application threads were stopped: 0.0001369 seconds, Stopping threads took: 0.0000307 seconds
[2020-01-13T13:53:35.481+0000][1][safepoint    ] Application time: 1.0001041 seconds
[2020-01-13T13:53:35.481+0000][1][safepoint    ] Entering safepoint region: Cleanup
[2020-01-13T13:53:35.481+0000][1][safepoint    ] Leaving safepoint region
[2020-01-13T13:53:35.481+0000][1][safepoint    ] Total time for which application threads were stopped: 0.0001196 seconds, Stopping threads took: 0.0000419 seconds
[2020-01-13T13:53:36.482+0000][1][safepoint    ] Application time: 1.0000852 seconds
[2020-01-13T13:53:36.482+0000][1][safepoint    ] Entering safepoint region: Cleanup
[2020-01-13T13:53:36.482+0000][1][safepoint    ] Leaving safepoint region
[2020-01-13T13:53:36.482+0000][1][safepoint    ] Total time for which application threads were stopped: 0.0001161 seconds, Stopping threads took: 0.0000271 seconds
[2020-01-13T13:53:36.492+0000][1][safepoint    ] Application time: 0.0097936 seconds
[2020-01-13T13:53:36.493+0000][1][safepoint    ] Entering safepoint region: RevokeBias
[2020-01-13T13:53:36.494+0000][1][safepoint    ] Leaving safepoint region
[2020-01-13T13:53:36.494+0000][1][safepoint    ] Total time for which application threads were stopped: 0.0019602 seconds, Stopping threads took: 0.0018517 seconds
[2020-01-13T13:53:37.494+0000][1][safepoint    ] Application time: 1.0000997 seconds
[2020-01-13T13:53:37.494+0000][1][safepoint    ] Entering safepoint region: Cleanup
[2020-01-13T13:53:37.494+0000][1][safepoint    ] Leaving safepoint region
[2020-01-13T13:53:37.494+0000][1][safepoint    ] Total time for which application threads were stopped: 0.0000997 seconds, Stopping threads took: 0.0000199 seconds
[2020-01-13T13:53:38.491+0000][1][safepoint    ] Application time: 0.9976377 seconds
[2020-01-13T13:53:38.492+0000][1][safepoint    ] Entering safepoint region: RevokeBias
[2020-01-13T13:53:38.493+0000][1][safepoint    ] Leaving safepoint region
[2020-01-13T13:53:38.493+0000][1][safepoint    ] Total time for which application threads were stopped: 0.0001888 seconds, Stopping threads took: 0.0000642 seconds
[2020-01-13T13:53:39.493+0000][1][safepoint    ] Application time: 1.0000937 seconds
[2020-01-13T13:53:39.493+0000][1][safepoint    ] Entering safepoint region: Cleanup
[2020-01-13T13:53:39.493+0000][1][safepoint    ] Leaving safepoint region
[2020-01-13T13:53:39.493+0000][1][safepoint    ] Total time for which application threads were stopped: 0.0001218 seconds, Stopping threads took: 0.0000374 seconds
[2020-01-13T13:53:40.492+0000][1][safepoint    ] Application time: 0.9989136 seconds
[2020-01-13T13:53:40.494+0000][1][safepoint    ] Entering safepoint region: RevokeBias
[2020-01-13T13:53:40.494+0000][1][safepoint    ] Leaving safepoint region
[2020-01-13T13:53:40.494+0000][1][safepoint    ] Total time for which application threads were stopped: 0.0021225 seconds, Stopping threads took: 0.0019815 seconds
[2020-01-13T13:53:41.495+0000][1][safepoint    ] Application time: 1.0006886 seconds
[2020-01-13T13:53:41.495+0000][1][safepoint    ] Entering safepoint region: Cleanup
[2020-01-13T13:53:41.496+0000][1][safepoint    ] Leaving safepoint region
[2020-01-13T13:53:41.496+0000][1][safepoint    ] Total time for which application threads were stopped: 0.0008583 seconds, Stopping threads took: 0.0007672 seconds
[2020-01-13T13:53:42.492+0000][1][safepoint    ] Application time: 0.9964011 seconds
[2020-01-13T13:53:42.493+0000][1][safepoint    ] Entering safepoint region: RevokeBias
[2020-01-13T13:53:42.493+0000][1][safepoint    ] Leaving safepoint region
[2020-01-13T13:53:42.493+0000][1][safepoint    ] Total time for which application threads were stopped: 0.0013616 seconds, Stopping threads took: 0.0012186 seconds
[2020-01-13T13:53:43.496+0000][1][safepoint    ] Application time: 1.0022401 seconds
[2020-01-13T13:53:43.497+0000][1][safepoint    ] Entering safepoint region: Cleanup
[2020-01-13T13:53:43.497+0000][1][safepoint    ] Leaving safepoint region
[2020-01-13T13:53:43.497+0000][1][safepoint    ] Total time for which application threads were stopped: 0.0001712 seconds, Stopping threads took: 0.0000700 seconds
[2020-01-13T13:53:44.495+0000][1][safepoint    ] Application time: 0.9979984 seconds
[2020-01-13T13:53:44.497+0000][1][safepoint    ] Entering safepoint region: RevokeBias
[2020-01-13T13:53:44.497+0000][1][safepoint    ] Leaving safepoint region
[2020-01-13T13:53:44.497+0000][1][safepoint    ] Total time for which application threads were stopped: 0.0019771 seconds, Stopping threads took: 0.0018421 seconds
[2020-01-13T13:53:45.498+0000][1][safepoint    ] Application time: 1.0007316 seconds
[2020-01-13T13:53:45.498+0000][1][safepoint    ] Entering safepoint region: Cleanup
[2020-01-13T13:53:45.498+0000][1][safepoint    ] Leaving safepoint region
[2020-01-13T13:53:45.498+0000][1][safepoint    ] Total time for which application threads were stopped: 0.0000999 seconds, Stopping threads took: 0.0000210 seconds
[2020-01-13T13:53:46.494+0000][1][safepoint    ] Application time: 0.9965748 seconds
[2020-01-13T13:53:46.496+0000][1][safepoint    ] Entering safepoint region: RevokeBias
[2020-01-13T13:53:46.496+0000][1][safepoint    ] Leaving safepoint region
[2020-01-13T13:53:46.496+0000][1][safepoint    ] Total time for which application threads were stopped: 0.0019477 seconds, Stopping threads took: 0.0018030 seconds
[2020-01-13T13:53:47.497+0000][1][safepoint    ] Application time: 1.0006931 seconds
[2020-01-13T13:53:47.497+0000][1][safepoint    ] Entering safepoint region: Cleanup
[2020-01-13T13:53:47.497+0000][1][safepoint    ] Leaving safepoint region
[2020-01-13T13:53:47.497+0000][1][safepoint    ] Total time for which application threads were stopped: 0.0001342 seconds, Stopping threads took: 0.0000212 seconds
[2020-01-13T13:53:48.496+0000][1][safepoint    ] Application time: 0.9983261 seconds
[2020-01-13T13:53:48.497+0000][1][safepoint    ] Entering safepoint region: RevokeBias
[2020-01-13T13:53:48.497+0000][1][safepoint    ] Leaving safepoint region
[2020-01-13T13:53:48.497+0000][1][safepoint    ] Total time for which application threads were stopped: 0.0001881 seconds, Stopping threads took: 0.0000645 seconds
[2020-01-13T13:53:49.497+0000][1][safepoint    ] Application time: 1.0001028 seconds
[2020-01-13T13:53:49.497+0000][1][safepoint    ] Entering safepoint region: Cleanup
[2020-01-13T13:53:49.497+0000][1][safepoint    ] Leaving safepoint region
[2020-01-13T13:53:49.497+0000][1][safepoint    ] Total time for which application threads were stopped: 0.0001127 seconds, Stopping threads took: 0.0000224 seconds
[2020-01-13T13:53:50.496+0000][1][safepoint    ] Application time: 0.9986000 seconds
[2020-01-13T13:53:50.497+0000][1][safepoint    ] Entering safepoint region: RevokeBias
[2020-01-13T13:53:50.497+0000][1][safepoint    ] Leaving safepoint region
[2020-01-13T13:53:50.497+0000][1][safepoint    ] Total time for which application threads were stopped: 0.0015324 seconds, Stopping threads took: 0.0013802 seconds
[2020-01-13T13:53:51.497+0000][1][safepoint    ] Application time: 1.0001099 seconds
[2020-01-13T13:53:51.497+0000][1][safepoint    ] Entering safepoint region: Cleanup
[2020-01-13T13:53:51.498+0000][1][safepoint    ] Leaving safepoint region
[2020-01-13T13:53:51.498+0000][1][safepoint    ] Total time for which application threads were stopped: 0.0001175 seconds, Stopping threads took: 0.0000212 seconds
[2020-01-13T13:53:52.498+0000][1][safepoint    ] Application time: 1.0001333 seconds
[2020-01-13T13:53:52.498+0000][1][safepoint    ] Entering safepoint region: Cleanup
[2020-01-13T13:53:52.498+0000][1][safepoint    ] Leaving safepoint region
[2020-01-13T13:53:52.498+0000][1][safepoint    ] Total time for which application threads were stopped: 0.0001902 seconds, Stopping threads took: 0.0000332 seconds
[2020-01-13T13:53:52.498+0000][1][safepoint    ] Application time: 0.0004165 seconds
[2020-01-13T13:53:52.500+0000][1][safepoint    ] Entering safepoint region: RevokeBias
[2020-01-13T13:53:52.500+0000][1][safepoint    ] Leaving safepoint region
[2020-01-13T13:53:52.500+0000][1][safepoint    ] Total time for which application threads were stopped: 0.0015320 seconds, Stopping threads took: 0.0014244 seconds
[2020-01-13T13:53:53.500+0000][1][safepoint    ] Application time: 1.0000942 seconds
[2020-01-13T13:53:53.500+0000][1][safepoint    ] Entering safepoint region: Cleanup
[2020-01-13T13:53:53.500+0000][1][safepoint    ] Leaving safepoint region
[2020-01-13T13:53:53.500+0000][1][safepoint    ] Total time for which application threads were stopped: 0.0001616 seconds, Stopping threads took: 0.0000417 seconds
[2020-01-13T13:53:54.496+0000][1][safepoint    ] Application time: 0.9958348 seconds
[2020-01-13T13:53:54.498+0000][1][safepoint    ] Entering safepoint region: RevokeBias
[2020-01-13T13:53:54.498+0000][1][safepoint    ] Leaving safepoint region
[2020-01-13T13:53:54.498+0000][1][safepoint    ] Total time for which application threads were stopped: 0.0021144 seconds, Stopping threads took: 0.0019764 seconds
[2020-01-13T13:53:55.499+0000][1][safepoint    ] Application time: 1.0006697 seconds
[2020-01-13T13:53:55.499+0000][1][safepoint    ] Entering safepoint region: Cleanup
[2020-01-13T13:53:55.499+0000][1][safepoint    ] Leaving safepoint region
[2020-01-13T13:53:55.499+0000][1][safepoint    ] Total time for which application threads were stopped: 0.0001114 seconds, Stopping threads took: 0.0000293 seconds
[2020-01-13T13:53:55.824+0000][1][safepoint    ] Application time: 0.3248045 seconds
[2020-01-13T13:53:55.824+0000][1][safepoint    ] Entering safepoint region: GenCollectForAllocation
[2020-01-13T13:53:55.824+0000][1][gc,start     ] GC(30) Pause Young (Allocation Failure)
[2020-01-13T13:53:55.824+0000][1][gc,task      ] GC(30) Using 1 workers of 1 for evacuation
[2020-01-13T13:53:55.829+0000][1][gc,age       ] GC(30) Desired survivor size 4358144 bytes, new threshold 6 (max threshold 6)
[2020-01-13T13:53:55.829+0000][1][gc,age       ] GC(30) Age table with threshold 6 (max threshold 6)
[2020-01-13T13:53:55.829+0000][1][gc,age       ] GC(30) - age   1:       9288 bytes,       9288 total
[2020-01-13T13:53:55.829+0000][1][gc,age       ] GC(30) - age   2:       5000 bytes,      14288 total
[2020-01-13T13:53:55.829+0000][1][gc,age       ] GC(30) - age   3:       7688 bytes,      21976 total
[2020-01-13T13:53:55.829+0000][1][gc,age       ] GC(30) - age   4:       5456 bytes,      27432 total
[2020-01-13T13:53:55.829+0000][1][gc,age       ] GC(30) - age   5:       9808 bytes,      37240 total
[2020-01-13T13:53:55.829+0000][1][gc,age       ] GC(30) - age   6:      27360 bytes,      64600 total
[2020-01-13T13:53:55.829+0000][1][gc,heap      ] GC(30) ParNew: 69329K->317K(76672K)
[2020-01-13T13:53:55.829+0000][1][gc,heap      ] GC(30) CMS: 68995K->69068K(176960K)
[2020-01-13T13:53:55.829+0000][1][gc,metaspace ] GC(30) Metaspace: 72122K->72122K(1116160K)
[2020-01-13T13:53:55.829+0000][1][gc           ] GC(30) Pause Young (Allocation Failure) 135M->67M(247M) 4.762ms
[2020-01-13T13:53:55.829+0000][1][gc,cpu       ] GC(30) User=0.01s Sys=0.00s Real=0.01s
[2020-01-13T13:53:55.829+0000][1][safepoint    ] Leaving safepoint region
[2020-01-13T13:53:55.829+0000][1][safepoint    ] Total time for which application threads were stopped: 0.0049789 seconds, Stopping threads took: 0.0000319 seconds
[2020-01-13T13:53:56.503+0000][1][safepoint    ] Application time: 0.6740564 seconds
[2020-01-13T13:53:56.503+0000][1][safepoint    ] Entering safepoint region: RevokeBias
[2020-01-13T13:53:56.503+0000][1][safepoint    ] Leaving safepoint region
[2020-01-13T13:53:56.503+0000][1][safepoint    ] Total time for which application threads were stopped: 0.0001368 seconds, Stopping threads took: 0.0000179 seconds
[2020-01-13T13:53:57.504+0000][1][safepoint    ] Application time: 1.0007804 seconds
[2020-01-13T13:53:57.504+0000][1][safepoint    ] Entering safepoint region: Cleanup
[2020-01-13T13:53:57.504+0000][1][safepoint    ] Leaving safepoint region
[2020-01-13T13:53:57.504+0000][1][safepoint    ] Total time for which application threads were stopped: 0.0001192 seconds, Stopping threads took: 0.0000196 seconds
[2020-01-13T13:53:58.504+0000][1][safepoint    ] Application time: 1.0000910 seconds
[2020-01-13T13:53:58.505+0000][1][safepoint    ] Entering safepoint region: RevokeBias
[2020-01-13T13:53:58.505+0000][1][safepoint    ] Leaving safepoint region
[2020-01-13T13:53:58.505+0000][1][safepoint    ] Total time for which application threads were stopped: 0.0001536 seconds, Stopping threads took: 0.0000316 seconds
[2020-01-13T13:53:59.506+0000][1][safepoint    ] Application time: 1.0006986 seconds
[2020-01-13T13:53:59.506+0000][1][safepoint    ] Entering safepoint region: Cleanup
[2020-01-13T13:53:59.506+0000][1][safepoint    ] Leaving safepoint region
[2020-01-13T13:53:59.506+0000][1][safepoint    ] Total time for which application threads were stopped: 0.0001014 seconds, Stopping threads took: 0.0000189 seconds
[2020-01-13T13:54:00.505+0000][1][safepoint    ] Application time: 0.9983089 seconds
[2020-01-13T13:54:00.505+0000][1][safepoint    ] Entering safepoint region: RevokeBias
[2020-01-13T13:54:00.505+0000][1][safepoint    ] Leaving safepoint region
[2020-01-13T13:54:00.505+0000][1][safepoint    ] Total time for which application threads were stopped: 0.0001220 seconds, Stopping threads took: 0.0000208 seconds
[2020-01-13T13:54:01.506+0000][1][safepoint    ] Application time: 1.0011716 seconds
[2020-01-13T13:54:01.506+0000][1][safepoint    ] Entering safepoint region: Cleanup
[2020-01-13T13:54:01.506+0000][1][safepoint    ] Leaving safepoint region
[2020-01-13T13:54:01.506+0000][1][safepoint    ] Total time for which application threads were stopped: 0.0001069 seconds, Stopping threads took: 0.0000185 seconds
[2020-01-13T13:54:02.506+0000][1][safepoint    ] Application time: 1.0000980 seconds
[2020-01-13T13:54:02.506+0000][1][safepoint    ] Entering safepoint region: Cleanup
[2020-01-13T13:54:02.506+0000][1][safepoint    ] Leaving safepoint region
[2020-01-13T13:54:02.506+0000][1][safepoint    ] Total time for which application threads were stopped: 0.0001140 seconds, Stopping threads took: 0.0000294 seconds
[2020-01-13T13:54:03.506+0000][1][safepoint    ] Application time: 1.0000850 seconds
[2020-01-13T13:54:03.507+0000][1][safepoint    ] Entering safepoint region: Cleanup
[2020-01-13T13:54:03.508+0000][1][safepoint    ] Leaving safepoint region
[2020-01-13T13:54:03.508+0000][1][safepoint    ] Total time for which application threads were stopped: 0.0001678 seconds, Stopping threads took: 0.0000685 seconds
[2020-01-13T13:54:04.508+0000][1][safepoint    ] Application time: 1.0001389 seconds
[2020-01-13T13:54:04.508+0000][1][safepoint    ] Entering safepoint region: Cleanup
[2020-01-13T13:54:04.508+0000][1][safepoint    ] Leaving safepoint region
[2020-01-13T13:54:04.508+0000][1][safepoint    ] Total time for which application threads were stopped: 0.0001211 seconds, Stopping threads took: 0.0000321 seconds
[2020-01-13T13:54:05.508+0000][1][safepoint    ] Application time: 1.0000877 seconds
[2020-01-13T13:54:05.508+0000][1][safepoint    ] Entering safepoint region: Cleanup
[2020-01-13T13:54:05.508+0000][1][safepoint    ] Leaving safepoint region
[2020-01-13T13:54:05.508+0000][1][safepoint    ] Total time for which application threads were stopped: 0.0000988 seconds, Stopping threads took: 0.0000249 seconds
[2020-01-13T13:54:06.508+0000][1][safepoint    ] Application time: 1.0000989 seconds
[2020-01-13T13:54:06.508+0000][1][safepoint    ] Entering safepoint region: Cleanup
[2020-01-13T13:54:06.509+0000][1][safepoint    ] Leaving safepoint region
[2020-01-13T13:54:06.509+0000][1][safepoint    ] Total time for which application threads were stopped: 0.0001142 seconds, Stopping threads took: 0.0000323 seconds
[2020-01-13T13:54:07.509+0000][1][safepoint    ] Application time: 1.0001089 seconds
[2020-01-13T13:54:07.509+0000][1][safepoint    ] Entering safepoint region: Cleanup
[2020-01-13T13:54:07.509+0000][1][safepoint    ] Leaving safepoint region
[2020-01-13T13:54:07.509+0000][1][safepoint    ] Total time for which application threads were stopped: 0.0001079 seconds, Stopping threads took: 0.0000260 seconds
[2020-01-13T13:54:08.509+0000][1][safepoint    ] Application time: 1.0001300 seconds
[2020-01-13T13:54:08.510+0000][1][safepoint    ] Entering safepoint region: Cleanup
[2020-01-13T13:54:08.510+0000][1][safepoint    ] Leaving safepoint region
[2020-01-13T13:54:08.510+0000][1][safepoint    ] Total time for which application threads were stopped: 0.0001861 seconds, Stopping threads took: 0.0000692 seconds
[2020-01-13T13:54:09.510+0000][1][safepoint    ] Application time: 1.0001345 seconds
[2020-01-13T13:54:09.510+0000][1][safepoint    ] Entering safepoint region: Cleanup
[2020-01-13T13:54:09.510+0000][1][safepoint    ] Leaving safepoint region
[2020-01-13T13:54:09.510+0000][1][safepoint    ] Total time for which application threads were stopped: 0.0001288 seconds, Stopping threads took: 0.0000428 seconds
[2020-01-13T13:54:10.511+0000][1][safepoint    ] Application time: 1.0001086 seconds
[2020-01-13T13:54:10.511+0000][1][safepoint    ] Entering safepoint region: Cleanup
[2020-01-13T13:54:10.511+0000][1][safepoint    ] Leaving safepoint region
[2020-01-13T13:54:10.511+0000][1][safepoint    ] Total time for which application threads were stopped: 0.0001071 seconds, Stopping threads took: 0.0000291 seconds
[2020-01-13T13:54:11.511+0000][1][safepoint    ] Application time: 1.0001265 seconds
[2020-01-13T13:54:11.511+0000][1][safepoint    ] Entering safepoint region: Cleanup
[2020-01-13T13:54:11.511+0000][1][safepoint    ] Leaving safepoint region
[2020-01-13T13:54:11.511+0000][1][safepoint    ] Total time for which application threads were stopped: 0.0001171 seconds, Stopping threads took: 0.0000275 seconds
[2020-01-13T13:54:12.511+0000][1][safepoint    ] Application time: 1.0001217 seconds
[2020-01-13T13:54:12.511+0000][1][safepoint    ] Entering safepoint region: Cleanup
[2020-01-13T13:54:12.511+0000][1][safepoint    ] Leaving safepoint region
[2020-01-13T13:54:12.511+0000][1][safepoint    ] Total time for which application threads were stopped: 0.0001227 seconds, Stopping threads took: 0.0000270 seconds
[2020-01-13T13:54:13.511+0000][1][safepoint    ] Application time: 1.0001155 seconds
[2020-01-13T13:54:13.513+0000][1][safepoint    ] Entering safepoint region: Cleanup
[2020-01-13T13:54:13.513+0000][1][safepoint    ] Leaving safepoint region
[2020-01-13T13:54:13.513+0000][1][safepoint    ] Total time for which application threads were stopped: 0.0001583 seconds, Stopping threads took: 0.0000668 seconds
[2020-01-13T13:54:14.513+0000][1][safepoint    ] Application time: 1.0001198 seconds
[2020-01-13T13:54:14.513+0000][1][safepoint    ] Entering safepoint region: Cleanup
[2020-01-13T13:54:14.513+0000][1][safepoint    ] Leaving safepoint region
[2020-01-13T13:54:14.513+0000][1][safepoint    ] Total time for which application threads were stopped: 0.0001183 seconds, Stopping threads took: 0.0000286 seconds
[2020-01-13T13:54:15.513+0000][1][safepoint    ] Application time: 1.0001263 seconds
[2020-01-13T13:54:15.513+0000][1][safepoint    ] Entering safepoint region: Cleanup
[2020-01-13T13:54:15.513+0000][1][safepoint    ] Leaving safepoint region
[2020-01-13T13:54:15.513+0000][1][safepoint    ] Total time for which application threads were stopped: 0.0001084 seconds, Stopping threads took: 0.0000276 seconds
[2020-01-13T13:54:16.514+0000][1][safepoint    ] Application time: 1.0001331 seconds
[2020-01-13T13:54:16.514+0000][1][safepoint    ] Entering safepoint region: Cleanup
[2020-01-13T13:54:16.514+0000][1][safepoint    ] Leaving safepoint region
[2020-01-13T13:54:16.514+0000][1][safepoint    ] Total time for which application threads were stopped: 0.0001186 seconds, Stopping threads took: 0.0000288 seconds
[2020-01-13T13:54:18.445+0000][1][safepoint    ] Application time: 1.9314211 seconds
[2020-01-13T13:54:18.445+0000][1][safepoint    ] Entering safepoint region: Cleanup
[2020-01-13T13:54:18.445+0000][1][safepoint    ] Leaving safepoint region
[2020-01-13T13:54:18.445+0000][1][safepoint    ] Total time for which application threads were stopped: 0.0002553 seconds, Stopping threads took: 0.0000428 seconds
[2020-01-13T13:54:19.446+0000][1][safepoint    ] Application time: 1.0000831 seconds
[2020-01-13T13:54:19.446+0000][1][safepoint    ] Entering safepoint region: Cleanup
[2020-01-13T13:54:19.446+0000][1][safepoint    ] Leaving safepoint region
[2020-01-13T13:54:19.446+0000][1][safepoint    ] Total time for which application threads were stopped: 0.0001157 seconds, Stopping threads took: 0.0000314 seconds
[2020-01-13T13:54:20.446+0000][1][safepoint    ] Application time: 1.0000857 seconds
[2020-01-13T13:54:20.446+0000][1][safepoint    ] Entering safepoint region: Cleanup
[2020-01-13T13:54:20.446+0000][1][safepoint    ] Leaving safepoint region
[2020-01-13T13:54:20.446+0000][1][safepoint    ] Total time for which application threads were stopped: 0.0001191 seconds, Stopping threads took: 0.0000321 seconds
[2020-01-13T13:54:21.446+0000][1][safepoint    ] Application time: 1.0001006 seconds
[2020-01-13T13:54:21.446+0000][1][safepoint    ] Entering safepoint region: Cleanup
[2020-01-13T13:54:21.446+0000][1][safepoint    ] Leaving safepoint region
[2020-01-13T13:54:21.446+0000][1][safepoint    ] Total time for which application threads were stopped: 0.0001195 seconds, Stopping threads took: 0.0000255 seconds
[2020-01-13T13:54:22.446+0000][1][safepoint    ] Application time: 1.0000917 seconds
[2020-01-13T13:54:22.446+0000][1][safepoint    ] Entering safepoint region: Cleanup
[2020-01-13T13:54:22.447+0000][1][safepoint    ] Leaving safepoint region
[2020-01-13T13:54:22.447+0000][1][safepoint    ] Total time for which application threads were stopped: 0.0001090 seconds, Stopping threads took: 0.0000253 seconds
[2020-01-13T13:54:23.447+0000][1][safepoint    ] Application time: 1.0001018 seconds
[2020-01-13T13:54:23.447+0000][1][safepoint    ] Entering safepoint region: Cleanup
[2020-01-13T13:54:23.447+0000][1][safepoint    ] Leaving safepoint region
[2020-01-13T13:54:23.447+0000][1][safepoint    ] Total time for which application threads were stopped: 0.0001220 seconds, Stopping threads took: 0.0000258 seconds
[2020-01-13T13:54:24.447+0000][1][safepoint    ] Application time: 1.0000924 seconds
[2020-01-13T13:54:24.447+0000][1][safepoint    ] Entering safepoint region: Cleanup
[2020-01-13T13:54:24.447+0000][1][safepoint    ] Leaving safepoint region
[2020-01-13T13:54:24.447+0000][1][safepoint    ] Total time for which application threads were stopped: 0.0001042 seconds, Stopping threads took: 0.0000231 seconds
[2020-01-13T13:54:25.447+0000][1][safepoint    ] Application time: 1.0000849 seconds
[2020-01-13T13:54:25.447+0000][1][safepoint    ] Entering safepoint region: Cleanup
[2020-01-13T13:54:25.447+0000][1][safepoint    ] Leaving safepoint region
[2020-01-13T13:54:25.447+0000][1][safepoint    ] Total time for which application threads were stopped: 0.0001084 seconds, Stopping threads took: 0.0000266 seconds
[2020-01-13T13:54:26.448+0000][1][safepoint    ] Application time: 1.0001620 seconds
[2020-01-13T13:54:26.448+0000][1][safepoint    ] Entering safepoint region: Cleanup
[2020-01-13T13:54:26.448+0000][1][safepoint    ] Leaving safepoint region
[2020-01-13T13:54:26.448+0000][1][safepoint    ] Total time for which application threads were stopped: 0.0001682 seconds, Stopping threads took: 0.0000355 seconds
[2020-01-13T13:54:27.448+0000][1][safepoint    ] Application time: 1.0001351 seconds
[2020-01-13T13:54:27.448+0000][1][safepoint    ] Entering safepoint region: Cleanup
[2020-01-13T13:54:27.448+0000][1][safepoint    ] Leaving safepoint region
[2020-01-13T13:54:27.448+0000][1][safepoint    ] Total time for which application threads were stopped: 0.0001170 seconds, Stopping threads took: 0.0000326 seconds
[2020-01-13T13:54:28.448+0000][1][safepoint    ] Application time: 1.0001506 seconds
[2020-01-13T13:54:28.449+0000][1][safepoint    ] Entering safepoint region: Cleanup
[2020-01-13T13:54:28.449+0000][1][safepoint    ] Leaving safepoint region
[2020-01-13T13:54:28.449+0000][1][safepoint    ] Total time for which application threads were stopped: 0.0001606 seconds, Stopping threads took: 0.0000682 seconds
[2020-01-13T13:54:29.450+0000][1][safepoint    ] Application time: 1.0001592 seconds
[2020-01-13T13:54:29.450+0000][1][safepoint    ] Entering safepoint region: Cleanup
[2020-01-13T13:54:29.450+0000][1][safepoint    ] Leaving safepoint region
[2020-01-13T13:54:29.450+0000][1][safepoint    ] Total time for which application threads were stopped: 0.0001284 seconds, Stopping threads took: 0.0000236 seconds
[2020-01-13T13:54:30.450+0000][1][safepoint    ] Application time: 1.0001410 seconds
[2020-01-13T13:54:30.450+0000][1][safepoint    ] Entering safepoint region: Cleanup
[2020-01-13T13:54:30.450+0000][1][safepoint    ] Leaving safepoint region
[2020-01-13T13:54:30.450+0000][1][safepoint    ] Total time for which application threads were stopped: 0.0001196 seconds, Stopping threads took: 0.0000276 seconds
[2020-01-13T13:54:31.450+0000][1][safepoint    ] Application time: 1.0002027 seconds
[2020-01-13T13:54:31.450+0000][1][safepoint    ] Entering safepoint region: Cleanup
[2020-01-13T13:54:31.451+0000][1][safepoint    ] Leaving safepoint region
[2020-01-13T13:54:31.451+0000][1][safepoint    ] Total time for which application threads were stopped: 0.0001370 seconds, Stopping threads took: 0.0000246 seconds
[2020-01-13T13:54:32.451+0000][1][safepoint    ] Application time: 1.0000749 seconds
[2020-01-13T13:54:32.451+0000][1][safepoint    ] Entering safepoint region: Cleanup
[2020-01-13T13:54:32.451+0000][1][safepoint    ] Leaving safepoint region
[2020-01-13T13:54:32.451+0000][1][safepoint    ] Total time for which application threads were stopped: 0.0001390 seconds, Stopping threads took: 0.0000671 seconds
[2020-01-13T13:54:33.451+0000][1][safepoint    ] Application time: 1.0000870 seconds
[2020-01-13T13:54:33.452+0000][1][safepoint    ] Entering safepoint region: Cleanup
[2020-01-13T13:54:33.452+0000][1][safepoint    ] Leaving safepoint region
[2020-01-13T13:54:33.452+0000][1][safepoint    ] Total time for which application threads were stopped: 0.0001614 seconds, Stopping threads took: 0.0000677 seconds
[2020-01-13T13:54:34.452+0000][1][safepoint    ] Application time: 1.0001215 seconds
[2020-01-13T13:54:34.452+0000][1][safepoint    ] Entering safepoint region: Cleanup
[2020-01-13T13:54:34.452+0000][1][safepoint    ] Leaving safepoint region
[2020-01-13T13:54:34.452+0000][1][safepoint    ] Total time for which application threads were stopped: 0.0001097 seconds, Stopping threads took: 0.0000275 seconds
[2020-01-13T13:54:35.453+0000][1][safepoint    ] Application time: 1.0000834 seconds
[2020-01-13T13:54:35.453+0000][1][safepoint    ] Entering safepoint region: Cleanup
[2020-01-13T13:54:35.453+0000][1][safepoint    ] Leaving safepoint region
[2020-01-13T13:54:35.453+0000][1][safepoint    ] Total time for which application threads were stopped: 0.0001065 seconds, Stopping threads took: 0.0000276 seconds
[2020-01-13T13:54:36.453+0000][1][safepoint    ] Application time: 1.0001056 seconds
[2020-01-13T13:54:36.453+0000][1][safepoint    ] Entering safepoint region: Cleanup
[2020-01-13T13:54:36.453+0000][1][safepoint    ] Leaving safepoint region
[2020-01-13T13:54:36.453+0000][1][safepoint    ] Total time for which application threads were stopped: 0.0001081 seconds, Stopping threads took: 0.0000266 seconds
[2020-01-13T13:54:37.453+0000][1][safepoint    ] Application time: 1.0001196 seconds
[2020-01-13T13:54:37.453+0000][1][safepoint    ] Entering safepoint region: Cleanup
[2020-01-13T13:54:37.453+0000][1][safepoint    ] Leaving safepoint region
[2020-01-13T13:54:37.453+0000][1][safepoint    ] Total time for which application threads were stopped: 0.0001251 seconds, Stopping threads took: 0.0000270 seconds
[2020-01-13T13:54:38.453+0000][1][safepoint    ] Application time: 1.0000860 seconds
[2020-01-13T13:54:38.454+0000][1][safepoint    ] Entering safepoint region: Cleanup
[2020-01-13T13:54:38.455+0000][1][safepoint    ] Leaving safepoint region
[2020-01-13T13:54:38.455+0000][1][safepoint    ] Total time for which application threads were stopped: 0.0001657 seconds, Stopping threads took: 0.0000722 seconds
[2020-01-13T13:54:39.455+0000][1][safepoint    ] Application time: 1.0000858 seconds
[2020-01-13T13:54:39.455+0000][1][safepoint    ] Entering safepoint region: Cleanup
[2020-01-13T13:54:39.455+0000][1][safepoint    ] Leaving safepoint region
[2020-01-13T13:54:39.455+0000][1][safepoint    ] Total time for which application threads were stopped: 0.0001199 seconds, Stopping threads took: 0.0000391 seconds
[2020-01-13T13:54:40.455+0000][1][safepoint    ] Application time: 1.0000878 seconds
[2020-01-13T13:54:40.455+0000][1][safepoint    ] Entering safepoint region: Cleanup
[2020-01-13T13:54:40.455+0000][1][safepoint    ] Leaving safepoint region
[2020-01-13T13:54:40.455+0000][1][safepoint    ] Total time for which application threads were stopped: 0.0001119 seconds, Stopping threads took: 0.0000281 seconds
[2020-01-13T13:54:41.455+0000][1][safepoint    ] Application time: 1.0000836 seconds
[2020-01-13T13:54:41.455+0000][1][safepoint    ] Entering safepoint region: Cleanup
[2020-01-13T13:54:41.455+0000][1][safepoint    ] Leaving safepoint region
[2020-01-13T13:54:41.455+0000][1][safepoint    ] Total time for which application threads were stopped: 0.0001142 seconds, Stopping threads took: 0.0000265 seconds
[2020-01-13T13:54:42.455+0000][1][safepoint    ] Application time: 1.0000850 seconds
[2020-01-13T13:54:42.456+0000][1][safepoint    ] Entering safepoint region: Cleanup
[2020-01-13T13:54:42.456+0000][1][safepoint    ] Leaving safepoint region
[2020-01-13T13:54:42.456+0000][1][safepoint    ] Total time for which application threads were stopped: 0.0001106 seconds, Stopping threads took: 0.0000281 seconds
[2020-01-13T13:54:43.456+0000][1][safepoint    ] Application time: 1.0000802 seconds
[2020-01-13T13:54:43.457+0000][1][safepoint    ] Entering safepoint region: Cleanup
[2020-01-13T13:54:43.457+0000][1][safepoint    ] Leaving safepoint region
[2020-01-13T13:54:43.457+0000][1][safepoint    ] Total time for which application threads were stopped: 0.0001580 seconds, Stopping threads took: 0.0000626 seconds
[2020-01-13T13:54:44.457+0000][1][safepoint    ] Application time: 1.0000877 seconds
[2020-01-13T13:54:44.457+0000][1][safepoint    ] Entering safepoint region: Cleanup
[2020-01-13T13:54:44.457+0000][1][safepoint    ] Leaving safepoint region
[2020-01-13T13:54:44.457+0000][1][safepoint    ] Total time for which application threads were stopped: 0.0001103 seconds, Stopping threads took: 0.0000252 seconds
[2020-01-13T13:54:45.457+0000][1][safepoint    ] Application time: 1.0001396 seconds
[2020-01-13T13:54:45.457+0000][1][safepoint    ] Entering safepoint region: Cleanup
[2020-01-13T13:54:45.458+0000][1][safepoint    ] Leaving safepoint region
[2020-01-13T13:54:45.458+0000][1][safepoint    ] Total time for which application threads were stopped: 0.0001414 seconds, Stopping threads took: 0.0000293 seconds
[2020-01-13T13:54:46.458+0000][1][safepoint    ] Application time: 1.0001461 seconds
[2020-01-13T13:54:46.458+0000][1][safepoint    ] Entering safepoint region: Cleanup
[2020-01-13T13:54:46.458+0000][1][safepoint    ] Leaving safepoint region
[2020-01-13T13:54:46.458+0000][1][safepoint    ] Total time for which application threads were stopped: 0.0001208 seconds, Stopping threads took: 0.0000278 seconds
[2020-01-13T13:54:47.458+0000][1][safepoint    ] Application time: 1.0001289 seconds
[2020-01-13T13:54:47.458+0000][1][safepoint    ] Entering safepoint region: Cleanup
[2020-01-13T13:54:47.458+0000][1][safepoint    ] Leaving safepoint region
[2020-01-13T13:54:47.458+0000][1][safepoint    ] Total time for which application threads were stopped: 0.0001386 seconds, Stopping threads took: 0.0000291 seconds
[2020-01-13T13:54:48.458+0000][1][safepoint    ] Application time: 1.0001089 seconds
[2020-01-13T13:54:48.459+0000][1][safepoint    ] Entering safepoint region: Cleanup
[2020-01-13T13:54:48.460+0000][1][safepoint    ] Leaving safepoint region
[2020-01-13T13:54:48.460+0000][1][safepoint    ] Total time for which application threads were stopped: 0.0001731 seconds, Stopping threads took: 0.0000721 seconds
[2020-01-13T13:54:49.460+0000][1][safepoint    ] Application time: 1.0001641 seconds
[2020-01-13T13:54:49.460+0000][1][safepoint    ] Entering safepoint region: Cleanup
[2020-01-13T13:54:49.460+0000][1][safepoint    ] Leaving safepoint region
[2020-01-13T13:54:49.460+0000][1][safepoint    ] Total time for which application threads were stopped: 0.0001118 seconds, Stopping threads took: 0.0000281 seconds
[2020-01-13T13:54:50.460+0000][1][safepoint    ] Application time: 1.0001334 seconds
[2020-01-13T13:54:50.460+0000][1][safepoint    ] Entering safepoint region: Cleanup
[2020-01-13T13:54:50.460+0000][1][safepoint    ] Leaving safepoint region
[2020-01-13T13:54:50.460+0000][1][safepoint    ] Total time for which application threads were stopped: 0.0001260 seconds, Stopping threads took: 0.0000289 seconds
[2020-01-13T13:54:51.460+0000][1][safepoint    ] Application time: 1.0001346 seconds
[2020-01-13T13:54:51.460+0000][1][safepoint    ] Entering safepoint region: Cleanup
[2020-01-13T13:54:51.461+0000][1][safepoint    ] Leaving safepoint region
[2020-01-13T13:54:51.461+0000][1][safepoint    ] Total time for which application threads were stopped: 0.0001063 seconds, Stopping threads took: 0.0000270 seconds
[2020-01-13T13:54:52.461+0000][1][safepoint    ] Application time: 1.0001365 seconds
[2020-01-13T13:54:52.461+0000][1][safepoint    ] Entering safepoint region: Cleanup
[2020-01-13T13:54:52.461+0000][1][safepoint    ] Leaving safepoint region
[2020-01-13T13:54:52.461+0000][1][safepoint    ] Total time for which application threads were stopped: 0.0001097 seconds, Stopping threads took: 0.0000273 seconds
[2020-01-13T13:54:53.461+0000][1][safepoint    ] Application time: 1.0001400 seconds
[2020-01-13T13:54:53.461+0000][1][safepoint    ] Entering safepoint region: Cleanup
[2020-01-13T13:54:53.461+0000][1][safepoint    ] Leaving safepoint region
[2020-01-13T13:54:53.461+0000][1][safepoint    ] Total time for which application threads were stopped: 0.0001140 seconds, Stopping threads took: 0.0000275 seconds
[2020-01-13T13:54:54.461+0000][1][safepoint    ] Application time: 1.0001429 seconds
[2020-01-13T13:54:54.461+0000][1][safepoint    ] Entering safepoint region: Cleanup
[2020-01-13T13:54:54.461+0000][1][safepoint    ] Leaving safepoint region
[2020-01-13T13:54:54.462+0000][1][safepoint    ] Total time for which application threads were stopped: 0.0001213 seconds, Stopping threads took: 0.0000290 seconds
[2020-01-13T13:54:55.462+0000][1][safepoint    ] Application time: 1.0001367 seconds
[2020-01-13T13:54:55.462+0000][1][safepoint    ] Entering safepoint region: Cleanup
[2020-01-13T13:54:55.462+0000][1][safepoint    ] Leaving safepoint region
[2020-01-13T13:54:55.462+0000][1][safepoint    ] Total time for which application threads were stopped: 0.0001103 seconds, Stopping threads took: 0.0000277 seconds
[2020-01-13T13:54:56.462+0000][1][safepoint    ] Application time: 1.0001460 seconds
[2020-01-13T13:54:56.462+0000][1][safepoint    ] Entering safepoint region: Cleanup
[2020-01-13T13:54:56.462+0000][1][safepoint    ] Leaving safepoint region
[2020-01-13T13:54:56.462+0000][1][safepoint    ] Total time for which application threads were stopped: 0.0001117 seconds, Stopping threads took: 0.0000281 seconds
[2020-01-13T13:54:57.462+0000][1][safepoint    ] Application time: 1.0001226 seconds
[2020-01-13T13:54:57.462+0000][1][safepoint    ] Entering safepoint region: Cleanup
[2020-01-13T13:54:57.462+0000][1][safepoint    ] Leaving safepoint region
[2020-01-13T13:54:57.462+0000][1][safepoint    ] Total time for which application threads were stopped: 0.0001265 seconds, Stopping threads took: 0.0000332 seconds
[2020-01-13T13:54:58.463+0000][1][safepoint    ] Application time: 1.0001406 seconds
[2020-01-13T13:54:58.464+0000][1][safepoint    ] Entering safepoint region: Cleanup
[2020-01-13T13:54:58.464+0000][1][safepoint    ] Leaving safepoint region
[2020-01-13T13:54:58.464+0000][1][safepoint    ] Total time for which application threads were stopped: 0.0001649 seconds, Stopping threads took: 0.0000687 seconds
[2020-01-13T13:54:59.464+0000][1][safepoint    ] Application time: 1.0001146 seconds
[2020-01-13T13:54:59.464+0000][1][safepoint    ] Entering safepoint region: Cleanup
[2020-01-13T13:54:59.464+0000][1][safepoint    ] Leaving safepoint region
[2020-01-13T13:54:59.464+0000][1][safepoint    ] Total time for which application threads were stopped: 0.0001122 seconds, Stopping threads took: 0.0000274 seconds
[2020-01-13T13:55:00.464+0000][1][safepoint    ] Application time: 1.0001307 seconds
[2020-01-13T13:55:00.464+0000][1][safepoint    ] Entering safepoint region: Cleanup
[2020-01-13T13:55:00.464+0000][1][safepoint    ] Leaving safepoint region
[2020-01-13T13:55:00.464+0000][1][safepoint    ] Total time for which application threads were stopped: 0.0001298 seconds, Stopping threads took: 0.0000323 seconds
[2020-01-13T13:55:01.465+0000][1][safepoint    ] Application time: 1.0001082 seconds
[2020-01-13T13:55:01.465+0000][1][safepoint    ] Entering safepoint region: Cleanup
[2020-01-13T13:55:01.465+0000][1][safepoint    ] Leaving safepoint region
[2020-01-13T13:55:01.465+0000][1][safepoint    ] Total time for which application threads were stopped: 0.0001135 seconds, Stopping threads took: 0.0000335 seconds
[2020-01-13T13:55:02.486+0000][1][safepoint    ] Application time: 1.0207926 seconds
[2020-01-13T13:55:02.486+0000][1][safepoint    ] Entering safepoint region: Cleanup
[2020-01-13T13:55:02.486+0000][1][safepoint    ] Leaving safepoint region
[2020-01-13T13:55:02.486+0000][1][safepoint    ] Total time for which application threads were stopped: 0.0001139 seconds, Stopping threads took: 0.0000169 seconds
[2020-01-13T13:55:03.488+0000][1][safepoint    ] Application time: 1.0026882 seconds
[2020-01-13T13:55:03.489+0000][1][safepoint    ] Entering safepoint region: Cleanup
[2020-01-13T13:55:03.490+0000][1][safepoint    ] Leaving safepoint region
[2020-01-13T13:55:03.490+0000][1][safepoint    ] Total time for which application threads were stopped: 0.0001614 seconds, Stopping threads took: 0.0000749 seconds
[2020-01-13T13:55:04.490+0000][1][safepoint    ] Application time: 1.0001406 seconds
[2020-01-13T13:55:04.490+0000][1][safepoint    ] Entering safepoint region: Cleanup
[2020-01-13T13:55:04.490+0000][1][safepoint    ] Leaving safepoint region
[2020-01-13T13:55:04.490+0000][1][safepoint    ] Total time for which application threads were stopped: 0.0001161 seconds, Stopping threads took: 0.0000278 seconds
[2020-01-13T13:55:05.490+0000][1][safepoint    ] Application time: 1.0001001 seconds
[2020-01-13T13:55:05.490+0000][1][safepoint    ] Entering safepoint region: Cleanup
[2020-01-13T13:55:05.490+0000][1][safepoint    ] Leaving safepoint region
[2020-01-13T13:55:05.490+0000][1][safepoint    ] Total time for which application threads were stopped: 0.0001082 seconds, Stopping threads took: 0.0000254 seconds
[2020-01-13T13:55:06.490+0000][1][safepoint    ] Application time: 1.0001347 seconds
[2020-01-13T13:55:06.490+0000][1][safepoint    ] Entering safepoint region: Cleanup
[2020-01-13T13:55:06.490+0000][1][safepoint    ] Leaving safepoint region
[2020-01-13T13:55:06.490+0000][1][safepoint    ] Total time for which application threads were stopped: 0.0001097 seconds, Stopping threads took: 0.0000280 seconds
[2020-01-13T13:55:07.491+0000][1][safepoint    ] Application time: 1.0001117 seconds
[2020-01-13T13:55:07.491+0000][1][safepoint    ] Entering safepoint region: Cleanup
[2020-01-13T13:55:07.491+0000][1][safepoint    ] Leaving safepoint region
[2020-01-13T13:55:07.491+0000][1][safepoint    ] Total time for which application threads were stopped: 0.0001239 seconds, Stopping threads took: 0.0000415 seconds
[2020-01-13T13:55:08.491+0000][1][safepoint    ] Application time: 1.0000964 seconds
[2020-01-13T13:55:08.492+0000][1][safepoint    ] Entering safepoint region: Cleanup
[2020-01-13T13:55:08.492+0000][1][safepoint    ] Leaving safepoint region
[2020-01-13T13:55:08.492+0000][1][safepoint    ] Total time for which application threads were stopped: 0.0001717 seconds, Stopping threads took: 0.0000700 seconds
[2020-01-13T13:55:09.492+0000][1][safepoint    ] Application time: 1.0001404 seconds
[2020-01-13T13:55:09.492+0000][1][safepoint    ] Entering safepoint region: Cleanup
[2020-01-13T13:55:09.492+0000][1][safepoint    ] Leaving safepoint region
[2020-01-13T13:55:09.492+0000][1][safepoint    ] Total time for which application threads were stopped: 0.0001373 seconds, Stopping threads took: 0.0000495 seconds
[2020-01-13T13:55:10.493+0000][1][safepoint    ] Application time: 1.0000993 seconds
[2020-01-13T13:55:10.493+0000][1][safepoint    ] Entering safepoint region: Cleanup
[2020-01-13T13:55:10.493+0000][1][safepoint    ] Leaving safepoint region
[2020-01-13T13:55:10.493+0000][1][safepoint    ] Total time for which application threads were stopped: 0.0001046 seconds, Stopping threads took: 0.0000240 seconds
[2020-01-13T13:55:11.493+0000][1][safepoint    ] Application time: 1.0001199 seconds
[2020-01-13T13:55:11.493+0000][1][safepoint    ] Entering safepoint region: Cleanup
[2020-01-13T13:55:11.493+0000][1][safepoint    ] Leaving safepoint region
[2020-01-13T13:55:11.493+0000][1][safepoint    ] Total time for which application threads were stopped: 0.0001095 seconds, Stopping threads took: 0.0000275 seconds
[2020-01-13T13:55:12.493+0000][1][safepoint    ] Application time: 1.0001165 seconds
[2020-01-13T13:55:12.493+0000][1][safepoint    ] Entering safepoint region: Cleanup
[2020-01-13T13:55:12.493+0000][1][safepoint    ] Leaving safepoint region
[2020-01-13T13:55:12.493+0000][1][safepoint    ] Total time for which application threads were stopped: 0.0001387 seconds, Stopping threads took: 0.0000260 seconds
[2020-01-13T13:55:13.493+0000][1][safepoint    ] Application time: 1.0001060 seconds
[2020-01-13T13:55:13.495+0000][1][safepoint    ] Entering safepoint region: Cleanup
[2020-01-13T13:55:13.495+0000][1][safepoint    ] Leaving safepoint region
[2020-01-13T13:55:13.495+0000][1][safepoint    ] Total time for which application threads were stopped: 0.0001711 seconds, Stopping threads took: 0.0000797 seconds
[2020-01-13T13:55:14.495+0000][1][safepoint    ] Application time: 1.0001261 seconds
[2020-01-13T13:55:14.495+0000][1][safepoint    ] Entering safepoint region: Cleanup
[2020-01-13T13:55:14.495+0000][1][safepoint    ] Leaving safepoint region
[2020-01-13T13:55:14.495+0000][1][safepoint    ] Total time for which application threads were stopped: 0.0001138 seconds, Stopping threads took: 0.0000290 seconds
[2020-01-13T13:55:15.495+0000][1][safepoint    ] Application time: 1.0000862 seconds
[2020-01-13T13:55:15.495+0000][1][safepoint    ] Entering safepoint region: Cleanup
[2020-01-13T13:55:15.495+0000][1][safepoint    ] Leaving safepoint region
[2020-01-13T13:55:15.495+0000][1][safepoint    ] Total time for which application threads were stopped: 0.0001301 seconds, Stopping threads took: 0.0000291 seconds
[2020-01-13T13:55:16.495+0000][1][safepoint    ] Application time: 1.0000913 seconds
[2020-01-13T13:55:16.495+0000][1][safepoint    ] Entering safepoint region: Cleanup
[2020-01-13T13:55:16.496+0000][1][safepoint    ] Leaving safepoint region
[2020-01-13T13:55:16.496+0000][1][safepoint    ] Total time for which application threads were stopped: 0.0001106 seconds, Stopping threads took: 0.0000248 seconds
[2020-01-13T13:55:17.496+0000][1][safepoint    ] Application time: 1.0000841 seconds
[2020-01-13T13:55:17.496+0000][1][safepoint    ] Entering safepoint region: Cleanup
[2020-01-13T13:55:17.496+0000][1][safepoint    ] Leaving safepoint region
[2020-01-13T13:55:17.496+0000][1][safepoint    ] Total time for which application threads were stopped: 0.0001075 seconds, Stopping threads took: 0.0000319 seconds
[2020-01-13T13:55:18.496+0000][1][safepoint    ] Application time: 1.0001074 seconds
[2020-01-13T13:55:18.497+0000][1][safepoint    ] Entering safepoint region: Cleanup
[2020-01-13T13:55:18.497+0000][1][safepoint    ] Leaving safepoint region
[2020-01-13T13:55:18.497+0000][1][safepoint    ] Total time for which application threads were stopped: 0.0001552 seconds, Stopping threads took: 0.0000638 seconds
[2020-01-13T13:55:19.497+0000][1][safepoint    ] Application time: 1.0001306 seconds
[2020-01-13T13:55:19.497+0000][1][safepoint    ] Entering safepoint region: Cleanup
[2020-01-13T13:55:19.497+0000][1][safepoint    ] Leaving safepoint region
[2020-01-13T13:55:19.497+0000][1][safepoint    ] Total time for which application threads were stopped: 0.0001164 seconds, Stopping threads took: 0.0000312 seconds
[2020-01-13T13:55:20.498+0000][1][safepoint    ] Application time: 1.0001272 seconds
[2020-01-13T13:55:20.498+0000][1][safepoint    ] Entering safepoint region: Cleanup
[2020-01-13T13:55:20.498+0000][1][safepoint    ] Leaving safepoint region
[2020-01-13T13:55:20.498+0000][1][safepoint    ] Total time for which application threads were stopped: 0.0001119 seconds, Stopping threads took: 0.0000308 seconds
[2020-01-13T13:55:21.498+0000][1][safepoint    ] Application time: 1.0001074 seconds
[2020-01-13T13:55:21.498+0000][1][safepoint    ] Entering safepoint region: Cleanup
[2020-01-13T13:55:21.498+0000][1][safepoint    ] Leaving safepoint region
[2020-01-13T13:55:21.498+0000][1][safepoint    ] Total time for which application threads were stopped: 0.0001056 seconds, Stopping threads took: 0.0000258 seconds
[2020-01-13T13:55:22.498+0000][1][safepoint    ] Application time: 1.0000900 seconds
[2020-01-13T13:55:22.498+0000][1][safepoint    ] Entering safepoint region: Cleanup
[2020-01-13T13:55:22.498+0000][1][safepoint    ] Leaving safepoint region
[2020-01-13T13:55:22.498+0000][1][safepoint    ] Total time for which application threads were stopped: 0.0001346 seconds, Stopping threads took: 0.0000247 seconds
[2020-01-13T13:55:23.498+0000][1][safepoint    ] Application time: 1.0001017 seconds
[2020-01-13T13:55:23.498+0000][1][safepoint    ] Entering safepoint region: Cleanup
[2020-01-13T13:55:23.499+0000][1][safepoint    ] Leaving safepoint region
[2020-01-13T13:55:23.499+0000][1][safepoint    ] Total time for which application threads were stopped: 0.0001068 seconds, Stopping threads took: 0.0000256 seconds
[2020-01-13T13:55:24.499+0000][1][safepoint    ] Application time: 1.0001469 seconds
[2020-01-13T13:55:24.499+0000][1][safepoint    ] Entering safepoint region: Cleanup
[2020-01-13T13:55:24.499+0000][1][safepoint    ] Leaving safepoint region
[2020-01-13T13:55:24.499+0000][1][safepoint    ] Total time for which application threads were stopped: 0.0001150 seconds, Stopping threads took: 0.0000278 seconds
[2020-01-13T13:55:25.499+0000][1][safepoint    ] Application time: 1.0001306 seconds
[2020-01-13T13:55:25.499+0000][1][safepoint    ] Entering safepoint region: Cleanup
[2020-01-13T13:55:25.499+0000][1][safepoint    ] Leaving safepoint region
[2020-01-13T13:55:25.499+0000][1][safepoint    ] Total time for which application threads were stopped: 0.0001225 seconds, Stopping threads took: 0.0000296 seconds
[2020-01-13T13:55:26.499+0000][1][safepoint    ] Application time: 1.0001567 seconds
[2020-01-13T13:55:26.499+0000][1][safepoint    ] Entering safepoint region: Cleanup
[2020-01-13T13:55:26.500+0000][1][safepoint    ] Leaving safepoint region
[2020-01-13T13:55:26.500+0000][1][safepoint    ] Total time for which application threads were stopped: 0.0001107 seconds, Stopping threads took: 0.0000276 seconds
[2020-01-13T13:55:27.500+0000][1][safepoint    ] Application time: 1.0001491 seconds
[2020-01-13T13:55:27.500+0000][1][safepoint    ] Entering safepoint region: Cleanup
[2020-01-13T13:55:27.500+0000][1][safepoint    ] Leaving safepoint region
[2020-01-13T13:55:27.500+0000][1][safepoint    ] Total time for which application threads were stopped: 0.0001336 seconds, Stopping threads took: 0.0000493 seconds
[2020-01-13T13:55:28.500+0000][1][safepoint    ] Application time: 1.0001192 seconds
[2020-01-13T13:55:28.501+0000][1][safepoint    ] Entering safepoint region: Cleanup
[2020-01-13T13:55:28.501+0000][1][safepoint    ] Leaving safepoint region
[2020-01-13T13:55:28.501+0000][1][safepoint    ] Total time for which application threads were stopped: 0.0001719 seconds, Stopping threads took: 0.0000709 seconds
[2020-01-13T13:55:29.501+0000][1][safepoint    ] Application time: 1.0001259 seconds
[2020-01-13T13:55:29.501+0000][1][safepoint    ] Entering safepoint region: Cleanup
[2020-01-13T13:55:29.502+0000][1][safepoint    ] Leaving safepoint region
[2020-01-13T13:55:29.502+0000][1][safepoint    ] Total time for which application threads were stopped: 0.0001197 seconds, Stopping threads took: 0.0000279 seconds
[2020-01-13T13:55:30.502+0000][1][safepoint    ] Application time: 1.0001055 seconds
[2020-01-13T13:55:30.502+0000][1][safepoint    ] Entering safepoint region: Cleanup
[2020-01-13T13:55:30.502+0000][1][safepoint    ] Leaving safepoint region
[2020-01-13T13:55:30.502+0000][1][safepoint    ] Total time for which application threads were stopped: 0.0001118 seconds, Stopping threads took: 0.0000276 seconds
[2020-01-13T13:55:31.502+0000][1][safepoint    ] Application time: 1.0001038 seconds
[2020-01-13T13:55:31.502+0000][1][safepoint    ] Entering safepoint region: Cleanup
[2020-01-13T13:55:31.502+0000][1][safepoint    ] Leaving safepoint region
[2020-01-13T13:55:31.502+0000][1][safepoint    ] Total time for which application threads were stopped: 0.0001200 seconds, Stopping threads took: 0.0000276 seconds
[2020-01-13T13:55:32.502+0000][1][safepoint    ] Application time: 1.0001378 seconds
[2020-01-13T13:55:32.502+0000][1][safepoint    ] Entering safepoint region: Cleanup
[2020-01-13T13:55:32.502+0000][1][safepoint    ] Leaving safepoint region
[2020-01-13T13:55:32.502+0000][1][safepoint    ] Total time for which application threads were stopped: 0.0001130 seconds, Stopping threads took: 0.0000299 seconds
[2020-01-13T13:55:33.503+0000][1][safepoint    ] Application time: 1.0000967 seconds
[2020-01-13T13:55:33.504+0000][1][safepoint    ] Entering safepoint region: Cleanup
[2020-01-13T13:55:33.504+0000][1][safepoint    ] Leaving safepoint region
[2020-01-13T13:55:33.504+0000][1][safepoint    ] Total time for which application threads were stopped: 0.0001574 seconds, Stopping threads took: 0.0000648 seconds
[2020-01-13T13:55:34.504+0000][1][safepoint    ] Application time: 1.0001037 seconds
[2020-01-13T13:55:34.504+0000][1][safepoint    ] Entering safepoint region: Cleanup
[2020-01-13T13:55:34.504+0000][1][safepoint    ] Leaving safepoint region
[2020-01-13T13:55:34.504+0000][1][safepoint    ] Total time for which application threads were stopped: 0.0001147 seconds, Stopping threads took: 0.0000267 seconds
[2020-01-13T13:55:35.504+0000][1][safepoint    ] Application time: 1.0001142 seconds
[2020-01-13T13:55:35.504+0000][1][safepoint    ] Entering safepoint region: Cleanup
[2020-01-13T13:55:35.504+0000][1][safepoint    ] Leaving safepoint region
[2020-01-13T13:55:35.504+0000][1][safepoint    ] Total time for which application threads were stopped: 0.0001237 seconds, Stopping threads took: 0.0000270 seconds
[2020-01-13T13:55:36.504+0000][1][safepoint    ] Application time: 1.0001204 seconds
[2020-01-13T13:55:36.505+0000][1][safepoint    ] Entering safepoint region: Cleanup
[2020-01-13T13:55:36.505+0000][1][safepoint    ] Leaving safepoint region
[2020-01-13T13:55:36.505+0000][1][safepoint    ] Total time for which application threads were stopped: 0.0001152 seconds, Stopping threads took: 0.0000290 seconds
[2020-01-13T13:55:37.505+0000][1][safepoint    ] Application time: 1.0001219 seconds
[2020-01-13T13:55:37.505+0000][1][safepoint    ] Entering safepoint region: Cleanup
[2020-01-13T13:55:37.505+0000][1][safepoint    ] Leaving safepoint region
[2020-01-13T13:55:37.505+0000][1][safepoint    ] Total time for which application threads were stopped: 0.0001346 seconds, Stopping threads took: 0.0000445 seconds
[2020-01-13T13:55:38.505+0000][1][safepoint    ] Application time: 1.0000900 seconds
[2020-01-13T13:55:38.506+0000][1][safepoint    ] Entering safepoint region: Cleanup
[2020-01-13T13:55:38.506+0000][1][safepoint    ] Leaving safepoint region
[2020-01-13T13:55:38.506+0000][1][safepoint    ] Total time for which application threads were stopped: 0.0001633 seconds, Stopping threads took: 0.0000675 seconds
[2020-01-13T13:55:39.507+0000][1][safepoint    ] Application time: 1.0000936 seconds
[2020-01-13T13:55:39.507+0000][1][safepoint    ] Entering safepoint region: Cleanup
[2020-01-13T13:55:39.507+0000][1][safepoint    ] Leaving safepoint region
[2020-01-13T13:55:39.507+0000][1][safepoint    ] Total time for which application threads were stopped: 0.0001282 seconds, Stopping threads took: 0.0000273 seconds
[2020-01-13T13:55:40.507+0000][1][safepoint    ] Application time: 1.0001125 seconds
[2020-01-13T13:55:40.507+0000][1][safepoint    ] Entering safepoint region: Cleanup
[2020-01-13T13:55:40.507+0000][1][safepoint    ] Leaving safepoint region
[2020-01-13T13:55:40.507+0000][1][safepoint    ] Total time for which application threads were stopped: 0.0001302 seconds, Stopping threads took: 0.0000280 seconds
[2020-01-13T13:55:41.507+0000][1][safepoint    ] Application time: 1.0001076 seconds
[2020-01-13T13:55:41.507+0000][1][safepoint    ] Entering safepoint region: Cleanup
[2020-01-13T13:55:41.507+0000][1][safepoint    ] Leaving safepoint region
[2020-01-13T13:55:41.507+0000][1][safepoint    ] Total time for which application threads were stopped: 0.0001172 seconds, Stopping threads took: 0.0000377 seconds
[2020-01-13T13:55:42.507+0000][1][safepoint    ] Application time: 1.0000972 seconds
[2020-01-13T13:55:42.508+0000][1][safepoint    ] Entering safepoint region: Cleanup
[2020-01-13T13:55:42.508+0000][1][safepoint    ] Leaving safepoint region
[2020-01-13T13:55:42.508+0000][1][safepoint    ] Total time for which application threads were stopped: 0.0001120 seconds, Stopping threads took: 0.0000292 seconds
[2020-01-13T13:55:43.508+0000][1][safepoint    ] Application time: 1.0001133 seconds
[2020-01-13T13:55:43.509+0000][1][safepoint    ] Entering safepoint region: Cleanup
[2020-01-13T13:55:43.509+0000][1][safepoint    ] Leaving safepoint region
[2020-01-13T13:55:43.509+0000][1][safepoint    ] Total time for which application threads were stopped: 0.0001628 seconds, Stopping threads took: 0.0000696 seconds
[2020-01-13T13:55:44.509+0000][1][safepoint    ] Application time: 1.0001114 seconds
[2020-01-13T13:55:44.509+0000][1][safepoint    ] Entering safepoint region: Cleanup
[2020-01-13T13:55:44.509+0000][1][safepoint    ] Leaving safepoint region
[2020-01-13T13:55:44.509+0000][1][safepoint    ] Total time for which application threads were stopped: 0.0001229 seconds, Stopping threads took: 0.0000305 seconds
[2020-01-13T13:55:45.509+0000][1][safepoint    ] Application time: 1.0000893 seconds
[2020-01-13T13:55:45.509+0000][1][safepoint    ] Entering safepoint region: Cleanup
[2020-01-13T13:55:45.510+0000][1][safepoint    ] Leaving safepoint region
[2020-01-13T13:55:45.510+0000][1][safepoint    ] Total time for which application threads were stopped: 0.0001037 seconds, Stopping threads took: 0.0000245 seconds
[2020-01-13T13:55:46.510+0000][1][safepoint    ] Application time: 1.0001065 seconds
[2020-01-13T13:55:46.510+0000][1][safepoint    ] Entering safepoint region: Cleanup
[2020-01-13T13:55:46.510+0000][1][safepoint    ] Leaving safepoint region
[2020-01-13T13:55:46.510+0000][1][safepoint    ] Total time for which application threads were stopped: 0.0001096 seconds, Stopping threads took: 0.0000274 seconds
[2020-01-13T13:55:47.510+0000][1][safepoint    ] Application time: 1.0001038 seconds
[2020-01-13T13:55:47.510+0000][1][safepoint    ] Entering safepoint region: Cleanup
[2020-01-13T13:55:47.510+0000][1][safepoint    ] Leaving safepoint region
[2020-01-13T13:55:47.510+0000][1][safepoint    ] Total time for which application threads were stopped: 0.0001276 seconds, Stopping threads took: 0.0000275 seconds
[2020-01-13T13:55:48.510+0000][1][safepoint    ] Application time: 1.0001236 seconds
[2020-01-13T13:55:48.511+0000][1][safepoint    ] Entering safepoint region: Cleanup
[2020-01-13T13:55:48.511+0000][1][safepoint    ] Leaving safepoint region
[2020-01-13T13:55:48.511+0000][1][safepoint    ] Total time for which application threads were stopped: 0.0001738 seconds, Stopping threads took: 0.0000825 seconds
[2020-01-13T13:55:49.512+0000][1][safepoint    ] Application time: 1.0001316 seconds
[2020-01-13T13:55:49.512+0000][1][safepoint    ] Entering safepoint region: Cleanup
[2020-01-13T13:55:49.512+0000][1][safepoint    ] Leaving safepoint region
[2020-01-13T13:55:49.512+0000][1][safepoint    ] Total time for which application threads were stopped: 0.0001231 seconds, Stopping threads took: 0.0000289 seconds
[2020-01-13T13:55:50.512+0000][1][safepoint    ] Application time: 1.0001306 seconds
[2020-01-13T13:55:50.512+0000][1][safepoint    ] Entering safepoint region: Cleanup
[2020-01-13T13:55:50.512+0000][1][safepoint    ] Leaving safepoint region
[2020-01-13T13:55:50.512+0000][1][safepoint    ] Total time for which application threads were stopped: 0.0001188 seconds, Stopping threads took: 0.0000315 seconds
[2020-01-13T13:55:51.512+0000][1][safepoint    ] Application time: 1.0001313 seconds
[2020-01-13T13:55:51.512+0000][1][safepoint    ] Entering safepoint region: Cleanup
[2020-01-13T13:55:51.512+0000][1][safepoint    ] Leaving safepoint region
[2020-01-13T13:55:51.512+0000][1][safepoint    ] Total time for which application threads were stopped: 0.0001127 seconds, Stopping threads took: 0.0000286 seconds
[2020-01-13T13:55:52.513+0000][1][safepoint    ] Application time: 1.0000975 seconds
[2020-01-13T13:55:52.513+0000][1][safepoint    ] Entering safepoint region: Cleanup
[2020-01-13T13:55:52.513+0000][1][safepoint    ] Leaving safepoint region
[2020-01-13T13:55:52.513+0000][1][safepoint    ] Total time for which application threads were stopped: 0.0001136 seconds, Stopping threads took: 0.0000284 seconds
[2020-01-13T13:55:53.513+0000][1][safepoint    ] Application time: 1.0001130 seconds
[2020-01-13T13:55:53.513+0000][1][safepoint    ] Entering safepoint region: Cleanup
[2020-01-13T13:55:53.513+0000][1][safepoint    ] Leaving safepoint region
[2020-01-13T13:55:53.513+0000][1][safepoint    ] Total time for which application threads were stopped: 0.0001103 seconds, Stopping threads took: 0.0000291 seconds
[2020-01-13T13:55:55.104+0000][1][safepoint    ] Application time: 1.5913994 seconds
[2020-01-13T13:55:55.104+0000][1][safepoint    ] Entering safepoint region: Cleanup
[2020-01-13T13:55:55.105+0000][1][safepoint    ] Leaving safepoint region
[2020-01-13T13:55:55.105+0000][1][safepoint    ] Total time for which application threads were stopped: 0.0001350 seconds, Stopping threads took: 0.0000288 seconds
[2020-01-13T13:55:56.105+0000][1][safepoint    ] Application time: 1.0001038 seconds
[2020-01-13T13:55:56.105+0000][1][safepoint    ] Entering safepoint region: Cleanup
[2020-01-13T13:55:56.105+0000][1][safepoint    ] Leaving safepoint region
[2020-01-13T13:55:56.105+0000][1][safepoint    ] Total time for which application threads were stopped: 0.0001158 seconds, Stopping threads took: 0.0000266 seconds
[2020-01-13T13:55:57.105+0000][1][safepoint    ] Application time: 1.0001129 seconds
[2020-01-13T13:55:57.105+0000][1][safepoint    ] Entering safepoint region: Cleanup
[2020-01-13T13:55:57.105+0000][1][safepoint    ] Leaving safepoint region
[2020-01-13T13:55:57.105+0000][1][safepoint    ] Total time for which application threads were stopped: 0.0001169 seconds, Stopping threads took: 0.0000273 seconds
[2020-01-13T13:55:58.105+0000][1][safepoint    ] Application time: 1.0001085 seconds
[2020-01-13T13:55:58.105+0000][1][safepoint    ] Entering safepoint region: Cleanup
[2020-01-13T13:55:58.105+0000][1][safepoint    ] Leaving safepoint region
[2020-01-13T13:55:58.105+0000][1][safepoint    ] Total time for which application threads were stopped: 0.0001264 seconds, Stopping threads took: 0.0000282 seconds
[2020-01-13T13:55:59.106+0000][1][safepoint    ] Application time: 1.0001358 seconds
[2020-01-13T13:55:59.106+0000][1][safepoint    ] Entering safepoint region: Cleanup
[2020-01-13T13:55:59.106+0000][1][safepoint    ] Leaving safepoint region
[2020-01-13T13:55:59.106+0000][1][safepoint    ] Total time for which application threads were stopped: 0.0001256 seconds, Stopping threads took: 0.0000276 seconds
[2020-01-13T13:56:00.106+0000][1][safepoint    ] Application time: 1.0001432 seconds
[2020-01-13T13:56:00.106+0000][1][safepoint    ] Entering safepoint region: Cleanup
[2020-01-13T13:56:00.106+0000][1][safepoint    ] Leaving safepoint region
[2020-01-13T13:56:00.106+0000][1][safepoint    ] Total time for which application threads were stopped: 0.0001263 seconds, Stopping threads took: 0.0000332 seconds
[2020-01-13T13:56:01.106+0000][1][safepoint    ] Application time: 1.0000896 seconds
[2020-01-13T13:56:01.106+0000][1][safepoint    ] Entering safepoint region: Cleanup
[2020-01-13T13:56:01.106+0000][1][safepoint    ] Leaving safepoint region
[2020-01-13T13:56:01.106+0000][1][safepoint    ] Total time for which application threads were stopped: 0.0001163 seconds, Stopping threads took: 0.0000303 seconds
[2020-01-13T13:56:02.107+0000][1][safepoint    ] Application time: 1.0001416 seconds
[2020-01-13T13:56:02.107+0000][1][safepoint    ] Entering safepoint region: Cleanup
[2020-01-13T13:56:02.107+0000][1][safepoint    ] Leaving safepoint region
[2020-01-13T13:56:02.107+0000][1][safepoint    ] Total time for which application threads were stopped: 0.0001254 seconds, Stopping threads took: 0.0000336 seconds
[2020-01-13T13:56:03.107+0000][1][safepoint    ] Application time: 1.0001362 seconds
[2020-01-13T13:56:03.107+0000][1][safepoint    ] Entering safepoint region: Cleanup
[2020-01-13T13:56:03.107+0000][1][safepoint    ] Leaving safepoint region
[2020-01-13T13:56:03.107+0000][1][safepoint    ] Total time for which application threads were stopped: 0.0001148 seconds, Stopping threads took: 0.0000322 seconds
[2020-01-13T13:56:04.107+0000][1][safepoint    ] Application time: 1.0001580 seconds
[2020-01-13T13:56:04.107+0000][1][safepoint    ] Entering safepoint region: Cleanup
[2020-01-13T13:56:04.108+0000][1][safepoint    ] Leaving safepoint region
[2020-01-13T13:56:04.108+0000][1][safepoint    ] Total time for which application threads were stopped: 0.0007634 seconds, Stopping threads took: 0.0000296 seconds
[2020-01-13T13:56:05.108+0000][1][safepoint    ] Application time: 1.0001273 seconds
[2020-01-13T13:56:05.108+0000][1][safepoint    ] Entering safepoint region: Cleanup
[2020-01-13T13:56:05.108+0000][1][safepoint    ] Leaving safepoint region
[2020-01-13T13:56:05.108+0000][1][safepoint    ] Total time for which application threads were stopped: 0.0001188 seconds, Stopping threads took: 0.0000288 seconds
[2020-01-13T13:56:06.109+0000][1][safepoint    ] Application time: 1.0000932 seconds
[2020-01-13T13:56:06.109+0000][1][safepoint    ] Entering safepoint region: Cleanup
[2020-01-13T13:56:06.109+0000][1][safepoint    ] Leaving safepoint region
[2020-01-13T13:56:06.109+0000][1][safepoint    ] Total time for which application threads were stopped: 0.0001098 seconds, Stopping threads took: 0.0000283 seconds
[2020-01-13T13:56:07.109+0000][1][safepoint    ] Application time: 1.0001006 seconds
[2020-01-13T13:56:07.109+0000][1][safepoint    ] Entering safepoint region: Cleanup
[2020-01-13T13:56:07.109+0000][1][safepoint    ] Leaving safepoint region
[2020-01-13T13:56:07.109+0000][1][safepoint    ] Total time for which application threads were stopped: 0.0001325 seconds, Stopping threads took: 0.0000313 seconds
[2020-01-13T13:56:08.109+0000][1][safepoint    ] Application time: 1.0000889 seconds
[2020-01-13T13:56:08.109+0000][1][safepoint    ] Entering safepoint region: Cleanup
[2020-01-13T13:56:08.109+0000][1][safepoint    ] Leaving safepoint region
[2020-01-13T13:56:08.109+0000][1][safepoint    ] Total time for which application threads were stopped: 0.0001422 seconds, Stopping threads took: 0.0000276 seconds
[2020-01-13T13:56:09.109+0000][1][safepoint    ] Application time: 1.0000864 seconds
[2020-01-13T13:56:09.111+0000][1][safepoint    ] Entering safepoint region: Cleanup
[2020-01-13T13:56:09.111+0000][1][safepoint    ] Leaving safepoint region
[2020-01-13T13:56:09.111+0000][1][safepoint    ] Total time for which application threads were stopped: 0.0001763 seconds, Stopping threads took: 0.0000871 seconds
[2020-01-13T13:56:09.135+0000][1][safepoint    ] Application time: 0.0236875 seconds
[2020-01-13T13:56:09.135+0000][1][safepoint    ] Entering safepoint region: GenCollectForAllocation
[2020-01-13T13:56:09.135+0000][1][gc,start     ] GC(31) Pause Young (Allocation Failure)
[2020-01-13T13:56:09.135+0000][1][gc,task      ] GC(31) Using 1 workers of 1 for evacuation
[2020-01-13T13:56:09.139+0000][1][gc,age       ] GC(31) Desired survivor size 4358144 bytes, new threshold 6 (max threshold 6)
[2020-01-13T13:56:09.139+0000][1][gc,age       ] GC(31) Age table with threshold 6 (max threshold 6)
[2020-01-13T13:56:09.139+0000][1][gc,age       ] GC(31) - age   1:      87416 bytes,      87416 total
[2020-01-13T13:56:09.139+0000][1][gc,age       ] GC(31) - age   2:       2800 bytes,      90216 total
[2020-01-13T13:56:09.139+0000][1][gc,age       ] GC(31) - age   3:       5000 bytes,      95216 total
[2020-01-13T13:56:09.139+0000][1][gc,age       ] GC(31) - age   4:       7688 bytes,     102904 total
[2020-01-13T13:56:09.139+0000][1][gc,age       ] GC(31) - age   5:       5456 bytes,     108360 total
[2020-01-13T13:56:09.139+0000][1][gc,age       ] GC(31) - age   6:       9808 bytes,     118168 total
[2020-01-13T13:56:09.139+0000][1][gc,heap      ] GC(31) ParNew: 68464K->182K(76672K)
[2020-01-13T13:56:09.139+0000][1][gc,heap      ] GC(31) CMS: 69068K->69095K(176960K)
[2020-01-13T13:56:09.139+0000][1][gc,metaspace ] GC(31) Metaspace: 72195K->72195K(1116160K)
[2020-01-13T13:56:09.139+0000][1][gc           ] GC(31) Pause Young (Allocation Failure) 134M->67M(247M) 4.286ms
[2020-01-13T13:56:09.139+0000][1][gc,cpu       ] GC(31) User=0.01s Sys=0.00s Real=0.01s
[2020-01-13T13:56:09.139+0000][1][safepoint    ] Leaving safepoint region
[2020-01-13T13:56:09.139+0000][1][safepoint    ] Total time for which application threads were stopped: 0.0045837 seconds, Stopping threads took: 0.0000581 seconds
[2020-01-13T13:56:10.143+0000][1][safepoint    ] Application time: 1.0042736 seconds
[2020-01-13T13:56:10.143+0000][1][safepoint    ] Entering safepoint region: Cleanup
[2020-01-13T13:56:10.144+0000][1][safepoint    ] Leaving safepoint region
[2020-01-13T13:56:10.144+0000][1][safepoint    ] Total time for which application threads were stopped: 0.0001239 seconds, Stopping threads took: 0.0000281 seconds
[2020-01-13T13:56:11.144+0000][1][safepoint    ] Application time: 1.0001159 seconds
[2020-01-13T13:56:11.144+0000][1][safepoint    ] Entering safepoint region: Cleanup
[2020-01-13T13:56:11.144+0000][1][safepoint    ] Leaving safepoint region
[2020-01-13T13:56:11.144+0000][1][safepoint    ] Total time for which application threads were stopped: 0.0001127 seconds, Stopping threads took: 0.0000286 seconds
[2020-01-13T13:56:12.144+0000][1][safepoint    ] Application time: 1.0001140 seconds
[2020-01-13T13:56:12.144+0000][1][safepoint    ] Entering safepoint region: Cleanup
[2020-01-13T13:56:12.144+0000][1][safepoint    ] Leaving safepoint region
[2020-01-13T13:56:12.144+0000][1][safepoint    ] Total time for which application threads were stopped: 0.0001150 seconds, Stopping threads took: 0.0000278 seconds
[2020-01-13T13:56:13.144+0000][1][safepoint    ] Application time: 1.0001169 seconds
[2020-01-13T13:56:13.144+0000][1][safepoint    ] Entering safepoint region: Cleanup
[2020-01-13T13:56:13.145+0000][1][safepoint    ] Leaving safepoint region
[2020-01-13T13:56:13.145+0000][1][safepoint    ] Total time for which application threads were stopped: 0.0001619 seconds, Stopping threads took: 0.0000267 seconds
[2020-01-13T13:56:14.145+0000][1][safepoint    ] Application time: 1.0000941 seconds
[2020-01-13T13:56:14.146+0000][1][safepoint    ] Entering safepoint region: Cleanup
[2020-01-13T13:56:14.146+0000][1][safepoint    ] Leaving safepoint region
[2020-01-13T13:56:14.146+0000][1][safepoint    ] Total time for which application threads were stopped: 0.0001640 seconds, Stopping threads took: 0.0000679 seconds
[2020-01-13T13:56:15.146+0000][1][safepoint    ] Application time: 1.0000871 seconds
[2020-01-13T13:56:15.146+0000][1][safepoint    ] Entering safepoint region: Cleanup
[2020-01-13T13:56:15.146+0000][1][safepoint    ] Leaving safepoint region
[2020-01-13T13:56:15.146+0000][1][safepoint    ] Total time for which application threads were stopped: 0.0001257 seconds, Stopping threads took: 0.0000319 seconds
[2020-01-13T13:56:16.146+0000][1][safepoint    ] Application time: 1.0000448 seconds
[2020-01-13T13:56:16.146+0000][1][safepoint    ] Entering safepoint region: Cleanup
[2020-01-13T13:56:16.146+0000][1][safepoint    ] Leaving safepoint region
[2020-01-13T13:56:16.146+0000][1][safepoint    ] Total time for which application threads were stopped: 0.0001105 seconds, Stopping threads took: 0.0000279 seconds
[2020-01-13T13:56:17.147+0000][1][safepoint    ] Application time: 1.0001439 seconds
[2020-01-13T13:56:17.147+0000][1][safepoint    ] Entering safepoint region: Cleanup
[2020-01-13T13:56:17.147+0000][1][safepoint    ] Leaving safepoint region
[2020-01-13T13:56:17.147+0000][1][safepoint    ] Total time for which application threads were stopped: 0.0001113 seconds, Stopping threads took: 0.0000271 seconds
[2020-01-13T13:56:18.147+0000][1][safepoint    ] Application time: 1.0001438 seconds
[2020-01-13T13:56:18.147+0000][1][safepoint    ] Entering safepoint region: Cleanup
[2020-01-13T13:56:18.147+0000][1][safepoint    ] Leaving safepoint region
[2020-01-13T13:56:18.147+0000][1][safepoint    ] Total time for which application threads were stopped: 0.0001108 seconds, Stopping threads took: 0.0000271 seconds
[2020-01-13T13:56:19.147+0000][1][safepoint    ] Application time: 1.0001191 seconds
[2020-01-13T13:56:19.149+0000][1][safepoint    ] Entering safepoint region: Cleanup
[2020-01-13T13:56:19.149+0000][1][safepoint    ] Leaving safepoint region
[2020-01-13T13:56:19.149+0000][1][safepoint    ] Total time for which application threads were stopped: 0.0001359 seconds, Stopping threads took: 0.0000497 seconds
[2020-01-13T13:56:20.149+0000][1][safepoint    ] Application time: 1.0001436 seconds
[2020-01-13T13:56:20.149+0000][1][safepoint    ] Entering safepoint region: Cleanup
[2020-01-13T13:56:20.149+0000][1][safepoint    ] Leaving safepoint region
[2020-01-13T13:56:20.149+0000][1][safepoint    ] Total time for which application threads were stopped: 0.0001126 seconds, Stopping threads took: 0.0000269 seconds
[2020-01-13T13:56:21.149+0000][1][safepoint    ] Application time: 1.0001372 seconds
[2020-01-13T13:56:21.149+0000][1][safepoint    ] Entering safepoint region: Cleanup
[2020-01-13T13:56:21.150+0000][1][safepoint    ] Leaving safepoint region
[2020-01-13T13:56:21.150+0000][1][safepoint    ] Total time for which application threads were stopped: 0.0001143 seconds, Stopping threads took: 0.0000293 seconds
[2020-01-13T13:56:22.150+0000][1][safepoint    ] Application time: 1.0001318 seconds
[2020-01-13T13:56:22.150+0000][1][safepoint    ] Entering safepoint region: Cleanup
[2020-01-13T13:56:22.150+0000][1][safepoint    ] Leaving safepoint region
[2020-01-13T13:56:22.150+0000][1][safepoint    ] Total time for which application threads were stopped: 0.0001208 seconds, Stopping threads took: 0.0000325 seconds
[2020-01-13T13:56:23.150+0000][1][safepoint    ] Application time: 1.0000994 seconds
[2020-01-13T13:56:23.150+0000][1][safepoint    ] Entering safepoint region: Cleanup
[2020-01-13T13:56:23.150+0000][1][safepoint    ] Leaving safepoint region
[2020-01-13T13:56:23.150+0000][1][safepoint    ] Total time for which application threads were stopped: 0.0001173 seconds, Stopping threads took: 0.0000287 seconds
[2020-01-13T13:56:25.130+0000][1][safepoint    ] Application time: 1.9801868 seconds
[2020-01-13T13:56:25.130+0000][1][safepoint    ] Entering safepoint region: Cleanup
[2020-01-13T13:56:25.131+0000][1][safepoint    ] Leaving safepoint region
[2020-01-13T13:56:25.131+0000][1][safepoint    ] Total time for which application threads were stopped: 0.0001307 seconds, Stopping threads took: 0.0000277 seconds
[2020-01-13T13:56:26.131+0000][1][safepoint    ] Application time: 1.0001003 seconds
[2020-01-13T13:56:26.131+0000][1][safepoint    ] Entering safepoint region: Cleanup
[2020-01-13T13:56:26.131+0000][1][safepoint    ] Leaving safepoint region
[2020-01-13T13:56:26.131+0000][1][safepoint    ] Total time for which application threads were stopped: 0.0001108 seconds, Stopping threads took: 0.0000254 seconds
[2020-01-13T13:56:27.131+0000][1][safepoint    ] Application time: 1.0001004 seconds
[2020-01-13T13:56:27.131+0000][1][safepoint    ] Entering safepoint region: Cleanup
[2020-01-13T13:56:27.131+0000][1][safepoint    ] Leaving safepoint region
[2020-01-13T13:56:27.131+0000][1][safepoint    ] Total time for which application threads were stopped: 0.0001060 seconds, Stopping threads took: 0.0000241 seconds
[2020-01-13T13:56:28.131+0000][1][safepoint    ] Application time: 1.0000934 seconds
[2020-01-13T13:56:28.131+0000][1][safepoint    ] Entering safepoint region: Cleanup
[2020-01-13T13:56:28.131+0000][1][safepoint    ] Leaving safepoint region
[2020-01-13T13:56:28.131+0000][1][safepoint    ] Total time for which application threads were stopped: 0.0001057 seconds, Stopping threads took: 0.0000253 seconds
[2020-01-13T13:56:29.132+0000][1][safepoint    ] Application time: 1.0001579 seconds
[2020-01-13T13:56:29.132+0000][1][safepoint    ] Entering safepoint region: Cleanup
[2020-01-13T13:56:29.132+0000][1][safepoint    ] Leaving safepoint region
[2020-01-13T13:56:29.132+0000][1][safepoint    ] Total time for which application threads were stopped: 0.0001103 seconds, Stopping threads took: 0.0000275 seconds
[2020-01-13T13:56:30.132+0000][1][safepoint    ] Application time: 1.0001424 seconds
[2020-01-13T13:56:30.132+0000][1][safepoint    ] Entering safepoint region: Cleanup
[2020-01-13T13:56:30.132+0000][1][safepoint    ] Leaving safepoint region
[2020-01-13T13:56:30.132+0000][1][safepoint    ] Total time for which application threads were stopped: 0.0001096 seconds, Stopping threads took: 0.0000276 seconds
[2020-01-13T13:56:31.132+0000][1][safepoint    ] Application time: 1.0001440 seconds
[2020-01-13T13:56:31.132+0000][1][safepoint    ] Entering safepoint region: Cleanup
[2020-01-13T13:56:31.132+0000][1][safepoint    ] Leaving safepoint region
[2020-01-13T13:56:31.132+0000][1][safepoint    ] Total time for which application threads were stopped: 0.0001177 seconds, Stopping threads took: 0.0000265 seconds
[2020-01-13T13:56:32.133+0000][1][safepoint    ] Application time: 1.0001383 seconds
[2020-01-13T13:56:32.133+0000][1][safepoint    ] Entering safepoint region: Cleanup
[2020-01-13T13:56:32.133+0000][1][safepoint    ] Leaving safepoint region
[2020-01-13T13:56:32.133+0000][1][safepoint    ] Total time for which application threads were stopped: 0.0001100 seconds, Stopping threads took: 0.0000267 seconds
[2020-01-13T13:56:33.133+0000][1][safepoint    ] Application time: 1.0001187 seconds
[2020-01-13T13:56:33.133+0000][1][safepoint    ] Entering safepoint region: Cleanup
[2020-01-13T13:56:33.133+0000][1][safepoint    ] Leaving safepoint region
[2020-01-13T13:56:33.133+0000][1][safepoint    ] Total time for which application threads were stopped: 0.0001127 seconds, Stopping threads took: 0.0000283 seconds
[2020-01-13T13:56:34.133+0000][1][safepoint    ] Application time: 1.0001384 seconds
[2020-01-13T13:56:34.134+0000][1][safepoint    ] Entering safepoint region: Cleanup
[2020-01-13T13:56:34.134+0000][1][safepoint    ] Leaving safepoint region
[2020-01-13T13:56:34.134+0000][1][safepoint    ] Total time for which application threads were stopped: 0.0001435 seconds, Stopping threads took: 0.0000394 seconds
[2020-01-13T13:56:35.135+0000][1][safepoint    ] Application time: 1.0000802 seconds
[2020-01-13T13:56:35.135+0000][1][safepoint    ] Entering safepoint region: Cleanup
[2020-01-13T13:56:35.135+0000][1][safepoint    ] Leaving safepoint region
[2020-01-13T13:56:35.135+0000][1][safepoint    ] Total time for which application threads were stopped: 0.0001085 seconds, Stopping threads took: 0.0000306 seconds
[2020-01-13T13:56:36.135+0000][1][safepoint    ] Application time: 1.0001498 seconds
[2020-01-13T13:56:36.135+0000][1][safepoint    ] Entering safepoint region: Cleanup
[2020-01-13T13:56:36.135+0000][1][safepoint    ] Leaving safepoint region
[2020-01-13T13:56:36.135+0000][1][safepoint    ] Total time for which application threads were stopped: 0.0001151 seconds, Stopping threads took: 0.0000319 seconds
[2020-01-13T13:56:37.135+0000][1][safepoint    ] Application time: 1.0001287 seconds
[2020-01-13T13:56:37.135+0000][1][safepoint    ] Entering safepoint region: Cleanup
[2020-01-13T13:56:37.135+0000][1][safepoint    ] Leaving safepoint region
[2020-01-13T13:56:37.135+0000][1][safepoint    ] Total time for which application threads were stopped: 0.0001224 seconds, Stopping threads took: 0.0000295 seconds
[2020-01-13T13:56:38.136+0000][1][safepoint    ] Application time: 1.0000888 seconds
[2020-01-13T13:56:38.136+0000][1][safepoint    ] Entering safepoint region: Cleanup
[2020-01-13T13:56:38.136+0000][1][safepoint    ] Leaving safepoint region
[2020-01-13T13:56:38.136+0000][1][safepoint    ] Total time for which application threads were stopped: 0.0001188 seconds, Stopping threads took: 0.0000316 seconds
[2020-01-13T13:56:39.117+0000][1][safepoint    ] Application time: 0.9808855 seconds
[2020-01-13T13:56:39.117+0000][1][safepoint    ] Entering safepoint region: RevokeBias
[2020-01-13T13:56:39.117+0000][1][safepoint    ] Leaving safepoint region
[2020-01-13T13:56:39.117+0000][1][safepoint    ] Total time for which application threads were stopped: 0.0001214 seconds, Stopping threads took: 0.0000262 seconds
[2020-01-13T13:56:40.117+0000][1][safepoint    ] Application time: 1.0001031 seconds
[2020-01-13T13:56:40.117+0000][1][safepoint    ] Entering safepoint region: Cleanup
[2020-01-13T13:56:40.117+0000][1][safepoint    ] Leaving safepoint region
[2020-01-13T13:56:40.117+0000][1][safepoint    ] Total time for which application threads were stopped: 0.0001624 seconds, Stopping threads took: 0.0000253 seconds
[2020-01-13T13:56:41.117+0000][1][safepoint    ] Application time: 1.0001573 seconds
[2020-01-13T13:56:41.117+0000][1][safepoint    ] Entering safepoint region: Cleanup
[2020-01-13T13:56:41.117+0000][1][safepoint    ] Leaving safepoint region
[2020-01-13T13:56:41.117+0000][1][safepoint    ] Total time for which application threads were stopped: 0.0001149 seconds, Stopping threads took: 0.0000266 seconds
[2020-01-13T13:56:42.118+0000][1][safepoint    ] Application time: 1.0001090 seconds
[2020-01-13T13:56:42.118+0000][1][safepoint    ] Entering safepoint region: Cleanup
[2020-01-13T13:56:42.118+0000][1][safepoint    ] Leaving safepoint region
[2020-01-13T13:56:42.118+0000][1][safepoint    ] Total time for which application threads were stopped: 0.0001228 seconds, Stopping threads took: 0.0000308 seconds
[2020-01-13T13:56:43.118+0000][1][safepoint    ] Application time: 1.0001101 seconds
[2020-01-13T13:56:43.118+0000][1][safepoint    ] Entering safepoint region: Cleanup
[2020-01-13T13:56:43.118+0000][1][safepoint    ] Leaving safepoint region
[2020-01-13T13:56:43.118+0000][1][safepoint    ] Total time for which application threads were stopped: 0.0001197 seconds, Stopping threads took: 0.0000310 seconds
[2020-01-13T13:56:44.118+0000][1][safepoint    ] Application time: 1.0001084 seconds
[2020-01-13T13:56:44.118+0000][1][safepoint    ] Entering safepoint region: Cleanup
[2020-01-13T13:56:44.118+0000][1][safepoint    ] Leaving safepoint region
[2020-01-13T13:56:44.118+0000][1][safepoint    ] Total time for which application threads were stopped: 0.0001439 seconds, Stopping threads took: 0.0000288 seconds
[2020-01-13T13:56:45.118+0000][1][safepoint    ] Application time: 1.0001037 seconds
[2020-01-13T13:56:45.119+0000][1][safepoint    ] Entering safepoint region: Cleanup
[2020-01-13T13:56:45.119+0000][1][safepoint    ] Leaving safepoint region
[2020-01-13T13:56:45.119+0000][1][safepoint    ] Total time for which application threads were stopped: 0.0001293 seconds, Stopping threads took: 0.0000422 seconds
[2020-01-13T13:56:46.120+0000][1][safepoint    ] Application time: 1.0001071 seconds
[2020-01-13T13:56:46.120+0000][1][safepoint    ] Entering safepoint region: Cleanup
[2020-01-13T13:56:46.120+0000][1][safepoint    ] Leaving safepoint region
[2020-01-13T13:56:46.120+0000][1][safepoint    ] Total time for which application threads were stopped: 0.0001132 seconds, Stopping threads took: 0.0000280 seconds
[2020-01-13T13:56:47.120+0000][1][safepoint    ] Application time: 1.0000975 seconds
[2020-01-13T13:56:47.120+0000][1][safepoint    ] Entering safepoint region: Cleanup
[2020-01-13T13:56:47.120+0000][1][safepoint    ] Leaving safepoint region
[2020-01-13T13:56:47.120+0000][1][safepoint    ] Total time for which application threads were stopped: 0.0001198 seconds, Stopping threads took: 0.0000311 seconds
[2020-01-13T13:56:48.120+0000][1][safepoint    ] Application time: 1.0000935 seconds
[2020-01-13T13:56:48.120+0000][1][safepoint    ] Entering safepoint region: Cleanup
[2020-01-13T13:56:48.120+0000][1][safepoint    ] Leaving safepoint region
[2020-01-13T13:56:48.120+0000][1][safepoint    ] Total time for which application threads were stopped: 0.0001332 seconds, Stopping threads took: 0.0000287 seconds
[2020-01-13T13:56:49.120+0000][1][safepoint    ] Application time: 1.0000890 seconds
[2020-01-13T13:56:49.121+0000][1][safepoint    ] Entering safepoint region: Cleanup
[2020-01-13T13:56:49.121+0000][1][safepoint    ] Leaving safepoint region
[2020-01-13T13:56:49.121+0000][1][safepoint    ] Total time for which application threads were stopped: 0.0001156 seconds, Stopping threads took: 0.0000308 seconds
[2020-01-13T13:56:50.121+0000][1][safepoint    ] Application time: 1.0000858 seconds
[2020-01-13T13:56:50.122+0000][1][safepoint    ] Entering safepoint region: Cleanup
[2020-01-13T13:56:50.122+0000][1][safepoint    ] Leaving safepoint region
[2020-01-13T13:56:50.122+0000][1][safepoint    ] Total time for which application threads were stopped: 0.0001270 seconds, Stopping threads took: 0.0000444 seconds
[2020-01-13T13:56:51.122+0000][1][safepoint    ] Application time: 1.0001310 seconds
[2020-01-13T13:56:51.122+0000][1][safepoint    ] Entering safepoint region: Cleanup
[2020-01-13T13:56:51.122+0000][1][safepoint    ] Leaving safepoint region
[2020-01-13T13:56:51.122+0000][1][safepoint    ] Total time for which application threads were stopped: 0.0001178 seconds, Stopping threads took: 0.0000299 seconds
[2020-01-13T13:56:52.122+0000][1][safepoint    ] Application time: 1.0001200 seconds
[2020-01-13T13:56:52.122+0000][1][safepoint    ] Entering safepoint region: Cleanup
[2020-01-13T13:56:52.122+0000][1][safepoint    ] Leaving safepoint region
[2020-01-13T13:56:52.122+0000][1][safepoint    ] Total time for which application threads were stopped: 0.0001249 seconds, Stopping threads took: 0.0000408 seconds
[2020-01-13T13:56:53.123+0000][1][safepoint    ] Application time: 1.0001268 seconds
[2020-01-13T13:56:53.123+0000][1][safepoint    ] Entering safepoint region: Cleanup
[2020-01-13T13:56:53.123+0000][1][safepoint    ] Leaving safepoint region
[2020-01-13T13:56:53.123+0000][1][safepoint    ] Total time for which application threads were stopped: 0.0001172 seconds, Stopping threads took: 0.0000313 seconds
[2020-01-13T13:56:54.123+0000][1][safepoint    ] Application time: 1.0000848 seconds
[2020-01-13T13:56:54.123+0000][1][safepoint    ] Entering safepoint region: Cleanup
[2020-01-13T13:56:54.123+0000][1][safepoint    ] Leaving safepoint region
[2020-01-13T13:56:54.123+0000][1][safepoint    ] Total time for which application threads were stopped: 0.0000854 seconds, Stopping threads took: 0.0000162 seconds
[2020-01-13T13:56:55.123+0000][1][safepoint    ] Application time: 1.0000964 seconds
[2020-01-13T13:56:55.123+0000][1][safepoint    ] Entering safepoint region: Cleanup
[2020-01-13T13:56:55.123+0000][1][safepoint    ] Leaving safepoint region
[2020-01-13T13:56:55.123+0000][1][safepoint    ] Total time for which application threads were stopped: 0.0001394 seconds, Stopping threads took: 0.0000434 seconds
[2020-01-13T13:56:56.123+0000][1][safepoint    ] Application time: 1.0001071 seconds
[2020-01-13T13:56:56.123+0000][1][safepoint    ] Entering safepoint region: Cleanup
[2020-01-13T13:56:56.123+0000][1][safepoint    ] Leaving safepoint region
[2020-01-13T13:56:56.123+0000][1][safepoint    ] Total time for which application threads were stopped: 0.0001120 seconds, Stopping threads took: 0.0000258 seconds
[2020-01-13T13:56:57.124+0000][1][safepoint    ] Application time: 1.0001157 seconds
[2020-01-13T13:56:57.124+0000][1][safepoint    ] Entering safepoint region: Cleanup
[2020-01-13T13:56:57.124+0000][1][safepoint    ] Leaving safepoint region
[2020-01-13T13:56:57.124+0000][1][safepoint    ] Total time for which application threads were stopped: 0.0001149 seconds, Stopping threads took: 0.0000283 seconds
[2020-01-13T13:56:58.124+0000][1][safepoint    ] Application time: 1.0000920 seconds
[2020-01-13T13:56:58.125+0000][1][safepoint    ] Entering safepoint region: Cleanup
[2020-01-13T13:56:58.125+0000][1][safepoint    ] Leaving safepoint region
[2020-01-13T13:56:58.125+0000][1][safepoint    ] Total time for which application threads were stopped: 0.0001297 seconds, Stopping threads took: 0.0000440 seconds
[2020-01-13T13:56:59.125+0000][1][safepoint    ] Application time: 1.0000849 seconds
[2020-01-13T13:56:59.125+0000][1][safepoint    ] Entering safepoint region: Cleanup
[2020-01-13T13:56:59.125+0000][1][safepoint    ] Leaving safepoint region
[2020-01-13T13:56:59.125+0000][1][safepoint    ] Total time for which application threads were stopped: 0.0001209 seconds, Stopping threads took: 0.0000280 seconds
[2020-01-13T13:57:00.125+0000][1][safepoint    ] Application time: 1.0000852 seconds
[2020-01-13T13:57:00.125+0000][1][safepoint    ] Entering safepoint region: Cleanup
[2020-01-13T13:57:00.126+0000][1][safepoint    ] Leaving safepoint region
[2020-01-13T13:57:00.126+0000][1][safepoint    ] Total time for which application threads were stopped: 0.0001050 seconds, Stopping threads took: 0.0000239 seconds
[2020-01-13T13:57:01.126+0000][1][safepoint    ] Application time: 1.0001218 seconds
[2020-01-13T13:57:01.126+0000][1][safepoint    ] Entering safepoint region: Cleanup
[2020-01-13T13:57:01.126+0000][1][safepoint    ] Leaving safepoint region
[2020-01-13T13:57:01.126+0000][1][safepoint    ] Total time for which application threads were stopped: 0.0001138 seconds, Stopping threads took: 0.0000304 seconds
[2020-01-13T13:57:02.126+0000][1][safepoint    ] Application time: 1.0001164 seconds
[2020-01-13T13:57:02.126+0000][1][safepoint    ] Entering safepoint region: Cleanup
[2020-01-13T13:57:02.126+0000][1][safepoint    ] Leaving safepoint region
[2020-01-13T13:57:02.126+0000][1][safepoint    ] Total time for which application threads were stopped: 0.0001349 seconds, Stopping threads took: 0.0000276 seconds
[2020-01-13T13:57:03.126+0000][1][safepoint    ] Application time: 1.0000938 seconds
[2020-01-13T13:57:03.127+0000][1][safepoint    ] Entering safepoint region: Cleanup
[2020-01-13T13:57:03.127+0000][1][safepoint    ] Leaving safepoint region
[2020-01-13T13:57:03.127+0000][1][safepoint    ] Total time for which application threads were stopped: 0.0001262 seconds, Stopping threads took: 0.0000378 seconds
[2020-01-13T13:57:04.128+0000][1][safepoint    ] Application time: 1.0000893 seconds
[2020-01-13T13:57:04.128+0000][1][safepoint    ] Entering safepoint region: Cleanup
[2020-01-13T13:57:04.128+0000][1][safepoint    ] Leaving safepoint region
[2020-01-13T13:57:04.128+0000][1][safepoint    ] Total time for which application threads were stopped: 0.0001235 seconds, Stopping threads took: 0.0000412 seconds
[2020-01-13T13:57:05.128+0000][1][safepoint    ] Application time: 1.0000837 seconds
[2020-01-13T13:57:05.128+0000][1][safepoint    ] Entering safepoint region: Cleanup
[2020-01-13T13:57:05.128+0000][1][safepoint    ] Leaving safepoint region
[2020-01-13T13:57:05.128+0000][1][safepoint    ] Total time for which application threads were stopped: 0.0001226 seconds, Stopping threads took: 0.0000410 seconds
[2020-01-13T13:57:06.128+0000][1][safepoint    ] Application time: 1.0000819 seconds
[2020-01-13T13:57:06.128+0000][1][safepoint    ] Entering safepoint region: Cleanup
[2020-01-13T13:57:06.128+0000][1][safepoint    ] Leaving safepoint region
[2020-01-13T13:57:06.128+0000][1][safepoint    ] Total time for which application threads were stopped: 0.0001065 seconds, Stopping threads took: 0.0000276 seconds
[2020-01-13T13:57:07.128+0000][1][safepoint    ] Application time: 1.0001466 seconds
[2020-01-13T13:57:07.128+0000][1][safepoint    ] Entering safepoint region: Cleanup
[2020-01-13T13:57:07.129+0000][1][safepoint    ] Leaving safepoint region
[2020-01-13T13:57:07.129+0000][1][safepoint    ] Total time for which application threads were stopped: 0.0001189 seconds, Stopping threads took: 0.0000314 seconds
[2020-01-13T13:57:08.129+0000][1][safepoint    ] Application time: 1.0001041 seconds
[2020-01-13T13:57:08.130+0000][1][safepoint    ] Entering safepoint region: Cleanup
[2020-01-13T13:57:08.130+0000][1][safepoint    ] Leaving safepoint region
[2020-01-13T13:57:08.130+0000][1][safepoint    ] Total time for which application threads were stopped: 0.0001253 seconds, Stopping threads took: 0.0000412 seconds
[2020-01-13T13:57:09.132+0000][1][safepoint    ] Application time: 1.0015811 seconds
[2020-01-13T13:57:09.132+0000][1][safepoint    ] Entering safepoint region: Cleanup
[2020-01-13T13:57:09.132+0000][1][safepoint    ] Leaving safepoint region
[2020-01-13T13:57:09.132+0000][1][safepoint    ] Total time for which application threads were stopped: 0.0000952 seconds, Stopping threads took: 0.0000178 seconds
[2020-01-13T13:57:10.132+0000][1][safepoint    ] Application time: 1.0000837 seconds
[2020-01-13T13:57:10.132+0000][1][safepoint    ] Entering safepoint region: Cleanup
[2020-01-13T13:57:10.132+0000][1][safepoint    ] Leaving safepoint region
[2020-01-13T13:57:10.132+0000][1][safepoint    ] Total time for which application threads were stopped: 0.0001170 seconds, Stopping threads took: 0.0000304 seconds
[2020-01-13T13:57:11.132+0000][1][safepoint    ] Application time: 1.0000792 seconds
[2020-01-13T13:57:11.132+0000][1][safepoint    ] Entering safepoint region: Cleanup
[2020-01-13T13:57:11.132+0000][1][safepoint    ] Leaving safepoint region
[2020-01-13T13:57:11.132+0000][1][safepoint    ] Total time for which application threads were stopped: 0.0001163 seconds, Stopping threads took: 0.0000297 seconds
[2020-01-13T13:57:12.132+0000][1][safepoint    ] Application time: 1.0001413 seconds
[2020-01-13T13:57:12.132+0000][1][safepoint    ] Entering safepoint region: Cleanup
[2020-01-13T13:57:12.133+0000][1][safepoint    ] Leaving safepoint region
[2020-01-13T13:57:12.133+0000][1][safepoint    ] Total time for which application threads were stopped: 0.0001128 seconds, Stopping threads took: 0.0000295 seconds
[2020-01-13T13:57:13.133+0000][1][safepoint    ] Application time: 1.0001189 seconds
[2020-01-13T13:57:13.134+0000][1][safepoint    ] Entering safepoint region: Cleanup
[2020-01-13T13:57:13.134+0000][1][safepoint    ] Leaving safepoint region
[2020-01-13T13:57:13.134+0000][1][safepoint    ] Total time for which application threads were stopped: 0.0001554 seconds, Stopping threads took: 0.0000417 seconds
[2020-01-13T13:57:14.134+0000][1][safepoint    ] Application time: 1.0001424 seconds
[2020-01-13T13:57:14.134+0000][1][safepoint    ] Entering safepoint region: Cleanup
[2020-01-13T13:57:14.134+0000][1][safepoint    ] Leaving safepoint region
[2020-01-13T13:57:14.134+0000][1][safepoint    ] Total time for which application threads were stopped: 0.0001151 seconds, Stopping threads took: 0.0000307 seconds
[2020-01-13T13:57:15.135+0000][1][safepoint    ] Application time: 1.0000925 seconds
[2020-01-13T13:57:15.135+0000][1][safepoint    ] Entering safepoint region: Cleanup
[2020-01-13T13:57:15.135+0000][1][safepoint    ] Leaving safepoint region
[2020-01-13T13:57:15.135+0000][1][safepoint    ] Total time for which application threads were stopped: 0.0001303 seconds, Stopping threads took: 0.0000460 seconds
[2020-01-13T13:57:16.135+0000][1][safepoint    ] Application time: 1.0001416 seconds
[2020-01-13T13:57:16.135+0000][1][safepoint    ] Entering safepoint region: Cleanup
[2020-01-13T13:57:16.135+0000][1][safepoint    ] Leaving safepoint region
[2020-01-13T13:57:16.135+0000][1][safepoint    ] Total time for which application threads were stopped: 0.0001252 seconds, Stopping threads took: 0.0000375 seconds
[2020-01-13T13:57:17.135+0000][1][safepoint    ] Application time: 1.0001346 seconds
[2020-01-13T13:57:17.135+0000][1][safepoint    ] Entering safepoint region: Cleanup
[2020-01-13T13:57:17.135+0000][1][safepoint    ] Leaving safepoint region
[2020-01-13T13:57:17.135+0000][1][safepoint    ] Total time for which application threads were stopped: 0.0001186 seconds, Stopping threads took: 0.0000308 seconds
[2020-01-13T13:57:18.136+0000][1][safepoint    ] Application time: 1.0001268 seconds
[2020-01-13T13:57:18.137+0000][1][safepoint    ] Entering safepoint region: Cleanup
[2020-01-13T13:57:18.137+0000][1][safepoint    ] Leaving safepoint region
[2020-01-13T13:57:18.137+0000][1][safepoint    ] Total time for which application threads were stopped: 0.0001176 seconds, Stopping threads took: 0.0000325 seconds
[2020-01-13T13:57:19.137+0000][1][safepoint    ] Application time: 1.0001030 seconds
[2020-01-13T13:57:19.137+0000][1][safepoint    ] Entering safepoint region: Cleanup
[2020-01-13T13:57:19.137+0000][1][safepoint    ] Leaving safepoint region
[2020-01-13T13:57:19.137+0000][1][safepoint    ] Total time for which application threads were stopped: 0.0001282 seconds, Stopping threads took: 0.0000333 seconds
[2020-01-13T13:57:20.137+0000][1][safepoint    ] Application time: 1.0001356 seconds
[2020-01-13T13:57:20.137+0000][1][safepoint    ] Entering safepoint region: Cleanup
[2020-01-13T13:57:20.137+0000][1][safepoint    ] Leaving safepoint region
[2020-01-13T13:57:20.137+0000][1][safepoint    ] Total time for which application threads were stopped: 0.0001279 seconds, Stopping threads took: 0.0000290 seconds
[2020-01-13T13:57:21.137+0000][1][safepoint    ] Application time: 1.0001345 seconds
[2020-01-13T13:57:21.138+0000][1][safepoint    ] Entering safepoint region: Cleanup
[2020-01-13T13:57:21.138+0000][1][safepoint    ] Leaving safepoint region
[2020-01-13T13:57:21.138+0000][1][safepoint    ] Total time for which application threads were stopped: 0.0001116 seconds, Stopping threads took: 0.0000296 seconds
[2020-01-13T13:57:22.138+0000][1][safepoint    ] Application time: 1.0001333 seconds
[2020-01-13T13:57:22.138+0000][1][safepoint    ] Entering safepoint region: Cleanup
[2020-01-13T13:57:22.138+0000][1][safepoint    ] Leaving safepoint region
[2020-01-13T13:57:22.138+0000][1][safepoint    ] Total time for which application threads were stopped: 0.0001214 seconds, Stopping threads took: 0.0000303 seconds
[2020-01-13T13:57:23.138+0000][1][safepoint    ] Application time: 1.0001415 seconds
[2020-01-13T13:57:23.138+0000][1][safepoint    ] Entering safepoint region: Cleanup
[2020-01-13T13:57:23.138+0000][1][safepoint    ] Leaving safepoint region
[2020-01-13T13:57:23.138+0000][1][safepoint    ] Total time for which application threads were stopped: 0.0001365 seconds, Stopping threads took: 0.0000294 seconds
[2020-01-13T13:57:24.138+0000][1][safepoint    ] Application time: 1.0000745 seconds
[2020-01-13T13:57:24.138+0000][1][safepoint    ] Entering safepoint region: Cleanup
[2020-01-13T13:57:24.139+0000][1][safepoint    ] Leaving safepoint region
[2020-01-13T13:57:24.139+0000][1][safepoint    ] Total time for which application threads were stopped: 0.0001099 seconds, Stopping threads took: 0.0000231 seconds
[2020-01-13T13:57:25.139+0000][1][safepoint    ] Application time: 1.0001205 seconds
[2020-01-13T13:57:25.139+0000][1][safepoint    ] Entering safepoint region: Cleanup
[2020-01-13T13:57:25.139+0000][1][safepoint    ] Leaving safepoint region
[2020-01-13T13:57:25.139+0000][1][safepoint    ] Total time for which application threads were stopped: 0.0001428 seconds, Stopping threads took: 0.0000513 seconds
[2020-01-13T13:57:26.139+0000][1][safepoint    ] Application time: 1.0001175 seconds
[2020-01-13T13:57:26.139+0000][1][safepoint    ] Entering safepoint region: Cleanup
[2020-01-13T13:57:26.139+0000][1][safepoint    ] Leaving safepoint region
[2020-01-13T13:57:26.139+0000][1][safepoint    ] Total time for which application threads were stopped: 0.0001148 seconds, Stopping threads took: 0.0000279 seconds
[2020-01-13T13:57:27.139+0000][1][safepoint    ] Application time: 1.0001185 seconds
[2020-01-13T13:57:27.139+0000][1][safepoint    ] Entering safepoint region: Cleanup
[2020-01-13T13:57:27.139+0000][1][safepoint    ] Leaving safepoint region
[2020-01-13T13:57:27.139+0000][1][safepoint    ] Total time for which application threads were stopped: 0.0001207 seconds, Stopping threads took: 0.0000287 seconds
[2020-01-13T13:57:28.140+0000][1][safepoint    ] Application time: 1.0001298 seconds
[2020-01-13T13:57:28.141+0000][1][safepoint    ] Entering safepoint region: Cleanup
[2020-01-13T13:57:28.141+0000][1][safepoint    ] Leaving safepoint region
[2020-01-13T13:57:28.141+0000][1][safepoint    ] Total time for which application threads were stopped: 0.0001739 seconds, Stopping threads took: 0.0000713 seconds
[2020-01-13T13:57:29.141+0000][1][safepoint    ] Application time: 1.0000985 seconds
[2020-01-13T13:57:29.141+0000][1][safepoint    ] Entering safepoint region: Cleanup
[2020-01-13T13:57:29.141+0000][1][safepoint    ] Leaving safepoint region
[2020-01-13T13:57:29.141+0000][1][safepoint    ] Total time for which application threads were stopped: 0.0001217 seconds, Stopping threads took: 0.0000290 seconds
[2020-01-13T13:57:30.141+0000][1][safepoint    ] Application time: 1.0000843 seconds
[2020-01-13T13:57:30.141+0000][1][safepoint    ] Entering safepoint region: Cleanup
[2020-01-13T13:57:30.141+0000][1][safepoint    ] Leaving safepoint region
[2020-01-13T13:57:30.141+0000][1][safepoint    ] Total time for which application threads were stopped: 0.0001126 seconds, Stopping threads took: 0.0000274 seconds
[2020-01-13T13:57:31.142+0000][1][safepoint    ] Application time: 1.0001214 seconds
[2020-01-13T13:57:31.142+0000][1][safepoint    ] Entering safepoint region: Cleanup
[2020-01-13T13:57:31.142+0000][1][safepoint    ] Leaving safepoint region
[2020-01-13T13:57:31.142+0000][1][safepoint    ] Total time for which application threads were stopped: 0.0001081 seconds, Stopping threads took: 0.0000273 seconds
[2020-01-13T13:57:32.142+0000][1][safepoint    ] Application time: 1.0001423 seconds
[2020-01-13T13:57:32.142+0000][1][safepoint    ] Entering safepoint region: Cleanup
[2020-01-13T13:57:32.142+0000][1][safepoint    ] Leaving safepoint region
[2020-01-13T13:57:32.142+0000][1][safepoint    ] Total time for which application threads were stopped: 0.0001372 seconds, Stopping threads took: 0.0000304 seconds
[2020-01-13T13:57:33.142+0000][1][safepoint    ] Application time: 1.0001098 seconds
[2020-01-13T13:57:33.143+0000][1][safepoint    ] Entering safepoint region: Cleanup
[2020-01-13T13:57:33.143+0000][1][safepoint    ] Leaving safepoint region
[2020-01-13T13:57:33.143+0000][1][safepoint    ] Total time for which application threads were stopped: 0.0001680 seconds, Stopping threads took: 0.0000724 seconds
[2020-01-13T13:57:34.144+0000][1][safepoint    ] Application time: 1.0001338 seconds
[2020-01-13T13:57:34.144+0000][1][safepoint    ] Entering safepoint region: Cleanup
[2020-01-13T13:57:34.144+0000][1][safepoint    ] Leaving safepoint region
[2020-01-13T13:57:34.144+0000][1][safepoint    ] Total time for which application threads were stopped: 0.0001335 seconds, Stopping threads took: 0.0000395 seconds
[2020-01-13T13:57:35.144+0000][1][safepoint    ] Application time: 1.0000969 seconds
[2020-01-13T13:57:35.144+0000][1][safepoint    ] Entering safepoint region: Cleanup
[2020-01-13T13:57:35.144+0000][1][safepoint    ] Leaving safepoint region
[2020-01-13T13:57:35.144+0000][1][safepoint    ] Total time for which application threads were stopped: 0.0001289 seconds, Stopping threads took: 0.0000287 seconds
[2020-01-13T13:57:36.144+0000][1][safepoint    ] Application time: 1.0001172 seconds
[2020-01-13T13:57:36.144+0000][1][safepoint    ] Entering safepoint region: Cleanup
[2020-01-13T13:57:36.144+0000][1][safepoint    ] Leaving safepoint region
[2020-01-13T13:57:36.144+0000][1][safepoint    ] Total time for which application threads were stopped: 0.0001121 seconds, Stopping threads took: 0.0000338 seconds
[2020-01-13T13:57:37.145+0000][1][safepoint    ] Application time: 1.0001082 seconds
[2020-01-13T13:57:37.145+0000][1][safepoint    ] Entering safepoint region: Cleanup
[2020-01-13T13:57:37.145+0000][1][safepoint    ] Leaving safepoint region
[2020-01-13T13:57:37.145+0000][1][safepoint    ] Total time for which application threads were stopped: 0.0001041 seconds, Stopping threads took: 0.0000278 seconds
[2020-01-13T13:57:38.145+0000][1][safepoint    ] Application time: 1.0001130 seconds
[2020-01-13T13:57:38.146+0000][1][safepoint    ] Entering safepoint region: Cleanup
[2020-01-13T13:57:38.146+0000][1][safepoint    ] Leaving safepoint region
[2020-01-13T13:57:38.146+0000][1][safepoint    ] Total time for which application threads were stopped: 0.0001785 seconds, Stopping threads took: 0.0000860 seconds
[2020-01-13T13:57:39.147+0000][1][safepoint    ] Application time: 1.0009189 seconds
[2020-01-13T13:57:39.149+0000][1][safepoint    ] Entering safepoint region: Cleanup
[2020-01-13T13:57:39.149+0000][1][safepoint    ] Leaving safepoint region
[2020-01-13T13:57:39.149+0000][1][safepoint    ] Total time for which application threads were stopped: 0.0018711 seconds, Stopping threads took: 0.0017593 seconds
[2020-01-13T13:57:40.150+0000][1][safepoint    ] Application time: 1.0012712 seconds
[2020-01-13T13:57:40.151+0000][1][safepoint    ] Entering safepoint region: Cleanup
[2020-01-13T13:57:40.151+0000][1][safepoint    ] Leaving safepoint region
[2020-01-13T13:57:40.151+0000][1][safepoint    ] Total time for which application threads were stopped: 0.0001085 seconds, Stopping threads took: 0.0000297 seconds
[2020-01-13T13:57:41.151+0000][1][safepoint    ] Application time: 1.0001591 seconds
[2020-01-13T13:57:41.151+0000][1][safepoint    ] Entering safepoint region: Cleanup
[2020-01-13T13:57:41.151+0000][1][safepoint    ] Leaving safepoint region
[2020-01-13T13:57:41.151+0000][1][safepoint    ] Total time for which application threads were stopped: 0.0001113 seconds, Stopping threads took: 0.0000283 seconds
[2020-01-13T13:57:42.151+0000][1][safepoint    ] Application time: 1.0001463 seconds
[2020-01-13T13:57:42.151+0000][1][safepoint    ] Entering safepoint region: Cleanup
[2020-01-13T13:57:42.151+0000][1][safepoint    ] Leaving safepoint region
[2020-01-13T13:57:42.151+0000][1][safepoint    ] Total time for which application threads were stopped: 0.0001294 seconds, Stopping threads took: 0.0000332 seconds
[2020-01-13T13:57:43.151+0000][1][safepoint    ] Application time: 1.0001184 seconds
[2020-01-13T13:57:43.153+0000][1][safepoint    ] Entering safepoint region: Cleanup
[2020-01-13T13:57:43.153+0000][1][safepoint    ] Leaving safepoint region
[2020-01-13T13:57:43.153+0000][1][safepoint    ] Total time for which application threads were stopped: 0.0001591 seconds, Stopping threads took: 0.0000682 seconds
[2020-01-13T13:57:44.153+0000][1][safepoint    ] Application time: 1.0000927 seconds
[2020-01-13T13:57:44.153+0000][1][safepoint    ] Entering safepoint region: Cleanup
[2020-01-13T13:57:44.153+0000][1][safepoint    ] Leaving safepoint region
[2020-01-13T13:57:44.153+0000][1][safepoint    ] Total time for which application threads were stopped: 0.0001060 seconds, Stopping threads took: 0.0000261 seconds
[2020-01-13T13:57:45.153+0000][1][safepoint    ] Application time: 1.0000960 seconds
[2020-01-13T13:57:45.153+0000][1][safepoint    ] Entering safepoint region: Cleanup
[2020-01-13T13:57:45.153+0000][1][safepoint    ] Leaving safepoint region
[2020-01-13T13:57:45.153+0000][1][safepoint    ] Total time for which application threads were stopped: 0.0001325 seconds, Stopping threads took: 0.0000317 seconds
[2020-01-13T13:57:46.154+0000][1][safepoint    ] Application time: 1.0000904 seconds
[2020-01-13T13:57:46.154+0000][1][safepoint    ] Entering safepoint region: Cleanup
[2020-01-13T13:57:46.154+0000][1][safepoint    ] Leaving safepoint region
[2020-01-13T13:57:46.154+0000][1][safepoint    ] Total time for which application threads were stopped: 0.0001320 seconds, Stopping threads took: 0.0000479 seconds
[2020-01-13T13:57:47.154+0000][1][safepoint    ] Application time: 1.0001285 seconds
[2020-01-13T13:57:47.154+0000][1][safepoint    ] Entering safepoint region: Cleanup
[2020-01-13T13:57:47.154+0000][1][safepoint    ] Leaving safepoint region
[2020-01-13T13:57:47.154+0000][1][safepoint    ] Total time for which application threads were stopped: 0.0001126 seconds, Stopping threads took: 0.0000330 seconds
[2020-01-13T13:57:48.154+0000][1][safepoint    ] Application time: 1.0000974 seconds
[2020-01-13T13:57:48.155+0000][1][safepoint    ] Entering safepoint region: Cleanup
[2020-01-13T13:57:48.155+0000][1][safepoint    ] Leaving safepoint region
[2020-01-13T13:57:48.155+0000][1][safepoint    ] Total time for which application threads were stopped: 0.0001737 seconds, Stopping threads took: 0.0000817 seconds
[2020-01-13T13:57:49.155+0000][1][safepoint    ] Application time: 1.0001014 seconds
[2020-01-13T13:57:49.156+0000][1][safepoint    ] Entering safepoint region: Cleanup
[2020-01-13T13:57:49.156+0000][1][safepoint    ] Leaving safepoint region
[2020-01-13T13:57:49.156+0000][1][safepoint    ] Total time for which application threads were stopped: 0.0001249 seconds, Stopping threads took: 0.0000294 seconds
[2020-01-13T13:57:50.156+0000][1][safepoint    ] Application time: 1.0001441 seconds
[2020-01-13T13:57:50.156+0000][1][safepoint    ] Entering safepoint region: Cleanup
[2020-01-13T13:57:50.156+0000][1][safepoint    ] Leaving safepoint region
[2020-01-13T13:57:50.156+0000][1][safepoint    ] Total time for which application threads were stopped: 0.0001087 seconds, Stopping threads took: 0.0000282 seconds
[2020-01-13T13:57:51.156+0000][1][safepoint    ] Application time: 1.0001349 seconds
[2020-01-13T13:57:51.156+0000][1][safepoint    ] Entering safepoint region: Cleanup
[2020-01-13T13:57:51.156+0000][1][safepoint    ] Leaving safepoint region
[2020-01-13T13:57:51.156+0000][1][safepoint    ] Total time for which application threads were stopped: 0.0001307 seconds, Stopping threads took: 0.0000305 seconds
[2020-01-13T13:57:52.156+0000][1][safepoint    ] Application time: 1.0001481 seconds
[2020-01-13T13:57:52.157+0000][1][safepoint    ] Entering safepoint region: Cleanup
[2020-01-13T13:57:52.157+0000][1][safepoint    ] Leaving safepoint region
[2020-01-13T13:57:52.157+0000][1][safepoint    ] Total time for which application threads were stopped: 0.0001096 seconds, Stopping threads took: 0.0000305 seconds
[2020-01-13T13:57:53.157+0000][1][safepoint    ] Application time: 1.0001396 seconds
[2020-01-13T13:57:53.157+0000][1][safepoint    ] Entering safepoint region: Cleanup
[2020-01-13T13:57:53.157+0000][1][safepoint    ] Leaving safepoint region
[2020-01-13T13:57:53.157+0000][1][safepoint    ] Total time for which application threads were stopped: 0.0001138 seconds, Stopping threads took: 0.0000299 seconds
[2020-01-13T13:57:54.157+0000][1][safepoint    ] Application time: 1.0000831 seconds
[2020-01-13T13:57:54.157+0000][1][safepoint    ] Entering safepoint region: Cleanup
[2020-01-13T13:57:54.157+0000][1][safepoint    ] Leaving safepoint region
[2020-01-13T13:57:54.157+0000][1][safepoint    ] Total time for which application threads were stopped: 0.0001044 seconds, Stopping threads took: 0.0000247 seconds
[2020-01-13T13:57:55.157+0000][1][safepoint    ] Application time: 1.0000861 seconds
[2020-01-13T13:57:55.157+0000][1][safepoint    ] Entering safepoint region: Cleanup
[2020-01-13T13:57:55.158+0000][1][safepoint    ] Leaving safepoint region
[2020-01-13T13:57:55.158+0000][1][safepoint    ] Total time for which application threads were stopped: 0.0001253 seconds, Stopping threads took: 0.0000289 seconds
[2020-01-13T13:57:56.158+0000][1][safepoint    ] Application time: 1.0001416 seconds
[2020-01-13T13:57:56.158+0000][1][safepoint    ] Entering safepoint region: Cleanup
[2020-01-13T13:57:56.158+0000][1][safepoint    ] Leaving safepoint region
[2020-01-13T13:57:56.158+0000][1][safepoint    ] Total time for which application threads were stopped: 0.0001164 seconds, Stopping threads took: 0.0000295 seconds
[2020-01-13T13:57:57.158+0000][1][safepoint    ] Application time: 1.0001312 seconds
[2020-01-13T13:57:57.158+0000][1][safepoint    ] Entering safepoint region: Cleanup
[2020-01-13T13:57:57.158+0000][1][safepoint    ] Leaving safepoint region
[2020-01-13T13:57:57.158+0000][1][safepoint    ] Total time for which application threads were stopped: 0.0001123 seconds, Stopping threads took: 0.0000294 seconds
[2020-01-13T13:57:58.158+0000][1][safepoint    ] Application time: 1.0001154 seconds
[2020-01-13T13:57:58.159+0000][1][safepoint    ] Entering safepoint region: Cleanup
[2020-01-13T13:57:58.159+0000][1][safepoint    ] Leaving safepoint region
[2020-01-13T13:57:58.160+0000][1][safepoint    ] Total time for which application threads were stopped: 0.0001255 seconds, Stopping threads took: 0.0000380 seconds
[2020-01-13T13:57:59.160+0000][1][safepoint    ] Application time: 1.0001019 seconds
[2020-01-13T13:57:59.160+0000][1][safepoint    ] Entering safepoint region: Cleanup
[2020-01-13T13:57:59.160+0000][1][safepoint    ] Leaving safepoint region
[2020-01-13T13:57:59.160+0000][1][safepoint    ] Total time for which application threads were stopped: 0.0001039 seconds, Stopping threads took: 0.0000260 seconds
[2020-01-13T13:58:00.160+0000][1][safepoint    ] Application time: 1.0001100 seconds
[2020-01-13T13:58:00.160+0000][1][safepoint    ] Entering safepoint region: Cleanup
[2020-01-13T13:58:00.160+0000][1][safepoint    ] Leaving safepoint region
[2020-01-13T13:58:00.160+0000][1][safepoint    ] Total time for which application threads were stopped: 0.0001062 seconds, Stopping threads took: 0.0000257 seconds
[2020-01-13T13:58:01.160+0000][1][safepoint    ] Application time: 1.0001041 seconds
[2020-01-13T13:58:01.160+0000][1][safepoint    ] Entering safepoint region: Cleanup
[2020-01-13T13:58:01.160+0000][1][safepoint    ] Leaving safepoint region
[2020-01-13T13:58:01.160+0000][1][safepoint    ] Total time for which application threads were stopped: 0.0001246 seconds, Stopping threads took: 0.0000393 seconds
[2020-01-13T13:58:02.161+0000][1][safepoint    ] Application time: 1.0001209 seconds
[2020-01-13T13:58:02.161+0000][1][safepoint    ] Entering safepoint region: Cleanup
[2020-01-13T13:58:02.161+0000][1][safepoint    ] Leaving safepoint region
[2020-01-13T13:58:02.161+0000][1][safepoint    ] Total time for which application threads were stopped: 0.0001162 seconds, Stopping threads took: 0.0000267 seconds
[2020-01-13T13:58:03.161+0000][1][safepoint    ] Application time: 1.0001358 seconds
[2020-01-13T13:58:03.162+0000][1][safepoint    ] Entering safepoint region: Cleanup
[2020-01-13T13:58:03.162+0000][1][safepoint    ] Leaving safepoint region
[2020-01-13T13:58:03.162+0000][1][safepoint    ] Total time for which application threads were stopped: 0.0001684 seconds, Stopping threads took: 0.0000716 seconds
[2020-01-13T13:58:04.162+0000][1][safepoint    ] Application time: 1.0001412 seconds
[2020-01-13T13:58:04.162+0000][1][safepoint    ] Entering safepoint region: Cleanup
[2020-01-13T13:58:04.162+0000][1][safepoint    ] Leaving safepoint region
[2020-01-13T13:58:04.162+0000][1][safepoint    ] Total time for which application threads were stopped: 0.0001464 seconds, Stopping threads took: 0.0000448 seconds
[2020-01-13T13:58:05.162+0000][1][safepoint    ] Application time: 1.0001217 seconds
[2020-01-13T13:58:05.163+0000][1][safepoint    ] Entering safepoint region: Cleanup
[2020-01-13T13:58:05.163+0000][1][safepoint    ] Leaving safepoint region
[2020-01-13T13:58:05.163+0000][1][safepoint    ] Total time for which application threads were stopped: 0.0001183 seconds, Stopping threads took: 0.0000328 seconds
[2020-01-13T13:58:06.163+0000][1][safepoint    ] Application time: 1.0001417 seconds
[2020-01-13T13:58:06.163+0000][1][safepoint    ] Entering safepoint region: Cleanup
[2020-01-13T13:58:06.163+0000][1][safepoint    ] Leaving safepoint region
[2020-01-13T13:58:06.163+0000][1][safepoint    ] Total time for which application threads were stopped: 0.0001070 seconds, Stopping threads took: 0.0000286 seconds
[2020-01-13T13:58:07.163+0000][1][safepoint    ] Application time: 1.0001239 seconds
[2020-01-13T13:58:07.163+0000][1][safepoint    ] Entering safepoint region: Cleanup
[2020-01-13T13:58:07.163+0000][1][safepoint    ] Leaving safepoint region
[2020-01-13T13:58:07.163+0000][1][safepoint    ] Total time for which application threads were stopped: 0.0001262 seconds, Stopping threads took: 0.0000296 seconds
[2020-01-13T13:58:08.163+0000][1][safepoint    ] Application time: 1.0001319 seconds
[2020-01-13T13:58:08.164+0000][1][safepoint    ] Entering safepoint region: Cleanup
[2020-01-13T13:58:08.164+0000][1][safepoint    ] Leaving safepoint region
[2020-01-13T13:58:08.164+0000][1][safepoint    ] Total time for which application threads were stopped: 0.0001357 seconds, Stopping threads took: 0.0000522 seconds
[2020-01-13T13:58:09.165+0000][1][safepoint    ] Application time: 1.0001518 seconds
[2020-01-13T13:58:09.165+0000][1][safepoint    ] Entering safepoint region: Cleanup
[2020-01-13T13:58:09.165+0000][1][safepoint    ] Leaving safepoint region
[2020-01-13T13:58:09.165+0000][1][safepoint    ] Total time for which application threads were stopped: 0.0001219 seconds, Stopping threads took: 0.0000291 seconds
[2020-01-13T13:58:10.165+0000][1][safepoint    ] Application time: 1.0001139 seconds
[2020-01-13T13:58:10.165+0000][1][safepoint    ] Entering safepoint region: Cleanup
[2020-01-13T13:58:10.165+0000][1][safepoint    ] Leaving safepoint region
[2020-01-13T13:58:10.165+0000][1][safepoint    ] Total time for which application threads were stopped: 0.0001164 seconds, Stopping threads took: 0.0000305 seconds
[2020-01-13T13:58:11.165+0000][1][safepoint    ] Application time: 1.0001325 seconds
[2020-01-13T13:58:11.165+0000][1][safepoint    ] Entering safepoint region: Cleanup
[2020-01-13T13:58:11.165+0000][1][safepoint    ] Leaving safepoint region
[2020-01-13T13:58:11.165+0000][1][safepoint    ] Total time for which application threads were stopped: 0.0001116 seconds, Stopping threads took: 0.0000312 seconds
[2020-01-13T13:58:12.166+0000][1][safepoint    ] Application time: 1.0001362 seconds
[2020-01-13T13:58:12.166+0000][1][safepoint    ] Entering safepoint region: Cleanup
[2020-01-13T13:58:12.166+0000][1][safepoint    ] Leaving safepoint region
[2020-01-13T13:58:12.166+0000][1][safepoint    ] Total time for which application threads were stopped: 0.0001091 seconds, Stopping threads took: 0.0000290 seconds
[2020-01-13T13:58:13.166+0000][1][safepoint    ] Application time: 1.0001503 seconds
[2020-01-13T13:58:13.167+0000][1][safepoint    ] Entering safepoint region: Cleanup
[2020-01-13T13:58:13.167+0000][1][safepoint    ] Leaving safepoint region
[2020-01-13T13:58:13.167+0000][1][safepoint    ] Total time for which application threads were stopped: 0.0001602 seconds, Stopping threads took: 0.0000716 seconds
[2020-01-13T13:58:14.167+0000][1][safepoint    ] Application time: 1.0001248 seconds
[2020-01-13T13:58:14.167+0000][1][safepoint    ] Entering safepoint region: Cleanup
[2020-01-13T13:58:14.167+0000][1][safepoint    ] Leaving safepoint region
[2020-01-13T13:58:14.167+0000][1][safepoint    ] Total time for which application threads were stopped: 0.0001088 seconds, Stopping threads took: 0.0000297 seconds
[2020-01-13T13:58:15.168+0000][1][safepoint    ] Application time: 1.0001018 seconds
[2020-01-13T13:58:15.168+0000][1][safepoint    ] Entering safepoint region: Cleanup
[2020-01-13T13:58:15.168+0000][1][safepoint    ] Leaving safepoint region
[2020-01-13T13:58:15.168+0000][1][safepoint    ] Total time for which application threads were stopped: 0.0001174 seconds, Stopping threads took: 0.0000311 seconds
[2020-01-13T13:58:16.168+0000][1][safepoint    ] Application time: 1.0001064 seconds
[2020-01-13T13:58:16.168+0000][1][safepoint    ] Entering safepoint region: Cleanup
[2020-01-13T13:58:16.168+0000][1][safepoint    ] Leaving safepoint region
[2020-01-13T13:58:16.168+0000][1][safepoint    ] Total time for which application threads were stopped: 0.0001081 seconds, Stopping threads took: 0.0000294 seconds
[2020-01-13T13:58:17.168+0000][1][safepoint    ] Application time: 1.0000956 seconds
[2020-01-13T13:58:17.168+0000][1][safepoint    ] Entering safepoint region: Cleanup
[2020-01-13T13:58:17.168+0000][1][safepoint    ] Leaving safepoint region
[2020-01-13T13:58:17.168+0000][1][safepoint    ] Total time for which application threads were stopped: 0.0001279 seconds, Stopping threads took: 0.0000296 seconds
[2020-01-13T13:58:18.168+0000][1][safepoint    ] Application time: 1.0000843 seconds
[2020-01-13T13:58:18.169+0000][1][safepoint    ] Entering safepoint region: Cleanup
[2020-01-13T13:58:18.170+0000][1][safepoint    ] Leaving safepoint region
[2020-01-13T13:58:18.170+0000][1][safepoint    ] Total time for which application threads were stopped: 0.0001231 seconds, Stopping threads took: 0.0000367 seconds
[2020-01-13T13:58:19.170+0000][1][safepoint    ] Application time: 1.0000857 seconds
[2020-01-13T13:58:19.170+0000][1][safepoint    ] Entering safepoint region: Cleanup
[2020-01-13T13:58:19.170+0000][1][safepoint    ] Leaving safepoint region
[2020-01-13T13:58:19.170+0000][1][safepoint    ] Total time for which application threads were stopped: 0.0001079 seconds, Stopping threads took: 0.0000316 seconds
[2020-01-13T13:58:20.170+0000][1][safepoint    ] Application time: 1.0001373 seconds
[2020-01-13T13:58:20.170+0000][1][safepoint    ] Entering safepoint region: Cleanup
[2020-01-13T13:58:20.170+0000][1][safepoint    ] Leaving safepoint region
[2020-01-13T13:58:20.170+0000][1][safepoint    ] Total time for which application threads were stopped: 0.0001277 seconds, Stopping threads took: 0.0000279 seconds
[2020-01-13T13:58:21.022+0000][1][safepoint    ] Application time: 0.8518695 seconds
[2020-01-13T13:58:21.022+0000][1][safepoint    ] Entering safepoint region: GenCollectForAllocation
[2020-01-13T13:58:21.022+0000][1][gc,start     ] GC(32) Pause Young (Allocation Failure)
[2020-01-13T13:58:21.022+0000][1][gc,task      ] GC(32) Using 1 workers of 1 for evacuation
[2020-01-13T13:58:21.026+0000][1][gc,age       ] GC(32) Desired survivor size 4358144 bytes, new threshold 6 (max threshold 6)
[2020-01-13T13:58:21.026+0000][1][gc,age       ] GC(32) Age table with threshold 6 (max threshold 6)
[2020-01-13T13:58:21.026+0000][1][gc,age       ] GC(32) - age   1:      28056 bytes,      28056 total
[2020-01-13T13:58:21.026+0000][1][gc,age       ] GC(32) - age   2:       2328 bytes,      30384 total
[2020-01-13T13:58:21.026+0000][1][gc,age       ] GC(32) - age   3:       2800 bytes,      33184 total
[2020-01-13T13:58:21.026+0000][1][gc,age       ] GC(32) - age   4:       5000 bytes,      38184 total
[2020-01-13T13:58:21.026+0000][1][gc,age       ] GC(32) - age   5:       7688 bytes,      45872 total
[2020-01-13T13:58:21.026+0000][1][gc,age       ] GC(32) - age   6:       5456 bytes,      51328 total
[2020-01-13T13:58:21.026+0000][1][gc,heap      ] GC(32) ParNew: 68342K->109K(76672K)
[2020-01-13T13:58:21.026+0000][1][gc,heap      ] GC(32) CMS: 69095K->69104K(176960K)
[2020-01-13T13:58:21.026+0000][1][gc,metaspace ] GC(32) Metaspace: 72234K->72234K(1116160K)
[2020-01-13T13:58:21.026+0000][1][gc           ] GC(32) Pause Young (Allocation Failure) 134M->67M(247M) 3.620ms
[2020-01-13T13:58:21.026+0000][1][gc,cpu       ] GC(32) User=0.01s Sys=0.00s Real=0.00s
[2020-01-13T13:58:21.026+0000][1][safepoint    ] Leaving safepoint region
[2020-01-13T13:58:21.026+0000][1][safepoint    ] Total time for which application threads were stopped: 0.0037989 seconds, Stopping threads took: 0.0000227 seconds
[2020-01-13T13:58:22.026+0000][1][safepoint    ] Application time: 1.0003415 seconds
[2020-01-13T13:58:22.026+0000][1][safepoint    ] Entering safepoint region: Cleanup
[2020-01-13T13:58:22.026+0000][1][safepoint    ] Leaving safepoint region
[2020-01-13T13:58:22.026+0000][1][safepoint    ] Total time for which application threads were stopped: 0.0001006 seconds, Stopping threads took: 0.0000243 seconds
[2020-01-13T13:58:23.027+0000][1][safepoint    ] Application time: 1.0000855 seconds
[2020-01-13T13:58:23.027+0000][1][safepoint    ] Entering safepoint region: Cleanup
[2020-01-13T13:58:23.027+0000][1][safepoint    ] Leaving safepoint region
[2020-01-13T13:58:23.027+0000][1][safepoint    ] Total time for which application threads were stopped: 0.0001052 seconds, Stopping threads took: 0.0000242 seconds
[2020-01-13T13:58:24.027+0000][1][safepoint    ] Application time: 1.0001233 seconds
[2020-01-13T13:58:24.027+0000][1][safepoint    ] Entering safepoint region: Cleanup
[2020-01-13T13:58:24.027+0000][1][safepoint    ] Leaving safepoint region
[2020-01-13T13:58:24.027+0000][1][safepoint    ] Total time for which application threads were stopped: 0.0001098 seconds, Stopping threads took: 0.0000282 seconds
[2020-01-13T13:58:25.027+0000][1][safepoint    ] Application time: 1.0000893 seconds
[2020-01-13T13:58:25.027+0000][1][safepoint    ] Entering safepoint region: Cleanup
[2020-01-13T13:58:25.027+0000][1][safepoint    ] Leaving safepoint region
[2020-01-13T13:58:25.027+0000][1][safepoint    ] Total time for which application threads were stopped: 0.0000988 seconds, Stopping threads took: 0.0000193 seconds
[2020-01-13T13:58:26.027+0000][1][safepoint    ] Application time: 1.0000851 seconds
[2020-01-13T13:58:26.027+0000][1][safepoint    ] Entering safepoint region: Cleanup
[2020-01-13T13:58:26.027+0000][1][safepoint    ] Leaving safepoint region
[2020-01-13T13:58:26.027+0000][1][safepoint    ] Total time for which application threads were stopped: 0.0001060 seconds, Stopping threads took: 0.0000243 seconds
[2020-01-13T13:58:27.028+0000][1][safepoint    ] Application time: 1.0000885 seconds
[2020-01-13T13:58:27.028+0000][1][safepoint    ] Entering safepoint region: Cleanup
[2020-01-13T13:58:27.028+0000][1][safepoint    ] Leaving safepoint region
[2020-01-13T13:58:27.028+0000][1][safepoint    ] Total time for which application threads were stopped: 0.0000930 seconds, Stopping threads took: 0.0000239 seconds
[2020-01-13T13:58:28.028+0000][1][safepoint    ] Application time: 1.0000917 seconds
[2020-01-13T13:58:28.029+0000][1][safepoint    ] Entering safepoint region: Cleanup
[2020-01-13T13:58:28.029+0000][1][safepoint    ] Leaving safepoint region
[2020-01-13T13:58:28.029+0000][1][safepoint    ] Total time for which application threads were stopped: 0.0001557 seconds, Stopping threads took: 0.0000673 seconds
[2020-01-13T13:58:29.029+0000][1][safepoint    ] Application time: 1.0000841 seconds
[2020-01-13T13:58:29.029+0000][1][safepoint    ] Entering safepoint region: Cleanup
[2020-01-13T13:58:29.029+0000][1][safepoint    ] Leaving safepoint region
[2020-01-13T13:58:29.029+0000][1][safepoint    ] Total time for which application threads were stopped: 0.0001208 seconds, Stopping threads took: 0.0000409 seconds
[2020-01-13T13:58:30.029+0000][1][safepoint    ] Application time: 1.0000961 seconds
[2020-01-13T13:58:30.029+0000][1][safepoint    ] Entering safepoint region: Cleanup
[2020-01-13T13:58:30.029+0000][1][safepoint    ] Leaving safepoint region
[2020-01-13T13:58:30.029+0000][1][safepoint    ] Total time for which application threads were stopped: 0.0000964 seconds, Stopping threads took: 0.0000220 seconds
[2020-01-13T13:58:31.030+0000][1][safepoint    ] Application time: 1.0000816 seconds
[2020-01-13T13:58:31.030+0000][1][safepoint    ] Entering safepoint region: Cleanup
[2020-01-13T13:58:31.030+0000][1][safepoint    ] Leaving safepoint region
[2020-01-13T13:58:31.030+0000][1][safepoint    ] Total time for which application threads were stopped: 0.0000994 seconds, Stopping threads took: 0.0000250 seconds
[2020-01-13T13:58:32.030+0000][1][safepoint    ] Application time: 1.0000938 seconds
[2020-01-13T13:58:32.030+0000][1][safepoint    ] Entering safepoint region: Cleanup
[2020-01-13T13:58:32.030+0000][1][safepoint    ] Leaving safepoint region
[2020-01-13T13:58:32.030+0000][1][safepoint    ] Total time for which application threads were stopped: 0.0001397 seconds, Stopping threads took: 0.0000554 seconds
[2020-01-13T13:58:33.030+0000][1][safepoint    ] Application time: 1.0000825 seconds
[2020-01-13T13:58:33.031+0000][1][safepoint    ] Entering safepoint region: Cleanup
[2020-01-13T13:58:33.031+0000][1][safepoint    ] Leaving safepoint region
[2020-01-13T13:58:33.031+0000][1][safepoint    ] Total time for which application threads were stopped: 0.0001882 seconds, Stopping threads took: 0.0000844 seconds
[2020-01-13T13:58:34.032+0000][1][safepoint    ] Application time: 1.0000829 seconds
[2020-01-13T13:58:34.032+0000][1][safepoint    ] Entering safepoint region: Cleanup
[2020-01-13T13:58:34.032+0000][1][safepoint    ] Leaving safepoint region
[2020-01-13T13:58:34.032+0000][1][safepoint    ] Total time for which application threads were stopped: 0.0001116 seconds, Stopping threads took: 0.0000346 seconds
[2020-01-13T13:58:35.032+0000][1][safepoint    ] Application time: 1.0000741 seconds
[2020-01-13T13:58:35.032+0000][1][safepoint    ] Entering safepoint region: Cleanup
[2020-01-13T13:58:35.032+0000][1][safepoint    ] Leaving safepoint region
[2020-01-13T13:58:35.032+0000][1][safepoint    ] Total time for which application threads were stopped: 0.0002093 seconds, Stopping threads took: 0.0000243 seconds
[2020-01-13T13:58:36.032+0000][1][safepoint    ] Application time: 1.0000938 seconds
[2020-01-13T13:58:36.032+0000][1][safepoint    ] Entering safepoint region: Cleanup
[2020-01-13T13:58:36.032+0000][1][safepoint    ] Leaving safepoint region
[2020-01-13T13:58:36.032+0000][1][safepoint    ] Total time for which application threads were stopped: 0.0001449 seconds, Stopping threads took: 0.0000253 seconds
[2020-01-13T13:58:37.032+0000][1][safepoint    ] Application time: 1.0001072 seconds
[2020-01-13T13:58:37.033+0000][1][safepoint    ] Entering safepoint region: Cleanup
[2020-01-13T13:58:37.033+0000][1][safepoint    ] Leaving safepoint region
[2020-01-13T13:58:37.033+0000][1][safepoint    ] Total time for which application threads were stopped: 0.0000999 seconds, Stopping threads took: 0.0000262 seconds
[2020-01-13T13:58:38.033+0000][1][safepoint    ] Application time: 1.0000918 seconds
[2020-01-13T13:58:38.034+0000][1][safepoint    ] Entering safepoint region: Cleanup
[2020-01-13T13:58:38.034+0000][1][safepoint    ] Leaving safepoint region
[2020-01-13T13:58:38.034+0000][1][safepoint    ] Total time for which application threads were stopped: 0.0001995 seconds, Stopping threads took: 0.0001089 seconds
[2020-01-13T13:58:39.034+0000][1][safepoint    ] Application time: 1.0001166 seconds
[2020-01-13T13:58:39.034+0000][1][safepoint    ] Entering safepoint region: Cleanup
[2020-01-13T13:58:39.034+0000][1][safepoint    ] Leaving safepoint region
[2020-01-13T13:58:39.034+0000][1][safepoint    ] Total time for which application threads were stopped: 0.0001094 seconds, Stopping threads took: 0.0000264 seconds
[2020-01-13T13:58:40.035+0000][1][safepoint    ] Application time: 1.0000877 seconds
[2020-01-13T13:58:40.035+0000][1][safepoint    ] Entering safepoint region: Cleanup
[2020-01-13T13:58:40.035+0000][1][safepoint    ] Leaving safepoint region
[2020-01-13T13:58:40.035+0000][1][safepoint    ] Total time for which application threads were stopped: 0.0001008 seconds, Stopping threads took: 0.0000241 seconds
[2020-01-13T13:58:41.035+0000][1][safepoint    ] Application time: 1.0001064 seconds
[2020-01-13T13:58:41.035+0000][1][safepoint    ] Entering safepoint region: Cleanup
[2020-01-13T13:58:41.035+0000][1][safepoint    ] Leaving safepoint region
[2020-01-13T13:58:41.035+0000][1][safepoint    ] Total time for which application threads were stopped: 0.0001066 seconds, Stopping threads took: 0.0000286 seconds
[2020-01-13T13:58:42.035+0000][1][safepoint    ] Application time: 1.0001194 seconds
[2020-01-13T13:58:42.035+0000][1][safepoint    ] Entering safepoint region: Cleanup
[2020-01-13T13:58:42.035+0000][1][safepoint    ] Leaving safepoint region
[2020-01-13T13:58:42.035+0000][1][safepoint    ] Total time for which application threads were stopped: 0.0001338 seconds, Stopping threads took: 0.0000465 seconds
[2020-01-13T13:58:43.035+0000][1][safepoint    ] Application time: 1.0001044 seconds
[2020-01-13T13:58:43.036+0000][1][safepoint    ] Entering safepoint region: Cleanup
[2020-01-13T13:58:43.036+0000][1][safepoint    ] Leaving safepoint region
[2020-01-13T13:58:43.036+0000][1][safepoint    ] Total time for which application threads were stopped: 0.0001124 seconds, Stopping threads took: 0.0000344 seconds
[2020-01-13T13:58:44.037+0000][1][safepoint    ] Application time: 1.0000910 seconds
[2020-01-13T13:58:44.037+0000][1][safepoint    ] Entering safepoint region: Cleanup
[2020-01-13T13:58:44.037+0000][1][safepoint    ] Leaving safepoint region
[2020-01-13T13:58:44.037+0000][1][safepoint    ] Total time for which application threads were stopped: 0.0001012 seconds, Stopping threads took: 0.0000250 seconds
[2020-01-13T13:58:45.037+0000][1][safepoint    ] Application time: 1.0001155 seconds
[2020-01-13T13:58:45.037+0000][1][safepoint    ] Entering safepoint region: Cleanup
[2020-01-13T13:58:45.037+0000][1][safepoint    ] Leaving safepoint region
[2020-01-13T13:58:45.037+0000][1][safepoint    ] Total time for which application threads were stopped: 0.0001056 seconds, Stopping threads took: 0.0000322 seconds
[2020-01-13T13:58:46.037+0000][1][safepoint    ] Application time: 1.0001221 seconds
[2020-01-13T13:58:46.037+0000][1][safepoint    ] Entering safepoint region: Cleanup
[2020-01-13T13:58:46.037+0000][1][safepoint    ] Leaving safepoint region
[2020-01-13T13:58:46.037+0000][1][safepoint    ] Total time for which application threads were stopped: 0.0001075 seconds, Stopping threads took: 0.0000275 seconds
[2020-01-13T13:58:47.037+0000][1][safepoint    ] Application time: 1.0000985 seconds
[2020-01-13T13:58:47.038+0000][1][safepoint    ] Entering safepoint region: Cleanup
[2020-01-13T13:58:47.038+0000][1][safepoint    ] Leaving safepoint region
[2020-01-13T13:58:47.038+0000][1][safepoint    ] Total time for which application threads were stopped: 0.0001044 seconds, Stopping threads took: 0.0000290 seconds
[2020-01-13T13:58:48.038+0000][1][safepoint    ] Application time: 1.0000931 seconds
[2020-01-13T13:58:48.039+0000][1][safepoint    ] Entering safepoint region: Cleanup
[2020-01-13T13:58:48.039+0000][1][safepoint    ] Leaving safepoint region
[2020-01-13T13:58:48.039+0000][1][safepoint    ] Total time for which application threads were stopped: 0.0001119 seconds, Stopping threads took: 0.0000314 seconds
[2020-01-13T13:58:49.039+0000][1][safepoint    ] Application time: 1.0001399 seconds
[2020-01-13T13:58:49.039+0000][1][safepoint    ] Entering safepoint region: Cleanup
[2020-01-13T13:58:49.039+0000][1][safepoint    ] Leaving safepoint region
[2020-01-13T13:58:49.039+0000][1][safepoint    ] Total time for which application threads were stopped: 0.0001124 seconds, Stopping threads took: 0.0000291 seconds
[2020-01-13T13:58:50.039+0000][1][safepoint    ] Application time: 1.0001159 seconds
[2020-01-13T13:58:50.039+0000][1][safepoint    ] Entering safepoint region: Cleanup
[2020-01-13T13:58:50.039+0000][1][safepoint    ] Leaving safepoint region
[2020-01-13T13:58:50.039+0000][1][safepoint    ] Total time for which application threads were stopped: 0.0001139 seconds, Stopping threads took: 0.0000302 seconds
[2020-01-13T13:58:51.040+0000][1][safepoint    ] Application time: 1.0001142 seconds
[2020-01-13T13:58:51.040+0000][1][safepoint    ] Entering safepoint region: Cleanup
[2020-01-13T13:58:51.040+0000][1][safepoint    ] Leaving safepoint region
[2020-01-13T13:58:51.040+0000][1][safepoint    ] Total time for which application threads were stopped: 0.0001032 seconds, Stopping threads took: 0.0000250 seconds
[2020-01-13T13:58:52.040+0000][1][safepoint    ] Application time: 1.0001216 seconds
[2020-01-13T13:58:52.040+0000][1][safepoint    ] Entering safepoint region: Cleanup
[2020-01-13T13:58:52.040+0000][1][safepoint    ] Leaving safepoint region
[2020-01-13T13:58:52.040+0000][1][safepoint    ] Total time for which application threads were stopped: 0.0001266 seconds, Stopping threads took: 0.0000454 seconds
[2020-01-13T13:58:53.040+0000][1][safepoint    ] Application time: 1.0001030 seconds
[2020-01-13T13:58:53.040+0000][1][safepoint    ] Entering safepoint region: Cleanup
[2020-01-13T13:58:53.040+0000][1][safepoint    ] Leaving safepoint region
[2020-01-13T13:58:53.040+0000][1][safepoint    ] Total time for which application threads were stopped: 0.0001186 seconds, Stopping threads took: 0.0000275 seconds
[2020-01-13T13:58:54.040+0000][1][safepoint    ] Application time: 1.0001387 seconds
[2020-01-13T13:58:54.041+0000][1][safepoint    ] Entering safepoint region: Cleanup
[2020-01-13T13:58:54.041+0000][1][safepoint    ] Leaving safepoint region
[2020-01-13T13:58:54.041+0000][1][safepoint    ] Total time for which application threads were stopped: 0.0001238 seconds, Stopping threads took: 0.0000299 seconds
[2020-01-13T13:58:55.041+0000][1][safepoint    ] Application time: 1.0001287 seconds
[2020-01-13T13:58:55.041+0000][1][safepoint    ] Entering safepoint region: Cleanup
[2020-01-13T13:58:55.041+0000][1][safepoint    ] Leaving safepoint region
[2020-01-13T13:58:55.041+0000][1][safepoint    ] Total time for which application threads were stopped: 0.0001224 seconds, Stopping threads took: 0.0000334 seconds
[2020-01-13T13:58:56.041+0000][1][safepoint    ] Application time: 1.0001020 seconds
[2020-01-13T13:58:56.041+0000][1][safepoint    ] Entering safepoint region: Cleanup
[2020-01-13T13:58:56.041+0000][1][safepoint    ] Leaving safepoint region
[2020-01-13T13:58:56.041+0000][1][safepoint    ] Total time for which application threads were stopped: 0.0001166 seconds, Stopping threads took: 0.0000259 seconds
[2020-01-13T13:58:57.041+0000][1][safepoint    ] Application time: 1.0001095 seconds
[2020-01-13T13:58:57.041+0000][1][safepoint    ] Entering safepoint region: Cleanup
[2020-01-13T13:58:57.042+0000][1][safepoint    ] Leaving safepoint region
[2020-01-13T13:58:57.042+0000][1][safepoint    ] Total time for which application threads were stopped: 0.0001045 seconds, Stopping threads took: 0.0000272 seconds
[2020-01-13T13:58:58.042+0000][1][safepoint    ] Application time: 1.0001264 seconds
[2020-01-13T13:58:58.043+0000][1][safepoint    ] Entering safepoint region: Cleanup
[2020-01-13T13:58:58.043+0000][1][safepoint    ] Leaving safepoint region
[2020-01-13T13:58:58.043+0000][1][safepoint    ] Total time for which application threads were stopped: 0.0001640 seconds, Stopping threads took: 0.0000765 seconds
[2020-01-13T13:58:59.043+0000][1][safepoint    ] Application time: 1.0001028 seconds
[2020-01-13T13:58:59.043+0000][1][safepoint    ] Entering safepoint region: Cleanup
[2020-01-13T13:58:59.043+0000][1][safepoint    ] Leaving safepoint region
[2020-01-13T13:58:59.043+0000][1][safepoint    ] Total time for which application threads were stopped: 0.0001210 seconds, Stopping threads took: 0.0000329 seconds
[2020-01-13T13:59:00.043+0000][1][safepoint    ] Application time: 1.0000960 seconds
[2020-01-13T13:59:00.043+0000][1][safepoint    ] Entering safepoint region: Cleanup
[2020-01-13T13:59:00.043+0000][1][safepoint    ] Leaving safepoint region
[2020-01-13T13:59:00.043+0000][1][safepoint    ] Total time for which application threads were stopped: 0.0001057 seconds, Stopping threads took: 0.0000269 seconds
[2020-01-13T13:59:01.044+0000][1][safepoint    ] Application time: 1.0001244 seconds
[2020-01-13T13:59:01.044+0000][1][safepoint    ] Entering safepoint region: Cleanup
[2020-01-13T13:59:01.044+0000][1][safepoint    ] Leaving safepoint region
[2020-01-13T13:59:01.044+0000][1][safepoint    ] Total time for which application threads were stopped: 0.0001205 seconds, Stopping threads took: 0.0000311 seconds
[2020-01-13T13:59:02.044+0000][1][safepoint    ] Application time: 1.0000924 seconds
[2020-01-13T13:59:02.044+0000][1][safepoint    ] Entering safepoint region: Cleanup
[2020-01-13T13:59:02.044+0000][1][safepoint    ] Leaving safepoint region
[2020-01-13T13:59:02.044+0000][1][safepoint    ] Total time for which application threads were stopped: 0.0001265 seconds, Stopping threads took: 0.0000465 seconds
[2020-01-13T13:59:03.044+0000][1][safepoint    ] Application time: 1.0001184 seconds
[2020-01-13T13:59:03.045+0000][1][safepoint    ] Entering safepoint region: Cleanup
[2020-01-13T13:59:03.045+0000][1][safepoint    ] Leaving safepoint region
[2020-01-13T13:59:03.045+0000][1][safepoint    ] Total time for which application threads were stopped: 0.0001436 seconds, Stopping threads took: 0.0000368 seconds
[2020-01-13T13:59:04.045+0000][1][safepoint    ] Application time: 1.0001120 seconds
[2020-01-13T13:59:04.045+0000][1][safepoint    ] Entering safepoint region: Cleanup
[2020-01-13T13:59:04.046+0000][1][safepoint    ] Leaving safepoint region
[2020-01-13T13:59:04.046+0000][1][safepoint    ] Total time for which application threads were stopped: 0.0001071 seconds, Stopping threads took: 0.0000304 seconds
[2020-01-13T13:59:05.046+0000][1][safepoint    ] Application time: 1.0000869 seconds
[2020-01-13T13:59:05.046+0000][1][safepoint    ] Entering safepoint region: Cleanup
[2020-01-13T13:59:05.046+0000][1][safepoint    ] Leaving safepoint region
[2020-01-13T13:59:05.046+0000][1][safepoint    ] Total time for which application threads were stopped: 0.0001175 seconds, Stopping threads took: 0.0000440 seconds
[2020-01-13T13:59:06.046+0000][1][safepoint    ] Application time: 1.0000895 seconds
[2020-01-13T13:59:06.046+0000][1][safepoint    ] Entering safepoint region: Cleanup
[2020-01-13T13:59:06.046+0000][1][safepoint    ] Leaving safepoint region
[2020-01-13T13:59:06.046+0000][1][safepoint    ] Total time for which application threads were stopped: 0.0001101 seconds, Stopping threads took: 0.0000289 seconds
[2020-01-13T13:59:07.046+0000][1][safepoint    ] Application time: 1.0001196 seconds
[2020-01-13T13:59:07.046+0000][1][safepoint    ] Entering safepoint region: Cleanup
[2020-01-13T13:59:07.046+0000][1][safepoint    ] Leaving safepoint region
[2020-01-13T13:59:07.046+0000][1][safepoint    ] Total time for which application threads were stopped: 0.0001076 seconds, Stopping threads took: 0.0000290 seconds
[2020-01-13T13:59:08.047+0000][1][safepoint    ] Application time: 1.0001295 seconds
[2020-01-13T13:59:08.048+0000][1][safepoint    ] Entering safepoint region: Cleanup
[2020-01-13T13:59:08.048+0000][1][safepoint    ] Leaving safepoint region
[2020-01-13T13:59:08.048+0000][1][safepoint    ] Total time for which application threads were stopped: 0.0001298 seconds, Stopping threads took: 0.0000410 seconds
[2020-01-13T13:59:09.048+0000][1][safepoint    ] Application time: 1.0001207 seconds
[2020-01-13T13:59:09.048+0000][1][safepoint    ] Entering safepoint region: Cleanup
[2020-01-13T13:59:09.048+0000][1][safepoint    ] Leaving safepoint region
[2020-01-13T13:59:09.048+0000][1][safepoint    ] Total time for which application threads were stopped: 0.0001017 seconds, Stopping threads took: 0.0000259 seconds
[2020-01-13T13:59:10.048+0000][1][safepoint    ] Application time: 1.0001332 seconds
[2020-01-13T13:59:10.048+0000][1][safepoint    ] Entering safepoint region: Cleanup
[2020-01-13T13:59:10.048+0000][1][safepoint    ] Leaving safepoint region
[2020-01-13T13:59:10.048+0000][1][safepoint    ] Total time for which application threads were stopped: 0.0001092 seconds, Stopping threads took: 0.0000313 seconds
[2020-01-13T13:59:11.049+0000][1][safepoint    ] Application time: 1.0001172 seconds
[2020-01-13T13:59:11.049+0000][1][safepoint    ] Entering safepoint region: Cleanup
[2020-01-13T13:59:11.049+0000][1][safepoint    ] Leaving safepoint region
[2020-01-13T13:59:11.049+0000][1][safepoint    ] Total time for which application threads were stopped: 0.0001227 seconds, Stopping threads took: 0.0000286 seconds
[2020-01-13T13:59:12.049+0000][1][safepoint    ] Application time: 1.0001236 seconds
[2020-01-13T13:59:12.049+0000][1][safepoint    ] Entering safepoint region: Cleanup
[2020-01-13T13:59:12.049+0000][1][safepoint    ] Leaving safepoint region
[2020-01-13T13:59:12.049+0000][1][safepoint    ] Total time for which application threads were stopped: 0.0001319 seconds, Stopping threads took: 0.0000282 seconds
[2020-01-13T13:59:13.049+0000][1][safepoint    ] Application time: 1.0001505 seconds
[2020-01-13T13:59:13.050+0000][1][safepoint    ] Entering safepoint region: Cleanup
[2020-01-13T13:59:13.050+0000][1][safepoint    ] Leaving safepoint region
[2020-01-13T13:59:13.051+0000][1][safepoint    ] Total time for which application threads were stopped: 0.0001230 seconds, Stopping threads took: 0.0000390 seconds
[2020-01-13T13:59:14.051+0000][1][safepoint    ] Application time: 1.0001563 seconds
[2020-01-13T13:59:14.051+0000][1][safepoint    ] Entering safepoint region: Cleanup
[2020-01-13T13:59:14.051+0000][1][safepoint    ] Leaving safepoint region
[2020-01-13T13:59:14.051+0000][1][safepoint    ] Total time for which application threads were stopped: 0.0001093 seconds, Stopping threads took: 0.0000290 seconds
[2020-01-13T13:59:15.051+0000][1][safepoint    ] Application time: 1.0001306 seconds
[2020-01-13T13:59:15.051+0000][1][safepoint    ] Entering safepoint region: Cleanup
[2020-01-13T13:59:15.051+0000][1][safepoint    ] Leaving safepoint region
[2020-01-13T13:59:15.051+0000][1][safepoint    ] Total time for which application threads were stopped: 0.0001248 seconds, Stopping threads took: 0.0000445 seconds
[2020-01-13T13:59:16.051+0000][1][safepoint    ] Application time: 1.0001577 seconds
[2020-01-13T13:59:16.051+0000][1][safepoint    ] Entering safepoint region: Cleanup
[2020-01-13T13:59:16.052+0000][1][safepoint    ] Leaving safepoint region
[2020-01-13T13:59:16.052+0000][1][safepoint    ] Total time for which application threads were stopped: 0.0001406 seconds, Stopping threads took: 0.0000358 seconds
[2020-01-13T13:59:17.052+0000][1][safepoint    ] Application time: 1.0001420 seconds
[2020-01-13T13:59:17.052+0000][1][safepoint    ] Entering safepoint region: Cleanup
[2020-01-13T13:59:17.052+0000][1][safepoint    ] Leaving safepoint region
[2020-01-13T13:59:17.052+0000][1][safepoint    ] Total time for which application threads were stopped: 0.0001094 seconds, Stopping threads took: 0.0000290 seconds
[2020-01-13T13:59:18.052+0000][1][safepoint    ] Application time: 1.0001235 seconds
[2020-01-13T13:59:18.053+0000][1][safepoint    ] Entering safepoint region: Cleanup
[2020-01-13T13:59:18.053+0000][1][safepoint    ] Leaving safepoint region
[2020-01-13T13:59:18.053+0000][1][safepoint    ] Total time for which application threads were stopped: 0.0001630 seconds, Stopping threads took: 0.0000651 seconds
[2020-01-13T13:59:19.053+0000][1][safepoint    ] Application time: 1.0001567 seconds
[2020-01-13T13:59:19.053+0000][1][safepoint    ] Entering safepoint region: Cleanup
[2020-01-13T13:59:19.054+0000][1][safepoint    ] Leaving safepoint region
[2020-01-13T13:59:19.054+0000][1][safepoint    ] Total time for which application threads were stopped: 0.0001173 seconds, Stopping threads took: 0.0000330 seconds
[2020-01-13T13:59:20.054+0000][1][safepoint    ] Application time: 1.0001479 seconds
[2020-01-13T13:59:20.054+0000][1][safepoint    ] Entering safepoint region: Cleanup
[2020-01-13T13:59:20.054+0000][1][safepoint    ] Leaving safepoint region
[2020-01-13T13:59:20.054+0000][1][safepoint    ] Total time for which application threads were stopped: 0.0001369 seconds, Stopping threads took: 0.0000369 seconds
[2020-01-13T13:59:21.054+0000][1][safepoint    ] Application time: 1.0001084 seconds
[2020-01-13T13:59:21.054+0000][1][safepoint    ] Entering safepoint region: Cleanup
[2020-01-13T13:59:21.054+0000][1][safepoint    ] Leaving safepoint region
[2020-01-13T13:59:21.054+0000][1][safepoint    ] Total time for which application threads were stopped: 0.0001021 seconds, Stopping threads took: 0.0000254 seconds
[2020-01-13T13:59:22.054+0000][1][safepoint    ] Application time: 1.0001175 seconds
[2020-01-13T13:59:22.054+0000][1][safepoint    ] Entering safepoint region: Cleanup
[2020-01-13T13:59:22.055+0000][1][safepoint    ] Leaving safepoint region
[2020-01-13T13:59:22.055+0000][1][safepoint    ] Total time for which application threads were stopped: 0.0001776 seconds, Stopping threads took: 0.0000395 seconds
[2020-01-13T13:59:23.055+0000][1][safepoint    ] Application time: 1.0001394 seconds
[2020-01-13T13:59:23.055+0000][1][safepoint    ] Entering safepoint region: Cleanup
[2020-01-13T13:59:23.055+0000][1][safepoint    ] Leaving safepoint region
[2020-01-13T13:59:23.055+0000][1][safepoint    ] Total time for which application threads were stopped: 0.0001086 seconds, Stopping threads took: 0.0000278 seconds
[2020-01-13T13:59:24.055+0000][1][safepoint    ] Application time: 1.0001545 seconds
[2020-01-13T13:59:24.055+0000][1][safepoint    ] Entering safepoint region: Cleanup
[2020-01-13T13:59:24.055+0000][1][safepoint    ] Leaving safepoint region
[2020-01-13T13:59:24.055+0000][1][safepoint    ] Total time for which application threads were stopped: 0.0001079 seconds, Stopping threads took: 0.0000304 seconds
[2020-01-13T13:59:25.055+0000][1][safepoint    ] Application time: 1.0001327 seconds
[2020-01-13T13:59:25.055+0000][1][safepoint    ] Entering safepoint region: Cleanup
[2020-01-13T13:59:25.056+0000][1][safepoint    ] Leaving safepoint region
[2020-01-13T13:59:25.056+0000][1][safepoint    ] Total time for which application threads were stopped: 0.0001194 seconds, Stopping threads took: 0.0000304 seconds
[2020-01-13T13:59:26.056+0000][1][safepoint    ] Application time: 1.0001371 seconds
[2020-01-13T13:59:26.056+0000][1][safepoint    ] Entering safepoint region: Cleanup
[2020-01-13T13:59:26.056+0000][1][safepoint    ] Leaving safepoint region
[2020-01-13T13:59:26.056+0000][1][safepoint    ] Total time for which application threads were stopped: 0.0001095 seconds, Stopping threads took: 0.0000304 seconds
[2020-01-13T13:59:27.056+0000][1][safepoint    ] Application time: 1.0001425 seconds
[2020-01-13T13:59:27.056+0000][1][safepoint    ] Entering safepoint region: Cleanup
[2020-01-13T13:59:27.056+0000][1][safepoint    ] Leaving safepoint region
[2020-01-13T13:59:27.056+0000][1][safepoint    ] Total time for which application threads were stopped: 0.0001121 seconds, Stopping threads took: 0.0000310 seconds
[2020-01-13T13:59:28.056+0000][1][safepoint    ] Application time: 1.0001293 seconds
[2020-01-13T13:59:28.057+0000][1][safepoint    ] Entering safepoint region: Cleanup
[2020-01-13T13:59:28.057+0000][1][safepoint    ] Leaving safepoint region
[2020-01-13T13:59:28.057+0000][1][safepoint    ] Total time for which application threads were stopped: 0.0001239 seconds, Stopping threads took: 0.0000409 seconds
[2020-01-13T13:59:29.058+0000][1][safepoint    ] Application time: 1.0001266 seconds
[2020-01-13T13:59:29.058+0000][1][safepoint    ] Entering safepoint region: Cleanup
[2020-01-13T13:59:29.058+0000][1][safepoint    ] Leaving safepoint region
[2020-01-13T13:59:29.058+0000][1][safepoint    ] Total time for which application threads were stopped: 0.0001309 seconds, Stopping threads took: 0.0000336 seconds
[2020-01-13T13:59:30.058+0000][1][safepoint    ] Application time: 1.0001339 seconds
[2020-01-13T13:59:30.058+0000][1][safepoint    ] Entering safepoint region: Cleanup
[2020-01-13T13:59:30.058+0000][1][safepoint    ] Leaving safepoint region
[2020-01-13T13:59:30.058+0000][1][safepoint    ] Total time for which application threads were stopped: 0.0001096 seconds, Stopping threads took: 0.0000300 seconds
[2020-01-13T13:59:31.058+0000][1][safepoint    ] Application time: 1.0001512 seconds
[2020-01-13T13:59:31.058+0000][1][safepoint    ] Entering safepoint region: Cleanup
[2020-01-13T13:59:31.058+0000][1][safepoint    ] Leaving safepoint region
[2020-01-13T13:59:31.058+0000][1][safepoint    ] Total time for which application threads were stopped: 0.0001086 seconds, Stopping threads took: 0.0000286 seconds
[2020-01-13T13:59:32.059+0000][1][safepoint    ] Application time: 1.0001309 seconds
[2020-01-13T13:59:32.059+0000][1][safepoint    ] Entering safepoint region: Cleanup
[2020-01-13T13:59:32.059+0000][1][safepoint    ] Leaving safepoint region
[2020-01-13T13:59:32.059+0000][1][safepoint    ] Total time for which application threads were stopped: 0.0001222 seconds, Stopping threads took: 0.0000297 seconds
[2020-01-13T13:59:33.704+0000][1][safepoint    ] Application time: 1.6456493 seconds
[2020-01-13T13:59:33.706+0000][1][safepoint    ] Entering safepoint region: Cleanup
[2020-01-13T13:59:33.706+0000][1][safepoint    ] Leaving safepoint region
[2020-01-13T13:59:33.706+0000][1][safepoint    ] Total time for which application threads were stopped: 0.0001808 seconds, Stopping threads took: 0.0000726 seconds
[2020-01-13T13:59:34.706+0000][1][safepoint    ] Application time: 1.0001081 seconds
[2020-01-13T13:59:34.706+0000][1][safepoint    ] Entering safepoint region: Cleanup
[2020-01-13T13:59:34.706+0000][1][safepoint    ] Leaving safepoint region
[2020-01-13T13:59:34.706+0000][1][safepoint    ] Total time for which application threads were stopped: 0.0001190 seconds, Stopping threads took: 0.0000411 seconds
[2020-01-13T13:59:35.706+0000][1][safepoint    ] Application time: 1.0001289 seconds
[2020-01-13T13:59:35.706+0000][1][safepoint    ] Entering safepoint region: Cleanup
[2020-01-13T13:59:35.706+0000][1][safepoint    ] Leaving safepoint region
[2020-01-13T13:59:35.706+0000][1][safepoint    ] Total time for which application threads were stopped: 0.0001239 seconds, Stopping threads took: 0.0000283 seconds
[2020-01-13T13:59:36.706+0000][1][safepoint    ] Application time: 1.0001398 seconds
[2020-01-13T13:59:36.707+0000][1][safepoint    ] Entering safepoint region: Cleanup
[2020-01-13T13:59:36.707+0000][1][safepoint    ] Leaving safepoint region
[2020-01-13T13:59:36.707+0000][1][safepoint    ] Total time for which application threads were stopped: 0.0001130 seconds, Stopping threads took: 0.0000306 seconds
[2020-01-13T13:59:37.707+0000][1][safepoint    ] Application time: 1.0001144 seconds
[2020-01-13T13:59:37.707+0000][1][safepoint    ] Entering safepoint region: Cleanup
[2020-01-13T13:59:37.707+0000][1][safepoint    ] Leaving safepoint region
[2020-01-13T13:59:37.707+0000][1][safepoint    ] Total time for which application threads were stopped: 0.0001116 seconds, Stopping threads took: 0.0000303 seconds
[2020-01-13T13:59:38.707+0000][1][safepoint    ] Application time: 1.0000913 seconds
[2020-01-13T13:59:38.708+0000][1][safepoint    ] Entering safepoint region: Cleanup
[2020-01-13T13:59:38.708+0000][1][safepoint    ] Leaving safepoint region
[2020-01-13T13:59:38.708+0000][1][safepoint    ] Total time for which application threads were stopped: 0.0001731 seconds, Stopping threads took: 0.0000723 seconds
[2020-01-13T13:59:39.708+0000][1][safepoint    ] Application time: 1.0001025 seconds
[2020-01-13T13:59:39.709+0000][1][safepoint    ] Entering safepoint region: Cleanup
[2020-01-13T13:59:39.709+0000][1][safepoint    ] Leaving safepoint region
[2020-01-13T13:59:39.709+0000][1][safepoint    ] Total time for which application threads were stopped: 0.0001207 seconds, Stopping threads took: 0.0000315 seconds
[2020-01-13T13:59:40.709+0000][1][safepoint    ] Application time: 1.0000877 seconds
[2020-01-13T13:59:40.709+0000][1][safepoint    ] Entering safepoint region: Cleanup
[2020-01-13T13:59:40.709+0000][1][safepoint    ] Leaving safepoint region
[2020-01-13T13:59:40.709+0000][1][safepoint    ] Total time for which application threads were stopped: 0.0001189 seconds, Stopping threads took: 0.0000296 seconds
[2020-01-13T13:59:41.709+0000][1][safepoint    ] Application time: 1.0001264 seconds
[2020-01-13T13:59:41.709+0000][1][safepoint    ] Entering safepoint region: Cleanup
[2020-01-13T13:59:41.709+0000][1][safepoint    ] Leaving safepoint region
[2020-01-13T13:59:41.709+0000][1][safepoint    ] Total time for which application threads were stopped: 0.0001052 seconds, Stopping threads took: 0.0000277 seconds
[2020-01-13T13:59:42.709+0000][1][safepoint    ] Application time: 1.0001606 seconds
[2020-01-13T13:59:42.709+0000][1][safepoint    ] Entering safepoint region: Cleanup
[2020-01-13T13:59:42.710+0000][1][safepoint    ] Leaving safepoint region
[2020-01-13T13:59:42.710+0000][1][safepoint    ] Total time for which application threads were stopped: 0.0001097 seconds, Stopping threads took: 0.0000314 seconds
[2020-01-13T13:59:43.710+0000][1][safepoint    ] Application time: 1.0001250 seconds
[2020-01-13T13:59:43.711+0000][1][safepoint    ] Entering safepoint region: Cleanup
[2020-01-13T13:59:43.711+0000][1][safepoint    ] Leaving safepoint region
[2020-01-13T13:59:43.711+0000][1][safepoint    ] Total time for which application threads were stopped: 0.0001600 seconds, Stopping threads took: 0.0000696 seconds
[2020-01-13T13:59:44.711+0000][1][safepoint    ] Application time: 1.0001343 seconds
[2020-01-13T13:59:44.711+0000][1][safepoint    ] Entering safepoint region: Cleanup
[2020-01-13T13:59:44.711+0000][1][safepoint    ] Leaving safepoint region
[2020-01-13T13:59:44.711+0000][1][safepoint    ] Total time for which application threads were stopped: 0.0001345 seconds, Stopping threads took: 0.0000287 seconds
[2020-01-13T13:59:45.711+0000][1][safepoint    ] Application time: 1.0001120 seconds
[2020-01-13T13:59:45.712+0000][1][safepoint    ] Entering safepoint region: Cleanup
[2020-01-13T13:59:45.712+0000][1][safepoint    ] Leaving safepoint region
[2020-01-13T13:59:45.712+0000][1][safepoint    ] Total time for which application threads were stopped: 0.0001083 seconds, Stopping threads took: 0.0000278 seconds
[2020-01-13T13:59:46.712+0000][1][safepoint    ] Application time: 1.0000901 seconds
[2020-01-13T13:59:46.712+0000][1][safepoint    ] Entering safepoint region: Cleanup
[2020-01-13T13:59:46.712+0000][1][safepoint    ] Leaving safepoint region
[2020-01-13T13:59:46.712+0000][1][safepoint    ] Total time for which application threads were stopped: 0.0001052 seconds, Stopping threads took: 0.0000260 seconds
[2020-01-13T13:59:47.712+0000][1][safepoint    ] Application time: 1.0001260 seconds
[2020-01-13T13:59:47.712+0000][1][safepoint    ] Entering safepoint region: Cleanup
[2020-01-13T13:59:47.712+0000][1][safepoint    ] Leaving safepoint region
[2020-01-13T13:59:47.712+0000][1][safepoint    ] Total time for which application threads were stopped: 0.0001076 seconds, Stopping threads took: 0.0000285 seconds
[2020-01-13T13:59:48.712+0000][1][safepoint    ] Application time: 1.0001288 seconds
[2020-01-13T13:59:48.713+0000][1][safepoint    ] Entering safepoint region: Cleanup
[2020-01-13T13:59:48.714+0000][1][safepoint    ] Leaving safepoint region
[2020-01-13T13:59:48.714+0000][1][safepoint    ] Total time for which application threads were stopped: 0.0001575 seconds, Stopping threads took: 0.0000697 seconds
[2020-01-13T13:59:49.714+0000][1][safepoint    ] Application time: 1.0001285 seconds
[2020-01-13T13:59:49.714+0000][1][safepoint    ] Entering safepoint region: Cleanup
[2020-01-13T13:59:49.714+0000][1][safepoint    ] Leaving safepoint region
[2020-01-13T13:59:49.714+0000][1][safepoint    ] Total time for which application threads were stopped: 0.0001174 seconds, Stopping threads took: 0.0000394 seconds
[2020-01-13T13:59:50.714+0000][1][safepoint    ] Application time: 1.0000946 seconds
[2020-01-13T13:59:50.714+0000][1][safepoint    ] Entering safepoint region: Cleanup
[2020-01-13T13:59:50.714+0000][1][safepoint    ] Leaving safepoint region
[2020-01-13T13:59:50.714+0000][1][safepoint    ] Total time for which application threads were stopped: 0.0001118 seconds, Stopping threads took: 0.0000278 seconds
[2020-01-13T13:59:51.714+0000][1][safepoint    ] Application time: 1.0001147 seconds
[2020-01-13T13:59:51.714+0000][1][safepoint    ] Entering safepoint region: Cleanup
[2020-01-13T13:59:51.714+0000][1][safepoint    ] Leaving safepoint region
[2020-01-13T13:59:51.714+0000][1][safepoint    ] Total time for which application threads were stopped: 0.0001117 seconds, Stopping threads took: 0.0000311 seconds
[2020-01-13T13:59:52.715+0000][1][safepoint    ] Application time: 1.0001341 seconds
[2020-01-13T13:59:52.715+0000][1][safepoint    ] Entering safepoint region: Cleanup
[2020-01-13T13:59:52.715+0000][1][safepoint    ] Leaving safepoint region
[2020-01-13T13:59:52.715+0000][1][safepoint    ] Total time for which application threads were stopped: 0.0001107 seconds, Stopping threads took: 0.0000290 seconds
[2020-01-13T13:59:53.715+0000][1][safepoint    ] Application time: 1.0001262 seconds
[2020-01-13T13:59:53.715+0000][1][safepoint    ] Entering safepoint region: Cleanup
[2020-01-13T13:59:53.715+0000][1][safepoint    ] Leaving safepoint region
[2020-01-13T13:59:53.715+0000][1][safepoint    ] Total time for which application threads were stopped: 0.0001162 seconds, Stopping threads took: 0.0000289 seconds
[2020-01-13T13:59:54.715+0000][1][safepoint    ] Application time: 1.0001231 seconds
[2020-01-13T13:59:54.715+0000][1][safepoint    ] Entering safepoint region: Cleanup
[2020-01-13T13:59:54.715+0000][1][safepoint    ] Leaving safepoint region
[2020-01-13T13:59:54.715+0000][1][safepoint    ] Total time for which application threads were stopped: 0.0001111 seconds, Stopping threads took: 0.0000287 seconds
[2020-01-13T13:59:55.716+0000][1][safepoint    ] Application time: 1.0001186 seconds
[2020-01-13T13:59:55.716+0000][1][safepoint    ] Entering safepoint region: Cleanup
[2020-01-13T13:59:55.716+0000][1][safepoint    ] Leaving safepoint region
[2020-01-13T13:59:55.716+0000][1][safepoint    ] Total time for which application threads were stopped: 0.0001148 seconds, Stopping threads took: 0.0000334 seconds
[2020-01-13T13:59:56.716+0000][1][safepoint    ] Application time: 1.0000904 seconds
[2020-01-13T13:59:56.716+0000][1][safepoint    ] Entering safepoint region: Cleanup
[2020-01-13T13:59:56.716+0000][1][safepoint    ] Leaving safepoint region
[2020-01-13T13:59:56.716+0000][1][safepoint    ] Total time for which application threads were stopped: 0.0001099 seconds, Stopping threads took: 0.0000287 seconds
[2020-01-13T13:59:57.716+0000][1][safepoint    ] Application time: 1.0000855 seconds
[2020-01-13T13:59:57.716+0000][1][safepoint    ] Entering safepoint region: Cleanup
[2020-01-13T13:59:57.716+0000][1][safepoint    ] Leaving safepoint region
[2020-01-13T13:59:57.716+0000][1][safepoint    ] Total time for which application threads were stopped: 0.0001186 seconds, Stopping threads took: 0.0000297 seconds
[2020-01-13T13:59:58.716+0000][1][safepoint    ] Application time: 1.0001202 seconds
[2020-01-13T13:59:58.717+0000][1][safepoint    ] Entering safepoint region: Cleanup
[2020-01-13T13:59:58.718+0000][1][safepoint    ] Leaving safepoint region
[2020-01-13T13:59:58.718+0000][1][safepoint    ] Total time for which application threads were stopped: 0.0002115 seconds, Stopping threads took: 0.0000484 seconds
[2020-01-13T13:59:59.718+0000][1][safepoint    ] Application time: 1.0001062 seconds
[2020-01-13T13:59:59.718+0000][1][safepoint    ] Entering safepoint region: Cleanup
[2020-01-13T13:59:59.718+0000][1][safepoint    ] Leaving safepoint region
[2020-01-13T13:59:59.718+0000][1][safepoint    ] Total time for which application threads were stopped: 0.0001199 seconds, Stopping threads took: 0.0000311 seconds
[2020-01-13T14:00:00.718+0000][1][safepoint    ] Application time: 1.0001570 seconds
[2020-01-13T14:00:00.718+0000][1][safepoint    ] Entering safepoint region: Cleanup
[2020-01-13T14:00:00.718+0000][1][safepoint    ] Leaving safepoint region
[2020-01-13T14:00:00.718+0000][1][safepoint    ] Total time for which application threads were stopped: 0.0001202 seconds, Stopping threads took: 0.0000412 seconds
[2020-01-13T14:00:01.718+0000][1][safepoint    ] Application time: 1.0001258 seconds
[2020-01-13T14:00:01.718+0000][1][safepoint    ] Entering safepoint region: Cleanup
[2020-01-13T14:00:01.719+0000][1][safepoint    ] Leaving safepoint region
[2020-01-13T14:00:01.719+0000][1][safepoint    ] Total time for which application threads were stopped: 0.0001216 seconds, Stopping threads took: 0.0000280 seconds
[2020-01-13T14:00:02.720+0000][1][safepoint    ] Application time: 1.0017123 seconds
[2020-01-13T14:00:02.720+0000][1][safepoint    ] Entering safepoint region: Cleanup
[2020-01-13T14:00:02.720+0000][1][safepoint    ] Leaving safepoint region
[2020-01-13T14:00:02.720+0000][1][safepoint    ] Total time for which application threads were stopped: 0.0001179 seconds, Stopping threads took: 0.0000302 seconds
[2020-01-13T14:00:02.720+0000][1][safepoint    ] Application time: 0.0000179 seconds
[2020-01-13T14:00:02.720+0000][1][safepoint    ] Entering safepoint region: CollectForMetadataAllocation
[2020-01-13T14:00:02.721+0000][1][safepoint    ] Leaving safepoint region
[2020-01-13T14:00:02.721+0000][1][safepoint    ] Total time for which application threads were stopped: 0.0002094 seconds, Stopping threads took: 0.0000062 seconds
[2020-01-13T14:00:03.006+0000][1][safepoint    ] Application time: 0.2851992 seconds
[2020-01-13T14:00:03.006+0000][1][safepoint    ] Entering safepoint region: CMS_Initial_Mark
[2020-01-13T14:00:03.006+0000][1][gc,start     ] GC(33) Pause Initial Mark
[2020-01-13T14:00:03.030+0000][1][gc           ] GC(33) Pause Initial Mark 117M->117M(247M) 23.858ms
[2020-01-13T14:00:03.030+0000][1][gc,cpu       ] GC(33) User=0.02s Sys=0.00s Real=0.03s
[2020-01-13T14:00:03.030+0000][1][safepoint    ] Leaving safepoint region
[2020-01-13T14:00:03.030+0000][1][safepoint    ] Total time for which application threads were stopped: 0.0241389 seconds, Stopping threads took: 0.0000335 seconds
[2020-01-13T14:00:03.030+0000][1][gc           ] GC(33) Concurrent Mark
[2020-01-13T14:00:03.106+0000][1][gc           ] GC(33) Concurrent Mark 75.579ms
[2020-01-13T14:00:03.106+0000][1][gc,cpu       ] GC(33) User=0.08s Sys=0.00s Real=0.07s
[2020-01-13T14:00:03.106+0000][1][gc           ] GC(33) Concurrent Preclean
[2020-01-13T14:00:03.107+0000][1][gc           ] GC(33) Concurrent Preclean 1.324ms
[2020-01-13T14:00:03.107+0000][1][gc,cpu       ] GC(33) User=0.00s Sys=0.00s Real=0.00s
[2020-01-13T14:00:03.107+0000][1][gc           ] GC(33) Concurrent Abortable Preclean
[2020-01-13T14:00:04.033+0000][1][safepoint    ] Application time: 1.0032616 seconds
[2020-01-13T14:00:04.033+0000][1][safepoint    ] Entering safepoint region: Cleanup
[2020-01-13T14:00:04.034+0000][1][safepoint    ] Leaving safepoint region
[2020-01-13T14:00:04.034+0000][1][safepoint    ] Total time for which application threads were stopped: 0.0001095 seconds, Stopping threads took: 0.0000303 seconds
[2020-01-13T14:00:05.034+0000][1][safepoint    ] Application time: 1.0000993 seconds
[2020-01-13T14:00:05.034+0000][1][safepoint    ] Entering safepoint region: Cleanup
[2020-01-13T14:00:05.034+0000][1][safepoint    ] Leaving safepoint region
[2020-01-13T14:00:05.034+0000][1][safepoint    ] Total time for which application threads were stopped: 0.0001066 seconds, Stopping threads took: 0.0000279 seconds
[2020-01-13T14:00:06.034+0000][1][safepoint    ] Application time: 1.0001237 seconds
[2020-01-13T14:00:06.034+0000][1][safepoint    ] Entering safepoint region: Cleanup
[2020-01-13T14:00:06.034+0000][1][safepoint    ] Leaving safepoint region
[2020-01-13T14:00:06.034+0000][1][safepoint    ] Total time for which application threads were stopped: 0.0001270 seconds, Stopping threads took: 0.0000275 seconds
[2020-01-13T14:00:07.034+0000][1][safepoint    ] Application time: 1.0001093 seconds
[2020-01-13T14:00:07.034+0000][1][safepoint    ] Entering safepoint region: Cleanup
[2020-01-13T14:00:07.034+0000][1][safepoint    ] Leaving safepoint region
[2020-01-13T14:00:07.034+0000][1][safepoint    ] Total time for which application threads were stopped: 0.0001093 seconds, Stopping threads took: 0.0000290 seconds
[2020-01-13T14:00:08.035+0000][1][safepoint    ] Application time: 1.0001229 seconds
[2020-01-13T14:00:08.035+0000][1][safepoint    ] Entering safepoint region: Cleanup
[2020-01-13T14:00:08.035+0000][1][safepoint    ] Leaving safepoint region
[2020-01-13T14:00:08.035+0000][1][safepoint    ] Total time for which application threads were stopped: 0.0001111 seconds, Stopping threads took: 0.0000296 seconds
[2020-01-13T14:00:08.137+0000][1][gc           ] GC(33) Concurrent Abortable Preclean 5029.926ms
[2020-01-13T14:00:08.137+0000][1][gc,cpu       ] GC(33) User=0.07s Sys=0.00s Real=5.03s
[2020-01-13T14:00:08.137+0000][1][safepoint    ] Application time: 0.1024529 seconds
[2020-01-13T14:00:08.137+0000][1][safepoint    ] Entering safepoint region: CMS_Final_Remark
[2020-01-13T14:00:08.137+0000][1][gc,start     ] GC(33) Pause Remark
[2020-01-13T14:00:08.208+0000][1][gc           ] GC(33) Pause Remark 119M->119M(247M) 70.399ms
[2020-01-13T14:00:08.208+0000][1][gc,cpu       ] GC(33) User=0.07s Sys=0.00s Real=0.07s
[2020-01-13T14:00:08.208+0000][1][safepoint    ] Leaving safepoint region
[2020-01-13T14:00:08.208+0000][1][safepoint    ] Total time for which application threads were stopped: 0.0706562 seconds, Stopping threads took: 0.0000399 seconds
[2020-01-13T14:00:08.211+0000][1][gc           ] GC(33) Concurrent Sweep
[2020-01-13T14:00:08.248+0000][1][gc           ] GC(33) Concurrent Sweep 36.972ms
[2020-01-13T14:00:08.248+0000][1][gc,cpu       ] GC(33) User=0.03s Sys=0.00s Real=0.04s
[2020-01-13T14:00:08.248+0000][1][gc           ] GC(33) Concurrent Reset
[2020-01-13T14:00:08.249+0000][1][gc           ] GC(33) Concurrent Reset 0.388ms
[2020-01-13T14:00:08.249+0000][1][gc,cpu       ] GC(33) User=0.00s Sys=0.00s Real=0.00s
[2020-01-13T14:00:08.249+0000][1][gc,heap      ] GC(33) Old: 69104K->66343K(176960K)
[2020-01-13T14:00:09.216+0000][1][safepoint    ] Application time: 1.0085173 seconds
[2020-01-13T14:00:09.217+0000][1][safepoint    ] Entering safepoint region: Cleanup
[2020-01-13T14:00:09.219+0000][1][safepoint    ] Leaving safepoint region
[2020-01-13T14:00:09.219+0000][1][safepoint    ] Total time for which application threads were stopped: 0.0013720 seconds, Stopping threads took: 0.0000719 seconds
[2020-01-13T14:00:10.219+0000][1][safepoint    ] Application time: 1.0001523 seconds
[2020-01-13T14:00:10.219+0000][1][safepoint    ] Entering safepoint region: Cleanup
[2020-01-13T14:00:10.219+0000][1][safepoint    ] Leaving safepoint region
[2020-01-13T14:00:10.219+0000][1][safepoint    ] Total time for which application threads were stopped: 0.0001422 seconds, Stopping threads took: 0.0000356 seconds
[2020-01-13T14:00:11.219+0000][1][safepoint    ] Application time: 1.0001256 seconds
[2020-01-13T14:00:11.219+0000][1][safepoint    ] Entering safepoint region: Cleanup
[2020-01-13T14:00:11.219+0000][1][safepoint    ] Leaving safepoint region
[2020-01-13T14:00:11.219+0000][1][safepoint    ] Total time for which application threads were stopped: 0.0001187 seconds, Stopping threads took: 0.0000320 seconds
[2020-01-13T14:00:12.220+0000][1][safepoint    ] Application time: 1.0001106 seconds
[2020-01-13T14:00:12.220+0000][1][safepoint    ] Entering safepoint region: Cleanup
[2020-01-13T14:00:12.220+0000][1][safepoint    ] Leaving safepoint region
[2020-01-13T14:00:12.220+0000][1][safepoint    ] Total time for which application threads were stopped: 0.0001107 seconds, Stopping threads took: 0.0000297 seconds
[2020-01-13T14:00:13.220+0000][1][safepoint    ] Application time: 1.0001264 seconds
[2020-01-13T14:00:13.220+0000][1][safepoint    ] Entering safepoint region: Cleanup
[2020-01-13T14:00:13.220+0000][1][safepoint    ] Leaving safepoint region
[2020-01-13T14:00:13.220+0000][1][safepoint    ] Total time for which application threads were stopped: 0.0001338 seconds, Stopping threads took: 0.0000312 seconds
[2020-01-13T14:00:14.220+0000][1][safepoint    ] Application time: 1.0001326 seconds
[2020-01-13T14:00:14.221+0000][1][safepoint    ] Entering safepoint region: Cleanup
[2020-01-13T14:00:14.221+0000][1][safepoint    ] Leaving safepoint region
[2020-01-13T14:00:14.221+0000][1][safepoint    ] Total time for which application threads were stopped: 0.0001722 seconds, Stopping threads took: 0.0000779 seconds
[2020-01-13T14:00:15.222+0000][1][safepoint    ] Application time: 1.0001520 seconds
[2020-01-13T14:00:15.222+0000][1][safepoint    ] Entering safepoint region: Cleanup
[2020-01-13T14:00:15.222+0000][1][safepoint    ] Leaving safepoint region
[2020-01-13T14:00:15.222+0000][1][safepoint    ] Total time for which application threads were stopped: 0.0001183 seconds, Stopping threads took: 0.0000304 seconds
[2020-01-13T14:00:16.222+0000][1][safepoint    ] Application time: 1.0001310 seconds
[2020-01-13T14:00:16.222+0000][1][safepoint    ] Entering safepoint region: Cleanup
[2020-01-13T14:00:16.222+0000][1][safepoint    ] Leaving safepoint region
[2020-01-13T14:00:16.222+0000][1][safepoint    ] Total time for which application threads were stopped: 0.0001334 seconds, Stopping threads took: 0.0000445 seconds
[2020-01-13T14:00:17.222+0000][1][safepoint    ] Application time: 1.0001053 seconds
[2020-01-13T14:00:17.222+0000][1][safepoint    ] Entering safepoint region: Cleanup
[2020-01-13T14:00:17.222+0000][1][safepoint    ] Leaving safepoint region
[2020-01-13T14:00:17.222+0000][1][safepoint    ] Total time for which application threads were stopped: 0.0001135 seconds, Stopping threads took: 0.0000344 seconds
[2020-01-13T14:00:18.223+0000][1][safepoint    ] Application time: 1.0001541 seconds
[2020-01-13T14:00:18.223+0000][1][safepoint    ] Entering safepoint region: Cleanup
[2020-01-13T14:00:18.223+0000][1][safepoint    ] Leaving safepoint region
[2020-01-13T14:00:18.223+0000][1][safepoint    ] Total time for which application threads were stopped: 0.0002319 seconds, Stopping threads took: 0.0000289 seconds
[2020-01-13T14:00:19.223+0000][1][safepoint    ] Application time: 1.0001569 seconds
[2020-01-13T14:00:19.224+0000][1][safepoint    ] Entering safepoint region: Cleanup
[2020-01-13T14:00:19.224+0000][1][safepoint    ] Leaving safepoint region
[2020-01-13T14:00:19.224+0000][1][safepoint    ] Total time for which application threads were stopped: 0.0001436 seconds, Stopping threads took: 0.0000533 seconds
[2020-01-13T14:00:20.224+0000][1][safepoint    ] Application time: 1.0001300 seconds
[2020-01-13T14:00:20.224+0000][1][safepoint    ] Entering safepoint region: Cleanup
[2020-01-13T14:00:20.224+0000][1][safepoint    ] Leaving safepoint region
[2020-01-13T14:00:20.225+0000][1][safepoint    ] Total time for which application threads were stopped: 0.0001220 seconds, Stopping threads took: 0.0000299 seconds
[2020-01-13T14:00:21.225+0000][1][safepoint    ] Application time: 1.0001608 seconds
[2020-01-13T14:00:21.225+0000][1][safepoint    ] Entering safepoint region: Cleanup
[2020-01-13T14:00:21.225+0000][1][safepoint    ] Leaving safepoint region
[2020-01-13T14:00:21.225+0000][1][safepoint    ] Total time for which application threads were stopped: 0.0001399 seconds, Stopping threads took: 0.0000371 seconds
[2020-01-13T14:00:22.225+0000][1][safepoint    ] Application time: 1.0001774 seconds
[2020-01-13T14:00:22.225+0000][1][safepoint    ] Entering safepoint region: Cleanup
[2020-01-13T14:00:22.225+0000][1][safepoint    ] Leaving safepoint region
[2020-01-13T14:00:22.225+0000][1][safepoint    ] Total time for which application threads were stopped: 0.0001650 seconds, Stopping threads took: 0.0000356 seconds
[2020-01-13T14:00:23.225+0000][1][safepoint    ] Application time: 1.0001108 seconds
[2020-01-13T14:00:23.226+0000][1][safepoint    ] Entering safepoint region: Cleanup
[2020-01-13T14:00:23.226+0000][1][safepoint    ] Leaving safepoint region
[2020-01-13T14:00:23.226+0000][1][safepoint    ] Total time for which application threads were stopped: 0.0001129 seconds, Stopping threads took: 0.0000318 seconds
[2020-01-13T14:00:24.226+0000][1][safepoint    ] Application time: 1.0001217 seconds
[2020-01-13T14:00:24.226+0000][1][safepoint    ] Entering safepoint region: Cleanup
[2020-01-13T14:00:24.226+0000][1][safepoint    ] Leaving safepoint region
[2020-01-13T14:00:24.226+0000][1][safepoint    ] Total time for which application threads were stopped: 0.0001279 seconds, Stopping threads took: 0.0000314 seconds
[2020-01-13T14:00:25.226+0000][1][safepoint    ] Application time: 1.0001320 seconds
[2020-01-13T14:00:25.226+0000][1][safepoint    ] Entering safepoint region: Cleanup
[2020-01-13T14:00:25.226+0000][1][safepoint    ] Leaving safepoint region
[2020-01-13T14:00:25.226+0000][1][safepoint    ] Total time for which application threads were stopped: 0.0001315 seconds, Stopping threads took: 0.0000279 seconds
[2020-01-13T14:00:26.226+0000][1][safepoint    ] Application time: 1.0000970 seconds
[2020-01-13T14:00:26.226+0000][1][safepoint    ] Entering safepoint region: Cleanup
[2020-01-13T14:00:26.227+0000][1][safepoint    ] Leaving safepoint region
[2020-01-13T14:00:26.227+0000][1][safepoint    ] Total time for which application threads were stopped: 0.0001312 seconds, Stopping threads took: 0.0000524 seconds
[2020-01-13T14:00:27.227+0000][1][safepoint    ] Application time: 1.0001017 seconds
[2020-01-13T14:00:27.227+0000][1][safepoint    ] Entering safepoint region: Cleanup
[2020-01-13T14:00:27.227+0000][1][safepoint    ] Leaving safepoint region
[2020-01-13T14:00:27.227+0000][1][safepoint    ] Total time for which application threads were stopped: 0.0001165 seconds, Stopping threads took: 0.0000308 seconds
[2020-01-13T14:00:28.227+0000][1][safepoint    ] Application time: 1.0001029 seconds
[2020-01-13T14:00:28.228+0000][1][safepoint    ] Entering safepoint region: Cleanup
[2020-01-13T14:00:28.228+0000][1][safepoint    ] Leaving safepoint region
[2020-01-13T14:00:28.228+0000][1][safepoint    ] Total time for which application threads were stopped: 0.0001592 seconds, Stopping threads took: 0.0000627 seconds
[2020-01-13T14:00:29.228+0000][1][safepoint    ] Application time: 1.0001417 seconds
[2020-01-13T14:00:29.228+0000][1][safepoint    ] Entering safepoint region: Cleanup
[2020-01-13T14:00:29.228+0000][1][safepoint    ] Leaving safepoint region
[2020-01-13T14:00:29.228+0000][1][safepoint    ] Total time for which application threads were stopped: 0.0001144 seconds, Stopping threads took: 0.0000293 seconds
[2020-01-13T14:00:30.229+0000][1][safepoint    ] Application time: 1.0000925 seconds
[2020-01-13T14:00:30.229+0000][1][safepoint    ] Entering safepoint region: Cleanup
[2020-01-13T14:00:30.229+0000][1][safepoint    ] Leaving safepoint region
[2020-01-13T14:00:30.229+0000][1][safepoint    ] Total time for which application threads were stopped: 0.0001130 seconds, Stopping threads took: 0.0000338 seconds
[2020-01-13T14:00:31.229+0000][1][safepoint    ] Application time: 1.0001056 seconds
[2020-01-13T14:00:31.229+0000][1][safepoint    ] Entering safepoint region: Cleanup
[2020-01-13T14:00:31.229+0000][1][safepoint    ] Leaving safepoint region
[2020-01-13T14:00:31.229+0000][1][safepoint    ] Total time for which application threads were stopped: 0.0001167 seconds, Stopping threads took: 0.0000300 seconds
[2020-01-13T14:00:32.229+0000][1][safepoint    ] Application time: 1.0000932 seconds
[2020-01-13T14:00:32.229+0000][1][safepoint    ] Entering safepoint region: Cleanup
[2020-01-13T14:00:32.229+0000][1][safepoint    ] Leaving safepoint region
[2020-01-13T14:00:32.229+0000][1][safepoint    ] Total time for which application threads were stopped: 0.0001203 seconds, Stopping threads took: 0.0000284 seconds
[2020-01-13T14:00:33.229+0000][1][safepoint    ] Application time: 1.0001568 seconds
[2020-01-13T14:00:33.231+0000][1][safepoint    ] Entering safepoint region: Cleanup
[2020-01-13T14:00:33.231+0000][1][safepoint    ] Leaving safepoint region
[2020-01-13T14:00:33.231+0000][1][safepoint    ] Total time for which application threads were stopped: 0.0001778 seconds, Stopping threads took: 0.0000696 seconds
[2020-01-13T14:00:34.231+0000][1][safepoint    ] Application time: 1.0000967 seconds
[2020-01-13T14:00:34.231+0000][1][safepoint    ] Entering safepoint region: Cleanup
[2020-01-13T14:00:34.231+0000][1][safepoint    ] Leaving safepoint region
[2020-01-13T14:00:34.231+0000][1][safepoint    ] Total time for which application threads were stopped: 0.0001159 seconds, Stopping threads took: 0.0000345 seconds
[2020-01-13T14:00:35.231+0000][1][safepoint    ] Application time: 1.0000873 seconds
[2020-01-13T14:00:35.231+0000][1][safepoint    ] Entering safepoint region: Cleanup
[2020-01-13T14:00:35.231+0000][1][safepoint    ] Leaving safepoint region
[2020-01-13T14:00:35.231+0000][1][safepoint    ] Total time for which application threads were stopped: 0.0001260 seconds, Stopping threads took: 0.0000413 seconds
[2020-01-13T14:00:36.231+0000][1][safepoint    ] Application time: 1.0000777 seconds
[2020-01-13T14:00:36.232+0000][1][safepoint    ] Entering safepoint region: Cleanup
[2020-01-13T14:00:36.232+0000][1][safepoint    ] Leaving safepoint region
[2020-01-13T14:00:36.232+0000][1][safepoint    ] Total time for which application threads were stopped: 0.0001240 seconds, Stopping threads took: 0.0000441 seconds
[2020-01-13T14:00:36.295+0000][1][safepoint    ] Application time: 0.0637920 seconds
[2020-01-13T14:00:36.296+0000][1][safepoint    ] Entering safepoint region: GenCollectForAllocation
[2020-01-13T14:00:36.296+0000][1][gc,start     ] GC(34) Pause Young (Allocation Failure)
[2020-01-13T14:00:36.296+0000][1][gc,task      ] GC(34) Using 1 workers of 1 for evacuation
[2020-01-13T14:00:36.300+0000][1][gc,age       ] GC(34) Desired survivor size 4358144 bytes, new threshold 6 (max threshold 6)
[2020-01-13T14:00:36.300+0000][1][gc,age       ] GC(34) Age table with threshold 6 (max threshold 6)
[2020-01-13T14:00:36.300+0000][1][gc,age       ] GC(34) - age   1:       9304 bytes,       9304 total
[2020-01-13T14:00:36.300+0000][1][gc,age       ] GC(34) - age   2:      22776 bytes,      32080 total
[2020-01-13T14:00:36.300+0000][1][gc,age       ] GC(34) - age   3:       2328 bytes,      34408 total
[2020-01-13T14:00:36.300+0000][1][gc,age       ] GC(34) - age   4:       2800 bytes,      37208 total
[2020-01-13T14:00:36.300+0000][1][gc,age       ] GC(34) - age   5:       5000 bytes,      42208 total
[2020-01-13T14:00:36.300+0000][1][gc,age       ] GC(34) - age   6:       7688 bytes,      49896 total
[2020-01-13T14:00:36.300+0000][1][gc,heap      ] GC(34) ParNew: 68269K->92K(76672K)
[2020-01-13T14:00:36.300+0000][1][gc,heap      ] GC(34) CMS: 66343K->66348K(176960K)
[2020-01-13T14:00:36.300+0000][1][gc,metaspace ] GC(34) Metaspace: 72300K->72300K(1116160K)
[2020-01-13T14:00:36.300+0000][1][gc           ] GC(34) Pause Young (Allocation Failure) 131M->64M(247M) 4.779ms
[2020-01-13T14:00:36.300+0000][1][gc,cpu       ] GC(34) User=0.00s Sys=0.00s Real=0.01s
[2020-01-13T14:00:36.300+0000][1][safepoint    ] Leaving safepoint region
[2020-01-13T14:00:36.300+0000][1][safepoint    ] Total time for which application threads were stopped: 0.0049839 seconds, Stopping threads took: 0.0000336 seconds
[2020-01-13T14:00:37.301+0000][1][safepoint    ] Application time: 1.0006255 seconds
[2020-01-13T14:00:37.301+0000][1][safepoint    ] Entering safepoint region: Cleanup
[2020-01-13T14:00:37.301+0000][1][safepoint    ] Leaving safepoint region
[2020-01-13T14:00:37.301+0000][1][safepoint    ] Total time for which application threads were stopped: 0.0001372 seconds, Stopping threads took: 0.0000305 seconds
[2020-01-13T14:00:38.301+0000][1][safepoint    ] Application time: 1.0000887 seconds
[2020-01-13T14:00:38.303+0000][1][safepoint    ] Entering safepoint region: Cleanup
[2020-01-13T14:00:38.303+0000][1][safepoint    ] Leaving safepoint region
[2020-01-13T14:00:38.303+0000][1][safepoint    ] Total time for which application threads were stopped: 0.0001197 seconds, Stopping threads took: 0.0000347 seconds
[2020-01-13T14:00:39.303+0000][1][safepoint    ] Application time: 1.0001193 seconds
[2020-01-13T14:00:39.303+0000][1][safepoint    ] Entering safepoint region: Cleanup
[2020-01-13T14:00:39.303+0000][1][safepoint    ] Leaving safepoint region
[2020-01-13T14:00:39.303+0000][1][safepoint    ] Total time for which application threads were stopped: 0.0001090 seconds, Stopping threads took: 0.0000326 seconds
[2020-01-13T14:00:40.303+0000][1][safepoint    ] Application time: 1.0001026 seconds
[2020-01-13T14:00:40.303+0000][1][safepoint    ] Entering safepoint region: Cleanup
[2020-01-13T14:00:40.303+0000][1][safepoint    ] Leaving safepoint region
[2020-01-13T14:00:40.303+0000][1][safepoint    ] Total time for which application threads were stopped: 0.0001080 seconds, Stopping threads took: 0.0000299 seconds
[2020-01-13T14:00:41.303+0000][1][safepoint    ] Application time: 1.0000943 seconds
[2020-01-13T14:00:41.304+0000][1][safepoint    ] Entering safepoint region: Cleanup
[2020-01-13T14:00:41.304+0000][1][safepoint    ] Leaving safepoint region
[2020-01-13T14:00:41.304+0000][1][safepoint    ] Total time for which application threads were stopped: 0.0001040 seconds, Stopping threads took: 0.0000282 seconds
[2020-01-13T14:00:42.304+0000][1][safepoint    ] Application time: 1.0001068 seconds
[2020-01-13T14:00:42.304+0000][1][safepoint    ] Entering safepoint region: Cleanup
[2020-01-13T14:00:42.304+0000][1][safepoint    ] Leaving safepoint region
[2020-01-13T14:00:42.304+0000][1][safepoint    ] Total time for which application threads were stopped: 0.0001052 seconds, Stopping threads took: 0.0000271 seconds
[2020-01-13T14:00:43.304+0000][1][safepoint    ] Application time: 1.0000859 seconds
[2020-01-13T14:00:43.305+0000][1][safepoint    ] Entering safepoint region: Cleanup
[2020-01-13T14:00:43.305+0000][1][safepoint    ] Leaving safepoint region
[2020-01-13T14:00:43.305+0000][1][safepoint    ] Total time for which application threads were stopped: 0.0001796 seconds, Stopping threads took: 0.0000715 seconds
[2020-01-13T14:00:44.305+0000][1][safepoint    ] Application time: 1.0000842 seconds
[2020-01-13T14:00:44.305+0000][1][safepoint    ] Entering safepoint region: Cleanup
[2020-01-13T14:00:44.306+0000][1][safepoint    ] Leaving safepoint region
[2020-01-13T14:00:44.306+0000][1][safepoint    ] Total time for which application threads were stopped: 0.0001160 seconds, Stopping threads took: 0.0000267 seconds
[2020-01-13T14:00:45.306+0000][1][safepoint    ] Application time: 1.0000815 seconds
[2020-01-13T14:00:45.306+0000][1][safepoint    ] Entering safepoint region: Cleanup
[2020-01-13T14:00:45.306+0000][1][safepoint    ] Leaving safepoint region
[2020-01-13T14:00:45.306+0000][1][safepoint    ] Total time for which application threads were stopped: 0.0001047 seconds, Stopping threads took: 0.0000271 seconds
[2020-01-13T14:00:46.306+0000][1][safepoint    ] Application time: 1.0000778 seconds
[2020-01-13T14:00:46.306+0000][1][safepoint    ] Entering safepoint region: Cleanup
[2020-01-13T14:00:46.306+0000][1][safepoint    ] Leaving safepoint region
[2020-01-13T14:00:46.306+0000][1][safepoint    ] Total time for which application threads were stopped: 0.0001049 seconds, Stopping threads took: 0.0000269 seconds
[2020-01-13T14:00:47.306+0000][1][safepoint    ] Application time: 1.0000998 seconds
[2020-01-13T14:00:47.306+0000][1][safepoint    ] Entering safepoint region: Cleanup
[2020-01-13T14:00:47.306+0000][1][safepoint    ] Leaving safepoint region
[2020-01-13T14:00:47.306+0000][1][safepoint    ] Total time for which application threads were stopped: 0.0001325 seconds, Stopping threads took: 0.0000482 seconds
[2020-01-13T14:00:48.738+0000][1][safepoint    ] Application time: 1.4320016 seconds
[2020-01-13T14:00:48.739+0000][1][safepoint    ] Entering safepoint region: Cleanup
[2020-01-13T14:00:48.740+0000][1][safepoint    ] Leaving safepoint region
[2020-01-13T14:00:48.740+0000][1][safepoint    ] Total time for which application threads were stopped: 0.0001652 seconds, Stopping threads took: 0.0000731 seconds
[2020-01-13T14:00:49.740+0000][1][safepoint    ] Application time: 1.0001468 seconds
[2020-01-13T14:00:49.740+0000][1][safepoint    ] Entering safepoint region: Cleanup
[2020-01-13T14:00:49.740+0000][1][safepoint    ] Leaving safepoint region
[2020-01-13T14:00:49.740+0000][1][safepoint    ] Total time for which application threads were stopped: 0.0001154 seconds, Stopping threads took: 0.0000380 seconds
[2020-01-13T14:00:50.740+0000][1][safepoint    ] Application time: 1.0001109 seconds
[2020-01-13T14:00:50.740+0000][1][safepoint    ] Entering safepoint region: Cleanup
[2020-01-13T14:00:50.740+0000][1][safepoint    ] Leaving safepoint region
[2020-01-13T14:00:50.740+0000][1][safepoint    ] Total time for which application threads were stopped: 0.0001092 seconds, Stopping threads took: 0.0000309 seconds
[2020-01-13T14:00:51.740+0000][1][safepoint    ] Application time: 1.0001039 seconds
[2020-01-13T14:00:51.740+0000][1][safepoint    ] Entering safepoint region: Cleanup
[2020-01-13T14:00:51.741+0000][1][safepoint    ] Leaving safepoint region
[2020-01-13T14:00:51.741+0000][1][safepoint    ] Total time for which application threads were stopped: 0.0001251 seconds, Stopping threads took: 0.0000312 seconds
[2020-01-13T14:00:52.741+0000][1][safepoint    ] Application time: 1.0001129 seconds
[2020-01-13T14:00:52.741+0000][1][safepoint    ] Entering safepoint region: Cleanup
[2020-01-13T14:00:52.741+0000][1][safepoint    ] Leaving safepoint region
[2020-01-13T14:00:52.741+0000][1][safepoint    ] Total time for which application threads were stopped: 0.0001113 seconds, Stopping threads took: 0.0000275 seconds
[2020-01-13T14:00:53.741+0000][1][safepoint    ] Application time: 1.0001053 seconds
[2020-01-13T14:00:53.741+0000][1][safepoint    ] Entering safepoint region: Cleanup
[2020-01-13T14:00:53.741+0000][1][safepoint    ] Leaving safepoint region
[2020-01-13T14:00:53.741+0000][1][safepoint    ] Total time for which application threads were stopped: 0.0001073 seconds, Stopping threads took: 0.0000306 seconds
[2020-01-13T14:00:54.741+0000][1][safepoint    ] Application time: 1.0000831 seconds
[2020-01-13T14:00:54.741+0000][1][safepoint    ] Entering safepoint region: Cleanup
[2020-01-13T14:00:54.741+0000][1][safepoint    ] Leaving safepoint region
[2020-01-13T14:00:54.741+0000][1][safepoint    ] Total time for which application threads were stopped: 0.0001070 seconds, Stopping threads took: 0.0000296 seconds
[2020-01-13T14:00:55.742+0000][1][safepoint    ] Application time: 1.0001891 seconds
[2020-01-13T14:00:55.742+0000][1][safepoint    ] Entering safepoint region: Cleanup
[2020-01-13T14:00:55.742+0000][1][safepoint    ] Leaving safepoint region
[2020-01-13T14:00:55.742+0000][1][safepoint    ] Total time for which application threads were stopped: 0.0001026 seconds, Stopping threads took: 0.0000278 seconds
[2020-01-13T14:00:56.742+0000][1][safepoint    ] Application time: 1.0000973 seconds
[2020-01-13T14:00:56.742+0000][1][safepoint    ] Entering safepoint region: Cleanup
[2020-01-13T14:00:56.742+0000][1][safepoint    ] Leaving safepoint region
[2020-01-13T14:00:56.742+0000][1][safepoint    ] Total time for which application threads were stopped: 0.0001052 seconds, Stopping threads took: 0.0000282 seconds
[2020-01-13T14:00:57.742+0000][1][safepoint    ] Application time: 1.0000826 seconds
[2020-01-13T14:00:57.742+0000][1][safepoint    ] Entering safepoint region: Cleanup
[2020-01-13T14:00:57.742+0000][1][safepoint    ] Leaving safepoint region
[2020-01-13T14:00:57.742+0000][1][safepoint    ] Total time for which application threads were stopped: 0.0001209 seconds, Stopping threads took: 0.0000305 seconds
[2020-01-13T14:00:58.742+0000][1][safepoint    ] Application time: 1.0000832 seconds
[2020-01-13T14:00:58.743+0000][1][safepoint    ] Entering safepoint region: Cleanup
[2020-01-13T14:00:58.743+0000][1][safepoint    ] Leaving safepoint region
[2020-01-13T14:00:58.743+0000][1][safepoint    ] Total time for which application threads were stopped: 0.0001259 seconds, Stopping threads took: 0.0000478 seconds
[2020-01-13T14:00:59.743+0000][1][safepoint    ] Application time: 1.0001139 seconds
[2020-01-13T14:00:59.744+0000][1][safepoint    ] Entering safepoint region: Cleanup
[2020-01-13T14:00:59.744+0000][1][safepoint    ] Leaving safepoint region
[2020-01-13T14:00:59.744+0000][1][safepoint    ] Total time for which application threads were stopped: 0.0001148 seconds, Stopping threads took: 0.0000344 seconds
[2020-01-13T14:01:00.744+0000][1][safepoint    ] Application time: 1.0001419 seconds
[2020-01-13T14:01:00.744+0000][1][safepoint    ] Entering safepoint region: Cleanup
[2020-01-13T14:01:00.744+0000][1][safepoint    ] Leaving safepoint region
[2020-01-13T14:01:00.744+0000][1][safepoint    ] Total time for which application threads were stopped: 0.0001101 seconds, Stopping threads took: 0.0000298 seconds
[2020-01-13T14:01:01.444+0000][1][safepoint    ] Application time: 0.6999431 seconds
[2020-01-13T14:01:01.444+0000][1][safepoint    ] Entering safepoint region: RevokeBias
[2020-01-13T14:01:01.444+0000][1][safepoint    ] Leaving safepoint region
[2020-01-13T14:01:01.444+0000][1][safepoint    ] Total time for which application threads were stopped: 0.0001201 seconds, Stopping threads took: 0.0000184 seconds
[2020-01-13T14:01:02.444+0000][1][safepoint    ] Application time: 1.0001164 seconds
[2020-01-13T14:01:02.444+0000][1][safepoint    ] Entering safepoint region: Cleanup
[2020-01-13T14:01:02.444+0000][1][safepoint    ] Leaving safepoint region
[2020-01-13T14:01:02.444+0000][1][safepoint    ] Total time for which application threads were stopped: 0.0001069 seconds, Stopping threads took: 0.0000285 seconds
[2020-01-13T14:01:03.445+0000][1][safepoint    ] Application time: 1.0001002 seconds
[2020-01-13T14:01:03.445+0000][1][safepoint    ] Entering safepoint region: Cleanup
[2020-01-13T14:01:03.445+0000][1][safepoint    ] Leaving safepoint region
[2020-01-13T14:01:03.445+0000][1][safepoint    ] Total time for which application threads were stopped: 0.0001099 seconds, Stopping threads took: 0.0000323 seconds
[2020-01-13T14:01:03.985+0000][1][safepoint    ] Application time: 0.5402136 seconds
[2020-01-13T14:01:03.985+0000][1][safepoint    ] Entering safepoint region: RevokeBias
[2020-01-13T14:01:03.985+0000][1][safepoint    ] Leaving safepoint region
[2020-01-13T14:01:03.985+0000][1][safepoint    ] Total time for which application threads were stopped: 0.0001407 seconds, Stopping threads took: 0.0000496 seconds
[2020-01-13T14:01:03.992+0000][1][safepoint    ] Application time: 0.0071523 seconds
[2020-01-13T14:01:03.992+0000][1][safepoint    ] Entering safepoint region: RevokeBias
[2020-01-13T14:01:03.992+0000][1][safepoint    ] Leaving safepoint region
[2020-01-13T14:01:03.992+0000][1][safepoint    ] Total time for which application threads were stopped: 0.0001739 seconds, Stopping threads took: 0.0000624 seconds
[2020-01-13T14:01:04.018+0000][1][safepoint    ] Application time: 0.0257954 seconds
[2020-01-13T14:01:04.018+0000][1][safepoint    ] Entering safepoint region: RevokeBias
[2020-01-13T14:01:04.018+0000][1][safepoint    ] Leaving safepoint region
[2020-01-13T14:01:04.018+0000][1][safepoint    ] Total time for which application threads were stopped: 0.0001392 seconds, Stopping threads took: 0.0000300 seconds
[2020-01-13T14:01:05.019+0000][1][safepoint    ] Application time: 1.0001117 seconds
[2020-01-13T14:01:05.019+0000][1][safepoint    ] Entering safepoint region: Cleanup
[2020-01-13T14:01:05.019+0000][1][safepoint    ] Leaving safepoint region
[2020-01-13T14:01:05.019+0000][1][safepoint    ] Total time for which application threads were stopped: 0.0001666 seconds, Stopping threads took: 0.0000293 seconds
[2020-01-13T14:01:06.019+0000][1][safepoint    ] Application time: 1.0001094 seconds
[2020-01-13T14:01:06.019+0000][1][safepoint    ] Entering safepoint region: Cleanup
[2020-01-13T14:01:06.019+0000][1][safepoint    ] Leaving safepoint region
[2020-01-13T14:01:06.019+0000][1][safepoint    ] Total time for which application threads were stopped: 0.0001102 seconds, Stopping threads took: 0.0000312 seconds
[2020-01-13T14:01:07.019+0000][1][safepoint    ] Application time: 1.0000902 seconds
[2020-01-13T14:01:07.019+0000][1][safepoint    ] Entering safepoint region: Cleanup
[2020-01-13T14:01:07.019+0000][1][safepoint    ] Leaving safepoint region
[2020-01-13T14:01:07.019+0000][1][safepoint    ] Total time for which application threads were stopped: 0.0001186 seconds, Stopping threads took: 0.0000283 seconds
[2020-01-13T14:01:08.020+0000][1][safepoint    ] Application time: 1.0000928 seconds
[2020-01-13T14:01:08.020+0000][1][safepoint    ] Entering safepoint region: Cleanup
[2020-01-13T14:01:08.020+0000][1][safepoint    ] Leaving safepoint region
[2020-01-13T14:01:08.020+0000][1][safepoint    ] Total time for which application threads were stopped: 0.0001424 seconds, Stopping threads took: 0.0000306 seconds
[2020-01-13T14:01:09.020+0000][1][safepoint    ] Application time: 1.0000841 seconds
[2020-01-13T14:01:09.021+0000][1][safepoint    ] Entering safepoint region: Cleanup
[2020-01-13T14:01:09.021+0000][1][safepoint    ] Leaving safepoint region
[2020-01-13T14:01:09.021+0000][1][safepoint    ] Total time for which application threads were stopped: 0.0001675 seconds, Stopping threads took: 0.0000752 seconds
[2020-01-13T14:01:10.021+0000][1][safepoint    ] Application time: 1.0000692 seconds
[2020-01-13T14:01:10.021+0000][1][safepoint    ] Entering safepoint region: Cleanup
[2020-01-13T14:01:10.021+0000][1][safepoint    ] Leaving safepoint region
[2020-01-13T14:01:10.021+0000][1][safepoint    ] Total time for which application threads were stopped: 0.0001137 seconds, Stopping threads took: 0.0000313 seconds
[2020-01-13T14:01:11.021+0000][1][safepoint    ] Application time: 1.0001189 seconds
[2020-01-13T14:01:11.021+0000][1][safepoint    ] Entering safepoint region: Cleanup
[2020-01-13T14:01:11.022+0000][1][safepoint    ] Leaving safepoint region
[2020-01-13T14:01:11.022+0000][1][safepoint    ] Total time for which application threads were stopped: 0.0001101 seconds, Stopping threads took: 0.0000340 seconds
[2020-01-13T14:01:12.022+0000][1][safepoint    ] Application time: 1.0001096 seconds
[2020-01-13T14:01:12.022+0000][1][safepoint    ] Entering safepoint region: Cleanup
[2020-01-13T14:01:12.022+0000][1][safepoint    ] Leaving safepoint region
[2020-01-13T14:01:12.022+0000][1][safepoint    ] Total time for which application threads were stopped: 0.0001079 seconds, Stopping threads took: 0.0000296 seconds
[2020-01-13T14:01:13.022+0000][1][safepoint    ] Application time: 1.0001037 seconds
[2020-01-13T14:01:13.022+0000][1][safepoint    ] Entering safepoint region: Cleanup
[2020-01-13T14:01:13.022+0000][1][safepoint    ] Leaving safepoint region
[2020-01-13T14:01:13.022+0000][1][safepoint    ] Total time for which application threads were stopped: 0.0001301 seconds, Stopping threads took: 0.0000272 seconds
[2020-01-13T14:01:14.022+0000][1][safepoint    ] Application time: 1.0000985 seconds
[2020-01-13T14:01:14.023+0000][1][safepoint    ] Entering safepoint region: Cleanup
[2020-01-13T14:01:14.023+0000][1][safepoint    ] Leaving safepoint region
[2020-01-13T14:01:14.023+0000][1][safepoint    ] Total time for which application threads were stopped: 0.0001669 seconds, Stopping threads took: 0.0000766 seconds
[2020-01-13T14:01:15.024+0000][1][safepoint    ] Application time: 1.0001412 seconds
[2020-01-13T14:01:15.024+0000][1][safepoint    ] Entering safepoint region: Cleanup
[2020-01-13T14:01:15.024+0000][1][safepoint    ] Leaving safepoint region
[2020-01-13T14:01:15.024+0000][1][safepoint    ] Total time for which application threads were stopped: 0.0001188 seconds, Stopping threads took: 0.0000331 seconds
[2020-01-13T14:01:16.024+0000][1][safepoint    ] Application time: 1.0001432 seconds
[2020-01-13T14:01:16.024+0000][1][safepoint    ] Entering safepoint region: Cleanup
[2020-01-13T14:01:16.024+0000][1][safepoint    ] Leaving safepoint region
[2020-01-13T14:01:16.024+0000][1][safepoint    ] Total time for which application threads were stopped: 0.0001211 seconds, Stopping threads took: 0.0000322 seconds
[2020-01-13T14:01:17.024+0000][1][safepoint    ] Application time: 1.0001366 seconds
[2020-01-13T14:01:17.024+0000][1][safepoint    ] Entering safepoint region: Cleanup
[2020-01-13T14:01:17.024+0000][1][safepoint    ] Leaving safepoint region
[2020-01-13T14:01:17.024+0000][1][safepoint    ] Total time for which application threads were stopped: 0.0001098 seconds, Stopping threads took: 0.0000317 seconds
[2020-01-13T14:01:18.025+0000][1][safepoint    ] Application time: 1.0001248 seconds
[2020-01-13T14:01:18.025+0000][1][safepoint    ] Entering safepoint region: Cleanup
[2020-01-13T14:01:18.025+0000][1][safepoint    ] Leaving safepoint region
[2020-01-13T14:01:18.025+0000][1][safepoint    ] Total time for which application threads were stopped: 0.0001131 seconds, Stopping threads took: 0.0000305 seconds
[2020-01-13T14:01:19.025+0000][1][safepoint    ] Application time: 1.0001396 seconds
[2020-01-13T14:01:19.026+0000][1][safepoint    ] Entering safepoint region: Cleanup
[2020-01-13T14:01:19.026+0000][1][safepoint    ] Leaving safepoint region
[2020-01-13T14:01:19.026+0000][1][safepoint    ] Total time for which application threads were stopped: 0.0001623 seconds, Stopping threads took: 0.0000723 seconds
[2020-01-13T14:01:20.026+0000][1][safepoint    ] Application time: 1.0001487 seconds
[2020-01-13T14:01:20.026+0000][1][safepoint    ] Entering safepoint region: Cleanup
[2020-01-13T14:01:20.026+0000][1][safepoint    ] Leaving safepoint region
[2020-01-13T14:01:20.026+0000][1][safepoint    ] Total time for which application threads were stopped: 0.0001380 seconds, Stopping threads took: 0.0000484 seconds
[2020-01-13T14:01:21.027+0000][1][safepoint    ] Application time: 1.0000961 seconds
[2020-01-13T14:01:21.027+0000][1][safepoint    ] Entering safepoint region: Cleanup
[2020-01-13T14:01:21.027+0000][1][safepoint    ] Leaving safepoint region
[2020-01-13T14:01:21.027+0000][1][safepoint    ] Total time for which application threads were stopped: 0.0001083 seconds, Stopping threads took: 0.0000284 seconds
[2020-01-13T14:01:22.027+0000][1][safepoint    ] Application time: 1.0001268 seconds
[2020-01-13T14:01:22.027+0000][1][safepoint    ] Entering safepoint region: Cleanup
[2020-01-13T14:01:22.027+0000][1][safepoint    ] Leaving safepoint region
[2020-01-13T14:01:22.027+0000][1][safepoint    ] Total time for which application threads were stopped: 0.0001044 seconds, Stopping threads took: 0.0000276 seconds
[2020-01-13T14:01:23.027+0000][1][safepoint    ] Application time: 1.0001024 seconds
[2020-01-13T14:01:23.027+0000][1][safepoint    ] Entering safepoint region: Cleanup
[2020-01-13T14:01:23.027+0000][1][safepoint    ] Leaving safepoint region
[2020-01-13T14:01:23.027+0000][1][safepoint    ] Total time for which application threads were stopped: 0.0001441 seconds, Stopping threads took: 0.0000383 seconds
[2020-01-13T14:01:24.027+0000][1][safepoint    ] Application time: 1.0001214 seconds
[2020-01-13T14:01:24.028+0000][1][safepoint    ] Entering safepoint region: Cleanup
[2020-01-13T14:01:24.028+0000][1][safepoint    ] Leaving safepoint region
[2020-01-13T14:01:24.028+0000][1][safepoint    ] Total time for which application threads were stopped: 0.0001156 seconds, Stopping threads took: 0.0000318 seconds
[2020-01-13T14:01:25.028+0000][1][safepoint    ] Application time: 1.0001083 seconds
[2020-01-13T14:01:25.028+0000][1][safepoint    ] Entering safepoint region: Cleanup
[2020-01-13T14:01:25.028+0000][1][safepoint    ] Leaving safepoint region
[2020-01-13T14:01:25.028+0000][1][safepoint    ] Total time for which application threads were stopped: 0.0001243 seconds, Stopping threads took: 0.0000287 seconds
[2020-01-13T14:01:26.028+0000][1][safepoint    ] Application time: 1.0000957 seconds
[2020-01-13T14:01:26.028+0000][1][safepoint    ] Entering safepoint region: Cleanup
[2020-01-13T14:01:26.028+0000][1][safepoint    ] Leaving safepoint region
[2020-01-13T14:01:26.028+0000][1][safepoint    ] Total time for which application threads were stopped: 0.0001177 seconds, Stopping threads took: 0.0000290 seconds
[2020-01-13T14:01:27.028+0000][1][safepoint    ] Application time: 1.0000913 seconds
[2020-01-13T14:01:27.028+0000][1][safepoint    ] Entering safepoint region: Cleanup
[2020-01-13T14:01:27.029+0000][1][safepoint    ] Leaving safepoint region
[2020-01-13T14:01:27.029+0000][1][safepoint    ] Total time for which application threads were stopped: 0.0001163 seconds, Stopping threads took: 0.0000302 seconds
[2020-01-13T14:01:28.029+0000][1][safepoint    ] Application time: 1.0000868 seconds
[2020-01-13T14:01:28.030+0000][1][safepoint    ] Entering safepoint region: Cleanup
[2020-01-13T14:01:28.030+0000][1][safepoint    ] Leaving safepoint region
[2020-01-13T14:01:28.030+0000][1][safepoint    ] Total time for which application threads were stopped: 0.0001223 seconds, Stopping threads took: 0.0000381 seconds
[2020-01-13T14:01:29.030+0000][1][safepoint    ] Application time: 1.0001113 seconds
[2020-01-13T14:01:29.030+0000][1][safepoint    ] Entering safepoint region: Cleanup
[2020-01-13T14:01:29.030+0000][1][safepoint    ] Leaving safepoint region
[2020-01-13T14:01:29.030+0000][1][safepoint    ] Total time for which application threads were stopped: 0.0001132 seconds, Stopping threads took: 0.0000302 seconds
[2020-01-13T14:01:30.030+0000][1][safepoint    ] Application time: 1.0001008 seconds
[2020-01-13T14:01:30.030+0000][1][safepoint    ] Entering safepoint region: Cleanup
[2020-01-13T14:01:30.030+0000][1][safepoint    ] Leaving safepoint region
[2020-01-13T14:01:30.030+0000][1][safepoint    ] Total time for which application threads were stopped: 0.0001082 seconds, Stopping threads took: 0.0000303 seconds
[2020-01-13T14:01:31.031+0000][1][safepoint    ] Application time: 1.0001199 seconds
[2020-01-13T14:01:31.031+0000][1][safepoint    ] Entering safepoint region: Cleanup
[2020-01-13T14:01:31.031+0000][1][safepoint    ] Leaving safepoint region
[2020-01-13T14:01:31.031+0000][1][safepoint    ] Total time for which application threads were stopped: 0.0001473 seconds, Stopping threads took: 0.0000271 seconds
[2020-01-13T14:01:32.031+0000][1][safepoint    ] Application time: 1.0001102 seconds
[2020-01-13T14:01:32.031+0000][1][safepoint    ] Entering safepoint region: Cleanup
[2020-01-13T14:01:32.031+0000][1][safepoint    ] Leaving safepoint region
[2020-01-13T14:01:32.031+0000][1][safepoint    ] Total time for which application threads were stopped: 0.0001083 seconds, Stopping threads took: 0.0000291 seconds
[2020-01-13T14:01:33.031+0000][1][safepoint    ] Application time: 1.0000962 seconds
[2020-01-13T14:01:33.033+0000][1][safepoint    ] Entering safepoint region: Cleanup
[2020-01-13T14:01:33.033+0000][1][safepoint    ] Leaving safepoint region
[2020-01-13T14:01:33.033+0000][1][safepoint    ] Total time for which application threads were stopped: 0.0001627 seconds, Stopping threads took: 0.0000732 seconds
[2020-01-13T14:01:34.033+0000][1][safepoint    ] Application time: 1.0000993 seconds
[2020-01-13T14:01:34.033+0000][1][safepoint    ] Entering safepoint region: Cleanup
[2020-01-13T14:01:34.033+0000][1][safepoint    ] Leaving safepoint region
[2020-01-13T14:01:34.033+0000][1][safepoint    ] Total time for which application threads were stopped: 0.0001181 seconds, Stopping threads took: 0.0000326 seconds
[2020-01-13T14:01:35.033+0000][1][safepoint    ] Application time: 1.0001008 seconds
[2020-01-13T14:01:35.033+0000][1][safepoint    ] Entering safepoint region: Cleanup
[2020-01-13T14:01:35.033+0000][1][safepoint    ] Leaving safepoint region
[2020-01-13T14:01:35.033+0000][1][safepoint    ] Total time for which application threads were stopped: 0.0001370 seconds, Stopping threads took: 0.0000503 seconds
[2020-01-13T14:01:36.033+0000][1][safepoint    ] Application time: 1.0000511 seconds
[2020-01-13T14:01:36.033+0000][1][safepoint    ] Entering safepoint region: Cleanup
[2020-01-13T14:01:36.033+0000][1][safepoint    ] Leaving safepoint region
[2020-01-13T14:01:36.033+0000][1][safepoint    ] Total time for which application threads were stopped: 0.0001532 seconds, Stopping threads took: 0.0000706 seconds
[2020-01-13T14:01:37.034+0000][1][safepoint    ] Application time: 1.0000921 seconds
[2020-01-13T14:01:37.034+0000][1][safepoint    ] Entering safepoint region: Cleanup
[2020-01-13T14:01:37.034+0000][1][safepoint    ] Leaving safepoint region
[2020-01-13T14:01:37.034+0000][1][safepoint    ] Total time for which application threads were stopped: 0.0001570 seconds, Stopping threads took: 0.0000291 seconds
[2020-01-13T14:01:38.034+0000][1][safepoint    ] Application time: 1.0000996 seconds
[2020-01-13T14:01:38.035+0000][1][safepoint    ] Entering safepoint region: Cleanup
[2020-01-13T14:01:38.035+0000][1][safepoint    ] Leaving safepoint region
[2020-01-13T14:01:38.035+0000][1][safepoint    ] Total time for which application threads were stopped: 0.0001820 seconds, Stopping threads took: 0.0000808 seconds
[2020-01-13T14:01:39.035+0000][1][safepoint    ] Application time: 1.0001017 seconds
[2020-01-13T14:01:39.036+0000][1][safepoint    ] Entering safepoint region: Cleanup
[2020-01-13T14:01:39.036+0000][1][safepoint    ] Leaving safepoint region
[2020-01-13T14:01:39.036+0000][1][safepoint    ] Total time for which application threads were stopped: 0.0001185 seconds, Stopping threads took: 0.0000296 seconds
[2020-01-13T14:01:40.036+0000][1][safepoint    ] Application time: 1.0000991 seconds
[2020-01-13T14:01:40.036+0000][1][safepoint    ] Entering safepoint region: Cleanup
[2020-01-13T14:01:40.036+0000][1][safepoint    ] Leaving safepoint region
[2020-01-13T14:01:40.036+0000][1][safepoint    ] Total time for which application threads were stopped: 0.0001078 seconds, Stopping threads took: 0.0000292 seconds
[2020-01-13T14:01:41.102+0000][1][safepoint    ] Application time: 1.0664037 seconds
[2020-01-13T14:01:41.102+0000][1][safepoint    ] Entering safepoint region: Cleanup
[2020-01-13T14:01:41.103+0000][1][safepoint    ] Leaving safepoint region
[2020-01-13T14:01:41.103+0000][1][safepoint    ] Total time for which application threads were stopped: 0.0001174 seconds, Stopping threads took: 0.0000285 seconds
[2020-01-13T14:01:42.103+0000][1][safepoint    ] Application time: 1.0001142 seconds
[2020-01-13T14:01:42.103+0000][1][safepoint    ] Entering safepoint region: Cleanup
[2020-01-13T14:01:42.103+0000][1][safepoint    ] Leaving safepoint region
[2020-01-13T14:01:42.103+0000][1][safepoint    ] Total time for which application threads were stopped: 0.0001192 seconds, Stopping threads took: 0.0000292 seconds
[2020-01-13T14:01:43.103+0000][1][safepoint    ] Application time: 1.0001385 seconds
[2020-01-13T14:01:43.104+0000][1][safepoint    ] Entering safepoint region: Cleanup
[2020-01-13T14:01:43.104+0000][1][safepoint    ] Leaving safepoint region
[2020-01-13T14:01:43.104+0000][1][safepoint    ] Total time for which application threads were stopped: 0.0001310 seconds, Stopping threads took: 0.0000386 seconds
[2020-01-13T14:01:44.104+0000][1][safepoint    ] Application time: 1.0001077 seconds
[2020-01-13T14:01:44.104+0000][1][safepoint    ] Entering safepoint region: Cleanup
[2020-01-13T14:01:44.105+0000][1][safepoint    ] Leaving safepoint region
[2020-01-13T14:01:44.105+0000][1][safepoint    ] Total time for which application threads were stopped: 0.0001035 seconds, Stopping threads took: 0.0000287 seconds
[2020-01-13T14:01:45.105+0000][1][safepoint    ] Application time: 1.0000954 seconds
[2020-01-13T14:01:45.105+0000][1][safepoint    ] Entering safepoint region: Cleanup
[2020-01-13T14:01:45.105+0000][1][safepoint    ] Leaving safepoint region
[2020-01-13T14:01:45.105+0000][1][safepoint    ] Total time for which application threads were stopped: 0.0001032 seconds, Stopping threads took: 0.0000275 seconds
[2020-01-13T14:01:46.105+0000][1][safepoint    ] Application time: 1.0001298 seconds
[2020-01-13T14:01:46.105+0000][1][safepoint    ] Entering safepoint region: Cleanup
[2020-01-13T14:01:46.105+0000][1][safepoint    ] Leaving safepoint region
[2020-01-13T14:01:46.105+0000][1][safepoint    ] Total time for which application threads were stopped: 0.0001080 seconds, Stopping threads took: 0.0000282 seconds
[2020-01-13T14:01:47.105+0000][1][safepoint    ] Application time: 1.0001447 seconds
[2020-01-13T14:01:47.105+0000][1][safepoint    ] Entering safepoint region: Cleanup
[2020-01-13T14:01:47.105+0000][1][safepoint    ] Leaving safepoint region
[2020-01-13T14:01:47.105+0000][1][safepoint    ] Total time for which application threads were stopped: 0.0001144 seconds, Stopping threads took: 0.0000341 seconds
[2020-01-13T14:01:48.106+0000][1][safepoint    ] Application time: 1.0001417 seconds
[2020-01-13T14:01:48.107+0000][1][safepoint    ] Entering safepoint region: Cleanup
[2020-01-13T14:01:48.107+0000][1][safepoint    ] Leaving safepoint region
[2020-01-13T14:01:48.107+0000][1][safepoint    ] Total time for which application threads were stopped: 0.0001566 seconds, Stopping threads took: 0.0000685 seconds
[2020-01-13T14:01:49.107+0000][1][safepoint    ] Application time: 1.0001426 seconds
[2020-01-13T14:01:49.107+0000][1][safepoint    ] Entering safepoint region: Cleanup
[2020-01-13T14:01:49.107+0000][1][safepoint    ] Leaving safepoint region
[2020-01-13T14:01:49.107+0000][1][safepoint    ] Total time for which application threads were stopped: 0.0001166 seconds, Stopping threads took: 0.0000306 seconds
[2020-01-13T14:01:50.107+0000][1][safepoint    ] Application time: 1.0001297 seconds
[2020-01-13T14:01:50.107+0000][1][safepoint    ] Entering safepoint region: Cleanup
[2020-01-13T14:01:50.108+0000][1][safepoint    ] Leaving safepoint region
[2020-01-13T14:01:50.108+0000][1][safepoint    ] Total time for which application threads were stopped: 0.0006946 seconds, Stopping threads took: 0.0000312 seconds
[2020-01-13T14:01:51.108+0000][1][safepoint    ] Application time: 1.0000597 seconds
[2020-01-13T14:01:51.108+0000][1][safepoint    ] Entering safepoint region: Cleanup
[2020-01-13T14:01:51.108+0000][1][safepoint    ] Leaving safepoint region
[2020-01-13T14:01:51.108+0000][1][safepoint    ] Total time for which application threads were stopped: 0.0001210 seconds, Stopping threads took: 0.0000293 seconds
[2020-01-13T14:01:52.108+0000][1][safepoint    ] Application time: 1.0001097 seconds
[2020-01-13T14:01:52.108+0000][1][safepoint    ] Entering safepoint region: Cleanup
[2020-01-13T14:01:52.109+0000][1][safepoint    ] Leaving safepoint region
[2020-01-13T14:01:52.109+0000][1][safepoint    ] Total time for which application threads were stopped: 0.0000964 seconds, Stopping threads took: 0.0000232 seconds
[2020-01-13T14:01:53.109+0000][1][safepoint    ] Application time: 1.0000972 seconds
[2020-01-13T14:01:53.109+0000][1][safepoint    ] Entering safepoint region: Cleanup
[2020-01-13T14:01:53.109+0000][1][safepoint    ] Leaving safepoint region
[2020-01-13T14:01:53.109+0000][1][safepoint    ] Total time for which application threads were stopped: 0.0001014 seconds, Stopping threads took: 0.0000273 seconds
[2020-01-13T14:01:54.109+0000][1][safepoint    ] Application time: 1.0001045 seconds
[2020-01-13T14:01:54.109+0000][1][safepoint    ] Entering safepoint region: Cleanup
[2020-01-13T14:01:54.109+0000][1][safepoint    ] Leaving safepoint region
[2020-01-13T14:01:54.109+0000][1][safepoint    ] Total time for which application threads were stopped: 0.0001059 seconds, Stopping threads took: 0.0000278 seconds
[2020-01-13T14:01:55.109+0000][1][safepoint    ] Application time: 1.0000928 seconds
[2020-01-13T14:01:55.109+0000][1][safepoint    ] Entering safepoint region: Cleanup
[2020-01-13T14:01:55.109+0000][1][safepoint    ] Leaving safepoint region
[2020-01-13T14:01:55.109+0000][1][safepoint    ] Total time for which application threads were stopped: 0.0001170 seconds, Stopping threads took: 0.0000386 seconds
[2020-01-13T14:01:57.079+0000][1][safepoint    ] Application time: 1.9700852 seconds
[2020-01-13T14:01:57.080+0000][1][safepoint    ] Entering safepoint region: Cleanup
[2020-01-13T14:01:57.080+0000][1][safepoint    ] Leaving safepoint region
[2020-01-13T14:01:57.080+0000][1][safepoint    ] Total time for which application threads were stopped: 0.0001211 seconds, Stopping threads took: 0.0000274 seconds
[2020-01-13T14:01:58.080+0000][1][safepoint    ] Application time: 1.0001290 seconds
[2020-01-13T14:01:58.080+0000][1][safepoint    ] Entering safepoint region: Cleanup
[2020-01-13T14:01:58.080+0000][1][safepoint    ] Leaving safepoint region
[2020-01-13T14:01:58.080+0000][1][safepoint    ] Total time for which application threads were stopped: 0.0001250 seconds, Stopping threads took: 0.0000435 seconds
[2020-01-13T14:01:59.080+0000][1][safepoint    ] Application time: 1.0001219 seconds
[2020-01-13T14:01:59.080+0000][1][safepoint    ] Entering safepoint region: Cleanup
[2020-01-13T14:01:59.080+0000][1][safepoint    ] Leaving safepoint region
[2020-01-13T14:01:59.080+0000][1][safepoint    ] Total time for which application threads were stopped: 0.0001478 seconds, Stopping threads took: 0.0000384 seconds
[2020-01-13T14:02:00.080+0000][1][safepoint    ] Application time: 1.0001213 seconds
[2020-01-13T14:02:00.081+0000][1][safepoint    ] Entering safepoint region: Cleanup
[2020-01-13T14:02:00.081+0000][1][safepoint    ] Leaving safepoint region
[2020-01-13T14:02:00.081+0000][1][safepoint    ] Total time for which application threads were stopped: 0.0001236 seconds, Stopping threads took: 0.0000318 seconds
[2020-01-13T14:02:01.081+0000][1][safepoint    ] Application time: 1.0001759 seconds
[2020-01-13T14:02:01.081+0000][1][safepoint    ] Entering safepoint region: Cleanup
[2020-01-13T14:02:01.081+0000][1][safepoint    ] Leaving safepoint region
[2020-01-13T14:02:01.081+0000][1][safepoint    ] Total time for which application threads were stopped: 0.0001243 seconds, Stopping threads took: 0.0000454 seconds
[2020-01-13T14:02:02.081+0000][1][safepoint    ] Application time: 1.0000890 seconds
[2020-01-13T14:02:02.081+0000][1][safepoint    ] Entering safepoint region: Cleanup
[2020-01-13T14:02:02.081+0000][1][safepoint    ] Leaving safepoint region
[2020-01-13T14:02:02.081+0000][1][safepoint    ] Total time for which application threads were stopped: 0.0001271 seconds, Stopping threads took: 0.0000295 seconds
[2020-01-13T14:02:03.081+0000][1][safepoint    ] Application time: 1.0001140 seconds
[2020-01-13T14:02:03.081+0000][1][safepoint    ] Entering safepoint region: Cleanup
[2020-01-13T14:02:03.082+0000][1][safepoint    ] Leaving safepoint region
[2020-01-13T14:02:03.082+0000][1][safepoint    ] Total time for which application threads were stopped: 0.0001103 seconds, Stopping threads took: 0.0000308 seconds
[2020-01-13T14:02:04.082+0000][1][safepoint    ] Application time: 1.0001373 seconds
[2020-01-13T14:02:04.083+0000][1][safepoint    ] Entering safepoint region: Cleanup
[2020-01-13T14:02:04.083+0000][1][safepoint    ] Leaving safepoint region
[2020-01-13T14:02:04.083+0000][1][safepoint    ] Total time for which application threads were stopped: 0.0001810 seconds, Stopping threads took: 0.0000706 seconds
[2020-01-13T14:02:05.083+0000][1][safepoint    ] Application time: 1.0000899 seconds
[2020-01-13T14:02:05.083+0000][1][safepoint    ] Entering safepoint region: Cleanup
[2020-01-13T14:02:05.083+0000][1][safepoint    ] Leaving safepoint region
[2020-01-13T14:02:05.083+0000][1][safepoint    ] Total time for which application threads were stopped: 0.0001299 seconds, Stopping threads took: 0.0000471 seconds
[2020-01-13T14:02:06.083+0000][1][safepoint    ] Application time: 1.0000856 seconds
[2020-01-13T14:02:06.083+0000][1][safepoint    ] Entering safepoint region: Cleanup
[2020-01-13T14:02:06.083+0000][1][safepoint    ] Leaving safepoint region
[2020-01-13T14:02:06.083+0000][1][safepoint    ] Total time for which application threads were stopped: 0.0001057 seconds, Stopping threads took: 0.0000296 seconds
[2020-01-13T14:02:07.084+0000][1][safepoint    ] Application time: 1.0001101 seconds
[2020-01-13T14:02:07.084+0000][1][safepoint    ] Entering safepoint region: Cleanup
[2020-01-13T14:02:07.084+0000][1][safepoint    ] Leaving safepoint region
[2020-01-13T14:02:07.084+0000][1][safepoint    ] Total time for which application threads were stopped: 0.0001076 seconds, Stopping threads took: 0.0000305 seconds
[2020-01-13T14:02:08.084+0000][1][safepoint    ] Application time: 1.0001476 seconds
[2020-01-13T14:02:08.084+0000][1][safepoint    ] Entering safepoint region: Cleanup
[2020-01-13T14:02:08.084+0000][1][safepoint    ] Leaving safepoint region
[2020-01-13T14:02:08.084+0000][1][safepoint    ] Total time for which application threads were stopped: 0.0001117 seconds, Stopping threads took: 0.0000289 seconds
[2020-01-13T14:02:09.084+0000][1][safepoint    ] Application time: 1.0001565 seconds
[2020-01-13T14:02:09.085+0000][1][safepoint    ] Entering safepoint region: Cleanup
[2020-01-13T14:02:09.085+0000][1][safepoint    ] Leaving safepoint region
[2020-01-13T14:02:09.085+0000][1][safepoint    ] Total time for which application threads were stopped: 0.0001774 seconds, Stopping threads took: 0.0000697 seconds
[2020-01-13T14:02:10.086+0000][1][safepoint    ] Application time: 1.0001510 seconds
[2020-01-13T14:02:10.086+0000][1][safepoint    ] Entering safepoint region: Cleanup
[2020-01-13T14:02:10.086+0000][1][safepoint    ] Leaving safepoint region
[2020-01-13T14:02:10.086+0000][1][safepoint    ] Total time for which application threads were stopped: 0.0001178 seconds, Stopping threads took: 0.0000317 seconds
[2020-01-13T14:02:11.086+0000][1][safepoint    ] Application time: 1.0001779 seconds
[2020-01-13T14:02:11.086+0000][1][safepoint    ] Entering safepoint region: Cleanup
[2020-01-13T14:02:11.086+0000][1][safepoint    ] Leaving safepoint region
[2020-01-13T14:02:11.086+0000][1][safepoint    ] Total time for which application threads were stopped: 0.0001407 seconds, Stopping threads took: 0.0000510 seconds
[2020-01-13T14:02:12.086+0000][1][safepoint    ] Application time: 1.0001482 seconds
[2020-01-13T14:02:12.086+0000][1][safepoint    ] Entering safepoint region: Cleanup
[2020-01-13T14:02:12.086+0000][1][safepoint    ] Leaving safepoint region
[2020-01-13T14:02:12.086+0000][1][safepoint    ] Total time for which application threads were stopped: 0.0001054 seconds, Stopping threads took: 0.0000296 seconds
[2020-01-13T14:02:13.087+0000][1][safepoint    ] Application time: 1.0001119 seconds
[2020-01-13T14:02:13.087+0000][1][safepoint    ] Entering safepoint region: Cleanup
[2020-01-13T14:02:13.087+0000][1][safepoint    ] Leaving safepoint region
[2020-01-13T14:02:13.087+0000][1][safepoint    ] Total time for which application threads were stopped: 0.0001248 seconds, Stopping threads took: 0.0000330 seconds
[2020-01-13T14:02:14.087+0000][1][safepoint    ] Application time: 1.0001009 seconds
[2020-01-13T14:02:14.088+0000][1][safepoint    ] Entering safepoint region: Cleanup
[2020-01-13T14:02:14.088+0000][1][safepoint    ] Leaving safepoint region
[2020-01-13T14:02:14.088+0000][1][safepoint    ] Total time for which application threads were stopped: 0.0001251 seconds, Stopping threads took: 0.0000372 seconds
[2020-01-13T14:02:15.088+0000][1][safepoint    ] Application time: 1.0000990 seconds
[2020-01-13T14:02:15.088+0000][1][safepoint    ] Entering safepoint region: Cleanup
[2020-01-13T14:02:15.088+0000][1][safepoint    ] Leaving safepoint region
[2020-01-13T14:02:15.088+0000][1][safepoint    ] Total time for which application threads were stopped: 0.0001301 seconds, Stopping threads took: 0.0000314 seconds
[2020-01-13T14:02:16.088+0000][1][safepoint    ] Application time: 1.0001023 seconds
[2020-01-13T14:02:16.089+0000][1][safepoint    ] Entering safepoint region: Cleanup
[2020-01-13T14:02:16.089+0000][1][safepoint    ] Leaving safepoint region
[2020-01-13T14:02:16.089+0000][1][safepoint    ] Total time for which application threads were stopped: 0.0001063 seconds, Stopping threads took: 0.0000276 seconds
[2020-01-13T14:02:17.089+0000][1][safepoint    ] Application time: 1.0000992 seconds
[2020-01-13T14:02:17.089+0000][1][safepoint    ] Entering safepoint region: Cleanup
[2020-01-13T14:02:17.089+0000][1][safepoint    ] Leaving safepoint region
[2020-01-13T14:02:17.089+0000][1][safepoint    ] Total time for which application threads were stopped: 0.0001136 seconds, Stopping threads took: 0.0000339 seconds
[2020-01-13T14:02:18.089+0000][1][safepoint    ] Application time: 1.0001481 seconds
[2020-01-13T14:02:18.089+0000][1][safepoint    ] Entering safepoint region: Cleanup
[2020-01-13T14:02:18.089+0000][1][safepoint    ] Leaving safepoint region
[2020-01-13T14:02:18.089+0000][1][safepoint    ] Total time for which application threads were stopped: 0.0001712 seconds, Stopping threads took: 0.0000753 seconds
[2020-01-13T14:02:19.127+0000][1][safepoint    ] Application time: 1.0380920 seconds
[2020-01-13T14:02:19.128+0000][1][safepoint    ] Entering safepoint region: Cleanup
[2020-01-13T14:02:19.128+0000][1][safepoint    ] Leaving safepoint region
[2020-01-13T14:02:19.128+0000][1][safepoint    ] Total time for which application threads were stopped: 0.0001173 seconds, Stopping threads took: 0.0000392 seconds
[2020-01-13T14:02:20.129+0000][1][safepoint    ] Application time: 1.0000885 seconds
[2020-01-13T14:02:20.129+0000][1][safepoint    ] Entering safepoint region: Cleanup
[2020-01-13T14:02:20.129+0000][1][safepoint    ] Leaving safepoint region
[2020-01-13T14:02:20.129+0000][1][safepoint    ] Total time for which application threads were stopped: 0.0001086 seconds, Stopping threads took: 0.0000295 seconds
[2020-01-13T14:02:21.129+0000][1][safepoint    ] Application time: 1.0001024 seconds
[2020-01-13T14:02:21.129+0000][1][safepoint    ] Entering safepoint region: Cleanup
[2020-01-13T14:02:21.129+0000][1][safepoint    ] Leaving safepoint region
[2020-01-13T14:02:21.129+0000][1][safepoint    ] Total time for which application threads were stopped: 0.0001255 seconds, Stopping threads took: 0.0000465 seconds
[2020-01-13T14:02:22.129+0000][1][safepoint    ] Application time: 1.0001133 seconds
[2020-01-13T14:02:22.129+0000][1][safepoint    ] Entering safepoint region: Cleanup
[2020-01-13T14:02:22.129+0000][1][safepoint    ] Leaving safepoint region
[2020-01-13T14:02:22.129+0000][1][safepoint    ] Total time for which application threads were stopped: 0.0001153 seconds, Stopping threads took: 0.0000277 seconds
[2020-01-13T14:02:23.129+0000][1][safepoint    ] Application time: 1.0000879 seconds
[2020-01-13T14:02:23.129+0000][1][safepoint    ] Entering safepoint region: Cleanup
[2020-01-13T14:02:23.130+0000][1][safepoint    ] Leaving safepoint region
[2020-01-13T14:02:23.130+0000][1][safepoint    ] Total time for which application threads were stopped: 0.0001169 seconds, Stopping threads took: 0.0000285 seconds
[2020-01-13T14:02:24.130+0000][1][safepoint    ] Application time: 1.0001020 seconds
[2020-01-13T14:02:24.130+0000][1][safepoint    ] Entering safepoint region: Cleanup
[2020-01-13T14:02:24.130+0000][1][safepoint    ] Leaving safepoint region
[2020-01-13T14:02:24.130+0000][1][safepoint    ] Total time for which application threads were stopped: 0.0001076 seconds, Stopping threads took: 0.0000294 seconds
[2020-01-13T14:02:25.130+0000][1][safepoint    ] Application time: 1.0000987 seconds
[2020-01-13T14:02:25.130+0000][1][safepoint    ] Entering safepoint region: Cleanup
[2020-01-13T14:02:25.130+0000][1][safepoint    ] Leaving safepoint region
[2020-01-13T14:02:25.130+0000][1][safepoint    ] Total time for which application threads were stopped: 0.0001066 seconds, Stopping threads took: 0.0000279 seconds
[2020-01-13T14:02:26.130+0000][1][safepoint    ] Application time: 1.0000848 seconds
[2020-01-13T14:02:26.130+0000][1][safepoint    ] Entering safepoint region: Cleanup
[2020-01-13T14:02:26.130+0000][1][safepoint    ] Leaving safepoint region
[2020-01-13T14:02:26.130+0000][1][safepoint    ] Total time for which application threads were stopped: 0.0000996 seconds, Stopping threads took: 0.0000271 seconds
[2020-01-13T14:02:27.131+0000][1][safepoint    ] Application time: 1.0001287 seconds
[2020-01-13T14:02:27.131+0000][1][safepoint    ] Entering safepoint region: Cleanup
[2020-01-13T14:02:27.131+0000][1][safepoint    ] Leaving safepoint region
[2020-01-13T14:02:27.131+0000][1][safepoint    ] Total time for which application threads were stopped: 0.0001112 seconds, Stopping threads took: 0.0000301 seconds
[2020-01-13T14:02:28.131+0000][1][safepoint    ] Application time: 1.0001054 seconds
[2020-01-13T14:02:28.132+0000][1][safepoint    ] Entering safepoint region: Cleanup
[2020-01-13T14:02:28.132+0000][1][safepoint    ] Leaving safepoint region
[2020-01-13T14:02:28.132+0000][1][safepoint    ] Total time for which application threads were stopped: 0.0001237 seconds, Stopping threads took: 0.0000436 seconds
[2020-01-13T14:02:29.132+0000][1][safepoint    ] Application time: 1.0000901 seconds
[2020-01-13T14:02:29.132+0000][1][safepoint    ] Entering safepoint region: Cleanup
[2020-01-13T14:02:29.132+0000][1][safepoint    ] Leaving safepoint region
[2020-01-13T14:02:29.132+0000][1][safepoint    ] Total time for which application threads were stopped: 0.0001042 seconds, Stopping threads took: 0.0000300 seconds
[2020-01-13T14:02:30.132+0000][1][safepoint    ] Application time: 1.0000972 seconds
[2020-01-13T14:02:30.132+0000][1][safepoint    ] Entering safepoint region: Cleanup
[2020-01-13T14:02:30.132+0000][1][safepoint    ] Leaving safepoint region
[2020-01-13T14:02:30.132+0000][1][safepoint    ] Total time for which application threads were stopped: 0.0001118 seconds, Stopping threads took: 0.0000297 seconds
[2020-01-13T14:02:31.133+0000][1][safepoint    ] Application time: 1.0000884 seconds
[2020-01-13T14:02:31.133+0000][1][safepoint    ] Entering safepoint region: Cleanup
[2020-01-13T14:02:31.133+0000][1][safepoint    ] Leaving safepoint region
[2020-01-13T14:02:31.133+0000][1][safepoint    ] Total time for which application threads were stopped: 0.0001191 seconds, Stopping threads took: 0.0000289 seconds
[2020-01-13T14:02:32.133+0000][1][safepoint    ] Application time: 1.0001048 seconds
[2020-01-13T14:02:32.133+0000][1][safepoint    ] Entering safepoint region: Cleanup
[2020-01-13T14:02:32.133+0000][1][safepoint    ] Leaving safepoint region
[2020-01-13T14:02:32.133+0000][1][safepoint    ] Total time for which application threads were stopped: 0.0001129 seconds, Stopping threads took: 0.0000355 seconds
[2020-01-13T14:02:34.082+0000][1][safepoint    ] Application time: 1.9494331 seconds
[2020-01-13T14:02:34.083+0000][1][safepoint    ] Entering safepoint region: Cleanup
[2020-01-13T14:02:34.083+0000][1][safepoint    ] Leaving safepoint region
[2020-01-13T14:02:34.083+0000][1][safepoint    ] Total time for which application threads were stopped: 0.0001209 seconds, Stopping threads took: 0.0000313 seconds
[2020-01-13T14:02:35.083+0000][1][safepoint    ] Application time: 1.0000931 seconds
[2020-01-13T14:02:35.083+0000][1][safepoint    ] Entering safepoint region: Cleanup
[2020-01-13T14:02:35.083+0000][1][safepoint    ] Leaving safepoint region
[2020-01-13T14:02:35.083+0000][1][safepoint    ] Total time for which application threads were stopped: 0.0001248 seconds, Stopping threads took: 0.0000413 seconds
[2020-01-13T14:02:36.083+0000][1][safepoint    ] Application time: 1.0000982 seconds
[2020-01-13T14:02:36.083+0000][1][safepoint    ] Entering safepoint region: Cleanup
[2020-01-13T14:02:36.083+0000][1][safepoint    ] Leaving safepoint region
[2020-01-13T14:02:36.083+0000][1][safepoint    ] Total time for which application threads were stopped: 0.0001146 seconds, Stopping threads took: 0.0000284 seconds
[2020-01-13T14:02:37.083+0000][1][safepoint    ] Application time: 1.0000926 seconds
[2020-01-13T14:02:37.083+0000][1][safepoint    ] Entering safepoint region: Cleanup
[2020-01-13T14:02:37.083+0000][1][safepoint    ] Leaving safepoint region
[2020-01-13T14:02:37.083+0000][1][safepoint    ] Total time for which application threads were stopped: 0.0001234 seconds, Stopping threads took: 0.0000296 seconds
[2020-01-13T14:02:38.084+0000][1][safepoint    ] Application time: 1.0001135 seconds
[2020-01-13T14:02:38.084+0000][1][safepoint    ] Entering safepoint region: Cleanup
[2020-01-13T14:02:38.084+0000][1][safepoint    ] Leaving safepoint region
[2020-01-13T14:02:38.084+0000][1][safepoint    ] Total time for which application threads were stopped: 0.0001160 seconds, Stopping threads took: 0.0000292 seconds
[2020-01-13T14:02:39.084+0000][1][safepoint    ] Application time: 1.0001023 seconds
[2020-01-13T14:02:39.085+0000][1][safepoint    ] Entering safepoint region: Cleanup
[2020-01-13T14:02:39.085+0000][1][safepoint    ] Leaving safepoint region
[2020-01-13T14:02:39.085+0000][1][safepoint    ] Total time for which application threads were stopped: 0.0001612 seconds, Stopping threads took: 0.0000685 seconds
[2020-01-13T14:02:40.086+0000][1][safepoint    ] Application time: 1.0001045 seconds
[2020-01-13T14:02:40.086+0000][1][safepoint    ] Entering safepoint region: Cleanup
[2020-01-13T14:02:40.086+0000][1][safepoint    ] Leaving safepoint region
[2020-01-13T14:02:40.086+0000][1][safepoint    ] Total time for which application threads were stopped: 0.0001168 seconds, Stopping threads took: 0.0000324 seconds
[2020-01-13T14:02:41.086+0000][1][safepoint    ] Application time: 1.0001285 seconds
[2020-01-13T14:02:41.086+0000][1][safepoint    ] Entering safepoint region: Cleanup
[2020-01-13T14:02:41.086+0000][1][safepoint    ] Leaving safepoint region
[2020-01-13T14:02:41.086+0000][1][safepoint    ] Total time for which application threads were stopped: 0.0001007 seconds, Stopping threads took: 0.0000262 seconds
[2020-01-13T14:02:42.086+0000][1][safepoint    ] Application time: 1.0001544 seconds
[2020-01-13T14:02:42.086+0000][1][safepoint    ] Entering safepoint region: Cleanup
[2020-01-13T14:02:42.086+0000][1][safepoint    ] Leaving safepoint region
[2020-01-13T14:02:42.086+0000][1][safepoint    ] Total time for which application threads were stopped: 0.0001383 seconds, Stopping threads took: 0.0000302 seconds
[2020-01-13T14:02:43.087+0000][1][safepoint    ] Application time: 1.0001414 seconds
[2020-01-13T14:02:43.087+0000][1][safepoint    ] Entering safepoint region: Cleanup
[2020-01-13T14:02:43.087+0000][1][safepoint    ] Leaving safepoint region
[2020-01-13T14:02:43.087+0000][1][safepoint    ] Total time for which application threads were stopped: 0.0001026 seconds, Stopping threads took: 0.0000270 seconds
[2020-01-13T14:02:44.087+0000][1][safepoint    ] Application time: 1.0001633 seconds
[2020-01-13T14:02:44.087+0000][1][safepoint    ] Entering safepoint region: Cleanup
[2020-01-13T14:02:44.087+0000][1][safepoint    ] Leaving safepoint region
[2020-01-13T14:02:44.087+0000][1][safepoint    ] Total time for which application threads were stopped: 0.0001023 seconds, Stopping threads took: 0.0000280 seconds
[2020-01-13T14:02:45.087+0000][1][safepoint    ] Application time: 1.0001197 seconds
[2020-01-13T14:02:45.087+0000][1][safepoint    ] Entering safepoint region: Cleanup
[2020-01-13T14:02:45.087+0000][1][safepoint    ] Leaving safepoint region
[2020-01-13T14:02:45.087+0000][1][safepoint    ] Total time for which application threads were stopped: 0.0001288 seconds, Stopping threads took: 0.0000495 seconds
[2020-01-13T14:02:46.088+0000][1][safepoint    ] Application time: 1.0001478 seconds
[2020-01-13T14:02:46.088+0000][1][safepoint    ] Entering safepoint region: Cleanup
[2020-01-13T14:02:46.088+0000][1][safepoint    ] Leaving safepoint region
[2020-01-13T14:02:46.088+0000][1][safepoint    ] Total time for which application threads were stopped: 0.0001052 seconds, Stopping threads took: 0.0000281 seconds
[2020-01-13T14:02:47.088+0000][1][safepoint    ] Application time: 1.0001502 seconds
[2020-01-13T14:02:47.088+0000][1][safepoint    ] Entering safepoint region: Cleanup
[2020-01-13T14:02:47.088+0000][1][safepoint    ] Leaving safepoint region
[2020-01-13T14:02:47.088+0000][1][safepoint    ] Total time for which application threads were stopped: 0.0001115 seconds, Stopping threads took: 0.0000310 seconds
[2020-01-13T14:02:48.088+0000][1][safepoint    ] Application time: 1.0001559 seconds
[2020-01-13T14:02:48.088+0000][1][safepoint    ] Entering safepoint region: Cleanup
[2020-01-13T14:02:48.088+0000][1][safepoint    ] Leaving safepoint region
[2020-01-13T14:02:48.088+0000][1][safepoint    ] Total time for which application threads were stopped: 0.0001062 seconds, Stopping threads took: 0.0000315 seconds
[2020-01-13T14:02:48.117+0000][1][safepoint    ] Application time: 0.0288561 seconds
[2020-01-13T14:02:48.117+0000][1][safepoint    ] Entering safepoint region: GenCollectForAllocation
[2020-01-13T14:02:48.118+0000][1][gc,start     ] GC(35) Pause Young (Allocation Failure)
[2020-01-13T14:02:48.118+0000][1][gc,task      ] GC(35) Using 1 workers of 1 for evacuation
[2020-01-13T14:02:48.121+0000][1][gc,age       ] GC(35) Desired survivor size 4358144 bytes, new threshold 6 (max threshold 6)
[2020-01-13T14:02:48.121+0000][1][gc,age       ] GC(35) Age table with threshold 6 (max threshold 6)
[2020-01-13T14:02:48.121+0000][1][gc,age       ] GC(35) - age   1:     114568 bytes,     114568 total
[2020-01-13T14:02:48.121+0000][1][gc,age       ] GC(35) - age   2:       1376 bytes,     115944 total
[2020-01-13T14:02:48.121+0000][1][gc,age       ] GC(35) - age   3:      22776 bytes,     138720 total
[2020-01-13T14:02:48.121+0000][1][gc,age       ] GC(35) - age   4:       2328 bytes,     141048 total
[2020-01-13T14:02:48.121+0000][1][gc,age       ] GC(35) - age   5:       2704 bytes,     143752 total
[2020-01-13T14:02:48.121+0000][1][gc,age       ] GC(35) - age   6:       5000 bytes,     148752 total
[2020-01-13T14:02:48.121+0000][1][gc,heap      ] GC(35) ParNew: 68204K->157K(76672K)
[2020-01-13T14:02:48.121+0000][1][gc,heap      ] GC(35) CMS: 66348K->66356K(176960K)
[2020-01-13T14:02:48.121+0000][1][gc,metaspace ] GC(35) Metaspace: 72506K->72506K(1116160K)
[2020-01-13T14:02:48.121+0000][1][gc           ] GC(35) Pause Young (Allocation Failure) 131M->64M(247M) 3.859ms
[2020-01-13T14:02:48.121+0000][1][gc,cpu       ] GC(35) User=0.01s Sys=0.00s Real=0.00s
[2020-01-13T14:02:48.121+0000][1][safepoint    ] Leaving safepoint region
[2020-01-13T14:02:48.121+0000][1][safepoint    ] Total time for which application threads were stopped: 0.0040890 seconds, Stopping threads took: 0.0000724 seconds
[2020-01-13T14:02:49.131+0000][1][safepoint    ] Application time: 1.0099357 seconds
[2020-01-13T14:02:49.133+0000][1][safepoint    ] Entering safepoint region: Cleanup
[2020-01-13T14:02:49.133+0000][1][safepoint    ] Leaving safepoint region
[2020-01-13T14:02:49.133+0000][1][safepoint    ] Total time for which application threads were stopped: 0.0001289 seconds, Stopping threads took: 0.0000411 seconds
[2020-01-13T14:02:50.133+0000][1][safepoint    ] Application time: 1.0001141 seconds
[2020-01-13T14:02:50.133+0000][1][safepoint    ] Entering safepoint region: Cleanup
[2020-01-13T14:02:50.133+0000][1][safepoint    ] Leaving safepoint region
[2020-01-13T14:02:50.133+0000][1][safepoint    ] Total time for which application threads were stopped: 0.0001032 seconds, Stopping threads took: 0.0000303 seconds
[2020-01-13T14:02:51.133+0000][1][safepoint    ] Application time: 1.0001164 seconds
[2020-01-13T14:02:51.133+0000][1][safepoint    ] Entering safepoint region: Cleanup
[2020-01-13T14:02:51.133+0000][1][safepoint    ] Leaving safepoint region
[2020-01-13T14:02:51.133+0000][1][safepoint    ] Total time for which application threads were stopped: 0.0001334 seconds, Stopping threads took: 0.0000298 seconds
[2020-01-13T14:02:52.133+0000][1][safepoint    ] Application time: 1.0001088 seconds
[2020-01-13T14:02:52.134+0000][1][safepoint    ] Entering safepoint region: Cleanup
[2020-01-13T14:02:52.134+0000][1][safepoint    ] Leaving safepoint region
[2020-01-13T14:02:52.134+0000][1][safepoint    ] Total time for which application threads were stopped: 0.0001005 seconds, Stopping threads took: 0.0000245 seconds
[2020-01-13T14:02:53.134+0000][1][safepoint    ] Application time: 1.0001289 seconds
[2020-01-13T14:02:53.134+0000][1][safepoint    ] Entering safepoint region: Cleanup
[2020-01-13T14:02:53.134+0000][1][safepoint    ] Leaving safepoint region
[2020-01-13T14:02:53.134+0000][1][safepoint    ] Total time for which application threads were stopped: 0.0001008 seconds, Stopping threads took: 0.0000288 seconds
[2020-01-13T14:02:54.134+0000][1][safepoint    ] Application time: 1.0000866 seconds
[2020-01-13T14:02:54.134+0000][1][safepoint    ] Entering safepoint region: Cleanup
[2020-01-13T14:02:54.134+0000][1][safepoint    ] Leaving safepoint region
[2020-01-13T14:02:54.134+0000][1][safepoint    ] Total time for which application threads were stopped: 0.0001116 seconds, Stopping threads took: 0.0000276 seconds
[2020-01-13T14:02:55.134+0000][1][safepoint    ] Application time: 1.0000969 seconds
[2020-01-13T14:02:55.134+0000][1][safepoint    ] Entering safepoint region: Cleanup
[2020-01-13T14:02:55.134+0000][1][safepoint    ] Leaving safepoint region
[2020-01-13T14:02:55.134+0000][1][safepoint    ] Total time for which application threads were stopped: 0.0001020 seconds, Stopping threads took: 0.0000292 seconds
[2020-01-13T14:02:56.067+0000][1][safepoint    ] Application time: 0.9323507 seconds
[2020-01-13T14:02:56.067+0000][1][safepoint    ] Entering safepoint region: RevokeBias
[2020-01-13T14:02:56.067+0000][1][safepoint    ] Leaving safepoint region
[2020-01-13T14:02:56.067+0000][1][safepoint    ] Total time for which application threads were stopped: 0.0001353 seconds, Stopping threads took: 0.0000208 seconds
[2020-01-13T14:02:57.067+0000][1][safepoint    ] Application time: 1.0001454 seconds
[2020-01-13T14:02:57.067+0000][1][safepoint    ] Entering safepoint region: Cleanup
[2020-01-13T14:02:57.067+0000][1][safepoint    ] Leaving safepoint region
[2020-01-13T14:02:57.067+0000][1][safepoint    ] Total time for which application threads were stopped: 0.0001386 seconds, Stopping threads took: 0.0000443 seconds
[2020-01-13T14:02:58.067+0000][1][safepoint    ] Application time: 1.0001249 seconds
[2020-01-13T14:02:58.068+0000][1][safepoint    ] Entering safepoint region: Cleanup
[2020-01-13T14:02:58.068+0000][1][safepoint    ] Leaving safepoint region
[2020-01-13T14:02:58.068+0000][1][safepoint    ] Total time for which application threads were stopped: 0.0001050 seconds, Stopping threads took: 0.0000288 seconds
[2020-01-13T14:02:59.068+0000][1][safepoint    ] Application time: 1.0001283 seconds
[2020-01-13T14:02:59.068+0000][1][safepoint    ] Entering safepoint region: Cleanup
[2020-01-13T14:02:59.068+0000][1][safepoint    ] Leaving safepoint region
[2020-01-13T14:02:59.068+0000][1][safepoint    ] Total time for which application threads were stopped: 0.0001061 seconds, Stopping threads took: 0.0000295 seconds
[2020-01-13T14:03:00.068+0000][1][safepoint    ] Application time: 1.0001511 seconds
[2020-01-13T14:03:00.068+0000][1][safepoint    ] Entering safepoint region: Cleanup
[2020-01-13T14:03:00.068+0000][1][safepoint    ] Leaving safepoint region
[2020-01-13T14:03:00.068+0000][1][safepoint    ] Total time for which application threads were stopped: 0.0001259 seconds, Stopping threads took: 0.0000303 seconds
[2020-01-13T14:03:01.068+0000][1][safepoint    ] Application time: 1.0000973 seconds
[2020-01-13T14:03:01.069+0000][1][safepoint    ] Entering safepoint region: Cleanup
[2020-01-13T14:03:01.069+0000][1][safepoint    ] Leaving safepoint region
[2020-01-13T14:03:01.069+0000][1][safepoint    ] Total time for which application threads were stopped: 0.0001038 seconds, Stopping threads took: 0.0000292 seconds
[2020-01-13T14:03:02.069+0000][1][safepoint    ] Application time: 1.0001403 seconds
[2020-01-13T14:03:02.069+0000][1][safepoint    ] Entering safepoint region: Cleanup
[2020-01-13T14:03:02.069+0000][1][safepoint    ] Leaving safepoint region
[2020-01-13T14:03:02.069+0000][1][safepoint    ] Total time for which application threads were stopped: 0.0001026 seconds, Stopping threads took: 0.0000287 seconds
[2020-01-13T14:03:03.069+0000][1][safepoint    ] Application time: 1.0001334 seconds
[2020-01-13T14:03:03.069+0000][1][safepoint    ] Entering safepoint region: Cleanup
[2020-01-13T14:03:03.069+0000][1][safepoint    ] Leaving safepoint region
[2020-01-13T14:03:03.069+0000][1][safepoint    ] Total time for which application threads were stopped: 0.0001160 seconds, Stopping threads took: 0.0000352 seconds
[2020-01-13T14:03:04.069+0000][1][safepoint    ] Application time: 1.0001085 seconds
[2020-01-13T14:03:04.071+0000][1][safepoint    ] Entering safepoint region: Cleanup
[2020-01-13T14:03:04.071+0000][1][safepoint    ] Leaving safepoint region
[2020-01-13T14:03:04.071+0000][1][safepoint    ] Total time for which application threads were stopped: 0.0001670 seconds, Stopping threads took: 0.0000721 seconds
[2020-01-13T14:03:05.071+0000][1][safepoint    ] Application time: 1.0001035 seconds
[2020-01-13T14:03:05.071+0000][1][safepoint    ] Entering safepoint region: Cleanup
[2020-01-13T14:03:05.071+0000][1][safepoint    ] Leaving safepoint region
[2020-01-13T14:03:05.071+0000][1][safepoint    ] Total time for which application threads were stopped: 0.0001177 seconds, Stopping threads took: 0.0000447 seconds
[2020-01-13T14:03:06.071+0000][1][safepoint    ] Application time: 1.0001047 seconds
[2020-01-13T14:03:06.071+0000][1][safepoint    ] Entering safepoint region: Cleanup
[2020-01-13T14:03:06.071+0000][1][safepoint    ] Leaving safepoint region
[2020-01-13T14:03:06.071+0000][1][safepoint    ] Total time for which application threads were stopped: 0.0001489 seconds, Stopping threads took: 0.0000385 seconds
[2020-01-13T14:03:07.071+0000][1][safepoint    ] Application time: 1.0000928 seconds
[2020-01-13T14:03:07.072+0000][1][safepoint    ] Entering safepoint region: Cleanup
[2020-01-13T14:03:07.072+0000][1][safepoint    ] Leaving safepoint region
[2020-01-13T14:03:07.072+0000][1][safepoint    ] Total time for which application threads were stopped: 0.0001072 seconds, Stopping threads took: 0.0000299 seconds
[2020-01-13T14:03:08.072+0000][1][safepoint    ] Application time: 1.0000731 seconds
[2020-01-13T14:03:08.073+0000][1][safepoint    ] Entering safepoint region: Cleanup
[2020-01-13T14:03:08.073+0000][1][safepoint    ] Leaving safepoint region
[2020-01-13T14:03:08.073+0000][1][safepoint    ] Total time for which application threads were stopped: 0.0008788 seconds, Stopping threads took: 0.0008034 seconds
[2020-01-13T14:03:09.073+0000][1][safepoint    ] Application time: 1.0000850 seconds
[2020-01-13T14:03:09.074+0000][1][safepoint    ] Entering safepoint region: Cleanup
[2020-01-13T14:03:09.074+0000][1][safepoint    ] Leaving safepoint region
[2020-01-13T14:03:09.074+0000][1][safepoint    ] Total time for which application threads were stopped: 0.0001600 seconds, Stopping threads took: 0.0000708 seconds
[2020-01-13T14:03:10.074+0000][1][safepoint    ] Application time: 1.0001470 seconds
[2020-01-13T14:03:10.074+0000][1][safepoint    ] Entering safepoint region: Cleanup
[2020-01-13T14:03:10.074+0000][1][safepoint    ] Leaving safepoint region
[2020-01-13T14:03:10.074+0000][1][safepoint    ] Total time for which application threads were stopped: 0.0001296 seconds, Stopping threads took: 0.0000491 seconds
[2020-01-13T14:03:11.074+0000][1][safepoint    ] Application time: 1.0000977 seconds
[2020-01-13T14:03:11.074+0000][1][safepoint    ] Entering safepoint region: Cleanup
[2020-01-13T14:03:11.074+0000][1][safepoint    ] Leaving safepoint region
[2020-01-13T14:03:11.074+0000][1][safepoint    ] Total time for which application threads were stopped: 0.0000984 seconds, Stopping threads took: 0.0000214 seconds
[2020-01-13T14:03:12.075+0000][1][safepoint    ] Application time: 1.0001400 seconds
[2020-01-13T14:03:12.075+0000][1][safepoint    ] Entering safepoint region: Cleanup
[2020-01-13T14:03:12.075+0000][1][safepoint    ] Leaving safepoint region
[2020-01-13T14:03:12.075+0000][1][safepoint    ] Total time for which application threads were stopped: 0.0001146 seconds, Stopping threads took: 0.0000344 seconds
[2020-01-13T14:03:13.075+0000][1][safepoint    ] Application time: 1.0001030 seconds
[2020-01-13T14:03:13.075+0000][1][safepoint    ] Entering safepoint region: Cleanup
[2020-01-13T14:03:13.075+0000][1][safepoint    ] Leaving safepoint region
[2020-01-13T14:03:13.075+0000][1][safepoint    ] Total time for which application threads were stopped: 0.0001131 seconds, Stopping threads took: 0.0000299 seconds
[2020-01-13T14:03:14.075+0000][1][safepoint    ] Application time: 1.0001385 seconds
[2020-01-13T14:03:14.076+0000][1][safepoint    ] Entering safepoint region: Cleanup
[2020-01-13T14:03:14.076+0000][1][safepoint    ] Leaving safepoint region
[2020-01-13T14:03:14.076+0000][1][safepoint    ] Total time for which application threads were stopped: 0.0001711 seconds, Stopping threads took: 0.0000765 seconds
[2020-01-13T14:03:15.077+0000][1][safepoint    ] Application time: 1.0001429 seconds
[2020-01-13T14:03:15.077+0000][1][safepoint    ] Entering safepoint region: Cleanup
[2020-01-13T14:03:15.077+0000][1][safepoint    ] Leaving safepoint region
[2020-01-13T14:03:15.077+0000][1][safepoint    ] Total time for which application threads were stopped: 0.0001130 seconds, Stopping threads took: 0.0000317 seconds
[2020-01-13T14:03:16.077+0000][1][safepoint    ] Application time: 1.0005068 seconds
[2020-01-13T14:03:16.077+0000][1][safepoint    ] Entering safepoint region: Cleanup
[2020-01-13T14:03:16.077+0000][1][safepoint    ] Leaving safepoint region
[2020-01-13T14:03:16.077+0000][1][safepoint    ] Total time for which application threads were stopped: 0.0001361 seconds, Stopping threads took: 0.0000554 seconds
[2020-01-13T14:03:17.078+0000][1][safepoint    ] Application time: 1.0001416 seconds
[2020-01-13T14:03:17.078+0000][1][safepoint    ] Entering safepoint region: Cleanup
[2020-01-13T14:03:17.078+0000][1][safepoint    ] Leaving safepoint region
[2020-01-13T14:03:17.078+0000][1][safepoint    ] Total time for which application threads were stopped: 0.0001123 seconds, Stopping threads took: 0.0000335 seconds
[2020-01-13T14:03:18.078+0000][1][safepoint    ] Application time: 1.0000998 seconds
[2020-01-13T14:03:18.078+0000][1][safepoint    ] Entering safepoint region: Cleanup
[2020-01-13T14:03:18.078+0000][1][safepoint    ] Leaving safepoint region
[2020-01-13T14:03:18.078+0000][1][safepoint    ] Total time for which application threads were stopped: 0.0000993 seconds, Stopping threads took: 0.0000267 seconds
[2020-01-13T14:03:19.078+0000][1][safepoint    ] Application time: 1.0001467 seconds
[2020-01-13T14:03:19.079+0000][1][safepoint    ] Entering safepoint region: Cleanup
[2020-01-13T14:03:19.080+0000][1][safepoint    ] Leaving safepoint region
[2020-01-13T14:03:19.080+0000][1][safepoint    ] Total time for which application threads were stopped: 0.0001693 seconds, Stopping threads took: 0.0000675 seconds
[2020-01-13T14:03:20.080+0000][1][safepoint    ] Application time: 1.0001456 seconds
[2020-01-13T14:03:20.080+0000][1][safepoint    ] Entering safepoint region: Cleanup
[2020-01-13T14:03:20.080+0000][1][safepoint    ] Leaving safepoint region
[2020-01-13T14:03:20.080+0000][1][safepoint    ] Total time for which application threads were stopped: 0.0001046 seconds, Stopping threads took: 0.0000295 seconds
[2020-01-13T14:03:21.080+0000][1][safepoint    ] Application time: 1.0004395 seconds
[2020-01-13T14:03:21.080+0000][1][safepoint    ] Entering safepoint region: Cleanup
[2020-01-13T14:03:21.080+0000][1][safepoint    ] Leaving safepoint region
[2020-01-13T14:03:21.080+0000][1][safepoint    ] Total time for which application threads were stopped: 0.0001578 seconds, Stopping threads took: 0.0000712 seconds
[2020-01-13T14:03:22.081+0000][1][safepoint    ] Application time: 1.0001236 seconds
[2020-01-13T14:03:22.081+0000][1][safepoint    ] Entering safepoint region: Cleanup
[2020-01-13T14:03:22.081+0000][1][safepoint    ] Leaving safepoint region
[2020-01-13T14:03:22.081+0000][1][safepoint    ] Total time for which application threads were stopped: 0.0001037 seconds, Stopping threads took: 0.0000307 seconds
[2020-01-13T14:03:23.081+0000][1][safepoint    ] Application time: 1.0001068 seconds
[2020-01-13T14:03:23.081+0000][1][safepoint    ] Entering safepoint region: Cleanup
[2020-01-13T14:03:23.081+0000][1][safepoint    ] Leaving safepoint region
[2020-01-13T14:03:23.081+0000][1][safepoint    ] Total time for which application threads were stopped: 0.0001026 seconds, Stopping threads took: 0.0000301 seconds
[2020-01-13T14:03:24.081+0000][1][safepoint    ] Application time: 1.0001286 seconds
[2020-01-13T14:03:24.081+0000][1][safepoint    ] Entering safepoint region: Cleanup
[2020-01-13T14:03:24.081+0000][1][safepoint    ] Leaving safepoint region
[2020-01-13T14:03:24.081+0000][1][safepoint    ] Total time for which application threads were stopped: 0.0001038 seconds, Stopping threads took: 0.0000291 seconds
[2020-01-13T14:03:25.082+0000][1][safepoint    ] Application time: 1.0001296 seconds
[2020-01-13T14:03:25.082+0000][1][safepoint    ] Entering safepoint region: Cleanup
[2020-01-13T14:03:25.082+0000][1][safepoint    ] Leaving safepoint region
[2020-01-13T14:03:25.082+0000][1][safepoint    ] Total time for which application threads were stopped: 0.0001066 seconds, Stopping threads took: 0.0000294 seconds
[2020-01-13T14:03:26.082+0000][1][safepoint    ] Application time: 1.0001162 seconds
[2020-01-13T14:03:26.082+0000][1][safepoint    ] Entering safepoint region: Cleanup
[2020-01-13T14:03:26.082+0000][1][safepoint    ] Leaving safepoint region
[2020-01-13T14:03:26.082+0000][1][safepoint    ] Total time for which application threads were stopped: 0.0001029 seconds, Stopping threads took: 0.0000310 seconds
[2020-01-13T14:03:27.082+0000][1][safepoint    ] Application time: 1.0001261 seconds
[2020-01-13T14:03:27.082+0000][1][safepoint    ] Entering safepoint region: Cleanup
[2020-01-13T14:03:27.082+0000][1][safepoint    ] Leaving safepoint region
[2020-01-13T14:03:27.082+0000][1][safepoint    ] Total time for which application threads were stopped: 0.0001172 seconds, Stopping threads took: 0.0000424 seconds
[2020-01-13T14:03:28.082+0000][1][safepoint    ] Application time: 1.0001065 seconds
[2020-01-13T14:03:28.084+0000][1][safepoint    ] Entering safepoint region: Cleanup
[2020-01-13T14:03:28.084+0000][1][safepoint    ] Leaving safepoint region
[2020-01-13T14:03:28.084+0000][1][safepoint    ] Total time for which application threads were stopped: 0.0001668 seconds, Stopping threads took: 0.0000773 seconds
[2020-01-13T14:03:29.084+0000][1][safepoint    ] Application time: 1.0001456 seconds
[2020-01-13T14:03:29.084+0000][1][safepoint    ] Entering safepoint region: Cleanup
[2020-01-13T14:03:29.084+0000][1][safepoint    ] Leaving safepoint region
[2020-01-13T14:03:29.084+0000][1][safepoint    ] Total time for which application threads were stopped: 0.0001126 seconds, Stopping threads took: 0.0000305 seconds
[2020-01-13T14:03:30.084+0000][1][safepoint    ] Application time: 1.0001289 seconds
[2020-01-13T14:03:30.084+0000][1][safepoint    ] Entering safepoint region: Cleanup
[2020-01-13T14:03:30.084+0000][1][safepoint    ] Leaving safepoint region
[2020-01-13T14:03:30.084+0000][1][safepoint    ] Total time for which application threads were stopped: 0.0001244 seconds, Stopping threads took: 0.0000308 seconds
[2020-01-13T14:03:31.085+0000][1][safepoint    ] Application time: 1.0009413 seconds
[2020-01-13T14:03:31.086+0000][1][safepoint    ] Entering safepoint region: Cleanup
[2020-01-13T14:03:31.086+0000][1][safepoint    ] Leaving safepoint region
[2020-01-13T14:03:31.086+0000][1][safepoint    ] Total time for which application threads were stopped: 0.0008359 seconds, Stopping threads took: 0.0007544 seconds
[2020-01-13T14:03:32.086+0000][1][safepoint    ] Application time: 1.0001085 seconds
[2020-01-13T14:03:32.086+0000][1][safepoint    ] Entering safepoint region: Cleanup
[2020-01-13T14:03:32.086+0000][1][safepoint    ] Leaving safepoint region
[2020-01-13T14:03:32.086+0000][1][safepoint    ] Total time for which application threads were stopped: 0.0001034 seconds, Stopping threads took: 0.0000287 seconds
[2020-01-13T14:03:33.087+0000][1][safepoint    ] Application time: 1.0000915 seconds
[2020-01-13T14:03:33.088+0000][1][safepoint    ] Entering safepoint region: Cleanup
[2020-01-13T14:03:33.088+0000][1][safepoint    ] Leaving safepoint region
[2020-01-13T14:03:33.088+0000][1][safepoint    ] Total time for which application threads were stopped: 0.0001656 seconds, Stopping threads took: 0.0000733 seconds
[2020-01-13T14:03:34.088+0000][1][safepoint    ] Application time: 1.0001371 seconds
[2020-01-13T14:03:34.088+0000][1][safepoint    ] Entering safepoint region: Cleanup
[2020-01-13T14:03:34.088+0000][1][safepoint    ] Leaving safepoint region
[2020-01-13T14:03:34.088+0000][1][safepoint    ] Total time for which application threads were stopped: 0.0001164 seconds, Stopping threads took: 0.0000284 seconds
[2020-01-13T14:03:35.088+0000][1][safepoint    ] Application time: 1.0001429 seconds
[2020-01-13T14:03:35.088+0000][1][safepoint    ] Entering safepoint region: Cleanup
[2020-01-13T14:03:35.088+0000][1][safepoint    ] Leaving safepoint region
[2020-01-13T14:03:35.088+0000][1][safepoint    ] Total time for which application threads were stopped: 0.0001409 seconds, Stopping threads took: 0.0000606 seconds
[2020-01-13T14:03:36.476+0000][1][safepoint    ] Application time: 1.3877146 seconds
[2020-01-13T14:03:36.476+0000][1][safepoint    ] Entering safepoint region: Cleanup
[2020-01-13T14:03:36.476+0000][1][safepoint    ] Leaving safepoint region
[2020-01-13T14:03:36.476+0000][1][safepoint    ] Total time for which application threads were stopped: 0.0001319 seconds, Stopping threads took: 0.0000298 seconds
[2020-01-13T14:03:37.476+0000][1][safepoint    ] Application time: 1.0001488 seconds
[2020-01-13T14:03:37.477+0000][1][safepoint    ] Entering safepoint region: Cleanup
[2020-01-13T14:03:37.477+0000][1][safepoint    ] Leaving safepoint region
[2020-01-13T14:03:37.477+0000][1][safepoint    ] Total time for which application threads were stopped: 0.0001029 seconds, Stopping threads took: 0.0000291 seconds
[2020-01-13T14:03:38.477+0000][1][safepoint    ] Application time: 1.0001374 seconds
[2020-01-13T14:03:38.478+0000][1][safepoint    ] Entering safepoint region: Cleanup
[2020-01-13T14:03:38.478+0000][1][safepoint    ] Leaving safepoint region
[2020-01-13T14:03:38.478+0000][1][safepoint    ] Total time for which application threads were stopped: 0.0001464 seconds, Stopping threads took: 0.0000644 seconds
[2020-01-13T14:03:39.478+0000][1][safepoint    ] Application time: 1.0001318 seconds
[2020-01-13T14:03:39.478+0000][1][safepoint    ] Entering safepoint region: Cleanup
[2020-01-13T14:03:39.478+0000][1][safepoint    ] Leaving safepoint region
[2020-01-13T14:03:39.478+0000][1][safepoint    ] Total time for which application threads were stopped: 0.0001024 seconds, Stopping threads took: 0.0000273 seconds
[2020-01-13T14:03:40.478+0000][1][safepoint    ] Application time: 1.0001298 seconds
[2020-01-13T14:03:40.478+0000][1][safepoint    ] Entering safepoint region: Cleanup
[2020-01-13T14:03:40.479+0000][1][safepoint    ] Leaving safepoint region
[2020-01-13T14:03:40.479+0000][1][safepoint    ] Total time for which application threads were stopped: 0.0001131 seconds, Stopping threads took: 0.0000314 seconds
[2020-01-13T14:03:41.479+0000][1][safepoint    ] Application time: 1.0001431 seconds
[2020-01-13T14:03:41.479+0000][1][safepoint    ] Entering safepoint region: Cleanup
[2020-01-13T14:03:41.479+0000][1][safepoint    ] Leaving safepoint region
[2020-01-13T14:03:41.479+0000][1][safepoint    ] Total time for which application threads were stopped: 0.0001024 seconds, Stopping threads took: 0.0000284 seconds
[2020-01-13T14:03:42.479+0000][1][safepoint    ] Application time: 1.0001342 seconds
[2020-01-13T14:03:42.479+0000][1][safepoint    ] Entering safepoint region: Cleanup
[2020-01-13T14:03:42.479+0000][1][safepoint    ] Leaving safepoint region
[2020-01-13T14:03:42.479+0000][1][safepoint    ] Total time for which application threads were stopped: 0.0001062 seconds, Stopping threads took: 0.0000315 seconds
[2020-01-13T14:03:43.479+0000][1][safepoint    ] Application time: 1.0001270 seconds
[2020-01-13T14:03:43.480+0000][1][safepoint    ] Entering safepoint region: Cleanup
[2020-01-13T14:03:43.480+0000][1][safepoint    ] Leaving safepoint region
[2020-01-13T14:03:43.480+0000][1][safepoint    ] Total time for which application threads were stopped: 0.0001625 seconds, Stopping threads took: 0.0000714 seconds
[2020-01-13T14:03:44.481+0000][1][safepoint    ] Application time: 1.0001495 seconds
[2020-01-13T14:03:44.481+0000][1][safepoint    ] Entering safepoint region: Cleanup
[2020-01-13T14:03:44.481+0000][1][safepoint    ] Leaving safepoint region
[2020-01-13T14:03:44.481+0000][1][safepoint    ] Total time for which application threads were stopped: 0.0001174 seconds, Stopping threads took: 0.0000306 seconds
[2020-01-13T14:03:45.481+0000][1][safepoint    ] Application time: 1.0001350 seconds
[2020-01-13T14:03:45.481+0000][1][safepoint    ] Entering safepoint region: Cleanup
[2020-01-13T14:03:45.481+0000][1][safepoint    ] Leaving safepoint region
[2020-01-13T14:03:45.481+0000][1][safepoint    ] Total time for which application threads were stopped: 0.0001100 seconds, Stopping threads took: 0.0000296 seconds
[2020-01-13T14:03:46.481+0000][1][safepoint    ] Application time: 1.0000971 seconds
[2020-01-13T14:03:46.481+0000][1][safepoint    ] Entering safepoint region: Cleanup
[2020-01-13T14:03:46.481+0000][1][safepoint    ] Leaving safepoint region
[2020-01-13T14:03:46.481+0000][1][safepoint    ] Total time for which application threads were stopped: 0.0000980 seconds, Stopping threads took: 0.0000268 seconds
[2020-01-13T14:03:47.482+0000][1][safepoint    ] Application time: 1.0001242 seconds
[2020-01-13T14:03:47.482+0000][1][safepoint    ] Entering safepoint region: Cleanup
[2020-01-13T14:03:47.482+0000][1][safepoint    ] Leaving safepoint region
[2020-01-13T14:03:47.482+0000][1][safepoint    ] Total time for which application threads were stopped: 0.0001203 seconds, Stopping threads took: 0.0000308 seconds
[2020-01-13T14:03:48.482+0000][1][safepoint    ] Application time: 1.0001172 seconds
[2020-01-13T14:03:48.483+0000][1][safepoint    ] Entering safepoint region: Cleanup
[2020-01-13T14:03:48.483+0000][1][safepoint    ] Leaving safepoint region
[2020-01-13T14:03:48.483+0000][1][safepoint    ] Total time for which application threads were stopped: 0.0001810 seconds, Stopping threads took: 0.0000894 seconds
[2020-01-13T14:03:49.483+0000][1][safepoint    ] Application time: 1.0000951 seconds
[2020-01-13T14:03:49.483+0000][1][safepoint    ] Entering safepoint region: Cleanup
[2020-01-13T14:03:49.483+0000][1][safepoint    ] Leaving safepoint region
[2020-01-13T14:03:49.483+0000][1][safepoint    ] Total time for which application threads were stopped: 0.0001165 seconds, Stopping threads took: 0.0000393 seconds
[2020-01-13T14:03:50.483+0000][1][safepoint    ] Application time: 1.0000847 seconds
[2020-01-13T14:03:50.484+0000][1][safepoint    ] Entering safepoint region: Cleanup
[2020-01-13T14:03:50.484+0000][1][safepoint    ] Leaving safepoint region
[2020-01-13T14:03:50.484+0000][1][safepoint    ] Total time for which application threads were stopped: 0.0001080 seconds, Stopping threads took: 0.0000298 seconds
[2020-01-13T14:03:51.484+0000][1][safepoint    ] Application time: 1.0001276 seconds
[2020-01-13T14:03:51.484+0000][1][safepoint    ] Entering safepoint region: Cleanup
[2020-01-13T14:03:51.484+0000][1][safepoint    ] Leaving safepoint region
[2020-01-13T14:03:51.484+0000][1][safepoint    ] Total time for which application threads were stopped: 0.0001051 seconds, Stopping threads took: 0.0000277 seconds
[2020-01-13T14:03:52.484+0000][1][safepoint    ] Application time: 1.0001353 seconds
[2020-01-13T14:03:52.484+0000][1][safepoint    ] Entering safepoint region: Cleanup
[2020-01-13T14:03:52.484+0000][1][safepoint    ] Leaving safepoint region
[2020-01-13T14:03:52.484+0000][1][safepoint    ] Total time for which application threads were stopped: 0.0001022 seconds, Stopping threads took: 0.0000279 seconds
[2020-01-13T14:03:53.484+0000][1][safepoint    ] Application time: 1.0001339 seconds
[2020-01-13T14:03:53.484+0000][1][safepoint    ] Entering safepoint region: Cleanup
[2020-01-13T14:03:53.485+0000][1][safepoint    ] Leaving safepoint region
[2020-01-13T14:03:53.485+0000][1][safepoint    ] Total time for which application threads were stopped: 0.0001060 seconds, Stopping threads took: 0.0000296 seconds
[2020-01-13T14:03:54.485+0000][1][safepoint    ] Application time: 1.0001239 seconds
[2020-01-13T14:03:54.485+0000][1][safepoint    ] Entering safepoint region: Cleanup
[2020-01-13T14:03:54.485+0000][1][safepoint    ] Leaving safepoint region
[2020-01-13T14:03:54.485+0000][1][safepoint    ] Total time for which application threads were stopped: 0.0001042 seconds, Stopping threads took: 0.0000284 seconds
[2020-01-13T14:03:55.485+0000][1][safepoint    ] Application time: 1.0001514 seconds
[2020-01-13T14:03:55.485+0000][1][safepoint    ] Entering safepoint region: Cleanup
[2020-01-13T14:03:55.485+0000][1][safepoint    ] Leaving safepoint region
[2020-01-13T14:03:55.485+0000][1][safepoint    ] Total time for which application threads were stopped: 0.0001119 seconds, Stopping threads took: 0.0000316 seconds
[2020-01-13T14:03:56.485+0000][1][safepoint    ] Application time: 1.0001020 seconds
[2020-01-13T14:03:56.485+0000][1][safepoint    ] Entering safepoint region: Cleanup
[2020-01-13T14:03:56.485+0000][1][safepoint    ] Leaving safepoint region
[2020-01-13T14:03:56.485+0000][1][safepoint    ] Total time for which application threads were stopped: 0.0001039 seconds, Stopping threads took: 0.0000303 seconds
[2020-01-13T14:03:57.486+0000][1][safepoint    ] Application time: 1.0001345 seconds
[2020-01-13T14:03:57.486+0000][1][safepoint    ] Entering safepoint region: Cleanup
[2020-01-13T14:03:57.486+0000][1][safepoint    ] Leaving safepoint region
[2020-01-13T14:03:57.486+0000][1][safepoint    ] Total time for which application threads were stopped: 0.0001075 seconds, Stopping threads took: 0.0000326 seconds
[2020-01-13T14:03:58.486+0000][1][safepoint    ] Application time: 1.0001129 seconds
[2020-01-13T14:03:58.487+0000][1][safepoint    ] Entering safepoint region: Cleanup
[2020-01-13T14:03:58.487+0000][1][safepoint    ] Leaving safepoint region
[2020-01-13T14:03:58.487+0000][1][safepoint    ] Total time for which application threads were stopped: 0.0001547 seconds, Stopping threads took: 0.0000722 seconds
[2020-01-13T14:03:59.487+0000][1][safepoint    ] Application time: 1.0001351 seconds
[2020-01-13T14:03:59.487+0000][1][safepoint    ] Entering safepoint region: Cleanup
[2020-01-13T14:03:59.488+0000][1][safepoint    ] Leaving safepoint region
[2020-01-13T14:03:59.488+0000][1][safepoint    ] Total time for which application threads were stopped: 0.0001196 seconds, Stopping threads took: 0.0000278 seconds
[2020-01-13T14:04:00.488+0000][1][safepoint    ] Application time: 1.0001204 seconds
[2020-01-13T14:04:00.488+0000][1][safepoint    ] Entering safepoint region: Cleanup
[2020-01-13T14:04:00.488+0000][1][safepoint    ] Leaving safepoint region
[2020-01-13T14:04:00.488+0000][1][safepoint    ] Total time for which application threads were stopped: 0.0001064 seconds, Stopping threads took: 0.0000317 seconds
[2020-01-13T14:04:01.488+0000][1][safepoint    ] Application time: 1.0001010 seconds
[2020-01-13T14:04:01.488+0000][1][safepoint    ] Entering safepoint region: Cleanup
[2020-01-13T14:04:01.488+0000][1][safepoint    ] Leaving safepoint region
[2020-01-13T14:04:01.488+0000][1][safepoint    ] Total time for which application threads were stopped: 0.0001012 seconds, Stopping threads took: 0.0000295 seconds
[2020-01-13T14:04:02.488+0000][1][safepoint    ] Application time: 1.0001489 seconds
[2020-01-13T14:04:02.488+0000][1][safepoint    ] Entering safepoint region: Cleanup
[2020-01-13T14:04:02.488+0000][1][safepoint    ] Leaving safepoint region
[2020-01-13T14:04:02.488+0000][1][safepoint    ] Total time for which application threads were stopped: 0.0001103 seconds, Stopping threads took: 0.0000295 seconds
[2020-01-13T14:04:03.489+0000][1][safepoint    ] Application time: 1.0001316 seconds
[2020-01-13T14:04:03.490+0000][1][safepoint    ] Entering safepoint region: Cleanup
[2020-01-13T14:04:03.490+0000][1][safepoint    ] Leaving safepoint region
[2020-01-13T14:04:03.490+0000][1][safepoint    ] Total time for which application threads were stopped: 0.0001590 seconds, Stopping threads took: 0.0000728 seconds
[2020-01-13T14:04:04.490+0000][1][safepoint    ] Application time: 1.0001201 seconds
[2020-01-13T14:04:04.490+0000][1][safepoint    ] Entering safepoint region: Cleanup
[2020-01-13T14:04:04.490+0000][1][safepoint    ] Leaving safepoint region
[2020-01-13T14:04:04.490+0000][1][safepoint    ] Total time for which application threads were stopped: 0.0001117 seconds, Stopping threads took: 0.0000322 seconds
[2020-01-13T14:04:05.490+0000][1][safepoint    ] Application time: 1.0001119 seconds
[2020-01-13T14:04:05.490+0000][1][safepoint    ] Entering safepoint region: Cleanup
[2020-01-13T14:04:05.490+0000][1][safepoint    ] Leaving safepoint region
[2020-01-13T14:04:05.490+0000][1][safepoint    ] Total time for which application threads were stopped: 0.0001169 seconds, Stopping threads took: 0.0000432 seconds
[2020-01-13T14:04:06.491+0000][1][safepoint    ] Application time: 1.0001343 seconds
[2020-01-13T14:04:06.491+0000][1][safepoint    ] Entering safepoint region: Cleanup
[2020-01-13T14:04:06.491+0000][1][safepoint    ] Leaving safepoint region
[2020-01-13T14:04:06.491+0000][1][safepoint    ] Total time for which application threads were stopped: 0.0001043 seconds, Stopping threads took: 0.0000316 seconds
[2020-01-13T14:04:07.491+0000][1][safepoint    ] Application time: 1.0001082 seconds
[2020-01-13T14:04:07.491+0000][1][safepoint    ] Entering safepoint region: Cleanup
[2020-01-13T14:04:07.491+0000][1][safepoint    ] Leaving safepoint region
[2020-01-13T14:04:07.491+0000][1][safepoint    ] Total time for which application threads were stopped: 0.0001084 seconds, Stopping threads took: 0.0000319 seconds
[2020-01-13T14:04:08.491+0000][1][safepoint    ] Application time: 1.0001116 seconds
[2020-01-13T14:04:08.492+0000][1][safepoint    ] Entering safepoint region: Cleanup
[2020-01-13T14:04:08.492+0000][1][safepoint    ] Leaving safepoint region
[2020-01-13T14:04:08.492+0000][1][safepoint    ] Total time for which application threads were stopped: 0.0001854 seconds, Stopping threads took: 0.0000767 seconds
[2020-01-13T14:04:09.492+0000][1][safepoint    ] Application time: 1.0001158 seconds
[2020-01-13T14:04:09.493+0000][1][safepoint    ] Entering safepoint region: Cleanup
[2020-01-13T14:04:09.493+0000][1][safepoint    ] Leaving safepoint region
[2020-01-13T14:04:09.493+0000][1][safepoint    ] Total time for which application threads were stopped: 0.0001276 seconds, Stopping threads took: 0.0000303 seconds
[2020-01-13T14:04:10.493+0000][1][safepoint    ] Application time: 1.0001196 seconds
[2020-01-13T14:04:10.493+0000][1][safepoint    ] Entering safepoint region: Cleanup
[2020-01-13T14:04:10.493+0000][1][safepoint    ] Leaving safepoint region
[2020-01-13T14:04:10.493+0000][1][safepoint    ] Total time for which application threads were stopped: 0.0001031 seconds, Stopping threads took: 0.0000291 seconds
[2020-01-13T14:04:11.493+0000][1][safepoint    ] Application time: 1.0001133 seconds
[2020-01-13T14:04:11.493+0000][1][safepoint    ] Entering safepoint region: Cleanup
[2020-01-13T14:04:11.493+0000][1][safepoint    ] Leaving safepoint region
[2020-01-13T14:04:11.493+0000][1][safepoint    ] Total time for which application threads were stopped: 0.0001088 seconds, Stopping threads took: 0.0000328 seconds
[2020-01-13T14:04:12.493+0000][1][safepoint    ] Application time: 1.0000959 seconds
[2020-01-13T14:04:12.493+0000][1][safepoint    ] Entering safepoint region: Cleanup
[2020-01-13T14:04:12.494+0000][1][safepoint    ] Leaving safepoint region
[2020-01-13T14:04:12.494+0000][1][safepoint    ] Total time for which application threads were stopped: 0.0001042 seconds, Stopping threads took: 0.0000284 seconds
[2020-01-13T14:04:13.494+0000][1][safepoint    ] Application time: 1.0000839 seconds
[2020-01-13T14:04:13.495+0000][1][safepoint    ] Entering safepoint region: Cleanup
[2020-01-13T14:04:13.495+0000][1][safepoint    ] Leaving safepoint region
[2020-01-13T14:04:13.495+0000][1][safepoint    ] Total time for which application threads were stopped: 0.0001623 seconds, Stopping threads took: 0.0000762 seconds
[2020-01-13T14:04:14.495+0000][1][safepoint    ] Application time: 1.0000895 seconds
[2020-01-13T14:04:14.495+0000][1][safepoint    ] Entering safepoint region: Cleanup
[2020-01-13T14:04:14.495+0000][1][safepoint    ] Leaving safepoint region
[2020-01-13T14:04:14.495+0000][1][safepoint    ] Total time for which application threads were stopped: 0.0001046 seconds, Stopping threads took: 0.0000293 seconds
[2020-01-13T14:04:15.495+0000][1][safepoint    ] Application time: 1.0001008 seconds
[2020-01-13T14:04:15.495+0000][1][safepoint    ] Entering safepoint region: Cleanup
[2020-01-13T14:04:15.495+0000][1][safepoint    ] Leaving safepoint region
[2020-01-13T14:04:15.495+0000][1][safepoint    ] Total time for which application threads were stopped: 0.0001214 seconds, Stopping threads took: 0.0000303 seconds
[2020-01-13T14:04:16.496+0000][1][safepoint    ] Application time: 1.0001161 seconds
[2020-01-13T14:04:16.496+0000][1][safepoint    ] Entering safepoint region: Cleanup
[2020-01-13T14:04:16.496+0000][1][safepoint    ] Leaving safepoint region
[2020-01-13T14:04:16.496+0000][1][safepoint    ] Total time for which application threads were stopped: 0.0001108 seconds, Stopping threads took: 0.0000282 seconds
[2020-01-13T14:04:17.496+0000][1][safepoint    ] Application time: 1.0001019 seconds
[2020-01-13T14:04:17.496+0000][1][safepoint    ] Entering safepoint region: Cleanup
[2020-01-13T14:04:17.496+0000][1][safepoint    ] Leaving safepoint region
[2020-01-13T14:04:17.496+0000][1][safepoint    ] Total time for which application threads were stopped: 0.0001057 seconds, Stopping threads took: 0.0000304 seconds
[2020-01-13T14:04:18.496+0000][1][safepoint    ] Application time: 1.0001033 seconds
[2020-01-13T14:04:18.497+0000][1][safepoint    ] Entering safepoint region: Cleanup
[2020-01-13T14:04:18.498+0000][1][safepoint    ] Leaving safepoint region
[2020-01-13T14:04:18.498+0000][1][safepoint    ] Total time for which application threads were stopped: 0.0001726 seconds, Stopping threads took: 0.0000691 seconds
[2020-01-13T14:04:19.498+0000][1][safepoint    ] Application time: 1.0001397 seconds
[2020-01-13T14:04:19.498+0000][1][safepoint    ] Entering safepoint region: Cleanup
[2020-01-13T14:04:19.498+0000][1][safepoint    ] Leaving safepoint region
[2020-01-13T14:04:19.498+0000][1][safepoint    ] Total time for which application threads were stopped: 0.0001150 seconds, Stopping threads took: 0.0000334 seconds
[2020-01-13T14:04:20.498+0000][1][safepoint    ] Application time: 1.0001156 seconds
[2020-01-13T14:04:20.498+0000][1][safepoint    ] Entering safepoint region: Cleanup
[2020-01-13T14:04:20.498+0000][1][safepoint    ] Leaving safepoint region
[2020-01-13T14:04:20.498+0000][1][safepoint    ] Total time for which application threads were stopped: 0.0001005 seconds, Stopping threads took: 0.0000270 seconds
[2020-01-13T14:04:21.498+0000][1][safepoint    ] Application time: 1.0001414 seconds
[2020-01-13T14:04:21.498+0000][1][safepoint    ] Entering safepoint region: Cleanup
[2020-01-13T14:04:21.498+0000][1][safepoint    ] Leaving safepoint region
[2020-01-13T14:04:21.498+0000][1][safepoint    ] Total time for which application threads were stopped: 0.0001131 seconds, Stopping threads took: 0.0000286 seconds
[2020-01-13T14:04:22.499+0000][1][safepoint    ] Application time: 1.0000961 seconds
[2020-01-13T14:04:22.499+0000][1][safepoint    ] Entering safepoint region: Cleanup
[2020-01-13T14:04:22.499+0000][1][safepoint    ] Leaving safepoint region
[2020-01-13T14:04:22.499+0000][1][safepoint    ] Total time for which application threads were stopped: 0.0001061 seconds, Stopping threads took: 0.0000304 seconds
[2020-01-13T14:04:23.499+0000][1][safepoint    ] Application time: 1.0001090 seconds
[2020-01-13T14:04:23.499+0000][1][safepoint    ] Entering safepoint region: Cleanup
[2020-01-13T14:04:23.499+0000][1][safepoint    ] Leaving safepoint region
[2020-01-13T14:04:23.499+0000][1][safepoint    ] Total time for which application threads were stopped: 0.0001017 seconds, Stopping threads took: 0.0000271 seconds
[2020-01-13T14:04:24.499+0000][1][safepoint    ] Application time: 1.0000953 seconds
[2020-01-13T14:04:24.499+0000][1][safepoint    ] Entering safepoint region: Cleanup
[2020-01-13T14:04:24.499+0000][1][safepoint    ] Leaving safepoint region
[2020-01-13T14:04:24.499+0000][1][safepoint    ] Total time for which application threads were stopped: 0.0001226 seconds, Stopping threads took: 0.0000276 seconds
[2020-01-13T14:04:25.499+0000][1][safepoint    ] Application time: 1.0000913 seconds
[2020-01-13T14:04:25.499+0000][1][safepoint    ] Entering safepoint region: Cleanup
[2020-01-13T14:04:25.500+0000][1][safepoint    ] Leaving safepoint region
[2020-01-13T14:04:25.500+0000][1][safepoint    ] Total time for which application threads were stopped: 0.0001022 seconds, Stopping threads took: 0.0000288 seconds
[2020-01-13T14:04:26.500+0000][1][safepoint    ] Application time: 1.0001122 seconds
[2020-01-13T14:04:26.500+0000][1][safepoint    ] Entering safepoint region: Cleanup
[2020-01-13T14:04:26.500+0000][1][safepoint    ] Leaving safepoint region
[2020-01-13T14:04:26.500+0000][1][safepoint    ] Total time for which application threads were stopped: 0.0001030 seconds, Stopping threads took: 0.0000300 seconds
[2020-01-13T14:04:27.500+0000][1][safepoint    ] Application time: 1.0000900 seconds
[2020-01-13T14:04:27.500+0000][1][safepoint    ] Entering safepoint region: Cleanup
[2020-01-13T14:04:27.500+0000][1][safepoint    ] Leaving safepoint region
[2020-01-13T14:04:27.500+0000][1][safepoint    ] Total time for which application threads were stopped: 0.0001023 seconds, Stopping threads took: 0.0000296 seconds
[2020-01-13T14:04:28.500+0000][1][safepoint    ] Application time: 1.0001043 seconds
[2020-01-13T14:04:28.501+0000][1][safepoint    ] Entering safepoint region: Cleanup
[2020-01-13T14:04:28.501+0000][1][safepoint    ] Leaving safepoint region
[2020-01-13T14:04:28.502+0000][1][safepoint    ] Total time for which application threads were stopped: 0.0001709 seconds, Stopping threads took: 0.0000711 seconds
[2020-01-13T14:04:29.502+0000][1][safepoint    ] Application time: 1.0000914 seconds
[2020-01-13T14:04:29.502+0000][1][safepoint    ] Entering safepoint region: Cleanup
[2020-01-13T14:04:29.502+0000][1][safepoint    ] Leaving safepoint region
[2020-01-13T14:04:29.502+0000][1][safepoint    ] Total time for which application threads were stopped: 0.0001060 seconds, Stopping threads took: 0.0000294 seconds
[2020-01-13T14:04:30.502+0000][1][safepoint    ] Application time: 1.0000866 seconds
[2020-01-13T14:04:30.502+0000][1][safepoint    ] Entering safepoint region: Cleanup
[2020-01-13T14:04:30.502+0000][1][safepoint    ] Leaving safepoint region
[2020-01-13T14:04:30.502+0000][1][safepoint    ] Total time for which application threads were stopped: 0.0001046 seconds, Stopping threads took: 0.0000312 seconds
[2020-01-13T14:04:31.502+0000][1][safepoint    ] Application time: 1.0000850 seconds
[2020-01-13T14:04:31.502+0000][1][safepoint    ] Entering safepoint region: Cleanup
[2020-01-13T14:04:31.502+0000][1][safepoint    ] Leaving safepoint region
[2020-01-13T14:04:31.502+0000][1][safepoint    ] Total time for which application threads were stopped: 0.0001136 seconds, Stopping threads took: 0.0000311 seconds
[2020-01-13T14:04:32.502+0000][1][safepoint    ] Application time: 1.0000769 seconds
[2020-01-13T14:04:32.502+0000][1][safepoint    ] Entering safepoint region: Cleanup
[2020-01-13T14:04:32.503+0000][1][safepoint    ] Leaving safepoint region
[2020-01-13T14:04:32.503+0000][1][safepoint    ] Total time for which application threads were stopped: 0.0000997 seconds, Stopping threads took: 0.0000290 seconds
[2020-01-13T14:04:33.503+0000][1][safepoint    ] Application time: 1.0000840 seconds
[2020-01-13T14:04:33.504+0000][1][safepoint    ] Entering safepoint region: Cleanup
[2020-01-13T14:04:33.504+0000][1][safepoint    ] Leaving safepoint region
[2020-01-13T14:04:33.504+0000][1][safepoint    ] Total time for which application threads were stopped: 0.0001912 seconds, Stopping threads took: 0.0000700 seconds
[2020-01-13T14:04:34.504+0000][1][safepoint    ] Application time: 1.0000867 seconds
[2020-01-13T14:04:34.504+0000][1][safepoint    ] Entering safepoint region: Cleanup
[2020-01-13T14:04:34.504+0000][1][safepoint    ] Leaving safepoint region
[2020-01-13T14:04:34.504+0000][1][safepoint    ] Total time for which application threads were stopped: 0.0001077 seconds, Stopping threads took: 0.0000309 seconds
[2020-01-13T14:04:35.504+0000][1][safepoint    ] Application time: 1.0000801 seconds
[2020-01-13T14:04:35.504+0000][1][safepoint    ] Entering safepoint region: Cleanup
[2020-01-13T14:04:35.504+0000][1][safepoint    ] Leaving safepoint region
[2020-01-13T14:04:35.504+0000][1][safepoint    ] Total time for which application threads were stopped: 0.0001249 seconds, Stopping threads took: 0.0000508 seconds
[2020-01-13T14:04:36.504+0000][1][safepoint    ] Application time: 1.0000832 seconds
[2020-01-13T14:04:36.505+0000][1][safepoint    ] Entering safepoint region: Cleanup
[2020-01-13T14:04:36.505+0000][1][safepoint    ] Leaving safepoint region
[2020-01-13T14:04:36.505+0000][1][safepoint    ] Total time for which application threads were stopped: 0.0001016 seconds, Stopping threads took: 0.0000281 seconds
[2020-01-13T14:04:37.505+0000][1][safepoint    ] Application time: 1.0000954 seconds
[2020-01-13T14:04:37.505+0000][1][safepoint    ] Entering safepoint region: Cleanup
[2020-01-13T14:04:37.505+0000][1][safepoint    ] Leaving safepoint region
[2020-01-13T14:04:37.505+0000][1][safepoint    ] Total time for which application threads were stopped: 0.0001096 seconds, Stopping threads took: 0.0000328 seconds
[2020-01-13T14:04:38.505+0000][1][safepoint    ] Application time: 1.0001020 seconds
[2020-01-13T14:04:38.506+0000][1][safepoint    ] Entering safepoint region: Cleanup
[2020-01-13T14:04:38.506+0000][1][safepoint    ] Leaving safepoint region
[2020-01-13T14:04:38.506+0000][1][safepoint    ] Total time for which application threads were stopped: 0.0001846 seconds, Stopping threads took: 0.0000816 seconds
[2020-01-13T14:04:39.506+0000][1][safepoint    ] Application time: 1.0001162 seconds
[2020-01-13T14:04:39.506+0000][1][safepoint    ] Entering safepoint region: Cleanup
[2020-01-13T14:04:39.507+0000][1][safepoint    ] Leaving safepoint region
[2020-01-13T14:04:39.507+0000][1][safepoint    ] Total time for which application threads were stopped: 0.0001091 seconds, Stopping threads took: 0.0000318 seconds
[2020-01-13T14:04:40.507+0000][1][safepoint    ] Application time: 1.0001087 seconds
[2020-01-13T14:04:40.507+0000][1][safepoint    ] Entering safepoint region: Cleanup
[2020-01-13T14:04:40.507+0000][1][safepoint    ] Leaving safepoint region
[2020-01-13T14:04:40.507+0000][1][safepoint    ] Total time for which application threads were stopped: 0.0001061 seconds, Stopping threads took: 0.0000293 seconds
[2020-01-13T14:04:41.507+0000][1][safepoint    ] Application time: 1.0001205 seconds
[2020-01-13T14:04:41.507+0000][1][safepoint    ] Entering safepoint region: Cleanup
[2020-01-13T14:04:41.507+0000][1][safepoint    ] Leaving safepoint region
[2020-01-13T14:04:41.507+0000][1][safepoint    ] Total time for which application threads were stopped: 0.0001176 seconds, Stopping threads took: 0.0000347 seconds
[2020-01-13T14:04:42.507+0000][1][safepoint    ] Application time: 1.0000859 seconds
[2020-01-13T14:04:42.507+0000][1][safepoint    ] Entering safepoint region: Cleanup
[2020-01-13T14:04:42.507+0000][1][safepoint    ] Leaving safepoint region
[2020-01-13T14:04:42.507+0000][1][safepoint    ] Total time for which application threads were stopped: 0.0001015 seconds, Stopping threads took: 0.0000290 seconds
[2020-01-13T14:04:43.508+0000][1][safepoint    ] Application time: 1.0001161 seconds
[2020-01-13T14:04:43.509+0000][1][safepoint    ] Entering safepoint region: Cleanup
[2020-01-13T14:04:43.509+0000][1][safepoint    ] Leaving safepoint region
[2020-01-13T14:04:43.509+0000][1][safepoint    ] Total time for which application threads were stopped: 0.0001613 seconds, Stopping threads took: 0.0000675 seconds
[2020-01-13T14:04:44.509+0000][1][safepoint    ] Application time: 1.0001104 seconds
[2020-01-13T14:04:44.509+0000][1][safepoint    ] Entering safepoint region: Cleanup
[2020-01-13T14:04:44.509+0000][1][safepoint    ] Leaving safepoint region
[2020-01-13T14:04:44.509+0000][1][safepoint    ] Total time for which application threads were stopped: 0.0001300 seconds, Stopping threads took: 0.0000312 seconds
[2020-01-13T14:04:45.509+0000][1][safepoint    ] Application time: 1.0001078 seconds
[2020-01-13T14:04:45.509+0000][1][safepoint    ] Entering safepoint region: Cleanup
[2020-01-13T14:04:45.509+0000][1][safepoint    ] Leaving safepoint region
[2020-01-13T14:04:45.510+0000][1][safepoint    ] Total time for which application threads were stopped: 0.0002547 seconds, Stopping threads took: 0.0000316 seconds
[2020-01-13T14:04:46.510+0000][1][safepoint    ] Application time: 1.0001077 seconds
[2020-01-13T14:04:46.510+0000][1][safepoint    ] Entering safepoint region: Cleanup
[2020-01-13T14:04:46.510+0000][1][safepoint    ] Leaving safepoint region
[2020-01-13T14:04:46.510+0000][1][safepoint    ] Total time for which application threads were stopped: 0.0001041 seconds, Stopping threads took: 0.0000299 seconds
[2020-01-13T14:04:47.510+0000][1][safepoint    ] Application time: 1.0001031 seconds
[2020-01-13T14:04:47.510+0000][1][safepoint    ] Entering safepoint region: Cleanup
[2020-01-13T14:04:47.510+0000][1][safepoint    ] Leaving safepoint region
[2020-01-13T14:04:47.510+0000][1][safepoint    ] Total time for which application threads were stopped: 0.0001107 seconds, Stopping threads took: 0.0000369 seconds
[2020-01-13T14:04:48.510+0000][1][safepoint    ] Application time: 1.0001083 seconds
[2020-01-13T14:04:48.511+0000][1][safepoint    ] Entering safepoint region: Cleanup
[2020-01-13T14:04:48.511+0000][1][safepoint    ] Leaving safepoint region
[2020-01-13T14:04:48.511+0000][1][safepoint    ] Total time for which application threads were stopped: 0.0001865 seconds, Stopping threads took: 0.0000837 seconds
[2020-01-13T14:04:49.512+0000][1][safepoint    ] Application time: 1.0001122 seconds
[2020-01-13T14:04:49.512+0000][1][safepoint    ] Entering safepoint region: Cleanup
[2020-01-13T14:04:49.512+0000][1][safepoint    ] Leaving safepoint region
[2020-01-13T14:04:49.512+0000][1][safepoint    ] Total time for which application threads were stopped: 0.0001149 seconds, Stopping threads took: 0.0000336 seconds
[2020-01-13T14:04:50.512+0000][1][safepoint    ] Application time: 1.0001060 seconds
[2020-01-13T14:04:50.512+0000][1][safepoint    ] Entering safepoint region: Cleanup
[2020-01-13T14:04:50.512+0000][1][safepoint    ] Leaving safepoint region
[2020-01-13T14:04:50.512+0000][1][safepoint    ] Total time for which application threads were stopped: 0.0001234 seconds, Stopping threads took: 0.0000314 seconds
[2020-01-13T14:04:51.512+0000][1][safepoint    ] Application time: 1.0001126 seconds
[2020-01-13T14:04:51.512+0000][1][safepoint    ] Entering safepoint region: Cleanup
[2020-01-13T14:04:51.512+0000][1][safepoint    ] Leaving safepoint region
[2020-01-13T14:04:51.512+0000][1][safepoint    ] Total time for which application threads were stopped: 0.0001241 seconds, Stopping threads took: 0.0000293 seconds
[2020-01-13T14:04:52.512+0000][1][safepoint    ] Application time: 1.0001236 seconds
[2020-01-13T14:04:52.513+0000][1][safepoint    ] Entering safepoint region: Cleanup
[2020-01-13T14:04:52.513+0000][1][safepoint    ] Leaving safepoint region
[2020-01-13T14:04:52.513+0000][1][safepoint    ] Total time for which application threads were stopped: 0.0001062 seconds, Stopping threads took: 0.0000293 seconds
[2020-01-13T14:04:53.513+0000][1][safepoint    ] Application time: 1.0001026 seconds
[2020-01-13T14:04:53.513+0000][1][safepoint    ] Entering safepoint region: Cleanup
[2020-01-13T14:04:53.513+0000][1][safepoint    ] Leaving safepoint region
[2020-01-13T14:04:53.513+0000][1][safepoint    ] Total time for which application threads were stopped: 0.0000995 seconds, Stopping threads took: 0.0000287 seconds
[2020-01-13T14:04:54.513+0000][1][safepoint    ] Application time: 1.0000997 seconds
[2020-01-13T14:04:54.513+0000][1][safepoint    ] Entering safepoint region: Cleanup
[2020-01-13T14:04:54.513+0000][1][safepoint    ] Leaving safepoint region
[2020-01-13T14:04:54.513+0000][1][safepoint    ] Total time for which application threads were stopped: 0.0001046 seconds, Stopping threads took: 0.0000294 seconds
[2020-01-13T14:04:55.513+0000][1][safepoint    ] Application time: 1.0000930 seconds
[2020-01-13T14:04:55.513+0000][1][safepoint    ] Entering safepoint region: Cleanup
[2020-01-13T14:04:55.513+0000][1][safepoint    ] Leaving safepoint region
[2020-01-13T14:04:55.513+0000][1][safepoint    ] Total time for which application threads were stopped: 0.0001000 seconds, Stopping threads took: 0.0000284 seconds
[2020-01-13T14:04:56.514+0000][1][safepoint    ] Application time: 1.0000847 seconds
[2020-01-13T14:04:56.514+0000][1][safepoint    ] Entering safepoint region: Cleanup
[2020-01-13T14:04:56.514+0000][1][safepoint    ] Leaving safepoint region
[2020-01-13T14:04:56.514+0000][1][safepoint    ] Total time for which application threads were stopped: 0.0001057 seconds, Stopping threads took: 0.0000318 seconds
[2020-01-13T14:04:57.514+0000][1][safepoint    ] Application time: 1.0000849 seconds
[2020-01-13T14:04:57.514+0000][1][safepoint    ] Entering safepoint region: Cleanup
[2020-01-13T14:04:57.514+0000][1][safepoint    ] Leaving safepoint region
[2020-01-13T14:04:57.514+0000][1][safepoint    ] Total time for which application threads were stopped: 0.0001063 seconds, Stopping threads took: 0.0000351 seconds
[2020-01-13T14:04:58.514+0000][1][safepoint    ] Application time: 1.0001018 seconds
[2020-01-13T14:04:58.515+0000][1][safepoint    ] Entering safepoint region: Cleanup
[2020-01-13T14:04:58.515+0000][1][safepoint    ] Leaving safepoint region
[2020-01-13T14:04:58.515+0000][1][safepoint    ] Total time for which application threads were stopped: 0.0001765 seconds, Stopping threads took: 0.0000728 seconds
[2020-01-13T14:04:59.515+0000][1][safepoint    ] Application time: 1.0001073 seconds
[2020-01-13T14:04:59.515+0000][1][safepoint    ] Entering safepoint region: Cleanup
[2020-01-13T14:04:59.516+0000][1][safepoint    ] Leaving safepoint region
[2020-01-13T14:04:59.516+0000][1][safepoint    ] Total time for which application threads were stopped: 0.0001113 seconds, Stopping threads took: 0.0000295 seconds
[2020-01-13T14:05:00.516+0000][1][safepoint    ] Application time: 1.0001248 seconds
[2020-01-13T14:05:00.516+0000][1][safepoint    ] Entering safepoint region: Cleanup
[2020-01-13T14:05:00.516+0000][1][safepoint    ] Leaving safepoint region
[2020-01-13T14:05:00.516+0000][1][safepoint    ] Total time for which application threads were stopped: 0.0001101 seconds, Stopping threads took: 0.0000288 seconds
[2020-01-13T14:05:01.516+0000][1][safepoint    ] Application time: 1.0001412 seconds
[2020-01-13T14:05:01.516+0000][1][safepoint    ] Entering safepoint region: Cleanup
[2020-01-13T14:05:01.516+0000][1][safepoint    ] Leaving safepoint region
[2020-01-13T14:05:01.516+0000][1][safepoint    ] Total time for which application threads were stopped: 0.0001145 seconds, Stopping threads took: 0.0000362 seconds
[2020-01-13T14:05:02.516+0000][1][safepoint    ] Application time: 1.0001111 seconds
[2020-01-13T14:05:02.516+0000][1][safepoint    ] Entering safepoint region: Cleanup
[2020-01-13T14:05:02.517+0000][1][safepoint    ] Leaving safepoint region
[2020-01-13T14:05:02.517+0000][1][safepoint    ] Total time for which application threads were stopped: 0.0001069 seconds, Stopping threads took: 0.0000298 seconds
[2020-01-13T14:05:03.199+0000][1][safepoint    ] Application time: 0.6829393 seconds
[2020-01-13T14:05:03.200+0000][1][safepoint    ] Entering safepoint region: GenCollectForAllocation
[2020-01-13T14:05:03.200+0000][1][gc,start     ] GC(36) Pause Young (Allocation Failure)
[2020-01-13T14:05:03.200+0000][1][gc,task      ] GC(36) Using 1 workers of 1 for evacuation
[2020-01-13T14:05:03.203+0000][1][gc,age       ] GC(36) Desired survivor size 4358144 bytes, new threshold 6 (max threshold 6)
[2020-01-13T14:05:03.203+0000][1][gc,age       ] GC(36) Age table with threshold 6 (max threshold 6)
[2020-01-13T14:05:03.203+0000][1][gc,age       ] GC(36) - age   1:       6800 bytes,       6800 total
[2020-01-13T14:05:03.203+0000][1][gc,age       ] GC(36) - age   2:      37200 bytes,      44000 total
[2020-01-13T14:05:03.203+0000][1][gc,age       ] GC(36) - age   3:       1376 bytes,      45376 total
[2020-01-13T14:05:03.203+0000][1][gc,age       ] GC(36) - age   4:      22776 bytes,      68152 total
[2020-01-13T14:05:03.203+0000][1][gc,age       ] GC(36) - age   5:       2328 bytes,      70480 total
[2020-01-13T14:05:03.203+0000][1][gc,age       ] GC(36) - age   6:       2704 bytes,      73184 total
[2020-01-13T14:05:03.203+0000][1][gc,heap      ] GC(36) ParNew: 68260K->130K(76672K)
[2020-01-13T14:05:03.203+0000][1][gc,heap      ] GC(36) CMS: 66356K->66361K(176960K)
[2020-01-13T14:05:03.203+0000][1][gc,metaspace ] GC(36) Metaspace: 72535K->72535K(1116160K)
[2020-01-13T14:05:03.203+0000][1][gc           ] GC(36) Pause Young (Allocation Failure) 131M->64M(247M) 3.392ms
[2020-01-13T14:05:03.203+0000][1][gc,cpu       ] GC(36) User=0.01s Sys=0.00s Real=0.00s
[2020-01-13T14:05:03.203+0000][1][safepoint    ] Leaving safepoint region
[2020-01-13T14:05:03.203+0000][1][safepoint    ] Total time for which application threads were stopped: 0.0035605 seconds, Stopping threads took: 0.0000194 seconds
[2020-01-13T14:05:04.204+0000][1][safepoint    ] Application time: 1.0008595 seconds
[2020-01-13T14:05:04.204+0000][1][safepoint    ] Entering safepoint region: Cleanup
[2020-01-13T14:05:04.204+0000][1][safepoint    ] Leaving safepoint region
[2020-01-13T14:05:04.204+0000][1][safepoint    ] Total time for which application threads were stopped: 0.0001130 seconds, Stopping threads took: 0.0000286 seconds
[2020-01-13T14:05:05.204+0000][1][safepoint    ] Application time: 1.0001360 seconds
[2020-01-13T14:05:05.204+0000][1][safepoint    ] Entering safepoint region: Cleanup
[2020-01-13T14:05:05.204+0000][1][safepoint    ] Leaving safepoint region
[2020-01-13T14:05:05.204+0000][1][safepoint    ] Total time for which application threads were stopped: 0.0001255 seconds, Stopping threads took: 0.0000513 seconds
[2020-01-13T14:05:06.205+0000][1][safepoint    ] Application time: 1.0001283 seconds
[2020-01-13T14:05:06.205+0000][1][safepoint    ] Entering safepoint region: Cleanup
[2020-01-13T14:05:06.205+0000][1][safepoint    ] Leaving safepoint region
[2020-01-13T14:05:06.205+0000][1][safepoint    ] Total time for which application threads were stopped: 0.0001063 seconds, Stopping threads took: 0.0000302 seconds
[2020-01-13T14:05:07.205+0000][1][safepoint    ] Application time: 1.0000993 seconds
[2020-01-13T14:05:07.205+0000][1][safepoint    ] Entering safepoint region: Cleanup
[2020-01-13T14:05:07.205+0000][1][safepoint    ] Leaving safepoint region
[2020-01-13T14:05:07.205+0000][1][safepoint    ] Total time for which application threads were stopped: 0.0001024 seconds, Stopping threads took: 0.0000281 seconds
[2020-01-13T14:05:08.205+0000][1][safepoint    ] Application time: 1.0001324 seconds
[2020-01-13T14:05:08.205+0000][1][safepoint    ] Entering safepoint region: Cleanup
[2020-01-13T14:05:08.205+0000][1][safepoint    ] Leaving safepoint region
[2020-01-13T14:05:08.205+0000][1][safepoint    ] Total time for which application threads were stopped: 0.0001049 seconds, Stopping threads took: 0.0000328 seconds
[2020-01-13T14:05:09.205+0000][1][safepoint    ] Application time: 1.0001038 seconds
[2020-01-13T14:05:09.207+0000][1][safepoint    ] Entering safepoint region: Cleanup
[2020-01-13T14:05:09.207+0000][1][safepoint    ] Leaving safepoint region
[2020-01-13T14:05:09.207+0000][1][safepoint    ] Total time for which application threads were stopped: 0.0001801 seconds, Stopping threads took: 0.0000725 seconds
[2020-01-13T14:05:10.207+0000][1][safepoint    ] Application time: 1.0001686 seconds
[2020-01-13T14:05:10.207+0000][1][safepoint    ] Entering safepoint region: Cleanup
[2020-01-13T14:05:10.207+0000][1][safepoint    ] Leaving safepoint region
[2020-01-13T14:05:10.207+0000][1][safepoint    ] Total time for which application threads were stopped: 0.0001107 seconds, Stopping threads took: 0.0000304 seconds
[2020-01-13T14:05:11.207+0000][1][safepoint    ] Application time: 1.0001245 seconds
[2020-01-13T14:05:11.207+0000][1][safepoint    ] Entering safepoint region: Cleanup
[2020-01-13T14:05:11.207+0000][1][safepoint    ] Leaving safepoint region
[2020-01-13T14:05:11.207+0000][1][safepoint    ] Total time for which application threads were stopped: 0.0001060 seconds, Stopping threads took: 0.0000306 seconds
[2020-01-13T14:05:12.208+0000][1][safepoint    ] Application time: 1.0001107 seconds
[2020-01-13T14:05:12.208+0000][1][safepoint    ] Entering safepoint region: Cleanup
[2020-01-13T14:05:12.208+0000][1][safepoint    ] Leaving safepoint region
[2020-01-13T14:05:12.208+0000][1][safepoint    ] Total time for which application threads were stopped: 0.0001175 seconds, Stopping threads took: 0.0000303 seconds
[2020-01-13T14:05:13.208+0000][1][safepoint    ] Application time: 1.0000881 seconds
[2020-01-13T14:05:13.208+0000][1][safepoint    ] Entering safepoint region: Cleanup
[2020-01-13T14:05:13.208+0000][1][safepoint    ] Leaving safepoint region
[2020-01-13T14:05:13.208+0000][1][safepoint    ] Total time for which application threads were stopped: 0.0001013 seconds, Stopping threads took: 0.0000275 seconds
[2020-01-13T14:05:14.208+0000][1][safepoint    ] Application time: 1.0000933 seconds
[2020-01-13T14:05:14.209+0000][1][safepoint    ] Entering safepoint region: Cleanup
[2020-01-13T14:05:14.209+0000][1][safepoint    ] Leaving safepoint region
[2020-01-13T14:05:14.209+0000][1][safepoint    ] Total time for which application threads were stopped: 0.0001534 seconds, Stopping threads took: 0.0000707 seconds
[2020-01-13T14:05:15.209+0000][1][safepoint    ] Application time: 1.0001042 seconds
[2020-01-13T14:05:15.209+0000][1][safepoint    ] Entering safepoint region: Cleanup
[2020-01-13T14:05:15.210+0000][1][safepoint    ] Leaving safepoint region
[2020-01-13T14:05:15.210+0000][1][safepoint    ] Total time for which application threads were stopped: 0.0001136 seconds, Stopping threads took: 0.0000299 seconds
[2020-01-13T14:05:16.210+0000][1][safepoint    ] Application time: 1.0000901 seconds
[2020-01-13T14:05:16.210+0000][1][safepoint    ] Entering safepoint region: Cleanup
[2020-01-13T14:05:16.210+0000][1][safepoint    ] Leaving safepoint region
[2020-01-13T14:05:16.210+0000][1][safepoint    ] Total time for which application threads were stopped: 0.0001059 seconds, Stopping threads took: 0.0000311 seconds
[2020-01-13T14:05:17.210+0000][1][safepoint    ] Application time: 1.0000948 seconds
[2020-01-13T14:05:17.210+0000][1][safepoint    ] Entering safepoint region: Cleanup
[2020-01-13T14:05:17.210+0000][1][safepoint    ] Leaving safepoint region
[2020-01-13T14:05:17.210+0000][1][safepoint    ] Total time for which application threads were stopped: 0.0001132 seconds, Stopping threads took: 0.0000335 seconds
[2020-01-13T14:05:19.082+0000][1][safepoint    ] Application time: 1.8719159 seconds
[2020-01-13T14:05:19.082+0000][1][safepoint    ] Entering safepoint region: Cleanup
[2020-01-13T14:05:19.082+0000][1][safepoint    ] Leaving safepoint region
[2020-01-13T14:05:19.082+0000][1][safepoint    ] Total time for which application threads were stopped: 0.0001160 seconds, Stopping threads took: 0.0000281 seconds
[2020-01-13T14:05:20.082+0000][1][safepoint    ] Application time: 1.0001138 seconds
[2020-01-13T14:05:20.082+0000][1][safepoint    ] Entering safepoint region: Cleanup
[2020-01-13T14:05:20.082+0000][1][safepoint    ] Leaving safepoint region
[2020-01-13T14:05:20.082+0000][1][safepoint    ] Total time for which application threads were stopped: 0.0001054 seconds, Stopping threads took: 0.0000292 seconds
[2020-01-13T14:05:21.083+0000][1][safepoint    ] Application time: 1.0001317 seconds
[2020-01-13T14:05:21.083+0000][1][safepoint    ] Entering safepoint region: Cleanup
[2020-01-13T14:05:21.083+0000][1][safepoint    ] Leaving safepoint region
[2020-01-13T14:05:21.083+0000][1][safepoint    ] Total time for which application threads were stopped: 0.0001038 seconds, Stopping threads took: 0.0000321 seconds
[2020-01-13T14:05:22.083+0000][1][safepoint    ] Application time: 1.0001411 seconds
[2020-01-13T14:05:22.083+0000][1][safepoint    ] Entering safepoint region: Cleanup
[2020-01-13T14:05:22.083+0000][1][safepoint    ] Leaving safepoint region
[2020-01-13T14:05:22.083+0000][1][safepoint    ] Total time for which application threads were stopped: 0.0001011 seconds, Stopping threads took: 0.0000277 seconds
[2020-01-13T14:05:23.083+0000][1][safepoint    ] Application time: 1.0000963 seconds
[2020-01-13T14:05:23.083+0000][1][safepoint    ] Entering safepoint region: Cleanup
[2020-01-13T14:05:23.083+0000][1][safepoint    ] Leaving safepoint region
[2020-01-13T14:05:23.083+0000][1][safepoint    ] Total time for which application threads were stopped: 0.0000985 seconds, Stopping threads took: 0.0000249 seconds
[2020-01-13T14:05:24.084+0000][1][safepoint    ] Application time: 1.0000892 seconds
[2020-01-13T14:05:24.084+0000][1][safepoint    ] Entering safepoint region: Cleanup
[2020-01-13T14:05:24.084+0000][1][safepoint    ] Leaving safepoint region
[2020-01-13T14:05:24.084+0000][1][safepoint    ] Total time for which application threads were stopped: 0.0001070 seconds, Stopping threads took: 0.0000307 seconds
[2020-01-13T14:05:25.084+0000][1][safepoint    ] Application time: 1.0000987 seconds
[2020-01-13T14:05:25.084+0000][1][safepoint    ] Entering safepoint region: Cleanup
[2020-01-13T14:05:25.084+0000][1][safepoint    ] Leaving safepoint region
[2020-01-13T14:05:25.084+0000][1][safepoint    ] Total time for which application threads were stopped: 0.0001020 seconds, Stopping threads took: 0.0000295 seconds
[2020-01-13T14:05:26.084+0000][1][safepoint    ] Application time: 1.0001864 seconds
[2020-01-13T14:05:26.084+0000][1][safepoint    ] Entering safepoint region: Cleanup
[2020-01-13T14:05:26.084+0000][1][safepoint    ] Leaving safepoint region
[2020-01-13T14:05:26.084+0000][1][safepoint    ] Total time for which application threads were stopped: 0.0001179 seconds, Stopping threads took: 0.0000314 seconds
[2020-01-13T14:05:27.084+0000][1][safepoint    ] Application time: 1.0001256 seconds
[2020-01-13T14:05:27.085+0000][1][safepoint    ] Entering safepoint region: Cleanup
[2020-01-13T14:05:27.085+0000][1][safepoint    ] Leaving safepoint region
[2020-01-13T14:05:27.085+0000][1][safepoint    ] Total time for which application threads were stopped: 0.0001109 seconds, Stopping threads took: 0.0000259 seconds
[2020-01-13T14:05:28.085+0000][1][safepoint    ] Application time: 1.0000909 seconds
[2020-01-13T14:05:28.086+0000][1][safepoint    ] Entering safepoint region: Cleanup
[2020-01-13T14:05:28.086+0000][1][safepoint    ] Leaving safepoint region
[2020-01-13T14:05:28.086+0000][1][safepoint    ] Total time for which application threads were stopped: 0.0001808 seconds, Stopping threads took: 0.0000711 seconds
[2020-01-13T14:05:29.086+0000][1][safepoint    ] Application time: 1.0001370 seconds
[2020-01-13T14:05:29.086+0000][1][safepoint    ] Entering safepoint region: Cleanup
[2020-01-13T14:05:29.086+0000][1][safepoint    ] Leaving safepoint region
[2020-01-13T14:05:29.086+0000][1][safepoint    ] Total time for which application threads were stopped: 0.0001260 seconds, Stopping threads took: 0.0000286 seconds
[2020-01-13T14:05:30.086+0000][1][safepoint    ] Application time: 1.0001410 seconds
[2020-01-13T14:05:30.087+0000][1][safepoint    ] Entering safepoint region: Cleanup
[2020-01-13T14:05:30.087+0000][1][safepoint    ] Leaving safepoint region
[2020-01-13T14:05:30.087+0000][1][safepoint    ] Total time for which application threads were stopped: 0.0001079 seconds, Stopping threads took: 0.0000312 seconds
[2020-01-13T14:05:31.087+0000][1][safepoint    ] Application time: 1.0001425 seconds
[2020-01-13T14:05:31.087+0000][1][safepoint    ] Entering safepoint region: Cleanup
[2020-01-13T14:05:31.087+0000][1][safepoint    ] Leaving safepoint region
[2020-01-13T14:05:31.087+0000][1][safepoint    ] Total time for which application threads were stopped: 0.0001032 seconds, Stopping threads took: 0.0000283 seconds
[2020-01-13T14:05:32.087+0000][1][safepoint    ] Application time: 1.0001634 seconds
[2020-01-13T14:05:32.087+0000][1][safepoint    ] Entering safepoint region: Cleanup
[2020-01-13T14:05:32.087+0000][1][safepoint    ] Leaving safepoint region
[2020-01-13T14:05:32.087+0000][1][safepoint    ] Total time for which application threads were stopped: 0.0001210 seconds, Stopping threads took: 0.0000290 seconds
[2020-01-13T14:05:33.087+0000][1][safepoint    ] Application time: 1.0001037 seconds
[2020-01-13T14:05:33.089+0000][1][safepoint    ] Entering safepoint region: Cleanup
[2020-01-13T14:05:33.089+0000][1][safepoint    ] Leaving safepoint region
[2020-01-13T14:05:33.089+0000][1][safepoint    ] Total time for which application threads were stopped: 0.0001626 seconds, Stopping threads took: 0.0000738 seconds
[2020-01-13T14:05:34.180+0000][1][safepoint    ] Application time: 1.0912809 seconds
[2020-01-13T14:05:34.180+0000][1][safepoint    ] Entering safepoint region: Cleanup
[2020-01-13T14:05:34.180+0000][1][safepoint    ] Leaving safepoint region
[2020-01-13T14:05:34.180+0000][1][safepoint    ] Total time for which application threads were stopped: 0.0001236 seconds, Stopping threads took: 0.0000383 seconds
[2020-01-13T14:05:35.180+0000][1][safepoint    ] Application time: 1.0001253 seconds
[2020-01-13T14:05:35.180+0000][1][safepoint    ] Entering safepoint region: Cleanup
[2020-01-13T14:05:35.180+0000][1][safepoint    ] Leaving safepoint region
[2020-01-13T14:05:35.180+0000][1][safepoint    ] Total time for which application threads were stopped: 0.0001185 seconds, Stopping threads took: 0.0000430 seconds
[2020-01-13T14:05:36.181+0000][1][safepoint    ] Application time: 1.0001297 seconds
[2020-01-13T14:05:36.181+0000][1][safepoint    ] Entering safepoint region: Cleanup
[2020-01-13T14:05:36.181+0000][1][safepoint    ] Leaving safepoint region
[2020-01-13T14:05:36.181+0000][1][safepoint    ] Total time for which application threads were stopped: 0.0001347 seconds, Stopping threads took: 0.0000422 seconds
[2020-01-13T14:05:37.181+0000][1][safepoint    ] Application time: 1.0000973 seconds
[2020-01-13T14:05:37.181+0000][1][safepoint    ] Entering safepoint region: Cleanup
[2020-01-13T14:05:37.181+0000][1][safepoint    ] Leaving safepoint region
[2020-01-13T14:05:37.181+0000][1][safepoint    ] Total time for which application threads were stopped: 0.0001025 seconds, Stopping threads took: 0.0000250 seconds
[2020-01-13T14:05:38.181+0000][1][safepoint    ] Application time: 1.0000997 seconds
[2020-01-13T14:05:38.182+0000][1][safepoint    ] Entering safepoint region: Cleanup
[2020-01-13T14:05:38.182+0000][1][safepoint    ] Leaving safepoint region
[2020-01-13T14:05:38.182+0000][1][safepoint    ] Total time for which application threads were stopped: 0.0001138 seconds, Stopping threads took: 0.0000431 seconds
[2020-01-13T14:05:39.183+0000][1][safepoint    ] Application time: 1.0001205 seconds
[2020-01-13T14:05:39.183+0000][1][safepoint    ] Entering safepoint region: Cleanup
[2020-01-13T14:05:39.183+0000][1][safepoint    ] Leaving safepoint region
[2020-01-13T14:05:39.183+0000][1][safepoint    ] Total time for which application threads were stopped: 0.0000990 seconds, Stopping threads took: 0.0000268 seconds
[2020-01-13T14:05:40.183+0000][1][safepoint    ] Application time: 1.0001011 seconds
[2020-01-13T14:05:40.183+0000][1][safepoint    ] Entering safepoint region: Cleanup
[2020-01-13T14:05:40.183+0000][1][safepoint    ] Leaving safepoint region
[2020-01-13T14:05:40.183+0000][1][safepoint    ] Total time for which application threads were stopped: 0.0001065 seconds, Stopping threads took: 0.0000343 seconds
[2020-01-13T14:05:41.183+0000][1][safepoint    ] Application time: 1.0000890 seconds
[2020-01-13T14:05:41.183+0000][1][safepoint    ] Entering safepoint region: Cleanup
[2020-01-13T14:05:41.183+0000][1][safepoint    ] Leaving safepoint region
[2020-01-13T14:05:41.183+0000][1][safepoint    ] Total time for which application threads were stopped: 0.0001027 seconds, Stopping threads took: 0.0000226 seconds
[2020-01-13T14:05:42.183+0000][1][safepoint    ] Application time: 1.0000905 seconds
[2020-01-13T14:05:42.183+0000][1][safepoint    ] Entering safepoint region: Cleanup
[2020-01-13T14:05:42.184+0000][1][safepoint    ] Leaving safepoint region
[2020-01-13T14:05:42.184+0000][1][safepoint    ] Total time for which application threads were stopped: 0.0001014 seconds, Stopping threads took: 0.0000266 seconds
[2020-01-13T14:05:43.184+0000][1][safepoint    ] Application time: 1.0000844 seconds
[2020-01-13T14:05:43.185+0000][1][safepoint    ] Entering safepoint region: Cleanup
[2020-01-13T14:05:43.185+0000][1][safepoint    ] Leaving safepoint region
[2020-01-13T14:05:43.185+0000][1][safepoint    ] Total time for which application threads were stopped: 0.0001620 seconds, Stopping threads took: 0.0000656 seconds
[2020-01-13T14:05:44.185+0000][1][safepoint    ] Application time: 1.0000877 seconds
[2020-01-13T14:05:44.185+0000][1][safepoint    ] Entering safepoint region: Cleanup
[2020-01-13T14:05:44.185+0000][1][safepoint    ] Leaving safepoint region
[2020-01-13T14:05:44.185+0000][1][safepoint    ] Total time for which application threads were stopped: 0.0001033 seconds, Stopping threads took: 0.0000269 seconds
[2020-01-13T14:05:45.185+0000][1][safepoint    ] Application time: 1.0000757 seconds
[2020-01-13T14:05:45.185+0000][1][safepoint    ] Entering safepoint region: Cleanup
[2020-01-13T14:05:45.185+0000][1][safepoint    ] Leaving safepoint region
[2020-01-13T14:05:45.185+0000][1][safepoint    ] Total time for which application threads were stopped: 0.0000941 seconds, Stopping threads took: 0.0000274 seconds
[2020-01-13T14:05:46.186+0000][1][safepoint    ] Application time: 1.0000934 seconds
[2020-01-13T14:05:46.186+0000][1][safepoint    ] Entering safepoint region: Cleanup
[2020-01-13T14:05:46.186+0000][1][safepoint    ] Leaving safepoint region
[2020-01-13T14:05:46.186+0000][1][safepoint    ] Total time for which application threads were stopped: 0.0001140 seconds, Stopping threads took: 0.0000409 seconds
[2020-01-13T14:05:47.186+0000][1][safepoint    ] Application time: 1.0001081 seconds
[2020-01-13T14:05:47.186+0000][1][safepoint    ] Entering safepoint region: Cleanup
[2020-01-13T14:05:47.186+0000][1][safepoint    ] Leaving safepoint region
[2020-01-13T14:05:47.186+0000][1][safepoint    ] Total time for which application threads were stopped: 0.0000991 seconds, Stopping threads took: 0.0000287 seconds
[2020-01-13T14:05:48.186+0000][1][safepoint    ] Application time: 1.0000863 seconds
[2020-01-13T14:05:48.187+0000][1][safepoint    ] Entering safepoint region: Cleanup
[2020-01-13T14:05:48.187+0000][1][safepoint    ] Leaving safepoint region
[2020-01-13T14:05:48.187+0000][1][safepoint    ] Total time for which application threads were stopped: 0.0001075 seconds, Stopping threads took: 0.0000396 seconds
[2020-01-13T14:05:49.187+0000][1][safepoint    ] Application time: 1.0001146 seconds
[2020-01-13T14:05:49.187+0000][1][safepoint    ] Entering safepoint region: Cleanup
[2020-01-13T14:05:49.188+0000][1][safepoint    ] Leaving safepoint region
[2020-01-13T14:05:49.188+0000][1][safepoint    ] Total time for which application threads were stopped: 0.0000986 seconds, Stopping threads took: 0.0000259 seconds
[2020-01-13T14:05:50.188+0000][1][safepoint    ] Application time: 1.0001069 seconds
[2020-01-13T14:05:50.188+0000][1][safepoint    ] Entering safepoint region: Cleanup
[2020-01-13T14:05:50.188+0000][1][safepoint    ] Leaving safepoint region
[2020-01-13T14:05:50.188+0000][1][safepoint    ] Total time for which application threads were stopped: 0.0001048 seconds, Stopping threads took: 0.0000258 seconds
[2020-01-13T14:05:51.188+0000][1][safepoint    ] Application time: 1.0001257 seconds
[2020-01-13T14:05:51.188+0000][1][safepoint    ] Entering safepoint region: Cleanup
[2020-01-13T14:05:51.188+0000][1][safepoint    ] Leaving safepoint region
[2020-01-13T14:05:51.188+0000][1][safepoint    ] Total time for which application threads were stopped: 0.0001132 seconds, Stopping threads took: 0.0000338 seconds
[2020-01-13T14:05:52.188+0000][1][safepoint    ] Application time: 1.0001129 seconds
[2020-01-13T14:05:52.188+0000][1][safepoint    ] Entering safepoint region: Cleanup
[2020-01-13T14:05:52.188+0000][1][safepoint    ] Leaving safepoint region
[2020-01-13T14:05:52.188+0000][1][safepoint    ] Total time for which application threads were stopped: 0.0000991 seconds, Stopping threads took: 0.0000279 seconds
[2020-01-13T14:05:53.189+0000][1][safepoint    ] Application time: 1.0001151 seconds
[2020-01-13T14:05:53.189+0000][1][safepoint    ] Entering safepoint region: Cleanup
[2020-01-13T14:05:53.189+0000][1][safepoint    ] Leaving safepoint region
[2020-01-13T14:05:53.189+0000][1][safepoint    ] Total time for which application threads were stopped: 0.0000954 seconds, Stopping threads took: 0.0000244 seconds
[2020-01-13T14:05:54.189+0000][1][safepoint    ] Application time: 1.0000932 seconds
[2020-01-13T14:05:54.189+0000][1][safepoint    ] Entering safepoint region: Cleanup
[2020-01-13T14:05:54.189+0000][1][safepoint    ] Leaving safepoint region
[2020-01-13T14:05:54.189+0000][1][safepoint    ] Total time for which application threads were stopped: 0.0001061 seconds, Stopping threads took: 0.0000302 seconds
[2020-01-13T14:05:55.189+0000][1][safepoint    ] Application time: 1.0001136 seconds
[2020-01-13T14:05:55.189+0000][1][safepoint    ] Entering safepoint region: Cleanup
[2020-01-13T14:05:55.189+0000][1][safepoint    ] Leaving safepoint region
[2020-01-13T14:05:55.189+0000][1][safepoint    ] Total time for which application threads were stopped: 0.0001284 seconds, Stopping threads took: 0.0000312 seconds
[2020-01-13T14:05:56.189+0000][1][safepoint    ] Application time: 1.0001066 seconds
[2020-01-13T14:05:56.189+0000][1][safepoint    ] Entering safepoint region: Cleanup
[2020-01-13T14:05:56.190+0000][1][safepoint    ] Leaving safepoint region
[2020-01-13T14:05:56.190+0000][1][safepoint    ] Total time for which application threads were stopped: 0.0001179 seconds, Stopping threads took: 0.0000411 seconds
[2020-01-13T14:05:57.190+0000][1][safepoint    ] Application time: 1.0001142 seconds
[2020-01-13T14:05:57.190+0000][1][safepoint    ] Entering safepoint region: Cleanup
[2020-01-13T14:05:57.190+0000][1][safepoint    ] Leaving safepoint region
[2020-01-13T14:05:57.190+0000][1][safepoint    ] Total time for which application threads were stopped: 0.0001111 seconds, Stopping threads took: 0.0000265 seconds
[2020-01-13T14:05:58.190+0000][1][safepoint    ] Application time: 1.0001070 seconds
[2020-01-13T14:05:58.191+0000][1][safepoint    ] Entering safepoint region: Cleanup
[2020-01-13T14:05:58.191+0000][1][safepoint    ] Leaving safepoint region
[2020-01-13T14:05:58.191+0000][1][safepoint    ] Total time for which application threads were stopped: 0.0001585 seconds, Stopping threads took: 0.0000739 seconds
[2020-01-13T14:05:59.191+0000][1][safepoint    ] Application time: 1.0000981 seconds
[2020-01-13T14:05:59.191+0000][1][safepoint    ] Entering safepoint region: Cleanup
[2020-01-13T14:05:59.191+0000][1][safepoint    ] Leaving safepoint region
[2020-01-13T14:05:59.191+0000][1][safepoint    ] Total time for which application threads were stopped: 0.0001134 seconds, Stopping threads took: 0.0000289 seconds
[2020-01-13T14:06:00.192+0000][1][safepoint    ] Application time: 1.0001163 seconds
[2020-01-13T14:06:00.192+0000][1][safepoint    ] Entering safepoint region: Cleanup
[2020-01-13T14:06:00.192+0000][1][safepoint    ] Leaving safepoint region
[2020-01-13T14:06:00.192+0000][1][safepoint    ] Total time for which application threads were stopped: 0.0001108 seconds, Stopping threads took: 0.0000278 seconds
[2020-01-13T14:06:01.192+0000][1][safepoint    ] Application time: 1.0001504 seconds
[2020-01-13T14:06:01.192+0000][1][safepoint    ] Entering safepoint region: Cleanup
[2020-01-13T14:06:01.192+0000][1][safepoint    ] Leaving safepoint region
[2020-01-13T14:06:01.192+0000][1][safepoint    ] Total time for which application threads were stopped: 0.0001063 seconds, Stopping threads took: 0.0000324 seconds
[2020-01-13T14:06:02.192+0000][1][safepoint    ] Application time: 1.0001341 seconds
[2020-01-13T14:06:02.192+0000][1][safepoint    ] Entering safepoint region: Cleanup
[2020-01-13T14:06:02.192+0000][1][safepoint    ] Leaving safepoint region
[2020-01-13T14:06:02.192+0000][1][safepoint    ] Total time for which application threads were stopped: 0.0000946 seconds, Stopping threads took: 0.0000247 seconds
[2020-01-13T14:06:03.194+0000][1][safepoint    ] Application time: 1.0018277 seconds
[2020-01-13T14:06:03.196+0000][1][safepoint    ] Entering safepoint region: Cleanup
[2020-01-13T14:06:03.196+0000][1][safepoint    ] Leaving safepoint region
[2020-01-13T14:06:03.196+0000][1][safepoint    ] Total time for which application threads were stopped: 0.0021339 seconds, Stopping threads took: 0.0020322 seconds
[2020-01-13T14:06:04.197+0000][1][safepoint    ] Application time: 1.0003697 seconds
[2020-01-13T14:06:04.197+0000][1][safepoint    ] Entering safepoint region: Cleanup
[2020-01-13T14:06:04.197+0000][1][safepoint    ] Leaving safepoint region
[2020-01-13T14:06:04.197+0000][1][safepoint    ] Total time for which application threads were stopped: 0.0001063 seconds, Stopping threads took: 0.0000279 seconds
[2020-01-13T14:06:05.197+0000][1][safepoint    ] Application time: 1.0000951 seconds
[2020-01-13T14:06:05.197+0000][1][safepoint    ] Entering safepoint region: Cleanup
[2020-01-13T14:06:05.197+0000][1][safepoint    ] Leaving safepoint region
[2020-01-13T14:06:05.197+0000][1][safepoint    ] Total time for which application threads were stopped: 0.0001264 seconds, Stopping threads took: 0.0000412 seconds
[2020-01-13T14:06:06.197+0000][1][safepoint    ] Application time: 1.0001001 seconds
[2020-01-13T14:06:06.197+0000][1][safepoint    ] Entering safepoint region: Cleanup
[2020-01-13T14:06:06.198+0000][1][safepoint    ] Leaving safepoint region
[2020-01-13T14:06:06.198+0000][1][safepoint    ] Total time for which application threads were stopped: 0.0001158 seconds, Stopping threads took: 0.0000265 seconds
[2020-01-13T14:06:07.198+0000][1][safepoint    ] Application time: 1.0001060 seconds
[2020-01-13T14:06:07.198+0000][1][safepoint    ] Entering safepoint region: Cleanup
[2020-01-13T14:06:07.198+0000][1][safepoint    ] Leaving safepoint region
[2020-01-13T14:06:07.198+0000][1][safepoint    ] Total time for which application threads were stopped: 0.0000960 seconds, Stopping threads took: 0.0000267 seconds
[2020-01-13T14:06:08.198+0000][1][safepoint    ] Application time: 1.0000769 seconds
[2020-01-13T14:06:08.198+0000][1][safepoint    ] Entering safepoint region: Cleanup
[2020-01-13T14:06:08.198+0000][1][safepoint    ] Leaving safepoint region
[2020-01-13T14:06:08.198+0000][1][safepoint    ] Total time for which application threads were stopped: 0.0000917 seconds, Stopping threads took: 0.0000252 seconds
[2020-01-13T14:06:09.198+0000][1][safepoint    ] Application time: 1.0000921 seconds
[2020-01-13T14:06:09.199+0000][1][safepoint    ] Entering safepoint region: Cleanup
[2020-01-13T14:06:09.200+0000][1][safepoint    ] Leaving safepoint region
[2020-01-13T14:06:09.200+0000][1][safepoint    ] Total time for which application threads were stopped: 0.0001541 seconds, Stopping threads took: 0.0000668 seconds
[2020-01-13T14:06:10.200+0000][1][safepoint    ] Application time: 1.0001351 seconds
[2020-01-13T14:06:10.200+0000][1][safepoint    ] Entering safepoint region: Cleanup
[2020-01-13T14:06:10.200+0000][1][safepoint    ] Leaving safepoint region
[2020-01-13T14:06:10.200+0000][1][safepoint    ] Total time for which application threads were stopped: 0.0001020 seconds, Stopping threads took: 0.0000282 seconds
[2020-01-13T14:06:11.200+0000][1][safepoint    ] Application time: 1.0001235 seconds
[2020-01-13T14:06:11.200+0000][1][safepoint    ] Entering safepoint region: Cleanup
[2020-01-13T14:06:11.200+0000][1][safepoint    ] Leaving safepoint region
[2020-01-13T14:06:11.200+0000][1][safepoint    ] Total time for which application threads were stopped: 0.0000958 seconds, Stopping threads took: 0.0000260 seconds
[2020-01-13T14:06:12.200+0000][1][safepoint    ] Application time: 1.0001031 seconds
[2020-01-13T14:06:12.200+0000][1][safepoint    ] Entering safepoint region: Cleanup
[2020-01-13T14:06:12.200+0000][1][safepoint    ] Leaving safepoint region
[2020-01-13T14:06:12.200+0000][1][safepoint    ] Total time for which application threads were stopped: 0.0000943 seconds, Stopping threads took: 0.0000261 seconds
[2020-01-13T14:06:13.201+0000][1][safepoint    ] Application time: 1.0000852 seconds
[2020-01-13T14:06:13.201+0000][1][safepoint    ] Entering safepoint region: Cleanup
[2020-01-13T14:06:13.201+0000][1][safepoint    ] Leaving safepoint region
[2020-01-13T14:06:13.201+0000][1][safepoint    ] Total time for which application threads were stopped: 0.0001298 seconds, Stopping threads took: 0.0000329 seconds
[2020-01-13T14:06:14.201+0000][1][safepoint    ] Application time: 1.0001193 seconds
[2020-01-13T14:06:14.202+0000][1][safepoint    ] Entering safepoint region: Cleanup
[2020-01-13T14:06:14.202+0000][1][safepoint    ] Leaving safepoint region
[2020-01-13T14:06:14.202+0000][1][safepoint    ] Total time for which application threads were stopped: 0.0001584 seconds, Stopping threads took: 0.0000694 seconds
[2020-01-13T14:06:15.202+0000][1][safepoint    ] Application time: 1.0000966 seconds
[2020-01-13T14:06:15.202+0000][1][safepoint    ] Entering safepoint region: Cleanup
[2020-01-13T14:06:15.202+0000][1][safepoint    ] Leaving safepoint region
[2020-01-13T14:06:15.202+0000][1][safepoint    ] Total time for which application threads were stopped: 0.0001167 seconds, Stopping threads took: 0.0000270 seconds
[2020-01-13T14:06:16.202+0000][1][safepoint    ] Application time: 1.0000998 seconds
[2020-01-13T14:06:16.203+0000][1][safepoint    ] Entering safepoint region: Cleanup
[2020-01-13T14:06:16.203+0000][1][safepoint    ] Leaving safepoint region
[2020-01-13T14:06:16.203+0000][1][safepoint    ] Total time for which application threads were stopped: 0.0001238 seconds, Stopping threads took: 0.0000236 seconds
[2020-01-13T14:06:16.447+0000][1][safepoint    ] Application time: 0.2440327 seconds
[2020-01-13T14:06:16.447+0000][1][safepoint    ] Entering safepoint region: RevokeBias
[2020-01-13T14:06:16.447+0000][1][safepoint    ] Leaving safepoint region
[2020-01-13T14:06:16.447+0000][1][safepoint    ] Total time for which application threads were stopped: 0.0001271 seconds, Stopping threads took: 0.0000198 seconds
[2020-01-13T14:06:16.448+0000][1][safepoint    ] Application time: 0.0011581 seconds
[2020-01-13T14:06:16.448+0000][1][safepoint    ] Entering safepoint region: RevokeBias
[2020-01-13T14:06:16.448+0000][1][safepoint    ] Leaving safepoint region
[2020-01-13T14:06:16.448+0000][1][safepoint    ] Total time for which application threads were stopped: 0.0000949 seconds, Stopping threads took: 0.0000152 seconds
[2020-01-13T14:06:16.448+0000][1][safepoint    ] Application time: 0.0002292 seconds
[2020-01-13T14:06:16.448+0000][1][safepoint    ] Entering safepoint region: RevokeBias
[2020-01-13T14:06:16.448+0000][1][safepoint    ] Leaving safepoint region
[2020-01-13T14:06:16.448+0000][1][safepoint    ] Total time for which application threads were stopped: 0.0000680 seconds, Stopping threads took: 0.0000197 seconds
[2020-01-13T14:06:17.455+0000][1][safepoint    ] Application time: 1.0069424 seconds
[2020-01-13T14:06:17.455+0000][1][safepoint    ] Entering safepoint region: Cleanup
[2020-01-13T14:06:17.456+0000][1][safepoint    ] Leaving safepoint region
[2020-01-13T14:06:17.456+0000][1][safepoint    ] Total time for which application threads were stopped: 0.0001641 seconds, Stopping threads took: 0.0000286 seconds
[2020-01-13T14:06:18.456+0000][1][safepoint    ] Application time: 1.0001199 seconds
[2020-01-13T14:06:18.456+0000][1][safepoint    ] Entering safepoint region: Cleanup
[2020-01-13T14:06:18.456+0000][1][safepoint    ] Leaving safepoint region
[2020-01-13T14:06:18.456+0000][1][safepoint    ] Total time for which application threads were stopped: 0.0001072 seconds, Stopping threads took: 0.0000305 seconds
[2020-01-13T14:06:19.456+0000][1][safepoint    ] Application time: 1.0000890 seconds
[2020-01-13T14:06:19.456+0000][1][safepoint    ] Entering safepoint region: Cleanup
[2020-01-13T14:06:19.456+0000][1][safepoint    ] Leaving safepoint region
[2020-01-13T14:06:19.456+0000][1][safepoint    ] Total time for which application threads were stopped: 0.0001101 seconds, Stopping threads took: 0.0000310 seconds
[2020-01-13T14:06:20.456+0000][1][safepoint    ] Application time: 1.0000848 seconds
[2020-01-13T14:06:20.456+0000][1][safepoint    ] Entering safepoint region: Cleanup
[2020-01-13T14:06:20.456+0000][1][safepoint    ] Leaving safepoint region
[2020-01-13T14:06:20.456+0000][1][safepoint    ] Total time for which application threads were stopped: 0.0001059 seconds, Stopping threads took: 0.0000307 seconds
[2020-01-13T14:06:21.457+0000][1][safepoint    ] Application time: 1.0000976 seconds
[2020-01-13T14:06:21.457+0000][1][safepoint    ] Entering safepoint region: Cleanup
[2020-01-13T14:06:21.457+0000][1][safepoint    ] Leaving safepoint region
[2020-01-13T14:06:21.457+0000][1][safepoint    ] Total time for which application threads were stopped: 0.0001021 seconds, Stopping threads took: 0.0000299 seconds
[2020-01-13T14:06:22.457+0000][1][safepoint    ] Application time: 1.0000828 seconds
[2020-01-13T14:06:22.457+0000][1][safepoint    ] Entering safepoint region: Cleanup
[2020-01-13T14:06:22.457+0000][1][safepoint    ] Leaving safepoint region
[2020-01-13T14:06:22.457+0000][1][safepoint    ] Total time for which application threads were stopped: 0.0001043 seconds, Stopping threads took: 0.0000310 seconds
[2020-01-13T14:06:23.457+0000][1][safepoint    ] Application time: 1.0001357 seconds
[2020-01-13T14:06:23.457+0000][1][safepoint    ] Entering safepoint region: Cleanup
[2020-01-13T14:06:23.457+0000][1][safepoint    ] Leaving safepoint region
[2020-01-13T14:06:23.457+0000][1][safepoint    ] Total time for which application threads were stopped: 0.0001358 seconds, Stopping threads took: 0.0000306 seconds
[2020-01-13T14:06:24.457+0000][1][safepoint    ] Application time: 1.0001355 seconds
[2020-01-13T14:06:24.458+0000][1][safepoint    ] Entering safepoint region: Cleanup
[2020-01-13T14:06:24.458+0000][1][safepoint    ] Leaving safepoint region
[2020-01-13T14:06:24.458+0000][1][safepoint    ] Total time for which application threads were stopped: 0.0001067 seconds, Stopping threads took: 0.0000309 seconds
[2020-01-13T14:06:25.458+0000][1][safepoint    ] Application time: 1.0001564 seconds
[2020-01-13T14:06:25.458+0000][1][safepoint    ] Entering safepoint region: Cleanup
[2020-01-13T14:06:25.458+0000][1][safepoint    ] Leaving safepoint region
[2020-01-13T14:06:25.458+0000][1][safepoint    ] Total time for which application threads were stopped: 0.0001203 seconds, Stopping threads took: 0.0000322 seconds
[2020-01-13T14:06:26.458+0000][1][safepoint    ] Application time: 1.0001404 seconds
[2020-01-13T14:06:26.458+0000][1][safepoint    ] Entering safepoint region: Cleanup
[2020-01-13T14:06:26.458+0000][1][safepoint    ] Leaving safepoint region
[2020-01-13T14:06:26.458+0000][1][safepoint    ] Total time for which application threads were stopped: 0.0001366 seconds, Stopping threads took: 0.0000360 seconds
[2020-01-13T14:06:27.459+0000][1][safepoint    ] Application time: 1.0001559 seconds
[2020-01-13T14:06:27.459+0000][1][safepoint    ] Entering safepoint region: Cleanup
[2020-01-13T14:06:27.459+0000][1][safepoint    ] Leaving safepoint region
[2020-01-13T14:06:27.459+0000][1][safepoint    ] Total time for which application threads were stopped: 0.0001021 seconds, Stopping threads took: 0.0000292 seconds
[2020-01-13T14:06:28.459+0000][1][safepoint    ] Application time: 1.0001800 seconds
[2020-01-13T14:06:28.459+0000][1][safepoint    ] Entering safepoint region: Cleanup
[2020-01-13T14:06:28.459+0000][1][safepoint    ] Leaving safepoint region
[2020-01-13T14:06:28.459+0000][1][safepoint    ] Total time for which application threads were stopped: 0.0001073 seconds, Stopping threads took: 0.0000296 seconds
[2020-01-13T14:06:29.459+0000][1][safepoint    ] Application time: 1.0001241 seconds
[2020-01-13T14:06:29.459+0000][1][safepoint    ] Entering safepoint region: Cleanup
[2020-01-13T14:06:29.459+0000][1][safepoint    ] Leaving safepoint region
[2020-01-13T14:06:29.459+0000][1][safepoint    ] Total time for which application threads were stopped: 0.0001269 seconds, Stopping threads took: 0.0000287 seconds
[2020-01-13T14:06:30.459+0000][1][safepoint    ] Application time: 1.0000980 seconds
[2020-01-13T14:06:30.460+0000][1][safepoint    ] Entering safepoint region: Cleanup
[2020-01-13T14:06:30.460+0000][1][safepoint    ] Leaving safepoint region
[2020-01-13T14:06:30.460+0000][1][safepoint    ] Total time for which application threads were stopped: 0.0000943 seconds, Stopping threads took: 0.0000261 seconds
[2020-01-13T14:06:31.460+0000][1][safepoint    ] Application time: 1.0001120 seconds
[2020-01-13T14:06:31.460+0000][1][safepoint    ] Entering safepoint region: Cleanup
[2020-01-13T14:06:31.460+0000][1][safepoint    ] Leaving safepoint region
[2020-01-13T14:06:31.460+0000][1][safepoint    ] Total time for which application threads were stopped: 0.0001100 seconds, Stopping threads took: 0.0000294 seconds
[2020-01-13T14:06:32.460+0000][1][safepoint    ] Application time: 1.0001020 seconds
[2020-01-13T14:06:32.460+0000][1][safepoint    ] Entering safepoint region: Cleanup
[2020-01-13T14:06:32.460+0000][1][safepoint    ] Leaving safepoint region
[2020-01-13T14:06:32.460+0000][1][safepoint    ] Total time for which application threads were stopped: 0.0001097 seconds, Stopping threads took: 0.0000302 seconds
[2020-01-13T14:06:33.460+0000][1][safepoint    ] Application time: 1.0001323 seconds
[2020-01-13T14:06:33.460+0000][1][safepoint    ] Entering safepoint region: Cleanup
[2020-01-13T14:06:33.461+0000][1][safepoint    ] Leaving safepoint region
[2020-01-13T14:06:33.461+0000][1][safepoint    ] Total time for which application threads were stopped: 0.0001248 seconds, Stopping threads took: 0.0000330 seconds
[2020-01-13T14:06:34.461+0000][1][safepoint    ] Application time: 1.0000959 seconds
[2020-01-13T14:06:34.461+0000][1][safepoint    ] Entering safepoint region: Cleanup
[2020-01-13T14:06:34.461+0000][1][safepoint    ] Leaving safepoint region
[2020-01-13T14:06:34.461+0000][1][safepoint    ] Total time for which application threads were stopped: 0.0001095 seconds, Stopping threads took: 0.0000312 seconds
[2020-01-13T14:06:35.461+0000][1][safepoint    ] Application time: 1.0001450 seconds
[2020-01-13T14:06:35.461+0000][1][safepoint    ] Entering safepoint region: Cleanup
[2020-01-13T14:06:35.461+0000][1][safepoint    ] Leaving safepoint region
[2020-01-13T14:06:35.461+0000][1][safepoint    ] Total time for which application threads were stopped: 0.0001204 seconds, Stopping threads took: 0.0000458 seconds
[2020-01-13T14:06:36.461+0000][1][safepoint    ] Application time: 1.0001125 seconds
[2020-01-13T14:06:36.461+0000][1][safepoint    ] Entering safepoint region: Cleanup
[2020-01-13T14:06:36.461+0000][1][safepoint    ] Leaving safepoint region
[2020-01-13T14:06:36.461+0000][1][safepoint    ] Total time for which application threads were stopped: 0.0001147 seconds, Stopping threads took: 0.0000411 seconds
[2020-01-13T14:06:37.462+0000][1][safepoint    ] Application time: 1.0001179 seconds
[2020-01-13T14:06:37.462+0000][1][safepoint    ] Entering safepoint region: Cleanup
[2020-01-13T14:06:37.462+0000][1][safepoint    ] Leaving safepoint region
[2020-01-13T14:06:37.462+0000][1][safepoint    ] Total time for which application threads were stopped: 0.0001028 seconds, Stopping threads took: 0.0000289 seconds
[2020-01-13T14:06:38.462+0000][1][safepoint    ] Application time: 1.0000868 seconds
[2020-01-13T14:06:38.462+0000][1][safepoint    ] Entering safepoint region: Cleanup
[2020-01-13T14:06:38.462+0000][1][safepoint    ] Leaving safepoint region
[2020-01-13T14:06:38.462+0000][1][safepoint    ] Total time for which application threads were stopped: 0.0001001 seconds, Stopping threads took: 0.0000269 seconds
[2020-01-13T14:06:39.462+0000][1][safepoint    ] Application time: 1.0000911 seconds
[2020-01-13T14:06:39.462+0000][1][safepoint    ] Entering safepoint region: Cleanup
[2020-01-13T14:06:39.462+0000][1][safepoint    ] Leaving safepoint region
[2020-01-13T14:06:39.462+0000][1][safepoint    ] Total time for which application threads were stopped: 0.0001206 seconds, Stopping threads took: 0.0000286 seconds
[2020-01-13T14:06:40.462+0000][1][safepoint    ] Application time: 1.0001070 seconds
[2020-01-13T14:06:40.462+0000][1][safepoint    ] Entering safepoint region: Cleanup
[2020-01-13T14:06:40.463+0000][1][safepoint    ] Leaving safepoint region
[2020-01-13T14:06:40.463+0000][1][safepoint    ] Total time for which application threads were stopped: 0.0001093 seconds, Stopping threads took: 0.0000346 seconds
[2020-01-13T14:06:41.463+0000][1][safepoint    ] Application time: 1.0001028 seconds
[2020-01-13T14:06:41.463+0000][1][safepoint    ] Entering safepoint region: Cleanup
[2020-01-13T14:06:41.463+0000][1][safepoint    ] Leaving safepoint region
[2020-01-13T14:06:41.463+0000][1][safepoint    ] Total time for which application threads were stopped: 0.0001012 seconds, Stopping threads took: 0.0000286 seconds
[2020-01-13T14:06:42.463+0000][1][safepoint    ] Application time: 1.0000814 seconds
[2020-01-13T14:06:42.463+0000][1][safepoint    ] Entering safepoint region: Cleanup
[2020-01-13T14:06:42.463+0000][1][safepoint    ] Leaving safepoint region
[2020-01-13T14:06:42.463+0000][1][safepoint    ] Total time for which application threads were stopped: 0.0001008 seconds, Stopping threads took: 0.0000275 seconds
[2020-01-13T14:06:43.463+0000][1][safepoint    ] Application time: 1.0000763 seconds
[2020-01-13T14:06:43.463+0000][1][safepoint    ] Entering safepoint region: Cleanup
[2020-01-13T14:06:43.463+0000][1][safepoint    ] Leaving safepoint region
[2020-01-13T14:06:43.463+0000][1][safepoint    ] Total time for which application threads were stopped: 0.0001246 seconds, Stopping threads took: 0.0000444 seconds
[2020-01-13T14:06:43.476+0000][1][safepoint    ] Application time: 0.0121844 seconds
[2020-01-13T14:06:43.476+0000][1][safepoint    ] Entering safepoint region: RevokeBias
[2020-01-13T14:06:43.476+0000][1][safepoint    ] Leaving safepoint region
[2020-01-13T14:06:43.476+0000][1][safepoint    ] Total time for which application threads were stopped: 0.0001028 seconds, Stopping threads took: 0.0000263 seconds
[2020-01-13T14:06:43.476+0000][1][safepoint    ] Application time: 0.0000687 seconds
[2020-01-13T14:06:43.476+0000][1][safepoint    ] Entering safepoint region: RevokeBias
[2020-01-13T14:06:43.476+0000][1][safepoint    ] Leaving safepoint region
[2020-01-13T14:06:43.476+0000][1][safepoint    ] Total time for which application threads were stopped: 0.0000338 seconds, Stopping threads took: 0.0000138 seconds
[2020-01-13T14:06:43.478+0000][1][safepoint    ] Application time: 0.0026487 seconds
[2020-01-13T14:06:43.480+0000][1][safepoint    ] Entering safepoint region: RevokeBias
[2020-01-13T14:06:43.481+0000][1][safepoint    ] Leaving safepoint region
[2020-01-13T14:06:43.481+0000][1][safepoint    ] Total time for which application threads were stopped: 0.0020924 seconds, Stopping threads took: 0.0020306 seconds
[2020-01-13T14:06:43.482+0000][1][safepoint    ] Application time: 0.0015011 seconds
[2020-01-13T14:06:43.482+0000][1][safepoint    ] Entering safepoint region: RevokeBias
[2020-01-13T14:06:43.482+0000][1][safepoint    ] Leaving safepoint region
[2020-01-13T14:06:43.482+0000][1][safepoint    ] Total time for which application threads were stopped: 0.0000782 seconds, Stopping threads took: 0.0000313 seconds
[2020-01-13T14:06:43.482+0000][1][safepoint    ] Application time: 0.0002977 seconds
[2020-01-13T14:06:43.482+0000][1][safepoint    ] Entering safepoint region: RevokeBias
[2020-01-13T14:06:43.483+0000][1][safepoint    ] Leaving safepoint region
[2020-01-13T14:06:43.483+0000][1][safepoint    ] Total time for which application threads were stopped: 0.0000588 seconds, Stopping threads took: 0.0000151 seconds
[2020-01-13T14:06:43.483+0000][1][safepoint    ] Application time: 0.0002097 seconds
[2020-01-13T14:06:43.483+0000][1][safepoint    ] Entering safepoint region: RevokeBias
[2020-01-13T14:06:43.483+0000][1][safepoint    ] Leaving safepoint region
[2020-01-13T14:06:43.483+0000][1][safepoint    ] Total time for which application threads were stopped: 0.0000894 seconds, Stopping threads took: 0.0000466 seconds
[2020-01-13T14:06:43.483+0000][1][safepoint    ] Application time: 0.0001301 seconds
[2020-01-13T14:06:43.483+0000][1][safepoint    ] Entering safepoint region: RevokeBias
[2020-01-13T14:06:43.483+0000][1][safepoint    ] Leaving safepoint region
[2020-01-13T14:06:43.483+0000][1][safepoint    ] Total time for which application threads were stopped: 0.0000443 seconds, Stopping threads took: 0.0000059 seconds
[2020-01-13T14:06:43.484+0000][1][safepoint    ] Application time: 0.0009797 seconds
[2020-01-13T14:06:43.484+0000][1][safepoint    ] Entering safepoint region: RevokeBias
[2020-01-13T14:06:43.484+0000][1][safepoint    ] Leaving safepoint region
[2020-01-13T14:06:43.484+0000][1][safepoint    ] Total time for which application threads were stopped: 0.0003005 seconds, Stopping threads took: 0.0002550 seconds
[2020-01-13T14:06:43.485+0000][1][safepoint    ] Application time: 0.0002519 seconds
[2020-01-13T14:06:43.485+0000][1][safepoint    ] Entering safepoint region: RevokeBias
[2020-01-13T14:06:43.485+0000][1][safepoint    ] Leaving safepoint region
[2020-01-13T14:06:43.485+0000][1][safepoint    ] Total time for which application threads were stopped: 0.0000334 seconds, Stopping threads took: 0.0000065 seconds
[2020-01-13T14:06:43.486+0000][1][safepoint    ] Application time: 0.0017798 seconds
[2020-01-13T14:06:43.488+0000][1][safepoint    ] Entering safepoint region: RevokeBias
[2020-01-13T14:06:43.488+0000][1][safepoint    ] Leaving safepoint region
[2020-01-13T14:06:43.488+0000][1][safepoint    ] Total time for which application threads were stopped: 0.0014694 seconds, Stopping threads took: 0.0014277 seconds
[2020-01-13T14:06:43.492+0000][1][safepoint    ] Application time: 0.0038553 seconds
[2020-01-13T14:06:43.492+0000][1][safepoint    ] Entering safepoint region: RevokeBias
[2020-01-13T14:06:43.492+0000][1][safepoint    ] Leaving safepoint region
[2020-01-13T14:06:43.492+0000][1][safepoint    ] Total time for which application threads were stopped: 0.0000550 seconds, Stopping threads took: 0.0000195 seconds
[2020-01-13T14:06:43.587+0000][1][safepoint    ] Application time: 0.0954631 seconds
[2020-01-13T14:06:43.587+0000][1][safepoint    ] Entering safepoint region: RevokeBias
[2020-01-13T14:06:43.587+0000][1][safepoint    ] Leaving safepoint region
[2020-01-13T14:06:43.587+0000][1][safepoint    ] Total time for which application threads were stopped: 0.0000930 seconds, Stopping threads took: 0.0000207 seconds
[2020-01-13T14:06:43.588+0000][1][safepoint    ] Application time: 0.0006465 seconds
[2020-01-13T14:06:43.588+0000][1][safepoint    ] Entering safepoint region: RevokeBias
[2020-01-13T14:06:43.588+0000][1][safepoint    ] Leaving safepoint region
[2020-01-13T14:06:43.588+0000][1][safepoint    ] Total time for which application threads were stopped: 0.0000766 seconds, Stopping threads took: 0.0000253 seconds
[2020-01-13T14:06:43.594+0000][1][safepoint    ] Application time: 0.0056557 seconds
[2020-01-13T14:06:43.594+0000][1][safepoint    ] Entering safepoint region: RevokeBias
[2020-01-13T14:06:43.594+0000][1][safepoint    ] Leaving safepoint region
[2020-01-13T14:06:43.594+0000][1][safepoint    ] Total time for which application threads were stopped: 0.0000760 seconds, Stopping threads took: 0.0000140 seconds
[2020-01-13T14:06:43.596+0000][1][safepoint    ] Application time: 0.0022853 seconds
[2020-01-13T14:06:43.596+0000][1][safepoint    ] Entering safepoint region: RevokeBias
[2020-01-13T14:06:43.596+0000][1][safepoint    ] Leaving safepoint region
[2020-01-13T14:06:43.596+0000][1][safepoint    ] Total time for which application threads were stopped: 0.0000544 seconds, Stopping threads took: 0.0000126 seconds
[2020-01-13T14:06:43.597+0000][1][safepoint    ] Application time: 0.0001374 seconds
[2020-01-13T14:06:43.597+0000][1][safepoint    ] Entering safepoint region: RevokeBias
[2020-01-13T14:06:43.597+0000][1][safepoint    ] Leaving safepoint region
[2020-01-13T14:06:43.597+0000][1][safepoint    ] Total time for which application threads were stopped: 0.0000415 seconds, Stopping threads took: 0.0000096 seconds
[2020-01-13T14:06:43.597+0000][1][safepoint    ] Application time: 0.0009285 seconds
[2020-01-13T14:06:43.598+0000][1][safepoint    ] Entering safepoint region: RevokeBias
[2020-01-13T14:06:43.598+0000][1][safepoint    ] Leaving safepoint region
[2020-01-13T14:06:43.598+0000][1][safepoint    ] Total time for which application threads were stopped: 0.0005683 seconds, Stopping threads took: 0.0005354 seconds
[2020-01-13T14:06:43.598+0000][1][safepoint    ] Application time: 0.0000494 seconds
[2020-01-13T14:06:43.598+0000][1][safepoint    ] Entering safepoint region: RevokeBias
[2020-01-13T14:06:43.598+0000][1][safepoint    ] Leaving safepoint region
[2020-01-13T14:06:43.598+0000][1][safepoint    ] Total time for which application threads were stopped: 0.0000240 seconds, Stopping threads took: 0.0000065 seconds
[2020-01-13T14:06:43.599+0000][1][safepoint    ] Application time: 0.0008838 seconds
[2020-01-13T14:06:43.599+0000][1][safepoint    ] Entering safepoint region: RevokeBias
[2020-01-13T14:06:43.599+0000][1][safepoint    ] Leaving safepoint region
[2020-01-13T14:06:43.599+0000][1][safepoint    ] Total time for which application threads were stopped: 0.0000443 seconds, Stopping threads took: 0.0000173 seconds
[2020-01-13T14:06:43.602+0000][1][safepoint    ] Application time: 0.0025606 seconds
[2020-01-13T14:06:43.602+0000][1][safepoint    ] Entering safepoint region: RevokeBias
[2020-01-13T14:06:43.602+0000][1][safepoint    ] Leaving safepoint region
[2020-01-13T14:06:43.602+0000][1][safepoint    ] Total time for which application threads were stopped: 0.0000637 seconds, Stopping threads took: 0.0000187 seconds
[2020-01-13T14:06:43.602+0000][1][safepoint    ] Application time: 0.0005082 seconds
[2020-01-13T14:06:43.602+0000][1][safepoint    ] Entering safepoint region: RevokeBias
[2020-01-13T14:06:43.602+0000][1][safepoint    ] Leaving safepoint region
[2020-01-13T14:06:43.602+0000][1][safepoint    ] Total time for which application threads were stopped: 0.0000676 seconds, Stopping threads took: 0.0000212 seconds
[2020-01-13T14:06:43.603+0000][1][safepoint    ] Application time: 0.0007499 seconds
[2020-01-13T14:06:43.605+0000][1][safepoint    ] Entering safepoint region: RevokeBias
[2020-01-13T14:06:43.605+0000][1][safepoint    ] Leaving safepoint region
[2020-01-13T14:06:43.605+0000][1][safepoint    ] Total time for which application threads were stopped: 0.0020438 seconds, Stopping threads took: 0.0020122 seconds
[2020-01-13T14:06:43.606+0000][1][safepoint    ] Application time: 0.0003761 seconds
[2020-01-13T14:06:43.606+0000][1][safepoint    ] Entering safepoint region: RevokeBias
[2020-01-13T14:06:43.606+0000][1][safepoint    ] Leaving safepoint region
[2020-01-13T14:06:43.606+0000][1][safepoint    ] Total time for which application threads were stopped: 0.0000371 seconds, Stopping threads took: 0.0000136 seconds
[2020-01-13T14:06:43.607+0000][1][safepoint    ] Application time: 0.0016539 seconds
[2020-01-13T14:06:43.607+0000][1][safepoint    ] Entering safepoint region: RevokeBias
[2020-01-13T14:06:43.607+0000][1][safepoint    ] Leaving safepoint region
[2020-01-13T14:06:43.607+0000][1][safepoint    ] Total time for which application threads were stopped: 0.0000941 seconds, Stopping threads took: 0.0000641 seconds
[2020-01-13T14:06:43.632+0000][1][safepoint    ] Application time: 0.0242598 seconds
[2020-01-13T14:06:43.636+0000][1][safepoint    ] Entering safepoint region: RevokeBias
[2020-01-13T14:06:43.636+0000][1][safepoint    ] Leaving safepoint region
[2020-01-13T14:06:43.636+0000][1][safepoint    ] Total time for which application threads were stopped: 0.0040513 seconds, Stopping threads took: 0.0039840 seconds
[2020-01-13T14:06:43.637+0000][1][safepoint    ] Application time: 0.0012001 seconds
[2020-01-13T14:06:43.637+0000][1][safepoint    ] Entering safepoint region: RevokeBias
[2020-01-13T14:06:43.637+0000][1][safepoint    ] Leaving safepoint region
[2020-01-13T14:06:43.637+0000][1][safepoint    ] Total time for which application threads were stopped: 0.0000827 seconds, Stopping threads took: 0.0000367 seconds
[2020-01-13T14:06:43.638+0000][1][safepoint    ] Application time: 0.0007039 seconds
[2020-01-13T14:06:43.638+0000][1][safepoint    ] Entering safepoint region: RevokeBias
[2020-01-13T14:06:43.638+0000][1][safepoint    ] Leaving safepoint region
[2020-01-13T14:06:43.638+0000][1][safepoint    ] Total time for which application threads were stopped: 0.0000606 seconds, Stopping threads took: 0.0000196 seconds
[2020-01-13T14:06:43.639+0000][1][safepoint    ] Application time: 0.0006720 seconds
[2020-01-13T14:06:43.639+0000][1][safepoint    ] Entering safepoint region: BulkRevokeBias
[2020-01-13T14:06:43.639+0000][1][safepoint    ] Leaving safepoint region
[2020-01-13T14:06:43.639+0000][1][safepoint    ] Total time for which application threads were stopped: 0.0001830 seconds, Stopping threads took: 0.0000171 seconds
[2020-01-13T14:06:43.639+0000][1][safepoint    ] Application time: 0.0003354 seconds
[2020-01-13T14:06:43.639+0000][1][safepoint    ] Entering safepoint region: RevokeBias
[2020-01-13T14:06:43.639+0000][1][safepoint    ] Leaving safepoint region
[2020-01-13T14:06:43.639+0000][1][safepoint    ] Total time for which application threads were stopped: 0.0000562 seconds, Stopping threads took: 0.0000186 seconds
[2020-01-13T14:06:43.640+0000][1][safepoint    ] Application time: 0.0005695 seconds
[2020-01-13T14:06:43.640+0000][1][safepoint    ] Entering safepoint region: RevokeBias
[2020-01-13T14:06:43.640+0000][1][safepoint    ] Leaving safepoint region
[2020-01-13T14:06:43.640+0000][1][safepoint    ] Total time for which application threads were stopped: 0.0000442 seconds, Stopping threads took: 0.0000173 seconds
[2020-01-13T14:06:43.640+0000][1][safepoint    ] Application time: 0.0001731 seconds
[2020-01-13T14:06:43.640+0000][1][safepoint    ] Entering safepoint region: RevokeBias
[2020-01-13T14:06:43.640+0000][1][safepoint    ] Leaving safepoint region
[2020-01-13T14:06:43.640+0000][1][safepoint    ] Total time for which application threads were stopped: 0.0000377 seconds, Stopping threads took: 0.0000189 seconds
[2020-01-13T14:06:43.650+0000][1][safepoint    ] Application time: 0.0094775 seconds
[2020-01-13T14:06:43.650+0000][1][safepoint    ] Entering safepoint region: RevokeBias
[2020-01-13T14:06:43.650+0000][1][safepoint    ] Leaving safepoint region
[2020-01-13T14:06:43.650+0000][1][safepoint    ] Total time for which application threads were stopped: 0.0000392 seconds, Stopping threads took: 0.0000167 seconds
[2020-01-13T14:06:43.650+0000][1][safepoint    ] Application time: 0.0001369 seconds
[2020-01-13T14:06:43.650+0000][1][safepoint    ] Entering safepoint region: RevokeBias
[2020-01-13T14:06:43.650+0000][1][safepoint    ] Leaving safepoint region
[2020-01-13T14:06:43.650+0000][1][safepoint    ] Total time for which application threads were stopped: 0.0000291 seconds, Stopping threads took: 0.0000116 seconds
[2020-01-13T14:06:43.656+0000][1][safepoint    ] Application time: 0.0060716 seconds
[2020-01-13T14:06:43.656+0000][1][safepoint    ] Entering safepoint region: RevokeBias
[2020-01-13T14:06:43.656+0000][1][safepoint    ] Leaving safepoint region
[2020-01-13T14:06:43.656+0000][1][safepoint    ] Total time for which application threads were stopped: 0.0000767 seconds, Stopping threads took: 0.0000336 seconds
[2020-01-13T14:06:43.661+0000][1][gc,heap,exit ] Heap
[2020-01-13T14:06:43.661+0000][1][gc,heap,exit ]  par new generation   total 76672K, used 59257K [0x00000000f0000000, 0x00000000f5330000, 0x00000000f5330000)
[2020-01-13T14:06:43.661+0000][1][gc,heap,exit ]   eden space 68160K,  86% used [0x00000000f0000000, 0x00000000f39bd908, 0x00000000f4290000)
[2020-01-13T14:06:43.661+0000][1][gc,heap,exit ]   from space 8512K,   1% used [0x00000000f4290000, 0x00000000f42b0b00, 0x00000000f4ae0000)
[2020-01-13T14:06:43.661+0000][1][gc,heap,exit ]   to   space 8512K,   0% used [0x00000000f4ae0000, 0x00000000f4ae0000, 0x00000000f5330000)
[2020-01-13T14:06:43.661+0000][1][gc,heap,exit ]  concurrent mark-sweep generation total 176960K, used 66361K [0x00000000f5330000, 0x0000000100000000, 0x0000000100000000)
[2020-01-13T14:06:43.661+0000][1][gc,heap,exit ]  Metaspace       used 72714K, capacity 77780K, committed 78048K, reserved 1116160K
[2020-01-13T14:06:43.661+0000][1][gc,heap,exit ]   class space    used 9642K, capacity 11761K, committed 11804K, reserved 1048576K
[2020-01-13T14:06:43.661+0000][1][safepoint    ] Application time: 0.0051795 seconds
[2020-01-13T14:06:43.661+0000][1][safepoint    ] Entering safepoint region: Exit
