[2020-01-13T14:06:44.498+0000][1][gc] Using Concurrent Mark Sweep
[2020-01-13T14:06:44.498+0000][1][gc,heap,coops] Heap address: 0x00000000f0000000, size: 256 MB, Compressed Oops mode: 32-bit
[2020-01-13T14:06:44.566+0000][1][safepoint    ] Entering safepoint region: EnableBiasedLocking
[2020-01-13T14:06:44.566+0000][1][safepoint    ] Leaving safepoint region
[2020-01-13T14:06:44.566+0000][1][safepoint    ] Total time for which application threads were stopped: 0.0021320 seconds, Stopping threads took: 0.0020613 seconds
[2020-01-13T14:06:44.572+0000][1][safepoint    ] Application time: 0.0060134 seconds
[2020-01-13T14:06:44.572+0000][1][safepoint    ] Entering safepoint region: RevokeBias
[2020-01-13T14:06:44.572+0000][1][safepoint    ] Leaving safepoint region
[2020-01-13T14:06:44.572+0000][1][safepoint    ] Total time for which application threads were stopped: 0.0000668 seconds, Stopping threads took: 0.0000193 seconds
[2020-01-13T14:06:44.593+0000][1][safepoint    ] Application time: 0.0207513 seconds
[2020-01-13T14:06:44.593+0000][1][safepoint    ] Entering safepoint region: Deoptimize
[2020-01-13T14:06:44.593+0000][1][safepoint    ] Leaving safepoint region
[2020-01-13T14:06:44.593+0000][1][safepoint    ] Total time for which application threads were stopped: 0.0000651 seconds, Stopping threads took: 0.0000226 seconds
[2020-01-13T14:06:44.792+0000][1][safepoint    ] Application time: 0.1983011 seconds
[2020-01-13T14:06:44.792+0000][1][safepoint    ] Entering safepoint region: Deoptimize
[2020-01-13T14:06:44.792+0000][1][safepoint    ] Leaving safepoint region
[2020-01-13T14:06:44.792+0000][1][safepoint    ] Total time for which application threads were stopped: 0.0007285 seconds, Stopping threads took: 0.0006196 seconds
[2020-01-13T14:06:45.330+0000][1][safepoint    ] Application time: 0.5375168 seconds
[2020-01-13T14:06:45.331+0000][1][safepoint    ] Entering safepoint region: Deoptimize
[2020-01-13T14:06:45.332+0000][1][safepoint    ] Leaving safepoint region
[2020-01-13T14:06:45.332+0000][1][safepoint    ] Total time for which application threads were stopped: 0.0015719 seconds, Stopping threads took: 0.0013426 seconds
[2020-01-13T14:06:45.389+0000][1][safepoint    ] Application time: 0.0575562 seconds
[2020-01-13T14:06:45.389+0000][1][safepoint    ] Entering safepoint region: Deoptimize
[2020-01-13T14:06:45.389+0000][1][safepoint    ] Leaving safepoint region
[2020-01-13T14:06:45.389+0000][1][safepoint    ] Total time for which application threads were stopped: 0.0001981 seconds, Stopping threads took: 0.0000203 seconds
[2020-01-13T14:06:45.438+0000][1][safepoint    ] Application time: 0.0483097 seconds
[2020-01-13T14:06:45.438+0000][1][safepoint    ] Entering safepoint region: Deoptimize
[2020-01-13T14:06:45.438+0000][1][safepoint    ] Leaving safepoint region
[2020-01-13T14:06:45.438+0000][1][safepoint    ] Total time for which application threads were stopped: 0.0001852 seconds, Stopping threads took: 0.0000170 seconds
[2020-01-13T14:06:45.464+0000][1][safepoint    ] Application time: 0.0264109 seconds
[2020-01-13T14:06:45.464+0000][1][safepoint    ] Entering safepoint region: Deoptimize
[2020-01-13T14:06:45.464+0000][1][safepoint    ] Leaving safepoint region
[2020-01-13T14:06:45.465+0000][1][safepoint    ] Total time for which application threads were stopped: 0.0001832 seconds, Stopping threads took: 0.0000193 seconds
[2020-01-13T14:06:46.225+0000][1][safepoint    ] Application time: 0.7601347 seconds
[2020-01-13T14:06:46.225+0000][1][safepoint    ] Entering safepoint region: Deoptimize
[2020-01-13T14:06:46.225+0000][1][safepoint    ] Leaving safepoint region
[2020-01-13T14:06:46.225+0000][1][safepoint    ] Total time for which application threads were stopped: 0.0003040 seconds, Stopping threads took: 0.0000202 seconds
[2020-01-13T14:06:46.830+0000][1][safepoint    ] Application time: 0.6047690 seconds
[2020-01-13T14:06:46.830+0000][1][safepoint    ] Entering safepoint region: Deoptimize
[2020-01-13T14:06:46.830+0000][1][safepoint    ] Leaving safepoint region
[2020-01-13T14:06:46.830+0000][1][safepoint    ] Total time for which application threads were stopped: 0.0003952 seconds, Stopping threads took: 0.0000176 seconds
[2020-01-13T14:06:47.054+0000][1][safepoint    ] Application time: 0.2236206 seconds
[2020-01-13T14:06:47.056+0000][1][safepoint    ] Entering safepoint region: Deoptimize
[2020-01-13T14:06:47.056+0000][1][safepoint    ] Leaving safepoint region
[2020-01-13T14:06:47.056+0000][1][safepoint    ] Total time for which application threads were stopped: 0.0025090 seconds, Stopping threads took: 0.0021629 seconds
[2020-01-13T14:06:47.056+0000][1][safepoint    ] Application time: 0.0001111 seconds
[2020-01-13T14:06:47.057+0000][1][safepoint    ] Entering safepoint region: Deoptimize
[2020-01-13T14:06:47.057+0000][1][safepoint    ] Leaving safepoint region
[2020-01-13T14:06:47.057+0000][1][safepoint    ] Total time for which application threads were stopped: 0.0001180 seconds, Stopping threads took: 0.0000119 seconds
[2020-01-13T14:06:47.101+0000][1][safepoint    ] Application time: 0.0440077 seconds
[2020-01-13T14:06:47.101+0000][1][safepoint    ] Entering safepoint region: Deoptimize
[2020-01-13T14:06:47.101+0000][1][safepoint    ] Leaving safepoint region
[2020-01-13T14:06:47.101+0000][1][safepoint    ] Total time for which application threads were stopped: 0.0002945 seconds, Stopping threads took: 0.0000201 seconds
[2020-01-13T14:06:47.114+0000][1][safepoint    ] Application time: 0.0127385 seconds
[2020-01-13T14:06:47.114+0000][1][safepoint    ] Entering safepoint region: Deoptimize
[2020-01-13T14:06:47.114+0000][1][safepoint    ] Leaving safepoint region
[2020-01-13T14:06:47.114+0000][1][safepoint    ] Total time for which application threads were stopped: 0.0003263 seconds, Stopping threads took: 0.0000204 seconds
[2020-01-13T14:06:47.135+0000][1][safepoint    ] Application time: 0.0206186 seconds
[2020-01-13T14:06:47.135+0000][1][safepoint    ] Entering safepoint region: RevokeBias
[2020-01-13T14:06:47.135+0000][1][safepoint    ] Leaving safepoint region
[2020-01-13T14:06:47.135+0000][1][safepoint    ] Total time for which application threads were stopped: 0.0000996 seconds, Stopping threads took: 0.0000257 seconds
[2020-01-13T14:06:47.135+0000][1][safepoint    ] Application time: 0.0004476 seconds
[2020-01-13T14:06:47.137+0000][1][safepoint    ] Entering safepoint region: RevokeBias
[2020-01-13T14:06:47.137+0000][1][safepoint    ] Leaving safepoint region
[2020-01-13T14:06:47.137+0000][1][safepoint    ] Total time for which application threads were stopped: 0.0013660 seconds, Stopping threads took: 0.0013132 seconds
[2020-01-13T14:06:47.137+0000][1][safepoint    ] Application time: 0.0000558 seconds
[2020-01-13T14:06:47.137+0000][1][safepoint    ] Entering safepoint region: RevokeBias
[2020-01-13T14:06:47.137+0000][1][safepoint    ] Leaving safepoint region
[2020-01-13T14:06:47.137+0000][1][safepoint    ] Total time for which application threads were stopped: 0.0000331 seconds, Stopping threads took: 0.0000109 seconds
[2020-01-13T14:06:47.137+0000][1][safepoint    ] Application time: 0.0001027 seconds
[2020-01-13T14:06:47.137+0000][1][safepoint    ] Entering safepoint region: RevokeBias
[2020-01-13T14:06:47.137+0000][1][safepoint    ] Leaving safepoint region
[2020-01-13T14:06:47.137+0000][1][safepoint    ] Total time for which application threads were stopped: 0.0000361 seconds, Stopping threads took: 0.0000114 seconds
[2020-01-13T14:06:47.146+0000][1][safepoint    ] Application time: 0.0089169 seconds
[2020-01-13T14:06:47.146+0000][1][safepoint    ] Entering safepoint region: Deoptimize
[2020-01-13T14:06:47.146+0000][1][safepoint    ] Leaving safepoint region
[2020-01-13T14:06:47.146+0000][1][safepoint    ] Total time for which application threads were stopped: 0.0003086 seconds, Stopping threads took: 0.0000192 seconds
[2020-01-13T14:06:47.371+0000][1][safepoint    ] Application time: 0.2247826 seconds
[2020-01-13T14:06:47.371+0000][1][safepoint    ] Entering safepoint region: GenCollectForAllocation
[2020-01-13T14:06:47.371+0000][1][gc,start     ] GC(0) Pause Young (Allocation Failure)
[2020-01-13T14:06:47.371+0000][1][gc,task      ] GC(0) Using 1 workers of 1 for evacuation
[2020-01-13T14:06:47.387+0000][1][gc,age       ] GC(0) Desired survivor size 4358144 bytes, new threshold 1 (max threshold 6)
[2020-01-13T14:06:47.387+0000][1][gc,age       ] GC(0) Age table with threshold 1 (max threshold 6)
[2020-01-13T14:06:47.387+0000][1][gc,age       ] GC(0) - age   1:    6334520 bytes,    6334520 total
[2020-01-13T14:06:47.387+0000][1][gc,heap      ] GC(0) ParNew: 68160K->6215K(76672K)
[2020-01-13T14:06:47.387+0000][1][gc,heap      ] GC(0) CMS: 0K->0K(176960K)
[2020-01-13T14:06:47.387+0000][1][gc,metaspace ] GC(0) Metaspace: 12236K->12236K(1060864K)
[2020-01-13T14:06:47.387+0000][1][gc           ] GC(0) Pause Young (Allocation Failure) 66M->6M(247M) 16.285ms
[2020-01-13T14:06:47.387+0000][1][gc,cpu       ] GC(0) User=0.01s Sys=0.00s Real=0.02s
[2020-01-13T14:06:47.387+0000][1][safepoint    ] Leaving safepoint region
[2020-01-13T14:06:47.387+0000][1][safepoint    ] Total time for which application threads were stopped: 0.0164491 seconds, Stopping threads took: 0.0000345 seconds
[2020-01-13T14:06:47.399+0000][1][safepoint    ] Application time: 0.0118205 seconds
[2020-01-13T14:06:47.402+0000][1][safepoint    ] Entering safepoint region: RevokeBias
[2020-01-13T14:06:47.402+0000][1][safepoint    ] Leaving safepoint region
[2020-01-13T14:06:47.402+0000][1][safepoint    ] Total time for which application threads were stopped: 0.0025288 seconds, Stopping threads took: 0.0024226 seconds
[2020-01-13T14:06:47.403+0000][1][safepoint    ] Application time: 0.0015026 seconds
[2020-01-13T14:06:47.403+0000][1][safepoint    ] Entering safepoint region: RevokeBias
[2020-01-13T14:06:47.403+0000][1][safepoint    ] Leaving safepoint region
[2020-01-13T14:06:47.403+0000][1][safepoint    ] Total time for which application threads were stopped: 0.0000738 seconds, Stopping threads took: 0.0000080 seconds
[2020-01-13T14:06:47.403+0000][1][safepoint    ] Application time: 0.0000313 seconds
[2020-01-13T14:06:47.403+0000][1][safepoint    ] Entering safepoint region: RevokeBias
[2020-01-13T14:06:47.404+0000][1][safepoint    ] Leaving safepoint region
[2020-01-13T14:06:47.404+0000][1][safepoint    ] Total time for which application threads were stopped: 0.0000328 seconds, Stopping threads took: 0.0000042 seconds
[2020-01-13T14:06:47.404+0000][1][safepoint    ] Application time: 0.0000121 seconds
[2020-01-13T14:06:47.404+0000][1][safepoint    ] Entering safepoint region: RevokeBias
[2020-01-13T14:06:47.404+0000][1][safepoint    ] Leaving safepoint region
[2020-01-13T14:06:47.404+0000][1][safepoint    ] Total time for which application threads were stopped: 0.0000293 seconds, Stopping threads took: 0.0000041 seconds
[2020-01-13T14:06:47.404+0000][1][safepoint    ] Application time: 0.0000142 seconds
[2020-01-13T14:06:47.404+0000][1][safepoint    ] Entering safepoint region: RevokeBias
[2020-01-13T14:06:47.404+0000][1][safepoint    ] Leaving safepoint region
[2020-01-13T14:06:47.404+0000][1][safepoint    ] Total time for which application threads were stopped: 0.0000291 seconds, Stopping threads took: 0.0000039 seconds
[2020-01-13T14:06:47.404+0000][1][safepoint    ] Application time: 0.0000116 seconds
[2020-01-13T14:06:47.404+0000][1][safepoint    ] Entering safepoint region: RevokeBias
[2020-01-13T14:06:47.404+0000][1][safepoint    ] Leaving safepoint region
[2020-01-13T14:06:47.404+0000][1][safepoint    ] Total time for which application threads were stopped: 0.0000288 seconds, Stopping threads took: 0.0000039 seconds
[2020-01-13T14:06:47.404+0000][1][safepoint    ] Application time: 0.0000141 seconds
[2020-01-13T14:06:47.404+0000][1][safepoint    ] Entering safepoint region: RevokeBias
[2020-01-13T14:06:47.404+0000][1][safepoint    ] Leaving safepoint region
[2020-01-13T14:06:47.404+0000][1][safepoint    ] Total time for which application threads were stopped: 0.0000290 seconds, Stopping threads took: 0.0000039 seconds
[2020-01-13T14:06:47.404+0000][1][safepoint    ] Application time: 0.0000117 seconds
[2020-01-13T14:06:47.404+0000][1][safepoint    ] Entering safepoint region: RevokeBias
[2020-01-13T14:06:47.404+0000][1][safepoint    ] Leaving safepoint region
[2020-01-13T14:06:47.404+0000][1][safepoint    ] Total time for which application threads were stopped: 0.0000388 seconds, Stopping threads took: 0.0000135 seconds
[2020-01-13T14:06:47.404+0000][1][safepoint    ] Application time: 0.0000145 seconds
[2020-01-13T14:06:47.404+0000][1][safepoint    ] Entering safepoint region: RevokeBias
[2020-01-13T14:06:47.404+0000][1][safepoint    ] Leaving safepoint region
[2020-01-13T14:06:47.404+0000][1][safepoint    ] Total time for which application threads were stopped: 0.0000291 seconds, Stopping threads took: 0.0000039 seconds
[2020-01-13T14:06:47.404+0000][1][safepoint    ] Application time: 0.0000117 seconds
[2020-01-13T14:06:47.404+0000][1][safepoint    ] Entering safepoint region: RevokeBias
[2020-01-13T14:06:47.404+0000][1][safepoint    ] Leaving safepoint region
[2020-01-13T14:06:47.404+0000][1][safepoint    ] Total time for which application threads were stopped: 0.0000286 seconds, Stopping threads took: 0.0000039 seconds
[2020-01-13T14:06:47.404+0000][1][safepoint    ] Application time: 0.0000139 seconds
[2020-01-13T14:06:47.404+0000][1][safepoint    ] Entering safepoint region: RevokeBias
[2020-01-13T14:06:47.404+0000][1][safepoint    ] Leaving safepoint region
[2020-01-13T14:06:47.404+0000][1][safepoint    ] Total time for which application threads were stopped: 0.0000290 seconds, Stopping threads took: 0.0000040 seconds
[2020-01-13T14:06:47.404+0000][1][safepoint    ] Application time: 0.0000116 seconds
[2020-01-13T14:06:47.404+0000][1][safepoint    ] Entering safepoint region: RevokeBias
[2020-01-13T14:06:47.404+0000][1][safepoint    ] Leaving safepoint region
[2020-01-13T14:06:47.404+0000][1][safepoint    ] Total time for which application threads were stopped: 0.0000287 seconds, Stopping threads took: 0.0000039 seconds
[2020-01-13T14:06:47.404+0000][1][safepoint    ] Application time: 0.0000136 seconds
[2020-01-13T14:06:47.404+0000][1][safepoint    ] Entering safepoint region: RevokeBias
[2020-01-13T14:06:47.404+0000][1][safepoint    ] Leaving safepoint region
[2020-01-13T14:06:47.404+0000][1][safepoint    ] Total time for which application threads were stopped: 0.0000289 seconds, Stopping threads took: 0.0000039 seconds
[2020-01-13T14:06:47.404+0000][1][safepoint    ] Application time: 0.0000116 seconds
[2020-01-13T14:06:47.404+0000][1][safepoint    ] Entering safepoint region: RevokeBias
[2020-01-13T14:06:47.404+0000][1][safepoint    ] Leaving safepoint region
[2020-01-13T14:06:47.404+0000][1][safepoint    ] Total time for which application threads were stopped: 0.0000287 seconds, Stopping threads took: 0.0000039 seconds
[2020-01-13T14:06:47.404+0000][1][safepoint    ] Application time: 0.0000268 seconds
[2020-01-13T14:06:47.404+0000][1][safepoint    ] Entering safepoint region: RevokeBias
[2020-01-13T14:06:47.404+0000][1][safepoint    ] Leaving safepoint region
[2020-01-13T14:06:47.404+0000][1][safepoint    ] Total time for which application threads were stopped: 0.0000290 seconds, Stopping threads took: 0.0000040 seconds
[2020-01-13T14:06:47.404+0000][1][safepoint    ] Application time: 0.0000119 seconds
[2020-01-13T14:06:47.404+0000][1][safepoint    ] Entering safepoint region: RevokeBias
[2020-01-13T14:06:47.404+0000][1][safepoint    ] Leaving safepoint region
[2020-01-13T14:06:47.404+0000][1][safepoint    ] Total time for which application threads were stopped: 0.0000286 seconds, Stopping threads took: 0.0000039 seconds
[2020-01-13T14:06:47.404+0000][1][safepoint    ] Application time: 0.0000141 seconds
[2020-01-13T14:06:47.404+0000][1][safepoint    ] Entering safepoint region: RevokeBias
[2020-01-13T14:06:47.404+0000][1][safepoint    ] Leaving safepoint region
[2020-01-13T14:06:47.404+0000][1][safepoint    ] Total time for which application threads were stopped: 0.0000390 seconds, Stopping threads took: 0.0000039 seconds
[2020-01-13T14:06:47.404+0000][1][safepoint    ] Application time: 0.0000122 seconds
[2020-01-13T14:06:47.404+0000][1][safepoint    ] Entering safepoint region: RevokeBias
[2020-01-13T14:06:47.404+0000][1][safepoint    ] Leaving safepoint region
[2020-01-13T14:06:47.404+0000][1][safepoint    ] Total time for which application threads were stopped: 0.0000349 seconds, Stopping threads took: 0.0000086 seconds
[2020-01-13T14:06:47.404+0000][1][safepoint    ] Application time: 0.0000150 seconds
[2020-01-13T14:06:47.404+0000][1][safepoint    ] Entering safepoint region: RevokeBias
[2020-01-13T14:06:47.404+0000][1][safepoint    ] Leaving safepoint region
[2020-01-13T14:06:47.404+0000][1][safepoint    ] Total time for which application threads were stopped: 0.0000290 seconds, Stopping threads took: 0.0000040 seconds
[2020-01-13T14:06:47.404+0000][1][safepoint    ] Application time: 0.0000117 seconds
[2020-01-13T14:06:47.404+0000][1][safepoint    ] Entering safepoint region: RevokeBias
[2020-01-13T14:06:47.404+0000][1][safepoint    ] Leaving safepoint region
[2020-01-13T14:06:47.404+0000][1][safepoint    ] Total time for which application threads were stopped: 0.0000287 seconds, Stopping threads took: 0.0000040 seconds
[2020-01-13T14:06:47.405+0000][1][safepoint    ] Application time: 0.0008807 seconds
[2020-01-13T14:06:47.406+0000][1][safepoint    ] Entering safepoint region: RevokeBias
[2020-01-13T14:06:47.407+0000][1][safepoint    ] Leaving safepoint region
[2020-01-13T14:06:47.407+0000][1][safepoint    ] Total time for which application threads were stopped: 0.0012461 seconds, Stopping threads took: 0.0011782 seconds
[2020-01-13T14:06:47.407+0000][1][safepoint    ] Application time: 0.0000262 seconds
[2020-01-13T14:06:47.407+0000][1][safepoint    ] Entering safepoint region: RevokeBias
[2020-01-13T14:06:47.407+0000][1][safepoint    ] Leaving safepoint region
[2020-01-13T14:06:47.407+0000][1][safepoint    ] Total time for which application threads were stopped: 0.0000274 seconds, Stopping threads took: 0.0000056 seconds
[2020-01-13T14:06:47.407+0000][1][safepoint    ] Application time: 0.0000282 seconds
[2020-01-13T14:06:47.407+0000][1][safepoint    ] Entering safepoint region: RevokeBias
[2020-01-13T14:06:47.407+0000][1][safepoint    ] Leaving safepoint region
[2020-01-13T14:06:47.407+0000][1][safepoint    ] Total time for which application threads were stopped: 0.0000233 seconds, Stopping threads took: 0.0000048 seconds
[2020-01-13T14:06:47.407+0000][1][safepoint    ] Application time: 0.0000142 seconds
[2020-01-13T14:06:47.407+0000][1][safepoint    ] Entering safepoint region: RevokeBias
[2020-01-13T14:06:47.407+0000][1][safepoint    ] Leaving safepoint region
[2020-01-13T14:06:47.407+0000][1][safepoint    ] Total time for which application threads were stopped: 0.0000223 seconds, Stopping threads took: 0.0000048 seconds
[2020-01-13T14:06:47.407+0000][1][safepoint    ] Application time: 0.0002633 seconds
[2020-01-13T14:06:47.407+0000][1][safepoint    ] Entering safepoint region: RevokeBias
[2020-01-13T14:06:47.407+0000][1][safepoint    ] Leaving safepoint region
[2020-01-13T14:06:47.407+0000][1][safepoint    ] Total time for which application threads were stopped: 0.0000269 seconds, Stopping threads took: 0.0000052 seconds
[2020-01-13T14:06:47.407+0000][1][safepoint    ] Application time: 0.0000157 seconds
[2020-01-13T14:06:47.407+0000][1][safepoint    ] Entering safepoint region: RevokeBias
[2020-01-13T14:06:47.407+0000][1][safepoint    ] Leaving safepoint region
[2020-01-13T14:06:47.407+0000][1][safepoint    ] Total time for which application threads were stopped: 0.0000225 seconds, Stopping threads took: 0.0000047 seconds
[2020-01-13T14:06:47.407+0000][1][safepoint    ] Application time: 0.0000237 seconds
[2020-01-13T14:06:47.407+0000][1][safepoint    ] Entering safepoint region: RevokeBias
[2020-01-13T14:06:47.407+0000][1][safepoint    ] Leaving safepoint region
[2020-01-13T14:06:47.407+0000][1][safepoint    ] Total time for which application threads were stopped: 0.0000229 seconds, Stopping threads took: 0.0000046 seconds
[2020-01-13T14:06:47.407+0000][1][safepoint    ] Application time: 0.0000139 seconds
[2020-01-13T14:06:47.407+0000][1][safepoint    ] Entering safepoint region: RevokeBias
[2020-01-13T14:06:47.407+0000][1][safepoint    ] Leaving safepoint region
[2020-01-13T14:06:47.407+0000][1][safepoint    ] Total time for which application threads were stopped: 0.0000311 seconds, Stopping threads took: 0.0000133 seconds
[2020-01-13T14:06:47.790+0000][1][safepoint    ] Application time: 0.3825435 seconds
[2020-01-13T14:06:47.790+0000][1][safepoint    ] Entering safepoint region: Deoptimize
[2020-01-13T14:06:47.790+0000][1][safepoint    ] Leaving safepoint region
[2020-01-13T14:06:47.790+0000][1][safepoint    ] Total time for which application threads were stopped: 0.0005677 seconds, Stopping threads took: 0.0000306 seconds
[2020-01-13T14:06:48.060+0000][1][safepoint    ] Application time: 0.2698132 seconds
[2020-01-13T14:06:48.060+0000][1][safepoint    ] Entering safepoint region: RevokeBias
[2020-01-13T14:06:48.060+0000][1][safepoint    ] Leaving safepoint region
[2020-01-13T14:06:48.060+0000][1][safepoint    ] Total time for which application threads were stopped: 0.0001524 seconds, Stopping threads took: 0.0000312 seconds
[2020-01-13T14:06:48.301+0000][1][safepoint    ] Application time: 0.2409796 seconds
[2020-01-13T14:06:48.301+0000][1][safepoint    ] Entering safepoint region: GenCollectForAllocation
[2020-01-13T14:06:48.302+0000][1][gc,start     ] GC(1) Pause Young (Allocation Failure)
[2020-01-13T14:06:48.302+0000][1][gc,task      ] GC(1) Using 1 workers of 1 for evacuation
[2020-01-13T14:06:48.352+0000][1][gc,age       ] GC(1) Desired survivor size 4358144 bytes, new threshold 6 (max threshold 6)
[2020-01-13T14:06:48.352+0000][1][gc,age       ] GC(1) Age table with threshold 6 (max threshold 6)
[2020-01-13T14:06:48.352+0000][1][gc,age       ] GC(1) - age   1:    2721480 bytes,    2721480 total
[2020-01-13T14:06:48.352+0000][1][gc,heap      ] GC(1) ParNew: 74375K->4114K(76672K)
[2020-01-13T14:06:48.352+0000][1][gc,heap      ] GC(1) CMS: 0K->6660K(176960K)
[2020-01-13T14:06:48.352+0000][1][gc,metaspace ] GC(1) Metaspace: 14791K->14791K(1062912K)
[2020-01-13T14:06:48.352+0000][1][gc           ] GC(1) Pause Young (Allocation Failure) 72M->10M(247M) 50.151ms
[2020-01-13T14:06:48.352+0000][1][gc,cpu       ] GC(1) User=0.05s Sys=0.00s Real=0.05s
[2020-01-13T14:06:48.352+0000][1][safepoint    ] Leaving safepoint region
[2020-01-13T14:06:48.352+0000][1][safepoint    ] Total time for which application threads were stopped: 0.0503138 seconds, Stopping threads took: 0.0000234 seconds
[2020-01-13T14:06:48.362+0000][1][safepoint    ] Application time: 0.0105597 seconds
[2020-01-13T14:06:48.362+0000][1][safepoint    ] Entering safepoint region: BulkRevokeBias
[2020-01-13T14:06:48.363+0000][1][safepoint    ] Leaving safepoint region
[2020-01-13T14:06:48.363+0000][1][safepoint    ] Total time for which application threads were stopped: 0.0002026 seconds, Stopping threads took: 0.0000742 seconds
[2020-01-13T14:06:48.363+0000][1][safepoint    ] Application time: 0.0008226 seconds
[2020-01-13T14:06:48.363+0000][1][safepoint    ] Entering safepoint region: RevokeBias
[2020-01-13T14:06:48.363+0000][1][safepoint    ] Leaving safepoint region
[2020-01-13T14:06:48.363+0000][1][safepoint    ] Total time for which application threads were stopped: 0.0000668 seconds, Stopping threads took: 0.0000081 seconds
[2020-01-13T14:06:48.363+0000][1][safepoint    ] Application time: 0.0000313 seconds
[2020-01-13T14:06:48.363+0000][1][safepoint    ] Entering safepoint region: RevokeBias
[2020-01-13T14:06:48.363+0000][1][safepoint    ] Leaving safepoint region
[2020-01-13T14:06:48.363+0000][1][safepoint    ] Total time for which application threads were stopped: 0.0000260 seconds, Stopping threads took: 0.0000040 seconds
[2020-01-13T14:06:48.364+0000][1][safepoint    ] Application time: 0.0000126 seconds
[2020-01-13T14:06:48.364+0000][1][safepoint    ] Entering safepoint region: RevokeBias
[2020-01-13T14:06:48.364+0000][1][safepoint    ] Leaving safepoint region
[2020-01-13T14:06:48.364+0000][1][safepoint    ] Total time for which application threads were stopped: 0.0000218 seconds, Stopping threads took: 0.0000040 seconds
[2020-01-13T14:06:48.364+0000][1][safepoint    ] Application time: 0.0007945 seconds
[2020-01-13T14:06:48.364+0000][1][safepoint    ] Entering safepoint region: RevokeBias
[2020-01-13T14:06:48.364+0000][1][safepoint    ] Leaving safepoint region
[2020-01-13T14:06:48.364+0000][1][safepoint    ] Total time for which application threads were stopped: 0.0000532 seconds, Stopping threads took: 0.0000083 seconds
[2020-01-13T14:06:48.364+0000][1][safepoint    ] Application time: 0.0000203 seconds
[2020-01-13T14:06:48.364+0000][1][safepoint    ] Entering safepoint region: RevokeBias
[2020-01-13T14:06:48.364+0000][1][safepoint    ] Leaving safepoint region
[2020-01-13T14:06:48.364+0000][1][safepoint    ] Total time for which application threads were stopped: 0.0000236 seconds, Stopping threads took: 0.0000049 seconds
[2020-01-13T14:06:48.364+0000][1][safepoint    ] Application time: 0.0000171 seconds
[2020-01-13T14:06:48.364+0000][1][safepoint    ] Entering safepoint region: RevokeBias
[2020-01-13T14:06:48.365+0000][1][safepoint    ] Leaving safepoint region
[2020-01-13T14:06:48.365+0000][1][safepoint    ] Total time for which application threads were stopped: 0.0000215 seconds, Stopping threads took: 0.0000046 seconds
[2020-01-13T14:06:48.365+0000][1][safepoint    ] Application time: 0.0000145 seconds
[2020-01-13T14:06:48.365+0000][1][safepoint    ] Entering safepoint region: RevokeBias
[2020-01-13T14:06:48.365+0000][1][safepoint    ] Leaving safepoint region
[2020-01-13T14:06:48.365+0000][1][safepoint    ] Total time for which application threads were stopped: 0.0000210 seconds, Stopping threads took: 0.0000047 seconds
[2020-01-13T14:06:48.365+0000][1][safepoint    ] Application time: 0.0000168 seconds
[2020-01-13T14:06:48.365+0000][1][safepoint    ] Entering safepoint region: BulkRevokeBias
[2020-01-13T14:06:48.365+0000][1][safepoint    ] Leaving safepoint region
[2020-01-13T14:06:48.365+0000][1][safepoint    ] Total time for which application threads were stopped: 0.0000515 seconds, Stopping threads took: 0.0000048 seconds
[2020-01-13T14:06:48.365+0000][1][safepoint    ] Application time: 0.0000149 seconds
[2020-01-13T14:06:48.365+0000][1][safepoint    ] Entering safepoint region: RevokeBias
[2020-01-13T14:06:48.365+0000][1][safepoint    ] Leaving safepoint region
[2020-01-13T14:06:48.365+0000][1][safepoint    ] Total time for which application threads were stopped: 0.0000239 seconds, Stopping threads took: 0.0000048 seconds
[2020-01-13T14:06:48.365+0000][1][safepoint    ] Application time: 0.0000173 seconds
[2020-01-13T14:06:48.365+0000][1][safepoint    ] Entering safepoint region: BulkRevokeBias
[2020-01-13T14:06:48.365+0000][1][safepoint    ] Leaving safepoint region
[2020-01-13T14:06:48.365+0000][1][safepoint    ] Total time for which application threads were stopped: 0.0000320 seconds, Stopping threads took: 0.0000048 seconds
[2020-01-13T14:06:48.650+0000][1][safepoint    ] Application time: 0.2847689 seconds
[2020-01-13T14:06:48.650+0000][1][safepoint    ] Entering safepoint region: GenCollectForAllocation
[2020-01-13T14:06:48.650+0000][1][gc,start     ] GC(2) Pause Young (Allocation Failure)
[2020-01-13T14:06:48.650+0000][1][gc,task      ] GC(2) Using 1 workers of 1 for evacuation
[2020-01-13T14:06:48.674+0000][1][gc,age       ] GC(2) Desired survivor size 4358144 bytes, new threshold 6 (max threshold 6)
[2020-01-13T14:06:48.674+0000][1][gc,age       ] GC(2) Age table with threshold 6 (max threshold 6)
[2020-01-13T14:06:48.674+0000][1][gc,age       ] GC(2) - age   1:    2767304 bytes,    2767304 total
[2020-01-13T14:06:48.674+0000][1][gc,age       ] GC(2) - age   2:    1162008 bytes,    3929312 total
[2020-01-13T14:06:48.674+0000][1][gc,heap      ] GC(2) ParNew: 72274K->6043K(76672K)
[2020-01-13T14:06:48.674+0000][1][gc,heap      ] GC(2) CMS: 6660K->6660K(176960K)
[2020-01-13T14:06:48.674+0000][1][gc,metaspace ] GC(2) Metaspace: 14928K->14928K(1062912K)
[2020-01-13T14:06:48.674+0000][1][gc           ] GC(2) Pause Young (Allocation Failure) 77M->12M(247M) 24.619ms
[2020-01-13T14:06:48.674+0000][1][gc,cpu       ] GC(2) User=0.02s Sys=0.00s Real=0.02s
[2020-01-13T14:06:48.674+0000][1][safepoint    ] Leaving safepoint region
[2020-01-13T14:06:48.674+0000][1][safepoint    ] Total time for which application threads were stopped: 0.0248039 seconds, Stopping threads took: 0.0000238 seconds
[2020-01-13T14:06:48.680+0000][1][safepoint    ] Application time: 0.0058287 seconds
[2020-01-13T14:06:48.680+0000][1][safepoint    ] Entering safepoint region: RevokeBias
[2020-01-13T14:06:48.680+0000][1][safepoint    ] Leaving safepoint region
[2020-01-13T14:06:48.680+0000][1][safepoint    ] Total time for which application threads were stopped: 0.0000750 seconds, Stopping threads took: 0.0000275 seconds
[2020-01-13T14:06:48.680+0000][1][safepoint    ] Application time: 0.0000311 seconds
[2020-01-13T14:06:48.680+0000][1][safepoint    ] Entering safepoint region: RevokeBias
[2020-01-13T14:06:48.680+0000][1][safepoint    ] Leaving safepoint region
[2020-01-13T14:06:48.680+0000][1][safepoint    ] Total time for which application threads were stopped: 0.0000215 seconds, Stopping threads took: 0.0000050 seconds
[2020-01-13T14:06:48.680+0000][1][safepoint    ] Application time: 0.0000306 seconds
[2020-01-13T14:06:48.680+0000][1][safepoint    ] Entering safepoint region: RevokeBias
[2020-01-13T14:06:48.680+0000][1][safepoint    ] Leaving safepoint region
[2020-01-13T14:06:48.680+0000][1][safepoint    ] Total time for which application threads were stopped: 0.0000192 seconds, Stopping threads took: 0.0000050 seconds
[2020-01-13T14:06:48.680+0000][1][safepoint    ] Application time: 0.0000142 seconds
[2020-01-13T14:06:48.680+0000][1][safepoint    ] Entering safepoint region: RevokeBias
[2020-01-13T14:06:48.681+0000][1][safepoint    ] Leaving safepoint region
[2020-01-13T14:06:48.681+0000][1][safepoint    ] Total time for which application threads were stopped: 0.0000182 seconds, Stopping threads took: 0.0000048 seconds
[2020-01-13T14:06:48.681+0000][1][safepoint    ] Application time: 0.0000175 seconds
[2020-01-13T14:06:48.681+0000][1][safepoint    ] Entering safepoint region: RevokeBias
[2020-01-13T14:06:48.681+0000][1][safepoint    ] Leaving safepoint region
[2020-01-13T14:06:48.681+0000][1][safepoint    ] Total time for which application threads were stopped: 0.0000183 seconds, Stopping threads took: 0.0000047 seconds
[2020-01-13T14:06:48.681+0000][1][safepoint    ] Application time: 0.0000141 seconds
[2020-01-13T14:06:48.681+0000][1][safepoint    ] Entering safepoint region: RevokeBias
[2020-01-13T14:06:48.681+0000][1][safepoint    ] Leaving safepoint region
[2020-01-13T14:06:48.681+0000][1][safepoint    ] Total time for which application threads were stopped: 0.0000180 seconds, Stopping threads took: 0.0000047 seconds
[2020-01-13T14:06:48.938+0000][1][safepoint    ] Application time: 0.2575969 seconds
[2020-01-13T14:06:48.939+0000][1][safepoint    ] Entering safepoint region: Deoptimize
[2020-01-13T14:06:48.940+0000][1][safepoint    ] Leaving safepoint region
[2020-01-13T14:06:48.940+0000][1][safepoint    ] Total time for which application threads were stopped: 0.0015160 seconds, Stopping threads took: 0.0010410 seconds
[2020-01-13T14:06:48.940+0000][1][safepoint    ] Application time: 0.0005951 seconds
[2020-01-13T14:06:48.942+0000][1][safepoint    ] Entering safepoint region: Deoptimize
[2020-01-13T14:06:48.942+0000][1][safepoint    ] Leaving safepoint region
[2020-01-13T14:06:48.942+0000][1][safepoint    ] Total time for which application threads were stopped: 0.0019729 seconds, Stopping threads took: 0.0016504 seconds
[2020-01-13T14:06:49.376+0000][1][safepoint    ] Application time: 0.4336784 seconds
[2020-01-13T14:06:49.376+0000][1][safepoint    ] Entering safepoint region: GenCollectForAllocation
[2020-01-13T14:06:49.376+0000][1][gc,start     ] GC(3) Pause Young (Allocation Failure)
[2020-01-13T14:06:49.376+0000][1][gc,task      ] GC(3) Using 1 workers of 1 for evacuation
[2020-01-13T14:06:49.395+0000][1][gc,age       ] GC(3) Desired survivor size 4358144 bytes, new threshold 3 (max threshold 6)
[2020-01-13T14:06:49.395+0000][1][gc,age       ] GC(3) Age table with threshold 3 (max threshold 6)
[2020-01-13T14:06:49.395+0000][1][gc,age       ] GC(3) - age   1:    3366128 bytes,    3366128 total
[2020-01-13T14:06:49.395+0000][1][gc,age       ] GC(3) - age   2:     294560 bytes,    3660688 total
[2020-01-13T14:06:49.395+0000][1][gc,age       ] GC(3) - age   3:    1158984 bytes,    4819672 total
[2020-01-13T14:06:49.395+0000][1][gc,heap      ] GC(3) ParNew: 74203K->7272K(76672K)
[2020-01-13T14:06:49.395+0000][1][gc,heap      ] GC(3) CMS: 6660K->6660K(176960K)
[2020-01-13T14:06:49.395+0000][1][gc,metaspace ] GC(3) Metaspace: 18388K->18388K(1067008K)
[2020-01-13T14:06:49.395+0000][1][gc           ] GC(3) Pause Young (Allocation Failure) 78M->13M(247M) 18.704ms
[2020-01-13T14:06:49.395+0000][1][gc,cpu       ] GC(3) User=0.02s Sys=0.00s Real=0.02s
[2020-01-13T14:06:49.395+0000][1][safepoint    ] Leaving safepoint region
[2020-01-13T14:06:49.395+0000][1][safepoint    ] Total time for which application threads were stopped: 0.0190651 seconds, Stopping threads took: 0.0001912 seconds
[2020-01-13T14:06:49.401+0000][1][safepoint    ] Application time: 0.0061131 seconds
[2020-01-13T14:06:49.401+0000][1][safepoint    ] Entering safepoint region: BulkRevokeBias
[2020-01-13T14:06:49.401+0000][1][safepoint    ] Leaving safepoint region
[2020-01-13T14:06:49.401+0000][1][safepoint    ] Total time for which application threads were stopped: 0.0001328 seconds, Stopping threads took: 0.0000114 seconds
[2020-01-13T14:06:49.403+0000][1][safepoint    ] Application time: 0.0013888 seconds
[2020-01-13T14:06:49.403+0000][1][safepoint    ] Entering safepoint region: RevokeBias
[2020-01-13T14:06:49.403+0000][1][safepoint    ] Leaving safepoint region
[2020-01-13T14:06:49.403+0000][1][safepoint    ] Total time for which application threads were stopped: 0.0000573 seconds, Stopping threads took: 0.0000079 seconds
[2020-01-13T14:06:49.403+0000][1][safepoint    ] Application time: 0.0000337 seconds
[2020-01-13T14:06:49.403+0000][1][safepoint    ] Entering safepoint region: RevokeBias
[2020-01-13T14:06:49.403+0000][1][safepoint    ] Leaving safepoint region
[2020-01-13T14:06:49.403+0000][1][safepoint    ] Total time for which application threads were stopped: 0.0000262 seconds, Stopping threads took: 0.0000044 seconds
[2020-01-13T14:06:49.403+0000][1][safepoint    ] Application time: 0.0000124 seconds
[2020-01-13T14:06:49.403+0000][1][safepoint    ] Entering safepoint region: RevokeBias
[2020-01-13T14:06:49.403+0000][1][safepoint    ] Leaving safepoint region
[2020-01-13T14:06:49.403+0000][1][safepoint    ] Total time for which application threads were stopped: 0.0000208 seconds, Stopping threads took: 0.0000041 seconds
[2020-01-13T14:06:49.403+0000][1][safepoint    ] Application time: 0.0000145 seconds
[2020-01-13T14:06:49.403+0000][1][safepoint    ] Entering safepoint region: RevokeBias
[2020-01-13T14:06:49.403+0000][1][safepoint    ] Leaving safepoint region
[2020-01-13T14:06:49.403+0000][1][safepoint    ] Total time for which application threads were stopped: 0.0000210 seconds, Stopping threads took: 0.0000040 seconds
[2020-01-13T14:06:49.403+0000][1][safepoint    ] Application time: 0.0000118 seconds
[2020-01-13T14:06:49.403+0000][1][safepoint    ] Entering safepoint region: RevokeBias
[2020-01-13T14:06:49.403+0000][1][safepoint    ] Leaving safepoint region
[2020-01-13T14:06:49.403+0000][1][safepoint    ] Total time for which application threads were stopped: 0.0000202 seconds, Stopping threads took: 0.0000039 seconds
[2020-01-13T14:06:49.403+0000][1][safepoint    ] Application time: 0.0000139 seconds
[2020-01-13T14:06:49.403+0000][1][safepoint    ] Entering safepoint region: RevokeBias
[2020-01-13T14:06:49.403+0000][1][safepoint    ] Leaving safepoint region
[2020-01-13T14:06:49.403+0000][1][safepoint    ] Total time for which application threads were stopped: 0.0000207 seconds, Stopping threads took: 0.0000040 seconds
[2020-01-13T14:06:49.403+0000][1][safepoint    ] Application time: 0.0000117 seconds
[2020-01-13T14:06:49.403+0000][1][safepoint    ] Entering safepoint region: RevokeBias
[2020-01-13T14:06:49.403+0000][1][safepoint    ] Leaving safepoint region
[2020-01-13T14:06:49.403+0000][1][safepoint    ] Total time for which application threads were stopped: 0.0000314 seconds, Stopping threads took: 0.0000142 seconds
[2020-01-13T14:06:49.404+0000][1][safepoint    ] Application time: 0.0009673 seconds
[2020-01-13T14:06:49.404+0000][1][safepoint    ] Entering safepoint region: RevokeBias
[2020-01-13T14:06:49.404+0000][1][safepoint    ] Leaving safepoint region
[2020-01-13T14:06:49.404+0000][1][safepoint    ] Total time for which application threads were stopped: 0.0000801 seconds, Stopping threads took: 0.0000081 seconds
[2020-01-13T14:06:49.404+0000][1][safepoint    ] Application time: 0.0000211 seconds
[2020-01-13T14:06:49.404+0000][1][safepoint    ] Entering safepoint region: RevokeBias
[2020-01-13T14:06:49.404+0000][1][safepoint    ] Leaving safepoint region
[2020-01-13T14:06:49.404+0000][1][safepoint    ] Total time for which application threads were stopped: 0.0000254 seconds, Stopping threads took: 0.0000045 seconds
[2020-01-13T14:06:49.404+0000][1][safepoint    ] Application time: 0.0000326 seconds
[2020-01-13T14:06:49.404+0000][1][safepoint    ] Entering safepoint region: RevokeBias
[2020-01-13T14:06:49.404+0000][1][safepoint    ] Leaving safepoint region
[2020-01-13T14:06:49.404+0000][1][safepoint    ] Total time for which application threads were stopped: 0.0000224 seconds, Stopping threads took: 0.0000042 seconds
[2020-01-13T14:06:49.404+0000][1][safepoint    ] Application time: 0.0000117 seconds
[2020-01-13T14:06:49.404+0000][1][safepoint    ] Entering safepoint region: RevokeBias
[2020-01-13T14:06:49.404+0000][1][safepoint    ] Leaving safepoint region
[2020-01-13T14:06:49.404+0000][1][safepoint    ] Total time for which application threads were stopped: 0.0000206 seconds, Stopping threads took: 0.0000040 seconds
[2020-01-13T14:06:49.405+0000][1][safepoint    ] Application time: 0.0001937 seconds
[2020-01-13T14:06:49.405+0000][1][safepoint    ] Entering safepoint region: RevokeBias
[2020-01-13T14:06:49.405+0000][1][safepoint    ] Leaving safepoint region
[2020-01-13T14:06:49.405+0000][1][safepoint    ] Total time for which application threads were stopped: 0.0000346 seconds, Stopping threads took: 0.0000060 seconds
[2020-01-13T14:06:49.405+0000][1][safepoint    ] Application time: 0.0000207 seconds
[2020-01-13T14:06:49.405+0000][1][safepoint    ] Entering safepoint region: RevokeBias
[2020-01-13T14:06:49.405+0000][1][safepoint    ] Leaving safepoint region
[2020-01-13T14:06:49.405+0000][1][safepoint    ] Total time for which application threads were stopped: 0.0000217 seconds, Stopping threads took: 0.0000041 seconds
[2020-01-13T14:06:49.405+0000][1][safepoint    ] Application time: 0.0000120 seconds
[2020-01-13T14:06:49.405+0000][1][safepoint    ] Entering safepoint region: RevokeBias
[2020-01-13T14:06:49.405+0000][1][safepoint    ] Leaving safepoint region
[2020-01-13T14:06:49.405+0000][1][safepoint    ] Total time for which application threads were stopped: 0.0000207 seconds, Stopping threads took: 0.0000040 seconds
[2020-01-13T14:06:49.405+0000][1][safepoint    ] Application time: 0.0000128 seconds
[2020-01-13T14:06:49.405+0000][1][safepoint    ] Entering safepoint region: RevokeBias
[2020-01-13T14:06:49.405+0000][1][safepoint    ] Leaving safepoint region
[2020-01-13T14:06:49.405+0000][1][safepoint    ] Total time for which application threads were stopped: 0.0000209 seconds, Stopping threads took: 0.0000040 seconds
[2020-01-13T14:06:49.405+0000][1][safepoint    ] Application time: 0.0004688 seconds
[2020-01-13T14:06:49.406+0000][1][safepoint    ] Entering safepoint region: RevokeBias
[2020-01-13T14:06:49.406+0000][1][safepoint    ] Leaving safepoint region
[2020-01-13T14:06:49.406+0000][1][safepoint    ] Total time for which application threads were stopped: 0.0010668 seconds, Stopping threads took: 0.0010223 seconds
[2020-01-13T14:06:49.406+0000][1][safepoint    ] Application time: 0.0000235 seconds
[2020-01-13T14:06:49.406+0000][1][safepoint    ] Entering safepoint region: RevokeBias
[2020-01-13T14:06:49.406+0000][1][safepoint    ] Leaving safepoint region
[2020-01-13T14:06:49.406+0000][1][safepoint    ] Total time for which application threads were stopped: 0.0000403 seconds, Stopping threads took: 0.0000126 seconds
[2020-01-13T14:06:49.406+0000][1][safepoint    ] Application time: 0.0000122 seconds
[2020-01-13T14:06:49.406+0000][1][safepoint    ] Entering safepoint region: RevokeBias
[2020-01-13T14:06:49.406+0000][1][safepoint    ] Leaving safepoint region
[2020-01-13T14:06:49.406+0000][1][safepoint    ] Total time for which application threads were stopped: 0.0000269 seconds, Stopping threads took: 0.0000040 seconds
[2020-01-13T14:06:49.406+0000][1][safepoint    ] Application time: 0.0000130 seconds
[2020-01-13T14:06:49.406+0000][1][safepoint    ] Entering safepoint region: RevokeBias
[2020-01-13T14:06:49.407+0000][1][safepoint    ] Leaving safepoint region
[2020-01-13T14:06:49.407+0000][1][safepoint    ] Total time for which application threads were stopped: 0.0000267 seconds, Stopping threads took: 0.0000039 seconds
[2020-01-13T14:06:49.407+0000][1][safepoint    ] Application time: 0.0000117 seconds
[2020-01-13T14:06:49.407+0000][1][safepoint    ] Entering safepoint region: RevokeBias
[2020-01-13T14:06:49.407+0000][1][safepoint    ] Leaving safepoint region
[2020-01-13T14:06:49.407+0000][1][safepoint    ] Total time for which application threads were stopped: 0.0000265 seconds, Stopping threads took: 0.0000039 seconds
[2020-01-13T14:06:49.595+0000][1][safepoint    ] Application time: 0.1880187 seconds
[2020-01-13T14:06:49.595+0000][1][safepoint    ] Entering safepoint region: GenCollectForAllocation
[2020-01-13T14:06:49.595+0000][1][gc,start     ] GC(4) Pause Young (Allocation Failure)
[2020-01-13T14:06:49.595+0000][1][gc,task      ] GC(4) Using 1 workers of 1 for evacuation
[2020-01-13T14:06:49.617+0000][1][gc,age       ] GC(4) Desired survivor size 4358144 bytes, new threshold 2 (max threshold 6)
[2020-01-13T14:06:49.617+0000][1][gc,age       ] GC(4) Age table with threshold 2 (max threshold 6)
[2020-01-13T14:06:49.617+0000][1][gc,age       ] GC(4) - age   1:    1161216 bytes,    1161216 total
[2020-01-13T14:06:49.617+0000][1][gc,age       ] GC(4) - age   2:    3234816 bytes,    4396032 total
[2020-01-13T14:06:49.617+0000][1][gc,age       ] GC(4) - age   3:     294032 bytes,    4690064 total
[2020-01-13T14:06:49.617+0000][1][gc,heap      ] GC(4) ParNew: 75432K->8512K(76672K)
[2020-01-13T14:06:49.617+0000][1][gc,heap      ] GC(4) CMS: 6660K->7809K(176960K)
[2020-01-13T14:06:49.617+0000][1][gc,metaspace ] GC(4) Metaspace: 18591K->18591K(1067008K)
[2020-01-13T14:06:49.617+0000][1][gc           ] GC(4) Pause Young (Allocation Failure) 80M->15M(247M) 22.743ms
[2020-01-13T14:06:49.617+0000][1][gc,cpu       ] GC(4) User=0.02s Sys=0.00s Real=0.03s
[2020-01-13T14:06:49.618+0000][1][safepoint    ] Leaving safepoint region
[2020-01-13T14:06:49.618+0000][1][safepoint    ] Total time for which application threads were stopped: 0.0228856 seconds, Stopping threads took: 0.0000247 seconds
[2020-01-13T14:06:49.626+0000][1][safepoint    ] Application time: 0.0087435 seconds
[2020-01-13T14:06:49.627+0000][1][safepoint    ] Entering safepoint region: RevokeBias
[2020-01-13T14:06:49.627+0000][1][safepoint    ] Leaving safepoint region
[2020-01-13T14:06:49.627+0000][1][safepoint    ] Total time for which application threads were stopped: 0.0011361 seconds, Stopping threads took: 0.0008631 seconds
[2020-01-13T14:06:49.627+0000][1][safepoint    ] Application time: 0.0000315 seconds
[2020-01-13T14:06:49.627+0000][1][safepoint    ] Entering safepoint region: RevokeBias
[2020-01-13T14:06:49.628+0000][1][safepoint    ] Leaving safepoint region
[2020-01-13T14:06:49.628+0000][1][safepoint    ] Total time for which application threads were stopped: 0.0000661 seconds, Stopping threads took: 0.0000057 seconds
[2020-01-13T14:06:49.628+0000][1][safepoint    ] Application time: 0.0000252 seconds
[2020-01-13T14:06:49.628+0000][1][safepoint    ] Entering safepoint region: RevokeBias
[2020-01-13T14:06:49.628+0000][1][safepoint    ] Leaving safepoint region
[2020-01-13T14:06:49.628+0000][1][safepoint    ] Total time for which application threads were stopped: 0.0000672 seconds, Stopping threads took: 0.0000046 seconds
[2020-01-13T14:06:49.628+0000][1][safepoint    ] Application time: 0.0000132 seconds
[2020-01-13T14:06:49.628+0000][1][safepoint    ] Entering safepoint region: RevokeBias
[2020-01-13T14:06:49.628+0000][1][safepoint    ] Leaving safepoint region
[2020-01-13T14:06:49.628+0000][1][safepoint    ] Total time for which application threads were stopped: 0.0000555 seconds, Stopping threads took: 0.0000044 seconds
[2020-01-13T14:06:49.674+0000][1][safepoint    ] Application time: 0.0463242 seconds
[2020-01-13T14:06:49.674+0000][1][safepoint    ] Entering safepoint region: Deoptimize
[2020-01-13T14:06:49.674+0000][1][safepoint    ] Leaving safepoint region
[2020-01-13T14:06:49.675+0000][1][safepoint    ] Total time for which application threads were stopped: 0.0003895 seconds, Stopping threads took: 0.0000111 seconds
[2020-01-13T14:06:49.742+0000][1][safepoint    ] Application time: 0.0671708 seconds
[2020-01-13T14:06:49.742+0000][1][safepoint    ] Entering safepoint region: Deoptimize
[2020-01-13T14:06:49.742+0000][1][safepoint    ] Leaving safepoint region
[2020-01-13T14:06:49.742+0000][1][safepoint    ] Total time for which application threads were stopped: 0.0005149 seconds, Stopping threads took: 0.0000222 seconds
[2020-01-13T14:06:49.752+0000][1][safepoint    ] Application time: 0.0102448 seconds
[2020-01-13T14:06:49.753+0000][1][safepoint    ] Entering safepoint region: RevokeBias
[2020-01-13T14:06:49.753+0000][1][safepoint    ] Leaving safepoint region
[2020-01-13T14:06:49.753+0000][1][safepoint    ] Total time for which application threads were stopped: 0.0008447 seconds, Stopping threads took: 0.0007652 seconds
[2020-01-13T14:06:49.762+0000][1][safepoint    ] Application time: 0.0086138 seconds
[2020-01-13T14:06:49.762+0000][1][safepoint    ] Entering safepoint region: RevokeBias
[2020-01-13T14:06:49.762+0000][1][safepoint    ] Leaving safepoint region
[2020-01-13T14:06:49.762+0000][1][safepoint    ] Total time for which application threads were stopped: 0.0000774 seconds, Stopping threads took: 0.0000207 seconds
[2020-01-13T14:06:49.904+0000][1][safepoint    ] Application time: 0.1416347 seconds
[2020-01-13T14:06:49.904+0000][1][safepoint    ] Entering safepoint region: GenCollectForAllocation
[2020-01-13T14:06:49.904+0000][1][gc,start     ] GC(5) Pause Young (Allocation Failure)
[2020-01-13T14:06:49.904+0000][1][gc,task      ] GC(5) Using 1 workers of 1 for evacuation
[2020-01-13T14:06:49.917+0000][1][gc,age       ] GC(5) Desired survivor size 4358144 bytes, new threshold 6 (max threshold 6)
[2020-01-13T14:06:49.917+0000][1][gc,age       ] GC(5) Age table with threshold 6 (max threshold 6)
[2020-01-13T14:06:49.917+0000][1][gc,age       ] GC(5) - age   1:    2163952 bytes,    2163952 total
[2020-01-13T14:06:49.917+0000][1][gc,age       ] GC(5) - age   2:     536752 bytes,    2700704 total
[2020-01-13T14:06:49.917+0000][1][gc,heap      ] GC(5) ParNew: 76672K->2825K(76672K)
[2020-01-13T14:06:49.917+0000][1][gc,heap      ] GC(5) CMS: 7809K->11281K(176960K)
[2020-01-13T14:06:49.917+0000][1][gc,metaspace ] GC(5) Metaspace: 18832K->18832K(1067008K)
[2020-01-13T14:06:49.917+0000][1][gc           ] GC(5) Pause Young (Allocation Failure) 82M->13M(247M) 13.194ms
[2020-01-13T14:06:49.917+0000][1][gc,cpu       ] GC(5) User=0.02s Sys=0.00s Real=0.02s
[2020-01-13T14:06:49.917+0000][1][safepoint    ] Leaving safepoint region
[2020-01-13T14:06:49.917+0000][1][safepoint    ] Total time for which application threads were stopped: 0.0135858 seconds, Stopping threads took: 0.0002634 seconds
[2020-01-13T14:06:49.930+0000][1][safepoint    ] Application time: 0.0125353 seconds
[2020-01-13T14:06:49.930+0000][1][safepoint    ] Entering safepoint region: RevokeBias
[2020-01-13T14:06:49.930+0000][1][safepoint    ] Leaving safepoint region
[2020-01-13T14:06:49.930+0000][1][safepoint    ] Total time for which application threads were stopped: 0.0002467 seconds, Stopping threads took: 0.0001492 seconds
[2020-01-13T14:06:49.930+0000][1][safepoint    ] Application time: 0.0000429 seconds
[2020-01-13T14:06:49.930+0000][1][safepoint    ] Entering safepoint region: RevokeBias
[2020-01-13T14:06:49.930+0000][1][safepoint    ] Leaving safepoint region
[2020-01-13T14:06:49.930+0000][1][safepoint    ] Total time for which application threads were stopped: 0.0000567 seconds, Stopping threads took: 0.0000055 seconds
[2020-01-13T14:06:49.930+0000][1][safepoint    ] Application time: 0.0000255 seconds
[2020-01-13T14:06:49.930+0000][1][safepoint    ] Entering safepoint region: RevokeBias
[2020-01-13T14:06:49.930+0000][1][safepoint    ] Leaving safepoint region
[2020-01-13T14:06:49.930+0000][1][safepoint    ] Total time for which application threads were stopped: 0.0000455 seconds, Stopping threads took: 0.0000048 seconds
[2020-01-13T14:06:49.930+0000][1][safepoint    ] Application time: 0.0000147 seconds
[2020-01-13T14:06:49.930+0000][1][safepoint    ] Entering safepoint region: RevokeBias
[2020-01-13T14:06:49.930+0000][1][safepoint    ] Leaving safepoint region
[2020-01-13T14:06:49.930+0000][1][safepoint    ] Total time for which application threads were stopped: 0.0000430 seconds, Stopping threads took: 0.0000047 seconds
[2020-01-13T14:06:49.930+0000][1][safepoint    ] Application time: 0.0000188 seconds
[2020-01-13T14:06:49.930+0000][1][safepoint    ] Entering safepoint region: RevokeBias
[2020-01-13T14:06:49.931+0000][1][safepoint    ] Leaving safepoint region
[2020-01-13T14:06:49.931+0000][1][safepoint    ] Total time for which application threads were stopped: 0.0000440 seconds, Stopping threads took: 0.0000047 seconds
[2020-01-13T14:06:49.931+0000][1][safepoint    ] Application time: 0.0000142 seconds
[2020-01-13T14:06:49.931+0000][1][safepoint    ] Entering safepoint region: RevokeBias
[2020-01-13T14:06:49.931+0000][1][safepoint    ] Leaving safepoint region
[2020-01-13T14:06:49.931+0000][1][safepoint    ] Total time for which application threads were stopped: 0.0000432 seconds, Stopping threads took: 0.0000047 seconds
[2020-01-13T14:06:50.132+0000][1][safepoint    ] Application time: 0.2018778 seconds
[2020-01-13T14:06:50.133+0000][1][safepoint    ] Entering safepoint region: RevokeBias
[2020-01-13T14:06:50.133+0000][1][safepoint    ] Leaving safepoint region
[2020-01-13T14:06:50.133+0000][1][safepoint    ] Total time for which application threads were stopped: 0.0000972 seconds, Stopping threads took: 0.0000219 seconds
[2020-01-13T14:06:50.147+0000][1][safepoint    ] Application time: 0.0139064 seconds
[2020-01-13T14:06:50.147+0000][1][safepoint    ] Entering safepoint region: GenCollectForAllocation
[2020-01-13T14:06:50.147+0000][1][gc,start     ] GC(6) Pause Young (Allocation Failure)
[2020-01-13T14:06:50.147+0000][1][gc,task      ] GC(6) Using 1 workers of 1 for evacuation
[2020-01-13T14:06:50.152+0000][1][gc,age       ] GC(6) Desired survivor size 4358144 bytes, new threshold 6 (max threshold 6)
[2020-01-13T14:06:50.152+0000][1][gc,age       ] GC(6) Age table with threshold 6 (max threshold 6)
[2020-01-13T14:06:50.152+0000][1][gc,age       ] GC(6) - age   1:     498320 bytes,     498320 total
[2020-01-13T14:06:50.152+0000][1][gc,age       ] GC(6) - age   2:    2150600 bytes,    2648920 total
[2020-01-13T14:06:50.152+0000][1][gc,age       ] GC(6) - age   3:     536752 bytes,    3185672 total
[2020-01-13T14:06:50.152+0000][1][gc,heap      ] GC(6) ParNew: 70689K->5369K(76672K)
[2020-01-13T14:06:50.152+0000][1][gc,heap      ] GC(6) CMS: 11281K->11281K(176960K)
[2020-01-13T14:06:50.152+0000][1][gc,metaspace ] GC(6) Metaspace: 19165K->19165K(1067008K)
[2020-01-13T14:06:50.152+0000][1][gc           ] GC(6) Pause Young (Allocation Failure) 80M->16M(247M) 5.738ms
[2020-01-13T14:06:50.152+0000][1][gc,cpu       ] GC(6) User=0.00s Sys=0.00s Real=0.01s
[2020-01-13T14:06:50.152+0000][1][safepoint    ] Leaving safepoint region
[2020-01-13T14:06:50.152+0000][1][safepoint    ] Total time for which application threads were stopped: 0.0058597 seconds, Stopping threads took: 0.0000207 seconds
[2020-01-13T14:06:50.156+0000][1][safepoint    ] Application time: 0.0040157 seconds
[2020-01-13T14:06:50.165+0000][1][safepoint    ] Entering safepoint region: BulkRevokeBias
[2020-01-13T14:06:50.166+0000][1][safepoint    ] Leaving safepoint region
[2020-01-13T14:06:50.166+0000][1][safepoint    ] Total time for which application threads were stopped: 0.0090836 seconds, Stopping threads took: 0.0089568 seconds
[2020-01-13T14:06:50.166+0000][1][safepoint    ] Application time: 0.0000377 seconds
[2020-01-13T14:06:50.166+0000][1][safepoint    ] Entering safepoint region: BulkRevokeBias
[2020-01-13T14:06:50.166+0000][1][safepoint    ] Leaving safepoint region
[2020-01-13T14:06:50.166+0000][1][safepoint    ] Total time for which application threads were stopped: 0.0000423 seconds, Stopping threads took: 0.0000050 seconds
[2020-01-13T14:06:50.354+0000][1][safepoint    ] Application time: 0.1888131 seconds
[2020-01-13T14:06:50.355+0000][1][safepoint    ] Entering safepoint region: GenCollectForAllocation
[2020-01-13T14:06:50.355+0000][1][gc,start     ] GC(7) Pause Young (Allocation Failure)
[2020-01-13T14:06:50.355+0000][1][gc,task      ] GC(7) Using 1 workers of 1 for evacuation
[2020-01-13T14:06:50.375+0000][1][gc,age       ] GC(7) Desired survivor size 4358144 bytes, new threshold 3 (max threshold 6)
[2020-01-13T14:06:50.375+0000][1][gc,age       ] GC(7) Age table with threshold 3 (max threshold 6)
[2020-01-13T14:06:50.375+0000][1][gc,age       ] GC(7) - age   1:    3258720 bytes,    3258720 total
[2020-01-13T14:06:50.375+0000][1][gc,age       ] GC(7) - age   2:     216696 bytes,    3475416 total
[2020-01-13T14:06:50.375+0000][1][gc,age       ] GC(7) - age   3:    2150576 bytes,    5625992 total
[2020-01-13T14:06:50.375+0000][1][gc,age       ] GC(7) - age   4:     536752 bytes,    6162744 total
[2020-01-13T14:06:50.375+0000][1][gc,heap      ] GC(7) ParNew: 73529K->8512K(76672K)
[2020-01-13T14:06:50.375+0000][1][gc,heap      ] GC(7) CMS: 11281K->11281K(176960K)
[2020-01-13T14:06:50.375+0000][1][gc,metaspace ] GC(7) Metaspace: 19488K->19488K(1067008K)
[2020-01-13T14:06:50.375+0000][1][gc           ] GC(7) Pause Young (Allocation Failure) 82M->19M(247M) 20.033ms
[2020-01-13T14:06:50.375+0000][1][gc,cpu       ] GC(7) User=0.02s Sys=0.00s Real=0.02s
[2020-01-13T14:06:50.375+0000][1][safepoint    ] Leaving safepoint region
[2020-01-13T14:06:50.375+0000][1][safepoint    ] Total time for which application threads were stopped: 0.0201801 seconds, Stopping threads took: 0.0000239 seconds
[2020-01-13T14:06:50.480+0000][1][safepoint    ] Application time: 0.1048449 seconds
[2020-01-13T14:06:50.481+0000][1][safepoint    ] Entering safepoint region: CollectForMetadataAllocation
[2020-01-13T14:06:50.481+0000][1][safepoint    ] Leaving safepoint region
[2020-01-13T14:06:50.481+0000][1][safepoint    ] Total time for which application threads were stopped: 0.0014192 seconds, Stopping threads took: 0.0011706 seconds
[2020-01-13T14:06:50.528+0000][1][safepoint    ] Application time: 0.0469209 seconds
[2020-01-13T14:06:50.528+0000][1][safepoint    ] Entering safepoint region: CollectForMetadataAllocation
[2020-01-13T14:06:50.528+0000][1][safepoint    ] Leaving safepoint region
[2020-01-13T14:06:50.528+0000][1][safepoint    ] Total time for which application threads were stopped: 0.0002436 seconds, Stopping threads took: 0.0000226 seconds
[2020-01-13T14:06:50.696+0000][1][safepoint    ] Application time: 0.1674290 seconds
[2020-01-13T14:06:50.696+0000][1][safepoint    ] Entering safepoint region: GenCollectForAllocation
[2020-01-13T14:06:50.696+0000][1][gc,start     ] GC(8) Pause Young (Allocation Failure)
[2020-01-13T14:06:50.696+0000][1][gc,task      ] GC(8) Using 1 workers of 1 for evacuation
[2020-01-13T14:06:50.712+0000][1][gc,age       ] GC(8) Desired survivor size 4358144 bytes, new threshold 6 (max threshold 6)
[2020-01-13T14:06:50.713+0000][1][gc,age       ] GC(8) Age table with threshold 6 (max threshold 6)
[2020-01-13T14:06:50.713+0000][1][gc,age       ] GC(8) - age   1:    2126768 bytes,    2126768 total
[2020-01-13T14:06:50.713+0000][1][gc,age       ] GC(8) - age   2:    1295688 bytes,    3422456 total
[2020-01-13T14:06:50.713+0000][1][gc,age       ] GC(8) - age   3:     216552 bytes,    3639008 total
[2020-01-13T14:06:50.713+0000][1][gc,heap      ] GC(8) ParNew: 76672K->5264K(76672K)
[2020-01-13T14:06:50.713+0000][1][gc,heap      ] GC(8) CMS: 11281K->13925K(176960K)
[2020-01-13T14:06:50.713+0000][1][gc,metaspace ] GC(8) Metaspace: 20297K->20297K(1069056K)
[2020-01-13T14:06:50.713+0000][1][gc           ] GC(8) Pause Young (Allocation Failure) 85M->18M(247M) 16.806ms
[2020-01-13T14:06:50.713+0000][1][gc,cpu       ] GC(8) User=0.01s Sys=0.00s Real=0.02s
[2020-01-13T14:06:50.713+0000][1][safepoint    ] Leaving safepoint region
[2020-01-13T14:06:50.713+0000][1][safepoint    ] Total time for which application threads were stopped: 0.0169441 seconds, Stopping threads took: 0.0000226 seconds
[2020-01-13T14:06:50.720+0000][1][safepoint    ] Application time: 0.0078106 seconds
[2020-01-13T14:06:50.722+0000][1][safepoint    ] Entering safepoint region: CMS_Initial_Mark
[2020-01-13T14:06:50.722+0000][1][gc,start     ] GC(9) Pause Initial Mark
[2020-01-13T14:06:50.725+0000][1][gc           ] GC(9) Pause Initial Mark 24M->24M(247M) 2.876ms
[2020-01-13T14:06:50.725+0000][1][gc,cpu       ] GC(9) User=0.01s Sys=0.00s Real=0.00s
[2020-01-13T14:06:50.725+0000][1][safepoint    ] Leaving safepoint region
[2020-01-13T14:06:50.725+0000][1][safepoint    ] Total time for which application threads were stopped: 0.0047994 seconds, Stopping threads took: 0.0018376 seconds
[2020-01-13T14:06:50.725+0000][1][gc           ] GC(9) Concurrent Mark
[2020-01-13T14:06:50.762+0000][1][gc           ] GC(9) Concurrent Mark 37.077ms
[2020-01-13T14:06:50.762+0000][1][gc,cpu       ] GC(9) User=0.03s Sys=0.00s Real=0.04s
[2020-01-13T14:06:50.762+0000][1][gc           ] GC(9) Concurrent Preclean
[2020-01-13T14:06:50.763+0000][1][gc           ] GC(9) Concurrent Preclean 0.446ms
[2020-01-13T14:06:50.763+0000][1][gc,cpu       ] GC(9) User=0.00s Sys=0.00s Real=0.00s
[2020-01-13T14:06:50.763+0000][1][gc           ] GC(9) Concurrent Abortable Preclean
[2020-01-13T14:06:50.927+0000][1][safepoint    ] Application time: 0.2012084 seconds
[2020-01-13T14:06:50.927+0000][1][safepoint    ] Entering safepoint region: GenCollectForAllocation
[2020-01-13T14:06:50.927+0000][1][gc,start     ] GC(10) Pause Young (Allocation Failure)
[2020-01-13T14:06:50.927+0000][1][gc,task      ] GC(10) Using 1 workers of 1 for evacuation
[2020-01-13T14:06:50.932+0000][1][gc,age       ] GC(10) Desired survivor size 4358144 bytes, new threshold 6 (max threshold 6)
[2020-01-13T14:06:50.932+0000][1][gc,age       ] GC(10) Age table with threshold 6 (max threshold 6)
[2020-01-13T14:06:50.932+0000][1][gc,age       ] GC(10) - age   1:     672808 bytes,     672808 total
[2020-01-13T14:06:50.932+0000][1][gc,age       ] GC(10) - age   2:     619680 bytes,    1292488 total
[2020-01-13T14:06:50.932+0000][1][gc,age       ] GC(10) - age   3:    1295568 bytes,    2588056 total
[2020-01-13T14:06:50.932+0000][1][gc,age       ] GC(10) - age   4:     216552 bytes,    2804608 total
[2020-01-13T14:06:50.932+0000][1][gc,heap      ] GC(10) ParNew: 73424K->3981K(76672K)
[2020-01-13T14:06:50.932+0000][1][gc,heap      ] GC(10) CMS: 13925K->13925K(176960K)
[2020-01-13T14:06:50.932+0000][1][gc,metaspace ] GC(10) Metaspace: 20407K->20407K(1069056K)
[2020-01-13T14:06:50.932+0000][1][gc           ] GC(10) Pause Young (Allocation Failure) 85M->17M(247M) 5.553ms
[2020-01-13T14:06:50.932+0000][1][gc,cpu       ] GC(10) User=0.01s Sys=0.00s Real=0.01s
[2020-01-13T14:06:50.932+0000][1][safepoint    ] Leaving safepoint region
[2020-01-13T14:06:50.932+0000][1][safepoint    ] Total time for which application threads were stopped: 0.0056751 seconds, Stopping threads took: 0.0000118 seconds
[2020-01-13T14:06:51.126+0000][1][safepoint    ] Application time: 0.1933882 seconds
[2020-01-13T14:06:51.126+0000][1][safepoint    ] Entering safepoint region: GenCollectForAllocation
[2020-01-13T14:06:51.126+0000][1][gc,start     ] GC(11) Pause Young (Allocation Failure)
[2020-01-13T14:06:51.126+0000][1][gc,task      ] GC(11) Using 1 workers of 1 for evacuation
[2020-01-13T14:06:51.138+0000][1][gc,age       ] GC(11) Desired survivor size 4358144 bytes, new threshold 5 (max threshold 6)
[2020-01-13T14:06:51.138+0000][1][gc,age       ] GC(11) Age table with threshold 5 (max threshold 6)
[2020-01-13T14:06:51.138+0000][1][gc,age       ] GC(11) - age   1:    2206096 bytes,    2206096 total
[2020-01-13T14:06:51.138+0000][1][gc,age       ] GC(11) - age   2:     135208 bytes,    2341304 total
[2020-01-13T14:06:51.138+0000][1][gc,age       ] GC(11) - age   3:     619632 bytes,    2960936 total
[2020-01-13T14:06:51.138+0000][1][gc,age       ] GC(11) - age   4:    1295464 bytes,    4256400 total
[2020-01-13T14:06:51.138+0000][1][gc,age       ] GC(11) - age   5:     216408 bytes,    4472808 total
[2020-01-13T14:06:51.138+0000][1][gc,heap      ] GC(11) ParNew: 72141K->6099K(76672K)
[2020-01-13T14:06:51.138+0000][1][gc,heap      ] GC(11) CMS: 13925K->13925K(176960K)
[2020-01-13T14:06:51.138+0000][1][gc,metaspace ] GC(11) Metaspace: 20485K->20485K(1069056K)
[2020-01-13T14:06:51.138+0000][1][gc           ] GC(11) Pause Young (Allocation Failure) 84M->19M(247M) 12.686ms
[2020-01-13T14:06:51.138+0000][1][gc,cpu       ] GC(11) User=0.01s Sys=0.00s Real=0.02s
[2020-01-13T14:06:51.138+0000][1][safepoint    ] Leaving safepoint region
[2020-01-13T14:06:51.138+0000][1][safepoint    ] Total time for which application threads were stopped: 0.0128268 seconds, Stopping threads took: 0.0000231 seconds
[2020-01-13T14:06:51.145+0000][1][gc           ] GC(9) Concurrent Abortable Preclean 382.336ms
[2020-01-13T14:06:51.145+0000][1][gc,cpu       ] GC(9) User=0.37s Sys=0.01s Real=0.38s
[2020-01-13T14:06:51.152+0000][1][safepoint    ] Application time: 0.0137780 seconds
[2020-01-13T14:06:51.152+0000][1][safepoint    ] Entering safepoint region: CMS_Final_Remark
[2020-01-13T14:06:51.152+0000][1][gc,start     ] GC(9) Pause Remark
[2020-01-13T14:06:51.166+0000][1][gc           ] GC(9) Pause Remark 22M->22M(247M) 14.028ms
[2020-01-13T14:06:51.166+0000][1][gc,cpu       ] GC(9) User=0.01s Sys=0.00s Real=0.01s
[2020-01-13T14:06:51.166+0000][1][safepoint    ] Leaving safepoint region
[2020-01-13T14:06:51.166+0000][1][safepoint    ] Total time for which application threads were stopped: 0.0141567 seconds, Stopping threads took: 0.0000336 seconds
[2020-01-13T14:06:51.181+0000][1][gc           ] GC(9) Concurrent Sweep
[2020-01-13T14:06:51.186+0000][1][gc           ] GC(9) Concurrent Sweep 4.459ms
[2020-01-13T14:06:51.186+0000][1][gc,cpu       ] GC(9) User=0.01s Sys=0.00s Real=0.00s
[2020-01-13T14:06:51.186+0000][1][gc           ] GC(9) Concurrent Reset
[2020-01-13T14:06:51.186+0000][1][gc           ] GC(9) Concurrent Reset 0.460ms
[2020-01-13T14:06:51.186+0000][1][gc,cpu       ] GC(9) User=0.00s Sys=0.00s Real=0.00s
[2020-01-13T14:06:51.186+0000][1][gc,heap      ] GC(9) Old: 13925K->13898K(176960K)
[2020-01-13T14:06:51.313+0000][1][safepoint    ] Application time: 0.1470306 seconds
[2020-01-13T14:06:51.314+0000][1][safepoint    ] Entering safepoint region: Deoptimize
[2020-01-13T14:06:51.315+0000][1][safepoint    ] Leaving safepoint region
[2020-01-13T14:06:51.315+0000][1][safepoint    ] Total time for which application threads were stopped: 0.0010201 seconds, Stopping threads took: 0.0000206 seconds
[2020-01-13T14:06:51.823+0000][1][safepoint    ] Application time: 0.5082689 seconds
[2020-01-13T14:06:51.826+0000][1][safepoint    ] Entering safepoint region: GenCollectForAllocation
[2020-01-13T14:06:51.827+0000][1][gc,start     ] GC(12) Pause Young (Allocation Failure)
[2020-01-13T14:06:51.827+0000][1][gc,task      ] GC(12) Using 1 workers of 1 for evacuation
[2020-01-13T14:06:51.839+0000][1][gc,age       ] GC(12) Desired survivor size 4358144 bytes, new threshold 6 (max threshold 6)
[2020-01-13T14:06:51.839+0000][1][gc,age       ] GC(12) Age table with threshold 6 (max threshold 6)
[2020-01-13T14:06:51.839+0000][1][gc,age       ] GC(12) - age   1:    1206320 bytes,    1206320 total
[2020-01-13T14:06:51.839+0000][1][gc,age       ] GC(12) - age   2:     262936 bytes,    1469256 total
[2020-01-13T14:06:51.839+0000][1][gc,age       ] GC(12) - age   3:     135096 bytes,    1604352 total
[2020-01-13T14:06:51.839+0000][1][gc,age       ] GC(12) - age   4:     619536 bytes,    2223888 total
[2020-01-13T14:06:51.839+0000][1][gc,age       ] GC(12) - age   5:    1295400 bytes,    3519288 total
[2020-01-13T14:06:51.839+0000][1][gc,heap      ] GC(12) ParNew: 74259K->4038K(76672K)
[2020-01-13T14:06:51.839+0000][1][gc,heap      ] GC(12) CMS: 13898K->14117K(176960K)
[2020-01-13T14:06:51.839+0000][1][gc,metaspace ] GC(12) Metaspace: 23512K->23512K(1071104K)
[2020-01-13T14:06:51.839+0000][1][gc           ] GC(12) Pause Young (Allocation Failure) 86M->17M(247M) 12.059ms
[2020-01-13T14:06:51.839+0000][1][gc,cpu       ] GC(12) User=0.01s Sys=0.00s Real=0.02s
[2020-01-13T14:06:51.839+0000][1][safepoint    ] Leaving safepoint region
[2020-01-13T14:06:51.839+0000][1][safepoint    ] Total time for which application threads were stopped: 0.0158689 seconds, Stopping threads took: 0.0034388 seconds
[2020-01-13T14:06:52.076+0000][1][safepoint    ] Application time: 0.2367807 seconds
[2020-01-13T14:06:52.079+0000][1][safepoint    ] Entering safepoint region: Deoptimize
[2020-01-13T14:06:52.080+0000][1][safepoint    ] Leaving safepoint region
[2020-01-13T14:06:52.080+0000][1][safepoint    ] Total time for which application threads were stopped: 0.0043181 seconds, Stopping threads took: 0.0037520 seconds
[2020-01-13T14:06:52.102+0000][1][safepoint    ] Application time: 0.0218417 seconds
[2020-01-13T14:06:52.102+0000][1][safepoint    ] Entering safepoint region: Deoptimize
[2020-01-13T14:06:52.102+0000][1][safepoint    ] Leaving safepoint region
[2020-01-13T14:06:52.102+0000][1][safepoint    ] Total time for which application threads were stopped: 0.0005687 seconds, Stopping threads took: 0.0000228 seconds
[2020-01-13T14:06:52.113+0000][1][safepoint    ] Application time: 0.0103662 seconds
[2020-01-13T14:06:52.113+0000][1][safepoint    ] Entering safepoint region: Deoptimize
[2020-01-13T14:06:52.114+0000][1][safepoint    ] Leaving safepoint region
[2020-01-13T14:06:52.114+0000][1][safepoint    ] Total time for which application threads were stopped: 0.0011159 seconds, Stopping threads took: 0.0005276 seconds
[2020-01-13T14:06:52.140+0000][1][safepoint    ] Application time: 0.0260319 seconds
[2020-01-13T14:06:52.140+0000][1][safepoint    ] Entering safepoint region: RevokeBias
[2020-01-13T14:06:52.140+0000][1][safepoint    ] Leaving safepoint region
[2020-01-13T14:06:52.140+0000][1][safepoint    ] Total time for which application threads were stopped: 0.0000816 seconds, Stopping threads took: 0.0000250 seconds
[2020-01-13T14:06:52.140+0000][1][safepoint    ] Application time: 0.0000321 seconds
[2020-01-13T14:06:52.140+0000][1][safepoint    ] Entering safepoint region: RevokeBias
[2020-01-13T14:06:52.140+0000][1][safepoint    ] Leaving safepoint region
[2020-01-13T14:06:52.140+0000][1][safepoint    ] Total time for which application threads were stopped: 0.0000283 seconds, Stopping threads took: 0.0000121 seconds
[2020-01-13T14:06:53.140+0000][1][safepoint    ] Application time: 1.0000906 seconds
[2020-01-13T14:06:53.142+0000][1][safepoint    ] Entering safepoint region: Cleanup
[2020-01-13T14:06:53.143+0000][1][safepoint    ] Leaving safepoint region
[2020-01-13T14:06:53.143+0000][1][safepoint    ] Total time for which application threads were stopped: 0.0024427 seconds, Stopping threads took: 0.0020027 seconds
[2020-01-13T14:06:53.611+0000][1][safepoint    ] Application time: 0.4683142 seconds
[2020-01-13T14:06:53.614+0000][1][safepoint    ] Entering safepoint region: GenCollectForAllocation
[2020-01-13T14:06:53.614+0000][1][gc,start     ] GC(13) Pause Young (Allocation Failure)
[2020-01-13T14:06:53.614+0000][1][gc,task      ] GC(13) Using 1 workers of 1 for evacuation
[2020-01-13T14:06:53.744+0000][1][gc,age       ] GC(13) Desired survivor size 4358144 bytes, new threshold 1 (max threshold 6)
[2020-01-13T14:06:53.744+0000][1][gc,age       ] GC(13) Age table with threshold 1 (max threshold 6)
[2020-01-13T14:06:53.744+0000][1][gc,age       ] GC(13) - age   1:    5842416 bytes,    5842416 total
[2020-01-13T14:06:53.744+0000][1][gc,age       ] GC(13) - age   2:     644776 bytes,    6487192 total
[2020-01-13T14:06:53.744+0000][1][gc,age       ] GC(13) - age   3:     253400 bytes,    6740592 total
[2020-01-13T14:06:53.744+0000][1][gc,age       ] GC(13) - age   4:     127152 bytes,    6867744 total
[2020-01-13T14:06:53.744+0000][1][gc,age       ] GC(13) - age   5:     563656 bytes,    7431400 total
[2020-01-13T14:06:53.744+0000][1][gc,age       ] GC(13) - age   6:    1284784 bytes,    8716184 total
[2020-01-13T14:06:53.744+0000][1][gc,heap      ] GC(13) ParNew: 72198K->8512K(76672K)
[2020-01-13T14:06:53.744+0000][1][gc,heap      ] GC(13) CMS: 14117K->22663K(176960K)
[2020-01-13T14:06:53.744+0000][1][gc,metaspace ] GC(13) Metaspace: 26889K->26889K(1075200K)
[2020-01-13T14:06:53.744+0000][1][gc           ] GC(13) Pause Young (Allocation Failure) 84M->30M(247M) 129.687ms
[2020-01-13T14:06:53.744+0000][1][gc,cpu       ] GC(13) User=0.13s Sys=0.00s Real=0.13s
[2020-01-13T14:06:53.744+0000][1][safepoint    ] Leaving safepoint region
[2020-01-13T14:06:53.744+0000][1][safepoint    ] Total time for which application threads were stopped: 0.1330777 seconds, Stopping threads took: 0.0032151 seconds
[2020-01-13T14:06:54.727+0000][1][safepoint    ] Application time: 0.9831127 seconds
[2020-01-13T14:06:54.727+0000][1][safepoint    ] Entering safepoint region: GenCollectForAllocation
[2020-01-13T14:06:54.728+0000][1][gc,start     ] GC(14) Pause Young (Allocation Failure)
[2020-01-13T14:06:54.728+0000][1][gc,task      ] GC(14) Using 1 workers of 1 for evacuation
[2020-01-13T14:06:54.802+0000][1][gc,age       ] GC(14) Desired survivor size 4358144 bytes, new threshold 1 (max threshold 6)
[2020-01-13T14:06:54.802+0000][1][gc,age       ] GC(14) Age table with threshold 1 (max threshold 6)
[2020-01-13T14:06:54.802+0000][1][gc,age       ] GC(14) - age   1:    8716240 bytes,    8716240 total
[2020-01-13T14:06:54.802+0000][1][gc,heap      ] GC(14) ParNew: 76672K->8512K(76672K)
[2020-01-13T14:06:54.802+0000][1][gc,heap      ] GC(14) CMS: 22663K->34444K(176960K)
[2020-01-13T14:06:54.802+0000][1][gc,metaspace ] GC(14) Metaspace: 27025K->27025K(1075200K)
[2020-01-13T14:06:54.802+0000][1][gc           ] GC(14) Pause Young (Allocation Failure) 97M->41M(247M) 74.635ms
[2020-01-13T14:06:54.802+0000][1][gc,cpu       ] GC(14) User=0.08s Sys=0.00s Real=0.07s
[2020-01-13T14:06:54.802+0000][1][safepoint    ] Leaving safepoint region
[2020-01-13T14:06:54.802+0000][1][safepoint    ] Total time for which application threads were stopped: 0.0748366 seconds, Stopping threads took: 0.0000272 seconds
[2020-01-13T14:06:55.308+0000][1][safepoint    ] Application time: 0.5053516 seconds
[2020-01-13T14:06:55.309+0000][1][safepoint    ] Entering safepoint region: RevokeBias
[2020-01-13T14:06:55.309+0000][1][safepoint    ] Leaving safepoint region
[2020-01-13T14:06:55.309+0000][1][safepoint    ] Total time for which application threads were stopped: 0.0015796 seconds, Stopping threads took: 0.0014782 seconds
[2020-01-13T14:06:55.801+0000][1][safepoint    ] Application time: 0.4919652 seconds
[2020-01-13T14:06:55.801+0000][1][safepoint    ] Entering safepoint region: RevokeBias
[2020-01-13T14:06:55.801+0000][1][safepoint    ] Leaving safepoint region
[2020-01-13T14:06:55.801+0000][1][safepoint    ] Total time for which application threads were stopped: 0.0001664 seconds, Stopping threads took: 0.0000189 seconds
[2020-01-13T14:06:55.865+0000][1][safepoint    ] Application time: 0.0632122 seconds
[2020-01-13T14:06:55.865+0000][1][safepoint    ] Entering safepoint region: GenCollectForAllocation
[2020-01-13T14:06:55.865+0000][1][gc,start     ] GC(15) Pause Young (Allocation Failure)
[2020-01-13T14:06:55.865+0000][1][gc,task      ] GC(15) Using 1 workers of 1 for evacuation
[2020-01-13T14:06:55.926+0000][1][gc,age       ] GC(15) Desired survivor size 4358144 bytes, new threshold 1 (max threshold 6)
[2020-01-13T14:06:55.926+0000][1][gc,age       ] GC(15) Age table with threshold 1 (max threshold 6)
[2020-01-13T14:06:55.926+0000][1][gc,age       ] GC(15) - age   1:    8716248 bytes,    8716248 total
[2020-01-13T14:06:55.926+0000][1][gc,heap      ] GC(15) ParNew: 76672K->8512K(76672K)
[2020-01-13T14:06:55.926+0000][1][gc,heap      ] GC(15) CMS: 34444K->45807K(176960K)
[2020-01-13T14:06:55.926+0000][1][gc,metaspace ] GC(15) Metaspace: 29472K->29472K(1077248K)
[2020-01-13T14:06:55.926+0000][1][gc           ] GC(15) Pause Young (Allocation Failure) 108M->53M(247M) 60.990ms
[2020-01-13T14:06:55.926+0000][1][gc,cpu       ] GC(15) User=0.06s Sys=0.00s Real=0.06s
[2020-01-13T14:06:55.926+0000][1][safepoint    ] Leaving safepoint region
[2020-01-13T14:06:55.926+0000][1][safepoint    ] Total time for which application threads were stopped: 0.0611263 seconds, Stopping threads took: 0.0000234 seconds
[2020-01-13T14:06:55.934+0000][1][safepoint    ] Application time: 0.0078645 seconds
[2020-01-13T14:06:55.934+0000][1][safepoint    ] Entering safepoint region: RevokeBias
[2020-01-13T14:06:55.934+0000][1][safepoint    ] Leaving safepoint region
[2020-01-13T14:06:55.934+0000][1][safepoint    ] Total time for which application threads were stopped: 0.0000896 seconds, Stopping threads took: 0.0000124 seconds
[2020-01-13T14:06:56.566+0000][1][safepoint    ] Application time: 0.6327329 seconds
[2020-01-13T14:06:56.567+0000][1][safepoint    ] Entering safepoint region: GenCollectForAllocation
[2020-01-13T14:06:56.567+0000][1][gc,start     ] GC(16) Pause Young (Allocation Failure)
[2020-01-13T14:06:56.567+0000][1][gc,task      ] GC(16) Using 1 workers of 1 for evacuation
[2020-01-13T14:06:56.607+0000][1][gc,age       ] GC(16) Desired survivor size 4358144 bytes, new threshold 6 (max threshold 6)
[2020-01-13T14:06:56.607+0000][1][gc,age       ] GC(16) Age table with threshold 6 (max threshold 6)
[2020-01-13T14:06:56.607+0000][1][gc,age       ] GC(16) - age   1:    1227224 bytes,    1227224 total
[2020-01-13T14:06:56.607+0000][1][gc,heap      ] GC(16) ParNew: 76672K->8435K(76672K)
[2020-01-13T14:06:56.607+0000][1][gc,heap      ] GC(16) CMS: 45807K->54379K(176960K)
[2020-01-13T14:06:56.607+0000][1][gc,metaspace ] GC(16) Metaspace: 32803K->32803K(1079296K)
[2020-01-13T14:06:56.607+0000][1][gc           ] GC(16) Pause Young (Allocation Failure) 119M->61M(247M) 40.132ms
[2020-01-13T14:06:56.607+0000][1][gc,cpu       ] GC(16) User=0.04s Sys=0.00s Real=0.04s
[2020-01-13T14:06:56.607+0000][1][safepoint    ] Leaving safepoint region
[2020-01-13T14:06:56.607+0000][1][safepoint    ] Total time for which application threads were stopped: 0.0403217 seconds, Stopping threads took: 0.0000274 seconds
[2020-01-13T14:06:57.052+0000][1][safepoint    ] Application time: 0.4449599 seconds
[2020-01-13T14:06:57.052+0000][1][safepoint    ] Entering safepoint region: CollectForMetadataAllocation
[2020-01-13T14:06:57.052+0000][1][safepoint    ] Leaving safepoint region
[2020-01-13T14:06:57.052+0000][1][safepoint    ] Total time for which application threads were stopped: 0.0001993 seconds, Stopping threads took: 0.0000229 seconds
[2020-01-13T14:06:57.112+0000][1][safepoint    ] Application time: 0.0601520 seconds
[2020-01-13T14:06:57.113+0000][1][safepoint    ] Entering safepoint region: CollectForMetadataAllocation
[2020-01-13T14:06:57.113+0000][1][safepoint    ] Leaving safepoint region
[2020-01-13T14:06:57.113+0000][1][safepoint    ] Total time for which application threads were stopped: 0.0011759 seconds, Stopping threads took: 0.0009748 seconds
[2020-01-13T14:06:57.163+0000][1][safepoint    ] Application time: 0.0493132 seconds
[2020-01-13T14:06:57.164+0000][1][safepoint    ] Entering safepoint region: CollectForMetadataAllocation
[2020-01-13T14:06:57.164+0000][1][safepoint    ] Leaving safepoint region
[2020-01-13T14:06:57.164+0000][1][safepoint    ] Total time for which application threads were stopped: 0.0013601 seconds, Stopping threads took: 0.0011302 seconds
[2020-01-13T14:06:57.195+0000][1][safepoint    ] Application time: 0.0303405 seconds
[2020-01-13T14:06:57.195+0000][1][safepoint    ] Entering safepoint region: CollectForMetadataAllocation
[2020-01-13T14:06:57.195+0000][1][safepoint    ] Leaving safepoint region
[2020-01-13T14:06:57.195+0000][1][safepoint    ] Total time for which application threads were stopped: 0.0002395 seconds, Stopping threads took: 0.0000358 seconds
[2020-01-13T14:06:57.226+0000][1][safepoint    ] Application time: 0.0308669 seconds
[2020-01-13T14:06:57.226+0000][1][safepoint    ] Entering safepoint region: CollectForMetadataAllocation
[2020-01-13T14:06:57.226+0000][1][safepoint    ] Leaving safepoint region
[2020-01-13T14:06:57.226+0000][1][safepoint    ] Total time for which application threads were stopped: 0.0002224 seconds, Stopping threads took: 0.0000227 seconds
[2020-01-13T14:06:57.264+0000][1][safepoint    ] Application time: 0.0384743 seconds
[2020-01-13T14:06:57.265+0000][1][safepoint    ] Entering safepoint region: CollectForMetadataAllocation
[2020-01-13T14:06:57.265+0000][1][safepoint    ] Leaving safepoint region
[2020-01-13T14:06:57.265+0000][1][safepoint    ] Total time for which application threads were stopped: 0.0002208 seconds, Stopping threads took: 0.0000227 seconds
[2020-01-13T14:06:57.304+0000][1][safepoint    ] Application time: 0.0393708 seconds
[2020-01-13T14:06:57.307+0000][1][safepoint    ] Entering safepoint region: CollectForMetadataAllocation
[2020-01-13T14:06:57.307+0000][1][safepoint    ] Leaving safepoint region
[2020-01-13T14:06:57.308+0000][1][safepoint    ] Total time for which application threads were stopped: 0.0033526 seconds, Stopping threads took: 0.0031688 seconds
[2020-01-13T14:06:57.336+0000][1][safepoint    ] Application time: 0.0285174 seconds
[2020-01-13T14:06:57.336+0000][1][safepoint    ] Entering safepoint region: CollectForMetadataAllocation
[2020-01-13T14:06:57.336+0000][1][safepoint    ] Leaving safepoint region
[2020-01-13T14:06:57.336+0000][1][safepoint    ] Total time for which application threads were stopped: 0.0002600 seconds, Stopping threads took: 0.0000247 seconds
[2020-01-13T14:06:57.388+0000][1][safepoint    ] Application time: 0.0515962 seconds
[2020-01-13T14:06:57.388+0000][1][safepoint    ] Entering safepoint region: CollectForMetadataAllocation
[2020-01-13T14:06:57.388+0000][1][safepoint    ] Leaving safepoint region
[2020-01-13T14:06:57.388+0000][1][safepoint    ] Total time for which application threads were stopped: 0.0002424 seconds, Stopping threads took: 0.0000262 seconds
[2020-01-13T14:06:57.436+0000][1][safepoint    ] Application time: 0.0480844 seconds
[2020-01-13T14:06:57.436+0000][1][safepoint    ] Entering safepoint region: CollectForMetadataAllocation
[2020-01-13T14:06:57.437+0000][1][safepoint    ] Leaving safepoint region
[2020-01-13T14:06:57.437+0000][1][safepoint    ] Total time for which application threads were stopped: 0.0002343 seconds, Stopping threads took: 0.0000204 seconds
[2020-01-13T14:06:57.450+0000][1][safepoint    ] Application time: 0.0137462 seconds
[2020-01-13T14:06:57.450+0000][1][safepoint    ] Entering safepoint region: RevokeBias
[2020-01-13T14:06:57.450+0000][1][safepoint    ] Leaving safepoint region
[2020-01-13T14:06:57.450+0000][1][safepoint    ] Total time for which application threads were stopped: 0.0001237 seconds, Stopping threads took: 0.0000209 seconds
[2020-01-13T14:06:57.466+0000][1][safepoint    ] Application time: 0.0150095 seconds
[2020-01-13T14:06:57.466+0000][1][safepoint    ] Entering safepoint region: CollectForMetadataAllocation
[2020-01-13T14:06:57.466+0000][1][safepoint    ] Leaving safepoint region
[2020-01-13T14:06:57.466+0000][1][safepoint    ] Total time for which application threads were stopped: 0.0002071 seconds, Stopping threads took: 0.0000174 seconds
[2020-01-13T14:06:57.522+0000][1][safepoint    ] Application time: 0.0557596 seconds
[2020-01-13T14:06:57.522+0000][1][safepoint    ] Entering safepoint region: CollectForMetadataAllocation
[2020-01-13T14:06:57.522+0000][1][safepoint    ] Leaving safepoint region
[2020-01-13T14:06:57.522+0000][1][safepoint    ] Total time for which application threads were stopped: 0.0002608 seconds, Stopping threads took: 0.0000241 seconds
[2020-01-13T14:06:57.574+0000][1][safepoint    ] Application time: 0.0518936 seconds
[2020-01-13T14:06:57.574+0000][1][safepoint    ] Entering safepoint region: CollectForMetadataAllocation
[2020-01-13T14:06:57.574+0000][1][safepoint    ] Leaving safepoint region
[2020-01-13T14:06:57.574+0000][1][safepoint    ] Total time for which application threads were stopped: 0.0002280 seconds, Stopping threads took: 0.0000255 seconds
[2020-01-13T14:06:57.599+0000][1][safepoint    ] Application time: 0.0249569 seconds
[2020-01-13T14:06:57.599+0000][1][safepoint    ] Entering safepoint region: CollectForMetadataAllocation
[2020-01-13T14:06:57.599+0000][1][safepoint    ] Leaving safepoint region
[2020-01-13T14:06:57.599+0000][1][safepoint    ] Total time for which application threads were stopped: 0.0002404 seconds, Stopping threads took: 0.0000228 seconds
[2020-01-13T14:06:57.645+0000][1][safepoint    ] Application time: 0.0453124 seconds
[2020-01-13T14:06:57.645+0000][1][safepoint    ] Entering safepoint region: CollectForMetadataAllocation
[2020-01-13T14:06:57.645+0000][1][safepoint    ] Leaving safepoint region
[2020-01-13T14:06:57.645+0000][1][safepoint    ] Total time for which application threads were stopped: 0.0002240 seconds, Stopping threads took: 0.0000250 seconds
[2020-01-13T14:06:57.698+0000][1][safepoint    ] Application time: 0.0531403 seconds
[2020-01-13T14:06:57.701+0000][1][safepoint    ] Entering safepoint region: CollectForMetadataAllocation
[2020-01-13T14:06:57.701+0000][1][safepoint    ] Leaving safepoint region
[2020-01-13T14:06:57.702+0000][1][safepoint    ] Total time for which application threads were stopped: 0.0034828 seconds, Stopping threads took: 0.0032804 seconds
[2020-01-13T14:06:57.744+0000][1][safepoint    ] Application time: 0.0429195 seconds
[2020-01-13T14:06:57.744+0000][1][safepoint    ] Entering safepoint region: CollectForMetadataAllocation
[2020-01-13T14:06:57.745+0000][1][safepoint    ] Leaving safepoint region
[2020-01-13T14:06:57.745+0000][1][safepoint    ] Total time for which application threads were stopped: 0.0002233 seconds, Stopping threads took: 0.0000257 seconds
[2020-01-13T14:06:57.785+0000][1][safepoint    ] Application time: 0.0405176 seconds
[2020-01-13T14:06:57.785+0000][1][safepoint    ] Entering safepoint region: CollectForMetadataAllocation
[2020-01-13T14:06:57.785+0000][1][safepoint    ] Leaving safepoint region
[2020-01-13T14:06:57.785+0000][1][safepoint    ] Total time for which application threads were stopped: 0.0002148 seconds, Stopping threads took: 0.0000219 seconds
[2020-01-13T14:06:57.816+0000][1][safepoint    ] Application time: 0.0305169 seconds
[2020-01-13T14:06:57.816+0000][1][safepoint    ] Entering safepoint region: CollectForMetadataAllocation
[2020-01-13T14:06:57.816+0000][1][safepoint    ] Leaving safepoint region
[2020-01-13T14:06:57.816+0000][1][safepoint    ] Total time for which application threads were stopped: 0.0002896 seconds, Stopping threads took: 0.0000717 seconds
[2020-01-13T14:06:57.857+0000][1][safepoint    ] Application time: 0.0401953 seconds
[2020-01-13T14:06:57.860+0000][1][safepoint    ] Entering safepoint region: GenCollectForAllocation
[2020-01-13T14:06:57.860+0000][1][gc,start     ] GC(17) Pause Young (Allocation Failure)
[2020-01-13T14:06:57.860+0000][1][gc,task      ] GC(17) Using 1 workers of 1 for evacuation
[2020-01-13T14:06:57.878+0000][1][gc,age       ] GC(17) Desired survivor size 4358144 bytes, new threshold 6 (max threshold 6)
[2020-01-13T14:06:57.879+0000][1][gc,age       ] GC(17) Age table with threshold 6 (max threshold 6)
[2020-01-13T14:06:57.879+0000][1][gc,age       ] GC(17) - age   1:    2839272 bytes,    2839272 total
[2020-01-13T14:06:57.879+0000][1][gc,age       ] GC(17) - age   2:    1166832 bytes,    4006104 total
[2020-01-13T14:06:57.879+0000][1][gc,heap      ] GC(17) ParNew: 76595K->4666K(76672K)
[2020-01-13T14:06:57.879+0000][1][gc,heap      ] GC(17) CMS: 54379K->54379K(176960K)
[2020-01-13T14:06:57.879+0000][1][gc,metaspace ] GC(17) Metaspace: 39472K->39472K(1085440K)
[2020-01-13T14:06:57.879+0000][1][gc           ] GC(17) Pause Young (Allocation Failure) 127M->57M(247M) 18.169ms
[2020-01-13T14:06:57.879+0000][1][gc,cpu       ] GC(17) User=0.01s Sys=0.00s Real=0.02s
[2020-01-13T14:06:57.879+0000][1][safepoint    ] Leaving safepoint region
[2020-01-13T14:06:57.879+0000][1][safepoint    ] Total time for which application threads were stopped: 0.0220497 seconds, Stopping threads took: 0.0037259 seconds
[2020-01-13T14:06:57.886+0000][1][safepoint    ] Application time: 0.0072632 seconds
[2020-01-13T14:06:57.886+0000][1][safepoint    ] Entering safepoint region: CollectForMetadataAllocation
[2020-01-13T14:06:57.886+0000][1][safepoint    ] Leaving safepoint region
[2020-01-13T14:06:57.886+0000][1][safepoint    ] Total time for which application threads were stopped: 0.0002328 seconds, Stopping threads took: 0.0000125 seconds
[2020-01-13T14:06:57.890+0000][1][safepoint    ] Application time: 0.0033699 seconds
[2020-01-13T14:06:57.890+0000][1][safepoint    ] Entering safepoint region: CMS_Initial_Mark
[2020-01-13T14:06:57.890+0000][1][gc,start     ] GC(18) Pause Initial Mark
[2020-01-13T14:06:57.896+0000][1][gc           ] GC(18) Pause Initial Mark 58M->58M(247M) 6.353ms
[2020-01-13T14:06:57.896+0000][1][gc,cpu       ] GC(18) User=0.01s Sys=0.00s Real=0.00s
[2020-01-13T14:06:57.896+0000][1][safepoint    ] Leaving safepoint region
[2020-01-13T14:06:57.896+0000][1][safepoint    ] Total time for which application threads were stopped: 0.0065467 seconds, Stopping threads took: 0.0000741 seconds
[2020-01-13T14:06:57.896+0000][1][gc           ] GC(18) Concurrent Mark
[2020-01-13T14:06:57.956+0000][1][safepoint    ] Application time: 0.0596482 seconds
[2020-01-13T14:06:57.956+0000][1][safepoint    ] Entering safepoint region: CollectForMetadataAllocation
[2020-01-13T14:06:57.956+0000][1][safepoint    ] Leaving safepoint region
[2020-01-13T14:06:57.956+0000][1][safepoint    ] Total time for which application threads were stopped: 0.0002349 seconds, Stopping threads took: 0.0000114 seconds
[2020-01-13T14:06:58.019+0000][1][safepoint    ] Application time: 0.0628309 seconds
[2020-01-13T14:06:58.019+0000][1][safepoint    ] Entering safepoint region: CollectForMetadataAllocation
[2020-01-13T14:06:58.020+0000][1][safepoint    ] Leaving safepoint region
[2020-01-13T14:06:58.020+0000][1][safepoint    ] Total time for which application threads were stopped: 0.0006013 seconds, Stopping threads took: 0.0003736 seconds
[2020-01-13T14:06:58.065+0000][1][gc           ] GC(18) Concurrent Mark 168.668ms
[2020-01-13T14:06:58.065+0000][1][gc,cpu       ] GC(18) User=0.16s Sys=0.00s Real=0.17s
[2020-01-13T14:06:58.065+0000][1][gc           ] GC(18) Concurrent Preclean
[2020-01-13T14:06:58.066+0000][1][gc           ] GC(18) Concurrent Preclean 1.136ms
[2020-01-13T14:06:58.066+0000][1][gc,cpu       ] GC(18) User=0.00s Sys=0.00s Real=0.00s
[2020-01-13T14:06:58.066+0000][1][gc           ] GC(18) Concurrent Abortable Preclean
[2020-01-13T14:06:58.097+0000][1][safepoint    ] Application time: 0.0775253 seconds
[2020-01-13T14:06:58.100+0000][1][safepoint    ] Entering safepoint region: CollectForMetadataAllocation
[2020-01-13T14:06:58.100+0000][1][safepoint    ] Leaving safepoint region
[2020-01-13T14:06:58.100+0000][1][safepoint    ] Total time for which application threads were stopped: 0.0028458 seconds, Stopping threads took: 0.0026321 seconds
[2020-01-13T14:06:58.169+0000][1][safepoint    ] Application time: 0.0692449 seconds
[2020-01-13T14:06:58.174+0000][1][safepoint    ] Entering safepoint region: CollectForMetadataAllocation
[2020-01-13T14:06:58.175+0000][1][safepoint    ] Leaving safepoint region
[2020-01-13T14:06:58.175+0000][1][safepoint    ] Total time for which application threads were stopped: 0.0042954 seconds, Stopping threads took: 0.0040843 seconds
[2020-01-13T14:06:58.261+0000][1][safepoint    ] Application time: 0.0863969 seconds
[2020-01-13T14:06:58.261+0000][1][safepoint    ] Entering safepoint region: CollectForMetadataAllocation
[2020-01-13T14:06:58.261+0000][1][safepoint    ] Leaving safepoint region
[2020-01-13T14:06:58.261+0000][1][safepoint    ] Total time for which application threads were stopped: 0.0002531 seconds, Stopping threads took: 0.0000244 seconds
[2020-01-13T14:06:58.368+0000][1][safepoint    ] Application time: 0.1070410 seconds
[2020-01-13T14:06:58.368+0000][1][safepoint    ] Entering safepoint region: CollectForMetadataAllocation
[2020-01-13T14:06:58.368+0000][1][safepoint    ] Leaving safepoint region
[2020-01-13T14:06:58.368+0000][1][safepoint    ] Total time for which application threads were stopped: 0.0001701 seconds, Stopping threads took: 0.0000151 seconds
[2020-01-13T14:06:58.418+0000][1][safepoint    ] Application time: 0.0497750 seconds
[2020-01-13T14:06:58.418+0000][1][safepoint    ] Entering safepoint region: CollectForMetadataAllocation
[2020-01-13T14:06:58.419+0000][1][safepoint    ] Leaving safepoint region
[2020-01-13T14:06:58.419+0000][1][safepoint    ] Total time for which application threads were stopped: 0.0002481 seconds, Stopping threads took: 0.0000160 seconds
[2020-01-13T14:06:58.440+0000][1][safepoint    ] Application time: 0.0216289 seconds
[2020-01-13T14:06:58.444+0000][1][safepoint    ] Entering safepoint region: RevokeBias
[2020-01-13T14:06:58.444+0000][1][safepoint    ] Leaving safepoint region
[2020-01-13T14:06:58.444+0000][1][safepoint    ] Total time for which application threads were stopped: 0.0041460 seconds, Stopping threads took: 0.0040380 seconds
[2020-01-13T14:06:58.444+0000][1][safepoint    ] Application time: 0.0000662 seconds
[2020-01-13T14:06:58.444+0000][1][safepoint    ] Entering safepoint region: RevokeBias
[2020-01-13T14:06:58.445+0000][1][safepoint    ] Leaving safepoint region
[2020-01-13T14:06:58.445+0000][1][safepoint    ] Total time for which application threads were stopped: 0.0000439 seconds, Stopping threads took: 0.0000057 seconds
[2020-01-13T14:06:58.511+0000][1][safepoint    ] Application time: 0.0667311 seconds
[2020-01-13T14:06:58.511+0000][1][safepoint    ] Entering safepoint region: CollectForMetadataAllocation
[2020-01-13T14:06:58.512+0000][1][safepoint    ] Leaving safepoint region
[2020-01-13T14:06:58.512+0000][1][safepoint    ] Total time for which application threads were stopped: 0.0002179 seconds, Stopping threads took: 0.0000130 seconds
[2020-01-13T14:06:59.518+0000][1][safepoint    ] Application time: 1.0067384 seconds
[2020-01-13T14:06:59.524+0000][1][safepoint    ] Entering safepoint region: Cleanup
[2020-01-13T14:06:59.524+0000][1][safepoint    ] Leaving safepoint region
[2020-01-13T14:06:59.524+0000][1][safepoint    ] Total time for which application threads were stopped: 0.0053507 seconds, Stopping threads took: 0.0052901 seconds
[2020-01-13T14:07:00.123+0000][1][safepoint    ] Application time: 0.5990323 seconds
[2020-01-13T14:07:00.123+0000][1][safepoint    ] Entering safepoint region: CollectForMetadataAllocation
[2020-01-13T14:07:00.123+0000][1][safepoint    ] Leaving safepoint region
[2020-01-13T14:07:00.123+0000][1][safepoint    ] Total time for which application threads were stopped: 0.0002048 seconds, Stopping threads took: 0.0000241 seconds
[2020-01-13T14:07:00.206+0000][1][safepoint    ] Application time: 0.0828907 seconds
[2020-01-13T14:07:00.206+0000][1][safepoint    ] Entering safepoint region: CollectForMetadataAllocation
[2020-01-13T14:07:00.206+0000][1][safepoint    ] Leaving safepoint region
[2020-01-13T14:07:00.206+0000][1][safepoint    ] Total time for which application threads were stopped: 0.0002476 seconds, Stopping threads took: 0.0000118 seconds
[2020-01-13T14:07:00.323+0000][1][safepoint    ] Application time: 0.1171215 seconds
[2020-01-13T14:07:00.323+0000][1][safepoint    ] Entering safepoint region: CollectForMetadataAllocation
[2020-01-13T14:07:00.324+0000][1][safepoint    ] Leaving safepoint region
[2020-01-13T14:07:00.324+0000][1][safepoint    ] Total time for which application threads were stopped: 0.0002256 seconds, Stopping threads took: 0.0000115 seconds
[2020-01-13T14:07:00.665+0000][1][gc           ] GC(18) Concurrent Abortable Preclean 2599.364ms
[2020-01-13T14:07:00.665+0000][1][gc,cpu       ] GC(18) User=2.55s Sys=0.03s Real=2.60s
[2020-01-13T14:07:00.666+0000][1][safepoint    ] Application time: 0.3419695 seconds
[2020-01-13T14:07:00.672+0000][1][safepoint    ] Entering safepoint region: CMS_Final_Remark
[2020-01-13T14:07:00.672+0000][1][gc,start     ] GC(18) Pause Remark
[2020-01-13T14:07:00.708+0000][1][gc           ] GC(18) Pause Remark 107M->107M(247M) 36.325ms
[2020-01-13T14:07:00.708+0000][1][gc,cpu       ] GC(18) User=0.03s Sys=0.00s Real=0.04s
[2020-01-13T14:07:00.708+0000][1][safepoint    ] Leaving safepoint region
[2020-01-13T14:07:00.708+0000][1][safepoint    ] Total time for which application threads were stopped: 0.0426499 seconds, Stopping threads took: 0.0061247 seconds
[2020-01-13T14:07:00.719+0000][1][gc           ] GC(18) Concurrent Sweep
[2020-01-13T14:07:00.759+0000][1][safepoint    ] Application time: 0.0512689 seconds
[2020-01-13T14:07:00.759+0000][1][safepoint    ] Entering safepoint region: CollectForMetadataAllocation
[2020-01-13T14:07:00.761+0000][1][safepoint    ] Leaving safepoint region
[2020-01-13T14:07:00.761+0000][1][safepoint    ] Total time for which application threads were stopped: 0.0011080 seconds, Stopping threads took: 0.0000120 seconds
[2020-01-13T14:07:00.780+0000][1][gc           ] GC(18) Concurrent Sweep 60.612ms
[2020-01-13T14:07:00.780+0000][1][gc,cpu       ] GC(18) User=0.07s Sys=0.00s Real=0.06s
[2020-01-13T14:07:00.780+0000][1][gc           ] GC(18) Concurrent Reset
[2020-01-13T14:07:00.780+0000][1][gc           ] GC(18) Concurrent Reset 0.435ms
[2020-01-13T14:07:00.780+0000][1][gc,cpu       ] GC(18) User=0.00s Sys=0.00s Real=0.00s
[2020-01-13T14:07:00.780+0000][1][gc,heap      ] GC(18) Old: 54379K->54167K(176960K)
[2020-01-13T14:07:01.076+0000][1][safepoint    ] Application time: 0.3149736 seconds
[2020-01-13T14:07:01.076+0000][1][safepoint    ] Entering safepoint region: GenCollectForAllocation
[2020-01-13T14:07:01.076+0000][1][gc,start     ] GC(19) Pause Young (Allocation Failure)
[2020-01-13T14:07:01.076+0000][1][gc,task      ] GC(19) Using 1 workers of 1 for evacuation
[2020-01-13T14:07:01.112+0000][1][gc,age       ] GC(19) Desired survivor size 4358144 bytes, new threshold 2 (max threshold 6)
[2020-01-13T14:07:01.112+0000][1][gc,age       ] GC(19) Age table with threshold 2 (max threshold 6)
[2020-01-13T14:07:01.112+0000][1][gc,age       ] GC(19) - age   1:    2792576 bytes,    2792576 total
[2020-01-13T14:07:01.112+0000][1][gc,age       ] GC(19) - age   2:    2761896 bytes,    5554472 total
[2020-01-13T14:07:01.112+0000][1][gc,age       ] GC(19) - age   3:    1165008 bytes,    6719480 total
[2020-01-13T14:07:01.112+0000][1][gc,heap      ] GC(19) ParNew: 72826K->7035K(76672K)
[2020-01-13T14:07:01.112+0000][1][gc,heap      ] GC(19) CMS: 54167K->54167K(176960K)
[2020-01-13T14:07:01.112+0000][1][gc,metaspace ] GC(19) Metaspace: 44697K->44697K(1091584K)
[2020-01-13T14:07:01.112+0000][1][gc           ] GC(19) Pause Young (Allocation Failure) 124M->59M(247M) 36.070ms
[2020-01-13T14:07:01.112+0000][1][gc,cpu       ] GC(19) User=0.04s Sys=0.00s Real=0.04s
[2020-01-13T14:07:01.112+0000][1][safepoint    ] Leaving safepoint region
[2020-01-13T14:07:01.112+0000][1][safepoint    ] Total time for which application threads were stopped: 0.0362250 seconds, Stopping threads took: 0.0000217 seconds
[2020-01-13T14:07:01.117+0000][1][safepoint    ] Application time: 0.0051947 seconds
[2020-01-13T14:07:01.117+0000][1][safepoint    ] Entering safepoint region: RevokeBias
[2020-01-13T14:07:01.117+0000][1][safepoint    ] Leaving safepoint region
[2020-01-13T14:07:01.117+0000][1][safepoint    ] Total time for which application threads were stopped: 0.0000954 seconds, Stopping threads took: 0.0000217 seconds
[2020-01-13T14:07:01.125+0000][1][safepoint    ] Application time: 0.0074963 seconds
[2020-01-13T14:07:01.128+0000][1][safepoint    ] Entering safepoint region: RevokeBias
[2020-01-13T14:07:01.128+0000][1][safepoint    ] Leaving safepoint region
[2020-01-13T14:07:01.128+0000][1][safepoint    ] Total time for which application threads were stopped: 0.0036687 seconds, Stopping threads took: 0.0035691 seconds
[2020-01-13T14:07:01.462+0000][1][safepoint    ] Application time: 0.3340666 seconds
[2020-01-13T14:07:01.465+0000][1][safepoint    ] Entering safepoint region: RevokeBias
[2020-01-13T14:07:01.465+0000][1][safepoint    ] Leaving safepoint region
[2020-01-13T14:07:01.465+0000][1][safepoint    ] Total time for which application threads were stopped: 0.0028291 seconds, Stopping threads took: 0.0022294 seconds
[2020-01-13T14:07:01.485+0000][1][safepoint    ] Application time: 0.0199214 seconds
[2020-01-13T14:07:01.485+0000][1][safepoint    ] Entering safepoint region: RevokeBias
[2020-01-13T14:07:01.485+0000][1][safepoint    ] Leaving safepoint region
[2020-01-13T14:07:01.485+0000][1][safepoint    ] Total time for which application threads were stopped: 0.0001068 seconds, Stopping threads took: 0.0000257 seconds
[2020-01-13T14:07:01.486+0000][1][safepoint    ] Application time: 0.0002070 seconds
[2020-01-13T14:07:01.486+0000][1][safepoint    ] Entering safepoint region: RevokeBias
[2020-01-13T14:07:01.486+0000][1][safepoint    ] Leaving safepoint region
[2020-01-13T14:07:01.486+0000][1][safepoint    ] Total time for which application threads were stopped: 0.0000451 seconds, Stopping threads took: 0.0000057 seconds
[2020-01-13T14:07:01.486+0000][1][safepoint    ] Application time: 0.0000219 seconds
[2020-01-13T14:07:01.486+0000][1][safepoint    ] Entering safepoint region: RevokeBias
[2020-01-13T14:07:01.486+0000][1][safepoint    ] Leaving safepoint region
[2020-01-13T14:07:01.486+0000][1][safepoint    ] Total time for which application threads were stopped: 0.0000254 seconds, Stopping threads took: 0.0000044 seconds
[2020-01-13T14:07:01.565+0000][1][safepoint    ] Application time: 0.0796976 seconds
[2020-01-13T14:07:01.566+0000][1][safepoint    ] Entering safepoint region: RevokeBias
[2020-01-13T14:07:01.566+0000][1][safepoint    ] Leaving safepoint region
[2020-01-13T14:07:01.566+0000][1][safepoint    ] Total time for which application threads were stopped: 0.0001228 seconds, Stopping threads took: 0.0000389 seconds
[2020-01-13T14:07:01.566+0000][1][safepoint    ] Application time: 0.0000559 seconds
[2020-01-13T14:07:01.566+0000][1][safepoint    ] Entering safepoint region: RevokeBias
[2020-01-13T14:07:01.566+0000][1][safepoint    ] Leaving safepoint region
[2020-01-13T14:07:01.566+0000][1][safepoint    ] Total time for which application threads were stopped: 0.0000451 seconds, Stopping threads took: 0.0000135 seconds
[2020-01-13T14:07:01.566+0000][1][safepoint    ] Application time: 0.0000250 seconds
[2020-01-13T14:07:01.566+0000][1][safepoint    ] Entering safepoint region: RevokeBias
[2020-01-13T14:07:01.566+0000][1][safepoint    ] Leaving safepoint region
[2020-01-13T14:07:01.566+0000][1][safepoint    ] Total time for which application threads were stopped: 0.0000396 seconds, Stopping threads took: 0.0000125 seconds
[2020-01-13T14:07:01.566+0000][1][safepoint    ] Application time: 0.0000758 seconds
[2020-01-13T14:07:01.566+0000][1][safepoint    ] Entering safepoint region: RevokeBias
[2020-01-13T14:07:01.566+0000][1][safepoint    ] Leaving safepoint region
[2020-01-13T14:07:01.566+0000][1][safepoint    ] Total time for which application threads were stopped: 0.0000416 seconds, Stopping threads took: 0.0000131 seconds
[2020-01-13T14:07:01.566+0000][1][safepoint    ] Application time: 0.0005431 seconds
[2020-01-13T14:07:01.566+0000][1][safepoint    ] Entering safepoint region: RevokeBias
[2020-01-13T14:07:01.567+0000][1][safepoint    ] Leaving safepoint region
[2020-01-13T14:07:01.567+0000][1][safepoint    ] Total time for which application threads were stopped: 0.0000695 seconds, Stopping threads took: 0.0000169 seconds
[2020-01-13T14:07:01.567+0000][1][safepoint    ] Application time: 0.0000506 seconds
[2020-01-13T14:07:01.567+0000][1][safepoint    ] Entering safepoint region: RevokeBias
[2020-01-13T14:07:01.567+0000][1][safepoint    ] Leaving safepoint region
[2020-01-13T14:07:01.567+0000][1][safepoint    ] Total time for which application threads were stopped: 0.0000417 seconds, Stopping threads took: 0.0000130 seconds
[2020-01-13T14:07:01.567+0000][1][safepoint    ] Application time: 0.0001350 seconds
[2020-01-13T14:07:01.567+0000][1][safepoint    ] Entering safepoint region: RevokeBias
[2020-01-13T14:07:01.567+0000][1][safepoint    ] Leaving safepoint region
[2020-01-13T14:07:01.567+0000][1][safepoint    ] Total time for which application threads were stopped: 0.0000506 seconds, Stopping threads took: 0.0000138 seconds
[2020-01-13T14:07:01.567+0000][1][safepoint    ] Application time: 0.0000227 seconds
[2020-01-13T14:07:01.567+0000][1][safepoint    ] Entering safepoint region: RevokeBias
[2020-01-13T14:07:01.567+0000][1][safepoint    ] Leaving safepoint region
[2020-01-13T14:07:01.567+0000][1][safepoint    ] Total time for which application threads were stopped: 0.0000385 seconds, Stopping threads took: 0.0000125 seconds
[2020-01-13T14:07:01.567+0000][1][safepoint    ] Application time: 0.0000192 seconds
[2020-01-13T14:07:01.567+0000][1][safepoint    ] Entering safepoint region: RevokeBias
[2020-01-13T14:07:01.567+0000][1][safepoint    ] Leaving safepoint region
[2020-01-13T14:07:01.567+0000][1][safepoint    ] Total time for which application threads were stopped: 0.0000380 seconds, Stopping threads took: 0.0000122 seconds
[2020-01-13T14:07:01.567+0000][1][safepoint    ] Application time: 0.0000192 seconds
[2020-01-13T14:07:01.567+0000][1][safepoint    ] Entering safepoint region: RevokeBias
[2020-01-13T14:07:01.567+0000][1][safepoint    ] Leaving safepoint region
[2020-01-13T14:07:01.567+0000][1][safepoint    ] Total time for which application threads were stopped: 0.0000511 seconds, Stopping threads took: 0.0000124 seconds
[2020-01-13T14:07:01.567+0000][1][safepoint    ] Application time: 0.0000208 seconds
[2020-01-13T14:07:01.567+0000][1][safepoint    ] Entering safepoint region: RevokeBias
[2020-01-13T14:07:01.567+0000][1][safepoint    ] Leaving safepoint region
[2020-01-13T14:07:01.567+0000][1][safepoint    ] Total time for which application threads were stopped: 0.0000383 seconds, Stopping threads took: 0.0000121 seconds
[2020-01-13T14:07:01.567+0000][1][safepoint    ] Application time: 0.0000197 seconds
[2020-01-13T14:07:01.567+0000][1][safepoint    ] Entering safepoint region: RevokeBias
[2020-01-13T14:07:01.567+0000][1][safepoint    ] Leaving safepoint region
[2020-01-13T14:07:01.567+0000][1][safepoint    ] Total time for which application threads were stopped: 0.0000378 seconds, Stopping threads took: 0.0000120 seconds
[2020-01-13T14:07:01.567+0000][1][safepoint    ] Application time: 0.0000350 seconds
[2020-01-13T14:07:01.567+0000][1][safepoint    ] Entering safepoint region: RevokeBias
[2020-01-13T14:07:01.567+0000][1][safepoint    ] Leaving safepoint region
[2020-01-13T14:07:01.567+0000][1][safepoint    ] Total time for which application threads were stopped: 0.0000390 seconds, Stopping threads took: 0.0000124 seconds
[2020-01-13T14:07:01.567+0000][1][safepoint    ] Application time: 0.0000206 seconds
[2020-01-13T14:07:01.567+0000][1][safepoint    ] Entering safepoint region: RevokeBias
[2020-01-13T14:07:01.567+0000][1][safepoint    ] Leaving safepoint region
[2020-01-13T14:07:01.567+0000][1][safepoint    ] Total time for which application threads were stopped: 0.0000376 seconds, Stopping threads took: 0.0000120 seconds
[2020-01-13T14:07:01.567+0000][1][safepoint    ] Application time: 0.0000192 seconds
[2020-01-13T14:07:01.567+0000][1][safepoint    ] Entering safepoint region: RevokeBias
[2020-01-13T14:07:01.567+0000][1][safepoint    ] Leaving safepoint region
[2020-01-13T14:07:01.567+0000][1][safepoint    ] Total time for which application threads were stopped: 0.0000375 seconds, Stopping threads took: 0.0000120 seconds
[2020-01-13T14:07:01.567+0000][1][safepoint    ] Application time: 0.0000194 seconds
[2020-01-13T14:07:01.567+0000][1][safepoint    ] Entering safepoint region: RevokeBias
[2020-01-13T14:07:01.568+0000][1][safepoint    ] Leaving safepoint region
[2020-01-13T14:07:01.568+0000][1][safepoint    ] Total time for which application threads were stopped: 0.0000375 seconds, Stopping threads took: 0.0000120 seconds
[2020-01-13T14:07:01.568+0000][1][safepoint    ] Application time: 0.0000211 seconds
[2020-01-13T14:07:01.568+0000][1][safepoint    ] Entering safepoint region: RevokeBias
[2020-01-13T14:07:01.568+0000][1][safepoint    ] Leaving safepoint region
[2020-01-13T14:07:01.568+0000][1][safepoint    ] Total time for which application threads were stopped: 0.0000380 seconds, Stopping threads took: 0.0000121 seconds
[2020-01-13T14:07:01.568+0000][1][safepoint    ] Application time: 0.0000236 seconds
[2020-01-13T14:07:01.568+0000][1][safepoint    ] Entering safepoint region: RevokeBias
[2020-01-13T14:07:01.568+0000][1][safepoint    ] Leaving safepoint region
[2020-01-13T14:07:01.568+0000][1][safepoint    ] Total time for which application threads were stopped: 0.0000377 seconds, Stopping threads took: 0.0000121 seconds
[2020-01-13T14:07:01.568+0000][1][safepoint    ] Application time: 0.0000197 seconds
[2020-01-13T14:07:01.568+0000][1][safepoint    ] Entering safepoint region: RevokeBias
[2020-01-13T14:07:01.568+0000][1][safepoint    ] Leaving safepoint region
[2020-01-13T14:07:01.568+0000][1][safepoint    ] Total time for which application threads were stopped: 0.0000375 seconds, Stopping threads took: 0.0000120 seconds
[2020-01-13T14:07:01.568+0000][1][safepoint    ] Application time: 0.0000201 seconds
[2020-01-13T14:07:01.568+0000][1][safepoint    ] Entering safepoint region: RevokeBias
[2020-01-13T14:07:01.568+0000][1][safepoint    ] Leaving safepoint region
[2020-01-13T14:07:01.568+0000][1][safepoint    ] Total time for which application threads were stopped: 0.0000375 seconds, Stopping threads took: 0.0000119 seconds
[2020-01-13T14:07:01.568+0000][1][safepoint    ] Application time: 0.0000214 seconds
[2020-01-13T14:07:01.568+0000][1][safepoint    ] Entering safepoint region: RevokeBias
[2020-01-13T14:07:01.568+0000][1][safepoint    ] Leaving safepoint region
[2020-01-13T14:07:01.568+0000][1][safepoint    ] Total time for which application threads were stopped: 0.0000377 seconds, Stopping threads took: 0.0000121 seconds
[2020-01-13T14:07:01.568+0000][1][safepoint    ] Application time: 0.0000199 seconds
[2020-01-13T14:07:01.568+0000][1][safepoint    ] Entering safepoint region: RevokeBias
[2020-01-13T14:07:01.568+0000][1][safepoint    ] Leaving safepoint region
[2020-01-13T14:07:01.568+0000][1][safepoint    ] Total time for which application threads were stopped: 0.0000374 seconds, Stopping threads took: 0.0000120 seconds
[2020-01-13T14:07:01.568+0000][1][safepoint    ] Application time: 0.0000229 seconds
[2020-01-13T14:07:01.568+0000][1][safepoint    ] Entering safepoint region: RevokeBias
[2020-01-13T14:07:01.568+0000][1][safepoint    ] Leaving safepoint region
[2020-01-13T14:07:01.568+0000][1][safepoint    ] Total time for which application threads were stopped: 0.0000375 seconds, Stopping threads took: 0.0000120 seconds
[2020-01-13T14:07:01.568+0000][1][safepoint    ] Application time: 0.0000206 seconds
[2020-01-13T14:07:01.568+0000][1][safepoint    ] Entering safepoint region: RevokeBias
[2020-01-13T14:07:01.568+0000][1][safepoint    ] Leaving safepoint region
[2020-01-13T14:07:01.568+0000][1][safepoint    ] Total time for which application threads were stopped: 0.0000438 seconds, Stopping threads took: 0.0000121 seconds
[2020-01-13T14:07:01.568+0000][1][safepoint    ] Application time: 0.0000235 seconds
[2020-01-13T14:07:01.568+0000][1][safepoint    ] Entering safepoint region: RevokeBias
[2020-01-13T14:07:01.568+0000][1][safepoint    ] Leaving safepoint region
[2020-01-13T14:07:01.568+0000][1][safepoint    ] Total time for which application threads were stopped: 0.0000380 seconds, Stopping threads took: 0.0000121 seconds
[2020-01-13T14:07:01.568+0000][1][safepoint    ] Application time: 0.0000206 seconds
[2020-01-13T14:07:01.568+0000][1][safepoint    ] Entering safepoint region: BulkRevokeBias
[2020-01-13T14:07:01.568+0000][1][safepoint    ] Leaving safepoint region
[2020-01-13T14:07:01.568+0000][1][safepoint    ] Total time for which application threads were stopped: 0.0001249 seconds, Stopping threads took: 0.0000122 seconds
[2020-01-13T14:07:01.568+0000][1][safepoint    ] Application time: 0.0001073 seconds
[2020-01-13T14:07:01.568+0000][1][safepoint    ] Entering safepoint region: RevokeBias
[2020-01-13T14:07:01.568+0000][1][safepoint    ] Leaving safepoint region
[2020-01-13T14:07:01.568+0000][1][safepoint    ] Total time for which application threads were stopped: 0.0000582 seconds, Stopping threads took: 0.0000177 seconds
[2020-01-13T14:07:01.569+0000][1][safepoint    ] Application time: 0.0002350 seconds
[2020-01-13T14:07:01.569+0000][1][safepoint    ] Entering safepoint region: RevokeBias
[2020-01-13T14:07:01.569+0000][1][safepoint    ] Leaving safepoint region
[2020-01-13T14:07:01.569+0000][1][safepoint    ] Total time for which application threads were stopped: 0.0000503 seconds, Stopping threads took: 0.0000064 seconds
[2020-01-13T14:07:01.569+0000][1][safepoint    ] Application time: 0.0000456 seconds
[2020-01-13T14:07:01.569+0000][1][safepoint    ] Entering safepoint region: RevokeBias
[2020-01-13T14:07:01.569+0000][1][safepoint    ] Leaving safepoint region
[2020-01-13T14:07:01.569+0000][1][safepoint    ] Total time for which application threads were stopped: 0.0000453 seconds, Stopping threads took: 0.0000129 seconds
[2020-01-13T14:07:01.569+0000][1][safepoint    ] Application time: 0.0000812 seconds
[2020-01-13T14:07:01.569+0000][1][safepoint    ] Entering safepoint region: RevokeBias
[2020-01-13T14:07:01.569+0000][1][safepoint    ] Leaving safepoint region
[2020-01-13T14:07:01.569+0000][1][safepoint    ] Total time for which application threads were stopped: 0.0000464 seconds, Stopping threads took: 0.0000167 seconds
[2020-01-13T14:07:01.569+0000][1][safepoint    ] Application time: 0.0000334 seconds
[2020-01-13T14:07:01.569+0000][1][safepoint    ] Entering safepoint region: RevokeBias
[2020-01-13T14:07:01.569+0000][1][safepoint    ] Leaving safepoint region
[2020-01-13T14:07:01.569+0000][1][safepoint    ] Total time for which application threads were stopped: 0.0000383 seconds, Stopping threads took: 0.0000128 seconds
[2020-01-13T14:07:01.569+0000][1][safepoint    ] Application time: 0.0000443 seconds
[2020-01-13T14:07:01.569+0000][1][safepoint    ] Entering safepoint region: RevokeBias
[2020-01-13T14:07:01.569+0000][1][safepoint    ] Leaving safepoint region
[2020-01-13T14:07:01.569+0000][1][safepoint    ] Total time for which application threads were stopped: 0.0000452 seconds, Stopping threads took: 0.0000149 seconds
[2020-01-13T14:07:01.569+0000][1][safepoint    ] Application time: 0.0001085 seconds
[2020-01-13T14:07:01.569+0000][1][safepoint    ] Entering safepoint region: RevokeBias
[2020-01-13T14:07:01.569+0000][1][safepoint    ] Leaving safepoint region
[2020-01-13T14:07:01.569+0000][1][safepoint    ] Total time for which application threads were stopped: 0.0000475 seconds, Stopping threads took: 0.0000160 seconds
[2020-01-13T14:07:01.569+0000][1][safepoint    ] Application time: 0.0000296 seconds
[2020-01-13T14:07:01.569+0000][1][safepoint    ] Entering safepoint region: RevokeBias
[2020-01-13T14:07:01.569+0000][1][safepoint    ] Leaving safepoint region
[2020-01-13T14:07:01.569+0000][1][safepoint    ] Total time for which application threads were stopped: 0.0000523 seconds, Stopping threads took: 0.0000122 seconds
[2020-01-13T14:07:01.570+0000][1][safepoint    ] Application time: 0.0001163 seconds
[2020-01-13T14:07:01.570+0000][1][safepoint    ] Entering safepoint region: RevokeBias
[2020-01-13T14:07:01.570+0000][1][safepoint    ] Leaving safepoint region
[2020-01-13T14:07:01.570+0000][1][safepoint    ] Total time for which application threads were stopped: 0.0000447 seconds, Stopping threads took: 0.0000147 seconds
[2020-01-13T14:07:01.570+0000][1][safepoint    ] Application time: 0.0000296 seconds
[2020-01-13T14:07:01.570+0000][1][safepoint    ] Entering safepoint region: RevokeBias
[2020-01-13T14:07:01.570+0000][1][safepoint    ] Leaving safepoint region
[2020-01-13T14:07:01.570+0000][1][safepoint    ] Total time for which application threads were stopped: 0.0000266 seconds, Stopping threads took: 0.0000052 seconds
[2020-01-13T14:07:01.570+0000][1][safepoint    ] Application time: 0.0000241 seconds
[2020-01-13T14:07:01.570+0000][1][safepoint    ] Entering safepoint region: RevokeBias
[2020-01-13T14:07:01.570+0000][1][safepoint    ] Leaving safepoint region
[2020-01-13T14:07:01.570+0000][1][safepoint    ] Total time for which application threads were stopped: 0.0000363 seconds, Stopping threads took: 0.0000053 seconds
[2020-01-13T14:07:01.570+0000][1][safepoint    ] Application time: 0.0000206 seconds
[2020-01-13T14:07:01.570+0000][1][safepoint    ] Entering safepoint region: RevokeBias
[2020-01-13T14:07:01.570+0000][1][safepoint    ] Leaving safepoint region
[2020-01-13T14:07:01.570+0000][1][safepoint    ] Total time for which application threads were stopped: 0.0000298 seconds, Stopping threads took: 0.0000052 seconds
[2020-01-13T14:07:01.570+0000][1][safepoint    ] Application time: 0.0003009 seconds
[2020-01-13T14:07:01.570+0000][1][safepoint    ] Entering safepoint region: RevokeBias
[2020-01-13T14:07:01.570+0000][1][safepoint    ] Leaving safepoint region
[2020-01-13T14:07:01.570+0000][1][safepoint    ] Total time for which application threads were stopped: 0.0000460 seconds, Stopping threads took: 0.0000069 seconds
[2020-01-13T14:07:01.570+0000][1][safepoint    ] Application time: 0.0000330 seconds
[2020-01-13T14:07:01.570+0000][1][safepoint    ] Entering safepoint region: RevokeBias
[2020-01-13T14:07:01.570+0000][1][safepoint    ] Leaving safepoint region
[2020-01-13T14:07:01.570+0000][1][safepoint    ] Total time for which application threads were stopped: 0.0000304 seconds, Stopping threads took: 0.0000053 seconds
[2020-01-13T14:07:01.570+0000][1][safepoint    ] Application time: 0.0000196 seconds
[2020-01-13T14:07:01.570+0000][1][safepoint    ] Entering safepoint region: RevokeBias
[2020-01-13T14:07:01.570+0000][1][safepoint    ] Leaving safepoint region
[2020-01-13T14:07:01.570+0000][1][safepoint    ] Total time for which application threads were stopped: 0.0000285 seconds, Stopping threads took: 0.0000051 seconds
[2020-01-13T14:07:01.570+0000][1][safepoint    ] Application time: 0.0000191 seconds
[2020-01-13T14:07:01.570+0000][1][safepoint    ] Entering safepoint region: RevokeBias
[2020-01-13T14:07:01.570+0000][1][safepoint    ] Leaving safepoint region
[2020-01-13T14:07:01.570+0000][1][safepoint    ] Total time for which application threads were stopped: 0.0000282 seconds, Stopping threads took: 0.0000052 seconds
[2020-01-13T14:07:01.571+0000][1][safepoint    ] Application time: 0.0000768 seconds
[2020-01-13T14:07:01.571+0000][1][safepoint    ] Entering safepoint region: RevokeBias
[2020-01-13T14:07:01.571+0000][1][safepoint    ] Leaving safepoint region
[2020-01-13T14:07:01.571+0000][1][safepoint    ] Total time for which application threads were stopped: 0.0000430 seconds, Stopping threads took: 0.0000077 seconds
[2020-01-13T14:07:01.571+0000][1][safepoint    ] Application time: 0.0000203 seconds
[2020-01-13T14:07:01.571+0000][1][safepoint    ] Entering safepoint region: RevokeBias
[2020-01-13T14:07:01.571+0000][1][safepoint    ] Leaving safepoint region
[2020-01-13T14:07:01.571+0000][1][safepoint    ] Total time for which application threads were stopped: 0.0000322 seconds, Stopping threads took: 0.0000060 seconds
[2020-01-13T14:07:01.571+0000][1][safepoint    ] Application time: 0.0000198 seconds
[2020-01-13T14:07:01.571+0000][1][safepoint    ] Entering safepoint region: RevokeBias
[2020-01-13T14:07:01.571+0000][1][safepoint    ] Leaving safepoint region
[2020-01-13T14:07:01.571+0000][1][safepoint    ] Total time for which application threads were stopped: 0.0000315 seconds, Stopping threads took: 0.0000058 seconds
[2020-01-13T14:07:01.571+0000][1][safepoint    ] Application time: 0.0000202 seconds
[2020-01-13T14:07:01.571+0000][1][safepoint    ] Entering safepoint region: RevokeBias
[2020-01-13T14:07:01.571+0000][1][safepoint    ] Leaving safepoint region
[2020-01-13T14:07:01.571+0000][1][safepoint    ] Total time for which application threads were stopped: 0.0000316 seconds, Stopping threads took: 0.0000058 seconds
[2020-01-13T14:07:01.571+0000][1][safepoint    ] Application time: 0.0000203 seconds
[2020-01-13T14:07:01.571+0000][1][safepoint    ] Entering safepoint region: RevokeBias
[2020-01-13T14:07:01.571+0000][1][safepoint    ] Leaving safepoint region
[2020-01-13T14:07:01.571+0000][1][safepoint    ] Total time for which application threads were stopped: 0.0000316 seconds, Stopping threads took: 0.0000059 seconds
[2020-01-13T14:07:01.571+0000][1][safepoint    ] Application time: 0.0000197 seconds
[2020-01-13T14:07:01.571+0000][1][safepoint    ] Entering safepoint region: RevokeBias
[2020-01-13T14:07:01.571+0000][1][safepoint    ] Leaving safepoint region
[2020-01-13T14:07:01.571+0000][1][safepoint    ] Total time for which application threads were stopped: 0.0000315 seconds, Stopping threads took: 0.0000059 seconds
[2020-01-13T14:07:01.571+0000][1][safepoint    ] Application time: 0.0000196 seconds
[2020-01-13T14:07:01.571+0000][1][safepoint    ] Entering safepoint region: RevokeBias
[2020-01-13T14:07:01.571+0000][1][safepoint    ] Leaving safepoint region
[2020-01-13T14:07:01.571+0000][1][safepoint    ] Total time for which application threads were stopped: 0.0000308 seconds, Stopping threads took: 0.0000058 seconds
[2020-01-13T14:07:01.571+0000][1][safepoint    ] Application time: 0.0000200 seconds
[2020-01-13T14:07:01.571+0000][1][safepoint    ] Entering safepoint region: RevokeBias
[2020-01-13T14:07:01.571+0000][1][safepoint    ] Leaving safepoint region
[2020-01-13T14:07:01.571+0000][1][safepoint    ] Total time for which application threads were stopped: 0.0000308 seconds, Stopping threads took: 0.0000058 seconds
[2020-01-13T14:07:01.571+0000][1][safepoint    ] Application time: 0.0000202 seconds
[2020-01-13T14:07:01.571+0000][1][safepoint    ] Entering safepoint region: RevokeBias
[2020-01-13T14:07:01.571+0000][1][safepoint    ] Leaving safepoint region
[2020-01-13T14:07:01.571+0000][1][safepoint    ] Total time for which application threads were stopped: 0.0000311 seconds, Stopping threads took: 0.0000056 seconds
[2020-01-13T14:07:01.571+0000][1][safepoint    ] Application time: 0.0000212 seconds
[2020-01-13T14:07:01.571+0000][1][safepoint    ] Entering safepoint region: RevokeBias
[2020-01-13T14:07:01.571+0000][1][safepoint    ] Leaving safepoint region
[2020-01-13T14:07:01.571+0000][1][safepoint    ] Total time for which application threads were stopped: 0.0000316 seconds, Stopping threads took: 0.0000058 seconds
[2020-01-13T14:07:01.571+0000][1][safepoint    ] Application time: 0.0000211 seconds
[2020-01-13T14:07:01.571+0000][1][safepoint    ] Entering safepoint region: RevokeBias
[2020-01-13T14:07:01.571+0000][1][safepoint    ] Leaving safepoint region
[2020-01-13T14:07:01.571+0000][1][safepoint    ] Total time for which application threads were stopped: 0.0000379 seconds, Stopping threads took: 0.0000059 seconds
[2020-01-13T14:07:01.571+0000][1][safepoint    ] Application time: 0.0000205 seconds
[2020-01-13T14:07:01.571+0000][1][safepoint    ] Entering safepoint region: RevokeBias
[2020-01-13T14:07:01.571+0000][1][safepoint    ] Leaving safepoint region
[2020-01-13T14:07:01.571+0000][1][safepoint    ] Total time for which application threads were stopped: 0.0000310 seconds, Stopping threads took: 0.0000060 seconds
[2020-01-13T14:07:01.571+0000][1][safepoint    ] Application time: 0.0000209 seconds
[2020-01-13T14:07:01.571+0000][1][safepoint    ] Entering safepoint region: BulkRevokeBias
[2020-01-13T14:07:01.571+0000][1][safepoint    ] Leaving safepoint region
[2020-01-13T14:07:01.571+0000][1][safepoint    ] Total time for which application threads were stopped: 0.0001003 seconds, Stopping threads took: 0.0000053 seconds
[2020-01-13T14:07:01.578+0000][1][safepoint    ] Application time: 0.0069046 seconds
[2020-01-13T14:07:01.580+0000][1][safepoint    ] Entering safepoint region: RevokeBias
[2020-01-13T14:07:01.580+0000][1][safepoint    ] Leaving safepoint region
[2020-01-13T14:07:01.580+0000][1][safepoint    ] Total time for which application threads were stopped: 0.0018198 seconds, Stopping threads took: 0.0017579 seconds
[2020-01-13T14:07:01.580+0000][1][safepoint    ] Application time: 0.0000526 seconds
[2020-01-13T14:07:01.580+0000][1][safepoint    ] Entering safepoint region: RevokeBias
[2020-01-13T14:07:01.580+0000][1][safepoint    ] Leaving safepoint region
[2020-01-13T14:07:01.580+0000][1][safepoint    ] Total time for which application threads were stopped: 0.0000329 seconds, Stopping threads took: 0.0000053 seconds
[2020-01-13T14:07:01.580+0000][1][safepoint    ] Application time: 0.0001141 seconds
[2020-01-13T14:07:01.580+0000][1][safepoint    ] Entering safepoint region: RevokeBias
[2020-01-13T14:07:01.580+0000][1][safepoint    ] Leaving safepoint region
[2020-01-13T14:07:01.580+0000][1][safepoint    ] Total time for which application threads were stopped: 0.0000311 seconds, Stopping threads took: 0.0000049 seconds
[2020-01-13T14:07:01.580+0000][1][safepoint    ] Application time: 0.0000262 seconds
[2020-01-13T14:07:01.580+0000][1][safepoint    ] Entering safepoint region: RevokeBias
[2020-01-13T14:07:01.581+0000][1][safepoint    ] Leaving safepoint region
[2020-01-13T14:07:01.581+0000][1][safepoint    ] Total time for which application threads were stopped: 0.0000245 seconds, Stopping threads took: 0.0000044 seconds
[2020-01-13T14:07:01.581+0000][1][safepoint    ] Application time: 0.0000131 seconds
[2020-01-13T14:07:01.581+0000][1][safepoint    ] Entering safepoint region: RevokeBias
[2020-01-13T14:07:01.581+0000][1][safepoint    ] Leaving safepoint region
[2020-01-13T14:07:01.581+0000][1][safepoint    ] Total time for which application threads were stopped: 0.0000221 seconds, Stopping threads took: 0.0000043 seconds
[2020-01-13T14:07:01.581+0000][1][safepoint    ] Application time: 0.0000121 seconds
[2020-01-13T14:07:01.581+0000][1][safepoint    ] Entering safepoint region: RevokeBias
[2020-01-13T14:07:01.581+0000][1][safepoint    ] Leaving safepoint region
[2020-01-13T14:07:01.581+0000][1][safepoint    ] Total time for which application threads were stopped: 0.0000222 seconds, Stopping threads took: 0.0000043 seconds
[2020-01-13T14:07:01.581+0000][1][safepoint    ] Application time: 0.0002052 seconds
[2020-01-13T14:07:01.581+0000][1][safepoint    ] Entering safepoint region: RevokeBias
[2020-01-13T14:07:01.581+0000][1][safepoint    ] Leaving safepoint region
[2020-01-13T14:07:01.581+0000][1][safepoint    ] Total time for which application threads were stopped: 0.0000280 seconds, Stopping threads took: 0.0000049 seconds
[2020-01-13T14:07:01.581+0000][1][safepoint    ] Application time: 0.0000777 seconds
[2020-01-13T14:07:01.581+0000][1][safepoint    ] Entering safepoint region: RevokeBias
[2020-01-13T14:07:01.581+0000][1][safepoint    ] Leaving safepoint region
[2020-01-13T14:07:01.581+0000][1][safepoint    ] Total time for which application threads were stopped: 0.0000260 seconds, Stopping threads took: 0.0000046 seconds
[2020-01-13T14:07:01.581+0000][1][safepoint    ] Application time: 0.0000812 seconds
[2020-01-13T14:07:01.581+0000][1][safepoint    ] Entering safepoint region: RevokeBias
[2020-01-13T14:07:01.581+0000][1][safepoint    ] Leaving safepoint region
[2020-01-13T14:07:01.581+0000][1][safepoint    ] Total time for which application threads were stopped: 0.0000418 seconds, Stopping threads took: 0.0000046 seconds
[2020-01-13T14:07:01.582+0000][1][safepoint    ] Application time: 0.0004588 seconds
[2020-01-13T14:07:01.582+0000][1][safepoint    ] Entering safepoint region: RevokeBias
[2020-01-13T14:07:01.582+0000][1][safepoint    ] Leaving safepoint region
[2020-01-13T14:07:01.582+0000][1][safepoint    ] Total time for which application threads were stopped: 0.0000533 seconds, Stopping threads took: 0.0000088 seconds
[2020-01-13T14:07:01.582+0000][1][safepoint    ] Application time: 0.0002091 seconds
[2020-01-13T14:07:01.582+0000][1][safepoint    ] Entering safepoint region: RevokeBias
[2020-01-13T14:07:01.582+0000][1][safepoint    ] Leaving safepoint region
[2020-01-13T14:07:01.582+0000][1][safepoint    ] Total time for which application threads were stopped: 0.0000465 seconds, Stopping threads took: 0.0000069 seconds
[2020-01-13T14:07:01.582+0000][1][safepoint    ] Application time: 0.0001818 seconds
[2020-01-13T14:07:01.582+0000][1][safepoint    ] Entering safepoint region: RevokeBias
[2020-01-13T14:07:01.582+0000][1][safepoint    ] Leaving safepoint region
[2020-01-13T14:07:01.582+0000][1][safepoint    ] Total time for which application threads were stopped: 0.0000392 seconds, Stopping threads took: 0.0000064 seconds
[2020-01-13T14:07:01.582+0000][1][safepoint    ] Application time: 0.0000794 seconds
[2020-01-13T14:07:01.582+0000][1][safepoint    ] Entering safepoint region: RevokeBias
[2020-01-13T14:07:01.582+0000][1][safepoint    ] Leaving safepoint region
[2020-01-13T14:07:01.582+0000][1][safepoint    ] Total time for which application threads were stopped: 0.0000442 seconds, Stopping threads took: 0.0000055 seconds
[2020-01-13T14:07:01.582+0000][1][safepoint    ] Application time: 0.0000209 seconds
[2020-01-13T14:07:01.582+0000][1][safepoint    ] Entering safepoint region: RevokeBias
[2020-01-13T14:07:01.582+0000][1][safepoint    ] Leaving safepoint region
[2020-01-13T14:07:01.582+0000][1][safepoint    ] Total time for which application threads were stopped: 0.0000273 seconds, Stopping threads took: 0.0000052 seconds
[2020-01-13T14:07:01.582+0000][1][safepoint    ] Application time: 0.0001511 seconds
[2020-01-13T14:07:01.583+0000][1][safepoint    ] Entering safepoint region: RevokeBias
[2020-01-13T14:07:01.583+0000][1][safepoint    ] Leaving safepoint region
[2020-01-13T14:07:01.583+0000][1][safepoint    ] Total time for which application threads were stopped: 0.0000373 seconds, Stopping threads took: 0.0000063 seconds
[2020-01-13T14:07:01.584+0000][1][safepoint    ] Application time: 0.0011683 seconds
[2020-01-13T14:07:01.584+0000][1][safepoint    ] Entering safepoint region: RevokeBias
[2020-01-13T14:07:01.584+0000][1][safepoint    ] Leaving safepoint region
[2020-01-13T14:07:01.584+0000][1][safepoint    ] Total time for which application threads were stopped: 0.0000496 seconds, Stopping threads took: 0.0000071 seconds
[2020-01-13T14:07:01.586+0000][1][safepoint    ] Application time: 0.0025393 seconds
[2020-01-13T14:07:01.587+0000][1][safepoint    ] Entering safepoint region: RevokeBias
[2020-01-13T14:07:01.587+0000][1][safepoint    ] Leaving safepoint region
[2020-01-13T14:07:01.587+0000][1][safepoint    ] Total time for which application threads were stopped: 0.0009715 seconds, Stopping threads took: 0.0009318 seconds
[2020-01-13T14:07:01.587+0000][1][safepoint    ] Application time: 0.0000298 seconds
[2020-01-13T14:07:01.587+0000][1][safepoint    ] Entering safepoint region: RevokeBias
[2020-01-13T14:07:01.587+0000][1][safepoint    ] Leaving safepoint region
[2020-01-13T14:07:01.587+0000][1][safepoint    ] Total time for which application threads were stopped: 0.0000271 seconds, Stopping threads took: 0.0000046 seconds
[2020-01-13T14:07:01.589+0000][1][safepoint    ] Application time: 0.0015641 seconds
[2020-01-13T14:07:01.589+0000][1][safepoint    ] Entering safepoint region: RevokeBias
[2020-01-13T14:07:01.589+0000][1][safepoint    ] Leaving safepoint region
[2020-01-13T14:07:01.589+0000][1][safepoint    ] Total time for which application threads were stopped: 0.0000671 seconds, Stopping threads took: 0.0000186 seconds
[2020-01-13T14:07:01.589+0000][1][safepoint    ] Application time: 0.0000388 seconds
[2020-01-13T14:07:01.589+0000][1][safepoint    ] Entering safepoint region: RevokeBias
[2020-01-13T14:07:01.589+0000][1][safepoint    ] Leaving safepoint region
[2020-01-13T14:07:01.589+0000][1][safepoint    ] Total time for which application threads were stopped: 0.0000367 seconds, Stopping threads took: 0.0000132 seconds
[2020-01-13T14:07:01.589+0000][1][safepoint    ] Application time: 0.0001851 seconds
[2020-01-13T14:07:01.589+0000][1][safepoint    ] Entering safepoint region: RevokeBias
[2020-01-13T14:07:01.589+0000][1][safepoint    ] Leaving safepoint region
[2020-01-13T14:07:01.589+0000][1][safepoint    ] Total time for which application threads were stopped: 0.0000377 seconds, Stopping threads took: 0.0000138 seconds
[2020-01-13T14:07:02.187+0000][1][safepoint    ] Application time: 0.5975632 seconds
[2020-01-13T14:07:02.187+0000][1][safepoint    ] Entering safepoint region: GenCollectForAllocation
[2020-01-13T14:07:02.187+0000][1][gc,start     ] GC(20) Pause Young (Allocation Failure)
[2020-01-13T14:07:02.187+0000][1][gc,task      ] GC(20) Using 1 workers of 1 for evacuation
[2020-01-13T14:07:02.225+0000][1][gc,age       ] GC(20) Desired survivor size 4358144 bytes, new threshold 2 (max threshold 6)
[2020-01-13T14:07:02.225+0000][1][gc,age       ] GC(20) Age table with threshold 2 (max threshold 6)
[2020-01-13T14:07:02.225+0000][1][gc,age       ] GC(20) - age   1:    2004304 bytes,    2004304 total
[2020-01-13T14:07:02.225+0000][1][gc,age       ] GC(20) - age   2:    2694112 bytes,    4698416 total
[2020-01-13T14:07:02.225+0000][1][gc,heap      ] GC(20) ParNew: 75195K->5800K(76672K)
[2020-01-13T14:07:02.225+0000][1][gc,heap      ] GC(20) CMS: 54167K->58109K(176960K)
[2020-01-13T14:07:02.225+0000][1][gc,metaspace ] GC(20) Metaspace: 50309K->50309K(1095680K)
[2020-01-13T14:07:02.225+0000][1][gc           ] GC(20) Pause Young (Allocation Failure) 126M->62M(247M) 37.642ms
[2020-01-13T14:07:02.225+0000][1][gc,cpu       ] GC(20) User=0.04s Sys=0.00s Real=0.04s
[2020-01-13T14:07:02.225+0000][1][safepoint    ] Leaving safepoint region
[2020-01-13T14:07:02.225+0000][1][safepoint    ] Total time for which application threads were stopped: 0.0378046 seconds, Stopping threads took: 0.0000235 seconds
[2020-01-13T14:07:02.441+0000][1][safepoint    ] Application time: 0.2165606 seconds
[2020-01-13T14:07:02.445+0000][1][safepoint    ] Entering safepoint region: RevokeBias
[2020-01-13T14:07:02.445+0000][1][safepoint    ] Leaving safepoint region
[2020-01-13T14:07:02.445+0000][1][safepoint    ] Total time for which application threads were stopped: 0.0040204 seconds, Stopping threads took: 0.0039342 seconds
[2020-01-13T14:07:02.446+0000][1][safepoint    ] Application time: 0.0006193 seconds
[2020-01-13T14:07:02.448+0000][1][safepoint    ] Entering safepoint region: RevokeBias
[2020-01-13T14:07:02.448+0000][1][safepoint    ] Leaving safepoint region
[2020-01-13T14:07:02.448+0000][1][safepoint    ] Total time for which application threads were stopped: 0.0020707 seconds, Stopping threads took: 0.0020134 seconds
[2020-01-13T14:07:02.450+0000][1][safepoint    ] Application time: 0.0021492 seconds
[2020-01-13T14:07:02.452+0000][1][safepoint    ] Entering safepoint region: RevokeBias
[2020-01-13T14:07:02.452+0000][1][safepoint    ] Leaving safepoint region
[2020-01-13T14:07:02.452+0000][1][safepoint    ] Total time for which application threads were stopped: 0.0021353 seconds, Stopping threads took: 0.0020713 seconds
[2020-01-13T14:07:02.453+0000][1][safepoint    ] Application time: 0.0003837 seconds
[2020-01-13T14:07:02.453+0000][1][safepoint    ] Entering safepoint region: RevokeBias
[2020-01-13T14:07:02.453+0000][1][safepoint    ] Leaving safepoint region
[2020-01-13T14:07:02.453+0000][1][safepoint    ] Total time for which application threads were stopped: 0.0000379 seconds, Stopping threads took: 0.0000068 seconds
[2020-01-13T14:07:02.463+0000][1][safepoint    ] Application time: 0.0101525 seconds
[2020-01-13T14:07:02.463+0000][1][safepoint    ] Entering safepoint region: BulkRevokeBias
[2020-01-13T14:07:02.463+0000][1][safepoint    ] Leaving safepoint region
[2020-01-13T14:07:02.463+0000][1][safepoint    ] Total time for which application threads were stopped: 0.0001817 seconds, Stopping threads took: 0.0000241 seconds
[2020-01-13T14:07:03.398+0000][1][safepoint    ] Application time: 0.9346716 seconds
[2020-01-13T14:07:03.398+0000][1][safepoint    ] Entering safepoint region: Deoptimize
[2020-01-13T14:07:03.399+0000][1][safepoint    ] Leaving safepoint region
[2020-01-13T14:07:03.399+0000][1][safepoint    ] Total time for which application threads were stopped: 0.0015048 seconds, Stopping threads took: 0.0000228 seconds
[2020-01-13T14:07:03.432+0000][1][safepoint    ] Application time: 0.0323510 seconds
[2020-01-13T14:07:03.434+0000][1][safepoint    ] Entering safepoint region: RevokeBias
[2020-01-13T14:07:03.434+0000][1][safepoint    ] Leaving safepoint region
[2020-01-13T14:07:03.434+0000][1][safepoint    ] Total time for which application threads were stopped: 0.0021174 seconds, Stopping threads took: 0.0019871 seconds
[2020-01-13T14:07:03.434+0000][1][safepoint    ] Application time: 0.0000441 seconds
[2020-01-13T14:07:03.434+0000][1][safepoint    ] Entering safepoint region: RevokeBias
[2020-01-13T14:07:03.434+0000][1][safepoint    ] Leaving safepoint region
[2020-01-13T14:07:03.434+0000][1][safepoint    ] Total time for which application threads were stopped: 0.0000584 seconds, Stopping threads took: 0.0000057 seconds
[2020-01-13T14:07:03.459+0000][1][safepoint    ] Application time: 0.0243853 seconds
[2020-01-13T14:07:03.459+0000][1][safepoint    ] Entering safepoint region: RevokeBias
[2020-01-13T14:07:03.459+0000][1][safepoint    ] Leaving safepoint region
[2020-01-13T14:07:03.459+0000][1][safepoint    ] Total time for which application threads were stopped: 0.0008057 seconds, Stopping threads took: 0.0007414 seconds
[2020-01-13T14:07:03.459+0000][1][safepoint    ] Application time: 0.0000365 seconds
[2020-01-13T14:07:03.459+0000][1][safepoint    ] Entering safepoint region: RevokeBias
[2020-01-13T14:07:03.459+0000][1][safepoint    ] Leaving safepoint region
[2020-01-13T14:07:03.459+0000][1][safepoint    ] Total time for which application threads were stopped: 0.0000292 seconds, Stopping threads took: 0.0000118 seconds
[2020-01-13T14:07:03.459+0000][1][safepoint    ] Application time: 0.0000447 seconds
[2020-01-13T14:07:03.460+0000][1][safepoint    ] Entering safepoint region: RevokeBias
[2020-01-13T14:07:03.460+0000][1][safepoint    ] Leaving safepoint region
[2020-01-13T14:07:03.460+0000][1][safepoint    ] Total time for which application threads were stopped: 0.0000234 seconds, Stopping threads took: 0.0000108 seconds
[2020-01-13T14:07:03.960+0000][1][safepoint    ] Application time: 0.5003216 seconds
[2020-01-13T14:07:03.960+0000][1][safepoint    ] Entering safepoint region: Deoptimize
[2020-01-13T14:07:03.962+0000][1][safepoint    ] Leaving safepoint region
[2020-01-13T14:07:03.962+0000][1][safepoint    ] Total time for which application threads were stopped: 0.0022794 seconds, Stopping threads took: 0.0000242 seconds
[2020-01-13T14:07:03.995+0000][1][safepoint    ] Application time: 0.0328079 seconds
[2020-01-13T14:07:03.995+0000][1][safepoint    ] Entering safepoint region: GenCollectForAllocation
[2020-01-13T14:07:03.995+0000][1][gc,start     ] GC(21) Pause Young (Allocation Failure)
[2020-01-13T14:07:03.995+0000][1][gc,task      ] GC(21) Using 1 workers of 1 for evacuation
[2020-01-13T14:07:04.034+0000][1][gc,age       ] GC(21) Desired survivor size 4358144 bytes, new threshold 2 (max threshold 6)
[2020-01-13T14:07:04.035+0000][1][gc,age       ] GC(21) Age table with threshold 2 (max threshold 6)
[2020-01-13T14:07:04.035+0000][1][gc,age       ] GC(21) - age   1:    3233456 bytes,    3233456 total
[2020-01-13T14:07:04.035+0000][1][gc,age       ] GC(21) - age   2:    1950944 bytes,    5184400 total
[2020-01-13T14:07:04.035+0000][1][gc,heap      ] GC(21) ParNew: 73960K->8512K(76672K)
[2020-01-13T14:07:04.035+0000][1][gc,heap      ] GC(21) CMS: 58109K->60839K(176960K)
[2020-01-13T14:07:04.035+0000][1][gc,metaspace ] GC(21) Metaspace: 58283K->58283K(1103872K)
[2020-01-13T14:07:04.035+0000][1][gc           ] GC(21) Pause Young (Allocation Failure) 128M->67M(247M) 39.421ms
[2020-01-13T14:07:04.035+0000][1][gc,cpu       ] GC(21) User=0.04s Sys=0.00s Real=0.04s
[2020-01-13T14:07:04.035+0000][1][safepoint    ] Leaving safepoint region
[2020-01-13T14:07:04.035+0000][1][safepoint    ] Total time for which application threads were stopped: 0.0396010 seconds, Stopping threads took: 0.0000255 seconds
[2020-01-13T14:07:04.044+0000][1][safepoint    ] Application time: 0.0093206 seconds
[2020-01-13T14:07:04.044+0000][1][safepoint    ] Entering safepoint region: RevokeBias
[2020-01-13T14:07:04.044+0000][1][safepoint    ] Leaving safepoint region
[2020-01-13T14:07:04.044+0000][1][safepoint    ] Total time for which application threads were stopped: 0.0001061 seconds, Stopping threads took: 0.0000129 seconds
[2020-01-13T14:07:04.463+0000][1][safepoint    ] Application time: 0.4184150 seconds
[2020-01-13T14:07:04.465+0000][1][safepoint    ] Entering safepoint region: RevokeBias
[2020-01-13T14:07:04.465+0000][1][safepoint    ] Leaving safepoint region
[2020-01-13T14:07:04.465+0000][1][safepoint    ] Total time for which application threads were stopped: 0.0021379 seconds, Stopping threads took: 0.0019962 seconds
[2020-01-13T14:07:04.656+0000][1][safepoint    ] Application time: 0.1910025 seconds
[2020-01-13T14:07:04.656+0000][1][safepoint    ] Entering safepoint region: RevokeBias
[2020-01-13T14:07:04.656+0000][1][safepoint    ] Leaving safepoint region
[2020-01-13T14:07:04.656+0000][1][safepoint    ] Total time for which application threads were stopped: 0.0001045 seconds, Stopping threads took: 0.0000255 seconds
[2020-01-13T14:07:04.656+0000][1][safepoint    ] Application time: 0.0002029 seconds
[2020-01-13T14:07:04.656+0000][1][safepoint    ] Entering safepoint region: RevokeBias
[2020-01-13T14:07:04.656+0000][1][safepoint    ] Leaving safepoint region
[2020-01-13T14:07:04.656+0000][1][safepoint    ] Total time for which application threads were stopped: 0.0000372 seconds, Stopping threads took: 0.0000139 seconds
[2020-01-13T14:07:04.656+0000][1][safepoint    ] Application time: 0.0000844 seconds
[2020-01-13T14:07:04.659+0000][1][safepoint    ] Entering safepoint region: RevokeBias
[2020-01-13T14:07:04.659+0000][1][safepoint    ] Leaving safepoint region
[2020-01-13T14:07:04.659+0000][1][safepoint    ] Total time for which application threads were stopped: 0.0031552 seconds, Stopping threads took: 0.0031004 seconds
[2020-01-13T14:07:04.660+0000][1][safepoint    ] Application time: 0.0002038 seconds
[2020-01-13T14:07:04.660+0000][1][safepoint    ] Entering safepoint region: RevokeBias
[2020-01-13T14:07:04.660+0000][1][safepoint    ] Leaving safepoint region
[2020-01-13T14:07:04.660+0000][1][safepoint    ] Total time for which application threads were stopped: 0.0000290 seconds, Stopping threads took: 0.0000122 seconds
[2020-01-13T14:07:04.774+0000][1][safepoint    ] Application time: 0.1141642 seconds
[2020-01-13T14:07:04.774+0000][1][safepoint    ] Entering safepoint region: RevokeBias
[2020-01-13T14:07:04.774+0000][1][safepoint    ] Leaving safepoint region
[2020-01-13T14:07:04.774+0000][1][safepoint    ] Total time for which application threads were stopped: 0.0001129 seconds, Stopping threads took: 0.0000235 seconds
[2020-01-13T14:07:04.972+0000][1][safepoint    ] Application time: 0.1982557 seconds
[2020-01-13T14:07:04.972+0000][1][safepoint    ] Entering safepoint region: Deoptimize
[2020-01-13T14:07:04.973+0000][1][safepoint    ] Leaving safepoint region
[2020-01-13T14:07:04.973+0000][1][safepoint    ] Total time for which application threads were stopped: 0.0008543 seconds, Stopping threads took: 0.0000243 seconds
[2020-01-13T14:07:04.994+0000][1][safepoint    ] Application time: 0.0204684 seconds
[2020-01-13T14:07:04.994+0000][1][safepoint    ] Entering safepoint region: BulkRevokeBias
[2020-01-13T14:07:04.994+0000][1][safepoint    ] Leaving safepoint region
[2020-01-13T14:07:04.994+0000][1][safepoint    ] Total time for which application threads were stopped: 0.0001977 seconds, Stopping threads took: 0.0000219 seconds
[2020-01-13T14:07:04.994+0000][1][safepoint    ] Application time: 0.0003059 seconds
[2020-01-13T14:07:04.994+0000][1][safepoint    ] Entering safepoint region: RevokeBias
[2020-01-13T14:07:04.994+0000][1][safepoint    ] Leaving safepoint region
[2020-01-13T14:07:04.994+0000][1][safepoint    ] Total time for which application threads were stopped: 0.0000838 seconds, Stopping threads took: 0.0000280 seconds
[2020-01-13T14:07:04.995+0000][1][safepoint    ] Application time: 0.0010272 seconds
[2020-01-13T14:07:04.995+0000][1][safepoint    ] Entering safepoint region: RevokeBias
[2020-01-13T14:07:04.995+0000][1][safepoint    ] Leaving safepoint region
[2020-01-13T14:07:04.995+0000][1][safepoint    ] Total time for which application threads were stopped: 0.0000935 seconds, Stopping threads took: 0.0000331 seconds
[2020-01-13T14:07:04.996+0000][1][safepoint    ] Application time: 0.0004091 seconds
[2020-01-13T14:07:04.996+0000][1][safepoint    ] Entering safepoint region: RevokeBias
[2020-01-13T14:07:04.996+0000][1][safepoint    ] Leaving safepoint region
[2020-01-13T14:07:04.996+0000][1][safepoint    ] Total time for which application threads were stopped: 0.0000633 seconds, Stopping threads took: 0.0000168 seconds
[2020-01-13T14:07:04.996+0000][1][safepoint    ] Application time: 0.0000309 seconds
[2020-01-13T14:07:04.996+0000][1][safepoint    ] Entering safepoint region: RevokeBias
[2020-01-13T14:07:04.996+0000][1][safepoint    ] Leaving safepoint region
[2020-01-13T14:07:04.996+0000][1][safepoint    ] Total time for which application threads were stopped: 0.0000416 seconds, Stopping threads took: 0.0000129 seconds
[2020-01-13T14:07:04.996+0000][1][safepoint    ] Application time: 0.0000623 seconds
[2020-01-13T14:07:04.996+0000][1][safepoint    ] Entering safepoint region: RevokeBias
[2020-01-13T14:07:04.996+0000][1][safepoint    ] Leaving safepoint region
[2020-01-13T14:07:04.996+0000][1][safepoint    ] Total time for which application threads were stopped: 0.0000408 seconds, Stopping threads took: 0.0000130 seconds
[2020-01-13T14:07:04.996+0000][1][safepoint    ] Application time: 0.0001296 seconds
[2020-01-13T14:07:04.996+0000][1][safepoint    ] Entering safepoint region: RevokeBias
[2020-01-13T14:07:04.996+0000][1][safepoint    ] Leaving safepoint region
[2020-01-13T14:07:04.996+0000][1][safepoint    ] Total time for which application threads were stopped: 0.0000415 seconds, Stopping threads took: 0.0000136 seconds
[2020-01-13T14:07:04.996+0000][1][safepoint    ] Application time: 0.0001838 seconds
[2020-01-13T14:07:04.996+0000][1][safepoint    ] Entering safepoint region: RevokeBias
[2020-01-13T14:07:04.996+0000][1][safepoint    ] Leaving safepoint region
[2020-01-13T14:07:04.996+0000][1][safepoint    ] Total time for which application threads were stopped: 0.0000418 seconds, Stopping threads took: 0.0000145 seconds
[2020-01-13T14:07:04.997+0000][1][safepoint    ] Application time: 0.0001652 seconds
[2020-01-13T14:07:04.997+0000][1][safepoint    ] Entering safepoint region: RevokeBias
[2020-01-13T14:07:04.997+0000][1][safepoint    ] Leaving safepoint region
[2020-01-13T14:07:04.997+0000][1][safepoint    ] Total time for which application threads were stopped: 0.0000439 seconds, Stopping threads took: 0.0000136 seconds
[2020-01-13T14:07:04.997+0000][1][safepoint    ] Application time: 0.0000478 seconds
[2020-01-13T14:07:04.997+0000][1][safepoint    ] Entering safepoint region: RevokeBias
[2020-01-13T14:07:04.997+0000][1][safepoint    ] Leaving safepoint region
[2020-01-13T14:07:04.997+0000][1][safepoint    ] Total time for which application threads were stopped: 0.0000388 seconds, Stopping threads took: 0.0000126 seconds
[2020-01-13T14:07:04.998+0000][1][safepoint    ] Application time: 0.0014513 seconds
[2020-01-13T14:07:05.000+0000][1][safepoint    ] Entering safepoint region: RevokeBias
[2020-01-13T14:07:05.000+0000][1][safepoint    ] Leaving safepoint region
[2020-01-13T14:07:05.000+0000][1][safepoint    ] Total time for which application threads were stopped: 0.0016076 seconds, Stopping threads took: 0.0015551 seconds
[2020-01-13T14:07:05.000+0000][1][safepoint    ] Application time: 0.0000906 seconds
[2020-01-13T14:07:05.000+0000][1][safepoint    ] Entering safepoint region: RevokeBias
[2020-01-13T14:07:05.000+0000][1][safepoint    ] Leaving safepoint region
[2020-01-13T14:07:05.000+0000][1][safepoint    ] Total time for which application threads were stopped: 0.0000399 seconds, Stopping threads took: 0.0000135 seconds
[2020-01-13T14:07:05.003+0000][1][safepoint    ] Application time: 0.0028139 seconds
[2020-01-13T14:07:05.003+0000][1][safepoint    ] Entering safepoint region: Deoptimize
[2020-01-13T14:07:05.004+0000][1][safepoint    ] Leaving safepoint region
[2020-01-13T14:07:05.004+0000][1][safepoint    ] Total time for which application threads were stopped: 0.0007847 seconds, Stopping threads took: 0.0000298 seconds
[2020-01-13T14:07:05.004+0000][1][safepoint    ] Application time: 0.0005607 seconds
[2020-01-13T14:07:05.005+0000][1][safepoint    ] Entering safepoint region: RevokeBias
[2020-01-13T14:07:05.005+0000][1][safepoint    ] Leaving safepoint region
[2020-01-13T14:07:05.005+0000][1][safepoint    ] Total time for which application threads were stopped: 0.0011207 seconds, Stopping threads took: 0.0010883 seconds
[2020-01-13T14:07:05.037+0000][1][safepoint    ] Application time: 0.0313563 seconds
[2020-01-13T14:07:05.037+0000][1][safepoint    ] Entering safepoint region: RevokeBias
[2020-01-13T14:07:05.037+0000][1][safepoint    ] Leaving safepoint region
[2020-01-13T14:07:05.037+0000][1][safepoint    ] Total time for which application threads were stopped: 0.0006592 seconds, Stopping threads took: 0.0005518 seconds
[2020-01-13T14:07:05.123+0000][1][safepoint    ] Application time: 0.0853633 seconds
[2020-01-13T14:07:05.123+0000][1][safepoint    ] Entering safepoint region: RevokeBias
[2020-01-13T14:07:05.123+0000][1][safepoint    ] Leaving safepoint region
[2020-01-13T14:07:05.123+0000][1][safepoint    ] Total time for which application threads were stopped: 0.0002563 seconds, Stopping threads took: 0.0000467 seconds
[2020-01-13T14:07:05.126+0000][1][safepoint    ] Application time: 0.0026218 seconds
[2020-01-13T14:07:05.126+0000][1][safepoint    ] Entering safepoint region: RevokeBias
[2020-01-13T14:07:05.126+0000][1][safepoint    ] Leaving safepoint region
[2020-01-13T14:07:05.126+0000][1][safepoint    ] Total time for which application threads were stopped: 0.0000987 seconds, Stopping threads took: 0.0000246 seconds
[2020-01-13T14:07:05.127+0000][1][safepoint    ] Application time: 0.0012905 seconds
[2020-01-13T14:07:05.127+0000][1][safepoint    ] Entering safepoint region: RevokeBias
[2020-01-13T14:07:05.127+0000][1][safepoint    ] Leaving safepoint region
[2020-01-13T14:07:05.127+0000][1][safepoint    ] Total time for which application threads were stopped: 0.0001688 seconds, Stopping threads took: 0.0000757 seconds
[2020-01-13T14:07:05.128+0000][1][safepoint    ] Application time: 0.0003968 seconds
[2020-01-13T14:07:05.128+0000][1][safepoint    ] Entering safepoint region: RevokeBias
[2020-01-13T14:07:05.128+0000][1][safepoint    ] Leaving safepoint region
[2020-01-13T14:07:05.128+0000][1][safepoint    ] Total time for which application threads were stopped: 0.0000769 seconds, Stopping threads took: 0.0000169 seconds
[2020-01-13T14:07:05.135+0000][1][safepoint    ] Application time: 0.0076257 seconds
[2020-01-13T14:07:05.136+0000][1][safepoint    ] Entering safepoint region: RevokeBias
[2020-01-13T14:07:05.136+0000][1][safepoint    ] Leaving safepoint region
[2020-01-13T14:07:05.136+0000][1][safepoint    ] Total time for which application threads were stopped: 0.0001393 seconds, Stopping threads took: 0.0000774 seconds
[2020-01-13T14:07:05.136+0000][1][safepoint    ] Application time: 0.0002606 seconds
[2020-01-13T14:07:05.136+0000][1][safepoint    ] Entering safepoint region: RevokeBias
[2020-01-13T14:07:05.136+0000][1][safepoint    ] Leaving safepoint region
[2020-01-13T14:07:05.136+0000][1][safepoint    ] Total time for which application threads were stopped: 0.0000764 seconds, Stopping threads took: 0.0000164 seconds
[2020-01-13T14:07:05.136+0000][1][safepoint    ] Application time: 0.0000296 seconds
[2020-01-13T14:07:05.136+0000][1][safepoint    ] Entering safepoint region: RevokeBias
[2020-01-13T14:07:05.136+0000][1][safepoint    ] Leaving safepoint region
[2020-01-13T14:07:05.136+0000][1][safepoint    ] Total time for which application threads were stopped: 0.0000552 seconds, Stopping threads took: 0.0000129 seconds
[2020-01-13T14:07:05.136+0000][1][safepoint    ] Application time: 0.0000522 seconds
[2020-01-13T14:07:05.136+0000][1][safepoint    ] Entering safepoint region: RevokeBias
[2020-01-13T14:07:05.136+0000][1][safepoint    ] Leaving safepoint region
[2020-01-13T14:07:05.136+0000][1][safepoint    ] Total time for which application threads were stopped: 0.0000514 seconds, Stopping threads took: 0.0000131 seconds
[2020-01-13T14:07:05.136+0000][1][safepoint    ] Application time: 0.0001529 seconds
[2020-01-13T14:07:05.136+0000][1][safepoint    ] Entering safepoint region: RevokeBias
[2020-01-13T14:07:05.136+0000][1][safepoint    ] Leaving safepoint region
[2020-01-13T14:07:05.136+0000][1][safepoint    ] Total time for which application threads were stopped: 0.0000525 seconds, Stopping threads took: 0.0000149 seconds
[2020-01-13T14:07:05.136+0000][1][safepoint    ] Application time: 0.0000257 seconds
[2020-01-13T14:07:05.136+0000][1][safepoint    ] Entering safepoint region: RevokeBias
[2020-01-13T14:07:05.136+0000][1][safepoint    ] Leaving safepoint region
[2020-01-13T14:07:05.136+0000][1][safepoint    ] Total time for which application threads were stopped: 0.0000386 seconds, Stopping threads took: 0.0000125 seconds
[2020-01-13T14:07:05.137+0000][1][safepoint    ] Application time: 0.0009854 seconds
[2020-01-13T14:07:05.137+0000][1][safepoint    ] Entering safepoint region: RevokeBias
[2020-01-13T14:07:05.138+0000][1][safepoint    ] Leaving safepoint region
[2020-01-13T14:07:05.138+0000][1][safepoint    ] Total time for which application threads were stopped: 0.0000740 seconds, Stopping threads took: 0.0000227 seconds
[2020-01-13T14:07:05.142+0000][1][safepoint    ] Application time: 0.0040291 seconds
[2020-01-13T14:07:05.142+0000][1][safepoint    ] Entering safepoint region: RevokeBias
[2020-01-13T14:07:05.142+0000][1][safepoint    ] Leaving safepoint region
[2020-01-13T14:07:05.142+0000][1][safepoint    ] Total time for which application threads were stopped: 0.0000653 seconds, Stopping threads took: 0.0000209 seconds
[2020-01-13T14:07:05.142+0000][1][safepoint    ] Application time: 0.0002929 seconds
[2020-01-13T14:07:05.142+0000][1][safepoint    ] Entering safepoint region: RevokeBias
[2020-01-13T14:07:05.142+0000][1][safepoint    ] Leaving safepoint region
[2020-01-13T14:07:05.142+0000][1][safepoint    ] Total time for which application threads were stopped: 0.0000567 seconds, Stopping threads took: 0.0000072 seconds
[2020-01-13T14:07:05.142+0000][1][safepoint    ] Application time: 0.0004146 seconds
[2020-01-13T14:07:05.142+0000][1][safepoint    ] Entering safepoint region: RevokeBias
[2020-01-13T14:07:05.143+0000][1][safepoint    ] Leaving safepoint region
[2020-01-13T14:07:05.143+0000][1][safepoint    ] Total time for which application threads were stopped: 0.0000602 seconds, Stopping threads took: 0.0000078 seconds
[2020-01-13T14:07:05.143+0000][1][safepoint    ] Application time: 0.0009115 seconds
[2020-01-13T14:07:05.143+0000][1][safepoint    ] Entering safepoint region: RevokeBias
[2020-01-13T14:07:05.144+0000][1][safepoint    ] Leaving safepoint region
[2020-01-13T14:07:05.144+0000][1][safepoint    ] Total time for which application threads were stopped: 0.0000631 seconds, Stopping threads took: 0.0000175 seconds
[2020-01-13T14:07:05.144+0000][1][safepoint    ] Application time: 0.0000321 seconds
[2020-01-13T14:07:05.144+0000][1][safepoint    ] Entering safepoint region: RevokeBias
[2020-01-13T14:07:05.144+0000][1][safepoint    ] Leaving safepoint region
[2020-01-13T14:07:05.144+0000][1][safepoint    ] Total time for which application threads were stopped: 0.0000335 seconds, Stopping threads took: 0.0000058 seconds
[2020-01-13T14:07:05.145+0000][1][safepoint    ] Application time: 0.0013201 seconds
[2020-01-13T14:07:05.145+0000][1][safepoint    ] Entering safepoint region: RevokeBias
[2020-01-13T14:07:05.145+0000][1][safepoint    ] Leaving safepoint region
[2020-01-13T14:07:05.145+0000][1][safepoint    ] Total time for which application threads were stopped: 0.0000525 seconds, Stopping threads took: 0.0000085 seconds
[2020-01-13T14:07:05.145+0000][1][safepoint    ] Application time: 0.0002052 seconds
[2020-01-13T14:07:05.145+0000][1][safepoint    ] Entering safepoint region: RevokeBias
[2020-01-13T14:07:05.145+0000][1][safepoint    ] Leaving safepoint region
[2020-01-13T14:07:05.145+0000][1][safepoint    ] Total time for which application threads were stopped: 0.0000849 seconds, Stopping threads took: 0.0000327 seconds
[2020-01-13T14:07:05.145+0000][1][safepoint    ] Application time: 0.0000350 seconds
[2020-01-13T14:07:05.145+0000][1][safepoint    ] Entering safepoint region: RevokeBias
[2020-01-13T14:07:05.145+0000][1][safepoint    ] Leaving safepoint region
[2020-01-13T14:07:05.145+0000][1][safepoint    ] Total time for which application threads were stopped: 0.0000366 seconds, Stopping threads took: 0.0000057 seconds
[2020-01-13T14:07:05.146+0000][1][safepoint    ] Application time: 0.0003183 seconds
[2020-01-13T14:07:05.146+0000][1][safepoint    ] Entering safepoint region: RevokeBias
[2020-01-13T14:07:05.146+0000][1][safepoint    ] Leaving safepoint region
[2020-01-13T14:07:05.146+0000][1][safepoint    ] Total time for which application threads were stopped: 0.0000536 seconds, Stopping threads took: 0.0000159 seconds
[2020-01-13T14:07:05.146+0000][1][safepoint    ] Application time: 0.0000269 seconds
[2020-01-13T14:07:05.146+0000][1][safepoint    ] Entering safepoint region: RevokeBias
[2020-01-13T14:07:05.146+0000][1][safepoint    ] Leaving safepoint region
[2020-01-13T14:07:05.146+0000][1][safepoint    ] Total time for which application threads were stopped: 0.0000408 seconds, Stopping threads took: 0.0000127 seconds
[2020-01-13T14:07:05.146+0000][1][safepoint    ] Application time: 0.0000598 seconds
[2020-01-13T14:07:05.146+0000][1][safepoint    ] Entering safepoint region: BulkRevokeBias
[2020-01-13T14:07:05.146+0000][1][safepoint    ] Leaving safepoint region
[2020-01-13T14:07:05.146+0000][1][safepoint    ] Total time for which application threads were stopped: 0.0001974 seconds, Stopping threads took: 0.0000128 seconds
[2020-01-13T14:07:05.154+0000][1][safepoint    ] Application time: 0.0083467 seconds
[2020-01-13T14:07:05.157+0000][1][safepoint    ] Entering safepoint region: RevokeBias
[2020-01-13T14:07:05.157+0000][1][safepoint    ] Leaving safepoint region
[2020-01-13T14:07:05.157+0000][1][safepoint    ] Total time for which application threads were stopped: 0.0029210 seconds, Stopping threads took: 0.0028488 seconds
[2020-01-13T14:07:05.169+0000][1][safepoint    ] Application time: 0.0120246 seconds
[2020-01-13T14:07:05.171+0000][1][safepoint    ] Entering safepoint region: RevokeBias
[2020-01-13T14:07:05.172+0000][1][safepoint    ] Leaving safepoint region
[2020-01-13T14:07:05.172+0000][1][safepoint    ] Total time for which application threads were stopped: 0.0020660 seconds, Stopping threads took: 0.0019986 seconds
[2020-01-13T14:07:05.172+0000][1][safepoint    ] Application time: 0.0001615 seconds
[2020-01-13T14:07:05.172+0000][1][safepoint    ] Entering safepoint region: RevokeBias
[2020-01-13T14:07:05.172+0000][1][safepoint    ] Leaving safepoint region
[2020-01-13T14:07:05.172+0000][1][safepoint    ] Total time for which application threads were stopped: 0.0000645 seconds, Stopping threads took: 0.0000076 seconds
[2020-01-13T14:07:05.172+0000][1][safepoint    ] Application time: 0.0000283 seconds
[2020-01-13T14:07:05.172+0000][1][safepoint    ] Entering safepoint region: RevokeBias
[2020-01-13T14:07:05.172+0000][1][safepoint    ] Leaving safepoint region
[2020-01-13T14:07:05.172+0000][1][safepoint    ] Total time for which application threads were stopped: 0.0000395 seconds, Stopping threads took: 0.0000164 seconds
[2020-01-13T14:07:05.173+0000][1][safepoint    ] Application time: 0.0013835 seconds
[2020-01-13T14:07:05.175+0000][1][safepoint    ] Entering safepoint region: RevokeBias
[2020-01-13T14:07:05.175+0000][1][safepoint    ] Leaving safepoint region
[2020-01-13T14:07:05.175+0000][1][safepoint    ] Total time for which application threads were stopped: 0.0013585 seconds, Stopping threads took: 0.0012684 seconds
[2020-01-13T14:07:05.175+0000][1][safepoint    ] Application time: 0.0000628 seconds
[2020-01-13T14:07:05.175+0000][1][safepoint    ] Entering safepoint region: RevokeBias
[2020-01-13T14:07:05.175+0000][1][safepoint    ] Leaving safepoint region
[2020-01-13T14:07:05.175+0000][1][safepoint    ] Total time for which application threads were stopped: 0.0000570 seconds, Stopping threads took: 0.0000166 seconds
[2020-01-13T14:07:05.175+0000][1][safepoint    ] Application time: 0.0003976 seconds
[2020-01-13T14:07:05.175+0000][1][safepoint    ] Entering safepoint region: RevokeBias
[2020-01-13T14:07:05.175+0000][1][safepoint    ] Leaving safepoint region
[2020-01-13T14:07:05.175+0000][1][safepoint    ] Total time for which application threads were stopped: 0.0000794 seconds, Stopping threads took: 0.0000089 seconds
[2020-01-13T14:07:05.175+0000][1][safepoint    ] Application time: 0.0000209 seconds
[2020-01-13T14:07:05.175+0000][1][safepoint    ] Entering safepoint region: RevokeBias
[2020-01-13T14:07:05.175+0000][1][safepoint    ] Leaving safepoint region
[2020-01-13T14:07:05.175+0000][1][safepoint    ] Total time for which application threads were stopped: 0.0000338 seconds, Stopping threads took: 0.0000056 seconds
[2020-01-13T14:07:05.175+0000][1][safepoint    ] Application time: 0.0000180 seconds
[2020-01-13T14:07:05.175+0000][1][safepoint    ] Entering safepoint region: RevokeBias
[2020-01-13T14:07:05.175+0000][1][safepoint    ] Leaving safepoint region
[2020-01-13T14:07:05.175+0000][1][safepoint    ] Total time for which application threads were stopped: 0.0000318 seconds, Stopping threads took: 0.0000055 seconds
[2020-01-13T14:07:05.180+0000][1][safepoint    ] Application time: 0.0045111 seconds
[2020-01-13T14:07:05.180+0000][1][safepoint    ] Entering safepoint region: RevokeBias
[2020-01-13T14:07:05.180+0000][1][safepoint    ] Leaving safepoint region
[2020-01-13T14:07:05.180+0000][1][safepoint    ] Total time for which application threads were stopped: 0.0000659 seconds, Stopping threads took: 0.0000196 seconds
[2020-01-13T14:07:05.180+0000][1][safepoint    ] Application time: 0.0000523 seconds
[2020-01-13T14:07:05.180+0000][1][safepoint    ] Entering safepoint region: RevokeBias
[2020-01-13T14:07:05.180+0000][1][safepoint    ] Leaving safepoint region
[2020-01-13T14:07:05.180+0000][1][safepoint    ] Total time for which application threads were stopped: 0.0000420 seconds, Stopping threads took: 0.0000130 seconds
[2020-01-13T14:07:05.183+0000][1][safepoint    ] Application time: 0.0029582 seconds
[2020-01-13T14:07:05.183+0000][1][safepoint    ] Entering safepoint region: RevokeBias
[2020-01-13T14:07:05.183+0000][1][safepoint    ] Leaving safepoint region
[2020-01-13T14:07:05.183+0000][1][safepoint    ] Total time for which application threads were stopped: 0.0001852 seconds, Stopping threads took: 0.0001231 seconds
[2020-01-13T14:07:05.188+0000][1][safepoint    ] Application time: 0.0049836 seconds
[2020-01-13T14:07:05.188+0000][1][safepoint    ] Entering safepoint region: RevokeBias
[2020-01-13T14:07:05.188+0000][1][safepoint    ] Leaving safepoint region
[2020-01-13T14:07:05.188+0000][1][safepoint    ] Total time for which application threads were stopped: 0.0000506 seconds, Stopping threads took: 0.0000102 seconds
[2020-01-13T14:07:05.190+0000][1][safepoint    ] Application time: 0.0019273 seconds
[2020-01-13T14:07:05.190+0000][1][safepoint    ] Entering safepoint region: RevokeBias
[2020-01-13T14:07:05.190+0000][1][safepoint    ] Leaving safepoint region
[2020-01-13T14:07:05.190+0000][1][safepoint    ] Total time for which application threads were stopped: 0.0000608 seconds, Stopping threads took: 0.0000245 seconds
[2020-01-13T14:07:05.191+0000][1][safepoint    ] Application time: 0.0002196 seconds
[2020-01-13T14:07:05.191+0000][1][safepoint    ] Entering safepoint region: RevokeBias
[2020-01-13T14:07:05.191+0000][1][safepoint    ] Leaving safepoint region
[2020-01-13T14:07:05.191+0000][1][safepoint    ] Total time for which application threads were stopped: 0.0000458 seconds, Stopping threads took: 0.0000148 seconds
[2020-01-13T14:07:05.191+0000][1][safepoint    ] Application time: 0.0000361 seconds
[2020-01-13T14:07:05.191+0000][1][safepoint    ] Entering safepoint region: RevokeBias
[2020-01-13T14:07:05.191+0000][1][safepoint    ] Leaving safepoint region
[2020-01-13T14:07:05.191+0000][1][safepoint    ] Total time for which application threads were stopped: 0.0000511 seconds, Stopping threads took: 0.0000252 seconds
[2020-01-13T14:07:05.191+0000][1][safepoint    ] Application time: 0.0000258 seconds
[2020-01-13T14:07:05.191+0000][1][safepoint    ] Entering safepoint region: RevokeBias
[2020-01-13T14:07:05.191+0000][1][safepoint    ] Leaving safepoint region
[2020-01-13T14:07:05.191+0000][1][safepoint    ] Total time for which application threads were stopped: 0.0000354 seconds, Stopping threads took: 0.0000127 seconds
[2020-01-13T14:07:05.191+0000][1][safepoint    ] Application time: 0.0002741 seconds
[2020-01-13T14:07:05.191+0000][1][safepoint    ] Entering safepoint region: RevokeBias
[2020-01-13T14:07:05.191+0000][1][safepoint    ] Leaving safepoint region
[2020-01-13T14:07:05.191+0000][1][safepoint    ] Total time for which application threads were stopped: 0.0000439 seconds, Stopping threads took: 0.0000151 seconds
[2020-01-13T14:07:05.193+0000][1][safepoint    ] Application time: 0.0013798 seconds
[2020-01-13T14:07:05.193+0000][1][safepoint    ] Entering safepoint region: RevokeBias
[2020-01-13T14:07:05.193+0000][1][safepoint    ] Leaving safepoint region
[2020-01-13T14:07:05.193+0000][1][safepoint    ] Total time for which application threads were stopped: 0.0000733 seconds, Stopping threads took: 0.0000256 seconds
[2020-01-13T14:07:05.193+0000][1][safepoint    ] Application time: 0.0000314 seconds
[2020-01-13T14:07:05.193+0000][1][safepoint    ] Entering safepoint region: RevokeBias
[2020-01-13T14:07:05.193+0000][1][safepoint    ] Leaving safepoint region
[2020-01-13T14:07:05.193+0000][1][safepoint    ] Total time for which application threads were stopped: 0.0000385 seconds, Stopping threads took: 0.0000128 seconds
[2020-01-13T14:07:05.199+0000][1][safepoint    ] Application time: 0.0066714 seconds
[2020-01-13T14:07:05.203+0000][1][safepoint    ] Entering safepoint region: RevokeBias
[2020-01-13T14:07:05.203+0000][1][safepoint    ] Leaving safepoint region
[2020-01-13T14:07:05.203+0000][1][safepoint    ] Total time for which application threads were stopped: 0.0032924 seconds, Stopping threads took: 0.0032339 seconds
[2020-01-13T14:07:05.204+0000][1][safepoint    ] Application time: 0.0011931 seconds
[2020-01-13T14:07:05.204+0000][1][safepoint    ] Entering safepoint region: RevokeBias
[2020-01-13T14:07:05.204+0000][1][safepoint    ] Leaving safepoint region
[2020-01-13T14:07:05.204+0000][1][safepoint    ] Total time for which application threads were stopped: 0.0000729 seconds, Stopping threads took: 0.0000228 seconds
[2020-01-13T14:07:05.214+0000][1][safepoint    ] Application time: 0.0100221 seconds
[2020-01-13T14:07:05.218+0000][1][safepoint    ] Entering safepoint region: RevokeBias
[2020-01-13T14:07:05.218+0000][1][safepoint    ] Leaving safepoint region
[2020-01-13T14:07:05.218+0000][1][safepoint    ] Total time for which application threads were stopped: 0.0040390 seconds, Stopping threads took: 0.0039749 seconds
[2020-01-13T14:07:05.247+0000][1][safepoint    ] Application time: 0.0291685 seconds
[2020-01-13T14:07:05.247+0000][1][safepoint    ] Entering safepoint region: RevokeBias
[2020-01-13T14:07:05.247+0000][1][safepoint    ] Leaving safepoint region
[2020-01-13T14:07:05.247+0000][1][safepoint    ] Total time for which application threads were stopped: 0.0001038 seconds, Stopping threads took: 0.0000363 seconds
[2020-01-13T14:07:05.254+0000][1][safepoint    ] Application time: 0.0060994 seconds
[2020-01-13T14:07:05.257+0000][1][safepoint    ] Entering safepoint region: RevokeBias
[2020-01-13T14:07:05.257+0000][1][safepoint    ] Leaving safepoint region
[2020-01-13T14:07:05.257+0000][1][safepoint    ] Total time for which application threads were stopped: 0.0032581 seconds, Stopping threads took: 0.0031812 seconds
[2020-01-13T14:07:05.268+0000][1][safepoint    ] Application time: 0.0110952 seconds
[2020-01-13T14:07:05.270+0000][1][safepoint    ] Entering safepoint region: RevokeBias
[2020-01-13T14:07:05.270+0000][1][safepoint    ] Leaving safepoint region
[2020-01-13T14:07:05.270+0000][1][safepoint    ] Total time for which application threads were stopped: 0.0021034 seconds, Stopping threads took: 0.0020159 seconds
[2020-01-13T14:07:05.270+0000][1][safepoint    ] Application time: 0.0001617 seconds
[2020-01-13T14:07:05.270+0000][1][safepoint    ] Entering safepoint region: RevokeBias
[2020-01-13T14:07:05.270+0000][1][safepoint    ] Leaving safepoint region
[2020-01-13T14:07:05.270+0000][1][safepoint    ] Total time for which application threads were stopped: 0.0000583 seconds, Stopping threads took: 0.0000081 seconds
[2020-01-13T14:07:05.270+0000][1][safepoint    ] Application time: 0.0000289 seconds
[2020-01-13T14:07:05.270+0000][1][safepoint    ] Entering safepoint region: RevokeBias
[2020-01-13T14:07:05.270+0000][1][safepoint    ] Leaving safepoint region
[2020-01-13T14:07:05.270+0000][1][safepoint    ] Total time for which application threads were stopped: 0.0000405 seconds, Stopping threads took: 0.0000154 seconds
[2020-01-13T14:07:05.271+0000][1][safepoint    ] Application time: 0.0002018 seconds
[2020-01-13T14:07:05.271+0000][1][safepoint    ] Entering safepoint region: RevokeBias
[2020-01-13T14:07:05.271+0000][1][safepoint    ] Leaving safepoint region
[2020-01-13T14:07:05.271+0000][1][safepoint    ] Total time for which application threads were stopped: 0.0000354 seconds, Stopping threads took: 0.0000062 seconds
[2020-01-13T14:07:05.271+0000][1][safepoint    ] Application time: 0.0000297 seconds
[2020-01-13T14:07:05.271+0000][1][safepoint    ] Entering safepoint region: RevokeBias
[2020-01-13T14:07:05.271+0000][1][safepoint    ] Leaving safepoint region
[2020-01-13T14:07:05.271+0000][1][safepoint    ] Total time for which application threads were stopped: 0.0000316 seconds, Stopping threads took: 0.0000112 seconds
[2020-01-13T14:07:05.291+0000][1][safepoint    ] Application time: 0.0205644 seconds
[2020-01-13T14:07:05.293+0000][1][safepoint    ] Entering safepoint region: RevokeBias
[2020-01-13T14:07:05.293+0000][1][safepoint    ] Leaving safepoint region
[2020-01-13T14:07:05.293+0000][1][safepoint    ] Total time for which application threads were stopped: 0.0020769 seconds, Stopping threads took: 0.0019912 seconds
[2020-01-13T14:07:05.296+0000][1][safepoint    ] Application time: 0.0029374 seconds
[2020-01-13T14:07:05.298+0000][1][safepoint    ] Entering safepoint region: RevokeBias
[2020-01-13T14:07:05.298+0000][1][safepoint    ] Leaving safepoint region
[2020-01-13T14:07:05.298+0000][1][safepoint    ] Total time for which application threads were stopped: 0.0014753 seconds, Stopping threads took: 0.0014199 seconds
[2020-01-13T14:07:05.308+0000][1][safepoint    ] Application time: 0.0105141 seconds
[2020-01-13T14:07:05.309+0000][1][safepoint    ] Entering safepoint region: RevokeBias
[2020-01-13T14:07:05.310+0000][1][safepoint    ] Leaving safepoint region
[2020-01-13T14:07:05.310+0000][1][safepoint    ] Total time for which application threads were stopped: 0.0012132 seconds, Stopping threads took: 0.0011348 seconds
[2020-01-13T14:07:05.311+0000][1][safepoint    ] Application time: 0.0015384 seconds
[2020-01-13T14:07:05.311+0000][1][safepoint    ] Entering safepoint region: RevokeBias
[2020-01-13T14:07:05.311+0000][1][safepoint    ] Leaving safepoint region
[2020-01-13T14:07:05.311+0000][1][safepoint    ] Total time for which application threads were stopped: 0.0000810 seconds, Stopping threads took: 0.0000261 seconds
[2020-01-13T14:07:05.320+0000][1][safepoint    ] Application time: 0.0090465 seconds
[2020-01-13T14:07:05.322+0000][1][safepoint    ] Entering safepoint region: RevokeBias
[2020-01-13T14:07:05.322+0000][1][safepoint    ] Leaving safepoint region
[2020-01-13T14:07:05.322+0000][1][safepoint    ] Total time for which application threads were stopped: 0.0019562 seconds, Stopping threads took: 0.0018937 seconds
[2020-01-13T14:07:05.339+0000][1][safepoint    ] Application time: 0.0171542 seconds
[2020-01-13T14:07:05.343+0000][1][safepoint    ] Entering safepoint region: RevokeBias
[2020-01-13T14:07:05.343+0000][1][safepoint    ] Leaving safepoint region
[2020-01-13T14:07:05.343+0000][1][safepoint    ] Total time for which application threads were stopped: 0.0031730 seconds, Stopping threads took: 0.0031039 seconds
[2020-01-13T14:07:05.343+0000][1][safepoint    ] Application time: 0.0000741 seconds
[2020-01-13T14:07:05.343+0000][1][safepoint    ] Entering safepoint region: RevokeBias
[2020-01-13T14:07:05.343+0000][1][safepoint    ] Leaving safepoint region
[2020-01-13T14:07:05.343+0000][1][safepoint    ] Total time for which application threads were stopped: 0.0000379 seconds, Stopping threads took: 0.0000144 seconds
[2020-01-13T14:07:05.361+0000][1][safepoint    ] Application time: 0.0186160 seconds
[2020-01-13T14:07:05.364+0000][1][safepoint    ] Entering safepoint region: RevokeBias
[2020-01-13T14:07:05.364+0000][1][safepoint    ] Leaving safepoint region
[2020-01-13T14:07:05.364+0000][1][safepoint    ] Total time for which application threads were stopped: 0.0024980 seconds, Stopping threads took: 0.0024218 seconds
[2020-01-13T14:07:05.367+0000][1][safepoint    ] Application time: 0.0032011 seconds
[2020-01-13T14:07:05.367+0000][1][safepoint    ] Entering safepoint region: RevokeBias
[2020-01-13T14:07:05.367+0000][1][safepoint    ] Leaving safepoint region
[2020-01-13T14:07:05.367+0000][1][safepoint    ] Total time for which application threads were stopped: 0.0001074 seconds, Stopping threads took: 0.0000236 seconds
[2020-01-13T14:07:05.368+0000][1][safepoint    ] Application time: 0.0002776 seconds
[2020-01-13T14:07:05.368+0000][1][safepoint    ] Entering safepoint region: RevokeBias
[2020-01-13T14:07:05.368+0000][1][safepoint    ] Leaving safepoint region
[2020-01-13T14:07:05.368+0000][1][safepoint    ] Total time for which application threads were stopped: 0.0000447 seconds, Stopping threads took: 0.0000078 seconds
[2020-01-13T14:07:05.368+0000][1][safepoint    ] Application time: 0.0000299 seconds
[2020-01-13T14:07:05.368+0000][1][safepoint    ] Entering safepoint region: RevokeBias
[2020-01-13T14:07:05.368+0000][1][safepoint    ] Leaving safepoint region
[2020-01-13T14:07:05.368+0000][1][safepoint    ] Total time for which application threads were stopped: 0.0000277 seconds, Stopping threads took: 0.0000057 seconds
[2020-01-13T14:07:05.368+0000][1][safepoint    ] Application time: 0.0000192 seconds
[2020-01-13T14:07:05.368+0000][1][safepoint    ] Entering safepoint region: RevokeBias
[2020-01-13T14:07:05.368+0000][1][safepoint    ] Leaving safepoint region
[2020-01-13T14:07:05.368+0000][1][safepoint    ] Total time for which application threads were stopped: 0.0000258 seconds, Stopping threads took: 0.0000055 seconds
[2020-01-13T14:07:05.368+0000][1][safepoint    ] Application time: 0.0000189 seconds
[2020-01-13T14:07:05.368+0000][1][safepoint    ] Entering safepoint region: RevokeBias
[2020-01-13T14:07:05.368+0000][1][safepoint    ] Leaving safepoint region
[2020-01-13T14:07:05.368+0000][1][safepoint    ] Total time for which application threads were stopped: 0.0000258 seconds, Stopping threads took: 0.0000056 seconds
[2020-01-13T14:07:05.368+0000][1][safepoint    ] Application time: 0.0000180 seconds
[2020-01-13T14:07:05.368+0000][1][safepoint    ] Entering safepoint region: RevokeBias
[2020-01-13T14:07:05.368+0000][1][safepoint    ] Leaving safepoint region
[2020-01-13T14:07:05.368+0000][1][safepoint    ] Total time for which application threads were stopped: 0.0000254 seconds, Stopping threads took: 0.0000055 seconds
[2020-01-13T14:07:05.368+0000][1][safepoint    ] Application time: 0.0000190 seconds
[2020-01-13T14:07:05.368+0000][1][safepoint    ] Entering safepoint region: RevokeBias
[2020-01-13T14:07:05.368+0000][1][safepoint    ] Leaving safepoint region
[2020-01-13T14:07:05.368+0000][1][safepoint    ] Total time for which application threads were stopped: 0.0000256 seconds, Stopping threads took: 0.0000055 seconds
[2020-01-13T14:07:05.368+0000][1][safepoint    ] Application time: 0.0000188 seconds
[2020-01-13T14:07:05.368+0000][1][safepoint    ] Entering safepoint region: RevokeBias
[2020-01-13T14:07:05.368+0000][1][safepoint    ] Leaving safepoint region
[2020-01-13T14:07:05.368+0000][1][safepoint    ] Total time for which application threads were stopped: 0.0000393 seconds, Stopping threads took: 0.0000186 seconds
[2020-01-13T14:07:05.369+0000][1][safepoint    ] Application time: 0.0009958 seconds
[2020-01-13T14:07:05.369+0000][1][safepoint    ] Entering safepoint region: RevokeBias
[2020-01-13T14:07:05.369+0000][1][safepoint    ] Leaving safepoint region
[2020-01-13T14:07:05.369+0000][1][safepoint    ] Total time for which application threads were stopped: 0.0000676 seconds, Stopping threads took: 0.0000105 seconds
[2020-01-13T14:07:05.401+0000][1][safepoint    ] Application time: 0.0318907 seconds
[2020-01-13T14:07:05.403+0000][1][safepoint    ] Entering safepoint region: RevokeBias
[2020-01-13T14:07:05.403+0000][1][safepoint    ] Leaving safepoint region
[2020-01-13T14:07:05.403+0000][1][safepoint    ] Total time for which application threads were stopped: 0.0021612 seconds, Stopping threads took: 0.0020423 seconds
[2020-01-13T14:07:05.407+0000][1][safepoint    ] Application time: 0.0035340 seconds
[2020-01-13T14:07:05.412+0000][1][safepoint    ] Entering safepoint region: RevokeBias
[2020-01-13T14:07:05.412+0000][1][safepoint    ] Leaving safepoint region
[2020-01-13T14:07:05.412+0000][1][safepoint    ] Total time for which application threads were stopped: 0.0051247 seconds, Stopping threads took: 0.0050421 seconds
[2020-01-13T14:07:05.418+0000][1][safepoint    ] Application time: 0.0065176 seconds
[2020-01-13T14:07:05.418+0000][1][safepoint    ] Entering safepoint region: RevokeBias
[2020-01-13T14:07:05.418+0000][1][safepoint    ] Leaving safepoint region
[2020-01-13T14:07:05.418+0000][1][safepoint    ] Total time for which application threads were stopped: 0.0000842 seconds, Stopping threads took: 0.0000216 seconds
[2020-01-13T14:07:05.452+0000][1][safepoint    ] Application time: 0.0334426 seconds
[2020-01-13T14:07:05.454+0000][1][safepoint    ] Entering safepoint region: RevokeBias
[2020-01-13T14:07:05.454+0000][1][safepoint    ] Leaving safepoint region
[2020-01-13T14:07:05.454+0000][1][safepoint    ] Total time for which application threads were stopped: 0.0021849 seconds, Stopping threads took: 0.0021085 seconds
[2020-01-13T14:07:05.459+0000][1][safepoint    ] Application time: 0.0049769 seconds
[2020-01-13T14:07:05.459+0000][1][safepoint    ] Entering safepoint region: RevokeBias
[2020-01-13T14:07:05.459+0000][1][safepoint    ] Leaving safepoint region
[2020-01-13T14:07:05.459+0000][1][safepoint    ] Total time for which application threads were stopped: 0.0000981 seconds, Stopping threads took: 0.0000129 seconds
[2020-01-13T14:07:05.542+0000][1][safepoint    ] Application time: 0.0827144 seconds
[2020-01-13T14:07:05.542+0000][1][safepoint    ] Entering safepoint region: RevokeBias
[2020-01-13T14:07:05.542+0000][1][safepoint    ] Leaving safepoint region
[2020-01-13T14:07:05.542+0000][1][safepoint    ] Total time for which application threads were stopped: 0.0001167 seconds, Stopping threads took: 0.0000141 seconds
[2020-01-13T14:07:05.550+0000][1][safepoint    ] Application time: 0.0075069 seconds
[2020-01-13T14:07:05.550+0000][1][safepoint    ] Entering safepoint region: RevokeBias
[2020-01-13T14:07:05.550+0000][1][safepoint    ] Leaving safepoint region
[2020-01-13T14:07:05.550+0000][1][safepoint    ] Total time for which application threads were stopped: 0.0000926 seconds, Stopping threads took: 0.0000259 seconds
[2020-01-13T14:07:05.553+0000][1][safepoint    ] Application time: 0.0035610 seconds
[2020-01-13T14:07:05.557+0000][1][safepoint    ] Entering safepoint region: RevokeBias
[2020-01-13T14:07:05.557+0000][1][safepoint    ] Leaving safepoint region
[2020-01-13T14:07:05.557+0000][1][safepoint    ] Total time for which application threads were stopped: 0.0039552 seconds, Stopping threads took: 0.0038791 seconds
[2020-01-13T14:07:05.560+0000][1][safepoint    ] Application time: 0.0026252 seconds
[2020-01-13T14:07:05.560+0000][1][safepoint    ] Entering safepoint region: RevokeBias
[2020-01-13T14:07:05.560+0000][1][safepoint    ] Leaving safepoint region
[2020-01-13T14:07:05.560+0000][1][safepoint    ] Total time for which application threads were stopped: 0.0001238 seconds, Stopping threads took: 0.0000456 seconds
[2020-01-13T14:07:05.560+0000][1][safepoint    ] Application time: 0.0000325 seconds
[2020-01-13T14:07:05.560+0000][1][safepoint    ] Entering safepoint region: RevokeBias
[2020-01-13T14:07:05.560+0000][1][safepoint    ] Leaving safepoint region
[2020-01-13T14:07:05.560+0000][1][safepoint    ] Total time for which application threads were stopped: 0.0000389 seconds, Stopping threads took: 0.0000129 seconds
[2020-01-13T14:07:05.560+0000][1][safepoint    ] Application time: 0.0000374 seconds
[2020-01-13T14:07:05.560+0000][1][safepoint    ] Entering safepoint region: RevokeBias
[2020-01-13T14:07:05.560+0000][1][safepoint    ] Leaving safepoint region
[2020-01-13T14:07:05.560+0000][1][safepoint    ] Total time for which application threads were stopped: 0.0000370 seconds, Stopping threads took: 0.0000127 seconds
[2020-01-13T14:07:05.562+0000][1][safepoint    ] Application time: 0.0017802 seconds
[2020-01-13T14:07:05.562+0000][1][safepoint    ] Entering safepoint region: RevokeBias
[2020-01-13T14:07:05.562+0000][1][safepoint    ] Leaving safepoint region
[2020-01-13T14:07:05.562+0000][1][safepoint    ] Total time for which application threads were stopped: 0.0002352 seconds, Stopping threads took: 0.0001609 seconds
[2020-01-13T14:07:05.562+0000][1][safepoint    ] Application time: 0.0001314 seconds
[2020-01-13T14:07:05.563+0000][1][safepoint    ] Entering safepoint region: RevokeBias
[2020-01-13T14:07:05.563+0000][1][safepoint    ] Leaving safepoint region
[2020-01-13T14:07:05.563+0000][1][safepoint    ] Total time for which application threads were stopped: 0.0008360 seconds, Stopping threads took: 0.0007872 seconds
[2020-01-13T14:07:05.563+0000][1][safepoint    ] Application time: 0.0000284 seconds
[2020-01-13T14:07:05.563+0000][1][safepoint    ] Entering safepoint region: RevokeBias
[2020-01-13T14:07:05.563+0000][1][safepoint    ] Leaving safepoint region
[2020-01-13T14:07:05.563+0000][1][safepoint    ] Total time for which application threads were stopped: 0.0000312 seconds, Stopping threads took: 0.0000114 seconds
[2020-01-13T14:07:05.594+0000][1][safepoint    ] Application time: 0.0302688 seconds
[2020-01-13T14:07:05.596+0000][1][safepoint    ] Entering safepoint region: RevokeBias
[2020-01-13T14:07:05.596+0000][1][safepoint    ] Leaving safepoint region
[2020-01-13T14:07:05.596+0000][1][safepoint    ] Total time for which application threads were stopped: 0.0027760 seconds, Stopping threads took: 0.0026919 seconds
[2020-01-13T14:07:05.600+0000][1][safepoint    ] Application time: 0.0037859 seconds
[2020-01-13T14:07:05.600+0000][1][safepoint    ] Entering safepoint region: RevokeBias
[2020-01-13T14:07:05.600+0000][1][safepoint    ] Leaving safepoint region
[2020-01-13T14:07:05.600+0000][1][safepoint    ] Total time for which application threads were stopped: 0.0001132 seconds, Stopping threads took: 0.0000296 seconds
[2020-01-13T14:07:05.604+0000][1][safepoint    ] Application time: 0.0039924 seconds
[2020-01-13T14:07:05.604+0000][1][safepoint    ] Entering safepoint region: RevokeBias
[2020-01-13T14:07:05.605+0000][1][safepoint    ] Leaving safepoint region
[2020-01-13T14:07:05.605+0000][1][safepoint    ] Total time for which application threads were stopped: 0.0001051 seconds, Stopping threads took: 0.0000337 seconds
[2020-01-13T14:07:05.605+0000][1][safepoint    ] Application time: 0.0002292 seconds
[2020-01-13T14:07:05.605+0000][1][safepoint    ] Entering safepoint region: RevokeBias
[2020-01-13T14:07:05.605+0000][1][safepoint    ] Leaving safepoint region
[2020-01-13T14:07:05.605+0000][1][safepoint    ] Total time for which application threads were stopped: 0.0000564 seconds, Stopping threads took: 0.0000083 seconds
[2020-01-13T14:07:05.605+0000][1][safepoint    ] Application time: 0.0002903 seconds
[2020-01-13T14:07:05.605+0000][1][safepoint    ] Entering safepoint region: RevokeBias
[2020-01-13T14:07:05.605+0000][1][safepoint    ] Leaving safepoint region
[2020-01-13T14:07:05.605+0000][1][safepoint    ] Total time for which application threads were stopped: 0.0000756 seconds, Stopping threads took: 0.0000269 seconds
[2020-01-13T14:07:05.605+0000][1][safepoint    ] Application time: 0.0000527 seconds
[2020-01-13T14:07:05.605+0000][1][safepoint    ] Entering safepoint region: RevokeBias
[2020-01-13T14:07:05.605+0000][1][safepoint    ] Leaving safepoint region
[2020-01-13T14:07:05.605+0000][1][safepoint    ] Total time for which application threads were stopped: 0.0000497 seconds, Stopping threads took: 0.0000135 seconds
[2020-01-13T14:07:05.605+0000][1][safepoint    ] Application time: 0.0000366 seconds
[2020-01-13T14:07:05.605+0000][1][safepoint    ] Entering safepoint region: RevokeBias
[2020-01-13T14:07:05.605+0000][1][safepoint    ] Leaving safepoint region
[2020-01-13T14:07:05.605+0000][1][safepoint    ] Total time for which application threads were stopped: 0.0000369 seconds, Stopping threads took: 0.0000059 seconds
[2020-01-13T14:07:05.606+0000][1][safepoint    ] Application time: 0.0001663 seconds
[2020-01-13T14:07:05.606+0000][1][safepoint    ] Entering safepoint region: RevokeBias
[2020-01-13T14:07:05.606+0000][1][safepoint    ] Leaving safepoint region
[2020-01-13T14:07:05.606+0000][1][safepoint    ] Total time for which application threads were stopped: 0.0000566 seconds, Stopping threads took: 0.0000193 seconds
[2020-01-13T14:07:05.609+0000][1][safepoint    ] Application time: 0.0036138 seconds
[2020-01-13T14:07:05.609+0000][1][safepoint    ] Entering safepoint region: RevokeBias
[2020-01-13T14:07:05.609+0000][1][safepoint    ] Leaving safepoint region
[2020-01-13T14:07:05.609+0000][1][safepoint    ] Total time for which application threads were stopped: 0.0000793 seconds, Stopping threads took: 0.0000267 seconds
[2020-01-13T14:07:05.618+0000][1][safepoint    ] Application time: 0.0088912 seconds
[2020-01-13T14:07:05.620+0000][1][safepoint    ] Entering safepoint region: RevokeBias
[2020-01-13T14:07:05.620+0000][1][safepoint    ] Leaving safepoint region
[2020-01-13T14:07:05.621+0000][1][safepoint    ] Total time for which application threads were stopped: 0.0021950 seconds, Stopping threads took: 0.0021188 seconds
[2020-01-13T14:07:05.621+0000][1][safepoint    ] Application time: 0.0004448 seconds
[2020-01-13T14:07:05.621+0000][1][safepoint    ] Entering safepoint region: RevokeBias
[2020-01-13T14:07:05.621+0000][1][safepoint    ] Leaving safepoint region
[2020-01-13T14:07:05.621+0000][1][safepoint    ] Total time for which application threads were stopped: 0.0000782 seconds, Stopping threads took: 0.0000109 seconds
[2020-01-13T14:07:05.621+0000][1][safepoint    ] Application time: 0.0000536 seconds
[2020-01-13T14:07:05.621+0000][1][safepoint    ] Entering safepoint region: RevokeBias
[2020-01-13T14:07:05.621+0000][1][safepoint    ] Leaving safepoint region
[2020-01-13T14:07:05.621+0000][1][safepoint    ] Total time for which application threads were stopped: 0.0000354 seconds, Stopping threads took: 0.0000062 seconds
[2020-01-13T14:07:05.621+0000][1][safepoint    ] Application time: 0.0002277 seconds
[2020-01-13T14:07:05.621+0000][1][safepoint    ] Entering safepoint region: RevokeBias
[2020-01-13T14:07:05.621+0000][1][safepoint    ] Leaving safepoint region
[2020-01-13T14:07:05.621+0000][1][safepoint    ] Total time for which application threads were stopped: 0.0000438 seconds, Stopping threads took: 0.0000081 seconds
[2020-01-13T14:07:05.621+0000][1][safepoint    ] Application time: 0.0000486 seconds
[2020-01-13T14:07:05.621+0000][1][safepoint    ] Entering safepoint region: RevokeBias
[2020-01-13T14:07:05.622+0000][1][safepoint    ] Leaving safepoint region
[2020-01-13T14:07:05.622+0000][1][safepoint    ] Total time for which application threads were stopped: 0.0000331 seconds, Stopping threads took: 0.0000059 seconds
[2020-01-13T14:07:05.629+0000][1][safepoint    ] Application time: 0.0071300 seconds
[2020-01-13T14:07:05.629+0000][1][safepoint    ] Entering safepoint region: RevokeBias
[2020-01-13T14:07:05.629+0000][1][safepoint    ] Leaving safepoint region
[2020-01-13T14:07:05.629+0000][1][safepoint    ] Total time for which application threads were stopped: 0.0000822 seconds, Stopping threads took: 0.0000181 seconds
[2020-01-13T14:07:05.660+0000][1][safepoint    ] Application time: 0.0311179 seconds
[2020-01-13T14:07:05.663+0000][1][safepoint    ] Entering safepoint region: RevokeBias
[2020-01-13T14:07:05.663+0000][1][safepoint    ] Leaving safepoint region
[2020-01-13T14:07:05.663+0000][1][safepoint    ] Total time for which application threads were stopped: 0.0034646 seconds, Stopping threads took: 0.0033708 seconds
[2020-01-13T14:07:05.664+0000][1][safepoint    ] Application time: 0.0002929 seconds
[2020-01-13T14:07:05.664+0000][1][safepoint    ] Entering safepoint region: RevokeBias
[2020-01-13T14:07:05.664+0000][1][safepoint    ] Leaving safepoint region
[2020-01-13T14:07:05.664+0000][1][safepoint    ] Total time for which application threads were stopped: 0.0000563 seconds, Stopping threads took: 0.0000108 seconds
[2020-01-13T14:07:05.664+0000][1][safepoint    ] Application time: 0.0000681 seconds
[2020-01-13T14:07:05.664+0000][1][safepoint    ] Entering safepoint region: RevokeBias
[2020-01-13T14:07:05.664+0000][1][safepoint    ] Leaving safepoint region
[2020-01-13T14:07:05.664+0000][1][safepoint    ] Total time for which application threads were stopped: 0.0000312 seconds, Stopping threads took: 0.0000061 seconds
[2020-01-13T14:07:05.664+0000][1][safepoint    ] Application time: 0.0001859 seconds
[2020-01-13T14:07:05.664+0000][1][safepoint    ] Entering safepoint region: RevokeBias
[2020-01-13T14:07:05.664+0000][1][safepoint    ] Leaving safepoint region
[2020-01-13T14:07:05.664+0000][1][safepoint    ] Total time for which application threads were stopped: 0.0000485 seconds, Stopping threads took: 0.0000188 seconds
[2020-01-13T14:07:05.666+0000][1][safepoint    ] Application time: 0.0014206 seconds
[2020-01-13T14:07:05.666+0000][1][safepoint    ] Entering safepoint region: RevokeBias
[2020-01-13T14:07:05.666+0000][1][safepoint    ] Leaving safepoint region
[2020-01-13T14:07:05.666+0000][1][safepoint    ] Total time for which application threads were stopped: 0.0000618 seconds, Stopping threads took: 0.0000246 seconds
[2020-01-13T14:07:05.667+0000][1][safepoint    ] Application time: 0.0009175 seconds
[2020-01-13T14:07:05.667+0000][1][safepoint    ] Entering safepoint region: RevokeBias
[2020-01-13T14:07:05.667+0000][1][safepoint    ] Leaving safepoint region
[2020-01-13T14:07:05.667+0000][1][safepoint    ] Total time for which application threads were stopped: 0.0000495 seconds, Stopping threads took: 0.0000177 seconds
[2020-01-13T14:07:05.678+0000][1][safepoint    ] Application time: 0.0111178 seconds
[2020-01-13T14:07:05.678+0000][1][safepoint    ] Entering safepoint region: RevokeBias
[2020-01-13T14:07:05.678+0000][1][safepoint    ] Leaving safepoint region
[2020-01-13T14:07:05.678+0000][1][safepoint    ] Total time for which application threads were stopped: 0.0000952 seconds, Stopping threads took: 0.0000309 seconds
[2020-01-13T14:07:05.678+0000][1][safepoint    ] Application time: 0.0000456 seconds
[2020-01-13T14:07:05.678+0000][1][safepoint    ] Entering safepoint region: RevokeBias
[2020-01-13T14:07:05.678+0000][1][safepoint    ] Leaving safepoint region
[2020-01-13T14:07:05.678+0000][1][safepoint    ] Total time for which application threads were stopped: 0.0000331 seconds, Stopping threads took: 0.0000061 seconds
[2020-01-13T14:07:05.695+0000][1][safepoint    ] Application time: 0.0166691 seconds
[2020-01-13T14:07:05.695+0000][1][safepoint    ] Entering safepoint region: GenCollectForAllocation
[2020-01-13T14:07:05.695+0000][1][gc,start     ] GC(22) Pause Young (Allocation Failure)
[2020-01-13T14:07:05.695+0000][1][gc,task      ] GC(22) Using 1 workers of 1 for evacuation
[2020-01-13T14:07:05.726+0000][1][gc,age       ] GC(22) Desired survivor size 4358144 bytes, new threshold 2 (max threshold 6)
[2020-01-13T14:07:05.726+0000][1][gc,age       ] GC(22) Age table with threshold 2 (max threshold 6)
[2020-01-13T14:07:05.726+0000][1][gc,age       ] GC(22) - age   1:    2715920 bytes,    2715920 total
[2020-01-13T14:07:05.726+0000][1][gc,age       ] GC(22) - age   2:    2853184 bytes,    5569104 total
[2020-01-13T14:07:05.726+0000][1][gc,heap      ] GC(22) ParNew: 76672K->6242K(76672K)
[2020-01-13T14:07:05.726+0000][1][gc,heap      ] GC(22) CMS: 60839K->62745K(176960K)
[2020-01-13T14:07:05.726+0000][1][gc,metaspace ] GC(22) Metaspace: 65701K->65701K(1110016K)
[2020-01-13T14:07:05.726+0000][1][gc           ] GC(22) Pause Young (Allocation Failure) 134M->67M(247M) 30.903ms
[2020-01-13T14:07:05.726+0000][1][gc,cpu       ] GC(22) User=0.03s Sys=0.00s Real=0.03s
[2020-01-13T14:07:05.726+0000][1][safepoint    ] Leaving safepoint region
[2020-01-13T14:07:05.726+0000][1][safepoint    ] Total time for which application threads were stopped: 0.0311002 seconds, Stopping threads took: 0.0000362 seconds
[2020-01-13T14:07:05.755+0000][1][safepoint    ] Application time: 0.0295828 seconds
[2020-01-13T14:07:05.758+0000][1][safepoint    ] Entering safepoint region: RevokeBias
[2020-01-13T14:07:05.758+0000][1][safepoint    ] Leaving safepoint region
[2020-01-13T14:07:05.758+0000][1][safepoint    ] Total time for which application threads were stopped: 0.0024966 seconds, Stopping threads took: 0.0024107 seconds
[2020-01-13T14:07:05.758+0000][1][safepoint    ] Application time: 0.0000630 seconds
[2020-01-13T14:07:05.758+0000][1][safepoint    ] Entering safepoint region: RevokeBias
[2020-01-13T14:07:05.758+0000][1][safepoint    ] Leaving safepoint region
[2020-01-13T14:07:05.758+0000][1][safepoint    ] Total time for which application threads were stopped: 0.0000285 seconds, Stopping threads took: 0.0000073 seconds
[2020-01-13T14:07:05.758+0000][1][safepoint    ] Application time: 0.0000267 seconds
[2020-01-13T14:07:05.758+0000][1][safepoint    ] Entering safepoint region: RevokeBias
[2020-01-13T14:07:05.758+0000][1][safepoint    ] Leaving safepoint region
[2020-01-13T14:07:05.758+0000][1][safepoint    ] Total time for which application threads were stopped: 0.0000262 seconds, Stopping threads took: 0.0000060 seconds
[2020-01-13T14:07:05.758+0000][1][safepoint    ] Application time: 0.0000189 seconds
[2020-01-13T14:07:05.758+0000][1][safepoint    ] Entering safepoint region: RevokeBias
[2020-01-13T14:07:05.758+0000][1][safepoint    ] Leaving safepoint region
[2020-01-13T14:07:05.758+0000][1][safepoint    ] Total time for which application threads were stopped: 0.0000256 seconds, Stopping threads took: 0.0000059 seconds
[2020-01-13T14:07:05.758+0000][1][safepoint    ] Application time: 0.0000190 seconds
[2020-01-13T14:07:05.758+0000][1][safepoint    ] Entering safepoint region: RevokeBias
[2020-01-13T14:07:05.758+0000][1][safepoint    ] Leaving safepoint region
[2020-01-13T14:07:05.758+0000][1][safepoint    ] Total time for which application threads were stopped: 0.0000277 seconds, Stopping threads took: 0.0000073 seconds
[2020-01-13T14:07:05.758+0000][1][safepoint    ] Application time: 0.0000252 seconds
[2020-01-13T14:07:05.758+0000][1][safepoint    ] Entering safepoint region: RevokeBias
[2020-01-13T14:07:05.758+0000][1][safepoint    ] Leaving safepoint region
[2020-01-13T14:07:05.758+0000][1][safepoint    ] Total time for which application threads were stopped: 0.0000412 seconds, Stopping threads took: 0.0000061 seconds
[2020-01-13T14:07:05.758+0000][1][safepoint    ] Application time: 0.0000201 seconds
[2020-01-13T14:07:05.758+0000][1][safepoint    ] Entering safepoint region: RevokeBias
[2020-01-13T14:07:05.758+0000][1][safepoint    ] Leaving safepoint region
[2020-01-13T14:07:05.758+0000][1][safepoint    ] Total time for which application threads were stopped: 0.0000290 seconds, Stopping threads took: 0.0000059 seconds
[2020-01-13T14:07:05.758+0000][1][safepoint    ] Application time: 0.0000232 seconds
[2020-01-13T14:07:05.758+0000][1][safepoint    ] Entering safepoint region: RevokeBias
[2020-01-13T14:07:05.758+0000][1][safepoint    ] Leaving safepoint region
[2020-01-13T14:07:05.758+0000][1][safepoint    ] Total time for which application threads were stopped: 0.0000290 seconds, Stopping threads took: 0.0000085 seconds
[2020-01-13T14:07:05.824+0000][1][safepoint    ] Application time: 0.0656468 seconds
[2020-01-13T14:07:05.825+0000][1][safepoint    ] Entering safepoint region: Deoptimize
[2020-01-13T14:07:05.826+0000][1][safepoint    ] Leaving safepoint region
[2020-01-13T14:07:05.826+0000][1][safepoint    ] Total time for which application threads were stopped: 0.0019842 seconds, Stopping threads took: 0.0011868 seconds
[2020-01-13T14:07:05.940+0000][1][safepoint    ] Application time: 0.1142812 seconds
[2020-01-13T14:07:05.940+0000][1][safepoint    ] Entering safepoint region: RevokeBias
[2020-01-13T14:07:05.941+0000][1][safepoint    ] Leaving safepoint region
[2020-01-13T14:07:05.941+0000][1][safepoint    ] Total time for which application threads were stopped: 0.0001656 seconds, Stopping threads took: 0.0000295 seconds
[2020-01-13T14:07:05.941+0000][1][safepoint    ] Application time: 0.0000393 seconds
[2020-01-13T14:07:05.941+0000][1][safepoint    ] Entering safepoint region: RevokeBias
[2020-01-13T14:07:05.941+0000][1][safepoint    ] Leaving safepoint region
[2020-01-13T14:07:05.941+0000][1][safepoint    ] Total time for which application threads were stopped: 0.0000387 seconds, Stopping threads took: 0.0000134 seconds
[2020-01-13T14:07:05.962+0000][1][safepoint    ] Application time: 0.0210489 seconds
[2020-01-13T14:07:05.962+0000][1][safepoint    ] Entering safepoint region: RevokeBias
[2020-01-13T14:07:05.962+0000][1][safepoint    ] Leaving safepoint region
[2020-01-13T14:07:05.962+0000][1][safepoint    ] Total time for which application threads were stopped: 0.0001071 seconds, Stopping threads took: 0.0000278 seconds
[2020-01-13T14:07:05.962+0000][1][safepoint    ] Application time: 0.0000543 seconds
[2020-01-13T14:07:05.962+0000][1][safepoint    ] Entering safepoint region: BulkRevokeBias
[2020-01-13T14:07:05.962+0000][1][safepoint    ] Leaving safepoint region
[2020-01-13T14:07:05.962+0000][1][safepoint    ] Total time for which application threads were stopped: 0.0002834 seconds, Stopping threads took: 0.0000136 seconds
[2020-01-13T14:07:05.962+0000][1][safepoint    ] Application time: 0.0000569 seconds
[2020-01-13T14:07:05.962+0000][1][safepoint    ] Entering safepoint region: RevokeBias
[2020-01-13T14:07:05.962+0000][1][safepoint    ] Leaving safepoint region
[2020-01-13T14:07:05.962+0000][1][safepoint    ] Total time for which application threads were stopped: 0.0000525 seconds, Stopping threads took: 0.0000161 seconds
[2020-01-13T14:07:05.963+0000][1][safepoint    ] Application time: 0.0002384 seconds
[2020-01-13T14:07:05.963+0000][1][safepoint    ] Entering safepoint region: RevokeBias
[2020-01-13T14:07:05.963+0000][1][safepoint    ] Leaving safepoint region
[2020-01-13T14:07:05.963+0000][1][safepoint    ] Total time for which application threads were stopped: 0.0000477 seconds, Stopping threads took: 0.0000159 seconds
[2020-01-13T14:07:05.981+0000][1][safepoint    ] Application time: 0.0182813 seconds
[2020-01-13T14:07:05.982+0000][1][safepoint    ] Entering safepoint region: BulkRevokeBias
[2020-01-13T14:07:05.983+0000][1][safepoint    ] Leaving safepoint region
[2020-01-13T14:07:05.983+0000][1][safepoint    ] Total time for which application threads were stopped: 0.0016222 seconds, Stopping threads took: 0.0013023 seconds
[2020-01-13T14:07:05.986+0000][1][safepoint    ] Application time: 0.0031301 seconds
[2020-01-13T14:07:05.987+0000][1][safepoint    ] Entering safepoint region: RevokeBias
[2020-01-13T14:07:05.987+0000][1][safepoint    ] Leaving safepoint region
[2020-01-13T14:07:05.987+0000][1][safepoint    ] Total time for which application threads were stopped: 0.0014139 seconds, Stopping threads took: 0.0013328 seconds
[2020-01-13T14:07:05.991+0000][1][safepoint    ] Application time: 0.0035043 seconds
[2020-01-13T14:07:05.991+0000][1][safepoint    ] Entering safepoint region: RevokeBias
[2020-01-13T14:07:05.991+0000][1][safepoint    ] Leaving safepoint region
[2020-01-13T14:07:05.991+0000][1][safepoint    ] Total time for which application threads were stopped: 0.0000878 seconds, Stopping threads took: 0.0000229 seconds
[2020-01-13T14:07:05.991+0000][1][safepoint    ] Application time: 0.0000613 seconds
[2020-01-13T14:07:05.991+0000][1][safepoint    ] Entering safepoint region: BulkRevokeBias
[2020-01-13T14:07:05.991+0000][1][safepoint    ] Leaving safepoint region
[2020-01-13T14:07:05.991+0000][1][safepoint    ] Total time for which application threads were stopped: 0.0002835 seconds, Stopping threads took: 0.0000137 seconds
[2020-01-13T14:07:05.991+0000][1][safepoint    ] Application time: 0.0002017 seconds
[2020-01-13T14:07:05.992+0000][1][safepoint    ] Entering safepoint region: RevokeBias
[2020-01-13T14:07:05.992+0000][1][safepoint    ] Leaving safepoint region
[2020-01-13T14:07:05.992+0000][1][safepoint    ] Total time for which application threads were stopped: 0.0009458 seconds, Stopping threads took: 0.0009027 seconds
[2020-01-13T14:07:06.005+0000][1][safepoint    ] Application time: 0.0123260 seconds
[2020-01-13T14:07:06.005+0000][1][safepoint    ] Entering safepoint region: RevokeBias
[2020-01-13T14:07:06.005+0000][1][safepoint    ] Leaving safepoint region
[2020-01-13T14:07:06.005+0000][1][safepoint    ] Total time for which application threads were stopped: 0.0001095 seconds, Stopping threads took: 0.0000298 seconds
[2020-01-13T14:07:06.052+0000][1][safepoint    ] Application time: 0.0468514 seconds
[2020-01-13T14:07:06.052+0000][1][safepoint    ] Entering safepoint region: RevokeBias
[2020-01-13T14:07:06.052+0000][1][safepoint    ] Leaving safepoint region
[2020-01-13T14:07:06.052+0000][1][safepoint    ] Total time for which application threads were stopped: 0.0001171 seconds, Stopping threads took: 0.0000322 seconds
[2020-01-13T14:07:06.081+0000][1][safepoint    ] Application time: 0.0287159 seconds
[2020-01-13T14:07:06.081+0000][1][safepoint    ] Entering safepoint region: RevokeBias
[2020-01-13T14:07:06.081+0000][1][safepoint    ] Leaving safepoint region
[2020-01-13T14:07:06.081+0000][1][safepoint    ] Total time for which application threads were stopped: 0.0001007 seconds, Stopping threads took: 0.0000282 seconds
[2020-01-13T14:07:06.082+0000][1][safepoint    ] Application time: 0.0009755 seconds
[2020-01-13T14:07:06.082+0000][1][safepoint    ] Entering safepoint region: RevokeBias
[2020-01-13T14:07:06.082+0000][1][safepoint    ] Leaving safepoint region
[2020-01-13T14:07:06.082+0000][1][safepoint    ] Total time for which application threads were stopped: 0.0000821 seconds, Stopping threads took: 0.0000236 seconds
[2020-01-13T14:07:06.084+0000][1][safepoint    ] Application time: 0.0023710 seconds
[2020-01-13T14:07:06.084+0000][1][safepoint    ] Entering safepoint region: RevokeBias
[2020-01-13T14:07:06.084+0000][1][safepoint    ] Leaving safepoint region
[2020-01-13T14:07:06.084+0000][1][safepoint    ] Total time for which application threads were stopped: 0.0000662 seconds, Stopping threads took: 0.0000212 seconds
[2020-01-13T14:07:07.084+0000][1][safepoint    ] Application time: 1.0001042 seconds
[2020-01-13T14:07:07.084+0000][1][safepoint    ] Entering safepoint region: Cleanup
[2020-01-13T14:07:07.085+0000][1][safepoint    ] Leaving safepoint region
[2020-01-13T14:07:07.085+0000][1][safepoint    ] Total time for which application threads were stopped: 0.0001145 seconds, Stopping threads took: 0.0000281 seconds
[2020-01-13T14:07:08.085+0000][1][safepoint    ] Application time: 1.0001019 seconds
[2020-01-13T14:07:08.085+0000][1][safepoint    ] Entering safepoint region: Cleanup
[2020-01-13T14:07:08.085+0000][1][safepoint    ] Leaving safepoint region
[2020-01-13T14:07:08.085+0000][1][safepoint    ] Total time for which application threads were stopped: 0.0001101 seconds, Stopping threads took: 0.0000298 seconds
[2020-01-13T14:07:09.085+0000][1][safepoint    ] Application time: 1.0001629 seconds
[2020-01-13T14:07:09.085+0000][1][safepoint    ] Entering safepoint region: Cleanup
[2020-01-13T14:07:09.085+0000][1][safepoint    ] Leaving safepoint region
[2020-01-13T14:07:09.085+0000][1][safepoint    ] Total time for which application threads were stopped: 0.0000939 seconds, Stopping threads took: 0.0000272 seconds
[2020-01-13T14:07:10.085+0000][1][safepoint    ] Application time: 1.0001153 seconds
[2020-01-13T14:07:10.085+0000][1][safepoint    ] Entering safepoint region: Cleanup
[2020-01-13T14:07:10.085+0000][1][safepoint    ] Leaving safepoint region
[2020-01-13T14:07:10.085+0000][1][safepoint    ] Total time for which application threads were stopped: 0.0001311 seconds, Stopping threads took: 0.0000290 seconds
[2020-01-13T14:07:11.086+0000][1][safepoint    ] Application time: 1.0001290 seconds
[2020-01-13T14:07:11.086+0000][1][safepoint    ] Entering safepoint region: Cleanup
[2020-01-13T14:07:11.086+0000][1][safepoint    ] Leaving safepoint region
[2020-01-13T14:07:11.086+0000][1][safepoint    ] Total time for which application threads were stopped: 0.0001029 seconds, Stopping threads took: 0.0000331 seconds
[2020-01-13T14:07:12.086+0000][1][safepoint    ] Application time: 1.0000981 seconds
[2020-01-13T14:07:12.086+0000][1][safepoint    ] Entering safepoint region: Cleanup
[2020-01-13T14:07:12.086+0000][1][safepoint    ] Leaving safepoint region
[2020-01-13T14:07:12.086+0000][1][safepoint    ] Total time for which application threads were stopped: 0.0001007 seconds, Stopping threads took: 0.0000320 seconds
[2020-01-13T14:07:13.086+0000][1][safepoint    ] Application time: 1.0000879 seconds
[2020-01-13T14:07:13.086+0000][1][safepoint    ] Entering safepoint region: Cleanup
[2020-01-13T14:07:13.086+0000][1][safepoint    ] Leaving safepoint region
[2020-01-13T14:07:13.086+0000][1][safepoint    ] Total time for which application threads were stopped: 0.0001237 seconds, Stopping threads took: 0.0000440 seconds
[2020-01-13T14:07:14.087+0000][1][safepoint    ] Application time: 1.0001400 seconds
[2020-01-13T14:07:14.087+0000][1][safepoint    ] Entering safepoint region: Cleanup
[2020-01-13T14:07:14.087+0000][1][safepoint    ] Leaving safepoint region
[2020-01-13T14:07:14.087+0000][1][safepoint    ] Total time for which application threads were stopped: 0.0001063 seconds, Stopping threads took: 0.0000303 seconds
[2020-01-13T14:07:15.087+0000][1][safepoint    ] Application time: 1.0001565 seconds
[2020-01-13T14:07:15.087+0000][1][safepoint    ] Entering safepoint region: Cleanup
[2020-01-13T14:07:15.087+0000][1][safepoint    ] Leaving safepoint region
[2020-01-13T14:07:15.087+0000][1][safepoint    ] Total time for which application threads were stopped: 0.0001276 seconds, Stopping threads took: 0.0000456 seconds
[2020-01-13T14:07:16.087+0000][1][safepoint    ] Application time: 1.0001503 seconds
[2020-01-13T14:07:16.087+0000][1][safepoint    ] Entering safepoint region: Cleanup
[2020-01-13T14:07:16.087+0000][1][safepoint    ] Leaving safepoint region
[2020-01-13T14:07:16.087+0000][1][safepoint    ] Total time for which application threads were stopped: 0.0000994 seconds, Stopping threads took: 0.0000272 seconds
[2020-01-13T14:07:17.088+0000][1][safepoint    ] Application time: 1.0001440 seconds
[2020-01-13T14:07:17.088+0000][1][safepoint    ] Entering safepoint region: Cleanup
[2020-01-13T14:07:17.088+0000][1][safepoint    ] Leaving safepoint region
[2020-01-13T14:07:17.088+0000][1][safepoint    ] Total time for which application threads were stopped: 0.0001107 seconds, Stopping threads took: 0.0000386 seconds
[2020-01-13T14:07:18.088+0000][1][safepoint    ] Application time: 1.0001446 seconds
[2020-01-13T14:07:18.088+0000][1][safepoint    ] Entering safepoint region: Cleanup
[2020-01-13T14:07:18.088+0000][1][safepoint    ] Leaving safepoint region
[2020-01-13T14:07:18.088+0000][1][safepoint    ] Total time for which application threads were stopped: 0.0001158 seconds, Stopping threads took: 0.0000270 seconds
[2020-01-13T14:07:18.241+0000][1][safepoint    ] Application time: 0.1532949 seconds
[2020-01-13T14:07:18.242+0000][1][safepoint    ] Entering safepoint region: RevokeBias
[2020-01-13T14:07:18.242+0000][1][safepoint    ] Leaving safepoint region
[2020-01-13T14:07:18.242+0000][1][safepoint    ] Total time for which application threads were stopped: 0.0002444 seconds, Stopping threads took: 0.0001054 seconds
[2020-01-13T14:07:18.245+0000][1][safepoint    ] Application time: 0.0037337 seconds
[2020-01-13T14:07:18.248+0000][1][safepoint    ] Entering safepoint region: RevokeBias
[2020-01-13T14:07:18.248+0000][1][safepoint    ] Leaving safepoint region
[2020-01-13T14:07:18.248+0000][1][safepoint    ] Total time for which application threads were stopped: 0.0025178 seconds, Stopping threads took: 0.0024307 seconds
[2020-01-13T14:07:18.249+0000][1][safepoint    ] Application time: 0.0005597 seconds
[2020-01-13T14:07:18.249+0000][1][safepoint    ] Entering safepoint region: RevokeBias
[2020-01-13T14:07:18.249+0000][1][safepoint    ] Leaving safepoint region
[2020-01-13T14:07:18.249+0000][1][safepoint    ] Total time for which application threads were stopped: 0.0000821 seconds, Stopping threads took: 0.0000260 seconds
[2020-01-13T14:07:18.249+0000][1][safepoint    ] Application time: 0.0000346 seconds
[2020-01-13T14:07:18.249+0000][1][safepoint    ] Entering safepoint region: RevokeBias
[2020-01-13T14:07:18.249+0000][1][safepoint    ] Leaving safepoint region
[2020-01-13T14:07:18.249+0000][1][safepoint    ] Total time for which application threads were stopped: 0.0000424 seconds, Stopping threads took: 0.0000132 seconds
[2020-01-13T14:07:18.296+0000][1][safepoint    ] Application time: 0.0470597 seconds
[2020-01-13T14:07:18.296+0000][1][safepoint    ] Entering safepoint region: RevokeBias
[2020-01-13T14:07:18.296+0000][1][safepoint    ] Leaving safepoint region
[2020-01-13T14:07:18.296+0000][1][safepoint    ] Total time for which application threads were stopped: 0.0001940 seconds, Stopping threads took: 0.0000452 seconds
[2020-01-13T14:07:18.298+0000][1][safepoint    ] Application time: 0.0015568 seconds
[2020-01-13T14:07:18.299+0000][1][safepoint    ] Entering safepoint region: RevokeBias
[2020-01-13T14:07:18.299+0000][1][safepoint    ] Leaving safepoint region
[2020-01-13T14:07:18.299+0000][1][safepoint    ] Total time for which application threads were stopped: 0.0017694 seconds, Stopping threads took: 0.0017118 seconds
[2020-01-13T14:07:18.301+0000][1][safepoint    ] Application time: 0.0015058 seconds
[2020-01-13T14:07:18.301+0000][1][safepoint    ] Entering safepoint region: RevokeBias
[2020-01-13T14:07:18.301+0000][1][safepoint    ] Leaving safepoint region
[2020-01-13T14:07:18.301+0000][1][safepoint    ] Total time for which application threads were stopped: 0.0000995 seconds, Stopping threads took: 0.0000362 seconds
[2020-01-13T14:07:18.326+0000][1][safepoint    ] Application time: 0.0253149 seconds
[2020-01-13T14:07:18.326+0000][1][safepoint    ] Entering safepoint region: RevokeBias
[2020-01-13T14:07:18.326+0000][1][safepoint    ] Leaving safepoint region
[2020-01-13T14:07:18.326+0000][1][safepoint    ] Total time for which application threads were stopped: 0.0001033 seconds, Stopping threads took: 0.0000276 seconds
[2020-01-13T14:07:18.327+0000][1][safepoint    ] Application time: 0.0004251 seconds
[2020-01-13T14:07:18.327+0000][1][safepoint    ] Entering safepoint region: RevokeBias
[2020-01-13T14:07:18.327+0000][1][safepoint    ] Leaving safepoint region
[2020-01-13T14:07:18.327+0000][1][safepoint    ] Total time for which application threads were stopped: 0.0001227 seconds, Stopping threads took: 0.0000278 seconds
[2020-01-13T14:07:18.330+0000][1][safepoint    ] Application time: 0.0033214 seconds
[2020-01-13T14:07:18.331+0000][1][safepoint    ] Entering safepoint region: RevokeBias
[2020-01-13T14:07:18.331+0000][1][safepoint    ] Leaving safepoint region
[2020-01-13T14:07:18.331+0000][1][safepoint    ] Total time for which application threads were stopped: 0.0002429 seconds, Stopping threads took: 0.0001874 seconds
[2020-01-13T14:07:18.353+0000][1][safepoint    ] Application time: 0.0219120 seconds
[2020-01-13T14:07:18.356+0000][1][safepoint    ] Entering safepoint region: RevokeBias
[2020-01-13T14:07:18.356+0000][1][safepoint    ] Leaving safepoint region
[2020-01-13T14:07:18.356+0000][1][safepoint    ] Total time for which application threads were stopped: 0.0037159 seconds, Stopping threads took: 0.0036061 seconds
[2020-01-13T14:07:18.390+0000][1][safepoint    ] Application time: 0.0332145 seconds
[2020-01-13T14:07:18.390+0000][1][safepoint    ] Entering safepoint region: Deoptimize
[2020-01-13T14:07:18.391+0000][1][safepoint    ] Leaving safepoint region
[2020-01-13T14:07:18.391+0000][1][safepoint    ] Total time for which application threads were stopped: 0.0017004 seconds, Stopping threads took: 0.0007760 seconds
[2020-01-13T14:07:18.404+0000][1][safepoint    ] Application time: 0.0130907 seconds
[2020-01-13T14:07:18.406+0000][1][safepoint    ] Entering safepoint region: Deoptimize
[2020-01-13T14:07:18.407+0000][1][safepoint    ] Leaving safepoint region
[2020-01-13T14:07:18.407+0000][1][safepoint    ] Total time for which application threads were stopped: 0.0029652 seconds, Stopping threads took: 0.0020485 seconds
[2020-01-13T14:07:18.433+0000][1][safepoint    ] Application time: 0.0251899 seconds
[2020-01-13T14:07:18.435+0000][1][safepoint    ] Entering safepoint region: RevokeBias
[2020-01-13T14:07:18.435+0000][1][safepoint    ] Leaving safepoint region
[2020-01-13T14:07:18.435+0000][1][safepoint    ] Total time for which application threads were stopped: 0.0027638 seconds, Stopping threads took: 0.0026637 seconds
[2020-01-13T14:07:18.436+0000][1][safepoint    ] Application time: 0.0001927 seconds
[2020-01-13T14:07:18.436+0000][1][safepoint    ] Entering safepoint region: RevokeBias
[2020-01-13T14:07:18.436+0000][1][safepoint    ] Leaving safepoint region
[2020-01-13T14:07:18.436+0000][1][safepoint    ] Total time for which application threads were stopped: 0.0000748 seconds, Stopping threads took: 0.0000075 seconds
[2020-01-13T14:07:18.437+0000][1][safepoint    ] Application time: 0.0008187 seconds
[2020-01-13T14:07:18.439+0000][1][safepoint    ] Entering safepoint region: RevokeBias
[2020-01-13T14:07:18.439+0000][1][safepoint    ] Leaving safepoint region
[2020-01-13T14:07:18.439+0000][1][safepoint    ] Total time for which application threads were stopped: 0.0022481 seconds, Stopping threads took: 0.0021703 seconds
[2020-01-13T14:07:18.442+0000][1][safepoint    ] Application time: 0.0034102 seconds
[2020-01-13T14:07:18.443+0000][1][safepoint    ] Entering safepoint region: RevokeBias
[2020-01-13T14:07:18.443+0000][1][safepoint    ] Leaving safepoint region
[2020-01-13T14:07:18.443+0000][1][safepoint    ] Total time for which application threads were stopped: 0.0011371 seconds, Stopping threads took: 0.0010711 seconds
[2020-01-13T14:07:18.444+0000][1][safepoint    ] Application time: 0.0004853 seconds
[2020-01-13T14:07:18.444+0000][1][safepoint    ] Entering safepoint region: RevokeBias
[2020-01-13T14:07:18.444+0000][1][safepoint    ] Leaving safepoint region
[2020-01-13T14:07:18.444+0000][1][safepoint    ] Total time for which application threads were stopped: 0.0001208 seconds, Stopping threads took: 0.0000450 seconds
[2020-01-13T14:07:18.444+0000][1][safepoint    ] Application time: 0.0001933 seconds
[2020-01-13T14:07:18.444+0000][1][safepoint    ] Entering safepoint region: RevokeBias
[2020-01-13T14:07:18.444+0000][1][safepoint    ] Leaving safepoint region
[2020-01-13T14:07:18.444+0000][1][safepoint    ] Total time for which application threads were stopped: 0.0000519 seconds, Stopping threads took: 0.0000075 seconds
[2020-01-13T14:07:18.467+0000][1][safepoint    ] Application time: 0.0225779 seconds
[2020-01-13T14:07:18.467+0000][1][safepoint    ] Entering safepoint region: RevokeBias
[2020-01-13T14:07:18.467+0000][1][safepoint    ] Leaving safepoint region
[2020-01-13T14:07:18.467+0000][1][safepoint    ] Total time for which application threads were stopped: 0.0001593 seconds, Stopping threads took: 0.0000780 seconds
[2020-01-13T14:07:18.467+0000][1][safepoint    ] Application time: 0.0000343 seconds
[2020-01-13T14:07:18.467+0000][1][safepoint    ] Entering safepoint region: RevokeBias
[2020-01-13T14:07:18.467+0000][1][safepoint    ] Leaving safepoint region
[2020-01-13T14:07:18.467+0000][1][safepoint    ] Total time for which application threads were stopped: 0.0000354 seconds, Stopping threads took: 0.0000139 seconds
[2020-01-13T14:07:18.502+0000][1][safepoint    ] Application time: 0.0347692 seconds
[2020-01-13T14:07:18.502+0000][1][safepoint    ] Entering safepoint region: RevokeBias
[2020-01-13T14:07:18.502+0000][1][safepoint    ] Leaving safepoint region
[2020-01-13T14:07:18.502+0000][1][safepoint    ] Total time for which application threads were stopped: 0.0001454 seconds, Stopping threads took: 0.0000519 seconds
[2020-01-13T14:07:19.551+0000][1][safepoint    ] Application time: 1.0492257 seconds
[2020-01-13T14:07:19.551+0000][1][safepoint    ] Entering safepoint region: Cleanup
[2020-01-13T14:07:19.552+0000][1][safepoint    ] Leaving safepoint region
[2020-01-13T14:07:19.552+0000][1][safepoint    ] Total time for which application threads were stopped: 0.0001433 seconds, Stopping threads took: 0.0000338 seconds
[2020-01-13T14:07:20.552+0000][1][safepoint    ] Application time: 1.0001468 seconds
[2020-01-13T14:07:20.552+0000][1][safepoint    ] Entering safepoint region: Cleanup
[2020-01-13T14:07:20.552+0000][1][safepoint    ] Leaving safepoint region
[2020-01-13T14:07:20.552+0000][1][safepoint    ] Total time for which application threads were stopped: 0.0001387 seconds, Stopping threads took: 0.0000342 seconds
[2020-01-13T14:07:24.552+0000][1][safepoint    ] Application time: 4.0005650 seconds
[2020-01-13T14:07:24.553+0000][1][safepoint    ] Entering safepoint region: Cleanup
[2020-01-13T14:07:24.553+0000][1][safepoint    ] Leaving safepoint region
[2020-01-13T14:07:24.553+0000][1][safepoint    ] Total time for which application threads were stopped: 0.0001273 seconds, Stopping threads took: 0.0000353 seconds
[2020-01-13T14:07:25.553+0000][1][safepoint    ] Application time: 1.0001344 seconds
[2020-01-13T14:07:25.553+0000][1][safepoint    ] Entering safepoint region: Cleanup
[2020-01-13T14:07:25.553+0000][1][safepoint    ] Leaving safepoint region
[2020-01-13T14:07:25.553+0000][1][safepoint    ] Total time for which application threads were stopped: 0.0001171 seconds, Stopping threads took: 0.0000325 seconds
[2020-01-13T14:07:29.554+0000][1][safepoint    ] Application time: 4.0005779 seconds
[2020-01-13T14:07:29.554+0000][1][safepoint    ] Entering safepoint region: Cleanup
[2020-01-13T14:07:29.554+0000][1][safepoint    ] Leaving safepoint region
[2020-01-13T14:07:29.554+0000][1][safepoint    ] Total time for which application threads were stopped: 0.0001440 seconds, Stopping threads took: 0.0000385 seconds
[2020-01-13T14:07:30.554+0000][1][safepoint    ] Application time: 1.0001198 seconds
[2020-01-13T14:07:30.554+0000][1][safepoint    ] Entering safepoint region: Cleanup
[2020-01-13T14:07:30.554+0000][1][safepoint    ] Leaving safepoint region
[2020-01-13T14:07:30.554+0000][1][safepoint    ] Total time for which application threads were stopped: 0.0001121 seconds, Stopping threads took: 0.0000323 seconds
[2020-01-13T14:07:33.202+0000][1][safepoint    ] Application time: 2.6474318 seconds
[2020-01-13T14:07:33.202+0000][1][safepoint    ] Entering safepoint region: RevokeBias
[2020-01-13T14:07:33.202+0000][1][safepoint    ] Leaving safepoint region
[2020-01-13T14:07:33.202+0000][1][safepoint    ] Total time for which application threads were stopped: 0.0001487 seconds, Stopping threads took: 0.0000383 seconds
[2020-01-13T14:07:33.216+0000][1][safepoint    ] Application time: 0.0145972 seconds
[2020-01-13T14:07:33.217+0000][1][safepoint    ] Entering safepoint region: RevokeBias
[2020-01-13T14:07:33.217+0000][1][safepoint    ] Leaving safepoint region
[2020-01-13T14:07:33.217+0000][1][safepoint    ] Total time for which application threads were stopped: 0.0002122 seconds, Stopping threads took: 0.0001228 seconds
[2020-01-13T14:07:33.223+0000][1][safepoint    ] Application time: 0.0062319 seconds
[2020-01-13T14:07:33.223+0000][1][safepoint    ] Entering safepoint region: RevokeBias
[2020-01-13T14:07:33.223+0000][1][safepoint    ] Leaving safepoint region
[2020-01-13T14:07:33.223+0000][1][safepoint    ] Total time for which application threads were stopped: 0.0001079 seconds, Stopping threads took: 0.0000383 seconds
[2020-01-13T14:07:34.223+0000][1][safepoint    ] Application time: 1.0003484 seconds
[2020-01-13T14:07:34.223+0000][1][safepoint    ] Entering safepoint region: Cleanup
[2020-01-13T14:07:34.224+0000][1][safepoint    ] Leaving safepoint region
[2020-01-13T14:07:34.224+0000][1][safepoint    ] Total time for which application threads were stopped: 0.0001023 seconds, Stopping threads took: 0.0000219 seconds
[2020-01-13T14:07:36.224+0000][1][safepoint    ] Application time: 2.0001745 seconds
[2020-01-13T14:07:36.224+0000][1][safepoint    ] Entering safepoint region: Cleanup
[2020-01-13T14:07:36.224+0000][1][safepoint    ] Leaving safepoint region
[2020-01-13T14:07:36.224+0000][1][safepoint    ] Total time for which application threads were stopped: 0.0001025 seconds, Stopping threads took: 0.0000254 seconds
[2020-01-13T14:07:38.224+0000][1][safepoint    ] Application time: 2.0002297 seconds
[2020-01-13T14:07:38.224+0000][1][safepoint    ] Entering safepoint region: Cleanup
[2020-01-13T14:07:38.224+0000][1][safepoint    ] Leaving safepoint region
[2020-01-13T14:07:38.224+0000][1][safepoint    ] Total time for which application threads were stopped: 0.0001248 seconds, Stopping threads took: 0.0000285 seconds
[2020-01-13T14:07:40.225+0000][1][safepoint    ] Application time: 2.0002780 seconds
[2020-01-13T14:07:40.225+0000][1][safepoint    ] Entering safepoint region: Cleanup
[2020-01-13T14:07:40.225+0000][1][safepoint    ] Leaving safepoint region
[2020-01-13T14:07:40.225+0000][1][safepoint    ] Total time for which application threads were stopped: 0.0001245 seconds, Stopping threads took: 0.0000400 seconds
[2020-01-13T14:07:41.225+0000][1][safepoint    ] Application time: 1.0001312 seconds
[2020-01-13T14:07:41.225+0000][1][safepoint    ] Entering safepoint region: Cleanup
[2020-01-13T14:07:41.225+0000][1][safepoint    ] Leaving safepoint region
[2020-01-13T14:07:41.225+0000][1][safepoint    ] Total time for which application threads were stopped: 0.0001229 seconds, Stopping threads took: 0.0000311 seconds
[2020-01-13T14:07:47.138+0000][1][safepoint    ] Application time: 5.9125110 seconds
[2020-01-13T14:07:47.138+0000][1][safepoint    ] Entering safepoint region: RevokeBias
[2020-01-13T14:07:47.138+0000][1][safepoint    ] Leaving safepoint region
[2020-01-13T14:07:47.138+0000][1][safepoint    ] Total time for which application threads were stopped: 0.0001078 seconds, Stopping threads took: 0.0000370 seconds
[2020-01-13T14:07:48.216+0000][1][safepoint    ] Application time: 1.0782370 seconds
[2020-01-13T14:07:48.218+0000][1][safepoint    ] Entering safepoint region: RevokeBias
[2020-01-13T14:07:48.218+0000][1][safepoint    ] Leaving safepoint region
[2020-01-13T14:07:48.218+0000][1][safepoint    ] Total time for which application threads were stopped: 0.0020820 seconds, Stopping threads took: 0.0019913 seconds
[2020-01-13T14:07:48.222+0000][1][safepoint    ] Application time: 0.0041438 seconds
[2020-01-13T14:07:48.226+0000][1][safepoint    ] Entering safepoint region: RevokeBias
[2020-01-13T14:07:48.226+0000][1][safepoint    ] Leaving safepoint region
[2020-01-13T14:07:48.226+0000][1][safepoint    ] Total time for which application threads were stopped: 0.0040737 seconds, Stopping threads took: 0.0039812 seconds
[2020-01-13T14:07:48.227+0000][1][safepoint    ] Application time: 0.0009721 seconds
[2020-01-13T14:07:48.227+0000][1][safepoint    ] Entering safepoint region: RevokeBias
[2020-01-13T14:07:48.227+0000][1][safepoint    ] Leaving safepoint region
[2020-01-13T14:07:48.227+0000][1][safepoint    ] Total time for which application threads were stopped: 0.0000747 seconds, Stopping threads took: 0.0000217 seconds
[2020-01-13T14:07:55.228+0000][1][safepoint    ] Application time: 7.0009188 seconds
[2020-01-13T14:07:55.228+0000][1][safepoint    ] Entering safepoint region: Cleanup
[2020-01-13T14:07:55.229+0000][1][safepoint    ] Leaving safepoint region
[2020-01-13T14:07:55.229+0000][1][safepoint    ] Total time for which application threads were stopped: 0.0001488 seconds, Stopping threads took: 0.0000482 seconds
[2020-01-13T14:08:01.229+0000][1][safepoint    ] Application time: 6.0005224 seconds
[2020-01-13T14:08:01.229+0000][1][safepoint    ] Entering safepoint region: Cleanup
[2020-01-13T14:08:01.229+0000][1][safepoint    ] Leaving safepoint region
[2020-01-13T14:08:01.229+0000][1][safepoint    ] Total time for which application threads were stopped: 0.0001334 seconds, Stopping threads took: 0.0000281 seconds
[2020-01-13T14:08:02.229+0000][1][safepoint    ] Application time: 1.0001205 seconds
[2020-01-13T14:08:02.230+0000][1][safepoint    ] Entering safepoint region: Cleanup
[2020-01-13T14:08:02.230+0000][1][safepoint    ] Leaving safepoint region
[2020-01-13T14:08:02.230+0000][1][safepoint    ] Total time for which application threads were stopped: 0.0001682 seconds, Stopping threads took: 0.0000395 seconds
[2020-01-13T14:08:03.214+0000][1][safepoint    ] Application time: 0.9847211 seconds
[2020-01-13T14:08:03.215+0000][1][safepoint    ] Entering safepoint region: RevokeBias
[2020-01-13T14:08:03.215+0000][1][safepoint    ] Leaving safepoint region
[2020-01-13T14:08:03.215+0000][1][safepoint    ] Total time for which application threads were stopped: 0.0001289 seconds, Stopping threads took: 0.0000333 seconds
[2020-01-13T14:08:03.222+0000][1][safepoint    ] Application time: 0.0071644 seconds
[2020-01-13T14:08:03.223+0000][1][safepoint    ] Entering safepoint region: RevokeBias
[2020-01-13T14:08:03.223+0000][1][safepoint    ] Leaving safepoint region
[2020-01-13T14:08:03.223+0000][1][safepoint    ] Total time for which application threads were stopped: 0.0011155 seconds, Stopping threads took: 0.0010217 seconds
[2020-01-13T14:08:03.232+0000][1][safepoint    ] Application time: 0.0085526 seconds
[2020-01-13T14:08:03.232+0000][1][safepoint    ] Entering safepoint region: BulkRevokeBias
[2020-01-13T14:08:03.232+0000][1][safepoint    ] Leaving safepoint region
[2020-01-13T14:08:03.232+0000][1][safepoint    ] Total time for which application threads were stopped: 0.0003275 seconds, Stopping threads took: 0.0000380 seconds
[2020-01-13T14:08:05.232+0000][1][safepoint    ] Application time: 2.0001899 seconds
[2020-01-13T14:08:05.232+0000][1][safepoint    ] Entering safepoint region: Cleanup
[2020-01-13T14:08:05.232+0000][1][safepoint    ] Leaving safepoint region
[2020-01-13T14:08:05.232+0000][1][safepoint    ] Total time for which application threads were stopped: 0.0001161 seconds, Stopping threads took: 0.0000248 seconds
[2020-01-13T14:08:06.975+0000][1][safepoint    ] Application time: 1.7431620 seconds
[2020-01-13T14:08:06.976+0000][1][safepoint    ] Entering safepoint region: RevokeBias
[2020-01-13T14:08:06.976+0000][1][safepoint    ] Leaving safepoint region
[2020-01-13T14:08:06.976+0000][1][safepoint    ] Total time for which application threads were stopped: 0.0001275 seconds, Stopping threads took: 0.0000439 seconds
[2020-01-13T14:08:07.080+0000][1][safepoint    ] Application time: 0.1044916 seconds
[2020-01-13T14:08:07.081+0000][1][safepoint    ] Entering safepoint region: RevokeBias
[2020-01-13T14:08:07.081+0000][1][safepoint    ] Leaving safepoint region
[2020-01-13T14:08:07.082+0000][1][safepoint    ] Total time for which application threads were stopped: 0.0013610 seconds, Stopping threads took: 0.0012486 seconds
[2020-01-13T14:08:07.083+0000][1][safepoint    ] Application time: 0.0010862 seconds
[2020-01-13T14:08:07.083+0000][1][safepoint    ] Entering safepoint region: RevokeBias
[2020-01-13T14:08:07.083+0000][1][safepoint    ] Leaving safepoint region
[2020-01-13T14:08:07.083+0000][1][safepoint    ] Total time for which application threads were stopped: 0.0001008 seconds, Stopping threads took: 0.0000309 seconds
[2020-01-13T14:08:07.086+0000][1][safepoint    ] Application time: 0.0031407 seconds
[2020-01-13T14:08:07.086+0000][1][safepoint    ] Entering safepoint region: RevokeBias
[2020-01-13T14:08:07.086+0000][1][safepoint    ] Leaving safepoint region
[2020-01-13T14:08:07.086+0000][1][safepoint    ] Total time for which application threads were stopped: 0.0000922 seconds, Stopping threads took: 0.0000381 seconds
[2020-01-13T14:08:07.091+0000][1][safepoint    ] Application time: 0.0046435 seconds
[2020-01-13T14:08:07.091+0000][1][safepoint    ] Entering safepoint region: RevokeBias
[2020-01-13T14:08:07.091+0000][1][safepoint    ] Leaving safepoint region
[2020-01-13T14:08:07.091+0000][1][safepoint    ] Total time for which application threads were stopped: 0.0000809 seconds, Stopping threads took: 0.0000220 seconds
[2020-01-13T14:08:09.091+0000][1][safepoint    ] Application time: 2.0002181 seconds
[2020-01-13T14:08:09.091+0000][1][safepoint    ] Entering safepoint region: Cleanup
[2020-01-13T14:08:09.091+0000][1][safepoint    ] Leaving safepoint region
[2020-01-13T14:08:09.091+0000][1][safepoint    ] Total time for which application threads were stopped: 0.0001017 seconds, Stopping threads took: 0.0000265 seconds
[2020-01-13T14:08:10.091+0000][1][safepoint    ] Application time: 1.0000815 seconds
[2020-01-13T14:08:10.091+0000][1][safepoint    ] Entering safepoint region: Cleanup
[2020-01-13T14:08:10.091+0000][1][safepoint    ] Leaving safepoint region
[2020-01-13T14:08:10.091+0000][1][safepoint    ] Total time for which application threads were stopped: 0.0001242 seconds, Stopping threads took: 0.0000258 seconds
[2020-01-13T14:08:11.092+0000][1][safepoint    ] Application time: 1.0001070 seconds
[2020-01-13T14:08:11.092+0000][1][safepoint    ] Entering safepoint region: Cleanup
[2020-01-13T14:08:11.092+0000][1][safepoint    ] Leaving safepoint region
[2020-01-13T14:08:11.092+0000][1][safepoint    ] Total time for which application threads were stopped: 0.0001526 seconds, Stopping threads took: 0.0000277 seconds
[2020-01-13T14:08:14.092+0000][1][safepoint    ] Application time: 3.0002562 seconds
[2020-01-13T14:08:14.092+0000][1][safepoint    ] Entering safepoint region: Cleanup
[2020-01-13T14:08:14.092+0000][1][safepoint    ] Leaving safepoint region
[2020-01-13T14:08:14.092+0000][1][safepoint    ] Total time for which application threads were stopped: 0.0001066 seconds, Stopping threads took: 0.0000237 seconds
[2020-01-13T14:08:16.092+0000][1][safepoint    ] Application time: 2.0001607 seconds
[2020-01-13T14:08:16.092+0000][1][safepoint    ] Entering safepoint region: Cleanup
[2020-01-13T14:08:16.093+0000][1][safepoint    ] Leaving safepoint region
[2020-01-13T14:08:16.093+0000][1][safepoint    ] Total time for which application threads were stopped: 0.0001260 seconds, Stopping threads took: 0.0000387 seconds
[2020-01-13T14:08:19.093+0000][1][safepoint    ] Application time: 3.0002772 seconds
[2020-01-13T14:08:19.093+0000][1][safepoint    ] Entering safepoint region: Cleanup
[2020-01-13T14:08:19.093+0000][1][safepoint    ] Leaving safepoint region
[2020-01-13T14:08:19.093+0000][1][safepoint    ] Total time for which application threads were stopped: 0.0001066 seconds, Stopping threads took: 0.0000254 seconds
[2020-01-13T14:08:23.119+0000][1][safepoint    ] Application time: 4.0258294 seconds
[2020-01-13T14:08:23.119+0000][1][safepoint    ] Entering safepoint region: RevokeBias
[2020-01-13T14:08:23.119+0000][1][safepoint    ] Leaving safepoint region
[2020-01-13T14:08:23.119+0000][1][safepoint    ] Total time for which application threads were stopped: 0.0001343 seconds, Stopping threads took: 0.0000393 seconds
[2020-01-13T14:08:23.192+0000][1][safepoint    ] Application time: 0.0727177 seconds
[2020-01-13T14:08:23.192+0000][1][safepoint    ] Entering safepoint region: RevokeBias
[2020-01-13T14:08:23.192+0000][1][safepoint    ] Leaving safepoint region
[2020-01-13T14:08:23.192+0000][1][safepoint    ] Total time for which application threads were stopped: 0.0001354 seconds, Stopping threads took: 0.0000394 seconds
[2020-01-13T14:08:23.193+0000][1][safepoint    ] Application time: 0.0015652 seconds
[2020-01-13T14:08:23.193+0000][1][safepoint    ] Entering safepoint region: RevokeBias
[2020-01-13T14:08:23.194+0000][1][safepoint    ] Leaving safepoint region
[2020-01-13T14:08:23.194+0000][1][safepoint    ] Total time for which application threads were stopped: 0.0000762 seconds, Stopping threads took: 0.0000285 seconds
[2020-01-13T14:08:28.194+0000][1][safepoint    ] Application time: 5.0004893 seconds
[2020-01-13T14:08:28.194+0000][1][safepoint    ] Entering safepoint region: Cleanup
[2020-01-13T14:08:28.194+0000][1][safepoint    ] Leaving safepoint region
[2020-01-13T14:08:28.194+0000][1][safepoint    ] Total time for which application threads were stopped: 0.0001416 seconds, Stopping threads took: 0.0000373 seconds
[2020-01-13T14:08:32.195+0000][1][safepoint    ] Application time: 4.0003785 seconds
[2020-01-13T14:08:32.195+0000][1][safepoint    ] Entering safepoint region: Cleanup
[2020-01-13T14:08:32.195+0000][1][safepoint    ] Leaving safepoint region
[2020-01-13T14:08:32.195+0000][1][safepoint    ] Total time for which application threads were stopped: 0.0001244 seconds, Stopping threads took: 0.0000295 seconds
[2020-01-13T14:08:34.845+0000][1][safepoint    ] Application time: 2.6499340 seconds
[2020-01-13T14:08:34.845+0000][1][safepoint    ] Entering safepoint region: GenCollectForAllocation
[2020-01-13T14:08:34.845+0000][1][gc,start     ] GC(23) Pause Young (Allocation Failure)
[2020-01-13T14:08:34.845+0000][1][gc,task      ] GC(23) Using 1 workers of 1 for evacuation
[2020-01-13T14:08:34.871+0000][1][gc,age       ] GC(23) Desired survivor size 4358144 bytes, new threshold 6 (max threshold 6)
[2020-01-13T14:08:34.871+0000][1][gc,age       ] GC(23) Age table with threshold 6 (max threshold 6)
[2020-01-13T14:08:34.871+0000][1][gc,age       ] GC(23) - age   1:     993064 bytes,     993064 total
[2020-01-13T14:08:34.871+0000][1][gc,age       ] GC(23) - age   2:    2526864 bytes,    3519928 total
[2020-01-13T14:08:34.871+0000][1][gc,heap      ] GC(23) ParNew: 74402K->4859K(76672K)
[2020-01-13T14:08:34.871+0000][1][gc,heap      ] GC(23) CMS: 62745K->65637K(176960K)
[2020-01-13T14:08:34.871+0000][1][gc,metaspace ] GC(23) Metaspace: 69058K->69058K(1112064K)
[2020-01-13T14:08:34.871+0000][1][gc           ] GC(23) Pause Young (Allocation Failure) 133M->68M(247M) 26.124ms
[2020-01-13T14:08:34.871+0000][1][gc,cpu       ] GC(23) User=0.02s Sys=0.00s Real=0.03s
[2020-01-13T14:08:34.871+0000][1][safepoint    ] Leaving safepoint region
[2020-01-13T14:08:34.871+0000][1][safepoint    ] Total time for which application threads were stopped: 0.0263316 seconds, Stopping threads took: 0.0000321 seconds
[2020-01-13T14:08:35.874+0000][1][safepoint    ] Application time: 1.0032590 seconds
[2020-01-13T14:08:35.874+0000][1][safepoint    ] Entering safepoint region: Cleanup
[2020-01-13T14:08:35.875+0000][1][safepoint    ] Leaving safepoint region
[2020-01-13T14:08:35.875+0000][1][safepoint    ] Total time for which application threads were stopped: 0.0001018 seconds, Stopping threads took: 0.0000216 seconds
[2020-01-13T14:08:36.875+0000][1][safepoint    ] Application time: 1.0000934 seconds
[2020-01-13T14:08:36.875+0000][1][safepoint    ] Entering safepoint region: Cleanup
[2020-01-13T14:08:36.875+0000][1][safepoint    ] Leaving safepoint region
[2020-01-13T14:08:36.875+0000][1][safepoint    ] Total time for which application threads were stopped: 0.0000964 seconds, Stopping threads took: 0.0000216 seconds
[2020-01-13T14:08:38.119+0000][1][safepoint    ] Application time: 1.2445291 seconds
[2020-01-13T14:08:38.120+0000][1][safepoint    ] Entering safepoint region: RevokeBias
[2020-01-13T14:08:38.121+0000][1][safepoint    ] Leaving safepoint region
[2020-01-13T14:08:38.121+0000][1][safepoint    ] Total time for which application threads were stopped: 0.0011694 seconds, Stopping threads took: 0.0010619 seconds
[2020-01-13T14:08:38.122+0000][1][safepoint    ] Application time: 0.0015148 seconds
[2020-01-13T14:08:38.123+0000][1][safepoint    ] Entering safepoint region: RevokeBias
[2020-01-13T14:08:38.123+0000][1][safepoint    ] Leaving safepoint region
[2020-01-13T14:08:38.123+0000][1][safepoint    ] Total time for which application threads were stopped: 0.0005657 seconds, Stopping threads took: 0.0004982 seconds
[2020-01-13T14:08:38.124+0000][1][safepoint    ] Application time: 0.0018078 seconds
[2020-01-13T14:08:38.125+0000][1][safepoint    ] Entering safepoint region: RevokeBias
[2020-01-13T14:08:38.125+0000][1][safepoint    ] Leaving safepoint region
[2020-01-13T14:08:38.125+0000][1][safepoint    ] Total time for which application threads were stopped: 0.0000558 seconds, Stopping threads took: 0.0000114 seconds
[2020-01-13T14:08:39.125+0000][1][safepoint    ] Application time: 1.0000909 seconds
[2020-01-13T14:08:39.125+0000][1][safepoint    ] Entering safepoint region: Cleanup
[2020-01-13T14:08:39.125+0000][1][safepoint    ] Leaving safepoint region
[2020-01-13T14:08:39.125+0000][1][safepoint    ] Total time for which application threads were stopped: 0.0001246 seconds, Stopping threads took: 0.0000268 seconds
[2020-01-13T14:08:40.125+0000][1][safepoint    ] Application time: 1.0000824 seconds
[2020-01-13T14:08:40.125+0000][1][safepoint    ] Entering safepoint region: Cleanup
[2020-01-13T14:08:40.125+0000][1][safepoint    ] Leaving safepoint region
[2020-01-13T14:08:40.125+0000][1][safepoint    ] Total time for which application threads were stopped: 0.0001292 seconds, Stopping threads took: 0.0000318 seconds
[2020-01-13T14:08:41.125+0000][1][safepoint    ] Application time: 1.0001125 seconds
[2020-01-13T14:08:41.125+0000][1][safepoint    ] Entering safepoint region: Cleanup
[2020-01-13T14:08:41.125+0000][1][safepoint    ] Leaving safepoint region
[2020-01-13T14:08:41.125+0000][1][safepoint    ] Total time for which application threads were stopped: 0.0001297 seconds, Stopping threads took: 0.0000298 seconds
[2020-01-13T14:08:46.126+0000][1][safepoint    ] Application time: 5.0005707 seconds
[2020-01-13T14:08:46.126+0000][1][safepoint    ] Entering safepoint region: Cleanup
[2020-01-13T14:08:46.126+0000][1][safepoint    ] Leaving safepoint region
[2020-01-13T14:08:46.126+0000][1][safepoint    ] Total time for which application threads were stopped: 0.0001534 seconds, Stopping threads took: 0.0000438 seconds
[2020-01-13T14:08:49.127+0000][1][safepoint    ] Application time: 3.0003164 seconds
[2020-01-13T14:08:49.127+0000][1][safepoint    ] Entering safepoint region: Cleanup
[2020-01-13T14:08:49.127+0000][1][safepoint    ] Leaving safepoint region
[2020-01-13T14:08:49.127+0000][1][safepoint    ] Total time for which application threads were stopped: 0.0001181 seconds, Stopping threads took: 0.0000275 seconds
[2020-01-13T14:08:50.127+0000][1][safepoint    ] Application time: 1.0001298 seconds
[2020-01-13T14:08:50.127+0000][1][safepoint    ] Entering safepoint region: Cleanup
[2020-01-13T14:08:50.127+0000][1][safepoint    ] Leaving safepoint region
[2020-01-13T14:08:50.127+0000][1][safepoint    ] Total time for which application threads were stopped: 0.0001171 seconds, Stopping threads took: 0.0000298 seconds
[2020-01-13T14:08:51.127+0000][1][safepoint    ] Application time: 1.0001070 seconds
[2020-01-13T14:08:51.127+0000][1][safepoint    ] Entering safepoint region: Cleanup
[2020-01-13T14:08:51.127+0000][1][safepoint    ] Leaving safepoint region
[2020-01-13T14:08:51.127+0000][1][safepoint    ] Total time for which application threads were stopped: 0.0001108 seconds, Stopping threads took: 0.0000278 seconds
[2020-01-13T14:08:53.127+0000][1][safepoint    ] Application time: 1.9995562 seconds
[2020-01-13T14:08:53.127+0000][1][safepoint    ] Entering safepoint region: RevokeBias
[2020-01-13T14:08:53.127+0000][1][safepoint    ] Leaving safepoint region
[2020-01-13T14:08:53.127+0000][1][safepoint    ] Total time for which application threads were stopped: 0.0002260 seconds, Stopping threads took: 0.0001132 seconds
[2020-01-13T14:08:53.129+0000][1][safepoint    ] Application time: 0.0017049 seconds
[2020-01-13T14:08:53.129+0000][1][safepoint    ] Entering safepoint region: RevokeBias
[2020-01-13T14:08:53.129+0000][1][safepoint    ] Leaving safepoint region
[2020-01-13T14:08:53.129+0000][1][safepoint    ] Total time for which application threads were stopped: 0.0001020 seconds, Stopping threads took: 0.0000287 seconds
[2020-01-13T14:08:53.134+0000][1][safepoint    ] Application time: 0.0046874 seconds
[2020-01-13T14:08:53.134+0000][1][safepoint    ] Entering safepoint region: RevokeBias
[2020-01-13T14:08:53.134+0000][1][safepoint    ] Leaving safepoint region
[2020-01-13T14:08:53.134+0000][1][safepoint    ] Total time for which application threads were stopped: 0.0000977 seconds, Stopping threads took: 0.0000289 seconds
[2020-01-13T14:09:02.135+0000][1][safepoint    ] Application time: 9.0012887 seconds
[2020-01-13T14:09:02.135+0000][1][safepoint    ] Entering safepoint region: Cleanup
[2020-01-13T14:09:02.135+0000][1][safepoint    ] Leaving safepoint region
[2020-01-13T14:09:02.135+0000][1][safepoint    ] Total time for which application threads were stopped: 0.0001392 seconds, Stopping threads took: 0.0000480 seconds
[2020-01-13T14:09:03.136+0000][1][safepoint    ] Application time: 1.0001021 seconds
[2020-01-13T14:09:03.136+0000][1][safepoint    ] Entering safepoint region: Cleanup
[2020-01-13T14:09:03.136+0000][1][safepoint    ] Leaving safepoint region
[2020-01-13T14:09:03.136+0000][1][safepoint    ] Total time for which application threads were stopped: 0.0001188 seconds, Stopping threads took: 0.0000291 seconds
[2020-01-13T14:09:04.136+0000][1][safepoint    ] Application time: 1.0000863 seconds
[2020-01-13T14:09:04.136+0000][1][safepoint    ] Entering safepoint region: Cleanup
[2020-01-13T14:09:04.136+0000][1][safepoint    ] Leaving safepoint region
[2020-01-13T14:09:04.136+0000][1][safepoint    ] Total time for which application threads were stopped: 0.0001396 seconds, Stopping threads took: 0.0000315 seconds
[2020-01-13T14:09:05.136+0000][1][safepoint    ] Application time: 1.0001357 seconds
[2020-01-13T14:09:05.136+0000][1][safepoint    ] Entering safepoint region: Cleanup
[2020-01-13T14:09:05.136+0000][1][safepoint    ] Leaving safepoint region
[2020-01-13T14:09:05.136+0000][1][safepoint    ] Total time for which application threads were stopped: 0.0001612 seconds, Stopping threads took: 0.0000328 seconds
[2020-01-13T14:09:07.137+0000][1][safepoint    ] Application time: 2.0002180 seconds
[2020-01-13T14:09:07.137+0000][1][safepoint    ] Entering safepoint region: Cleanup
[2020-01-13T14:09:07.137+0000][1][safepoint    ] Leaving safepoint region
[2020-01-13T14:09:07.137+0000][1][safepoint    ] Total time for which application threads were stopped: 0.0001413 seconds, Stopping threads took: 0.0000301 seconds
[2020-01-13T14:09:08.119+0000][1][safepoint    ] Application time: 0.9823718 seconds
[2020-01-13T14:09:08.121+0000][1][safepoint    ] Entering safepoint region: RevokeBias
[2020-01-13T14:09:08.121+0000][1][safepoint    ] Leaving safepoint region
[2020-01-13T14:09:08.121+0000][1][safepoint    ] Total time for which application threads were stopped: 0.0019905 seconds, Stopping threads took: 0.0018428 seconds
[2020-01-13T14:09:08.137+0000][1][safepoint    ] Application time: 0.0158027 seconds
[2020-01-13T14:09:08.139+0000][1][safepoint    ] Entering safepoint region: RevokeBias
[2020-01-13T14:09:08.139+0000][1][safepoint    ] Leaving safepoint region
[2020-01-13T14:09:08.139+0000][1][safepoint    ] Total time for which application threads were stopped: 0.0023120 seconds, Stopping threads took: 0.0022027 seconds
[2020-01-13T14:09:08.141+0000][1][safepoint    ] Application time: 0.0016397 seconds
[2020-01-13T14:09:08.141+0000][1][safepoint    ] Entering safepoint region: RevokeBias
[2020-01-13T14:09:08.141+0000][1][safepoint    ] Leaving safepoint region
[2020-01-13T14:09:08.141+0000][1][safepoint    ] Total time for which application threads were stopped: 0.0001478 seconds, Stopping threads took: 0.0000386 seconds
[2020-01-13T14:09:23.143+0000][1][safepoint    ] Application time: 15.0016530 seconds
[2020-01-13T14:09:23.144+0000][1][safepoint    ] Entering safepoint region: Cleanup
[2020-01-13T14:09:23.144+0000][1][safepoint    ] Leaving safepoint region
[2020-01-13T14:09:23.144+0000][1][safepoint    ] Total time for which application threads were stopped: 0.0014932 seconds, Stopping threads took: 0.0014039 seconds
[2020-01-13T14:09:23.455+0000][1][safepoint    ] Application time: 0.3107912 seconds
[2020-01-13T14:09:23.457+0000][1][safepoint    ] Entering safepoint region: RevokeBias
[2020-01-13T14:09:23.457+0000][1][safepoint    ] Leaving safepoint region
[2020-01-13T14:09:23.457+0000][1][safepoint    ] Total time for which application threads were stopped: 0.0014227 seconds, Stopping threads took: 0.0013060 seconds
[2020-01-13T14:09:23.457+0000][1][safepoint    ] Application time: 0.0006910 seconds
[2020-01-13T14:09:23.457+0000][1][safepoint    ] Entering safepoint region: RevokeBias
[2020-01-13T14:09:23.457+0000][1][safepoint    ] Leaving safepoint region
[2020-01-13T14:09:23.458+0000][1][safepoint    ] Total time for which application threads were stopped: 0.0000966 seconds, Stopping threads took: 0.0000255 seconds
[2020-01-13T14:09:23.484+0000][1][safepoint    ] Application time: 0.0265311 seconds
[2020-01-13T14:09:23.484+0000][1][safepoint    ] Entering safepoint region: RevokeBias
[2020-01-13T14:09:23.484+0000][1][safepoint    ] Leaving safepoint region
[2020-01-13T14:09:23.484+0000][1][safepoint    ] Total time for which application threads were stopped: 0.0002217 seconds, Stopping threads took: 0.0000856 seconds
[2020-01-13T14:09:29.485+0000][1][safepoint    ] Application time: 6.0007578 seconds
[2020-01-13T14:09:29.485+0000][1][safepoint    ] Entering safepoint region: Cleanup
[2020-01-13T14:09:29.485+0000][1][safepoint    ] Leaving safepoint region
[2020-01-13T14:09:29.485+0000][1][safepoint    ] Total time for which application threads were stopped: 0.0001355 seconds, Stopping threads took: 0.0000298 seconds
[2020-01-13T14:09:33.486+0000][1][safepoint    ] Application time: 4.0005045 seconds
[2020-01-13T14:09:33.486+0000][1][safepoint    ] Entering safepoint region: Cleanup
[2020-01-13T14:09:33.486+0000][1][safepoint    ] Leaving safepoint region
[2020-01-13T14:09:33.486+0000][1][safepoint    ] Total time for which application threads were stopped: 0.0001177 seconds, Stopping threads took: 0.0000267 seconds
[2020-01-13T14:09:36.486+0000][1][safepoint    ] Application time: 3.0004301 seconds
[2020-01-13T14:09:36.486+0000][1][safepoint    ] Entering safepoint region: Cleanup
[2020-01-13T14:09:36.487+0000][1][safepoint    ] Leaving safepoint region
[2020-01-13T14:09:36.487+0000][1][safepoint    ] Total time for which application threads were stopped: 0.0001200 seconds, Stopping threads took: 0.0000294 seconds
[2020-01-13T14:09:37.487+0000][1][safepoint    ] Application time: 1.0001074 seconds
[2020-01-13T14:09:37.487+0000][1][safepoint    ] Entering safepoint region: Cleanup
[2020-01-13T14:09:37.487+0000][1][safepoint    ] Leaving safepoint region
[2020-01-13T14:09:37.487+0000][1][safepoint    ] Total time for which application threads were stopped: 0.0001277 seconds, Stopping threads took: 0.0000336 seconds
[2020-01-13T14:09:38.120+0000][1][safepoint    ] Application time: 0.6335176 seconds
[2020-01-13T14:09:38.120+0000][1][safepoint    ] Entering safepoint region: RevokeBias
[2020-01-13T14:09:38.121+0000][1][safepoint    ] Leaving safepoint region
[2020-01-13T14:09:38.121+0000][1][safepoint    ] Total time for which application threads were stopped: 0.0001899 seconds, Stopping threads took: 0.0000343 seconds
[2020-01-13T14:09:38.171+0000][1][safepoint    ] Application time: 0.0499270 seconds
[2020-01-13T14:09:38.175+0000][1][safepoint    ] Entering safepoint region: RevokeBias
[2020-01-13T14:09:38.175+0000][1][safepoint    ] Leaving safepoint region
[2020-01-13T14:09:38.175+0000][1][safepoint    ] Total time for which application threads were stopped: 0.0041455 seconds, Stopping threads took: 0.0040187 seconds
[2020-01-13T14:09:38.194+0000][1][safepoint    ] Application time: 0.0191253 seconds
[2020-01-13T14:09:38.194+0000][1][safepoint    ] Entering safepoint region: RevokeBias
[2020-01-13T14:09:38.194+0000][1][safepoint    ] Leaving safepoint region
[2020-01-13T14:09:38.194+0000][1][safepoint    ] Total time for which application threads were stopped: 0.0001508 seconds, Stopping threads took: 0.0000421 seconds
[2020-01-13T14:09:44.199+0000][1][safepoint    ] Application time: 6.0047017 seconds
[2020-01-13T14:09:44.199+0000][1][safepoint    ] Entering safepoint region: Cleanup
[2020-01-13T14:09:44.199+0000][1][safepoint    ] Leaving safepoint region
[2020-01-13T14:09:44.199+0000][1][safepoint    ] Total time for which application threads were stopped: 0.0001458 seconds, Stopping threads took: 0.0000440 seconds
[2020-01-13T14:09:45.199+0000][1][safepoint    ] Application time: 1.0001017 seconds
[2020-01-13T14:09:45.199+0000][1][safepoint    ] Entering safepoint region: Cleanup
[2020-01-13T14:09:45.199+0000][1][safepoint    ] Leaving safepoint region
[2020-01-13T14:09:45.199+0000][1][safepoint    ] Total time for which application threads were stopped: 0.0001484 seconds, Stopping threads took: 0.0000342 seconds
[2020-01-13T14:09:53.195+0000][1][safepoint    ] Application time: 7.9955282 seconds
[2020-01-13T14:09:53.199+0000][1][safepoint    ] Entering safepoint region: RevokeBias
[2020-01-13T14:09:53.199+0000][1][safepoint    ] Leaving safepoint region
[2020-01-13T14:09:53.199+0000][1][safepoint    ] Total time for which application threads were stopped: 0.0045798 seconds, Stopping threads took: 0.0044685 seconds
[2020-01-13T14:09:53.200+0000][1][safepoint    ] Application time: 0.0002486 seconds
[2020-01-13T14:09:53.200+0000][1][safepoint    ] Entering safepoint region: RevokeBias
[2020-01-13T14:09:53.200+0000][1][safepoint    ] Leaving safepoint region
[2020-01-13T14:09:53.200+0000][1][safepoint    ] Total time for which application threads were stopped: 0.0000710 seconds, Stopping threads took: 0.0000105 seconds
[2020-01-13T14:09:53.200+0000][1][safepoint    ] Application time: 0.0006413 seconds
[2020-01-13T14:09:53.201+0000][1][safepoint    ] Entering safepoint region: RevokeBias
[2020-01-13T14:09:53.201+0000][1][safepoint    ] Leaving safepoint region
[2020-01-13T14:09:53.201+0000][1][safepoint    ] Total time for which application threads were stopped: 0.0000759 seconds, Stopping threads took: 0.0000211 seconds
[2020-01-13T14:10:08.133+0000][1][safepoint    ] Application time: 14.9323878 seconds
[2020-01-13T14:10:08.133+0000][1][safepoint    ] Entering safepoint region: RevokeBias
[2020-01-13T14:10:08.133+0000][1][safepoint    ] Leaving safepoint region
[2020-01-13T14:10:08.133+0000][1][safepoint    ] Total time for which application threads were stopped: 0.0001771 seconds, Stopping threads took: 0.0000620 seconds
[2020-01-13T14:10:08.142+0000][1][safepoint    ] Application time: 0.0089882 seconds
[2020-01-13T14:10:08.147+0000][1][safepoint    ] Entering safepoint region: BulkRevokeBias
[2020-01-13T14:10:08.148+0000][1][safepoint    ] Leaving safepoint region
[2020-01-13T14:10:08.148+0000][1][safepoint    ] Total time for which application threads were stopped: 0.0060556 seconds, Stopping threads took: 0.0050906 seconds
[2020-01-13T14:10:08.152+0000][1][safepoint    ] Application time: 0.0040151 seconds
[2020-01-13T14:10:08.152+0000][1][safepoint    ] Entering safepoint region: RevokeBias
[2020-01-13T14:10:08.152+0000][1][safepoint    ] Leaving safepoint region
[2020-01-13T14:10:08.152+0000][1][safepoint    ] Total time for which application threads were stopped: 0.0001229 seconds, Stopping threads took: 0.0000320 seconds
[2020-01-13T14:10:23.211+0000][1][safepoint    ] Application time: 15.0590207 seconds
[2020-01-13T14:10:23.212+0000][1][safepoint    ] Entering safepoint region: RevokeBias
[2020-01-13T14:10:23.212+0000][1][safepoint    ] Leaving safepoint region
[2020-01-13T14:10:23.212+0000][1][safepoint    ] Total time for which application threads were stopped: 0.0001639 seconds, Stopping threads took: 0.0000486 seconds
[2020-01-13T14:10:23.218+0000][1][safepoint    ] Application time: 0.0063740 seconds
[2020-01-13T14:10:23.218+0000][1][safepoint    ] Entering safepoint region: RevokeBias
[2020-01-13T14:10:23.218+0000][1][safepoint    ] Leaving safepoint region
[2020-01-13T14:10:23.218+0000][1][safepoint    ] Total time for which application threads were stopped: 0.0001647 seconds, Stopping threads took: 0.0000414 seconds
[2020-01-13T14:10:23.233+0000][1][safepoint    ] Application time: 0.0150693 seconds
[2020-01-13T14:10:23.233+0000][1][safepoint    ] Entering safepoint region: RevokeBias
[2020-01-13T14:10:23.234+0000][1][safepoint    ] Leaving safepoint region
[2020-01-13T14:10:23.234+0000][1][safepoint    ] Total time for which application threads were stopped: 0.0001764 seconds, Stopping threads took: 0.0000434 seconds
[2020-01-13T14:10:36.235+0000][1][safepoint    ] Application time: 13.0012656 seconds
[2020-01-13T14:10:36.235+0000][1][safepoint    ] Entering safepoint region: Cleanup
[2020-01-13T14:10:36.235+0000][1][safepoint    ] Leaving safepoint region
[2020-01-13T14:10:36.235+0000][1][safepoint    ] Total time for which application threads were stopped: 0.0001198 seconds, Stopping threads took: 0.0000295 seconds
[2020-01-13T14:10:38.156+0000][1][safepoint    ] Application time: 1.9208639 seconds
[2020-01-13T14:10:38.158+0000][1][safepoint    ] Entering safepoint region: RevokeBias
[2020-01-13T14:10:38.158+0000][1][safepoint    ] Leaving safepoint region
[2020-01-13T14:10:38.158+0000][1][safepoint    ] Total time for which application threads were stopped: 0.0021389 seconds, Stopping threads took: 0.0020166 seconds
[2020-01-13T14:10:38.177+0000][1][safepoint    ] Application time: 0.0192521 seconds
[2020-01-13T14:10:38.177+0000][1][safepoint    ] Entering safepoint region: RevokeBias
[2020-01-13T14:10:38.178+0000][1][safepoint    ] Leaving safepoint region
[2020-01-13T14:10:38.178+0000][1][safepoint    ] Total time for which application threads were stopped: 0.0001397 seconds, Stopping threads took: 0.0000297 seconds
[2020-01-13T14:10:38.178+0000][1][safepoint    ] Application time: 0.0008492 seconds
[2020-01-13T14:10:38.178+0000][1][safepoint    ] Entering safepoint region: RevokeBias
[2020-01-13T14:10:38.178+0000][1][safepoint    ] Leaving safepoint region
[2020-01-13T14:10:38.179+0000][1][safepoint    ] Total time for which application threads were stopped: 0.0001075 seconds, Stopping threads took: 0.0000253 seconds
[2020-01-13T14:10:43.179+0000][1][safepoint    ] Application time: 5.0004686 seconds
[2020-01-13T14:10:43.179+0000][1][safepoint    ] Entering safepoint region: Cleanup
[2020-01-13T14:10:43.179+0000][1][safepoint    ] Leaving safepoint region
[2020-01-13T14:10:43.179+0000][1][safepoint    ] Total time for which application threads were stopped: 0.0001128 seconds, Stopping threads took: 0.0000240 seconds
[2020-01-13T14:10:49.942+0000][1][safepoint    ] Application time: 6.7625297 seconds
[2020-01-13T14:10:49.942+0000][1][safepoint    ] Entering safepoint region: GenCollectForAllocation
[2020-01-13T14:10:49.942+0000][1][gc,start     ] GC(24) Pause Young (Allocation Failure)
[2020-01-13T14:10:49.942+0000][1][gc,task      ] GC(24) Using 1 workers of 1 for evacuation
[2020-01-13T14:10:49.956+0000][1][gc,age       ] GC(24) Desired survivor size 4358144 bytes, new threshold 6 (max threshold 6)
[2020-01-13T14:10:49.956+0000][1][gc,age       ] GC(24) Age table with threshold 6 (max threshold 6)
[2020-01-13T14:10:49.956+0000][1][gc,age       ] GC(24) - age   1:      42752 bytes,      42752 total
[2020-01-13T14:10:49.956+0000][1][gc,age       ] GC(24) - age   2:     981832 bytes,    1024584 total
[2020-01-13T14:10:49.956+0000][1][gc,age       ] GC(24) - age   3:    2526832 bytes,    3551416 total
[2020-01-13T14:10:49.956+0000][1][gc,heap      ] GC(24) ParNew: 73019K->3792K(76672K)
[2020-01-13T14:10:49.956+0000][1][gc,heap      ] GC(24) CMS: 65637K->65637K(176960K)
[2020-01-13T14:10:49.956+0000][1][gc,metaspace ] GC(24) Metaspace: 69380K->69380K(1112064K)
[2020-01-13T14:10:49.956+0000][1][gc           ] GC(24) Pause Young (Allocation Failure) 135M->67M(247M) 14.025ms
[2020-01-13T14:10:49.956+0000][1][gc,cpu       ] GC(24) User=0.01s Sys=0.00s Real=0.01s
[2020-01-13T14:10:49.956+0000][1][safepoint    ] Leaving safepoint region
[2020-01-13T14:10:49.956+0000][1][safepoint    ] Total time for which application threads were stopped: 0.0142456 seconds, Stopping threads took: 0.0000462 seconds
[2020-01-13T14:10:53.157+0000][1][safepoint    ] Application time: 3.2009950 seconds
[2020-01-13T14:10:53.157+0000][1][safepoint    ] Entering safepoint region: RevokeBias
[2020-01-13T14:10:53.157+0000][1][safepoint    ] Leaving safepoint region
[2020-01-13T14:10:53.157+0000][1][safepoint    ] Total time for which application threads were stopped: 0.0002785 seconds, Stopping threads took: 0.0001410 seconds
[2020-01-13T14:10:53.158+0000][1][safepoint    ] Application time: 0.0005475 seconds
[2020-01-13T14:10:53.158+0000][1][safepoint    ] Entering safepoint region: RevokeBias
[2020-01-13T14:10:53.158+0000][1][safepoint    ] Leaving safepoint region
[2020-01-13T14:10:53.158+0000][1][safepoint    ] Total time for which application threads were stopped: 0.0000869 seconds, Stopping threads took: 0.0000123 seconds
[2020-01-13T14:10:53.165+0000][1][safepoint    ] Application time: 0.0072223 seconds
[2020-01-13T14:10:53.165+0000][1][safepoint    ] Entering safepoint region: RevokeBias
[2020-01-13T14:10:53.165+0000][1][safepoint    ] Leaving safepoint region
[2020-01-13T14:10:53.166+0000][1][safepoint    ] Total time for which application threads were stopped: 0.0002930 seconds, Stopping threads took: 0.0002077 seconds
[2020-01-13T14:10:54.166+0000][1][safepoint    ] Application time: 1.0001496 seconds
[2020-01-13T14:10:54.166+0000][1][safepoint    ] Entering safepoint region: Cleanup
[2020-01-13T14:10:54.166+0000][1][safepoint    ] Leaving safepoint region
[2020-01-13T14:10:54.166+0000][1][safepoint    ] Total time for which application threads were stopped: 0.0001190 seconds, Stopping threads took: 0.0000286 seconds
[2020-01-13T14:10:57.166+0000][1][safepoint    ] Application time: 3.0003138 seconds
[2020-01-13T14:10:57.166+0000][1][safepoint    ] Entering safepoint region: Cleanup
[2020-01-13T14:10:57.166+0000][1][safepoint    ] Leaving safepoint region
[2020-01-13T14:10:57.166+0000][1][safepoint    ] Total time for which application threads were stopped: 0.0001388 seconds, Stopping threads took: 0.0000441 seconds
[2020-01-13T14:11:06.168+0000][1][safepoint    ] Application time: 9.0011974 seconds
[2020-01-13T14:11:06.168+0000][1][safepoint    ] Entering safepoint region: Cleanup
[2020-01-13T14:11:06.168+0000][1][safepoint    ] Leaving safepoint region
[2020-01-13T14:11:06.168+0000][1][safepoint    ] Total time for which application threads were stopped: 0.0001345 seconds, Stopping threads took: 0.0000316 seconds
[2020-01-13T14:11:08.168+0000][1][safepoint    ] Application time: 2.0001738 seconds
[2020-01-13T14:11:08.171+0000][1][safepoint    ] Entering safepoint region: Cleanup
[2020-01-13T14:11:08.171+0000][1][safepoint    ] Leaving safepoint region
[2020-01-13T14:11:08.171+0000][1][safepoint    ] Total time for which application threads were stopped: 0.0026887 seconds, Stopping threads took: 0.0025770 seconds
[2020-01-13T14:11:08.173+0000][1][safepoint    ] Application time: 0.0021049 seconds
[2020-01-13T14:11:08.173+0000][1][safepoint    ] Entering safepoint region: RevokeBias
[2020-01-13T14:11:08.173+0000][1][safepoint    ] Leaving safepoint region
[2020-01-13T14:11:08.173+0000][1][safepoint    ] Total time for which application threads were stopped: 0.0001521 seconds, Stopping threads took: 0.0000425 seconds
[2020-01-13T14:11:08.177+0000][1][safepoint    ] Application time: 0.0044256 seconds
[2020-01-13T14:11:08.179+0000][1][safepoint    ] Entering safepoint region: RevokeBias
[2020-01-13T14:11:08.179+0000][1][safepoint    ] Leaving safepoint region
[2020-01-13T14:11:08.179+0000][1][safepoint    ] Total time for which application threads were stopped: 0.0018018 seconds, Stopping threads took: 0.0016979 seconds
[2020-01-13T14:11:08.182+0000][1][safepoint    ] Application time: 0.0031981 seconds
[2020-01-13T14:11:08.182+0000][1][safepoint    ] Entering safepoint region: RevokeBias
[2020-01-13T14:11:08.183+0000][1][safepoint    ] Leaving safepoint region
[2020-01-13T14:11:08.183+0000][1][safepoint    ] Total time for which application threads were stopped: 0.0001099 seconds, Stopping threads took: 0.0000255 seconds
[2020-01-13T14:11:20.184+0000][1][safepoint    ] Application time: 12.0010657 seconds
[2020-01-13T14:11:20.184+0000][1][safepoint    ] Entering safepoint region: Cleanup
[2020-01-13T14:11:20.184+0000][1][safepoint    ] Leaving safepoint region
[2020-01-13T14:11:20.184+0000][1][safepoint    ] Total time for which application threads were stopped: 0.0001549 seconds, Stopping threads took: 0.0000638 seconds
[2020-01-13T14:11:23.156+0000][1][safepoint    ] Application time: 2.9720469 seconds
[2020-01-13T14:11:23.156+0000][1][safepoint    ] Entering safepoint region: RevokeBias
[2020-01-13T14:11:23.156+0000][1][safepoint    ] Leaving safepoint region
[2020-01-13T14:11:23.156+0000][1][safepoint    ] Total time for which application threads were stopped: 0.0001507 seconds, Stopping threads took: 0.0000478 seconds
[2020-01-13T14:11:23.167+0000][1][safepoint    ] Application time: 0.0107636 seconds
[2020-01-13T14:11:23.167+0000][1][safepoint    ] Entering safepoint region: RevokeBias
[2020-01-13T14:11:23.167+0000][1][safepoint    ] Leaving safepoint region
[2020-01-13T14:11:23.167+0000][1][safepoint    ] Total time for which application threads were stopped: 0.0001243 seconds, Stopping threads took: 0.0000219 seconds
[2020-01-13T14:11:23.174+0000][1][safepoint    ] Application time: 0.0070523 seconds
[2020-01-13T14:11:23.174+0000][1][safepoint    ] Entering safepoint region: RevokeBias
[2020-01-13T14:11:23.174+0000][1][safepoint    ] Leaving safepoint region
[2020-01-13T14:11:23.174+0000][1][safepoint    ] Total time for which application threads were stopped: 0.0001524 seconds, Stopping threads took: 0.0000265 seconds
[2020-01-13T14:11:36.175+0000][1][safepoint    ] Application time: 13.0011130 seconds
[2020-01-13T14:11:36.176+0000][1][safepoint    ] Entering safepoint region: Cleanup
[2020-01-13T14:11:36.176+0000][1][safepoint    ] Leaving safepoint region
[2020-01-13T14:11:36.176+0000][1][safepoint    ] Total time for which application threads were stopped: 0.0001337 seconds, Stopping threads took: 0.0000406 seconds
[2020-01-13T14:11:38.176+0000][1][safepoint    ] Application time: 2.0006522 seconds
[2020-01-13T14:11:38.177+0000][1][safepoint    ] Entering safepoint region: Cleanup
[2020-01-13T14:11:38.177+0000][1][safepoint    ] Leaving safepoint region
[2020-01-13T14:11:38.177+0000][1][safepoint    ] Total time for which application threads were stopped: 0.0010859 seconds, Stopping threads took: 0.0009650 seconds
[2020-01-13T14:11:38.188+0000][1][safepoint    ] Application time: 0.0105696 seconds
[2020-01-13T14:11:38.190+0000][1][safepoint    ] Entering safepoint region: RevokeBias
[2020-01-13T14:11:38.190+0000][1][safepoint    ] Leaving safepoint region
[2020-01-13T14:11:38.190+0000][1][safepoint    ] Total time for which application threads were stopped: 0.0018371 seconds, Stopping threads took: 0.0017376 seconds
[2020-01-13T14:11:38.194+0000][1][safepoint    ] Application time: 0.0037776 seconds
[2020-01-13T14:11:38.195+0000][1][safepoint    ] Entering safepoint region: RevokeBias
[2020-01-13T14:11:38.195+0000][1][safepoint    ] Leaving safepoint region
[2020-01-13T14:11:38.195+0000][1][safepoint    ] Total time for which application threads were stopped: 0.0012508 seconds, Stopping threads took: 0.0011584 seconds
[2020-01-13T14:11:38.196+0000][1][safepoint    ] Application time: 0.0015697 seconds
[2020-01-13T14:11:38.197+0000][1][safepoint    ] Entering safepoint region: RevokeBias
[2020-01-13T14:11:38.197+0000][1][safepoint    ] Leaving safepoint region
[2020-01-13T14:11:38.197+0000][1][safepoint    ] Total time for which application threads were stopped: 0.0000853 seconds, Stopping threads took: 0.0000138 seconds
[2020-01-13T14:11:40.197+0000][1][safepoint    ] Application time: 2.0001976 seconds
[2020-01-13T14:11:40.197+0000][1][safepoint    ] Entering safepoint region: Cleanup
[2020-01-13T14:11:40.197+0000][1][safepoint    ] Leaving safepoint region
[2020-01-13T14:11:40.197+0000][1][safepoint    ] Total time for which application threads were stopped: 0.0001221 seconds, Stopping threads took: 0.0000294 seconds
[2020-01-13T14:11:41.197+0000][1][safepoint    ] Application time: 1.0000891 seconds
[2020-01-13T14:11:41.197+0000][1][safepoint    ] Entering safepoint region: Cleanup
[2020-01-13T14:11:41.197+0000][1][safepoint    ] Leaving safepoint region
[2020-01-13T14:11:41.197+0000][1][safepoint    ] Total time for which application threads were stopped: 0.0001395 seconds, Stopping threads took: 0.0000406 seconds
[2020-01-13T14:11:53.183+0000][1][safepoint    ] Application time: 11.9856424 seconds
[2020-01-13T14:11:53.183+0000][1][safepoint    ] Entering safepoint region: RevokeBias
[2020-01-13T14:11:53.183+0000][1][safepoint    ] Leaving safepoint region
[2020-01-13T14:11:53.183+0000][1][safepoint    ] Total time for which application threads were stopped: 0.0001730 seconds, Stopping threads took: 0.0000507 seconds
[2020-01-13T14:11:53.185+0000][1][safepoint    ] Application time: 0.0018416 seconds
[2020-01-13T14:11:53.185+0000][1][safepoint    ] Entering safepoint region: RevokeBias
[2020-01-13T14:11:53.185+0000][1][safepoint    ] Leaving safepoint region
[2020-01-13T14:11:53.185+0000][1][safepoint    ] Total time for which application threads were stopped: 0.0000893 seconds, Stopping threads took: 0.0000138 seconds
[2020-01-13T14:11:53.194+0000][1][safepoint    ] Application time: 0.0085784 seconds
[2020-01-13T14:11:53.194+0000][1][safepoint    ] Entering safepoint region: RevokeBias
[2020-01-13T14:11:53.194+0000][1][safepoint    ] Leaving safepoint region
[2020-01-13T14:11:53.194+0000][1][safepoint    ] Total time for which application threads were stopped: 0.0001108 seconds, Stopping threads took: 0.0000258 seconds
[2020-01-13T14:12:08.181+0000][1][safepoint    ] Application time: 14.9876338 seconds
[2020-01-13T14:12:08.182+0000][1][safepoint    ] Entering safepoint region: RevokeBias
[2020-01-13T14:12:08.182+0000][1][safepoint    ] Leaving safepoint region
[2020-01-13T14:12:08.182+0000][1][safepoint    ] Total time for which application threads were stopped: 0.0001792 seconds, Stopping threads took: 0.0000527 seconds
[2020-01-13T14:12:08.185+0000][1][safepoint    ] Application time: 0.0028976 seconds
[2020-01-13T14:12:08.185+0000][1][safepoint    ] Entering safepoint region: BulkRevokeBias
[2020-01-13T14:12:08.185+0000][1][safepoint    ] Leaving safepoint region
[2020-01-13T14:12:08.185+0000][1][safepoint    ] Total time for which application threads were stopped: 0.0004301 seconds, Stopping threads took: 0.0000306 seconds
[2020-01-13T14:12:16.186+0000][1][safepoint    ] Application time: 8.0009731 seconds
[2020-01-13T14:12:16.186+0000][1][safepoint    ] Entering safepoint region: Cleanup
[2020-01-13T14:12:16.186+0000][1][safepoint    ] Leaving safepoint region
[2020-01-13T14:12:16.186+0000][1][safepoint    ] Total time for which application threads were stopped: 0.0001192 seconds, Stopping threads took: 0.0000281 seconds
[2020-01-13T14:12:23.004+0000][1][safepoint    ] Application time: 6.8174648 seconds
[2020-01-13T14:12:23.004+0000][1][safepoint    ] Entering safepoint region: RevokeBias
[2020-01-13T14:12:23.004+0000][1][safepoint    ] Leaving safepoint region
[2020-01-13T14:12:23.004+0000][1][safepoint    ] Total time for which application threads were stopped: 0.0001040 seconds, Stopping threads took: 0.0000243 seconds
[2020-01-13T14:12:23.004+0000][1][safepoint    ] Application time: 0.0000692 seconds
[2020-01-13T14:12:23.004+0000][1][safepoint    ] Entering safepoint region: RevokeBias
[2020-01-13T14:12:23.004+0000][1][safepoint    ] Leaving safepoint region
[2020-01-13T14:12:23.004+0000][1][safepoint    ] Total time for which application threads were stopped: 0.0000463 seconds, Stopping threads took: 0.0000138 seconds
[2020-01-13T14:12:23.007+0000][1][safepoint    ] Application time: 0.0031457 seconds
[2020-01-13T14:12:23.009+0000][1][safepoint    ] Entering safepoint region: RevokeBias
[2020-01-13T14:12:23.009+0000][1][safepoint    ] Leaving safepoint region
[2020-01-13T14:12:23.009+0000][1][safepoint    ] Total time for which application threads were stopped: 0.0021111 seconds, Stopping threads took: 0.0020135 seconds
[2020-01-13T14:12:23.013+0000][1][safepoint    ] Application time: 0.0035590 seconds
[2020-01-13T14:12:23.013+0000][1][safepoint    ] Entering safepoint region: RevokeBias
[2020-01-13T14:12:23.013+0000][1][safepoint    ] Leaving safepoint region
[2020-01-13T14:12:23.013+0000][1][safepoint    ] Total time for which application threads were stopped: 0.0000946 seconds, Stopping threads took: 0.0000246 seconds
[2020-01-13T14:12:23.015+0000][1][safepoint    ] Application time: 0.0023436 seconds
[2020-01-13T14:12:23.017+0000][1][safepoint    ] Entering safepoint region: RevokeBias
[2020-01-13T14:12:23.017+0000][1][safepoint    ] Leaving safepoint region
[2020-01-13T14:12:23.017+0000][1][safepoint    ] Total time for which application threads were stopped: 0.0015171 seconds, Stopping threads took: 0.0014441 seconds
[2020-01-13T14:12:23.017+0000][1][safepoint    ] Application time: 0.0000915 seconds
[2020-01-13T14:12:23.017+0000][1][safepoint    ] Entering safepoint region: RevokeBias
[2020-01-13T14:12:23.017+0000][1][safepoint    ] Leaving safepoint region
[2020-01-13T14:12:23.017+0000][1][safepoint    ] Total time for which application threads were stopped: 0.0000297 seconds, Stopping threads took: 0.0000075 seconds
[2020-01-13T14:12:23.026+0000][1][safepoint    ] Application time: 0.0093774 seconds
[2020-01-13T14:12:23.026+0000][1][safepoint    ] Entering safepoint region: RevokeBias
[2020-01-13T14:12:23.027+0000][1][safepoint    ] Leaving safepoint region
[2020-01-13T14:12:23.027+0000][1][safepoint    ] Total time for which application threads were stopped: 0.0001683 seconds, Stopping threads took: 0.0000409 seconds
[2020-01-13T14:12:23.111+0000][1][safepoint    ] Application time: 0.0845057 seconds
[2020-01-13T14:12:23.111+0000][1][safepoint    ] Entering safepoint region: RevokeBias
[2020-01-13T14:12:23.111+0000][1][safepoint    ] Leaving safepoint region
[2020-01-13T14:12:23.111+0000][1][safepoint    ] Total time for which application threads were stopped: 0.0001187 seconds, Stopping threads took: 0.0000203 seconds
[2020-01-13T14:12:23.118+0000][1][safepoint    ] Application time: 0.0062709 seconds
[2020-01-13T14:12:23.118+0000][1][safepoint    ] Entering safepoint region: RevokeBias
[2020-01-13T14:12:23.118+0000][1][safepoint    ] Leaving safepoint region
[2020-01-13T14:12:23.118+0000][1][safepoint    ] Total time for which application threads were stopped: 0.0000959 seconds, Stopping threads took: 0.0000176 seconds
[2020-01-13T14:12:23.119+0000][1][safepoint    ] Application time: 0.0013138 seconds
[2020-01-13T14:12:23.119+0000][1][safepoint    ] Entering safepoint region: RevokeBias
[2020-01-13T14:12:23.119+0000][1][safepoint    ] Leaving safepoint region
[2020-01-13T14:12:23.119+0000][1][safepoint    ] Total time for which application threads were stopped: 0.0000734 seconds, Stopping threads took: 0.0000126 seconds
[2020-01-13T14:12:23.120+0000][1][safepoint    ] Application time: 0.0013426 seconds
[2020-01-13T14:12:23.120+0000][1][safepoint    ] Entering safepoint region: RevokeBias
[2020-01-13T14:12:23.121+0000][1][safepoint    ] Leaving safepoint region
[2020-01-13T14:12:23.121+0000][1][safepoint    ] Total time for which application threads were stopped: 0.0000584 seconds, Stopping threads took: 0.0000105 seconds
[2020-01-13T14:12:23.124+0000][1][safepoint    ] Application time: 0.0030846 seconds
[2020-01-13T14:12:23.124+0000][1][safepoint    ] Entering safepoint region: RevokeBias
[2020-01-13T14:12:23.124+0000][1][safepoint    ] Leaving safepoint region
[2020-01-13T14:12:23.124+0000][1][safepoint    ] Total time for which application threads were stopped: 0.0000947 seconds, Stopping threads took: 0.0000306 seconds
[2020-01-13T14:12:23.126+0000][1][safepoint    ] Application time: 0.0021589 seconds
[2020-01-13T14:12:23.127+0000][1][safepoint    ] Entering safepoint region: RevokeBias
[2020-01-13T14:12:23.127+0000][1][safepoint    ] Leaving safepoint region
[2020-01-13T14:12:23.127+0000][1][safepoint    ] Total time for which application threads were stopped: 0.0011256 seconds, Stopping threads took: 0.0010605 seconds
[2020-01-13T14:12:23.127+0000][1][safepoint    ] Application time: 0.0000759 seconds
[2020-01-13T14:12:23.127+0000][1][safepoint    ] Entering safepoint region: RevokeBias
[2020-01-13T14:12:23.127+0000][1][safepoint    ] Leaving safepoint region
[2020-01-13T14:12:23.127+0000][1][safepoint    ] Total time for which application threads were stopped: 0.0000420 seconds, Stopping threads took: 0.0000166 seconds
[2020-01-13T14:12:23.128+0000][1][safepoint    ] Application time: 0.0005564 seconds
[2020-01-13T14:12:23.128+0000][1][safepoint    ] Entering safepoint region: RevokeBias
[2020-01-13T14:12:23.128+0000][1][safepoint    ] Leaving safepoint region
[2020-01-13T14:12:23.128+0000][1][safepoint    ] Total time for which application threads were stopped: 0.0000472 seconds, Stopping threads took: 0.0000093 seconds
[2020-01-13T14:12:23.129+0000][1][safepoint    ] Application time: 0.0008696 seconds
[2020-01-13T14:12:23.129+0000][1][safepoint    ] Entering safepoint region: RevokeBias
[2020-01-13T14:12:23.129+0000][1][safepoint    ] Leaving safepoint region
[2020-01-13T14:12:23.129+0000][1][safepoint    ] Total time for which application threads were stopped: 0.0000902 seconds, Stopping threads took: 0.0000562 seconds
[2020-01-13T14:12:23.130+0000][1][safepoint    ] Application time: 0.0011232 seconds
[2020-01-13T14:12:23.130+0000][1][safepoint    ] Entering safepoint region: RevokeBias
[2020-01-13T14:12:23.130+0000][1][safepoint    ] Leaving safepoint region
[2020-01-13T14:12:23.130+0000][1][safepoint    ] Total time for which application threads were stopped: 0.0000706 seconds, Stopping threads took: 0.0000288 seconds
[2020-01-13T14:12:23.145+0000][1][safepoint    ] Application time: 0.0149055 seconds
[2020-01-13T14:12:23.145+0000][1][safepoint    ] Entering safepoint region: RevokeBias
[2020-01-13T14:12:23.145+0000][1][safepoint    ] Leaving safepoint region
[2020-01-13T14:12:23.145+0000][1][safepoint    ] Total time for which application threads were stopped: 0.0000973 seconds, Stopping threads took: 0.0000232 seconds
[2020-01-13T14:12:23.146+0000][1][safepoint    ] Application time: 0.0005849 seconds
[2020-01-13T14:12:23.146+0000][1][safepoint    ] Entering safepoint region: RevokeBias
[2020-01-13T14:12:23.146+0000][1][safepoint    ] Leaving safepoint region
[2020-01-13T14:12:23.146+0000][1][safepoint    ] Total time for which application threads were stopped: 0.0000734 seconds, Stopping threads took: 0.0000190 seconds
[2020-01-13T14:12:23.146+0000][1][safepoint    ] Application time: 0.0006149 seconds
[2020-01-13T14:12:23.146+0000][1][safepoint    ] Entering safepoint region: BulkRevokeBias
[2020-01-13T14:12:23.147+0000][1][safepoint    ] Leaving safepoint region
[2020-01-13T14:12:23.147+0000][1][safepoint    ] Total time for which application threads were stopped: 0.0002394 seconds, Stopping threads took: 0.0000254 seconds
[2020-01-13T14:12:23.147+0000][1][safepoint    ] Application time: 0.0003814 seconds
[2020-01-13T14:12:23.147+0000][1][safepoint    ] Entering safepoint region: RevokeBias
[2020-01-13T14:12:23.147+0000][1][safepoint    ] Leaving safepoint region
[2020-01-13T14:12:23.147+0000][1][safepoint    ] Total time for which application threads were stopped: 0.0000673 seconds, Stopping threads took: 0.0000193 seconds
[2020-01-13T14:12:23.148+0000][1][safepoint    ] Application time: 0.0004684 seconds
[2020-01-13T14:12:23.148+0000][1][safepoint    ] Entering safepoint region: RevokeBias
[2020-01-13T14:12:23.148+0000][1][safepoint    ] Leaving safepoint region
[2020-01-13T14:12:23.148+0000][1][safepoint    ] Total time for which application threads were stopped: 0.0000523 seconds, Stopping threads took: 0.0000173 seconds
[2020-01-13T14:12:23.148+0000][1][safepoint    ] Application time: 0.0001888 seconds
[2020-01-13T14:12:23.148+0000][1][safepoint    ] Entering safepoint region: RevokeBias
[2020-01-13T14:12:23.148+0000][1][safepoint    ] Leaving safepoint region
[2020-01-13T14:12:23.148+0000][1][safepoint    ] Total time for which application threads were stopped: 0.0000364 seconds, Stopping threads took: 0.0000141 seconds
[2020-01-13T14:12:23.151+0000][1][safepoint    ] Application time: 0.0027220 seconds
[2020-01-13T14:12:23.151+0000][1][safepoint    ] Entering safepoint region: RevokeBias
[2020-01-13T14:12:23.151+0000][1][safepoint    ] Leaving safepoint region
[2020-01-13T14:12:23.151+0000][1][safepoint    ] Total time for which application threads were stopped: 0.0000546 seconds, Stopping threads took: 0.0000281 seconds
[2020-01-13T14:12:23.151+0000][1][safepoint    ] Application time: 0.0000843 seconds
[2020-01-13T14:12:23.151+0000][1][safepoint    ] Entering safepoint region: RevokeBias
[2020-01-13T14:12:23.151+0000][1][safepoint    ] Leaving safepoint region
[2020-01-13T14:12:23.151+0000][1][safepoint    ] Total time for which application threads were stopped: 0.0000271 seconds, Stopping threads took: 0.0000127 seconds
[2020-01-13T14:12:23.154+0000][1][safepoint    ] Application time: 0.0028463 seconds
[2020-01-13T14:12:23.154+0000][1][safepoint    ] Entering safepoint region: RevokeBias
[2020-01-13T14:12:23.154+0000][1][safepoint    ] Leaving safepoint region
[2020-01-13T14:12:23.154+0000][1][safepoint    ] Total time for which application threads were stopped: 0.0000550 seconds, Stopping threads took: 0.0000176 seconds
[2020-01-13T14:12:23.159+0000][1][gc,heap,exit ] Heap
[2020-01-13T14:12:23.159+0000][1][gc,heap,exit ]  par new generation   total 76672K, used 57106K [0x00000000f0000000, 0x00000000f5330000, 0x00000000f5330000)
[2020-01-13T14:12:23.159+0000][1][gc,heap,exit ]   eden space 68160K,  78% used [0x00000000f0000000, 0x00000000f3410490, 0x00000000f4290000)
[2020-01-13T14:12:23.159+0000][1][gc,heap,exit ]   from space 8512K,  44% used [0x00000000f4ae0000, 0x00000000f4e94390, 0x00000000f5330000)
[2020-01-13T14:12:23.159+0000][1][gc,heap,exit ]   to   space 8512K,   0% used [0x00000000f4290000, 0x00000000f4290000, 0x00000000f4ae0000)
[2020-01-13T14:12:23.159+0000][1][gc,heap,exit ]  concurrent mark-sweep generation total 176960K, used 65637K [0x00000000f5330000, 0x0000000100000000, 0x0000000100000000)
[2020-01-13T14:12:23.159+0000][1][gc,heap,exit ]  Metaspace       used 69626K, capacity 74765K, committed 75028K, reserved 1114112K
[2020-01-13T14:12:23.159+0000][1][gc,heap,exit ]   class space    used 9428K, capacity 11552K, committed 11636K, reserved 1048576K
[2020-01-13T14:12:23.159+0000][1][safepoint    ] Application time: 0.0053366 seconds
[2020-01-13T14:12:23.159+0000][1][safepoint    ] Entering safepoint region: Exit
