[2020-01-13T13:54:04.023+0000][1][gc] Using Concurrent Mark Sweep
[2020-01-13T13:54:04.023+0000][1][gc,heap,coops] Heap address: 0x00000000f0000000, size: 256 MB, Compressed Oops mode: 32-bit
[2020-01-13T13:54:04.105+0000][1][safepoint    ] Entering safepoint region: EnableBiasedLocking
[2020-01-13T13:54:04.105+0000][1][safepoint    ] Leaving safepoint region
[2020-01-13T13:54:04.105+0000][1][safepoint    ] Total time for which application threads were stopped: 0.0022132 seconds, Stopping threads took: 0.0020971 seconds
[2020-01-13T13:54:04.114+0000][1][safepoint    ] Application time: 0.0085208 seconds
[2020-01-13T13:54:04.114+0000][1][safepoint    ] Entering safepoint region: RevokeBias
[2020-01-13T13:54:04.114+0000][1][safepoint    ] Leaving safepoint region
[2020-01-13T13:54:04.114+0000][1][safepoint    ] Total time for which application threads were stopped: 0.0001568 seconds, Stopping threads took: 0.0000918 seconds
[2020-01-13T13:54:04.145+0000][1][safepoint    ] Application time: 0.0303226 seconds
[2020-01-13T13:54:04.145+0000][1][safepoint    ] Entering safepoint region: Deoptimize
[2020-01-13T13:54:04.145+0000][1][safepoint    ] Leaving safepoint region
[2020-01-13T13:54:04.145+0000][1][safepoint    ] Total time for which application threads were stopped: 0.0006610 seconds, Stopping threads took: 0.0005812 seconds
[2020-01-13T13:54:04.303+0000][1][safepoint    ] Application time: 0.1576005 seconds
[2020-01-13T13:54:04.303+0000][1][safepoint    ] Entering safepoint region: RevokeBias
[2020-01-13T13:54:04.303+0000][1][safepoint    ] Leaving safepoint region
[2020-01-13T13:54:04.303+0000][1][safepoint    ] Total time for which application threads were stopped: 0.0001828 seconds, Stopping threads took: 0.0000969 seconds
[2020-01-13T13:54:04.318+0000][1][safepoint    ] Application time: 0.0144884 seconds
[2020-01-13T13:54:04.318+0000][1][safepoint    ] Entering safepoint region: RevokeBias
[2020-01-13T13:54:04.318+0000][1][safepoint    ] Leaving safepoint region
[2020-01-13T13:54:04.318+0000][1][safepoint    ] Total time for which application threads were stopped: 0.0000728 seconds, Stopping threads took: 0.0000206 seconds
[2020-01-13T13:54:04.418+0000][1][safepoint    ] Application time: 0.1003274 seconds
[2020-01-13T13:54:04.418+0000][1][safepoint    ] Entering safepoint region: Deoptimize
[2020-01-13T13:54:04.418+0000][1][safepoint    ] Leaving safepoint region
[2020-01-13T13:54:04.418+0000][1][safepoint    ] Total time for which application threads were stopped: 0.0001750 seconds, Stopping threads took: 0.0000501 seconds
[2020-01-13T13:54:05.168+0000][1][safepoint    ] Application time: 0.7499733 seconds
[2020-01-13T13:54:05.169+0000][1][safepoint    ] Entering safepoint region: Deoptimize
[2020-01-13T13:54:05.169+0000][1][safepoint    ] Leaving safepoint region
[2020-01-13T13:54:05.169+0000][1][safepoint    ] Total time for which application threads were stopped: 0.0002823 seconds, Stopping threads took: 0.0000209 seconds
[2020-01-13T13:54:05.247+0000][1][safepoint    ] Application time: 0.0783118 seconds
[2020-01-13T13:54:05.247+0000][1][safepoint    ] Entering safepoint region: Deoptimize
[2020-01-13T13:54:05.247+0000][1][safepoint    ] Leaving safepoint region
[2020-01-13T13:54:05.247+0000][1][safepoint    ] Total time for which application threads were stopped: 0.0002673 seconds, Stopping threads took: 0.0000293 seconds
[2020-01-13T13:54:05.298+0000][1][safepoint    ] Application time: 0.0505073 seconds
[2020-01-13T13:54:05.298+0000][1][safepoint    ] Entering safepoint region: Deoptimize
[2020-01-13T13:54:05.298+0000][1][safepoint    ] Leaving safepoint region
[2020-01-13T13:54:05.298+0000][1][safepoint    ] Total time for which application threads were stopped: 0.0002911 seconds, Stopping threads took: 0.0000991 seconds
[2020-01-13T13:54:05.332+0000][1][safepoint    ] Application time: 0.0339198 seconds
[2020-01-13T13:54:05.332+0000][1][safepoint    ] Entering safepoint region: Deoptimize
[2020-01-13T13:54:05.332+0000][1][safepoint    ] Leaving safepoint region
[2020-01-13T13:54:05.332+0000][1][safepoint    ] Total time for which application threads were stopped: 0.0002566 seconds, Stopping threads took: 0.0000270 seconds
[2020-01-13T13:54:06.328+0000][1][safepoint    ] Application time: 0.9951468 seconds
[2020-01-13T13:54:06.328+0000][1][safepoint    ] Entering safepoint region: Deoptimize
[2020-01-13T13:54:06.328+0000][1][safepoint    ] Leaving safepoint region
[2020-01-13T13:54:06.328+0000][1][safepoint    ] Total time for which application threads were stopped: 0.0003352 seconds, Stopping threads took: 0.0000207 seconds
[2020-01-13T13:54:07.081+0000][1][safepoint    ] Application time: 0.7532324 seconds
[2020-01-13T13:54:07.081+0000][1][safepoint    ] Entering safepoint region: Deoptimize
[2020-01-13T13:54:07.082+0000][1][safepoint    ] Leaving safepoint region
[2020-01-13T13:54:07.082+0000][1][safepoint    ] Total time for which application threads were stopped: 0.0005929 seconds, Stopping threads took: 0.0001015 seconds
[2020-01-13T13:54:07.354+0000][1][safepoint    ] Application time: 0.2722026 seconds
[2020-01-13T13:54:07.354+0000][1][safepoint    ] Entering safepoint region: Deoptimize
[2020-01-13T13:54:07.355+0000][1][safepoint    ] Leaving safepoint region
[2020-01-13T13:54:07.355+0000][1][safepoint    ] Total time for which application threads were stopped: 0.0004569 seconds, Stopping threads took: 0.0000359 seconds
[2020-01-13T13:54:07.355+0000][1][safepoint    ] Application time: 0.0001243 seconds
[2020-01-13T13:54:07.355+0000][1][safepoint    ] Entering safepoint region: Deoptimize
[2020-01-13T13:54:07.355+0000][1][safepoint    ] Leaving safepoint region
[2020-01-13T13:54:07.355+0000][1][safepoint    ] Total time for which application threads were stopped: 0.0001480 seconds, Stopping threads took: 0.0000143 seconds
[2020-01-13T13:54:07.409+0000][1][safepoint    ] Application time: 0.0544472 seconds
[2020-01-13T13:54:07.409+0000][1][safepoint    ] Entering safepoint region: Deoptimize
[2020-01-13T13:54:07.410+0000][1][safepoint    ] Leaving safepoint region
[2020-01-13T13:54:07.410+0000][1][safepoint    ] Total time for which application threads were stopped: 0.0004091 seconds, Stopping threads took: 0.0000199 seconds
[2020-01-13T13:54:07.431+0000][1][safepoint    ] Application time: 0.0214813 seconds
[2020-01-13T13:54:07.431+0000][1][safepoint    ] Entering safepoint region: Deoptimize
[2020-01-13T13:54:07.432+0000][1][safepoint    ] Leaving safepoint region
[2020-01-13T13:54:07.432+0000][1][safepoint    ] Total time for which application threads were stopped: 0.0004176 seconds, Stopping threads took: 0.0000206 seconds
[2020-01-13T13:54:07.469+0000][1][safepoint    ] Application time: 0.0371323 seconds
[2020-01-13T13:54:07.470+0000][1][safepoint    ] Entering safepoint region: RevokeBias
[2020-01-13T13:54:07.470+0000][1][safepoint    ] Leaving safepoint region
[2020-01-13T13:54:07.470+0000][1][safepoint    ] Total time for which application threads were stopped: 0.0006973 seconds, Stopping threads took: 0.0005681 seconds
[2020-01-13T13:54:07.470+0000][1][safepoint    ] Application time: 0.0003276 seconds
[2020-01-13T13:54:07.470+0000][1][safepoint    ] Entering safepoint region: RevokeBias
[2020-01-13T13:54:07.470+0000][1][safepoint    ] Leaving safepoint region
[2020-01-13T13:54:07.470+0000][1][safepoint    ] Total time for which application threads were stopped: 0.0000748 seconds, Stopping threads took: 0.0000208 seconds
[2020-01-13T13:54:07.470+0000][1][safepoint    ] Application time: 0.0000311 seconds
[2020-01-13T13:54:07.470+0000][1][safepoint    ] Entering safepoint region: RevokeBias
[2020-01-13T13:54:07.470+0000][1][safepoint    ] Leaving safepoint region
[2020-01-13T13:54:07.470+0000][1][safepoint    ] Total time for which application threads were stopped: 0.0000464 seconds, Stopping threads took: 0.0000153 seconds
[2020-01-13T13:54:07.470+0000][1][safepoint    ] Application time: 0.0000662 seconds
[2020-01-13T13:54:07.470+0000][1][safepoint    ] Entering safepoint region: RevokeBias
[2020-01-13T13:54:07.470+0000][1][safepoint    ] Leaving safepoint region
[2020-01-13T13:54:07.470+0000][1][safepoint    ] Total time for which application threads were stopped: 0.0000629 seconds, Stopping threads took: 0.0000351 seconds
[2020-01-13T13:54:07.471+0000][1][safepoint    ] Application time: 0.0010676 seconds
[2020-01-13T13:54:07.472+0000][1][safepoint    ] Entering safepoint region: RevokeBias
[2020-01-13T13:54:07.472+0000][1][safepoint    ] Leaving safepoint region
[2020-01-13T13:54:07.472+0000][1][safepoint    ] Total time for which application threads were stopped: 0.0009962 seconds, Stopping threads took: 0.0009061 seconds
[2020-01-13T13:54:07.481+0000][1][safepoint    ] Application time: 0.0089318 seconds
[2020-01-13T13:54:07.481+0000][1][safepoint    ] Entering safepoint region: Deoptimize
[2020-01-13T13:54:07.482+0000][1][safepoint    ] Leaving safepoint region
[2020-01-13T13:54:07.482+0000][1][safepoint    ] Total time for which application threads were stopped: 0.0003515 seconds, Stopping threads took: 0.0000204 seconds
[2020-01-13T13:54:07.881+0000][1][safepoint    ] Application time: 0.3991008 seconds
[2020-01-13T13:54:07.881+0000][1][safepoint    ] Entering safepoint region: RevokeBias
[2020-01-13T13:54:07.881+0000][1][safepoint    ] Leaving safepoint region
[2020-01-13T13:54:07.881+0000][1][safepoint    ] Total time for which application threads were stopped: 0.0001242 seconds, Stopping threads took: 0.0000445 seconds
[2020-01-13T13:54:08.019+0000][1][safepoint    ] Application time: 0.1382277 seconds
[2020-01-13T13:54:08.019+0000][1][safepoint    ] Entering safepoint region: GenCollectForAllocation
[2020-01-13T13:54:08.019+0000][1][gc,start     ] GC(0) Pause Young (Allocation Failure)
[2020-01-13T13:54:08.020+0000][1][gc,task      ] GC(0) Using 1 workers of 1 for evacuation
[2020-01-13T13:54:08.039+0000][1][gc,age       ] GC(0) Desired survivor size 4358144 bytes, new threshold 1 (max threshold 6)
[2020-01-13T13:54:08.041+0000][1][gc,age       ] GC(0) Age table with threshold 1 (max threshold 6)
[2020-01-13T13:54:08.041+0000][1][gc,age       ] GC(0) - age   1:    6414368 bytes,    6414368 total
[2020-01-13T13:54:08.041+0000][1][gc,heap      ] GC(0) ParNew: 68160K->6297K(76672K)
[2020-01-13T13:54:08.041+0000][1][gc,heap      ] GC(0) CMS: 0K->0K(176960K)
[2020-01-13T13:54:08.041+0000][1][gc,metaspace ] GC(0) Metaspace: 12576K->12576K(1060864K)
[2020-01-13T13:54:08.041+0000][1][gc           ] GC(0) Pause Young (Allocation Failure) 66M->6M(247M) 21.728ms
[2020-01-13T13:54:08.041+0000][1][gc,cpu       ] GC(0) User=0.02s Sys=0.00s Real=0.02s
[2020-01-13T13:54:08.041+0000][1][safepoint    ] Leaving safepoint region
[2020-01-13T13:54:08.041+0000][1][safepoint    ] Total time for which application threads were stopped: 0.0218840 seconds, Stopping threads took: 0.0000253 seconds
[2020-01-13T13:54:08.049+0000][1][safepoint    ] Application time: 0.0075810 seconds
[2020-01-13T13:54:08.049+0000][1][safepoint    ] Entering safepoint region: RevokeBias
[2020-01-13T13:54:08.049+0000][1][safepoint    ] Leaving safepoint region
[2020-01-13T13:54:08.049+0000][1][safepoint    ] Total time for which application threads were stopped: 0.0005455 seconds, Stopping threads took: 0.0004524 seconds
[2020-01-13T13:54:08.050+0000][1][safepoint    ] Application time: 0.0000953 seconds
[2020-01-13T13:54:08.050+0000][1][safepoint    ] Entering safepoint region: RevokeBias
[2020-01-13T13:54:08.050+0000][1][safepoint    ] Leaving safepoint region
[2020-01-13T13:54:08.050+0000][1][safepoint    ] Total time for which application threads were stopped: 0.0000314 seconds, Stopping threads took: 0.0000057 seconds
[2020-01-13T13:54:08.050+0000][1][safepoint    ] Application time: 0.0000470 seconds
[2020-01-13T13:54:08.050+0000][1][safepoint    ] Entering safepoint region: RevokeBias
[2020-01-13T13:54:08.050+0000][1][safepoint    ] Leaving safepoint region
[2020-01-13T13:54:08.050+0000][1][safepoint    ] Total time for which application threads were stopped: 0.0000485 seconds, Stopping threads took: 0.0000196 seconds
[2020-01-13T13:54:08.050+0000][1][safepoint    ] Application time: 0.0000167 seconds
[2020-01-13T13:54:08.050+0000][1][safepoint    ] Entering safepoint region: RevokeBias
[2020-01-13T13:54:08.050+0000][1][safepoint    ] Leaving safepoint region
[2020-01-13T13:54:08.050+0000][1][safepoint    ] Total time for which application threads were stopped: 0.0000387 seconds, Stopping threads took: 0.0000200 seconds
[2020-01-13T13:54:08.050+0000][1][safepoint    ] Application time: 0.0000197 seconds
[2020-01-13T13:54:08.050+0000][1][safepoint    ] Entering safepoint region: RevokeBias
[2020-01-13T13:54:08.050+0000][1][safepoint    ] Leaving safepoint region
[2020-01-13T13:54:08.050+0000][1][safepoint    ] Total time for which application threads were stopped: 0.0000216 seconds, Stopping threads took: 0.0000048 seconds
[2020-01-13T13:54:08.050+0000][1][safepoint    ] Application time: 0.0000146 seconds
[2020-01-13T13:54:08.050+0000][1][safepoint    ] Entering safepoint region: RevokeBias
[2020-01-13T13:54:08.050+0000][1][safepoint    ] Leaving safepoint region
[2020-01-13T13:54:08.050+0000][1][safepoint    ] Total time for which application threads were stopped: 0.0000214 seconds, Stopping threads took: 0.0000047 seconds
[2020-01-13T13:54:08.052+0000][1][safepoint    ] Application time: 0.0025150 seconds
[2020-01-13T13:54:08.054+0000][1][safepoint    ] Entering safepoint region: RevokeBias
[2020-01-13T13:54:08.054+0000][1][safepoint    ] Leaving safepoint region
[2020-01-13T13:54:08.054+0000][1][safepoint    ] Total time for which application threads were stopped: 0.0015493 seconds, Stopping threads took: 0.0014595 seconds
[2020-01-13T13:54:08.056+0000][1][safepoint    ] Application time: 0.0023793 seconds
[2020-01-13T13:54:08.056+0000][1][safepoint    ] Entering safepoint region: RevokeBias
[2020-01-13T13:54:08.056+0000][1][safepoint    ] Leaving safepoint region
[2020-01-13T13:54:08.056+0000][1][safepoint    ] Total time for which application threads were stopped: 0.0000888 seconds, Stopping threads took: 0.0000090 seconds
[2020-01-13T13:54:08.057+0000][1][safepoint    ] Application time: 0.0000648 seconds
[2020-01-13T13:54:08.057+0000][1][safepoint    ] Entering safepoint region: RevokeBias
[2020-01-13T13:54:08.057+0000][1][safepoint    ] Leaving safepoint region
[2020-01-13T13:54:08.057+0000][1][safepoint    ] Total time for which application threads were stopped: 0.0000433 seconds, Stopping threads took: 0.0000051 seconds
[2020-01-13T13:54:08.057+0000][1][safepoint    ] Application time: 0.0000147 seconds
[2020-01-13T13:54:08.057+0000][1][safepoint    ] Entering safepoint region: RevokeBias
[2020-01-13T13:54:08.057+0000][1][safepoint    ] Leaving safepoint region
[2020-01-13T13:54:08.057+0000][1][safepoint    ] Total time for which application threads were stopped: 0.0000376 seconds, Stopping threads took: 0.0000048 seconds
[2020-01-13T13:54:08.057+0000][1][safepoint    ] Application time: 0.0000228 seconds
[2020-01-13T13:54:08.057+0000][1][safepoint    ] Entering safepoint region: RevokeBias
[2020-01-13T13:54:08.057+0000][1][safepoint    ] Leaving safepoint region
[2020-01-13T13:54:08.057+0000][1][safepoint    ] Total time for which application threads were stopped: 0.0000433 seconds, Stopping threads took: 0.0000072 seconds
[2020-01-13T13:54:08.057+0000][1][safepoint    ] Application time: 0.0000146 seconds
[2020-01-13T13:54:08.057+0000][1][safepoint    ] Entering safepoint region: RevokeBias
[2020-01-13T13:54:08.057+0000][1][safepoint    ] Leaving safepoint region
[2020-01-13T13:54:08.057+0000][1][safepoint    ] Total time for which application threads were stopped: 0.0000372 seconds, Stopping threads took: 0.0000048 seconds
[2020-01-13T13:54:08.057+0000][1][safepoint    ] Application time: 0.0000170 seconds
[2020-01-13T13:54:08.057+0000][1][safepoint    ] Entering safepoint region: RevokeBias
[2020-01-13T13:54:08.057+0000][1][safepoint    ] Leaving safepoint region
[2020-01-13T13:54:08.057+0000][1][safepoint    ] Total time for which application threads were stopped: 0.0000368 seconds, Stopping threads took: 0.0000047 seconds
[2020-01-13T13:54:08.057+0000][1][safepoint    ] Application time: 0.0000139 seconds
[2020-01-13T13:54:08.057+0000][1][safepoint    ] Entering safepoint region: RevokeBias
[2020-01-13T13:54:08.057+0000][1][safepoint    ] Leaving safepoint region
[2020-01-13T13:54:08.057+0000][1][safepoint    ] Total time for which application threads were stopped: 0.0000469 seconds, Stopping threads took: 0.0000145 seconds
[2020-01-13T13:54:08.057+0000][1][safepoint    ] Application time: 0.0000172 seconds
[2020-01-13T13:54:08.057+0000][1][safepoint    ] Entering safepoint region: RevokeBias
[2020-01-13T13:54:08.057+0000][1][safepoint    ] Leaving safepoint region
[2020-01-13T13:54:08.057+0000][1][safepoint    ] Total time for which application threads were stopped: 0.0000364 seconds, Stopping threads took: 0.0000047 seconds
[2020-01-13T13:54:08.057+0000][1][safepoint    ] Application time: 0.0000140 seconds
[2020-01-13T13:54:08.057+0000][1][safepoint    ] Entering safepoint region: RevokeBias
[2020-01-13T13:54:08.057+0000][1][safepoint    ] Leaving safepoint region
[2020-01-13T13:54:08.057+0000][1][safepoint    ] Total time for which application threads were stopped: 0.0000363 seconds, Stopping threads took: 0.0000047 seconds
[2020-01-13T13:54:08.057+0000][1][safepoint    ] Application time: 0.0000174 seconds
[2020-01-13T13:54:08.057+0000][1][safepoint    ] Entering safepoint region: RevokeBias
[2020-01-13T13:54:08.057+0000][1][safepoint    ] Leaving safepoint region
[2020-01-13T13:54:08.057+0000][1][safepoint    ] Total time for which application threads were stopped: 0.0000365 seconds, Stopping threads took: 0.0000046 seconds
[2020-01-13T13:54:08.057+0000][1][safepoint    ] Application time: 0.0000140 seconds
[2020-01-13T13:54:08.057+0000][1][safepoint    ] Entering safepoint region: RevokeBias
[2020-01-13T13:54:08.057+0000][1][safepoint    ] Leaving safepoint region
[2020-01-13T13:54:08.057+0000][1][safepoint    ] Total time for which application threads were stopped: 0.0000365 seconds, Stopping threads took: 0.0000047 seconds
[2020-01-13T13:54:08.057+0000][1][safepoint    ] Application time: 0.0000292 seconds
[2020-01-13T13:54:08.057+0000][1][safepoint    ] Entering safepoint region: RevokeBias
[2020-01-13T13:54:08.057+0000][1][safepoint    ] Leaving safepoint region
[2020-01-13T13:54:08.057+0000][1][safepoint    ] Total time for which application threads were stopped: 0.0000641 seconds, Stopping threads took: 0.0000046 seconds
[2020-01-13T13:54:08.057+0000][1][safepoint    ] Application time: 0.0000543 seconds
[2020-01-13T13:54:08.057+0000][1][safepoint    ] Entering safepoint region: RevokeBias
[2020-01-13T13:54:08.057+0000][1][safepoint    ] Leaving safepoint region
[2020-01-13T13:54:08.057+0000][1][safepoint    ] Total time for which application threads were stopped: 0.0000675 seconds, Stopping threads took: 0.0000077 seconds
[2020-01-13T13:54:08.058+0000][1][safepoint    ] Application time: 0.0009530 seconds
[2020-01-13T13:54:08.058+0000][1][safepoint    ] Entering safepoint region: RevokeBias
[2020-01-13T13:54:08.058+0000][1][safepoint    ] Leaving safepoint region
[2020-01-13T13:54:08.058+0000][1][safepoint    ] Total time for which application threads were stopped: 0.0000628 seconds, Stopping threads took: 0.0000258 seconds
[2020-01-13T13:54:08.059+0000][1][safepoint    ] Application time: 0.0000252 seconds
[2020-01-13T13:54:08.059+0000][1][safepoint    ] Entering safepoint region: RevokeBias
[2020-01-13T13:54:08.059+0000][1][safepoint    ] Leaving safepoint region
[2020-01-13T13:54:08.059+0000][1][safepoint    ] Total time for which application threads were stopped: 0.0000354 seconds, Stopping threads took: 0.0000099 seconds
[2020-01-13T13:54:08.059+0000][1][safepoint    ] Application time: 0.0008451 seconds
[2020-01-13T13:54:08.059+0000][1][safepoint    ] Entering safepoint region: RevokeBias
[2020-01-13T13:54:08.059+0000][1][safepoint    ] Leaving safepoint region
[2020-01-13T13:54:08.059+0000][1][safepoint    ] Total time for which application threads were stopped: 0.0000462 seconds, Stopping threads took: 0.0000076 seconds
[2020-01-13T13:54:08.060+0000][1][safepoint    ] Application time: 0.0000306 seconds
[2020-01-13T13:54:08.060+0000][1][safepoint    ] Entering safepoint region: RevokeBias
[2020-01-13T13:54:08.060+0000][1][safepoint    ] Leaving safepoint region
[2020-01-13T13:54:08.060+0000][1][safepoint    ] Total time for which application threads were stopped: 0.0000509 seconds, Stopping threads took: 0.0000142 seconds
[2020-01-13T13:54:08.060+0000][1][safepoint    ] Application time: 0.0000642 seconds
[2020-01-13T13:54:08.060+0000][1][safepoint    ] Entering safepoint region: RevokeBias
[2020-01-13T13:54:08.060+0000][1][safepoint    ] Leaving safepoint region
[2020-01-13T13:54:08.060+0000][1][safepoint    ] Total time for which application threads were stopped: 0.0000370 seconds, Stopping threads took: 0.0000190 seconds
[2020-01-13T13:54:08.060+0000][1][safepoint    ] Application time: 0.0000148 seconds
[2020-01-13T13:54:08.060+0000][1][safepoint    ] Entering safepoint region: RevokeBias
[2020-01-13T13:54:08.060+0000][1][safepoint    ] Leaving safepoint region
[2020-01-13T13:54:08.060+0000][1][safepoint    ] Total time for which application threads were stopped: 0.0000199 seconds, Stopping threads took: 0.0000048 seconds
[2020-01-13T13:54:08.060+0000][1][safepoint    ] Application time: 0.0000216 seconds
[2020-01-13T13:54:08.060+0000][1][safepoint    ] Entering safepoint region: RevokeBias
[2020-01-13T13:54:08.060+0000][1][safepoint    ] Leaving safepoint region
[2020-01-13T13:54:08.060+0000][1][safepoint    ] Total time for which application threads were stopped: 0.0000322 seconds, Stopping threads took: 0.0000112 seconds
[2020-01-13T13:54:08.060+0000][1][safepoint    ] Application time: 0.0000177 seconds
[2020-01-13T13:54:08.060+0000][1][safepoint    ] Entering safepoint region: RevokeBias
[2020-01-13T13:54:08.060+0000][1][safepoint    ] Leaving safepoint region
[2020-01-13T13:54:08.060+0000][1][safepoint    ] Total time for which application threads were stopped: 0.0000199 seconds, Stopping threads took: 0.0000049 seconds
[2020-01-13T13:54:08.060+0000][1][safepoint    ] Application time: 0.0000197 seconds
[2020-01-13T13:54:08.060+0000][1][safepoint    ] Entering safepoint region: RevokeBias
[2020-01-13T13:54:08.060+0000][1][safepoint    ] Leaving safepoint region
[2020-01-13T13:54:08.060+0000][1][safepoint    ] Total time for which application threads were stopped: 0.0000192 seconds, Stopping threads took: 0.0000048 seconds
[2020-01-13T13:54:08.060+0000][1][safepoint    ] Application time: 0.0000140 seconds
[2020-01-13T13:54:08.060+0000][1][safepoint    ] Entering safepoint region: RevokeBias
[2020-01-13T13:54:08.060+0000][1][safepoint    ] Leaving safepoint region
[2020-01-13T13:54:08.060+0000][1][safepoint    ] Total time for which application threads were stopped: 0.0000194 seconds, Stopping threads took: 0.0000048 seconds
[2020-01-13T13:54:08.436+0000][1][safepoint    ] Application time: 0.3764559 seconds
[2020-01-13T13:54:08.436+0000][1][safepoint    ] Entering safepoint region: RevokeBias
[2020-01-13T13:54:08.437+0000][1][safepoint    ] Leaving safepoint region
[2020-01-13T13:54:08.437+0000][1][safepoint    ] Total time for which application threads were stopped: 0.0002564 seconds, Stopping threads took: 0.0000245 seconds
[2020-01-13T13:54:08.453+0000][1][safepoint    ] Application time: 0.0165322 seconds
[2020-01-13T13:54:08.453+0000][1][safepoint    ] Entering safepoint region: Deoptimize
[2020-01-13T13:54:08.454+0000][1][safepoint    ] Leaving safepoint region
[2020-01-13T13:54:08.454+0000][1][safepoint    ] Total time for which application threads were stopped: 0.0004950 seconds, Stopping threads took: 0.0000433 seconds
[2020-01-13T13:54:08.808+0000][1][safepoint    ] Application time: 0.3544373 seconds
[2020-01-13T13:54:08.808+0000][1][safepoint    ] Entering safepoint region: RevokeBias
[2020-01-13T13:54:08.808+0000][1][safepoint    ] Leaving safepoint region
[2020-01-13T13:54:08.808+0000][1][safepoint    ] Total time for which application threads were stopped: 0.0001792 seconds, Stopping threads took: 0.0000293 seconds
[2020-01-13T13:54:09.188+0000][1][safepoint    ] Application time: 0.3793184 seconds
[2020-01-13T13:54:09.188+0000][1][safepoint    ] Entering safepoint region: GenCollectForAllocation
[2020-01-13T13:54:09.188+0000][1][gc,start     ] GC(1) Pause Young (Allocation Failure)
[2020-01-13T13:54:09.188+0000][1][gc,task      ] GC(1) Using 1 workers of 1 for evacuation
[2020-01-13T13:54:09.258+0000][1][gc,age       ] GC(1) Desired survivor size 4358144 bytes, new threshold 6 (max threshold 6)
[2020-01-13T13:54:09.258+0000][1][gc,age       ] GC(1) Age table with threshold 6 (max threshold 6)
[2020-01-13T13:54:09.258+0000][1][gc,age       ] GC(1) - age   1:    2817048 bytes,    2817048 total
[2020-01-13T13:54:09.258+0000][1][gc,heap      ] GC(1) ParNew: 74457K->4158K(76672K)
[2020-01-13T13:54:09.258+0000][1][gc,heap      ] GC(1) CMS: 0K->6743K(176960K)
[2020-01-13T13:54:09.258+0000][1][gc,metaspace ] GC(1) Metaspace: 14759K->14759K(1062912K)
[2020-01-13T13:54:09.258+0000][1][gc           ] GC(1) Pause Young (Allocation Failure) 72M->10M(247M) 69.736ms
[2020-01-13T13:54:09.258+0000][1][gc,cpu       ] GC(1) User=0.07s Sys=0.00s Real=0.07s
[2020-01-13T13:54:09.258+0000][1][safepoint    ] Leaving safepoint region
[2020-01-13T13:54:09.258+0000][1][safepoint    ] Total time for which application threads were stopped: 0.0701128 seconds, Stopping threads took: 0.0000733 seconds
[2020-01-13T13:54:09.269+0000][1][safepoint    ] Application time: 0.0114079 seconds
[2020-01-13T13:54:09.270+0000][1][safepoint    ] Entering safepoint region: BulkRevokeBias
[2020-01-13T13:54:09.270+0000][1][safepoint    ] Leaving safepoint region
[2020-01-13T13:54:09.270+0000][1][safepoint    ] Total time for which application threads were stopped: 0.0010688 seconds, Stopping threads took: 0.0006113 seconds
[2020-01-13T13:54:09.271+0000][1][safepoint    ] Application time: 0.0009518 seconds
[2020-01-13T13:54:09.271+0000][1][safepoint    ] Entering safepoint region: RevokeBias
[2020-01-13T13:54:09.272+0000][1][safepoint    ] Leaving safepoint region
[2020-01-13T13:54:09.272+0000][1][safepoint    ] Total time for which application threads were stopped: 0.0001041 seconds, Stopping threads took: 0.0000115 seconds
[2020-01-13T13:54:09.272+0000][1][safepoint    ] Application time: 0.0000909 seconds
[2020-01-13T13:54:09.272+0000][1][safepoint    ] Entering safepoint region: RevokeBias
[2020-01-13T13:54:09.272+0000][1][safepoint    ] Leaving safepoint region
[2020-01-13T13:54:09.272+0000][1][safepoint    ] Total time for which application threads were stopped: 0.0000794 seconds, Stopping threads took: 0.0000087 seconds
[2020-01-13T13:54:09.272+0000][1][safepoint    ] Application time: 0.0000220 seconds
[2020-01-13T13:54:09.272+0000][1][safepoint    ] Entering safepoint region: RevokeBias
[2020-01-13T13:54:09.272+0000][1][safepoint    ] Leaving safepoint region
[2020-01-13T13:54:09.272+0000][1][safepoint    ] Total time for which application threads were stopped: 0.0000633 seconds, Stopping threads took: 0.0000074 seconds
[2020-01-13T13:54:09.272+0000][1][safepoint    ] Application time: 0.0005018 seconds
[2020-01-13T13:54:09.273+0000][1][safepoint    ] Entering safepoint region: RevokeBias
[2020-01-13T13:54:09.273+0000][1][safepoint    ] Leaving safepoint region
[2020-01-13T13:54:09.273+0000][1][safepoint    ] Total time for which application threads were stopped: 0.0010170 seconds, Stopping threads took: 0.0008597 seconds
[2020-01-13T13:54:09.273+0000][1][safepoint    ] Application time: 0.0000400 seconds
[2020-01-13T13:54:09.273+0000][1][safepoint    ] Entering safepoint region: RevokeBias
[2020-01-13T13:54:09.274+0000][1][safepoint    ] Leaving safepoint region
[2020-01-13T13:54:09.274+0000][1][safepoint    ] Total time for which application threads were stopped: 0.0000990 seconds, Stopping threads took: 0.0000081 seconds
[2020-01-13T13:54:09.274+0000][1][safepoint    ] Application time: 0.0000530 seconds
[2020-01-13T13:54:09.274+0000][1][safepoint    ] Entering safepoint region: BulkRevokeBias
[2020-01-13T13:54:09.274+0000][1][safepoint    ] Leaving safepoint region
[2020-01-13T13:54:09.274+0000][1][safepoint    ] Total time for which application threads were stopped: 0.0001214 seconds, Stopping threads took: 0.0000081 seconds
[2020-01-13T13:54:09.274+0000][1][safepoint    ] Application time: 0.0005748 seconds
[2020-01-13T13:54:09.274+0000][1][safepoint    ] Entering safepoint region: RevokeBias
[2020-01-13T13:54:09.275+0000][1][safepoint    ] Leaving safepoint region
[2020-01-13T13:54:09.275+0000][1][safepoint    ] Total time for which application threads were stopped: 0.0001259 seconds, Stopping threads took: 0.0000578 seconds
[2020-01-13T13:54:09.275+0000][1][safepoint    ] Application time: 0.0000457 seconds
[2020-01-13T13:54:09.275+0000][1][safepoint    ] Entering safepoint region: BulkRevokeBias
[2020-01-13T13:54:09.275+0000][1][safepoint    ] Leaving safepoint region
[2020-01-13T13:54:09.275+0000][1][safepoint    ] Total time for which application threads were stopped: 0.0001052 seconds, Stopping threads took: 0.0000074 seconds
[2020-01-13T13:54:09.640+0000][1][safepoint    ] Application time: 0.3655622 seconds
[2020-01-13T13:54:09.640+0000][1][safepoint    ] Entering safepoint region: GenCollectForAllocation
[2020-01-13T13:54:09.640+0000][1][gc,start     ] GC(2) Pause Young (Allocation Failure)
[2020-01-13T13:54:09.641+0000][1][gc,task      ] GC(2) Using 1 workers of 1 for evacuation
[2020-01-13T13:54:09.666+0000][1][gc,age       ] GC(2) Desired survivor size 4358144 bytes, new threshold 6 (max threshold 6)
[2020-01-13T13:54:09.666+0000][1][gc,age       ] GC(2) Age table with threshold 6 (max threshold 6)
[2020-01-13T13:54:09.666+0000][1][gc,age       ] GC(2) - age   1:    2823032 bytes,    2823032 total
[2020-01-13T13:54:09.667+0000][1][gc,age       ] GC(2) - age   2:    1097048 bytes,    3920080 total
[2020-01-13T13:54:09.667+0000][1][gc,heap      ] GC(2) ParNew: 72318K->6205K(76672K)
[2020-01-13T13:54:09.667+0000][1][gc,heap      ] GC(2) CMS: 6743K->6743K(176960K)
[2020-01-13T13:54:09.667+0000][1][gc,metaspace ] GC(2) Metaspace: 14877K->14877K(1062912K)
[2020-01-13T13:54:09.667+0000][1][gc           ] GC(2) Pause Young (Allocation Failure) 77M->12M(247M) 26.079ms
[2020-01-13T13:54:09.667+0000][1][gc,cpu       ] GC(2) User=0.03s Sys=0.00s Real=0.02s
[2020-01-13T13:54:09.667+0000][1][safepoint    ] Leaving safepoint region
[2020-01-13T13:54:09.667+0000][1][safepoint    ] Total time for which application threads were stopped: 0.0263212 seconds, Stopping threads took: 0.0000627 seconds
[2020-01-13T13:54:09.672+0000][1][safepoint    ] Application time: 0.0049226 seconds
[2020-01-13T13:54:09.672+0000][1][safepoint    ] Entering safepoint region: RevokeBias
[2020-01-13T13:54:09.672+0000][1][safepoint    ] Leaving safepoint region
[2020-01-13T13:54:09.672+0000][1][safepoint    ] Total time for which application threads were stopped: 0.0001000 seconds, Stopping threads took: 0.0000454 seconds
[2020-01-13T13:54:09.672+0000][1][safepoint    ] Application time: 0.0000339 seconds
[2020-01-13T13:54:09.672+0000][1][safepoint    ] Entering safepoint region: RevokeBias
[2020-01-13T13:54:09.672+0000][1][safepoint    ] Leaving safepoint region
[2020-01-13T13:54:09.672+0000][1][safepoint    ] Total time for which application threads were stopped: 0.0000214 seconds, Stopping threads took: 0.0000051 seconds
[2020-01-13T13:54:09.672+0000][1][safepoint    ] Application time: 0.0000339 seconds
[2020-01-13T13:54:09.672+0000][1][safepoint    ] Entering safepoint region: RevokeBias
[2020-01-13T13:54:09.672+0000][1][safepoint    ] Leaving safepoint region
[2020-01-13T13:54:09.672+0000][1][safepoint    ] Total time for which application threads were stopped: 0.0000190 seconds, Stopping threads took: 0.0000050 seconds
[2020-01-13T13:54:09.672+0000][1][safepoint    ] Application time: 0.0005355 seconds
[2020-01-13T13:54:09.673+0000][1][safepoint    ] Entering safepoint region: RevokeBias
[2020-01-13T13:54:09.673+0000][1][safepoint    ] Leaving safepoint region
[2020-01-13T13:54:09.673+0000][1][safepoint    ] Total time for which application threads were stopped: 0.0011175 seconds, Stopping threads took: 0.0010386 seconds
[2020-01-13T13:54:09.674+0000][1][safepoint    ] Application time: 0.0000414 seconds
[2020-01-13T13:54:09.674+0000][1][safepoint    ] Entering safepoint region: RevokeBias
[2020-01-13T13:54:09.674+0000][1][safepoint    ] Leaving safepoint region
[2020-01-13T13:54:09.674+0000][1][safepoint    ] Total time for which application threads were stopped: 0.0000522 seconds, Stopping threads took: 0.0000181 seconds
[2020-01-13T13:54:09.674+0000][1][safepoint    ] Application time: 0.0000254 seconds
[2020-01-13T13:54:09.674+0000][1][safepoint    ] Entering safepoint region: RevokeBias
[2020-01-13T13:54:09.674+0000][1][safepoint    ] Leaving safepoint region
[2020-01-13T13:54:09.674+0000][1][safepoint    ] Total time for which application threads were stopped: 0.0000340 seconds, Stopping threads took: 0.0000041 seconds
[2020-01-13T13:54:10.016+0000][1][safepoint    ] Application time: 0.3427032 seconds
[2020-01-13T13:54:10.016+0000][1][safepoint    ] Entering safepoint region: Deoptimize
[2020-01-13T13:54:10.017+0000][1][safepoint    ] Leaving safepoint region
[2020-01-13T13:54:10.017+0000][1][safepoint    ] Total time for which application threads were stopped: 0.0005685 seconds, Stopping threads took: 0.0000289 seconds
[2020-01-13T13:54:10.018+0000][1][safepoint    ] Application time: 0.0006416 seconds
[2020-01-13T13:54:10.018+0000][1][safepoint    ] Entering safepoint region: Deoptimize
[2020-01-13T13:54:10.018+0000][1][safepoint    ] Leaving safepoint region
[2020-01-13T13:54:10.018+0000][1][safepoint    ] Total time for which application threads were stopped: 0.0003078 seconds, Stopping threads took: 0.0000172 seconds
[2020-01-13T13:54:10.582+0000][1][safepoint    ] Application time: 0.5643657 seconds
[2020-01-13T13:54:10.582+0000][1][safepoint    ] Entering safepoint region: GenCollectForAllocation
[2020-01-13T13:54:10.583+0000][1][gc,start     ] GC(3) Pause Young (Allocation Failure)
[2020-01-13T13:54:10.583+0000][1][gc,task      ] GC(3) Using 1 workers of 1 for evacuation
[2020-01-13T13:54:10.606+0000][1][gc,age       ] GC(3) Desired survivor size 4358144 bytes, new threshold 3 (max threshold 6)
[2020-01-13T13:54:10.606+0000][1][gc,age       ] GC(3) Age table with threshold 3 (max threshold 6)
[2020-01-13T13:54:10.606+0000][1][gc,age       ] GC(3) - age   1:    3547680 bytes,    3547680 total
[2020-01-13T13:54:10.606+0000][1][gc,age       ] GC(3) - age   2:     294256 bytes,    3841936 total
[2020-01-13T13:54:10.606+0000][1][gc,age       ] GC(3) - age   3:    1094744 bytes,    4936680 total
[2020-01-13T13:54:10.606+0000][1][gc,heap      ] GC(3) ParNew: 74365K->7299K(76672K)
[2020-01-13T13:54:10.606+0000][1][gc,heap      ] GC(3) CMS: 6743K->6743K(176960K)
[2020-01-13T13:54:10.606+0000][1][gc,metaspace ] GC(3) Metaspace: 18380K->18380K(1067008K)
[2020-01-13T13:54:10.610+0000][1][gc           ] GC(3) Pause Young (Allocation Failure) 79M->13M(247M) 27.819ms
[2020-01-13T13:54:10.610+0000][1][gc,cpu       ] GC(3) User=0.02s Sys=0.00s Real=0.03s
[2020-01-13T13:54:10.611+0000][1][safepoint    ] Leaving safepoint region
[2020-01-13T13:54:10.611+0000][1][safepoint    ] Total time for which application threads were stopped: 0.0281602 seconds, Stopping threads took: 0.0000325 seconds
[2020-01-13T13:54:10.615+0000][1][safepoint    ] Application time: 0.0047922 seconds
[2020-01-13T13:54:10.615+0000][1][safepoint    ] Entering safepoint region: BulkRevokeBias
[2020-01-13T13:54:10.616+0000][1][safepoint    ] Leaving safepoint region
[2020-01-13T13:54:10.616+0000][1][safepoint    ] Total time for which application threads were stopped: 0.0001671 seconds, Stopping threads took: 0.0000228 seconds
[2020-01-13T13:54:10.617+0000][1][safepoint    ] Application time: 0.0015901 seconds
[2020-01-13T13:54:10.620+0000][1][safepoint    ] Entering safepoint region: RevokeBias
[2020-01-13T13:54:10.620+0000][1][safepoint    ] Leaving safepoint region
[2020-01-13T13:54:10.621+0000][1][safepoint    ] Total time for which application threads were stopped: 0.0033088 seconds, Stopping threads took: 0.0032167 seconds
[2020-01-13T13:54:10.621+0000][1][safepoint    ] Application time: 0.0000702 seconds
[2020-01-13T13:54:10.621+0000][1][safepoint    ] Entering safepoint region: RevokeBias
[2020-01-13T13:54:10.621+0000][1][safepoint    ] Leaving safepoint region
[2020-01-13T13:54:10.621+0000][1][safepoint    ] Total time for which application threads were stopped: 0.0000572 seconds, Stopping threads took: 0.0000231 seconds
[2020-01-13T13:54:10.621+0000][1][safepoint    ] Application time: 0.0000161 seconds
[2020-01-13T13:54:10.621+0000][1][safepoint    ] Entering safepoint region: RevokeBias
[2020-01-13T13:54:10.621+0000][1][safepoint    ] Leaving safepoint region
[2020-01-13T13:54:10.621+0000][1][safepoint    ] Total time for which application threads were stopped: 0.0000332 seconds, Stopping threads took: 0.0000049 seconds
[2020-01-13T13:54:10.621+0000][1][safepoint    ] Application time: 0.0000186 seconds
[2020-01-13T13:54:10.621+0000][1][safepoint    ] Entering safepoint region: RevokeBias
[2020-01-13T13:54:10.621+0000][1][safepoint    ] Leaving safepoint region
[2020-01-13T13:54:10.621+0000][1][safepoint    ] Total time for which application threads were stopped: 0.0000324 seconds, Stopping threads took: 0.0000047 seconds
[2020-01-13T13:54:10.621+0000][1][safepoint    ] Application time: 0.0000143 seconds
[2020-01-13T13:54:10.621+0000][1][safepoint    ] Entering safepoint region: RevokeBias
[2020-01-13T13:54:10.621+0000][1][safepoint    ] Leaving safepoint region
[2020-01-13T13:54:10.621+0000][1][safepoint    ] Total time for which application threads were stopped: 0.0000333 seconds, Stopping threads took: 0.0000047 seconds
[2020-01-13T13:54:10.621+0000][1][safepoint    ] Application time: 0.0000170 seconds
[2020-01-13T13:54:10.621+0000][1][safepoint    ] Entering safepoint region: RevokeBias
[2020-01-13T13:54:10.621+0000][1][safepoint    ] Leaving safepoint region
[2020-01-13T13:54:10.621+0000][1][safepoint    ] Total time for which application threads were stopped: 0.0000553 seconds, Stopping threads took: 0.0000047 seconds
[2020-01-13T13:54:10.621+0000][1][safepoint    ] Application time: 0.0000277 seconds
[2020-01-13T13:54:10.621+0000][1][safepoint    ] Entering safepoint region: RevokeBias
[2020-01-13T13:54:10.621+0000][1][safepoint    ] Leaving safepoint region
[2020-01-13T13:54:10.621+0000][1][safepoint    ] Total time for which application threads were stopped: 0.0000499 seconds, Stopping threads took: 0.0000117 seconds
[2020-01-13T13:54:10.623+0000][1][safepoint    ] Application time: 0.0017151 seconds
[2020-01-13T13:54:10.623+0000][1][safepoint    ] Entering safepoint region: RevokeBias
[2020-01-13T13:54:10.623+0000][1][safepoint    ] Leaving safepoint region
[2020-01-13T13:54:10.623+0000][1][safepoint    ] Total time for which application threads were stopped: 0.0000680 seconds, Stopping threads took: 0.0000102 seconds
[2020-01-13T13:54:10.623+0000][1][safepoint    ] Application time: 0.0005344 seconds
[2020-01-13T13:54:10.623+0000][1][safepoint    ] Entering safepoint region: RevokeBias
[2020-01-13T13:54:10.623+0000][1][safepoint    ] Leaving safepoint region
[2020-01-13T13:54:10.623+0000][1][safepoint    ] Total time for which application threads were stopped: 0.0000952 seconds, Stopping threads took: 0.0000457 seconds
[2020-01-13T13:54:10.624+0000][1][safepoint    ] Application time: 0.0000529 seconds
[2020-01-13T13:54:10.624+0000][1][safepoint    ] Entering safepoint region: RevokeBias
[2020-01-13T13:54:10.624+0000][1][safepoint    ] Leaving safepoint region
[2020-01-13T13:54:10.624+0000][1][safepoint    ] Total time for which application threads were stopped: 0.0000455 seconds, Stopping threads took: 0.0000055 seconds
[2020-01-13T13:54:10.624+0000][1][safepoint    ] Application time: 0.0000161 seconds
[2020-01-13T13:54:10.624+0000][1][safepoint    ] Entering safepoint region: RevokeBias
[2020-01-13T13:54:10.624+0000][1][safepoint    ] Leaving safepoint region
[2020-01-13T13:54:10.624+0000][1][safepoint    ] Total time for which application threads were stopped: 0.0000262 seconds, Stopping threads took: 0.0000050 seconds
[2020-01-13T13:54:10.624+0000][1][safepoint    ] Application time: 0.0002530 seconds
[2020-01-13T13:54:10.624+0000][1][safepoint    ] Entering safepoint region: RevokeBias
[2020-01-13T13:54:10.624+0000][1][safepoint    ] Leaving safepoint region
[2020-01-13T13:54:10.624+0000][1][safepoint    ] Total time for which application threads were stopped: 0.0000579 seconds, Stopping threads took: 0.0000152 seconds
[2020-01-13T13:54:10.624+0000][1][safepoint    ] Application time: 0.0000214 seconds
[2020-01-13T13:54:10.624+0000][1][safepoint    ] Entering safepoint region: RevokeBias
[2020-01-13T13:54:10.624+0000][1][safepoint    ] Leaving safepoint region
[2020-01-13T13:54:10.624+0000][1][safepoint    ] Total time for which application threads were stopped: 0.0000409 seconds, Stopping threads took: 0.0000048 seconds
[2020-01-13T13:54:10.624+0000][1][safepoint    ] Application time: 0.0000220 seconds
[2020-01-13T13:54:10.624+0000][1][safepoint    ] Entering safepoint region: RevokeBias
[2020-01-13T13:54:10.624+0000][1][safepoint    ] Leaving safepoint region
[2020-01-13T13:54:10.624+0000][1][safepoint    ] Total time for which application threads were stopped: 0.0000258 seconds, Stopping threads took: 0.0000048 seconds
[2020-01-13T13:54:10.624+0000][1][safepoint    ] Application time: 0.0000147 seconds
[2020-01-13T13:54:10.624+0000][1][safepoint    ] Entering safepoint region: RevokeBias
[2020-01-13T13:54:10.624+0000][1][safepoint    ] Leaving safepoint region
[2020-01-13T13:54:10.624+0000][1][safepoint    ] Total time for which application threads were stopped: 0.0000246 seconds, Stopping threads took: 0.0000047 seconds
[2020-01-13T13:54:10.624+0000][1][safepoint    ] Application time: 0.0000159 seconds
[2020-01-13T13:54:10.624+0000][1][safepoint    ] Entering safepoint region: RevokeBias
[2020-01-13T13:54:10.624+0000][1][safepoint    ] Leaving safepoint region
[2020-01-13T13:54:10.624+0000][1][safepoint    ] Total time for which application threads were stopped: 0.0000247 seconds, Stopping threads took: 0.0000047 seconds
[2020-01-13T13:54:10.624+0000][1][safepoint    ] Application time: 0.0001181 seconds
[2020-01-13T13:54:10.624+0000][1][safepoint    ] Entering safepoint region: RevokeBias
[2020-01-13T13:54:10.624+0000][1][safepoint    ] Leaving safepoint region
[2020-01-13T13:54:10.624+0000][1][safepoint    ] Total time for which application threads were stopped: 0.0001299 seconds, Stopping threads took: 0.0000770 seconds
[2020-01-13T13:54:10.625+0000][1][safepoint    ] Application time: 0.0000267 seconds
[2020-01-13T13:54:10.625+0000][1][safepoint    ] Entering safepoint region: RevokeBias
[2020-01-13T13:54:10.625+0000][1][safepoint    ] Leaving safepoint region
[2020-01-13T13:54:10.625+0000][1][safepoint    ] Total time for which application threads were stopped: 0.0000383 seconds, Stopping threads took: 0.0000049 seconds
[2020-01-13T13:54:10.625+0000][1][safepoint    ] Application time: 0.0007921 seconds
[2020-01-13T13:54:10.625+0000][1][safepoint    ] Entering safepoint region: RevokeBias
[2020-01-13T13:54:10.626+0000][1][safepoint    ] Leaving safepoint region
[2020-01-13T13:54:10.626+0000][1][safepoint    ] Total time for which application threads were stopped: 0.0001260 seconds, Stopping threads took: 0.0000643 seconds
[2020-01-13T13:54:10.626+0000][1][safepoint    ] Application time: 0.0000245 seconds
[2020-01-13T13:54:10.626+0000][1][safepoint    ] Entering safepoint region: RevokeBias
[2020-01-13T13:54:10.626+0000][1][safepoint    ] Leaving safepoint region
[2020-01-13T13:54:10.626+0000][1][safepoint    ] Total time for which application threads were stopped: 0.0000513 seconds, Stopping threads took: 0.0000051 seconds
[2020-01-13T13:54:10.898+0000][1][safepoint    ] Application time: 0.2722109 seconds
[2020-01-13T13:54:10.901+0000][1][safepoint    ] Entering safepoint region: GenCollectForAllocation
[2020-01-13T13:54:10.902+0000][1][gc,start     ] GC(4) Pause Young (Allocation Failure)
[2020-01-13T13:54:10.902+0000][1][gc,task      ] GC(4) Using 1 workers of 1 for evacuation
[2020-01-13T13:54:10.925+0000][1][gc,age       ] GC(4) Desired survivor size 4358144 bytes, new threshold 2 (max threshold 6)
[2020-01-13T13:54:10.925+0000][1][gc,age       ] GC(4) Age table with threshold 2 (max threshold 6)
[2020-01-13T13:54:10.925+0000][1][gc,age       ] GC(4) - age   1:    1233016 bytes,    1233016 total
[2020-01-13T13:54:10.925+0000][1][gc,age       ] GC(4) - age   2:    3331208 bytes,    4564224 total
[2020-01-13T13:54:10.925+0000][1][gc,age       ] GC(4) - age   3:     293728 bytes,    4857952 total
[2020-01-13T13:54:10.925+0000][1][gc,heap      ] GC(4) ParNew: 75459K->8512K(76672K)
[2020-01-13T13:54:10.925+0000][1][gc,heap      ] GC(4) CMS: 6743K->7827K(176960K)
[2020-01-13T13:54:10.925+0000][1][gc,metaspace ] GC(4) Metaspace: 18582K->18582K(1067008K)
[2020-01-13T13:54:10.925+0000][1][gc           ] GC(4) Pause Young (Allocation Failure) 80M->15M(247M) 23.255ms
[2020-01-13T13:54:10.925+0000][1][gc,cpu       ] GC(4) User=0.02s Sys=0.00s Real=0.02s
[2020-01-13T13:54:10.925+0000][1][safepoint    ] Leaving safepoint region
[2020-01-13T13:54:10.925+0000][1][safepoint    ] Total time for which application threads were stopped: 0.0269877 seconds, Stopping threads took: 0.0035616 seconds
[2020-01-13T13:54:10.932+0000][1][safepoint    ] Application time: 0.0068597 seconds
[2020-01-13T13:54:10.932+0000][1][safepoint    ] Entering safepoint region: RevokeBias
[2020-01-13T13:54:10.932+0000][1][safepoint    ] Leaving safepoint region
[2020-01-13T13:54:10.932+0000][1][safepoint    ] Total time for which application threads were stopped: 0.0001354 seconds, Stopping threads took: 0.0000624 seconds
[2020-01-13T13:54:10.932+0000][1][safepoint    ] Application time: 0.0000276 seconds
[2020-01-13T13:54:10.932+0000][1][safepoint    ] Entering safepoint region: RevokeBias
[2020-01-13T13:54:10.932+0000][1][safepoint    ] Leaving safepoint region
[2020-01-13T13:54:10.932+0000][1][safepoint    ] Total time for which application threads were stopped: 0.0000373 seconds, Stopping threads took: 0.0000051 seconds
[2020-01-13T13:54:10.932+0000][1][safepoint    ] Application time: 0.0000247 seconds
[2020-01-13T13:54:10.932+0000][1][safepoint    ] Entering safepoint region: RevokeBias
[2020-01-13T13:54:10.932+0000][1][safepoint    ] Leaving safepoint region
[2020-01-13T13:54:10.932+0000][1][safepoint    ] Total time for which application threads were stopped: 0.0000327 seconds, Stopping threads took: 0.0000049 seconds
[2020-01-13T13:54:10.934+0000][1][safepoint    ] Application time: 0.0016650 seconds
[2020-01-13T13:54:10.937+0000][1][safepoint    ] Entering safepoint region: RevokeBias
[2020-01-13T13:54:10.938+0000][1][safepoint    ] Leaving safepoint region
[2020-01-13T13:54:10.938+0000][1][safepoint    ] Total time for which application threads were stopped: 0.0037513 seconds, Stopping threads took: 0.0036583 seconds
[2020-01-13T13:54:10.977+0000][1][safepoint    ] Application time: 0.0396574 seconds
[2020-01-13T13:54:10.977+0000][1][safepoint    ] Entering safepoint region: Deoptimize
[2020-01-13T13:54:10.978+0000][1][safepoint    ] Leaving safepoint region
[2020-01-13T13:54:10.978+0000][1][safepoint    ] Total time for which application threads were stopped: 0.0005658 seconds, Stopping threads took: 0.0000243 seconds
[2020-01-13T13:54:11.074+0000][1][safepoint    ] Application time: 0.0957064 seconds
[2020-01-13T13:54:11.074+0000][1][safepoint    ] Entering safepoint region: Deoptimize
[2020-01-13T13:54:11.074+0000][1][safepoint    ] Leaving safepoint region
[2020-01-13T13:54:11.074+0000][1][safepoint    ] Total time for which application threads were stopped: 0.0006702 seconds, Stopping threads took: 0.0000462 seconds
[2020-01-13T13:54:11.091+0000][1][safepoint    ] Application time: 0.0164001 seconds
[2020-01-13T13:54:11.091+0000][1][safepoint    ] Entering safepoint region: RevokeBias
[2020-01-13T13:54:11.091+0000][1][safepoint    ] Leaving safepoint region
[2020-01-13T13:54:11.091+0000][1][safepoint    ] Total time for which application threads were stopped: 0.0001001 seconds, Stopping threads took: 0.0000240 seconds
[2020-01-13T13:54:11.096+0000][1][safepoint    ] Application time: 0.0055761 seconds
[2020-01-13T13:54:11.096+0000][1][safepoint    ] Entering safepoint region: RevokeBias
[2020-01-13T13:54:11.097+0000][1][safepoint    ] Leaving safepoint region
[2020-01-13T13:54:11.097+0000][1][safepoint    ] Total time for which application threads were stopped: 0.0001343 seconds, Stopping threads took: 0.0000314 seconds
[2020-01-13T13:54:11.333+0000][1][safepoint    ] Application time: 0.2367297 seconds
[2020-01-13T13:54:11.333+0000][1][safepoint    ] Entering safepoint region: GenCollectForAllocation
[2020-01-13T13:54:11.334+0000][1][gc,start     ] GC(5) Pause Young (Allocation Failure)
[2020-01-13T13:54:11.334+0000][1][gc,task      ] GC(5) Using 1 workers of 1 for evacuation
[2020-01-13T13:54:11.365+0000][1][gc,age       ] GC(5) Desired survivor size 4358144 bytes, new threshold 6 (max threshold 6)
[2020-01-13T13:54:11.365+0000][1][gc,age       ] GC(5) Age table with threshold 6 (max threshold 6)
[2020-01-13T13:54:11.365+0000][1][gc,age       ] GC(5) - age   1:    2171192 bytes,    2171192 total
[2020-01-13T13:54:11.365+0000][1][gc,age       ] GC(5) - age   2:     442592 bytes,    2613784 total
[2020-01-13T13:54:11.365+0000][1][gc,heap      ] GC(5) ParNew: 76672K->2909K(76672K)
[2020-01-13T13:54:11.365+0000][1][gc,heap      ] GC(5) CMS: 7827K->11399K(176960K)
[2020-01-13T13:54:11.365+0000][1][gc,metaspace ] GC(5) Metaspace: 18851K->18851K(1067008K)
[2020-01-13T13:54:11.365+0000][1][gc           ] GC(5) Pause Young (Allocation Failure) 82M->13M(247M) 31.820ms
[2020-01-13T13:54:11.365+0000][1][gc,cpu       ] GC(5) User=0.03s Sys=0.00s Real=0.03s
[2020-01-13T13:54:11.365+0000][1][safepoint    ] Leaving safepoint region
[2020-01-13T13:54:11.365+0000][1][safepoint    ] Total time for which application threads were stopped: 0.0320406 seconds, Stopping threads took: 0.0000349 seconds
[2020-01-13T13:54:11.378+0000][1][safepoint    ] Application time: 0.0121300 seconds
[2020-01-13T13:54:11.378+0000][1][safepoint    ] Entering safepoint region: RevokeBias
[2020-01-13T13:54:11.378+0000][1][safepoint    ] Leaving safepoint region
[2020-01-13T13:54:11.378+0000][1][safepoint    ] Total time for which application threads were stopped: 0.0001917 seconds, Stopping threads took: 0.0000675 seconds
[2020-01-13T13:54:11.378+0000][1][safepoint    ] Application time: 0.0005636 seconds
[2020-01-13T13:54:11.378+0000][1][safepoint    ] Entering safepoint region: RevokeBias
[2020-01-13T13:54:11.379+0000][1][safepoint    ] Leaving safepoint region
[2020-01-13T13:54:11.379+0000][1][safepoint    ] Total time for which application threads were stopped: 0.0001063 seconds, Stopping threads took: 0.0000124 seconds
[2020-01-13T13:54:11.379+0000][1][safepoint    ] Application time: 0.0000575 seconds
[2020-01-13T13:54:11.379+0000][1][safepoint    ] Entering safepoint region: RevokeBias
[2020-01-13T13:54:11.379+0000][1][safepoint    ] Leaving safepoint region
[2020-01-13T13:54:11.379+0000][1][safepoint    ] Total time for which application threads were stopped: 0.0000720 seconds, Stopping threads took: 0.0000084 seconds
[2020-01-13T13:54:11.379+0000][1][safepoint    ] Application time: 0.0000237 seconds
[2020-01-13T13:54:11.379+0000][1][safepoint    ] Entering safepoint region: RevokeBias
[2020-01-13T13:54:11.379+0000][1][safepoint    ] Leaving safepoint region
[2020-01-13T13:54:11.379+0000][1][safepoint    ] Total time for which application threads were stopped: 0.0000643 seconds, Stopping threads took: 0.0000079 seconds
[2020-01-13T13:54:11.379+0000][1][safepoint    ] Application time: 0.0000304 seconds
[2020-01-13T13:54:11.379+0000][1][safepoint    ] Entering safepoint region: RevokeBias
[2020-01-13T13:54:11.379+0000][1][safepoint    ] Leaving safepoint region
[2020-01-13T13:54:11.379+0000][1][safepoint    ] Total time for which application threads were stopped: 0.0000641 seconds, Stopping threads took: 0.0000076 seconds
[2020-01-13T13:54:11.379+0000][1][safepoint    ] Application time: 0.0000217 seconds
[2020-01-13T13:54:11.379+0000][1][safepoint    ] Entering safepoint region: RevokeBias
[2020-01-13T13:54:11.379+0000][1][safepoint    ] Leaving safepoint region
[2020-01-13T13:54:11.379+0000][1][safepoint    ] Total time for which application threads were stopped: 0.0000621 seconds, Stopping threads took: 0.0000072 seconds
[2020-01-13T13:54:11.712+0000][1][safepoint    ] Application time: 0.3326132 seconds
[2020-01-13T13:54:11.712+0000][1][safepoint    ] Entering safepoint region: RevokeBias
[2020-01-13T13:54:11.712+0000][1][safepoint    ] Leaving safepoint region
[2020-01-13T13:54:11.712+0000][1][safepoint    ] Total time for which application threads were stopped: 0.0001233 seconds, Stopping threads took: 0.0000308 seconds
[2020-01-13T13:54:11.712+0000][1][safepoint    ] Application time: 0.0001905 seconds
[2020-01-13T13:54:11.712+0000][1][safepoint    ] Entering safepoint region: BulkRevokeBias
[2020-01-13T13:54:11.712+0000][1][safepoint    ] Leaving safepoint region
[2020-01-13T13:54:11.712+0000][1][safepoint    ] Total time for which application threads were stopped: 0.0002517 seconds, Stopping threads took: 0.0000190 seconds
[2020-01-13T13:54:11.731+0000][1][safepoint    ] Application time: 0.0189245 seconds
[2020-01-13T13:54:11.732+0000][1][safepoint    ] Entering safepoint region: GenCollectForAllocation
[2020-01-13T13:54:11.732+0000][1][gc,start     ] GC(6) Pause Young (Allocation Failure)
[2020-01-13T13:54:11.732+0000][1][gc,task      ] GC(6) Using 1 workers of 1 for evacuation
[2020-01-13T13:54:11.742+0000][1][gc,age       ] GC(6) Desired survivor size 4358144 bytes, new threshold 6 (max threshold 6)
[2020-01-13T13:54:11.742+0000][1][gc,age       ] GC(6) Age table with threshold 6 (max threshold 6)
[2020-01-13T13:54:11.742+0000][1][gc,age       ] GC(6) - age   1:     490816 bytes,     490816 total
[2020-01-13T13:54:11.742+0000][1][gc,age       ] GC(6) - age   2:    2158064 bytes,    2648880 total
[2020-01-13T13:54:11.742+0000][1][gc,age       ] GC(6) - age   3:     442592 bytes,    3091472 total
[2020-01-13T13:54:11.742+0000][1][gc,heap      ] GC(6) ParNew: 70602K->5283K(76672K)
[2020-01-13T13:54:11.742+0000][1][gc,heap      ] GC(6) CMS: 11399K->11399K(176960K)
[2020-01-13T13:54:11.742+0000][1][gc,metaspace ] GC(6) Metaspace: 19152K->19152K(1067008K)
[2020-01-13T13:54:11.742+0000][1][gc           ] GC(6) Pause Young (Allocation Failure) 80M->16M(247M) 9.832ms
[2020-01-13T13:54:11.742+0000][1][gc,cpu       ] GC(6) User=0.01s Sys=0.01s Real=0.01s
[2020-01-13T13:54:11.742+0000][1][safepoint    ] Leaving safepoint region
[2020-01-13T13:54:11.742+0000][1][safepoint    ] Total time for which application threads were stopped: 0.0111082 seconds, Stopping threads took: 0.0011350 seconds
[2020-01-13T13:54:11.747+0000][1][safepoint    ] Application time: 0.0049934 seconds
[2020-01-13T13:54:11.754+0000][1][safepoint    ] Entering safepoint region: BulkRevokeBias
[2020-01-13T13:54:11.754+0000][1][safepoint    ] Leaving safepoint region
[2020-01-13T13:54:11.754+0000][1][safepoint    ] Total time for which application threads were stopped: 0.0068848 seconds, Stopping threads took: 0.0067400 seconds
[2020-01-13T13:54:11.987+0000][1][safepoint    ] Application time: 0.2330071 seconds
[2020-01-13T13:54:11.991+0000][1][safepoint    ] Entering safepoint region: GenCollectForAllocation
[2020-01-13T13:54:11.991+0000][1][gc,start     ] GC(7) Pause Young (Allocation Failure)
[2020-01-13T13:54:11.992+0000][1][gc,task      ] GC(7) Using 1 workers of 1 for evacuation
[2020-01-13T13:54:12.018+0000][1][gc,age       ] GC(7) Desired survivor size 4358144 bytes, new threshold 3 (max threshold 6)
[2020-01-13T13:54:12.018+0000][1][gc,age       ] GC(7) Age table with threshold 3 (max threshold 6)
[2020-01-13T13:54:12.018+0000][1][gc,age       ] GC(7) - age   1:    3221640 bytes,    3221640 total
[2020-01-13T13:54:12.018+0000][1][gc,age       ] GC(7) - age   2:     209168 bytes,    3430808 total
[2020-01-13T13:54:12.018+0000][1][gc,age       ] GC(7) - age   3:    2158040 bytes,    5588848 total
[2020-01-13T13:54:12.018+0000][1][gc,age       ] GC(7) - age   4:     442592 bytes,    6031440 total
[2020-01-13T13:54:12.018+0000][1][gc,heap      ] GC(7) ParNew: 73443K->7170K(76672K)
[2020-01-13T13:54:12.018+0000][1][gc,heap      ] GC(7) CMS: 11399K->11399K(176960K)
[2020-01-13T13:54:12.018+0000][1][gc,metaspace ] GC(7) Metaspace: 19479K->19479K(1067008K)
[2020-01-13T13:54:12.018+0000][1][gc           ] GC(7) Pause Young (Allocation Failure) 82M->18M(247M) 26.877ms
[2020-01-13T13:54:12.018+0000][1][gc,cpu       ] GC(7) User=0.03s Sys=0.00s Real=0.02s
[2020-01-13T13:54:12.018+0000][1][safepoint    ] Leaving safepoint region
[2020-01-13T13:54:12.018+0000][1][safepoint    ] Total time for which application threads were stopped: 0.0310688 seconds, Stopping threads took: 0.0040264 seconds
[2020-01-13T13:54:12.188+0000][1][safepoint    ] Application time: 0.1695438 seconds
[2020-01-13T13:54:12.188+0000][1][safepoint    ] Entering safepoint region: CollectForMetadataAllocation
[2020-01-13T13:54:12.188+0000][1][safepoint    ] Leaving safepoint region
[2020-01-13T13:54:12.188+0000][1][safepoint    ] Total time for which application threads were stopped: 0.0002579 seconds, Stopping threads took: 0.0000219 seconds
[2020-01-13T13:54:12.414+0000][1][safepoint    ] Application time: 0.2256521 seconds
[2020-01-13T13:54:12.415+0000][1][safepoint    ] Entering safepoint region: GenCollectForAllocation
[2020-01-13T13:54:12.415+0000][1][gc,start     ] GC(8) Pause Young (Allocation Failure)
[2020-01-13T13:54:12.415+0000][1][gc,task      ] GC(8) Using 1 workers of 1 for evacuation
[2020-01-13T13:54:12.443+0000][1][gc,age       ] GC(8) Desired survivor size 4358144 bytes, new threshold 6 (max threshold 6)
[2020-01-13T13:54:12.443+0000][1][gc,age       ] GC(8) Age table with threshold 6 (max threshold 6)
[2020-01-13T13:54:12.443+0000][1][gc,age       ] GC(8) - age   1:    2117872 bytes,    2117872 total
[2020-01-13T13:54:12.443+0000][1][gc,age       ] GC(8) - age   2:    1295712 bytes,    3413584 total
[2020-01-13T13:54:12.443+0000][1][gc,age       ] GC(8) - age   3:     209024 bytes,    3622608 total
[2020-01-13T13:54:12.443+0000][1][gc,heap      ] GC(8) ParNew: 75330K->4865K(76672K)
[2020-01-13T13:54:12.443+0000][1][gc,heap      ] GC(8) CMS: 11399K->13953K(176960K)
[2020-01-13T13:54:12.443+0000][1][gc,metaspace ] GC(8) Metaspace: 20288K->20288K(1069056K)
[2020-01-13T13:54:12.443+0000][1][gc           ] GC(8) Pause Young (Allocation Failure) 84M->18M(247M) 27.488ms
[2020-01-13T13:54:12.443+0000][1][gc,cpu       ] GC(8) User=0.03s Sys=0.00s Real=0.03s
[2020-01-13T13:54:12.443+0000][1][safepoint    ] Leaving safepoint region
[2020-01-13T13:54:12.443+0000][1][safepoint    ] Total time for which application threads were stopped: 0.0290080 seconds, Stopping threads took: 0.0013974 seconds
[2020-01-13T13:54:12.450+0000][1][safepoint    ] Application time: 0.0073505 seconds
[2020-01-13T13:54:12.452+0000][1][safepoint    ] Entering safepoint region: CMS_Initial_Mark
[2020-01-13T13:54:12.452+0000][1][gc,start     ] GC(9) Pause Initial Mark
[2020-01-13T13:54:12.455+0000][1][gc           ] GC(9) Pause Initial Mark 22M->22M(247M) 3.294ms
[2020-01-13T13:54:12.455+0000][1][gc,cpu       ] GC(9) User=0.01s Sys=0.00s Real=0.00s
[2020-01-13T13:54:12.455+0000][1][safepoint    ] Leaving safepoint region
[2020-01-13T13:54:12.455+0000][1][safepoint    ] Total time for which application threads were stopped: 0.0047105 seconds, Stopping threads took: 0.0012904 seconds
[2020-01-13T13:54:12.461+0000][1][gc           ] GC(9) Concurrent Mark
[2020-01-13T13:54:12.505+0000][1][gc           ] GC(9) Concurrent Mark 43.123ms
[2020-01-13T13:54:12.505+0000][1][gc,cpu       ] GC(9) User=0.04s Sys=0.01s Real=0.04s
[2020-01-13T13:54:12.505+0000][1][gc           ] GC(9) Concurrent Preclean
[2020-01-13T13:54:12.505+0000][1][gc           ] GC(9) Concurrent Preclean 0.507ms
[2020-01-13T13:54:12.505+0000][1][gc,cpu       ] GC(9) User=0.01s Sys=0.00s Real=0.00s
[2020-01-13T13:54:12.505+0000][1][gc           ] GC(9) Concurrent Abortable Preclean
[2020-01-13T13:54:12.591+0000][1][safepoint    ] Application time: 0.1360613 seconds
[2020-01-13T13:54:12.591+0000][1][safepoint    ] Entering safepoint region: CollectForMetadataAllocation
[2020-01-13T13:54:12.591+0000][1][safepoint    ] Leaving safepoint region
[2020-01-13T13:54:12.591+0000][1][safepoint    ] Total time for which application threads were stopped: 0.0002579 seconds, Stopping threads took: 0.0000236 seconds
[2020-01-13T13:54:12.724+0000][1][safepoint    ] Application time: 0.1326242 seconds
[2020-01-13T13:54:12.724+0000][1][safepoint    ] Entering safepoint region: GenCollectForAllocation
[2020-01-13T13:54:12.724+0000][1][gc,start     ] GC(10) Pause Young (Allocation Failure)
[2020-01-13T13:54:12.724+0000][1][gc,task      ] GC(10) Using 1 workers of 1 for evacuation
[2020-01-13T13:54:12.728+0000][1][gc           ] GC(9) Concurrent Abortable Preclean 222.354ms
[2020-01-13T13:54:12.728+0000][1][gc,cpu       ] GC(9) User=0.21s Sys=0.00s Real=0.22s
[2020-01-13T13:54:12.738+0000][1][gc,age       ] GC(10) Desired survivor size 4358144 bytes, new threshold 6 (max threshold 6)
[2020-01-13T13:54:12.739+0000][1][gc,age       ] GC(10) Age table with threshold 6 (max threshold 6)
[2020-01-13T13:54:12.739+0000][1][gc,age       ] GC(10) - age   1:     665296 bytes,     665296 total
[2020-01-13T13:54:12.739+0000][1][gc,age       ] GC(10) - age   2:     619752 bytes,    1285048 total
[2020-01-13T13:54:12.739+0000][1][gc,age       ] GC(10) - age   3:    1295592 bytes,    2580640 total
[2020-01-13T13:54:12.739+0000][1][gc,age       ] GC(10) - age   4:     209024 bytes,    2789664 total
[2020-01-13T13:54:12.739+0000][1][gc,heap      ] GC(10) ParNew: 73025K->3869K(76672K)
[2020-01-13T13:54:12.739+0000][1][gc,heap      ] GC(10) CMS: 13953K->13953K(176960K)
[2020-01-13T13:54:12.739+0000][1][gc,metaspace ] GC(10) Metaspace: 20400K->20400K(1069056K)
[2020-01-13T13:54:12.739+0000][1][gc           ] GC(10) Pause Young (Allocation Failure) 84M->17M(247M) 14.329ms
[2020-01-13T13:54:12.739+0000][1][gc,cpu       ] GC(10) User=0.01s Sys=0.00s Real=0.01s
[2020-01-13T13:54:12.739+0000][1][safepoint    ] Leaving safepoint region
[2020-01-13T13:54:12.739+0000][1][safepoint    ] Total time for which application threads were stopped: 0.0144868 seconds, Stopping threads took: 0.0000361 seconds
[2020-01-13T13:54:12.743+0000][1][safepoint    ] Application time: 0.0046817 seconds
[2020-01-13T13:54:12.743+0000][1][safepoint    ] Entering safepoint region: CMS_Final_Remark
[2020-01-13T13:54:12.743+0000][1][gc,start     ] GC(9) Pause Remark
[2020-01-13T13:54:12.763+0000][1][gc           ] GC(9) Pause Remark 22M->22M(247M) 19.803ms
[2020-01-13T13:54:12.763+0000][1][gc,cpu       ] GC(9) User=0.02s Sys=0.00s Real=0.02s
[2020-01-13T13:54:12.763+0000][1][safepoint    ] Leaving safepoint region
[2020-01-13T13:54:12.763+0000][1][safepoint    ] Total time for which application threads were stopped: 0.0199754 seconds, Stopping threads took: 0.0000126 seconds
[2020-01-13T13:54:12.763+0000][1][gc           ] GC(9) Concurrent Sweep
[2020-01-13T13:54:12.768+0000][1][gc           ] GC(9) Concurrent Sweep 4.876ms
[2020-01-13T13:54:12.768+0000][1][gc,cpu       ] GC(9) User=0.00s Sys=0.00s Real=0.00s
[2020-01-13T13:54:12.768+0000][1][gc           ] GC(9) Concurrent Reset
[2020-01-13T13:54:12.769+0000][1][gc           ] GC(9) Concurrent Reset 0.408ms
[2020-01-13T13:54:12.769+0000][1][gc,cpu       ] GC(9) User=0.00s Sys=0.00s Real=0.00s
[2020-01-13T13:54:12.769+0000][1][gc,heap      ] GC(9) Old: 13953K->13926K(176960K)
[2020-01-13T13:54:13.007+0000][1][safepoint    ] Application time: 0.2431293 seconds
[2020-01-13T13:54:13.007+0000][1][safepoint    ] Entering safepoint region: GenCollectForAllocation
[2020-01-13T13:54:13.007+0000][1][gc,start     ] GC(11) Pause Young (Allocation Failure)
[2020-01-13T13:54:13.007+0000][1][gc,task      ] GC(11) Using 1 workers of 1 for evacuation
[2020-01-13T13:54:13.026+0000][1][gc,age       ] GC(11) Desired survivor size 4358144 bytes, new threshold 5 (max threshold 6)
[2020-01-13T13:54:13.026+0000][1][gc,age       ] GC(11) Age table with threshold 5 (max threshold 6)
[2020-01-13T13:54:13.026+0000][1][gc,age       ] GC(11) - age   1:    2217448 bytes,    2217448 total
[2020-01-13T13:54:13.026+0000][1][gc,age       ] GC(11) - age   2:     135312 bytes,    2352760 total
[2020-01-13T13:54:13.026+0000][1][gc,age       ] GC(11) - age   3:     619608 bytes,    2972368 total
[2020-01-13T13:54:13.026+0000][1][gc,age       ] GC(11) - age   4:    1295488 bytes,    4267856 total
[2020-01-13T13:54:13.026+0000][1][gc,age       ] GC(11) - age   5:     208880 bytes,    4476736 total
[2020-01-13T13:54:13.026+0000][1][gc,heap      ] GC(11) ParNew: 72029K->6021K(76672K)
[2020-01-13T13:54:13.026+0000][1][gc,heap      ] GC(11) CMS: 13926K->13926K(176960K)
[2020-01-13T13:54:13.026+0000][1][gc,metaspace ] GC(11) Metaspace: 20475K->20475K(1069056K)
[2020-01-13T13:54:13.026+0000][1][gc           ] GC(11) Pause Young (Allocation Failure) 83M->19M(247M) 18.633ms
[2020-01-13T13:54:13.026+0000][1][gc,cpu       ] GC(11) User=0.02s Sys=0.00s Real=0.02s
[2020-01-13T13:54:13.026+0000][1][safepoint    ] Leaving safepoint region
[2020-01-13T13:54:13.026+0000][1][safepoint    ] Total time for which application threads were stopped: 0.0193729 seconds, Stopping threads took: 0.0000255 seconds
[2020-01-13T13:54:13.228+0000][1][safepoint    ] Application time: 0.2017777 seconds
[2020-01-13T13:54:13.231+0000][1][safepoint    ] Entering safepoint region: Deoptimize
[2020-01-13T13:54:13.232+0000][1][safepoint    ] Leaving safepoint region
[2020-01-13T13:54:13.232+0000][1][safepoint    ] Total time for which application threads were stopped: 0.0043946 seconds, Stopping threads took: 0.0036464 seconds
[2020-01-13T13:54:13.861+0000][1][safepoint    ] Application time: 0.6290982 seconds
[2020-01-13T13:54:13.863+0000][1][safepoint    ] Entering safepoint region: RevokeBias
[2020-01-13T13:54:13.863+0000][1][safepoint    ] Leaving safepoint region
[2020-01-13T13:54:13.863+0000][1][safepoint    ] Total time for which application threads were stopped: 0.0001669 seconds, Stopping threads took: 0.0000383 seconds
[2020-01-13T13:54:14.003+0000][1][safepoint    ] Application time: 0.1402443 seconds
[2020-01-13T13:54:14.006+0000][1][safepoint    ] Entering safepoint region: GenCollectForAllocation
[2020-01-13T13:54:14.007+0000][1][gc,start     ] GC(12) Pause Young (Allocation Failure)
[2020-01-13T13:54:14.007+0000][1][gc,task      ] GC(12) Using 1 workers of 1 for evacuation
[2020-01-13T13:54:14.021+0000][1][gc,age       ] GC(12) Desired survivor size 4358144 bytes, new threshold 6 (max threshold 6)
[2020-01-13T13:54:14.021+0000][1][gc,age       ] GC(12) Age table with threshold 6 (max threshold 6)
[2020-01-13T13:54:14.021+0000][1][gc,age       ] GC(12) - age   1:    1187440 bytes,    1187440 total
[2020-01-13T13:54:14.021+0000][1][gc,age       ] GC(12) - age   2:     263048 bytes,    1450488 total
[2020-01-13T13:54:14.021+0000][1][gc,age       ] GC(12) - age   3:     135200 bytes,    1585688 total
[2020-01-13T13:54:14.021+0000][1][gc,age       ] GC(12) - age   4:     619608 bytes,    2205296 total
[2020-01-13T13:54:14.021+0000][1][gc,age       ] GC(12) - age   5:    1295424 bytes,    3500720 total
[2020-01-13T13:54:14.021+0000][1][gc,heap      ] GC(12) ParNew: 74181K->4031K(76672K)
[2020-01-13T13:54:14.021+0000][1][gc,heap      ] GC(12) CMS: 13926K->14137K(176960K)
[2020-01-13T13:54:14.021+0000][1][gc,metaspace ] GC(12) Metaspace: 23474K->23474K(1071104K)
[2020-01-13T13:54:14.021+0000][1][gc           ] GC(12) Pause Young (Allocation Failure) 86M->17M(247M) 13.881ms
[2020-01-13T13:54:14.021+0000][1][gc,cpu       ] GC(12) User=0.01s Sys=0.00s Real=0.02s
[2020-01-13T13:54:14.021+0000][1][safepoint    ] Leaving safepoint region
[2020-01-13T13:54:14.021+0000][1][safepoint    ] Total time for which application threads were stopped: 0.0176070 seconds, Stopping threads took: 0.0033167 seconds
[2020-01-13T13:54:14.029+0000][1][safepoint    ] Application time: 0.0081050 seconds
[2020-01-13T13:54:14.029+0000][1][safepoint    ] Entering safepoint region: RevokeBias
[2020-01-13T13:54:14.029+0000][1][safepoint    ] Leaving safepoint region
[2020-01-13T13:54:14.029+0000][1][safepoint    ] Total time for which application threads were stopped: 0.0001162 seconds, Stopping threads took: 0.0000117 seconds
[2020-01-13T13:54:14.348+0000][1][safepoint    ] Application time: 0.3193674 seconds
[2020-01-13T13:54:14.348+0000][1][safepoint    ] Entering safepoint region: Deoptimize
[2020-01-13T13:54:14.349+0000][1][safepoint    ] Leaving safepoint region
[2020-01-13T13:54:14.349+0000][1][safepoint    ] Total time for which application threads were stopped: 0.0006591 seconds, Stopping threads took: 0.0000371 seconds
[2020-01-13T13:54:14.379+0000][1][safepoint    ] Application time: 0.0300955 seconds
[2020-01-13T13:54:14.379+0000][1][safepoint    ] Entering safepoint region: Deoptimize
[2020-01-13T13:54:14.380+0000][1][safepoint    ] Leaving safepoint region
[2020-01-13T13:54:14.380+0000][1][safepoint    ] Total time for which application threads were stopped: 0.0006176 seconds, Stopping threads took: 0.0000245 seconds
[2020-01-13T13:54:14.388+0000][1][safepoint    ] Application time: 0.0081719 seconds
[2020-01-13T13:54:14.388+0000][1][safepoint    ] Entering safepoint region: Deoptimize
[2020-01-13T13:54:14.389+0000][1][safepoint    ] Leaving safepoint region
[2020-01-13T13:54:14.389+0000][1][safepoint    ] Total time for which application threads were stopped: 0.0006463 seconds, Stopping threads took: 0.0000219 seconds
[2020-01-13T13:54:14.409+0000][1][safepoint    ] Application time: 0.0200091 seconds
[2020-01-13T13:54:14.409+0000][1][safepoint    ] Entering safepoint region: RevokeBias
[2020-01-13T13:54:14.409+0000][1][safepoint    ] Leaving safepoint region
[2020-01-13T13:54:14.409+0000][1][safepoint    ] Total time for which application threads were stopped: 0.0000936 seconds, Stopping threads took: 0.0000266 seconds
[2020-01-13T13:54:15.409+0000][1][safepoint    ] Application time: 1.0001194 seconds
[2020-01-13T13:54:15.412+0000][1][safepoint    ] Entering safepoint region: Cleanup
[2020-01-13T13:54:15.413+0000][1][safepoint    ] Leaving safepoint region
[2020-01-13T13:54:15.413+0000][1][safepoint    ] Total time for which application threads were stopped: 0.0038642 seconds, Stopping threads took: 0.0034716 seconds
[2020-01-13T13:54:15.675+0000][1][safepoint    ] Application time: 0.2616469 seconds
[2020-01-13T13:54:15.675+0000][1][safepoint    ] Entering safepoint region: RevokeBias
[2020-01-13T13:54:15.675+0000][1][safepoint    ] Leaving safepoint region
[2020-01-13T13:54:15.675+0000][1][safepoint    ] Total time for which application threads were stopped: 0.0001496 seconds, Stopping threads took: 0.0000304 seconds
[2020-01-13T13:54:15.996+0000][1][safepoint    ] Application time: 0.3216702 seconds
[2020-01-13T13:54:15.997+0000][1][safepoint    ] Entering safepoint region: GenCollectForAllocation
[2020-01-13T13:54:15.997+0000][1][gc,start     ] GC(13) Pause Young (Allocation Failure)
[2020-01-13T13:54:15.997+0000][1][gc,task      ] GC(13) Using 1 workers of 1 for evacuation
[2020-01-13T13:54:16.086+0000][1][gc,age       ] GC(13) Desired survivor size 4358144 bytes, new threshold 1 (max threshold 6)
[2020-01-13T13:54:16.086+0000][1][gc,age       ] GC(13) Age table with threshold 1 (max threshold 6)
[2020-01-13T13:54:16.086+0000][1][gc,age       ] GC(13) - age   1:    5858512 bytes,    5858512 total
[2020-01-13T13:54:16.086+0000][1][gc,age       ] GC(13) - age   2:     628696 bytes,    6487208 total
[2020-01-13T13:54:16.086+0000][1][gc,age       ] GC(13) - age   3:     253400 bytes,    6740608 total
[2020-01-13T13:54:16.086+0000][1][gc,age       ] GC(13) - age   4:     127152 bytes,    6867760 total
[2020-01-13T13:54:16.086+0000][1][gc,age       ] GC(13) - age   5:     563656 bytes,    7431416 total
[2020-01-13T13:54:16.086+0000][1][gc,age       ] GC(13) - age   6:    1284784 bytes,    8716200 total
[2020-01-13T13:54:16.086+0000][1][gc,heap      ] GC(13) ParNew: 72191K->8512K(76672K)
[2020-01-13T13:54:16.086+0000][1][gc,heap      ] GC(13) CMS: 14137K->23057K(176960K)
[2020-01-13T13:54:16.086+0000][1][gc,metaspace ] GC(13) Metaspace: 26916K->26916K(1075200K)
[2020-01-13T13:54:16.086+0000][1][gc           ] GC(13) Pause Young (Allocation Failure) 84M->30M(247M) 89.356ms
[2020-01-13T13:54:16.086+0000][1][gc,cpu       ] GC(13) User=0.09s Sys=0.00s Real=0.09s
[2020-01-13T13:54:16.086+0000][1][safepoint    ] Leaving safepoint region
[2020-01-13T13:54:16.086+0000][1][safepoint    ] Total time for which application threads were stopped: 0.0895299 seconds, Stopping threads took: 0.0000341 seconds
[2020-01-13T13:54:17.094+0000][1][safepoint    ] Application time: 1.0083222 seconds
[2020-01-13T13:54:17.097+0000][1][safepoint    ] Entering safepoint region: Cleanup
[2020-01-13T13:54:17.097+0000][1][safepoint    ] Leaving safepoint region
[2020-01-13T13:54:17.097+0000][1][safepoint    ] Total time for which application threads were stopped: 0.0029716 seconds, Stopping threads took: 0.0028833 seconds
[2020-01-13T13:54:17.183+0000][1][safepoint    ] Application time: 0.0855498 seconds
[2020-01-13T13:54:17.184+0000][1][safepoint    ] Entering safepoint region: GenCollectForAllocation
[2020-01-13T13:54:17.184+0000][1][gc,start     ] GC(14) Pause Young (Allocation Failure)
[2020-01-13T13:54:17.184+0000][1][gc,task      ] GC(14) Using 1 workers of 1 for evacuation
[2020-01-13T13:54:17.273+0000][1][gc,age       ] GC(14) Desired survivor size 4358144 bytes, new threshold 1 (max threshold 6)
[2020-01-13T13:54:17.273+0000][1][gc,age       ] GC(14) Age table with threshold 1 (max threshold 6)
[2020-01-13T13:54:17.273+0000][1][gc,age       ] GC(14) - age   1:    8716224 bytes,    8716224 total
[2020-01-13T13:54:17.273+0000][1][gc,heap      ] GC(14) ParNew: 76672K->8512K(76672K)
[2020-01-13T13:54:17.273+0000][1][gc,heap      ] GC(14) CMS: 23057K->35363K(176960K)
[2020-01-13T13:54:17.273+0000][1][gc,metaspace ] GC(14) Metaspace: 26953K->26953K(1075200K)
[2020-01-13T13:54:17.273+0000][1][gc           ] GC(14) Pause Young (Allocation Failure) 97M->42M(247M) 89.277ms
[2020-01-13T13:54:17.273+0000][1][gc,cpu       ] GC(14) User=0.08s Sys=0.00s Real=0.09s
[2020-01-13T13:54:17.273+0000][1][safepoint    ] Leaving safepoint region
[2020-01-13T13:54:17.273+0000][1][safepoint    ] Total time for which application threads were stopped: 0.0898957 seconds, Stopping threads took: 0.0004738 seconds
[2020-01-13T13:54:18.283+0000][1][safepoint    ] Application time: 1.0104653 seconds
[2020-01-13T13:54:18.287+0000][1][safepoint    ] Entering safepoint region: Cleanup
[2020-01-13T13:54:18.288+0000][1][safepoint    ] Leaving safepoint region
[2020-01-13T13:54:18.288+0000][1][safepoint    ] Total time for which application threads were stopped: 0.0040700 seconds, Stopping threads took: 0.0039819 seconds
[2020-01-13T13:54:18.610+0000][1][safepoint    ] Application time: 0.3225103 seconds
[2020-01-13T13:54:18.613+0000][1][safepoint    ] Entering safepoint region: GenCollectForAllocation
[2020-01-13T13:54:18.614+0000][1][gc,start     ] GC(15) Pause Young (Allocation Failure)
[2020-01-13T13:54:18.614+0000][1][gc,task      ] GC(15) Using 1 workers of 1 for evacuation
[2020-01-13T13:54:18.689+0000][1][gc,age       ] GC(15) Desired survivor size 4358144 bytes, new threshold 1 (max threshold 6)
[2020-01-13T13:54:18.689+0000][1][gc,age       ] GC(15) Age table with threshold 1 (max threshold 6)
[2020-01-13T13:54:18.689+0000][1][gc,age       ] GC(15) - age   1:    8713952 bytes,    8713952 total
[2020-01-13T13:54:18.690+0000][1][gc,heap      ] GC(15) ParNew: 76672K->8512K(76672K)
[2020-01-13T13:54:18.690+0000][1][gc,heap      ] GC(15) CMS: 35363K->45700K(176960K)
[2020-01-13T13:54:18.690+0000][1][gc,metaspace ] GC(15) Metaspace: 29579K->29579K(1077248K)
[2020-01-13T13:54:18.690+0000][1][gc           ] GC(15) Pause Young (Allocation Failure) 109M->52M(247M) 75.968ms
[2020-01-13T13:54:18.690+0000][1][gc,cpu       ] GC(15) User=0.08s Sys=0.00s Real=0.08s
[2020-01-13T13:54:18.690+0000][1][safepoint    ] Leaving safepoint region
[2020-01-13T13:54:18.690+0000][1][safepoint    ] Total time for which application threads were stopped: 0.0794734 seconds, Stopping threads took: 0.0033102 seconds
[2020-01-13T13:54:18.697+0000][1][safepoint    ] Application time: 0.0074746 seconds
[2020-01-13T13:54:18.697+0000][1][safepoint    ] Entering safepoint region: RevokeBias
[2020-01-13T13:54:18.697+0000][1][safepoint    ] Leaving safepoint region
[2020-01-13T13:54:18.697+0000][1][safepoint    ] Total time for which application threads were stopped: 0.0001004 seconds, Stopping threads took: 0.0000132 seconds
[2020-01-13T13:54:19.525+0000][1][safepoint    ] Application time: 0.8272336 seconds
[2020-01-13T13:54:19.525+0000][1][safepoint    ] Entering safepoint region: GenCollectForAllocation
[2020-01-13T13:54:19.525+0000][1][gc,start     ] GC(16) Pause Young (Allocation Failure)
[2020-01-13T13:54:19.525+0000][1][gc,task      ] GC(16) Using 1 workers of 1 for evacuation
[2020-01-13T13:54:19.567+0000][1][gc,age       ] GC(16) Desired survivor size 4358144 bytes, new threshold 6 (max threshold 6)
[2020-01-13T13:54:19.567+0000][1][gc,age       ] GC(16) Age table with threshold 6 (max threshold 6)
[2020-01-13T13:54:19.567+0000][1][gc,age       ] GC(16) - age   1:    1198696 bytes,    1198696 total
[2020-01-13T13:54:19.567+0000][1][gc,heap      ] GC(16) ParNew: 76672K->8433K(76672K)
[2020-01-13T13:54:19.567+0000][1][gc,heap      ] GC(16) CMS: 45700K->54277K(176960K)
[2020-01-13T13:54:19.567+0000][1][gc,metaspace ] GC(16) Metaspace: 32845K->32845K(1079296K)
[2020-01-13T13:54:19.567+0000][1][gc           ] GC(16) Pause Young (Allocation Failure) 119M->61M(247M) 42.582ms
[2020-01-13T13:54:19.567+0000][1][gc,cpu       ] GC(16) User=0.05s Sys=0.00s Real=0.04s
[2020-01-13T13:54:19.567+0000][1][safepoint    ] Leaving safepoint region
[2020-01-13T13:54:19.567+0000][1][safepoint    ] Total time for which application threads were stopped: 0.0428109 seconds, Stopping threads took: 0.0000288 seconds
[2020-01-13T13:54:20.133+0000][1][safepoint    ] Application time: 0.5655131 seconds
[2020-01-13T13:54:20.133+0000][1][safepoint    ] Entering safepoint region: CollectForMetadataAllocation
[2020-01-13T13:54:20.134+0000][1][safepoint    ] Leaving safepoint region
[2020-01-13T13:54:20.134+0000][1][safepoint    ] Total time for which application threads were stopped: 0.0005955 seconds, Stopping threads took: 0.0002537 seconds
[2020-01-13T13:54:20.236+0000][1][safepoint    ] Application time: 0.1024784 seconds
[2020-01-13T13:54:20.236+0000][1][safepoint    ] Entering safepoint region: CollectForMetadataAllocation
[2020-01-13T13:54:20.236+0000][1][safepoint    ] Leaving safepoint region
[2020-01-13T13:54:20.236+0000][1][safepoint    ] Total time for which application threads were stopped: 0.0001867 seconds, Stopping threads took: 0.0000256 seconds
[2020-01-13T13:54:20.312+0000][1][safepoint    ] Application time: 0.0757449 seconds
[2020-01-13T13:54:20.312+0000][1][safepoint    ] Entering safepoint region: CollectForMetadataAllocation
[2020-01-13T13:54:20.312+0000][1][safepoint    ] Leaving safepoint region
[2020-01-13T13:54:20.312+0000][1][safepoint    ] Total time for which application threads were stopped: 0.0002616 seconds, Stopping threads took: 0.0000252 seconds
[2020-01-13T13:54:20.347+0000][1][safepoint    ] Application time: 0.0342250 seconds
[2020-01-13T13:54:20.347+0000][1][safepoint    ] Entering safepoint region: CollectForMetadataAllocation
[2020-01-13T13:54:20.347+0000][1][safepoint    ] Leaving safepoint region
[2020-01-13T13:54:20.347+0000][1][safepoint    ] Total time for which application threads were stopped: 0.0002439 seconds, Stopping threads took: 0.0000263 seconds
[2020-01-13T13:54:20.386+0000][1][safepoint    ] Application time: 0.0393506 seconds
[2020-01-13T13:54:20.388+0000][1][safepoint    ] Entering safepoint region: CollectForMetadataAllocation
[2020-01-13T13:54:20.388+0000][1][safepoint    ] Leaving safepoint region
[2020-01-13T13:54:20.388+0000][1][safepoint    ] Total time for which application threads were stopped: 0.0021610 seconds, Stopping threads took: 0.0019175 seconds
[2020-01-13T13:54:20.425+0000][1][safepoint    ] Application time: 0.0369464 seconds
[2020-01-13T13:54:20.425+0000][1][safepoint    ] Entering safepoint region: CollectForMetadataAllocation
[2020-01-13T13:54:20.426+0000][1][safepoint    ] Leaving safepoint region
[2020-01-13T13:54:20.426+0000][1][safepoint    ] Total time for which application threads were stopped: 0.0002320 seconds, Stopping threads took: 0.0000232 seconds
[2020-01-13T13:54:20.468+0000][1][safepoint    ] Application time: 0.0425993 seconds
[2020-01-13T13:54:20.469+0000][1][safepoint    ] Entering safepoint region: CollectForMetadataAllocation
[2020-01-13T13:54:20.469+0000][1][safepoint    ] Leaving safepoint region
[2020-01-13T13:54:20.469+0000][1][safepoint    ] Total time for which application threads were stopped: 0.0004715 seconds, Stopping threads took: 0.0002543 seconds
[2020-01-13T13:54:20.531+0000][1][safepoint    ] Application time: 0.0627020 seconds
[2020-01-13T13:54:20.532+0000][1][safepoint    ] Entering safepoint region: CollectForMetadataAllocation
[2020-01-13T13:54:20.532+0000][1][safepoint    ] Leaving safepoint region
[2020-01-13T13:54:20.532+0000][1][safepoint    ] Total time for which application threads were stopped: 0.0002860 seconds, Stopping threads took: 0.0000298 seconds
[2020-01-13T13:54:20.582+0000][1][safepoint    ] Application time: 0.0502101 seconds
[2020-01-13T13:54:20.585+0000][1][safepoint    ] Entering safepoint region: CollectForMetadataAllocation
[2020-01-13T13:54:20.586+0000][1][safepoint    ] Leaving safepoint region
[2020-01-13T13:54:20.586+0000][1][safepoint    ] Total time for which application threads were stopped: 0.0034700 seconds, Stopping threads took: 0.0033030 seconds
[2020-01-13T13:54:20.660+0000][1][safepoint    ] Application time: 0.0746663 seconds
[2020-01-13T13:54:20.661+0000][1][safepoint    ] Entering safepoint region: CollectForMetadataAllocation
[2020-01-13T13:54:20.662+0000][1][safepoint    ] Leaving safepoint region
[2020-01-13T13:54:20.662+0000][1][safepoint    ] Total time for which application threads were stopped: 0.0013264 seconds, Stopping threads took: 0.0011099 seconds
[2020-01-13T13:54:20.688+0000][1][safepoint    ] Application time: 0.0261112 seconds
[2020-01-13T13:54:20.690+0000][1][safepoint    ] Entering safepoint region: RevokeBias
[2020-01-13T13:54:20.691+0000][1][safepoint    ] Leaving safepoint region
[2020-01-13T13:54:20.691+0000][1][safepoint    ] Total time for which application threads were stopped: 0.0028183 seconds, Stopping threads took: 0.0026640 seconds
[2020-01-13T13:54:20.708+0000][1][safepoint    ] Application time: 0.0177144 seconds
[2020-01-13T13:54:20.708+0000][1][safepoint    ] Entering safepoint region: CollectForMetadataAllocation
[2020-01-13T13:54:20.709+0000][1][safepoint    ] Leaving safepoint region
[2020-01-13T13:54:20.709+0000][1][safepoint    ] Total time for which application threads were stopped: 0.0002766 seconds, Stopping threads took: 0.0000436 seconds
[2020-01-13T13:54:20.770+0000][1][safepoint    ] Application time: 0.0617104 seconds
[2020-01-13T13:54:20.770+0000][1][safepoint    ] Entering safepoint region: CollectForMetadataAllocation
[2020-01-13T13:54:20.771+0000][1][safepoint    ] Leaving safepoint region
[2020-01-13T13:54:20.771+0000][1][safepoint    ] Total time for which application threads were stopped: 0.0001866 seconds, Stopping threads took: 0.0000255 seconds
[2020-01-13T13:54:20.847+0000][1][safepoint    ] Application time: 0.0767178 seconds
[2020-01-13T13:54:20.847+0000][1][safepoint    ] Entering safepoint region: CollectForMetadataAllocation
[2020-01-13T13:54:20.848+0000][1][safepoint    ] Leaving safepoint region
[2020-01-13T13:54:20.848+0000][1][safepoint    ] Total time for which application threads were stopped: 0.0002847 seconds, Stopping threads took: 0.0000332 seconds
[2020-01-13T13:54:20.910+0000][1][safepoint    ] Application time: 0.0625140 seconds
[2020-01-13T13:54:20.910+0000][1][safepoint    ] Entering safepoint region: CollectForMetadataAllocation
[2020-01-13T13:54:20.911+0000][1][safepoint    ] Leaving safepoint region
[2020-01-13T13:54:20.911+0000][1][safepoint    ] Total time for which application threads were stopped: 0.0002753 seconds, Stopping threads took: 0.0000259 seconds
[2020-01-13T13:54:20.971+0000][1][safepoint    ] Application time: 0.0605158 seconds
[2020-01-13T13:54:20.971+0000][1][safepoint    ] Entering safepoint region: CollectForMetadataAllocation
[2020-01-13T13:54:20.971+0000][1][safepoint    ] Leaving safepoint region
[2020-01-13T13:54:20.972+0000][1][safepoint    ] Total time for which application threads were stopped: 0.0004101 seconds, Stopping threads took: 0.0001503 seconds
[2020-01-13T13:54:21.011+0000][1][safepoint    ] Application time: 0.0392331 seconds
[2020-01-13T13:54:21.013+0000][1][safepoint    ] Entering safepoint region: CollectForMetadataAllocation
[2020-01-13T13:54:21.014+0000][1][safepoint    ] Leaving safepoint region
[2020-01-13T13:54:21.014+0000][1][safepoint    ] Total time for which application threads were stopped: 0.0029273 seconds, Stopping threads took: 0.0026898 seconds
[2020-01-13T13:54:21.068+0000][1][safepoint    ] Application time: 0.0546263 seconds
[2020-01-13T13:54:21.071+0000][1][safepoint    ] Entering safepoint region: CollectForMetadataAllocation
[2020-01-13T13:54:21.071+0000][1][safepoint    ] Leaving safepoint region
[2020-01-13T13:54:21.071+0000][1][safepoint    ] Total time for which application threads were stopped: 0.0026154 seconds, Stopping threads took: 0.0023065 seconds
[2020-01-13T13:54:21.121+0000][1][safepoint    ] Application time: 0.0500593 seconds
[2020-01-13T13:54:21.124+0000][1][safepoint    ] Entering safepoint region: CollectForMetadataAllocation
[2020-01-13T13:54:21.125+0000][1][safepoint    ] Leaving safepoint region
[2020-01-13T13:54:21.125+0000][1][safepoint    ] Total time for which application threads were stopped: 0.0034628 seconds, Stopping threads took: 0.0032219 seconds
[2020-01-13T13:54:21.183+0000][1][safepoint    ] Application time: 0.0581472 seconds
[2020-01-13T13:54:21.183+0000][1][safepoint    ] Entering safepoint region: CollectForMetadataAllocation
[2020-01-13T13:54:21.184+0000][1][safepoint    ] Leaving safepoint region
[2020-01-13T13:54:21.184+0000][1][safepoint    ] Total time for which application threads were stopped: 0.0007372 seconds, Stopping threads took: 0.0005192 seconds
[2020-01-13T13:54:21.205+0000][1][safepoint    ] Application time: 0.0214727 seconds
[2020-01-13T13:54:21.205+0000][1][safepoint    ] Entering safepoint region: CollectForMetadataAllocation
[2020-01-13T13:54:21.205+0000][1][safepoint    ] Leaving safepoint region
[2020-01-13T13:54:21.205+0000][1][safepoint    ] Total time for which application threads were stopped: 0.0001819 seconds, Stopping threads took: 0.0000244 seconds
[2020-01-13T13:54:21.232+0000][1][safepoint    ] Application time: 0.0264112 seconds
[2020-01-13T13:54:21.232+0000][1][safepoint    ] Entering safepoint region: GenCollectForAllocation
[2020-01-13T13:54:21.232+0000][1][gc,start     ] GC(17) Pause Young (Allocation Failure)
[2020-01-13T13:54:21.232+0000][1][gc,task      ] GC(17) Using 1 workers of 1 for evacuation
[2020-01-13T13:54:21.249+0000][1][gc,age       ] GC(17) Desired survivor size 4358144 bytes, new threshold 6 (max threshold 6)
[2020-01-13T13:54:21.249+0000][1][gc,age       ] GC(17) Age table with threshold 6 (max threshold 6)
[2020-01-13T13:54:21.249+0000][1][gc,age       ] GC(17) - age   1:    2856320 bytes,    2856320 total
[2020-01-13T13:54:21.249+0000][1][gc,age       ] GC(17) - age   2:    1140128 bytes,    3996448 total
[2020-01-13T13:54:21.249+0000][1][gc,heap      ] GC(17) ParNew: 76593K->4655K(76672K)
[2020-01-13T13:54:21.249+0000][1][gc,heap      ] GC(17) CMS: 54277K->54277K(176960K)
[2020-01-13T13:54:21.249+0000][1][gc,metaspace ] GC(17) Metaspace: 39591K->39591K(1085440K)
[2020-01-13T13:54:21.249+0000][1][gc           ] GC(17) Pause Young (Allocation Failure) 127M->57M(247M) 17.557ms
[2020-01-13T13:54:21.249+0000][1][gc,cpu       ] GC(17) User=0.02s Sys=0.00s Real=0.02s
[2020-01-13T13:54:21.249+0000][1][safepoint    ] Leaving safepoint region
[2020-01-13T13:54:21.249+0000][1][safepoint    ] Total time for which application threads were stopped: 0.0177099 seconds, Stopping threads took: 0.0000232 seconds
[2020-01-13T13:54:21.252+0000][1][safepoint    ] Application time: 0.0029736 seconds
[2020-01-13T13:54:21.252+0000][1][safepoint    ] Entering safepoint region: CMS_Initial_Mark
[2020-01-13T13:54:21.253+0000][1][gc,start     ] GC(18) Pause Initial Mark
[2020-01-13T13:54:21.257+0000][1][gc           ] GC(18) Pause Initial Mark 58M->58M(247M) 4.624ms
[2020-01-13T13:54:21.257+0000][1][gc,cpu       ] GC(18) User=0.01s Sys=0.00s Real=0.00s
[2020-01-13T13:54:21.257+0000][1][safepoint    ] Leaving safepoint region
[2020-01-13T13:54:21.257+0000][1][safepoint    ] Total time for which application threads were stopped: 0.0047514 seconds, Stopping threads took: 0.0000110 seconds
[2020-01-13T13:54:21.257+0000][1][gc           ] GC(18) Concurrent Mark
[2020-01-13T13:54:21.263+0000][1][safepoint    ] Application time: 0.0061358 seconds
[2020-01-13T13:54:21.263+0000][1][safepoint    ] Entering safepoint region: CollectForMetadataAllocation
[2020-01-13T13:54:21.264+0000][1][safepoint    ] Leaving safepoint region
[2020-01-13T13:54:21.264+0000][1][safepoint    ] Total time for which application threads were stopped: 0.0002337 seconds, Stopping threads took: 0.0000149 seconds
[2020-01-13T13:54:21.360+0000][1][safepoint    ] Application time: 0.0962162 seconds
[2020-01-13T13:54:21.360+0000][1][safepoint    ] Entering safepoint region: CollectForMetadataAllocation
[2020-01-13T13:54:21.360+0000][1][safepoint    ] Leaving safepoint region
[2020-01-13T13:54:21.360+0000][1][safepoint    ] Total time for which application threads were stopped: 0.0002367 seconds, Stopping threads took: 0.0000240 seconds
[2020-01-13T13:54:21.384+0000][1][safepoint    ] Application time: 0.0236261 seconds
[2020-01-13T13:54:21.384+0000][1][safepoint    ] Entering safepoint region: RevokeBias
[2020-01-13T13:54:21.384+0000][1][safepoint    ] Leaving safepoint region
[2020-01-13T13:54:21.384+0000][1][safepoint    ] Total time for which application threads were stopped: 0.0001107 seconds, Stopping threads took: 0.0000244 seconds
[2020-01-13T13:54:21.444+0000][1][gc           ] GC(18) Concurrent Mark 179.048ms
[2020-01-13T13:54:21.444+0000][1][gc,cpu       ] GC(18) User=0.18s Sys=0.00s Real=0.19s
[2020-01-13T13:54:21.444+0000][1][gc           ] GC(18) Concurrent Preclean
[2020-01-13T13:54:21.453+0000][1][gc           ] GC(18) Concurrent Preclean 8.689ms
[2020-01-13T13:54:21.453+0000][1][gc,cpu       ] GC(18) User=0.00s Sys=0.00s Real=0.01s
[2020-01-13T13:54:21.453+0000][1][gc           ] GC(18) Concurrent Abortable Preclean
[2020-01-13T13:54:21.522+0000][1][safepoint    ] Application time: 0.1383983 seconds
[2020-01-13T13:54:21.522+0000][1][safepoint    ] Entering safepoint region: CollectForMetadataAllocation
[2020-01-13T13:54:21.523+0000][1][safepoint    ] Leaving safepoint region
[2020-01-13T13:54:21.523+0000][1][safepoint    ] Total time for which application threads were stopped: 0.0002397 seconds, Stopping threads took: 0.0000155 seconds
[2020-01-13T13:54:21.591+0000][1][safepoint    ] Application time: 0.0685715 seconds
[2020-01-13T13:54:21.591+0000][1][safepoint    ] Entering safepoint region: CollectForMetadataAllocation
[2020-01-13T13:54:21.592+0000][1][safepoint    ] Leaving safepoint region
[2020-01-13T13:54:21.592+0000][1][safepoint    ] Total time for which application threads were stopped: 0.0002854 seconds, Stopping threads took: 0.0000255 seconds
[2020-01-13T13:54:21.732+0000][1][safepoint    ] Application time: 0.1407919 seconds
[2020-01-13T13:54:21.732+0000][1][safepoint    ] Entering safepoint region: CollectForMetadataAllocation
[2020-01-13T13:54:21.733+0000][1][safepoint    ] Leaving safepoint region
[2020-01-13T13:54:21.733+0000][1][safepoint    ] Total time for which application threads were stopped: 0.0003029 seconds, Stopping threads took: 0.0000223 seconds
[2020-01-13T13:54:21.790+0000][1][safepoint    ] Application time: 0.0576184 seconds
[2020-01-13T13:54:21.790+0000][1][safepoint    ] Entering safepoint region: CollectForMetadataAllocation
[2020-01-13T13:54:21.791+0000][1][safepoint    ] Leaving safepoint region
[2020-01-13T13:54:21.791+0000][1][safepoint    ] Total time for which application threads were stopped: 0.0002195 seconds, Stopping threads took: 0.0000272 seconds
[2020-01-13T13:54:21.885+0000][1][safepoint    ] Application time: 0.0947486 seconds
[2020-01-13T13:54:21.885+0000][1][safepoint    ] Entering safepoint region: CollectForMetadataAllocation
[2020-01-13T13:54:21.886+0000][1][safepoint    ] Leaving safepoint region
[2020-01-13T13:54:21.886+0000][1][safepoint    ] Total time for which application threads were stopped: 0.0002806 seconds, Stopping threads took: 0.0000175 seconds
[2020-01-13T13:54:21.912+0000][1][safepoint    ] Application time: 0.0261284 seconds
[2020-01-13T13:54:21.912+0000][1][safepoint    ] Entering safepoint region: RevokeBias
[2020-01-13T13:54:21.912+0000][1][safepoint    ] Leaving safepoint region
[2020-01-13T13:54:21.912+0000][1][safepoint    ] Total time for which application threads were stopped: 0.0001567 seconds, Stopping threads took: 0.0000713 seconds
[2020-01-13T13:54:21.917+0000][1][safepoint    ] Application time: 0.0052949 seconds
[2020-01-13T13:54:21.918+0000][1][safepoint    ] Entering safepoint region: RevokeBias
[2020-01-13T13:54:21.918+0000][1][safepoint    ] Leaving safepoint region
[2020-01-13T13:54:21.918+0000][1][safepoint    ] Total time for which application threads were stopped: 0.0010629 seconds, Stopping threads took: 0.0009699 seconds
[2020-01-13T13:54:21.989+0000][1][safepoint    ] Application time: 0.0703444 seconds
[2020-01-13T13:54:21.990+0000][1][safepoint    ] Entering safepoint region: CollectForMetadataAllocation
[2020-01-13T13:54:21.990+0000][1][safepoint    ] Leaving safepoint region
[2020-01-13T13:54:21.990+0000][1][safepoint    ] Total time for which application threads were stopped: 0.0012648 seconds, Stopping threads took: 0.0010393 seconds
[2020-01-13T13:54:22.997+0000][1][safepoint    ] Application time: 1.0073011 seconds
[2020-01-13T13:54:22.999+0000][1][safepoint    ] Entering safepoint region: Cleanup
[2020-01-13T13:54:23.000+0000][1][safepoint    ] Leaving safepoint region
[2020-01-13T13:54:23.000+0000][1][safepoint    ] Total time for which application threads were stopped: 0.0020961 seconds, Stopping threads took: 0.0020210 seconds
[2020-01-13T13:54:23.158+0000][1][safepoint    ] Application time: 0.1588137 seconds
[2020-01-13T13:54:23.158+0000][1][safepoint    ] Entering safepoint region: RevokeBias
[2020-01-13T13:54:23.159+0000][1][safepoint    ] Leaving safepoint region
[2020-01-13T13:54:23.159+0000][1][safepoint    ] Total time for which application threads were stopped: 0.0001084 seconds, Stopping threads took: 0.0000227 seconds
[2020-01-13T13:54:23.806+0000][1][safepoint    ] Application time: 0.6475001 seconds
[2020-01-13T13:54:23.806+0000][1][safepoint    ] Entering safepoint region: CollectForMetadataAllocation
[2020-01-13T13:54:23.806+0000][1][safepoint    ] Leaving safepoint region
[2020-01-13T13:54:23.806+0000][1][safepoint    ] Total time for which application threads were stopped: 0.0002829 seconds, Stopping threads took: 0.0000249 seconds
[2020-01-13T13:54:23.861+0000][1][safepoint    ] Application time: 0.0544786 seconds
[2020-01-13T13:54:23.861+0000][1][safepoint    ] Entering safepoint region: CollectForMetadataAllocation
[2020-01-13T13:54:23.861+0000][1][safepoint    ] Leaving safepoint region
[2020-01-13T13:54:23.861+0000][1][safepoint    ] Total time for which application threads were stopped: 0.0001808 seconds, Stopping threads took: 0.0000138 seconds
[2020-01-13T13:54:23.977+0000][1][safepoint    ] Application time: 0.1162232 seconds
[2020-01-13T13:54:23.977+0000][1][safepoint    ] Entering safepoint region: CollectForMetadataAllocation
[2020-01-13T13:54:23.978+0000][1][safepoint    ] Leaving safepoint region
[2020-01-13T13:54:23.978+0000][1][safepoint    ] Total time for which application threads were stopped: 0.0001873 seconds, Stopping threads took: 0.0000331 seconds
[2020-01-13T13:54:24.396+0000][1][gc           ] GC(18) Concurrent Abortable Preclean 2942.789ms
[2020-01-13T13:54:24.396+0000][1][gc,cpu       ] GC(18) User=2.89s Sys=0.05s Real=2.94s
[2020-01-13T13:54:24.396+0000][1][safepoint    ] Application time: 0.4181358 seconds
[2020-01-13T13:54:24.400+0000][1][safepoint    ] Entering safepoint region: CMS_Final_Remark
[2020-01-13T13:54:24.400+0000][1][gc,start     ] GC(18) Pause Remark
[2020-01-13T13:54:24.440+0000][1][gc           ] GC(18) Pause Remark 102M->102M(247M) 39.906ms
[2020-01-13T13:54:24.440+0000][1][gc,cpu       ] GC(18) User=0.04s Sys=0.00s Real=0.04s
[2020-01-13T13:54:24.440+0000][1][safepoint    ] Leaving safepoint region
[2020-01-13T13:54:24.440+0000][1][safepoint    ] Total time for which application threads were stopped: 0.0440676 seconds, Stopping threads took: 0.0038934 seconds
[2020-01-13T13:54:24.453+0000][1][gc           ] GC(18) Concurrent Sweep
[2020-01-13T13:54:24.527+0000][1][gc           ] GC(18) Concurrent Sweep 73.153ms
[2020-01-13T13:54:24.527+0000][1][gc,cpu       ] GC(18) User=0.07s Sys=0.00s Real=0.07s
[2020-01-13T13:54:24.527+0000][1][gc           ] GC(18) Concurrent Reset
[2020-01-13T13:54:24.527+0000][1][gc           ] GC(18) Concurrent Reset 0.379ms
[2020-01-13T13:54:24.527+0000][1][gc,cpu       ] GC(18) User=0.00s Sys=0.00s Real=0.00s
[2020-01-13T13:54:24.527+0000][1][gc,heap      ] GC(18) Old: 54277K->54062K(176960K)
[2020-01-13T13:54:24.975+0000][1][safepoint    ] Application time: 0.5356216 seconds
[2020-01-13T13:54:24.975+0000][1][safepoint    ] Entering safepoint region: GenCollectForAllocation
[2020-01-13T13:54:24.977+0000][1][gc,start     ] GC(19) Pause Young (Allocation Failure)
[2020-01-13T13:54:24.977+0000][1][gc,task      ] GC(19) Using 1 workers of 1 for evacuation
[2020-01-13T13:54:25.014+0000][1][gc,age       ] GC(19) Desired survivor size 4358144 bytes, new threshold 2 (max threshold 6)
[2020-01-13T13:54:25.014+0000][1][gc,age       ] GC(19) Age table with threshold 2 (max threshold 6)
[2020-01-13T13:54:25.014+0000][1][gc,age       ] GC(19) - age   1:    2590680 bytes,    2590680 total
[2020-01-13T13:54:25.014+0000][1][gc,age       ] GC(19) - age   2:    2782120 bytes,    5372800 total
[2020-01-13T13:54:25.014+0000][1][gc,age       ] GC(19) - age   3:    1138496 bytes,    6511296 total
[2020-01-13T13:54:25.014+0000][1][gc,heap      ] GC(19) ParNew: 72815K->7018K(76672K)
[2020-01-13T13:54:25.014+0000][1][gc,heap      ] GC(19) CMS: 54062K->54062K(176960K)
[2020-01-13T13:54:25.014+0000][1][gc,metaspace ] GC(19) Metaspace: 44784K->44784K(1091584K)
[2020-01-13T13:54:25.014+0000][1][gc           ] GC(19) Pause Young (Allocation Failure) 123M->59M(247M) 37.348ms
[2020-01-13T13:54:25.014+0000][1][gc,cpu       ] GC(19) User=0.04s Sys=0.00s Real=0.04s
[2020-01-13T13:54:25.014+0000][1][safepoint    ] Leaving safepoint region
[2020-01-13T13:54:25.014+0000][1][safepoint    ] Total time for which application threads were stopped: 0.0387517 seconds, Stopping threads took: 0.0000242 seconds
[2020-01-13T13:54:25.036+0000][1][safepoint    ] Application time: 0.0215769 seconds
[2020-01-13T13:54:25.036+0000][1][safepoint    ] Entering safepoint region: RevokeBias
[2020-01-13T13:54:25.036+0000][1][safepoint    ] Leaving safepoint region
[2020-01-13T13:54:25.036+0000][1][safepoint    ] Total time for which application threads were stopped: 0.0001036 seconds, Stopping threads took: 0.0000257 seconds
[2020-01-13T13:54:25.038+0000][1][safepoint    ] Application time: 0.0023030 seconds
[2020-01-13T13:54:25.038+0000][1][safepoint    ] Entering safepoint region: RevokeBias
[2020-01-13T13:54:25.038+0000][1][safepoint    ] Leaving safepoint region
[2020-01-13T13:54:25.038+0000][1][safepoint    ] Total time for which application threads were stopped: 0.0000975 seconds, Stopping threads took: 0.0000406 seconds
[2020-01-13T13:54:25.041+0000][1][safepoint    ] Application time: 0.0025791 seconds
[2020-01-13T13:54:25.041+0000][1][safepoint    ] Entering safepoint region: RevokeBias
[2020-01-13T13:54:25.041+0000][1][safepoint    ] Leaving safepoint region
[2020-01-13T13:54:25.041+0000][1][safepoint    ] Total time for which application threads were stopped: 0.0004171 seconds, Stopping threads took: 0.0003435 seconds
[2020-01-13T13:54:25.178+0000][1][safepoint    ] Application time: 0.1366758 seconds
[2020-01-13T13:54:25.180+0000][1][safepoint    ] Entering safepoint region: RevokeBias
[2020-01-13T13:54:25.180+0000][1][safepoint    ] Leaving safepoint region
[2020-01-13T13:54:25.180+0000][1][safepoint    ] Total time for which application threads were stopped: 0.0020560 seconds, Stopping threads took: 0.0019922 seconds
[2020-01-13T13:54:25.485+0000][1][safepoint    ] Application time: 0.3043599 seconds
[2020-01-13T13:54:25.485+0000][1][safepoint    ] Entering safepoint region: RevokeBias
[2020-01-13T13:54:25.485+0000][1][safepoint    ] Leaving safepoint region
[2020-01-13T13:54:25.485+0000][1][safepoint    ] Total time for which application threads were stopped: 0.0007535 seconds, Stopping threads took: 0.0000557 seconds
[2020-01-13T13:54:25.485+0000][1][safepoint    ] Application time: 0.0000736 seconds
[2020-01-13T13:54:25.486+0000][1][safepoint    ] Entering safepoint region: RevokeBias
[2020-01-13T13:54:25.486+0000][1][safepoint    ] Leaving safepoint region
[2020-01-13T13:54:25.486+0000][1][safepoint    ] Total time for which application threads were stopped: 0.0000749 seconds, Stopping threads took: 0.0000205 seconds
[2020-01-13T13:54:25.486+0000][1][safepoint    ] Application time: 0.0002256 seconds
[2020-01-13T13:54:25.486+0000][1][safepoint    ] Entering safepoint region: RevokeBias
[2020-01-13T13:54:25.486+0000][1][safepoint    ] Leaving safepoint region
[2020-01-13T13:54:25.486+0000][1][safepoint    ] Total time for which application threads were stopped: 0.0000892 seconds, Stopping threads took: 0.0000215 seconds
[2020-01-13T13:54:25.486+0000][1][safepoint    ] Application time: 0.0000436 seconds
[2020-01-13T13:54:25.486+0000][1][safepoint    ] Entering safepoint region: RevokeBias
[2020-01-13T13:54:25.486+0000][1][safepoint    ] Leaving safepoint region
[2020-01-13T13:54:25.486+0000][1][safepoint    ] Total time for which application threads were stopped: 0.0000614 seconds, Stopping threads took: 0.0000186 seconds
[2020-01-13T13:54:25.576+0000][1][safepoint    ] Application time: 0.0897209 seconds
[2020-01-13T13:54:25.579+0000][1][safepoint    ] Entering safepoint region: RevokeBias
[2020-01-13T13:54:25.579+0000][1][safepoint    ] Leaving safepoint region
[2020-01-13T13:54:25.579+0000][1][safepoint    ] Total time for which application threads were stopped: 0.0036784 seconds, Stopping threads took: 0.0035678 seconds
[2020-01-13T13:54:25.598+0000][1][safepoint    ] Application time: 0.0184545 seconds
[2020-01-13T13:54:25.600+0000][1][safepoint    ] Entering safepoint region: RevokeBias
[2020-01-13T13:54:25.600+0000][1][safepoint    ] Leaving safepoint region
[2020-01-13T13:54:25.600+0000][1][safepoint    ] Total time for which application threads were stopped: 0.0024733 seconds, Stopping threads took: 0.0023587 seconds
[2020-01-13T13:54:25.601+0000][1][safepoint    ] Application time: 0.0000795 seconds
[2020-01-13T13:54:25.601+0000][1][safepoint    ] Entering safepoint region: RevokeBias
[2020-01-13T13:54:25.601+0000][1][safepoint    ] Leaving safepoint region
[2020-01-13T13:54:25.601+0000][1][safepoint    ] Total time for which application threads were stopped: 0.0000539 seconds, Stopping threads took: 0.0000125 seconds
[2020-01-13T13:54:25.601+0000][1][safepoint    ] Application time: 0.0000233 seconds
[2020-01-13T13:54:25.601+0000][1][safepoint    ] Entering safepoint region: RevokeBias
[2020-01-13T13:54:25.601+0000][1][safepoint    ] Leaving safepoint region
[2020-01-13T13:54:25.601+0000][1][safepoint    ] Total time for which application threads were stopped: 0.0000347 seconds, Stopping threads took: 0.0000104 seconds
[2020-01-13T13:54:25.601+0000][1][safepoint    ] Application time: 0.0000871 seconds
[2020-01-13T13:54:25.601+0000][1][safepoint    ] Entering safepoint region: RevokeBias
[2020-01-13T13:54:25.601+0000][1][safepoint    ] Leaving safepoint region
[2020-01-13T13:54:25.601+0000][1][safepoint    ] Total time for which application threads were stopped: 0.0000395 seconds, Stopping threads took: 0.0000115 seconds
[2020-01-13T13:54:25.602+0000][1][safepoint    ] Application time: 0.0015852 seconds
[2020-01-13T13:54:25.606+0000][1][safepoint    ] Entering safepoint region: RevokeBias
[2020-01-13T13:54:25.606+0000][1][safepoint    ] Leaving safepoint region
[2020-01-13T13:54:25.606+0000][1][safepoint    ] Total time for which application threads were stopped: 0.0039116 seconds, Stopping threads took: 0.0037924 seconds
[2020-01-13T13:54:25.606+0000][1][safepoint    ] Application time: 0.0000918 seconds
[2020-01-13T13:54:25.606+0000][1][safepoint    ] Entering safepoint region: RevokeBias
[2020-01-13T13:54:25.607+0000][1][safepoint    ] Leaving safepoint region
[2020-01-13T13:54:25.607+0000][1][safepoint    ] Total time for which application threads were stopped: 0.0000510 seconds, Stopping threads took: 0.0000053 seconds
[2020-01-13T13:54:25.607+0000][1][safepoint    ] Application time: 0.0001643 seconds
[2020-01-13T13:54:25.607+0000][1][safepoint    ] Entering safepoint region: RevokeBias
[2020-01-13T13:54:25.607+0000][1][safepoint    ] Leaving safepoint region
[2020-01-13T13:54:25.607+0000][1][safepoint    ] Total time for which application threads were stopped: 0.0000710 seconds, Stopping threads took: 0.0000160 seconds
[2020-01-13T13:54:25.607+0000][1][safepoint    ] Application time: 0.0000230 seconds
[2020-01-13T13:54:25.607+0000][1][safepoint    ] Entering safepoint region: RevokeBias
[2020-01-13T13:54:25.607+0000][1][safepoint    ] Leaving safepoint region
[2020-01-13T13:54:25.607+0000][1][safepoint    ] Total time for which application threads were stopped: 0.0000426 seconds, Stopping threads took: 0.0000052 seconds
[2020-01-13T13:54:25.607+0000][1][safepoint    ] Application time: 0.0000197 seconds
[2020-01-13T13:54:25.607+0000][1][safepoint    ] Entering safepoint region: RevokeBias
[2020-01-13T13:54:25.607+0000][1][safepoint    ] Leaving safepoint region
[2020-01-13T13:54:25.607+0000][1][safepoint    ] Total time for which application threads were stopped: 0.0000416 seconds, Stopping threads took: 0.0000051 seconds
[2020-01-13T13:54:25.607+0000][1][safepoint    ] Application time: 0.0000193 seconds
[2020-01-13T13:54:25.607+0000][1][safepoint    ] Entering safepoint region: RevokeBias
[2020-01-13T13:54:25.607+0000][1][safepoint    ] Leaving safepoint region
[2020-01-13T13:54:25.607+0000][1][safepoint    ] Total time for which application threads were stopped: 0.0000415 seconds, Stopping threads took: 0.0000051 seconds
[2020-01-13T13:54:25.607+0000][1][safepoint    ] Application time: 0.0000193 seconds
[2020-01-13T13:54:25.607+0000][1][safepoint    ] Entering safepoint region: RevokeBias
[2020-01-13T13:54:25.607+0000][1][safepoint    ] Leaving safepoint region
[2020-01-13T13:54:25.607+0000][1][safepoint    ] Total time for which application threads were stopped: 0.0000415 seconds, Stopping threads took: 0.0000051 seconds
[2020-01-13T13:54:25.607+0000][1][safepoint    ] Application time: 0.0000192 seconds
[2020-01-13T13:54:25.607+0000][1][safepoint    ] Entering safepoint region: RevokeBias
[2020-01-13T13:54:25.607+0000][1][safepoint    ] Leaving safepoint region
[2020-01-13T13:54:25.607+0000][1][safepoint    ] Total time for which application threads were stopped: 0.0000414 seconds, Stopping threads took: 0.0000051 seconds
[2020-01-13T13:54:25.607+0000][1][safepoint    ] Application time: 0.0000189 seconds
[2020-01-13T13:54:25.607+0000][1][safepoint    ] Entering safepoint region: RevokeBias
[2020-01-13T13:54:25.607+0000][1][safepoint    ] Leaving safepoint region
[2020-01-13T13:54:25.607+0000][1][safepoint    ] Total time for which application threads were stopped: 0.0000411 seconds, Stopping threads took: 0.0000050 seconds
[2020-01-13T13:54:25.607+0000][1][safepoint    ] Application time: 0.0000204 seconds
[2020-01-13T13:54:25.607+0000][1][safepoint    ] Entering safepoint region: RevokeBias
[2020-01-13T13:54:25.607+0000][1][safepoint    ] Leaving safepoint region
[2020-01-13T13:54:25.607+0000][1][safepoint    ] Total time for which application threads were stopped: 0.0000422 seconds, Stopping threads took: 0.0000051 seconds
[2020-01-13T13:54:25.607+0000][1][safepoint    ] Application time: 0.0000186 seconds
[2020-01-13T13:54:25.607+0000][1][safepoint    ] Entering safepoint region: RevokeBias
[2020-01-13T13:54:25.607+0000][1][safepoint    ] Leaving safepoint region
[2020-01-13T13:54:25.607+0000][1][safepoint    ] Total time for which application threads were stopped: 0.0000536 seconds, Stopping threads took: 0.0000164 seconds
[2020-01-13T13:54:25.607+0000][1][safepoint    ] Application time: 0.0000209 seconds
[2020-01-13T13:54:25.607+0000][1][safepoint    ] Entering safepoint region: RevokeBias
[2020-01-13T13:54:25.607+0000][1][safepoint    ] Leaving safepoint region
[2020-01-13T13:54:25.607+0000][1][safepoint    ] Total time for which application threads were stopped: 0.0000416 seconds, Stopping threads took: 0.0000052 seconds
[2020-01-13T13:54:25.608+0000][1][safepoint    ] Application time: 0.0004961 seconds
[2020-01-13T13:54:25.608+0000][1][safepoint    ] Entering safepoint region: RevokeBias
[2020-01-13T13:54:25.608+0000][1][safepoint    ] Leaving safepoint region
[2020-01-13T13:54:25.608+0000][1][safepoint    ] Total time for which application threads were stopped: 0.0000581 seconds, Stopping threads took: 0.0000077 seconds
[2020-01-13T13:54:25.608+0000][1][safepoint    ] Application time: 0.0000328 seconds
[2020-01-13T13:54:25.608+0000][1][safepoint    ] Entering safepoint region: RevokeBias
[2020-01-13T13:54:25.608+0000][1][safepoint    ] Leaving safepoint region
[2020-01-13T13:54:25.608+0000][1][safepoint    ] Total time for which application threads were stopped: 0.0000300 seconds, Stopping threads took: 0.0000051 seconds
[2020-01-13T13:54:25.608+0000][1][safepoint    ] Application time: 0.0000204 seconds
[2020-01-13T13:54:25.608+0000][1][safepoint    ] Entering safepoint region: RevokeBias
[2020-01-13T13:54:25.608+0000][1][safepoint    ] Leaving safepoint region
[2020-01-13T13:54:25.608+0000][1][safepoint    ] Total time for which application threads were stopped: 0.0000273 seconds, Stopping threads took: 0.0000051 seconds
[2020-01-13T13:54:25.608+0000][1][safepoint    ] Application time: 0.0000193 seconds
[2020-01-13T13:54:25.608+0000][1][safepoint    ] Entering safepoint region: RevokeBias
[2020-01-13T13:54:25.608+0000][1][safepoint    ] Leaving safepoint region
[2020-01-13T13:54:25.608+0000][1][safepoint    ] Total time for which application threads were stopped: 0.0000416 seconds, Stopping threads took: 0.0000052 seconds
[2020-01-13T13:54:25.608+0000][1][safepoint    ] Application time: 0.0000231 seconds
[2020-01-13T13:54:25.608+0000][1][safepoint    ] Entering safepoint region: RevokeBias
[2020-01-13T13:54:25.608+0000][1][safepoint    ] Leaving safepoint region
[2020-01-13T13:54:25.608+0000][1][safepoint    ] Total time for which application threads were stopped: 0.0000274 seconds, Stopping threads took: 0.0000051 seconds
[2020-01-13T13:54:25.608+0000][1][safepoint    ] Application time: 0.0000201 seconds
[2020-01-13T13:54:25.608+0000][1][safepoint    ] Entering safepoint region: RevokeBias
[2020-01-13T13:54:25.608+0000][1][safepoint    ] Leaving safepoint region
[2020-01-13T13:54:25.608+0000][1][safepoint    ] Total time for which application threads were stopped: 0.0000290 seconds, Stopping threads took: 0.0000064 seconds
[2020-01-13T13:54:25.608+0000][1][safepoint    ] Application time: 0.0000229 seconds
[2020-01-13T13:54:25.608+0000][1][safepoint    ] Entering safepoint region: RevokeBias
[2020-01-13T13:54:25.608+0000][1][safepoint    ] Leaving safepoint region
[2020-01-13T13:54:25.608+0000][1][safepoint    ] Total time for which application threads were stopped: 0.0000269 seconds, Stopping threads took: 0.0000050 seconds
[2020-01-13T13:54:25.608+0000][1][safepoint    ] Application time: 0.0000195 seconds
[2020-01-13T13:54:25.608+0000][1][safepoint    ] Entering safepoint region: RevokeBias
[2020-01-13T13:54:25.608+0000][1][safepoint    ] Leaving safepoint region
[2020-01-13T13:54:25.608+0000][1][safepoint    ] Total time for which application threads were stopped: 0.0000268 seconds, Stopping threads took: 0.0000052 seconds
[2020-01-13T13:54:25.608+0000][1][safepoint    ] Application time: 0.0000232 seconds
[2020-01-13T13:54:25.609+0000][1][safepoint    ] Entering safepoint region: RevokeBias
[2020-01-13T13:54:25.609+0000][1][safepoint    ] Leaving safepoint region
[2020-01-13T13:54:25.609+0000][1][safepoint    ] Total time for which application threads were stopped: 0.0000270 seconds, Stopping threads took: 0.0000051 seconds
[2020-01-13T13:54:25.609+0000][1][safepoint    ] Application time: 0.0000169 seconds
[2020-01-13T13:54:25.609+0000][1][safepoint    ] Entering safepoint region: BulkRevokeBias
[2020-01-13T13:54:25.609+0000][1][safepoint    ] Leaving safepoint region
[2020-01-13T13:54:25.609+0000][1][safepoint    ] Total time for which application threads were stopped: 0.0000961 seconds, Stopping threads took: 0.0000052 seconds
[2020-01-13T13:54:25.609+0000][1][safepoint    ] Application time: 0.0001329 seconds
[2020-01-13T13:54:25.609+0000][1][safepoint    ] Entering safepoint region: RevokeBias
[2020-01-13T13:54:25.609+0000][1][safepoint    ] Leaving safepoint region
[2020-01-13T13:54:25.609+0000][1][safepoint    ] Total time for which application threads were stopped: 0.0000402 seconds, Stopping threads took: 0.0000057 seconds
[2020-01-13T13:54:25.609+0000][1][safepoint    ] Application time: 0.0000487 seconds
[2020-01-13T13:54:25.609+0000][1][safepoint    ] Entering safepoint region: RevokeBias
[2020-01-13T13:54:25.609+0000][1][safepoint    ] Leaving safepoint region
[2020-01-13T13:54:25.609+0000][1][safepoint    ] Total time for which application threads were stopped: 0.0000300 seconds, Stopping threads took: 0.0000052 seconds
[2020-01-13T13:54:25.609+0000][1][safepoint    ] Application time: 0.0000667 seconds
[2020-01-13T13:54:25.609+0000][1][safepoint    ] Entering safepoint region: RevokeBias
[2020-01-13T13:54:25.609+0000][1][safepoint    ] Leaving safepoint region
[2020-01-13T13:54:25.609+0000][1][safepoint    ] Total time for which application threads were stopped: 0.0000297 seconds, Stopping threads took: 0.0000053 seconds
[2020-01-13T13:54:25.609+0000][1][safepoint    ] Application time: 0.0000791 seconds
[2020-01-13T13:54:25.609+0000][1][safepoint    ] Entering safepoint region: RevokeBias
[2020-01-13T13:54:25.609+0000][1][safepoint    ] Leaving safepoint region
[2020-01-13T13:54:25.609+0000][1][safepoint    ] Total time for which application threads were stopped: 0.0000503 seconds, Stopping threads took: 0.0000053 seconds
[2020-01-13T13:54:25.609+0000][1][safepoint    ] Application time: 0.0000705 seconds
[2020-01-13T13:54:25.609+0000][1][safepoint    ] Entering safepoint region: RevokeBias
[2020-01-13T13:54:25.609+0000][1][safepoint    ] Leaving safepoint region
[2020-01-13T13:54:25.609+0000][1][safepoint    ] Total time for which application threads were stopped: 0.0001425 seconds, Stopping threads took: 0.0000054 seconds
[2020-01-13T13:54:25.609+0000][1][safepoint    ] Application time: 0.0000460 seconds
[2020-01-13T13:54:25.609+0000][1][safepoint    ] Entering safepoint region: RevokeBias
[2020-01-13T13:54:25.610+0000][1][safepoint    ] Leaving safepoint region
[2020-01-13T13:54:25.610+0000][1][safepoint    ] Total time for which application threads were stopped: 0.0000664 seconds, Stopping threads took: 0.0000062 seconds
[2020-01-13T13:54:25.610+0000][1][safepoint    ] Application time: 0.0001250 seconds
[2020-01-13T13:54:25.610+0000][1][safepoint    ] Entering safepoint region: RevokeBias
[2020-01-13T13:54:25.610+0000][1][safepoint    ] Leaving safepoint region
[2020-01-13T13:54:25.610+0000][1][safepoint    ] Total time for which application threads were stopped: 0.0000472 seconds, Stopping threads took: 0.0000060 seconds
[2020-01-13T13:54:25.610+0000][1][safepoint    ] Application time: 0.0000290 seconds
[2020-01-13T13:54:25.610+0000][1][safepoint    ] Entering safepoint region: RevokeBias
[2020-01-13T13:54:25.610+0000][1][safepoint    ] Leaving safepoint region
[2020-01-13T13:54:25.610+0000][1][safepoint    ] Total time for which application threads were stopped: 0.0000507 seconds, Stopping threads took: 0.0000057 seconds
[2020-01-13T13:54:25.610+0000][1][safepoint    ] Application time: 0.0003369 seconds
[2020-01-13T13:54:25.610+0000][1][safepoint    ] Entering safepoint region: RevokeBias
[2020-01-13T13:54:25.610+0000][1][safepoint    ] Leaving safepoint region
[2020-01-13T13:54:25.610+0000][1][safepoint    ] Total time for which application threads were stopped: 0.0000589 seconds, Stopping threads took: 0.0000069 seconds
[2020-01-13T13:54:25.610+0000][1][safepoint    ] Application time: 0.0000229 seconds
[2020-01-13T13:54:25.610+0000][1][safepoint    ] Entering safepoint region: RevokeBias
[2020-01-13T13:54:25.610+0000][1][safepoint    ] Leaving safepoint region
[2020-01-13T13:54:25.610+0000][1][safepoint    ] Total time for which application threads were stopped: 0.0000314 seconds, Stopping threads took: 0.0000053 seconds
[2020-01-13T13:54:25.610+0000][1][safepoint    ] Application time: 0.0000323 seconds
[2020-01-13T13:54:25.610+0000][1][safepoint    ] Entering safepoint region: RevokeBias
[2020-01-13T13:54:25.610+0000][1][safepoint    ] Leaving safepoint region
[2020-01-13T13:54:25.610+0000][1][safepoint    ] Total time for which application threads were stopped: 0.0000291 seconds, Stopping threads took: 0.0000053 seconds
[2020-01-13T13:54:25.610+0000][1][safepoint    ] Application time: 0.0000202 seconds
[2020-01-13T13:54:25.610+0000][1][safepoint    ] Entering safepoint region: RevokeBias
[2020-01-13T13:54:25.610+0000][1][safepoint    ] Leaving safepoint region
[2020-01-13T13:54:25.610+0000][1][safepoint    ] Total time for which application threads were stopped: 0.0000283 seconds, Stopping threads took: 0.0000051 seconds
[2020-01-13T13:54:25.610+0000][1][safepoint    ] Application time: 0.0000199 seconds
[2020-01-13T13:54:25.610+0000][1][safepoint    ] Entering safepoint region: RevokeBias
[2020-01-13T13:54:25.610+0000][1][safepoint    ] Leaving safepoint region
[2020-01-13T13:54:25.610+0000][1][safepoint    ] Total time for which application threads were stopped: 0.0000281 seconds, Stopping threads took: 0.0000051 seconds
[2020-01-13T13:54:25.611+0000][1][safepoint    ] Application time: 0.0000197 seconds
[2020-01-13T13:54:25.611+0000][1][safepoint    ] Entering safepoint region: RevokeBias
[2020-01-13T13:54:25.611+0000][1][safepoint    ] Leaving safepoint region
[2020-01-13T13:54:25.611+0000][1][safepoint    ] Total time for which application threads were stopped: 0.0000283 seconds, Stopping threads took: 0.0000052 seconds
[2020-01-13T13:54:25.611+0000][1][safepoint    ] Application time: 0.0000199 seconds
[2020-01-13T13:54:25.611+0000][1][safepoint    ] Entering safepoint region: RevokeBias
[2020-01-13T13:54:25.611+0000][1][safepoint    ] Leaving safepoint region
[2020-01-13T13:54:25.611+0000][1][safepoint    ] Total time for which application threads were stopped: 0.0000279 seconds, Stopping threads took: 0.0000051 seconds
[2020-01-13T13:54:25.611+0000][1][safepoint    ] Application time: 0.0000149 seconds
[2020-01-13T13:54:25.611+0000][1][safepoint    ] Entering safepoint region: RevokeBias
[2020-01-13T13:54:25.611+0000][1][safepoint    ] Leaving safepoint region
[2020-01-13T13:54:25.611+0000][1][safepoint    ] Total time for which application threads were stopped: 0.0000281 seconds, Stopping threads took: 0.0000052 seconds
[2020-01-13T13:54:25.611+0000][1][safepoint    ] Application time: 0.0000152 seconds
[2020-01-13T13:54:25.611+0000][1][safepoint    ] Entering safepoint region: RevokeBias
[2020-01-13T13:54:25.611+0000][1][safepoint    ] Leaving safepoint region
[2020-01-13T13:54:25.611+0000][1][safepoint    ] Total time for which application threads were stopped: 0.0000278 seconds, Stopping threads took: 0.0000051 seconds
[2020-01-13T13:54:25.611+0000][1][safepoint    ] Application time: 0.0000149 seconds
[2020-01-13T13:54:25.611+0000][1][safepoint    ] Entering safepoint region: RevokeBias
[2020-01-13T13:54:25.611+0000][1][safepoint    ] Leaving safepoint region
[2020-01-13T13:54:25.611+0000][1][safepoint    ] Total time for which application threads were stopped: 0.0000278 seconds, Stopping threads took: 0.0000051 seconds
[2020-01-13T13:54:25.611+0000][1][safepoint    ] Application time: 0.0000152 seconds
[2020-01-13T13:54:25.611+0000][1][safepoint    ] Entering safepoint region: RevokeBias
[2020-01-13T13:54:25.611+0000][1][safepoint    ] Leaving safepoint region
[2020-01-13T13:54:25.611+0000][1][safepoint    ] Total time for which application threads were stopped: 0.0000278 seconds, Stopping threads took: 0.0000051 seconds
[2020-01-13T13:54:25.611+0000][1][safepoint    ] Application time: 0.0000153 seconds
[2020-01-13T13:54:25.611+0000][1][safepoint    ] Entering safepoint region: RevokeBias
[2020-01-13T13:54:25.611+0000][1][safepoint    ] Leaving safepoint region
[2020-01-13T13:54:25.611+0000][1][safepoint    ] Total time for which application threads were stopped: 0.0000278 seconds, Stopping threads took: 0.0000051 seconds
[2020-01-13T13:54:25.611+0000][1][safepoint    ] Application time: 0.0000168 seconds
[2020-01-13T13:54:25.611+0000][1][safepoint    ] Entering safepoint region: RevokeBias
[2020-01-13T13:54:25.611+0000][1][safepoint    ] Leaving safepoint region
[2020-01-13T13:54:25.611+0000][1][safepoint    ] Total time for which application threads were stopped: 0.0000278 seconds, Stopping threads took: 0.0000050 seconds
[2020-01-13T13:54:25.611+0000][1][safepoint    ] Application time: 0.0000149 seconds
[2020-01-13T13:54:25.611+0000][1][safepoint    ] Entering safepoint region: RevokeBias
[2020-01-13T13:54:25.611+0000][1][safepoint    ] Leaving safepoint region
[2020-01-13T13:54:25.611+0000][1][safepoint    ] Total time for which application threads were stopped: 0.0000279 seconds, Stopping threads took: 0.0000051 seconds
[2020-01-13T13:54:25.611+0000][1][safepoint    ] Application time: 0.0000155 seconds
[2020-01-13T13:54:25.611+0000][1][safepoint    ] Entering safepoint region: BulkRevokeBias
[2020-01-13T13:54:25.611+0000][1][safepoint    ] Leaving safepoint region
[2020-01-13T13:54:25.611+0000][1][safepoint    ] Total time for which application threads were stopped: 0.0000963 seconds, Stopping threads took: 0.0000052 seconds
[2020-01-13T13:54:25.613+0000][1][safepoint    ] Application time: 0.0021553 seconds
[2020-01-13T13:54:25.613+0000][1][safepoint    ] Entering safepoint region: RevokeBias
[2020-01-13T13:54:25.614+0000][1][safepoint    ] Leaving safepoint region
[2020-01-13T13:54:25.614+0000][1][safepoint    ] Total time for which application threads were stopped: 0.0010844 seconds, Stopping threads took: 0.0000084 seconds
[2020-01-13T13:54:25.614+0000][1][safepoint    ] Application time: 0.0000662 seconds
[2020-01-13T13:54:25.614+0000][1][safepoint    ] Entering safepoint region: RevokeBias
[2020-01-13T13:54:25.614+0000][1][safepoint    ] Leaving safepoint region
[2020-01-13T13:54:25.614+0000][1][safepoint    ] Total time for which application threads were stopped: 0.0000347 seconds, Stopping threads took: 0.0000054 seconds
[2020-01-13T13:54:25.615+0000][1][safepoint    ] Application time: 0.0006643 seconds
[2020-01-13T13:54:25.615+0000][1][safepoint    ] Entering safepoint region: RevokeBias
[2020-01-13T13:54:25.615+0000][1][safepoint    ] Leaving safepoint region
[2020-01-13T13:54:25.615+0000][1][safepoint    ] Total time for which application threads were stopped: 0.0000868 seconds, Stopping threads took: 0.0000073 seconds
[2020-01-13T13:54:25.616+0000][1][safepoint    ] Application time: 0.0006133 seconds
[2020-01-13T13:54:25.616+0000][1][safepoint    ] Entering safepoint region: RevokeBias
[2020-01-13T13:54:25.616+0000][1][safepoint    ] Leaving safepoint region
[2020-01-13T13:54:25.616+0000][1][safepoint    ] Total time for which application threads were stopped: 0.0001019 seconds, Stopping threads took: 0.0000561 seconds
[2020-01-13T13:54:25.616+0000][1][safepoint    ] Application time: 0.0000223 seconds
[2020-01-13T13:54:25.616+0000][1][safepoint    ] Entering safepoint region: RevokeBias
[2020-01-13T13:54:25.616+0000][1][safepoint    ] Leaving safepoint region
[2020-01-13T13:54:25.616+0000][1][safepoint    ] Total time for which application threads were stopped: 0.0000322 seconds, Stopping threads took: 0.0000055 seconds
[2020-01-13T13:54:25.616+0000][1][safepoint    ] Application time: 0.0000147 seconds
[2020-01-13T13:54:25.616+0000][1][safepoint    ] Entering safepoint region: RevokeBias
[2020-01-13T13:54:25.616+0000][1][safepoint    ] Leaving safepoint region
[2020-01-13T13:54:25.616+0000][1][safepoint    ] Total time for which application threads were stopped: 0.0000289 seconds, Stopping threads took: 0.0000052 seconds
[2020-01-13T13:54:25.616+0000][1][safepoint    ] Application time: 0.0002768 seconds
[2020-01-13T13:54:25.616+0000][1][safepoint    ] Entering safepoint region: RevokeBias
[2020-01-13T13:54:25.616+0000][1][safepoint    ] Leaving safepoint region
[2020-01-13T13:54:25.616+0000][1][safepoint    ] Total time for which application threads were stopped: 0.0000378 seconds, Stopping threads took: 0.0000063 seconds
[2020-01-13T13:54:25.617+0000][1][safepoint    ] Application time: 0.0004128 seconds
[2020-01-13T13:54:25.617+0000][1][safepoint    ] Entering safepoint region: RevokeBias
[2020-01-13T13:54:25.617+0000][1][safepoint    ] Leaving safepoint region
[2020-01-13T13:54:25.617+0000][1][safepoint    ] Total time for which application threads were stopped: 0.0000429 seconds, Stopping threads took: 0.0000068 seconds
[2020-01-13T13:54:25.617+0000][1][safepoint    ] Application time: 0.0001570 seconds
[2020-01-13T13:54:25.617+0000][1][safepoint    ] Entering safepoint region: RevokeBias
[2020-01-13T13:54:25.617+0000][1][safepoint    ] Leaving safepoint region
[2020-01-13T13:54:25.617+0000][1][safepoint    ] Total time for which application threads were stopped: 0.0000356 seconds, Stopping threads took: 0.0000058 seconds
[2020-01-13T13:54:25.617+0000][1][safepoint    ] Application time: 0.0002936 seconds
[2020-01-13T13:54:25.617+0000][1][safepoint    ] Entering safepoint region: BulkRevokeBias
[2020-01-13T13:54:25.618+0000][1][safepoint    ] Leaving safepoint region
[2020-01-13T13:54:25.618+0000][1][safepoint    ] Total time for which application threads were stopped: 0.0000963 seconds, Stopping threads took: 0.0000066 seconds
[2020-01-13T13:54:25.618+0000][1][safepoint    ] Application time: 0.0000604 seconds
[2020-01-13T13:54:25.618+0000][1][safepoint    ] Entering safepoint region: RevokeBias
[2020-01-13T13:54:25.618+0000][1][safepoint    ] Leaving safepoint region
[2020-01-13T13:54:25.618+0000][1][safepoint    ] Total time for which application threads were stopped: 0.0000352 seconds, Stopping threads took: 0.0000054 seconds
[2020-01-13T13:54:25.618+0000][1][safepoint    ] Application time: 0.0003733 seconds
[2020-01-13T13:54:25.618+0000][1][safepoint    ] Entering safepoint region: RevokeBias
[2020-01-13T13:54:25.618+0000][1][safepoint    ] Leaving safepoint region
[2020-01-13T13:54:25.618+0000][1][safepoint    ] Total time for which application threads were stopped: 0.0000461 seconds, Stopping threads took: 0.0000068 seconds
[2020-01-13T13:54:25.618+0000][1][safepoint    ] Application time: 0.0000965 seconds
[2020-01-13T13:54:25.618+0000][1][safepoint    ] Entering safepoint region: RevokeBias
[2020-01-13T13:54:25.618+0000][1][safepoint    ] Leaving safepoint region
[2020-01-13T13:54:25.618+0000][1][safepoint    ] Total time for which application threads were stopped: 0.0000375 seconds, Stopping threads took: 0.0000056 seconds
[2020-01-13T13:54:25.618+0000][1][safepoint    ] Application time: 0.0001755 seconds
[2020-01-13T13:54:25.618+0000][1][safepoint    ] Entering safepoint region: BulkRevokeBias
[2020-01-13T13:54:25.619+0000][1][safepoint    ] Leaving safepoint region
[2020-01-13T13:54:25.619+0000][1][safepoint    ] Total time for which application threads were stopped: 0.0000730 seconds, Stopping threads took: 0.0000064 seconds
[2020-01-13T13:54:25.624+0000][1][safepoint    ] Application time: 0.0053504 seconds
[2020-01-13T13:54:25.624+0000][1][safepoint    ] Entering safepoint region: RevokeBias
[2020-01-13T13:54:25.624+0000][1][safepoint    ] Leaving safepoint region
[2020-01-13T13:54:25.624+0000][1][safepoint    ] Total time for which application threads were stopped: 0.0000989 seconds, Stopping threads took: 0.0000113 seconds
[2020-01-13T13:54:25.624+0000][1][safepoint    ] Application time: 0.0000477 seconds
[2020-01-13T13:54:25.624+0000][1][safepoint    ] Entering safepoint region: RevokeBias
[2020-01-13T13:54:25.624+0000][1][safepoint    ] Leaving safepoint region
[2020-01-13T13:54:25.624+0000][1][safepoint    ] Total time for which application threads were stopped: 0.0000442 seconds, Stopping threads took: 0.0000058 seconds
[2020-01-13T13:54:25.628+0000][1][safepoint    ] Application time: 0.0038545 seconds
[2020-01-13T13:54:25.628+0000][1][safepoint    ] Entering safepoint region: RevokeBias
[2020-01-13T13:54:25.628+0000][1][safepoint    ] Leaving safepoint region
[2020-01-13T13:54:25.628+0000][1][safepoint    ] Total time for which application threads were stopped: 0.0001196 seconds, Stopping threads took: 0.0000320 seconds
[2020-01-13T13:54:25.630+0000][1][safepoint    ] Application time: 0.0022164 seconds
[2020-01-13T13:54:25.634+0000][1][safepoint    ] Entering safepoint region: RevokeBias
[2020-01-13T13:54:25.634+0000][1][safepoint    ] Leaving safepoint region
[2020-01-13T13:54:25.634+0000][1][safepoint    ] Total time for which application threads were stopped: 0.0040540 seconds, Stopping threads took: 0.0039723 seconds
[2020-01-13T13:54:25.635+0000][1][safepoint    ] Application time: 0.0002535 seconds
[2020-01-13T13:54:25.635+0000][1][safepoint    ] Entering safepoint region: RevokeBias
[2020-01-13T13:54:25.635+0000][1][safepoint    ] Leaving safepoint region
[2020-01-13T13:54:25.635+0000][1][safepoint    ] Total time for which application threads were stopped: 0.0000478 seconds, Stopping threads took: 0.0000150 seconds
[2020-01-13T13:54:26.305+0000][1][safepoint    ] Application time: 0.6703467 seconds
[2020-01-13T13:54:26.308+0000][1][safepoint    ] Entering safepoint region: RevokeBias
[2020-01-13T13:54:26.308+0000][1][safepoint    ] Leaving safepoint region
[2020-01-13T13:54:26.308+0000][1][safepoint    ] Total time for which application threads were stopped: 0.0033270 seconds, Stopping threads took: 0.0032264 seconds
[2020-01-13T13:54:26.358+0000][1][safepoint    ] Application time: 0.0497729 seconds
[2020-01-13T13:54:26.358+0000][1][safepoint    ] Entering safepoint region: GenCollectForAllocation
[2020-01-13T13:54:26.358+0000][1][gc,start     ] GC(20) Pause Young (Allocation Failure)
[2020-01-13T13:54:26.358+0000][1][gc,task      ] GC(20) Using 1 workers of 1 for evacuation
[2020-01-13T13:54:26.432+0000][1][gc,age       ] GC(20) Desired survivor size 4358144 bytes, new threshold 2 (max threshold 6)
[2020-01-13T13:54:26.432+0000][1][gc,age       ] GC(20) Age table with threshold 2 (max threshold 6)
[2020-01-13T13:54:26.432+0000][1][gc,age       ] GC(20) - age   1:    2146624 bytes,    2146624 total
[2020-01-13T13:54:26.432+0000][1][gc,age       ] GC(20) - age   2:    2526400 bytes,    4673024 total
[2020-01-13T13:54:26.432+0000][1][gc,heap      ] GC(20) ParNew: 75178K->5646K(76672K)
[2020-01-13T13:54:26.432+0000][1][gc,heap      ] GC(20) CMS: 54062K->57973K(176960K)
[2020-01-13T13:54:26.432+0000][1][gc,metaspace ] GC(20) Metaspace: 50117K->50117K(1095680K)
[2020-01-13T13:54:26.432+0000][1][gc           ] GC(20) Pause Young (Allocation Failure) 126M->62M(247M) 73.253ms
[2020-01-13T13:54:26.432+0000][1][gc,cpu       ] GC(20) User=0.07s Sys=0.00s Real=0.08s
[2020-01-13T13:54:26.432+0000][1][safepoint    ] Leaving safepoint region
[2020-01-13T13:54:26.432+0000][1][safepoint    ] Total time for which application threads were stopped: 0.0734307 seconds, Stopping threads took: 0.0000283 seconds
[2020-01-13T13:54:26.445+0000][1][safepoint    ] Application time: 0.0136793 seconds
[2020-01-13T13:54:26.451+0000][1][safepoint    ] Entering safepoint region: RevokeBias
[2020-01-13T13:54:26.451+0000][1][safepoint    ] Leaving safepoint region
[2020-01-13T13:54:26.451+0000][1][safepoint    ] Total time for which application threads were stopped: 0.0059069 seconds, Stopping threads took: 0.0057419 seconds
[2020-01-13T13:54:26.451+0000][1][safepoint    ] Application time: 0.0000516 seconds
[2020-01-13T13:54:26.451+0000][1][safepoint    ] Entering safepoint region: RevokeBias
[2020-01-13T13:54:26.452+0000][1][safepoint    ] Leaving safepoint region
[2020-01-13T13:54:26.452+0000][1][safepoint    ] Total time for which application threads were stopped: 0.0000692 seconds, Stopping threads took: 0.0000169 seconds
[2020-01-13T13:54:26.452+0000][1][safepoint    ] Application time: 0.0000243 seconds
[2020-01-13T13:54:26.452+0000][1][safepoint    ] Entering safepoint region: RevokeBias
[2020-01-13T13:54:26.452+0000][1][safepoint    ] Leaving safepoint region
[2020-01-13T13:54:26.452+0000][1][safepoint    ] Total time for which application threads were stopped: 0.0000534 seconds, Stopping threads took: 0.0000087 seconds
[2020-01-13T13:54:26.452+0000][1][safepoint    ] Application time: 0.0000265 seconds
[2020-01-13T13:54:26.452+0000][1][safepoint    ] Entering safepoint region: RevokeBias
[2020-01-13T13:54:26.452+0000][1][safepoint    ] Leaving safepoint region
[2020-01-13T13:54:26.452+0000][1][safepoint    ] Total time for which application threads were stopped: 0.0000325 seconds, Stopping threads took: 0.0000054 seconds
[2020-01-13T13:54:26.452+0000][1][safepoint    ] Application time: 0.0000193 seconds
[2020-01-13T13:54:26.452+0000][1][safepoint    ] Entering safepoint region: RevokeBias
[2020-01-13T13:54:26.452+0000][1][safepoint    ] Leaving safepoint region
[2020-01-13T13:54:26.452+0000][1][safepoint    ] Total time for which application threads were stopped: 0.0000300 seconds, Stopping threads took: 0.0000052 seconds
[2020-01-13T13:54:26.452+0000][1][safepoint    ] Application time: 0.0000195 seconds
[2020-01-13T13:54:26.452+0000][1][safepoint    ] Entering safepoint region: RevokeBias
[2020-01-13T13:54:26.452+0000][1][safepoint    ] Leaving safepoint region
[2020-01-13T13:54:26.452+0000][1][safepoint    ] Total time for which application threads were stopped: 0.0000293 seconds, Stopping threads took: 0.0000051 seconds
[2020-01-13T13:54:26.452+0000][1][safepoint    ] Application time: 0.0000215 seconds
[2020-01-13T13:54:26.452+0000][1][safepoint    ] Entering safepoint region: RevokeBias
[2020-01-13T13:54:26.452+0000][1][safepoint    ] Leaving safepoint region
[2020-01-13T13:54:26.452+0000][1][safepoint    ] Total time for which application threads were stopped: 0.0000294 seconds, Stopping threads took: 0.0000052 seconds
[2020-01-13T13:54:26.452+0000][1][safepoint    ] Application time: 0.0000197 seconds
[2020-01-13T13:54:26.452+0000][1][safepoint    ] Entering safepoint region: RevokeBias
[2020-01-13T13:54:26.452+0000][1][safepoint    ] Leaving safepoint region
[2020-01-13T13:54:26.452+0000][1][safepoint    ] Total time for which application threads were stopped: 0.0000293 seconds, Stopping threads took: 0.0000052 seconds
[2020-01-13T13:54:26.452+0000][1][safepoint    ] Application time: 0.0000186 seconds
[2020-01-13T13:54:26.452+0000][1][safepoint    ] Entering safepoint region: RevokeBias
[2020-01-13T13:54:26.452+0000][1][safepoint    ] Leaving safepoint region
[2020-01-13T13:54:26.452+0000][1][safepoint    ] Total time for which application threads were stopped: 0.0000294 seconds, Stopping threads took: 0.0000052 seconds
[2020-01-13T13:54:26.452+0000][1][safepoint    ] Application time: 0.0000186 seconds
[2020-01-13T13:54:26.452+0000][1][safepoint    ] Entering safepoint region: RevokeBias
[2020-01-13T13:54:26.452+0000][1][safepoint    ] Leaving safepoint region
[2020-01-13T13:54:26.452+0000][1][safepoint    ] Total time for which application threads were stopped: 0.0000293 seconds, Stopping threads took: 0.0000051 seconds
[2020-01-13T13:54:26.452+0000][1][safepoint    ] Application time: 0.0000392 seconds
[2020-01-13T13:54:26.452+0000][1][safepoint    ] Entering safepoint region: RevokeBias
[2020-01-13T13:54:26.452+0000][1][safepoint    ] Leaving safepoint region
[2020-01-13T13:54:26.452+0000][1][safepoint    ] Total time for which application threads were stopped: 0.0000306 seconds, Stopping threads took: 0.0000054 seconds
[2020-01-13T13:54:26.452+0000][1][safepoint    ] Application time: 0.0000215 seconds
[2020-01-13T13:54:26.452+0000][1][safepoint    ] Entering safepoint region: RevokeBias
[2020-01-13T13:54:26.452+0000][1][safepoint    ] Leaving safepoint region
[2020-01-13T13:54:26.452+0000][1][safepoint    ] Total time for which application threads were stopped: 0.0000295 seconds, Stopping threads took: 0.0000052 seconds
[2020-01-13T13:54:26.452+0000][1][safepoint    ] Application time: 0.0000776 seconds
[2020-01-13T13:54:26.452+0000][1][safepoint    ] Entering safepoint region: RevokeBias
[2020-01-13T13:54:26.452+0000][1][safepoint    ] Leaving safepoint region
[2020-01-13T13:54:26.452+0000][1][safepoint    ] Total time for which application threads were stopped: 0.0000399 seconds, Stopping threads took: 0.0000062 seconds
[2020-01-13T13:54:26.455+0000][1][safepoint    ] Application time: 0.0023320 seconds
[2020-01-13T13:54:26.457+0000][1][safepoint    ] Entering safepoint region: RevokeBias
[2020-01-13T13:54:26.457+0000][1][safepoint    ] Leaving safepoint region
[2020-01-13T13:54:26.457+0000][1][safepoint    ] Total time for which application threads were stopped: 0.0022120 seconds, Stopping threads took: 0.0021254 seconds
[2020-01-13T13:54:26.460+0000][1][safepoint    ] Application time: 0.0028141 seconds
[2020-01-13T13:54:26.460+0000][1][safepoint    ] Entering safepoint region: RevokeBias
[2020-01-13T13:54:26.460+0000][1][safepoint    ] Leaving safepoint region
[2020-01-13T13:54:26.460+0000][1][safepoint    ] Total time for which application threads were stopped: 0.0000667 seconds, Stopping threads took: 0.0000190 seconds
[2020-01-13T13:54:26.903+0000][1][safepoint    ] Application time: 0.4432708 seconds
[2020-01-13T13:54:26.905+0000][1][safepoint    ] Entering safepoint region: RevokeBias
[2020-01-13T13:54:26.905+0000][1][safepoint    ] Leaving safepoint region
[2020-01-13T13:54:26.905+0000][1][safepoint    ] Total time for which application threads were stopped: 0.0021169 seconds, Stopping threads took: 0.0019927 seconds
[2020-01-13T13:54:26.905+0000][1][safepoint    ] Application time: 0.0000390 seconds
[2020-01-13T13:54:26.905+0000][1][safepoint    ] Entering safepoint region: RevokeBias
[2020-01-13T13:54:26.905+0000][1][safepoint    ] Leaving safepoint region
[2020-01-13T13:54:26.905+0000][1][safepoint    ] Total time for which application threads were stopped: 0.0000424 seconds, Stopping threads took: 0.0000049 seconds
[2020-01-13T13:54:26.949+0000][1][safepoint    ] Application time: 0.0438001 seconds
[2020-01-13T13:54:26.953+0000][1][safepoint    ] Entering safepoint region: RevokeBias
[2020-01-13T13:54:26.954+0000][1][safepoint    ] Leaving safepoint region
[2020-01-13T13:54:26.954+0000][1][safepoint    ] Total time for which application threads were stopped: 0.0041840 seconds, Stopping threads took: 0.0040781 seconds
[2020-01-13T13:54:27.353+0000][1][safepoint    ] Application time: 0.3998972 seconds
[2020-01-13T13:54:27.354+0000][1][safepoint    ] Entering safepoint region: RevokeBias
[2020-01-13T13:54:27.354+0000][1][safepoint    ] Leaving safepoint region
[2020-01-13T13:54:27.354+0000][1][safepoint    ] Total time for which application threads were stopped: 0.0007760 seconds, Stopping threads took: 0.0000287 seconds
[2020-01-13T13:54:27.467+0000][1][safepoint    ] Application time: 0.1124343 seconds
[2020-01-13T13:54:27.467+0000][1][safepoint    ] Entering safepoint region: RevokeBias
[2020-01-13T13:54:27.467+0000][1][safepoint    ] Leaving safepoint region
[2020-01-13T13:54:27.467+0000][1][safepoint    ] Total time for which application threads were stopped: 0.0001052 seconds, Stopping threads took: 0.0000280 seconds
[2020-01-13T13:54:27.467+0000][1][safepoint    ] Application time: 0.0000330 seconds
[2020-01-13T13:54:27.467+0000][1][safepoint    ] Entering safepoint region: RevokeBias
[2020-01-13T13:54:27.467+0000][1][safepoint    ] Leaving safepoint region
[2020-01-13T13:54:27.467+0000][1][safepoint    ] Total time for which application threads were stopped: 0.0000333 seconds, Stopping threads took: 0.0000131 seconds
[2020-01-13T13:54:27.467+0000][1][safepoint    ] Application time: 0.0000463 seconds
[2020-01-13T13:54:27.467+0000][1][safepoint    ] Entering safepoint region: RevokeBias
[2020-01-13T13:54:27.467+0000][1][safepoint    ] Leaving safepoint region
[2020-01-13T13:54:27.467+0000][1][safepoint    ] Total time for which application threads were stopped: 0.0000281 seconds, Stopping threads took: 0.0000127 seconds
[2020-01-13T13:54:27.830+0000][1][safepoint    ] Application time: 0.3632757 seconds
[2020-01-13T13:54:27.834+0000][1][safepoint    ] Entering safepoint region: Deoptimize
[2020-01-13T13:54:27.836+0000][1][safepoint    ] Leaving safepoint region
[2020-01-13T13:54:27.836+0000][1][safepoint    ] Total time for which application threads were stopped: 0.0053809 seconds, Stopping threads took: 0.0039943 seconds
[2020-01-13T13:54:28.348+0000][1][safepoint    ] Application time: 0.5124840 seconds
[2020-01-13T13:54:28.348+0000][1][safepoint    ] Entering safepoint region: RevokeBias
[2020-01-13T13:54:28.350+0000][1][safepoint    ] Leaving safepoint region
[2020-01-13T13:54:28.350+0000][1][safepoint    ] Total time for which application threads were stopped: 0.0015904 seconds, Stopping threads took: 0.0000406 seconds
[2020-01-13T13:54:28.472+0000][1][safepoint    ] Application time: 0.1221800 seconds
[2020-01-13T13:54:28.472+0000][1][safepoint    ] Entering safepoint region: RevokeBias
[2020-01-13T13:54:28.472+0000][1][safepoint    ] Leaving safepoint region
[2020-01-13T13:54:28.472+0000][1][safepoint    ] Total time for which application threads were stopped: 0.0003011 seconds, Stopping threads took: 0.0002284 seconds
[2020-01-13T13:54:28.481+0000][1][safepoint    ] Application time: 0.0085651 seconds
[2020-01-13T13:54:28.481+0000][1][safepoint    ] Entering safepoint region: GenCollectForAllocation
[2020-01-13T13:54:28.481+0000][1][gc,start     ] GC(21) Pause Young (Allocation Failure)
[2020-01-13T13:54:28.481+0000][1][gc,task      ] GC(21) Using 1 workers of 1 for evacuation
[2020-01-13T13:54:28.516+0000][1][gc,age       ] GC(21) Desired survivor size 4358144 bytes, new threshold 2 (max threshold 6)
[2020-01-13T13:54:28.516+0000][1][gc,age       ] GC(21) Age table with threshold 2 (max threshold 6)
[2020-01-13T13:54:28.516+0000][1][gc,age       ] GC(21) - age   1:    2972096 bytes,    2972096 total
[2020-01-13T13:54:28.516+0000][1][gc,age       ] GC(21) - age   2:    2101328 bytes,    5073424 total
[2020-01-13T13:54:28.516+0000][1][gc,heap      ] GC(21) ParNew: 73806K->8512K(76672K)
[2020-01-13T13:54:28.516+0000][1][gc,heap      ] GC(21) CMS: 57973K->60532K(176960K)
[2020-01-13T13:54:28.516+0000][1][gc,metaspace ] GC(21) Metaspace: 57837K->57837K(1101824K)
[2020-01-13T13:54:28.516+0000][1][gc           ] GC(21) Pause Young (Allocation Failure) 128M->67M(247M) 35.096ms
[2020-01-13T13:54:28.516+0000][1][gc,cpu       ] GC(21) User=0.03s Sys=0.00s Real=0.03s
[2020-01-13T13:54:28.516+0000][1][safepoint    ] Leaving safepoint region
[2020-01-13T13:54:28.516+0000][1][safepoint    ] Total time for which application threads were stopped: 0.0352990 seconds, Stopping threads took: 0.0000334 seconds
[2020-01-13T13:54:28.576+0000][1][safepoint    ] Application time: 0.0594761 seconds
[2020-01-13T13:54:28.576+0000][1][safepoint    ] Entering safepoint region: Deoptimize
[2020-01-13T13:54:28.577+0000][1][safepoint    ] Leaving safepoint region
[2020-01-13T13:54:28.577+0000][1][safepoint    ] Total time for which application threads were stopped: 0.0013374 seconds, Stopping threads took: 0.0005378 seconds
[2020-01-13T13:54:28.592+0000][1][safepoint    ] Application time: 0.0152203 seconds
[2020-01-13T13:54:28.593+0000][1][safepoint    ] Entering safepoint region: RevokeBias
[2020-01-13T13:54:28.593+0000][1][safepoint    ] Leaving safepoint region
[2020-01-13T13:54:28.593+0000][1][safepoint    ] Total time for which application threads were stopped: 0.0009414 seconds, Stopping threads took: 0.0008544 seconds
[2020-01-13T13:54:28.597+0000][1][safepoint    ] Application time: 0.0039285 seconds
[2020-01-13T13:54:28.597+0000][1][safepoint    ] Entering safepoint region: BulkRevokeBias
[2020-01-13T13:54:28.598+0000][1][safepoint    ] Leaving safepoint region
[2020-01-13T13:54:28.598+0000][1][safepoint    ] Total time for which application threads were stopped: 0.0002085 seconds, Stopping threads took: 0.0000244 seconds
[2020-01-13T13:54:29.298+0000][1][safepoint    ] Application time: 0.7000307 seconds
[2020-01-13T13:54:29.301+0000][1][safepoint    ] Entering safepoint region: RevokeBias
[2020-01-13T13:54:29.302+0000][1][safepoint    ] Leaving safepoint region
[2020-01-13T13:54:29.302+0000][1][safepoint    ] Total time for which application threads were stopped: 0.0038527 seconds, Stopping threads took: 0.0037081 seconds
[2020-01-13T13:54:29.476+0000][1][safepoint    ] Application time: 0.1740791 seconds
[2020-01-13T13:54:29.476+0000][1][safepoint    ] Entering safepoint region: RevokeBias
[2020-01-13T13:54:29.476+0000][1][safepoint    ] Leaving safepoint region
[2020-01-13T13:54:29.476+0000][1][safepoint    ] Total time for which application threads were stopped: 0.0007568 seconds, Stopping threads took: 0.0006900 seconds
[2020-01-13T13:54:29.667+0000][1][safepoint    ] Application time: 0.1902591 seconds
[2020-01-13T13:54:29.667+0000][1][safepoint    ] Entering safepoint region: RevokeBias
[2020-01-13T13:54:29.667+0000][1][safepoint    ] Leaving safepoint region
[2020-01-13T13:54:29.667+0000][1][safepoint    ] Total time for which application threads were stopped: 0.0001468 seconds, Stopping threads took: 0.0000304 seconds
[2020-01-13T13:54:29.905+0000][1][safepoint    ] Application time: 0.2377976 seconds
[2020-01-13T13:54:29.905+0000][1][safepoint    ] Entering safepoint region: Deoptimize
[2020-01-13T13:54:29.906+0000][1][safepoint    ] Leaving safepoint region
[2020-01-13T13:54:29.906+0000][1][safepoint    ] Total time for which application threads were stopped: 0.0008425 seconds, Stopping threads took: 0.0000253 seconds
[2020-01-13T13:54:29.928+0000][1][safepoint    ] Application time: 0.0222323 seconds
[2020-01-13T13:54:29.928+0000][1][safepoint    ] Entering safepoint region: RevokeBias
[2020-01-13T13:54:29.928+0000][1][safepoint    ] Leaving safepoint region
[2020-01-13T13:54:29.928+0000][1][safepoint    ] Total time for which application threads were stopped: 0.0001107 seconds, Stopping threads took: 0.0000253 seconds
[2020-01-13T13:54:29.929+0000][1][safepoint    ] Application time: 0.0005006 seconds
[2020-01-13T13:54:29.929+0000][1][safepoint    ] Entering safepoint region: RevokeBias
[2020-01-13T13:54:29.929+0000][1][safepoint    ] Leaving safepoint region
[2020-01-13T13:54:29.929+0000][1][safepoint    ] Total time for which application threads were stopped: 0.0000620 seconds, Stopping threads took: 0.0000193 seconds
[2020-01-13T13:54:29.930+0000][1][safepoint    ] Application time: 0.0009853 seconds
[2020-01-13T13:54:29.930+0000][1][safepoint    ] Entering safepoint region: RevokeBias
[2020-01-13T13:54:29.930+0000][1][safepoint    ] Leaving safepoint region
[2020-01-13T13:54:29.930+0000][1][safepoint    ] Total time for which application threads were stopped: 0.0008550 seconds, Stopping threads took: 0.0008009 seconds
[2020-01-13T13:54:29.931+0000][1][safepoint    ] Application time: 0.0005571 seconds
[2020-01-13T13:54:29.931+0000][1][safepoint    ] Entering safepoint region: RevokeBias
[2020-01-13T13:54:29.931+0000][1][safepoint    ] Leaving safepoint region
[2020-01-13T13:54:29.931+0000][1][safepoint    ] Total time for which application threads were stopped: 0.0000963 seconds, Stopping threads took: 0.0000231 seconds
[2020-01-13T13:54:29.932+0000][1][safepoint    ] Application time: 0.0012408 seconds
[2020-01-13T13:54:29.932+0000][1][safepoint    ] Entering safepoint region: RevokeBias
[2020-01-13T13:54:29.932+0000][1][safepoint    ] Leaving safepoint region
[2020-01-13T13:54:29.932+0000][1][safepoint    ] Total time for which application threads were stopped: 0.0000782 seconds, Stopping threads took: 0.0000181 seconds
[2020-01-13T13:54:29.933+0000][1][safepoint    ] Application time: 0.0002404 seconds
[2020-01-13T13:54:29.933+0000][1][safepoint    ] Entering safepoint region: RevokeBias
[2020-01-13T13:54:29.933+0000][1][safepoint    ] Leaving safepoint region
[2020-01-13T13:54:29.933+0000][1][safepoint    ] Total time for which application threads were stopped: 0.0000583 seconds, Stopping threads took: 0.0000157 seconds
[2020-01-13T13:54:29.933+0000][1][safepoint    ] Application time: 0.0002447 seconds
[2020-01-13T13:54:29.933+0000][1][safepoint    ] Entering safepoint region: RevokeBias
[2020-01-13T13:54:29.933+0000][1][safepoint    ] Leaving safepoint region
[2020-01-13T13:54:29.933+0000][1][safepoint    ] Total time for which application threads were stopped: 0.0000750 seconds, Stopping threads took: 0.0000143 seconds
[2020-01-13T13:54:29.933+0000][1][safepoint    ] Application time: 0.0002580 seconds
[2020-01-13T13:54:29.933+0000][1][safepoint    ] Entering safepoint region: RevokeBias
[2020-01-13T13:54:29.933+0000][1][safepoint    ] Leaving safepoint region
[2020-01-13T13:54:29.933+0000][1][safepoint    ] Total time for which application threads were stopped: 0.0000541 seconds, Stopping threads took: 0.0000152 seconds
[2020-01-13T13:54:29.933+0000][1][safepoint    ] Application time: 0.0000299 seconds
[2020-01-13T13:54:29.933+0000][1][safepoint    ] Entering safepoint region: RevokeBias
[2020-01-13T13:54:29.934+0000][1][safepoint    ] Leaving safepoint region
[2020-01-13T13:54:29.934+0000][1][safepoint    ] Total time for which application threads were stopped: 0.0000407 seconds, Stopping threads took: 0.0000126 seconds
[2020-01-13T13:54:29.934+0000][1][safepoint    ] Application time: 0.0006623 seconds
[2020-01-13T13:54:29.934+0000][1][safepoint    ] Entering safepoint region: RevokeBias
[2020-01-13T13:54:29.934+0000][1][safepoint    ] Leaving safepoint region
[2020-01-13T13:54:29.934+0000][1][safepoint    ] Total time for which application threads were stopped: 0.0000681 seconds, Stopping threads took: 0.0000310 seconds
[2020-01-13T13:54:29.936+0000][1][safepoint    ] Application time: 0.0018802 seconds
[2020-01-13T13:54:29.936+0000][1][safepoint    ] Entering safepoint region: RevokeBias
[2020-01-13T13:54:29.936+0000][1][safepoint    ] Leaving safepoint region
[2020-01-13T13:54:29.936+0000][1][safepoint    ] Total time for which application threads were stopped: 0.0000762 seconds, Stopping threads took: 0.0000261 seconds
[2020-01-13T13:54:29.937+0000][1][safepoint    ] Application time: 0.0003133 seconds
[2020-01-13T13:54:29.937+0000][1][safepoint    ] Entering safepoint region: RevokeBias
[2020-01-13T13:54:29.937+0000][1][safepoint    ] Leaving safepoint region
[2020-01-13T13:54:29.937+0000][1][safepoint    ] Total time for which application threads were stopped: 0.0000646 seconds, Stopping threads took: 0.0000163 seconds
[2020-01-13T13:54:29.940+0000][1][safepoint    ] Application time: 0.0031345 seconds
[2020-01-13T13:54:29.940+0000][1][safepoint    ] Entering safepoint region: Deoptimize
[2020-01-13T13:54:29.941+0000][1][safepoint    ] Leaving safepoint region
[2020-01-13T13:54:29.941+0000][1][safepoint    ] Total time for which application threads were stopped: 0.0008061 seconds, Stopping threads took: 0.0000254 seconds
[2020-01-13T13:54:30.030+0000][1][safepoint    ] Application time: 0.0891318 seconds
[2020-01-13T13:54:30.030+0000][1][safepoint    ] Entering safepoint region: RevokeBias
[2020-01-13T13:54:30.030+0000][1][safepoint    ] Leaving safepoint region
[2020-01-13T13:54:30.030+0000][1][safepoint    ] Total time for which application threads were stopped: 0.0002777 seconds, Stopping threads took: 0.0001375 seconds
[2020-01-13T13:54:30.034+0000][1][safepoint    ] Application time: 0.0034045 seconds
[2020-01-13T13:54:30.034+0000][1][safepoint    ] Entering safepoint region: RevokeBias
[2020-01-13T13:54:30.034+0000][1][safepoint    ] Leaving safepoint region
[2020-01-13T13:54:30.034+0000][1][safepoint    ] Total time for which application threads were stopped: 0.0006076 seconds, Stopping threads took: 0.0004685 seconds
[2020-01-13T13:54:30.036+0000][1][safepoint    ] Application time: 0.0021994 seconds
[2020-01-13T13:54:30.036+0000][1][safepoint    ] Entering safepoint region: RevokeBias
[2020-01-13T13:54:30.037+0000][1][safepoint    ] Leaving safepoint region
[2020-01-13T13:54:30.037+0000][1][safepoint    ] Total time for which application threads were stopped: 0.0001282 seconds, Stopping threads took: 0.0000176 seconds
[2020-01-13T13:54:30.039+0000][1][safepoint    ] Application time: 0.0028692 seconds
[2020-01-13T13:54:30.039+0000][1][safepoint    ] Entering safepoint region: RevokeBias
[2020-01-13T13:54:30.040+0000][1][safepoint    ] Leaving safepoint region
[2020-01-13T13:54:30.040+0000][1][safepoint    ] Total time for which application threads were stopped: 0.0001257 seconds, Stopping threads took: 0.0000326 seconds
[2020-01-13T13:54:30.064+0000][1][safepoint    ] Application time: 0.0247930 seconds
[2020-01-13T13:54:30.064+0000][1][safepoint    ] Entering safepoint region: RevokeBias
[2020-01-13T13:54:30.065+0000][1][safepoint    ] Leaving safepoint region
[2020-01-13T13:54:30.065+0000][1][safepoint    ] Total time for which application threads were stopped: 0.0001296 seconds, Stopping threads took: 0.0000359 seconds
[2020-01-13T13:54:30.631+0000][1][safepoint    ] Application time: 0.5663841 seconds
[2020-01-13T13:54:30.631+0000][1][safepoint    ] Entering safepoint region: RevokeBias
[2020-01-13T13:54:30.631+0000][1][safepoint    ] Leaving safepoint region
[2020-01-13T13:54:30.631+0000][1][safepoint    ] Total time for which application threads were stopped: 0.0001957 seconds, Stopping threads took: 0.0000184 seconds
[2020-01-13T13:54:30.631+0000][1][safepoint    ] Application time: 0.0000646 seconds
[2020-01-13T13:54:30.631+0000][1][safepoint    ] Entering safepoint region: RevokeBias
[2020-01-13T13:54:30.631+0000][1][safepoint    ] Leaving safepoint region
[2020-01-13T13:54:30.631+0000][1][safepoint    ] Total time for which application threads were stopped: 0.0000385 seconds, Stopping threads took: 0.0000085 seconds
[2020-01-13T13:54:30.631+0000][1][safepoint    ] Application time: 0.0000253 seconds
[2020-01-13T13:54:30.631+0000][1][safepoint    ] Entering safepoint region: RevokeBias
[2020-01-13T13:54:30.631+0000][1][safepoint    ] Leaving safepoint region
[2020-01-13T13:54:30.631+0000][1][safepoint    ] Total time for which application threads were stopped: 0.0000231 seconds, Stopping threads took: 0.0000056 seconds
[2020-01-13T13:54:30.631+0000][1][safepoint    ] Application time: 0.0000222 seconds
[2020-01-13T13:54:30.631+0000][1][safepoint    ] Entering safepoint region: RevokeBias
[2020-01-13T13:54:30.631+0000][1][safepoint    ] Leaving safepoint region
[2020-01-13T13:54:30.631+0000][1][safepoint    ] Total time for which application threads were stopped: 0.0000230 seconds, Stopping threads took: 0.0000055 seconds
[2020-01-13T13:54:30.632+0000][1][safepoint    ] Application time: 0.0000225 seconds
[2020-01-13T13:54:30.632+0000][1][safepoint    ] Entering safepoint region: RevokeBias
[2020-01-13T13:54:30.632+0000][1][safepoint    ] Leaving safepoint region
[2020-01-13T13:54:30.632+0000][1][safepoint    ] Total time for which application threads were stopped: 0.0000227 seconds, Stopping threads took: 0.0000053 seconds
[2020-01-13T13:54:30.632+0000][1][safepoint    ] Application time: 0.0000265 seconds
[2020-01-13T13:54:30.632+0000][1][safepoint    ] Entering safepoint region: RevokeBias
[2020-01-13T13:54:30.632+0000][1][safepoint    ] Leaving safepoint region
[2020-01-13T13:54:30.632+0000][1][safepoint    ] Total time for which application threads were stopped: 0.0000229 seconds, Stopping threads took: 0.0000054 seconds
[2020-01-13T13:54:30.632+0000][1][safepoint    ] Application time: 0.0000227 seconds
[2020-01-13T13:54:30.632+0000][1][safepoint    ] Entering safepoint region: RevokeBias
[2020-01-13T13:54:30.632+0000][1][safepoint    ] Leaving safepoint region
[2020-01-13T13:54:30.632+0000][1][safepoint    ] Total time for which application threads were stopped: 0.0000228 seconds, Stopping threads took: 0.0000054 seconds
[2020-01-13T13:54:30.632+0000][1][safepoint    ] Application time: 0.0000255 seconds
[2020-01-13T13:54:30.632+0000][1][safepoint    ] Entering safepoint region: RevokeBias
[2020-01-13T13:54:30.632+0000][1][safepoint    ] Leaving safepoint region
[2020-01-13T13:54:30.632+0000][1][safepoint    ] Total time for which application threads were stopped: 0.0000227 seconds, Stopping threads took: 0.0000054 seconds
[2020-01-13T13:54:31.632+0000][1][safepoint    ] Application time: 1.0001286 seconds
[2020-01-13T13:54:31.632+0000][1][safepoint    ] Entering safepoint region: Cleanup
[2020-01-13T13:54:31.632+0000][1][safepoint    ] Leaving safepoint region
[2020-01-13T13:54:31.632+0000][1][safepoint    ] Total time for which application threads were stopped: 0.0001242 seconds, Stopping threads took: 0.0000251 seconds
[2020-01-13T13:54:33.043+0000][1][safepoint    ] Application time: 1.4104447 seconds
[2020-01-13T13:54:33.043+0000][1][safepoint    ] Entering safepoint region: RevokeBias
[2020-01-13T13:54:33.043+0000][1][safepoint    ] Leaving safepoint region
[2020-01-13T13:54:33.043+0000][1][safepoint    ] Total time for which application threads were stopped: 0.0001124 seconds, Stopping threads took: 0.0000319 seconds
[2020-01-13T13:54:34.043+0000][1][safepoint    ] Application time: 1.0001527 seconds
[2020-01-13T13:54:34.043+0000][1][safepoint    ] Entering safepoint region: Cleanup
[2020-01-13T13:54:34.043+0000][1][safepoint    ] Leaving safepoint region
[2020-01-13T13:54:34.043+0000][1][safepoint    ] Total time for which application threads were stopped: 0.0001518 seconds, Stopping threads took: 0.0000318 seconds
[2020-01-13T13:54:35.043+0000][1][safepoint    ] Application time: 1.0001669 seconds
[2020-01-13T13:54:35.043+0000][1][safepoint    ] Entering safepoint region: Cleanup
[2020-01-13T13:54:35.043+0000][1][safepoint    ] Leaving safepoint region
[2020-01-13T13:54:35.043+0000][1][safepoint    ] Total time for which application threads were stopped: 0.0001250 seconds, Stopping threads took: 0.0000445 seconds
[2020-01-13T13:54:35.181+0000][1][safepoint    ] Application time: 0.1377308 seconds
[2020-01-13T13:54:35.181+0000][1][safepoint    ] Entering safepoint region: RevokeBias
[2020-01-13T13:54:35.181+0000][1][safepoint    ] Leaving safepoint region
[2020-01-13T13:54:35.181+0000][1][safepoint    ] Total time for which application threads were stopped: 0.0001762 seconds, Stopping threads took: 0.0000261 seconds
[2020-01-13T13:54:35.182+0000][1][safepoint    ] Application time: 0.0001472 seconds
[2020-01-13T13:54:35.182+0000][1][safepoint    ] Entering safepoint region: RevokeBias
[2020-01-13T13:54:35.182+0000][1][safepoint    ] Leaving safepoint region
[2020-01-13T13:54:35.182+0000][1][safepoint    ] Total time for which application threads were stopped: 0.0000883 seconds, Stopping threads took: 0.0000139 seconds
[2020-01-13T13:54:36.182+0000][1][safepoint    ] Application time: 1.0001399 seconds
[2020-01-13T13:54:36.182+0000][1][safepoint    ] Entering safepoint region: Cleanup
[2020-01-13T13:54:36.182+0000][1][safepoint    ] Leaving safepoint region
[2020-01-13T13:54:36.182+0000][1][safepoint    ] Total time for which application threads were stopped: 0.0001130 seconds, Stopping threads took: 0.0000324 seconds
[2020-01-13T13:54:37.182+0000][1][safepoint    ] Application time: 1.0001684 seconds
[2020-01-13T13:54:37.182+0000][1][safepoint    ] Entering safepoint region: Cleanup
[2020-01-13T13:54:37.182+0000][1][safepoint    ] Leaving safepoint region
[2020-01-13T13:54:37.183+0000][1][safepoint    ] Total time for which application threads were stopped: 0.0001153 seconds, Stopping threads took: 0.0000309 seconds
[2020-01-13T13:54:39.183+0000][1][safepoint    ] Application time: 2.0003076 seconds
[2020-01-13T13:54:39.183+0000][1][safepoint    ] Entering safepoint region: Cleanup
[2020-01-13T13:54:39.183+0000][1][safepoint    ] Leaving safepoint region
[2020-01-13T13:54:39.183+0000][1][safepoint    ] Total time for which application threads were stopped: 0.0001074 seconds, Stopping threads took: 0.0000405 seconds
[2020-01-13T13:54:42.183+0000][1][safepoint    ] Application time: 3.0003868 seconds
[2020-01-13T13:54:42.183+0000][1][safepoint    ] Entering safepoint region: Cleanup
[2020-01-13T13:54:42.184+0000][1][safepoint    ] Leaving safepoint region
[2020-01-13T13:54:42.184+0000][1][safepoint    ] Total time for which application threads were stopped: 0.0001035 seconds, Stopping threads took: 0.0000278 seconds
[2020-01-13T13:54:43.184+0000][1][safepoint    ] Application time: 1.0001505 seconds
[2020-01-13T13:54:43.184+0000][1][safepoint    ] Entering safepoint region: Cleanup
[2020-01-13T13:54:43.184+0000][1][safepoint    ] Leaving safepoint region
[2020-01-13T13:54:43.184+0000][1][safepoint    ] Total time for which application threads were stopped: 0.0001288 seconds, Stopping threads took: 0.0000426 seconds
[2020-01-13T13:54:45.184+0000][1][safepoint    ] Application time: 2.0002873 seconds
[2020-01-13T13:54:45.184+0000][1][safepoint    ] Entering safepoint region: Cleanup
[2020-01-13T13:54:45.184+0000][1][safepoint    ] Leaving safepoint region
[2020-01-13T13:54:45.184+0000][1][safepoint    ] Total time for which application threads were stopped: 0.0001050 seconds, Stopping threads took: 0.0000302 seconds
[2020-01-13T13:54:47.185+0000][1][safepoint    ] Application time: 2.0003401 seconds
[2020-01-13T13:54:47.185+0000][1][safepoint    ] Entering safepoint region: Cleanup
[2020-01-13T13:54:47.185+0000][1][safepoint    ] Leaving safepoint region
[2020-01-13T13:54:47.185+0000][1][safepoint    ] Total time for which application threads were stopped: 0.0001113 seconds, Stopping threads took: 0.0000346 seconds
[2020-01-13T13:54:50.185+0000][1][safepoint    ] Application time: 3.0004598 seconds
[2020-01-13T13:54:50.186+0000][1][safepoint    ] Entering safepoint region: Cleanup
[2020-01-13T13:54:50.186+0000][1][safepoint    ] Leaving safepoint region
[2020-01-13T13:54:50.186+0000][1][safepoint    ] Total time for which application threads were stopped: 0.0001293 seconds, Stopping threads took: 0.0000448 seconds
[2020-01-13T13:54:51.186+0000][1][safepoint    ] Application time: 1.0001774 seconds
[2020-01-13T13:54:51.186+0000][1][safepoint    ] Entering safepoint region: Cleanup
[2020-01-13T13:54:51.186+0000][1][safepoint    ] Leaving safepoint region
[2020-01-13T13:54:51.186+0000][1][safepoint    ] Total time for which application threads were stopped: 0.0000916 seconds, Stopping threads took: 0.0000252 seconds
[2020-01-13T13:54:54.187+0000][1][safepoint    ] Application time: 3.0004944 seconds
[2020-01-13T13:54:54.187+0000][1][safepoint    ] Entering safepoint region: Cleanup
[2020-01-13T13:54:54.187+0000][1][safepoint    ] Leaving safepoint region
[2020-01-13T13:54:54.187+0000][1][safepoint    ] Total time for which application threads were stopped: 0.0001163 seconds, Stopping threads took: 0.0000308 seconds
[2020-01-13T13:54:55.187+0000][1][safepoint    ] Application time: 1.0001490 seconds
[2020-01-13T13:54:55.187+0000][1][safepoint    ] Entering safepoint region: Cleanup
[2020-01-13T13:54:55.187+0000][1][safepoint    ] Leaving safepoint region
[2020-01-13T13:54:55.187+0000][1][safepoint    ] Total time for which application threads were stopped: 0.0001085 seconds, Stopping threads took: 0.0000310 seconds
[2020-01-13T13:54:57.187+0000][1][safepoint    ] Application time: 2.0002909 seconds
[2020-01-13T13:54:57.187+0000][1][safepoint    ] Entering safepoint region: Cleanup
[2020-01-13T13:54:57.188+0000][1][safepoint    ] Leaving safepoint region
[2020-01-13T13:54:57.188+0000][1][safepoint    ] Total time for which application threads were stopped: 0.0000910 seconds, Stopping threads took: 0.0000250 seconds
[2020-01-13T13:55:00.095+0000][1][safepoint    ] Application time: 2.9074036 seconds
[2020-01-13T13:55:00.095+0000][1][safepoint    ] Entering safepoint region: RevokeBias
[2020-01-13T13:55:00.095+0000][1][safepoint    ] Leaving safepoint region
[2020-01-13T13:55:00.095+0000][1][safepoint    ] Total time for which application threads were stopped: 0.0001406 seconds, Stopping threads took: 0.0000335 seconds
[2020-01-13T13:55:00.095+0000][1][safepoint    ] Application time: 0.0001319 seconds
[2020-01-13T13:55:00.095+0000][1][safepoint    ] Entering safepoint region: RevokeBias
[2020-01-13T13:55:00.095+0000][1][safepoint    ] Leaving safepoint region
[2020-01-13T13:55:00.095+0000][1][safepoint    ] Total time for which application threads were stopped: 0.0000692 seconds, Stopping threads took: 0.0000387 seconds
[2020-01-13T13:55:00.095+0000][1][safepoint    ] Application time: 0.0000833 seconds
[2020-01-13T13:55:00.095+0000][1][safepoint    ] Entering safepoint region: RevokeBias
[2020-01-13T13:55:00.096+0000][1][safepoint    ] Leaving safepoint region
[2020-01-13T13:55:00.096+0000][1][safepoint    ] Total time for which application threads were stopped: 0.0000721 seconds, Stopping threads took: 0.0000168 seconds
[2020-01-13T13:55:00.096+0000][1][safepoint    ] Application time: 0.0002866 seconds
[2020-01-13T13:55:00.096+0000][1][safepoint    ] Entering safepoint region: RevokeBias
[2020-01-13T13:55:00.096+0000][1][safepoint    ] Leaving safepoint region
[2020-01-13T13:55:00.096+0000][1][safepoint    ] Total time for which application threads were stopped: 0.0000527 seconds, Stopping threads took: 0.0000179 seconds
[2020-01-13T13:55:00.096+0000][1][safepoint    ] Application time: 0.0000534 seconds
[2020-01-13T13:55:00.096+0000][1][safepoint    ] Entering safepoint region: RevokeBias
[2020-01-13T13:55:00.096+0000][1][safepoint    ] Leaving safepoint region
[2020-01-13T13:55:00.096+0000][1][safepoint    ] Total time for which application threads were stopped: 0.0000363 seconds, Stopping threads took: 0.0000131 seconds
[2020-01-13T13:55:01.096+0000][1][safepoint    ] Application time: 1.0001625 seconds
[2020-01-13T13:55:01.096+0000][1][safepoint    ] Entering safepoint region: Cleanup
[2020-01-13T13:55:01.096+0000][1][safepoint    ] Leaving safepoint region
[2020-01-13T13:55:01.096+0000][1][safepoint    ] Total time for which application threads were stopped: 0.0001950 seconds, Stopping threads took: 0.0001063 seconds
[2020-01-13T13:55:02.097+0000][1][safepoint    ] Application time: 1.0001532 seconds
[2020-01-13T13:55:02.097+0000][1][safepoint    ] Entering safepoint region: Cleanup
[2020-01-13T13:55:02.097+0000][1][safepoint    ] Leaving safepoint region
[2020-01-13T13:55:02.097+0000][1][safepoint    ] Total time for which application threads were stopped: 0.0001182 seconds, Stopping threads took: 0.0000322 seconds
[2020-01-13T13:55:03.097+0000][1][safepoint    ] Application time: 1.0001080 seconds
[2020-01-13T13:55:03.097+0000][1][safepoint    ] Entering safepoint region: Cleanup
[2020-01-13T13:55:03.097+0000][1][safepoint    ] Leaving safepoint region
[2020-01-13T13:55:03.097+0000][1][safepoint    ] Total time for which application threads were stopped: 0.0000957 seconds, Stopping threads took: 0.0000259 seconds
[2020-01-13T13:55:07.098+0000][1][safepoint    ] Application time: 4.0006321 seconds
[2020-01-13T13:55:07.098+0000][1][safepoint    ] Entering safepoint region: Cleanup
[2020-01-13T13:55:07.098+0000][1][safepoint    ] Leaving safepoint region
[2020-01-13T13:55:07.098+0000][1][safepoint    ] Total time for which application threads were stopped: 0.0001146 seconds, Stopping threads took: 0.0000264 seconds
[2020-01-13T13:55:07.474+0000][1][safepoint    ] Application time: 0.3755825 seconds
[2020-01-13T13:55:07.474+0000][1][safepoint    ] Entering safepoint region: RevokeBias
[2020-01-13T13:55:07.474+0000][1][safepoint    ] Leaving safepoint region
[2020-01-13T13:55:07.474+0000][1][safepoint    ] Total time for which application threads were stopped: 0.0001820 seconds, Stopping threads took: 0.0000258 seconds
[2020-01-13T13:55:09.474+0000][1][safepoint    ] Application time: 2.0002278 seconds
[2020-01-13T13:55:09.474+0000][1][safepoint    ] Entering safepoint region: Cleanup
[2020-01-13T13:55:09.474+0000][1][safepoint    ] Leaving safepoint region
[2020-01-13T13:55:09.474+0000][1][safepoint    ] Total time for which application threads were stopped: 0.0001490 seconds, Stopping threads took: 0.0000571 seconds
[2020-01-13T13:55:10.474+0000][1][safepoint    ] Application time: 1.0001179 seconds
[2020-01-13T13:55:10.474+0000][1][safepoint    ] Entering safepoint region: Cleanup
[2020-01-13T13:55:10.475+0000][1][safepoint    ] Leaving safepoint region
[2020-01-13T13:55:10.475+0000][1][safepoint    ] Total time for which application threads were stopped: 0.0001560 seconds, Stopping threads took: 0.0000452 seconds
[2020-01-13T13:55:12.475+0000][1][safepoint    ] Application time: 2.0002684 seconds
[2020-01-13T13:55:12.475+0000][1][safepoint    ] Entering safepoint region: Cleanup
[2020-01-13T13:55:12.475+0000][1][safepoint    ] Leaving safepoint region
[2020-01-13T13:55:12.475+0000][1][safepoint    ] Total time for which application threads were stopped: 0.0002253 seconds, Stopping threads took: 0.0000378 seconds
[2020-01-13T13:55:13.475+0000][1][safepoint    ] Application time: 1.0001715 seconds
[2020-01-13T13:55:13.475+0000][1][safepoint    ] Entering safepoint region: Cleanup
[2020-01-13T13:55:13.476+0000][1][safepoint    ] Leaving safepoint region
[2020-01-13T13:55:13.476+0000][1][safepoint    ] Total time for which application threads were stopped: 0.0001385 seconds, Stopping threads took: 0.0000401 seconds
[2020-01-13T13:55:14.476+0000][1][safepoint    ] Application time: 1.0001410 seconds
[2020-01-13T13:55:14.476+0000][1][safepoint    ] Entering safepoint region: Cleanup
[2020-01-13T13:55:14.476+0000][1][safepoint    ] Leaving safepoint region
[2020-01-13T13:55:14.476+0000][1][safepoint    ] Total time for which application threads were stopped: 0.0001048 seconds, Stopping threads took: 0.0000285 seconds
[2020-01-13T13:55:14.682+0000][1][safepoint    ] Application time: 0.2057645 seconds
[2020-01-13T13:55:14.682+0000][1][safepoint    ] Entering safepoint region: GenCollectForAllocation
[2020-01-13T13:55:14.682+0000][1][gc,start     ] GC(22) Pause Young (Allocation Failure)
[2020-01-13T13:55:14.682+0000][1][gc,task      ] GC(22) Using 1 workers of 1 for evacuation
[2020-01-13T13:55:14.729+0000][1][gc,age       ] GC(22) Desired survivor size 4358144 bytes, new threshold 2 (max threshold 6)
[2020-01-13T13:55:14.729+0000][1][gc,age       ] GC(22) Age table with threshold 2 (max threshold 6)
[2020-01-13T13:55:14.729+0000][1][gc,age       ] GC(22) - age   1:    2170600 bytes,    2170600 total
[2020-01-13T13:55:14.729+0000][1][gc,age       ] GC(22) - age   2:    2642000 bytes,    4812600 total
[2020-01-13T13:55:14.730+0000][1][gc,heap      ] GC(22) ParNew: 76672K->6132K(76672K)
[2020-01-13T13:55:14.730+0000][1][gc,heap      ] GC(22) CMS: 60532K->62602K(176960K)
[2020-01-13T13:55:14.730+0000][1][gc,metaspace ] GC(22) Metaspace: 63585K->63585K(1107968K)
[2020-01-13T13:55:14.730+0000][1][gc           ] GC(22) Pause Young (Allocation Failure) 133M->67M(247M) 47.706ms
[2020-01-13T13:55:14.730+0000][1][gc,cpu       ] GC(22) User=0.04s Sys=0.00s Real=0.05s
[2020-01-13T13:55:14.730+0000][1][safepoint    ] Leaving safepoint region
[2020-01-13T13:55:14.730+0000][1][safepoint    ] Total time for which application threads were stopped: 0.0479576 seconds, Stopping threads took: 0.0000404 seconds
[2020-01-13T13:55:15.737+0000][1][safepoint    ] Application time: 1.0077030 seconds
[2020-01-13T13:55:15.737+0000][1][safepoint    ] Entering safepoint region: Cleanup
[2020-01-13T13:55:15.738+0000][1][safepoint    ] Leaving safepoint region
[2020-01-13T13:55:15.738+0000][1][safepoint    ] Total time for which application threads were stopped: 0.0001134 seconds, Stopping threads took: 0.0000319 seconds
[2020-01-13T13:55:16.738+0000][1][safepoint    ] Application time: 1.0001504 seconds
[2020-01-13T13:55:16.738+0000][1][safepoint    ] Entering safepoint region: Cleanup
[2020-01-13T13:55:16.738+0000][1][safepoint    ] Leaving safepoint region
[2020-01-13T13:55:16.738+0000][1][safepoint    ] Total time for which application threads were stopped: 0.0001071 seconds, Stopping threads took: 0.0000319 seconds
[2020-01-13T13:55:18.738+0000][1][safepoint    ] Application time: 2.0002926 seconds
[2020-01-13T13:55:18.738+0000][1][safepoint    ] Entering safepoint region: Cleanup
[2020-01-13T13:55:18.738+0000][1][safepoint    ] Leaving safepoint region
[2020-01-13T13:55:18.738+0000][1][safepoint    ] Total time for which application threads were stopped: 0.0001147 seconds, Stopping threads took: 0.0000251 seconds
[2020-01-13T13:55:19.738+0000][1][safepoint    ] Application time: 1.0000790 seconds
[2020-01-13T13:55:19.739+0000][1][safepoint    ] Entering safepoint region: Cleanup
[2020-01-13T13:55:19.739+0000][1][safepoint    ] Leaving safepoint region
[2020-01-13T13:55:19.739+0000][1][safepoint    ] Total time for which application threads were stopped: 0.0000831 seconds, Stopping threads took: 0.0000176 seconds
[2020-01-13T13:55:25.740+0000][1][safepoint    ] Application time: 6.0008498 seconds
[2020-01-13T13:55:25.740+0000][1][safepoint    ] Entering safepoint region: Cleanup
[2020-01-13T13:55:25.740+0000][1][safepoint    ] Leaving safepoint region
[2020-01-13T13:55:25.740+0000][1][safepoint    ] Total time for which application threads were stopped: 0.0001961 seconds, Stopping threads took: 0.0000311 seconds
[2020-01-13T13:55:30.741+0000][1][safepoint    ] Application time: 5.0007209 seconds
[2020-01-13T13:55:30.741+0000][1][safepoint    ] Entering safepoint region: Cleanup
[2020-01-13T13:55:30.741+0000][1][safepoint    ] Leaving safepoint region
[2020-01-13T13:55:30.741+0000][1][safepoint    ] Total time for which application threads were stopped: 0.0001396 seconds, Stopping threads took: 0.0000335 seconds
[2020-01-13T13:55:31.741+0000][1][safepoint    ] Application time: 1.0001510 seconds
[2020-01-13T13:55:31.741+0000][1][safepoint    ] Entering safepoint region: Cleanup
[2020-01-13T13:55:31.741+0000][1][safepoint    ] Leaving safepoint region
[2020-01-13T13:55:31.741+0000][1][safepoint    ] Total time for which application threads were stopped: 0.0000947 seconds, Stopping threads took: 0.0000242 seconds
[2020-01-13T13:55:35.742+0000][1][safepoint    ] Application time: 4.0006223 seconds
[2020-01-13T13:55:35.743+0000][1][safepoint    ] Entering safepoint region: Cleanup
[2020-01-13T13:55:35.743+0000][1][safepoint    ] Leaving safepoint region
[2020-01-13T13:55:35.743+0000][1][safepoint    ] Total time for which application threads were stopped: 0.0001332 seconds, Stopping threads took: 0.0000490 seconds
[2020-01-13T13:55:42.744+0000][1][safepoint    ] Application time: 7.0010871 seconds
[2020-01-13T13:55:42.744+0000][1][safepoint    ] Entering safepoint region: Cleanup
[2020-01-13T13:55:42.744+0000][1][safepoint    ] Leaving safepoint region
[2020-01-13T13:55:42.744+0000][1][safepoint    ] Total time for which application threads were stopped: 0.0002006 seconds, Stopping threads took: 0.0000521 seconds
[2020-01-13T13:55:43.745+0000][1][safepoint    ] Application time: 1.0001474 seconds
[2020-01-13T13:55:43.745+0000][1][safepoint    ] Entering safepoint region: Cleanup
[2020-01-13T13:55:43.745+0000][1][safepoint    ] Leaving safepoint region
[2020-01-13T13:55:43.745+0000][1][safepoint    ] Total time for which application threads were stopped: 0.0001273 seconds, Stopping threads took: 0.0000305 seconds
[2020-01-13T13:55:46.745+0000][1][safepoint    ] Application time: 3.0004800 seconds
[2020-01-13T13:55:46.745+0000][1][safepoint    ] Entering safepoint region: Cleanup
[2020-01-13T13:55:46.745+0000][1][safepoint    ] Leaving safepoint region
[2020-01-13T13:55:46.745+0000][1][safepoint    ] Total time for which application threads were stopped: 0.0001273 seconds, Stopping threads took: 0.0000515 seconds
[2020-01-13T13:55:47.746+0000][1][safepoint    ] Application time: 1.0001623 seconds
[2020-01-13T13:55:47.746+0000][1][safepoint    ] Entering safepoint region: Cleanup
[2020-01-13T13:55:47.746+0000][1][safepoint    ] Leaving safepoint region
[2020-01-13T13:55:47.746+0000][1][safepoint    ] Total time for which application threads were stopped: 0.0001266 seconds, Stopping threads took: 0.0000338 seconds
[2020-01-13T13:55:50.746+0000][1][safepoint    ] Application time: 3.0005390 seconds
[2020-01-13T13:55:50.746+0000][1][safepoint    ] Entering safepoint region: Cleanup
[2020-01-13T13:55:50.747+0000][1][safepoint    ] Leaving safepoint region
[2020-01-13T13:55:50.747+0000][1][safepoint    ] Total time for which application threads were stopped: 0.0001209 seconds, Stopping threads took: 0.0000321 seconds
[2020-01-13T13:56:00.748+0000][1][safepoint    ] Application time: 10.0014154 seconds
[2020-01-13T13:56:00.748+0000][1][safepoint    ] Entering safepoint region: Cleanup
[2020-01-13T13:56:00.748+0000][1][safepoint    ] Leaving safepoint region
[2020-01-13T13:56:00.748+0000][1][safepoint    ] Total time for which application threads were stopped: 0.0001300 seconds, Stopping threads took: 0.0000313 seconds
[2020-01-13T13:56:01.748+0000][1][safepoint    ] Application time: 1.0001763 seconds
[2020-01-13T13:56:01.748+0000][1][safepoint    ] Entering safepoint region: Cleanup
[2020-01-13T13:56:01.749+0000][1][safepoint    ] Leaving safepoint region
[2020-01-13T13:56:01.749+0000][1][safepoint    ] Total time for which application threads were stopped: 0.0001164 seconds, Stopping threads took: 0.0000334 seconds
[2020-01-13T13:56:05.749+0000][1][safepoint    ] Application time: 4.0006167 seconds
[2020-01-13T13:56:05.750+0000][1][safepoint    ] Entering safepoint region: Cleanup
[2020-01-13T13:56:05.750+0000][1][safepoint    ] Leaving safepoint region
[2020-01-13T13:56:05.750+0000][1][safepoint    ] Total time for which application threads were stopped: 0.0001622 seconds, Stopping threads took: 0.0000461 seconds
[2020-01-13T13:56:10.751+0000][1][safepoint    ] Application time: 5.0007961 seconds
[2020-01-13T13:56:10.752+0000][1][safepoint    ] Entering safepoint region: Cleanup
[2020-01-13T13:56:10.753+0000][1][safepoint    ] Leaving safepoint region
[2020-01-13T13:56:10.753+0000][1][safepoint    ] Total time for which application threads were stopped: 0.0001797 seconds, Stopping threads took: 0.0000758 seconds
[2020-01-13T13:56:17.754+0000][1][safepoint    ] Application time: 7.0010473 seconds
[2020-01-13T13:56:17.754+0000][1][safepoint    ] Entering safepoint region: Cleanup
[2020-01-13T13:56:17.754+0000][1][safepoint    ] Leaving safepoint region
[2020-01-13T13:56:17.754+0000][1][safepoint    ] Total time for which application threads were stopped: 0.0001441 seconds, Stopping threads took: 0.0000281 seconds
[2020-01-13T13:56:20.754+0000][1][safepoint    ] Application time: 3.0005163 seconds
[2020-01-13T13:56:20.754+0000][1][safepoint    ] Entering safepoint region: Cleanup
[2020-01-13T13:56:20.755+0000][1][safepoint    ] Leaving safepoint region
[2020-01-13T13:56:20.755+0000][1][safepoint    ] Total time for which application threads were stopped: 0.0001310 seconds, Stopping threads took: 0.0000320 seconds
[2020-01-13T13:56:21.755+0000][1][safepoint    ] Application time: 1.0001552 seconds
[2020-01-13T13:56:21.755+0000][1][safepoint    ] Entering safepoint region: Cleanup
[2020-01-13T13:56:21.755+0000][1][safepoint    ] Leaving safepoint region
[2020-01-13T13:56:21.755+0000][1][safepoint    ] Total time for which application threads were stopped: 0.0001089 seconds, Stopping threads took: 0.0000318 seconds
[2020-01-13T13:56:34.757+0000][1][safepoint    ] Application time: 13.0020371 seconds
[2020-01-13T13:56:34.757+0000][1][safepoint    ] Entering safepoint region: Cleanup
[2020-01-13T13:56:34.757+0000][1][safepoint    ] Leaving safepoint region
[2020-01-13T13:56:34.757+0000][1][safepoint    ] Total time for which application threads were stopped: 0.0001122 seconds, Stopping threads took: 0.0000276 seconds
[2020-01-13T13:56:35.757+0000][1][safepoint    ] Application time: 1.0002196 seconds
[2020-01-13T13:56:35.757+0000][1][safepoint    ] Entering safepoint region: Cleanup
[2020-01-13T13:56:35.758+0000][1][safepoint    ] Leaving safepoint region
[2020-01-13T13:56:35.758+0000][1][safepoint    ] Total time for which application threads were stopped: 0.0001405 seconds, Stopping threads took: 0.0000266 seconds
[2020-01-13T13:56:37.758+0000][1][safepoint    ] Application time: 2.0004014 seconds
[2020-01-13T13:56:37.758+0000][1][safepoint    ] Entering safepoint region: Cleanup
[2020-01-13T13:56:37.758+0000][1][safepoint    ] Leaving safepoint region
[2020-01-13T13:56:37.758+0000][1][safepoint    ] Total time for which application threads were stopped: 0.0001396 seconds, Stopping threads took: 0.0000345 seconds
[2020-01-13T13:56:39.759+0000][1][safepoint    ] Application time: 2.0004046 seconds
[2020-01-13T13:56:39.759+0000][1][safepoint    ] Entering safepoint region: Cleanup
[2020-01-13T13:56:39.759+0000][1][safepoint    ] Leaving safepoint region
[2020-01-13T13:56:39.759+0000][1][safepoint    ] Total time for which application threads were stopped: 0.0001378 seconds, Stopping threads took: 0.0000415 seconds
[2020-01-13T13:56:40.759+0000][1][safepoint    ] Application time: 1.0001950 seconds
[2020-01-13T13:56:40.759+0000][1][safepoint    ] Entering safepoint region: Cleanup
[2020-01-13T13:56:40.759+0000][1][safepoint    ] Leaving safepoint region
[2020-01-13T13:56:40.759+0000][1][safepoint    ] Total time for which application threads were stopped: 0.0001121 seconds, Stopping threads took: 0.0000286 seconds
[2020-01-13T13:56:49.761+0000][1][safepoint    ] Application time: 9.0017041 seconds
[2020-01-13T13:56:49.761+0000][1][safepoint    ] Entering safepoint region: Cleanup
[2020-01-13T13:56:49.761+0000][1][safepoint    ] Leaving safepoint region
[2020-01-13T13:56:49.761+0000][1][safepoint    ] Total time for which application threads were stopped: 0.0001306 seconds, Stopping threads took: 0.0000451 seconds
[2020-01-13T13:56:51.762+0000][1][safepoint    ] Application time: 2.0004285 seconds
[2020-01-13T13:56:51.762+0000][1][safepoint    ] Entering safepoint region: Cleanup
[2020-01-13T13:56:51.762+0000][1][safepoint    ] Leaving safepoint region
[2020-01-13T13:56:51.762+0000][1][safepoint    ] Total time for which application threads were stopped: 0.0001023 seconds, Stopping threads took: 0.0000268 seconds
[2020-01-13T13:56:57.763+0000][1][safepoint    ] Application time: 6.0011134 seconds
[2020-01-13T13:56:57.763+0000][1][safepoint    ] Entering safepoint region: Cleanup
[2020-01-13T13:56:57.763+0000][1][safepoint    ] Leaving safepoint region
[2020-01-13T13:56:57.763+0000][1][safepoint    ] Total time for which application threads were stopped: 0.0001045 seconds, Stopping threads took: 0.0000259 seconds
[2020-01-13T13:57:00.764+0000][1][safepoint    ] Application time: 3.0004835 seconds
[2020-01-13T13:57:00.764+0000][1][safepoint    ] Entering safepoint region: RevokeBias
[2020-01-13T13:57:00.764+0000][1][safepoint    ] Leaving safepoint region
[2020-01-13T13:57:00.764+0000][1][safepoint    ] Total time for which application threads were stopped: 0.0001119 seconds, Stopping threads took: 0.0000300 seconds
[2020-01-13T13:57:00.764+0000][1][safepoint    ] Application time: 0.0000832 seconds
[2020-01-13T13:57:00.764+0000][1][safepoint    ] Entering safepoint region: RevokeBias
[2020-01-13T13:57:00.764+0000][1][safepoint    ] Leaving safepoint region
[2020-01-13T13:57:00.764+0000][1][safepoint    ] Total time for which application threads were stopped: 0.0000430 seconds, Stopping threads took: 0.0000175 seconds
[2020-01-13T13:57:00.767+0000][1][safepoint    ] Application time: 0.0028689 seconds
[2020-01-13T13:57:00.769+0000][1][safepoint    ] Entering safepoint region: RevokeBias
[2020-01-13T13:57:00.769+0000][1][safepoint    ] Leaving safepoint region
[2020-01-13T13:57:00.769+0000][1][safepoint    ] Total time for which application threads were stopped: 0.0021401 seconds, Stopping threads took: 0.0020663 seconds
[2020-01-13T13:57:00.770+0000][1][safepoint    ] Application time: 0.0012147 seconds
[2020-01-13T13:57:00.770+0000][1][safepoint    ] Entering safepoint region: RevokeBias
[2020-01-13T13:57:00.770+0000][1][safepoint    ] Leaving safepoint region
[2020-01-13T13:57:00.770+0000][1][safepoint    ] Total time for which application threads were stopped: 0.0000995 seconds, Stopping threads took: 0.0000359 seconds
[2020-01-13T13:57:00.771+0000][1][safepoint    ] Application time: 0.0011344 seconds
[2020-01-13T13:57:00.772+0000][1][safepoint    ] Entering safepoint region: RevokeBias
[2020-01-13T13:57:00.772+0000][1][safepoint    ] Leaving safepoint region
[2020-01-13T13:57:00.772+0000][1][safepoint    ] Total time for which application threads were stopped: 0.0001859 seconds, Stopping threads took: 0.0001304 seconds
[2020-01-13T13:57:00.773+0000][1][safepoint    ] Application time: 0.0015141 seconds
[2020-01-13T13:57:00.773+0000][1][safepoint    ] Entering safepoint region: RevokeBias
[2020-01-13T13:57:00.773+0000][1][safepoint    ] Leaving safepoint region
[2020-01-13T13:57:00.773+0000][1][safepoint    ] Total time for which application threads were stopped: 0.0000782 seconds, Stopping threads took: 0.0000171 seconds
[2020-01-13T13:57:00.773+0000][1][safepoint    ] Application time: 0.0000843 seconds
[2020-01-13T13:57:00.773+0000][1][safepoint    ] Entering safepoint region: RevokeBias
[2020-01-13T13:57:00.773+0000][1][safepoint    ] Leaving safepoint region
[2020-01-13T13:57:00.773+0000][1][safepoint    ] Total time for which application threads were stopped: 0.0000508 seconds, Stopping threads took: 0.0000139 seconds
[2020-01-13T13:57:00.774+0000][1][safepoint    ] Application time: 0.0008865 seconds
[2020-01-13T13:57:00.774+0000][1][safepoint    ] Entering safepoint region: RevokeBias
[2020-01-13T13:57:00.774+0000][1][safepoint    ] Leaving safepoint region
[2020-01-13T13:57:00.774+0000][1][safepoint    ] Total time for which application threads were stopped: 0.0000696 seconds, Stopping threads took: 0.0000399 seconds
[2020-01-13T13:57:00.776+0000][1][safepoint    ] Application time: 0.0016665 seconds
[2020-01-13T13:57:00.778+0000][1][safepoint    ] Entering safepoint region: RevokeBias
[2020-01-13T13:57:00.778+0000][1][safepoint    ] Leaving safepoint region
[2020-01-13T13:57:00.778+0000][1][safepoint    ] Total time for which application threads were stopped: 0.0020732 seconds, Stopping threads took: 0.0020248 seconds
[2020-01-13T13:57:00.779+0000][1][safepoint    ] Application time: 0.0007952 seconds
[2020-01-13T13:57:00.780+0000][1][safepoint    ] Entering safepoint region: RevokeBias
[2020-01-13T13:57:00.780+0000][1][safepoint    ] Leaving safepoint region
[2020-01-13T13:57:00.780+0000][1][safepoint    ] Total time for which application threads were stopped: 0.0014906 seconds, Stopping threads took: 0.0014515 seconds
[2020-01-13T13:57:00.781+0000][1][safepoint    ] Application time: 0.0002174 seconds
[2020-01-13T13:57:00.781+0000][1][safepoint    ] Entering safepoint region: RevokeBias
[2020-01-13T13:57:00.781+0000][1][safepoint    ] Leaving safepoint region
[2020-01-13T13:57:00.781+0000][1][safepoint    ] Total time for which application threads were stopped: 0.0000585 seconds, Stopping threads took: 0.0000157 seconds
[2020-01-13T13:57:00.781+0000][1][safepoint    ] Application time: 0.0001137 seconds
[2020-01-13T13:57:00.781+0000][1][safepoint    ] Entering safepoint region: RevokeBias
[2020-01-13T13:57:00.781+0000][1][safepoint    ] Leaving safepoint region
[2020-01-13T13:57:00.781+0000][1][safepoint    ] Total time for which application threads were stopped: 0.0000276 seconds, Stopping threads took: 0.0000117 seconds
[2020-01-13T13:57:00.781+0000][1][safepoint    ] Application time: 0.0002917 seconds
[2020-01-13T13:57:00.783+0000][1][safepoint    ] Entering safepoint region: RevokeBias
[2020-01-13T13:57:00.783+0000][1][safepoint    ] Leaving safepoint region
[2020-01-13T13:57:00.783+0000][1][safepoint    ] Total time for which application threads were stopped: 0.0020760 seconds, Stopping threads took: 0.0020192 seconds
[2020-01-13T13:57:00.784+0000][1][safepoint    ] Application time: 0.0003961 seconds
[2020-01-13T13:57:00.784+0000][1][safepoint    ] Entering safepoint region: RevokeBias
[2020-01-13T13:57:00.784+0000][1][safepoint    ] Leaving safepoint region
[2020-01-13T13:57:00.784+0000][1][safepoint    ] Total time for which application threads were stopped: 0.0000432 seconds, Stopping threads took: 0.0000143 seconds
[2020-01-13T13:57:00.785+0000][1][safepoint    ] Application time: 0.0008835 seconds
[2020-01-13T13:57:00.785+0000][1][safepoint    ] Entering safepoint region: RevokeBias
[2020-01-13T13:57:00.785+0000][1][safepoint    ] Leaving safepoint region
[2020-01-13T13:57:00.785+0000][1][safepoint    ] Total time for which application threads were stopped: 0.0000480 seconds, Stopping threads took: 0.0000085 seconds
[2020-01-13T13:57:00.786+0000][1][safepoint    ] Application time: 0.0014170 seconds
[2020-01-13T13:57:00.786+0000][1][safepoint    ] Entering safepoint region: RevokeBias
[2020-01-13T13:57:00.786+0000][1][safepoint    ] Leaving safepoint region
[2020-01-13T13:57:00.786+0000][1][safepoint    ] Total time for which application threads were stopped: 0.0000431 seconds, Stopping threads took: 0.0000100 seconds
[2020-01-13T13:57:01.100+0000][1][safepoint    ] Application time: 0.3136542 seconds
[2020-01-13T13:57:01.100+0000][1][safepoint    ] Entering safepoint region: RevokeBias
[2020-01-13T13:57:01.100+0000][1][safepoint    ] Leaving safepoint region
[2020-01-13T13:57:01.100+0000][1][safepoint    ] Total time for which application threads were stopped: 0.0001248 seconds, Stopping threads took: 0.0000239 seconds
[2020-01-13T13:57:01.101+0000][1][safepoint    ] Application time: 0.0007427 seconds
[2020-01-13T13:57:01.101+0000][1][safepoint    ] Entering safepoint region: RevokeBias
[2020-01-13T13:57:01.101+0000][1][safepoint    ] Leaving safepoint region
[2020-01-13T13:57:01.101+0000][1][safepoint    ] Total time for which application threads were stopped: 0.0000807 seconds, Stopping threads took: 0.0000180 seconds
[2020-01-13T13:57:01.101+0000][1][safepoint    ] Application time: 0.0000805 seconds
[2020-01-13T13:57:01.101+0000][1][safepoint    ] Entering safepoint region: RevokeBias
[2020-01-13T13:57:01.101+0000][1][safepoint    ] Leaving safepoint region
[2020-01-13T13:57:01.101+0000][1][safepoint    ] Total time for which application threads were stopped: 0.0000370 seconds, Stopping threads took: 0.0000090 seconds
[2020-01-13T13:57:01.102+0000][1][safepoint    ] Application time: 0.0004528 seconds
[2020-01-13T13:57:01.102+0000][1][safepoint    ] Entering safepoint region: RevokeBias
[2020-01-13T13:57:01.102+0000][1][safepoint    ] Leaving safepoint region
[2020-01-13T13:57:01.102+0000][1][safepoint    ] Total time for which application threads were stopped: 0.0000462 seconds, Stopping threads took: 0.0000105 seconds
[2020-01-13T13:57:01.102+0000][1][safepoint    ] Application time: 0.0000376 seconds
[2020-01-13T13:57:01.102+0000][1][safepoint    ] Entering safepoint region: RevokeBias
[2020-01-13T13:57:01.102+0000][1][safepoint    ] Leaving safepoint region
[2020-01-13T13:57:01.102+0000][1][safepoint    ] Total time for which application threads were stopped: 0.0000205 seconds, Stopping threads took: 0.0000058 seconds
[2020-01-13T13:57:01.106+0000][1][safepoint    ] Application time: 0.0045221 seconds
[2020-01-13T13:57:01.106+0000][1][safepoint    ] Entering safepoint region: RevokeBias
[2020-01-13T13:57:01.106+0000][1][safepoint    ] Leaving safepoint region
[2020-01-13T13:57:01.106+0000][1][safepoint    ] Total time for which application threads were stopped: 0.0000814 seconds, Stopping threads took: 0.0000143 seconds
[2020-01-13T13:57:01.109+0000][1][safepoint    ] Application time: 0.0031449 seconds
[2020-01-13T13:57:01.110+0000][1][safepoint    ] Entering safepoint region: RevokeBias
[2020-01-13T13:57:01.110+0000][1][safepoint    ] Leaving safepoint region
[2020-01-13T13:57:01.110+0000][1][safepoint    ] Total time for which application threads were stopped: 0.0001942 seconds, Stopping threads took: 0.0001375 seconds
[2020-01-13T13:57:01.110+0000][1][safepoint    ] Application time: 0.0004607 seconds
[2020-01-13T13:57:01.110+0000][1][safepoint    ] Entering safepoint region: RevokeBias
[2020-01-13T13:57:01.110+0000][1][safepoint    ] Leaving safepoint region
[2020-01-13T13:57:01.110+0000][1][safepoint    ] Total time for which application threads were stopped: 0.0000455 seconds, Stopping threads took: 0.0000110 seconds
[2020-01-13T13:57:01.112+0000][1][safepoint    ] Application time: 0.0015017 seconds
[2020-01-13T13:57:01.112+0000][1][safepoint    ] Entering safepoint region: RevokeBias
[2020-01-13T13:57:01.112+0000][1][safepoint    ] Leaving safepoint region
[2020-01-13T13:57:01.112+0000][1][safepoint    ] Total time for which application threads were stopped: 0.0000719 seconds, Stopping threads took: 0.0000346 seconds
[2020-01-13T13:57:01.112+0000][1][safepoint    ] Application time: 0.0000349 seconds
[2020-01-13T13:57:01.112+0000][1][safepoint    ] Entering safepoint region: RevokeBias
[2020-01-13T13:57:01.112+0000][1][safepoint    ] Leaving safepoint region
[2020-01-13T13:57:01.112+0000][1][safepoint    ] Total time for which application threads were stopped: 0.0000241 seconds, Stopping threads took: 0.0000063 seconds
[2020-01-13T13:57:01.112+0000][1][safepoint    ] Application time: 0.0000233 seconds
[2020-01-13T13:57:01.112+0000][1][safepoint    ] Entering safepoint region: RevokeBias
[2020-01-13T13:57:01.112+0000][1][safepoint    ] Leaving safepoint region
[2020-01-13T13:57:01.112+0000][1][safepoint    ] Total time for which application threads were stopped: 0.0000235 seconds, Stopping threads took: 0.0000065 seconds
[2020-01-13T13:57:01.115+0000][1][safepoint    ] Application time: 0.0033304 seconds
[2020-01-13T13:57:01.116+0000][1][safepoint    ] Entering safepoint region: RevokeBias
[2020-01-13T13:57:01.116+0000][1][safepoint    ] Leaving safepoint region
[2020-01-13T13:57:01.116+0000][1][safepoint    ] Total time for which application threads were stopped: 0.0001206 seconds, Stopping threads took: 0.0000440 seconds
[2020-01-13T13:57:01.117+0000][1][safepoint    ] Application time: 0.0013964 seconds
[2020-01-13T13:57:01.117+0000][1][safepoint    ] Entering safepoint region: RevokeBias
[2020-01-13T13:57:01.117+0000][1][safepoint    ] Leaving safepoint region
[2020-01-13T13:57:01.117+0000][1][safepoint    ] Total time for which application threads were stopped: 0.0000600 seconds, Stopping threads took: 0.0000108 seconds
[2020-01-13T13:57:01.121+0000][1][safepoint    ] Application time: 0.0042338 seconds
[2020-01-13T13:57:01.121+0000][1][safepoint    ] Entering safepoint region: RevokeBias
[2020-01-13T13:57:01.121+0000][1][safepoint    ] Leaving safepoint region
[2020-01-13T13:57:01.121+0000][1][safepoint    ] Total time for which application threads were stopped: 0.0000888 seconds, Stopping threads took: 0.0000253 seconds
[2020-01-13T13:57:01.123+0000][1][safepoint    ] Application time: 0.0019633 seconds
[2020-01-13T13:57:01.124+0000][1][safepoint    ] Entering safepoint region: RevokeBias
[2020-01-13T13:57:01.124+0000][1][safepoint    ] Leaving safepoint region
[2020-01-13T13:57:01.124+0000][1][safepoint    ] Total time for which application threads were stopped: 0.0009087 seconds, Stopping threads took: 0.0008450 seconds
[2020-01-13T13:57:01.124+0000][1][safepoint    ] Application time: 0.0001176 seconds
[2020-01-13T13:57:01.124+0000][1][safepoint    ] Entering safepoint region: RevokeBias
[2020-01-13T13:57:01.125+0000][1][safepoint    ] Leaving safepoint region
[2020-01-13T13:57:01.125+0000][1][safepoint    ] Total time for which application threads were stopped: 0.0000224 seconds, Stopping threads took: 0.0000058 seconds
[2020-01-13T13:57:01.126+0000][1][safepoint    ] Application time: 0.0009954 seconds
[2020-01-13T13:57:01.126+0000][1][safepoint    ] Entering safepoint region: RevokeBias
[2020-01-13T13:57:01.126+0000][1][safepoint    ] Leaving safepoint region
[2020-01-13T13:57:01.126+0000][1][safepoint    ] Total time for which application threads were stopped: 0.0001179 seconds, Stopping threads took: 0.0000359 seconds
[2020-01-13T13:57:01.126+0000][1][safepoint    ] Application time: 0.0001479 seconds
[2020-01-13T13:57:01.126+0000][1][safepoint    ] Entering safepoint region: RevokeBias
[2020-01-13T13:57:01.126+0000][1][safepoint    ] Leaving safepoint region
[2020-01-13T13:57:01.126+0000][1][safepoint    ] Total time for which application threads were stopped: 0.0000422 seconds, Stopping threads took: 0.0000176 seconds
[2020-01-13T13:57:01.127+0000][1][safepoint    ] Application time: 0.0009369 seconds
[2020-01-13T13:57:01.127+0000][1][safepoint    ] Entering safepoint region: RevokeBias
[2020-01-13T13:57:01.127+0000][1][safepoint    ] Leaving safepoint region
[2020-01-13T13:57:01.127+0000][1][safepoint    ] Total time for which application threads were stopped: 0.0001342 seconds, Stopping threads took: 0.0000837 seconds
[2020-01-13T13:57:01.128+0000][1][safepoint    ] Application time: 0.0007253 seconds
[2020-01-13T13:57:01.128+0000][1][safepoint    ] Entering safepoint region: RevokeBias
[2020-01-13T13:57:01.128+0000][1][safepoint    ] Leaving safepoint region
[2020-01-13T13:57:01.128+0000][1][safepoint    ] Total time for which application threads were stopped: 0.0000314 seconds, Stopping threads took: 0.0000078 seconds
[2020-01-13T13:57:01.128+0000][1][safepoint    ] Application time: 0.0001660 seconds
[2020-01-13T13:57:01.128+0000][1][safepoint    ] Entering safepoint region: RevokeBias
[2020-01-13T13:57:01.128+0000][1][safepoint    ] Leaving safepoint region
[2020-01-13T13:57:01.128+0000][1][safepoint    ] Total time for which application threads were stopped: 0.0000304 seconds, Stopping threads took: 0.0000081 seconds
[2020-01-13T13:57:01.129+0000][1][safepoint    ] Application time: 0.0010088 seconds
[2020-01-13T13:57:01.129+0000][1][safepoint    ] Entering safepoint region: RevokeBias
[2020-01-13T13:57:01.129+0000][1][safepoint    ] Leaving safepoint region
[2020-01-13T13:57:01.129+0000][1][safepoint    ] Total time for which application threads were stopped: 0.0000463 seconds, Stopping threads took: 0.0000232 seconds
[2020-01-13T13:57:01.157+0000][1][safepoint    ] Application time: 0.0283793 seconds
[2020-01-13T13:57:01.157+0000][1][safepoint    ] Entering safepoint region: RevokeBias
[2020-01-13T13:57:01.158+0000][1][safepoint    ] Leaving safepoint region
[2020-01-13T13:57:01.158+0000][1][safepoint    ] Total time for which application threads were stopped: 0.0001601 seconds, Stopping threads took: 0.0000258 seconds
[2020-01-13T13:57:01.158+0000][1][safepoint    ] Application time: 0.0000632 seconds
[2020-01-13T13:57:01.158+0000][1][safepoint    ] Entering safepoint region: RevokeBias
[2020-01-13T13:57:01.158+0000][1][safepoint    ] Leaving safepoint region
[2020-01-13T13:57:01.158+0000][1][safepoint    ] Total time for which application threads were stopped: 0.0000319 seconds, Stopping threads took: 0.0000130 seconds
[2020-01-13T13:57:01.158+0000][1][safepoint    ] Application time: 0.0000305 seconds
[2020-01-13T13:57:01.158+0000][1][safepoint    ] Entering safepoint region: RevokeBias
[2020-01-13T13:57:01.158+0000][1][safepoint    ] Leaving safepoint region
[2020-01-13T13:57:01.158+0000][1][safepoint    ] Total time for which application threads were stopped: 0.0000303 seconds, Stopping threads took: 0.0000126 seconds
[2020-01-13T13:57:01.162+0000][1][safepoint    ] Application time: 0.0040598 seconds
[2020-01-13T13:57:01.162+0000][1][safepoint    ] Entering safepoint region: RevokeBias
[2020-01-13T13:57:01.162+0000][1][safepoint    ] Leaving safepoint region
[2020-01-13T13:57:01.162+0000][1][safepoint    ] Total time for which application threads were stopped: 0.0000877 seconds, Stopping threads took: 0.0000259 seconds
[2020-01-13T13:57:01.162+0000][1][safepoint    ] Application time: 0.0004744 seconds
[2020-01-13T13:57:01.163+0000][1][safepoint    ] Entering safepoint region: RevokeBias
[2020-01-13T13:57:01.163+0000][1][safepoint    ] Leaving safepoint region
[2020-01-13T13:57:01.163+0000][1][safepoint    ] Total time for which application threads were stopped: 0.0000598 seconds, Stopping threads took: 0.0000191 seconds
[2020-01-13T13:57:01.163+0000][1][safepoint    ] Application time: 0.0003675 seconds
[2020-01-13T13:57:01.163+0000][1][safepoint    ] Entering safepoint region: RevokeBias
[2020-01-13T13:57:01.163+0000][1][safepoint    ] Leaving safepoint region
[2020-01-13T13:57:01.163+0000][1][safepoint    ] Total time for which application threads were stopped: 0.0000389 seconds, Stopping threads took: 0.0000152 seconds
[2020-01-13T13:57:01.164+0000][1][safepoint    ] Application time: 0.0005338 seconds
[2020-01-13T13:57:01.164+0000][1][safepoint    ] Entering safepoint region: RevokeBias
[2020-01-13T13:57:01.164+0000][1][safepoint    ] Leaving safepoint region
[2020-01-13T13:57:01.164+0000][1][safepoint    ] Total time for which application threads were stopped: 0.0000463 seconds, Stopping threads took: 0.0000168 seconds
[2020-01-13T13:57:01.164+0000][1][safepoint    ] Application time: 0.0002100 seconds
[2020-01-13T13:57:01.164+0000][1][safepoint    ] Entering safepoint region: RevokeBias
[2020-01-13T13:57:01.164+0000][1][safepoint    ] Leaving safepoint region
[2020-01-13T13:57:01.164+0000][1][safepoint    ] Total time for which application threads were stopped: 0.0000304 seconds, Stopping threads took: 0.0000137 seconds
[2020-01-13T13:57:01.164+0000][1][safepoint    ] Application time: 0.0005840 seconds
[2020-01-13T13:57:01.164+0000][1][safepoint    ] Entering safepoint region: RevokeBias
[2020-01-13T13:57:01.165+0000][1][safepoint    ] Leaving safepoint region
[2020-01-13T13:57:01.165+0000][1][safepoint    ] Total time for which application threads were stopped: 0.0000585 seconds, Stopping threads took: 0.0000227 seconds
[2020-01-13T13:57:01.166+0000][1][safepoint    ] Application time: 0.0018368 seconds
[2020-01-13T13:57:01.166+0000][1][safepoint    ] Entering safepoint region: RevokeBias
[2020-01-13T13:57:01.166+0000][1][safepoint    ] Leaving safepoint region
[2020-01-13T13:57:01.166+0000][1][safepoint    ] Total time for which application threads were stopped: 0.0000390 seconds, Stopping threads took: 0.0000174 seconds
[2020-01-13T13:57:01.167+0000][1][safepoint    ] Application time: 0.0001157 seconds
[2020-01-13T13:57:01.167+0000][1][safepoint    ] Entering safepoint region: RevokeBias
[2020-01-13T13:57:01.167+0000][1][safepoint    ] Leaving safepoint region
[2020-01-13T13:57:01.167+0000][1][safepoint    ] Total time for which application threads were stopped: 0.0000300 seconds, Stopping threads took: 0.0000134 seconds
[2020-01-13T13:57:01.167+0000][1][safepoint    ] Application time: 0.0000815 seconds
[2020-01-13T13:57:01.167+0000][1][safepoint    ] Entering safepoint region: RevokeBias
[2020-01-13T13:57:01.167+0000][1][safepoint    ] Leaving safepoint region
[2020-01-13T13:57:01.167+0000][1][safepoint    ] Total time for which application threads were stopped: 0.0000256 seconds, Stopping threads took: 0.0000125 seconds
[2020-01-13T13:57:01.167+0000][1][safepoint    ] Application time: 0.0000458 seconds
[2020-01-13T13:57:01.167+0000][1][safepoint    ] Entering safepoint region: RevokeBias
[2020-01-13T13:57:01.167+0000][1][safepoint    ] Leaving safepoint region
[2020-01-13T13:57:01.167+0000][1][safepoint    ] Total time for which application threads were stopped: 0.0000221 seconds, Stopping threads took: 0.0000121 seconds
[2020-01-13T13:57:01.171+0000][1][safepoint    ] Application time: 0.0045993 seconds
[2020-01-13T13:57:01.171+0000][1][safepoint    ] Entering safepoint region: RevokeBias
[2020-01-13T13:57:01.172+0000][1][safepoint    ] Leaving safepoint region
[2020-01-13T13:57:01.172+0000][1][safepoint    ] Total time for which application threads were stopped: 0.0000808 seconds, Stopping threads took: 0.0000262 seconds
[2020-01-13T13:57:01.172+0000][1][safepoint    ] Application time: 0.0000427 seconds
[2020-01-13T13:57:01.172+0000][1][safepoint    ] Entering safepoint region: RevokeBias
[2020-01-13T13:57:01.172+0000][1][safepoint    ] Leaving safepoint region
[2020-01-13T13:57:01.172+0000][1][safepoint    ] Total time for which application threads were stopped: 0.0000420 seconds, Stopping threads took: 0.0000184 seconds
[2020-01-13T13:57:01.172+0000][1][safepoint    ] Application time: 0.0000320 seconds
[2020-01-13T13:57:01.172+0000][1][safepoint    ] Entering safepoint region: RevokeBias
[2020-01-13T13:57:01.172+0000][1][safepoint    ] Leaving safepoint region
[2020-01-13T13:57:01.172+0000][1][safepoint    ] Total time for which application threads were stopped: 0.0000389 seconds, Stopping threads took: 0.0000182 seconds
[2020-01-13T13:57:01.172+0000][1][safepoint    ] Application time: 0.0003795 seconds
[2020-01-13T13:57:01.173+0000][1][safepoint    ] Entering safepoint region: RevokeBias
[2020-01-13T13:57:01.173+0000][1][safepoint    ] Leaving safepoint region
[2020-01-13T13:57:01.173+0000][1][safepoint    ] Total time for which application threads were stopped: 0.0013063 seconds, Stopping threads took: 0.0012604 seconds
[2020-01-13T13:57:01.185+0000][1][gc,heap,exit ] Heap
[2020-01-13T13:57:01.185+0000][1][gc,heap,exit ]  par new generation   total 76672K, used 59131K [0x00000000f0000000, 0x00000000f5330000, 0x00000000f5330000)
[2020-01-13T13:57:01.185+0000][1][gc,heap,exit ]   eden space 68160K,  77% used [0x00000000f0000000, 0x00000000f33c1900, 0x00000000f4290000)
[2020-01-13T13:57:01.185+0000][1][gc,heap,exit ]   from space 8512K,  72% used [0x00000000f4ae0000, 0x00000000f50dd3e0, 0x00000000f5330000)
[2020-01-13T13:57:01.185+0000][1][gc,heap,exit ]   to   space 8512K,   0% used [0x00000000f4290000, 0x00000000f4290000, 0x00000000f4ae0000)
[2020-01-13T13:57:01.185+0000][1][gc,heap,exit ]  concurrent mark-sweep generation total 176960K, used 62602K [0x00000000f5330000, 0x0000000100000000, 0x0000000100000000)
[2020-01-13T13:57:01.185+0000][1][gc,heap,exit ]  Metaspace       used 63911K, capacity 68680K, committed 69088K, reserved 1107968K
[2020-01-13T13:57:01.185+0000][1][gc,heap,exit ]   class space    used 8671K, capacity 10675K, committed 10792K, reserved 1048576K
[2020-01-13T13:57:01.185+0000][1][safepoint    ] Application time: 0.0120654 seconds
[2020-01-13T13:57:01.186+0000][1][safepoint    ] Entering safepoint region: Exit
