[2020-01-13T14:12:24.100+0000][1][gc] Using Concurrent Mark Sweep
[2020-01-13T14:12:24.100+0000][1][gc,heap,coops] Heap address: 0x00000000f0000000, size: 256 MB, Compressed Oops mode: 32-bit
[2020-01-13T14:12:24.175+0000][1][safepoint    ] Entering safepoint region: EnableBiasedLocking
[2020-01-13T14:12:24.175+0000][1][safepoint    ] Leaving safepoint region
[2020-01-13T14:12:24.175+0000][1][safepoint    ] Total time for which application threads were stopped: 0.0021446 seconds, Stopping threads took: 0.0020678 seconds
[2020-01-13T14:12:24.184+0000][1][safepoint    ] Application time: 0.0087396 seconds
[2020-01-13T14:12:24.184+0000][1][safepoint    ] Entering safepoint region: RevokeBias
[2020-01-13T14:12:24.184+0000][1][safepoint    ] Leaving safepoint region
[2020-01-13T14:12:24.184+0000][1][safepoint    ] Total time for which application threads were stopped: 0.0000755 seconds, Stopping threads took: 0.0000328 seconds
[2020-01-13T14:12:24.211+0000][1][safepoint    ] Application time: 0.0272158 seconds
[2020-01-13T14:12:24.211+0000][1][safepoint    ] Entering safepoint region: Deoptimize
[2020-01-13T14:12:24.211+0000][1][safepoint    ] Leaving safepoint region
[2020-01-13T14:12:24.211+0000][1][safepoint    ] Total time for which application threads were stopped: 0.0000809 seconds, Stopping threads took: 0.0000320 seconds
[2020-01-13T14:12:24.431+0000][1][safepoint    ] Application time: 0.2202610 seconds
[2020-01-13T14:12:24.431+0000][1][safepoint    ] Entering safepoint region: Deoptimize
[2020-01-13T14:12:24.432+0000][1][safepoint    ] Leaving safepoint region
[2020-01-13T14:12:24.432+0000][1][safepoint    ] Total time for which application threads were stopped: 0.0001348 seconds, Stopping threads took: 0.0000207 seconds
[2020-01-13T14:12:25.044+0000][1][safepoint    ] Application time: 0.6123775 seconds
[2020-01-13T14:12:25.044+0000][1][safepoint    ] Entering safepoint region: Deoptimize
[2020-01-13T14:12:25.044+0000][1][safepoint    ] Leaving safepoint region
[2020-01-13T14:12:25.044+0000][1][safepoint    ] Total time for which application threads were stopped: 0.0002599 seconds, Stopping threads took: 0.0000186 seconds
[2020-01-13T14:12:25.116+0000][1][safepoint    ] Application time: 0.0721647 seconds
[2020-01-13T14:12:25.117+0000][1][safepoint    ] Entering safepoint region: Deoptimize
[2020-01-13T14:12:25.117+0000][1][safepoint    ] Leaving safepoint region
[2020-01-13T14:12:25.117+0000][1][safepoint    ] Total time for which application threads were stopped: 0.0002514 seconds, Stopping threads took: 0.0000424 seconds
[2020-01-13T14:12:25.179+0000][1][safepoint    ] Application time: 0.0621569 seconds
[2020-01-13T14:12:25.180+0000][1][safepoint    ] Entering safepoint region: Deoptimize
[2020-01-13T14:12:25.180+0000][1][safepoint    ] Leaving safepoint region
[2020-01-13T14:12:25.180+0000][1][safepoint    ] Total time for which application threads were stopped: 0.0015279 seconds, Stopping threads took: 0.0013416 seconds
[2020-01-13T14:12:25.218+0000][1][safepoint    ] Application time: 0.0374196 seconds
[2020-01-13T14:12:25.218+0000][1][safepoint    ] Entering safepoint region: Deoptimize
[2020-01-13T14:12:25.218+0000][1][safepoint    ] Leaving safepoint region
[2020-01-13T14:12:25.218+0000][1][safepoint    ] Total time for which application threads were stopped: 0.0001986 seconds, Stopping threads took: 0.0000207 seconds
[2020-01-13T14:12:26.103+0000][1][safepoint    ] Application time: 0.8846447 seconds
[2020-01-13T14:12:26.103+0000][1][safepoint    ] Entering safepoint region: Deoptimize
[2020-01-13T14:12:26.103+0000][1][safepoint    ] Leaving safepoint region
[2020-01-13T14:12:26.103+0000][1][safepoint    ] Total time for which application threads were stopped: 0.0003080 seconds, Stopping threads took: 0.0000205 seconds
[2020-01-13T14:12:26.707+0000][1][safepoint    ] Application time: 0.6039174 seconds
[2020-01-13T14:12:26.707+0000][1][safepoint    ] Entering safepoint region: Deoptimize
[2020-01-13T14:12:26.707+0000][1][safepoint    ] Leaving safepoint region
[2020-01-13T14:12:26.708+0000][1][safepoint    ] Total time for which application threads were stopped: 0.0004015 seconds, Stopping threads took: 0.0000259 seconds
[2020-01-13T14:12:26.919+0000][1][safepoint    ] Application time: 0.2114411 seconds
[2020-01-13T14:12:26.920+0000][1][safepoint    ] Entering safepoint region: Deoptimize
[2020-01-13T14:12:26.921+0000][1][safepoint    ] Leaving safepoint region
[2020-01-13T14:12:26.921+0000][1][safepoint    ] Total time for which application threads were stopped: 0.0016573 seconds, Stopping threads took: 0.0012870 seconds
[2020-01-13T14:12:26.921+0000][1][safepoint    ] Application time: 0.0001175 seconds
[2020-01-13T14:12:26.921+0000][1][safepoint    ] Entering safepoint region: Deoptimize
[2020-01-13T14:12:26.921+0000][1][safepoint    ] Leaving safepoint region
[2020-01-13T14:12:26.921+0000][1][safepoint    ] Total time for which application threads were stopped: 0.0001331 seconds, Stopping threads took: 0.0000151 seconds
[2020-01-13T14:12:26.961+0000][1][safepoint    ] Application time: 0.0403784 seconds
[2020-01-13T14:12:26.961+0000][1][safepoint    ] Entering safepoint region: Deoptimize
[2020-01-13T14:12:26.962+0000][1][safepoint    ] Leaving safepoint region
[2020-01-13T14:12:26.962+0000][1][safepoint    ] Total time for which application threads were stopped: 0.0003039 seconds, Stopping threads took: 0.0000196 seconds
[2020-01-13T14:12:26.977+0000][1][safepoint    ] Application time: 0.0157338 seconds
[2020-01-13T14:12:26.977+0000][1][safepoint    ] Entering safepoint region: Deoptimize
[2020-01-13T14:12:26.978+0000][1][safepoint    ] Leaving safepoint region
[2020-01-13T14:12:26.978+0000][1][safepoint    ] Total time for which application threads were stopped: 0.0003498 seconds, Stopping threads took: 0.0000198 seconds
[2020-01-13T14:12:26.992+0000][1][safepoint    ] Application time: 0.0140389 seconds
[2020-01-13T14:12:26.992+0000][1][safepoint    ] Entering safepoint region: RevokeBias
[2020-01-13T14:12:26.992+0000][1][safepoint    ] Leaving safepoint region
[2020-01-13T14:12:26.992+0000][1][safepoint    ] Total time for which application threads were stopped: 0.0002018 seconds, Stopping threads took: 0.0001571 seconds
[2020-01-13T14:12:26.992+0000][1][safepoint    ] Application time: 0.0000381 seconds
[2020-01-13T14:12:26.992+0000][1][safepoint    ] Entering safepoint region: RevokeBias
[2020-01-13T14:12:26.992+0000][1][safepoint    ] Leaving safepoint region
[2020-01-13T14:12:26.992+0000][1][safepoint    ] Total time for which application threads were stopped: 0.0000277 seconds, Stopping threads took: 0.0000122 seconds
[2020-01-13T14:12:26.992+0000][1][safepoint    ] Application time: 0.0000418 seconds
[2020-01-13T14:12:26.992+0000][1][safepoint    ] Entering safepoint region: RevokeBias
[2020-01-13T14:12:26.992+0000][1][safepoint    ] Leaving safepoint region
[2020-01-13T14:12:26.992+0000][1][safepoint    ] Total time for which application threads were stopped: 0.0000266 seconds, Stopping threads took: 0.0000121 seconds
[2020-01-13T14:12:26.992+0000][1][safepoint    ] Application time: 0.0001296 seconds
[2020-01-13T14:12:26.992+0000][1][safepoint    ] Entering safepoint region: RevokeBias
[2020-01-13T14:12:26.992+0000][1][safepoint    ] Leaving safepoint region
[2020-01-13T14:12:26.992+0000][1][safepoint    ] Total time for which application threads were stopped: 0.0000328 seconds, Stopping threads took: 0.0000141 seconds
[2020-01-13T14:12:26.996+0000][1][safepoint    ] Application time: 0.0034330 seconds
[2020-01-13T14:12:26.996+0000][1][safepoint    ] Entering safepoint region: Deoptimize
[2020-01-13T14:12:26.996+0000][1][safepoint    ] Leaving safepoint region
[2020-01-13T14:12:26.996+0000][1][safepoint    ] Total time for which application threads were stopped: 0.0002972 seconds, Stopping threads took: 0.0000187 seconds
[2020-01-13T14:12:27.237+0000][1][safepoint    ] Application time: 0.2407653 seconds
[2020-01-13T14:12:27.237+0000][1][safepoint    ] Entering safepoint region: GenCollectForAllocation
[2020-01-13T14:12:27.237+0000][1][gc,start     ] GC(0) Pause Young (Allocation Failure)
[2020-01-13T14:12:27.237+0000][1][gc,task      ] GC(0) Using 1 workers of 1 for evacuation
[2020-01-13T14:12:27.259+0000][1][gc,age       ] GC(0) Desired survivor size 4358144 bytes, new threshold 1 (max threshold 6)
[2020-01-13T14:12:27.259+0000][1][gc,age       ] GC(0) Age table with threshold 1 (max threshold 6)
[2020-01-13T14:12:27.259+0000][1][gc,age       ] GC(0) - age   1:    6336392 bytes,    6336392 total
[2020-01-13T14:12:27.259+0000][1][gc,heap      ] GC(0) ParNew: 68160K->6218K(76672K)
[2020-01-13T14:12:27.259+0000][1][gc,heap      ] GC(0) CMS: 0K->0K(176960K)
[2020-01-13T14:12:27.259+0000][1][gc,metaspace ] GC(0) Metaspace: 12238K->12238K(1060864K)
[2020-01-13T14:12:27.259+0000][1][gc           ] GC(0) Pause Young (Allocation Failure) 66M->6M(247M) 21.676ms
[2020-01-13T14:12:27.259+0000][1][gc,cpu       ] GC(0) User=0.02s Sys=0.00s Real=0.03s
[2020-01-13T14:12:27.259+0000][1][safepoint    ] Leaving safepoint region
[2020-01-13T14:12:27.259+0000][1][safepoint    ] Total time for which application threads were stopped: 0.0218367 seconds, Stopping threads took: 0.0000239 seconds
[2020-01-13T14:12:27.267+0000][1][safepoint    ] Application time: 0.0084591 seconds
[2020-01-13T14:12:27.267+0000][1][safepoint    ] Entering safepoint region: RevokeBias
[2020-01-13T14:12:27.267+0000][1][safepoint    ] Leaving safepoint region
[2020-01-13T14:12:27.267+0000][1][safepoint    ] Total time for which application threads were stopped: 0.0001043 seconds, Stopping threads took: 0.0000106 seconds
[2020-01-13T14:12:27.267+0000][1][safepoint    ] Application time: 0.0000650 seconds
[2020-01-13T14:12:27.267+0000][1][safepoint    ] Entering safepoint region: RevokeBias
[2020-01-13T14:12:27.268+0000][1][safepoint    ] Leaving safepoint region
[2020-01-13T14:12:27.268+0000][1][safepoint    ] Total time for which application threads were stopped: 0.0000425 seconds, Stopping threads took: 0.0000054 seconds
[2020-01-13T14:12:27.268+0000][1][safepoint    ] Application time: 0.0000257 seconds
[2020-01-13T14:12:27.268+0000][1][safepoint    ] Entering safepoint region: RevokeBias
[2020-01-13T14:12:27.268+0000][1][safepoint    ] Leaving safepoint region
[2020-01-13T14:12:27.268+0000][1][safepoint    ] Total time for which application threads were stopped: 0.0000269 seconds, Stopping threads took: 0.0000051 seconds
[2020-01-13T14:12:27.268+0000][1][safepoint    ] Application time: 0.0000146 seconds
[2020-01-13T14:12:27.268+0000][1][safepoint    ] Entering safepoint region: RevokeBias
[2020-01-13T14:12:27.268+0000][1][safepoint    ] Leaving safepoint region
[2020-01-13T14:12:27.268+0000][1][safepoint    ] Total time for which application threads were stopped: 0.0000249 seconds, Stopping threads took: 0.0000048 seconds
[2020-01-13T14:12:27.268+0000][1][safepoint    ] Application time: 0.0000168 seconds
[2020-01-13T14:12:27.268+0000][1][safepoint    ] Entering safepoint region: RevokeBias
[2020-01-13T14:12:27.268+0000][1][safepoint    ] Leaving safepoint region
[2020-01-13T14:12:27.268+0000][1][safepoint    ] Total time for which application threads were stopped: 0.0000252 seconds, Stopping threads took: 0.0000047 seconds
[2020-01-13T14:12:27.268+0000][1][safepoint    ] Application time: 0.0005669 seconds
[2020-01-13T14:12:27.268+0000][1][safepoint    ] Entering safepoint region: RevokeBias
[2020-01-13T14:12:27.268+0000][1][safepoint    ] Leaving safepoint region
[2020-01-13T14:12:27.268+0000][1][safepoint    ] Total time for which application threads were stopped: 0.0000435 seconds, Stopping threads took: 0.0000075 seconds
[2020-01-13T14:12:27.268+0000][1][safepoint    ] Application time: 0.0000293 seconds
[2020-01-13T14:12:27.268+0000][1][safepoint    ] Entering safepoint region: RevokeBias
[2020-01-13T14:12:27.268+0000][1][safepoint    ] Leaving safepoint region
[2020-01-13T14:12:27.268+0000][1][safepoint    ] Total time for which application threads were stopped: 0.0000321 seconds, Stopping threads took: 0.0000052 seconds
[2020-01-13T14:12:27.268+0000][1][safepoint    ] Application time: 0.0000149 seconds
[2020-01-13T14:12:27.268+0000][1][safepoint    ] Entering safepoint region: RevokeBias
[2020-01-13T14:12:27.268+0000][1][safepoint    ] Leaving safepoint region
[2020-01-13T14:12:27.268+0000][1][safepoint    ] Total time for which application threads were stopped: 0.0000360 seconds, Stopping threads took: 0.0000149 seconds
[2020-01-13T14:12:27.268+0000][1][safepoint    ] Application time: 0.0000180 seconds
[2020-01-13T14:12:27.268+0000][1][safepoint    ] Entering safepoint region: RevokeBias
[2020-01-13T14:12:27.269+0000][1][safepoint    ] Leaving safepoint region
[2020-01-13T14:12:27.269+0000][1][safepoint    ] Total time for which application threads were stopped: 0.0000351 seconds, Stopping threads took: 0.0000048 seconds
[2020-01-13T14:12:27.269+0000][1][safepoint    ] Application time: 0.0008222 seconds
[2020-01-13T14:12:27.270+0000][1][safepoint    ] Entering safepoint region: RevokeBias
[2020-01-13T14:12:27.270+0000][1][safepoint    ] Leaving safepoint region
[2020-01-13T14:12:27.270+0000][1][safepoint    ] Total time for which application threads were stopped: 0.0009793 seconds, Stopping threads took: 0.0009296 seconds
[2020-01-13T14:12:27.270+0000][1][safepoint    ] Application time: 0.0000341 seconds
[2020-01-13T14:12:27.270+0000][1][safepoint    ] Entering safepoint region: RevokeBias
[2020-01-13T14:12:27.270+0000][1][safepoint    ] Leaving safepoint region
[2020-01-13T14:12:27.270+0000][1][safepoint    ] Total time for which application threads were stopped: 0.0000312 seconds, Stopping threads took: 0.0000052 seconds
[2020-01-13T14:12:27.270+0000][1][safepoint    ] Application time: 0.0000150 seconds
[2020-01-13T14:12:27.270+0000][1][safepoint    ] Entering safepoint region: RevokeBias
[2020-01-13T14:12:27.270+0000][1][safepoint    ] Leaving safepoint region
[2020-01-13T14:12:27.270+0000][1][safepoint    ] Total time for which application threads were stopped: 0.0000280 seconds, Stopping threads took: 0.0000047 seconds
[2020-01-13T14:12:27.270+0000][1][safepoint    ] Application time: 0.0000175 seconds
[2020-01-13T14:12:27.271+0000][1][safepoint    ] Entering safepoint region: RevokeBias
[2020-01-13T14:12:27.271+0000][1][safepoint    ] Leaving safepoint region
[2020-01-13T14:12:27.271+0000][1][safepoint    ] Total time for which application threads were stopped: 0.0000287 seconds, Stopping threads took: 0.0000049 seconds
[2020-01-13T14:12:27.271+0000][1][safepoint    ] Application time: 0.0000145 seconds
[2020-01-13T14:12:27.271+0000][1][safepoint    ] Entering safepoint region: RevokeBias
[2020-01-13T14:12:27.271+0000][1][safepoint    ] Leaving safepoint region
[2020-01-13T14:12:27.271+0000][1][safepoint    ] Total time for which application threads were stopped: 0.0000277 seconds, Stopping threads took: 0.0000048 seconds
[2020-01-13T14:12:27.271+0000][1][safepoint    ] Application time: 0.0000298 seconds
[2020-01-13T14:12:27.271+0000][1][safepoint    ] Entering safepoint region: RevokeBias
[2020-01-13T14:12:27.271+0000][1][safepoint    ] Leaving safepoint region
[2020-01-13T14:12:27.271+0000][1][safepoint    ] Total time for which application threads were stopped: 0.0000281 seconds, Stopping threads took: 0.0000048 seconds
[2020-01-13T14:12:27.271+0000][1][safepoint    ] Application time: 0.0000143 seconds
[2020-01-13T14:12:27.271+0000][1][safepoint    ] Entering safepoint region: RevokeBias
[2020-01-13T14:12:27.271+0000][1][safepoint    ] Leaving safepoint region
[2020-01-13T14:12:27.271+0000][1][safepoint    ] Total time for which application threads were stopped: 0.0000274 seconds, Stopping threads took: 0.0000047 seconds
[2020-01-13T14:12:27.271+0000][1][safepoint    ] Application time: 0.0000161 seconds
[2020-01-13T14:12:27.271+0000][1][safepoint    ] Entering safepoint region: RevokeBias
[2020-01-13T14:12:27.271+0000][1][safepoint    ] Leaving safepoint region
[2020-01-13T14:12:27.271+0000][1][safepoint    ] Total time for which application threads were stopped: 0.0000279 seconds, Stopping threads took: 0.0000047 seconds
[2020-01-13T14:12:27.271+0000][1][safepoint    ] Application time: 0.0000142 seconds
[2020-01-13T14:12:27.271+0000][1][safepoint    ] Entering safepoint region: RevokeBias
[2020-01-13T14:12:27.271+0000][1][safepoint    ] Leaving safepoint region
[2020-01-13T14:12:27.271+0000][1][safepoint    ] Total time for which application threads were stopped: 0.0000347 seconds, Stopping threads took: 0.0000114 seconds
[2020-01-13T14:12:27.271+0000][1][safepoint    ] Application time: 0.0000165 seconds
[2020-01-13T14:12:27.271+0000][1][safepoint    ] Entering safepoint region: RevokeBias
[2020-01-13T14:12:27.271+0000][1][safepoint    ] Leaving safepoint region
[2020-01-13T14:12:27.271+0000][1][safepoint    ] Total time for which application threads were stopped: 0.0000275 seconds, Stopping threads took: 0.0000047 seconds
[2020-01-13T14:12:27.271+0000][1][safepoint    ] Application time: 0.0000140 seconds
[2020-01-13T14:12:27.271+0000][1][safepoint    ] Entering safepoint region: RevokeBias
[2020-01-13T14:12:27.271+0000][1][safepoint    ] Leaving safepoint region
[2020-01-13T14:12:27.271+0000][1][safepoint    ] Total time for which application threads were stopped: 0.0000271 seconds, Stopping threads took: 0.0000047 seconds
[2020-01-13T14:12:27.271+0000][1][safepoint    ] Application time: 0.0000160 seconds
[2020-01-13T14:12:27.271+0000][1][safepoint    ] Entering safepoint region: RevokeBias
[2020-01-13T14:12:27.271+0000][1][safepoint    ] Leaving safepoint region
[2020-01-13T14:12:27.271+0000][1][safepoint    ] Total time for which application threads were stopped: 0.0000275 seconds, Stopping threads took: 0.0000047 seconds
[2020-01-13T14:12:27.271+0000][1][safepoint    ] Application time: 0.0000141 seconds
[2020-01-13T14:12:27.271+0000][1][safepoint    ] Entering safepoint region: RevokeBias
[2020-01-13T14:12:27.271+0000][1][safepoint    ] Leaving safepoint region
[2020-01-13T14:12:27.271+0000][1][safepoint    ] Total time for which application threads were stopped: 0.0000269 seconds, Stopping threads took: 0.0000046 seconds
[2020-01-13T14:12:27.273+0000][1][safepoint    ] Application time: 0.0021503 seconds
[2020-01-13T14:12:27.273+0000][1][safepoint    ] Entering safepoint region: RevokeBias
[2020-01-13T14:12:27.273+0000][1][safepoint    ] Leaving safepoint region
[2020-01-13T14:12:27.273+0000][1][safepoint    ] Total time for which application threads were stopped: 0.0000739 seconds, Stopping threads took: 0.0000196 seconds
[2020-01-13T14:12:27.275+0000][1][safepoint    ] Application time: 0.0012354 seconds
[2020-01-13T14:12:27.275+0000][1][safepoint    ] Entering safepoint region: RevokeBias
[2020-01-13T14:12:27.275+0000][1][safepoint    ] Leaving safepoint region
[2020-01-13T14:12:27.275+0000][1][safepoint    ] Total time for which application threads were stopped: 0.0007865 seconds, Stopping threads took: 0.0007546 seconds
[2020-01-13T14:12:27.276+0000][1][safepoint    ] Application time: 0.0005354 seconds
[2020-01-13T14:12:27.276+0000][1][safepoint    ] Entering safepoint region: RevokeBias
[2020-01-13T14:12:27.276+0000][1][safepoint    ] Leaving safepoint region
[2020-01-13T14:12:27.276+0000][1][safepoint    ] Total time for which application threads were stopped: 0.0000366 seconds, Stopping threads took: 0.0000064 seconds
[2020-01-13T14:12:27.276+0000][1][safepoint    ] Application time: 0.0000186 seconds
[2020-01-13T14:12:27.276+0000][1][safepoint    ] Entering safepoint region: RevokeBias
[2020-01-13T14:12:27.276+0000][1][safepoint    ] Leaving safepoint region
[2020-01-13T14:12:27.276+0000][1][safepoint    ] Total time for which application threads were stopped: 0.0000205 seconds, Stopping threads took: 0.0000041 seconds
[2020-01-13T14:12:27.276+0000][1][safepoint    ] Application time: 0.0000270 seconds
[2020-01-13T14:12:27.276+0000][1][safepoint    ] Entering safepoint region: RevokeBias
[2020-01-13T14:12:27.276+0000][1][safepoint    ] Leaving safepoint region
[2020-01-13T14:12:27.276+0000][1][safepoint    ] Total time for which application threads were stopped: 0.0000199 seconds, Stopping threads took: 0.0000041 seconds
[2020-01-13T14:12:27.276+0000][1][safepoint    ] Application time: 0.0000122 seconds
[2020-01-13T14:12:27.276+0000][1][safepoint    ] Entering safepoint region: RevokeBias
[2020-01-13T14:12:27.276+0000][1][safepoint    ] Leaving safepoint region
[2020-01-13T14:12:27.276+0000][1][safepoint    ] Total time for which application threads were stopped: 0.0000247 seconds, Stopping threads took: 0.0000090 seconds
[2020-01-13T14:12:27.639+0000][1][safepoint    ] Application time: 0.3632697 seconds
[2020-01-13T14:12:27.639+0000][1][safepoint    ] Entering safepoint region: Deoptimize
[2020-01-13T14:12:27.640+0000][1][safepoint    ] Leaving safepoint region
[2020-01-13T14:12:27.640+0000][1][safepoint    ] Total time for which application threads were stopped: 0.0005637 seconds, Stopping threads took: 0.0000287 seconds
[2020-01-13T14:12:27.898+0000][1][safepoint    ] Application time: 0.2580711 seconds
[2020-01-13T14:12:27.898+0000][1][safepoint    ] Entering safepoint region: RevokeBias
[2020-01-13T14:12:27.899+0000][1][safepoint    ] Leaving safepoint region
[2020-01-13T14:12:27.899+0000][1][safepoint    ] Total time for which application threads were stopped: 0.0004878 seconds, Stopping threads took: 0.0003451 seconds
[2020-01-13T14:12:28.143+0000][1][safepoint    ] Application time: 0.2445898 seconds
[2020-01-13T14:12:28.146+0000][1][safepoint    ] Entering safepoint region: GenCollectForAllocation
[2020-01-13T14:12:28.146+0000][1][gc,start     ] GC(1) Pause Young (Allocation Failure)
[2020-01-13T14:12:28.146+0000][1][gc,task      ] GC(1) Using 1 workers of 1 for evacuation
[2020-01-13T14:12:28.195+0000][1][gc,age       ] GC(1) Desired survivor size 4358144 bytes, new threshold 6 (max threshold 6)
[2020-01-13T14:12:28.195+0000][1][gc,age       ] GC(1) Age table with threshold 6 (max threshold 6)
[2020-01-13T14:12:28.195+0000][1][gc,age       ] GC(1) - age   1:    2780968 bytes,    2780968 total
[2020-01-13T14:12:28.195+0000][1][gc,heap      ] GC(1) ParNew: 74378K->4120K(76672K)
[2020-01-13T14:12:28.195+0000][1][gc,heap      ] GC(1) CMS: 0K->6662K(176960K)
[2020-01-13T14:12:28.195+0000][1][gc,metaspace ] GC(1) Metaspace: 14734K->14734K(1062912K)
[2020-01-13T14:12:28.195+0000][1][gc           ] GC(1) Pause Young (Allocation Failure) 72M->10M(247M) 48.930ms
[2020-01-13T14:12:28.195+0000][1][gc,cpu       ] GC(1) User=0.05s Sys=0.00s Real=0.05s
[2020-01-13T14:12:28.195+0000][1][safepoint    ] Leaving safepoint region
[2020-01-13T14:12:28.195+0000][1][safepoint    ] Total time for which application threads were stopped: 0.0521963 seconds, Stopping threads took: 0.0031191 seconds
[2020-01-13T14:12:28.211+0000][1][safepoint    ] Application time: 0.0158371 seconds
[2020-01-13T14:12:28.212+0000][1][safepoint    ] Entering safepoint region: BulkRevokeBias
[2020-01-13T14:12:28.212+0000][1][safepoint    ] Leaving safepoint region
[2020-01-13T14:12:28.212+0000][1][safepoint    ] Total time for which application threads were stopped: 0.0009489 seconds, Stopping threads took: 0.0008131 seconds
[2020-01-13T14:12:28.212+0000][1][safepoint    ] Application time: 0.0000966 seconds
[2020-01-13T14:12:28.212+0000][1][safepoint    ] Entering safepoint region: RevokeBias
[2020-01-13T14:12:28.212+0000][1][safepoint    ] Leaving safepoint region
[2020-01-13T14:12:28.212+0000][1][safepoint    ] Total time for which application threads were stopped: 0.0000380 seconds, Stopping threads took: 0.0000056 seconds
[2020-01-13T14:12:28.212+0000][1][safepoint    ] Application time: 0.0000268 seconds
[2020-01-13T14:12:28.212+0000][1][safepoint    ] Entering safepoint region: RevokeBias
[2020-01-13T14:12:28.212+0000][1][safepoint    ] Leaving safepoint region
[2020-01-13T14:12:28.212+0000][1][safepoint    ] Total time for which application threads were stopped: 0.0000336 seconds, Stopping threads took: 0.0000049 seconds
[2020-01-13T14:12:28.213+0000][1][safepoint    ] Application time: 0.0008373 seconds
[2020-01-13T14:12:28.213+0000][1][safepoint    ] Entering safepoint region: RevokeBias
[2020-01-13T14:12:28.213+0000][1][safepoint    ] Leaving safepoint region
[2020-01-13T14:12:28.213+0000][1][safepoint    ] Total time for which application threads were stopped: 0.0000773 seconds, Stopping threads took: 0.0000329 seconds
[2020-01-13T14:12:28.214+0000][1][safepoint    ] Application time: 0.0001670 seconds
[2020-01-13T14:12:28.214+0000][1][safepoint    ] Entering safepoint region: RevokeBias
[2020-01-13T14:12:28.214+0000][1][safepoint    ] Leaving safepoint region
[2020-01-13T14:12:28.214+0000][1][safepoint    ] Total time for which application threads were stopped: 0.0000370 seconds, Stopping threads took: 0.0000154 seconds
[2020-01-13T14:12:28.214+0000][1][safepoint    ] Application time: 0.0000155 seconds
[2020-01-13T14:12:28.214+0000][1][safepoint    ] Entering safepoint region: RevokeBias
[2020-01-13T14:12:28.214+0000][1][safepoint    ] Leaving safepoint region
[2020-01-13T14:12:28.214+0000][1][safepoint    ] Total time for which application threads were stopped: 0.0000200 seconds, Stopping threads took: 0.0000047 seconds
[2020-01-13T14:12:28.214+0000][1][safepoint    ] Application time: 0.0000167 seconds
[2020-01-13T14:12:28.214+0000][1][safepoint    ] Entering safepoint region: RevokeBias
[2020-01-13T14:12:28.214+0000][1][safepoint    ] Leaving safepoint region
[2020-01-13T14:12:28.214+0000][1][safepoint    ] Total time for which application threads were stopped: 0.0000198 seconds, Stopping threads took: 0.0000048 seconds
[2020-01-13T14:12:28.214+0000][1][safepoint    ] Application time: 0.0000145 seconds
[2020-01-13T14:12:28.214+0000][1][safepoint    ] Entering safepoint region: RevokeBias
[2020-01-13T14:12:28.214+0000][1][safepoint    ] Leaving safepoint region
[2020-01-13T14:12:28.214+0000][1][safepoint    ] Total time for which application threads were stopped: 0.0000193 seconds, Stopping threads took: 0.0000048 seconds
[2020-01-13T14:12:28.214+0000][1][safepoint    ] Application time: 0.0000166 seconds
[2020-01-13T14:12:28.214+0000][1][safepoint    ] Entering safepoint region: BulkRevokeBias
[2020-01-13T14:12:28.214+0000][1][safepoint    ] Leaving safepoint region
[2020-01-13T14:12:28.214+0000][1][safepoint    ] Total time for which application threads were stopped: 0.0000493 seconds, Stopping threads took: 0.0000048 seconds
[2020-01-13T14:12:28.214+0000][1][safepoint    ] Application time: 0.0000144 seconds
[2020-01-13T14:12:28.214+0000][1][safepoint    ] Entering safepoint region: RevokeBias
[2020-01-13T14:12:28.214+0000][1][safepoint    ] Leaving safepoint region
[2020-01-13T14:12:28.214+0000][1][safepoint    ] Total time for which application threads were stopped: 0.0000215 seconds, Stopping threads took: 0.0000047 seconds
[2020-01-13T14:12:28.214+0000][1][safepoint    ] Application time: 0.0000169 seconds
[2020-01-13T14:12:28.214+0000][1][safepoint    ] Entering safepoint region: BulkRevokeBias
[2020-01-13T14:12:28.214+0000][1][safepoint    ] Leaving safepoint region
[2020-01-13T14:12:28.214+0000][1][safepoint    ] Total time for which application threads were stopped: 0.0000302 seconds, Stopping threads took: 0.0000048 seconds
[2020-01-13T14:12:28.329+0000][1][safepoint    ] Application time: 0.1153546 seconds
[2020-01-13T14:12:28.329+0000][1][safepoint    ] Entering safepoint region: RevokeBias
[2020-01-13T14:12:28.329+0000][1][safepoint    ] Leaving safepoint region
[2020-01-13T14:12:28.329+0000][1][safepoint    ] Total time for which application threads were stopped: 0.0001081 seconds, Stopping threads took: 0.0000196 seconds
[2020-01-13T14:12:28.337+0000][1][safepoint    ] Application time: 0.0079017 seconds
[2020-01-13T14:12:28.337+0000][1][safepoint    ] Entering safepoint region: RevokeBias
[2020-01-13T14:12:28.337+0000][1][safepoint    ] Leaving safepoint region
[2020-01-13T14:12:28.337+0000][1][safepoint    ] Total time for which application threads were stopped: 0.0000826 seconds, Stopping threads took: 0.0000215 seconds
[2020-01-13T14:12:28.394+0000][1][safepoint    ] Application time: 0.0564481 seconds
[2020-01-13T14:12:28.395+0000][1][safepoint    ] Entering safepoint region: RevokeBias
[2020-01-13T14:12:28.395+0000][1][safepoint    ] Leaving safepoint region
[2020-01-13T14:12:28.395+0000][1][safepoint    ] Total time for which application threads were stopped: 0.0014115 seconds, Stopping threads took: 0.0013332 seconds
[2020-01-13T14:12:28.403+0000][1][safepoint    ] Application time: 0.0074444 seconds
[2020-01-13T14:12:28.403+0000][1][safepoint    ] Entering safepoint region: RevokeBias
[2020-01-13T14:12:28.403+0000][1][safepoint    ] Leaving safepoint region
[2020-01-13T14:12:28.403+0000][1][safepoint    ] Total time for which application threads were stopped: 0.0000813 seconds, Stopping threads took: 0.0000215 seconds
[2020-01-13T14:12:28.495+0000][1][safepoint    ] Application time: 0.0917311 seconds
[2020-01-13T14:12:28.495+0000][1][safepoint    ] Entering safepoint region: GenCollectForAllocation
[2020-01-13T14:12:28.495+0000][1][gc,start     ] GC(2) Pause Young (Allocation Failure)
[2020-01-13T14:12:28.495+0000][1][gc,task      ] GC(2) Using 1 workers of 1 for evacuation
[2020-01-13T14:12:28.514+0000][1][gc,age       ] GC(2) Desired survivor size 4358144 bytes, new threshold 6 (max threshold 6)
[2020-01-13T14:12:28.514+0000][1][gc,age       ] GC(2) Age table with threshold 6 (max threshold 6)
[2020-01-13T14:12:28.514+0000][1][gc,age       ] GC(2) - age   1:    2814752 bytes,    2814752 total
[2020-01-13T14:12:28.514+0000][1][gc,age       ] GC(2) - age   2:    1153464 bytes,    3968216 total
[2020-01-13T14:12:28.514+0000][1][gc,heap      ] GC(2) ParNew: 72280K->6134K(76672K)
[2020-01-13T14:12:28.514+0000][1][gc,heap      ] GC(2) CMS: 6662K->6662K(176960K)
[2020-01-13T14:12:28.514+0000][1][gc,metaspace ] GC(2) Metaspace: 14865K->14865K(1062912K)
[2020-01-13T14:12:28.514+0000][1][gc           ] GC(2) Pause Young (Allocation Failure) 77M->12M(247M) 19.580ms
[2020-01-13T14:12:28.514+0000][1][gc,cpu       ] GC(2) User=0.01s Sys=0.00s Real=0.02s
[2020-01-13T14:12:28.514+0000][1][safepoint    ] Leaving safepoint region
[2020-01-13T14:12:28.514+0000][1][safepoint    ] Total time for which application threads were stopped: 0.0197185 seconds, Stopping threads took: 0.0000243 seconds
[2020-01-13T14:12:28.523+0000][1][safepoint    ] Application time: 0.0086544 seconds
[2020-01-13T14:12:28.523+0000][1][safepoint    ] Entering safepoint region: RevokeBias
[2020-01-13T14:12:28.523+0000][1][safepoint    ] Leaving safepoint region
[2020-01-13T14:12:28.523+0000][1][safepoint    ] Total time for which application threads were stopped: 0.0000755 seconds, Stopping threads took: 0.0000270 seconds
[2020-01-13T14:12:28.524+0000][1][safepoint    ] Application time: 0.0008215 seconds
[2020-01-13T14:12:28.524+0000][1][safepoint    ] Entering safepoint region: RevokeBias
[2020-01-13T14:12:28.524+0000][1][safepoint    ] Leaving safepoint region
[2020-01-13T14:12:28.524+0000][1][safepoint    ] Total time for which application threads were stopped: 0.0000860 seconds, Stopping threads took: 0.0000089 seconds
[2020-01-13T14:12:28.524+0000][1][safepoint    ] Application time: 0.0000402 seconds
[2020-01-13T14:12:28.524+0000][1][safepoint    ] Entering safepoint region: RevokeBias
[2020-01-13T14:12:28.524+0000][1][safepoint    ] Leaving safepoint region
[2020-01-13T14:12:28.524+0000][1][safepoint    ] Total time for which application threads were stopped: 0.0000697 seconds, Stopping threads took: 0.0000158 seconds
[2020-01-13T14:12:28.524+0000][1][safepoint    ] Application time: 0.0000169 seconds
[2020-01-13T14:12:28.524+0000][1][safepoint    ] Entering safepoint region: RevokeBias
[2020-01-13T14:12:28.524+0000][1][safepoint    ] Leaving safepoint region
[2020-01-13T14:12:28.524+0000][1][safepoint    ] Total time for which application threads were stopped: 0.0000359 seconds, Stopping threads took: 0.0000050 seconds
[2020-01-13T14:12:28.524+0000][1][safepoint    ] Application time: 0.0000174 seconds
[2020-01-13T14:12:28.524+0000][1][safepoint    ] Entering safepoint region: RevokeBias
[2020-01-13T14:12:28.524+0000][1][safepoint    ] Leaving safepoint region
[2020-01-13T14:12:28.524+0000][1][safepoint    ] Total time for which application threads were stopped: 0.0000348 seconds, Stopping threads took: 0.0000047 seconds
[2020-01-13T14:12:28.524+0000][1][safepoint    ] Application time: 0.0000141 seconds
[2020-01-13T14:12:28.524+0000][1][safepoint    ] Entering safepoint region: RevokeBias
[2020-01-13T14:12:28.524+0000][1][safepoint    ] Leaving safepoint region
[2020-01-13T14:12:28.524+0000][1][safepoint    ] Total time for which application threads were stopped: 0.0000471 seconds, Stopping threads took: 0.0000166 seconds
[2020-01-13T14:12:28.542+0000][1][safepoint    ] Application time: 0.0177261 seconds
[2020-01-13T14:12:28.543+0000][1][safepoint    ] Entering safepoint region: RevokeBias
[2020-01-13T14:12:28.543+0000][1][safepoint    ] Leaving safepoint region
[2020-01-13T14:12:28.543+0000][1][safepoint    ] Total time for which application threads were stopped: 0.0011299 seconds, Stopping threads took: 0.0010562 seconds
[2020-01-13T14:12:28.547+0000][1][safepoint    ] Application time: 0.0035697 seconds
[2020-01-13T14:12:28.551+0000][1][safepoint    ] Entering safepoint region: RevokeBias
[2020-01-13T14:12:28.551+0000][1][safepoint    ] Leaving safepoint region
[2020-01-13T14:12:28.551+0000][1][safepoint    ] Total time for which application threads were stopped: 0.0043992 seconds, Stopping threads took: 0.0043219 seconds
[2020-01-13T14:12:28.783+0000][1][safepoint    ] Application time: 0.2311583 seconds
[2020-01-13T14:12:28.784+0000][1][safepoint    ] Entering safepoint region: Deoptimize
[2020-01-13T14:12:28.785+0000][1][safepoint    ] Leaving safepoint region
[2020-01-13T14:12:28.785+0000][1][safepoint    ] Total time for which application threads were stopped: 0.0024178 seconds, Stopping threads took: 0.0019258 seconds
[2020-01-13T14:12:28.786+0000][1][safepoint    ] Application time: 0.0006065 seconds
[2020-01-13T14:12:28.786+0000][1][safepoint    ] Entering safepoint region: Deoptimize
[2020-01-13T14:12:28.786+0000][1][safepoint    ] Leaving safepoint region
[2020-01-13T14:12:28.786+0000][1][safepoint    ] Total time for which application threads were stopped: 0.0002613 seconds, Stopping threads took: 0.0000174 seconds
[2020-01-13T14:12:29.220+0000][1][safepoint    ] Application time: 0.4345760 seconds
[2020-01-13T14:12:29.221+0000][1][safepoint    ] Entering safepoint region: GenCollectForAllocation
[2020-01-13T14:12:29.221+0000][1][gc,start     ] GC(3) Pause Young (Allocation Failure)
[2020-01-13T14:12:29.221+0000][1][gc,task      ] GC(3) Using 1 workers of 1 for evacuation
[2020-01-13T14:12:29.239+0000][1][gc,age       ] GC(3) Desired survivor size 4358144 bytes, new threshold 3 (max threshold 6)
[2020-01-13T14:12:29.239+0000][1][gc,age       ] GC(3) Age table with threshold 3 (max threshold 6)
[2020-01-13T14:12:29.239+0000][1][gc,age       ] GC(3) - age   1:    3538672 bytes,    3538672 total
[2020-01-13T14:12:29.239+0000][1][gc,age       ] GC(3) - age   2:     294744 bytes,    3833416 total
[2020-01-13T14:12:29.239+0000][1][gc,age       ] GC(3) - age   3:    1150440 bytes,    4983856 total
[2020-01-13T14:12:29.239+0000][1][gc,heap      ] GC(3) ParNew: 74294K->7352K(76672K)
[2020-01-13T14:12:29.239+0000][1][gc,heap      ] GC(3) CMS: 6662K->6662K(176960K)
[2020-01-13T14:12:29.239+0000][1][gc,metaspace ] GC(3) Metaspace: 18353K->18353K(1067008K)
[2020-01-13T14:12:29.239+0000][1][gc           ] GC(3) Pause Young (Allocation Failure) 79M->13M(247M) 18.809ms
[2020-01-13T14:12:29.239+0000][1][gc,cpu       ] GC(3) User=0.02s Sys=0.00s Real=0.02s
[2020-01-13T14:12:29.239+0000][1][safepoint    ] Leaving safepoint region
[2020-01-13T14:12:29.240+0000][1][safepoint    ] Total time for which application threads were stopped: 0.0189976 seconds, Stopping threads took: 0.0000223 seconds
[2020-01-13T14:12:29.244+0000][1][safepoint    ] Application time: 0.0047668 seconds
[2020-01-13T14:12:29.248+0000][1][safepoint    ] Entering safepoint region: BulkRevokeBias
[2020-01-13T14:12:29.248+0000][1][safepoint    ] Leaving safepoint region
[2020-01-13T14:12:29.248+0000][1][safepoint    ] Total time for which application threads were stopped: 0.0041251 seconds, Stopping threads took: 0.0039954 seconds
[2020-01-13T14:12:29.249+0000][1][safepoint    ] Application time: 0.0006270 seconds
[2020-01-13T14:12:29.249+0000][1][safepoint    ] Entering safepoint region: RevokeBias
[2020-01-13T14:12:29.249+0000][1][safepoint    ] Leaving safepoint region
[2020-01-13T14:12:29.249+0000][1][safepoint    ] Total time for which application threads were stopped: 0.0000629 seconds, Stopping threads took: 0.0000204 seconds
[2020-01-13T14:12:29.249+0000][1][safepoint    ] Application time: 0.0000352 seconds
[2020-01-13T14:12:29.249+0000][1][safepoint    ] Entering safepoint region: RevokeBias
[2020-01-13T14:12:29.249+0000][1][safepoint    ] Leaving safepoint region
[2020-01-13T14:12:29.249+0000][1][safepoint    ] Total time for which application threads were stopped: 0.0000243 seconds, Stopping threads took: 0.0000044 seconds
[2020-01-13T14:12:29.249+0000][1][safepoint    ] Application time: 0.0000127 seconds
[2020-01-13T14:12:29.249+0000][1][safepoint    ] Entering safepoint region: RevokeBias
[2020-01-13T14:12:29.249+0000][1][safepoint    ] Leaving safepoint region
[2020-01-13T14:12:29.249+0000][1][safepoint    ] Total time for which application threads were stopped: 0.0000319 seconds, Stopping threads took: 0.0000040 seconds
[2020-01-13T14:12:29.249+0000][1][safepoint    ] Application time: 0.0000159 seconds
[2020-01-13T14:12:29.249+0000][1][safepoint    ] Entering safepoint region: RevokeBias
[2020-01-13T14:12:29.249+0000][1][safepoint    ] Leaving safepoint region
[2020-01-13T14:12:29.249+0000][1][safepoint    ] Total time for which application threads were stopped: 0.0000198 seconds, Stopping threads took: 0.0000042 seconds
[2020-01-13T14:12:29.252+0000][1][safepoint    ] Application time: 0.0029668 seconds
[2020-01-13T14:12:29.254+0000][1][safepoint    ] Entering safepoint region: RevokeBias
[2020-01-13T14:12:29.254+0000][1][safepoint    ] Leaving safepoint region
[2020-01-13T14:12:29.254+0000][1][safepoint    ] Total time for which application threads were stopped: 0.0019815 seconds, Stopping threads took: 0.0019240 seconds
[2020-01-13T14:12:29.254+0000][1][safepoint    ] Application time: 0.0000315 seconds
[2020-01-13T14:12:29.254+0000][1][safepoint    ] Entering safepoint region: RevokeBias
[2020-01-13T14:12:29.254+0000][1][safepoint    ] Leaving safepoint region
[2020-01-13T14:12:29.254+0000][1][safepoint    ] Total time for which application threads were stopped: 0.0000289 seconds, Stopping threads took: 0.0000044 seconds
[2020-01-13T14:12:29.254+0000][1][safepoint    ] Application time: 0.0000125 seconds
[2020-01-13T14:12:29.254+0000][1][safepoint    ] Entering safepoint region: RevokeBias
[2020-01-13T14:12:29.254+0000][1][safepoint    ] Leaving safepoint region
[2020-01-13T14:12:29.254+0000][1][safepoint    ] Total time for which application threads were stopped: 0.0000260 seconds, Stopping threads took: 0.0000041 seconds
[2020-01-13T14:12:29.256+0000][1][safepoint    ] Application time: 0.0011974 seconds
[2020-01-13T14:12:29.256+0000][1][safepoint    ] Entering safepoint region: RevokeBias
[2020-01-13T14:12:29.256+0000][1][safepoint    ] Leaving safepoint region
[2020-01-13T14:12:29.256+0000][1][safepoint    ] Total time for which application threads were stopped: 0.0000513 seconds, Stopping threads took: 0.0000083 seconds
[2020-01-13T14:12:29.256+0000][1][safepoint    ] Application time: 0.0000229 seconds
[2020-01-13T14:12:29.256+0000][1][safepoint    ] Entering safepoint region: RevokeBias
[2020-01-13T14:12:29.256+0000][1][safepoint    ] Leaving safepoint region
[2020-01-13T14:12:29.256+0000][1][safepoint    ] Total time for which application threads were stopped: 0.0000283 seconds, Stopping threads took: 0.0000043 seconds
[2020-01-13T14:12:29.256+0000][1][safepoint    ] Application time: 0.0000340 seconds
[2020-01-13T14:12:29.256+0000][1][safepoint    ] Entering safepoint region: RevokeBias
[2020-01-13T14:12:29.256+0000][1][safepoint    ] Leaving safepoint region
[2020-01-13T14:12:29.256+0000][1][safepoint    ] Total time for which application threads were stopped: 0.0000268 seconds, Stopping threads took: 0.0000041 seconds
[2020-01-13T14:12:29.256+0000][1][safepoint    ] Application time: 0.0000119 seconds
[2020-01-13T14:12:29.256+0000][1][safepoint    ] Entering safepoint region: RevokeBias
[2020-01-13T14:12:29.256+0000][1][safepoint    ] Leaving safepoint region
[2020-01-13T14:12:29.256+0000][1][safepoint    ] Total time for which application threads were stopped: 0.0000349 seconds, Stopping threads took: 0.0000127 seconds
[2020-01-13T14:12:29.256+0000][1][safepoint    ] Application time: 0.0001958 seconds
[2020-01-13T14:12:29.256+0000][1][safepoint    ] Entering safepoint region: RevokeBias
[2020-01-13T14:12:29.256+0000][1][safepoint    ] Leaving safepoint region
[2020-01-13T14:12:29.256+0000][1][safepoint    ] Total time for which application threads were stopped: 0.0000397 seconds, Stopping threads took: 0.0000060 seconds
[2020-01-13T14:12:29.256+0000][1][safepoint    ] Application time: 0.0000172 seconds
[2020-01-13T14:12:29.256+0000][1][safepoint    ] Entering safepoint region: RevokeBias
[2020-01-13T14:12:29.256+0000][1][safepoint    ] Leaving safepoint region
[2020-01-13T14:12:29.256+0000][1][safepoint    ] Total time for which application threads were stopped: 0.0000264 seconds, Stopping threads took: 0.0000040 seconds
[2020-01-13T14:12:29.256+0000][1][safepoint    ] Application time: 0.0000162 seconds
[2020-01-13T14:12:29.256+0000][1][safepoint    ] Entering safepoint region: RevokeBias
[2020-01-13T14:12:29.256+0000][1][safepoint    ] Leaving safepoint region
[2020-01-13T14:12:29.256+0000][1][safepoint    ] Total time for which application threads were stopped: 0.0000257 seconds, Stopping threads took: 0.0000039 seconds
[2020-01-13T14:12:29.256+0000][1][safepoint    ] Application time: 0.0000116 seconds
[2020-01-13T14:12:29.256+0000][1][safepoint    ] Entering safepoint region: RevokeBias
[2020-01-13T14:12:29.256+0000][1][safepoint    ] Leaving safepoint region
[2020-01-13T14:12:29.256+0000][1][safepoint    ] Total time for which application threads were stopped: 0.0000424 seconds, Stopping threads took: 0.0000039 seconds
[2020-01-13T14:12:29.256+0000][1][safepoint    ] Application time: 0.0000140 seconds
[2020-01-13T14:12:29.256+0000][1][safepoint    ] Entering safepoint region: RevokeBias
[2020-01-13T14:12:29.256+0000][1][safepoint    ] Leaving safepoint region
[2020-01-13T14:12:29.256+0000][1][safepoint    ] Total time for which application threads were stopped: 0.0000257 seconds, Stopping threads took: 0.0000039 seconds
[2020-01-13T14:12:29.256+0000][1][safepoint    ] Application time: 0.0000119 seconds
[2020-01-13T14:12:29.256+0000][1][safepoint    ] Entering safepoint region: RevokeBias
[2020-01-13T14:12:29.256+0000][1][safepoint    ] Leaving safepoint region
[2020-01-13T14:12:29.256+0000][1][safepoint    ] Total time for which application threads were stopped: 0.0000254 seconds, Stopping threads took: 0.0000039 seconds
[2020-01-13T14:12:29.256+0000][1][safepoint    ] Application time: 0.0000131 seconds
[2020-01-13T14:12:29.256+0000][1][safepoint    ] Entering safepoint region: RevokeBias
[2020-01-13T14:12:29.256+0000][1][safepoint    ] Leaving safepoint region
[2020-01-13T14:12:29.256+0000][1][safepoint    ] Total time for which application threads were stopped: 0.0000253 seconds, Stopping threads took: 0.0000039 seconds
[2020-01-13T14:12:29.256+0000][1][safepoint    ] Application time: 0.0000132 seconds
[2020-01-13T14:12:29.256+0000][1][safepoint    ] Entering safepoint region: RevokeBias
[2020-01-13T14:12:29.256+0000][1][safepoint    ] Leaving safepoint region
[2020-01-13T14:12:29.256+0000][1][safepoint    ] Total time for which application threads were stopped: 0.0000255 seconds, Stopping threads took: 0.0000039 seconds
[2020-01-13T14:12:29.256+0000][1][safepoint    ] Application time: 0.0000192 seconds
[2020-01-13T14:12:29.256+0000][1][safepoint    ] Entering safepoint region: RevokeBias
[2020-01-13T14:12:29.257+0000][1][safepoint    ] Leaving safepoint region
[2020-01-13T14:12:29.257+0000][1][safepoint    ] Total time for which application threads were stopped: 0.0000254 seconds, Stopping threads took: 0.0000039 seconds
[2020-01-13T14:12:29.449+0000][1][safepoint    ] Application time: 0.1921841 seconds
[2020-01-13T14:12:29.449+0000][1][safepoint    ] Entering safepoint region: GenCollectForAllocation
[2020-01-13T14:12:29.449+0000][1][gc,start     ] GC(4) Pause Young (Allocation Failure)
[2020-01-13T14:12:29.449+0000][1][gc,task      ] GC(4) Using 1 workers of 1 for evacuation
[2020-01-13T14:12:29.470+0000][1][gc,age       ] GC(4) Desired survivor size 4358144 bytes, new threshold 2 (max threshold 6)
[2020-01-13T14:12:29.470+0000][1][gc,age       ] GC(4) Age table with threshold 2 (max threshold 6)
[2020-01-13T14:12:29.470+0000][1][gc,age       ] GC(4) - age   1:    1238088 bytes,    1238088 total
[2020-01-13T14:12:29.470+0000][1][gc,age       ] GC(4) - age   2:    3329400 bytes,    4567488 total
[2020-01-13T14:12:29.470+0000][1][gc,age       ] GC(4) - age   3:     294216 bytes,    4861704 total
[2020-01-13T14:12:29.470+0000][1][gc,heap      ] GC(4) ParNew: 75512K->8512K(76672K)
[2020-01-13T14:12:29.470+0000][1][gc,heap      ] GC(4) CMS: 6662K->7802K(176960K)
[2020-01-13T14:12:29.470+0000][1][gc,metaspace ] GC(4) Metaspace: 18554K->18554K(1067008K)
[2020-01-13T14:12:29.470+0000][1][gc           ] GC(4) Pause Young (Allocation Failure) 80M->15M(247M) 20.813ms
[2020-01-13T14:12:29.470+0000][1][gc,cpu       ] GC(4) User=0.02s Sys=0.00s Real=0.02s
[2020-01-13T14:12:29.470+0000][1][safepoint    ] Leaving safepoint region
[2020-01-13T14:12:29.470+0000][1][safepoint    ] Total time for which application threads were stopped: 0.0209811 seconds, Stopping threads took: 0.0000381 seconds
[2020-01-13T14:12:29.476+0000][1][safepoint    ] Application time: 0.0065359 seconds
[2020-01-13T14:12:29.478+0000][1][safepoint    ] Entering safepoint region: RevokeBias
[2020-01-13T14:12:29.478+0000][1][safepoint    ] Leaving safepoint region
[2020-01-13T14:12:29.478+0000][1][safepoint    ] Total time for which application threads were stopped: 0.0020573 seconds, Stopping threads took: 0.0019867 seconds
[2020-01-13T14:12:29.478+0000][1][safepoint    ] Application time: 0.0000307 seconds
[2020-01-13T14:12:29.478+0000][1][safepoint    ] Entering safepoint region: RevokeBias
[2020-01-13T14:12:29.478+0000][1][safepoint    ] Leaving safepoint region
[2020-01-13T14:12:29.478+0000][1][safepoint    ] Total time for which application threads were stopped: 0.0000232 seconds, Stopping threads took: 0.0000052 seconds
[2020-01-13T14:12:29.478+0000][1][safepoint    ] Application time: 0.0000244 seconds
[2020-01-13T14:12:29.478+0000][1][safepoint    ] Entering safepoint region: RevokeBias
[2020-01-13T14:12:29.478+0000][1][safepoint    ] Leaving safepoint region
[2020-01-13T14:12:29.478+0000][1][safepoint    ] Total time for which application threads were stopped: 0.0000297 seconds, Stopping threads took: 0.0000043 seconds
[2020-01-13T14:12:29.479+0000][1][safepoint    ] Application time: 0.0000126 seconds
[2020-01-13T14:12:29.479+0000][1][safepoint    ] Entering safepoint region: RevokeBias
[2020-01-13T14:12:29.479+0000][1][safepoint    ] Leaving safepoint region
[2020-01-13T14:12:29.479+0000][1][safepoint    ] Total time for which application threads were stopped: 0.0000184 seconds, Stopping threads took: 0.0000040 seconds
[2020-01-13T14:12:29.509+0000][1][safepoint    ] Application time: 0.0301215 seconds
[2020-01-13T14:12:29.512+0000][1][safepoint    ] Entering safepoint region: Deoptimize
[2020-01-13T14:12:29.513+0000][1][safepoint    ] Leaving safepoint region
[2020-01-13T14:12:29.513+0000][1][safepoint    ] Total time for which application threads were stopped: 0.0041054 seconds, Stopping threads took: 0.0035992 seconds
[2020-01-13T14:12:29.588+0000][1][safepoint    ] Application time: 0.0749024 seconds
[2020-01-13T14:12:29.588+0000][1][safepoint    ] Entering safepoint region: Deoptimize
[2020-01-13T14:12:29.588+0000][1][safepoint    ] Leaving safepoint region
[2020-01-13T14:12:29.588+0000][1][safepoint    ] Total time for which application threads were stopped: 0.0005542 seconds, Stopping threads took: 0.0000307 seconds
[2020-01-13T14:12:29.596+0000][1][safepoint    ] Application time: 0.0077308 seconds
[2020-01-13T14:12:29.596+0000][1][safepoint    ] Entering safepoint region: RevokeBias
[2020-01-13T14:12:29.596+0000][1][safepoint    ] Leaving safepoint region
[2020-01-13T14:12:29.596+0000][1][safepoint    ] Total time for which application threads were stopped: 0.0000973 seconds, Stopping threads took: 0.0000264 seconds
[2020-01-13T14:12:29.603+0000][1][safepoint    ] Application time: 0.0064089 seconds
[2020-01-13T14:12:29.603+0000][1][safepoint    ] Entering safepoint region: RevokeBias
[2020-01-13T14:12:29.603+0000][1][safepoint    ] Leaving safepoint region
[2020-01-13T14:12:29.603+0000][1][safepoint    ] Total time for which application threads were stopped: 0.0000680 seconds, Stopping threads took: 0.0000190 seconds
[2020-01-13T14:12:29.761+0000][1][safepoint    ] Application time: 0.1578812 seconds
[2020-01-13T14:12:29.761+0000][1][safepoint    ] Entering safepoint region: GenCollectForAllocation
[2020-01-13T14:12:29.761+0000][1][gc,start     ] GC(5) Pause Young (Allocation Failure)
[2020-01-13T14:12:29.761+0000][1][gc,task      ] GC(5) Using 1 workers of 1 for evacuation
[2020-01-13T14:12:29.775+0000][1][gc,age       ] GC(5) Desired survivor size 4358144 bytes, new threshold 6 (max threshold 6)
[2020-01-13T14:12:29.775+0000][1][gc,age       ] GC(5) Age table with threshold 6 (max threshold 6)
[2020-01-13T14:12:29.775+0000][1][gc,age       ] GC(5) - age   1:    2173152 bytes,    2173152 total
[2020-01-13T14:12:29.775+0000][1][gc,age       ] GC(5) - age   2:     442816 bytes,    2615968 total
[2020-01-13T14:12:29.775+0000][1][gc,heap      ] GC(5) ParNew: 76672K->2921K(76672K)
[2020-01-13T14:12:29.775+0000][1][gc,heap      ] GC(5) CMS: 7802K->11373K(176960K)
[2020-01-13T14:12:29.775+0000][1][gc,metaspace ] GC(5) Metaspace: 18817K->18817K(1067008K)
[2020-01-13T14:12:29.775+0000][1][gc           ] GC(5) Pause Young (Allocation Failure) 82M->13M(247M) 14.402ms
[2020-01-13T14:12:29.775+0000][1][gc,cpu       ] GC(5) User=0.02s Sys=0.00s Real=0.01s
[2020-01-13T14:12:29.775+0000][1][safepoint    ] Leaving safepoint region
[2020-01-13T14:12:29.775+0000][1][safepoint    ] Total time for which application threads were stopped: 0.0145494 seconds, Stopping threads took: 0.0000231 seconds
[2020-01-13T14:12:29.786+0000][1][safepoint    ] Application time: 0.0110989 seconds
[2020-01-13T14:12:29.786+0000][1][safepoint    ] Entering safepoint region: RevokeBias
[2020-01-13T14:12:29.786+0000][1][safepoint    ] Leaving safepoint region
[2020-01-13T14:12:29.786+0000][1][safepoint    ] Total time for which application threads were stopped: 0.0001484 seconds, Stopping threads took: 0.0000763 seconds
[2020-01-13T14:12:29.787+0000][1][safepoint    ] Application time: 0.0000380 seconds
[2020-01-13T14:12:29.787+0000][1][safepoint    ] Entering safepoint region: RevokeBias
[2020-01-13T14:12:29.787+0000][1][safepoint    ] Leaving safepoint region
[2020-01-13T14:12:29.787+0000][1][safepoint    ] Total time for which application threads were stopped: 0.0000359 seconds, Stopping threads took: 0.0000053 seconds
[2020-01-13T14:12:29.787+0000][1][safepoint    ] Application time: 0.0000235 seconds
[2020-01-13T14:12:29.787+0000][1][safepoint    ] Entering safepoint region: RevokeBias
[2020-01-13T14:12:29.787+0000][1][safepoint    ] Leaving safepoint region
[2020-01-13T14:12:29.787+0000][1][safepoint    ] Total time for which application threads were stopped: 0.0000291 seconds, Stopping threads took: 0.0000049 seconds
[2020-01-13T14:12:29.787+0000][1][safepoint    ] Application time: 0.0000143 seconds
[2020-01-13T14:12:29.787+0000][1][safepoint    ] Entering safepoint region: RevokeBias
[2020-01-13T14:12:29.787+0000][1][safepoint    ] Leaving safepoint region
[2020-01-13T14:12:29.787+0000][1][safepoint    ] Total time for which application threads were stopped: 0.0000272 seconds, Stopping threads took: 0.0000047 seconds
[2020-01-13T14:12:29.787+0000][1][safepoint    ] Application time: 0.0000191 seconds
[2020-01-13T14:12:29.787+0000][1][safepoint    ] Entering safepoint region: RevokeBias
[2020-01-13T14:12:29.787+0000][1][safepoint    ] Leaving safepoint region
[2020-01-13T14:12:29.787+0000][1][safepoint    ] Total time for which application threads were stopped: 0.0000277 seconds, Stopping threads took: 0.0000047 seconds
[2020-01-13T14:12:29.787+0000][1][safepoint    ] Application time: 0.0000143 seconds
[2020-01-13T14:12:29.787+0000][1][safepoint    ] Entering safepoint region: RevokeBias
[2020-01-13T14:12:29.787+0000][1][safepoint    ] Leaving safepoint region
[2020-01-13T14:12:29.787+0000][1][safepoint    ] Total time for which application threads were stopped: 0.0000272 seconds, Stopping threads took: 0.0000047 seconds
[2020-01-13T14:12:29.977+0000][1][safepoint    ] Application time: 0.1905617 seconds
[2020-01-13T14:12:29.980+0000][1][safepoint    ] Entering safepoint region: RevokeBias
[2020-01-13T14:12:29.980+0000][1][safepoint    ] Leaving safepoint region
[2020-01-13T14:12:29.980+0000][1][safepoint    ] Total time for which application threads were stopped: 0.0029617 seconds, Stopping threads took: 0.0028806 seconds
[2020-01-13T14:12:30.002+0000][1][safepoint    ] Application time: 0.0217518 seconds
[2020-01-13T14:12:30.002+0000][1][safepoint    ] Entering safepoint region: GenCollectForAllocation
[2020-01-13T14:12:30.002+0000][1][gc,start     ] GC(6) Pause Young (Allocation Failure)
[2020-01-13T14:12:30.002+0000][1][gc,task      ] GC(6) Using 1 workers of 1 for evacuation
[2020-01-13T14:12:30.008+0000][1][gc,age       ] GC(6) Desired survivor size 4358144 bytes, new threshold 6 (max threshold 6)
[2020-01-13T14:12:30.008+0000][1][gc,age       ] GC(6) Age table with threshold 6 (max threshold 6)
[2020-01-13T14:12:30.008+0000][1][gc,age       ] GC(6) - age   1:     751280 bytes,     751280 total
[2020-01-13T14:12:30.008+0000][1][gc,age       ] GC(6) - age   2:    2159760 bytes,    2911040 total
[2020-01-13T14:12:30.008+0000][1][gc,age       ] GC(6) - age   3:     442816 bytes,    3353856 total
[2020-01-13T14:12:30.008+0000][1][gc,heap      ] GC(6) ParNew: 70400K->5803K(76672K)
[2020-01-13T14:12:30.008+0000][1][gc,heap      ] GC(6) CMS: 11373K->11373K(176960K)
[2020-01-13T14:12:30.008+0000][1][gc,metaspace ] GC(6) Metaspace: 19114K->19114K(1067008K)
[2020-01-13T14:12:30.008+0000][1][gc           ] GC(6) Pause Young (Allocation Failure) 79M->16M(247M) 5.686ms
[2020-01-13T14:12:30.008+0000][1][gc,cpu       ] GC(6) User=0.00s Sys=0.00s Real=0.01s
[2020-01-13T14:12:30.008+0000][1][safepoint    ] Leaving safepoint region
[2020-01-13T14:12:30.008+0000][1][safepoint    ] Total time for which application threads were stopped: 0.0058428 seconds, Stopping threads took: 0.0000372 seconds
[2020-01-13T14:12:30.015+0000][1][safepoint    ] Application time: 0.0063454 seconds
[2020-01-13T14:12:30.018+0000][1][safepoint    ] Entering safepoint region: BulkRevokeBias
[2020-01-13T14:12:30.018+0000][1][safepoint    ] Leaving safepoint region
[2020-01-13T14:12:30.018+0000][1][safepoint    ] Total time for which application threads were stopped: 0.0034728 seconds, Stopping threads took: 0.0033321 seconds
[2020-01-13T14:12:30.018+0000][1][safepoint    ] Application time: 0.0000328 seconds
[2020-01-13T14:12:30.018+0000][1][safepoint    ] Entering safepoint region: BulkRevokeBias
[2020-01-13T14:12:30.018+0000][1][safepoint    ] Leaving safepoint region
[2020-01-13T14:12:30.018+0000][1][safepoint    ] Total time for which application threads were stopped: 0.0000439 seconds, Stopping threads took: 0.0000050 seconds
[2020-01-13T14:12:30.220+0000][1][safepoint    ] Application time: 0.2017117 seconds
[2020-01-13T14:12:30.220+0000][1][safepoint    ] Entering safepoint region: GenCollectForAllocation
[2020-01-13T14:12:30.220+0000][1][gc,start     ] GC(7) Pause Young (Allocation Failure)
[2020-01-13T14:12:30.220+0000][1][gc,task      ] GC(7) Using 1 workers of 1 for evacuation
[2020-01-13T14:12:30.239+0000][1][gc,age       ] GC(7) Desired survivor size 4358144 bytes, new threshold 3 (max threshold 6)
[2020-01-13T14:12:30.239+0000][1][gc,age       ] GC(7) Age table with threshold 3 (max threshold 6)
[2020-01-13T14:12:30.239+0000][1][gc,age       ] GC(7) - age   1:    3340400 bytes,    3340400 total
[2020-01-13T14:12:30.239+0000][1][gc,age       ] GC(7) - age   2:     207512 bytes,    3547912 total
[2020-01-13T14:12:30.239+0000][1][gc,age       ] GC(7) - age   3:    2159736 bytes,    5707648 total
[2020-01-13T14:12:30.239+0000][1][gc,age       ] GC(7) - age   4:     442816 bytes,    6150464 total
[2020-01-13T14:12:30.239+0000][1][gc,heap      ] GC(7) ParNew: 73963K->6792K(76672K)
[2020-01-13T14:12:30.239+0000][1][gc,heap      ] GC(7) CMS: 11373K->11373K(176960K)
[2020-01-13T14:12:30.239+0000][1][gc,metaspace ] GC(7) Metaspace: 19435K->19435K(1067008K)
[2020-01-13T14:12:30.239+0000][1][gc           ] GC(7) Pause Young (Allocation Failure) 83M->17M(247M) 19.278ms
[2020-01-13T14:12:30.239+0000][1][gc,cpu       ] GC(7) User=0.02s Sys=0.00s Real=0.02s
[2020-01-13T14:12:30.239+0000][1][safepoint    ] Leaving safepoint region
[2020-01-13T14:12:30.239+0000][1][safepoint    ] Total time for which application threads were stopped: 0.0194354 seconds, Stopping threads took: 0.0000261 seconds
[2020-01-13T14:12:30.364+0000][1][safepoint    ] Application time: 0.1250930 seconds
[2020-01-13T14:12:30.364+0000][1][safepoint    ] Entering safepoint region: CollectForMetadataAllocation
[2020-01-13T14:12:30.365+0000][1][safepoint    ] Leaving safepoint region
[2020-01-13T14:12:30.365+0000][1][safepoint    ] Total time for which application threads were stopped: 0.0002243 seconds, Stopping threads took: 0.0000200 seconds
[2020-01-13T14:12:30.393+0000][1][safepoint    ] Application time: 0.0286154 seconds
[2020-01-13T14:12:30.397+0000][1][safepoint    ] Entering safepoint region: CollectForMetadataAllocation
[2020-01-13T14:12:30.397+0000][1][safepoint    ] Leaving safepoint region
[2020-01-13T14:12:30.398+0000][1][safepoint    ] Total time for which application threads were stopped: 0.0041913 seconds, Stopping threads took: 0.0039789 seconds
[2020-01-13T14:12:30.569+0000][1][safepoint    ] Application time: 0.1715753 seconds
[2020-01-13T14:12:30.569+0000][1][safepoint    ] Entering safepoint region: GenCollectForAllocation
[2020-01-13T14:12:30.569+0000][1][gc,start     ] GC(8) Pause Young (Allocation Failure)
[2020-01-13T14:12:30.569+0000][1][gc,task      ] GC(8) Using 1 workers of 1 for evacuation
[2020-01-13T14:12:30.593+0000][1][gc,age       ] GC(8) Desired survivor size 4358144 bytes, new threshold 6 (max threshold 6)
[2020-01-13T14:12:30.593+0000][1][gc,age       ] GC(8) Age table with threshold 6 (max threshold 6)
[2020-01-13T14:12:30.593+0000][1][gc,age       ] GC(8) - age   1:    2167032 bytes,    2167032 total
[2020-01-13T14:12:30.593+0000][1][gc,age       ] GC(8) - age   2:    1295688 bytes,    3462720 total
[2020-01-13T14:12:30.593+0000][1][gc,age       ] GC(8) - age   3:     207368 bytes,    3670088 total
[2020-01-13T14:12:30.594+0000][1][gc,heap      ] GC(8) ParNew: 74952K->4929K(76672K)
[2020-01-13T14:12:30.594+0000][1][gc,heap      ] GC(8) CMS: 11373K->13929K(176960K)
[2020-01-13T14:12:30.594+0000][1][gc,metaspace ] GC(8) Metaspace: 20242K->20242K(1069056K)
[2020-01-13T14:12:30.594+0000][1][gc           ] GC(8) Pause Young (Allocation Failure) 84M->18M(247M) 24.320ms
[2020-01-13T14:12:30.594+0000][1][gc,cpu       ] GC(8) User=0.02s Sys=0.00s Real=0.02s
[2020-01-13T14:12:30.594+0000][1][safepoint    ] Leaving safepoint region
[2020-01-13T14:12:30.594+0000][1][safepoint    ] Total time for which application threads were stopped: 0.0244654 seconds, Stopping threads took: 0.0000231 seconds
[2020-01-13T14:12:30.600+0000][1][safepoint    ] Application time: 0.0066779 seconds
[2020-01-13T14:12:30.602+0000][1][safepoint    ] Entering safepoint region: CMS_Initial_Mark
[2020-01-13T14:12:30.602+0000][1][gc,start     ] GC(9) Pause Initial Mark
[2020-01-13T14:12:30.605+0000][1][gc           ] GC(9) Pause Initial Mark 22M->22M(247M) 2.636ms
[2020-01-13T14:12:30.605+0000][1][gc,cpu       ] GC(9) User=0.00s Sys=0.00s Real=0.00s
[2020-01-13T14:12:30.605+0000][1][safepoint    ] Leaving safepoint region
[2020-01-13T14:12:30.605+0000][1][safepoint    ] Total time for which application threads were stopped: 0.0043898 seconds, Stopping threads took: 0.0016700 seconds
[2020-01-13T14:12:30.608+0000][1][gc           ] GC(9) Concurrent Mark
[2020-01-13T14:12:30.645+0000][1][gc           ] GC(9) Concurrent Mark 36.921ms
[2020-01-13T14:12:30.648+0000][1][gc,cpu       ] GC(9) User=0.03s Sys=0.00s Real=0.04s
[2020-01-13T14:12:30.648+0000][1][gc           ] GC(9) Concurrent Preclean
[2020-01-13T14:12:30.649+0000][1][gc           ] GC(9) Concurrent Preclean 0.450ms
[2020-01-13T14:12:30.649+0000][1][gc,cpu       ] GC(9) User=0.00s Sys=0.00s Real=0.00s
[2020-01-13T14:12:30.649+0000][1][gc           ] GC(9) Concurrent Abortable Preclean
[2020-01-13T14:12:30.810+0000][1][safepoint    ] Application time: 0.2055774 seconds
[2020-01-13T14:12:30.810+0000][1][safepoint    ] Entering safepoint region: GenCollectForAllocation
[2020-01-13T14:12:30.810+0000][1][gc,start     ] GC(10) Pause Young (Allocation Failure)
[2020-01-13T14:12:30.810+0000][1][gc,task      ] GC(10) Using 1 workers of 1 for evacuation
[2020-01-13T14:12:30.817+0000][1][gc,age       ] GC(10) Desired survivor size 4358144 bytes, new threshold 6 (max threshold 6)
[2020-01-13T14:12:30.817+0000][1][gc,age       ] GC(10) Age table with threshold 6 (max threshold 6)
[2020-01-13T14:12:30.817+0000][1][gc,age       ] GC(10) - age   1:     879680 bytes,     879680 total
[2020-01-13T14:12:30.817+0000][1][gc,age       ] GC(10) - age   2:     619456 bytes,    1499136 total
[2020-01-13T14:12:30.817+0000][1][gc,age       ] GC(10) - age   3:    1295568 bytes,    2794704 total
[2020-01-13T14:12:30.817+0000][1][gc,age       ] GC(10) - age   4:     207368 bytes,    3002072 total
[2020-01-13T14:12:30.817+0000][1][gc,heap      ] GC(10) ParNew: 73089K->3920K(76672K)
[2020-01-13T14:12:30.817+0000][1][gc,heap      ] GC(10) CMS: 13929K->13929K(176960K)
[2020-01-13T14:12:30.817+0000][1][gc,metaspace ] GC(10) Metaspace: 20353K->20353K(1069056K)
[2020-01-13T14:12:30.817+0000][1][gc           ] GC(10) Pause Young (Allocation Failure) 84M->17M(247M) 6.361ms
[2020-01-13T14:12:30.817+0000][1][gc,cpu       ] GC(10) User=0.01s Sys=0.00s Real=0.00s
[2020-01-13T14:12:30.817+0000][1][safepoint    ] Leaving safepoint region
[2020-01-13T14:12:30.817+0000][1][safepoint    ] Total time for which application threads were stopped: 0.0065016 seconds, Stopping threads took: 0.0000146 seconds
[2020-01-13T14:12:30.963+0000][1][gc           ] GC(9) Concurrent Abortable Preclean 314.226ms
[2020-01-13T14:12:30.963+0000][1][gc,cpu       ] GC(9) User=0.31s Sys=0.01s Real=0.31s
[2020-01-13T14:12:30.963+0000][1][safepoint    ] Application time: 0.1462512 seconds
[2020-01-13T14:12:30.965+0000][1][safepoint    ] Entering safepoint region: CMS_Final_Remark
[2020-01-13T14:12:30.965+0000][1][gc,start     ] GC(9) Pause Remark
[2020-01-13T14:12:30.988+0000][1][gc           ] GC(9) Pause Remark 67M->67M(247M) 22.828ms
[2020-01-13T14:12:30.988+0000][1][gc,cpu       ] GC(9) User=0.02s Sys=0.00s Real=0.03s
[2020-01-13T14:12:30.988+0000][1][safepoint    ] Leaving safepoint region
[2020-01-13T14:12:30.988+0000][1][safepoint    ] Total time for which application threads were stopped: 0.0250162 seconds, Stopping threads took: 0.0020356 seconds
[2020-01-13T14:12:31.002+0000][1][gc           ] GC(9) Concurrent Sweep
[2020-01-13T14:12:31.007+0000][1][gc           ] GC(9) Concurrent Sweep 4.575ms
[2020-01-13T14:12:31.007+0000][1][gc,cpu       ] GC(9) User=0.00s Sys=0.00s Real=0.00s
[2020-01-13T14:12:31.007+0000][1][gc           ] GC(9) Concurrent Reset
[2020-01-13T14:12:31.007+0000][1][gc           ] GC(9) Concurrent Reset 0.450ms
[2020-01-13T14:12:31.007+0000][1][gc,cpu       ] GC(9) User=0.00s Sys=0.00s Real=0.01s
[2020-01-13T14:12:31.007+0000][1][gc,heap      ] GC(9) Old: 13929K->13902K(176960K)
[2020-01-13T14:12:31.042+0000][1][safepoint    ] Application time: 0.0536292 seconds
[2020-01-13T14:12:31.044+0000][1][safepoint    ] Entering safepoint region: GenCollectForAllocation
[2020-01-13T14:12:31.045+0000][1][gc,start     ] GC(11) Pause Young (Allocation Failure)
[2020-01-13T14:12:31.045+0000][1][gc,task      ] GC(11) Using 1 workers of 1 for evacuation
[2020-01-13T14:12:31.049+0000][1][gc,age       ] GC(11) Desired survivor size 4358144 bytes, new threshold 6 (max threshold 6)
[2020-01-13T14:12:31.049+0000][1][gc,age       ] GC(11) Age table with threshold 6 (max threshold 6)
[2020-01-13T14:12:31.049+0000][1][gc,age       ] GC(11) - age   1:     278848 bytes,     278848 total
[2020-01-13T14:12:31.049+0000][1][gc,age       ] GC(11) - age   2:     135432 bytes,     414280 total
[2020-01-13T14:12:31.049+0000][1][gc,age       ] GC(11) - age   3:     619312 bytes,    1033592 total
[2020-01-13T14:12:31.049+0000][1][gc,age       ] GC(11) - age   4:    1295464 bytes,    2329056 total
[2020-01-13T14:12:31.049+0000][1][gc,age       ] GC(11) - age   5:     207224 bytes,    2536280 total
[2020-01-13T14:12:31.049+0000][1][gc,heap      ] GC(11) ParNew: 72080K->3178K(76672K)
[2020-01-13T14:12:31.049+0000][1][gc,heap      ] GC(11) CMS: 13902K->13902K(176960K)
[2020-01-13T14:12:31.049+0000][1][gc,metaspace ] GC(11) Metaspace: 20428K->20428K(1069056K)
[2020-01-13T14:12:31.049+0000][1][gc           ] GC(11) Pause Young (Allocation Failure) 83M->16M(247M) 4.309ms
[2020-01-13T14:12:31.049+0000][1][gc,cpu       ] GC(11) User=0.00s Sys=0.00s Real=0.01s
[2020-01-13T14:12:31.049+0000][1][safepoint    ] Leaving safepoint region
[2020-01-13T14:12:31.049+0000][1][safepoint    ] Total time for which application threads were stopped: 0.0072637 seconds, Stopping threads took: 0.0023217 seconds
[2020-01-13T14:12:31.212+0000][1][safepoint    ] Application time: 0.1631219 seconds
[2020-01-13T14:12:31.212+0000][1][safepoint    ] Entering safepoint region: Deoptimize
[2020-01-13T14:12:31.213+0000][1][safepoint    ] Leaving safepoint region
[2020-01-13T14:12:31.213+0000][1][safepoint    ] Total time for which application threads were stopped: 0.0005480 seconds, Stopping threads took: 0.0000227 seconds
[2020-01-13T14:12:31.727+0000][1][safepoint    ] Application time: 0.5147233 seconds
[2020-01-13T14:12:31.728+0000][1][safepoint    ] Entering safepoint region: RevokeBias
[2020-01-13T14:12:31.728+0000][1][safepoint    ] Leaving safepoint region
[2020-01-13T14:12:31.728+0000][1][safepoint    ] Total time for which application threads were stopped: 0.0002860 seconds, Stopping threads took: 0.0000224 seconds
[2020-01-13T14:12:31.769+0000][1][safepoint    ] Application time: 0.0408576 seconds
[2020-01-13T14:12:31.771+0000][1][safepoint    ] Entering safepoint region: GenCollectForAllocation
[2020-01-13T14:12:31.771+0000][1][gc,start     ] GC(12) Pause Young (Allocation Failure)
[2020-01-13T14:12:31.771+0000][1][gc,task      ] GC(12) Using 1 workers of 1 for evacuation
[2020-01-13T14:12:31.780+0000][1][gc,age       ] GC(12) Desired survivor size 4358144 bytes, new threshold 6 (max threshold 6)
[2020-01-13T14:12:31.780+0000][1][gc,age       ] GC(12) Age table with threshold 6 (max threshold 6)
[2020-01-13T14:12:31.780+0000][1][gc,age       ] GC(12) - age   1:    1288472 bytes,    1288472 total
[2020-01-13T14:12:31.780+0000][1][gc,age       ] GC(12) - age   2:     265168 bytes,    1553640 total
[2020-01-13T14:12:31.780+0000][1][gc,age       ] GC(12) - age   3:     135320 bytes,    1688960 total
[2020-01-13T14:12:31.780+0000][1][gc,age       ] GC(12) - age   4:     619312 bytes,    2308272 total
[2020-01-13T14:12:31.780+0000][1][gc,age       ] GC(12) - age   5:    1294984 bytes,    3603256 total
[2020-01-13T14:12:31.780+0000][1][gc,age       ] GC(12) - age   6:     206960 bytes,    3810216 total
[2020-01-13T14:12:31.780+0000][1][gc,heap      ] GC(12) ParNew: 71338K->5304K(76672K)
[2020-01-13T14:12:31.780+0000][1][gc,heap      ] GC(12) CMS: 13902K->13902K(176960K)
[2020-01-13T14:12:31.780+0000][1][gc,metaspace ] GC(12) Metaspace: 23639K->23639K(1071104K)
[2020-01-13T14:12:31.780+0000][1][gc           ] GC(12) Pause Young (Allocation Failure) 83M->18M(247M) 9.350ms
[2020-01-13T14:12:31.780+0000][1][gc,cpu       ] GC(12) User=0.01s Sys=0.00s Real=0.01s
[2020-01-13T14:12:31.780+0000][1][safepoint    ] Leaving safepoint region
[2020-01-13T14:12:31.780+0000][1][safepoint    ] Total time for which application threads were stopped: 0.0116302 seconds, Stopping threads took: 0.0021657 seconds
[2020-01-13T14:12:31.979+0000][1][safepoint    ] Application time: 0.1984514 seconds
[2020-01-13T14:12:31.980+0000][1][safepoint    ] Entering safepoint region: Deoptimize
[2020-01-13T14:12:31.981+0000][1][safepoint    ] Leaving safepoint region
[2020-01-13T14:12:31.981+0000][1][safepoint    ] Total time for which application threads were stopped: 0.0021819 seconds, Stopping threads took: 0.0016320 seconds
[2020-01-13T14:12:32.006+0000][1][safepoint    ] Application time: 0.0250052 seconds
[2020-01-13T14:12:32.006+0000][1][safepoint    ] Entering safepoint region: Deoptimize
[2020-01-13T14:12:32.007+0000][1][safepoint    ] Leaving safepoint region
[2020-01-13T14:12:32.007+0000][1][safepoint    ] Total time for which application threads were stopped: 0.0005743 seconds, Stopping threads took: 0.0000243 seconds
[2020-01-13T14:12:32.014+0000][1][safepoint    ] Application time: 0.0070761 seconds
[2020-01-13T14:12:32.014+0000][1][safepoint    ] Entering safepoint region: Deoptimize
[2020-01-13T14:12:32.014+0000][1][safepoint    ] Leaving safepoint region
[2020-01-13T14:12:32.014+0000][1][safepoint    ] Total time for which application threads were stopped: 0.0005798 seconds, Stopping threads took: 0.0000208 seconds
[2020-01-13T14:12:32.030+0000][1][safepoint    ] Application time: 0.0152973 seconds
[2020-01-13T14:12:32.030+0000][1][safepoint    ] Entering safepoint region: RevokeBias
[2020-01-13T14:12:32.030+0000][1][safepoint    ] Leaving safepoint region
[2020-01-13T14:12:32.030+0000][1][safepoint    ] Total time for which application threads were stopped: 0.0000737 seconds, Stopping threads took: 0.0000206 seconds
[2020-01-13T14:12:33.030+0000][1][safepoint    ] Application time: 1.0004768 seconds
[2020-01-13T14:12:33.031+0000][1][safepoint    ] Entering safepoint region: Cleanup
[2020-01-13T14:12:33.032+0000][1][safepoint    ] Leaving safepoint region
[2020-01-13T14:12:33.032+0000][1][safepoint    ] Total time for which application threads were stopped: 0.0013239 seconds, Stopping threads took: 0.0009055 seconds
[2020-01-13T14:12:33.261+0000][1][safepoint    ] Application time: 0.2294990 seconds
[2020-01-13T14:12:33.262+0000][1][safepoint    ] Entering safepoint region: GenCollectForAllocation
[2020-01-13T14:12:33.262+0000][1][gc,start     ] GC(13) Pause Young (Allocation Failure)
[2020-01-13T14:12:33.262+0000][1][gc,task      ] GC(13) Using 1 workers of 1 for evacuation
[2020-01-13T14:12:33.327+0000][1][gc,age       ] GC(13) Desired survivor size 4358144 bytes, new threshold 1 (max threshold 6)
[2020-01-13T14:12:33.327+0000][1][gc,age       ] GC(13) Age table with threshold 1 (max threshold 6)
[2020-01-13T14:12:33.327+0000][1][gc,age       ] GC(13) - age   1:    5807616 bytes,    5807616 total
[2020-01-13T14:12:33.327+0000][1][gc,age       ] GC(13) - age   2:     675176 bytes,    6482792 total
[2020-01-13T14:12:33.327+0000][1][gc,age       ] GC(13) - age   3:     255632 bytes,    6738424 total
[2020-01-13T14:12:33.327+0000][1][gc,age       ] GC(13) - age   4:     127152 bytes,    6865576 total
[2020-01-13T14:12:33.327+0000][1][gc,age       ] GC(13) - age   5:     563656 bytes,    7429232 total
[2020-01-13T14:12:33.327+0000][1][gc,age       ] GC(13) - age   6:    1286968 bytes,    8716200 total
[2020-01-13T14:12:33.327+0000][1][gc,heap      ] GC(13) ParNew: 73464K->8512K(76672K)
[2020-01-13T14:12:33.327+0000][1][gc,heap      ] GC(13) CMS: 13902K->22796K(176960K)
[2020-01-13T14:12:33.327+0000][1][gc,metaspace ] GC(13) Metaspace: 26840K->26840K(1075200K)
[2020-01-13T14:12:33.327+0000][1][gc           ] GC(13) Pause Young (Allocation Failure) 85M->30M(247M) 65.394ms
[2020-01-13T14:12:33.327+0000][1][gc,cpu       ] GC(13) User=0.06s Sys=0.00s Real=0.06s
[2020-01-13T14:12:33.327+0000][1][safepoint    ] Leaving safepoint region
[2020-01-13T14:12:33.327+0000][1][safepoint    ] Total time for which application threads were stopped: 0.0658571 seconds, Stopping threads took: 0.0003292 seconds
[2020-01-13T14:12:34.122+0000][1][safepoint    ] Application time: 0.7952553 seconds
[2020-01-13T14:12:34.122+0000][1][safepoint    ] Entering safepoint region: RevokeBias
[2020-01-13T14:12:34.122+0000][1][safepoint    ] Leaving safepoint region
[2020-01-13T14:12:34.122+0000][1][safepoint    ] Total time for which application threads were stopped: 0.0001403 seconds, Stopping threads took: 0.0000234 seconds
[2020-01-13T14:12:34.222+0000][1][safepoint    ] Application time: 0.0990321 seconds
[2020-01-13T14:12:34.225+0000][1][safepoint    ] Entering safepoint region: GenCollectForAllocation
[2020-01-13T14:12:34.225+0000][1][gc,start     ] GC(14) Pause Young (Allocation Failure)
[2020-01-13T14:12:34.225+0000][1][gc,task      ] GC(14) Using 1 workers of 1 for evacuation
[2020-01-13T14:12:34.307+0000][1][gc,age       ] GC(14) Desired survivor size 4358144 bytes, new threshold 1 (max threshold 6)
[2020-01-13T14:12:34.307+0000][1][gc,age       ] GC(14) Age table with threshold 1 (max threshold 6)
[2020-01-13T14:12:34.307+0000][1][gc,age       ] GC(14) - age   1:    8716232 bytes,    8716232 total
[2020-01-13T14:12:34.307+0000][1][gc,heap      ] GC(14) ParNew: 76672K->8512K(76672K)
[2020-01-13T14:12:34.307+0000][1][gc,heap      ] GC(14) CMS: 22796K->35517K(176960K)
[2020-01-13T14:12:34.307+0000][1][gc,metaspace ] GC(14) Metaspace: 27002K->27002K(1075200K)
[2020-01-13T14:12:34.307+0000][1][gc           ] GC(14) Pause Young (Allocation Failure) 97M->42M(247M) 81.612ms
[2020-01-13T14:12:34.307+0000][1][gc,cpu       ] GC(14) User=0.08s Sys=0.00s Real=0.08s
[2020-01-13T14:12:34.307+0000][1][safepoint    ] Leaving safepoint region
[2020-01-13T14:12:34.307+0000][1][safepoint    ] Total time for which application threads were stopped: 0.0854909 seconds, Stopping threads took: 0.0037367 seconds
[2020-01-13T14:12:35.258+0000][1][safepoint    ] Application time: 0.9504547 seconds
[2020-01-13T14:12:35.258+0000][1][safepoint    ] Entering safepoint region: RevokeBias
[2020-01-13T14:12:35.258+0000][1][safepoint    ] Leaving safepoint region
[2020-01-13T14:12:35.258+0000][1][safepoint    ] Total time for which application threads were stopped: 0.0001699 seconds, Stopping threads took: 0.0000231 seconds
[2020-01-13T14:12:35.359+0000][1][safepoint    ] Application time: 0.1011072 seconds
[2020-01-13T14:12:35.359+0000][1][safepoint    ] Entering safepoint region: GenCollectForAllocation
[2020-01-13T14:12:35.359+0000][1][gc,start     ] GC(15) Pause Young (Allocation Failure)
[2020-01-13T14:12:35.359+0000][1][gc,task      ] GC(15) Using 1 workers of 1 for evacuation
[2020-01-13T14:12:35.428+0000][1][gc,age       ] GC(15) Desired survivor size 4358144 bytes, new threshold 1 (max threshold 6)
[2020-01-13T14:12:35.428+0000][1][gc,age       ] GC(15) Age table with threshold 1 (max threshold 6)
[2020-01-13T14:12:35.428+0000][1][gc,age       ] GC(15) - age   1:    8716200 bytes,    8716200 total
[2020-01-13T14:12:35.428+0000][1][gc,heap      ] GC(15) ParNew: 76672K->8512K(76672K)
[2020-01-13T14:12:35.428+0000][1][gc,heap      ] GC(15) CMS: 35517K->45671K(176960K)
[2020-01-13T14:12:35.428+0000][1][gc,metaspace ] GC(15) Metaspace: 29619K->29619K(1077248K)
[2020-01-13T14:12:35.428+0000][1][gc           ] GC(15) Pause Young (Allocation Failure) 109M->52M(247M) 68.948ms
[2020-01-13T14:12:35.428+0000][1][gc,cpu       ] GC(15) User=0.07s Sys=0.00s Real=0.07s
[2020-01-13T14:12:35.428+0000][1][safepoint    ] Leaving safepoint region
[2020-01-13T14:12:35.428+0000][1][safepoint    ] Total time for which application threads were stopped: 0.0690909 seconds, Stopping threads took: 0.0000242 seconds
[2020-01-13T14:12:36.028+0000][1][safepoint    ] Application time: 0.5997090 seconds
[2020-01-13T14:12:36.028+0000][1][safepoint    ] Entering safepoint region: GenCollectForAllocation
[2020-01-13T14:12:36.028+0000][1][gc,start     ] GC(16) Pause Young (Allocation Failure)
[2020-01-13T14:12:36.028+0000][1][gc,task      ] GC(16) Using 1 workers of 1 for evacuation
[2020-01-13T14:12:36.091+0000][1][gc,age       ] GC(16) Desired survivor size 4358144 bytes, new threshold 6 (max threshold 6)
[2020-01-13T14:12:36.091+0000][1][gc,age       ] GC(16) Age table with threshold 6 (max threshold 6)
[2020-01-13T14:12:36.091+0000][1][gc,age       ] GC(16) - age   1:    1179400 bytes,    1179400 total
[2020-01-13T14:12:36.091+0000][1][gc,heap      ] GC(16) ParNew: 76672K->8432K(76672K)
[2020-01-13T14:12:36.091+0000][1][gc,heap      ] GC(16) CMS: 45671K->54248K(176960K)
[2020-01-13T14:12:36.091+0000][1][gc,metaspace ] GC(16) Metaspace: 32813K->32813K(1079296K)
[2020-01-13T14:12:36.091+0000][1][gc           ] GC(16) Pause Young (Allocation Failure) 119M->61M(247M) 62.769ms
[2020-01-13T14:12:36.091+0000][1][gc,cpu       ] GC(16) User=0.06s Sys=0.00s Real=0.06s
[2020-01-13T14:12:36.091+0000][1][safepoint    ] Leaving safepoint region
[2020-01-13T14:12:36.091+0000][1][safepoint    ] Total time for which application threads were stopped: 0.0635160 seconds, Stopping threads took: 0.0005390 seconds
[2020-01-13T14:12:36.536+0000][1][safepoint    ] Application time: 0.4446041 seconds
[2020-01-13T14:12:36.537+0000][1][safepoint    ] Entering safepoint region: CollectForMetadataAllocation
[2020-01-13T14:12:36.537+0000][1][safepoint    ] Leaving safepoint region
[2020-01-13T14:12:36.537+0000][1][safepoint    ] Total time for which application threads were stopped: 0.0014156 seconds, Stopping threads took: 0.0012289 seconds
[2020-01-13T14:12:36.599+0000][1][safepoint    ] Application time: 0.0614787 seconds
[2020-01-13T14:12:36.599+0000][1][safepoint    ] Entering safepoint region: CollectForMetadataAllocation
[2020-01-13T14:12:36.599+0000][1][safepoint    ] Leaving safepoint region
[2020-01-13T14:12:36.599+0000][1][safepoint    ] Total time for which application threads were stopped: 0.0002210 seconds, Stopping threads took: 0.0000207 seconds
[2020-01-13T14:12:36.653+0000][1][safepoint    ] Application time: 0.0537250 seconds
[2020-01-13T14:12:36.653+0000][1][safepoint    ] Entering safepoint region: CollectForMetadataAllocation
[2020-01-13T14:12:36.653+0000][1][safepoint    ] Leaving safepoint region
[2020-01-13T14:12:36.653+0000][1][safepoint    ] Total time for which application threads were stopped: 0.0002527 seconds, Stopping threads took: 0.0000408 seconds
[2020-01-13T14:12:36.686+0000][1][safepoint    ] Application time: 0.0327176 seconds
[2020-01-13T14:12:36.686+0000][1][safepoint    ] Entering safepoint region: CollectForMetadataAllocation
[2020-01-13T14:12:36.686+0000][1][safepoint    ] Leaving safepoint region
[2020-01-13T14:12:36.686+0000][1][safepoint    ] Total time for which application threads were stopped: 0.0002237 seconds, Stopping threads took: 0.0000244 seconds
[2020-01-13T14:12:36.719+0000][1][safepoint    ] Application time: 0.0333193 seconds
[2020-01-13T14:12:36.720+0000][1][safepoint    ] Entering safepoint region: CollectForMetadataAllocation
[2020-01-13T14:12:36.720+0000][1][safepoint    ] Leaving safepoint region
[2020-01-13T14:12:36.720+0000][1][safepoint    ] Total time for which application threads were stopped: 0.0002112 seconds, Stopping threads took: 0.0000241 seconds
[2020-01-13T14:12:36.756+0000][1][safepoint    ] Application time: 0.0358343 seconds
[2020-01-13T14:12:36.756+0000][1][safepoint    ] Entering safepoint region: CollectForMetadataAllocation
[2020-01-13T14:12:36.756+0000][1][safepoint    ] Leaving safepoint region
[2020-01-13T14:12:36.756+0000][1][safepoint    ] Total time for which application threads were stopped: 0.0002245 seconds, Stopping threads took: 0.0000226 seconds
[2020-01-13T14:12:36.795+0000][1][safepoint    ] Application time: 0.0395415 seconds
[2020-01-13T14:12:36.795+0000][1][safepoint    ] Entering safepoint region: CollectForMetadataAllocation
[2020-01-13T14:12:36.796+0000][1][safepoint    ] Leaving safepoint region
[2020-01-13T14:12:36.796+0000][1][safepoint    ] Total time for which application threads were stopped: 0.0002155 seconds, Stopping threads took: 0.0000242 seconds
[2020-01-13T14:12:36.826+0000][1][safepoint    ] Application time: 0.0301158 seconds
[2020-01-13T14:12:36.826+0000][1][safepoint    ] Entering safepoint region: CollectForMetadataAllocation
[2020-01-13T14:12:36.826+0000][1][safepoint    ] Leaving safepoint region
[2020-01-13T14:12:36.826+0000][1][safepoint    ] Total time for which application threads were stopped: 0.0002387 seconds, Stopping threads took: 0.0000249 seconds
[2020-01-13T14:12:36.877+0000][1][safepoint    ] Application time: 0.0508238 seconds
[2020-01-13T14:12:36.877+0000][1][safepoint    ] Entering safepoint region: CollectForMetadataAllocation
[2020-01-13T14:12:36.877+0000][1][safepoint    ] Leaving safepoint region
[2020-01-13T14:12:36.877+0000][1][safepoint    ] Total time for which application threads were stopped: 0.0002266 seconds, Stopping threads took: 0.0000251 seconds
[2020-01-13T14:12:36.914+0000][1][safepoint    ] Application time: 0.0371862 seconds
[2020-01-13T14:12:36.914+0000][1][safepoint    ] Entering safepoint region: CollectForMetadataAllocation
[2020-01-13T14:12:36.915+0000][1][safepoint    ] Leaving safepoint region
[2020-01-13T14:12:36.915+0000][1][safepoint    ] Total time for which application threads were stopped: 0.0002337 seconds, Stopping threads took: 0.0000221 seconds
[2020-01-13T14:12:36.934+0000][1][safepoint    ] Application time: 0.0197395 seconds
[2020-01-13T14:12:36.934+0000][1][safepoint    ] Entering safepoint region: RevokeBias
[2020-01-13T14:12:36.935+0000][1][safepoint    ] Leaving safepoint region
[2020-01-13T14:12:36.935+0000][1][safepoint    ] Total time for which application threads were stopped: 0.0001491 seconds, Stopping threads took: 0.0000316 seconds
[2020-01-13T14:12:36.946+0000][1][safepoint    ] Application time: 0.0118860 seconds
[2020-01-13T14:12:36.946+0000][1][safepoint    ] Entering safepoint region: CollectForMetadataAllocation
[2020-01-13T14:12:36.947+0000][1][safepoint    ] Leaving safepoint region
[2020-01-13T14:12:36.947+0000][1][safepoint    ] Total time for which application threads were stopped: 0.0002146 seconds, Stopping threads took: 0.0000203 seconds
[2020-01-13T14:12:36.997+0000][1][safepoint    ] Application time: 0.0507891 seconds
[2020-01-13T14:12:36.998+0000][1][safepoint    ] Entering safepoint region: CollectForMetadataAllocation
[2020-01-13T14:12:36.998+0000][1][safepoint    ] Leaving safepoint region
[2020-01-13T14:12:36.998+0000][1][safepoint    ] Total time for which application threads were stopped: 0.0002519 seconds, Stopping threads took: 0.0000246 seconds
[2020-01-13T14:12:37.049+0000][1][safepoint    ] Application time: 0.0508380 seconds
[2020-01-13T14:12:37.049+0000][1][safepoint    ] Entering safepoint region: CollectForMetadataAllocation
[2020-01-13T14:12:37.049+0000][1][safepoint    ] Leaving safepoint region
[2020-01-13T14:12:37.049+0000][1][safepoint    ] Total time for which application threads were stopped: 0.0001591 seconds, Stopping threads took: 0.0000223 seconds
[2020-01-13T14:12:37.098+0000][1][safepoint    ] Application time: 0.0488830 seconds
[2020-01-13T14:12:37.098+0000][1][safepoint    ] Entering safepoint region: CollectForMetadataAllocation
[2020-01-13T14:12:37.098+0000][1][safepoint    ] Leaving safepoint region
[2020-01-13T14:12:37.098+0000][1][safepoint    ] Total time for which application threads were stopped: 0.0002356 seconds, Stopping threads took: 0.0000245 seconds
[2020-01-13T14:12:37.144+0000][1][safepoint    ] Application time: 0.0457386 seconds
[2020-01-13T14:12:37.144+0000][1][safepoint    ] Entering safepoint region: CollectForMetadataAllocation
[2020-01-13T14:12:37.144+0000][1][safepoint    ] Leaving safepoint region
[2020-01-13T14:12:37.144+0000][1][safepoint    ] Total time for which application threads were stopped: 0.0002320 seconds, Stopping threads took: 0.0000246 seconds
[2020-01-13T14:12:37.173+0000][1][safepoint    ] Application time: 0.0286036 seconds
[2020-01-13T14:12:37.173+0000][1][safepoint    ] Entering safepoint region: CollectForMetadataAllocation
[2020-01-13T14:12:37.173+0000][1][safepoint    ] Leaving safepoint region
[2020-01-13T14:12:37.173+0000][1][safepoint    ] Total time for which application threads were stopped: 0.0002262 seconds, Stopping threads took: 0.0000236 seconds
[2020-01-13T14:12:37.216+0000][1][safepoint    ] Application time: 0.0433030 seconds
[2020-01-13T14:12:37.216+0000][1][safepoint    ] Entering safepoint region: CollectForMetadataAllocation
[2020-01-13T14:12:37.216+0000][1][safepoint    ] Leaving safepoint region
[2020-01-13T14:12:37.216+0000][1][safepoint    ] Total time for which application threads were stopped: 0.0002589 seconds, Stopping threads took: 0.0000372 seconds
[2020-01-13T14:12:37.251+0000][1][safepoint    ] Application time: 0.0341407 seconds
[2020-01-13T14:12:37.251+0000][1][safepoint    ] Entering safepoint region: CollectForMetadataAllocation
[2020-01-13T14:12:37.251+0000][1][safepoint    ] Leaving safepoint region
[2020-01-13T14:12:37.251+0000][1][safepoint    ] Total time for which application threads were stopped: 0.0002109 seconds, Stopping threads took: 0.0000263 seconds
[2020-01-13T14:12:37.293+0000][1][safepoint    ] Application time: 0.0416124 seconds
[2020-01-13T14:12:37.293+0000][1][safepoint    ] Entering safepoint region: CollectForMetadataAllocation
[2020-01-13T14:12:37.293+0000][1][safepoint    ] Leaving safepoint region
[2020-01-13T14:12:37.293+0000][1][safepoint    ] Total time for which application threads were stopped: 0.0007472 seconds, Stopping threads took: 0.0005242 seconds
[2020-01-13T14:12:37.330+0000][1][safepoint    ] Application time: 0.0362298 seconds
[2020-01-13T14:12:37.330+0000][1][safepoint    ] Entering safepoint region: CollectForMetadataAllocation
[2020-01-13T14:12:37.330+0000][1][safepoint    ] Leaving safepoint region
[2020-01-13T14:12:37.330+0000][1][safepoint    ] Total time for which application threads were stopped: 0.0002364 seconds, Stopping threads took: 0.0000297 seconds
[2020-01-13T14:12:37.370+0000][1][safepoint    ] Application time: 0.0399832 seconds
[2020-01-13T14:12:37.370+0000][1][safepoint    ] Entering safepoint region: CollectForMetadataAllocation
[2020-01-13T14:12:37.370+0000][1][safepoint    ] Leaving safepoint region
[2020-01-13T14:12:37.370+0000][1][safepoint    ] Total time for which application threads were stopped: 0.0002235 seconds, Stopping threads took: 0.0000293 seconds
[2020-01-13T14:12:37.397+0000][1][safepoint    ] Application time: 0.0268591 seconds
[2020-01-13T14:12:37.397+0000][1][safepoint    ] Entering safepoint region: GenCollectForAllocation
[2020-01-13T14:12:37.397+0000][1][gc,start     ] GC(17) Pause Young (Allocation Failure)
[2020-01-13T14:12:37.397+0000][1][gc,task      ] GC(17) Using 1 workers of 1 for evacuation
[2020-01-13T14:12:37.415+0000][1][gc,age       ] GC(17) Desired survivor size 4358144 bytes, new threshold 6 (max threshold 6)
[2020-01-13T14:12:37.415+0000][1][gc,age       ] GC(17) Age table with threshold 6 (max threshold 6)
[2020-01-13T14:12:37.415+0000][1][gc,age       ] GC(17) - age   1:    2901304 bytes,    2901304 total
[2020-01-13T14:12:37.415+0000][1][gc,age       ] GC(17) - age   2:    1121632 bytes,    4022936 total
[2020-01-13T14:12:37.415+0000][1][gc,heap      ] GC(17) ParNew: 76592K->4648K(76672K)
[2020-01-13T14:12:37.415+0000][1][gc,heap      ] GC(17) CMS: 54248K->54248K(176960K)
[2020-01-13T14:12:37.415+0000][1][gc,metaspace ] GC(17) Metaspace: 39861K->39861K(1085440K)
[2020-01-13T14:12:37.415+0000][1][gc           ] GC(17) Pause Young (Allocation Failure) 127M->57M(247M) 17.572ms
[2020-01-13T14:12:37.415+0000][1][gc,cpu       ] GC(17) User=0.02s Sys=0.00s Real=0.02s
[2020-01-13T14:12:37.415+0000][1][safepoint    ] Leaving safepoint region
[2020-01-13T14:12:37.415+0000][1][safepoint    ] Total time for which application threads were stopped: 0.0177014 seconds, Stopping threads took: 0.0000212 seconds
[2020-01-13T14:12:37.426+0000][1][safepoint    ] Application time: 0.0116046 seconds
[2020-01-13T14:12:37.427+0000][1][safepoint    ] Entering safepoint region: CMS_Initial_Mark
[2020-01-13T14:12:37.427+0000][1][gc,start     ] GC(18) Pause Initial Mark
[2020-01-13T14:12:37.433+0000][1][gc           ] GC(18) Pause Initial Mark 58M->58M(247M) 6.141ms
[2020-01-13T14:12:37.433+0000][1][gc,cpu       ] GC(18) User=0.01s Sys=0.00s Real=0.01s
[2020-01-13T14:12:37.433+0000][1][safepoint    ] Leaving safepoint region
[2020-01-13T14:12:37.433+0000][1][safepoint    ] Total time for which application threads were stopped: 0.0066297 seconds, Stopping threads took: 0.0003658 seconds
[2020-01-13T14:12:37.433+0000][1][gc           ] GC(18) Concurrent Mark
[2020-01-13T14:12:37.449+0000][1][safepoint    ] Application time: 0.0163059 seconds
[2020-01-13T14:12:37.449+0000][1][safepoint    ] Entering safepoint region: CollectForMetadataAllocation
[2020-01-13T14:12:37.450+0000][1][safepoint    ] Leaving safepoint region
[2020-01-13T14:12:37.450+0000][1][safepoint    ] Total time for which application threads were stopped: 0.0002322 seconds, Stopping threads took: 0.0000149 seconds
[2020-01-13T14:12:37.509+0000][1][safepoint    ] Application time: 0.0597100 seconds
[2020-01-13T14:12:37.509+0000][1][safepoint    ] Entering safepoint region: CollectForMetadataAllocation
[2020-01-13T14:12:37.510+0000][1][safepoint    ] Leaving safepoint region
[2020-01-13T14:12:37.510+0000][1][safepoint    ] Total time for which application threads were stopped: 0.0002387 seconds, Stopping threads took: 0.0000132 seconds
[2020-01-13T14:12:37.602+0000][1][gc           ] GC(18) Concurrent Mark 168.546ms
[2020-01-13T14:12:37.602+0000][1][gc,cpu       ] GC(18) User=0.16s Sys=0.00s Real=0.17s
[2020-01-13T14:12:37.602+0000][1][gc           ] GC(18) Concurrent Preclean
[2020-01-13T14:12:37.603+0000][1][gc           ] GC(18) Concurrent Preclean 1.034ms
[2020-01-13T14:12:37.603+0000][1][gc,cpu       ] GC(18) User=0.00s Sys=0.00s Real=0.00s
[2020-01-13T14:12:37.603+0000][1][gc           ] GC(18) Concurrent Abortable Preclean
[2020-01-13T14:12:37.631+0000][1][safepoint    ] Application time: 0.1211663 seconds
[2020-01-13T14:12:37.631+0000][1][safepoint    ] Entering safepoint region: CollectForMetadataAllocation
[2020-01-13T14:12:37.631+0000][1][safepoint    ] Leaving safepoint region
[2020-01-13T14:12:37.631+0000][1][safepoint    ] Total time for which application threads were stopped: 0.0002509 seconds, Stopping threads took: 0.0000331 seconds
[2020-01-13T14:12:37.690+0000][1][safepoint    ] Application time: 0.0592964 seconds
[2020-01-13T14:12:37.690+0000][1][safepoint    ] Entering safepoint region: CollectForMetadataAllocation
[2020-01-13T14:12:37.691+0000][1][safepoint    ] Leaving safepoint region
[2020-01-13T14:12:37.691+0000][1][safepoint    ] Total time for which application threads were stopped: 0.0001548 seconds, Stopping threads took: 0.0000123 seconds
[2020-01-13T14:12:37.772+0000][1][safepoint    ] Application time: 0.0817399 seconds
[2020-01-13T14:12:37.772+0000][1][safepoint    ] Entering safepoint region: CollectForMetadataAllocation
[2020-01-13T14:12:37.773+0000][1][safepoint    ] Leaving safepoint region
[2020-01-13T14:12:37.773+0000][1][safepoint    ] Total time for which application threads were stopped: 0.0002242 seconds, Stopping threads took: 0.0000248 seconds
[2020-01-13T14:12:37.853+0000][1][safepoint    ] Application time: 0.0807793 seconds
[2020-01-13T14:12:37.853+0000][1][safepoint    ] Entering safepoint region: CollectForMetadataAllocation
[2020-01-13T14:12:37.854+0000][1][safepoint    ] Leaving safepoint region
[2020-01-13T14:12:37.854+0000][1][safepoint    ] Total time for which application threads were stopped: 0.0002467 seconds, Stopping threads took: 0.0000320 seconds
[2020-01-13T14:12:37.908+0000][1][safepoint    ] Application time: 0.0541410 seconds
[2020-01-13T14:12:37.908+0000][1][safepoint    ] Entering safepoint region: CollectForMetadataAllocation
[2020-01-13T14:12:37.908+0000][1][safepoint    ] Leaving safepoint region
[2020-01-13T14:12:37.908+0000][1][safepoint    ] Total time for which application threads were stopped: 0.0002195 seconds, Stopping threads took: 0.0000118 seconds
[2020-01-13T14:12:38.743+0000][1][safepoint    ] Application time: 0.8346616 seconds
[2020-01-13T14:12:38.743+0000][1][safepoint    ] Entering safepoint region: CollectForMetadataAllocation
[2020-01-13T14:12:38.743+0000][1][safepoint    ] Leaving safepoint region
[2020-01-13T14:12:38.743+0000][1][safepoint    ] Total time for which application threads were stopped: 0.0002391 seconds, Stopping threads took: 0.0000237 seconds
[2020-01-13T14:12:39.182+0000][1][safepoint    ] Application time: 0.4392978 seconds
[2020-01-13T14:12:39.182+0000][1][safepoint    ] Entering safepoint region: CollectForMetadataAllocation
[2020-01-13T14:12:39.183+0000][1][safepoint    ] Leaving safepoint region
[2020-01-13T14:12:39.183+0000][1][safepoint    ] Total time for which application threads were stopped: 0.0002012 seconds, Stopping threads took: 0.0000147 seconds
[2020-01-13T14:12:39.391+0000][1][safepoint    ] Application time: 0.2081430 seconds
[2020-01-13T14:12:39.391+0000][1][safepoint    ] Entering safepoint region: CollectForMetadataAllocation
[2020-01-13T14:12:39.391+0000][1][safepoint    ] Leaving safepoint region
[2020-01-13T14:12:39.391+0000][1][safepoint    ] Total time for which application threads were stopped: 0.0002502 seconds, Stopping threads took: 0.0000307 seconds
[2020-01-13T14:12:39.755+0000][1][gc           ] GC(18) Concurrent Abortable Preclean 2152.391ms
[2020-01-13T14:12:39.755+0000][1][gc,cpu       ] GC(18) User=1.89s Sys=0.04s Real=2.15s
[2020-01-13T14:12:39.755+0000][1][safepoint    ] Application time: 0.3641525 seconds
[2020-01-13T14:12:39.755+0000][1][safepoint    ] Entering safepoint region: CMS_Final_Remark
[2020-01-13T14:12:39.756+0000][1][gc,start     ] GC(18) Pause Remark
[2020-01-13T14:12:39.824+0000][1][gc           ] GC(18) Pause Remark 104M->104M(247M) 68.394ms
[2020-01-13T14:12:39.824+0000][1][gc,cpu       ] GC(18) User=0.07s Sys=0.00s Real=0.07s
[2020-01-13T14:12:39.824+0000][1][safepoint    ] Leaving safepoint region
[2020-01-13T14:12:39.824+0000][1][safepoint    ] Total time for which application threads were stopped: 0.0689272 seconds, Stopping threads took: 0.0002416 seconds
[2020-01-13T14:12:39.832+0000][1][gc           ] GC(18) Concurrent Sweep
[2020-01-13T14:12:39.870+0000][1][safepoint    ] Application time: 0.0454864 seconds
[2020-01-13T14:12:39.873+0000][1][safepoint    ] Entering safepoint region: CollectForMetadataAllocation
[2020-01-13T14:12:39.874+0000][1][safepoint    ] Leaving safepoint region
[2020-01-13T14:12:39.874+0000][1][safepoint    ] Total time for which application threads were stopped: 0.0048845 seconds, Stopping threads took: 0.0036918 seconds
[2020-01-13T14:12:39.899+0000][1][gc           ] GC(18) Concurrent Sweep 66.833ms
[2020-01-13T14:12:39.899+0000][1][gc,cpu       ] GC(18) User=0.06s Sys=0.00s Real=0.07s
[2020-01-13T14:12:39.899+0000][1][gc           ] GC(18) Concurrent Reset
[2020-01-13T14:12:39.900+0000][1][gc           ] GC(18) Concurrent Reset 0.463ms
[2020-01-13T14:12:39.900+0000][1][gc,cpu       ] GC(18) User=0.00s Sys=0.00s Real=0.00s
[2020-01-13T14:12:39.900+0000][1][gc,heap      ] GC(18) Old: 54248K->54035K(176960K)
[2020-01-13T14:12:40.223+0000][1][safepoint    ] Application time: 0.3485691 seconds
[2020-01-13T14:12:40.226+0000][1][safepoint    ] Entering safepoint region: RevokeBias
[2020-01-13T14:12:40.226+0000][1][safepoint    ] Leaving safepoint region
[2020-01-13T14:12:40.226+0000][1][safepoint    ] Total time for which application threads were stopped: 0.0033279 seconds, Stopping threads took: 0.0031906 seconds
[2020-01-13T14:12:40.231+0000][1][safepoint    ] Application time: 0.0040912 seconds
[2020-01-13T14:12:40.231+0000][1][safepoint    ] Entering safepoint region: RevokeBias
[2020-01-13T14:12:40.231+0000][1][safepoint    ] Leaving safepoint region
[2020-01-13T14:12:40.231+0000][1][safepoint    ] Total time for which application threads were stopped: 0.0001003 seconds, Stopping threads took: 0.0000210 seconds
[2020-01-13T14:12:40.246+0000][1][safepoint    ] Application time: 0.0158151 seconds
[2020-01-13T14:12:40.250+0000][1][safepoint    ] Entering safepoint region: GenCollectForAllocation
[2020-01-13T14:12:40.250+0000][1][gc,start     ] GC(19) Pause Young (Allocation Failure)
[2020-01-13T14:12:40.250+0000][1][gc,task      ] GC(19) Using 1 workers of 1 for evacuation
[2020-01-13T14:12:40.277+0000][1][gc,age       ] GC(19) Desired survivor size 4358144 bytes, new threshold 2 (max threshold 6)
[2020-01-13T14:12:40.277+0000][1][gc,age       ] GC(19) Age table with threshold 2 (max threshold 6)
[2020-01-13T14:12:40.277+0000][1][gc,age       ] GC(19) - age   1:    3365496 bytes,    3365496 total
[2020-01-13T14:12:40.277+0000][1][gc,age       ] GC(19) - age   2:    2825856 bytes,    6191352 total
[2020-01-13T14:12:40.277+0000][1][gc,age       ] GC(19) - age   3:    1120048 bytes,    7311400 total
[2020-01-13T14:12:40.277+0000][1][gc,heap      ] GC(19) ParNew: 72808K->8512K(76672K)
[2020-01-13T14:12:40.277+0000][1][gc,heap      ] GC(19) CMS: 54035K->54035K(176960K)
[2020-01-13T14:12:40.277+0000][1][gc,metaspace ] GC(19) Metaspace: 44795K->44795K(1091584K)
[2020-01-13T14:12:40.277+0000][1][gc           ] GC(19) Pause Young (Allocation Failure) 123M->61M(247M) 26.524ms
[2020-01-13T14:12:40.277+0000][1][gc,cpu       ] GC(19) User=0.03s Sys=0.00s Real=0.02s
[2020-01-13T14:12:40.277+0000][1][safepoint    ] Leaving safepoint region
[2020-01-13T14:12:40.277+0000][1][safepoint    ] Total time for which application threads were stopped: 0.0304350 seconds, Stopping threads took: 0.0037742 seconds
[2020-01-13T14:12:40.603+0000][1][safepoint    ] Application time: 0.3264864 seconds
[2020-01-13T14:12:40.606+0000][1][safepoint    ] Entering safepoint region: RevokeBias
[2020-01-13T14:12:40.607+0000][1][safepoint    ] Leaving safepoint region
[2020-01-13T14:12:40.607+0000][1][safepoint    ] Total time for which application threads were stopped: 0.0035272 seconds, Stopping threads took: 0.0029371 seconds
[2020-01-13T14:12:40.607+0000][1][safepoint    ] Application time: 0.0000536 seconds
[2020-01-13T14:12:40.607+0000][1][safepoint    ] Entering safepoint region: RevokeBias
[2020-01-13T14:12:40.607+0000][1][safepoint    ] Leaving safepoint region
[2020-01-13T14:12:40.607+0000][1][safepoint    ] Total time for which application threads were stopped: 0.0000421 seconds, Stopping threads took: 0.0000058 seconds
[2020-01-13T14:12:40.607+0000][1][safepoint    ] Application time: 0.0001670 seconds
[2020-01-13T14:12:40.607+0000][1][safepoint    ] Entering safepoint region: RevokeBias
[2020-01-13T14:12:40.607+0000][1][safepoint    ] Leaving safepoint region
[2020-01-13T14:12:40.607+0000][1][safepoint    ] Total time for which application threads were stopped: 0.0000504 seconds, Stopping threads took: 0.0000055 seconds
[2020-01-13T14:12:40.607+0000][1][safepoint    ] Application time: 0.0000246 seconds
[2020-01-13T14:12:40.607+0000][1][safepoint    ] Entering safepoint region: RevokeBias
[2020-01-13T14:12:40.608+0000][1][safepoint    ] Leaving safepoint region
[2020-01-13T14:12:40.608+0000][1][safepoint    ] Total time for which application threads were stopped: 0.0005857 seconds, Stopping threads took: 0.0000045 seconds
[2020-01-13T14:12:40.671+0000][1][safepoint    ] Application time: 0.0630439 seconds
[2020-01-13T14:12:40.676+0000][1][safepoint    ] Entering safepoint region: RevokeBias
[2020-01-13T14:12:40.676+0000][1][safepoint    ] Leaving safepoint region
[2020-01-13T14:12:40.676+0000][1][safepoint    ] Total time for which application threads were stopped: 0.0053923 seconds, Stopping threads took: 0.0052717 seconds
[2020-01-13T14:12:40.700+0000][1][safepoint    ] Application time: 0.0239845 seconds
[2020-01-13T14:12:40.701+0000][1][safepoint    ] Entering safepoint region: RevokeBias
[2020-01-13T14:12:40.701+0000][1][safepoint    ] Leaving safepoint region
[2020-01-13T14:12:40.701+0000][1][safepoint    ] Total time for which application threads were stopped: 0.0001833 seconds, Stopping threads took: 0.0000882 seconds
[2020-01-13T14:12:40.701+0000][1][safepoint    ] Application time: 0.0000598 seconds
[2020-01-13T14:12:40.701+0000][1][safepoint    ] Entering safepoint region: RevokeBias
[2020-01-13T14:12:40.701+0000][1][safepoint    ] Leaving safepoint region
[2020-01-13T14:12:40.701+0000][1][safepoint    ] Total time for which application threads were stopped: 0.0000459 seconds, Stopping threads took: 0.0000138 seconds
[2020-01-13T14:12:40.701+0000][1][safepoint    ] Application time: 0.0000258 seconds
[2020-01-13T14:12:40.701+0000][1][safepoint    ] Entering safepoint region: RevokeBias
[2020-01-13T14:12:40.701+0000][1][safepoint    ] Leaving safepoint region
[2020-01-13T14:12:40.701+0000][1][safepoint    ] Total time for which application threads were stopped: 0.0000383 seconds, Stopping threads took: 0.0000124 seconds
[2020-01-13T14:12:40.701+0000][1][safepoint    ] Application time: 0.0000796 seconds
[2020-01-13T14:12:40.701+0000][1][safepoint    ] Entering safepoint region: RevokeBias
[2020-01-13T14:12:40.701+0000][1][safepoint    ] Leaving safepoint region
[2020-01-13T14:12:40.701+0000][1][safepoint    ] Total time for which application threads were stopped: 0.0000451 seconds, Stopping threads took: 0.0000137 seconds
[2020-01-13T14:12:40.702+0000][1][safepoint    ] Application time: 0.0006086 seconds
[2020-01-13T14:12:40.702+0000][1][safepoint    ] Entering safepoint region: RevokeBias
[2020-01-13T14:12:40.702+0000][1][safepoint    ] Leaving safepoint region
[2020-01-13T14:12:40.702+0000][1][safepoint    ] Total time for which application threads were stopped: 0.0000793 seconds, Stopping threads took: 0.0000177 seconds
[2020-01-13T14:12:40.702+0000][1][safepoint    ] Application time: 0.0000526 seconds
[2020-01-13T14:12:40.702+0000][1][safepoint    ] Entering safepoint region: RevokeBias
[2020-01-13T14:12:40.702+0000][1][safepoint    ] Leaving safepoint region
[2020-01-13T14:12:40.702+0000][1][safepoint    ] Total time for which application threads were stopped: 0.0000429 seconds, Stopping threads took: 0.0000128 seconds
[2020-01-13T14:12:40.702+0000][1][safepoint    ] Application time: 0.0001403 seconds
[2020-01-13T14:12:40.702+0000][1][safepoint    ] Entering safepoint region: RevokeBias
[2020-01-13T14:12:40.702+0000][1][safepoint    ] Leaving safepoint region
[2020-01-13T14:12:40.702+0000][1][safepoint    ] Total time for which application threads were stopped: 0.0000518 seconds, Stopping threads took: 0.0000139 seconds
[2020-01-13T14:12:40.702+0000][1][safepoint    ] Application time: 0.0000226 seconds
[2020-01-13T14:12:40.702+0000][1][safepoint    ] Entering safepoint region: RevokeBias
[2020-01-13T14:12:40.702+0000][1][safepoint    ] Leaving safepoint region
[2020-01-13T14:12:40.702+0000][1][safepoint    ] Total time for which application threads were stopped: 0.0000375 seconds, Stopping threads took: 0.0000123 seconds
[2020-01-13T14:12:40.702+0000][1][safepoint    ] Application time: 0.0000198 seconds
[2020-01-13T14:12:40.702+0000][1][safepoint    ] Entering safepoint region: RevokeBias
[2020-01-13T14:12:40.702+0000][1][safepoint    ] Leaving safepoint region
[2020-01-13T14:12:40.702+0000][1][safepoint    ] Total time for which application threads were stopped: 0.0000371 seconds, Stopping threads took: 0.0000123 seconds
[2020-01-13T14:12:40.702+0000][1][safepoint    ] Application time: 0.0000195 seconds
[2020-01-13T14:12:40.702+0000][1][safepoint    ] Entering safepoint region: RevokeBias
[2020-01-13T14:12:40.702+0000][1][safepoint    ] Leaving safepoint region
[2020-01-13T14:12:40.702+0000][1][safepoint    ] Total time for which application threads were stopped: 0.0000601 seconds, Stopping threads took: 0.0000124 seconds
[2020-01-13T14:12:40.702+0000][1][safepoint    ] Application time: 0.0000209 seconds
[2020-01-13T14:12:40.702+0000][1][safepoint    ] Entering safepoint region: RevokeBias
[2020-01-13T14:12:40.702+0000][1][safepoint    ] Leaving safepoint region
[2020-01-13T14:12:40.702+0000][1][safepoint    ] Total time for which application threads were stopped: 0.0000482 seconds, Stopping threads took: 0.0000127 seconds
[2020-01-13T14:12:40.702+0000][1][safepoint    ] Application time: 0.0000207 seconds
[2020-01-13T14:12:40.702+0000][1][safepoint    ] Entering safepoint region: RevokeBias
[2020-01-13T14:12:40.702+0000][1][safepoint    ] Leaving safepoint region
[2020-01-13T14:12:40.702+0000][1][safepoint    ] Total time for which application threads were stopped: 0.0000373 seconds, Stopping threads took: 0.0000125 seconds
[2020-01-13T14:12:40.702+0000][1][safepoint    ] Application time: 0.0000198 seconds
[2020-01-13T14:12:40.702+0000][1][safepoint    ] Entering safepoint region: RevokeBias
[2020-01-13T14:12:40.702+0000][1][safepoint    ] Leaving safepoint region
[2020-01-13T14:12:40.702+0000][1][safepoint    ] Total time for which application threads were stopped: 0.0000367 seconds, Stopping threads took: 0.0000122 seconds
[2020-01-13T14:12:40.703+0000][1][safepoint    ] Application time: 0.0000210 seconds
[2020-01-13T14:12:40.703+0000][1][safepoint    ] Entering safepoint region: RevokeBias
[2020-01-13T14:12:40.703+0000][1][safepoint    ] Leaving safepoint region
[2020-01-13T14:12:40.703+0000][1][safepoint    ] Total time for which application threads were stopped: 0.0000371 seconds, Stopping threads took: 0.0000122 seconds
[2020-01-13T14:12:40.703+0000][1][safepoint    ] Application time: 0.0000194 seconds
[2020-01-13T14:12:40.703+0000][1][safepoint    ] Entering safepoint region: RevokeBias
[2020-01-13T14:12:40.703+0000][1][safepoint    ] Leaving safepoint region
[2020-01-13T14:12:40.703+0000][1][safepoint    ] Total time for which application threads were stopped: 0.0000367 seconds, Stopping threads took: 0.0000121 seconds
[2020-01-13T14:12:40.703+0000][1][safepoint    ] Application time: 0.0000196 seconds
[2020-01-13T14:12:40.703+0000][1][safepoint    ] Entering safepoint region: RevokeBias
[2020-01-13T14:12:40.703+0000][1][safepoint    ] Leaving safepoint region
[2020-01-13T14:12:40.703+0000][1][safepoint    ] Total time for which application threads were stopped: 0.0000364 seconds, Stopping threads took: 0.0000121 seconds
[2020-01-13T14:12:40.703+0000][1][safepoint    ] Application time: 0.0000203 seconds
[2020-01-13T14:12:40.703+0000][1][safepoint    ] Entering safepoint region: RevokeBias
[2020-01-13T14:12:40.703+0000][1][safepoint    ] Leaving safepoint region
[2020-01-13T14:12:40.703+0000][1][safepoint    ] Total time for which application threads were stopped: 0.0000367 seconds, Stopping threads took: 0.0000122 seconds
[2020-01-13T14:12:40.703+0000][1][safepoint    ] Application time: 0.0000240 seconds
[2020-01-13T14:12:40.703+0000][1][safepoint    ] Entering safepoint region: RevokeBias
[2020-01-13T14:12:40.703+0000][1][safepoint    ] Leaving safepoint region
[2020-01-13T14:12:40.703+0000][1][safepoint    ] Total time for which application threads were stopped: 0.0000366 seconds, Stopping threads took: 0.0000122 seconds
[2020-01-13T14:12:40.703+0000][1][safepoint    ] Application time: 0.0000202 seconds
[2020-01-13T14:12:40.703+0000][1][safepoint    ] Entering safepoint region: RevokeBias
[2020-01-13T14:12:40.703+0000][1][safepoint    ] Leaving safepoint region
[2020-01-13T14:12:40.703+0000][1][safepoint    ] Total time for which application threads were stopped: 0.0000366 seconds, Stopping threads took: 0.0000122 seconds
[2020-01-13T14:12:40.703+0000][1][safepoint    ] Application time: 0.0000199 seconds
[2020-01-13T14:12:40.703+0000][1][safepoint    ] Entering safepoint region: RevokeBias
[2020-01-13T14:12:40.703+0000][1][safepoint    ] Leaving safepoint region
[2020-01-13T14:12:40.703+0000][1][safepoint    ] Total time for which application threads were stopped: 0.0000363 seconds, Stopping threads took: 0.0000122 seconds
[2020-01-13T14:12:40.703+0000][1][safepoint    ] Application time: 0.0000225 seconds
[2020-01-13T14:12:40.703+0000][1][safepoint    ] Entering safepoint region: RevokeBias
[2020-01-13T14:12:40.703+0000][1][safepoint    ] Leaving safepoint region
[2020-01-13T14:12:40.703+0000][1][safepoint    ] Total time for which application threads were stopped: 0.0000365 seconds, Stopping threads took: 0.0000122 seconds
[2020-01-13T14:12:40.703+0000][1][safepoint    ] Application time: 0.0000204 seconds
[2020-01-13T14:12:40.703+0000][1][safepoint    ] Entering safepoint region: RevokeBias
[2020-01-13T14:12:40.703+0000][1][safepoint    ] Leaving safepoint region
[2020-01-13T14:12:40.703+0000][1][safepoint    ] Total time for which application threads were stopped: 0.0000364 seconds, Stopping threads took: 0.0000121 seconds
[2020-01-13T14:12:40.703+0000][1][safepoint    ] Application time: 0.0000241 seconds
[2020-01-13T14:12:40.703+0000][1][safepoint    ] Entering safepoint region: RevokeBias
[2020-01-13T14:12:40.703+0000][1][safepoint    ] Leaving safepoint region
[2020-01-13T14:12:40.703+0000][1][safepoint    ] Total time for which application threads were stopped: 0.0000412 seconds, Stopping threads took: 0.0000165 seconds
[2020-01-13T14:12:40.703+0000][1][safepoint    ] Application time: 0.0000711 seconds
[2020-01-13T14:12:40.703+0000][1][safepoint    ] Entering safepoint region: RevokeBias
[2020-01-13T14:12:40.703+0000][1][safepoint    ] Leaving safepoint region
[2020-01-13T14:12:40.703+0000][1][safepoint    ] Total time for which application threads were stopped: 0.0001536 seconds, Stopping threads took: 0.0001273 seconds
[2020-01-13T14:12:40.703+0000][1][safepoint    ] Application time: 0.0000294 seconds
[2020-01-13T14:12:40.703+0000][1][safepoint    ] Entering safepoint region: RevokeBias
[2020-01-13T14:12:40.703+0000][1][safepoint    ] Leaving safepoint region
[2020-01-13T14:12:40.704+0000][1][safepoint    ] Total time for which application threads were stopped: 0.0000322 seconds, Stopping threads took: 0.0000125 seconds
[2020-01-13T14:12:40.704+0000][1][safepoint    ] Application time: 0.0000205 seconds
[2020-01-13T14:12:40.704+0000][1][safepoint    ] Entering safepoint region: BulkRevokeBias
[2020-01-13T14:12:40.704+0000][1][safepoint    ] Leaving safepoint region
[2020-01-13T14:12:40.704+0000][1][safepoint    ] Total time for which application threads were stopped: 0.0001026 seconds, Stopping threads took: 0.0000124 seconds
[2020-01-13T14:12:40.704+0000][1][safepoint    ] Application time: 0.0001199 seconds
[2020-01-13T14:12:40.704+0000][1][safepoint    ] Entering safepoint region: RevokeBias
[2020-01-13T14:12:40.704+0000][1][safepoint    ] Leaving safepoint region
[2020-01-13T14:12:40.704+0000][1][safepoint    ] Total time for which application threads were stopped: 0.0000450 seconds, Stopping threads took: 0.0000132 seconds
[2020-01-13T14:12:40.704+0000][1][safepoint    ] Application time: 0.0000444 seconds
[2020-01-13T14:12:40.704+0000][1][safepoint    ] Entering safepoint region: RevokeBias
[2020-01-13T14:12:40.704+0000][1][safepoint    ] Leaving safepoint region
[2020-01-13T14:12:40.704+0000][1][safepoint    ] Total time for which application threads were stopped: 0.0000378 seconds, Stopping threads took: 0.0000154 seconds
[2020-01-13T14:12:40.704+0000][1][safepoint    ] Application time: 0.0003244 seconds
[2020-01-13T14:12:40.704+0000][1][safepoint    ] Entering safepoint region: RevokeBias
[2020-01-13T14:12:40.704+0000][1][safepoint    ] Leaving safepoint region
[2020-01-13T14:12:40.704+0000][1][safepoint    ] Total time for which application threads were stopped: 0.0000529 seconds, Stopping threads took: 0.0000079 seconds
[2020-01-13T14:12:40.704+0000][1][safepoint    ] Application time: 0.0000988 seconds
[2020-01-13T14:12:40.704+0000][1][safepoint    ] Entering safepoint region: RevokeBias
[2020-01-13T14:12:40.704+0000][1][safepoint    ] Leaving safepoint region
[2020-01-13T14:12:40.704+0000][1][safepoint    ] Total time for which application threads were stopped: 0.0000542 seconds, Stopping threads took: 0.0000136 seconds
[2020-01-13T14:12:40.705+0000][1][safepoint    ] Application time: 0.0000399 seconds
[2020-01-13T14:12:40.705+0000][1][safepoint    ] Entering safepoint region: RevokeBias
[2020-01-13T14:12:40.705+0000][1][safepoint    ] Leaving safepoint region
[2020-01-13T14:12:40.705+0000][1][safepoint    ] Total time for which application threads were stopped: 0.0000435 seconds, Stopping threads took: 0.0000163 seconds
[2020-01-13T14:12:40.705+0000][1][safepoint    ] Application time: 0.0000544 seconds
[2020-01-13T14:12:40.705+0000][1][safepoint    ] Entering safepoint region: RevokeBias
[2020-01-13T14:12:40.705+0000][1][safepoint    ] Leaving safepoint region
[2020-01-13T14:12:40.705+0000][1][safepoint    ] Total time for which application threads were stopped: 0.0000416 seconds, Stopping threads took: 0.0000123 seconds
[2020-01-13T14:12:40.705+0000][1][safepoint    ] Application time: 0.0000286 seconds
[2020-01-13T14:12:40.705+0000][1][safepoint    ] Entering safepoint region: RevokeBias
[2020-01-13T14:12:40.705+0000][1][safepoint    ] Leaving safepoint region
[2020-01-13T14:12:40.705+0000][1][safepoint    ] Total time for which application threads were stopped: 0.0000422 seconds, Stopping threads took: 0.0000123 seconds
[2020-01-13T14:12:40.705+0000][1][safepoint    ] Application time: 0.0001168 seconds
[2020-01-13T14:12:40.705+0000][1][safepoint    ] Entering safepoint region: RevokeBias
[2020-01-13T14:12:40.705+0000][1][safepoint    ] Leaving safepoint region
[2020-01-13T14:12:40.705+0000][1][safepoint    ] Total time for which application threads were stopped: 0.0000391 seconds, Stopping threads took: 0.0000126 seconds
[2020-01-13T14:12:40.705+0000][1][safepoint    ] Application time: 0.0000252 seconds
[2020-01-13T14:12:40.705+0000][1][safepoint    ] Entering safepoint region: RevokeBias
[2020-01-13T14:12:40.705+0000][1][safepoint    ] Leaving safepoint region
[2020-01-13T14:12:40.705+0000][1][safepoint    ] Total time for which application threads were stopped: 0.0000419 seconds, Stopping threads took: 0.0000152 seconds
[2020-01-13T14:12:40.705+0000][1][safepoint    ] Application time: 0.0000997 seconds
[2020-01-13T14:12:40.705+0000][1][safepoint    ] Entering safepoint region: RevokeBias
[2020-01-13T14:12:40.705+0000][1][safepoint    ] Leaving safepoint region
[2020-01-13T14:12:40.705+0000][1][safepoint    ] Total time for which application threads were stopped: 0.0000335 seconds, Stopping threads took: 0.0000053 seconds
[2020-01-13T14:12:40.706+0000][1][safepoint    ] Application time: 0.0003286 seconds
[2020-01-13T14:12:40.706+0000][1][safepoint    ] Entering safepoint region: RevokeBias
[2020-01-13T14:12:40.706+0000][1][safepoint    ] Leaving safepoint region
[2020-01-13T14:12:40.706+0000][1][safepoint    ] Total time for which application threads were stopped: 0.0000579 seconds, Stopping threads took: 0.0000147 seconds
[2020-01-13T14:12:40.706+0000][1][safepoint    ] Application time: 0.0000238 seconds
[2020-01-13T14:12:40.706+0000][1][safepoint    ] Entering safepoint region: RevokeBias
[2020-01-13T14:12:40.706+0000][1][safepoint    ] Leaving safepoint region
[2020-01-13T14:12:40.706+0000][1][safepoint    ] Total time for which application threads were stopped: 0.0000376 seconds, Stopping threads took: 0.0000124 seconds
[2020-01-13T14:12:40.706+0000][1][safepoint    ] Application time: 0.0000202 seconds
[2020-01-13T14:12:40.706+0000][1][safepoint    ] Entering safepoint region: RevokeBias
[2020-01-13T14:12:40.706+0000][1][safepoint    ] Leaving safepoint region
[2020-01-13T14:12:40.706+0000][1][safepoint    ] Total time for which application threads were stopped: 0.0000359 seconds, Stopping threads took: 0.0000124 seconds
[2020-01-13T14:12:40.706+0000][1][safepoint    ] Application time: 0.0000263 seconds
[2020-01-13T14:12:40.706+0000][1][safepoint    ] Entering safepoint region: RevokeBias
[2020-01-13T14:12:40.706+0000][1][safepoint    ] Leaving safepoint region
[2020-01-13T14:12:40.706+0000][1][safepoint    ] Total time for which application threads were stopped: 0.0000285 seconds, Stopping threads took: 0.0000052 seconds
[2020-01-13T14:12:40.706+0000][1][safepoint    ] Application time: 0.0000197 seconds
[2020-01-13T14:12:40.706+0000][1][safepoint    ] Entering safepoint region: RevokeBias
[2020-01-13T14:12:40.706+0000][1][safepoint    ] Leaving safepoint region
[2020-01-13T14:12:40.706+0000][1][safepoint    ] Total time for which application threads were stopped: 0.0000282 seconds, Stopping threads took: 0.0000051 seconds
[2020-01-13T14:12:40.706+0000][1][safepoint    ] Application time: 0.0000190 seconds
[2020-01-13T14:12:40.706+0000][1][safepoint    ] Entering safepoint region: RevokeBias
[2020-01-13T14:12:40.706+0000][1][safepoint    ] Leaving safepoint region
[2020-01-13T14:12:40.706+0000][1][safepoint    ] Total time for which application threads were stopped: 0.0000283 seconds, Stopping threads took: 0.0000051 seconds
[2020-01-13T14:12:40.706+0000][1][safepoint    ] Application time: 0.0000203 seconds
[2020-01-13T14:12:40.706+0000][1][safepoint    ] Entering safepoint region: RevokeBias
[2020-01-13T14:12:40.706+0000][1][safepoint    ] Leaving safepoint region
[2020-01-13T14:12:40.706+0000][1][safepoint    ] Total time for which application threads were stopped: 0.0000284 seconds, Stopping threads took: 0.0000051 seconds
[2020-01-13T14:12:40.706+0000][1][safepoint    ] Application time: 0.0000192 seconds
[2020-01-13T14:12:40.706+0000][1][safepoint    ] Entering safepoint region: RevokeBias
[2020-01-13T14:12:40.706+0000][1][safepoint    ] Leaving safepoint region
[2020-01-13T14:12:40.706+0000][1][safepoint    ] Total time for which application threads were stopped: 0.0000284 seconds, Stopping threads took: 0.0000051 seconds
[2020-01-13T14:12:40.706+0000][1][safepoint    ] Application time: 0.0000188 seconds
[2020-01-13T14:12:40.706+0000][1][safepoint    ] Entering safepoint region: RevokeBias
[2020-01-13T14:12:40.706+0000][1][safepoint    ] Leaving safepoint region
[2020-01-13T14:12:40.706+0000][1][safepoint    ] Total time for which application threads were stopped: 0.0000282 seconds, Stopping threads took: 0.0000051 seconds
[2020-01-13T14:12:40.706+0000][1][safepoint    ] Application time: 0.0000196 seconds
[2020-01-13T14:12:40.706+0000][1][safepoint    ] Entering safepoint region: RevokeBias
[2020-01-13T14:12:40.706+0000][1][safepoint    ] Leaving safepoint region
[2020-01-13T14:12:40.706+0000][1][safepoint    ] Total time for which application threads were stopped: 0.0000281 seconds, Stopping threads took: 0.0000051 seconds
[2020-01-13T14:12:40.706+0000][1][safepoint    ] Application time: 0.0000193 seconds
[2020-01-13T14:12:40.706+0000][1][safepoint    ] Entering safepoint region: RevokeBias
[2020-01-13T14:12:40.706+0000][1][safepoint    ] Leaving safepoint region
[2020-01-13T14:12:40.706+0000][1][safepoint    ] Total time for which application threads were stopped: 0.0000283 seconds, Stopping threads took: 0.0000051 seconds
[2020-01-13T14:12:40.706+0000][1][safepoint    ] Application time: 0.0000189 seconds
[2020-01-13T14:12:40.706+0000][1][safepoint    ] Entering safepoint region: RevokeBias
[2020-01-13T14:12:40.706+0000][1][safepoint    ] Leaving safepoint region
[2020-01-13T14:12:40.706+0000][1][safepoint    ] Total time for which application threads were stopped: 0.0000400 seconds, Stopping threads took: 0.0000051 seconds
[2020-01-13T14:12:40.706+0000][1][safepoint    ] Application time: 0.0000198 seconds
[2020-01-13T14:12:40.706+0000][1][safepoint    ] Entering safepoint region: RevokeBias
[2020-01-13T14:12:40.706+0000][1][safepoint    ] Leaving safepoint region
[2020-01-13T14:12:40.706+0000][1][safepoint    ] Total time for which application threads were stopped: 0.0000291 seconds, Stopping threads took: 0.0000051 seconds
[2020-01-13T14:12:40.706+0000][1][safepoint    ] Application time: 0.0000194 seconds
[2020-01-13T14:12:40.706+0000][1][safepoint    ] Entering safepoint region: RevokeBias
[2020-01-13T14:12:40.706+0000][1][safepoint    ] Leaving safepoint region
[2020-01-13T14:12:40.706+0000][1][safepoint    ] Total time for which application threads were stopped: 0.0000292 seconds, Stopping threads took: 0.0000053 seconds
[2020-01-13T14:12:40.706+0000][1][safepoint    ] Application time: 0.0000200 seconds
[2020-01-13T14:12:40.706+0000][1][safepoint    ] Entering safepoint region: RevokeBias
[2020-01-13T14:12:40.706+0000][1][safepoint    ] Leaving safepoint region
[2020-01-13T14:12:40.706+0000][1][safepoint    ] Total time for which application threads were stopped: 0.0000283 seconds, Stopping threads took: 0.0000051 seconds
[2020-01-13T14:12:40.706+0000][1][safepoint    ] Application time: 0.0000194 seconds
[2020-01-13T14:12:40.706+0000][1][safepoint    ] Entering safepoint region: RevokeBias
[2020-01-13T14:12:40.707+0000][1][safepoint    ] Leaving safepoint region
[2020-01-13T14:12:40.707+0000][1][safepoint    ] Total time for which application threads were stopped: 0.0000282 seconds, Stopping threads took: 0.0000051 seconds
[2020-01-13T14:12:40.707+0000][1][safepoint    ] Application time: 0.0000208 seconds
[2020-01-13T14:12:40.707+0000][1][safepoint    ] Entering safepoint region: RevokeBias
[2020-01-13T14:12:40.707+0000][1][safepoint    ] Leaving safepoint region
[2020-01-13T14:12:40.707+0000][1][safepoint    ] Total time for which application threads were stopped: 0.0000351 seconds, Stopping threads took: 0.0000112 seconds
[2020-01-13T14:12:40.707+0000][1][safepoint    ] Application time: 0.0000202 seconds
[2020-01-13T14:12:40.707+0000][1][safepoint    ] Entering safepoint region: RevokeBias
[2020-01-13T14:12:40.707+0000][1][safepoint    ] Leaving safepoint region
[2020-01-13T14:12:40.707+0000][1][safepoint    ] Total time for which application threads were stopped: 0.0000284 seconds, Stopping threads took: 0.0000052 seconds
[2020-01-13T14:12:40.707+0000][1][safepoint    ] Application time: 0.0000201 seconds
[2020-01-13T14:12:40.707+0000][1][safepoint    ] Entering safepoint region: BulkRevokeBias
[2020-01-13T14:12:40.707+0000][1][safepoint    ] Leaving safepoint region
[2020-01-13T14:12:40.707+0000][1][safepoint    ] Total time for which application threads were stopped: 0.0001050 seconds, Stopping threads took: 0.0000052 seconds
[2020-01-13T14:12:40.709+0000][1][safepoint    ] Application time: 0.0025176 seconds
[2020-01-13T14:12:40.713+0000][1][safepoint    ] Entering safepoint region: RevokeBias
[2020-01-13T14:12:40.713+0000][1][safepoint    ] Leaving safepoint region
[2020-01-13T14:12:40.713+0000][1][safepoint    ] Total time for which application threads were stopped: 0.0035043 seconds, Stopping threads took: 0.0034408 seconds
[2020-01-13T14:12:40.713+0000][1][safepoint    ] Application time: 0.0000649 seconds
[2020-01-13T14:12:40.713+0000][1][safepoint    ] Entering safepoint region: RevokeBias
[2020-01-13T14:12:40.713+0000][1][safepoint    ] Leaving safepoint region
[2020-01-13T14:12:40.713+0000][1][safepoint    ] Total time for which application threads were stopped: 0.0000286 seconds, Stopping threads took: 0.0000057 seconds
[2020-01-13T14:12:40.713+0000][1][safepoint    ] Application time: 0.0001162 seconds
[2020-01-13T14:12:40.713+0000][1][safepoint    ] Entering safepoint region: RevokeBias
[2020-01-13T14:12:40.713+0000][1][safepoint    ] Leaving safepoint region
[2020-01-13T14:12:40.713+0000][1][safepoint    ] Total time for which application threads were stopped: 0.0000283 seconds, Stopping threads took: 0.0000054 seconds
[2020-01-13T14:12:40.713+0000][1][safepoint    ] Application time: 0.0000275 seconds
[2020-01-13T14:12:40.713+0000][1][safepoint    ] Entering safepoint region: RevokeBias
[2020-01-13T14:12:40.713+0000][1][safepoint    ] Leaving safepoint region
[2020-01-13T14:12:40.713+0000][1][safepoint    ] Total time for which application threads were stopped: 0.0000237 seconds, Stopping threads took: 0.0000050 seconds
[2020-01-13T14:12:40.713+0000][1][safepoint    ] Application time: 0.0000166 seconds
[2020-01-13T14:12:40.713+0000][1][safepoint    ] Entering safepoint region: RevokeBias
[2020-01-13T14:12:40.713+0000][1][safepoint    ] Leaving safepoint region
[2020-01-13T14:12:40.713+0000][1][safepoint    ] Total time for which application threads were stopped: 0.0000220 seconds, Stopping threads took: 0.0000048 seconds
[2020-01-13T14:12:40.713+0000][1][safepoint    ] Application time: 0.0000161 seconds
[2020-01-13T14:12:40.713+0000][1][safepoint    ] Entering safepoint region: RevokeBias
[2020-01-13T14:12:40.713+0000][1][safepoint    ] Leaving safepoint region
[2020-01-13T14:12:40.713+0000][1][safepoint    ] Total time for which application threads were stopped: 0.0000218 seconds, Stopping threads took: 0.0000049 seconds
[2020-01-13T14:12:40.713+0000][1][safepoint    ] Application time: 0.0002268 seconds
[2020-01-13T14:12:40.713+0000][1][safepoint    ] Entering safepoint region: RevokeBias
[2020-01-13T14:12:40.714+0000][1][safepoint    ] Leaving safepoint region
[2020-01-13T14:12:40.714+0000][1][safepoint    ] Total time for which application threads were stopped: 0.0000301 seconds, Stopping threads took: 0.0000052 seconds
[2020-01-13T14:12:40.714+0000][1][safepoint    ] Application time: 0.0001254 seconds
[2020-01-13T14:12:40.714+0000][1][safepoint    ] Entering safepoint region: RevokeBias
[2020-01-13T14:12:40.714+0000][1][safepoint    ] Leaving safepoint region
[2020-01-13T14:12:40.714+0000][1][safepoint    ] Total time for which application threads were stopped: 0.0000381 seconds, Stopping threads took: 0.0000053 seconds
[2020-01-13T14:12:40.714+0000][1][safepoint    ] Application time: 0.0003977 seconds
[2020-01-13T14:12:40.714+0000][1][safepoint    ] Entering safepoint region: RevokeBias
[2020-01-13T14:12:40.714+0000][1][safepoint    ] Leaving safepoint region
[2020-01-13T14:12:40.714+0000][1][safepoint    ] Total time for which application threads were stopped: 0.0000461 seconds, Stopping threads took: 0.0000076 seconds
[2020-01-13T14:12:40.715+0000][1][safepoint    ] Application time: 0.0003807 seconds
[2020-01-13T14:12:40.715+0000][1][safepoint    ] Entering safepoint region: RevokeBias
[2020-01-13T14:12:40.715+0000][1][safepoint    ] Leaving safepoint region
[2020-01-13T14:12:40.715+0000][1][safepoint    ] Total time for which application threads were stopped: 0.0000391 seconds, Stopping threads took: 0.0000070 seconds
[2020-01-13T14:12:40.715+0000][1][safepoint    ] Application time: 0.0000864 seconds
[2020-01-13T14:12:40.715+0000][1][safepoint    ] Entering safepoint region: RevokeBias
[2020-01-13T14:12:40.715+0000][1][safepoint    ] Leaving safepoint region
[2020-01-13T14:12:40.715+0000][1][safepoint    ] Total time for which application threads were stopped: 0.0000291 seconds, Stopping threads took: 0.0000059 seconds
[2020-01-13T14:12:40.715+0000][1][safepoint    ] Application time: 0.0000242 seconds
[2020-01-13T14:12:40.715+0000][1][safepoint    ] Entering safepoint region: RevokeBias
[2020-01-13T14:12:40.715+0000][1][safepoint    ] Leaving safepoint region
[2020-01-13T14:12:40.715+0000][1][safepoint    ] Total time for which application threads were stopped: 0.0000246 seconds, Stopping threads took: 0.0000052 seconds
[2020-01-13T14:12:40.715+0000][1][safepoint    ] Application time: 0.0001560 seconds
[2020-01-13T14:12:40.715+0000][1][safepoint    ] Entering safepoint region: RevokeBias
[2020-01-13T14:12:40.715+0000][1][safepoint    ] Leaving safepoint region
[2020-01-13T14:12:40.715+0000][1][safepoint    ] Total time for which application threads were stopped: 0.0000342 seconds, Stopping threads took: 0.0000062 seconds
[2020-01-13T14:12:40.716+0000][1][safepoint    ] Application time: 0.0011734 seconds
[2020-01-13T14:12:40.716+0000][1][safepoint    ] Entering safepoint region: RevokeBias
[2020-01-13T14:12:40.716+0000][1][safepoint    ] Leaving safepoint region
[2020-01-13T14:12:40.716+0000][1][safepoint    ] Total time for which application threads were stopped: 0.0000767 seconds, Stopping threads took: 0.0000228 seconds
[2020-01-13T14:12:40.719+0000][1][safepoint    ] Application time: 0.0030467 seconds
[2020-01-13T14:12:40.725+0000][1][safepoint    ] Entering safepoint region: RevokeBias
[2020-01-13T14:12:40.725+0000][1][safepoint    ] Leaving safepoint region
[2020-01-13T14:12:40.725+0000][1][safepoint    ] Total time for which application threads were stopped: 0.0058697 seconds, Stopping threads took: 0.0058036 seconds
[2020-01-13T14:12:40.725+0000][1][safepoint    ] Application time: 0.0000473 seconds
[2020-01-13T14:12:40.725+0000][1][safepoint    ] Entering safepoint region: RevokeBias
[2020-01-13T14:12:40.725+0000][1][safepoint    ] Leaving safepoint region
[2020-01-13T14:12:40.725+0000][1][safepoint    ] Total time for which application threads were stopped: 0.0000372 seconds, Stopping threads took: 0.0000049 seconds
[2020-01-13T14:12:40.727+0000][1][safepoint    ] Application time: 0.0016473 seconds
[2020-01-13T14:12:40.727+0000][1][safepoint    ] Entering safepoint region: RevokeBias
[2020-01-13T14:12:40.727+0000][1][safepoint    ] Leaving safepoint region
[2020-01-13T14:12:40.727+0000][1][safepoint    ] Total time for which application threads were stopped: 0.0000835 seconds, Stopping threads took: 0.0000182 seconds
[2020-01-13T14:12:40.727+0000][1][safepoint    ] Application time: 0.0000298 seconds
[2020-01-13T14:12:40.727+0000][1][safepoint    ] Entering safepoint region: RevokeBias
[2020-01-13T14:12:40.727+0000][1][safepoint    ] Leaving safepoint region
[2020-01-13T14:12:40.727+0000][1][safepoint    ] Total time for which application threads were stopped: 0.0000511 seconds, Stopping threads took: 0.0000128 seconds
[2020-01-13T14:12:40.727+0000][1][safepoint    ] Application time: 0.0002004 seconds
[2020-01-13T14:12:40.727+0000][1][safepoint    ] Entering safepoint region: RevokeBias
[2020-01-13T14:12:40.727+0000][1][safepoint    ] Leaving safepoint region
[2020-01-13T14:12:40.727+0000][1][safepoint    ] Total time for which application threads were stopped: 0.0000469 seconds, Stopping threads took: 0.0000141 seconds
[2020-01-13T14:12:41.427+0000][1][safepoint    ] Application time: 0.6999831 seconds
[2020-01-13T14:12:41.428+0000][1][safepoint    ] Entering safepoint region: GenCollectForAllocation
[2020-01-13T14:12:41.428+0000][1][gc,start     ] GC(20) Pause Young (Allocation Failure)
[2020-01-13T14:12:41.428+0000][1][gc,task      ] GC(20) Using 1 workers of 1 for evacuation
[2020-01-13T14:12:41.489+0000][1][gc,age       ] GC(20) Desired survivor size 4358144 bytes, new threshold 2 (max threshold 6)
[2020-01-13T14:12:41.489+0000][1][gc,age       ] GC(20) Age table with threshold 2 (max threshold 6)
[2020-01-13T14:12:41.489+0000][1][gc,age       ] GC(20) - age   1:    1324224 bytes,    1324224 total
[2020-01-13T14:12:41.489+0000][1][gc,age       ] GC(20) - age   2:    3316584 bytes,    4640808 total
[2020-01-13T14:12:41.489+0000][1][gc,heap      ] GC(20) ParNew: 76672K->6236K(76672K)
[2020-01-13T14:12:41.489+0000][1][gc,heap      ] GC(20) CMS: 54035K->57996K(176960K)
[2020-01-13T14:12:41.489+0000][1][gc,metaspace ] GC(20) Metaspace: 50458K->50458K(1095680K)
[2020-01-13T14:12:41.489+0000][1][gc           ] GC(20) Pause Young (Allocation Failure) 127M->62M(247M) 60.523ms
[2020-01-13T14:12:41.489+0000][1][gc,cpu       ] GC(20) User=0.06s Sys=0.00s Real=0.06s
[2020-01-13T14:12:41.489+0000][1][safepoint    ] Leaving safepoint region
[2020-01-13T14:12:41.489+0000][1][safepoint    ] Total time for which application threads were stopped: 0.0615036 seconds, Stopping threads took: 0.0008312 seconds
[2020-01-13T14:12:41.581+0000][1][safepoint    ] Application time: 0.0921195 seconds
[2020-01-13T14:12:41.584+0000][1][safepoint    ] Entering safepoint region: RevokeBias
[2020-01-13T14:12:41.585+0000][1][safepoint    ] Leaving safepoint region
[2020-01-13T14:12:41.585+0000][1][safepoint    ] Total time for which application threads were stopped: 0.0034807 seconds, Stopping threads took: 0.0033577 seconds
[2020-01-13T14:12:41.585+0000][1][safepoint    ] Application time: 0.0000328 seconds
[2020-01-13T14:12:41.585+0000][1][safepoint    ] Entering safepoint region: RevokeBias
[2020-01-13T14:12:41.585+0000][1][safepoint    ] Leaving safepoint region
[2020-01-13T14:12:41.585+0000][1][safepoint    ] Total time for which application threads were stopped: 0.0000485 seconds, Stopping threads took: 0.0000058 seconds
[2020-01-13T14:12:41.585+0000][1][safepoint    ] Application time: 0.0000192 seconds
[2020-01-13T14:12:41.585+0000][1][safepoint    ] Entering safepoint region: RevokeBias
[2020-01-13T14:12:41.585+0000][1][safepoint    ] Leaving safepoint region
[2020-01-13T14:12:41.585+0000][1][safepoint    ] Total time for which application threads were stopped: 0.0000421 seconds, Stopping threads took: 0.0000048 seconds
[2020-01-13T14:12:41.585+0000][1][safepoint    ] Application time: 0.0000136 seconds
[2020-01-13T14:12:41.585+0000][1][safepoint    ] Entering safepoint region: RevokeBias
[2020-01-13T14:12:41.585+0000][1][safepoint    ] Leaving safepoint region
[2020-01-13T14:12:41.585+0000][1][safepoint    ] Total time for which application threads were stopped: 0.0000412 seconds, Stopping threads took: 0.0000045 seconds
[2020-01-13T14:12:41.585+0000][1][safepoint    ] Application time: 0.0000135 seconds
[2020-01-13T14:12:41.585+0000][1][safepoint    ] Entering safepoint region: RevokeBias
[2020-01-13T14:12:41.585+0000][1][safepoint    ] Leaving safepoint region
[2020-01-13T14:12:41.585+0000][1][safepoint    ] Total time for which application threads were stopped: 0.0000410 seconds, Stopping threads took: 0.0000043 seconds
[2020-01-13T14:12:41.585+0000][1][safepoint    ] Application time: 0.0000142 seconds
[2020-01-13T14:12:41.585+0000][1][safepoint    ] Entering safepoint region: RevokeBias
[2020-01-13T14:12:41.585+0000][1][safepoint    ] Leaving safepoint region
[2020-01-13T14:12:41.585+0000][1][safepoint    ] Total time for which application threads were stopped: 0.0000417 seconds, Stopping threads took: 0.0000046 seconds
[2020-01-13T14:12:41.585+0000][1][safepoint    ] Application time: 0.0000134 seconds
[2020-01-13T14:12:41.585+0000][1][safepoint    ] Entering safepoint region: BulkRevokeBias
[2020-01-13T14:12:41.585+0000][1][safepoint    ] Leaving safepoint region
[2020-01-13T14:12:41.585+0000][1][safepoint    ] Total time for which application threads were stopped: 0.0000953 seconds, Stopping threads took: 0.0000045 seconds
[2020-01-13T14:12:41.592+0000][1][safepoint    ] Application time: 0.0069899 seconds
[2020-01-13T14:12:41.594+0000][1][safepoint    ] Entering safepoint region: RevokeBias
[2020-01-13T14:12:41.594+0000][1][safepoint    ] Leaving safepoint region
[2020-01-13T14:12:41.594+0000][1][safepoint    ] Total time for which application threads were stopped: 0.0017789 seconds, Stopping threads took: 0.0017149 seconds
[2020-01-13T14:12:42.594+0000][1][safepoint    ] Application time: 1.0000989 seconds
[2020-01-13T14:12:42.598+0000][1][safepoint    ] Entering safepoint region: Cleanup
[2020-01-13T14:12:42.599+0000][1][safepoint    ] Leaving safepoint region
[2020-01-13T14:12:42.599+0000][1][safepoint    ] Total time for which application threads were stopped: 0.0052635 seconds, Stopping threads took: 0.0043876 seconds
[2020-01-13T14:12:42.602+0000][1][safepoint    ] Application time: 0.0030935 seconds
[2020-01-13T14:12:42.603+0000][1][safepoint    ] Entering safepoint region: RevokeBias
[2020-01-13T14:12:42.603+0000][1][safepoint    ] Leaving safepoint region
[2020-01-13T14:12:42.603+0000][1][safepoint    ] Total time for which application threads were stopped: 0.0001007 seconds, Stopping threads took: 0.0000461 seconds
[2020-01-13T14:12:42.603+0000][1][safepoint    ] Application time: 0.0000315 seconds
[2020-01-13T14:12:42.603+0000][1][safepoint    ] Entering safepoint region: RevokeBias
[2020-01-13T14:12:42.603+0000][1][safepoint    ] Leaving safepoint region
[2020-01-13T14:12:42.603+0000][1][safepoint    ] Total time for which application threads were stopped: 0.0000326 seconds, Stopping threads took: 0.0000128 seconds
[2020-01-13T14:12:42.603+0000][1][safepoint    ] Application time: 0.0000424 seconds
[2020-01-13T14:12:42.603+0000][1][safepoint    ] Entering safepoint region: RevokeBias
[2020-01-13T14:12:42.603+0000][1][safepoint    ] Leaving safepoint region
[2020-01-13T14:12:42.603+0000][1][safepoint    ] Total time for which application threads were stopped: 0.0000276 seconds, Stopping threads took: 0.0000126 seconds
[2020-01-13T14:12:42.711+0000][1][safepoint    ] Application time: 0.1078819 seconds
[2020-01-13T14:12:42.711+0000][1][safepoint    ] Entering safepoint region: Deoptimize
[2020-01-13T14:12:42.711+0000][1][safepoint    ] Leaving safepoint region
[2020-01-13T14:12:42.711+0000][1][safepoint    ] Total time for which application threads were stopped: 0.0007894 seconds, Stopping threads took: 0.0000239 seconds
[2020-01-13T14:12:42.848+0000][1][safepoint    ] Application time: 0.1370190 seconds
[2020-01-13T14:12:42.849+0000][1][safepoint    ] Entering safepoint region: RevokeBias
[2020-01-13T14:12:42.850+0000][1][safepoint    ] Leaving safepoint region
[2020-01-13T14:12:42.850+0000][1][safepoint    ] Total time for which application threads were stopped: 0.0010303 seconds, Stopping threads took: 0.0008727 seconds
[2020-01-13T14:12:42.850+0000][1][safepoint    ] Application time: 0.0000377 seconds
[2020-01-13T14:12:42.850+0000][1][safepoint    ] Entering safepoint region: RevokeBias
[2020-01-13T14:12:42.850+0000][1][safepoint    ] Leaving safepoint region
[2020-01-13T14:12:42.850+0000][1][safepoint    ] Total time for which application threads were stopped: 0.0000451 seconds, Stopping threads took: 0.0000057 seconds
[2020-01-13T14:12:43.301+0000][1][safepoint    ] Application time: 0.4517733 seconds
[2020-01-13T14:12:43.301+0000][1][safepoint    ] Entering safepoint region: Deoptimize
[2020-01-13T14:12:43.304+0000][1][safepoint    ] Leaving safepoint region
[2020-01-13T14:12:43.304+0000][1][safepoint    ] Total time for which application threads were stopped: 0.0023437 seconds, Stopping threads took: 0.0000258 seconds
[2020-01-13T14:12:43.387+0000][1][safepoint    ] Application time: 0.0829990 seconds
[2020-01-13T14:12:43.387+0000][1][safepoint    ] Entering safepoint region: RevokeBias
[2020-01-13T14:12:43.387+0000][1][safepoint    ] Leaving safepoint region
[2020-01-13T14:12:43.387+0000][1][safepoint    ] Total time for which application threads were stopped: 0.0005222 seconds, Stopping threads took: 0.0004354 seconds
[2020-01-13T14:12:43.410+0000][1][safepoint    ] Application time: 0.0223730 seconds
[2020-01-13T14:12:43.410+0000][1][safepoint    ] Entering safepoint region: GenCollectForAllocation
[2020-01-13T14:12:43.410+0000][1][gc,start     ] GC(21) Pause Young (Allocation Failure)
[2020-01-13T14:12:43.410+0000][1][gc,task      ] GC(21) Using 1 workers of 1 for evacuation
[2020-01-13T14:12:43.445+0000][1][gc,age       ] GC(21) Desired survivor size 4358144 bytes, new threshold 2 (max threshold 6)
[2020-01-13T14:12:43.445+0000][1][gc,age       ] GC(21) Age table with threshold 2 (max threshold 6)
[2020-01-13T14:12:43.445+0000][1][gc,age       ] GC(21) - age   1:    3325816 bytes,    3325816 total
[2020-01-13T14:12:43.445+0000][1][gc,age       ] GC(21) - age   2:    1276976 bytes,    4602792 total
[2020-01-13T14:12:43.445+0000][1][gc,heap      ] GC(21) ParNew: 74396K->4958K(76672K)
[2020-01-13T14:12:43.445+0000][1][gc,heap      ] GC(21) CMS: 57996K->61330K(176960K)
[2020-01-13T14:12:43.445+0000][1][gc,metaspace ] GC(21) Metaspace: 58579K->58579K(1103872K)
[2020-01-13T14:12:43.445+0000][1][gc           ] GC(21) Pause Young (Allocation Failure) 129M->64M(247M) 35.491ms
[2020-01-13T14:12:43.445+0000][1][gc,cpu       ] GC(21) User=0.04s Sys=0.00s Real=0.03s
[2020-01-13T14:12:43.445+0000][1][safepoint    ] Leaving safepoint region
[2020-01-13T14:12:43.445+0000][1][safepoint    ] Total time for which application threads were stopped: 0.0356426 seconds, Stopping threads took: 0.0000266 seconds
[2020-01-13T14:12:43.452+0000][1][safepoint    ] Application time: 0.0068557 seconds
[2020-01-13T14:12:43.452+0000][1][safepoint    ] Entering safepoint region: RevokeBias
[2020-01-13T14:12:43.452+0000][1][safepoint    ] Leaving safepoint region
[2020-01-13T14:12:43.452+0000][1][safepoint    ] Total time for which application threads were stopped: 0.0000789 seconds, Stopping threads took: 0.0000140 seconds
[2020-01-13T14:12:43.452+0000][1][safepoint    ] Application time: 0.0000385 seconds
[2020-01-13T14:12:43.452+0000][1][safepoint    ] Entering safepoint region: RevokeBias
[2020-01-13T14:12:43.452+0000][1][safepoint    ] Leaving safepoint region
[2020-01-13T14:12:43.452+0000][1][safepoint    ] Total time for which application threads were stopped: 0.0000256 seconds, Stopping threads took: 0.0000057 seconds
[2020-01-13T14:12:43.465+0000][1][safepoint    ] Application time: 0.0123184 seconds
[2020-01-13T14:12:43.465+0000][1][safepoint    ] Entering safepoint region: RevokeBias
[2020-01-13T14:12:43.465+0000][1][safepoint    ] Leaving safepoint region
[2020-01-13T14:12:43.465+0000][1][safepoint    ] Total time for which application threads were stopped: 0.0001847 seconds, Stopping threads took: 0.0000870 seconds
[2020-01-13T14:12:43.478+0000][1][safepoint    ] Application time: 0.0124927 seconds
[2020-01-13T14:12:43.478+0000][1][safepoint    ] Entering safepoint region: RevokeBias
[2020-01-13T14:12:43.478+0000][1][safepoint    ] Leaving safepoint region
[2020-01-13T14:12:43.478+0000][1][safepoint    ] Total time for which application threads were stopped: 0.0000892 seconds, Stopping threads took: 0.0000249 seconds
[2020-01-13T14:12:43.513+0000][1][safepoint    ] Application time: 0.0349619 seconds
[2020-01-13T14:12:43.513+0000][1][safepoint    ] Entering safepoint region: RevokeBias
[2020-01-13T14:12:43.513+0000][1][safepoint    ] Leaving safepoint region
[2020-01-13T14:12:43.513+0000][1][safepoint    ] Total time for which application threads were stopped: 0.0001073 seconds, Stopping threads took: 0.0000360 seconds
[2020-01-13T14:12:43.607+0000][1][safepoint    ] Application time: 0.0937504 seconds
[2020-01-13T14:12:43.609+0000][1][safepoint    ] Entering safepoint region: RevokeBias
[2020-01-13T14:12:43.609+0000][1][safepoint    ] Leaving safepoint region
[2020-01-13T14:12:43.609+0000][1][safepoint    ] Total time for which application threads were stopped: 0.0026434 seconds, Stopping threads took: 0.0025614 seconds
[2020-01-13T14:12:44.150+0000][1][safepoint    ] Application time: 0.5408332 seconds
[2020-01-13T14:12:44.156+0000][1][safepoint    ] Entering safepoint region: RevokeBias
[2020-01-13T14:12:44.156+0000][1][safepoint    ] Leaving safepoint region
[2020-01-13T14:12:44.156+0000][1][safepoint    ] Total time for which application threads were stopped: 0.0063363 seconds, Stopping threads took: 0.0062296 seconds
[2020-01-13T14:12:44.156+0000][1][safepoint    ] Application time: 0.0000443 seconds
[2020-01-13T14:12:44.157+0000][1][safepoint    ] Entering safepoint region: RevokeBias
[2020-01-13T14:12:44.157+0000][1][safepoint    ] Leaving safepoint region
[2020-01-13T14:12:44.157+0000][1][safepoint    ] Total time for which application threads were stopped: 0.0000281 seconds, Stopping threads took: 0.0000124 seconds
[2020-01-13T14:12:44.157+0000][1][safepoint    ] Application time: 0.0000524 seconds
[2020-01-13T14:12:44.157+0000][1][safepoint    ] Entering safepoint region: RevokeBias
[2020-01-13T14:12:44.157+0000][1][safepoint    ] Leaving safepoint region
[2020-01-13T14:12:44.157+0000][1][safepoint    ] Total time for which application threads were stopped: 0.0000232 seconds, Stopping threads took: 0.0000107 seconds
[2020-01-13T14:12:44.157+0000][1][safepoint    ] Application time: 0.0000480 seconds
[2020-01-13T14:12:44.157+0000][1][safepoint    ] Entering safepoint region: RevokeBias
[2020-01-13T14:12:44.157+0000][1][safepoint    ] Leaving safepoint region
[2020-01-13T14:12:44.157+0000][1][safepoint    ] Total time for which application threads were stopped: 0.0000235 seconds, Stopping threads took: 0.0000107 seconds
[2020-01-13T14:12:44.157+0000][1][safepoint    ] Application time: 0.0000939 seconds
[2020-01-13T14:12:44.157+0000][1][safepoint    ] Entering safepoint region: RevokeBias
[2020-01-13T14:12:44.157+0000][1][safepoint    ] Leaving safepoint region
[2020-01-13T14:12:44.157+0000][1][safepoint    ] Total time for which application threads were stopped: 0.0000232 seconds, Stopping threads took: 0.0000107 seconds
[2020-01-13T14:12:44.157+0000][1][safepoint    ] Application time: 0.0000772 seconds
[2020-01-13T14:12:44.157+0000][1][safepoint    ] Entering safepoint region: RevokeBias
[2020-01-13T14:12:44.157+0000][1][safepoint    ] Leaving safepoint region
[2020-01-13T14:12:44.157+0000][1][safepoint    ] Total time for which application threads were stopped: 0.0000232 seconds, Stopping threads took: 0.0000107 seconds
[2020-01-13T14:12:44.157+0000][1][safepoint    ] Application time: 0.0000425 seconds
[2020-01-13T14:12:44.157+0000][1][safepoint    ] Entering safepoint region: RevokeBias
[2020-01-13T14:12:44.157+0000][1][safepoint    ] Leaving safepoint region
[2020-01-13T14:12:44.157+0000][1][safepoint    ] Total time for which application threads were stopped: 0.0000229 seconds, Stopping threads took: 0.0000105 seconds
[2020-01-13T14:12:44.157+0000][1][safepoint    ] Application time: 0.0000270 seconds
[2020-01-13T14:12:44.157+0000][1][safepoint    ] Entering safepoint region: RevokeBias
[2020-01-13T14:12:44.157+0000][1][safepoint    ] Leaving safepoint region
[2020-01-13T14:12:44.157+0000][1][safepoint    ] Total time for which application threads were stopped: 0.0000229 seconds, Stopping threads took: 0.0000106 seconds
[2020-01-13T14:12:44.157+0000][1][safepoint    ] Application time: 0.0000222 seconds
[2020-01-13T14:12:44.157+0000][1][safepoint    ] Entering safepoint region: RevokeBias
[2020-01-13T14:12:44.157+0000][1][safepoint    ] Leaving safepoint region
[2020-01-13T14:12:44.157+0000][1][safepoint    ] Total time for which application threads were stopped: 0.0000347 seconds, Stopping threads took: 0.0000216 seconds
[2020-01-13T14:12:44.157+0000][1][safepoint    ] Application time: 0.0000376 seconds
[2020-01-13T14:12:44.157+0000][1][safepoint    ] Entering safepoint region: RevokeBias
[2020-01-13T14:12:44.157+0000][1][safepoint    ] Leaving safepoint region
[2020-01-13T14:12:44.157+0000][1][safepoint    ] Total time for which application threads were stopped: 0.0000229 seconds, Stopping threads took: 0.0000106 seconds
[2020-01-13T14:12:44.157+0000][1][safepoint    ] Application time: 0.0000278 seconds
[2020-01-13T14:12:44.157+0000][1][safepoint    ] Entering safepoint region: RevokeBias
[2020-01-13T14:12:44.157+0000][1][safepoint    ] Leaving safepoint region
[2020-01-13T14:12:44.157+0000][1][safepoint    ] Total time for which application threads were stopped: 0.0000327 seconds, Stopping threads took: 0.0000105 seconds
[2020-01-13T14:12:44.157+0000][1][safepoint    ] Application time: 0.0000217 seconds
[2020-01-13T14:12:44.157+0000][1][safepoint    ] Entering safepoint region: RevokeBias
[2020-01-13T14:12:44.157+0000][1][safepoint    ] Leaving safepoint region
[2020-01-13T14:12:44.157+0000][1][safepoint    ] Total time for which application threads were stopped: 0.0000319 seconds, Stopping threads took: 0.0000105 seconds
[2020-01-13T14:12:44.157+0000][1][safepoint    ] Application time: 0.0000445 seconds
[2020-01-13T14:12:44.157+0000][1][safepoint    ] Entering safepoint region: RevokeBias
[2020-01-13T14:12:44.157+0000][1][safepoint    ] Leaving safepoint region
[2020-01-13T14:12:44.157+0000][1][safepoint    ] Total time for which application threads were stopped: 0.0000226 seconds, Stopping threads took: 0.0000104 seconds
[2020-01-13T14:12:44.157+0000][1][safepoint    ] Application time: 0.0000582 seconds
[2020-01-13T14:12:44.157+0000][1][safepoint    ] Entering safepoint region: RevokeBias
[2020-01-13T14:12:44.157+0000][1][safepoint    ] Leaving safepoint region
[2020-01-13T14:12:44.157+0000][1][safepoint    ] Total time for which application threads were stopped: 0.0000232 seconds, Stopping threads took: 0.0000104 seconds
[2020-01-13T14:12:44.221+0000][1][safepoint    ] Application time: 0.0636465 seconds
[2020-01-13T14:12:44.221+0000][1][safepoint    ] Entering safepoint region: BulkRevokeBias
[2020-01-13T14:12:44.221+0000][1][safepoint    ] Leaving safepoint region
[2020-01-13T14:12:44.221+0000][1][safepoint    ] Total time for which application threads were stopped: 0.0002465 seconds, Stopping threads took: 0.0000281 seconds
[2020-01-13T14:12:44.388+0000][1][safepoint    ] Application time: 0.1666467 seconds
[2020-01-13T14:12:44.388+0000][1][safepoint    ] Entering safepoint region: Deoptimize
[2020-01-13T14:12:44.389+0000][1][safepoint    ] Leaving safepoint region
[2020-01-13T14:12:44.389+0000][1][safepoint    ] Total time for which application threads were stopped: 0.0008511 seconds, Stopping threads took: 0.0000279 seconds
[2020-01-13T14:12:44.416+0000][1][safepoint    ] Application time: 0.0266156 seconds
[2020-01-13T14:12:44.416+0000][1][safepoint    ] Entering safepoint region: RevokeBias
[2020-01-13T14:12:44.416+0000][1][safepoint    ] Leaving safepoint region
[2020-01-13T14:12:44.416+0000][1][safepoint    ] Total time for which application threads were stopped: 0.0001274 seconds, Stopping threads took: 0.0000275 seconds
[2020-01-13T14:12:44.419+0000][1][safepoint    ] Application time: 0.0033865 seconds
[2020-01-13T14:12:44.419+0000][1][safepoint    ] Entering safepoint region: RevokeBias
[2020-01-13T14:12:44.419+0000][1][safepoint    ] Leaving safepoint region
[2020-01-13T14:12:44.419+0000][1][safepoint    ] Total time for which application threads were stopped: 0.0001267 seconds, Stopping threads took: 0.0000256 seconds
[2020-01-13T14:12:44.420+0000][1][safepoint    ] Application time: 0.0009507 seconds
[2020-01-13T14:12:44.420+0000][1][safepoint    ] Entering safepoint region: RevokeBias
[2020-01-13T14:12:44.420+0000][1][safepoint    ] Leaving safepoint region
[2020-01-13T14:12:44.420+0000][1][safepoint    ] Total time for which application threads were stopped: 0.0000732 seconds, Stopping threads took: 0.0000214 seconds
[2020-01-13T14:12:44.421+0000][1][safepoint    ] Application time: 0.0005023 seconds
[2020-01-13T14:12:44.421+0000][1][safepoint    ] Entering safepoint region: RevokeBias
[2020-01-13T14:12:44.421+0000][1][safepoint    ] Leaving safepoint region
[2020-01-13T14:12:44.421+0000][1][safepoint    ] Total time for which application threads were stopped: 0.0000631 seconds, Stopping threads took: 0.0000169 seconds
[2020-01-13T14:12:44.421+0000][1][safepoint    ] Application time: 0.0000355 seconds
[2020-01-13T14:12:44.421+0000][1][safepoint    ] Entering safepoint region: RevokeBias
[2020-01-13T14:12:44.421+0000][1][safepoint    ] Leaving safepoint region
[2020-01-13T14:12:44.421+0000][1][safepoint    ] Total time for which application threads were stopped: 0.0000423 seconds, Stopping threads took: 0.0000128 seconds
[2020-01-13T14:12:44.421+0000][1][safepoint    ] Application time: 0.0000768 seconds
[2020-01-13T14:12:44.421+0000][1][safepoint    ] Entering safepoint region: BulkRevokeBias
[2020-01-13T14:12:44.421+0000][1][safepoint    ] Leaving safepoint region
[2020-01-13T14:12:44.421+0000][1][safepoint    ] Total time for which application threads were stopped: 0.0001879 seconds, Stopping threads took: 0.0000126 seconds
[2020-01-13T14:12:44.421+0000][1][safepoint    ] Application time: 0.0001299 seconds
[2020-01-13T14:12:44.422+0000][1][safepoint    ] Entering safepoint region: RevokeBias
[2020-01-13T14:12:44.422+0000][1][safepoint    ] Leaving safepoint region
[2020-01-13T14:12:44.422+0000][1][safepoint    ] Total time for which application threads were stopped: 0.0000526 seconds, Stopping threads took: 0.0000141 seconds
[2020-01-13T14:12:44.422+0000][1][safepoint    ] Application time: 0.0001821 seconds
[2020-01-13T14:12:44.422+0000][1][safepoint    ] Entering safepoint region: RevokeBias
[2020-01-13T14:12:44.422+0000][1][safepoint    ] Leaving safepoint region
[2020-01-13T14:12:44.422+0000][1][safepoint    ] Total time for which application threads were stopped: 0.0000438 seconds, Stopping threads took: 0.0000141 seconds
[2020-01-13T14:12:44.422+0000][1][safepoint    ] Application time: 0.0001961 seconds
[2020-01-13T14:12:44.422+0000][1][safepoint    ] Entering safepoint region: RevokeBias
[2020-01-13T14:12:44.422+0000][1][safepoint    ] Leaving safepoint region
[2020-01-13T14:12:44.422+0000][1][safepoint    ] Total time for which application threads were stopped: 0.0002619 seconds, Stopping threads took: 0.0002018 seconds
[2020-01-13T14:12:44.422+0000][1][safepoint    ] Application time: 0.0000680 seconds
[2020-01-13T14:12:44.422+0000][1][safepoint    ] Entering safepoint region: RevokeBias
[2020-01-13T14:12:44.422+0000][1][safepoint    ] Leaving safepoint region
[2020-01-13T14:12:44.422+0000][1][safepoint    ] Total time for which application threads were stopped: 0.0000455 seconds, Stopping threads took: 0.0000129 seconds
[2020-01-13T14:12:44.427+0000][1][safepoint    ] Application time: 0.0041794 seconds
[2020-01-13T14:12:44.427+0000][1][safepoint    ] Entering safepoint region: RevokeBias
[2020-01-13T14:12:44.427+0000][1][safepoint    ] Leaving safepoint region
[2020-01-13T14:12:44.427+0000][1][safepoint    ] Total time for which application threads were stopped: 0.0000710 seconds, Stopping threads took: 0.0000191 seconds
[2020-01-13T14:12:44.428+0000][1][safepoint    ] Application time: 0.0010907 seconds
[2020-01-13T14:12:44.428+0000][1][safepoint    ] Entering safepoint region: RevokeBias
[2020-01-13T14:12:44.428+0000][1][safepoint    ] Leaving safepoint region
[2020-01-13T14:12:44.428+0000][1][safepoint    ] Total time for which application threads were stopped: 0.0000737 seconds, Stopping threads took: 0.0000188 seconds
[2020-01-13T14:12:44.428+0000][1][safepoint    ] Application time: 0.0000662 seconds
[2020-01-13T14:12:44.428+0000][1][safepoint    ] Entering safepoint region: RevokeBias
[2020-01-13T14:12:44.428+0000][1][safepoint    ] Leaving safepoint region
[2020-01-13T14:12:44.428+0000][1][safepoint    ] Total time for which application threads were stopped: 0.0000400 seconds, Stopping threads took: 0.0000136 seconds
[2020-01-13T14:12:44.431+0000][1][safepoint    ] Application time: 0.0028015 seconds
[2020-01-13T14:12:44.431+0000][1][safepoint    ] Entering safepoint region: Deoptimize
[2020-01-13T14:12:44.432+0000][1][safepoint    ] Leaving safepoint region
[2020-01-13T14:12:44.432+0000][1][safepoint    ] Total time for which application threads were stopped: 0.0007609 seconds, Stopping threads took: 0.0000250 seconds
[2020-01-13T14:12:44.531+0000][1][safepoint    ] Application time: 0.0998933 seconds
[2020-01-13T14:12:44.536+0000][1][safepoint    ] Entering safepoint region: RevokeBias
[2020-01-13T14:12:44.536+0000][1][safepoint    ] Leaving safepoint region
[2020-01-13T14:12:44.536+0000][1][safepoint    ] Total time for which application threads were stopped: 0.0043530 seconds, Stopping threads took: 0.0042572 seconds
[2020-01-13T14:12:44.542+0000][1][safepoint    ] Application time: 0.0065756 seconds
[2020-01-13T14:12:44.544+0000][1][safepoint    ] Entering safepoint region: RevokeBias
[2020-01-13T14:12:44.544+0000][1][safepoint    ] Leaving safepoint region
[2020-01-13T14:12:44.544+0000][1][safepoint    ] Total time for which application threads were stopped: 0.0013421 seconds, Stopping threads took: 0.0012736 seconds
[2020-01-13T14:12:44.544+0000][1][safepoint    ] Application time: 0.0002934 seconds
[2020-01-13T14:12:44.544+0000][1][safepoint    ] Entering safepoint region: RevokeBias
[2020-01-13T14:12:44.544+0000][1][safepoint    ] Leaving safepoint region
[2020-01-13T14:12:44.544+0000][1][safepoint    ] Total time for which application threads were stopped: 0.0000680 seconds, Stopping threads took: 0.0000181 seconds
[2020-01-13T14:12:44.544+0000][1][safepoint    ] Application time: 0.0000309 seconds
[2020-01-13T14:12:44.544+0000][1][safepoint    ] Entering safepoint region: RevokeBias
[2020-01-13T14:12:44.544+0000][1][safepoint    ] Leaving safepoint region
[2020-01-13T14:12:44.544+0000][1][safepoint    ] Total time for which application threads were stopped: 0.0000509 seconds, Stopping threads took: 0.0000128 seconds
[2020-01-13T14:12:44.546+0000][1][safepoint    ] Application time: 0.0013639 seconds
[2020-01-13T14:12:44.549+0000][1][safepoint    ] Entering safepoint region: RevokeBias
[2020-01-13T14:12:44.549+0000][1][safepoint    ] Leaving safepoint region
[2020-01-13T14:12:44.549+0000][1][safepoint    ] Total time for which application threads were stopped: 0.0033404 seconds, Stopping threads took: 0.0032784 seconds
[2020-01-13T14:12:44.552+0000][1][safepoint    ] Application time: 0.0030548 seconds
[2020-01-13T14:12:44.552+0000][1][safepoint    ] Entering safepoint region: RevokeBias
[2020-01-13T14:12:44.552+0000][1][safepoint    ] Leaving safepoint region
[2020-01-13T14:12:44.552+0000][1][safepoint    ] Total time for which application threads were stopped: 0.0000743 seconds, Stopping threads took: 0.0000263 seconds
[2020-01-13T14:12:44.553+0000][1][safepoint    ] Application time: 0.0012942 seconds
[2020-01-13T14:12:44.555+0000][1][safepoint    ] Entering safepoint region: RevokeBias
[2020-01-13T14:12:44.555+0000][1][safepoint    ] Leaving safepoint region
[2020-01-13T14:12:44.555+0000][1][safepoint    ] Total time for which application threads were stopped: 0.0017898 seconds, Stopping threads took: 0.0017270 seconds
[2020-01-13T14:12:44.555+0000][1][safepoint    ] Application time: 0.0000458 seconds
[2020-01-13T14:12:44.555+0000][1][safepoint    ] Entering safepoint region: RevokeBias
[2020-01-13T14:12:44.555+0000][1][safepoint    ] Leaving safepoint region
[2020-01-13T14:12:44.555+0000][1][safepoint    ] Total time for which application threads were stopped: 0.0000336 seconds, Stopping threads took: 0.0000060 seconds
[2020-01-13T14:12:44.556+0000][1][safepoint    ] Application time: 0.0003360 seconds
[2020-01-13T14:12:44.556+0000][1][safepoint    ] Entering safepoint region: RevokeBias
[2020-01-13T14:12:44.556+0000][1][safepoint    ] Leaving safepoint region
[2020-01-13T14:12:44.556+0000][1][safepoint    ] Total time for which application threads were stopped: 0.0000426 seconds, Stopping threads took: 0.0000079 seconds
[2020-01-13T14:12:44.556+0000][1][safepoint    ] Application time: 0.0000283 seconds
[2020-01-13T14:12:44.556+0000][1][safepoint    ] Entering safepoint region: RevokeBias
[2020-01-13T14:12:44.556+0000][1][safepoint    ] Leaving safepoint region
[2020-01-13T14:12:44.556+0000][1][safepoint    ] Total time for which application threads were stopped: 0.0000285 seconds, Stopping threads took: 0.0000056 seconds
[2020-01-13T14:12:44.561+0000][1][safepoint    ] Application time: 0.0048736 seconds
[2020-01-13T14:12:44.561+0000][1][safepoint    ] Entering safepoint region: RevokeBias
[2020-01-13T14:12:44.561+0000][1][safepoint    ] Leaving safepoint region
[2020-01-13T14:12:44.561+0000][1][safepoint    ] Total time for which application threads were stopped: 0.0000851 seconds, Stopping threads took: 0.0000278 seconds
[2020-01-13T14:12:44.572+0000][1][safepoint    ] Application time: 0.0114295 seconds
[2020-01-13T14:12:44.574+0000][1][safepoint    ] Entering safepoint region: RevokeBias
[2020-01-13T14:12:44.574+0000][1][safepoint    ] Leaving safepoint region
[2020-01-13T14:12:44.574+0000][1][safepoint    ] Total time for which application threads were stopped: 0.0021725 seconds, Stopping threads took: 0.0021022 seconds
[2020-01-13T14:12:44.576+0000][1][safepoint    ] Application time: 0.0012209 seconds
[2020-01-13T14:12:44.576+0000][1][safepoint    ] Entering safepoint region: RevokeBias
[2020-01-13T14:12:44.576+0000][1][safepoint    ] Leaving safepoint region
[2020-01-13T14:12:44.576+0000][1][safepoint    ] Total time for which application threads were stopped: 0.0000733 seconds, Stopping threads took: 0.0000109 seconds
[2020-01-13T14:12:44.577+0000][1][safepoint    ] Application time: 0.0007223 seconds
[2020-01-13T14:12:44.577+0000][1][safepoint    ] Entering safepoint region: RevokeBias
[2020-01-13T14:12:44.577+0000][1][safepoint    ] Leaving safepoint region
[2020-01-13T14:12:44.577+0000][1][safepoint    ] Total time for which application threads were stopped: 0.0000682 seconds, Stopping threads took: 0.0000102 seconds
[2020-01-13T14:12:44.579+0000][1][safepoint    ] Application time: 0.0020370 seconds
[2020-01-13T14:12:44.580+0000][1][safepoint    ] Entering safepoint region: RevokeBias
[2020-01-13T14:12:44.580+0000][1][safepoint    ] Leaving safepoint region
[2020-01-13T14:12:44.580+0000][1][safepoint    ] Total time for which application threads were stopped: 0.0016412 seconds, Stopping threads took: 0.0015857 seconds
[2020-01-13T14:12:44.580+0000][1][safepoint    ] Application time: 0.0001057 seconds
[2020-01-13T14:12:44.580+0000][1][safepoint    ] Entering safepoint region: RevokeBias
[2020-01-13T14:12:44.580+0000][1][safepoint    ] Leaving safepoint region
[2020-01-13T14:12:44.580+0000][1][safepoint    ] Total time for which application threads were stopped: 0.0000287 seconds, Stopping threads took: 0.0000056 seconds
[2020-01-13T14:12:44.581+0000][1][safepoint    ] Application time: 0.0000468 seconds
[2020-01-13T14:12:44.581+0000][1][safepoint    ] Entering safepoint region: RevokeBias
[2020-01-13T14:12:44.581+0000][1][safepoint    ] Leaving safepoint region
[2020-01-13T14:12:44.581+0000][1][safepoint    ] Total time for which application threads were stopped: 0.0000219 seconds, Stopping threads took: 0.0000049 seconds
[2020-01-13T14:12:44.581+0000][1][safepoint    ] Application time: 0.0004011 seconds
[2020-01-13T14:12:44.581+0000][1][safepoint    ] Entering safepoint region: RevokeBias
[2020-01-13T14:12:44.581+0000][1][safepoint    ] Leaving safepoint region
[2020-01-13T14:12:44.581+0000][1][safepoint    ] Total time for which application threads were stopped: 0.0000621 seconds, Stopping threads took: 0.0000176 seconds
[2020-01-13T14:12:44.581+0000][1][safepoint    ] Application time: 0.0000256 seconds
[2020-01-13T14:12:44.581+0000][1][safepoint    ] Entering safepoint region: RevokeBias
[2020-01-13T14:12:44.581+0000][1][safepoint    ] Leaving safepoint region
[2020-01-13T14:12:44.581+0000][1][safepoint    ] Total time for which application threads were stopped: 0.0000372 seconds, Stopping threads took: 0.0000132 seconds
[2020-01-13T14:12:44.581+0000][1][safepoint    ] Application time: 0.0000305 seconds
[2020-01-13T14:12:44.581+0000][1][safepoint    ] Entering safepoint region: RevokeBias
[2020-01-13T14:12:44.581+0000][1][safepoint    ] Leaving safepoint region
[2020-01-13T14:12:44.581+0000][1][safepoint    ] Total time for which application threads were stopped: 0.0000297 seconds, Stopping threads took: 0.0000055 seconds
[2020-01-13T14:12:44.584+0000][1][safepoint    ] Application time: 0.0023609 seconds
[2020-01-13T14:12:44.586+0000][1][safepoint    ] Entering safepoint region: RevokeBias
[2020-01-13T14:12:44.586+0000][1][safepoint    ] Leaving safepoint region
[2020-01-13T14:12:44.586+0000][1][safepoint    ] Total time for which application threads were stopped: 0.0022561 seconds, Stopping threads took: 0.0021989 seconds
[2020-01-13T14:12:44.586+0000][1][safepoint    ] Application time: 0.0000377 seconds
[2020-01-13T14:12:44.586+0000][1][safepoint    ] Entering safepoint region: RevokeBias
[2020-01-13T14:12:44.586+0000][1][safepoint    ] Leaving safepoint region
[2020-01-13T14:12:44.586+0000][1][safepoint    ] Total time for which application threads were stopped: 0.0000390 seconds, Stopping threads took: 0.0000114 seconds
[2020-01-13T14:12:44.589+0000][1][safepoint    ] Application time: 0.0029767 seconds
[2020-01-13T14:12:44.589+0000][1][safepoint    ] Entering safepoint region: RevokeBias
[2020-01-13T14:12:44.589+0000][1][safepoint    ] Leaving safepoint region
[2020-01-13T14:12:44.589+0000][1][safepoint    ] Total time for which application threads were stopped: 0.0000739 seconds, Stopping threads took: 0.0000262 seconds
[2020-01-13T14:12:44.593+0000][1][safepoint    ] Application time: 0.0043748 seconds
[2020-01-13T14:12:44.593+0000][1][safepoint    ] Entering safepoint region: RevokeBias
[2020-01-13T14:12:44.593+0000][1][safepoint    ] Leaving safepoint region
[2020-01-13T14:12:44.593+0000][1][safepoint    ] Total time for which application threads were stopped: 0.0000680 seconds, Stopping threads took: 0.0000189 seconds
[2020-01-13T14:12:44.594+0000][1][safepoint    ] Application time: 0.0002513 seconds
[2020-01-13T14:12:44.594+0000][1][safepoint    ] Entering safepoint region: RevokeBias
[2020-01-13T14:12:44.594+0000][1][safepoint    ] Leaving safepoint region
[2020-01-13T14:12:44.594+0000][1][safepoint    ] Total time for which application threads were stopped: 0.0000589 seconds, Stopping threads took: 0.0000161 seconds
[2020-01-13T14:12:44.594+0000][1][safepoint    ] Application time: 0.0000298 seconds
[2020-01-13T14:12:44.594+0000][1][safepoint    ] Entering safepoint region: RevokeBias
[2020-01-13T14:12:44.594+0000][1][safepoint    ] Leaving safepoint region
[2020-01-13T14:12:44.594+0000][1][safepoint    ] Total time for which application threads were stopped: 0.0000383 seconds, Stopping threads took: 0.0000127 seconds
[2020-01-13T14:12:44.597+0000][1][safepoint    ] Application time: 0.0028464 seconds
[2020-01-13T14:12:44.599+0000][1][safepoint    ] Entering safepoint region: RevokeBias
[2020-01-13T14:12:44.599+0000][1][safepoint    ] Leaving safepoint region
[2020-01-13T14:12:44.599+0000][1][safepoint    ] Total time for which application threads were stopped: 0.0023444 seconds, Stopping threads took: 0.0022857 seconds
[2020-01-13T14:12:44.600+0000][1][safepoint    ] Application time: 0.0012986 seconds
[2020-01-13T14:12:44.601+0000][1][safepoint    ] Entering safepoint region: RevokeBias
[2020-01-13T14:12:44.601+0000][1][safepoint    ] Leaving safepoint region
[2020-01-13T14:12:44.601+0000][1][safepoint    ] Total time for which application threads were stopped: 0.0009099 seconds, Stopping threads took: 0.0008381 seconds
[2020-01-13T14:12:44.604+0000][1][safepoint    ] Application time: 0.0025302 seconds
[2020-01-13T14:12:44.604+0000][1][safepoint    ] Entering safepoint region: RevokeBias
[2020-01-13T14:12:44.604+0000][1][safepoint    ] Leaving safepoint region
[2020-01-13T14:12:44.604+0000][1][safepoint    ] Total time for which application threads were stopped: 0.0004372 seconds, Stopping threads took: 0.0003809 seconds
[2020-01-13T14:12:44.621+0000][1][safepoint    ] Application time: 0.0167028 seconds
[2020-01-13T14:12:44.621+0000][1][safepoint    ] Entering safepoint region: RevokeBias
[2020-01-13T14:12:44.621+0000][1][safepoint    ] Leaving safepoint region
[2020-01-13T14:12:44.621+0000][1][safepoint    ] Total time for which application threads were stopped: 0.0000800 seconds, Stopping threads took: 0.0000145 seconds
[2020-01-13T14:12:44.624+0000][1][safepoint    ] Application time: 0.0024479 seconds
[2020-01-13T14:12:44.624+0000][1][safepoint    ] Entering safepoint region: RevokeBias
[2020-01-13T14:12:44.624+0000][1][safepoint    ] Leaving safepoint region
[2020-01-13T14:12:44.624+0000][1][safepoint    ] Total time for which application threads were stopped: 0.0000888 seconds, Stopping threads took: 0.0000271 seconds
[2020-01-13T14:12:44.624+0000][1][safepoint    ] Application time: 0.0003071 seconds
[2020-01-13T14:12:44.624+0000][1][safepoint    ] Entering safepoint region: RevokeBias
[2020-01-13T14:12:44.624+0000][1][safepoint    ] Leaving safepoint region
[2020-01-13T14:12:44.624+0000][1][safepoint    ] Total time for which application threads were stopped: 0.0000576 seconds, Stopping threads took: 0.0000163 seconds
[2020-01-13T14:12:44.624+0000][1][safepoint    ] Application time: 0.0000425 seconds
[2020-01-13T14:12:44.624+0000][1][safepoint    ] Entering safepoint region: RevokeBias
[2020-01-13T14:12:44.624+0000][1][safepoint    ] Leaving safepoint region
[2020-01-13T14:12:44.624+0000][1][safepoint    ] Total time for which application threads were stopped: 0.0000393 seconds, Stopping threads took: 0.0000128 seconds
[2020-01-13T14:12:44.624+0000][1][safepoint    ] Application time: 0.0000398 seconds
[2020-01-13T14:12:44.624+0000][1][safepoint    ] Entering safepoint region: RevokeBias
[2020-01-13T14:12:44.624+0000][1][safepoint    ] Leaving safepoint region
[2020-01-13T14:12:44.624+0000][1][safepoint    ] Total time for which application threads were stopped: 0.0000485 seconds, Stopping threads took: 0.0000130 seconds
[2020-01-13T14:12:44.625+0000][1][safepoint    ] Application time: 0.0002855 seconds
[2020-01-13T14:12:44.625+0000][1][safepoint    ] Entering safepoint region: RevokeBias
[2020-01-13T14:12:44.625+0000][1][safepoint    ] Leaving safepoint region
[2020-01-13T14:12:44.625+0000][1][safepoint    ] Total time for which application threads were stopped: 0.0005638 seconds, Stopping threads took: 0.0005077 seconds
[2020-01-13T14:12:44.644+0000][1][safepoint    ] Application time: 0.0184646 seconds
[2020-01-13T14:12:44.646+0000][1][safepoint    ] Entering safepoint region: RevokeBias
[2020-01-13T14:12:44.646+0000][1][safepoint    ] Leaving safepoint region
[2020-01-13T14:12:44.646+0000][1][safepoint    ] Total time for which application threads were stopped: 0.0027885 seconds, Stopping threads took: 0.0027111 seconds
[2020-01-13T14:12:44.649+0000][1][safepoint    ] Application time: 0.0029407 seconds
[2020-01-13T14:12:44.649+0000][1][safepoint    ] Entering safepoint region: RevokeBias
[2020-01-13T14:12:44.650+0000][1][safepoint    ] Leaving safepoint region
[2020-01-13T14:12:44.650+0000][1][safepoint    ] Total time for which application threads were stopped: 0.0000756 seconds, Stopping threads took: 0.0000130 seconds
[2020-01-13T14:12:44.650+0000][1][safepoint    ] Application time: 0.0000873 seconds
[2020-01-13T14:12:44.650+0000][1][safepoint    ] Entering safepoint region: RevokeBias
[2020-01-13T14:12:44.650+0000][1][safepoint    ] Leaving safepoint region
[2020-01-13T14:12:44.650+0000][1][safepoint    ] Total time for which application threads were stopped: 0.0000291 seconds, Stopping threads took: 0.0000060 seconds
[2020-01-13T14:12:44.650+0000][1][safepoint    ] Application time: 0.0000364 seconds
[2020-01-13T14:12:44.650+0000][1][safepoint    ] Entering safepoint region: RevokeBias
[2020-01-13T14:12:44.650+0000][1][safepoint    ] Leaving safepoint region
[2020-01-13T14:12:44.650+0000][1][safepoint    ] Total time for which application threads were stopped: 0.0000251 seconds, Stopping threads took: 0.0000060 seconds
[2020-01-13T14:12:44.694+0000][1][safepoint    ] Application time: 0.0438715 seconds
[2020-01-13T14:12:44.694+0000][1][safepoint    ] Entering safepoint region: RevokeBias
[2020-01-13T14:12:44.694+0000][1][safepoint    ] Leaving safepoint region
[2020-01-13T14:12:44.694+0000][1][safepoint    ] Total time for which application threads were stopped: 0.0001420 seconds, Stopping threads took: 0.0000269 seconds
[2020-01-13T14:12:44.694+0000][1][safepoint    ] Application time: 0.0000460 seconds
[2020-01-13T14:12:44.694+0000][1][safepoint    ] Entering safepoint region: RevokeBias
[2020-01-13T14:12:44.694+0000][1][safepoint    ] Leaving safepoint region
[2020-01-13T14:12:44.694+0000][1][safepoint    ] Total time for which application threads were stopped: 0.0000280 seconds, Stopping threads took: 0.0000060 seconds
[2020-01-13T14:12:44.712+0000][1][safepoint    ] Application time: 0.0180370 seconds
[2020-01-13T14:12:44.712+0000][1][safepoint    ] Entering safepoint region: RevokeBias
[2020-01-13T14:12:44.712+0000][1][safepoint    ] Leaving safepoint region
[2020-01-13T14:12:44.712+0000][1][safepoint    ] Total time for which application threads were stopped: 0.0001206 seconds, Stopping threads took: 0.0000242 seconds
[2020-01-13T14:12:44.712+0000][1][safepoint    ] Application time: 0.0000616 seconds
[2020-01-13T14:12:44.712+0000][1][safepoint    ] Entering safepoint region: RevokeBias
[2020-01-13T14:12:44.712+0000][1][safepoint    ] Leaving safepoint region
[2020-01-13T14:12:44.712+0000][1][safepoint    ] Total time for which application threads were stopped: 0.0000356 seconds, Stopping threads took: 0.0000141 seconds
[2020-01-13T14:12:44.723+0000][1][safepoint    ] Application time: 0.0105519 seconds
[2020-01-13T14:12:44.723+0000][1][safepoint    ] Entering safepoint region: RevokeBias
[2020-01-13T14:12:44.723+0000][1][safepoint    ] Leaving safepoint region
[2020-01-13T14:12:44.723+0000][1][safepoint    ] Total time for which application threads were stopped: 0.0000957 seconds, Stopping threads took: 0.0000251 seconds
[2020-01-13T14:12:44.724+0000][1][safepoint    ] Application time: 0.0015470 seconds
[2020-01-13T14:12:44.724+0000][1][safepoint    ] Entering safepoint region: RevokeBias
[2020-01-13T14:12:44.725+0000][1][safepoint    ] Leaving safepoint region
[2020-01-13T14:12:44.725+0000][1][safepoint    ] Total time for which application threads were stopped: 0.0000761 seconds, Stopping threads took: 0.0000219 seconds
[2020-01-13T14:12:44.749+0000][1][safepoint    ] Application time: 0.0240513 seconds
[2020-01-13T14:12:44.749+0000][1][safepoint    ] Entering safepoint region: RevokeBias
[2020-01-13T14:12:44.749+0000][1][safepoint    ] Leaving safepoint region
[2020-01-13T14:12:44.749+0000][1][safepoint    ] Total time for which application threads were stopped: 0.0001053 seconds, Stopping threads took: 0.0000303 seconds
[2020-01-13T14:12:44.749+0000][1][safepoint    ] Application time: 0.0000672 seconds
[2020-01-13T14:12:44.749+0000][1][safepoint    ] Entering safepoint region: RevokeBias
[2020-01-13T14:12:44.749+0000][1][safepoint    ] Leaving safepoint region
[2020-01-13T14:12:44.749+0000][1][safepoint    ] Total time for which application threads were stopped: 0.0000346 seconds, Stopping threads took: 0.0000135 seconds
[2020-01-13T14:12:44.767+0000][1][safepoint    ] Application time: 0.0183845 seconds
[2020-01-13T14:12:44.771+0000][1][safepoint    ] Entering safepoint region: RevokeBias
[2020-01-13T14:12:44.771+0000][1][safepoint    ] Leaving safepoint region
[2020-01-13T14:12:44.771+0000][1][safepoint    ] Total time for which application threads were stopped: 0.0040590 seconds, Stopping threads took: 0.0039695 seconds
[2020-01-13T14:12:44.774+0000][1][safepoint    ] Application time: 0.0022933 seconds
[2020-01-13T14:12:44.774+0000][1][safepoint    ] Entering safepoint region: RevokeBias
[2020-01-13T14:12:44.774+0000][1][safepoint    ] Leaving safepoint region
[2020-01-13T14:12:44.774+0000][1][safepoint    ] Total time for which application threads were stopped: 0.0000881 seconds, Stopping threads took: 0.0000249 seconds
[2020-01-13T14:12:44.774+0000][1][safepoint    ] Application time: 0.0002899 seconds
[2020-01-13T14:12:44.774+0000][1][safepoint    ] Entering safepoint region: RevokeBias
[2020-01-13T14:12:44.774+0000][1][safepoint    ] Leaving safepoint region
[2020-01-13T14:12:44.774+0000][1][safepoint    ] Total time for which application threads were stopped: 0.0000512 seconds, Stopping threads took: 0.0000085 seconds
[2020-01-13T14:12:44.774+0000][1][safepoint    ] Application time: 0.0000322 seconds
[2020-01-13T14:12:44.774+0000][1][safepoint    ] Entering safepoint region: RevokeBias
[2020-01-13T14:12:44.774+0000][1][safepoint    ] Leaving safepoint region
[2020-01-13T14:12:44.774+0000][1][safepoint    ] Total time for which application threads were stopped: 0.0000282 seconds, Stopping threads took: 0.0000056 seconds
[2020-01-13T14:12:44.774+0000][1][safepoint    ] Application time: 0.0000203 seconds
[2020-01-13T14:12:44.774+0000][1][safepoint    ] Entering safepoint region: RevokeBias
[2020-01-13T14:12:44.774+0000][1][safepoint    ] Leaving safepoint region
[2020-01-13T14:12:44.774+0000][1][safepoint    ] Total time for which application threads were stopped: 0.0000381 seconds, Stopping threads took: 0.0000056 seconds
[2020-01-13T14:12:44.774+0000][1][safepoint    ] Application time: 0.0000207 seconds
[2020-01-13T14:12:44.774+0000][1][safepoint    ] Entering safepoint region: RevokeBias
[2020-01-13T14:12:44.774+0000][1][safepoint    ] Leaving safepoint region
[2020-01-13T14:12:44.774+0000][1][safepoint    ] Total time for which application threads were stopped: 0.0000248 seconds, Stopping threads took: 0.0000053 seconds
[2020-01-13T14:12:44.774+0000][1][safepoint    ] Application time: 0.0000183 seconds
[2020-01-13T14:12:44.774+0000][1][safepoint    ] Entering safepoint region: RevokeBias
[2020-01-13T14:12:44.774+0000][1][safepoint    ] Leaving safepoint region
[2020-01-13T14:12:44.774+0000][1][safepoint    ] Total time for which application threads were stopped: 0.0000246 seconds, Stopping threads took: 0.0000053 seconds
[2020-01-13T14:12:44.774+0000][1][safepoint    ] Application time: 0.0000196 seconds
[2020-01-13T14:12:44.774+0000][1][safepoint    ] Entering safepoint region: RevokeBias
[2020-01-13T14:12:44.774+0000][1][safepoint    ] Leaving safepoint region
[2020-01-13T14:12:44.774+0000][1][safepoint    ] Total time for which application threads were stopped: 0.0000246 seconds, Stopping threads took: 0.0000053 seconds
[2020-01-13T14:12:44.775+0000][1][safepoint    ] Application time: 0.0000193 seconds
[2020-01-13T14:12:44.775+0000][1][safepoint    ] Entering safepoint region: RevokeBias
[2020-01-13T14:12:44.775+0000][1][safepoint    ] Leaving safepoint region
[2020-01-13T14:12:44.775+0000][1][safepoint    ] Total time for which application threads were stopped: 0.0000247 seconds, Stopping threads took: 0.0000053 seconds
[2020-01-13T14:12:44.775+0000][1][safepoint    ] Application time: 0.0000182 seconds
[2020-01-13T14:12:44.775+0000][1][safepoint    ] Entering safepoint region: RevokeBias
[2020-01-13T14:12:44.775+0000][1][safepoint    ] Leaving safepoint region
[2020-01-13T14:12:44.775+0000][1][safepoint    ] Total time for which application threads were stopped: 0.0000248 seconds, Stopping threads took: 0.0000054 seconds
[2020-01-13T14:12:44.812+0000][1][safepoint    ] Application time: 0.0371217 seconds
[2020-01-13T14:12:44.812+0000][1][safepoint    ] Entering safepoint region: RevokeBias
[2020-01-13T14:12:44.812+0000][1][safepoint    ] Leaving safepoint region
[2020-01-13T14:12:44.812+0000][1][safepoint    ] Total time for which application threads were stopped: 0.0000984 seconds, Stopping threads took: 0.0000279 seconds
[2020-01-13T14:12:44.848+0000][1][safepoint    ] Application time: 0.0358855 seconds
[2020-01-13T14:12:44.848+0000][1][safepoint    ] Entering safepoint region: RevokeBias
[2020-01-13T14:12:44.848+0000][1][safepoint    ] Leaving safepoint region
[2020-01-13T14:12:44.848+0000][1][safepoint    ] Total time for which application threads were stopped: 0.0000989 seconds, Stopping threads took: 0.0000316 seconds
[2020-01-13T14:12:44.928+0000][1][safepoint    ] Application time: 0.0803444 seconds
[2020-01-13T14:12:44.928+0000][1][safepoint    ] Entering safepoint region: RevokeBias
[2020-01-13T14:12:44.928+0000][1][safepoint    ] Leaving safepoint region
[2020-01-13T14:12:44.928+0000][1][safepoint    ] Total time for which application threads were stopped: 0.0001354 seconds, Stopping threads took: 0.0000280 seconds
[2020-01-13T14:12:44.931+0000][1][safepoint    ] Application time: 0.0029365 seconds
[2020-01-13T14:12:44.931+0000][1][safepoint    ] Entering safepoint region: RevokeBias
[2020-01-13T14:12:44.932+0000][1][safepoint    ] Leaving safepoint region
[2020-01-13T14:12:44.932+0000][1][safepoint    ] Total time for which application threads were stopped: 0.0000895 seconds, Stopping threads took: 0.0000298 seconds
[2020-01-13T14:12:44.937+0000][1][safepoint    ] Application time: 0.0056008 seconds
[2020-01-13T14:12:44.943+0000][1][safepoint    ] Entering safepoint region: RevokeBias
[2020-01-13T14:12:44.943+0000][1][safepoint    ] Leaving safepoint region
[2020-01-13T14:12:44.943+0000][1][safepoint    ] Total time for which application threads were stopped: 0.0062497 seconds, Stopping threads took: 0.0061610 seconds
[2020-01-13T14:12:44.947+0000][1][safepoint    ] Application time: 0.0033386 seconds
[2020-01-13T14:12:44.947+0000][1][safepoint    ] Entering safepoint region: RevokeBias
[2020-01-13T14:12:44.947+0000][1][safepoint    ] Leaving safepoint region
[2020-01-13T14:12:44.947+0000][1][safepoint    ] Total time for which application threads were stopped: 0.0000952 seconds, Stopping threads took: 0.0000228 seconds
[2020-01-13T14:12:44.947+0000][1][safepoint    ] Application time: 0.0000318 seconds
[2020-01-13T14:12:44.947+0000][1][safepoint    ] Entering safepoint region: RevokeBias
[2020-01-13T14:12:44.947+0000][1][safepoint    ] Leaving safepoint region
[2020-01-13T14:12:44.947+0000][1][safepoint    ] Total time for which application threads were stopped: 0.0000375 seconds, Stopping threads took: 0.0000130 seconds
[2020-01-13T14:12:44.947+0000][1][safepoint    ] Application time: 0.0000266 seconds
[2020-01-13T14:12:44.947+0000][1][safepoint    ] Entering safepoint region: RevokeBias
[2020-01-13T14:12:44.947+0000][1][safepoint    ] Leaving safepoint region
[2020-01-13T14:12:44.947+0000][1][safepoint    ] Total time for which application threads were stopped: 0.0000358 seconds, Stopping threads took: 0.0000128 seconds
[2020-01-13T14:12:44.949+0000][1][safepoint    ] Application time: 0.0017096 seconds
[2020-01-13T14:12:44.949+0000][1][safepoint    ] Entering safepoint region: RevokeBias
[2020-01-13T14:12:44.949+0000][1][safepoint    ] Leaving safepoint region
[2020-01-13T14:12:44.949+0000][1][safepoint    ] Total time for which application threads were stopped: 0.0006025 seconds, Stopping threads took: 0.0005228 seconds
[2020-01-13T14:12:44.950+0000][1][safepoint    ] Application time: 0.0001417 seconds
[2020-01-13T14:12:44.950+0000][1][safepoint    ] Entering safepoint region: RevokeBias
[2020-01-13T14:12:44.950+0000][1][safepoint    ] Leaving safepoint region
[2020-01-13T14:12:44.950+0000][1][safepoint    ] Total time for which application threads were stopped: 0.0000454 seconds, Stopping threads took: 0.0000153 seconds
[2020-01-13T14:12:44.950+0000][1][safepoint    ] Application time: 0.0000802 seconds
[2020-01-13T14:12:44.950+0000][1][safepoint    ] Entering safepoint region: RevokeBias
[2020-01-13T14:12:44.950+0000][1][safepoint    ] Leaving safepoint region
[2020-01-13T14:12:44.950+0000][1][safepoint    ] Total time for which application threads were stopped: 0.0000489 seconds, Stopping threads took: 0.0000199 seconds
[2020-01-13T14:12:44.986+0000][1][safepoint    ] Application time: 0.0365585 seconds
[2020-01-13T14:12:44.988+0000][1][safepoint    ] Entering safepoint region: RevokeBias
[2020-01-13T14:12:44.988+0000][1][safepoint    ] Leaving safepoint region
[2020-01-13T14:12:44.988+0000][1][safepoint    ] Total time for which application threads were stopped: 0.0020974 seconds, Stopping threads took: 0.0019862 seconds
[2020-01-13T14:12:44.995+0000][1][safepoint    ] Application time: 0.0069403 seconds
[2020-01-13T14:12:45.000+0000][1][safepoint    ] Entering safepoint region: RevokeBias
[2020-01-13T14:12:45.000+0000][1][safepoint    ] Leaving safepoint region
[2020-01-13T14:12:45.000+0000][1][safepoint    ] Total time for which application threads were stopped: 0.0045236 seconds, Stopping threads took: 0.0044187 seconds
[2020-01-13T14:12:45.002+0000][1][safepoint    ] Application time: 0.0015931 seconds
[2020-01-13T14:12:45.002+0000][1][safepoint    ] Entering safepoint region: RevokeBias
[2020-01-13T14:12:45.002+0000][1][safepoint    ] Leaving safepoint region
[2020-01-13T14:12:45.002+0000][1][safepoint    ] Total time for which application threads were stopped: 0.0002651 seconds, Stopping threads took: 0.0001878 seconds
[2020-01-13T14:12:45.002+0000][1][safepoint    ] Application time: 0.0002450 seconds
[2020-01-13T14:12:45.002+0000][1][safepoint    ] Entering safepoint region: RevokeBias
[2020-01-13T14:12:45.002+0000][1][safepoint    ] Leaving safepoint region
[2020-01-13T14:12:45.002+0000][1][safepoint    ] Total time for which application threads were stopped: 0.0001175 seconds, Stopping threads took: 0.0000084 seconds
[2020-01-13T14:12:45.004+0000][1][safepoint    ] Application time: 0.0013638 seconds
[2020-01-13T14:12:45.004+0000][1][safepoint    ] Entering safepoint region: RevokeBias
[2020-01-13T14:12:45.004+0000][1][safepoint    ] Leaving safepoint region
[2020-01-13T14:12:45.004+0000][1][safepoint    ] Total time for which application threads were stopped: 0.0004167 seconds, Stopping threads took: 0.0003519 seconds
[2020-01-13T14:12:45.004+0000][1][safepoint    ] Application time: 0.0000550 seconds
[2020-01-13T14:12:45.004+0000][1][safepoint    ] Entering safepoint region: RevokeBias
[2020-01-13T14:12:45.004+0000][1][safepoint    ] Leaving safepoint region
[2020-01-13T14:12:45.004+0000][1][safepoint    ] Total time for which application threads were stopped: 0.0000396 seconds, Stopping threads took: 0.0000061 seconds
[2020-01-13T14:12:45.004+0000][1][safepoint    ] Application time: 0.0000263 seconds
[2020-01-13T14:12:45.004+0000][1][safepoint    ] Entering safepoint region: RevokeBias
[2020-01-13T14:12:45.004+0000][1][safepoint    ] Leaving safepoint region
[2020-01-13T14:12:45.004+0000][1][safepoint    ] Total time for which application threads were stopped: 0.0000392 seconds, Stopping threads took: 0.0000056 seconds
[2020-01-13T14:12:45.004+0000][1][safepoint    ] Application time: 0.0002031 seconds
[2020-01-13T14:12:45.004+0000][1][safepoint    ] Entering safepoint region: RevokeBias
[2020-01-13T14:12:45.004+0000][1][safepoint    ] Leaving safepoint region
[2020-01-13T14:12:45.004+0000][1][safepoint    ] Total time for which application threads were stopped: 0.0000532 seconds, Stopping threads took: 0.0000083 seconds
[2020-01-13T14:12:45.009+0000][1][safepoint    ] Application time: 0.0044688 seconds
[2020-01-13T14:12:45.011+0000][1][safepoint    ] Entering safepoint region: RevokeBias
[2020-01-13T14:12:45.011+0000][1][safepoint    ] Leaving safepoint region
[2020-01-13T14:12:45.011+0000][1][safepoint    ] Total time for which application threads were stopped: 0.0018154 seconds, Stopping threads took: 0.0017577 seconds
[2020-01-13T14:12:45.017+0000][1][safepoint    ] Application time: 0.0060214 seconds
[2020-01-13T14:12:45.018+0000][1][safepoint    ] Entering safepoint region: RevokeBias
[2020-01-13T14:12:45.018+0000][1][safepoint    ] Leaving safepoint region
[2020-01-13T14:12:45.018+0000][1][safepoint    ] Total time for which application threads were stopped: 0.0012739 seconds, Stopping threads took: 0.0012015 seconds
[2020-01-13T14:12:45.018+0000][1][safepoint    ] Application time: 0.0001021 seconds
[2020-01-13T14:12:45.018+0000][1][safepoint    ] Entering safepoint region: RevokeBias
[2020-01-13T14:12:45.018+0000][1][safepoint    ] Leaving safepoint region
[2020-01-13T14:12:45.018+0000][1][safepoint    ] Total time for which application threads were stopped: 0.0000520 seconds, Stopping threads took: 0.0000093 seconds
[2020-01-13T14:12:45.018+0000][1][safepoint    ] Application time: 0.0000551 seconds
[2020-01-13T14:12:45.018+0000][1][safepoint    ] Entering safepoint region: RevokeBias
[2020-01-13T14:12:45.018+0000][1][safepoint    ] Leaving safepoint region
[2020-01-13T14:12:45.018+0000][1][safepoint    ] Total time for which application threads were stopped: 0.0000324 seconds, Stopping threads took: 0.0000059 seconds
[2020-01-13T14:12:45.019+0000][1][safepoint    ] Application time: 0.0002189 seconds
[2020-01-13T14:12:45.019+0000][1][safepoint    ] Entering safepoint region: RevokeBias
[2020-01-13T14:12:45.019+0000][1][safepoint    ] Leaving safepoint region
[2020-01-13T14:12:45.019+0000][1][safepoint    ] Total time for which application threads were stopped: 0.0000425 seconds, Stopping threads took: 0.0000074 seconds
[2020-01-13T14:12:45.019+0000][1][safepoint    ] Application time: 0.0000522 seconds
[2020-01-13T14:12:45.019+0000][1][safepoint    ] Entering safepoint region: BulkRevokeBias
[2020-01-13T14:12:45.019+0000][1][safepoint    ] Leaving safepoint region
[2020-01-13T14:12:45.019+0000][1][safepoint    ] Total time for which application threads were stopped: 0.0002311 seconds, Stopping threads took: 0.0000059 seconds
[2020-01-13T14:12:45.024+0000][1][safepoint    ] Application time: 0.0051115 seconds
[2020-01-13T14:12:45.025+0000][1][safepoint    ] Entering safepoint region: RevokeBias
[2020-01-13T14:12:45.025+0000][1][safepoint    ] Leaving safepoint region
[2020-01-13T14:12:45.025+0000][1][safepoint    ] Total time for which application threads were stopped: 0.0012634 seconds, Stopping threads took: 0.0011817 seconds
[2020-01-13T14:12:45.049+0000][1][safepoint    ] Application time: 0.0233112 seconds
[2020-01-13T14:12:45.050+0000][1][safepoint    ] Entering safepoint region: RevokeBias
[2020-01-13T14:12:45.050+0000][1][safepoint    ] Leaving safepoint region
[2020-01-13T14:12:45.050+0000][1][safepoint    ] Total time for which application threads were stopped: 0.0012042 seconds, Stopping threads took: 0.0011188 seconds
[2020-01-13T14:12:45.050+0000][1][safepoint    ] Application time: 0.0002218 seconds
[2020-01-13T14:12:45.050+0000][1][safepoint    ] Entering safepoint region: RevokeBias
[2020-01-13T14:12:45.050+0000][1][safepoint    ] Leaving safepoint region
[2020-01-13T14:12:45.050+0000][1][safepoint    ] Total time for which application threads were stopped: 0.0000732 seconds, Stopping threads took: 0.0000188 seconds
[2020-01-13T14:12:45.050+0000][1][safepoint    ] Application time: 0.0000434 seconds
[2020-01-13T14:12:45.050+0000][1][safepoint    ] Entering safepoint region: RevokeBias
[2020-01-13T14:12:45.050+0000][1][safepoint    ] Leaving safepoint region
[2020-01-13T14:12:45.050+0000][1][safepoint    ] Total time for which application threads were stopped: 0.0000394 seconds, Stopping threads took: 0.0000137 seconds
[2020-01-13T14:12:45.051+0000][1][safepoint    ] Application time: 0.0001469 seconds
[2020-01-13T14:12:45.051+0000][1][safepoint    ] Entering safepoint region: RevokeBias
[2020-01-13T14:12:45.051+0000][1][safepoint    ] Leaving safepoint region
[2020-01-13T14:12:45.051+0000][1][safepoint    ] Total time for which application threads were stopped: 0.0000393 seconds, Stopping threads took: 0.0000144 seconds
[2020-01-13T14:12:45.052+0000][1][safepoint    ] Application time: 0.0012322 seconds
[2020-01-13T14:12:45.055+0000][1][safepoint    ] Entering safepoint region: RevokeBias
[2020-01-13T14:12:45.055+0000][1][safepoint    ] Leaving safepoint region
[2020-01-13T14:12:45.055+0000][1][safepoint    ] Total time for which application threads were stopped: 0.0035614 seconds, Stopping threads took: 0.0034628 seconds
[2020-01-13T14:12:45.055+0000][1][safepoint    ] Application time: 0.0000748 seconds
[2020-01-13T14:12:45.055+0000][1][safepoint    ] Entering safepoint region: RevokeBias
[2020-01-13T14:12:45.056+0000][1][safepoint    ] Leaving safepoint region
[2020-01-13T14:12:45.056+0000][1][safepoint    ] Total time for which application threads were stopped: 0.0000343 seconds, Stopping threads took: 0.0000138 seconds
[2020-01-13T14:12:45.056+0000][1][safepoint    ] Application time: 0.0006565 seconds
[2020-01-13T14:12:45.056+0000][1][safepoint    ] Entering safepoint region: RevokeBias
[2020-01-13T14:12:45.056+0000][1][safepoint    ] Leaving safepoint region
[2020-01-13T14:12:45.056+0000][1][safepoint    ] Total time for which application threads were stopped: 0.0000601 seconds, Stopping threads took: 0.0000196 seconds
[2020-01-13T14:12:45.065+0000][1][safepoint    ] Application time: 0.0084648 seconds
[2020-01-13T14:12:45.065+0000][1][safepoint    ] Entering safepoint region: RevokeBias
[2020-01-13T14:12:45.065+0000][1][safepoint    ] Leaving safepoint region
[2020-01-13T14:12:45.065+0000][1][safepoint    ] Total time for which application threads were stopped: 0.0000873 seconds, Stopping threads took: 0.0000260 seconds
[2020-01-13T14:12:45.065+0000][1][safepoint    ] Application time: 0.0000372 seconds
[2020-01-13T14:12:45.065+0000][1][safepoint    ] Entering safepoint region: RevokeBias
[2020-01-13T14:12:45.065+0000][1][safepoint    ] Leaving safepoint region
[2020-01-13T14:12:45.065+0000][1][safepoint    ] Total time for which application threads were stopped: 0.0000426 seconds, Stopping threads took: 0.0000132 seconds
[2020-01-13T14:12:45.146+0000][1][safepoint    ] Application time: 0.0806047 seconds
[2020-01-13T14:12:45.147+0000][1][safepoint    ] Entering safepoint region: GenCollectForAllocation
[2020-01-13T14:12:45.147+0000][1][gc,start     ] GC(22) Pause Young (Allocation Failure)
[2020-01-13T14:12:45.147+0000][1][gc,task      ] GC(22) Using 1 workers of 1 for evacuation
[2020-01-13T14:12:45.176+0000][1][gc,age       ] GC(22) Desired survivor size 4358144 bytes, new threshold 2 (max threshold 6)
[2020-01-13T14:12:45.176+0000][1][gc,age       ] GC(22) Age table with threshold 2 (max threshold 6)
[2020-01-13T14:12:45.176+0000][1][gc,age       ] GC(22) - age   1:    2586240 bytes,    2586240 total
[2020-01-13T14:12:45.176+0000][1][gc,age       ] GC(22) - age   2:    2942896 bytes,    5529136 total
[2020-01-13T14:12:45.176+0000][1][gc,heap      ] GC(22) ParNew: 73118K->8512K(76672K)
[2020-01-13T14:12:45.176+0000][1][gc,heap      ] GC(22) CMS: 61330K->62578K(176960K)
[2020-01-13T14:12:45.176+0000][1][gc,metaspace ] GC(22) Metaspace: 65550K->65550K(1110016K)
[2020-01-13T14:12:45.176+0000][1][gc           ] GC(22) Pause Young (Allocation Failure) 131M->69M(247M) 28.760ms
[2020-01-13T14:12:45.176+0000][1][gc,cpu       ] GC(22) User=0.03s Sys=0.00s Real=0.03s
[2020-01-13T14:12:45.176+0000][1][safepoint    ] Leaving safepoint region
[2020-01-13T14:12:45.176+0000][1][safepoint    ] Total time for which application threads were stopped: 0.0303082 seconds, Stopping threads took: 0.0013887 seconds
[2020-01-13T14:12:45.185+0000][1][safepoint    ] Application time: 0.0093497 seconds
[2020-01-13T14:12:45.187+0000][1][safepoint    ] Entering safepoint region: RevokeBias
[2020-01-13T14:12:45.187+0000][1][safepoint    ] Leaving safepoint region
[2020-01-13T14:12:45.187+0000][1][safepoint    ] Total time for which application threads were stopped: 0.0013223 seconds, Stopping threads took: 0.0012393 seconds
[2020-01-13T14:12:45.187+0000][1][safepoint    ] Application time: 0.0000554 seconds
[2020-01-13T14:12:45.187+0000][1][safepoint    ] Entering safepoint region: RevokeBias
[2020-01-13T14:12:45.187+0000][1][safepoint    ] Leaving safepoint region
[2020-01-13T14:12:45.187+0000][1][safepoint    ] Total time for which application threads were stopped: 0.0000279 seconds, Stopping threads took: 0.0000075 seconds
[2020-01-13T14:12:45.187+0000][1][safepoint    ] Application time: 0.0000195 seconds
[2020-01-13T14:12:45.187+0000][1][safepoint    ] Entering safepoint region: RevokeBias
[2020-01-13T14:12:45.187+0000][1][safepoint    ] Leaving safepoint region
[2020-01-13T14:12:45.187+0000][1][safepoint    ] Total time for which application threads were stopped: 0.0000369 seconds, Stopping threads took: 0.0000174 seconds
[2020-01-13T14:12:45.187+0000][1][safepoint    ] Application time: 0.0000185 seconds
[2020-01-13T14:12:45.187+0000][1][safepoint    ] Entering safepoint region: RevokeBias
[2020-01-13T14:12:45.187+0000][1][safepoint    ] Leaving safepoint region
[2020-01-13T14:12:45.187+0000][1][safepoint    ] Total time for which application threads were stopped: 0.0000244 seconds, Stopping threads took: 0.0000059 seconds
[2020-01-13T14:12:45.187+0000][1][safepoint    ] Application time: 0.0000187 seconds
[2020-01-13T14:12:45.187+0000][1][safepoint    ] Entering safepoint region: RevokeBias
[2020-01-13T14:12:45.187+0000][1][safepoint    ] Leaving safepoint region
[2020-01-13T14:12:45.187+0000][1][safepoint    ] Total time for which application threads were stopped: 0.0000243 seconds, Stopping threads took: 0.0000059 seconds
[2020-01-13T14:12:45.187+0000][1][safepoint    ] Application time: 0.0000243 seconds
[2020-01-13T14:12:45.187+0000][1][safepoint    ] Entering safepoint region: RevokeBias
[2020-01-13T14:12:45.187+0000][1][safepoint    ] Leaving safepoint region
[2020-01-13T14:12:45.187+0000][1][safepoint    ] Total time for which application threads were stopped: 0.0000246 seconds, Stopping threads took: 0.0000060 seconds
[2020-01-13T14:12:45.187+0000][1][safepoint    ] Application time: 0.0000194 seconds
[2020-01-13T14:12:45.187+0000][1][safepoint    ] Entering safepoint region: RevokeBias
[2020-01-13T14:12:45.187+0000][1][safepoint    ] Leaving safepoint region
[2020-01-13T14:12:45.187+0000][1][safepoint    ] Total time for which application threads were stopped: 0.0000242 seconds, Stopping threads took: 0.0000057 seconds
[2020-01-13T14:12:45.187+0000][1][safepoint    ] Application time: 0.0000200 seconds
[2020-01-13T14:12:45.187+0000][1][safepoint    ] Entering safepoint region: RevokeBias
[2020-01-13T14:12:45.187+0000][1][safepoint    ] Leaving safepoint region
[2020-01-13T14:12:45.187+0000][1][safepoint    ] Total time for which application threads were stopped: 0.0000241 seconds, Stopping threads took: 0.0000057 seconds
[2020-01-13T14:12:45.239+0000][1][safepoint    ] Application time: 0.0521566 seconds
[2020-01-13T14:12:45.244+0000][1][safepoint    ] Entering safepoint region: Deoptimize
[2020-01-13T14:12:45.245+0000][1][safepoint    ] Leaving safepoint region
[2020-01-13T14:12:45.245+0000][1][safepoint    ] Total time for which application threads were stopped: 0.0058049 seconds, Stopping threads took: 0.0050000 seconds
[2020-01-13T14:12:45.349+0000][1][safepoint    ] Application time: 0.1041376 seconds
[2020-01-13T14:12:45.350+0000][1][safepoint    ] Entering safepoint region: RevokeBias
[2020-01-13T14:12:45.350+0000][1][safepoint    ] Leaving safepoint region
[2020-01-13T14:12:45.350+0000][1][safepoint    ] Total time for which application threads were stopped: 0.0004196 seconds, Stopping threads took: 0.0002888 seconds
[2020-01-13T14:12:45.353+0000][1][safepoint    ] Application time: 0.0035689 seconds
[2020-01-13T14:12:45.353+0000][1][safepoint    ] Entering safepoint region: RevokeBias
[2020-01-13T14:12:45.353+0000][1][safepoint    ] Leaving safepoint region
[2020-01-13T14:12:45.353+0000][1][safepoint    ] Total time for which application threads were stopped: 0.0000805 seconds, Stopping threads took: 0.0000219 seconds
[2020-01-13T14:12:45.371+0000][1][safepoint    ] Application time: 0.0177666 seconds
[2020-01-13T14:12:45.371+0000][1][safepoint    ] Entering safepoint region: RevokeBias
[2020-01-13T14:12:45.371+0000][1][safepoint    ] Leaving safepoint region
[2020-01-13T14:12:45.371+0000][1][safepoint    ] Total time for which application threads were stopped: 0.0001281 seconds, Stopping threads took: 0.0000495 seconds
[2020-01-13T14:12:45.372+0000][1][safepoint    ] Application time: 0.0003923 seconds
[2020-01-13T14:12:45.372+0000][1][safepoint    ] Entering safepoint region: RevokeBias
[2020-01-13T14:12:45.372+0000][1][safepoint    ] Leaving safepoint region
[2020-01-13T14:12:45.372+0000][1][safepoint    ] Total time for which application threads were stopped: 0.0000784 seconds, Stopping threads took: 0.0000340 seconds
[2020-01-13T14:12:45.372+0000][1][safepoint    ] Application time: 0.0000356 seconds
[2020-01-13T14:12:45.372+0000][1][safepoint    ] Entering safepoint region: RevokeBias
[2020-01-13T14:12:45.372+0000][1][safepoint    ] Leaving safepoint region
[2020-01-13T14:12:45.372+0000][1][safepoint    ] Total time for which application threads were stopped: 0.0000354 seconds, Stopping threads took: 0.0000131 seconds
[2020-01-13T14:12:45.372+0000][1][safepoint    ] Application time: 0.0002211 seconds
[2020-01-13T14:12:45.372+0000][1][safepoint    ] Entering safepoint region: RevokeBias
[2020-01-13T14:12:45.372+0000][1][safepoint    ] Leaving safepoint region
[2020-01-13T14:12:45.372+0000][1][safepoint    ] Total time for which application threads were stopped: 0.0000393 seconds, Stopping threads took: 0.0000146 seconds
[2020-01-13T14:12:45.397+0000][1][safepoint    ] Application time: 0.0243523 seconds
[2020-01-13T14:12:45.397+0000][1][safepoint    ] Entering safepoint region: RevokeBias
[2020-01-13T14:12:45.397+0000][1][safepoint    ] Leaving safepoint region
[2020-01-13T14:12:45.397+0000][1][safepoint    ] Total time for which application threads were stopped: 0.0007869 seconds, Stopping threads took: 0.0006871 seconds
[2020-01-13T14:12:45.402+0000][1][safepoint    ] Application time: 0.0045932 seconds
[2020-01-13T14:12:45.402+0000][1][safepoint    ] Entering safepoint region: RevokeBias
[2020-01-13T14:12:45.402+0000][1][safepoint    ] Leaving safepoint region
[2020-01-13T14:12:45.402+0000][1][safepoint    ] Total time for which application threads were stopped: 0.0000880 seconds, Stopping threads took: 0.0000238 seconds
[2020-01-13T14:12:45.402+0000][1][safepoint    ] Application time: 0.0000555 seconds
[2020-01-13T14:12:45.402+0000][1][safepoint    ] Entering safepoint region: BulkRevokeBias
[2020-01-13T14:12:45.402+0000][1][safepoint    ] Leaving safepoint region
[2020-01-13T14:12:45.402+0000][1][safepoint    ] Total time for which application threads were stopped: 0.0002536 seconds, Stopping threads took: 0.0000134 seconds
[2020-01-13T14:12:45.402+0000][1][safepoint    ] Application time: 0.0000372 seconds
[2020-01-13T14:12:45.402+0000][1][safepoint    ] Entering safepoint region: RevokeBias
[2020-01-13T14:12:45.403+0000][1][safepoint    ] Leaving safepoint region
[2020-01-13T14:12:45.403+0000][1][safepoint    ] Total time for which application threads were stopped: 0.0000405 seconds, Stopping threads took: 0.0000141 seconds
[2020-01-13T14:12:45.403+0000][1][safepoint    ] Application time: 0.0001607 seconds
[2020-01-13T14:12:45.403+0000][1][safepoint    ] Entering safepoint region: RevokeBias
[2020-01-13T14:12:45.403+0000][1][safepoint    ] Leaving safepoint region
[2020-01-13T14:12:45.403+0000][1][safepoint    ] Total time for which application threads were stopped: 0.0000983 seconds, Stopping threads took: 0.0000697 seconds
[2020-01-13T14:12:45.418+0000][1][safepoint    ] Application time: 0.0149913 seconds
[2020-01-13T14:12:45.418+0000][1][safepoint    ] Entering safepoint region: RevokeBias
[2020-01-13T14:12:45.418+0000][1][safepoint    ] Leaving safepoint region
[2020-01-13T14:12:45.418+0000][1][safepoint    ] Total time for which application threads were stopped: 0.0001118 seconds, Stopping threads took: 0.0000278 seconds
[2020-01-13T14:12:45.458+0000][1][safepoint    ] Application time: 0.0397878 seconds
[2020-01-13T14:12:45.460+0000][1][safepoint    ] Entering safepoint region: RevokeBias
[2020-01-13T14:12:45.460+0000][1][safepoint    ] Leaving safepoint region
[2020-01-13T14:12:45.460+0000][1][safepoint    ] Total time for which application threads were stopped: 0.0020357 seconds, Stopping threads took: 0.0019388 seconds
[2020-01-13T14:12:45.495+0000][1][safepoint    ] Application time: 0.0354885 seconds
[2020-01-13T14:12:45.495+0000][1][safepoint    ] Entering safepoint region: RevokeBias
[2020-01-13T14:12:45.495+0000][1][safepoint    ] Leaving safepoint region
[2020-01-13T14:12:45.495+0000][1][safepoint    ] Total time for which application threads were stopped: 0.0001215 seconds, Stopping threads took: 0.0000487 seconds
[2020-01-13T14:12:45.496+0000][1][safepoint    ] Application time: 0.0000794 seconds
[2020-01-13T14:12:45.496+0000][1][safepoint    ] Entering safepoint region: BulkRevokeBias
[2020-01-13T14:12:45.496+0000][1][safepoint    ] Leaving safepoint region
[2020-01-13T14:12:45.496+0000][1][safepoint    ] Total time for which application threads were stopped: 0.0002688 seconds, Stopping threads took: 0.0000142 seconds
[2020-01-13T14:12:45.497+0000][1][safepoint    ] Application time: 0.0010326 seconds
[2020-01-13T14:12:45.497+0000][1][safepoint    ] Entering safepoint region: RevokeBias
[2020-01-13T14:12:45.497+0000][1][safepoint    ] Leaving safepoint region
[2020-01-13T14:12:45.497+0000][1][safepoint    ] Total time for which application threads were stopped: 0.0000842 seconds, Stopping threads took: 0.0000284 seconds
[2020-01-13T14:12:45.500+0000][1][safepoint    ] Application time: 0.0025155 seconds
[2020-01-13T14:12:45.500+0000][1][safepoint    ] Entering safepoint region: RevokeBias
[2020-01-13T14:12:45.500+0000][1][safepoint    ] Leaving safepoint region
[2020-01-13T14:12:45.500+0000][1][safepoint    ] Total time for which application threads were stopped: 0.0000631 seconds, Stopping threads took: 0.0000239 seconds
[2020-01-13T14:12:46.500+0000][1][safepoint    ] Application time: 1.0000887 seconds
[2020-01-13T14:12:46.500+0000][1][safepoint    ] Entering safepoint region: Cleanup
[2020-01-13T14:12:46.500+0000][1][safepoint    ] Leaving safepoint region
[2020-01-13T14:12:46.500+0000][1][safepoint    ] Total time for which application threads were stopped: 0.0001051 seconds, Stopping threads took: 0.0000261 seconds
[2020-01-13T14:12:47.500+0000][1][safepoint    ] Application time: 1.0001431 seconds
[2020-01-13T14:12:47.500+0000][1][safepoint    ] Entering safepoint region: Cleanup
[2020-01-13T14:12:47.500+0000][1][safepoint    ] Leaving safepoint region
[2020-01-13T14:12:47.500+0000][1][safepoint    ] Total time for which application threads were stopped: 0.0001102 seconds, Stopping threads took: 0.0000316 seconds
[2020-01-13T14:12:48.500+0000][1][safepoint    ] Application time: 1.0001648 seconds
[2020-01-13T14:12:48.500+0000][1][safepoint    ] Entering safepoint region: Cleanup
[2020-01-13T14:12:48.501+0000][1][safepoint    ] Leaving safepoint region
[2020-01-13T14:12:48.501+0000][1][safepoint    ] Total time for which application threads were stopped: 0.0001171 seconds, Stopping threads took: 0.0000348 seconds
[2020-01-13T14:12:49.501+0000][1][safepoint    ] Application time: 1.0001598 seconds
[2020-01-13T14:12:49.501+0000][1][safepoint    ] Entering safepoint region: Cleanup
[2020-01-13T14:12:49.501+0000][1][safepoint    ] Leaving safepoint region
[2020-01-13T14:12:49.501+0000][1][safepoint    ] Total time for which application threads were stopped: 0.0001309 seconds, Stopping threads took: 0.0000352 seconds
[2020-01-13T14:12:50.501+0000][1][safepoint    ] Application time: 1.0001205 seconds
[2020-01-13T14:12:50.501+0000][1][safepoint    ] Entering safepoint region: Cleanup
[2020-01-13T14:12:50.501+0000][1][safepoint    ] Leaving safepoint region
[2020-01-13T14:12:50.501+0000][1][safepoint    ] Total time for which application threads were stopped: 0.0001203 seconds, Stopping threads took: 0.0000320 seconds
[2020-01-13T14:12:51.501+0000][1][safepoint    ] Application time: 1.0001208 seconds
[2020-01-13T14:12:51.501+0000][1][safepoint    ] Entering safepoint region: Cleanup
[2020-01-13T14:12:51.502+0000][1][safepoint    ] Leaving safepoint region
[2020-01-13T14:12:51.502+0000][1][safepoint    ] Total time for which application threads were stopped: 0.0001135 seconds, Stopping threads took: 0.0000347 seconds
[2020-01-13T14:12:52.502+0000][1][safepoint    ] Application time: 1.0000995 seconds
[2020-01-13T14:12:52.502+0000][1][safepoint    ] Entering safepoint region: Cleanup
[2020-01-13T14:12:52.502+0000][1][safepoint    ] Leaving safepoint region
[2020-01-13T14:12:52.502+0000][1][safepoint    ] Total time for which application threads were stopped: 0.0001160 seconds, Stopping threads took: 0.0000475 seconds
[2020-01-13T14:12:53.236+0000][1][safepoint    ] Application time: 0.7345032 seconds
[2020-01-13T14:12:53.236+0000][1][safepoint    ] Entering safepoint region: RevokeBias
[2020-01-13T14:12:53.237+0000][1][safepoint    ] Leaving safepoint region
[2020-01-13T14:12:53.237+0000][1][safepoint    ] Total time for which application threads were stopped: 0.0001948 seconds, Stopping threads took: 0.0000848 seconds
[2020-01-13T14:12:53.243+0000][1][safepoint    ] Application time: 0.0059965 seconds
[2020-01-13T14:12:53.245+0000][1][safepoint    ] Entering safepoint region: RevokeBias
[2020-01-13T14:12:53.245+0000][1][safepoint    ] Leaving safepoint region
[2020-01-13T14:12:53.245+0000][1][safepoint    ] Total time for which application threads were stopped: 0.0020873 seconds, Stopping threads took: 0.0019982 seconds
[2020-01-13T14:12:53.245+0000][1][safepoint    ] Application time: 0.0006477 seconds
[2020-01-13T14:12:53.245+0000][1][safepoint    ] Entering safepoint region: RevokeBias
[2020-01-13T14:12:53.245+0000][1][safepoint    ] Leaving safepoint region
[2020-01-13T14:12:53.245+0000][1][safepoint    ] Total time for which application threads were stopped: 0.0000955 seconds, Stopping threads took: 0.0000115 seconds
[2020-01-13T14:12:53.246+0000][1][safepoint    ] Application time: 0.0000341 seconds
[2020-01-13T14:12:53.246+0000][1][safepoint    ] Entering safepoint region: RevokeBias
[2020-01-13T14:12:53.246+0000][1][safepoint    ] Leaving safepoint region
[2020-01-13T14:12:53.246+0000][1][safepoint    ] Total time for which application threads were stopped: 0.0000452 seconds, Stopping threads took: 0.0000058 seconds
[2020-01-13T14:12:53.323+0000][1][safepoint    ] Application time: 0.0769988 seconds
[2020-01-13T14:12:53.325+0000][1][safepoint    ] Entering safepoint region: RevokeBias
[2020-01-13T14:12:53.325+0000][1][safepoint    ] Leaving safepoint region
[2020-01-13T14:12:53.325+0000][1][safepoint    ] Total time for which application threads were stopped: 0.0021899 seconds, Stopping threads took: 0.0020725 seconds
[2020-01-13T14:12:53.342+0000][1][safepoint    ] Application time: 0.0167739 seconds
[2020-01-13T14:12:53.342+0000][1][safepoint    ] Entering safepoint region: RevokeBias
[2020-01-13T14:12:53.342+0000][1][safepoint    ] Leaving safepoint region
[2020-01-13T14:12:53.342+0000][1][safepoint    ] Total time for which application threads were stopped: 0.0001495 seconds, Stopping threads took: 0.0000365 seconds
[2020-01-13T14:12:53.342+0000][1][safepoint    ] Application time: 0.0000404 seconds
[2020-01-13T14:12:53.342+0000][1][safepoint    ] Entering safepoint region: RevokeBias
[2020-01-13T14:12:53.342+0000][1][safepoint    ] Leaving safepoint region
[2020-01-13T14:12:53.342+0000][1][safepoint    ] Total time for which application threads were stopped: 0.0000505 seconds, Stopping threads took: 0.0000133 seconds
[2020-01-13T14:12:53.351+0000][1][safepoint    ] Application time: 0.0086566 seconds
[2020-01-13T14:12:53.354+0000][1][safepoint    ] Entering safepoint region: RevokeBias
[2020-01-13T14:12:53.354+0000][1][safepoint    ] Leaving safepoint region
[2020-01-13T14:12:53.354+0000][1][safepoint    ] Total time for which application threads were stopped: 0.0038428 seconds, Stopping threads took: 0.0037417 seconds
[2020-01-13T14:12:53.355+0000][1][safepoint    ] Application time: 0.0005702 seconds
[2020-01-13T14:12:53.355+0000][1][safepoint    ] Entering safepoint region: RevokeBias
[2020-01-13T14:12:53.355+0000][1][safepoint    ] Leaving safepoint region
[2020-01-13T14:12:53.355+0000][1][safepoint    ] Total time for which application threads were stopped: 0.0000848 seconds, Stopping threads took: 0.0000295 seconds
[2020-01-13T14:12:53.357+0000][1][safepoint    ] Application time: 0.0022332 seconds
[2020-01-13T14:12:53.361+0000][1][safepoint    ] Entering safepoint region: RevokeBias
[2020-01-13T14:12:53.361+0000][1][safepoint    ] Leaving safepoint region
[2020-01-13T14:12:53.361+0000][1][safepoint    ] Total time for which application threads were stopped: 0.0040929 seconds, Stopping threads took: 0.0039344 seconds
[2020-01-13T14:12:53.368+0000][1][safepoint    ] Application time: 0.0066308 seconds
[2020-01-13T14:12:53.368+0000][1][safepoint    ] Entering safepoint region: RevokeBias
[2020-01-13T14:12:53.368+0000][1][safepoint    ] Leaving safepoint region
[2020-01-13T14:12:53.368+0000][1][safepoint    ] Total time for which application threads were stopped: 0.0001515 seconds, Stopping threads took: 0.0000398 seconds
[2020-01-13T14:12:53.371+0000][1][safepoint    ] Application time: 0.0030021 seconds
[2020-01-13T14:12:53.371+0000][1][safepoint    ] Entering safepoint region: RevokeBias
[2020-01-13T14:12:53.371+0000][1][safepoint    ] Leaving safepoint region
[2020-01-13T14:12:53.371+0000][1][safepoint    ] Total time for which application threads were stopped: 0.0000864 seconds, Stopping threads took: 0.0000157 seconds
[2020-01-13T14:12:53.371+0000][1][safepoint    ] Application time: 0.0000358 seconds
[2020-01-13T14:12:53.371+0000][1][safepoint    ] Entering safepoint region: RevokeBias
[2020-01-13T14:12:53.371+0000][1][safepoint    ] Leaving safepoint region
[2020-01-13T14:12:53.371+0000][1][safepoint    ] Total time for which application threads were stopped: 0.0000284 seconds, Stopping threads took: 0.0000062 seconds
[2020-01-13T14:12:53.408+0000][1][safepoint    ] Application time: 0.0364332 seconds
[2020-01-13T14:12:53.408+0000][1][safepoint    ] Entering safepoint region: Deoptimize
[2020-01-13T14:12:53.409+0000][1][safepoint    ] Leaving safepoint region
[2020-01-13T14:12:53.409+0000][1][safepoint    ] Total time for which application threads were stopped: 0.0010437 seconds, Stopping threads took: 0.0000414 seconds
[2020-01-13T14:12:53.412+0000][1][safepoint    ] Application time: 0.0029849 seconds
[2020-01-13T14:12:53.412+0000][1][safepoint    ] Entering safepoint region: RevokeBias
[2020-01-13T14:12:53.412+0000][1][safepoint    ] Leaving safepoint region
[2020-01-13T14:12:53.412+0000][1][safepoint    ] Total time for which application threads were stopped: 0.0003422 seconds, Stopping threads took: 0.0002729 seconds
[2020-01-13T14:12:53.429+0000][1][safepoint    ] Application time: 0.0166211 seconds
[2020-01-13T14:12:53.431+0000][1][safepoint    ] Entering safepoint region: RevokeBias
[2020-01-13T14:12:53.431+0000][1][safepoint    ] Leaving safepoint region
[2020-01-13T14:12:53.431+0000][1][safepoint    ] Total time for which application threads were stopped: 0.0024463 seconds, Stopping threads took: 0.0023527 seconds
[2020-01-13T14:12:53.432+0000][1][safepoint    ] Application time: 0.0007677 seconds
[2020-01-13T14:12:53.432+0000][1][safepoint    ] Entering safepoint region: RevokeBias
[2020-01-13T14:12:53.432+0000][1][safepoint    ] Leaving safepoint region
[2020-01-13T14:12:53.432+0000][1][safepoint    ] Total time for which application threads were stopped: 0.0000803 seconds, Stopping threads took: 0.0000145 seconds
[2020-01-13T14:12:53.459+0000][1][safepoint    ] Application time: 0.0261675 seconds
[2020-01-13T14:12:53.459+0000][1][safepoint    ] Entering safepoint region: RevokeBias
[2020-01-13T14:12:53.459+0000][1][safepoint    ] Leaving safepoint region
[2020-01-13T14:12:53.459+0000][1][safepoint    ] Total time for which application threads were stopped: 0.0001964 seconds, Stopping threads took: 0.0000921 seconds
[2020-01-13T14:12:53.465+0000][1][safepoint    ] Application time: 0.0059484 seconds
[2020-01-13T14:12:53.465+0000][1][safepoint    ] Entering safepoint region: RevokeBias
[2020-01-13T14:12:53.465+0000][1][safepoint    ] Leaving safepoint region
[2020-01-13T14:12:53.465+0000][1][safepoint    ] Total time for which application threads were stopped: 0.0001479 seconds, Stopping threads took: 0.0000409 seconds
[2020-01-13T14:12:53.477+0000][1][safepoint    ] Application time: 0.0119782 seconds
[2020-01-13T14:12:53.478+0000][1][safepoint    ] Entering safepoint region: RevokeBias
[2020-01-13T14:12:53.478+0000][1][safepoint    ] Leaving safepoint region
[2020-01-13T14:12:53.478+0000][1][safepoint    ] Total time for which application threads were stopped: 0.0009165 seconds, Stopping threads took: 0.0008074 seconds
[2020-01-13T14:12:53.504+0000][1][safepoint    ] Application time: 0.0262524 seconds
[2020-01-13T14:12:53.505+0000][1][safepoint    ] Entering safepoint region: RevokeBias
[2020-01-13T14:12:53.505+0000][1][safepoint    ] Leaving safepoint region
[2020-01-13T14:12:53.505+0000][1][safepoint    ] Total time for which application threads were stopped: 0.0012383 seconds, Stopping threads took: 0.0011400 seconds
[2020-01-13T14:12:53.506+0000][1][safepoint    ] Application time: 0.0002588 seconds
[2020-01-13T14:12:53.506+0000][1][safepoint    ] Entering safepoint region: RevokeBias
[2020-01-13T14:12:53.506+0000][1][safepoint    ] Leaving safepoint region
[2020-01-13T14:12:53.506+0000][1][safepoint    ] Total time for which application threads were stopped: 0.0000494 seconds, Stopping threads took: 0.0000182 seconds
[2020-01-13T14:12:53.538+0000][1][safepoint    ] Application time: 0.0319146 seconds
[2020-01-13T14:12:53.538+0000][1][safepoint    ] Entering safepoint region: RevokeBias
[2020-01-13T14:12:53.538+0000][1][safepoint    ] Leaving safepoint region
[2020-01-13T14:12:53.538+0000][1][safepoint    ] Total time for which application threads were stopped: 0.0007154 seconds, Stopping threads took: 0.0006020 seconds
[2020-01-13T14:12:53.542+0000][1][safepoint    ] Application time: 0.0036674 seconds
[2020-01-13T14:12:53.542+0000][1][safepoint    ] Entering safepoint region: RevokeBias
[2020-01-13T14:12:53.542+0000][1][safepoint    ] Leaving safepoint region
[2020-01-13T14:12:53.542+0000][1][safepoint    ] Total time for which application threads were stopped: 0.0001725 seconds, Stopping threads took: 0.0000352 seconds
[2020-01-13T14:12:55.542+0000][1][safepoint    ] Application time: 2.0001965 seconds
[2020-01-13T14:12:55.543+0000][1][safepoint    ] Entering safepoint region: Cleanup
[2020-01-13T14:12:55.543+0000][1][safepoint    ] Leaving safepoint region
[2020-01-13T14:12:55.543+0000][1][safepoint    ] Total time for which application threads were stopped: 0.0001121 seconds, Stopping threads took: 0.0000380 seconds
[2020-01-13T14:12:56.543+0000][1][safepoint    ] Application time: 1.0000849 seconds
[2020-01-13T14:12:56.543+0000][1][safepoint    ] Entering safepoint region: Cleanup
[2020-01-13T14:12:56.543+0000][1][safepoint    ] Leaving safepoint region
[2020-01-13T14:12:56.543+0000][1][safepoint    ] Total time for which application threads were stopped: 0.0000996 seconds, Stopping threads took: 0.0000262 seconds
[2020-01-13T14:12:57.543+0000][1][safepoint    ] Application time: 1.0001063 seconds
[2020-01-13T14:12:57.543+0000][1][safepoint    ] Entering safepoint region: Cleanup
[2020-01-13T14:12:57.543+0000][1][safepoint    ] Leaving safepoint region
[2020-01-13T14:12:57.543+0000][1][safepoint    ] Total time for which application threads were stopped: 0.0001188 seconds, Stopping threads took: 0.0000283 seconds
[2020-01-13T14:12:58.543+0000][1][safepoint    ] Application time: 1.0001564 seconds
[2020-01-13T14:12:58.543+0000][1][safepoint    ] Entering safepoint region: Cleanup
[2020-01-13T14:12:58.544+0000][1][safepoint    ] Leaving safepoint region
[2020-01-13T14:12:58.544+0000][1][safepoint    ] Total time for which application threads were stopped: 0.0001418 seconds, Stopping threads took: 0.0000421 seconds
[2020-01-13T14:12:59.544+0000][1][safepoint    ] Application time: 1.0001354 seconds
[2020-01-13T14:12:59.544+0000][1][safepoint    ] Entering safepoint region: Cleanup
[2020-01-13T14:12:59.544+0000][1][safepoint    ] Leaving safepoint region
[2020-01-13T14:12:59.544+0000][1][safepoint    ] Total time for which application threads were stopped: 0.0001214 seconds, Stopping threads took: 0.0000348 seconds
[2020-01-13T14:13:01.342+0000][1][safepoint    ] Application time: 1.7980311 seconds
[2020-01-13T14:13:01.342+0000][1][safepoint    ] Entering safepoint region: RevokeBias
[2020-01-13T14:13:01.342+0000][1][safepoint    ] Leaving safepoint region
[2020-01-13T14:13:01.342+0000][1][safepoint    ] Total time for which application threads were stopped: 0.0001432 seconds, Stopping threads took: 0.0000459 seconds
[2020-01-13T14:13:01.563+0000][1][safepoint    ] Application time: 0.2212061 seconds
[2020-01-13T14:13:01.563+0000][1][safepoint    ] Entering safepoint region: RevokeBias
[2020-01-13T14:13:01.564+0000][1][safepoint    ] Leaving safepoint region
[2020-01-13T14:13:01.564+0000][1][safepoint    ] Total time for which application threads were stopped: 0.0001361 seconds, Stopping threads took: 0.0000306 seconds
[2020-01-13T14:13:01.564+0000][1][safepoint    ] Application time: 0.0005882 seconds
[2020-01-13T14:13:01.564+0000][1][safepoint    ] Entering safepoint region: RevokeBias
[2020-01-13T14:13:01.564+0000][1][safepoint    ] Leaving safepoint region
[2020-01-13T14:13:01.564+0000][1][safepoint    ] Total time for which application threads were stopped: 0.0000949 seconds, Stopping threads took: 0.0000233 seconds
[2020-01-13T14:13:01.567+0000][1][safepoint    ] Application time: 0.0024974 seconds
[2020-01-13T14:13:01.567+0000][1][safepoint    ] Entering safepoint region: RevokeBias
[2020-01-13T14:13:01.567+0000][1][safepoint    ] Leaving safepoint region
[2020-01-13T14:13:01.567+0000][1][safepoint    ] Total time for which application threads were stopped: 0.0000858 seconds, Stopping threads took: 0.0000218 seconds
[2020-01-13T14:13:01.567+0000][1][safepoint    ] Application time: 0.0003025 seconds
[2020-01-13T14:13:01.567+0000][1][safepoint    ] Entering safepoint region: RevokeBias
[2020-01-13T14:13:01.567+0000][1][safepoint    ] Leaving safepoint region
[2020-01-13T14:13:01.567+0000][1][safepoint    ] Total time for which application threads were stopped: 0.0000484 seconds, Stopping threads took: 0.0000166 seconds
[2020-01-13T14:13:01.571+0000][1][safepoint    ] Application time: 0.0032556 seconds
[2020-01-13T14:13:01.571+0000][1][safepoint    ] Entering safepoint region: RevokeBias
[2020-01-13T14:13:01.571+0000][1][safepoint    ] Leaving safepoint region
[2020-01-13T14:13:01.571+0000][1][safepoint    ] Total time for which application threads were stopped: 0.0000667 seconds, Stopping threads took: 0.0000194 seconds
[2020-01-13T14:13:01.571+0000][1][safepoint    ] Application time: 0.0008584 seconds
[2020-01-13T14:13:01.572+0000][1][safepoint    ] Entering safepoint region: RevokeBias
[2020-01-13T14:13:01.572+0000][1][safepoint    ] Leaving safepoint region
[2020-01-13T14:13:01.572+0000][1][safepoint    ] Total time for which application threads were stopped: 0.0000554 seconds, Stopping threads took: 0.0000196 seconds
[2020-01-13T14:13:01.575+0000][1][safepoint    ] Application time: 0.0035053 seconds
[2020-01-13T14:13:01.575+0000][1][safepoint    ] Entering safepoint region: RevokeBias
[2020-01-13T14:13:01.575+0000][1][safepoint    ] Leaving safepoint region
[2020-01-13T14:13:01.575+0000][1][safepoint    ] Total time for which application threads were stopped: 0.0000965 seconds, Stopping threads took: 0.0000269 seconds
[2020-01-13T14:13:01.577+0000][1][safepoint    ] Application time: 0.0014841 seconds
[2020-01-13T14:13:01.577+0000][1][safepoint    ] Entering safepoint region: RevokeBias
[2020-01-13T14:13:01.577+0000][1][safepoint    ] Leaving safepoint region
[2020-01-13T14:13:01.577+0000][1][safepoint    ] Total time for which application threads were stopped: 0.0000680 seconds, Stopping threads took: 0.0000275 seconds
[2020-01-13T14:13:01.579+0000][1][safepoint    ] Application time: 0.0019335 seconds
[2020-01-13T14:13:01.579+0000][1][safepoint    ] Entering safepoint region: RevokeBias
[2020-01-13T14:13:01.579+0000][1][safepoint    ] Leaving safepoint region
[2020-01-13T14:13:01.579+0000][1][safepoint    ] Total time for which application threads were stopped: 0.0000958 seconds, Stopping threads took: 0.0000425 seconds
[2020-01-13T14:13:01.581+0000][1][safepoint    ] Application time: 0.0025111 seconds
[2020-01-13T14:13:01.581+0000][1][safepoint    ] Entering safepoint region: RevokeBias
[2020-01-13T14:13:01.581+0000][1][safepoint    ] Leaving safepoint region
[2020-01-13T14:13:01.581+0000][1][safepoint    ] Total time for which application threads were stopped: 0.0000816 seconds, Stopping threads took: 0.0000300 seconds
[2020-01-13T14:13:01.582+0000][1][safepoint    ] Application time: 0.0002899 seconds
[2020-01-13T14:13:01.582+0000][1][safepoint    ] Entering safepoint region: RevokeBias
[2020-01-13T14:13:01.582+0000][1][safepoint    ] Leaving safepoint region
[2020-01-13T14:13:01.582+0000][1][safepoint    ] Total time for which application threads were stopped: 0.0000469 seconds, Stopping threads took: 0.0000162 seconds
[2020-01-13T14:13:01.584+0000][1][safepoint    ] Application time: 0.0017917 seconds
[2020-01-13T14:13:01.584+0000][1][safepoint    ] Entering safepoint region: RevokeBias
[2020-01-13T14:13:01.584+0000][1][safepoint    ] Leaving safepoint region
[2020-01-13T14:13:01.584+0000][1][safepoint    ] Total time for which application threads were stopped: 0.0000732 seconds, Stopping threads took: 0.0000362 seconds
[2020-01-13T14:13:01.584+0000][1][safepoint    ] Application time: 0.0002998 seconds
[2020-01-13T14:13:01.584+0000][1][safepoint    ] Entering safepoint region: RevokeBias
[2020-01-13T14:13:01.584+0000][1][safepoint    ] Leaving safepoint region
[2020-01-13T14:13:01.584+0000][1][safepoint    ] Total time for which application threads were stopped: 0.0000491 seconds, Stopping threads took: 0.0000172 seconds
[2020-01-13T14:13:01.677+0000][1][safepoint    ] Application time: 0.0930716 seconds
[2020-01-13T14:13:01.677+0000][1][safepoint    ] Entering safepoint region: RevokeBias
[2020-01-13T14:13:01.677+0000][1][safepoint    ] Leaving safepoint region
[2020-01-13T14:13:01.677+0000][1][safepoint    ] Total time for which application threads were stopped: 0.0001318 seconds, Stopping threads took: 0.0000293 seconds
[2020-01-13T14:13:01.731+0000][1][safepoint    ] Application time: 0.0535959 seconds
[2020-01-13T14:13:01.731+0000][1][safepoint    ] Entering safepoint region: RevokeBias
[2020-01-13T14:13:01.731+0000][1][safepoint    ] Leaving safepoint region
[2020-01-13T14:13:01.731+0000][1][safepoint    ] Total time for which application threads were stopped: 0.0001900 seconds, Stopping threads took: 0.0000373 seconds
[2020-01-13T14:13:01.732+0000][1][safepoint    ] Application time: 0.0006097 seconds
[2020-01-13T14:13:01.732+0000][1][safepoint    ] Entering safepoint region: RevokeBias
[2020-01-13T14:13:01.732+0000][1][safepoint    ] Leaving safepoint region
[2020-01-13T14:13:01.732+0000][1][safepoint    ] Total time for which application threads were stopped: 0.0001064 seconds, Stopping threads took: 0.0000113 seconds
[2020-01-13T14:13:01.732+0000][1][safepoint    ] Application time: 0.0002457 seconds
[2020-01-13T14:13:01.732+0000][1][safepoint    ] Entering safepoint region: RevokeBias
[2020-01-13T14:13:01.732+0000][1][safepoint    ] Leaving safepoint region
[2020-01-13T14:13:01.732+0000][1][safepoint    ] Total time for which application threads were stopped: 0.0000732 seconds, Stopping threads took: 0.0000079 seconds
[2020-01-13T14:13:01.733+0000][1][safepoint    ] Application time: 0.0003236 seconds
[2020-01-13T14:13:01.733+0000][1][safepoint    ] Entering safepoint region: RevokeBias
[2020-01-13T14:13:01.733+0000][1][safepoint    ] Leaving safepoint region
[2020-01-13T14:13:01.733+0000][1][safepoint    ] Total time for which application threads were stopped: 0.0000751 seconds, Stopping threads took: 0.0000099 seconds
[2020-01-13T14:13:01.734+0000][1][safepoint    ] Application time: 0.0012126 seconds
[2020-01-13T14:13:01.734+0000][1][safepoint    ] Entering safepoint region: RevokeBias
[2020-01-13T14:13:01.734+0000][1][safepoint    ] Leaving safepoint region
[2020-01-13T14:13:01.734+0000][1][safepoint    ] Total time for which application threads were stopped: 0.0000844 seconds, Stopping threads took: 0.0000348 seconds
[2020-01-13T14:13:01.734+0000][1][safepoint    ] Application time: 0.0002124 seconds
[2020-01-13T14:13:01.734+0000][1][safepoint    ] Entering safepoint region: RevokeBias
[2020-01-13T14:13:01.734+0000][1][safepoint    ] Leaving safepoint region
[2020-01-13T14:13:01.734+0000][1][safepoint    ] Total time for which application threads were stopped: 0.0000800 seconds, Stopping threads took: 0.0000198 seconds
[2020-01-13T14:13:01.734+0000][1][safepoint    ] Application time: 0.0000921 seconds
[2020-01-13T14:13:01.734+0000][1][safepoint    ] Entering safepoint region: RevokeBias
[2020-01-13T14:13:01.734+0000][1][safepoint    ] Leaving safepoint region
[2020-01-13T14:13:01.734+0000][1][safepoint    ] Total time for which application threads were stopped: 0.0000371 seconds, Stopping threads took: 0.0000068 seconds
[2020-01-13T14:13:01.735+0000][1][safepoint    ] Application time: 0.0003639 seconds
[2020-01-13T14:13:01.735+0000][1][safepoint    ] Entering safepoint region: RevokeBias
[2020-01-13T14:13:01.735+0000][1][safepoint    ] Leaving safepoint region
[2020-01-13T14:13:01.735+0000][1][safepoint    ] Total time for which application threads were stopped: 0.0000481 seconds, Stopping threads took: 0.0000093 seconds
[2020-01-13T14:13:01.735+0000][1][safepoint    ] Application time: 0.0001067 seconds
[2020-01-13T14:13:01.735+0000][1][safepoint    ] Entering safepoint region: BulkRevokeBias
[2020-01-13T14:13:01.736+0000][1][safepoint    ] Leaving safepoint region
[2020-01-13T14:13:01.736+0000][1][safepoint    ] Total time for which application threads were stopped: 0.0006103 seconds, Stopping threads took: 0.0000064 seconds
[2020-01-13T14:13:01.737+0000][1][safepoint    ] Application time: 0.0017049 seconds
[2020-01-13T14:13:01.737+0000][1][safepoint    ] Entering safepoint region: RevokeBias
[2020-01-13T14:13:01.738+0000][1][safepoint    ] Leaving safepoint region
[2020-01-13T14:13:01.738+0000][1][safepoint    ] Total time for which application threads were stopped: 0.0002504 seconds, Stopping threads took: 0.0001858 seconds
[2020-01-13T14:13:01.738+0000][1][safepoint    ] Application time: 0.0000795 seconds
[2020-01-13T14:13:01.738+0000][1][safepoint    ] Entering safepoint region: RevokeBias
[2020-01-13T14:13:01.738+0000][1][safepoint    ] Leaving safepoint region
[2020-01-13T14:13:01.738+0000][1][safepoint    ] Total time for which application threads were stopped: 0.0000545 seconds, Stopping threads took: 0.0000068 seconds
[2020-01-13T14:13:01.738+0000][1][safepoint    ] Application time: 0.0001653 seconds
[2020-01-13T14:13:01.738+0000][1][safepoint    ] Entering safepoint region: RevokeBias
[2020-01-13T14:13:01.738+0000][1][safepoint    ] Leaving safepoint region
[2020-01-13T14:13:01.738+0000][1][safepoint    ] Total time for which application threads were stopped: 0.0000558 seconds, Stopping threads took: 0.0000071 seconds
[2020-01-13T14:13:01.738+0000][1][safepoint    ] Application time: 0.0000744 seconds
[2020-01-13T14:13:01.738+0000][1][safepoint    ] Entering safepoint region: RevokeBias
[2020-01-13T14:13:01.738+0000][1][safepoint    ] Leaving safepoint region
[2020-01-13T14:13:01.738+0000][1][safepoint    ] Total time for which application threads were stopped: 0.0000522 seconds, Stopping threads took: 0.0000066 seconds
[2020-01-13T14:13:01.738+0000][1][safepoint    ] Application time: 0.0001183 seconds
[2020-01-13T14:13:01.738+0000][1][safepoint    ] Entering safepoint region: RevokeBias
[2020-01-13T14:13:01.738+0000][1][safepoint    ] Leaving safepoint region
[2020-01-13T14:13:01.738+0000][1][safepoint    ] Total time for which application threads were stopped: 0.0000702 seconds, Stopping threads took: 0.0000067 seconds
[2020-01-13T14:13:01.738+0000][1][safepoint    ] Application time: 0.0000717 seconds
[2020-01-13T14:13:01.738+0000][1][safepoint    ] Entering safepoint region: RevokeBias
[2020-01-13T14:13:01.738+0000][1][safepoint    ] Leaving safepoint region
[2020-01-13T14:13:01.738+0000][1][safepoint    ] Total time for which application threads were stopped: 0.0000520 seconds, Stopping threads took: 0.0000068 seconds
[2020-01-13T14:13:01.739+0000][1][safepoint    ] Application time: 0.0000943 seconds
[2020-01-13T14:13:01.739+0000][1][safepoint    ] Entering safepoint region: RevokeBias
[2020-01-13T14:13:01.739+0000][1][safepoint    ] Leaving safepoint region
[2020-01-13T14:13:01.739+0000][1][safepoint    ] Total time for which application threads were stopped: 0.0000658 seconds, Stopping threads took: 0.0000183 seconds
[2020-01-13T14:13:01.739+0000][1][safepoint    ] Application time: 0.0000648 seconds
[2020-01-13T14:13:01.739+0000][1][safepoint    ] Entering safepoint region: BulkRevokeBias
[2020-01-13T14:13:01.739+0000][1][safepoint    ] Leaving safepoint region
[2020-01-13T14:13:01.739+0000][1][safepoint    ] Total time for which application threads were stopped: 0.0003664 seconds, Stopping threads took: 0.0000064 seconds
[2020-01-13T14:13:01.741+0000][1][safepoint    ] Application time: 0.0015124 seconds
[2020-01-13T14:13:01.741+0000][1][safepoint    ] Entering safepoint region: RevokeBias
[2020-01-13T14:13:01.741+0000][1][safepoint    ] Leaving safepoint region
[2020-01-13T14:13:01.741+0000][1][safepoint    ] Total time for which application threads were stopped: 0.0000461 seconds, Stopping threads took: 0.0000101 seconds
[2020-01-13T14:13:01.741+0000][1][safepoint    ] Application time: 0.0001223 seconds
[2020-01-13T14:13:01.741+0000][1][safepoint    ] Entering safepoint region: RevokeBias
[2020-01-13T14:13:01.741+0000][1][safepoint    ] Leaving safepoint region
[2020-01-13T14:13:01.741+0000][1][safepoint    ] Total time for which application threads were stopped: 0.0000423 seconds, Stopping threads took: 0.0000069 seconds
[2020-01-13T14:13:01.741+0000][1][safepoint    ] Application time: 0.0005380 seconds
[2020-01-13T14:13:01.741+0000][1][safepoint    ] Entering safepoint region: RevokeBias
[2020-01-13T14:13:01.741+0000][1][safepoint    ] Leaving safepoint region
[2020-01-13T14:13:01.741+0000][1][safepoint    ] Total time for which application threads were stopped: 0.0000557 seconds, Stopping threads took: 0.0000091 seconds
[2020-01-13T14:13:01.742+0000][1][safepoint    ] Application time: 0.0002982 seconds
[2020-01-13T14:13:01.742+0000][1][safepoint    ] Entering safepoint region: RevokeBias
[2020-01-13T14:13:01.742+0000][1][safepoint    ] Leaving safepoint region
[2020-01-13T14:13:01.742+0000][1][safepoint    ] Total time for which application threads were stopped: 0.0000527 seconds, Stopping threads took: 0.0000088 seconds
[2020-01-13T14:13:01.742+0000][1][safepoint    ] Application time: 0.0002748 seconds
[2020-01-13T14:13:01.742+0000][1][safepoint    ] Entering safepoint region: RevokeBias
[2020-01-13T14:13:01.742+0000][1][safepoint    ] Leaving safepoint region
[2020-01-13T14:13:01.742+0000][1][safepoint    ] Total time for which application threads were stopped: 0.0000634 seconds, Stopping threads took: 0.0000088 seconds
[2020-01-13T14:13:01.743+0000][1][safepoint    ] Application time: 0.0011003 seconds
[2020-01-13T14:13:01.743+0000][1][safepoint    ] Entering safepoint region: RevokeBias
[2020-01-13T14:13:01.743+0000][1][safepoint    ] Leaving safepoint region
[2020-01-13T14:13:01.743+0000][1][safepoint    ] Total time for which application threads were stopped: 0.0000797 seconds, Stopping threads took: 0.0000272 seconds
[2020-01-13T14:13:01.744+0000][1][safepoint    ] Application time: 0.0002865 seconds
[2020-01-13T14:13:01.744+0000][1][safepoint    ] Entering safepoint region: RevokeBias
[2020-01-13T14:13:01.744+0000][1][safepoint    ] Leaving safepoint region
[2020-01-13T14:13:01.744+0000][1][safepoint    ] Total time for which application threads were stopped: 0.0000693 seconds, Stopping threads took: 0.0000219 seconds
[2020-01-13T14:13:01.744+0000][1][safepoint    ] Application time: 0.0003200 seconds
[2020-01-13T14:13:01.744+0000][1][safepoint    ] Entering safepoint region: RevokeBias
[2020-01-13T14:13:01.744+0000][1][safepoint    ] Leaving safepoint region
[2020-01-13T14:13:01.744+0000][1][safepoint    ] Total time for which application threads were stopped: 0.0000827 seconds, Stopping threads took: 0.0000434 seconds
[2020-01-13T14:13:01.744+0000][1][safepoint    ] Application time: 0.0002373 seconds
[2020-01-13T14:13:01.744+0000][1][safepoint    ] Entering safepoint region: RevokeBias
[2020-01-13T14:13:01.744+0000][1][safepoint    ] Leaving safepoint region
[2020-01-13T14:13:01.744+0000][1][safepoint    ] Total time for which application threads were stopped: 0.0000571 seconds, Stopping threads took: 0.0000190 seconds
[2020-01-13T14:13:01.745+0000][1][safepoint    ] Application time: 0.0001224 seconds
[2020-01-13T14:13:01.745+0000][1][safepoint    ] Entering safepoint region: RevokeBias
[2020-01-13T14:13:01.745+0000][1][safepoint    ] Leaving safepoint region
[2020-01-13T14:13:01.745+0000][1][safepoint    ] Total time for which application threads were stopped: 0.0000419 seconds, Stopping threads took: 0.0000074 seconds
[2020-01-13T14:13:01.745+0000][1][safepoint    ] Application time: 0.0001153 seconds
[2020-01-13T14:13:01.745+0000][1][safepoint    ] Entering safepoint region: RevokeBias
[2020-01-13T14:13:01.745+0000][1][safepoint    ] Leaving safepoint region
[2020-01-13T14:13:01.745+0000][1][safepoint    ] Total time for which application threads were stopped: 0.0000396 seconds, Stopping threads took: 0.0000073 seconds
[2020-01-13T14:13:01.745+0000][1][safepoint    ] Application time: 0.0001084 seconds
[2020-01-13T14:13:01.745+0000][1][safepoint    ] Entering safepoint region: RevokeBias
[2020-01-13T14:13:01.745+0000][1][safepoint    ] Leaving safepoint region
[2020-01-13T14:13:01.745+0000][1][safepoint    ] Total time for which application threads were stopped: 0.0000404 seconds, Stopping threads took: 0.0000074 seconds
[2020-01-13T14:13:01.805+0000][1][safepoint    ] Application time: 0.0604693 seconds
[2020-01-13T14:13:01.806+0000][1][safepoint    ] Entering safepoint region: RevokeBias
[2020-01-13T14:13:01.806+0000][1][safepoint    ] Leaving safepoint region
[2020-01-13T14:13:01.806+0000][1][safepoint    ] Total time for which application threads were stopped: 0.0004743 seconds, Stopping threads took: 0.0002575 seconds
[2020-01-13T14:13:01.860+0000][1][safepoint    ] Application time: 0.0541415 seconds
[2020-01-13T14:13:01.860+0000][1][safepoint    ] Entering safepoint region: RevokeBias
[2020-01-13T14:13:01.860+0000][1][safepoint    ] Leaving safepoint region
[2020-01-13T14:13:01.860+0000][1][safepoint    ] Total time for which application threads were stopped: 0.0001676 seconds, Stopping threads took: 0.0000302 seconds
[2020-01-13T14:13:01.954+0000][1][safepoint    ] Application time: 0.0935226 seconds
[2020-01-13T14:13:01.954+0000][1][safepoint    ] Entering safepoint region: RevokeBias
[2020-01-13T14:13:01.954+0000][1][safepoint    ] Leaving safepoint region
[2020-01-13T14:13:01.954+0000][1][safepoint    ] Total time for which application threads were stopped: 0.0000986 seconds, Stopping threads took: 0.0000278 seconds
[2020-01-13T14:13:01.955+0000][1][safepoint    ] Application time: 0.0008400 seconds
[2020-01-13T14:13:01.955+0000][1][safepoint    ] Entering safepoint region: RevokeBias
[2020-01-13T14:13:01.955+0000][1][safepoint    ] Leaving safepoint region
[2020-01-13T14:13:01.955+0000][1][safepoint    ] Total time for which application threads were stopped: 0.0001150 seconds, Stopping threads took: 0.0000244 seconds
[2020-01-13T14:13:02.138+0000][1][safepoint    ] Application time: 0.1826820 seconds
[2020-01-13T14:13:02.138+0000][1][safepoint    ] Entering safepoint region: RevokeBias
[2020-01-13T14:13:02.138+0000][1][safepoint    ] Leaving safepoint region
[2020-01-13T14:13:02.138+0000][1][safepoint    ] Total time for which application threads were stopped: 0.0001201 seconds, Stopping threads took: 0.0000315 seconds
[2020-01-13T14:13:02.151+0000][1][safepoint    ] Application time: 0.0128317 seconds
[2020-01-13T14:13:02.151+0000][1][safepoint    ] Entering safepoint region: RevokeBias
[2020-01-13T14:13:02.151+0000][1][safepoint    ] Leaving safepoint region
[2020-01-13T14:13:02.151+0000][1][safepoint    ] Total time for which application threads were stopped: 0.0001544 seconds, Stopping threads took: 0.0000340 seconds
[2020-01-13T14:13:02.156+0000][1][safepoint    ] Application time: 0.0048191 seconds
[2020-01-13T14:13:02.156+0000][1][safepoint    ] Entering safepoint region: RevokeBias
[2020-01-13T14:13:02.156+0000][1][safepoint    ] Leaving safepoint region
[2020-01-13T14:13:02.156+0000][1][safepoint    ] Total time for which application threads were stopped: 0.0001369 seconds, Stopping threads took: 0.0000378 seconds
[2020-01-13T14:13:02.298+0000][1][safepoint    ] Application time: 0.1418877 seconds
[2020-01-13T14:13:02.298+0000][1][safepoint    ] Entering safepoint region: RevokeBias
[2020-01-13T14:13:02.298+0000][1][safepoint    ] Leaving safepoint region
[2020-01-13T14:13:02.298+0000][1][safepoint    ] Total time for which application threads were stopped: 0.0001305 seconds, Stopping threads took: 0.0000317 seconds
[2020-01-13T14:13:03.215+0000][1][safepoint    ] Application time: 0.9167955 seconds
[2020-01-13T14:13:03.215+0000][1][safepoint    ] Entering safepoint region: RevokeBias
[2020-01-13T14:13:03.215+0000][1][safepoint    ] Leaving safepoint region
[2020-01-13T14:13:03.215+0000][1][safepoint    ] Total time for which application threads were stopped: 0.0001124 seconds, Stopping threads took: 0.0000349 seconds
[2020-01-13T14:13:03.216+0000][1][safepoint    ] Application time: 0.0007275 seconds
[2020-01-13T14:13:03.216+0000][1][safepoint    ] Entering safepoint region: RevokeBias
[2020-01-13T14:13:03.216+0000][1][safepoint    ] Leaving safepoint region
[2020-01-13T14:13:03.216+0000][1][safepoint    ] Total time for which application threads were stopped: 0.0001016 seconds, Stopping threads took: 0.0000212 seconds
[2020-01-13T14:13:03.326+0000][1][safepoint    ] Application time: 0.1105148 seconds
[2020-01-13T14:13:03.328+0000][1][safepoint    ] Entering safepoint region: RevokeBias
[2020-01-13T14:13:03.328+0000][1][safepoint    ] Leaving safepoint region
[2020-01-13T14:13:03.328+0000][1][safepoint    ] Total time for which application threads were stopped: 0.0017164 seconds, Stopping threads took: 0.0015983 seconds
[2020-01-13T14:13:03.333+0000][1][safepoint    ] Application time: 0.0045954 seconds
[2020-01-13T14:13:03.333+0000][1][safepoint    ] Entering safepoint region: RevokeBias
[2020-01-13T14:13:03.333+0000][1][safepoint    ] Leaving safepoint region
[2020-01-13T14:13:03.333+0000][1][safepoint    ] Total time for which application threads were stopped: 0.0001025 seconds, Stopping threads took: 0.0000372 seconds
[2020-01-13T14:13:04.259+0000][1][safepoint    ] Application time: 0.9259293 seconds
[2020-01-13T14:13:04.259+0000][1][safepoint    ] Entering safepoint region: BulkRevokeBias
[2020-01-13T14:13:04.259+0000][1][safepoint    ] Leaving safepoint region
[2020-01-13T14:13:04.259+0000][1][safepoint    ] Total time for which application threads were stopped: 0.0004474 seconds, Stopping threads took: 0.0000644 seconds
[2020-01-13T14:13:05.259+0000][1][safepoint    ] Application time: 1.0001186 seconds
[2020-01-13T14:13:05.260+0000][1][safepoint    ] Entering safepoint region: Cleanup
[2020-01-13T14:13:05.260+0000][1][safepoint    ] Leaving safepoint region
[2020-01-13T14:13:05.260+0000][1][safepoint    ] Total time for which application threads were stopped: 0.0001068 seconds, Stopping threads took: 0.0000297 seconds
[2020-01-13T14:13:06.260+0000][1][safepoint    ] Application time: 1.0001098 seconds
[2020-01-13T14:13:06.260+0000][1][safepoint    ] Entering safepoint region: Cleanup
[2020-01-13T14:13:06.260+0000][1][safepoint    ] Leaving safepoint region
[2020-01-13T14:13:06.260+0000][1][safepoint    ] Total time for which application threads were stopped: 0.0001199 seconds, Stopping threads took: 0.0000317 seconds
[2020-01-13T14:13:07.260+0000][1][safepoint    ] Application time: 1.0001146 seconds
[2020-01-13T14:13:07.260+0000][1][safepoint    ] Entering safepoint region: Cleanup
[2020-01-13T14:13:07.260+0000][1][safepoint    ] Leaving safepoint region
[2020-01-13T14:13:07.260+0000][1][safepoint    ] Total time for which application threads were stopped: 0.0001120 seconds, Stopping threads took: 0.0000290 seconds
[2020-01-13T14:13:08.260+0000][1][safepoint    ] Application time: 1.0000601 seconds
[2020-01-13T14:13:08.260+0000][1][safepoint    ] Entering safepoint region: Cleanup
[2020-01-13T14:13:08.261+0000][1][safepoint    ] Leaving safepoint region
[2020-01-13T14:13:08.261+0000][1][safepoint    ] Total time for which application threads were stopped: 0.0001841 seconds, Stopping threads took: 0.0000835 seconds
[2020-01-13T14:13:09.261+0000][1][safepoint    ] Application time: 1.0000858 seconds
[2020-01-13T14:13:09.261+0000][1][safepoint    ] Entering safepoint region: Cleanup
[2020-01-13T14:13:09.261+0000][1][safepoint    ] Leaving safepoint region
[2020-01-13T14:13:09.261+0000][1][safepoint    ] Total time for which application threads were stopped: 0.0001137 seconds, Stopping threads took: 0.0000252 seconds
[2020-01-13T14:13:10.261+0000][1][safepoint    ] Application time: 1.0000842 seconds
[2020-01-13T14:13:10.261+0000][1][safepoint    ] Entering safepoint region: Cleanup
[2020-01-13T14:13:10.261+0000][1][safepoint    ] Leaving safepoint region
[2020-01-13T14:13:10.261+0000][1][safepoint    ] Total time for which application threads were stopped: 0.0001173 seconds, Stopping threads took: 0.0000267 seconds
[2020-01-13T14:13:11.261+0000][1][safepoint    ] Application time: 1.0001179 seconds
[2020-01-13T14:13:11.261+0000][1][safepoint    ] Entering safepoint region: Cleanup
[2020-01-13T14:13:11.261+0000][1][safepoint    ] Leaving safepoint region
[2020-01-13T14:13:11.261+0000][1][safepoint    ] Total time for which application threads were stopped: 0.0001067 seconds, Stopping threads took: 0.0000309 seconds
[2020-01-13T14:13:12.262+0000][1][safepoint    ] Application time: 1.0001386 seconds
[2020-01-13T14:13:12.262+0000][1][safepoint    ] Entering safepoint region: Cleanup
[2020-01-13T14:13:12.263+0000][1][safepoint    ] Leaving safepoint region
[2020-01-13T14:13:12.263+0000][1][safepoint    ] Total time for which application threads were stopped: 0.0001285 seconds, Stopping threads took: 0.0000445 seconds
[2020-01-13T14:13:13.263+0000][1][safepoint    ] Application time: 1.0001434 seconds
[2020-01-13T14:13:13.263+0000][1][safepoint    ] Entering safepoint region: Cleanup
[2020-01-13T14:13:13.263+0000][1][safepoint    ] Leaving safepoint region
[2020-01-13T14:13:13.263+0000][1][safepoint    ] Total time for which application threads were stopped: 0.0001263 seconds, Stopping threads took: 0.0000292 seconds
[2020-01-13T14:13:14.263+0000][1][safepoint    ] Application time: 1.0001429 seconds
[2020-01-13T14:13:14.263+0000][1][safepoint    ] Entering safepoint region: Cleanup
[2020-01-13T14:13:14.263+0000][1][safepoint    ] Leaving safepoint region
[2020-01-13T14:13:14.263+0000][1][safepoint    ] Total time for which application threads were stopped: 0.0001407 seconds, Stopping threads took: 0.0000312 seconds
[2020-01-13T14:13:15.263+0000][1][safepoint    ] Application time: 1.0001526 seconds
[2020-01-13T14:13:15.264+0000][1][safepoint    ] Entering safepoint region: Cleanup
[2020-01-13T14:13:15.264+0000][1][safepoint    ] Leaving safepoint region
[2020-01-13T14:13:15.264+0000][1][safepoint    ] Total time for which application threads were stopped: 0.0001366 seconds, Stopping threads took: 0.0000284 seconds
[2020-01-13T14:13:16.264+0000][1][safepoint    ] Application time: 1.0001378 seconds
[2020-01-13T14:13:16.264+0000][1][safepoint    ] Entering safepoint region: Cleanup
[2020-01-13T14:13:16.264+0000][1][safepoint    ] Leaving safepoint region
[2020-01-13T14:13:16.264+0000][1][safepoint    ] Total time for which application threads were stopped: 0.0001385 seconds, Stopping threads took: 0.0000298 seconds
[2020-01-13T14:13:17.264+0000][1][safepoint    ] Application time: 1.0001501 seconds
[2020-01-13T14:13:17.265+0000][1][safepoint    ] Entering safepoint region: Cleanup
[2020-01-13T14:13:17.265+0000][1][safepoint    ] Leaving safepoint region
[2020-01-13T14:13:17.265+0000][1][safepoint    ] Total time for which application threads were stopped: 0.0001359 seconds, Stopping threads took: 0.0000457 seconds
[2020-01-13T14:13:18.266+0000][1][safepoint    ] Application time: 1.0001074 seconds
[2020-01-13T14:13:18.266+0000][1][safepoint    ] Entering safepoint region: Cleanup
[2020-01-13T14:13:18.266+0000][1][safepoint    ] Leaving safepoint region
[2020-01-13T14:13:18.266+0000][1][safepoint    ] Total time for which application threads were stopped: 0.0001230 seconds, Stopping threads took: 0.0000451 seconds
[2020-01-13T14:13:19.266+0000][1][safepoint    ] Application time: 1.0001138 seconds
[2020-01-13T14:13:19.266+0000][1][safepoint    ] Entering safepoint region: Cleanup
[2020-01-13T14:13:19.266+0000][1][safepoint    ] Leaving safepoint region
[2020-01-13T14:13:19.266+0000][1][safepoint    ] Total time for which application threads were stopped: 0.0001382 seconds, Stopping threads took: 0.0000271 seconds
[2020-01-13T14:13:20.266+0000][1][safepoint    ] Application time: 1.0001189 seconds
[2020-01-13T14:13:20.266+0000][1][safepoint    ] Entering safepoint region: Cleanup
[2020-01-13T14:13:20.266+0000][1][safepoint    ] Leaving safepoint region
[2020-01-13T14:13:20.266+0000][1][safepoint    ] Total time for which application threads were stopped: 0.0001522 seconds, Stopping threads took: 0.0000471 seconds
[2020-01-13T14:13:21.267+0000][1][safepoint    ] Application time: 1.0001301 seconds
[2020-01-13T14:13:21.267+0000][1][safepoint    ] Entering safepoint region: Cleanup
[2020-01-13T14:13:21.267+0000][1][safepoint    ] Leaving safepoint region
[2020-01-13T14:13:21.267+0000][1][safepoint    ] Total time for which application threads were stopped: 0.0001273 seconds, Stopping threads took: 0.0000312 seconds
[2020-01-13T14:13:22.267+0000][1][safepoint    ] Application time: 1.0001191 seconds
[2020-01-13T14:13:22.268+0000][1][safepoint    ] Entering safepoint region: Cleanup
[2020-01-13T14:13:22.268+0000][1][safepoint    ] Leaving safepoint region
[2020-01-13T14:13:22.268+0000][1][safepoint    ] Total time for which application threads were stopped: 0.0001492 seconds, Stopping threads took: 0.0000358 seconds
[2020-01-13T14:13:23.268+0000][1][safepoint    ] Application time: 1.0001266 seconds
[2020-01-13T14:13:23.268+0000][1][safepoint    ] Entering safepoint region: Cleanup
[2020-01-13T14:13:23.268+0000][1][safepoint    ] Leaving safepoint region
[2020-01-13T14:13:23.268+0000][1][safepoint    ] Total time for which application threads were stopped: 0.0001307 seconds, Stopping threads took: 0.0000306 seconds
[2020-01-13T14:13:24.268+0000][1][safepoint    ] Application time: 1.0001199 seconds
[2020-01-13T14:13:24.269+0000][1][safepoint    ] Entering safepoint region: Cleanup
[2020-01-13T14:13:24.269+0000][1][safepoint    ] Leaving safepoint region
[2020-01-13T14:13:24.269+0000][1][safepoint    ] Total time for which application threads were stopped: 0.0001427 seconds, Stopping threads took: 0.0000281 seconds
[2020-01-13T14:13:25.269+0000][1][safepoint    ] Application time: 1.0001276 seconds
[2020-01-13T14:13:25.269+0000][1][safepoint    ] Entering safepoint region: Cleanup
[2020-01-13T14:13:25.269+0000][1][safepoint    ] Leaving safepoint region
[2020-01-13T14:13:25.269+0000][1][safepoint    ] Total time for which application threads were stopped: 0.0001310 seconds, Stopping threads took: 0.0000391 seconds
[2020-01-13T14:13:26.269+0000][1][safepoint    ] Application time: 1.0001382 seconds
[2020-01-13T14:13:26.269+0000][1][safepoint    ] Entering safepoint region: Cleanup
[2020-01-13T14:13:26.269+0000][1][safepoint    ] Leaving safepoint region
[2020-01-13T14:13:26.269+0000][1][safepoint    ] Total time for which application threads were stopped: 0.0001404 seconds, Stopping threads took: 0.0000343 seconds
[2020-01-13T14:13:26.993+0000][1][safepoint    ] Application time: 0.7238895 seconds
[2020-01-13T14:13:26.993+0000][1][safepoint    ] Entering safepoint region: RevokeBias
[2020-01-13T14:13:26.993+0000][1][safepoint    ] Leaving safepoint region
[2020-01-13T14:13:26.993+0000][1][safepoint    ] Total time for which application threads were stopped: 0.0001087 seconds, Stopping threads took: 0.0000228 seconds
[2020-01-13T14:13:27.994+0000][1][safepoint    ] Application time: 1.0000896 seconds
[2020-01-13T14:13:27.994+0000][1][safepoint    ] Entering safepoint region: Cleanup
[2020-01-13T14:13:27.994+0000][1][safepoint    ] Leaving safepoint region
[2020-01-13T14:13:27.994+0000][1][safepoint    ] Total time for which application threads were stopped: 0.0001344 seconds, Stopping threads took: 0.0000294 seconds
[2020-01-13T14:13:28.994+0000][1][safepoint    ] Application time: 1.0000872 seconds
[2020-01-13T14:13:28.994+0000][1][safepoint    ] Entering safepoint region: Cleanup
[2020-01-13T14:13:28.994+0000][1][safepoint    ] Leaving safepoint region
[2020-01-13T14:13:28.994+0000][1][safepoint    ] Total time for which application threads were stopped: 0.0001267 seconds, Stopping threads took: 0.0000321 seconds
[2020-01-13T14:13:29.994+0000][1][safepoint    ] Application time: 1.0001087 seconds
[2020-01-13T14:13:29.994+0000][1][safepoint    ] Entering safepoint region: Cleanup
[2020-01-13T14:13:29.994+0000][1][safepoint    ] Leaving safepoint region
[2020-01-13T14:13:29.994+0000][1][safepoint    ] Total time for which application threads were stopped: 0.0001446 seconds, Stopping threads took: 0.0000315 seconds
[2020-01-13T14:13:30.994+0000][1][safepoint    ] Application time: 1.0001139 seconds
[2020-01-13T14:13:30.995+0000][1][safepoint    ] Entering safepoint region: Cleanup
[2020-01-13T14:13:30.995+0000][1][safepoint    ] Leaving safepoint region
[2020-01-13T14:13:30.995+0000][1][safepoint    ] Total time for which application threads were stopped: 0.0001191 seconds, Stopping threads took: 0.0000319 seconds
[2020-01-13T14:13:34.995+0000][1][safepoint    ] Application time: 4.0004050 seconds
[2020-01-13T14:13:34.995+0000][1][safepoint    ] Entering safepoint region: Cleanup
[2020-01-13T14:13:34.995+0000][1][safepoint    ] Leaving safepoint region
[2020-01-13T14:13:34.995+0000][1][safepoint    ] Total time for which application threads were stopped: 0.0001529 seconds, Stopping threads took: 0.0000307 seconds
[2020-01-13T14:13:35.995+0000][1][safepoint    ] Application time: 1.0001074 seconds
[2020-01-13T14:13:35.995+0000][1][safepoint    ] Entering safepoint region: Cleanup
[2020-01-13T14:13:35.996+0000][1][safepoint    ] Leaving safepoint region
[2020-01-13T14:13:35.996+0000][1][safepoint    ] Total time for which application threads were stopped: 0.0001303 seconds, Stopping threads took: 0.0000309 seconds
[2020-01-13T14:13:36.996+0000][1][safepoint    ] Application time: 1.0001172 seconds
[2020-01-13T14:13:36.996+0000][1][safepoint    ] Entering safepoint region: Cleanup
[2020-01-13T14:13:36.996+0000][1][safepoint    ] Leaving safepoint region
[2020-01-13T14:13:36.996+0000][1][safepoint    ] Total time for which application threads were stopped: 0.0001275 seconds, Stopping threads took: 0.0000308 seconds
[2020-01-13T14:13:38.996+0000][1][safepoint    ] Application time: 2.0002229 seconds
[2020-01-13T14:13:38.996+0000][1][safepoint    ] Entering safepoint region: Cleanup
[2020-01-13T14:13:38.996+0000][1][safepoint    ] Leaving safepoint region
[2020-01-13T14:13:38.996+0000][1][safepoint    ] Total time for which application threads were stopped: 0.0001649 seconds, Stopping threads took: 0.0000426 seconds
[2020-01-13T14:13:39.996+0000][1][safepoint    ] Application time: 1.0001024 seconds
[2020-01-13T14:13:39.997+0000][1][safepoint    ] Entering safepoint region: Cleanup
[2020-01-13T14:13:39.998+0000][1][safepoint    ] Leaving safepoint region
[2020-01-13T14:13:39.998+0000][1][safepoint    ] Total time for which application threads were stopped: 0.0001577 seconds, Stopping threads took: 0.0000528 seconds
[2020-01-13T14:13:40.998+0000][1][safepoint    ] Application time: 1.0001400 seconds
[2020-01-13T14:13:40.998+0000][1][safepoint    ] Entering safepoint region: Cleanup
[2020-01-13T14:13:40.998+0000][1][safepoint    ] Leaving safepoint region
[2020-01-13T14:13:40.998+0000][1][safepoint    ] Total time for which application threads were stopped: 0.0001290 seconds, Stopping threads took: 0.0000320 seconds
[2020-01-13T14:13:42.998+0000][1][safepoint    ] Application time: 2.0001982 seconds
[2020-01-13T14:13:42.998+0000][1][safepoint    ] Entering safepoint region: Cleanup
[2020-01-13T14:13:42.998+0000][1][safepoint    ] Leaving safepoint region
[2020-01-13T14:13:42.998+0000][1][safepoint    ] Total time for which application threads were stopped: 0.0001567 seconds, Stopping threads took: 0.0000279 seconds
[2020-01-13T14:13:43.998+0000][1][safepoint    ] Application time: 1.0001208 seconds
[2020-01-13T14:13:43.999+0000][1][safepoint    ] Entering safepoint region: Cleanup
[2020-01-13T14:13:43.999+0000][1][safepoint    ] Leaving safepoint region
[2020-01-13T14:13:43.999+0000][1][safepoint    ] Total time for which application threads were stopped: 0.0001219 seconds, Stopping threads took: 0.0000276 seconds
[2020-01-13T14:13:45.999+0000][1][safepoint    ] Application time: 2.0002656 seconds
[2020-01-13T14:13:45.999+0000][1][safepoint    ] Entering safepoint region: Cleanup
[2020-01-13T14:13:45.999+0000][1][safepoint    ] Leaving safepoint region
[2020-01-13T14:13:45.999+0000][1][safepoint    ] Total time for which application threads were stopped: 0.0001464 seconds, Stopping threads took: 0.0000449 seconds
[2020-01-13T14:13:46.999+0000][1][safepoint    ] Application time: 1.0001334 seconds
[2020-01-13T14:13:46.999+0000][1][safepoint    ] Entering safepoint region: Cleanup
[2020-01-13T14:13:46.999+0000][1][safepoint    ] Leaving safepoint region
[2020-01-13T14:13:46.999+0000][1][safepoint    ] Total time for which application threads were stopped: 0.0001250 seconds, Stopping threads took: 0.0000291 seconds
[2020-01-13T14:13:50.000+0000][1][safepoint    ] Application time: 3.0003307 seconds
[2020-01-13T14:13:50.000+0000][1][safepoint    ] Entering safepoint region: Cleanup
[2020-01-13T14:13:50.000+0000][1][safepoint    ] Leaving safepoint region
[2020-01-13T14:13:50.000+0000][1][safepoint    ] Total time for which application threads were stopped: 0.0001255 seconds, Stopping threads took: 0.0000300 seconds
[2020-01-13T14:13:53.000+0000][1][safepoint    ] Application time: 3.0003818 seconds
[2020-01-13T14:13:53.000+0000][1][safepoint    ] Entering safepoint region: Cleanup
[2020-01-13T14:13:53.001+0000][1][safepoint    ] Leaving safepoint region
[2020-01-13T14:13:53.001+0000][1][safepoint    ] Total time for which application threads were stopped: 0.0001443 seconds, Stopping threads took: 0.0000300 seconds
[2020-01-13T14:13:53.230+0000][1][safepoint    ] Application time: 0.2295970 seconds
[2020-01-13T14:13:53.230+0000][1][safepoint    ] Entering safepoint region: GenCollectForAllocation
[2020-01-13T14:13:53.230+0000][1][gc,start     ] GC(23) Pause Young (Allocation Failure)
[2020-01-13T14:13:53.230+0000][1][gc,task      ] GC(23) Using 1 workers of 1 for evacuation
[2020-01-13T14:13:53.263+0000][1][gc,age       ] GC(23) Desired survivor size 4358144 bytes, new threshold 6 (max threshold 6)
[2020-01-13T14:13:53.263+0000][1][gc,age       ] GC(23) Age table with threshold 6 (max threshold 6)
[2020-01-13T14:13:53.263+0000][1][gc,age       ] GC(23) - age   1:    1174984 bytes,    1174984 total
[2020-01-13T14:13:53.263+0000][1][gc,age       ] GC(23) - age   2:    2401960 bytes,    3576944 total
[2020-01-13T14:13:53.264+0000][1][gc,heap      ] GC(23) ParNew: 76651K->5202K(76672K)
[2020-01-13T14:13:53.264+0000][1][gc,heap      ] GC(23) CMS: 62578K->65563K(176960K)
[2020-01-13T14:13:53.264+0000][1][gc,metaspace ] GC(23) Metaspace: 69399K->69399K(1112064K)
[2020-01-13T14:13:53.264+0000][1][gc           ] GC(23) Pause Young (Allocation Failure) 135M->69M(247M) 33.085ms
[2020-01-13T14:13:53.264+0000][1][gc,cpu       ] GC(23) User=0.02s Sys=0.00s Real=0.03s
[2020-01-13T14:13:53.264+0000][1][safepoint    ] Leaving safepoint region
[2020-01-13T14:13:53.264+0000][1][safepoint    ] Total time for which application threads were stopped: 0.0333163 seconds, Stopping threads took: 0.0000241 seconds
[2020-01-13T14:13:54.274+0000][1][safepoint    ] Application time: 1.0106411 seconds
[2020-01-13T14:13:54.274+0000][1][safepoint    ] Entering safepoint region: Cleanup
[2020-01-13T14:13:54.274+0000][1][safepoint    ] Leaving safepoint region
[2020-01-13T14:13:54.274+0000][1][safepoint    ] Total time for which application threads were stopped: 0.0001100 seconds, Stopping threads took: 0.0000197 seconds
[2020-01-13T14:13:55.275+0000][1][safepoint    ] Application time: 1.0000765 seconds
[2020-01-13T14:13:55.275+0000][1][safepoint    ] Entering safepoint region: Cleanup
[2020-01-13T14:13:55.275+0000][1][safepoint    ] Leaving safepoint region
[2020-01-13T14:13:55.275+0000][1][safepoint    ] Total time for which application threads were stopped: 0.0001299 seconds, Stopping threads took: 0.0000507 seconds
[2020-01-13T14:13:56.275+0000][1][safepoint    ] Application time: 1.0001018 seconds
[2020-01-13T14:13:56.275+0000][1][safepoint    ] Entering safepoint region: Cleanup
[2020-01-13T14:13:56.275+0000][1][safepoint    ] Leaving safepoint region
[2020-01-13T14:13:56.275+0000][1][safepoint    ] Total time for which application threads were stopped: 0.0001092 seconds, Stopping threads took: 0.0000226 seconds
[2020-01-13T14:13:58.275+0000][1][safepoint    ] Application time: 2.0001715 seconds
[2020-01-13T14:13:58.275+0000][1][safepoint    ] Entering safepoint region: Cleanup
[2020-01-13T14:13:58.275+0000][1][safepoint    ] Leaving safepoint region
[2020-01-13T14:13:58.275+0000][1][safepoint    ] Total time for which application threads were stopped: 0.0001510 seconds, Stopping threads took: 0.0000482 seconds
[2020-01-13T14:13:59.276+0000][1][safepoint    ] Application time: 1.0001068 seconds
[2020-01-13T14:13:59.276+0000][1][safepoint    ] Entering safepoint region: Cleanup
[2020-01-13T14:13:59.276+0000][1][safepoint    ] Leaving safepoint region
[2020-01-13T14:13:59.276+0000][1][safepoint    ] Total time for which application threads were stopped: 0.0001117 seconds, Stopping threads took: 0.0000239 seconds
[2020-01-13T14:14:00.276+0000][1][safepoint    ] Application time: 1.0000773 seconds
[2020-01-13T14:14:00.276+0000][1][safepoint    ] Entering safepoint region: Cleanup
[2020-01-13T14:14:00.276+0000][1][safepoint    ] Leaving safepoint region
[2020-01-13T14:14:00.276+0000][1][safepoint    ] Total time for which application threads were stopped: 0.0001002 seconds, Stopping threads took: 0.0000217 seconds
[2020-01-13T14:14:01.276+0000][1][safepoint    ] Application time: 1.0000844 seconds
[2020-01-13T14:14:01.276+0000][1][safepoint    ] Entering safepoint region: Cleanup
[2020-01-13T14:14:01.276+0000][1][safepoint    ] Leaving safepoint region
[2020-01-13T14:14:01.276+0000][1][safepoint    ] Total time for which application threads were stopped: 0.0000958 seconds, Stopping threads took: 0.0000221 seconds
[2020-01-13T14:14:02.276+0000][1][safepoint    ] Application time: 1.0000868 seconds
[2020-01-13T14:14:02.276+0000][1][safepoint    ] Entering safepoint region: Cleanup
[2020-01-13T14:14:02.276+0000][1][safepoint    ] Leaving safepoint region
[2020-01-13T14:14:02.276+0000][1][safepoint    ] Total time for which application threads were stopped: 0.0001285 seconds, Stopping threads took: 0.0000448 seconds
[2020-01-13T14:14:03.277+0000][1][safepoint    ] Application time: 1.0000894 seconds
[2020-01-13T14:14:03.278+0000][1][safepoint    ] Entering safepoint region: Cleanup
[2020-01-13T14:14:03.278+0000][1][safepoint    ] Leaving safepoint region
[2020-01-13T14:14:03.278+0000][1][safepoint    ] Total time for which application threads were stopped: 0.0001763 seconds, Stopping threads took: 0.0000681 seconds
[2020-01-13T14:14:04.278+0000][1][safepoint    ] Application time: 1.0000968 seconds
[2020-01-13T14:14:04.278+0000][1][safepoint    ] Entering safepoint region: Cleanup
[2020-01-13T14:14:04.278+0000][1][safepoint    ] Leaving safepoint region
[2020-01-13T14:14:04.278+0000][1][safepoint    ] Total time for which application threads were stopped: 0.0001627 seconds, Stopping threads took: 0.0000274 seconds
[2020-01-13T14:14:05.278+0000][1][safepoint    ] Application time: 1.0001351 seconds
[2020-01-13T14:14:05.278+0000][1][safepoint    ] Entering safepoint region: Cleanup
[2020-01-13T14:14:05.278+0000][1][safepoint    ] Leaving safepoint region
[2020-01-13T14:14:05.278+0000][1][safepoint    ] Total time for which application threads were stopped: 0.0001231 seconds, Stopping threads took: 0.0000284 seconds
[2020-01-13T14:14:06.279+0000][1][safepoint    ] Application time: 1.0001283 seconds
[2020-01-13T14:14:06.279+0000][1][safepoint    ] Entering safepoint region: Cleanup
[2020-01-13T14:14:06.279+0000][1][safepoint    ] Leaving safepoint region
[2020-01-13T14:14:06.279+0000][1][safepoint    ] Total time for which application threads were stopped: 0.0001235 seconds, Stopping threads took: 0.0000358 seconds
[2020-01-13T14:14:07.279+0000][1][safepoint    ] Application time: 1.0001154 seconds
[2020-01-13T14:14:07.279+0000][1][safepoint    ] Entering safepoint region: Cleanup
[2020-01-13T14:14:07.279+0000][1][safepoint    ] Leaving safepoint region
[2020-01-13T14:14:07.279+0000][1][safepoint    ] Total time for which application threads were stopped: 0.0001310 seconds, Stopping threads took: 0.0000293 seconds
[2020-01-13T14:14:08.210+0000][1][safepoint    ] Application time: 0.9304505 seconds
[2020-01-13T14:14:08.210+0000][1][safepoint    ] Entering safepoint region: RevokeBias
[2020-01-13T14:14:08.210+0000][1][safepoint    ] Leaving safepoint region
[2020-01-13T14:14:08.210+0000][1][safepoint    ] Total time for which application threads were stopped: 0.0001426 seconds, Stopping threads took: 0.0000358 seconds
[2020-01-13T14:14:08.213+0000][1][safepoint    ] Application time: 0.0036280 seconds
[2020-01-13T14:14:08.213+0000][1][safepoint    ] Entering safepoint region: RevokeBias
[2020-01-13T14:14:08.214+0000][1][safepoint    ] Leaving safepoint region
[2020-01-13T14:14:08.214+0000][1][safepoint    ] Total time for which application threads were stopped: 0.0001061 seconds, Stopping threads took: 0.0000254 seconds
[2020-01-13T14:14:09.214+0000][1][safepoint    ] Application time: 1.0001181 seconds
[2020-01-13T14:14:09.214+0000][1][safepoint    ] Entering safepoint region: Cleanup
[2020-01-13T14:14:09.214+0000][1][safepoint    ] Leaving safepoint region
[2020-01-13T14:14:09.214+0000][1][safepoint    ] Total time for which application threads were stopped: 0.0001321 seconds, Stopping threads took: 0.0000328 seconds
[2020-01-13T14:14:10.214+0000][1][safepoint    ] Application time: 1.0001117 seconds
[2020-01-13T14:14:10.214+0000][1][safepoint    ] Entering safepoint region: Cleanup
[2020-01-13T14:14:10.214+0000][1][safepoint    ] Leaving safepoint region
[2020-01-13T14:14:10.214+0000][1][safepoint    ] Total time for which application threads were stopped: 0.0001302 seconds, Stopping threads took: 0.0000294 seconds
[2020-01-13T14:14:11.214+0000][1][safepoint    ] Application time: 1.0001076 seconds
[2020-01-13T14:14:11.214+0000][1][safepoint    ] Entering safepoint region: Cleanup
[2020-01-13T14:14:11.214+0000][1][safepoint    ] Leaving safepoint region
[2020-01-13T14:14:11.214+0000][1][safepoint    ] Total time for which application threads were stopped: 0.0001216 seconds, Stopping threads took: 0.0000297 seconds
[2020-01-13T14:14:12.215+0000][1][safepoint    ] Application time: 1.0001513 seconds
[2020-01-13T14:14:12.215+0000][1][safepoint    ] Entering safepoint region: Cleanup
[2020-01-13T14:14:12.215+0000][1][safepoint    ] Leaving safepoint region
[2020-01-13T14:14:12.215+0000][1][safepoint    ] Total time for which application threads were stopped: 0.0001235 seconds, Stopping threads took: 0.0000305 seconds
[2020-01-13T14:14:13.215+0000][1][safepoint    ] Application time: 1.0001104 seconds
[2020-01-13T14:14:13.215+0000][1][safepoint    ] Entering safepoint region: Cleanup
[2020-01-13T14:14:13.215+0000][1][safepoint    ] Leaving safepoint region
[2020-01-13T14:14:13.215+0000][1][safepoint    ] Total time for which application threads were stopped: 0.0001224 seconds, Stopping threads took: 0.0000289 seconds
[2020-01-13T14:14:14.215+0000][1][safepoint    ] Application time: 1.0001395 seconds
[2020-01-13T14:14:14.217+0000][1][safepoint    ] Entering safepoint region: Cleanup
[2020-01-13T14:14:14.217+0000][1][safepoint    ] Leaving safepoint region
[2020-01-13T14:14:14.217+0000][1][safepoint    ] Total time for which application threads were stopped: 0.0001818 seconds, Stopping threads took: 0.0000737 seconds
[2020-01-13T14:14:15.217+0000][1][safepoint    ] Application time: 1.0001224 seconds
[2020-01-13T14:14:15.217+0000][1][safepoint    ] Entering safepoint region: Cleanup
[2020-01-13T14:14:15.217+0000][1][safepoint    ] Leaving safepoint region
[2020-01-13T14:14:15.217+0000][1][safepoint    ] Total time for which application threads were stopped: 0.0001179 seconds, Stopping threads took: 0.0000311 seconds
[2020-01-13T14:14:16.217+0000][1][safepoint    ] Application time: 1.0001532 seconds
[2020-01-13T14:14:16.217+0000][1][safepoint    ] Entering safepoint region: Cleanup
[2020-01-13T14:14:16.217+0000][1][safepoint    ] Leaving safepoint region
[2020-01-13T14:14:16.217+0000][1][safepoint    ] Total time for which application threads were stopped: 0.0001658 seconds, Stopping threads took: 0.0000316 seconds
[2020-01-13T14:14:17.218+0000][1][safepoint    ] Application time: 1.0001236 seconds
[2020-01-13T14:14:17.218+0000][1][safepoint    ] Entering safepoint region: Cleanup
[2020-01-13T14:14:17.218+0000][1][safepoint    ] Leaving safepoint region
[2020-01-13T14:14:17.218+0000][1][safepoint    ] Total time for which application threads were stopped: 0.0001202 seconds, Stopping threads took: 0.0000344 seconds
[2020-01-13T14:14:18.218+0000][1][safepoint    ] Application time: 1.0001507 seconds
[2020-01-13T14:14:18.218+0000][1][safepoint    ] Entering safepoint region: Cleanup
[2020-01-13T14:14:18.218+0000][1][safepoint    ] Leaving safepoint region
[2020-01-13T14:14:18.218+0000][1][safepoint    ] Total time for which application threads were stopped: 0.0001188 seconds, Stopping threads took: 0.0000282 seconds
[2020-01-13T14:14:19.218+0000][1][safepoint    ] Application time: 1.0001330 seconds
[2020-01-13T14:14:19.219+0000][1][safepoint    ] Entering safepoint region: Cleanup
[2020-01-13T14:14:19.219+0000][1][safepoint    ] Leaving safepoint region
[2020-01-13T14:14:19.219+0000][1][safepoint    ] Total time for which application threads were stopped: 0.0002220 seconds, Stopping threads took: 0.0001127 seconds
[2020-01-13T14:14:20.220+0000][1][safepoint    ] Application time: 1.0001374 seconds
[2020-01-13T14:14:20.220+0000][1][safepoint    ] Entering safepoint region: Cleanup
[2020-01-13T14:14:20.220+0000][1][safepoint    ] Leaving safepoint region
[2020-01-13T14:14:20.220+0000][1][safepoint    ] Total time for which application threads were stopped: 0.0001311 seconds, Stopping threads took: 0.0000304 seconds
[2020-01-13T14:14:21.220+0000][1][safepoint    ] Application time: 1.0001470 seconds
[2020-01-13T14:14:21.220+0000][1][safepoint    ] Entering safepoint region: Cleanup
[2020-01-13T14:14:21.220+0000][1][safepoint    ] Leaving safepoint region
[2020-01-13T14:14:21.220+0000][1][safepoint    ] Total time for which application threads were stopped: 0.0001165 seconds, Stopping threads took: 0.0000304 seconds
[2020-01-13T14:14:22.220+0000][1][safepoint    ] Application time: 1.0001735 seconds
[2020-01-13T14:14:22.220+0000][1][safepoint    ] Entering safepoint region: Cleanup
[2020-01-13T14:14:22.220+0000][1][safepoint    ] Leaving safepoint region
[2020-01-13T14:14:22.221+0000][1][safepoint    ] Total time for which application threads were stopped: 0.0001240 seconds, Stopping threads took: 0.0000302 seconds
[2020-01-13T14:14:23.221+0000][1][safepoint    ] Application time: 1.0000738 seconds
[2020-01-13T14:14:23.221+0000][1][safepoint    ] Entering safepoint region: Cleanup
[2020-01-13T14:14:23.221+0000][1][safepoint    ] Leaving safepoint region
[2020-01-13T14:14:23.221+0000][1][safepoint    ] Total time for which application threads were stopped: 0.0001157 seconds, Stopping threads took: 0.0000217 seconds
[2020-01-13T14:14:24.221+0000][1][safepoint    ] Application time: 1.0001141 seconds
[2020-01-13T14:14:24.221+0000][1][safepoint    ] Entering safepoint region: Cleanup
[2020-01-13T14:14:24.221+0000][1][safepoint    ] Leaving safepoint region
[2020-01-13T14:14:24.221+0000][1][safepoint    ] Total time for which application threads were stopped: 0.0001384 seconds, Stopping threads took: 0.0000284 seconds
[2020-01-13T14:14:25.221+0000][1][safepoint    ] Application time: 1.0001174 seconds
[2020-01-13T14:14:25.221+0000][1][safepoint    ] Entering safepoint region: Cleanup
[2020-01-13T14:14:25.221+0000][1][safepoint    ] Leaving safepoint region
[2020-01-13T14:14:25.221+0000][1][safepoint    ] Total time for which application threads were stopped: 0.0001235 seconds, Stopping threads took: 0.0000288 seconds
[2020-01-13T14:14:26.222+0000][1][safepoint    ] Application time: 1.0001331 seconds
[2020-01-13T14:14:26.222+0000][1][safepoint    ] Entering safepoint region: Cleanup
[2020-01-13T14:14:26.222+0000][1][safepoint    ] Leaving safepoint region
[2020-01-13T14:14:26.222+0000][1][safepoint    ] Total time for which application threads were stopped: 0.0001387 seconds, Stopping threads took: 0.0000310 seconds
[2020-01-13T14:14:28.222+0000][1][safepoint    ] Application time: 2.0002197 seconds
[2020-01-13T14:14:28.223+0000][1][safepoint    ] Entering safepoint region: Cleanup
[2020-01-13T14:14:28.223+0000][1][safepoint    ] Leaving safepoint region
[2020-01-13T14:14:28.223+0000][1][safepoint    ] Total time for which application threads were stopped: 0.0001357 seconds, Stopping threads took: 0.0000371 seconds
[2020-01-13T14:14:31.223+0000][1][safepoint    ] Application time: 3.0002855 seconds
[2020-01-13T14:14:31.223+0000][1][safepoint    ] Entering safepoint region: Cleanup
[2020-01-13T14:14:31.223+0000][1][safepoint    ] Leaving safepoint region
[2020-01-13T14:14:31.223+0000][1][safepoint    ] Total time for which application threads were stopped: 0.0001267 seconds, Stopping threads took: 0.0000298 seconds
[2020-01-13T14:14:32.224+0000][1][safepoint    ] Application time: 1.0001196 seconds
[2020-01-13T14:14:32.224+0000][1][safepoint    ] Entering safepoint region: Cleanup
[2020-01-13T14:14:32.224+0000][1][safepoint    ] Leaving safepoint region
[2020-01-13T14:14:32.224+0000][1][safepoint    ] Total time for which application threads were stopped: 0.0001525 seconds, Stopping threads took: 0.0000307 seconds
[2020-01-13T14:14:38.225+0000][1][safepoint    ] Application time: 6.0007722 seconds
[2020-01-13T14:14:38.225+0000][1][safepoint    ] Entering safepoint region: Cleanup
[2020-01-13T14:14:38.225+0000][1][safepoint    ] Leaving safepoint region
[2020-01-13T14:14:38.225+0000][1][safepoint    ] Total time for which application threads were stopped: 0.0001260 seconds, Stopping threads took: 0.0000263 seconds
[2020-01-13T14:14:39.225+0000][1][safepoint    ] Application time: 1.0000899 seconds
[2020-01-13T14:14:39.225+0000][1][safepoint    ] Entering safepoint region: Cleanup
[2020-01-13T14:14:39.225+0000][1][safepoint    ] Leaving safepoint region
[2020-01-13T14:14:39.225+0000][1][safepoint    ] Total time for which application threads were stopped: 0.0001339 seconds, Stopping threads took: 0.0000251 seconds
[2020-01-13T14:14:41.225+0000][1][safepoint    ] Application time: 2.0002562 seconds
[2020-01-13T14:14:41.225+0000][1][safepoint    ] Entering safepoint region: Cleanup
[2020-01-13T14:14:41.225+0000][1][safepoint    ] Leaving safepoint region
[2020-01-13T14:14:41.226+0000][1][safepoint    ] Total time for which application threads were stopped: 0.0001171 seconds, Stopping threads took: 0.0000284 seconds
[2020-01-13T14:14:42.226+0000][1][safepoint    ] Application time: 1.0001341 seconds
[2020-01-13T14:14:42.226+0000][1][safepoint    ] Entering safepoint region: Cleanup
[2020-01-13T14:14:42.226+0000][1][safepoint    ] Leaving safepoint region
[2020-01-13T14:14:42.226+0000][1][safepoint    ] Total time for which application threads were stopped: 0.0001237 seconds, Stopping threads took: 0.0000288 seconds
[2020-01-13T14:14:43.226+0000][1][safepoint    ] Application time: 1.0001474 seconds
[2020-01-13T14:14:43.226+0000][1][safepoint    ] Entering safepoint region: Cleanup
[2020-01-13T14:14:43.226+0000][1][safepoint    ] Leaving safepoint region
[2020-01-13T14:14:43.226+0000][1][safepoint    ] Total time for which application threads were stopped: 0.0001208 seconds, Stopping threads took: 0.0000281 seconds
[2020-01-13T14:14:44.226+0000][1][safepoint    ] Application time: 1.0001541 seconds
[2020-01-13T14:14:44.226+0000][1][safepoint    ] Entering safepoint region: Cleanup
[2020-01-13T14:14:44.227+0000][1][safepoint    ] Leaving safepoint region
[2020-01-13T14:14:44.227+0000][1][safepoint    ] Total time for which application threads were stopped: 0.0001324 seconds, Stopping threads took: 0.0000339 seconds
[2020-01-13T14:14:47.227+0000][1][safepoint    ] Application time: 3.0004210 seconds
[2020-01-13T14:14:47.227+0000][1][safepoint    ] Entering safepoint region: Cleanup
[2020-01-13T14:14:47.227+0000][1][safepoint    ] Leaving safepoint region
[2020-01-13T14:14:47.227+0000][1][safepoint    ] Total time for which application threads were stopped: 0.0001242 seconds, Stopping threads took: 0.0000304 seconds
[2020-01-13T14:14:54.228+0000][1][safepoint    ] Application time: 7.0007216 seconds
[2020-01-13T14:14:54.228+0000][1][safepoint    ] Entering safepoint region: Cleanup
[2020-01-13T14:14:54.228+0000][1][safepoint    ] Leaving safepoint region
[2020-01-13T14:14:54.228+0000][1][safepoint    ] Total time for which application threads were stopped: 0.0001502 seconds, Stopping threads took: 0.0000325 seconds
[2020-01-13T14:14:55.228+0000][1][safepoint    ] Application time: 1.0001379 seconds
[2020-01-13T14:14:55.228+0000][1][safepoint    ] Entering safepoint region: Cleanup
[2020-01-13T14:14:55.228+0000][1][safepoint    ] Leaving safepoint region
[2020-01-13T14:14:55.228+0000][1][safepoint    ] Total time for which application threads were stopped: 0.0001255 seconds, Stopping threads took: 0.0000304 seconds
[2020-01-13T14:14:56.229+0000][1][safepoint    ] Application time: 1.0001022 seconds
[2020-01-13T14:14:56.229+0000][1][safepoint    ] Entering safepoint region: Cleanup
[2020-01-13T14:14:56.229+0000][1][safepoint    ] Leaving safepoint region
[2020-01-13T14:14:56.229+0000][1][safepoint    ] Total time for which application threads were stopped: 0.0001262 seconds, Stopping threads took: 0.0000310 seconds
[2020-01-13T14:14:57.229+0000][1][safepoint    ] Application time: 1.0001160 seconds
[2020-01-13T14:14:57.229+0000][1][safepoint    ] Entering safepoint region: Cleanup
[2020-01-13T14:14:57.229+0000][1][safepoint    ] Leaving safepoint region
[2020-01-13T14:14:57.229+0000][1][safepoint    ] Total time for which application threads were stopped: 0.0001296 seconds, Stopping threads took: 0.0000312 seconds
[2020-01-13T14:15:01.229+0000][1][safepoint    ] Application time: 4.0003797 seconds
[2020-01-13T14:15:01.230+0000][1][safepoint    ] Entering safepoint region: Cleanup
[2020-01-13T14:15:01.230+0000][1][safepoint    ] Leaving safepoint region
[2020-01-13T14:15:01.230+0000][1][safepoint    ] Total time for which application threads were stopped: 0.0001291 seconds, Stopping threads took: 0.0000302 seconds
[2020-01-13T14:15:03.230+0000][1][safepoint    ] Application time: 2.0001852 seconds
[2020-01-13T14:15:03.230+0000][1][safepoint    ] Entering safepoint region: Cleanup
[2020-01-13T14:15:03.230+0000][1][safepoint    ] Leaving safepoint region
[2020-01-13T14:15:03.230+0000][1][safepoint    ] Total time for which application threads were stopped: 0.0001260 seconds, Stopping threads took: 0.0000276 seconds
[2020-01-13T14:15:08.230+0000][1][safepoint    ] Application time: 5.0004409 seconds
[2020-01-13T14:15:08.233+0000][1][safepoint    ] Entering safepoint region: Cleanup
[2020-01-13T14:15:08.233+0000][1][safepoint    ] Leaving safepoint region
[2020-01-13T14:15:08.233+0000][1][safepoint    ] Total time for which application threads were stopped: 0.0024060 seconds, Stopping threads took: 0.0022958 seconds
[2020-01-13T14:15:09.233+0000][1][safepoint    ] Application time: 1.0001349 seconds
[2020-01-13T14:15:09.233+0000][1][safepoint    ] Entering safepoint region: Cleanup
[2020-01-13T14:15:09.233+0000][1][safepoint    ] Leaving safepoint region
[2020-01-13T14:15:09.233+0000][1][safepoint    ] Total time for which application threads were stopped: 0.0001670 seconds, Stopping threads took: 0.0000326 seconds
[2020-01-13T14:15:12.234+0000][1][safepoint    ] Application time: 3.0002273 seconds
[2020-01-13T14:15:12.234+0000][1][safepoint    ] Entering safepoint region: Cleanup
[2020-01-13T14:15:12.234+0000][1][safepoint    ] Leaving safepoint region
[2020-01-13T14:15:12.234+0000][1][safepoint    ] Total time for which application threads were stopped: 0.0001507 seconds, Stopping threads took: 0.0000441 seconds
[2020-01-13T14:15:13.234+0000][1][safepoint    ] Application time: 1.0000873 seconds
[2020-01-13T14:15:13.234+0000][1][safepoint    ] Entering safepoint region: Cleanup
[2020-01-13T14:15:13.234+0000][1][safepoint    ] Leaving safepoint region
[2020-01-13T14:15:13.234+0000][1][safepoint    ] Total time for which application threads were stopped: 0.0001289 seconds, Stopping threads took: 0.0000284 seconds
[2020-01-13T14:15:15.234+0000][1][safepoint    ] Application time: 2.0001699 seconds
[2020-01-13T14:15:15.234+0000][1][safepoint    ] Entering safepoint region: Cleanup
[2020-01-13T14:15:15.234+0000][1][safepoint    ] Leaving safepoint region
[2020-01-13T14:15:15.234+0000][1][safepoint    ] Total time for which application threads were stopped: 0.0001250 seconds, Stopping threads took: 0.0000249 seconds
[2020-01-13T14:15:16.235+0000][1][safepoint    ] Application time: 1.0001736 seconds
[2020-01-13T14:15:16.235+0000][1][safepoint    ] Entering safepoint region: Cleanup
[2020-01-13T14:15:16.235+0000][1][safepoint    ] Leaving safepoint region
[2020-01-13T14:15:16.235+0000][1][safepoint    ] Total time for which application threads were stopped: 0.0001505 seconds, Stopping threads took: 0.0000501 seconds
[2020-01-13T14:15:20.235+0000][1][safepoint    ] Application time: 4.0005496 seconds
[2020-01-13T14:15:20.235+0000][1][safepoint    ] Entering safepoint region: Cleanup
[2020-01-13T14:15:20.236+0000][1][safepoint    ] Leaving safepoint region
[2020-01-13T14:15:20.236+0000][1][safepoint    ] Total time for which application threads were stopped: 0.0001225 seconds, Stopping threads took: 0.0000307 seconds
[2020-01-13T14:15:21.236+0000][1][safepoint    ] Application time: 1.0001484 seconds
[2020-01-13T14:15:21.236+0000][1][safepoint    ] Entering safepoint region: Cleanup
[2020-01-13T14:15:21.236+0000][1][safepoint    ] Leaving safepoint region
[2020-01-13T14:15:21.236+0000][1][safepoint    ] Total time for which application threads were stopped: 0.0001379 seconds, Stopping threads took: 0.0000330 seconds
[2020-01-13T14:15:22.236+0000][1][safepoint    ] Application time: 1.0001399 seconds
[2020-01-13T14:15:22.236+0000][1][safepoint    ] Entering safepoint region: Cleanup
[2020-01-13T14:15:22.236+0000][1][safepoint    ] Leaving safepoint region
[2020-01-13T14:15:22.236+0000][1][safepoint    ] Total time for which application threads were stopped: 0.0001314 seconds, Stopping threads took: 0.0000319 seconds
[2020-01-13T14:15:23.236+0000][1][safepoint    ] Application time: 1.0001227 seconds
[2020-01-13T14:15:23.236+0000][1][safepoint    ] Entering safepoint region: Cleanup
[2020-01-13T14:15:23.237+0000][1][safepoint    ] Leaving safepoint region
[2020-01-13T14:15:23.237+0000][1][safepoint    ] Total time for which application threads were stopped: 0.0001705 seconds, Stopping threads took: 0.0000258 seconds
[2020-01-13T14:15:24.237+0000][1][safepoint    ] Application time: 1.0001612 seconds
[2020-01-13T14:15:24.237+0000][1][safepoint    ] Entering safepoint region: Cleanup
[2020-01-13T14:15:24.237+0000][1][safepoint    ] Leaving safepoint region
[2020-01-13T14:15:24.237+0000][1][safepoint    ] Total time for which application threads were stopped: 0.0001306 seconds, Stopping threads took: 0.0000297 seconds
[2020-01-13T14:15:25.237+0000][1][safepoint    ] Application time: 1.0001441 seconds
[2020-01-13T14:15:25.237+0000][1][safepoint    ] Entering safepoint region: Cleanup
[2020-01-13T14:15:25.237+0000][1][safepoint    ] Leaving safepoint region
[2020-01-13T14:15:25.237+0000][1][safepoint    ] Total time for which application threads were stopped: 0.0001760 seconds, Stopping threads took: 0.0000327 seconds
[2020-01-13T14:15:33.238+0000][1][safepoint    ] Application time: 8.0009160 seconds
[2020-01-13T14:15:33.238+0000][1][safepoint    ] Entering safepoint region: Cleanup
[2020-01-13T14:15:33.238+0000][1][safepoint    ] Leaving safepoint region
[2020-01-13T14:15:33.238+0000][1][safepoint    ] Total time for which application threads were stopped: 0.0001692 seconds, Stopping threads took: 0.0000499 seconds
[2020-01-13T14:15:34.287+0000][1][safepoint    ] Application time: 1.0480424 seconds
[2020-01-13T14:15:34.287+0000][1][safepoint    ] Entering safepoint region: GenCollectForAllocation
[2020-01-13T14:15:34.287+0000][1][gc,start     ] GC(24) Pause Young (Allocation Failure)
[2020-01-13T14:15:34.287+0000][1][gc,task      ] GC(24) Using 1 workers of 1 for evacuation
[2020-01-13T14:15:34.301+0000][1][gc,age       ] GC(24) Desired survivor size 4358144 bytes, new threshold 6 (max threshold 6)
[2020-01-13T14:15:34.301+0000][1][gc,age       ] GC(24) Age table with threshold 6 (max threshold 6)
[2020-01-13T14:15:34.301+0000][1][gc,age       ] GC(24) - age   1:      20712 bytes,      20712 total
[2020-01-13T14:15:34.301+0000][1][gc,age       ] GC(24) - age   2:    1149544 bytes,    1170256 total
[2020-01-13T14:15:34.301+0000][1][gc,age       ] GC(24) - age   3:    2401928 bytes,    3572184 total
[2020-01-13T14:15:34.301+0000][1][gc,heap      ] GC(24) ParNew: 73362K->3920K(76672K)
[2020-01-13T14:15:34.301+0000][1][gc,heap      ] GC(24) CMS: 65563K->65563K(176960K)
[2020-01-13T14:15:34.301+0000][1][gc,metaspace ] GC(24) Metaspace: 69745K->69745K(1112064K)
[2020-01-13T14:15:34.301+0000][1][gc           ] GC(24) Pause Young (Allocation Failure) 135M->67M(247M) 14.172ms
[2020-01-13T14:15:34.301+0000][1][gc,cpu       ] GC(24) User=0.01s Sys=0.00s Real=0.02s
[2020-01-13T14:15:34.301+0000][1][safepoint    ] Leaving safepoint region
[2020-01-13T14:15:34.301+0000][1][safepoint    ] Total time for which application threads were stopped: 0.0143784 seconds, Stopping threads took: 0.0000327 seconds
[2020-01-13T14:15:35.302+0000][1][safepoint    ] Application time: 1.0014263 seconds
[2020-01-13T14:15:35.302+0000][1][safepoint    ] Entering safepoint region: Cleanup
[2020-01-13T14:15:35.303+0000][1][safepoint    ] Leaving safepoint region
[2020-01-13T14:15:35.303+0000][1][safepoint    ] Total time for which application threads were stopped: 0.0001105 seconds, Stopping threads took: 0.0000279 seconds
[2020-01-13T14:15:36.303+0000][1][safepoint    ] Application time: 1.0000996 seconds
[2020-01-13T14:15:36.303+0000][1][safepoint    ] Entering safepoint region: Cleanup
[2020-01-13T14:15:36.303+0000][1][safepoint    ] Leaving safepoint region
[2020-01-13T14:15:36.303+0000][1][safepoint    ] Total time for which application threads were stopped: 0.0001174 seconds, Stopping threads took: 0.0000303 seconds
[2020-01-13T14:15:37.303+0000][1][safepoint    ] Application time: 1.0001023 seconds
[2020-01-13T14:15:37.303+0000][1][safepoint    ] Entering safepoint region: Cleanup
[2020-01-13T14:15:37.303+0000][1][safepoint    ] Leaving safepoint region
[2020-01-13T14:15:37.303+0000][1][safepoint    ] Total time for which application threads were stopped: 0.0001284 seconds, Stopping threads took: 0.0000279 seconds
[2020-01-13T14:15:38.303+0000][1][safepoint    ] Application time: 1.0000909 seconds
[2020-01-13T14:15:38.303+0000][1][safepoint    ] Entering safepoint region: Cleanup
[2020-01-13T14:15:38.303+0000][1][safepoint    ] Leaving safepoint region
[2020-01-13T14:15:38.303+0000][1][safepoint    ] Total time for which application threads were stopped: 0.0001194 seconds, Stopping threads took: 0.0000301 seconds
[2020-01-13T14:15:39.304+0000][1][safepoint    ] Application time: 1.0000746 seconds
[2020-01-13T14:15:39.304+0000][1][safepoint    ] Entering safepoint region: Cleanup
[2020-01-13T14:15:39.304+0000][1][safepoint    ] Leaving safepoint region
[2020-01-13T14:15:39.304+0000][1][safepoint    ] Total time for which application threads were stopped: 0.0006905 seconds, Stopping threads took: 0.0005916 seconds
[2020-01-13T14:15:40.304+0000][1][safepoint    ] Application time: 1.0000804 seconds
[2020-01-13T14:15:40.305+0000][1][safepoint    ] Entering safepoint region: Cleanup
[2020-01-13T14:15:40.306+0000][1][safepoint    ] Leaving safepoint region
[2020-01-13T14:15:40.306+0000][1][safepoint    ] Total time for which application threads were stopped: 0.0001583 seconds, Stopping threads took: 0.0000423 seconds
[2020-01-13T14:15:41.306+0000][1][safepoint    ] Application time: 1.0001443 seconds
[2020-01-13T14:15:41.306+0000][1][safepoint    ] Entering safepoint region: Cleanup
[2020-01-13T14:15:41.306+0000][1][safepoint    ] Leaving safepoint region
[2020-01-13T14:15:41.306+0000][1][safepoint    ] Total time for which application threads were stopped: 0.0001938 seconds, Stopping threads took: 0.0000298 seconds
[2020-01-13T14:15:42.306+0000][1][safepoint    ] Application time: 1.0001142 seconds
[2020-01-13T14:15:42.306+0000][1][safepoint    ] Entering safepoint region: Cleanup
[2020-01-13T14:15:42.306+0000][1][safepoint    ] Leaving safepoint region
[2020-01-13T14:15:42.306+0000][1][safepoint    ] Total time for which application threads were stopped: 0.0001266 seconds, Stopping threads took: 0.0000279 seconds
[2020-01-13T14:15:43.306+0000][1][safepoint    ] Application time: 1.0001433 seconds
[2020-01-13T14:15:43.307+0000][1][safepoint    ] Entering safepoint region: Cleanup
[2020-01-13T14:15:43.307+0000][1][safepoint    ] Leaving safepoint region
[2020-01-13T14:15:43.307+0000][1][safepoint    ] Total time for which application threads were stopped: 0.0001375 seconds, Stopping threads took: 0.0000347 seconds
[2020-01-13T14:15:44.307+0000][1][safepoint    ] Application time: 1.0000823 seconds
[2020-01-13T14:15:44.307+0000][1][safepoint    ] Entering safepoint region: Cleanup
[2020-01-13T14:15:44.307+0000][1][safepoint    ] Leaving safepoint region
[2020-01-13T14:15:44.307+0000][1][safepoint    ] Total time for which application threads were stopped: 0.0001169 seconds, Stopping threads took: 0.0000347 seconds
[2020-01-13T14:15:45.307+0000][1][safepoint    ] Application time: 1.0001403 seconds
[2020-01-13T14:15:45.308+0000][1][safepoint    ] Entering safepoint region: Cleanup
[2020-01-13T14:15:45.308+0000][1][safepoint    ] Leaving safepoint region
[2020-01-13T14:15:45.308+0000][1][safepoint    ] Total time for which application threads were stopped: 0.0001529 seconds, Stopping threads took: 0.0000357 seconds
[2020-01-13T14:15:46.308+0000][1][safepoint    ] Application time: 1.0001548 seconds
[2020-01-13T14:15:46.309+0000][1][safepoint    ] Entering safepoint region: Cleanup
[2020-01-13T14:15:46.309+0000][1][safepoint    ] Leaving safepoint region
[2020-01-13T14:15:46.309+0000][1][safepoint    ] Total time for which application threads were stopped: 0.0001334 seconds, Stopping threads took: 0.0000346 seconds
[2020-01-13T14:15:47.309+0000][1][safepoint    ] Application time: 1.0001593 seconds
[2020-01-13T14:15:47.309+0000][1][safepoint    ] Entering safepoint region: Cleanup
[2020-01-13T14:15:47.309+0000][1][safepoint    ] Leaving safepoint region
[2020-01-13T14:15:47.309+0000][1][safepoint    ] Total time for which application threads were stopped: 0.0001134 seconds, Stopping threads took: 0.0000288 seconds
[2020-01-13T14:15:48.309+0000][1][safepoint    ] Application time: 1.0000906 seconds
[2020-01-13T14:15:48.309+0000][1][safepoint    ] Entering safepoint region: Cleanup
[2020-01-13T14:15:48.309+0000][1][safepoint    ] Leaving safepoint region
[2020-01-13T14:15:48.309+0000][1][safepoint    ] Total time for which application threads were stopped: 0.0001456 seconds, Stopping threads took: 0.0000306 seconds
[2020-01-13T14:15:49.309+0000][1][safepoint    ] Application time: 1.0000746 seconds
[2020-01-13T14:15:49.309+0000][1][safepoint    ] Entering safepoint region: Cleanup
[2020-01-13T14:15:49.310+0000][1][safepoint    ] Leaving safepoint region
[2020-01-13T14:15:49.310+0000][1][safepoint    ] Total time for which application threads were stopped: 0.0001077 seconds, Stopping threads took: 0.0000214 seconds
[2020-01-13T14:15:50.310+0000][1][safepoint    ] Application time: 1.0001340 seconds
[2020-01-13T14:15:50.311+0000][1][safepoint    ] Entering safepoint region: Cleanup
[2020-01-13T14:15:50.311+0000][1][safepoint    ] Leaving safepoint region
[2020-01-13T14:15:50.311+0000][1][safepoint    ] Total time for which application threads were stopped: 0.0001815 seconds, Stopping threads took: 0.0000708 seconds
[2020-01-13T14:15:51.311+0000][1][safepoint    ] Application time: 1.0001504 seconds
[2020-01-13T14:15:51.311+0000][1][safepoint    ] Entering safepoint region: Cleanup
[2020-01-13T14:15:51.311+0000][1][safepoint    ] Leaving safepoint region
[2020-01-13T14:15:51.311+0000][1][safepoint    ] Total time for which application threads were stopped: 0.0001218 seconds, Stopping threads took: 0.0000323 seconds
[2020-01-13T14:15:52.311+0000][1][safepoint    ] Application time: 1.0000821 seconds
[2020-01-13T14:15:52.312+0000][1][safepoint    ] Entering safepoint region: Cleanup
[2020-01-13T14:15:52.312+0000][1][safepoint    ] Leaving safepoint region
[2020-01-13T14:15:52.312+0000][1][safepoint    ] Total time for which application threads were stopped: 0.0001065 seconds, Stopping threads took: 0.0000242 seconds
[2020-01-13T14:15:53.312+0000][1][safepoint    ] Application time: 1.0001334 seconds
[2020-01-13T14:15:53.312+0000][1][safepoint    ] Entering safepoint region: Cleanup
[2020-01-13T14:15:53.312+0000][1][safepoint    ] Leaving safepoint region
[2020-01-13T14:15:53.312+0000][1][safepoint    ] Total time for which application threads were stopped: 0.0001217 seconds, Stopping threads took: 0.0000313 seconds
[2020-01-13T14:15:54.312+0000][1][safepoint    ] Application time: 1.0000860 seconds
[2020-01-13T14:15:54.312+0000][1][safepoint    ] Entering safepoint region: Cleanup
[2020-01-13T14:15:54.312+0000][1][safepoint    ] Leaving safepoint region
[2020-01-13T14:15:54.312+0000][1][safepoint    ] Total time for which application threads were stopped: 0.0001055 seconds, Stopping threads took: 0.0000218 seconds
[2020-01-13T14:15:55.312+0000][1][safepoint    ] Application time: 1.0001522 seconds
[2020-01-13T14:15:55.313+0000][1][safepoint    ] Entering safepoint region: Cleanup
[2020-01-13T14:15:55.313+0000][1][safepoint    ] Leaving safepoint region
[2020-01-13T14:15:55.313+0000][1][safepoint    ] Total time for which application threads were stopped: 0.0001647 seconds, Stopping threads took: 0.0000305 seconds
[2020-01-13T14:15:56.313+0000][1][safepoint    ] Application time: 1.0001536 seconds
[2020-01-13T14:15:56.313+0000][1][safepoint    ] Entering safepoint region: Cleanup
[2020-01-13T14:15:56.313+0000][1][safepoint    ] Leaving safepoint region
[2020-01-13T14:15:56.313+0000][1][safepoint    ] Total time for which application threads were stopped: 0.0001118 seconds, Stopping threads took: 0.0000296 seconds
[2020-01-13T14:15:57.313+0000][1][safepoint    ] Application time: 1.0001425 seconds
[2020-01-13T14:15:57.313+0000][1][safepoint    ] Entering safepoint region: Cleanup
[2020-01-13T14:15:57.313+0000][1][safepoint    ] Leaving safepoint region
[2020-01-13T14:15:57.313+0000][1][safepoint    ] Total time for which application threads were stopped: 0.0001302 seconds, Stopping threads took: 0.0000465 seconds
[2020-01-13T14:15:58.313+0000][1][safepoint    ] Application time: 1.0000920 seconds
[2020-01-13T14:15:58.315+0000][1][safepoint    ] Entering safepoint region: Cleanup
[2020-01-13T14:15:58.315+0000][1][safepoint    ] Leaving safepoint region
[2020-01-13T14:15:58.315+0000][1][safepoint    ] Total time for which application threads were stopped: 0.0001263 seconds, Stopping threads took: 0.0000363 seconds
[2020-01-13T14:15:59.315+0000][1][safepoint    ] Application time: 1.0000790 seconds
[2020-01-13T14:15:59.315+0000][1][safepoint    ] Entering safepoint region: Cleanup
[2020-01-13T14:15:59.315+0000][1][safepoint    ] Leaving safepoint region
[2020-01-13T14:15:59.315+0000][1][safepoint    ] Total time for which application threads were stopped: 0.0001890 seconds, Stopping threads took: 0.0000902 seconds
[2020-01-13T14:16:00.315+0000][1][safepoint    ] Application time: 1.0001231 seconds
[2020-01-13T14:16:00.315+0000][1][safepoint    ] Entering safepoint region: Cleanup
[2020-01-13T14:16:00.315+0000][1][safepoint    ] Leaving safepoint region
[2020-01-13T14:16:00.315+0000][1][safepoint    ] Total time for which application threads were stopped: 0.0001418 seconds, Stopping threads took: 0.0000302 seconds
[2020-01-13T14:16:01.316+0000][1][safepoint    ] Application time: 1.0000908 seconds
[2020-01-13T14:16:01.316+0000][1][safepoint    ] Entering safepoint region: Cleanup
[2020-01-13T14:16:01.316+0000][1][safepoint    ] Leaving safepoint region
[2020-01-13T14:16:01.316+0000][1][safepoint    ] Total time for which application threads were stopped: 0.0001145 seconds, Stopping threads took: 0.0000288 seconds
[2020-01-13T14:16:02.316+0000][1][safepoint    ] Application time: 1.0000868 seconds
[2020-01-13T14:16:02.316+0000][1][safepoint    ] Entering safepoint region: Cleanup
[2020-01-13T14:16:02.316+0000][1][safepoint    ] Leaving safepoint region
[2020-01-13T14:16:02.316+0000][1][safepoint    ] Total time for which application threads were stopped: 0.0001109 seconds, Stopping threads took: 0.0000281 seconds
[2020-01-13T14:16:03.316+0000][1][safepoint    ] Application time: 1.0001047 seconds
[2020-01-13T14:16:03.317+0000][1][safepoint    ] Entering safepoint region: Cleanup
[2020-01-13T14:16:03.318+0000][1][safepoint    ] Leaving safepoint region
[2020-01-13T14:16:03.318+0000][1][safepoint    ] Total time for which application threads were stopped: 0.0001736 seconds, Stopping threads took: 0.0000707 seconds
[2020-01-13T14:16:04.318+0000][1][safepoint    ] Application time: 1.0000938 seconds
[2020-01-13T14:16:04.318+0000][1][safepoint    ] Entering safepoint region: Cleanup
[2020-01-13T14:16:04.318+0000][1][safepoint    ] Leaving safepoint region
[2020-01-13T14:16:04.318+0000][1][safepoint    ] Total time for which application threads were stopped: 0.0001277 seconds, Stopping threads took: 0.0000296 seconds
[2020-01-13T14:16:05.318+0000][1][safepoint    ] Application time: 1.0000828 seconds
[2020-01-13T14:16:05.318+0000][1][safepoint    ] Entering safepoint region: Cleanup
[2020-01-13T14:16:05.318+0000][1][safepoint    ] Leaving safepoint region
[2020-01-13T14:16:05.318+0000][1][safepoint    ] Total time for which application threads were stopped: 0.0001317 seconds, Stopping threads took: 0.0000293 seconds
[2020-01-13T14:16:06.318+0000][1][safepoint    ] Application time: 1.0001214 seconds
[2020-01-13T14:16:06.318+0000][1][safepoint    ] Entering safepoint region: Cleanup
[2020-01-13T14:16:06.318+0000][1][safepoint    ] Leaving safepoint region
[2020-01-13T14:16:06.318+0000][1][safepoint    ] Total time for which application threads were stopped: 0.0001361 seconds, Stopping threads took: 0.0000372 seconds
[2020-01-13T14:16:07.319+0000][1][safepoint    ] Application time: 1.0001445 seconds
[2020-01-13T14:16:07.319+0000][1][safepoint    ] Entering safepoint region: Cleanup
[2020-01-13T14:16:07.319+0000][1][safepoint    ] Leaving safepoint region
[2020-01-13T14:16:07.319+0000][1][safepoint    ] Total time for which application threads were stopped: 0.0001248 seconds, Stopping threads took: 0.0000292 seconds
[2020-01-13T14:16:08.319+0000][1][safepoint    ] Application time: 1.0001445 seconds
[2020-01-13T14:16:08.320+0000][1][safepoint    ] Entering safepoint region: Cleanup
[2020-01-13T14:16:08.320+0000][1][safepoint    ] Leaving safepoint region
[2020-01-13T14:16:08.320+0000][1][safepoint    ] Total time for which application threads were stopped: 0.0001406 seconds, Stopping threads took: 0.0000345 seconds
[2020-01-13T14:16:10.320+0000][1][safepoint    ] Application time: 2.0002435 seconds
[2020-01-13T14:16:10.320+0000][1][safepoint    ] Entering safepoint region: Cleanup
[2020-01-13T14:16:10.321+0000][1][safepoint    ] Leaving safepoint region
[2020-01-13T14:16:10.321+0000][1][safepoint    ] Total time for which application threads were stopped: 0.0001359 seconds, Stopping threads took: 0.0000285 seconds
[2020-01-13T14:16:12.321+0000][1][safepoint    ] Application time: 2.0002319 seconds
[2020-01-13T14:16:12.321+0000][1][safepoint    ] Entering safepoint region: Cleanup
[2020-01-13T14:16:12.321+0000][1][safepoint    ] Leaving safepoint region
[2020-01-13T14:16:12.321+0000][1][safepoint    ] Total time for which application threads were stopped: 0.0001305 seconds, Stopping threads took: 0.0000280 seconds
[2020-01-13T14:16:13.321+0000][1][safepoint    ] Application time: 1.0001424 seconds
[2020-01-13T14:16:13.322+0000][1][safepoint    ] Entering safepoint region: Cleanup
[2020-01-13T14:16:13.322+0000][1][safepoint    ] Leaving safepoint region
[2020-01-13T14:16:13.322+0000][1][safepoint    ] Total time for which application threads were stopped: 0.0001456 seconds, Stopping threads took: 0.0000436 seconds
[2020-01-13T14:16:14.323+0000][1][safepoint    ] Application time: 1.0001402 seconds
[2020-01-13T14:16:14.323+0000][1][safepoint    ] Entering safepoint region: Cleanup
[2020-01-13T14:16:14.323+0000][1][safepoint    ] Leaving safepoint region
[2020-01-13T14:16:14.323+0000][1][safepoint    ] Total time for which application threads were stopped: 0.0001213 seconds, Stopping threads took: 0.0000291 seconds
[2020-01-13T14:16:15.323+0000][1][safepoint    ] Application time: 1.0000829 seconds
[2020-01-13T14:16:15.323+0000][1][safepoint    ] Entering safepoint region: Cleanup
[2020-01-13T14:16:15.323+0000][1][safepoint    ] Leaving safepoint region
[2020-01-13T14:16:15.323+0000][1][safepoint    ] Total time for which application threads were stopped: 0.0001095 seconds, Stopping threads took: 0.0000228 seconds
[2020-01-13T14:16:16.323+0000][1][safepoint    ] Application time: 1.0001282 seconds
[2020-01-13T14:16:16.323+0000][1][safepoint    ] Entering safepoint region: Cleanup
[2020-01-13T14:16:16.323+0000][1][safepoint    ] Leaving safepoint region
[2020-01-13T14:16:16.323+0000][1][safepoint    ] Total time for which application threads were stopped: 0.0001398 seconds, Stopping threads took: 0.0000298 seconds
[2020-01-13T14:16:18.323+0000][1][safepoint    ] Application time: 2.0001925 seconds
[2020-01-13T14:16:18.325+0000][1][safepoint    ] Entering safepoint region: Cleanup
[2020-01-13T14:16:18.325+0000][1][safepoint    ] Leaving safepoint region
[2020-01-13T14:16:18.325+0000][1][safepoint    ] Total time for which application threads were stopped: 0.0001627 seconds, Stopping threads took: 0.0000642 seconds
[2020-01-13T14:16:22.325+0000][1][safepoint    ] Application time: 4.0004859 seconds
[2020-01-13T14:16:22.325+0000][1][safepoint    ] Entering safepoint region: Cleanup
[2020-01-13T14:16:22.326+0000][1][safepoint    ] Leaving safepoint region
[2020-01-13T14:16:22.326+0000][1][safepoint    ] Total time for which application threads were stopped: 0.0001282 seconds, Stopping threads took: 0.0000273 seconds
[2020-01-13T14:16:23.326+0000][1][safepoint    ] Application time: 1.0001446 seconds
[2020-01-13T14:16:23.326+0000][1][safepoint    ] Entering safepoint region: Cleanup
[2020-01-13T14:16:23.326+0000][1][safepoint    ] Leaving safepoint region
[2020-01-13T14:16:23.326+0000][1][safepoint    ] Total time for which application threads were stopped: 0.0001318 seconds, Stopping threads took: 0.0000276 seconds
[2020-01-13T14:16:25.326+0000][1][safepoint    ] Application time: 2.0002110 seconds
[2020-01-13T14:16:25.326+0000][1][safepoint    ] Entering safepoint region: Cleanup
[2020-01-13T14:16:25.326+0000][1][safepoint    ] Leaving safepoint region
[2020-01-13T14:16:25.326+0000][1][safepoint    ] Total time for which application threads were stopped: 0.0001603 seconds, Stopping threads took: 0.0000278 seconds
[2020-01-13T14:16:27.327+0000][1][safepoint    ] Application time: 2.0001645 seconds
[2020-01-13T14:16:27.327+0000][1][safepoint    ] Entering safepoint region: Cleanup
[2020-01-13T14:16:27.327+0000][1][safepoint    ] Leaving safepoint region
[2020-01-13T14:16:27.327+0000][1][safepoint    ] Total time for which application threads were stopped: 0.0001207 seconds, Stopping threads took: 0.0000277 seconds
[2020-01-13T14:16:30.327+0000][1][safepoint    ] Application time: 3.0004596 seconds
[2020-01-13T14:16:30.327+0000][1][safepoint    ] Entering safepoint region: Cleanup
[2020-01-13T14:16:30.327+0000][1][safepoint    ] Leaving safepoint region
[2020-01-13T14:16:30.327+0000][1][safepoint    ] Total time for which application threads were stopped: 0.0001414 seconds, Stopping threads took: 0.0000416 seconds
[2020-01-13T14:16:38.328+0000][1][safepoint    ] Application time: 8.0010222 seconds
[2020-01-13T14:16:38.329+0000][1][safepoint    ] Entering safepoint region: Cleanup
[2020-01-13T14:16:38.329+0000][1][safepoint    ] Leaving safepoint region
[2020-01-13T14:16:38.329+0000][1][safepoint    ] Total time for which application threads were stopped: 0.0001266 seconds, Stopping threads took: 0.0000295 seconds
[2020-01-13T14:16:40.329+0000][1][safepoint    ] Application time: 2.0002486 seconds
[2020-01-13T14:16:40.329+0000][1][safepoint    ] Entering safepoint region: Cleanup
[2020-01-13T14:16:40.329+0000][1][safepoint    ] Leaving safepoint region
[2020-01-13T14:16:40.329+0000][1][safepoint    ] Total time for which application threads were stopped: 0.0001342 seconds, Stopping threads took: 0.0000281 seconds
[2020-01-13T14:16:43.329+0000][1][safepoint    ] Application time: 3.0003521 seconds
[2020-01-13T14:16:43.330+0000][1][safepoint    ] Entering safepoint region: Cleanup
[2020-01-13T14:16:43.330+0000][1][safepoint    ] Leaving safepoint region
[2020-01-13T14:16:43.330+0000][1][safepoint    ] Total time for which application threads were stopped: 0.0001424 seconds, Stopping threads took: 0.0000287 seconds
[2020-01-13T14:16:45.330+0000][1][safepoint    ] Application time: 2.0002061 seconds
[2020-01-13T14:16:45.330+0000][1][safepoint    ] Entering safepoint region: Cleanup
[2020-01-13T14:16:45.330+0000][1][safepoint    ] Leaving safepoint region
[2020-01-13T14:16:45.330+0000][1][safepoint    ] Total time for which application threads were stopped: 0.0001140 seconds, Stopping threads took: 0.0000200 seconds
